[0.005s][info][gc] Using Serial
[0.006s][info][gc,init] Version: 17.0.18+8-Ubuntu-124.04.1 (release)
[0.006s][info][gc,init] CPUs: 28 total, 28 available
[0.006s][info][gc,init] Memory: 15989M
[0.006s][info][gc,init] Large Page Support: Disabled
[0.006s][info][gc,init] NUMA Support: Disabled
[0.006s][info][gc,init] Compressed Oops: Enabled (32-bit)
[0.006s][info][gc,init] Heap Min Capacity: 512M
[0.006s][info][gc,init] Heap Initial Capacity: 512M
[0.006s][info][gc,init] Heap Max Capacity: 512M
[0.006s][info][gc,init] Pre-touch: Disabled
[0.012s][info][gc,metaspace] CDS archive(s) mapped at: [0x000072a270000000-0x000072a270bca000-0x000072a270bca000), size 12361728, SharedBaseAddress: 0x000072a270000000, ArchiveRelocationMode: 1.
[0.012s][info][gc,metaspace] Compressed class space mapped at: 0x000072a271000000-0x000072a2b1000000, reserved size: 1073741824
[0.012s][info][gc,metaspace] Narrow klass base: 0x000072a270000000, Narrow klass shift: 0, Narrow klass range: 0x100000000
[0.432s][info][gc,start    ] GC(0) Pause Young (Allocation Failure)
[0.441s][info][gc,heap     ] GC(0) DefNew: 139278K(157248K)->8898K(157248K) Eden: 139278K(139776K)->0K(139776K) From: 0K(17472K)->8898K(17472K)
[0.441s][info][gc,heap     ] GC(0) Tenured: 0K(349568K)->0K(349568K)
[0.441s][info][gc,metaspace] GC(0) Metaspace: 14630K(14848K)->14630K(14848K) NonClass: 13008K(13120K)->13008K(13120K) Class: 1621K(1728K)->1621K(1728K)
[0.441s][info][gc          ] GC(0) Pause Young (Allocation Failure) 136M->8M(494M) 9.028ms
[0.441s][info][gc,cpu      ] GC(0) User=0.01s Sys=0.01s Real=0.00s
[0.613s][info][gc,start    ] GC(1) Pause Young (Allocation Failure)
[0.627s][info][gc,heap     ] GC(1) DefNew: 148674K(157248K)->12920K(157248K) Eden: 139776K(139776K)->0K(139776K) From: 8898K(17472K)->12920K(17472K)
[0.627s][info][gc,heap     ] GC(1) Tenured: 0K(349568K)->4743K(349568K)
[0.627s][info][gc,metaspace] GC(1) Metaspace: 20715K(21056K)->20715K(21056K) NonClass: 18580K(18752K)->18580K(18752K) Class: 2134K(2304K)->2134K(2304K)
[0.628s][info][gc          ] GC(1) Pause Young (Allocation Failure) 145M->17M(494M) 14.500ms
[0.628s][info][gc,cpu      ] GC(1) User=0.00s Sys=0.01s Real=0.01s
[0.639s][info][gc,start    ] GC(2) Pause Full (Metadata GC Threshold)
[0.640s][info][gc,phases,start] GC(2) Phase 1: Mark live objects
[0.647s][info][gc,phases      ] GC(2) Phase 1: Mark live objects 7.244ms
[0.647s][info][gc,phases,start] GC(2) Phase 2: Compute new object addresses
[0.648s][info][gc,phases      ] GC(2) Phase 2: Compute new object addresses 1.397ms
[0.648s][info][gc,phases,start] GC(2) Phase 3: Adjust pointers
[0.652s][info][gc,phases      ] GC(2) Phase 3: Adjust pointers 3.256ms
[0.652s][info][gc,phases,start] GC(2) Phase 4: Move objects
[0.657s][info][gc,phases      ] GC(2) Phase 4: Move objects 5.156ms
[0.657s][info][gc,heap        ] GC(2) DefNew: 26258K(157248K)->0K(157248K) Eden: 13338K(139776K)->0K(139776K) From: 12920K(17472K)->0K(17472K)
[0.657s][info][gc,heap        ] GC(2) Tenured: 4743K(349568K)->17761K(349568K)
[0.657s][info][gc,metaspace   ] GC(2) Metaspace: 21257K(21504K)->21211K(21504K) NonClass: 19086K(19200K)->19053K(19200K) Class: 2171K(2304K)->2157K(2304K)
[0.657s][info][gc             ] GC(2) Pause Full (Metadata GC Threshold) 30M->17M(494M) 17.693ms
[0.657s][info][gc,cpu         ] GC(2) User=0.02s Sys=0.00s Real=0.02s
[0.772s][info][gc,start       ] GC(3) Pause Young (Allocation Failure)
[0.779s][info][gc,heap        ] GC(3) DefNew: 139776K(157248K)->17471K(157248K) Eden: 139776K(139776K)->0K(139776K) From: 0K(17472K)->17471K(17472K)
[0.779s][info][gc,heap        ] GC(3) Tenured: 17761K(349568K)->17848K(349568K)
[0.779s][info][gc,metaspace   ] GC(3) Metaspace: 24680K(25024K)->24680K(25024K) NonClass: 21976K(22144K)->21976K(22144K) Class: 2704K(2880K)->2704K(2880K)
[0.779s][info][gc             ] GC(3) Pause Young (Allocation Failure) 153M->34M(494M) 7.344ms
[0.779s][info][gc,cpu         ] GC(3) User=0.00s Sys=0.00s Real=0.00s
[0.798s][info][gc,start       ] GC(4) Pause Young (Allocation Failure)
[0.809s][info][gc,heap        ] GC(4) DefNew: 157247K(157248K)->17367K(157248K) Eden: 139776K(139776K)->0K(139776K) From: 17471K(17472K)->17367K(17472K)
[0.809s][info][gc,heap        ] GC(4) Tenured: 17848K(349568K)->28625K(349568K)
[0.809s][info][gc,metaspace   ] GC(4) Metaspace: 24962K(25344K)->24962K(25344K) NonClass: 22210K(22400K)->22210K(22400K) Class: 2752K(2944K)->2752K(2944K)
[0.809s][info][gc             ] GC(4) Pause Young (Allocation Failure) 170M->44M(494M) 10.933ms
[0.809s][info][gc,cpu         ] GC(4) User=0.01s Sys=0.01s Real=0.01s
[0.857s][info][gc,start       ] GC(5) Pause Young (Allocation Failure)
[0.859s][info][gc,heap        ] GC(5) DefNew: 157143K(157248K)->7956K(157248K) Eden: 139776K(139776K)->0K(139776K) From: 17367K(17472K)->7956K(17472K)
[0.860s][info][gc,heap        ] GC(5) Tenured: 28625K(349568K)->31304K(349568K)
[0.860s][info][gc,metaspace   ] GC(5) Metaspace: 25214K(25600K)->25214K(25600K) NonClass: 22461K(22656K)->22461K(22656K) Class: 2752K(2944K)->2752K(2944K)
[0.860s][info][gc             ] GC(5) Pause Young (Allocation Failure) 181M->38M(494M) 2.852ms
[0.860s][info][gc,cpu         ] GC(5) User=0.01s Sys=0.00s Real=0.00s
[0.881s][info][gc,start       ] GC(6) Pause Young (Allocation Failure)
[0.884s][info][gc,heap        ] GC(6) DefNew: 147560K(157248K)->16459K(157248K) Eden: 139604K(139776K)->0K(139776K) From: 7956K(17472K)->16459K(17472K)
[0.884s][info][gc,heap        ] GC(6) Tenured: 31304K(349568K)->31304K(349568K)
[0.884s][info][gc,metaspace   ] GC(6) Metaspace: 25340K(25728K)->25340K(25728K) NonClass: 22586K(22784K)->22586K(22784K) Class: 2753K(2944K)->2753K(2944K)
[0.884s][info][gc             ] GC(6) Pause Young (Allocation Failure) 174M->46M(494M) 2.568ms
[0.884s][info][gc,cpu         ] GC(6) User=0.01s Sys=0.00s Real=0.01s
[0.894s][info][gc,start       ] GC(7) Pause Young (Allocation Failure)
[0.900s][info][gc,heap        ] GC(7) DefNew: 156235K(157248K)->17250K(157248K) Eden: 139776K(139776K)->0K(139776K) From: 16459K(17472K)->17250K(17472K)
[0.900s][info][gc,heap        ] GC(7) Tenured: 31304K(349568K)->39514K(349568K)
[0.900s][info][gc,metaspace   ] GC(7) Metaspace: 25379K(25792K)->25379K(25792K) NonClass: 22626K(22848K)->22626K(22848K) Class: 2753K(2944K)->2753K(2944K)
[0.900s][info][gc             ] GC(7) Pause Young (Allocation Failure) 183M->55M(494M) 6.431ms
[0.900s][info][gc,cpu         ] GC(7) User=0.01s Sys=0.00s Real=0.00s
[0.908s][info][gc,start       ] GC(8) Pause Young (Allocation Failure)
[0.915s][info][gc,heap        ] GC(8) DefNew: 156828K(157248K)->17268K(157248K) Eden: 139578K(139776K)->0K(139776K) From: 17250K(17472K)->17268K(17472K)
[0.915s][info][gc,heap        ] GC(8) Tenured: 39514K(349568K)->49778K(349568K)
[0.915s][info][gc,metaspace   ] GC(8) Metaspace: 25437K(25792K)->25437K(25792K) NonClass: 22683K(22848K)->22683K(22848K) Class: 2753K(2944K)->2753K(2944K)
[0.915s][info][gc             ] GC(8) Pause Young (Allocation Failure) 191M->65M(494M) 6.518ms
[0.915s][info][gc,cpu         ] GC(8) User=0.01s Sys=0.01s Real=0.01s
[0.922s][info][gc,start       ] GC(9) Pause Young (Allocation Failure)
[0.930s][info][gc,heap        ] GC(9) DefNew: 156859K(157248K)->17268K(157248K) Eden: 139591K(139776K)->0K(139776K) From: 17268K(17472K)->17268K(17472K)
[0.930s][info][gc,heap        ] GC(9) Tenured: 49778K(349568K)->61846K(349568K)
[0.930s][info][gc,metaspace   ] GC(9) Metaspace: 25473K(25856K)->25473K(25856K) NonClass: 22720K(22912K)->22720K(22912K) Class: 2753K(2944K)->2753K(2944K)
[0.930s][info][gc             ] GC(9) Pause Young (Allocation Failure) 201M->77M(494M) 7.687ms
[0.930s][info][gc,cpu         ] GC(9) User=0.01s Sys=0.00s Real=0.01s
[0.939s][info][gc,start       ] GC(10) Pause Young (Allocation Failure)
[0.947s][info][gc,heap        ] GC(10) DefNew: 156912K(157248K)->17271K(157248K) Eden: 139643K(139776K)->0K(139776K) From: 17268K(17472K)->17271K(17472K)
[0.947s][info][gc,heap        ] GC(10) Tenured: 61846K(349568K)->72893K(349568K)
[0.947s][info][gc,metaspace   ] GC(10) Metaspace: 25598K(25984K)->25598K(25984K) NonClass: 22844K(23040K)->22844K(23040K) Class: 2753K(2944K)->2753K(2944K)
[0.947s][info][gc             ] GC(10) Pause Young (Allocation Failure) 213M->88M(494M) 7.193ms
[0.947s][info][gc,cpu         ] GC(10) User=0.00s Sys=0.01s Real=0.01s
[0.954s][info][gc,start       ] GC(11) Pause Young (Allocation Failure)
[0.965s][info][gc,heap        ] GC(11) DefNew: 156864K(157248K)->17269K(157248K) Eden: 139593K(139776K)->0K(139776K) From: 17271K(17472K)->17269K(17472K)
[0.965s][info][gc,heap        ] GC(11) Tenured: 72893K(349568K)->87279K(349568K)
[0.965s][info][gc,metaspace   ] GC(11) Metaspace: 25657K(26048K)->25657K(26048K) NonClass: 22904K(23104K)->22904K(23104K) Class: 2753K(2944K)->2753K(2944K)
[0.965s][info][gc             ] GC(11) Pause Young (Allocation Failure) 224M->102M(494M) 10.482ms
[0.965s][info][gc,cpu         ] GC(11) User=0.00s Sys=0.00s Real=0.01s
[0.972s][info][gc,start       ] GC(12) Pause Young (Allocation Failure)
[0.981s][info][gc,heap        ] GC(12) DefNew: 156890K(157248K)->17273K(157248K) Eden: 139620K(139776K)->0K(139776K) From: 17269K(17472K)->17273K(17472K)
[0.981s][info][gc,heap        ] GC(12) Tenured: 87279K(349568K)->101409K(349568K)
[0.981s][info][gc,metaspace   ] GC(12) Metaspace: 25693K(26048K)->25693K(26048K) NonClass: 22940K(23104K)->22940K(23104K) Class: 2753K(2944K)->2753K(2944K)
[0.981s][info][gc             ] GC(12) Pause Young (Allocation Failure) 238M->115M(494M) 8.323ms
[0.981s][info][gc,cpu         ] GC(12) User=0.01s Sys=0.00s Real=0.00s
[0.988s][info][gc,start       ] GC(13) Pause Young (Allocation Failure)
[0.998s][info][gc,heap        ] GC(13) DefNew: 156989K(157248K)->17274K(157248K) Eden: 139716K(139776K)->0K(139776K) From: 17273K(17472K)->17274K(17472K)
[0.998s][info][gc,heap        ] GC(13) Tenured: 101409K(349568K)->118367K(349568K)
[0.998s][info][gc,metaspace   ] GC(13) Metaspace: 25704K(26048K)->25704K(26048K) NonClass: 22950K(23104K)->22950K(23104K) Class: 2753K(2944K)->2753K(2944K)
[0.998s][info][gc             ] GC(13) Pause Young (Allocation Failure) 252M->132M(494M) 9.493ms
[0.998s][info][gc,cpu         ] GC(13) User=0.01s Sys=0.01s Real=0.01s
[1.006s][info][gc,start       ] GC(14) Pause Young (Allocation Failure)
[1.018s][info][gc,heap        ] GC(14) DefNew: 157049K(157248K)->17270K(157248K) Eden: 139774K(139776K)->0K(139776K) From: 17274K(17472K)->17270K(17472K)
[1.018s][info][gc,heap        ] GC(14) Tenured: 118367K(349568K)->134559K(349568K)
[1.018s][info][gc,metaspace   ] GC(14) Metaspace: 25710K(26048K)->25710K(26048K) NonClass: 22957K(23104K)->22957K(23104K) Class: 2753K(2944K)->2753K(2944K)
[1.018s][info][gc             ] GC(14) Pause Young (Allocation Failure) 268M->148M(494M) 12.098ms
[1.019s][info][gc,cpu         ] GC(14) User=0.01s Sys=0.01s Real=0.01s
[1.026s][info][gc,start       ] GC(15) Pause Young (Allocation Failure)
[1.037s][info][gc,heap        ] GC(15) DefNew: 157046K(157248K)->17271K(157248K) Eden: 139776K(139776K)->0K(139776K) From: 17270K(17472K)->17271K(17472K)
[1.037s][info][gc,heap        ] GC(15) Tenured: 134559K(349568K)->151519K(349568K)
[1.037s][info][gc,metaspace   ] GC(15) Metaspace: 25713K(26112K)->25713K(26112K) NonClass: 22959K(23168K)->22959K(23168K) Class: 2753K(2944K)->2753K(2944K)
[1.037s][info][gc             ] GC(15) Pause Young (Allocation Failure) 284M->164M(494M) 11.018ms
[1.037s][info][gc,cpu         ] GC(15) User=0.01s Sys=0.00s Real=0.01s
[1.043s][info][gc,start       ] GC(16) Pause Young (Allocation Failure)
[1.052s][info][gc,heap        ] GC(16) DefNew: 156958K(157248K)->17273K(157248K) Eden: 139686K(139776K)->0K(139776K) From: 17271K(17472K)->17273K(17472K)
[1.052s][info][gc,heap        ] GC(16) Tenured: 151519K(349568K)->168739K(349568K)
[1.052s][info][gc,metaspace   ] GC(16) Metaspace: 25722K(26112K)->25722K(26112K) NonClass: 22968K(23168K)->22968K(23168K) Class: 2753K(2944K)->2753K(2944K)
[1.052s][info][gc             ] GC(16) Pause Young (Allocation Failure) 301M->181M(494M) 8.753ms
[1.052s][info][gc,cpu         ] GC(16) User=0.00s Sys=0.00s Real=0.01s
[1.059s][info][gc,start       ] GC(17) Pause Young (Allocation Failure)
[1.069s][info][gc,heap        ] GC(17) DefNew: 157049K(157248K)->17271K(157248K) Eden: 139776K(139776K)->0K(139776K) From: 17273K(17472K)->17271K(17472K)
[1.069s][info][gc,heap        ] GC(17) Tenured: 168995K(349568K)->187753K(349568K)
[1.069s][info][gc,metaspace   ] GC(17) Metaspace: 25722K(26112K)->25722K(26112K) NonClass: 22968K(23168K)->22968K(23168K) Class: 2753K(2944K)->2753K(2944K)
[1.069s][info][gc             ] GC(17) Pause Young (Allocation Failure) 318M->200M(494M) 9.813ms
[1.069s][info][gc,cpu         ] GC(17) User=0.01s Sys=0.00s Real=0.01s
[1.077s][info][gc,start       ] GC(18) Pause Young (Allocation Failure)
[1.087s][info][gc,heap        ] GC(18) DefNew: 157047K(157248K)->17269K(157248K) Eden: 139776K(139776K)->0K(139776K) From: 17271K(17472K)->17269K(17472K)
[1.087s][info][gc,heap        ] GC(18) Tenured: 187753K(349568K)->206255K(349568K)
[1.087s][info][gc,metaspace   ] GC(18) Metaspace: 25722K(26112K)->25722K(26112K) NonClass: 22968K(23168K)->22968K(23168K) Class: 2753K(2944K)->2753K(2944K)
[1.088s][info][gc             ] GC(18) Pause Young (Allocation Failure) 336M->218M(494M) 10.112ms
[1.088s][info][gc,cpu         ] GC(18) User=0.02s Sys=0.01s Real=0.01s
[1.094s][info][gc,start       ] GC(19) Pause Young (Allocation Failure)
[1.105s][info][gc,heap        ] GC(19) DefNew: 156858K(157248K)->17273K(157248K) Eden: 139588K(139776K)->0K(139776K) From: 17269K(17472K)->17273K(17472K)
[1.105s][info][gc,heap        ] GC(19) Tenured: 206255K(349568K)->225787K(349568K)
[1.105s][info][gc,metaspace   ] GC(19) Metaspace: 25722K(26112K)->25722K(26112K) NonClass: 22968K(23168K)->22968K(23168K) Class: 2753K(2944K)->2753K(2944K)
[1.105s][info][gc             ] GC(19) Pause Young (Allocation Failure) 354M->237M(494M) 10.302ms
[1.105s][info][gc,cpu         ] GC(19) User=0.02s Sys=0.00s Real=0.01s
[1.112s][info][gc,start       ] GC(20) Pause Young (Allocation Failure)
[1.122s][info][gc,heap        ] GC(20) DefNew: 156958K(157248K)->17271K(157248K) Eden: 139685K(139776K)->0K(139776K) From: 17273K(17472K)->17271K(17472K)
[1.122s][info][gc,heap        ] GC(20) Tenured: 225787K(349568K)->244035K(349568K)
[1.122s][info][gc,metaspace   ] GC(20) Metaspace: 25722K(26112K)->25722K(26112K) NonClass: 22968K(23168K)->22968K(23168K) Class: 2753K(2944K)->2753K(2944K)
[1.122s][info][gc             ] GC(20) Pause Young (Allocation Failure) 373M->255M(494M) 10.161ms
[1.122s][info][gc,cpu         ] GC(20) User=0.03s Sys=0.00s Real=0.01s
[1.130s][info][gc,start       ] GC(21) Pause Young (Allocation Failure)
[1.141s][info][gc,heap        ] GC(21) DefNew: 157047K(157248K)->17271K(157248K) Eden: 139776K(139776K)->0K(139776K) From: 17271K(17472K)->17271K(17472K)
[1.141s][info][gc,heap        ] GC(21) Tenured: 244291K(349568K)->262537K(349568K)
[1.141s][info][gc,metaspace   ] GC(21) Metaspace: 25722K(26112K)->25722K(26112K) NonClass: 22968K(23168K)->22968K(23168K) Class: 2753K(2944K)->2753K(2944K)
[1.141s][info][gc             ] GC(21) Pause Young (Allocation Failure) 391M->273M(494M) 11.412ms
[1.141s][info][gc,cpu         ] GC(21) User=0.02s Sys=0.01s Real=0.01s
[1.149s][info][gc,start       ] GC(22) Pause Young (Allocation Failure)
[1.164s][info][gc,heap        ] GC(22) DefNew: 157047K(157248K)->17271K(157248K) Eden: 139776K(139776K)->0K(139776K) From: 17271K(17472K)->17271K(17472K)
[1.164s][info][gc,heap        ] GC(22) Tenured: 262537K(349568K)->281301K(349568K)
[1.164s][info][gc,metaspace   ] GC(22) Metaspace: 25722K(26112K)->25722K(26112K) NonClass: 22968K(23168K)->22968K(23168K) Class: 2753K(2944K)->2753K(2944K)
[1.164s][info][gc             ] GC(22) Pause Young (Allocation Failure) 409M->291M(494M) 15.672ms
[1.164s][info][gc,cpu         ] GC(22) User=0.00s Sys=0.02s Real=0.02s
[1.171s][info][gc,start       ] GC(23) Pause Young (Allocation Failure)
[1.186s][info][gc,heap        ] GC(23) DefNew: 156945K(157248K)->17270K(157248K) Eden: 139674K(139776K)->0K(139776K) From: 17271K(17472K)->17270K(17472K)
[1.186s][info][gc,heap        ] GC(23) Tenured: 281301K(349568K)->300062K(349568K)
[1.186s][info][gc,metaspace   ] GC(23) Metaspace: 25723K(26112K)->25723K(26112K) NonClass: 22969K(23168K)->22969K(23168K) Class: 2753K(2944K)->2753K(2944K)
[1.186s][info][gc             ] GC(23) Pause Young (Allocation Failure) 427M->309M(494M) 14.952ms
[1.186s][info][gc,cpu         ] GC(23) User=0.01s Sys=0.01s Real=0.01s
[1.194s][info][gc,start       ] GC(24) Pause Young (Allocation Failure)
[1.209s][info][gc,heap        ] GC(24) DefNew: 156967K(157248K)->17270K(157248K) Eden: 139696K(139776K)->0K(139776K) From: 17270K(17472K)->17270K(17472K)
[1.209s][info][gc,heap        ] GC(24) Tenured: 300062K(349568K)->319337K(349568K)
[1.209s][info][gc,metaspace   ] GC(24) Metaspace: 25723K(26112K)->25723K(26112K) NonClass: 22969K(23168K)->22969K(23168K) Class: 2753K(2944K)->2753K(2944K)
[1.209s][info][gc             ] GC(24) Pause Young (Allocation Failure) 446M->328M(494M) 15.730ms
[1.209s][info][gc,cpu         ] GC(24) User=0.03s Sys=0.01s Real=0.01s
[1.218s][info][gc,start       ] GC(25) Pause Young (Allocation Failure)
[1.218s][info][gc             ] GC(25) Pause Young (Allocation Failure) 465M->465M(494M) 0.073ms
[1.218s][info][gc,cpu         ] GC(25) User=0.00s Sys=0.00s Real=0.00s
[1.218s][info][gc,start       ] GC(26) Pause Full (Allocation Failure)
[1.218s][info][gc,phases,start] GC(26) Phase 1: Mark live objects
[1.228s][info][gc,phases      ] GC(26) Phase 1: Mark live objects 10.367ms
[1.228s][info][gc,phases,start] GC(26) Phase 2: Compute new object addresses
[1.232s][info][gc,phases      ] GC(26) Phase 2: Compute new object addresses 4.147ms
[1.232s][info][gc,phases,start] GC(26) Phase 3: Adjust pointers
[1.237s][info][gc,phases      ] GC(26) Phase 3: Adjust pointers 4.809ms
[1.237s][info][gc,phases,start] GC(26) Phase 4: Move objects
[1.243s][info][gc,phases      ] GC(26) Phase 4: Move objects 6.283ms
[1.244s][info][gc,heap        ] GC(26) DefNew: 157046K(157248K)->0K(157248K) Eden: 139776K(139776K)->0K(139776K) From: 17270K(17472K)->0K(17472K)
[1.244s][info][gc,heap        ] GC(26) Tenured: 319594K(349568K)->99702K(349568K)
[1.244s][info][gc,metaspace   ] GC(26) Metaspace: 25723K(26112K)->25556K(26112K) NonClass: 22969K(23168K)->22850K(23168K) Class: 2753K(2944K)->2705K(2944K)
[1.244s][info][gc             ] GC(26) Pause Full (Allocation Failure) 465M->97M(494M) 26.013ms
[1.244s][info][gc,cpu         ] GC(26) User=0.03s Sys=0.00s Real=0.03s
[1.250s][info][gc,start       ] GC(27) Pause Young (Allocation Failure)
[1.255s][info][gc,heap        ] GC(27) DefNew: 139776K(157248K)->17274K(157248K) Eden: 139776K(139776K)->0K(139776K) From: 0K(17472K)->17274K(17472K)
[1.255s][info][gc,heap        ] GC(27) Tenured: 99702K(349568K)->109950K(349568K)
[1.255s][info][gc,metaspace   ] GC(27) Metaspace: 25556K(26112K)->25556K(26112K) NonClass: 22850K(23168K)->22850K(23168K) Class: 2705K(2944K)->2705K(2944K)
[1.255s][info][gc             ] GC(27) Pause Young (Allocation Failure) 233M->124M(494M) 4.250ms
[1.255s][info][gc,cpu         ] GC(27) User=0.01s Sys=0.00s Real=0.00s
[1.261s][info][gc,start       ] GC(28) Pause Young (Allocation Failure)
[1.266s][info][gc,heap        ] GC(28) DefNew: 157050K(157248K)->17262K(157248K) Eden: 139776K(139776K)->0K(139776K) From: 17274K(17472K)->17262K(17472K)
[1.266s][info][gc,heap        ] GC(28) Tenured: 110462K(349568K)->130262K(349568K)
[1.266s][info][gc,metaspace   ] GC(28) Metaspace: 25556K(26112K)->25556K(26112K) NonClass: 22850K(23168K)->22850K(23168K) Class: 2705K(2944K)->2705K(2944K)
[1.266s][info][gc             ] GC(28) Pause Young (Allocation Failure) 261M->144M(494M) 4.749ms
[1.266s][info][gc,cpu         ] GC(28) User=0.02s Sys=0.00s Real=0.01s
[1.279s][info][gc,start       ] GC(29) Pause Young (Allocation Failure)
[1.284s][info][gc,heap        ] GC(29) DefNew: 156887K(157248K)->17266K(157248K) Eden: 139624K(139776K)->0K(139776K) From: 17262K(17472K)->17266K(17472K)
[1.284s][info][gc,heap        ] GC(29) Tenured: 130262K(349568K)->146723K(349568K)
[1.284s][info][gc,metaspace   ] GC(29) Metaspace: 25556K(26112K)->25556K(26112K) NonClass: 22850K(23168K)->22850K(23168K) Class: 2705K(2944K)->2705K(2944K)
[1.284s][info][gc             ] GC(29) Pause Young (Allocation Failure) 280M->160M(494M) 5.327ms
[1.284s][info][gc,cpu         ] GC(29) User=0.01s Sys=0.00s Real=0.01s
[1.294s][info][gc,start       ] GC(30) Pause Young (Allocation Failure)
[1.302s][info][gc,heap        ] GC(30) DefNew: 156816K(157248K)->17252K(157248K) Eden: 139549K(139776K)->0K(139776K) From: 17266K(17472K)->17252K(17472K)
[1.302s][info][gc,heap        ] GC(30) Tenured: 146723K(349568K)->169599K(349568K)
[1.302s][info][gc,metaspace   ] GC(30) Metaspace: 25556K(26112K)->25556K(26112K) NonClass: 22850K(23168K)->22850K(23168K) Class: 2705K(2944K)->2705K(2944K)
[1.303s][info][gc             ] GC(30) Pause Young (Allocation Failure) 296M->182M(494M) 8.548ms
[1.303s][info][gc,cpu         ] GC(30) User=0.02s Sys=0.00s Real=0.01s
[1.312s][info][gc,start       ] GC(31) Pause Young (Allocation Failure)
[1.317s][info][gc,heap        ] GC(31) DefNew: 157028K(157248K)->17268K(157248K) Eden: 139776K(139776K)->0K(139776K) From: 17252K(17472K)->17268K(17472K)
[1.317s][info][gc,heap        ] GC(31) Tenured: 169599K(349568K)->191435K(349568K)
[1.317s][info][gc,metaspace   ] GC(31) Metaspace: 25556K(26112K)->25556K(26112K) NonClass: 22850K(23168K)->22850K(23168K) Class: 2705K(2944K)->2705K(2944K)
[1.317s][info][gc             ] GC(31) Pause Young (Allocation Failure) 318M->203M(494M) 4.481ms
[1.317s][info][gc,cpu         ] GC(31) User=0.00s Sys=0.00s Real=0.00s
[1.324s][info][gc,start       ] GC(32) Pause Young (Allocation Failure)
[1.328s][info][gc,heap        ] GC(32) DefNew: 157044K(157248K)->17273K(157248K) Eden: 139776K(139776K)->0K(139776K) From: 17268K(17472K)->17273K(17472K)
[1.328s][info][gc,heap        ] GC(32) Tenured: 191435K(349568K)->211997K(349568K)
[1.328s][info][gc,metaspace   ] GC(32) Metaspace: 25556K(26112K)->25556K(26112K) NonClass: 22850K(23168K)->22850K(23168K) Class: 2705K(2944K)->2705K(2944K)
[1.328s][info][gc             ] GC(32) Pause Young (Allocation Failure) 340M->223M(494M) 4.401ms
[1.328s][info][gc,cpu         ] GC(32) User=0.01s Sys=0.00s Real=0.00s
[1.333s][info][gc,start       ] GC(33) Pause Young (Allocation Failure)
[1.338s][info][gc,heap        ] GC(33) DefNew: 157049K(157248K)->17262K(157248K) Eden: 139776K(139776K)->0K(139776K) From: 17273K(17472K)->17262K(17472K)
[1.338s][info][gc,heap        ] GC(33) Tenured: 211997K(349568K)->233849K(349568K)
[1.338s][info][gc,metaspace   ] GC(33) Metaspace: 25556K(26112K)->25556K(26112K) NonClass: 22850K(23168K)->22850K(23168K) Class: 2705K(2944K)->2705K(2944K)
[1.338s][info][gc             ] GC(33) Pause Young (Allocation Failure) 360M->245M(494M) 4.484ms
[1.338s][info][gc,cpu         ] GC(33) User=0.01s Sys=0.00s Real=0.00s
[1.345s][info][gc,start       ] GC(34) Pause Young (Allocation Failure)
[1.349s][info][gc,heap        ] GC(34) DefNew: 156951K(157248K)->17267K(157248K) Eden: 139688K(139776K)->0K(139776K) From: 17262K(17472K)->17267K(17472K)
[1.349s][info][gc,heap        ] GC(34) Tenured: 233849K(349568K)->252362K(349568K)
[1.349s][info][gc,metaspace   ] GC(34) Metaspace: 25556K(26112K)->25556K(26112K) NonClass: 22850K(23168K)->22850K(23168K) Class: 2705K(2944K)->2705K(2944K)
[1.349s][info][gc             ] GC(34) Pause Young (Allocation Failure) 381M->263M(494M) 4.118ms
[1.349s][info][gc,cpu         ] GC(34) User=0.02s Sys=0.00s Real=0.00s
[1.356s][info][gc,start       ] GC(35) Pause Young (Allocation Failure)
[1.360s][info][gc,heap        ] GC(35) DefNew: 156908K(157248K)->17262K(157248K) Eden: 139640K(139776K)->0K(139776K) From: 17267K(17472K)->17262K(17472K)
[1.360s][info][gc,heap        ] GC(35) Tenured: 252362K(349568K)->273952K(349568K)
[1.360s][info][gc,metaspace   ] GC(35) Metaspace: 25558K(26112K)->25558K(26112K) NonClass: 22852K(23168K)->22852K(23168K) Class: 2705K(2944K)->2705K(2944K)
[1.360s][info][gc             ] GC(35) Pause Young (Allocation Failure) 399M->284M(494M) 4.633ms
[1.360s][info][gc,cpu         ] GC(35) User=0.01s Sys=0.00s Real=0.00s
[1.367s][info][gc,start       ] GC(36) Pause Young (Allocation Failure)
[1.371s][info][gc,heap        ] GC(36) DefNew: 157038K(157248K)->17260K(157248K) Eden: 139776K(139776K)->0K(139776K) From: 17262K(17472K)->17260K(17472K)
[1.371s][info][gc,heap        ] GC(36) Tenured: 273952K(349568K)->293238K(349568K)
[1.371s][info][gc,metaspace   ] GC(36) Metaspace: 25558K(26112K)->25558K(26112K) NonClass: 22852K(23168K)->22852K(23168K) Class: 2705K(2944K)->2705K(2944K)
[1.371s][info][gc             ] GC(36) Pause Young (Allocation Failure) 420M->303M(494M) 4.297ms
[1.371s][info][gc,cpu         ] GC(36) User=0.01s Sys=0.00s Real=0.01s
[1.379s][info][gc,start       ] GC(37) Pause Young (Allocation Failure)
[1.384s][info][gc,heap        ] GC(37) DefNew: 157036K(157248K)->17263K(157248K) Eden: 139776K(139776K)->0K(139776K) From: 17260K(17472K)->17263K(17472K)
[1.384s][info][gc,heap        ] GC(37) Tenured: 293238K(349568K)->312269K(349568K)
[1.384s][info][gc,metaspace   ] GC(37) Metaspace: 25558K(26112K)->25558K(26112K) NonClass: 22852K(23168K)->22852K(23168K) Class: 2705K(2944K)->2705K(2944K)
[1.384s][info][gc             ] GC(37) Pause Young (Allocation Failure) 439M->321M(494M) 4.676ms
[1.384s][info][gc,cpu         ] GC(37) User=0.01s Sys=0.00s Real=0.01s
[1.391s][info][gc,start       ] GC(38) Pause Young (Allocation Failure)
[1.404s][info][gc,heap        ] GC(38) DefNew: 156816K(157248K)->17260K(157248K) Eden: 139553K(139776K)->0K(139776K) From: 17263K(17472K)->17260K(17472K)
[1.404s][info][gc,heap        ] GC(38) Tenured: 312269K(349568K)->333348K(349568K)
[1.404s][info][gc,metaspace   ] GC(38) Metaspace: 25558K(26112K)->25558K(26112K) NonClass: 22852K(23168K)->22852K(23168K) Class: 2705K(2944K)->2705K(2944K)
[1.404s][info][gc             ] GC(38) Pause Young (Allocation Failure) 458M->342M(494M) 12.787ms
[1.404s][info][gc,cpu         ] GC(38) User=0.01s Sys=0.01s Real=0.01s
[1.411s][info][gc,start       ] GC(39) Pause Young (Allocation Failure)
[1.411s][info][gc             ] GC(39) Pause Young (Allocation Failure) 478M->478M(494M) 0.059ms
[1.411s][info][gc,cpu         ] GC(39) User=0.00s Sys=0.00s Real=0.00s
[1.411s][info][gc,start       ] GC(40) Pause Full (Allocation Failure)
[1.411s][info][gc,phases,start] GC(40) Phase 1: Mark live objects
[1.419s][info][gc,phases      ] GC(40) Phase 1: Mark live objects 7.657ms
[1.419s][info][gc,phases,start] GC(40) Phase 2: Compute new object addresses
[1.423s][info][gc,phases      ] GC(40) Phase 2: Compute new object addresses 4.090ms
[1.423s][info][gc,phases,start] GC(40) Phase 3: Adjust pointers
[1.428s][info][gc,phases      ] GC(40) Phase 3: Adjust pointers 5.187ms
[1.428s][info][gc,phases,start] GC(40) Phase 4: Move objects
[1.442s][info][gc,phases      ] GC(40) Phase 4: Move objects 14.403ms
[1.442s][info][gc,heap        ] GC(40) DefNew: 157036K(157248K)->0K(157248K) Eden: 139776K(139776K)->0K(139776K) From: 17260K(17472K)->0K(17472K)
[1.442s][info][gc,heap        ] GC(40) Tenured: 333348K(349568K)->185007K(349568K)
[1.442s][info][gc,metaspace   ] GC(40) Metaspace: 25558K(26112K)->25558K(26112K) NonClass: 22852K(23168K)->22852K(23168K) Class: 2705K(2944K)->2705K(2944K)
[1.443s][info][gc             ] GC(40) Pause Full (Allocation Failure) 478M->180M(494M) 31.674ms
[1.443s][info][gc,cpu         ] GC(40) User=0.04s Sys=0.00s Real=0.03s
[1.449s][info][gc,start       ] GC(41) Pause Young (Allocation Failure)
[1.453s][info][gc,heap        ] GC(41) DefNew: 140032K(157248K)->17274K(157248K) Eden: 139776K(139776K)->0K(139776K) From: 256K(17472K)->17274K(17472K)
[1.453s][info][gc,heap        ] GC(41) Tenured: 185007K(349568K)->195255K(349568K)
[1.453s][info][gc,metaspace   ] GC(41) Metaspace: 25558K(26112K)->25558K(26112K) NonClass: 22852K(23168K)->22852K(23168K) Class: 2705K(2944K)->2705K(2944K)
[1.453s][info][gc             ] GC(41) Pause Young (Allocation Failure) 317M->207M(494M) 3.569ms
[1.453s][info][gc,cpu         ] GC(41) User=0.01s Sys=0.00s Real=0.01s
[1.460s][info][gc,start       ] GC(42) Pause Young (Allocation Failure)
[1.464s][info][gc,heap        ] GC(42) DefNew: 157050K(157248K)->17263K(157248K) Eden: 139776K(139776K)->0K(139776K) From: 17274K(17472K)->17263K(17472K)
[1.464s][info][gc,heap        ] GC(42) Tenured: 195255K(349568K)->215823K(349568K)
[1.464s][info][gc,metaspace   ] GC(42) Metaspace: 25561K(26112K)->25561K(26112K) NonClass: 22855K(23168K)->22855K(23168K) Class: 2705K(2944K)->2705K(2944K)
[1.464s][info][gc             ] GC(42) Pause Young (Allocation Failure) 344M->227M(494M) 4.269ms
[1.464s][info][gc,cpu         ] GC(42) User=0.01s Sys=0.00s Real=0.01s
[1.470s][info][gc,start       ] GC(43) Pause Young (Allocation Failure)
[1.475s][info][gc,heap        ] GC(43) DefNew: 157039K(157248K)->17262K(157248K) Eden: 139776K(139776K)->0K(139776K) From: 17263K(17472K)->17262K(17472K)
[1.475s][info][gc,heap        ] GC(43) Tenured: 215823K(349568K)->236130K(349568K)
[1.475s][info][gc,metaspace   ] GC(43) Metaspace: 25561K(26112K)->25561K(26112K) NonClass: 22855K(23168K)->22855K(23168K) Class: 2705K(2944K)->2705K(2944K)
[1.475s][info][gc             ] GC(43) Pause Young (Allocation Failure) 364M->247M(494M) 4.280ms
[1.475s][info][gc,cpu         ] GC(43) User=0.00s Sys=0.00s Real=0.00s
[1.481s][info][gc,start       ] GC(44) Pause Young (Allocation Failure)
[1.486s][info][gc,heap        ] GC(44) DefNew: 156802K(157248K)->17264K(157248K) Eden: 139540K(139776K)->0K(139776K) From: 17262K(17472K)->17264K(17472K)
[1.486s][info][gc,heap        ] GC(44) Tenured: 236130K(349568K)->256692K(349568K)
[1.486s][info][gc,metaspace   ] GC(44) Metaspace: 25561K(26112K)->25561K(26112K) NonClass: 22855K(23168K)->22855K(23168K) Class: 2705K(2944K)->2705K(2944K)
[1.486s][info][gc             ] GC(44) Pause Young (Allocation Failure) 383M->267M(494M) 4.579ms
[1.486s][info][gc,cpu         ] GC(44) User=0.02s Sys=0.00s Real=0.01s
[1.494s][info][gc,start       ] GC(45) Pause Young (Allocation Failure)
[1.499s][info][gc,heap        ] GC(45) DefNew: 157040K(157248K)->17268K(157248K) Eden: 139776K(139776K)->0K(139776K) From: 17264K(17472K)->17268K(17472K)
[1.499s][info][gc,heap        ] GC(45) Tenured: 256692K(349568K)->275717K(349568K)
[1.499s][info][gc,metaspace   ] GC(45) Metaspace: 25561K(26112K)->25561K(26112K) NonClass: 22855K(23168K)->22855K(23168K) Class: 2705K(2944K)->2705K(2944K)
[1.499s][info][gc             ] GC(45) Pause Young (Allocation Failure) 404M->286M(494M) 4.899ms
[1.499s][info][gc,cpu         ] GC(45) User=0.03s Sys=0.00s Real=0.00s
[1.507s][info][gc,start       ] GC(46) Pause Young (Allocation Failure)
[1.512s][info][gc,heap        ] GC(46) DefNew: 156997K(157248K)->17263K(157248K) Eden: 139728K(139776K)->0K(139776K) From: 17268K(17472K)->17263K(17472K)
[1.512s][info][gc,heap        ] GC(46) Tenured: 275717K(349568K)->297051K(349568K)
[1.512s][info][gc,metaspace   ] GC(46) Metaspace: 25561K(26112K)->25561K(26112K) NonClass: 22855K(23168K)->22855K(23168K) Class: 2705K(2944K)->2705K(2944K)
[1.512s][info][gc             ] GC(46) Pause Young (Allocation Failure) 422M->306M(494M) 5.344ms
[1.512s][info][gc,cpu         ] GC(46) User=0.02s Sys=0.00s Real=0.01s
[1.519s][info][gc,start       ] GC(47) Pause Young (Allocation Failure)
[1.524s][info][gc,heap        ] GC(47) DefNew: 156957K(157248K)->17262K(157248K) Eden: 139694K(139776K)->0K(139776K) From: 17263K(17472K)->17262K(17472K)
[1.524s][info][gc,heap        ] GC(47) Tenured: 297051K(349568K)->317105K(349568K)
[1.524s][info][gc,metaspace   ] GC(47) Metaspace: 25561K(26112K)->25561K(26112K) NonClass: 22855K(23168K)->22855K(23168K) Class: 2706K(2944K)->2706K(2944K)
[1.524s][info][gc             ] GC(47) Pause Young (Allocation Failure) 443M->326M(494M) 4.474ms
[1.524s][info][gc,cpu         ] GC(47) User=0.01s Sys=0.00s Real=0.01s
[1.530s][info][gc,start       ] GC(48) Pause Young (Allocation Failure)
[1.538s][info][gc,heap        ] GC(48) DefNew: 157038K(157248K)->17266K(157248K) Eden: 139776K(139776K)->0K(139776K) From: 17262K(17472K)->17266K(17472K)
[1.538s][info][gc,heap        ] GC(48) Tenured: 317617K(349568K)->338180K(349568K)
[1.538s][info][gc,metaspace   ] GC(48) Metaspace: 25561K(26112K)->25561K(26112K) NonClass: 22855K(23168K)->22855K(23168K) Class: 2706K(2944K)->2706K(2944K)
[1.538s][info][gc             ] GC(48) Pause Young (Allocation Failure) 463M->347M(494M) 7.788ms
[1.538s][info][gc,cpu         ] GC(48) User=0.02s Sys=0.00s Real=0.00s
[1.547s][info][gc,start       ] GC(49) Pause Young (Allocation Failure)
[1.547s][info][gc             ] GC(49) Pause Young (Allocation Failure) 483M->483M(494M) 0.140ms
[1.547s][info][gc,cpu         ] GC(49) User=0.00s Sys=0.00s Real=0.00s
[1.547s][info][gc,start       ] GC(50) Pause Full (Allocation Failure)
[1.547s][info][gc,phases,start] GC(50) Phase 1: Mark live objects
[1.556s][info][gc,phases      ] GC(50) Phase 1: Mark live objects 8.172ms
[1.556s][info][gc,phases,start] GC(50) Phase 2: Compute new object addresses
[1.560s][info][gc,phases      ] GC(50) Phase 2: Compute new object addresses 4.431ms
[1.560s][info][gc,phases,start] GC(50) Phase 3: Adjust pointers
[1.566s][info][gc,phases      ] GC(50) Phase 3: Adjust pointers 5.937ms
[1.566s][info][gc,phases,start] GC(50) Phase 4: Move objects
[1.587s][info][gc,phases      ] GC(50) Phase 4: Move objects 20.663ms
[1.587s][info][gc,heap        ] GC(50) DefNew: 156810K(157248K)->0K(157248K) Eden: 139543K(139776K)->0K(139776K) From: 17266K(17472K)->0K(17472K)
[1.587s][info][gc,heap        ] GC(50) Tenured: 338180K(349568K)->227183K(349568K)
[1.587s][info][gc,metaspace   ] GC(50) Metaspace: 25561K(26112K)->25561K(26112K) NonClass: 22855K(23168K)->22855K(23168K) Class: 2706K(2944K)->2706K(2944K)
[1.587s][info][gc             ] GC(50) Pause Full (Allocation Failure) 483M->221M(494M) 39.556ms
[1.587s][info][gc,cpu         ] GC(50) User=0.06s Sys=0.00s Real=0.04s
[1.594s][info][gc,start       ] GC(51) Pause Young (Allocation Failure)
[1.597s][info][gc,heap        ] GC(51) DefNew: 139841K(157248K)->17269K(157248K) Eden: 139585K(139776K)->0K(139776K) From: 256K(17472K)->17269K(17472K)
[1.597s][info][gc,heap        ] GC(51) Tenured: 227183K(349568K)->240249K(349568K)
[1.597s][info][gc,metaspace   ] GC(51) Metaspace: 25561K(26112K)->25561K(26112K) NonClass: 22855K(23168K)->22855K(23168K) Class: 2706K(2944K)->2706K(2944K)
[1.597s][info][gc             ] GC(51) Pause Young (Allocation Failure) 358M->251M(494M) 3.702ms
[1.597s][info][gc,cpu         ] GC(51) User=0.01s Sys=0.00s Real=0.00s
[1.604s][info][gc,start       ] GC(52) Pause Young (Allocation Failure)
[1.609s][info][gc,heap        ] GC(52) DefNew: 156861K(157248K)->17265K(157248K) Eden: 139591K(139776K)->0K(139776K) From: 17269K(17472K)->17265K(17472K)
[1.609s][info][gc,heap        ] GC(52) Tenured: 240249K(349568K)->259277K(349568K)
[1.609s][info][gc,metaspace   ] GC(52) Metaspace: 25561K(26112K)->25561K(26112K) NonClass: 22855K(23168K)->22855K(23168K) Class: 2706K(2944K)->2706K(2944K)
[1.609s][info][gc             ] GC(52) Pause Young (Allocation Failure) 387M->270M(494M) 4.986ms
[1.609s][info][gc,cpu         ] GC(52) User=0.01s Sys=0.01s Real=0.00s
[1.616s][info][gc,start       ] GC(53) Pause Young (Allocation Failure)
[1.621s][info][gc,heap        ] GC(53) DefNew: 157041K(157248K)->17265K(157248K) Eden: 139776K(139776K)->0K(139776K) From: 17265K(17472K)->17265K(17472K)
[1.621s][info][gc,heap        ] GC(53) Tenured: 259277K(349568K)->279074K(349568K)
[1.621s][info][gc,metaspace   ] GC(53) Metaspace: 25561K(26112K)->25561K(26112K) NonClass: 22855K(23168K)->22855K(23168K) Class: 2706K(2944K)->2706K(2944K)
[1.621s][info][gc             ] GC(53) Pause Young (Allocation Failure) 406M->289M(494M) 5.202ms
[1.621s][info][gc,cpu         ] GC(53) User=0.02s Sys=0.00s Real=0.00s
[1.627s][info][gc,start       ] GC(54) Pause Young (Allocation Failure)
[1.632s][info][gc,heap        ] GC(54) DefNew: 157041K(157248K)->17265K(157248K) Eden: 139776K(139776K)->0K(139776K) From: 17265K(17472K)->17265K(17472K)
[1.632s][info][gc,heap        ] GC(54) Tenured: 279074K(349568K)->299126K(349568K)
[1.632s][info][gc,metaspace   ] GC(54) Metaspace: 25561K(26112K)->25561K(26112K) NonClass: 22855K(23168K)->22855K(23168K) Class: 2706K(2944K)->2706K(2944K)
[1.632s][info][gc             ] GC(54) Pause Young (Allocation Failure) 425M->308M(494M) 4.622ms
[1.632s][info][gc,cpu         ] GC(54) User=0.00s Sys=0.01s Real=0.01s
[1.639s][info][gc,start       ] GC(55) Pause Young (Allocation Failure)
[1.644s][info][gc,heap        ] GC(55) DefNew: 156914K(157248K)->17259K(157248K) Eden: 139648K(139776K)->0K(139776K) From: 17265K(17472K)->17259K(17472K)
[1.644s][info][gc,heap        ] GC(55) Tenured: 299126K(349568K)->319694K(349568K)
[1.644s][info][gc,metaspace   ] GC(55) Metaspace: 25561K(26112K)->25561K(26112K) NonClass: 22855K(23168K)->22855K(23168K) Class: 2706K(2944K)->2706K(2944K)
[1.644s][info][gc             ] GC(55) Pause Young (Allocation Failure) 445M->329M(494M) 4.965ms
[1.644s][info][gc,cpu         ] GC(55) User=0.02s Sys=0.00s Real=0.01s
[1.651s][info][gc,start       ] GC(56) Pause Young (Allocation Failure)
[1.657s][info][gc,heap        ] GC(56) DefNew: 156812K(157248K)->17265K(157248K) Eden: 139552K(139776K)->0K(139776K) From: 17259K(17472K)->17265K(17472K)
[1.657s][info][gc,heap        ] GC(56) Tenured: 319694K(349568K)->339488K(349568K)
[1.657s][info][gc,metaspace   ] GC(56) Metaspace: 25561K(26112K)->25561K(26112K) NonClass: 22855K(23168K)->22855K(23168K) Class: 2706K(2944K)->2706K(2944K)
[1.657s][info][gc             ] GC(56) Pause Young (Allocation Failure) 465M->348M(494M) 5.725ms
[1.657s][info][gc,cpu         ] GC(56) User=0.01s Sys=0.00s Real=0.00s
[1.665s][info][gc,start       ] GC(57) Pause Young (Allocation Failure)
[1.665s][info][gc             ] GC(57) Pause Young (Allocation Failure) 484M->484M(494M) 0.084ms
[1.665s][info][gc,cpu         ] GC(57) User=0.00s Sys=0.00s Real=0.00s
[1.665s][info][gc,start       ] GC(58) Pause Full (Allocation Failure)
[1.665s][info][gc,phases,start] GC(58) Phase 1: Mark live objects
[1.673s][info][gc,phases      ] GC(58) Phase 1: Mark live objects 8.664ms
[1.673s][info][gc,phases,start] GC(58) Phase 2: Compute new object addresses
[1.678s][info][gc,phases      ] GC(58) Phase 2: Compute new object addresses 4.363ms
[1.678s][info][gc,phases,start] GC(58) Phase 3: Adjust pointers
[1.684s][info][gc,phases      ] GC(58) Phase 3: Adjust pointers 5.868ms
[1.684s][info][gc,phases,start] GC(58) Phase 4: Move objects
[1.709s][info][gc,phases      ] GC(58) Phase 4: Move objects 25.276ms
[1.709s][info][gc,heap        ] GC(58) DefNew: 157041K(157248K)->0K(157248K) Eden: 139776K(139776K)->0K(139776K) From: 17265K(17472K)->0K(17472K)
[1.709s][info][gc,heap        ] GC(58) Tenured: 339488K(349568K)->289077K(349568K)
[1.709s][info][gc,metaspace   ] GC(58) Metaspace: 25561K(26112K)->25561K(26112K) NonClass: 22855K(23168K)->22855K(23168K) Class: 2706K(2944K)->2706K(2944K)
[1.709s][info][gc             ] GC(58) Pause Full (Allocation Failure) 484M->282M(494M) 44.537ms
[1.709s][info][gc,cpu         ] GC(58) User=0.09s Sys=0.01s Real=0.04s
[1.717s][info][gc,start       ] GC(59) Pause Young (Allocation Failure)
[1.721s][info][gc,heap        ] GC(59) DefNew: 139607K(157248K)->17276K(157248K) Eden: 139607K(139776K)->0K(139776K) From: 0K(17472K)->17276K(17472K)
[1.721s][info][gc,heap        ] GC(59) Tenured: 289077K(349568K)->299837K(349568K)
[1.721s][info][gc,metaspace   ] GC(59) Metaspace: 25561K(26112K)->25561K(26112K) NonClass: 22855K(23168K)->22855K(23168K) Class: 2706K(2944K)->2706K(2944K)
[1.721s][info][gc             ] GC(59) Pause Young (Allocation Failure) 418M->309M(494M) 4.189ms
[1.721s][info][gc,cpu         ] GC(59) User=0.01s Sys=0.00s Real=0.00s
[1.728s][info][gc,start       ] GC(60) Pause Young (GCLocker Initiated GC)
[1.734s][info][gc,heap        ] GC(60) DefNew: 157052K(157248K)->17266K(157248K) Eden: 139776K(139776K)->0K(139776K) From: 17276K(17472K)->17266K(17472K)
[1.734s][info][gc,heap        ] GC(60) Tenured: 300349K(349568K)->322200K(349568K)
[1.734s][info][gc,metaspace   ] GC(60) Metaspace: 25561K(26112K)->25561K(26112K) NonClass: 22855K(23168K)->22855K(23168K) Class: 2706K(2944K)->2706K(2944K)
[1.734s][info][gc             ] GC(60) Pause Young (GCLocker Initiated GC) 446M->331M(494M) 6.494ms
[1.734s][info][gc,cpu         ] GC(60) User=0.03s Sys=0.00s Real=0.01s
[1.743s][info][gc,start       ] GC(61) Pause Young (Allocation Failure)
[1.750s][info][gc,heap        ] GC(61) DefNew: 156851K(157248K)->17266K(157248K) Eden: 139585K(139776K)->0K(139776K) From: 17266K(17472K)->17266K(17472K)
[1.750s][info][gc,heap        ] GC(61) Tenured: 322200K(349568K)->341738K(349568K)
[1.750s][info][gc,metaspace   ] GC(61) Metaspace: 25561K(26112K)->25561K(26112K) NonClass: 22855K(23168K)->22855K(23168K) Class: 2706K(2944K)->2706K(2944K)
[1.750s][info][gc             ] GC(61) Pause Young (Allocation Failure) 467M->350M(494M) 6.901ms
[1.750s][info][gc,cpu         ] GC(61) User=0.01s Sys=0.01s Real=0.00s
[1.757s][info][gc,start       ] GC(62) Pause Young (Allocation Failure)
[1.757s][info][gc             ] GC(62) Pause Young (Allocation Failure) 487M->487M(494M) 0.073ms
[1.757s][info][gc,cpu         ] GC(62) User=0.00s Sys=0.00s Real=0.00s
[1.757s][info][gc,start       ] GC(63) Pause Full (Allocation Failure)
[1.757s][info][gc,phases,start] GC(63) Phase 1: Mark live objects
[1.767s][info][gc,phases      ] GC(63) Phase 1: Mark live objects 9.843ms
[1.767s][info][gc,phases,start] GC(63) Phase 2: Compute new object addresses
[1.771s][info][gc,phases      ] GC(63) Phase 2: Compute new object addresses 4.152ms
[1.771s][info][gc,phases,start] GC(63) Phase 3: Adjust pointers
[1.776s][info][gc,phases      ] GC(63) Phase 3: Adjust pointers 5.130ms
[1.776s][info][gc,phases,start] GC(63) Phase 4: Move objects
[1.803s][info][gc,phases      ] GC(63) Phase 4: Move objects 26.924ms
[1.803s][info][gc,heap        ] GC(63) DefNew: 156987K(157248K)->0K(157248K) Eden: 139720K(139776K)->0K(139776K) From: 17266K(17472K)->0K(17472K)
[1.803s][info][gc,heap        ] GC(63) Tenured: 341738K(349568K)->313235K(349568K)
[1.803s][info][gc,metaspace   ] GC(63) Metaspace: 25567K(26112K)->25567K(26112K) NonClass: 22860K(23168K)->22860K(23168K) Class: 2707K(2944K)->2707K(2944K)
[1.803s][info][gc             ] GC(63) Pause Full (Allocation Failure) 487M->305M(494M) 46.369ms
[1.803s][info][gc,cpu         ] GC(63) User=0.05s Sys=0.00s Real=0.05s
[1.810s][info][gc,start       ] GC(64) Pause Young (Allocation Failure)
[1.813s][info][gc,heap        ] GC(64) DefNew: 139650K(157248K)->17273K(157248K) Eden: 139650K(139776K)->0K(139776K) From: 0K(17472K)->17273K(17472K)
[1.813s][info][gc,heap        ] GC(64) Tenured: 313235K(349568K)->324252K(349568K)
[1.813s][info][gc,metaspace   ] GC(64) Metaspace: 25568K(26112K)->25568K(26112K) NonClass: 22861K(23168K)->22861K(23168K) Class: 2707K(2944K)->2707K(2944K)
[1.814s][info][gc             ] GC(64) Pause Young (Allocation Failure) 442M->333M(494M) 3.701ms
[1.814s][info][gc,cpu         ] GC(64) User=0.02s Sys=0.00s Real=0.01s
[1.820s][info][gc,start       ] GC(65) Pause Young (Allocation Failure)
[1.826s][info][gc,heap        ] GC(65) DefNew: 157018K(157248K)->17260K(157248K) Eden: 139745K(139776K)->0K(139776K) From: 17273K(17472K)->17260K(17472K)
[1.826s][info][gc,heap        ] GC(65) Tenured: 324252K(349568K)->344311K(349568K)
[1.826s][info][gc,metaspace   ] GC(65) Metaspace: 25570K(26112K)->25570K(26112K) NonClass: 22862K(23168K)->22862K(23168K) Class: 2707K(2944K)->2707K(2944K)
[1.826s][info][gc             ] GC(65) Pause Young (Allocation Failure) 469M->353M(494M) 6.176ms
[1.826s][info][gc,cpu         ] GC(65) User=0.01s Sys=0.01s Real=0.01s
[1.833s][info][gc,start       ] GC(66) Pause Young (Allocation Failure)
[1.833s][info][gc             ] GC(66) Pause Young (Allocation Failure) 489M->489M(494M) 0.073ms
[1.833s][info][gc,cpu         ] GC(66) User=0.00s Sys=0.00s Real=0.00s
[1.833s][info][gc,start       ] GC(67) Pause Full (Allocation Failure)
[1.833s][info][gc,phases,start] GC(67) Phase 1: Mark live objects
[1.841s][info][gc,phases      ] GC(67) Phase 1: Mark live objects 7.986ms
[1.841s][info][gc,phases,start] GC(67) Phase 2: Compute new object addresses
[1.845s][info][gc,phases      ] GC(67) Phase 2: Compute new object addresses 4.209ms
[1.845s][info][gc,phases,start] GC(67) Phase 3: Adjust pointers
[1.852s][info][gc,phases      ] GC(67) Phase 3: Adjust pointers 7.159ms
[1.852s][info][gc,phases,start] GC(67) Phase 4: Move objects
[1.879s][info][gc,phases      ] GC(67) Phase 4: Move objects 26.821ms
[1.879s][info][gc,heap        ] GC(67) DefNew: 157036K(157248K)->0K(157248K) Eden: 139776K(139776K)->0K(139776K) From: 17260K(17472K)->0K(17472K)
[1.879s][info][gc,heap        ] GC(67) Tenured: 344311K(349568K)->327880K(349568K)
[1.879s][info][gc,metaspace   ] GC(67) Metaspace: 25570K(26112K)->25570K(26112K) NonClass: 22862K(23168K)->22862K(23168K) Class: 2707K(2944K)->2707K(2944K)
[1.879s][info][gc             ] GC(67) Pause Full (Allocation Failure) 489M->320M(494M) 46.530ms
[1.879s][info][gc,cpu         ] GC(67) User=0.05s Sys=0.00s Real=0.04s
[1.886s][info][gc,start       ] GC(68) Pause Young (Allocation Failure)
[1.886s][info][gc             ] GC(68) Pause Young (Allocation Failure) 456M->456M(494M) 0.087ms
[1.886s][info][gc,cpu         ] GC(68) User=0.00s Sys=0.00s Real=0.00s
[1.886s][info][gc,start       ] GC(69) Pause Full (Allocation Failure)
[1.886s][info][gc,phases,start] GC(69) Phase 1: Mark live objects
[1.894s][info][gc,phases      ] GC(69) Phase 1: Mark live objects 8.349ms
[1.894s][info][gc,phases,start] GC(69) Phase 2: Compute new object addresses
[1.898s][info][gc,phases      ] GC(69) Phase 2: Compute new object addresses 4.066ms
[1.898s][info][gc,phases,start] GC(69) Phase 3: Adjust pointers
[1.904s][info][gc,phases      ] GC(69) Phase 3: Adjust pointers 5.634ms
[1.904s][info][gc,phases,start] GC(69) Phase 4: Move objects
[1.933s][info][gc,phases      ] GC(69) Phase 4: Move objects 28.578ms
[1.933s][info][gc,heap        ] GC(69) DefNew: 139672K(157248K)->0K(157248K) Eden: 139672K(139776K)->0K(139776K) From: 0K(17472K)->0K(17472K)
[1.933s][info][gc,heap        ] GC(69) Tenured: 327880K(349568K)->317874K(349568K)
[1.933s][info][gc,metaspace   ] GC(69) Metaspace: 25570K(26112K)->25570K(26112K) NonClass: 22862K(23168K)->22862K(23168K) Class: 2707K(2944K)->2707K(2944K)
[1.933s][info][gc             ] GC(69) Pause Full (Allocation Failure) 456M->310M(494M) 46.935ms
[1.933s][info][gc,cpu         ] GC(69) User=0.06s Sys=0.01s Real=0.05s
[1.940s][info][gc,start       ] GC(70) Pause Young (Allocation Failure)
[1.943s][info][gc,heap        ] GC(70) DefNew: 139776K(157248K)->17274K(157248K) Eden: 139776K(139776K)->0K(139776K) From: 0K(17472K)->17274K(17472K)
[1.943s][info][gc,heap        ] GC(70) Tenured: 317874K(349568K)->329403K(349568K)
[1.943s][info][gc,metaspace   ] GC(70) Metaspace: 25570K(26112K)->25570K(26112K) NonClass: 22862K(23168K)->22862K(23168K) Class: 2707K(2944K)->2707K(2944K)
[1.944s][info][gc             ] GC(70) Pause Young (Allocation Failure) 446M->338M(494M) 3.505ms
[1.944s][info][gc,cpu         ] GC(70) User=0.02s Sys=0.00s Real=0.01s
[1.950s][info][gc,start       ] GC(71) Pause Young (Allocation Failure)
[1.950s][info][gc             ] GC(71) Pause Young (Allocation Failure) 474M->474M(494M) 0.104ms
[1.950s][info][gc,cpu         ] GC(71) User=0.00s Sys=0.00s Real=0.00s
[1.950s][info][gc,start       ] GC(72) Pause Full (Allocation Failure)
[1.950s][info][gc,phases,start] GC(72) Phase 1: Mark live objects
[1.959s][info][gc,phases      ] GC(72) Phase 1: Mark live objects 8.449ms
[1.959s][info][gc,phases,start] GC(72) Phase 2: Compute new object addresses
[1.963s][info][gc,phases      ] GC(72) Phase 2: Compute new object addresses 3.895ms
[1.963s][info][gc,phases,start] GC(72) Phase 3: Adjust pointers
[1.968s][info][gc,phases      ] GC(72) Phase 3: Adjust pointers 4.990ms
[1.968s][info][gc,phases,start] GC(72) Phase 4: Move objects
[1.993s][info][gc,phases      ] GC(72) Phase 4: Move objects 25.454ms
[1.993s][info][gc,heap        ] GC(72) DefNew: 156825K(157248K)->0K(157248K) Eden: 139551K(139776K)->0K(139776K) From: 17274K(17472K)->0K(17472K)
[1.993s][info][gc,heap        ] GC(72) Tenured: 329403K(349568K)->343044K(349568K)
[1.993s][info][gc,metaspace   ] GC(72) Metaspace: 25570K(26112K)->25570K(26112K) NonClass: 22862K(23168K)->22862K(23168K) Class: 2707K(2944K)->2707K(2944K)
[1.994s][info][gc             ] GC(72) Pause Full (Allocation Failure) 474M->335M(494M) 43.143ms
[1.994s][info][gc,cpu         ] GC(72) User=0.05s Sys=0.00s Real=0.04s
[2.001s][info][gc,start       ] GC(73) Pause Young (Allocation Failure)
[2.001s][info][gc             ] GC(73) Pause Young (Allocation Failure) 471M->471M(494M) 0.076ms
[2.001s][info][gc,cpu         ] GC(73) User=0.00s Sys=0.00s Real=0.00s
[2.001s][info][gc,start       ] GC(74) Pause Full (Allocation Failure)
[2.001s][info][gc,phases,start] GC(74) Phase 1: Mark live objects
[2.009s][info][gc,phases      ] GC(74) Phase 1: Mark live objects 8.737ms
[2.009s][info][gc,phases,start] GC(74) Phase 2: Compute new object addresses
[2.014s][info][gc,phases      ] GC(74) Phase 2: Compute new object addresses 4.165ms
[2.014s][info][gc,phases,start] GC(74) Phase 3: Adjust pointers
[2.019s][info][gc,phases      ] GC(74) Phase 3: Adjust pointers 5.219ms
[2.019s][info][gc,phases,start] GC(74) Phase 4: Move objects
[2.048s][info][gc,phases      ] GC(74) Phase 4: Move objects 29.165ms
[2.048s][info][gc,heap        ] GC(74) DefNew: 139575K(157248K)->0K(157248K) Eden: 139575K(139776K)->0K(139776K) From: 0K(17472K)->0K(17472K)
[2.048s][info][gc,heap        ] GC(74) Tenured: 343044K(349568K)->344586K(349568K)
[2.048s][info][gc,metaspace   ] GC(74) Metaspace: 25570K(26112K)->25570K(26112K) NonClass: 22862K(23168K)->22862K(23168K) Class: 2707K(2944K)->2707K(2944K)
[2.048s][info][gc             ] GC(74) Pause Full (Allocation Failure) 471M->336M(494M) 47.637ms
[2.048s][info][gc,cpu         ] GC(74) User=0.05s Sys=0.00s Real=0.05s
[2.055s][info][gc,start       ] GC(75) Pause Young (Allocation Failure)
[2.055s][info][gc             ] GC(75) Pause Young (Allocation Failure) 472M->472M(494M) 0.084ms
[2.055s][info][gc,cpu         ] GC(75) User=0.00s Sys=0.00s Real=0.00s
[2.055s][info][gc,start       ] GC(76) Pause Full (Allocation Failure)
[2.055s][info][gc,phases,start] GC(76) Phase 1: Mark live objects
[2.064s][info][gc,phases      ] GC(76) Phase 1: Mark live objects 9.108ms
[2.064s][info][gc,phases,start] GC(76) Phase 2: Compute new object addresses
[2.068s][info][gc,phases      ] GC(76) Phase 2: Compute new object addresses 4.496ms
[2.069s][info][gc,phases,start] GC(76) Phase 3: Adjust pointers
[2.074s][info][gc,phases      ] GC(76) Phase 3: Adjust pointers 5.413ms
[2.074s][info][gc,phases,start] GC(76) Phase 4: Move objects
[2.114s][info][gc,phases      ] GC(76) Phase 4: Move objects 40.514ms
[2.115s][info][gc,heap        ] GC(76) DefNew: 139627K(157248K)->0K(157248K) Eden: 139627K(139776K)->0K(139776K) From: 0K(17472K)->0K(17472K)
[2.115s][info][gc,heap        ] GC(76) Tenured: 344586K(349568K)->349475K(349568K)
[2.115s][info][gc,metaspace   ] GC(76) Metaspace: 25571K(26112K)->25571K(26112K) NonClass: 22863K(23168K)->22863K(23168K) Class: 2707K(2944K)->2707K(2944K)
[2.115s][info][gc             ] GC(76) Pause Full (Allocation Failure) 472M->341M(494M) 59.883ms
[2.115s][info][gc,cpu         ] GC(76) User=0.07s Sys=0.01s Real=0.06s
[2.121s][info][gc,start       ] GC(77) Pause Young (Allocation Failure)
[2.121s][info][gc             ] GC(77) Pause Young (Allocation Failure) 477M->477M(494M) 0.071ms
[2.121s][info][gc,cpu         ] GC(77) User=0.00s Sys=0.00s Real=0.00s
[2.121s][info][gc,start       ] GC(78) Pause Full (Allocation Failure)
[2.121s][info][gc,phases,start] GC(78) Phase 1: Mark live objects
[2.129s][info][gc,phases      ] GC(78) Phase 1: Mark live objects 7.700ms
[2.129s][info][gc,phases,start] GC(78) Phase 2: Compute new object addresses
[2.133s][info][gc,phases      ] GC(78) Phase 2: Compute new object addresses 4.157ms
[2.133s][info][gc,phases,start] GC(78) Phase 3: Adjust pointers
[2.139s][info][gc,phases      ] GC(78) Phase 3: Adjust pointers 5.588ms
[2.139s][info][gc,phases,start] GC(78) Phase 4: Move objects
[2.172s][info][gc,phases      ] GC(78) Phase 4: Move objects 32.941ms
[2.172s][info][gc,heap        ] GC(78) DefNew: 139776K(157248K)->0K(157248K) Eden: 139776K(139776K)->0K(139776K) From: 0K(17472K)->0K(17472K)
[2.172s][info][gc,heap        ] GC(78) Tenured: 349475K(349568K)->334576K(349568K)
[2.172s][info][gc,metaspace   ] GC(78) Metaspace: 25571K(26112K)->25571K(26112K) NonClass: 22863K(23168K)->22863K(23168K) Class: 2707K(2944K)->2707K(2944K)
[2.172s][info][gc             ] GC(78) Pause Full (Allocation Failure) 477M->326M(494M) 50.799ms
[2.172s][info][gc,cpu         ] GC(78) User=0.06s Sys=0.01s Real=0.06s
[2.181s][info][gc,start       ] GC(79) Pause Young (Allocation Failure)
[2.181s][info][gc             ] GC(79) Pause Young (Allocation Failure) 463M->463M(494M) 0.066ms
[2.181s][info][gc,cpu         ] GC(79) User=0.00s Sys=0.00s Real=0.00s
[2.181s][info][gc,start       ] GC(80) Pause Full (Allocation Failure)
[2.181s][info][gc,phases,start] GC(80) Phase 1: Mark live objects
[2.190s][info][gc,phases      ] GC(80) Phase 1: Mark live objects 8.399ms
[2.190s][info][gc,phases,start] GC(80) Phase 2: Compute new object addresses
[2.194s][info][gc,phases      ] GC(80) Phase 2: Compute new object addresses 4.565ms
[2.194s][info][gc,phases,start] GC(80) Phase 3: Adjust pointers
[2.200s][info][gc,phases      ] GC(80) Phase 3: Adjust pointers 5.829ms
[2.200s][info][gc,phases,start] GC(80) Phase 4: Move objects
[2.205s][info][gc,phases      ] GC(80) Phase 4: Move objects 4.613ms
[2.205s][info][gc,heap        ] GC(80) DefNew: 139578K(157248K)->4882K(157248K) Eden: 139578K(139776K)->4882K(139776K) From: 0K(17472K)->0K(17472K)
[2.205s][info][gc,heap        ] GC(80) Tenured: 334576K(349568K)->349480K(349568K)
[2.205s][info][gc,metaspace   ] GC(80) Metaspace: 25571K(26112K)->25571K(26112K) NonClass: 22863K(23168K)->22863K(23168K) Class: 2707K(2944K)->2707K(2944K)
[2.205s][info][gc             ] GC(80) Pause Full (Allocation Failure) 463M->346M(494M) 23.795ms
[2.205s][info][gc,cpu         ] GC(80) User=0.03s Sys=0.00s Real=0.03s
[2.216s][info][gc,start       ] GC(81) Pause Full (Allocation Failure)
[2.216s][info][gc,phases,start] GC(81) Phase 1: Mark live objects
[2.225s][info][gc,phases      ] GC(81) Phase 1: Mark live objects 8.983ms
[2.225s][info][gc,phases,start] GC(81) Phase 2: Compute new object addresses
[2.229s][info][gc,phases      ] GC(81) Phase 2: Compute new object addresses 4.183ms
[2.229s][info][gc,phases,start] GC(81) Phase 3: Adjust pointers
[2.234s][info][gc,phases      ] GC(81) Phase 3: Adjust pointers 5.265ms
[2.235s][info][gc,phases,start] GC(81) Phase 4: Move objects
[2.262s][info][gc,phases      ] GC(81) Phase 4: Move objects 27.240ms
[2.262s][info][gc,heap        ] GC(81) DefNew: 156284K(157248K)->3073K(157248K) Eden: 139776K(139776K)->3073K(139776K) From: 16508K(17472K)->0K(17472K)
[2.262s][info][gc,heap        ] GC(81) Tenured: 349480K(349568K)->349238K(349568K)
[2.262s][info][gc,metaspace   ] GC(81) Metaspace: 25571K(26112K)->25571K(26112K) NonClass: 22863K(23168K)->22863K(23168K) Class: 2707K(2944K)->2707K(2944K)
[2.262s][info][gc             ] GC(81) Pause Full (Allocation Failure) 493M->344M(494M) 46.103ms
[2.262s][info][gc,cpu         ] GC(81) User=0.06s Sys=0.00s Real=0.04s
[2.274s][info][gc,start       ] GC(82) Pause Full (Allocation Failure)
[2.274s][info][gc,phases,start] GC(82) Phase 1: Mark live objects
[2.283s][info][gc,phases      ] GC(82) Phase 1: Mark live objects 8.457ms
[2.283s][info][gc,phases,start] GC(82) Phase 2: Compute new object addresses
[2.287s][info][gc,phases      ] GC(82) Phase 2: Compute new object addresses 4.440ms
[2.287s][info][gc,phases,start] GC(82) Phase 3: Adjust pointers
[2.296s][info][gc,phases      ] GC(82) Phase 3: Adjust pointers 8.282ms
[2.296s][info][gc,phases,start] GC(82) Phase 4: Move objects
[2.325s][info][gc,phases      ] GC(82) Phase 4: Move objects 28.949ms
[2.325s][info][gc,heap        ] GC(82) DefNew: 156887K(157248K)->4620K(157248K) Eden: 139775K(139776K)->4620K(139776K) From: 17111K(17472K)->0K(17472K)
[2.325s][info][gc,heap        ] GC(82) Tenured: 349238K(349568K)->349221K(349568K)
[2.325s][info][gc,metaspace   ] GC(82) Metaspace: 25571K(26112K)->25571K(26112K) NonClass: 22864K(23168K)->22864K(23168K) Class: 2707K(2944K)->2707K(2944K)
[2.325s][info][gc             ] GC(82) Pause Full (Allocation Failure) 494M->345M(494M) 50.593ms
[2.325s][info][gc,cpu         ] GC(82) User=0.09s Sys=0.01s Real=0.05s
[2.346s][info][gc,start       ] GC(83) Pause Full (Allocation Failure)
[2.346s][info][gc,phases,start] GC(83) Phase 1: Mark live objects
[2.354s][info][gc,phases      ] GC(83) Phase 1: Mark live objects 7.709ms
[2.354s][info][gc,phases,start] GC(83) Phase 2: Compute new object addresses
[2.359s][info][gc,phases      ] GC(83) Phase 2: Compute new object addresses 5.243ms
[2.359s][info][gc,phases,start] GC(83) Phase 3: Adjust pointers
[2.365s][info][gc,phases      ] GC(83) Phase 3: Adjust pointers 5.859ms
[2.365s][info][gc,phases,start] GC(83) Phase 4: Move objects
[2.393s][info][gc,phases      ] GC(83) Phase 4: Move objects 27.839ms
[2.393s][info][gc,heap        ] GC(83) DefNew: 156259K(157248K)->0K(157248K) Eden: 139776K(139776K)->0K(139776K) From: 16483K(17472K)->0K(17472K)
[2.393s][info][gc,heap        ] GC(83) Tenured: 349221K(349568K)->328167K(349568K)
[2.393s][info][gc,metaspace   ] GC(83) Metaspace: 25574K(26112K)->25574K(26112K) NonClass: 22866K(23168K)->22866K(23168K) Class: 2707K(2944K)->2707K(2944K)
[2.393s][info][gc             ] GC(83) Pause Full (Allocation Failure) 493M->320M(494M) 47.111ms
[2.393s][info][gc,cpu         ] GC(83) User=0.08s Sys=0.00s Real=0.05s
[2.400s][info][gc,start       ] GC(84) Pause Young (Allocation Failure)
[2.403s][info][gc,heap        ] GC(84) DefNew: 139776K(157248K)->17270K(157248K) Eden: 139776K(139776K)->0K(139776K) From: 0K(17472K)->17270K(17472K)
[2.403s][info][gc,heap        ] GC(84) Tenured: 328167K(349568K)->337390K(349568K)
[2.403s][info][gc,metaspace   ] GC(84) Metaspace: 25574K(26112K)->25574K(26112K) NonClass: 22866K(23168K)->22866K(23168K) Class: 2707K(2944K)->2707K(2944K)
[2.403s][info][gc             ] GC(84) Pause Young (Allocation Failure) 456M->346M(494M) 3.360ms
[2.403s][info][gc,cpu         ] GC(84) User=0.01s Sys=0.00s Real=0.01s
[2.410s][info][gc,start       ] GC(85) Pause Young (Allocation Failure)
[2.410s][info][gc             ] GC(85) Pause Young (Allocation Failure) 482M->482M(494M) 0.091ms
[2.410s][info][gc,cpu         ] GC(85) User=0.00s Sys=0.00s Real=0.01s
[2.410s][info][gc,start       ] GC(86) Pause Full (Allocation Failure)
[2.410s][info][gc,phases,start] GC(86) Phase 1: Mark live objects
[2.419s][info][gc,phases      ] GC(86) Phase 1: Mark live objects 8.471ms
[2.419s][info][gc,phases,start] GC(86) Phase 2: Compute new object addresses
[2.423s][info][gc,phases      ] GC(86) Phase 2: Compute new object addresses 3.992ms
[2.423s][info][gc,phases,start] GC(86) Phase 3: Adjust pointers
[2.428s][info][gc,phases      ] GC(86) Phase 3: Adjust pointers 5.215ms
[2.428s][info][gc,phases,start] GC(86) Phase 4: Move objects
[2.453s][info][gc,phases      ] GC(86) Phase 4: Move objects 24.915ms
[2.453s][info][gc,heap        ] GC(86) DefNew: 157046K(157248K)->10826K(157248K) Eden: 139776K(139776K)->10826K(139776K) From: 17270K(17472K)->0K(17472K)
[2.453s][info][gc,heap        ] GC(86) Tenured: 337390K(349568K)->349430K(349568K)
[2.453s][info][gc,metaspace   ] GC(86) Metaspace: 25574K(26112K)->25574K(26112K) NonClass: 22866K(23168K)->22866K(23168K) Class: 2707K(2944K)->2707K(2944K)
[2.453s][info][gc             ] GC(86) Pause Full (Allocation Failure) 482M->351M(494M) 42.947ms
[2.453s][info][gc,cpu         ] GC(86) User=0.06s Sys=0.01s Real=0.04s
[2.464s][info][gc,start       ] GC(87) Pause Full (Allocation Failure)
[2.464s][info][gc,phases,start] GC(87) Phase 1: Mark live objects
[2.472s][info][gc,phases      ] GC(87) Phase 1: Mark live objects 8.281ms
[2.472s][info][gc,phases,start] GC(87) Phase 2: Compute new object addresses
[2.476s][info][gc,phases      ] GC(87) Phase 2: Compute new object addresses 4.026ms
[2.476s][info][gc,phases,start] GC(87) Phase 3: Adjust pointers
[2.482s][info][gc,phases      ] GC(87) Phase 3: Adjust pointers 5.224ms
[2.482s][info][gc,phases,start] GC(87) Phase 4: Move objects
[2.510s][info][gc,phases      ] GC(87) Phase 4: Move objects 28.725ms
[2.511s][info][gc,heap        ] GC(87) DefNew: 157110K(157248K)->6684K(157248K) Eden: 139776K(139776K)->6684K(139776K) From: 17334K(17472K)->0K(17472K)
[2.511s][info][gc,heap        ] GC(87) Tenured: 349430K(349568K)->349458K(349568K)
[2.511s][info][gc,metaspace   ] GC(87) Metaspace: 25574K(26112K)->25574K(26112K) NonClass: 22866K(23168K)->22866K(23168K) Class: 2707K(2944K)->2707K(2944K)
[2.511s][info][gc             ] GC(87) Pause Full (Allocation Failure) 494M->347M(494M) 46.730ms
[2.511s][info][gc,cpu         ] GC(87) User=0.06s Sys=0.00s Real=0.05s
[2.522s][info][gc,start       ] GC(88) Pause Full (Allocation Failure)
[2.522s][info][gc,phases,start] GC(88) Phase 1: Mark live objects
[2.530s][info][gc,phases      ] GC(88) Phase 1: Mark live objects 7.945ms
[2.530s][info][gc,phases,start] GC(88) Phase 2: Compute new object addresses
[2.535s][info][gc,phases      ] GC(88) Phase 2: Compute new object addresses 4.255ms
[2.535s][info][gc,phases,start] GC(88) Phase 3: Adjust pointers
[2.540s][info][gc,phases      ] GC(88) Phase 3: Adjust pointers 5.119ms
[2.540s][info][gc,phases,start] GC(88) Phase 4: Move objects
[2.568s][info][gc,phases      ] GC(88) Phase 4: Move objects 27.651ms
[2.568s][info][gc,heap        ] GC(88) DefNew: 157172K(157248K)->9502K(157248K) Eden: 139776K(139776K)->9502K(139776K) From: 17396K(17472K)->0K(17472K)
[2.568s][info][gc,heap        ] GC(88) Tenured: 349458K(349568K)->349462K(349568K)
[2.568s][info][gc,metaspace   ] GC(88) Metaspace: 25574K(26112K)->25574K(26112K) NonClass: 22866K(23168K)->22866K(23168K) Class: 2707K(2944K)->2707K(2944K)
[2.568s][info][gc             ] GC(88) Pause Full (Allocation Failure) 494M->350M(494M) 45.358ms
[2.568s][info][gc,cpu         ] GC(88) User=0.05s Sys=0.01s Real=0.04s
[2.577s][info][gc,start       ] GC(89) Pause Full (Allocation Failure)
[2.577s][info][gc,phases,start] GC(89) Phase 1: Mark live objects
[2.585s][info][gc,phases      ] GC(89) Phase 1: Mark live objects 8.501ms
[2.585s][info][gc,phases,start] GC(89) Phase 2: Compute new object addresses
[2.590s][info][gc,phases      ] GC(89) Phase 2: Compute new object addresses 4.399ms
[2.590s][info][gc,phases,start] GC(89) Phase 3: Adjust pointers
[2.596s][info][gc,phases      ] GC(89) Phase 3: Adjust pointers 5.927ms
[2.596s][info][gc,phases,start] GC(89) Phase 4: Move objects
[2.626s][info][gc,phases      ] GC(89) Phase 4: Move objects 30.216ms
[2.626s][info][gc,heap        ] GC(89) DefNew: 157201K(157248K)->0K(157248K) Eden: 139776K(139776K)->0K(139776K) From: 17425K(17472K)->0K(17472K)
[2.626s][info][gc,heap        ] GC(89) Tenured: 349462K(349568K)->345620K(349568K)
[2.626s][info][gc,metaspace   ] GC(89) Metaspace: 25574K(26112K)->25574K(26112K) NonClass: 22866K(23168K)->22866K(23168K) Class: 2707K(2944K)->2707K(2944K)
[2.626s][info][gc             ] GC(89) Pause Full (Allocation Failure) 494M->337M(494M) 49.436ms
[2.626s][info][gc,cpu         ] GC(89) User=0.11s Sys=0.00s Real=0.05s
[2.634s][info][gc,start       ] GC(90) Pause Young (Allocation Failure)
[2.634s][info][gc             ] GC(90) Pause Young (Allocation Failure) 473M->473M(494M) 0.086ms
[2.634s][info][gc,cpu         ] GC(90) User=0.00s Sys=0.00s Real=0.00s
[2.634s][info][gc,start       ] GC(91) Pause Full (Allocation Failure)
[2.634s][info][gc,phases,start] GC(91) Phase 1: Mark live objects
[2.645s][info][gc,phases      ] GC(91) Phase 1: Mark live objects 10.689ms
[2.645s][info][gc,phases,start] GC(91) Phase 2: Compute new object addresses
[2.650s][info][gc,phases      ] GC(91) Phase 2: Compute new object addresses 4.921ms
[2.650s][info][gc,phases,start] GC(91) Phase 3: Adjust pointers
[2.656s][info][gc,phases      ] GC(91) Phase 3: Adjust pointers 5.924ms
[2.656s][info][gc,phases,start] GC(91) Phase 4: Move objects
[2.660s][info][gc,phases      ] GC(91) Phase 4: Move objects 4.363ms
[2.660s][info][gc,heap        ] GC(91) DefNew: 139634K(157248K)->18244K(157248K) Eden: 139634K(139776K)->18244K(139776K) From: 0K(17472K)->0K(17472K)
[2.660s][info][gc,heap        ] GC(91) Tenured: 345620K(349568K)->349459K(349568K)
[2.660s][info][gc,metaspace   ] GC(91) Metaspace: 25574K(26112K)->25574K(26112K) NonClass: 22866K(23168K)->22866K(23168K) Class: 2707K(2944K)->2707K(2944K)
[2.660s][info][gc             ] GC(91) Pause Full (Allocation Failure) 473M->359M(494M) 26.268ms
[2.660s][info][gc,cpu         ] GC(91) User=0.06s Sys=0.00s Real=0.02s
[2.681s][info][gc,start       ] GC(92) Pause Full (Allocation Failure)
[2.681s][info][gc,phases,start] GC(92) Phase 1: Mark live objects
[2.696s][info][gc,phases      ] GC(92) Phase 1: Mark live objects 14.995ms
[2.696s][info][gc,phases,start] GC(92) Phase 2: Compute new object addresses
[2.703s][info][gc,phases      ] GC(92) Phase 2: Compute new object addresses 6.442ms
[2.703s][info][gc,phases,start] GC(92) Phase 3: Adjust pointers
[2.710s][info][gc,phases      ] GC(92) Phase 3: Adjust pointers 7.191ms
[2.710s][info][gc,phases,start] GC(92) Phase 4: Move objects
[2.740s][info][gc,phases      ] GC(92) Phase 4: Move objects 30.528ms
[2.741s][info][gc,heap        ] GC(92) DefNew: 157124K(157248K)->1834K(157248K) Eden: 139776K(139776K)->1834K(139776K) From: 17348K(17472K)->0K(17472K)
[2.741s][info][gc,heap        ] GC(92) Tenured: 349459K(349568K)->349186K(349568K)
[2.741s][info][gc,metaspace   ] GC(92) Metaspace: 25577K(26112K)->25577K(26112K) NonClass: 22869K(23168K)->22869K(23168K) Class: 2707K(2944K)->2707K(2944K)
[2.741s][info][gc             ] GC(92) Pause Full (Allocation Failure) 494M->342M(494M) 59.608ms
[2.741s][info][gc,cpu         ] GC(92) User=0.22s Sys=0.01s Real=0.06s
[2.751s][info][gc,start       ] GC(93) Pause Full (Allocation Failure)
[2.751s][info][gc,phases,start] GC(93) Phase 1: Mark live objects
[2.761s][info][gc,phases      ] GC(93) Phase 1: Mark live objects 9.592ms
[2.761s][info][gc,phases,start] GC(93) Phase 2: Compute new object addresses
[2.766s][info][gc,phases      ] GC(93) Phase 2: Compute new object addresses 4.602ms
[2.766s][info][gc,phases,start] GC(93) Phase 3: Adjust pointers
[2.771s][info][gc,phases      ] GC(93) Phase 3: Adjust pointers 5.640ms
[2.771s][info][gc,phases,start] GC(93) Phase 4: Move objects
[2.799s][info][gc,phases      ] GC(93) Phase 4: Move objects 27.682ms
[2.799s][info][gc,heap        ] GC(93) DefNew: 156356K(157248K)->4104K(157248K) Eden: 139776K(139776K)->4104K(139776K) From: 16580K(17472K)->0K(17472K)
[2.799s][info][gc,heap        ] GC(93) Tenured: 349186K(349568K)->349479K(349568K)
[2.799s][info][gc,metaspace   ] GC(93) Metaspace: 25577K(26112K)->25577K(26112K) NonClass: 22869K(23168K)->22869K(23168K) Class: 2708K(2944K)->2708K(2944K)
[2.799s][info][gc             ] GC(93) Pause Full (Allocation Failure) 493M->345M(494M) 47.947ms
[2.799s][info][gc,cpu         ] GC(93) User=0.08s Sys=0.00s Real=0.04s
[2.810s][info][gc,start       ] GC(94) Pause Full (Allocation Failure)
[2.811s][info][gc,phases,start] GC(94) Phase 1: Mark live objects
[2.819s][info][gc,phases      ] GC(94) Phase 1: Mark live objects 7.996ms
[2.819s][info][gc,phases,start] GC(94) Phase 2: Compute new object addresses
[2.823s][info][gc,phases      ] GC(94) Phase 2: Compute new object addresses 4.288ms
[2.823s][info][gc,phases,start] GC(94) Phase 3: Adjust pointers
[2.828s][info][gc,phases      ] GC(94) Phase 3: Adjust pointers 5.448ms
[2.828s][info][gc,phases,start] GC(94) Phase 4: Move objects
[2.858s][info][gc,phases      ] GC(94) Phase 4: Move objects 29.103ms
[2.858s][info][gc,heap        ] GC(94) DefNew: 157096K(157248K)->0K(157248K) Eden: 139776K(139776K)->0K(139776K) From: 17320K(17472K)->0K(17472K)
[2.858s][info][gc,heap        ] GC(94) Tenured: 349479K(349568K)->341258K(349568K)
[2.858s][info][gc,metaspace   ] GC(94) Metaspace: 25577K(26112K)->25577K(26112K) NonClass: 22869K(23168K)->22869K(23168K) Class: 2708K(2944K)->2708K(2944K)
[2.858s][info][gc             ] GC(94) Pause Full (Allocation Failure) 494M->333M(494M) 47.252ms
[2.858s][info][gc,cpu         ] GC(94) User=0.05s Sys=0.00s Real=0.04s
[2.865s][info][gc,start       ] GC(95) Pause Young (Allocation Failure)
[2.865s][info][gc             ] GC(95) Pause Young (Allocation Failure) 469M->469M(494M) 0.060ms
[2.865s][info][gc,cpu         ] GC(95) User=0.00s Sys=0.00s Real=0.00s
[2.865s][info][gc,start       ] GC(96) Pause Full (Allocation Failure)
[2.865s][info][gc,phases,start] GC(96) Phase 1: Mark live objects
[2.874s][info][gc,phases      ] GC(96) Phase 1: Mark live objects 8.555ms
[2.874s][info][gc,phases,start] GC(96) Phase 2: Compute new object addresses
[2.878s][info][gc,phases      ] GC(96) Phase 2: Compute new object addresses 4.392ms
[2.878s][info][gc,phases,start] GC(96) Phase 3: Adjust pointers
[2.884s][info][gc,phases      ] GC(96) Phase 3: Adjust pointers 5.486ms
[2.884s][info][gc,phases,start] GC(96) Phase 4: Move objects
[2.904s][info][gc,phases      ] GC(96) Phase 4: Move objects 20.526ms
[2.904s][info][gc,heap        ] GC(96) DefNew: 139683K(157248K)->13357K(157248K) Eden: 139683K(139776K)->13357K(139776K) From: 0K(17472K)->0K(17472K)
[2.904s][info][gc,heap        ] GC(96) Tenured: 341258K(349568K)->349471K(349568K)
[2.904s][info][gc,metaspace   ] GC(96) Metaspace: 25577K(26112K)->25577K(26112K) NonClass: 22869K(23168K)->22869K(23168K) Class: 2708K(2944K)->2708K(2944K)
[2.904s][info][gc             ] GC(96) Pause Full (Allocation Failure) 469M->354M(494M) 39.299ms
[2.904s][info][gc,cpu         ] GC(96) User=0.04s Sys=0.00s Real=0.04s
[2.915s][info][gc,start       ] GC(97) Pause Full (Allocation Failure)
[2.915s][info][gc,phases,start] GC(97) Phase 1: Mark live objects
[2.923s][info][gc,phases      ] GC(97) Phase 1: Mark live objects 7.467ms
[2.923s][info][gc,phases,start] GC(97) Phase 2: Compute new object addresses
[2.927s][info][gc,phases      ] GC(97) Phase 2: Compute new object addresses 3.979ms
[2.927s][info][gc,phases,start] GC(97) Phase 3: Adjust pointers
[2.932s][info][gc,phases      ] GC(97) Phase 3: Adjust pointers 4.921ms
[2.932s][info][gc,phases,start] GC(97) Phase 4: Move objects
[2.959s][info][gc,phases      ] GC(97) Phase 4: Move objects 27.742ms
[2.960s][info][gc,heap        ] GC(97) DefNew: 156417K(157248K)->9251K(157248K) Eden: 139776K(139776K)->9251K(139776K) From: 16641K(17472K)->0K(17472K)
[2.960s][info][gc,heap        ] GC(97) Tenured: 349471K(349568K)->349486K(349568K)
[2.960s][info][gc,metaspace   ] GC(97) Metaspace: 25577K(26112K)->25577K(26112K) NonClass: 22869K(23168K)->22869K(23168K) Class: 2708K(2944K)->2708K(2944K)
[2.960s][info][gc             ] GC(97) Pause Full (Allocation Failure) 494M->350M(494M) 44.476ms
[2.960s][info][gc,cpu         ] GC(97) User=0.05s Sys=0.00s Real=0.04s
[2.970s][info][gc,start       ] GC(98) Pause Full (Allocation Failure)
[2.971s][info][gc,phases,start] GC(98) Phase 1: Mark live objects
[2.979s][info][gc,phases      ] GC(98) Phase 1: Mark live objects 8.063ms
[2.979s][info][gc,phases,start] GC(98) Phase 2: Compute new object addresses
[2.983s][info][gc,phases      ] GC(98) Phase 2: Compute new object addresses 3.999ms
[2.983s][info][gc,phases,start] GC(98) Phase 3: Adjust pointers
[2.988s][info][gc,phases      ] GC(98) Phase 3: Adjust pointers 5.106ms
[2.988s][info][gc,phases,start] GC(98) Phase 4: Move objects
[3.017s][info][gc,phases      ] GC(98) Phase 4: Move objects 29.581ms
[3.018s][info][gc,heap        ] GC(98) DefNew: 157144K(157248K)->0K(157248K) Eden: 139776K(139776K)->0K(139776K) From: 17368K(17472K)->0K(17472K)
[3.018s][info][gc,heap        ] GC(98) Tenured: 349486K(349568K)->346663K(349568K)
[3.018s][info][gc,metaspace   ] GC(98) Metaspace: 25578K(26112K)->25578K(26112K) NonClass: 22869K(23168K)->22869K(23168K) Class: 2708K(2944K)->2708K(2944K)
[3.018s][info][gc             ] GC(98) Pause Full (Allocation Failure) 494M->338M(494M) 47.130ms
[3.018s][info][gc,cpu         ] GC(98) User=0.06s Sys=0.00s Real=0.04s
[3.025s][info][gc,start       ] GC(99) Pause Young (Allocation Failure)
[3.025s][info][gc             ] GC(99) Pause Young (Allocation Failure) 475M->475M(494M) 0.072ms
[3.025s][info][gc,cpu         ] GC(99) User=0.00s Sys=0.00s Real=0.00s
[3.025s][info][gc,start       ] GC(100) Pause Full (Allocation Failure)
[3.025s][info][gc,phases,start] GC(100) Phase 1: Mark live objects
[3.033s][info][gc,phases      ] GC(100) Phase 1: Mark live objects 8.331ms
[3.033s][info][gc,phases,start] GC(100) Phase 2: Compute new object addresses
[3.037s][info][gc,phases      ] GC(100) Phase 2: Compute new object addresses 4.029ms
[3.037s][info][gc,phases,start] GC(100) Phase 3: Adjust pointers
[3.043s][info][gc,phases      ] GC(100) Phase 3: Adjust pointers 5.284ms
[3.043s][info][gc,phases,start] GC(100) Phase 4: Move objects
[3.073s][info][gc,phases      ] GC(100) Phase 4: Move objects 30.337ms
[3.073s][info][gc,heap        ] GC(100) DefNew: 139737K(157248K)->0K(157248K) Eden: 139737K(139776K)->0K(139776K) From: 0K(17472K)->0K(17472K)
[3.073s][info][gc,heap        ] GC(100) Tenured: 346663K(349568K)->345367K(349568K)
[3.073s][info][gc,metaspace   ] GC(100) Metaspace: 25578K(26112K)->25578K(26112K) NonClass: 22870K(23168K)->22870K(23168K) Class: 2708K(2944K)->2708K(2944K)
[3.073s][info][gc             ] GC(100) Pause Full (Allocation Failure) 475M->337M(494M) 48.329ms
[3.073s][info][gc,cpu         ] GC(100) User=0.06s Sys=0.00s Real=0.05s
[3.081s][info][gc,start       ] GC(101) Pause Young (Allocation Failure)
[3.081s][info][gc             ] GC(101) Pause Young (Allocation Failure) 473M->473M(494M) 0.060ms
[3.081s][info][gc,cpu         ] GC(101) User=0.00s Sys=0.00s Real=0.00s
[3.081s][info][gc,start       ] GC(102) Pause Full (Allocation Failure)
[3.081s][info][gc,phases,start] GC(102) Phase 1: Mark live objects
[3.089s][info][gc,phases      ] GC(102) Phase 1: Mark live objects 8.643ms
[3.089s][info][gc,phases,start] GC(102) Phase 2: Compute new object addresses
[3.094s][info][gc,phases      ] GC(102) Phase 2: Compute new object addresses 4.184ms
[3.094s][info][gc,phases,start] GC(102) Phase 3: Adjust pointers
[3.099s][info][gc,phases      ] GC(102) Phase 3: Adjust pointers 5.932ms
[3.100s][info][gc,phases,start] GC(102) Phase 4: Move objects
[3.104s][info][gc,phases      ] GC(102) Phase 4: Move objects 4.228ms
[3.104s][info][gc,heap        ] GC(102) DefNew: 139776K(157248K)->16957K(157248K) Eden: 139776K(139776K)->16957K(139776K) From: 0K(17472K)->0K(17472K)
[3.104s][info][gc,heap        ] GC(102) Tenured: 345367K(349568K)->349471K(349568K)
[3.104s][info][gc,metaspace   ] GC(102) Metaspace: 25579K(26112K)->25579K(26112K) NonClass: 22871K(23168K)->22871K(23168K) Class: 2708K(2944K)->2708K(2944K)
[3.104s][info][gc             ] GC(102) Pause Full (Allocation Failure) 473M->357M(494M) 23.353ms
[3.104s][info][gc,cpu         ] GC(102) User=0.06s Sys=0.00s Real=0.03s
[3.114s][info][gc,start       ] GC(103) Pause Full (Allocation Failure)
[3.114s][info][gc,phases,start] GC(103) Phase 1: Mark live objects
[3.122s][info][gc,phases      ] GC(103) Phase 1: Mark live objects 7.990ms
[3.122s][info][gc,phases,start] GC(103) Phase 2: Compute new object addresses
[3.126s][info][gc,phases      ] GC(103) Phase 2: Compute new object addresses 4.003ms
[3.126s][info][gc,phases,start] GC(103) Phase 3: Adjust pointers
[3.132s][info][gc,phases      ] GC(103) Phase 3: Adjust pointers 5.853ms
[3.132s][info][gc,phases,start] GC(103) Phase 4: Move objects
[3.162s][info][gc,phases      ] GC(103) Phase 4: Move objects 29.768ms
[3.162s][info][gc,heap        ] GC(103) DefNew: 157100K(157248K)->14914K(157248K) Eden: 139776K(139776K)->14914K(139776K) From: 17324K(17472K)->0K(17472K)
[3.162s][info][gc,heap        ] GC(103) Tenured: 349471K(349568K)->349465K(349568K)
[3.162s][info][gc,metaspace   ] GC(103) Metaspace: 25580K(26176K)->25580K(26176K) NonClass: 22872K(23232K)->22872K(23232K) Class: 2708K(2944K)->2708K(2944K)
[3.162s][info][gc             ] GC(103) Pause Full (Allocation Failure) 494M->355M(494M) 48.027ms
[3.162s][info][gc,cpu         ] GC(103) User=0.06s Sys=0.00s Real=0.04s
[3.172s][info][gc,start       ] GC(104) Pause Full (Allocation Failure)
[3.172s][info][gc,phases,start] GC(104) Phase 1: Mark live objects
[3.181s][info][gc,phases      ] GC(104) Phase 1: Mark live objects 8.457ms
[3.181s][info][gc,phases,start] GC(104) Phase 2: Compute new object addresses
[3.185s][info][gc,phases      ] GC(104) Phase 2: Compute new object addresses 4.099ms
[3.185s][info][gc,phases,start] GC(104) Phase 3: Adjust pointers
[3.191s][info][gc,phases      ] GC(104) Phase 3: Adjust pointers 5.532ms
[3.191s][info][gc,phases,start] GC(104) Phase 4: Move objects
[3.220s][info][gc,phases      ] GC(104) Phase 4: Move objects 29.814ms
[3.221s][info][gc,heap        ] GC(104) DefNew: 156551K(157248K)->0K(157248K) Eden: 139776K(139776K)->0K(139776K) From: 16775K(17472K)->0K(17472K)
[3.221s][info][gc,heap        ] GC(104) Tenured: 349465K(349568K)->345383K(349568K)
[3.221s][info][gc,metaspace   ] GC(104) Metaspace: 25581K(26176K)->25581K(26176K) NonClass: 22872K(23232K)->22872K(23232K) Class: 2708K(2944K)->2708K(2944K)
[3.221s][info][gc             ] GC(104) Pause Full (Allocation Failure) 494M->337M(494M) 48.312ms
[3.221s][info][gc,cpu         ] GC(104) User=0.05s Sys=0.00s Real=0.04s
[3.229s][info][gc,start       ] GC(105) Pause Young (Allocation Failure)
[3.229s][info][gc             ] GC(105) Pause Young (Allocation Failure) 473M->473M(494M) 0.098ms
[3.229s][info][gc,cpu         ] GC(105) User=0.00s Sys=0.00s Real=0.00s
[3.229s][info][gc,start       ] GC(106) Pause Full (Allocation Failure)
[3.229s][info][gc,phases,start] GC(106) Phase 1: Mark live objects
[3.237s][info][gc,phases      ] GC(106) Phase 1: Mark live objects 8.097ms
[3.237s][info][gc,phases,start] GC(106) Phase 2: Compute new object addresses
[3.241s][info][gc,phases      ] GC(106) Phase 2: Compute new object addresses 3.930ms
[3.241s][info][gc,phases,start] GC(106) Phase 3: Adjust pointers
[3.246s][info][gc,phases      ] GC(106) Phase 3: Adjust pointers 5.134ms
[3.246s][info][gc,phases,start] GC(106) Phase 4: Move objects
[3.275s][info][gc,phases      ] GC(106) Phase 4: Move objects 28.864ms
[3.275s][info][gc,heap        ] GC(106) DefNew: 139741K(157248K)->0K(157248K) Eden: 139741K(139776K)->0K(139776K) From: 0K(17472K)->0K(17472K)
[3.275s][info][gc,heap        ] GC(106) Tenured: 345383K(349568K)->348448K(349568K)
[3.275s][info][gc,metaspace   ] GC(106) Metaspace: 25587K(26176K)->25587K(26176K) NonClass: 22878K(23232K)->22878K(23232K) Class: 2708K(2944K)->2708K(2944K)
[3.275s][info][gc             ] GC(106) Pause Full (Allocation Failure) 473M->340M(494M) 46.399ms
[3.275s][info][gc,cpu         ] GC(106) User=0.05s Sys=0.00s Real=0.05s
[3.283s][info][gc,start       ] GC(107) Pause Young (Allocation Failure)
[3.283s][info][gc             ] GC(107) Pause Young (Allocation Failure) 476M->476M(494M) 0.068ms
[3.283s][info][gc,cpu         ] GC(107) User=0.00s Sys=0.00s Real=0.00s
[3.283s][info][gc,start       ] GC(108) Pause Full (Allocation Failure)
[3.283s][info][gc,phases,start] GC(108) Phase 1: Mark live objects
[3.292s][info][gc,phases      ] GC(108) Phase 1: Mark live objects 8.541ms
[3.292s][info][gc,phases,start] GC(108) Phase 2: Compute new object addresses
[3.296s][info][gc,phases      ] GC(108) Phase 2: Compute new object addresses 4.315ms
[3.296s][info][gc,phases,start] GC(108) Phase 3: Adjust pointers
[3.302s][info][gc,phases      ] GC(108) Phase 3: Adjust pointers 5.782ms
[3.302s][info][gc,phases,start] GC(108) Phase 4: Move objects
[3.327s][info][gc,phases      ] GC(108) Phase 4: Move objects 25.262ms
[3.328s][info][gc,heap        ] GC(108) DefNew: 139530K(157248K)->17985K(157248K) Eden: 139530K(139776K)->17985K(139776K) From: 0K(17472K)->0K(17472K)
[3.328s][info][gc,heap        ] GC(108) Tenured: 348448K(349568K)->349470K(349568K)
[3.328s][info][gc,metaspace   ] GC(108) Metaspace: 25587K(26176K)->25587K(26176K) NonClass: 22878K(23232K)->22878K(23232K) Class: 2708K(2944K)->2708K(2944K)
[3.328s][info][gc             ] GC(108) Pause Full (Allocation Failure) 476M->358M(494M) 44.256ms
[3.328s][info][gc,cpu         ] GC(108) User=0.05s Sys=0.01s Real=0.04s
[3.341s][info][gc,start       ] GC(109) Pause Full (Allocation Failure)
[3.341s][info][gc,phases,start] GC(109) Phase 1: Mark live objects
[3.349s][info][gc,phases      ] GC(109) Phase 1: Mark live objects 8.209ms
[3.349s][info][gc,phases,start] GC(109) Phase 2: Compute new object addresses
[3.353s][info][gc,phases      ] GC(109) Phase 2: Compute new object addresses 4.238ms
[3.353s][info][gc,phases,start] GC(109) Phase 3: Adjust pointers
[3.359s][info][gc,phases      ] GC(109) Phase 3: Adjust pointers 5.712ms
[3.359s][info][gc,phases,start] GC(109) Phase 4: Move objects
[3.388s][info][gc,phases      ] GC(109) Phase 4: Move objects 29.220ms
[3.388s][info][gc,heap        ] GC(109) DefNew: 157101K(157248K)->10276K(157248K) Eden: 139776K(139776K)->10276K(139776K) From: 17325K(17472K)->0K(17472K)
[3.388s][info][gc,heap        ] GC(109) Tenured: 349470K(349568K)->349484K(349568K)
[3.388s][info][gc,metaspace   ] GC(109) Metaspace: 25594K(26176K)->25594K(26176K) NonClass: 22885K(23232K)->22885K(23232K) Class: 2708K(2944K)->2708K(2944K)
[3.389s][info][gc             ] GC(109) Pause Full (Allocation Failure) 494M->351M(494M) 47.830ms
[3.389s][info][gc,cpu         ] GC(109) User=0.10s Sys=0.00s Real=0.05s
[3.399s][info][gc,start       ] GC(110) Pause Full (Allocation Failure)
[3.399s][info][gc,phases,start] GC(110) Phase 1: Mark live objects
[3.408s][info][gc,phases      ] GC(110) Phase 1: Mark live objects 8.107ms
[3.408s][info][gc,phases,start] GC(110) Phase 2: Compute new object addresses
[3.412s][info][gc,phases      ] GC(110) Phase 2: Compute new object addresses 4.127ms
[3.412s][info][gc,phases,start] GC(110) Phase 3: Adjust pointers
[3.417s][info][gc,phases      ] GC(110) Phase 3: Adjust pointers 5.390ms
[3.417s][info][gc,phases,start] GC(110) Phase 4: Move objects
[3.446s][info][gc,phases      ] GC(110) Phase 4: Move objects 28.560ms
[3.446s][info][gc,heap        ] GC(110) DefNew: 157118K(157248K)->0K(157248K) Eden: 139776K(139776K)->0K(139776K) From: 17342K(17472K)->0K(17472K)
[3.446s][info][gc,heap        ] GC(110) Tenured: 349484K(349568K)->347687K(349568K)
[3.446s][info][gc,metaspace   ] GC(110) Metaspace: 25594K(26176K)->25594K(26176K) NonClass: 22885K(23232K)->22885K(23232K) Class: 2708K(2944K)->2708K(2944K)
[3.446s][info][gc             ] GC(110) Pause Full (Allocation Failure) 494M->339M(494M) 46.606ms
[3.446s][info][gc,cpu         ] GC(110) User=0.06s Sys=0.00s Real=0.05s
[3.453s][info][gc,start       ] GC(111) Pause Young (Allocation Failure)
[3.453s][info][gc             ] GC(111) Pause Young (Allocation Failure) 475M->475M(494M) 0.063ms
[3.453s][info][gc,cpu         ] GC(111) User=0.00s Sys=0.00s Real=0.00s
[3.453s][info][gc,start       ] GC(112) Pause Full (Allocation Failure)
[3.453s][info][gc,phases,start] GC(112) Phase 1: Mark live objects
[3.463s][info][gc,phases      ] GC(112) Phase 1: Mark live objects 9.667ms
[3.463s][info][gc,phases,start] GC(112) Phase 2: Compute new object addresses
[3.467s][info][gc,phases      ] GC(112) Phase 2: Compute new object addresses 4.166ms
[3.467s][info][gc,phases,start] GC(112) Phase 3: Adjust pointers
[3.472s][info][gc,phases      ] GC(112) Phase 3: Adjust pointers 5.641ms
[3.472s][info][gc,phases,start] GC(112) Phase 4: Move objects
[3.503s][info][gc,phases      ] GC(112) Phase 4: Move objects 30.242ms
[3.503s][info][gc,heap        ] GC(112) DefNew: 139551K(157248K)->0K(157248K) Eden: 139551K(139776K)->0K(139776K) From: 0K(17472K)->0K(17472K)
[3.503s][info][gc,heap        ] GC(112) Tenured: 347687K(349568K)->347932K(349568K)
[3.503s][info][gc,metaspace   ] GC(112) Metaspace: 25594K(26176K)->25594K(26176K) NonClass: 22885K(23232K)->22885K(23232K) Class: 2708K(2944K)->2708K(2944K)
[3.503s][info][gc             ] GC(112) Pause Full (Allocation Failure) 475M->339M(494M) 50.069ms
[3.503s][info][gc,cpu         ] GC(112) User=0.08s Sys=0.00s Real=0.05s
[3.513s][info][gc,start       ] GC(113) Pause Young (Allocation Failure)
[3.513s][info][gc             ] GC(113) Pause Young (Allocation Failure) 476M->476M(494M) 0.204ms
[3.513s][info][gc,cpu         ] GC(113) User=0.00s Sys=0.00s Real=0.00s
[3.513s][info][gc,start       ] GC(114) Pause Full (Allocation Failure)
[3.513s][info][gc,phases,start] GC(114) Phase 1: Mark live objects
[3.522s][info][gc,phases      ] GC(114) Phase 1: Mark live objects 8.496ms
[3.522s][info][gc,phases,start] GC(114) Phase 2: Compute new object addresses
[3.526s][info][gc,phases      ] GC(114) Phase 2: Compute new object addresses 4.097ms
[3.526s][info][gc,phases,start] GC(114) Phase 3: Adjust pointers
[3.532s][info][gc,phases      ] GC(114) Phase 3: Adjust pointers 5.468ms
[3.532s][info][gc,phases,start] GC(114) Phase 4: Move objects
[3.557s][info][gc,phases      ] GC(114) Phase 4: Move objects 25.310ms
[3.557s][info][gc,heap        ] GC(114) DefNew: 139673K(157248K)->17982K(157248K) Eden: 139673K(139776K)->17982K(139776K) From: 0K(17472K)->0K(17472K)
[3.557s][info][gc,heap        ] GC(114) Tenured: 347932K(349568K)->349472K(349568K)
[3.557s][info][gc,metaspace   ] GC(114) Metaspace: 25594K(26176K)->25594K(26176K) NonClass: 22885K(23232K)->22885K(23232K) Class: 2708K(2944K)->2708K(2944K)
[3.557s][info][gc             ] GC(114) Pause Full (Allocation Failure) 476M->358M(494M) 43.814ms
[3.557s][info][gc,cpu         ] GC(114) User=0.05s Sys=0.00s Real=0.04s
[3.573s][info][gc,start       ] GC(115) Pause Full (Allocation Failure)
[3.573s][info][gc,phases,start] GC(115) Phase 1: Mark live objects
[3.582s][info][gc,phases      ] GC(115) Phase 1: Mark live objects 8.818ms
[3.582s][info][gc,phases,start] GC(115) Phase 2: Compute new object addresses
[3.586s][info][gc,phases      ] GC(115) Phase 2: Compute new object addresses 4.111ms
[3.586s][info][gc,phases,start] GC(115) Phase 3: Adjust pointers
[3.591s][info][gc,phases      ] GC(115) Phase 3: Adjust pointers 5.459ms
[3.591s][info][gc,phases,start] GC(115) Phase 4: Move objects
[3.621s][info][gc,phases      ] GC(115) Phase 4: Move objects 29.335ms
[3.621s][info][gc,heap        ] GC(115) DefNew: 157222K(157248K)->7197K(157248K) Eden: 139776K(139776K)->7197K(139776K) From: 17446K(17472K)->0K(17472K)
[3.621s][info][gc,heap        ] GC(115) Tenured: 349472K(349568K)->349477K(349568K)
[3.621s][info][gc,metaspace   ] GC(115) Metaspace: 25598K(26176K)->25598K(26176K) NonClass: 22890K(23232K)->22890K(23232K) Class: 2708K(2944K)->2708K(2944K)
[3.621s][info][gc             ] GC(115) Pause Full (Allocation Failure) 494M->348M(494M) 48.205ms
[3.621s][info][gc,cpu         ] GC(115) User=0.08s Sys=0.00s Real=0.04s
[3.631s][info][gc,start       ] GC(116) Pause Full (Allocation Failure)
[3.631s][info][gc,phases,start] GC(116) Phase 1: Mark live objects
[3.639s][info][gc,phases      ] GC(116) Phase 1: Mark live objects 7.993ms
[3.639s][info][gc,phases,start] GC(116) Phase 2: Compute new object addresses
[3.644s][info][gc,phases      ] GC(116) Phase 2: Compute new object addresses 4.219ms
[3.644s][info][gc,phases,start] GC(116) Phase 3: Adjust pointers
[3.649s][info][gc,phases      ] GC(116) Phase 3: Adjust pointers 5.369ms
[3.649s][info][gc,phases,start] GC(116) Phase 4: Move objects
[3.677s][info][gc,phases      ] GC(116) Phase 4: Move objects 27.523ms
[3.677s][info][gc,heap        ] GC(116) DefNew: 157024K(157248K)->6690K(157248K) Eden: 139776K(139776K)->6690K(139776K) From: 17248K(17472K)->0K(17472K)
[3.677s][info][gc,heap        ] GC(116) Tenured: 349477K(349568K)->349473K(349568K)
[3.677s][info][gc,metaspace   ] GC(116) Metaspace: 25601K(26176K)->25601K(26176K) NonClass: 22893K(23232K)->22893K(23232K) Class: 2708K(2944K)->2708K(2944K)
[3.677s][info][gc             ] GC(116) Pause Full (Allocation Failure) 494M->347M(494M) 45.509ms
[3.677s][info][gc,cpu         ] GC(116) User=0.04s Sys=0.00s Real=0.04s
[3.688s][info][gc,start       ] GC(117) Pause Full (Allocation Failure)
[3.689s][info][gc,phases,start] GC(117) Phase 1: Mark live objects
[3.697s][info][gc,phases      ] GC(117) Phase 1: Mark live objects 8.233ms
[3.697s][info][gc,phases,start] GC(117) Phase 2: Compute new object addresses
[3.701s][info][gc,phases      ] GC(117) Phase 2: Compute new object addresses 4.198ms
[3.701s][info][gc,phases,start] GC(117) Phase 3: Adjust pointers
[3.707s][info][gc,phases      ] GC(117) Phase 3: Adjust pointers 5.677ms
[3.707s][info][gc,phases,start] GC(117) Phase 4: Move objects
[3.736s][info][gc,phases      ] GC(117) Phase 4: Move objects 29.539ms
[3.736s][info][gc,heap        ] GC(117) DefNew: 156890K(157248K)->0K(157248K) Eden: 139776K(139776K)->0K(139776K) From: 17114K(17472K)->0K(17472K)
[3.736s][info][gc,heap        ] GC(117) Tenured: 349473K(349568K)->340747K(349568K)
[3.737s][info][gc,metaspace   ] GC(117) Metaspace: 25603K(26176K)->25603K(26176K) NonClass: 22895K(23232K)->22895K(23232K) Class: 2708K(2944K)->2708K(2944K)
[3.737s][info][gc             ] GC(117) Pause Full (Allocation Failure) 494M->332M(494M) 48.061ms
[3.737s][info][gc,cpu         ] GC(117) User=0.05s Sys=0.00s Real=0.05s
[3.745s][info][gc,start       ] GC(118) Pause Young (Allocation Failure)
[3.745s][info][gc             ] GC(118) Pause Young (Allocation Failure) 469M->469M(494M) 0.062ms
[3.745s][info][gc,cpu         ] GC(118) User=0.00s Sys=0.00s Real=0.00s
[3.745s][info][gc,start       ] GC(119) Pause Full (Allocation Failure)
[3.745s][info][gc,phases,start] GC(119) Phase 1: Mark live objects
[3.754s][info][gc,phases      ] GC(119) Phase 1: Mark live objects 8.654ms
[3.754s][info][gc,phases,start] GC(119) Phase 2: Compute new object addresses
[3.759s][info][gc,phases      ] GC(119) Phase 2: Compute new object addresses 4.468ms
[3.759s][info][gc,phases,start] GC(119) Phase 3: Adjust pointers
[3.764s][info][gc,phases      ] GC(119) Phase 3: Adjust pointers 5.597ms
[3.764s][info][gc,phases,start] GC(119) Phase 4: Move objects
[3.767s][info][gc,phases      ] GC(119) Phase 4: Move objects 2.571ms
[3.767s][info][gc,heap        ] GC(119) DefNew: 139538K(157248K)->12329K(157248K) Eden: 139538K(139776K)->12329K(139776K) From: 0K(17472K)->0K(17472K)
[3.767s][info][gc,heap        ] GC(119) Tenured: 340747K(349568K)->349515K(349568K)
[3.767s][info][gc,metaspace   ] GC(119) Metaspace: 25603K(26176K)->25603K(26176K) NonClass: 22895K(23232K)->22895K(23232K) Class: 2708K(2944K)->2708K(2944K)
[3.767s][info][gc             ] GC(119) Pause Full (Allocation Failure) 469M->353M(494M) 21.633ms
[3.767s][info][gc,cpu         ] GC(119) User=0.02s Sys=0.00s Real=0.02s
[3.778s][info][gc,start       ] GC(120) Pause Full (Allocation Failure)
[3.778s][info][gc,phases,start] GC(120) Phase 1: Mark live objects
[3.786s][info][gc,phases      ] GC(120) Phase 1: Mark live objects 7.986ms
[3.786s][info][gc,phases,start] GC(120) Phase 2: Compute new object addresses
[3.790s][info][gc,phases      ] GC(120) Phase 2: Compute new object addresses 4.131ms
[3.790s][info][gc,phases,start] GC(120) Phase 3: Adjust pointers
[3.795s][info][gc,phases      ] GC(120) Phase 3: Adjust pointers 5.171ms
[3.795s][info][gc,phases,start] GC(120) Phase 4: Move objects
[3.825s][info][gc,phases      ] GC(120) Phase 4: Move objects 29.970ms
[3.826s][info][gc,heap        ] GC(120) DefNew: 157015K(157248K)->8748K(157248K) Eden: 139776K(139776K)->8748K(139776K) From: 17239K(17472K)->0K(17472K)
[3.826s][info][gc,heap        ] GC(120) Tenured: 349515K(349568K)->349472K(349568K)
[3.826s][info][gc,metaspace   ] GC(120) Metaspace: 25603K(26176K)->25603K(26176K) NonClass: 22895K(23232K)->22895K(23232K) Class: 2708K(2944K)->2708K(2944K)
[3.826s][info][gc             ] GC(120) Pause Full (Allocation Failure) 494M->349M(494M) 47.637ms
[3.826s][info][gc,cpu         ] GC(120) User=0.05s Sys=0.00s Real=0.05s
[3.833s][info][gc,start       ] GC(121) Pause Full (Allocation Failure)
[3.833s][info][gc,phases,start] GC(121) Phase 1: Mark live objects
[3.842s][info][gc,phases      ] GC(121) Phase 1: Mark live objects 8.389ms
[3.842s][info][gc,phases,start] GC(121) Phase 2: Compute new object addresses
[3.846s][info][gc,phases      ] GC(121) Phase 2: Compute new object addresses 4.253ms
[3.846s][info][gc,phases,start] GC(121) Phase 3: Adjust pointers
[3.851s][info][gc,phases      ] GC(121) Phase 3: Adjust pointers 5.418ms
[3.851s][info][gc,phases,start] GC(121) Phase 4: Move objects
[3.880s][info][gc,phases      ] GC(121) Phase 4: Move objects 28.021ms
[3.880s][info][gc,heap        ] GC(121) DefNew: 157050K(157248K)->15160K(157248K) Eden: 139776K(139776K)->15160K(139776K) From: 17274K(17472K)->0K(17472K)
[3.880s][info][gc,heap        ] GC(121) Tenured: 349472K(349568K)->349475K(349568K)
[3.880s][info][gc,metaspace   ] GC(121) Metaspace: 25604K(26176K)->25604K(26176K) NonClass: 22895K(23232K)->22895K(23232K) Class: 2708K(2944K)->2708K(2944K)
[3.880s][info][gc             ] GC(121) Pause Full (Allocation Failure) 494M->356M(494M) 46.483ms
[3.880s][info][gc,cpu         ] GC(121) User=0.08s Sys=0.00s Real=0.04s
[3.890s][info][gc,start       ] GC(122) Pause Full (Allocation Failure)
[3.890s][info][gc,phases,start] GC(122) Phase 1: Mark live objects
[3.899s][info][gc,phases      ] GC(122) Phase 1: Mark live objects 8.162ms
[3.899s][info][gc,phases,start] GC(122) Phase 2: Compute new object addresses
[3.903s][info][gc,phases      ] GC(122) Phase 2: Compute new object addresses 4.248ms
[3.903s][info][gc,phases,start] GC(122) Phase 3: Adjust pointers
[3.908s][info][gc,phases      ] GC(122) Phase 3: Adjust pointers 5.344ms
[3.908s][info][gc,phases,start] GC(122) Phase 4: Move objects
[3.937s][info][gc,phases      ] GC(122) Phase 4: Move objects 28.799ms
[3.937s][info][gc,heap        ] GC(122) DefNew: 156835K(157248K)->0K(157248K) Eden: 139776K(139776K)->0K(139776K) From: 17059K(17472K)->0K(17472K)
[3.937s][info][gc,heap        ] GC(122) Tenured: 349475K(349568K)->343064K(349568K)
[3.937s][info][gc,metaspace   ] GC(122) Metaspace: 25604K(26176K)->25604K(26176K) NonClass: 22895K(23232K)->22895K(23232K) Class: 2708K(2944K)->2708K(2944K)
[3.937s][info][gc             ] GC(122) Pause Full (Allocation Failure) 494M->335M(494M) 46.954ms
[3.937s][info][gc,cpu         ] GC(122) User=0.05s Sys=0.00s Real=0.04s
[3.945s][info][gc,start       ] GC(123) Pause Young (Allocation Failure)
[3.945s][info][gc             ] GC(123) Pause Young (Allocation Failure) 471M->471M(494M) 0.071ms
[3.945s][info][gc,cpu         ] GC(123) User=0.00s Sys=0.00s Real=0.00s
[3.945s][info][gc,start       ] GC(124) Pause Full (Allocation Failure)
[3.945s][info][gc,phases,start] GC(124) Phase 1: Mark live objects
[3.953s][info][gc,phases      ] GC(124) Phase 1: Mark live objects 7.774ms
[3.953s][info][gc,phases,start] GC(124) Phase 2: Compute new object addresses
[3.957s][info][gc,phases      ] GC(124) Phase 2: Compute new object addresses 3.786ms
[3.957s][info][gc,phases,start] GC(124) Phase 3: Adjust pointers
[3.962s][info][gc,phases      ] GC(124) Phase 3: Adjust pointers 5.079ms
[3.962s][info][gc,phases,start] GC(124) Phase 4: Move objects
[3.982s][info][gc,phases      ] GC(124) Phase 4: Move objects 20.763ms
[3.983s][info][gc,heap        ] GC(124) DefNew: 139775K(157248K)->17210K(157248K) Eden: 139775K(139776K)->17210K(139776K) From: 0K(17472K)->0K(17472K)
[3.983s][info][gc,heap        ] GC(124) Tenured: 343064K(349568K)->349473K(349568K)
[3.983s][info][gc,metaspace   ] GC(124) Metaspace: 25604K(26176K)->25604K(26176K) NonClass: 22896K(23232K)->22896K(23232K) Class: 2708K(2944K)->2708K(2944K)
[3.983s][info][gc             ] GC(124) Pause Full (Allocation Failure) 471M->358M(494M) 37.765ms
[3.983s][info][gc,cpu         ] GC(124) User=0.04s Sys=0.00s Real=0.04s
[3.994s][info][gc,start       ] GC(125) Pause Full (Allocation Failure)
[3.994s][info][gc,phases,start] GC(125) Phase 1: Mark live objects
[4.002s][info][gc,phases      ] GC(125) Phase 1: Mark live objects 8.062ms
[4.002s][info][gc,phases,start] GC(125) Phase 2: Compute new object addresses
[4.006s][info][gc,phases      ] GC(125) Phase 2: Compute new object addresses 4.197ms
[4.006s][info][gc,phases,start] GC(125) Phase 3: Adjust pointers
[4.011s][info][gc,phases      ] GC(125) Phase 3: Adjust pointers 5.391ms
[4.011s][info][gc,phases,start] GC(125) Phase 4: Move objects
[4.040s][info][gc,phases      ] GC(125) Phase 4: Move objects 28.330ms
[4.040s][info][gc,heap        ] GC(125) DefNew: 156962K(157248K)->10280K(157248K) Eden: 139776K(139776K)->10280K(139776K) From: 17186K(17472K)->0K(17472K)
[4.040s][info][gc,heap        ] GC(125) Tenured: 349473K(349568K)->349487K(349568K)
[4.040s][info][gc,metaspace   ] GC(125) Metaspace: 25604K(26176K)->25604K(26176K) NonClass: 22896K(23232K)->22896K(23232K) Class: 2708K(2944K)->2708K(2944K)
[4.040s][info][gc             ] GC(125) Pause Full (Allocation Failure) 494M->351M(494M) 46.420ms
[4.040s][info][gc,cpu         ] GC(125) User=0.05s Sys=0.00s Real=0.04s
[4.051s][info][gc,start       ] GC(126) Pause Full (Allocation Failure)
[4.051s][info][gc,phases,start] GC(126) Phase 1: Mark live objects
[4.059s][info][gc,phases      ] GC(126) Phase 1: Mark live objects 8.662ms
[4.059s][info][gc,phases,start] GC(126) Phase 2: Compute new object addresses
[4.064s][info][gc,phases      ] GC(126) Phase 2: Compute new object addresses 4.213ms
[4.064s][info][gc,phases,start] GC(126) Phase 3: Adjust pointers
[4.069s][info][gc,phases      ] GC(126) Phase 3: Adjust pointers 5.307ms
[4.069s][info][gc,phases,start] GC(126) Phase 4: Move objects
[4.099s][info][gc,phases      ] GC(126) Phase 4: Move objects 29.734ms
[4.099s][info][gc,heap        ] GC(126) DefNew: 157125K(157248K)->8735K(157248K) Eden: 139776K(139776K)->8735K(139776K) From: 17349K(17472K)->0K(17472K)
[4.099s][info][gc,heap        ] GC(126) Tenured: 349487K(349568K)->349483K(349568K)
[4.099s][info][gc,metaspace   ] GC(126) Metaspace: 25604K(26176K)->25604K(26176K) NonClass: 22896K(23232K)->22896K(23232K) Class: 2708K(2944K)->2708K(2944K)
[4.099s][info][gc             ] GC(126) Pause Full (Allocation Failure) 494M->349M(494M) 48.299ms
[4.099s][info][gc,cpu         ] GC(126) User=0.05s Sys=0.00s Real=0.04s
[4.110s][info][gc,start       ] GC(127) Pause Full (Allocation Failure)
[4.110s][info][gc,phases,start] GC(127) Phase 1: Mark live objects
[4.118s][info][gc,phases      ] GC(127) Phase 1: Mark live objects 7.888ms
[4.118s][info][gc,phases,start] GC(127) Phase 2: Compute new object addresses
[4.122s][info][gc,phases      ] GC(127) Phase 2: Compute new object addresses 4.125ms
[4.122s][info][gc,phases,start] GC(127) Phase 3: Adjust pointers
[4.127s][info][gc,phases      ] GC(127) Phase 3: Adjust pointers 5.333ms
[4.127s][info][gc,phases,start] GC(127) Phase 4: Move objects
[4.157s][info][gc,phases      ] GC(127) Phase 4: Move objects 29.884ms
[4.157s][info][gc,heap        ] GC(127) DefNew: 157163K(157248K)->0K(157248K) Eden: 139776K(139776K)->0K(139776K) From: 17387K(17472K)->0K(17472K)
[4.157s][info][gc,heap        ] GC(127) Tenured: 349483K(349568K)->344084K(349568K)
[4.157s][info][gc,metaspace   ] GC(127) Metaspace: 25604K(26176K)->25604K(26176K) NonClass: 22896K(23232K)->22896K(23232K) Class: 2708K(2944K)->2708K(2944K)
[4.157s][info][gc             ] GC(127) Pause Full (Allocation Failure) 494M->336M(494M) 47.636ms
[4.157s][info][gc,cpu         ] GC(127) User=0.08s Sys=0.00s Real=0.05s
[4.165s][info][gc,start       ] GC(128) Pause Young (Allocation Failure)
[4.165s][info][gc             ] GC(128) Pause Young (Allocation Failure) 472M->472M(494M) 0.081ms
[4.165s][info][gc,cpu         ] GC(128) User=0.00s Sys=0.00s Real=0.00s
[4.165s][info][gc,start       ] GC(129) Pause Full (Allocation Failure)
[4.165s][info][gc,phases,start] GC(129) Phase 1: Mark live objects
[4.173s][info][gc,phases      ] GC(129) Phase 1: Mark live objects 8.383ms
[4.174s][info][gc,phases,start] GC(129) Phase 2: Compute new object addresses
[4.178s][info][gc,phases      ] GC(129) Phase 2: Compute new object addresses 4.089ms
[4.178s][info][gc,phases,start] GC(129) Phase 3: Adjust pointers
[4.183s][info][gc,phases      ] GC(129) Phase 3: Adjust pointers 5.600ms
[4.183s][info][gc,phases,start] GC(129) Phase 4: Move objects
[4.188s][info][gc,phases      ] GC(129) Phase 4: Move objects 4.281ms
[4.188s][info][gc,heap        ] GC(129) DefNew: 139693K(157248K)->15931K(157248K) Eden: 139693K(139776K)->15931K(139776K) From: 0K(17472K)->0K(17472K)
[4.188s][info][gc,heap        ] GC(129) Tenured: 344084K(349568K)->349469K(349568K)
[4.188s][info][gc,metaspace   ] GC(129) Metaspace: 25604K(26176K)->25604K(26176K) NonClass: 22896K(23232K)->22896K(23232K) Class: 2708K(2944K)->2708K(2944K)
[4.188s][info][gc             ] GC(129) Pause Full (Allocation Failure) 472M->356M(494M) 22.686ms
[4.188s][info][gc,cpu         ] GC(129) User=0.03s Sys=0.00s Real=0.02s
[4.198s][info][gc,start       ] GC(130) Pause Full (Allocation Failure)
[4.198s][info][gc,phases,start] GC(130) Phase 1: Mark live objects
[4.207s][info][gc,phases      ] GC(130) Phase 1: Mark live objects 8.130ms
[4.207s][info][gc,phases,start] GC(130) Phase 2: Compute new object addresses
[4.210s][info][gc,phases      ] GC(130) Phase 2: Compute new object addresses 3.847ms
[4.210s][info][gc,phases,start] GC(130) Phase 3: Adjust pointers
[4.215s][info][gc,phases      ] GC(130) Phase 3: Adjust pointers 4.958ms
[4.215s][info][gc,phases,start] GC(130) Phase 4: Move objects
[4.245s][info][gc,phases      ] GC(130) Phase 4: Move objects 29.910ms
[4.246s][info][gc,heap        ] GC(130) DefNew: 156293K(157248K)->0K(157248K) Eden: 139776K(139776K)->0K(139776K) From: 16517K(17472K)->0K(17472K)
[4.246s][info][gc,heap        ] GC(130) Tenured: 349469K(349568K)->342297K(349568K)
[4.246s][info][gc,metaspace   ] GC(130) Metaspace: 25604K(26176K)->25604K(26176K) NonClass: 22896K(23232K)->22896K(23232K) Class: 2708K(2944K)->2708K(2944K)
[4.246s][info][gc             ] GC(130) Pause Full (Allocation Failure) 493M->334M(494M) 47.259ms
[4.246s][info][gc,cpu         ] GC(130) User=0.05s Sys=0.00s Real=0.05s
[4.253s][info][gc,start       ] GC(131) Pause Young (Allocation Failure)
[4.253s][info][gc             ] GC(131) Pause Young (Allocation Failure) 470M->470M(494M) 0.080ms
[4.253s][info][gc,cpu         ] GC(131) User=0.00s Sys=0.00s Real=0.00s
[4.253s][info][gc,start       ] GC(132) Pause Full (Allocation Failure)
[4.253s][info][gc,phases,start] GC(132) Phase 1: Mark live objects
[4.262s][info][gc,phases      ] GC(132) Phase 1: Mark live objects 8.736ms
[4.262s][info][gc,phases,start] GC(132) Phase 2: Compute new object addresses
[4.266s][info][gc,phases      ] GC(132) Phase 2: Compute new object addresses 4.113ms
[4.266s][info][gc,phases,start] GC(132) Phase 3: Adjust pointers
[4.271s][info][gc,phases      ] GC(132) Phase 3: Adjust pointers 5.381ms
[4.271s][info][gc,phases,start] GC(132) Phase 4: Move objects
[4.292s][info][gc,phases      ] GC(132) Phase 4: Move objects 20.995ms
[4.292s][info][gc,heap        ] GC(132) DefNew: 139470K(157248K)->16964K(157248K) Eden: 139470K(139776K)->16964K(139776K) From: 0K(17472K)->0K(17472K)
[4.292s][info][gc,heap        ] GC(132) Tenured: 342297K(349568K)->349466K(349568K)
[4.292s][info][gc,metaspace   ] GC(132) Metaspace: 25604K(26176K)->25604K(26176K) NonClass: 22896K(23232K)->22896K(23232K) Class: 2708K(2944K)->2708K(2944K)
[4.293s][info][gc             ] GC(132) Pause Full (Allocation Failure) 470M->357M(494M) 39.582ms
[4.293s][info][gc,cpu         ] GC(132) User=0.04s Sys=0.00s Real=0.04s
[4.303s][info][gc,start       ] GC(133) Pause Full (Allocation Failure)
[4.303s][info][gc,phases,start] GC(133) Phase 1: Mark live objects
[4.312s][info][gc,phases      ] GC(133) Phase 1: Mark live objects 8.551ms
[4.312s][info][gc,phases,start] GC(133) Phase 2: Compute new object addresses
[4.316s][info][gc,phases      ] GC(133) Phase 2: Compute new object addresses 4.417ms
[4.316s][info][gc,phases,start] GC(133) Phase 3: Adjust pointers
[4.322s][info][gc,phases      ] GC(133) Phase 3: Adjust pointers 5.512ms
[4.322s][info][gc,phases,start] GC(133) Phase 4: Move objects
[4.351s][info][gc,phases      ] GC(133) Phase 4: Move objects 29.390ms
[4.352s][info][gc,heap        ] GC(133) DefNew: 156312K(157248K)->0K(157248K) Eden: 139776K(139776K)->0K(139776K) From: 16536K(17472K)->0K(17472K)
[4.352s][info][gc,heap        ] GC(133) Tenured: 349466K(349568K)->343576K(349568K)
[4.352s][info][gc,metaspace   ] GC(133) Metaspace: 25604K(26176K)->25604K(26176K) NonClass: 22896K(23232K)->22896K(23232K) Class: 2708K(2944K)->2708K(2944K)
[4.352s][info][gc             ] GC(133) Pause Full (Allocation Failure) 493M->335M(494M) 48.272ms
[4.352s][info][gc,cpu         ] GC(133) User=0.04s Sys=0.00s Real=0.05s
[4.361s][info][gc,start       ] GC(134) Pause Young (GCLocker Initiated GC)
[4.361s][info][gc,heap        ] GC(134) DefNew: 139854K(157248K)->139854K(157248K) Eden: 139598K(139776K)->139598K(139776K) From: 256K(17472K)->256K(17472K)
[4.361s][info][gc,heap        ] GC(134) Tenured: 343576K(349568K)->343576K(349568K)
[4.361s][info][gc,metaspace   ] GC(134) Metaspace: 25604K(26176K)->25604K(26176K) NonClass: 22896K(23232K)->22896K(23232K) Class: 2708K(2944K)->2708K(2944K)
[4.361s][info][gc             ] GC(134) Pause Young (GCLocker Initiated GC) 472M->472M(494M) 0.145ms
[4.361s][info][gc,cpu         ] GC(134) User=0.00s Sys=0.00s Real=0.00s
[4.361s][info][gc,start       ] GC(135) Pause Full (GCLocker Initiated GC)
[4.361s][info][gc,phases,start] GC(135) Phase 1: Mark live objects
[4.369s][info][gc,phases      ] GC(135) Phase 1: Mark live objects 8.127ms
[4.369s][info][gc,phases,start] GC(135) Phase 2: Compute new object addresses
[4.373s][info][gc,phases      ] GC(135) Phase 2: Compute new object addresses 3.973ms
[4.373s][info][gc,phases,start] GC(135) Phase 3: Adjust pointers
[4.379s][info][gc,phases      ] GC(135) Phase 3: Adjust pointers 5.282ms
[4.379s][info][gc,phases,start] GC(135) Phase 4: Move objects
[4.403s][info][gc,phases      ] GC(135) Phase 4: Move objects 24.548ms
[4.403s][info][gc,heap        ] GC(135) DefNew: 139854K(157248K)->16962K(157248K) Eden: 139598K(139776K)->16962K(139776K) From: 256K(17472K)->0K(17472K)
[4.403s][info][gc,heap        ] GC(135) Tenured: 343576K(349568K)->349464K(349568K)
[4.403s][info][gc,metaspace   ] GC(135) Metaspace: 25604K(26176K)->25604K(26176K) NonClass: 22896K(23232K)->22896K(23232K) Class: 2708K(2944K)->2708K(2944K)
[4.403s][info][gc             ] GC(135) Pause Full (GCLocker Initiated GC) 472M->357M(494M) 42.283ms
[4.403s][info][gc,cpu         ] GC(135) User=0.04s Sys=0.00s Real=0.05s
[4.413s][info][gc,start       ] GC(136) Pause Full (Allocation Failure)
[4.413s][info][gc,phases,start] GC(136) Phase 1: Mark live objects
[4.421s][info][gc,phases      ] GC(136) Phase 1: Mark live objects 7.556ms
[4.421s][info][gc,phases,start] GC(136) Phase 2: Compute new object addresses
[4.425s][info][gc,phases      ] GC(136) Phase 2: Compute new object addresses 4.119ms
[4.425s][info][gc,phases,start] GC(136) Phase 3: Adjust pointers
[4.430s][info][gc,phases      ] GC(136) Phase 3: Adjust pointers 5.108ms
[4.430s][info][gc,phases,start] GC(136) Phase 4: Move objects
[4.459s][info][gc,phases      ] GC(136) Phase 4: Move objects 28.280ms
[4.459s][info][gc,heap        ] GC(136) DefNew: 157128K(157248K)->15176K(157248K) Eden: 139776K(139776K)->15176K(139776K) From: 17352K(17472K)->0K(17472K)
[4.459s][info][gc,heap        ] GC(136) Tenured: 349464K(349568K)->349460K(349568K)
[4.459s][info][gc,metaspace   ] GC(136) Metaspace: 25604K(26176K)->25604K(26176K) NonClass: 22896K(23232K)->22896K(23232K) Class: 2708K(2944K)->2708K(2944K)
[4.459s][info][gc             ] GC(136) Pause Full (Allocation Failure) 494M->356M(494M) 45.427ms
[4.459s][info][gc,cpu         ] GC(136) User=0.05s Sys=0.00s Real=0.04s
[4.469s][info][gc,start       ] GC(137) Pause Full (Allocation Failure)
[4.469s][info][gc,phases,start] GC(137) Phase 1: Mark live objects
[4.477s][info][gc,phases      ] GC(137) Phase 1: Mark live objects 7.869ms
[4.477s][info][gc,phases,start] GC(137) Phase 2: Compute new object addresses
[4.481s][info][gc,phases      ] GC(137) Phase 2: Compute new object addresses 4.005ms
[4.481s][info][gc,phases,start] GC(137) Phase 3: Adjust pointers
[4.486s][info][gc,phases      ] GC(137) Phase 3: Adjust pointers 5.296ms
[4.486s][info][gc,phases,start] GC(137) Phase 4: Move objects
[4.516s][info][gc,phases      ] GC(137) Phase 4: Move objects 29.287ms
[4.516s][info][gc,heap        ] GC(137) DefNew: 157137K(157248K)->9264K(157248K) Eden: 139776K(139776K)->9264K(139776K) From: 17361K(17472K)->0K(17472K)
[4.516s][info][gc,heap        ] GC(137) Tenured: 349460K(349568K)->349468K(349568K)
[4.516s][info][gc,metaspace   ] GC(137) Metaspace: 25604K(26176K)->25604K(26176K) NonClass: 22896K(23232K)->22896K(23232K) Class: 2708K(2944K)->2708K(2944K)
[4.516s][info][gc             ] GC(137) Pause Full (Allocation Failure) 494M->350M(494M) 46.865ms
[4.516s][info][gc,cpu         ] GC(137) User=0.05s Sys=0.00s Real=0.05s
[4.528s][info][gc,start       ] GC(138) Pause Full (Allocation Failure)
[4.528s][info][gc,phases,start] GC(138) Phase 1: Mark live objects
[4.536s][info][gc,phases      ] GC(138) Phase 1: Mark live objects 7.806ms
[4.536s][info][gc,phases,start] GC(138) Phase 2: Compute new object addresses
[4.540s][info][gc,phases      ] GC(138) Phase 2: Compute new object addresses 4.019ms
[4.540s][info][gc,phases,start] GC(138) Phase 3: Adjust pointers
[4.545s][info][gc,phases      ] GC(138) Phase 3: Adjust pointers 5.153ms
[4.545s][info][gc,phases,start] GC(138) Phase 4: Move objects
[4.574s][info][gc,phases      ] GC(138) Phase 4: Move objects 29.024ms
[4.574s][info][gc,heap        ] GC(138) DefNew: 157248K(157248K)->0K(157248K) Eden: 139776K(139776K)->0K(139776K) From: 17472K(17472K)->0K(17472K)
[4.574s][info][gc,heap        ] GC(138) Tenured: 349475K(349568K)->343056K(349568K)
[4.574s][info][gc,metaspace   ] GC(138) Metaspace: 25604K(26176K)->25604K(26176K) NonClass: 22896K(23232K)->22896K(23232K) Class: 2708K(2944K)->2708K(2944K)
[4.574s][info][gc             ] GC(138) Pause Full (Allocation Failure) 494M->335M(494M) 46.374ms
[4.574s][info][gc,cpu         ] GC(138) User=0.05s Sys=0.00s Real=0.05s
[4.581s][info][gc,start       ] GC(139) Pause Young (Allocation Failure)
[4.581s][info][gc             ] GC(139) Pause Young (Allocation Failure) 471M->471M(494M) 0.076ms
[4.581s][info][gc,cpu         ] GC(139) User=0.00s Sys=0.00s Real=0.00s
[4.581s][info][gc,start       ] GC(140) Pause Full (Allocation Failure)
[4.581s][info][gc,phases,start] GC(140) Phase 1: Mark live objects
[4.589s][info][gc,phases      ] GC(140) Phase 1: Mark live objects 8.167ms
[4.589s][info][gc,phases,start] GC(140) Phase 2: Compute new object addresses
[4.593s][info][gc,phases      ] GC(140) Phase 2: Compute new object addresses 3.875ms
[4.593s][info][gc,phases,start] GC(140) Phase 3: Adjust pointers
[4.598s][info][gc,phases      ] GC(140) Phase 3: Adjust pointers 5.211ms
[4.598s][info][gc,phases,start] GC(140) Phase 4: Move objects
[4.602s][info][gc,phases      ] GC(140) Phase 4: Move objects 3.540ms
[4.602s][info][gc,heap        ] GC(140) DefNew: 139554K(157248K)->15420K(157248K) Eden: 139554K(139776K)->15420K(139776K) From: 0K(17472K)->0K(17472K)
[4.602s][info][gc,heap        ] GC(140) Tenured: 343056K(349568K)->349474K(349568K)
[4.602s][info][gc,metaspace   ] GC(140) Metaspace: 25604K(26176K)->25604K(26176K) NonClass: 22896K(23232K)->22896K(23232K) Class: 2708K(2944K)->2708K(2944K)
[4.602s][info][gc             ] GC(140) Pause Full (Allocation Failure) 471M->356M(494M) 21.067ms
[4.602s][info][gc,cpu         ] GC(140) User=0.02s Sys=0.00s Real=0.02s
[4.614s][info][gc,start       ] GC(141) Pause Full (Allocation Failure)
[4.614s][info][gc,phases,start] GC(141) Phase 1: Mark live objects
[4.622s][info][gc,phases      ] GC(141) Phase 1: Mark live objects 8.011ms
[4.622s][info][gc,phases,start] GC(141) Phase 2: Compute new object addresses
[4.626s][info][gc,phases      ] GC(141) Phase 2: Compute new object addresses 4.316ms
[4.626s][info][gc,phases,start] GC(141) Phase 3: Adjust pointers
[4.632s][info][gc,phases      ] GC(141) Phase 3: Adjust pointers 5.349ms
[4.632s][info][gc,phases,start] GC(141) Phase 4: Move objects
[4.661s][info][gc,phases      ] GC(141) Phase 4: Move objects 29.265ms
[4.661s][info][gc,heap        ] GC(141) DefNew: 157073K(157248K)->8994K(157248K) Eden: 139775K(139776K)->8994K(139776K) From: 17297K(17472K)->0K(17472K)
[4.661s][info][gc,heap        ] GC(141) Tenured: 349474K(349568K)->349483K(349568K)
[4.661s][info][gc,metaspace   ] GC(141) Metaspace: 25604K(26176K)->25604K(26176K) NonClass: 22896K(23232K)->22896K(23232K) Class: 2708K(2944K)->2708K(2944K)
[4.661s][info][gc             ] GC(141) Pause Full (Allocation Failure) 494M->350M(494M) 47.333ms
[4.661s][info][gc,cpu         ] GC(141) User=0.05s Sys=0.00s Real=0.04s
[4.672s][info][gc,start       ] GC(142) Pause Full (Allocation Failure)
[4.672s][info][gc,phases,start] GC(142) Phase 1: Mark live objects
[4.680s][info][gc,phases      ] GC(142) Phase 1: Mark live objects 7.916ms
[4.680s][info][gc,phases,start] GC(142) Phase 2: Compute new object addresses
[4.684s][info][gc,phases      ] GC(142) Phase 2: Compute new object addresses 3.969ms
[4.684s][info][gc,phases,start] GC(142) Phase 3: Adjust pointers
[4.689s][info][gc,phases      ] GC(142) Phase 3: Adjust pointers 5.167ms
[4.689s][info][gc,phases,start] GC(142) Phase 4: Move objects
[4.718s][info][gc,phases      ] GC(142) Phase 4: Move objects 29.308ms
[4.719s][info][gc,heap        ] GC(142) DefNew: 157068K(157248K)->0K(157248K) Eden: 139776K(139776K)->0K(139776K) From: 17292K(17472K)->0K(17472K)
[4.719s][info][gc,heap        ] GC(142) Tenured: 349483K(349568K)->342292K(349568K)
[4.719s][info][gc,metaspace   ] GC(142) Metaspace: 25604K(26176K)->25604K(26176K) NonClass: 22896K(23232K)->22896K(23232K) Class: 2708K(2944K)->2708K(2944K)
[4.719s][info][gc             ] GC(142) Pause Full (Allocation Failure) 494M->334M(494M) 46.755ms
[4.719s][info][gc,cpu         ] GC(142) User=0.05s Sys=0.00s Real=0.04s
[4.726s][info][gc,start       ] GC(143) Pause Young (Allocation Failure)
[4.726s][info][gc             ] GC(143) Pause Young (Allocation Failure) 470M->470M(494M) 0.069ms
[4.726s][info][gc,cpu         ] GC(143) User=0.00s Sys=0.00s Real=0.00s
[4.726s][info][gc,start       ] GC(144) Pause Full (Allocation Failure)
[4.726s][info][gc,phases,start] GC(144) Phase 1: Mark live objects
[4.734s][info][gc,phases      ] GC(144) Phase 1: Mark live objects 7.666ms
[4.734s][info][gc,phases,start] GC(144) Phase 2: Compute new object addresses
[4.738s][info][gc,phases      ] GC(144) Phase 2: Compute new object addresses 3.810ms
[4.738s][info][gc,phases,start] GC(144) Phase 3: Adjust pointers
[4.743s][info][gc,phases      ] GC(144) Phase 3: Adjust pointers 5.134ms
[4.743s][info][gc,phases,start] GC(144) Phase 4: Move objects
[4.772s][info][gc,phases      ] GC(144) Phase 4: Move objects 28.834ms
[4.772s][info][gc,heap        ] GC(144) DefNew: 139776K(157248K)->0K(157248K) Eden: 139776K(139776K)->0K(139776K) From: 0K(17472K)->0K(17472K)
[4.772s][info][gc,heap        ] GC(144) Tenured: 342292K(349568K)->346907K(349568K)
[4.772s][info][gc,metaspace   ] GC(144) Metaspace: 25604K(26176K)->25604K(26176K) NonClass: 22896K(23232K)->22896K(23232K) Class: 2708K(2944K)->2708K(2944K)
[4.772s][info][gc             ] GC(144) Pause Full (Allocation Failure) 470M->338M(494M) 45.773ms
[4.772s][info][gc,cpu         ] GC(144) User=0.04s Sys=0.00s Real=0.05s
[4.779s][info][gc,start       ] GC(145) Pause Young (Allocation Failure)
[4.779s][info][gc             ] GC(145) Pause Young (Allocation Failure) 475M->475M(494M) 0.060ms
[4.779s][info][gc,cpu         ] GC(145) User=0.00s Sys=0.00s Real=0.00s
[4.779s][info][gc,start       ] GC(146) Pause Full (Allocation Failure)
[4.779s][info][gc,phases,start] GC(146) Phase 1: Mark live objects
[4.787s][info][gc,phases      ] GC(146) Phase 1: Mark live objects 8.142ms
[4.787s][info][gc,phases,start] GC(146) Phase 2: Compute new object addresses
[4.791s][info][gc,phases      ] GC(146) Phase 2: Compute new object addresses 4.018ms
[4.791s][info][gc,phases,start] GC(146) Phase 3: Adjust pointers
[4.796s][info][gc,phases      ] GC(146) Phase 3: Adjust pointers 5.342ms
[4.796s][info][gc,phases,start] GC(146) Phase 4: Move objects
[4.800s][info][gc,phases      ] GC(146) Phase 4: Move objects 4.122ms
[4.801s][info][gc,heap        ] GC(146) DefNew: 139776K(157248K)->19011K(157248K) Eden: 139776K(139776K)->19011K(139776K) From: 0K(17472K)->0K(17472K)
[4.801s][info][gc,heap        ] GC(146) Tenured: 346907K(349568K)->349467K(349568K)
[4.801s][info][gc,metaspace   ] GC(146) Metaspace: 25605K(26176K)->25605K(26176K) NonClass: 22896K(23232K)->22896K(23232K) Class: 2708K(2944K)->2708K(2944K)
[4.801s][info][gc             ] GC(146) Pause Full (Allocation Failure) 475M->359M(494M) 21.962ms
[4.801s][info][gc,cpu         ] GC(146) User=0.03s Sys=0.00s Real=0.02s
[4.811s][info][gc,start       ] GC(147) Pause Full (Allocation Failure)
[4.811s][info][gc,phases,start] GC(147) Phase 1: Mark live objects
[4.819s][info][gc,phases      ] GC(147) Phase 1: Mark live objects 7.894ms
[4.819s][info][gc,phases,start] GC(147) Phase 2: Compute new object addresses
[4.823s][info][gc,phases      ] GC(147) Phase 2: Compute new object addresses 3.917ms
[4.823s][info][gc,phases,start] GC(147) Phase 3: Adjust pointers
[4.828s][info][gc,phases      ] GC(147) Phase 3: Adjust pointers 5.104ms
[4.828s][info][gc,phases,start] GC(147) Phase 4: Move objects
[4.856s][info][gc,phases      ] GC(147) Phase 4: Move objects 28.315ms
[4.857s][info][gc,heap        ] GC(147) DefNew: 157247K(157248K)->11835K(157248K) Eden: 139776K(139776K)->11835K(139776K) From: 17471K(17472K)->0K(17472K)
[4.857s][info][gc,heap        ] GC(147) Tenured: 349467K(349568K)->349470K(349568K)
[4.857s][info][gc,metaspace   ] GC(147) Metaspace: 25605K(26176K)->25605K(26176K) NonClass: 22896K(23232K)->22896K(23232K) Class: 2708K(2944K)->2708K(2944K)
[4.857s][info][gc             ] GC(147) Pause Full (Allocation Failure) 494M->352M(494M) 45.585ms
[4.857s][info][gc,cpu         ] GC(147) User=0.05s Sys=0.00s Real=0.04s
[4.868s][info][gc,start       ] GC(148) Pause Full (Allocation Failure)
[4.868s][info][gc,phases,start] GC(148) Phase 1: Mark live objects
[4.876s][info][gc,phases      ] GC(148) Phase 1: Mark live objects 7.714ms
[4.876s][info][gc,phases,start] GC(148) Phase 2: Compute new object addresses
[4.880s][info][gc,phases      ] GC(148) Phase 2: Compute new object addresses 4.115ms
[4.880s][info][gc,phases,start] GC(148) Phase 3: Adjust pointers
[4.885s][info][gc,phases      ] GC(148) Phase 3: Adjust pointers 5.346ms
[4.885s][info][gc,phases,start] GC(148) Phase 4: Move objects
[4.915s][info][gc,phases      ] GC(148) Phase 4: Move objects 29.799ms
[4.915s][info][gc,heap        ] GC(148) DefNew: 157168K(157248K)->2823K(157248K) Eden: 139776K(139776K)->2823K(139776K) From: 17392K(17472K)->0K(17472K)
[4.915s][info][gc,heap        ] GC(148) Tenured: 349470K(349568K)->349483K(349568K)
[4.915s][info][gc,metaspace   ] GC(148) Metaspace: 25605K(26176K)->25605K(26176K) NonClass: 22896K(23232K)->22896K(23232K) Class: 2708K(2944K)->2708K(2944K)
[4.915s][info][gc             ] GC(148) Pause Full (Allocation Failure) 494M->344M(494M) 47.369ms
[4.915s][info][gc,cpu         ] GC(148) User=0.06s Sys=0.00s Real=0.05s
[4.926s][info][gc,start       ] GC(149) Pause Full (Allocation Failure)
[4.926s][info][gc,phases,start] GC(149) Phase 1: Mark live objects
[4.934s][info][gc,phases      ] GC(149) Phase 1: Mark live objects 8.175ms
[4.934s][info][gc,phases,start] GC(149) Phase 2: Compute new object addresses
[4.938s][info][gc,phases      ] GC(149) Phase 2: Compute new object addresses 4.154ms
[4.938s][info][gc,phases,start] GC(149) Phase 3: Adjust pointers
[4.944s][info][gc,phases      ] GC(149) Phase 3: Adjust pointers 5.187ms
[4.944s][info][gc,phases,start] GC(149) Phase 4: Move objects
[4.973s][info][gc,phases      ] GC(149) Phase 4: Move objects 29.138ms
[4.973s][info][gc,heap        ] GC(149) DefNew: 156875K(157248K)->0K(157248K) Eden: 139776K(139776K)->0K(139776K) From: 17099K(17472K)->0K(17472K)
[4.973s][info][gc,heap        ] GC(149) Tenured: 349483K(349568K)->346397K(349568K)
[4.973s][info][gc,metaspace   ] GC(149) Metaspace: 25605K(26176K)->25605K(26176K) NonClass: 22896K(23232K)->22896K(23232K) Class: 2708K(2944K)->2708K(2944K)
[4.973s][info][gc             ] GC(149) Pause Full (Allocation Failure) 494M->338M(494M) 47.066ms
[4.973s][info][gc,cpu         ] GC(149) User=0.06s Sys=0.00s Real=0.05s
[4.980s][info][gc,start       ] GC(150) Pause Young (Allocation Failure)
[4.981s][info][gc             ] GC(150) Pause Young (Allocation Failure) 474M->474M(494M) 0.073ms
[4.981s][info][gc,cpu         ] GC(150) User=0.00s Sys=0.00s Real=0.00s
[4.981s][info][gc,start       ] GC(151) Pause Full (Allocation Failure)
[4.981s][info][gc,phases,start] GC(151) Phase 1: Mark live objects
[4.989s][info][gc,phases      ] GC(151) Phase 1: Mark live objects 8.697ms
[4.989s][info][gc,phases,start] GC(151) Phase 2: Compute new object addresses
[4.994s][info][gc,phases      ] GC(151) Phase 2: Compute new object addresses 4.181ms
[4.994s][info][gc,phases,start] GC(151) Phase 3: Adjust pointers
[4.999s][info][gc,phases      ] GC(151) Phase 3: Adjust pointers 5.781ms
[4.999s][info][gc,phases,start] GC(151) Phase 4: Move objects
[5.019s][info][gc,phases      ] GC(151) Phase 4: Move objects 20.114ms
[5.020s][info][gc,heap        ] GC(151) DefNew: 139776K(157248K)->19012K(157248K) Eden: 139776K(139776K)->19012K(139776K) From: 0K(17472K)->0K(17472K)
[5.020s][info][gc,heap        ] GC(151) Tenured: 346397K(349568K)->349471K(349568K)
[5.020s][info][gc,metaspace   ] GC(151) Metaspace: 25605K(26176K)->25605K(26176K) NonClass: 22896K(23232K)->22896K(23232K) Class: 2708K(2944K)->2708K(2944K)
[5.020s][info][gc             ] GC(151) Pause Full (Allocation Failure) 474M->359M(494M) 39.157ms
[5.020s][info][gc,cpu         ] GC(151) User=0.05s Sys=0.00s Real=0.04s
[5.033s][info][gc,start       ] GC(152) Pause Full (Allocation Failure)
[5.033s][info][gc,phases,start] GC(152) Phase 1: Mark live objects
[5.041s][info][gc,phases      ] GC(152) Phase 1: Mark live objects 8.796ms
[5.041s][info][gc,phases,start] GC(152) Phase 2: Compute new object addresses
[5.045s][info][gc,phases      ] GC(152) Phase 2: Compute new object addresses 3.955ms
[5.045s][info][gc,phases,start] GC(152) Phase 3: Adjust pointers
[5.051s][info][gc,phases      ] GC(152) Phase 3: Adjust pointers 5.173ms
[5.051s][info][gc,phases,start] GC(152) Phase 4: Move objects
[5.080s][info][gc,phases      ] GC(152) Phase 4: Move objects 29.117ms
[5.080s][info][gc,heap        ] GC(152) DefNew: 157216K(157248K)->0K(157248K) Eden: 139776K(139776K)->0K(139776K) From: 17440K(17472K)->0K(17472K)
[5.080s][info][gc,heap        ] GC(152) Tenured: 349471K(349568K)->343057K(349568K)
[5.080s][info][gc,metaspace   ] GC(152) Metaspace: 25606K(26176K)->25606K(26176K) NonClass: 22897K(23232K)->22897K(23232K) Class: 2708K(2944K)->2708K(2944K)
[5.080s][info][gc             ] GC(152) Pause Full (Allocation Failure) 494M->335M(494M) 47.434ms
[5.080s][info][gc,cpu         ] GC(152) User=0.06s Sys=0.00s Real=0.04s
[5.086s][info][gc,start       ] GC(153) Pause Young (Allocation Failure)
[5.087s][info][gc             ] GC(153) Pause Young (Allocation Failure) 471M->471M(494M) 0.063ms
[5.087s][info][gc,cpu         ] GC(153) User=0.00s Sys=0.00s Real=0.00s
[5.087s][info][gc,start       ] GC(154) Pause Full (Allocation Failure)
[5.087s][info][gc,phases,start] GC(154) Phase 1: Mark live objects
[5.095s][info][gc,phases      ] GC(154) Phase 1: Mark live objects 7.934ms
[5.095s][info][gc,phases,start] GC(154) Phase 2: Compute new object addresses
[5.098s][info][gc,phases      ] GC(154) Phase 2: Compute new object addresses 3.783ms
[5.098s][info][gc,phases,start] GC(154) Phase 3: Adjust pointers
[5.103s][info][gc,phases      ] GC(154) Phase 3: Adjust pointers 5.009ms
[5.103s][info][gc,phases,start] GC(154) Phase 4: Move objects
[5.107s][info][gc,phases      ] GC(154) Phase 4: Move objects 3.224ms
[5.107s][info][gc,heap        ] GC(154) DefNew: 139761K(157248K)->15160K(157248K) Eden: 139761K(139776K)->15160K(139776K) From: 0K(17472K)->0K(17472K)
[5.107s][info][gc,heap        ] GC(154) Tenured: 343057K(349568K)->349479K(349568K)
[5.107s][info][gc,metaspace   ] GC(154) Metaspace: 25607K(26176K)->25607K(26176K) NonClass: 22898K(23232K)->22898K(23232K) Class: 2708K(2944K)->2708K(2944K)
[5.107s][info][gc             ] GC(154) Pause Full (Allocation Failure) 471M->356M(494M) 20.231ms
[5.107s][info][gc,cpu         ] GC(154) User=0.02s Sys=0.00s Real=0.02s
[5.117s][info][gc,start       ] GC(155) Pause Full (Allocation Failure)
[5.117s][info][gc,phases,start] GC(155) Phase 1: Mark live objects
[5.125s][info][gc,phases      ] GC(155) Phase 1: Mark live objects 7.454ms
[5.125s][info][gc,phases,start] GC(155) Phase 2: Compute new object addresses
[5.129s][info][gc,phases      ] GC(155) Phase 2: Compute new object addresses 3.831ms
[5.129s][info][gc,phases,start] GC(155) Phase 3: Adjust pointers
[5.134s][info][gc,phases      ] GC(155) Phase 3: Adjust pointers 5.021ms
[5.134s][info][gc,phases,start] GC(155) Phase 4: Move objects
[5.164s][info][gc,phases      ] GC(155) Phase 4: Move objects 29.818ms
[5.164s][info][gc,heap        ] GC(155) DefNew: 156919K(157248K)->0K(157248K) Eden: 139776K(139776K)->0K(139776K) From: 17143K(17472K)->0K(17472K)
[5.164s][info][gc,heap        ] GC(155) Tenured: 349479K(349568K)->340492K(349568K)
[5.164s][info][gc,metaspace   ] GC(155) Metaspace: 25607K(26176K)->25607K(26176K) NonClass: 22898K(23232K)->22898K(23232K) Class: 2708K(2944K)->2708K(2944K)
[5.164s][info][gc             ] GC(155) Pause Full (Allocation Failure) 494M->332M(494M) 46.504ms
[5.164s][info][gc,cpu         ] GC(155) User=0.04s Sys=0.00s Real=0.05s
[5.171s][info][gc,start       ] GC(156) Pause Young (Allocation Failure)
[5.171s][info][gc             ] GC(156) Pause Young (Allocation Failure) 468M->468M(494M) 0.066ms
[5.171s][info][gc,cpu         ] GC(156) User=0.00s Sys=0.00s Real=0.00s
[5.171s][info][gc,start       ] GC(157) Pause Full (Allocation Failure)
[5.171s][info][gc,phases,start] GC(157) Phase 1: Mark live objects
[5.180s][info][gc,phases      ] GC(157) Phase 1: Mark live objects 9.312ms
[5.180s][info][gc,phases,start] GC(157) Phase 2: Compute new object addresses
[5.185s][info][gc,phases      ] GC(157) Phase 2: Compute new object addresses 4.551ms
[5.185s][info][gc,phases,start] GC(157) Phase 3: Adjust pointers
[5.191s][info][gc,phases      ] GC(157) Phase 3: Adjust pointers 5.677ms
[5.191s][info][gc,phases,start] GC(157) Phase 4: Move objects
[5.195s][info][gc,phases      ] GC(157) Phase 4: Move objects 3.940ms
[5.195s][info][gc,heap        ] GC(157) DefNew: 139707K(157248K)->13105K(157248K) Eden: 139707K(139776K)->13105K(139776K) From: 0K(17472K)->0K(17472K)
[5.195s][info][gc,heap        ] GC(157) Tenured: 340492K(349568K)->349477K(349568K)
[5.195s][info][gc,metaspace   ] GC(157) Metaspace: 25609K(26176K)->25609K(26176K) NonClass: 22900K(23232K)->22900K(23232K) Class: 2708K(2944K)->2708K(2944K)
[5.195s][info][gc             ] GC(157) Pause Full (Allocation Failure) 468M->354M(494M) 23.846ms
[5.195s][info][gc,cpu         ] GC(157) User=0.02s Sys=0.00s Real=0.02s
[5.203s][info][gc,start       ] GC(158) Pause Full (Allocation Failure)
[5.203s][info][gc,phases,start] GC(158) Phase 1: Mark live objects
[5.211s][info][gc,phases      ] GC(158) Phase 1: Mark live objects 7.817ms
[5.211s][info][gc,phases,start] GC(158) Phase 2: Compute new object addresses
[5.214s][info][gc,phases      ] GC(158) Phase 2: Compute new object addresses 3.808ms
[5.214s][info][gc,phases,start] GC(158) Phase 3: Adjust pointers
[5.220s][info][gc,phases      ] GC(158) Phase 3: Adjust pointers 5.085ms
[5.220s][info][gc,phases,start] GC(158) Phase 4: Move objects
[5.247s][info][gc,phases      ] GC(158) Phase 4: Move objects 27.728ms
[5.248s][info][gc,heap        ] GC(158) DefNew: 157178K(157248K)->13631K(157248K) Eden: 139776K(139776K)->13631K(139776K) From: 17402K(17472K)->0K(17472K)
[5.248s][info][gc,heap        ] GC(158) Tenured: 349477K(349568K)->349464K(349568K)
[5.248s][info][gc,metaspace   ] GC(158) Metaspace: 25610K(26176K)->25610K(26176K) NonClass: 22901K(23232K)->22901K(23232K) Class: 2708K(2944K)->2708K(2944K)
[5.248s][info][gc             ] GC(158) Pause Full (Allocation Failure) 494M->354M(494M) 44.819ms
[5.248s][info][gc,cpu         ] GC(158) User=0.04s Sys=0.00s Real=0.04s
[5.258s][info][gc,start       ] GC(159) Pause Full (Allocation Failure)
[5.258s][info][gc,phases,start] GC(159) Phase 1: Mark live objects
[5.266s][info][gc,phases      ] GC(159) Phase 1: Mark live objects 7.960ms
[5.266s][info][gc,phases,start] GC(159) Phase 2: Compute new object addresses
[5.271s][info][gc,phases      ] GC(159) Phase 2: Compute new object addresses 4.051ms
[5.271s][info][gc,phases,start] GC(159) Phase 3: Adjust pointers
[5.276s][info][gc,phases      ] GC(159) Phase 3: Adjust pointers 5.227ms
[5.276s][info][gc,phases,start] GC(159) Phase 4: Move objects
[5.305s][info][gc,phases      ] GC(159) Phase 4: Move objects 29.397ms
[5.305s][info][gc,heap        ] GC(159) DefNew: 157186K(157248K)->10275K(157248K) Eden: 139776K(139776K)->10275K(139776K) From: 17410K(17472K)->0K(17472K)
[5.305s][info][gc,heap        ] GC(159) Tenured: 349464K(349568K)->349484K(349568K)
[5.305s][info][gc,metaspace   ] GC(159) Metaspace: 25610K(26176K)->25610K(26176K) NonClass: 22901K(23232K)->22901K(23232K) Class: 2708K(2944K)->2708K(2944K)
[5.305s][info][gc             ] GC(159) Pause Full (Allocation Failure) 494M->351M(494M) 47.014ms
[5.305s][info][gc,cpu         ] GC(159) User=0.04s Sys=0.00s Real=0.05s
[5.318s][info][gc,start       ] GC(160) Pause Full (Allocation Failure)
[5.318s][info][gc,phases,start] GC(160) Phase 1: Mark live objects
[5.326s][info][gc,phases      ] GC(160) Phase 1: Mark live objects 8.311ms
[5.326s][info][gc,phases,start] GC(160) Phase 2: Compute new object addresses
[5.331s][info][gc,phases      ] GC(160) Phase 2: Compute new object addresses 4.162ms
[5.331s][info][gc,phases,start] GC(160) Phase 3: Adjust pointers
[5.336s][info][gc,phases      ] GC(160) Phase 3: Adjust pointers 5.521ms
[5.336s][info][gc,phases,start] GC(160) Phase 4: Move objects
[5.365s][info][gc,phases      ] GC(160) Phase 4: Move objects 28.794ms
[5.365s][info][gc,heap        ] GC(160) DefNew: 157003K(157248K)->0K(157248K) Eden: 139776K(139776K)->0K(139776K) From: 17227K(17472K)->0K(17472K)
[5.365s][info][gc,heap        ] GC(160) Tenured: 349484K(349568K)->339981K(349568K)
[5.365s][info][gc,metaspace   ] GC(160) Metaspace: 25612K(26176K)->25612K(26176K) NonClass: 22903K(23232K)->22903K(23232K) Class: 2708K(2944K)->2708K(2944K)
[5.365s][info][gc             ] GC(160) Pause Full (Allocation Failure) 494M->332M(494M) 47.214ms
[5.365s][info][gc,cpu         ] GC(160) User=0.05s Sys=0.00s Real=0.05s
[5.372s][info][gc,start       ] GC(161) Pause Young (Allocation Failure)
[5.372s][info][gc             ] GC(161) Pause Young (Allocation Failure) 468M->468M(494M) 0.061ms
[5.372s][info][gc,cpu         ] GC(161) User=0.00s Sys=0.00s Real=0.00s
[5.372s][info][gc,start       ] GC(162) Pause Full (Allocation Failure)
[5.372s][info][gc,phases,start] GC(162) Phase 1: Mark live objects
[5.381s][info][gc,phases      ] GC(162) Phase 1: Mark live objects 8.172ms
[5.381s][info][gc,phases,start] GC(162) Phase 2: Compute new object addresses
[5.385s][info][gc,phases      ] GC(162) Phase 2: Compute new object addresses 3.988ms
[5.385s][info][gc,phases,start] GC(162) Phase 3: Adjust pointers
[5.390s][info][gc,phases      ] GC(162) Phase 3: Adjust pointers 5.248ms
[5.390s][info][gc,phases,start] GC(162) Phase 4: Move objects
[5.393s][info][gc,phases      ] GC(162) Phase 4: Move objects 2.843ms
[5.393s][info][gc,heap        ] GC(162) DefNew: 139776K(157248K)->15158K(157248K) Eden: 139776K(139776K)->15158K(139776K) From: 0K(17472K)->0K(17472K)
[5.393s][info][gc,heap        ] GC(162) Tenured: 339981K(349568K)->349503K(349568K)
[5.393s][info][gc,metaspace   ] GC(162) Metaspace: 25612K(26176K)->25612K(26176K) NonClass: 22903K(23232K)->22903K(23232K) Class: 2708K(2944K)->2708K(2944K)
[5.393s][info][gc             ] GC(162) Pause Full (Allocation Failure) 468M->356M(494M) 20.539ms
[5.393s][info][gc,cpu         ] GC(162) User=0.03s Sys=0.00s Real=0.02s
[5.404s][info][gc,start       ] GC(163) Pause Full (Allocation Failure)
[5.404s][info][gc,phases,start] GC(163) Phase 1: Mark live objects
[5.412s][info][gc,phases      ] GC(163) Phase 1: Mark live objects 8.161ms
[5.412s][info][gc,phases,start] GC(163) Phase 2: Compute new object addresses
[5.416s][info][gc,phases      ] GC(163) Phase 2: Compute new object addresses 4.031ms
[5.416s][info][gc,phases,start] GC(163) Phase 3: Adjust pointers
[5.422s][info][gc,phases      ] GC(163) Phase 3: Adjust pointers 5.400ms
[5.422s][info][gc,phases,start] GC(163) Phase 4: Move objects
[5.449s][info][gc,phases      ] GC(163) Phase 4: Move objects 27.517ms
[5.449s][info][gc,heap        ] GC(163) DefNew: 156505K(157248K)->11307K(157248K) Eden: 139776K(139776K)->11307K(139776K) From: 16729K(17472K)->0K(17472K)
[5.449s][info][gc,heap        ] GC(163) Tenured: 349503K(349568K)->349482K(349568K)
[5.449s][info][gc,metaspace   ] GC(163) Metaspace: 25612K(26176K)->25612K(26176K) NonClass: 22903K(23232K)->22903K(23232K) Class: 2708K(2944K)->2708K(2944K)
[5.449s][info][gc             ] GC(163) Pause Full (Allocation Failure) 494M->352M(494M) 45.516ms
[5.449s][info][gc,cpu         ] GC(163) User=0.04s Sys=0.00s Real=0.04s
[5.461s][info][gc,start       ] GC(164) Pause Full (Allocation Failure)
[5.461s][info][gc,phases,start] GC(164) Phase 1: Mark live objects
[5.469s][info][gc,phases      ] GC(164) Phase 1: Mark live objects 8.116ms
[5.469s][info][gc,phases,start] GC(164) Phase 2: Compute new object addresses
[5.473s][info][gc,phases      ] GC(164) Phase 2: Compute new object addresses 4.171ms
[5.473s][info][gc,phases,start] GC(164) Phase 3: Adjust pointers
[5.478s][info][gc,phases      ] GC(164) Phase 3: Adjust pointers 5.388ms
[5.478s][info][gc,phases,start] GC(164) Phase 4: Move objects
[5.507s][info][gc,phases      ] GC(164) Phase 4: Move objects 28.118ms
[5.507s][info][gc,heap        ] GC(164) DefNew: 156939K(157248K)->10024K(157248K) Eden: 139776K(139776K)->10024K(139776K) From: 17163K(17472K)->0K(17472K)
[5.507s][info][gc,heap        ] GC(164) Tenured: 349482K(349568K)->349481K(349568K)
[5.507s][info][gc,metaspace   ] GC(164) Metaspace: 25612K(26176K)->25612K(26176K) NonClass: 22903K(23232K)->22903K(23232K) Class: 2708K(2944K)->2708K(2944K)
[5.507s][info][gc             ] GC(164) Pause Full (Allocation Failure) 494M->351M(494M) 46.206ms
[5.507s][info][gc,cpu         ] GC(164) User=0.06s Sys=0.00s Real=0.05s
[5.517s][info][gc,start       ] GC(165) Pause Full (Allocation Failure)
[5.517s][info][gc,phases,start] GC(165) Phase 1: Mark live objects
[5.525s][info][gc,phases      ] GC(165) Phase 1: Mark live objects 7.714ms
[5.525s][info][gc,phases,start] GC(165) Phase 2: Compute new object addresses
[5.529s][info][gc,phases      ] GC(165) Phase 2: Compute new object addresses 3.928ms
[5.529s][info][gc,phases,start] GC(165) Phase 3: Adjust pointers
[5.534s][info][gc,phases      ] GC(165) Phase 3: Adjust pointers 5.040ms
[5.534s][info][gc,phases,start] GC(165) Phase 4: Move objects
[5.563s][info][gc,phases      ] GC(165) Phase 4: Move objects 29.343ms
[5.564s][info][gc,heap        ] GC(165) DefNew: 156767K(157248K)->0K(157248K) Eden: 139776K(139776K)->0K(139776K) From: 16991K(17472K)->0K(17472K)
[5.564s][info][gc,heap        ] GC(165) Tenured: 349481K(349568K)->343828K(349568K)
[5.564s][info][gc,metaspace   ] GC(165) Metaspace: 25612K(26176K)->25612K(26176K) NonClass: 22903K(23232K)->22903K(23232K) Class: 2708K(2944K)->2708K(2944K)
[5.564s][info][gc             ] GC(165) Pause Full (Allocation Failure) 494M->335M(494M) 46.391ms
[5.564s][info][gc,cpu         ] GC(165) User=0.05s Sys=0.00s Real=0.05s
[5.571s][info][gc,start       ] GC(166) Pause Young (Allocation Failure)
[5.571s][info][gc             ] GC(166) Pause Young (Allocation Failure) 472M->472M(494M) 0.063ms
[5.571s][info][gc,cpu         ] GC(166) User=0.00s Sys=0.00s Real=0.00s
[5.571s][info][gc,start       ] GC(167) Pause Full (Allocation Failure)
[5.571s][info][gc,phases,start] GC(167) Phase 1: Mark live objects
[5.579s][info][gc,phases      ] GC(167) Phase 1: Mark live objects 7.913ms
[5.579s][info][gc,phases,start] GC(167) Phase 2: Compute new object addresses
[5.582s][info][gc,phases      ] GC(167) Phase 2: Compute new object addresses 3.771ms
[5.583s][info][gc,phases,start] GC(167) Phase 3: Adjust pointers
[5.588s][info][gc,phases      ] GC(167) Phase 3: Adjust pointers 5.017ms
[5.588s][info][gc,phases,start] GC(167) Phase 4: Move objects
[5.592s][info][gc,phases      ] GC(167) Phase 4: Move objects 4.038ms
[5.592s][info][gc,heap        ] GC(167) DefNew: 139559K(157248K)->17982K(157248K) Eden: 139559K(139776K)->17982K(139776K) From: 0K(17472K)->0K(17472K)
[5.592s][info][gc,heap        ] GC(167) Tenured: 343828K(349568K)->349468K(349568K)
[5.592s][info][gc,metaspace   ] GC(167) Metaspace: 25612K(26176K)->25612K(26176K) NonClass: 22903K(23232K)->22903K(23232K) Class: 2708K(2944K)->2708K(2944K)
[5.592s][info][gc             ] GC(167) Pause Full (Allocation Failure) 472M->358M(494M) 21.072ms
[5.592s][info][gc,cpu         ] GC(167) User=0.02s Sys=0.00s Real=0.02s
[5.600s][info][gc,start       ] GC(168) Pause Full (Allocation Failure)
[5.600s][info][gc,phases,start] GC(168) Phase 1: Mark live objects
[5.608s][info][gc,phases      ] GC(168) Phase 1: Mark live objects 7.863ms
[5.608s][info][gc,phases,start] GC(168) Phase 2: Compute new object addresses
[5.612s][info][gc,phases      ] GC(168) Phase 2: Compute new object addresses 3.794ms
[5.612s][info][gc,phases,start] GC(168) Phase 3: Adjust pointers
[5.617s][info][gc,phases      ] GC(168) Phase 3: Adjust pointers 5.045ms
[5.617s][info][gc,phases,start] GC(168) Phase 4: Move objects
[5.645s][info][gc,phases      ] GC(168) Phase 4: Move objects 27.969ms
[5.645s][info][gc,heap        ] GC(168) DefNew: 156860K(157248K)->20557K(157248K) Eden: 139775K(139776K)->20557K(139776K) From: 17084K(17472K)->0K(17472K)
[5.645s][info][gc,heap        ] GC(168) Tenured: 349468K(349568K)->349463K(349568K)
[5.645s][info][gc,metaspace   ] GC(168) Metaspace: 25612K(26176K)->25612K(26176K) NonClass: 22903K(23232K)->22903K(23232K) Class: 2708K(2944K)->2708K(2944K)
[5.645s][info][gc             ] GC(168) Pause Full (Allocation Failure) 494M->361M(494M) 45.095ms
[5.645s][info][gc,cpu         ] GC(168) User=0.04s Sys=0.00s Real=0.05s
[5.655s][info][gc,start       ] GC(169) Pause Full (Allocation Failure)
[5.655s][info][gc,phases,start] GC(169) Phase 1: Mark live objects
[5.663s][info][gc,phases      ] GC(169) Phase 1: Mark live objects 7.678ms
[5.663s][info][gc,phases,start] GC(169) Phase 2: Compute new object addresses
[5.667s][info][gc,phases      ] GC(169) Phase 2: Compute new object addresses 3.876ms
[5.667s][info][gc,phases,start] GC(169) Phase 3: Adjust pointers
[5.672s][info][gc,phases      ] GC(169) Phase 3: Adjust pointers 5.163ms
[5.672s][info][gc,phases,start] GC(169) Phase 4: Move objects
[5.701s][info][gc,phases      ] GC(169) Phase 4: Move objects 28.356ms
[5.701s][info][gc,heap        ] GC(169) DefNew: 156796K(157248K)->12863K(157248K) Eden: 139776K(139776K)->12863K(139776K) From: 17020K(17472K)->0K(17472K)
[5.701s][info][gc,heap        ] GC(169) Tenured: 349463K(349568K)->349463K(349568K)
[5.701s][info][gc,metaspace   ] GC(169) Metaspace: 25612K(26176K)->25612K(26176K) NonClass: 22903K(23232K)->22903K(23232K) Class: 2708K(2944K)->2708K(2944K)
[5.701s][info][gc             ] GC(169) Pause Full (Allocation Failure) 494M->353M(494M) 45.468ms
[5.701s][info][gc,cpu         ] GC(169) User=0.04s Sys=0.00s Real=0.04s
[5.712s][info][gc,start       ] GC(170) Pause Full (Allocation Failure)
[5.712s][info][gc,phases,start] GC(170) Phase 1: Mark live objects
[5.720s][info][gc,phases      ] GC(170) Phase 1: Mark live objects 7.834ms
[5.720s][info][gc,phases,start] GC(170) Phase 2: Compute new object addresses
[5.724s][info][gc,phases      ] GC(170) Phase 2: Compute new object addresses 4.021ms
[5.724s][info][gc,phases,start] GC(170) Phase 3: Adjust pointers
[5.729s][info][gc,phases      ] GC(170) Phase 3: Adjust pointers 5.233ms
[5.729s][info][gc,phases,start] GC(170) Phase 4: Move objects
[5.758s][info][gc,phases      ] GC(170) Phase 4: Move objects 29.340ms
[5.758s][info][gc,heap        ] GC(170) DefNew: 156315K(157248K)->0K(157248K) Eden: 139776K(139776K)->0K(139776K) From: 16539K(17472K)->0K(17472K)
[5.758s][info][gc,heap        ] GC(170) Tenured: 349463K(349568K)->346649K(349568K)
[5.758s][info][gc,metaspace   ] GC(170) Metaspace: 25612K(26176K)->25612K(26176K) NonClass: 22904K(23232K)->22904K(23232K) Class: 2708K(2944K)->2708K(2944K)
[5.758s][info][gc             ] GC(170) Pause Full (Allocation Failure) 493M->338M(494M) 46.795ms
[5.758s][info][gc,cpu         ] GC(170) User=0.05s Sys=0.00s Real=0.04s
[5.765s][info][gc,start       ] GC(171) Pause Young (Allocation Failure)
[5.765s][info][gc             ] GC(171) Pause Young (Allocation Failure) 475M->475M(494M) 0.065ms
[5.765s][info][gc,cpu         ] GC(171) User=0.00s Sys=0.00s Real=0.00s
[5.765s][info][gc,start       ] GC(172) Pause Full (Allocation Failure)
[5.765s][info][gc,phases,start] GC(172) Phase 1: Mark live objects
[5.774s][info][gc,phases      ] GC(172) Phase 1: Mark live objects 8.350ms
[5.774s][info][gc,phases,start] GC(172) Phase 2: Compute new object addresses
[5.778s][info][gc,phases      ] GC(172) Phase 2: Compute new object addresses 4.228ms
[5.778s][info][gc,phases,start] GC(172) Phase 3: Adjust pointers
[5.784s][info][gc,phases      ] GC(172) Phase 3: Adjust pointers 5.671ms
[5.784s][info][gc,phases,start] GC(172) Phase 4: Move objects
[5.806s][info][gc,phases      ] GC(172) Phase 4: Move objects 22.734ms
[5.807s][info][gc,heap        ] GC(172) DefNew: 139776K(157248K)->18503K(157248K) Eden: 139776K(139776K)->18503K(139776K) From: 0K(17472K)->0K(17472K)
[5.807s][info][gc,heap        ] GC(172) Tenured: 346649K(349568K)->349463K(349568K)
[5.807s][info][gc,metaspace   ] GC(172) Metaspace: 25612K(26176K)->25612K(26176K) NonClass: 22904K(23232K)->22904K(23232K) Class: 2708K(2944K)->2708K(2944K)
[5.807s][info][gc             ] GC(172) Pause Full (Allocation Failure) 475M->359M(494M) 41.371ms
[5.807s][info][gc,cpu         ] GC(172) User=0.04s Sys=0.00s Real=0.04s
[5.817s][info][gc,start       ] GC(173) Pause Full (Allocation Failure)
[5.817s][info][gc,phases,start] GC(173) Phase 1: Mark live objects
[5.826s][info][gc,phases      ] GC(173) Phase 1: Mark live objects 8.308ms
[5.826s][info][gc,phases,start] GC(173) Phase 2: Compute new object addresses
[5.830s][info][gc,phases      ] GC(173) Phase 2: Compute new object addresses 4.175ms
[5.830s][info][gc,phases,start] GC(173) Phase 3: Adjust pointers
[5.835s][info][gc,phases      ] GC(173) Phase 3: Adjust pointers 5.441ms
[5.836s][info][gc,phases,start] GC(173) Phase 4: Move objects
[5.864s][info][gc,phases      ] GC(173) Phase 4: Move objects 28.896ms
[5.865s][info][gc,heap        ] GC(173) DefNew: 157045K(157248K)->12354K(157248K) Eden: 139776K(139776K)->12354K(139776K) From: 17269K(17472K)->0K(17472K)
[5.865s][info][gc,heap        ] GC(173) Tenured: 349463K(349568K)->349462K(349568K)
[5.865s][info][gc,metaspace   ] GC(173) Metaspace: 25612K(26176K)->25612K(26176K) NonClass: 22904K(23232K)->22904K(23232K) Class: 2708K(2944K)->2708K(2944K)
[5.865s][info][gc             ] GC(173) Pause Full (Allocation Failure) 494M->353M(494M) 47.200ms
[5.865s][info][gc,cpu         ] GC(173) User=0.05s Sys=0.00s Real=0.05s
[5.875s][info][gc,start       ] GC(174) Pause Full (Allocation Failure)
[5.875s][info][gc,phases,start] GC(174) Phase 1: Mark live objects
[5.883s][info][gc,phases      ] GC(174) Phase 1: Mark live objects 8.132ms
[5.883s][info][gc,phases,start] GC(174) Phase 2: Compute new object addresses
[5.887s][info][gc,phases      ] GC(174) Phase 2: Compute new object addresses 3.919ms
[5.887s][info][gc,phases,start] GC(174) Phase 3: Adjust pointers
[5.893s][info][gc,phases      ] GC(174) Phase 3: Adjust pointers 5.388ms
[5.893s][info][gc,phases,start] GC(174) Phase 4: Move objects
[5.924s][info][gc,phases      ] GC(174) Phase 4: Move objects 31.233ms
[5.924s][info][gc,heap        ] GC(174) DefNew: 156253K(157248K)->0K(157248K) Eden: 139776K(139776K)->0K(139776K) From: 16477K(17472K)->0K(17472K)
[5.924s][info][gc,heap        ] GC(174) Tenured: 349462K(349568K)->346396K(349568K)
[5.924s][info][gc,metaspace   ] GC(174) Metaspace: 25612K(26176K)->25612K(26176K) NonClass: 22904K(23232K)->22904K(23232K) Class: 2708K(2944K)->2708K(2944K)
[5.924s][info][gc             ] GC(174) Pause Full (Allocation Failure) 493M->338M(494M) 49.060ms
[5.924s][info][gc,cpu         ] GC(174) User=0.05s Sys=0.00s Real=0.05s
[5.931s][info][gc,start       ] GC(175) Pause Young (Allocation Failure)
[5.931s][info][gc             ] GC(175) Pause Young (Allocation Failure) 474M->474M(494M) 0.070ms
[5.931s][info][gc,cpu         ] GC(175) User=0.00s Sys=0.00s Real=0.00s
[5.931s][info][gc,start       ] GC(176) Pause Full (Allocation Failure)
[5.931s][info][gc,phases,start] GC(176) Phase 1: Mark live objects
[5.941s][info][gc,phases      ] GC(176) Phase 1: Mark live objects 10.236ms
[5.941s][info][gc,phases,start] GC(176) Phase 2: Compute new object addresses
[5.945s][info][gc,phases      ] GC(176) Phase 2: Compute new object addresses 4.092ms
[5.945s][info][gc,phases,start] GC(176) Phase 3: Adjust pointers
[5.951s][info][gc,phases      ] GC(176) Phase 3: Adjust pointers 5.154ms
[5.951s][info][gc,phases,start] GC(176) Phase 4: Move objects
[5.978s][info][gc,phases      ] GC(176) Phase 4: Move objects 27.448ms
[5.978s][info][gc,heap        ] GC(176) DefNew: 139776K(157248K)->2053K(157248K) Eden: 139776K(139776K)->2053K(139776K) From: 0K(17472K)->0K(17472K)
[5.978s][info][gc,heap        ] GC(176) Tenured: 346396K(349568K)->349470K(349568K)
[5.978s][info][gc,metaspace   ] GC(176) Metaspace: 25612K(26176K)->25612K(26176K) NonClass: 22904K(23232K)->22904K(23232K) Class: 2708K(2944K)->2708K(2944K)
[5.978s][info][gc             ] GC(176) Pause Full (Allocation Failure) 474M->343M(494M) 47.317ms
[5.978s][info][gc,cpu         ] GC(176) User=0.05s Sys=0.00s Real=0.04s
[5.989s][info][gc,start       ] GC(177) Pause Full (Allocation Failure)
[5.989s][info][gc,phases,start] GC(177) Phase 1: Mark live objects
[5.997s][info][gc,phases      ] GC(177) Phase 1: Mark live objects 7.898ms
[5.997s][info][gc,phases,start] GC(177) Phase 2: Compute new object addresses
[6.001s][info][gc,phases      ] GC(177) Phase 2: Compute new object addresses 4.400ms
[6.001s][info][gc,phases,start] GC(177) Phase 3: Adjust pointers
[6.007s][info][gc,phases      ] GC(177) Phase 3: Adjust pointers 5.645ms
[6.007s][info][gc,phases,start] GC(177) Phase 4: Move objects
[6.032s][info][gc,phases      ] GC(177) Phase 4: Move objects 24.877ms
[6.032s][info][gc,heap        ] GC(177) DefNew: 156651K(157248K)->14664K(157248K) Eden: 139776K(139776K)->14664K(139776K) From: 16875K(17472K)->0K(17472K)
[6.032s][info][gc,heap        ] GC(177) Tenured: 349470K(349568K)->349463K(349568K)
[6.032s][info][gc,metaspace   ] GC(177) Metaspace: 25612K(26176K)->25612K(26176K) NonClass: 22904K(23232K)->22904K(23232K) Class: 2708K(2944K)->2708K(2944K)
[6.032s][info][gc             ] GC(177) Pause Full (Allocation Failure) 494M->355M(494M) 43.246ms
[6.032s][info][gc,cpu         ] GC(177) User=0.04s Sys=0.00s Real=0.05s
[6.042s][info][gc,start       ] GC(178) Pause Full (Allocation Failure)
[6.042s][info][gc,phases,start] GC(178) Phase 1: Mark live objects
[6.051s][info][gc,phases      ] GC(178) Phase 1: Mark live objects 8.051ms
[6.051s][info][gc,phases,start] GC(178) Phase 2: Compute new object addresses
[6.055s][info][gc,phases      ] GC(178) Phase 2: Compute new object addresses 4.197ms
[6.055s][info][gc,phases,start] GC(178) Phase 3: Adjust pointers
[6.060s][info][gc,phases      ] GC(178) Phase 3: Adjust pointers 5.543ms
[6.060s][info][gc,phases,start] GC(178) Phase 4: Move objects
[6.090s][info][gc,phases      ] GC(178) Phase 4: Move objects 29.597ms
[6.090s][info][gc,heap        ] GC(178) DefNew: 156980K(157248K)->3337K(157248K) Eden: 139776K(139776K)->3337K(139776K) From: 17204K(17472K)->0K(17472K)
[6.090s][info][gc,heap        ] GC(178) Tenured: 349463K(349568K)->349477K(349568K)
[6.090s][info][gc,metaspace   ] GC(178) Metaspace: 25612K(26176K)->25612K(26176K) NonClass: 22904K(23232K)->22904K(23232K) Class: 2708K(2944K)->2708K(2944K)
[6.090s][info][gc             ] GC(178) Pause Full (Allocation Failure) 494M->344M(494M) 47.780ms
[6.090s][info][gc,cpu         ] GC(178) User=0.05s Sys=0.00s Real=0.05s
[6.101s][info][gc,start       ] GC(179) Pause Full (Allocation Failure)
[6.101s][info][gc,phases,start] GC(179) Phase 1: Mark live objects
[6.108s][info][gc,phases      ] GC(179) Phase 1: Mark live objects 7.549ms
[6.108s][info][gc,phases,start] GC(179) Phase 2: Compute new object addresses
[6.112s][info][gc,phases      ] GC(179) Phase 2: Compute new object addresses 4.132ms
[6.112s][info][gc,phases,start] GC(179) Phase 3: Adjust pointers
[6.118s][info][gc,phases      ] GC(179) Phase 3: Adjust pointers 5.334ms
[6.118s][info][gc,phases,start] GC(179) Phase 4: Move objects
[6.144s][info][gc,phases      ] GC(179) Phase 4: Move objects 26.462ms
[6.145s][info][gc,heap        ] GC(179) DefNew: 156473K(157248K)->14403K(157248K) Eden: 139776K(139776K)->14403K(139776K) From: 16697K(17472K)->0K(17472K)
[6.145s][info][gc,heap        ] GC(179) Tenured: 349477K(349568K)->349462K(349568K)
[6.145s][info][gc,metaspace   ] GC(179) Metaspace: 25612K(26176K)->25612K(26176K) NonClass: 22904K(23232K)->22904K(23232K) Class: 2708K(2944K)->2708K(2944K)
[6.145s][info][gc             ] GC(179) Pause Full (Allocation Failure) 494M->355M(494M) 43.911ms
[6.145s][info][gc,cpu         ] GC(179) User=0.04s Sys=0.00s Real=0.05s
[6.156s][info][gc,start       ] GC(180) Pause Full (Allocation Failure)
[6.156s][info][gc,phases,start] GC(180) Phase 1: Mark live objects
[6.164s][info][gc,phases      ] GC(180) Phase 1: Mark live objects 8.189ms
[6.164s][info][gc,phases,start] GC(180) Phase 2: Compute new object addresses
[6.168s][info][gc,phases      ] GC(180) Phase 2: Compute new object addresses 4.328ms
[6.168s][info][gc,phases,start] GC(180) Phase 3: Adjust pointers
[6.174s][info][gc,phases      ] GC(180) Phase 3: Adjust pointers 5.850ms
[6.174s][info][gc,phases,start] GC(180) Phase 4: Move objects
[6.203s][info][gc,phases      ] GC(180) Phase 4: Move objects 29.185ms
[6.203s][info][gc,heap        ] GC(180) DefNew: 156849K(157248K)->0K(157248K) Eden: 139776K(139776K)->0K(139776K) From: 17073K(17472K)->0K(17472K)
[6.204s][info][gc,heap        ] GC(180) Tenured: 349462K(349568K)->342287K(349568K)
[6.204s][info][gc,metaspace   ] GC(180) Metaspace: 25612K(26176K)->25612K(26176K) NonClass: 22904K(23232K)->22904K(23232K) Class: 2708K(2944K)->2708K(2944K)
[6.204s][info][gc             ] GC(180) Pause Full (Allocation Failure) 494M->334M(494M) 48.019ms
[6.204s][info][gc,cpu         ] GC(180) User=0.05s Sys=0.00s Real=0.05s
[6.211s][info][gc,start       ] GC(181) Pause Young (Allocation Failure)
[6.211s][info][gc             ] GC(181) Pause Young (Allocation Failure) 470M->470M(494M) 0.096ms
[6.211s][info][gc,cpu         ] GC(181) User=0.00s Sys=0.00s Real=0.00s
[6.211s][info][gc,start       ] GC(182) Pause Full (Allocation Failure)
[6.211s][info][gc,phases,start] GC(182) Phase 1: Mark live objects
[6.219s][info][gc,phases      ] GC(182) Phase 1: Mark live objects 7.915ms
[6.219s][info][gc,phases,start] GC(182) Phase 2: Compute new object addresses
[6.223s][info][gc,phases      ] GC(182) Phase 2: Compute new object addresses 3.794ms
[6.223s][info][gc,phases,start] GC(182) Phase 3: Adjust pointers
[6.228s][info][gc,phases      ] GC(182) Phase 3: Adjust pointers 5.194ms
[6.228s][info][gc,phases,start] GC(182) Phase 4: Move objects
[6.251s][info][gc,phases      ] GC(182) Phase 4: Move objects 23.221ms
[6.251s][info][gc,heap        ] GC(182) DefNew: 139570K(157248K)->15413K(157248K) Eden: 139570K(139776K)->15413K(139776K) From: 0K(17472K)->0K(17472K)
[6.251s][info][gc,heap        ] GC(182) Tenured: 342287K(349568K)->349468K(349568K)
[6.251s][info][gc,metaspace   ] GC(182) Metaspace: 25612K(26176K)->25612K(26176K) NonClass: 22904K(23232K)->22904K(23232K) Class: 2708K(2944K)->2708K(2944K)
[6.251s][info][gc             ] GC(182) Pause Full (Allocation Failure) 470M->356M(494M) 40.464ms
[6.251s][info][gc,cpu         ] GC(182) User=0.04s Sys=0.00s Real=0.04s
[6.263s][info][gc,start       ] GC(183) Pause Full (Allocation Failure)
[6.263s][info][gc,phases,start] GC(183) Phase 1: Mark live objects
[6.271s][info][gc,phases      ] GC(183) Phase 1: Mark live objects 7.919ms
[6.271s][info][gc,phases,start] GC(183) Phase 2: Compute new object addresses
[6.275s][info][gc,phases      ] GC(183) Phase 2: Compute new object addresses 4.100ms
[6.275s][info][gc,phases,start] GC(183) Phase 3: Adjust pointers
[6.280s][info][gc,phases      ] GC(183) Phase 3: Adjust pointers 5.231ms
[6.280s][info][gc,phases,start] GC(183) Phase 4: Move objects
[6.308s][info][gc,phases      ] GC(183) Phase 4: Move objects 27.791ms
[6.308s][info][gc,heap        ] GC(183) DefNew: 156689K(157248K)->9003K(157248K) Eden: 139776K(139776K)->9003K(139776K) From: 16913K(17472K)->0K(17472K)
[6.308s][info][gc,heap        ] GC(183) Tenured: 349468K(349568K)->349473K(349568K)
[6.308s][info][gc,metaspace   ] GC(183) Metaspace: 25612K(26176K)->25612K(26176K) NonClass: 22904K(23232K)->22904K(23232K) Class: 2708K(2944K)->2708K(2944K)
[6.308s][info][gc             ] GC(183) Pause Full (Allocation Failure) 494M->350M(494M) 45.414ms
[6.308s][info][gc,cpu         ] GC(183) User=0.04s Sys=0.00s Real=0.04s
[6.318s][info][gc,start       ] GC(184) Pause Full (Allocation Failure)
[6.318s][info][gc,phases,start] GC(184) Phase 1: Mark live objects
[6.326s][info][gc,phases      ] GC(184) Phase 1: Mark live objects 7.836ms
[6.326s][info][gc,phases,start] GC(184) Phase 2: Compute new object addresses
[6.330s][info][gc,phases      ] GC(184) Phase 2: Compute new object addresses 4.142ms
[6.330s][info][gc,phases,start] GC(184) Phase 3: Adjust pointers
[6.335s][info][gc,phases      ] GC(184) Phase 3: Adjust pointers 5.437ms
[6.336s][info][gc,phases,start] GC(184) Phase 4: Move objects
[6.365s][info][gc,phases      ] GC(184) Phase 4: Move objects 29.353ms
[6.365s][info][gc,heap        ] GC(184) DefNew: 157064K(157248K)->5401K(157248K) Eden: 139776K(139776K)->5401K(139776K) From: 17288K(17472K)->0K(17472K)
[6.365s][info][gc,heap        ] GC(184) Tenured: 349473K(349568K)->349469K(349568K)
[6.365s][info][gc,metaspace   ] GC(184) Metaspace: 25612K(26176K)->25612K(26176K) NonClass: 22904K(23232K)->22904K(23232K) Class: 2708K(2944K)->2708K(2944K)
[6.365s][info][gc             ] GC(184) Pause Full (Allocation Failure) 494M->346M(494M) 47.199ms
[6.365s][info][gc,cpu         ] GC(184) User=0.05s Sys=0.00s Real=0.05s
[6.376s][info][gc,start       ] GC(185) Pause Full (Allocation Failure)
[6.376s][info][gc,phases,start] GC(185) Phase 1: Mark live objects
[6.384s][info][gc,phases      ] GC(185) Phase 1: Mark live objects 7.759ms
[6.384s][info][gc,phases,start] GC(185) Phase 2: Compute new object addresses
[6.388s][info][gc,phases      ] GC(185) Phase 2: Compute new object addresses 4.072ms
[6.388s][info][gc,phases,start] GC(185) Phase 3: Adjust pointers
[6.393s][info][gc,phases      ] GC(185) Phase 3: Adjust pointers 5.109ms
[6.393s][info][gc,phases,start] GC(185) Phase 4: Move objects
[6.421s][info][gc,phases      ] GC(185) Phase 4: Move objects 28.476ms
[6.422s][info][gc,heap        ] GC(185) DefNew: 157115K(157248K)->0K(157248K) Eden: 139776K(139776K)->0K(139776K) From: 17339K(17472K)->0K(17472K)
[6.422s][info][gc,heap        ] GC(185) Tenured: 349469K(349568K)->340741K(349568K)
[6.422s][info][gc,metaspace   ] GC(185) Metaspace: 25612K(26176K)->25612K(26176K) NonClass: 22904K(23232K)->22904K(23232K) Class: 2708K(2944K)->2708K(2944K)
[6.422s][info][gc             ] GC(185) Pause Full (Allocation Failure) 494M->332M(494M) 45.834ms
[6.422s][info][gc,cpu         ] GC(185) User=0.04s Sys=0.00s Real=0.04s
[6.428s][info][gc,start       ] GC(186) Pause Young (Allocation Failure)
[6.429s][info][gc             ] GC(186) Pause Young (Allocation Failure) 469M->469M(494M) 0.091ms
[6.429s][info][gc,cpu         ] GC(186) User=0.00s Sys=0.00s Real=0.00s
[6.429s][info][gc,start       ] GC(187) Pause Full (Allocation Failure)
[6.429s][info][gc,phases,start] GC(187) Phase 1: Mark live objects
[6.437s][info][gc,phases      ] GC(187) Phase 1: Mark live objects 8.405ms
[6.437s][info][gc,phases,start] GC(187) Phase 2: Compute new object addresses
[6.441s][info][gc,phases      ] GC(187) Phase 2: Compute new object addresses 3.921ms
[6.441s][info][gc,phases,start] GC(187) Phase 3: Adjust pointers
[6.446s][info][gc,phases      ] GC(187) Phase 3: Adjust pointers 5.329ms
[6.446s][info][gc,phases,start] GC(187) Phase 4: Move objects
[6.451s][info][gc,phases      ] GC(187) Phase 4: Move objects 4.197ms
[6.451s][info][gc,heap        ] GC(187) DefNew: 139776K(157248K)->13870K(157248K) Eden: 139776K(139776K)->13870K(139776K) From: 0K(17472K)->0K(17472K)
[6.451s][info][gc,heap        ] GC(187) Tenured: 340741K(349568K)->349468K(349568K)
[6.451s][info][gc,metaspace   ] GC(187) Metaspace: 25612K(26176K)->25612K(26176K) NonClass: 22904K(23232K)->22904K(23232K) Class: 2708K(2944K)->2708K(2944K)
[6.451s][info][gc             ] GC(187) Pause Full (Allocation Failure) 469M->354M(494M) 22.224ms
[6.451s][info][gc,cpu         ] GC(187) User=0.03s Sys=0.00s Real=0.03s
[6.465s][info][gc,start       ] GC(188) Pause Full (Allocation Failure)
[6.465s][info][gc,phases,start] GC(188) Phase 1: Mark live objects
[6.472s][info][gc,phases      ] GC(188) Phase 1: Mark live objects 7.450ms
[6.472s][info][gc,phases,start] GC(188) Phase 2: Compute new object addresses
[6.476s][info][gc,phases      ] GC(188) Phase 2: Compute new object addresses 3.868ms
[6.476s][info][gc,phases,start] GC(188) Phase 3: Adjust pointers
[6.481s][info][gc,phases      ] GC(188) Phase 3: Adjust pointers 5.080ms
[6.481s][info][gc,phases,start] GC(188) Phase 4: Move objects
[6.510s][info][gc,phases      ] GC(188) Phase 4: Move objects 28.855ms
[6.511s][info][gc,heap        ] GC(188) DefNew: 157226K(157248K)->3090K(157248K) Eden: 139776K(139776K)->3090K(139776K) From: 17450K(17472K)->0K(17472K)
[6.511s][info][gc,heap        ] GC(188) Tenured: 349468K(349568K)->349210K(349568K)
[6.511s][info][gc,metaspace   ] GC(188) Metaspace: 25612K(26176K)->25612K(26176K) NonClass: 22904K(23232K)->22904K(23232K) Class: 2708K(2944K)->2708K(2944K)
[6.511s][info][gc             ] GC(188) Pause Full (Allocation Failure) 494M->344M(494M) 45.683ms
[6.511s][info][gc,cpu         ] GC(188) User=0.05s Sys=0.00s Real=0.05s
[6.520s][info][gc,start       ] GC(189) Pause Full (Allocation Failure)
[6.520s][info][gc,phases,start] GC(189) Phase 1: Mark live objects
[6.528s][info][gc,phases      ] GC(189) Phase 1: Mark live objects 8.226ms
[6.528s][info][gc,phases,start] GC(189) Phase 2: Compute new object addresses
[6.533s][info][gc,phases      ] GC(189) Phase 2: Compute new object addresses 4.275ms
[6.533s][info][gc,phases,start] GC(189) Phase 3: Adjust pointers
[6.538s][info][gc,phases      ] GC(189) Phase 3: Adjust pointers 5.255ms
[6.538s][info][gc,phases,start] GC(189) Phase 4: Move objects
[6.564s][info][gc,phases      ] GC(189) Phase 4: Move objects 26.462ms
[6.565s][info][gc,heap        ] GC(189) DefNew: 157203K(157248K)->7459K(157248K) Eden: 139776K(139776K)->7459K(139776K) From: 17427K(17472K)->0K(17472K)
[6.565s][info][gc,heap        ] GC(189) Tenured: 349466K(349568K)->349466K(349568K)
[6.565s][info][gc,metaspace   ] GC(189) Metaspace: 25612K(26176K)->25612K(26176K) NonClass: 22904K(23232K)->22904K(23232K) Class: 2708K(2944K)->2708K(2944K)
[6.565s][info][gc             ] GC(189) Pause Full (Allocation Failure) 494M->348M(494M) 44.602ms
[6.565s][info][gc,cpu         ] GC(189) User=0.04s Sys=0.00s Real=0.05s
[6.577s][info][gc,start       ] GC(190) Pause Full (Allocation Failure)
[6.578s][info][gc,phases,start] GC(190) Phase 1: Mark live objects
[6.585s][info][gc,phases      ] GC(190) Phase 1: Mark live objects 7.534ms
[6.585s][info][gc,phases,start] GC(190) Phase 2: Compute new object addresses
[6.589s][info][gc,phases      ] GC(190) Phase 2: Compute new object addresses 3.971ms
[6.589s][info][gc,phases,start] GC(190) Phase 3: Adjust pointers
[6.594s][info][gc,phases      ] GC(190) Phase 3: Adjust pointers 5.054ms
[6.594s][info][gc,phases,start] GC(190) Phase 4: Move objects
[6.622s][info][gc,phases      ] GC(190) Phase 4: Move objects 27.995ms
[6.622s][info][gc,heap        ] GC(190) DefNew: 156350K(157248K)->0K(157248K) Eden: 139776K(139776K)->0K(139776K) From: 16574K(17472K)->0K(17472K)
[6.622s][info][gc,heap        ] GC(190) Tenured: 349466K(349568K)->336125K(349568K)
[6.622s][info][gc,metaspace   ] GC(190) Metaspace: 25612K(26176K)->25612K(26176K) NonClass: 22904K(23232K)->22904K(23232K) Class: 2708K(2944K)->2708K(2944K)
[6.622s][info][gc             ] GC(190) Pause Full (Allocation Failure) 493M->328M(494M) 44.904ms
[6.622s][info][gc,cpu         ] GC(190) User=0.04s Sys=0.00s Real=0.05s
[6.630s][info][gc,start       ] GC(191) Pause Young (Allocation Failure)
[6.634s][info][gc,heap        ] GC(191) DefNew: 140288K(157248K)->17272K(157248K) Eden: 139776K(139776K)->0K(139776K) From: 512K(17472K)->17272K(17472K)
[6.634s][info][gc,heap        ] GC(191) Tenured: 336125K(349568K)->346886K(349568K)
[6.634s][info][gc,metaspace   ] GC(191) Metaspace: 25612K(26176K)->25612K(26176K) NonClass: 22904K(23232K)->22904K(23232K) Class: 2708K(2944K)->2708K(2944K)
[6.634s][info][gc             ] GC(191) Pause Young (Allocation Failure) 465M->355M(494M) 3.920ms
[6.634s][info][gc,cpu         ] GC(191) User=0.00s Sys=0.00s Real=0.00s
[6.641s][info][gc,start       ] GC(192) Pause Young (Allocation Failure)
[6.641s][info][gc             ] GC(192) Pause Young (Allocation Failure) 492M->492M(494M) 0.055ms
[6.641s][info][gc,cpu         ] GC(192) User=0.00s Sys=0.00s Real=0.00s
[6.641s][info][gc,start       ] GC(193) Pause Full (Allocation Failure)
[6.641s][info][gc,phases,start] GC(193) Phase 1: Mark live objects
[6.649s][info][gc,phases      ] GC(193) Phase 1: Mark live objects 7.991ms
[6.649s][info][gc,phases,start] GC(193) Phase 2: Compute new object addresses
[6.653s][info][gc,phases      ] GC(193) Phase 2: Compute new object addresses 3.944ms
[6.653s][info][gc,phases,start] GC(193) Phase 3: Adjust pointers
[6.658s][info][gc,phases      ] GC(193) Phase 3: Adjust pointers 5.298ms
[6.658s][info][gc,phases,start] GC(193) Phase 4: Move objects
[6.685s][info][gc,phases      ] GC(193) Phase 4: Move objects 26.096ms
[6.685s][info][gc,heap        ] GC(193) DefNew: 156982K(157248K)->15957K(157248K) Eden: 139709K(139776K)->15957K(139776K) From: 17272K(17472K)->0K(17472K)
[6.685s][info][gc,heap        ] GC(193) Tenured: 346886K(349568K)->349433K(349568K)
[6.685s][info][gc,metaspace   ] GC(193) Metaspace: 25612K(26176K)->25612K(26176K) NonClass: 22904K(23232K)->22904K(23232K) Class: 2708K(2944K)->2708K(2944K)
[6.685s][info][gc             ] GC(193) Pause Full (Allocation Failure) 492M->356M(494M) 43.691ms
[6.685s][info][gc,cpu         ] GC(193) User=0.04s Sys=0.00s Real=0.05s
[6.694s][info][gc,start       ] GC(194) Pause Full (Allocation Failure)
[6.694s][info][gc,phases,start] GC(194) Phase 1: Mark live objects
[6.702s][info][gc,phases      ] GC(194) Phase 1: Mark live objects 7.736ms
[6.702s][info][gc,phases,start] GC(194) Phase 2: Compute new object addresses
[6.706s][info][gc,phases      ] GC(194) Phase 2: Compute new object addresses 3.796ms
[6.706s][info][gc,phases,start] GC(194) Phase 3: Adjust pointers
[6.711s][info][gc,phases      ] GC(194) Phase 3: Adjust pointers 5.349ms
[6.711s][info][gc,phases,start] GC(194) Phase 4: Move objects
[6.740s][info][gc,phases      ] GC(194) Phase 4: Move objects 29.043ms
[6.741s][info][gc,heap        ] GC(194) DefNew: 156861K(157248K)->12860K(157248K) Eden: 139776K(139776K)->12860K(139776K) From: 17085K(17472K)->0K(17472K)
[6.741s][info][gc,heap        ] GC(194) Tenured: 349433K(349568K)->349453K(349568K)
[6.741s][info][gc,metaspace   ] GC(194) Metaspace: 25612K(26176K)->25612K(26176K) NonClass: 22904K(23232K)->22904K(23232K) Class: 2708K(2944K)->2708K(2944K)
[6.741s][info][gc             ] GC(194) Pause Full (Allocation Failure) 494M->353M(494M) 46.344ms
[6.741s][info][gc,cpu         ] GC(194) User=0.04s Sys=0.00s Real=0.04s
[6.751s][info][gc,start       ] GC(195) Pause Full (Allocation Failure)
[6.751s][info][gc,phases,start] GC(195) Phase 1: Mark live objects
[6.759s][info][gc,phases      ] GC(195) Phase 1: Mark live objects 7.995ms
[6.759s][info][gc,phases,start] GC(195) Phase 2: Compute new object addresses
[6.763s][info][gc,phases      ] GC(195) Phase 2: Compute new object addresses 4.031ms
[6.763s][info][gc,phases,start] GC(195) Phase 3: Adjust pointers
[6.769s][info][gc,phases      ] GC(195) Phase 3: Adjust pointers 5.332ms
[6.769s][info][gc,phases,start] GC(195) Phase 4: Move objects
[6.797s][info][gc,phases      ] GC(195) Phase 4: Move objects 28.855ms
[6.798s][info][gc,heap        ] GC(195) DefNew: 156327K(157248K)->0K(157248K) Eden: 139776K(139776K)->0K(139776K) From: 16551K(17472K)->0K(17472K)
[6.798s][info][gc,heap        ] GC(195) Tenured: 349453K(349568K)->342283K(349568K)
[6.798s][info][gc,metaspace   ] GC(195) Metaspace: 25612K(26176K)->25612K(26176K) NonClass: 22904K(23232K)->22904K(23232K) Class: 2708K(2944K)->2708K(2944K)
[6.798s][info][gc             ] GC(195) Pause Full (Allocation Failure) 493M->334M(494M) 46.635ms
[6.798s][info][gc,cpu         ] GC(195) User=0.04s Sys=0.00s Real=0.04s
[6.805s][info][gc,start       ] GC(196) Pause Young (Allocation Failure)
[6.805s][info][gc             ] GC(196) Pause Young (Allocation Failure) 470M->470M(494M) 0.062ms
[6.805s][info][gc,cpu         ] GC(196) User=0.00s Sys=0.00s Real=0.00s
[6.805s][info][gc,start       ] GC(197) Pause Full (Allocation Failure)
[6.805s][info][gc,phases,start] GC(197) Phase 1: Mark live objects
[6.813s][info][gc,phases      ] GC(197) Phase 1: Mark live objects 7.918ms
[6.813s][info][gc,phases,start] GC(197) Phase 2: Compute new object addresses
[6.817s][info][gc,phases      ] GC(197) Phase 2: Compute new object addresses 3.860ms
[6.817s][info][gc,phases,start] GC(197) Phase 3: Adjust pointers
[6.822s][info][gc,phases      ] GC(197) Phase 3: Adjust pointers 5.529ms
[6.822s][info][gc,phases,start] GC(197) Phase 4: Move objects
[6.851s][info][gc,phases      ] GC(197) Phase 4: Move objects 29.090ms
[6.851s][info][gc,heap        ] GC(197) DefNew: 139776K(157248K)->768K(157248K) Eden: 139776K(139776K)->768K(139776K) From: 0K(17472K)->0K(17472K)
[6.852s][info][gc,heap        ] GC(197) Tenured: 342283K(349568K)->349240K(349568K)
[6.852s][info][gc,metaspace   ] GC(197) Metaspace: 25686K(26176K)->25686K(26176K) NonClass: 22960K(23232K)->22960K(23232K) Class: 2726K(2944K)->2726K(2944K)
[6.852s][info][gc             ] GC(197) Pause Full (Allocation Failure) 470M->341M(494M) 46.768ms
[6.852s][info][gc,cpu         ] GC(197) User=0.05s Sys=0.00s Real=0.05s
[6.865s][info][gc,start       ] GC(198) Pause Full (Allocation Failure)
[6.865s][info][gc,phases,start] GC(198) Phase 1: Mark live objects
[6.873s][info][gc,phases      ] GC(198) Phase 1: Mark live objects 7.968ms
[6.873s][info][gc,phases,start] GC(198) Phase 2: Compute new object addresses
[6.877s][info][gc,phases      ] GC(198) Phase 2: Compute new object addresses 4.223ms
[6.877s][info][gc,phases,start] GC(198) Phase 3: Adjust pointers
[6.882s][info][gc,phases      ] GC(198) Phase 3: Adjust pointers 5.447ms
[6.882s][info][gc,phases,start] GC(198) Phase 4: Move objects
[6.906s][info][gc,phases      ] GC(198) Phase 4: Move objects 23.456ms
[6.906s][info][gc,heap        ] GC(198) DefNew: 156875K(157248K)->15939K(157248K) Eden: 139776K(139776K)->15939K(139776K) From: 17099K(17472K)->0K(17472K)
[6.906s][info][gc,heap        ] GC(198) Tenured: 349240K(349568K)->349509K(349568K)
[6.906s][info][gc,metaspace   ] GC(198) Metaspace: 25759K(26176K)->25759K(26176K) NonClass: 23020K(23232K)->23020K(23232K) Class: 2738K(2944K)->2738K(2944K)
[6.906s][info][gc             ] GC(198) Pause Full (Allocation Failure) 494M->356M(494M) 41.500ms
[6.906s][info][gc,cpu         ] GC(198) User=0.04s Sys=0.00s Real=0.04s
[6.917s][info][gc,start       ] GC(199) Pause Full (Allocation Failure)
[6.917s][info][gc,phases,start] GC(199) Phase 1: Mark live objects
[6.927s][info][gc,phases      ] GC(199) Phase 1: Mark live objects 10.564ms
[6.927s][info][gc,phases,start] GC(199) Phase 2: Compute new object addresses
[6.931s][info][gc,phases      ] GC(199) Phase 2: Compute new object addresses 4.193ms
[6.931s][info][gc,phases,start] GC(199) Phase 3: Adjust pointers
[6.937s][info][gc,phases      ] GC(199) Phase 3: Adjust pointers 5.530ms
[6.937s][info][gc,phases,start] GC(199) Phase 4: Move objects
[6.965s][info][gc,phases      ] GC(199) Phase 4: Move objects 27.604ms
[6.965s][info][gc,heap        ] GC(199) DefNew: 156891K(157248K)->11837K(157248K) Eden: 139776K(139776K)->11837K(139776K) From: 17115K(17472K)->0K(17472K)
[6.965s][info][gc,heap        ] GC(199) Tenured: 349509K(349568K)->349530K(349568K)
[6.965s][info][gc,metaspace   ] GC(199) Metaspace: 25828K(26176K)->25826K(26176K) NonClass: 23071K(23232K)->23070K(23232K) Class: 2756K(2944K)->2756K(2944K)
[6.965s][info][gc             ] GC(199) Pause Full (Allocation Failure) 494M->352M(494M) 48.336ms
[6.965s][info][gc,cpu         ] GC(199) User=0.05s Sys=0.00s Real=0.05s
[6.975s][info][gc,start       ] GC(200) Pause Full (Allocation Failure)
[6.976s][info][gc,phases,start] GC(200) Phase 1: Mark live objects
[6.983s][info][gc,phases      ] GC(200) Phase 1: Mark live objects 7.690ms
[6.983s][info][gc,phases,start] GC(200) Phase 2: Compute new object addresses
[6.988s][info][gc,phases      ] GC(200) Phase 2: Compute new object addresses 4.345ms
[6.988s][info][gc,phases,start] GC(200) Phase 3: Adjust pointers
[6.993s][info][gc,phases      ] GC(200) Phase 3: Adjust pointers 5.663ms
[6.993s][info][gc,phases,start] GC(200) Phase 4: Move objects
[7.022s][info][gc,phases      ] GC(200) Phase 4: Move objects 28.685ms
[7.022s][info][gc,heap        ] GC(200) DefNew: 157122K(157248K)->15203K(157248K) Eden: 139776K(139776K)->15203K(139776K) From: 17346K(17472K)->0K(17472K)
[7.022s][info][gc,heap        ] GC(200) Tenured: 349530K(349568K)->349534K(349568K)
[7.022s][info][gc,metaspace   ] GC(200) Metaspace: 25849K(26176K)->25849K(26176K) NonClass: 23087K(23232K)->23087K(23232K) Class: 2762K(2944K)->2762K(2944K)
[7.022s][info][gc             ] GC(200) Pause Full (Allocation Failure) 494M->356M(494M) 46.868ms
[7.022s][info][gc,cpu         ] GC(200) User=0.04s Sys=0.00s Real=0.05s
[7.033s][info][gc,start       ] GC(201) Pause Full (Allocation Failure)
[7.033s][info][gc,phases,start] GC(201) Phase 1: Mark live objects
[7.041s][info][gc,phases      ] GC(201) Phase 1: Mark live objects 8.000ms
[7.041s][info][gc,phases,start] GC(201) Phase 2: Compute new object addresses
[7.046s][info][gc,phases      ] GC(201) Phase 2: Compute new object addresses 4.128ms
[7.046s][info][gc,phases,start] GC(201) Phase 3: Adjust pointers
[7.051s][info][gc,phases      ] GC(201) Phase 3: Adjust pointers 5.349ms
[7.051s][info][gc,phases,start] GC(201) Phase 4: Move objects
[7.082s][info][gc,phases      ] GC(201) Phase 4: Move objects 30.664ms
[7.082s][info][gc,heap        ] GC(201) DefNew: 156910K(157248K)->0K(157248K) Eden: 139776K(139776K)->0K(139776K) From: 17134K(17472K)->0K(17472K)
[7.082s][info][gc,heap        ] GC(201) Tenured: 349534K(349568K)->346510K(349568K)
[7.082s][info][gc,metaspace   ] GC(201) Metaspace: 25910K(26240K)->25910K(26240K) NonClass: 23140K(23296K)->23140K(23296K) Class: 2770K(2944K)->2770K(2944K)
[7.082s][info][gc             ] GC(201) Pause Full (Allocation Failure) 494M->338M(494M) 48.567ms
[7.082s][info][gc,cpu         ] GC(201) User=0.07s Sys=0.00s Real=0.04s
[7.089s][info][gc,start       ] GC(202) Pause Young (Allocation Failure)
[7.089s][info][gc             ] GC(202) Pause Young (Allocation Failure) 474M->474M(494M) 0.058ms
[7.089s][info][gc,cpu         ] GC(202) User=0.00s Sys=0.00s Real=0.00s
[7.089s][info][gc,start       ] GC(203) Pause Full (Allocation Failure)
[7.089s][info][gc,phases,start] GC(203) Phase 1: Mark live objects
[7.097s][info][gc,phases      ] GC(203) Phase 1: Mark live objects 7.477ms
[7.097s][info][gc,phases,start] GC(203) Phase 2: Compute new object addresses
[7.101s][info][gc,phases      ] GC(203) Phase 2: Compute new object addresses 3.984ms
[7.101s][info][gc,phases,start] GC(203) Phase 3: Adjust pointers
[7.106s][info][gc,phases      ] GC(203) Phase 3: Adjust pointers 5.087ms
[7.106s][info][gc,phases,start] GC(203) Phase 4: Move objects
[7.128s][info][gc,phases      ] GC(203) Phase 4: Move objects 22.019ms
[7.128s][info][gc,heap        ] GC(203) DefNew: 139775K(157248K)->19026K(157248K) Eden: 139775K(139776K)->19026K(139776K) From: 0K(17472K)->0K(17472K)
[7.128s][info][gc,heap        ] GC(203) Tenured: 346510K(349568K)->349558K(349568K)
[7.128s][info][gc,metaspace   ] GC(203) Metaspace: 25924K(26240K)->25924K(26240K) NonClass: 23152K(23296K)->23152K(23296K) Class: 2771K(2944K)->2771K(2944K)
[7.128s][info][gc             ] GC(203) Pause Full (Allocation Failure) 474M->359M(494M) 38.911ms
[7.128s][info][gc,cpu         ] GC(203) User=0.04s Sys=0.00s Real=0.04s
[7.139s][info][gc,start       ] GC(204) Pause Full (Allocation Failure)
[7.139s][info][gc,phases,start] GC(204) Phase 1: Mark live objects
[7.147s][info][gc,phases      ] GC(204) Phase 1: Mark live objects 7.468ms
[7.147s][info][gc,phases,start] GC(204) Phase 2: Compute new object addresses
[7.151s][info][gc,phases      ] GC(204) Phase 2: Compute new object addresses 3.927ms
[7.151s][info][gc,phases,start] GC(204) Phase 3: Adjust pointers
[7.156s][info][gc,phases      ] GC(204) Phase 3: Adjust pointers 5.105ms
[7.156s][info][gc,phases,start] GC(204) Phase 4: Move objects
[7.185s][info][gc,phases      ] GC(204) Phase 4: Move objects 29.563ms
[7.186s][info][gc,heap        ] GC(204) DefNew: 156662K(157248K)->13385K(157248K) Eden: 139776K(139776K)->13385K(139776K) From: 16886K(17472K)->0K(17472K)
[7.186s][info][gc,heap        ] GC(204) Tenured: 349558K(349568K)->349323K(349568K)
[7.186s][info][gc,metaspace   ] GC(204) Metaspace: 25988K(26304K)->25988K(26304K) NonClass: 23206K(23360K)->23206K(23360K) Class: 2782K(2944K)->2782K(2944K)
[7.186s][info][gc             ] GC(204) Pause Full (Allocation Failure) 494M->354M(494M) 46.524ms
[7.186s][info][gc,cpu         ] GC(204) User=0.05s Sys=0.00s Real=0.05s
[7.196s][info][gc,start       ] GC(205) Pause Full (Allocation Failure)
[7.196s][info][gc,phases,start] GC(205) Phase 1: Mark live objects
[7.204s][info][gc,phases      ] GC(205) Phase 1: Mark live objects 7.995ms
[7.204s][info][gc,phases,start] GC(205) Phase 2: Compute new object addresses
[7.208s][info][gc,phases      ] GC(205) Phase 2: Compute new object addresses 4.122ms
[7.208s][info][gc,phases,start] GC(205) Phase 3: Adjust pointers
[7.214s][info][gc,phases      ] GC(205) Phase 3: Adjust pointers 5.244ms
[7.214s][info][gc,phases,start] GC(205) Phase 4: Move objects
[7.247s][info][gc,phases      ] GC(205) Phase 4: Move objects 33.421ms
[7.247s][info][gc,heap        ] GC(205) DefNew: 156612K(157248K)->0K(157248K) Eden: 139776K(139776K)->0K(139776K) From: 16836K(17472K)->0K(17472K)
[7.247s][info][gc,heap        ] GC(205) Tenured: 349323K(349568K)->345716K(349568K)
[7.247s][info][gc,metaspace   ] GC(205) Metaspace: 26038K(26304K)->26038K(26304K) NonClass: 23255K(23360K)->23255K(23360K) Class: 2783K(2944K)->2783K(2944K)
[7.247s][info][gc             ] GC(205) Pause Full (Allocation Failure) 494M->337M(494M) 51.225ms
[7.247s][info][gc,cpu         ] GC(205) User=0.07s Sys=0.00s Real=0.05s
[7.257s][info][gc,start       ] GC(206) Pause Young (Allocation Failure)
[7.257s][info][gc             ] GC(206) Pause Young (Allocation Failure) 474M->474M(494M) 0.058ms
[7.257s][info][gc,cpu         ] GC(206) User=0.00s Sys=0.00s Real=0.00s
[7.257s][info][gc,start       ] GC(207) Pause Full (Allocation Failure)
[7.257s][info][gc,phases,start] GC(207) Phase 1: Mark live objects
[7.265s][info][gc,phases      ] GC(207) Phase 1: Mark live objects 8.224ms
[7.265s][info][gc,phases,start] GC(207) Phase 2: Compute new object addresses
[7.270s][info][gc,phases      ] GC(207) Phase 2: Compute new object addresses 4.690ms
[7.270s][info][gc,phases,start] GC(207) Phase 3: Adjust pointers
[7.276s][info][gc,phases      ] GC(207) Phase 3: Adjust pointers 6.108ms
[7.276s][info][gc,phases,start] GC(207) Phase 4: Move objects
[7.313s][info][gc,phases      ] GC(207) Phase 4: Move objects 36.374ms
[7.313s][info][gc,heap        ] GC(207) DefNew: 139776K(157248K)->1026K(157248K) Eden: 139776K(139776K)->1026K(139776K) From: 0K(17472K)->0K(17472K)
[7.313s][info][gc,heap        ] GC(207) Tenured: 345716K(349568K)->349189K(349568K)
[7.313s][info][gc,metaspace   ] GC(207) Metaspace: 26110K(26368K)->26110K(26368K) NonClass: 23319K(23424K)->23319K(23424K) Class: 2790K(2944K)->2790K(2944K)
[7.313s][info][gc             ] GC(207) Pause Full (Allocation Failure) 474M->342M(494M) 55.842ms
[7.313s][info][gc,cpu         ] GC(207) User=0.06s Sys=0.01s Real=0.06s
[7.325s][info][gc,start       ] GC(208) Pause Full (Allocation Failure)
[7.325s][info][gc,phases,start] GC(208) Phase 1: Mark live objects
[7.334s][info][gc,phases      ] GC(208) Phase 1: Mark live objects 9.355ms
[7.334s][info][gc,phases,start] GC(208) Phase 2: Compute new object addresses
[7.339s][info][gc,phases      ] GC(208) Phase 2: Compute new object addresses 4.991ms
[7.339s][info][gc,phases,start] GC(208) Phase 3: Adjust pointers
[7.345s][info][gc,phases      ] GC(208) Phase 3: Adjust pointers 5.711ms
[7.345s][info][gc,phases,start] GC(208) Phase 4: Move objects
[7.374s][info][gc,phases      ] GC(208) Phase 4: Move objects 29.315ms
[7.374s][info][gc,heap        ] GC(208) DefNew: 156961K(157248K)->16205K(157248K) Eden: 139776K(139776K)->16205K(139776K) From: 17185K(17472K)->0K(17472K)
[7.374s][info][gc,heap        ] GC(208) Tenured: 349189K(349568K)->349447K(349568K)
[7.374s][info][gc,metaspace   ] GC(208) Metaspace: 26262K(26496K)->26262K(26496K) NonClass: 23455K(23552K)->23455K(23552K) Class: 2807K(2944K)->2807K(2944K)
[7.374s][info][gc             ] GC(208) Pause Full (Allocation Failure) 494M->357M(494M) 49.845ms
[7.374s][info][gc,cpu         ] GC(208) User=0.06s Sys=0.00s Real=0.05s
[7.383s][info][gc,start       ] GC(209) Pause Full (Allocation Failure)
[7.383s][info][gc,phases,start] GC(209) Phase 1: Mark live objects
[7.392s][info][gc,phases      ] GC(209) Phase 1: Mark live objects 8.666ms
[7.392s][info][gc,phases,start] GC(209) Phase 2: Compute new object addresses
[7.397s][info][gc,phases      ] GC(209) Phase 2: Compute new object addresses 4.801ms
[7.397s][info][gc,phases,start] GC(209) Phase 3: Adjust pointers
[7.402s][info][gc,phases      ] GC(209) Phase 3: Adjust pointers 5.709ms
[7.403s][info][gc,phases,start] GC(209) Phase 4: Move objects
[7.438s][info][gc,phases      ] GC(209) Phase 4: Move objects 35.354ms
[7.438s][info][gc,heap        ] GC(209) DefNew: 156995K(157248K)->2827K(157248K) Eden: 139776K(139776K)->2827K(139776K) From: 17219K(17472K)->0K(17472K)
[7.438s][info][gc,heap        ] GC(209) Tenured: 349447K(349568K)->349459K(349568K)
[7.438s][info][gc,metaspace   ] GC(209) Metaspace: 26313K(26560K)->26313K(26560K) NonClass: 23499K(23616K)->23499K(23616K) Class: 2814K(2944K)->2814K(2944K)
[7.438s][info][gc             ] GC(209) Pause Full (Allocation Failure) 494M->344M(494M) 55.047ms
[7.438s][info][gc,cpu         ] GC(209) User=0.06s Sys=0.00s Real=0.05s
[7.456s][info][gc,start       ] GC(210) Pause Full (Allocation Failure)
[7.456s][info][gc,phases,start] GC(210) Phase 1: Mark live objects
[7.464s][info][gc,phases      ] GC(210) Phase 1: Mark live objects 7.805ms
[7.464s][info][gc,phases,start] GC(210) Phase 2: Compute new object addresses
[7.469s][info][gc,phases      ] GC(210) Phase 2: Compute new object addresses 5.261ms
[7.469s][info][gc,phases,start] GC(210) Phase 3: Adjust pointers
[7.475s][info][gc,phases      ] GC(210) Phase 3: Adjust pointers 5.922ms
[7.475s][info][gc,phases,start] GC(210) Phase 4: Move objects
[7.507s][info][gc,phases      ] GC(210) Phase 4: Move objects 31.351ms
[7.507s][info][gc,heap        ] GC(210) DefNew: 157119K(157248K)->11342K(157248K) Eden: 139776K(139776K)->11342K(139776K) From: 17343K(17472K)->0K(17472K)
[7.507s][info][gc,heap        ] GC(210) Tenured: 349459K(349568K)->349480K(349568K)
[7.507s][info][gc,metaspace   ] GC(210) Metaspace: 26400K(26624K)->26400K(26624K) NonClass: 23585K(23680K)->23585K(23680K) Class: 2815K(2944K)->2815K(2944K)
[7.507s][info][gc             ] GC(210) Pause Full (Allocation Failure) 494M->352M(494M) 50.803ms
[7.507s][info][gc,cpu         ] GC(210) User=0.06s Sys=0.00s Real=0.05s
[7.523s][info][gc,start       ] GC(211) Pause Full (Allocation Failure)
[7.523s][info][gc,phases,start] GC(211) Phase 1: Mark live objects
[7.531s][info][gc,phases      ] GC(211) Phase 1: Mark live objects 8.179ms
[7.531s][info][gc,phases,start] GC(211) Phase 2: Compute new object addresses
[7.536s][info][gc,phases      ] GC(211) Phase 2: Compute new object addresses 4.319ms
[7.536s][info][gc,phases,start] GC(211) Phase 3: Adjust pointers
[7.543s][info][gc,phases      ] GC(211) Phase 3: Adjust pointers 7.154ms
[7.543s][info][gc,phases,start] GC(211) Phase 4: Move objects
[7.576s][info][gc,phases      ] GC(211) Phase 4: Move objects 33.247ms
[7.576s][info][gc,heap        ] GC(211) DefNew: 157248K(157248K)->0K(157248K) Eden: 139776K(139776K)->0K(139776K) From: 17472K(17472K)->0K(17472K)
[7.576s][info][gc,heap        ] GC(211) Tenured: 349482K(349568K)->340374K(349568K)
[7.576s][info][gc,metaspace   ] GC(211) Metaspace: 26467K(26752K)->26467K(26752K) NonClass: 23651K(23808K)->23651K(23808K) Class: 2815K(2944K)->2815K(2944K)
[7.576s][info][gc             ] GC(211) Pause Full (Allocation Failure) 494M->332M(494M) 53.367ms
[7.576s][info][gc,cpu         ] GC(211) User=0.06s Sys=0.00s Real=0.05s
[7.583s][info][gc,start       ] GC(212) Pause Young (Allocation Failure)
[7.583s][info][gc             ] GC(212) Pause Young (Allocation Failure) 468M->468M(494M) 0.066ms
[7.583s][info][gc,cpu         ] GC(212) User=0.00s Sys=0.00s Real=0.00s
[7.583s][info][gc,start       ] GC(213) Pause Full (Allocation Failure)
[7.583s][info][gc,phases,start] GC(213) Phase 1: Mark live objects
[7.592s][info][gc,phases      ] GC(213) Phase 1: Mark live objects 9.040ms
[7.592s][info][gc,phases,start] GC(213) Phase 2: Compute new object addresses
[7.597s][info][gc,phases      ] GC(213) Phase 2: Compute new object addresses 5.365ms
[7.597s][info][gc,phases,start] GC(213) Phase 3: Adjust pointers
[7.603s][info][gc,phases      ] GC(213) Phase 3: Adjust pointers 5.752ms
[7.603s][info][gc,phases,start] GC(213) Phase 4: Move objects
[7.624s][info][gc,phases      ] GC(213) Phase 4: Move objects 20.542ms
[7.624s][info][gc,heap        ] GC(213) DefNew: 139776K(157248K)->12626K(157248K) Eden: 139776K(139776K)->12626K(139776K) From: 0K(17472K)->0K(17472K)
[7.624s][info][gc,heap        ] GC(213) Tenured: 340374K(349568K)->349403K(349568K)
[7.624s][info][gc,metaspace   ] GC(213) Metaspace: 26519K(26816K)->26519K(26816K) NonClass: 23704K(23872K)->23704K(23872K) Class: 2815K(2944K)->2815K(2944K)
[7.624s][info][gc             ] GC(213) Pause Full (Allocation Failure) 468M->353M(494M) 41.133ms
[7.624s][info][gc,cpu         ] GC(213) User=0.04s Sys=0.00s Real=0.04s
[7.635s][info][gc,start       ] GC(214) Pause Full (Allocation Failure)
[7.635s][info][gc,phases,start] GC(214) Phase 1: Mark live objects
[7.643s][info][gc,phases      ] GC(214) Phase 1: Mark live objects 8.025ms
[7.643s][info][gc,phases,start] GC(214) Phase 2: Compute new object addresses
[7.647s][info][gc,phases      ] GC(214) Phase 2: Compute new object addresses 4.371ms
[7.647s][info][gc,phases,start] GC(214) Phase 3: Adjust pointers
[7.654s][info][gc,phases      ] GC(214) Phase 3: Adjust pointers 6.666ms
[7.654s][info][gc,phases,start] GC(214) Phase 4: Move objects
[7.685s][info][gc,phases      ] GC(214) Phase 4: Move objects 30.438ms
[7.685s][info][gc,heap        ] GC(214) DefNew: 156313K(157248K)->0K(157248K) Eden: 139776K(139776K)->0K(139776K) From: 16537K(17472K)->0K(17472K)
[7.685s][info][gc,heap        ] GC(214) Tenured: 349403K(349568K)->338744K(349568K)
[7.685s][info][gc,metaspace   ] GC(214) Metaspace: 26551K(26816K)->26551K(26816K) NonClass: 23732K(23872K)->23732K(23872K) Class: 2818K(2944K)->2818K(2944K)
[7.685s][info][gc             ] GC(214) Pause Full (Allocation Failure) 493M->330M(494M) 49.976ms
[7.685s][info][gc,cpu         ] GC(214) User=0.05s Sys=0.00s Real=0.05s
[7.692s][info][gc,start       ] GC(215) Pause Young (Allocation Failure)
[7.692s][info][gc             ] GC(215) Pause Young (Allocation Failure) 467M->467M(494M) 0.071ms
[7.692s][info][gc,cpu         ] GC(215) User=0.00s Sys=0.00s Real=0.00s
[7.692s][info][gc,start       ] GC(216) Pause Full (Allocation Failure)
[7.692s][info][gc,phases,start] GC(216) Phase 1: Mark live objects
[7.701s][info][gc,phases      ] GC(216) Phase 1: Mark live objects 8.903ms
[7.701s][info][gc,phases,start] GC(216) Phase 2: Compute new object addresses
[7.706s][info][gc,phases      ] GC(216) Phase 2: Compute new object addresses 5.479ms
[7.706s][info][gc,phases,start] GC(216) Phase 3: Adjust pointers
[7.713s][info][gc,phases      ] GC(216) Phase 3: Adjust pointers 6.219ms
[7.713s][info][gc,phases,start] GC(216) Phase 4: Move objects
[7.715s][info][gc,phases      ] GC(216) Phase 4: Move objects 2.580ms
[7.715s][info][gc,heap        ] GC(216) DefNew: 139642K(157248K)->12876K(157248K) Eden: 139642K(139776K)->12876K(139776K) From: 0K(17472K)->0K(17472K)
[7.715s][info][gc,heap        ] GC(216) Tenured: 338744K(349568K)->349333K(349568K)
[7.715s][info][gc,metaspace   ] GC(216) Metaspace: 26585K(26816K)->26585K(26816K) NonClass: 23761K(23872K)->23761K(23872K) Class: 2823K(2944K)->2823K(2944K)
[7.715s][info][gc             ] GC(216) Pause Full (Allocation Failure) 467M->353M(494M) 23.526ms
[7.715s][info][gc,cpu         ] GC(216) User=0.02s Sys=0.01s Real=0.02s
[7.726s][info][gc,start       ] GC(217) Pause Full (Allocation Failure)
[7.726s][info][gc,phases,start] GC(217) Phase 1: Mark live objects
[7.734s][info][gc,phases      ] GC(217) Phase 1: Mark live objects 7.786ms
[7.734s][info][gc,phases,start] GC(217) Phase 2: Compute new object addresses
[7.738s][info][gc,phases      ] GC(217) Phase 2: Compute new object addresses 4.334ms
[7.738s][info][gc,phases,start] GC(217) Phase 3: Adjust pointers
[7.744s][info][gc,phases      ] GC(217) Phase 3: Adjust pointers 5.686ms
[7.744s][info][gc,phases,start] GC(217) Phase 4: Move objects
[7.776s][info][gc,phases      ] GC(217) Phase 4: Move objects 32.158ms
[7.776s][info][gc,heap        ] GC(217) DefNew: 156962K(157248K)->0K(157248K) Eden: 139776K(139776K)->0K(139776K) From: 17186K(17472K)->0K(17472K)
[7.776s][info][gc,heap        ] GC(217) Tenured: 349333K(349568K)->341894K(349568K)
[7.776s][info][gc,metaspace   ] GC(217) Metaspace: 26630K(26880K)->26630K(26880K) NonClass: 23804K(23936K)->23804K(23936K) Class: 2825K(2944K)->2825K(2944K)
[7.777s][info][gc             ] GC(217) Pause Full (Allocation Failure) 494M->333M(494M) 50.441ms
[7.777s][info][gc,cpu         ] GC(217) User=0.06s Sys=0.00s Real=0.05s
[7.784s][info][gc,start       ] GC(218) Pause Young (Allocation Failure)
[7.784s][info][gc             ] GC(218) Pause Young (Allocation Failure) 470M->470M(494M) 0.067ms
[7.784s][info][gc,cpu         ] GC(218) User=0.00s Sys=0.00s Real=0.00s
[7.784s][info][gc,start       ] GC(219) Pause Full (Allocation Failure)
[7.784s][info][gc,phases,start] GC(219) Phase 1: Mark live objects
[7.795s][info][gc,phases      ] GC(219) Phase 1: Mark live objects 10.441ms
[7.795s][info][gc,phases,start] GC(219) Phase 2: Compute new object addresses
[7.799s][info][gc,phases      ] GC(219) Phase 2: Compute new object addresses 4.383ms
[7.799s][info][gc,phases,start] GC(219) Phase 3: Adjust pointers
[7.804s][info][gc,phases      ] GC(219) Phase 3: Adjust pointers 5.518ms
[7.805s][info][gc,phases,start] GC(219) Phase 4: Move objects
[7.808s][info][gc,phases      ] GC(219) Phase 4: Move objects 3.714ms
[7.808s][info][gc,heap        ] GC(219) DefNew: 139671K(157248K)->16979K(157248K) Eden: 139671K(139776K)->16979K(139776K) From: 0K(17472K)->0K(17472K)
[7.808s][info][gc,heap        ] GC(219) Tenured: 341894K(349568K)->349333K(349568K)
[7.808s][info][gc,metaspace   ] GC(219) Metaspace: 26659K(26880K)->26659K(26880K) NonClass: 23834K(23936K)->23834K(23936K) Class: 2825K(2944K)->2825K(2944K)
[7.808s][info][gc             ] GC(219) Pause Full (Allocation Failure) 470M->357M(494M) 24.364ms
[7.808s][info][gc,cpu         ] GC(219) User=0.03s Sys=0.00s Real=0.02s
[7.819s][info][gc,start       ] GC(220) Pause Full (Allocation Failure)
[7.819s][info][gc,phases,start] GC(220) Phase 1: Mark live objects
[7.827s][info][gc,phases      ] GC(220) Phase 1: Mark live objects 7.984ms
[7.827s][info][gc,phases,start] GC(220) Phase 2: Compute new object addresses
[7.831s][info][gc,phases      ] GC(220) Phase 2: Compute new object addresses 4.204ms
[7.831s][info][gc,phases,start] GC(220) Phase 3: Adjust pointers
[7.837s][info][gc,phases      ] GC(220) Phase 3: Adjust pointers 5.379ms
[7.837s][info][gc,phases,start] GC(220) Phase 4: Move objects
[7.864s][info][gc,phases      ] GC(220) Phase 4: Move objects 27.200ms
[7.864s][info][gc,heap        ] GC(220) DefNew: 156596K(157248K)->12870K(157248K) Eden: 139776K(139776K)->12870K(139776K) From: 16820K(17472K)->0K(17472K)
[7.864s][info][gc,heap        ] GC(220) Tenured: 349333K(349568K)->349349K(349568K)
[7.864s][info][gc,metaspace   ] GC(220) Metaspace: 26666K(26880K)->26666K(26880K) NonClass: 23841K(23936K)->23841K(23936K) Class: 2825K(2944K)->2825K(2944K)
[7.864s][info][gc             ] GC(220) Pause Full (Allocation Failure) 494M->353M(494M) 45.159ms
[7.864s][info][gc,cpu         ] GC(220) User=0.05s Sys=0.00s Real=0.05s
[7.873s][info][gc,start       ] GC(221) Pause Full (Allocation Failure)
[7.873s][info][gc,phases,start] GC(221) Phase 1: Mark live objects
[7.880s][info][gc,phases      ] GC(221) Phase 1: Mark live objects 7.720ms
[7.880s][info][gc,phases,start] GC(221) Phase 2: Compute new object addresses
[7.885s][info][gc,phases      ] GC(221) Phase 2: Compute new object addresses 4.306ms
[7.885s][info][gc,phases,start] GC(221) Phase 3: Adjust pointers
[7.890s][info][gc,phases      ] GC(221) Phase 3: Adjust pointers 5.144ms
[7.890s][info][gc,phases,start] GC(221) Phase 4: Move objects
[7.921s][info][gc,phases      ] GC(221) Phase 4: Move objects 30.541ms
[7.921s][info][gc,heap        ] GC(221) DefNew: 157019K(157248K)->14934K(157248K) Eden: 139776K(139776K)->14934K(139776K) From: 17243K(17472K)->0K(17472K)
[7.921s][info][gc,heap        ] GC(221) Tenured: 349349K(349568K)->349354K(349568K)
[7.921s][info][gc,metaspace   ] GC(221) Metaspace: 26667K(26880K)->26667K(26880K) NonClass: 23841K(23936K)->23841K(23936K) Class: 2825K(2944K)->2825K(2944K)
[7.921s][info][gc             ] GC(221) Pause Full (Allocation Failure) 494M->355M(494M) 48.141ms
[7.921s][info][gc,cpu         ] GC(221) User=0.05s Sys=0.00s Real=0.04s
[7.931s][info][gc,start       ] GC(222) Pause Full (Allocation Failure)
[7.931s][info][gc,phases,start] GC(222) Phase 1: Mark live objects
[7.939s][info][gc,phases      ] GC(222) Phase 1: Mark live objects 7.962ms
[7.939s][info][gc,phases,start] GC(222) Phase 2: Compute new object addresses
[7.944s][info][gc,phases      ] GC(222) Phase 2: Compute new object addresses 4.279ms
[7.944s][info][gc,phases,start] GC(222) Phase 3: Adjust pointers
[7.950s][info][gc,phases      ] GC(222) Phase 3: Adjust pointers 6.303ms
[7.950s][info][gc,phases,start] GC(222) Phase 4: Move objects
[7.981s][info][gc,phases      ] GC(222) Phase 4: Move objects 30.701ms
[7.981s][info][gc,heap        ] GC(222) DefNew: 157076K(157248K)->0K(157248K) Eden: 139776K(139776K)->0K(139776K) From: 17300K(17472K)->0K(17472K)
[7.981s][info][gc,heap        ] GC(222) Tenured: 349354K(349568K)->344133K(349568K)
[7.981s][info][gc,metaspace   ] GC(222) Metaspace: 26667K(26880K)->26667K(26880K) NonClass: 23842K(23936K)->23842K(23936K) Class: 2825K(2944K)->2825K(2944K)
[7.981s][info][gc             ] GC(222) Pause Full (Allocation Failure) 494M->336M(494M) 49.686ms
[7.981s][info][gc,cpu         ] GC(222) User=0.05s Sys=0.00s Real=0.04s
[7.988s][info][gc,start       ] GC(223) Pause Young (Allocation Failure)
[7.988s][info][gc             ] GC(223) Pause Young (Allocation Failure) 472M->472M(494M) 0.063ms
[7.988s][info][gc,cpu         ] GC(223) User=0.00s Sys=0.00s Real=0.00s
[7.988s][info][gc,start       ] GC(224) Pause Full (Allocation Failure)
[7.988s][info][gc,phases,start] GC(224) Phase 1: Mark live objects
[7.999s][info][gc,phases      ] GC(224) Phase 1: Mark live objects 10.766ms
[7.999s][info][gc,phases,start] GC(224) Phase 2: Compute new object addresses
[8.003s][info][gc,phases      ] GC(224) Phase 2: Compute new object addresses 4.606ms
[8.003s][info][gc,phases,start] GC(224) Phase 3: Adjust pointers
[8.009s][info][gc,phases      ] GC(224) Phase 3: Adjust pointers 6.062ms
[8.009s][info][gc,phases,start] GC(224) Phase 4: Move objects
[8.033s][info][gc,phases      ] GC(224) Phase 4: Move objects 23.907ms
[8.034s][info][gc,heap        ] GC(224) DefNew: 139776K(157248K)->15337K(157248K) Eden: 139776K(139776K)->15337K(139776K) From: 0K(17472K)->0K(17472K)
[8.034s][info][gc,heap        ] GC(224) Tenured: 344133K(349568K)->349530K(349568K)
[8.034s][info][gc,metaspace   ] GC(224) Metaspace: 26667K(26880K)->26667K(26880K) NonClass: 23842K(23936K)->23842K(23936K) Class: 2825K(2944K)->2825K(2944K)
[8.034s][info][gc             ] GC(224) Pause Full (Allocation Failure) 472M->356M(494M) 45.753ms
[8.034s][info][gc,cpu         ] GC(224) User=0.05s Sys=0.00s Real=0.05s
[8.044s][info][gc,start       ] GC(225) Pause Full (Allocation Failure)
[8.044s][info][gc,phases,start] GC(225) Phase 1: Mark live objects
[8.052s][info][gc,phases      ] GC(225) Phase 1: Mark live objects 8.224ms
[8.052s][info][gc,phases,start] GC(225) Phase 2: Compute new object addresses
[8.057s][info][gc,phases      ] GC(225) Phase 2: Compute new object addresses 4.651ms
[8.057s][info][gc,phases,start] GC(225) Phase 3: Adjust pointers
[8.063s][info][gc,phases      ] GC(225) Phase 3: Adjust pointers 5.869ms
[8.063s][info][gc,phases,start] GC(225) Phase 4: Move objects
[8.096s][info][gc,phases      ] GC(225) Phase 4: Move objects 32.501ms
[8.096s][info][gc,heap        ] GC(225) DefNew: 156435K(157248K)->10822K(157248K) Eden: 139776K(139776K)->10822K(139776K) From: 16659K(17472K)->0K(17472K)
[8.096s][info][gc,heap        ] GC(225) Tenured: 349530K(349568K)->349322K(349568K)
[8.096s][info][gc,metaspace   ] GC(225) Metaspace: 26670K(26880K)->26670K(26880K) NonClass: 23844K(23936K)->23844K(23936K) Class: 2825K(2944K)->2825K(2944K)
[8.096s][info][gc             ] GC(225) Pause Full (Allocation Failure) 494M->351M(494M) 51.727ms
[8.096s][info][gc,cpu         ] GC(225) User=0.05s Sys=0.00s Real=0.05s
[8.104s][info][gc,start       ] GC(226) Pause Full (Allocation Failure)
[8.104s][info][gc,phases,start] GC(226) Phase 1: Mark live objects
[8.112s][info][gc,phases      ] GC(226) Phase 1: Mark live objects 8.285ms
[8.112s][info][gc,phases,start] GC(226) Phase 2: Compute new object addresses
[8.116s][info][gc,phases      ] GC(226) Phase 2: Compute new object addresses 4.450ms
[8.116s][info][gc,phases,start] GC(226) Phase 3: Adjust pointers
[8.122s][info][gc,phases      ] GC(226) Phase 3: Adjust pointers 5.802ms
[8.122s][info][gc,phases,start] GC(226) Phase 4: Move objects
[8.154s][info][gc,phases      ] GC(226) Phase 4: Move objects 31.907ms
[8.154s][info][gc,heap        ] GC(226) DefNew: 156985K(157248K)->18256K(157248K) Eden: 139776K(139776K)->18256K(139776K) From: 17209K(17472K)->0K(17472K)
[8.154s][info][gc,heap        ] GC(226) Tenured: 349322K(349568K)->349349K(349568K)
[8.154s][info][gc,metaspace   ] GC(226) Metaspace: 26670K(26880K)->26670K(26880K) NonClass: 23845K(23936K)->23845K(23936K) Class: 2825K(2944K)->2825K(2944K)
[8.154s][info][gc             ] GC(226) Pause Full (Allocation Failure) 494M->358M(494M) 50.883ms
[8.154s][info][gc,cpu         ] GC(226) User=0.05s Sys=0.00s Real=0.05s
[8.165s][info][gc,start       ] GC(227) Pause Full (Allocation Failure)
[8.165s][info][gc,phases,start] GC(227) Phase 1: Mark live objects
[8.174s][info][gc,phases      ] GC(227) Phase 1: Mark live objects 8.570ms
[8.174s][info][gc,phases,start] GC(227) Phase 2: Compute new object addresses
[8.179s][info][gc,phases      ] GC(227) Phase 2: Compute new object addresses 4.530ms
[8.179s][info][gc,phases,start] GC(227) Phase 3: Adjust pointers
[8.185s][info][gc,phases      ] GC(227) Phase 3: Adjust pointers 6.024ms
[8.185s][info][gc,phases,start] GC(227) Phase 4: Move objects
[8.217s][info][gc,phases      ] GC(227) Phase 4: Move objects 32.685ms
[8.218s][info][gc,heap        ] GC(227) DefNew: 156585K(157248K)->0K(157248K) Eden: 139776K(139776K)->0K(139776K) From: 16809K(17472K)->0K(17472K)
[8.218s][info][gc,heap        ] GC(227) Tenured: 349349K(349568K)->342550K(349568K)
[8.218s][info][gc,metaspace   ] GC(227) Metaspace: 26671K(26880K)->26671K(26880K) NonClass: 23845K(23936K)->23845K(23936K) Class: 2825K(2944K)->2825K(2944K)
[8.218s][info][gc             ] GC(227) Pause Full (Allocation Failure) 494M->334M(494M) 52.298ms
[8.218s][info][gc,cpu         ] GC(227) User=0.05s Sys=0.00s Real=0.05s
[8.225s][info][gc,start       ] GC(228) Pause Young (Allocation Failure)
[8.225s][info][gc             ] GC(228) Pause Young (Allocation Failure) 470M->470M(494M) 0.069ms
[8.225s][info][gc,cpu         ] GC(228) User=0.00s Sys=0.00s Real=0.00s
[8.225s][info][gc,start       ] GC(229) Pause Full (Allocation Failure)
[8.225s][info][gc,phases,start] GC(229) Phase 1: Mark live objects
[8.234s][info][gc,phases      ] GC(229) Phase 1: Mark live objects 8.844ms
[8.234s][info][gc,phases,start] GC(229) Phase 2: Compute new object addresses
[8.238s][info][gc,phases      ] GC(229) Phase 2: Compute new object addresses 4.419ms
[8.238s][info][gc,phases,start] GC(229) Phase 3: Adjust pointers
[8.244s][info][gc,phases      ] GC(229) Phase 3: Adjust pointers 5.776ms
[8.244s][info][gc,phases,start] GC(229) Phase 4: Move objects
[8.247s][info][gc,phases      ] GC(229) Phase 4: Move objects 2.914ms
[8.247s][info][gc,heap        ] GC(229) DefNew: 139557K(157248K)->17039K(157248K) Eden: 139557K(139776K)->17039K(139776K) From: 0K(17472K)->0K(17472K)
[8.247s][info][gc,heap        ] GC(229) Tenured: 342550K(349568K)->349340K(349568K)
[8.247s][info][gc,metaspace   ] GC(229) Metaspace: 26672K(26880K)->26672K(26880K) NonClass: 23846K(23936K)->23846K(23936K) Class: 2825K(2944K)->2825K(2944K)
[8.247s][info][gc             ] GC(229) Pause Full (Allocation Failure) 470M->357M(494M) 22.300ms
[8.247s][info][gc,cpu         ] GC(229) User=0.04s Sys=0.00s Real=0.02s
[8.257s][info][gc,start       ] GC(230) Pause Full (Allocation Failure)
[8.257s][info][gc,phases,start] GC(230) Phase 1: Mark live objects
[8.265s][info][gc,phases      ] GC(230) Phase 1: Mark live objects 7.986ms
[8.265s][info][gc,phases,start] GC(230) Phase 2: Compute new object addresses
[8.269s][info][gc,phases      ] GC(230) Phase 2: Compute new object addresses 4.393ms
[8.269s][info][gc,phases,start] GC(230) Phase 3: Adjust pointers
[8.276s][info][gc,phases      ] GC(230) Phase 3: Adjust pointers 6.771ms
[8.276s][info][gc,phases,start] GC(230) Phase 4: Move objects
[8.307s][info][gc,phases      ] GC(230) Phase 4: Move objects 30.962ms
[8.307s][info][gc,heap        ] GC(230) DefNew: 157074K(157248K)->13651K(157248K) Eden: 139776K(139776K)->13651K(139776K) From: 17298K(17472K)->0K(17472K)
[8.307s][info][gc,heap        ] GC(230) Tenured: 349340K(349568K)->349336K(349568K)
[8.307s][info][gc,metaspace   ] GC(230) Metaspace: 26672K(26880K)->26672K(26880K) NonClass: 23846K(23936K)->23846K(23936K) Class: 2825K(2944K)->2825K(2944K)
[8.307s][info][gc             ] GC(230) Pause Full (Allocation Failure) 494M->354M(494M) 50.592ms
[8.307s][info][gc,cpu         ] GC(230) User=0.05s Sys=0.00s Real=0.05s
[8.314s][info][gc,start       ] GC(231) Pause Full (Allocation Failure)
[8.315s][info][gc,phases,start] GC(231) Phase 1: Mark live objects
[8.323s][info][gc,phases      ] GC(231) Phase 1: Mark live objects 8.960ms
[8.324s][info][gc,phases,start] GC(231) Phase 2: Compute new object addresses
[8.329s][info][gc,phases      ] GC(231) Phase 2: Compute new object addresses 5.591ms
[8.329s][info][gc,phases,start] GC(231) Phase 3: Adjust pointers
[8.336s][info][gc,phases      ] GC(231) Phase 3: Adjust pointers 6.554ms
[8.336s][info][gc,phases,start] GC(231) Phase 4: Move objects
[8.366s][info][gc,phases      ] GC(231) Phase 4: Move objects 29.977ms
[8.366s][info][gc,heap        ] GC(231) DefNew: 157234K(157248K)->18019K(157248K) Eden: 139776K(139776K)->18019K(139776K) From: 17458K(17472K)->0K(17472K)
[8.366s][info][gc,heap        ] GC(231) Tenured: 349336K(349568K)->349358K(349568K)
[8.366s][info][gc,metaspace   ] GC(231) Metaspace: 26672K(26880K)->26672K(26880K) NonClass: 23846K(23936K)->23846K(23936K) Class: 2825K(2944K)->2825K(2944K)
[8.366s][info][gc             ] GC(231) Pause Full (Allocation Failure) 494M->358M(494M) 51.539ms
[8.366s][info][gc,cpu         ] GC(231) User=0.05s Sys=0.00s Real=0.05s
[8.376s][info][gc,start       ] GC(232) Pause Full (Allocation Failure)
[8.377s][info][gc,phases,start] GC(232) Phase 1: Mark live objects
[8.385s][info][gc,phases      ] GC(232) Phase 1: Mark live objects 8.771ms
[8.385s][info][gc,phases,start] GC(232) Phase 2: Compute new object addresses
[8.391s][info][gc,phases      ] GC(232) Phase 2: Compute new object addresses 5.426ms
[8.391s][info][gc,phases,start] GC(232) Phase 3: Adjust pointers
[8.397s][info][gc,phases      ] GC(232) Phase 3: Adjust pointers 5.953ms
[8.397s][info][gc,phases,start] GC(232) Phase 4: Move objects
[8.428s][info][gc,phases      ] GC(232) Phase 4: Move objects 31.008ms
[8.428s][info][gc,heap        ] GC(232) DefNew: 156649K(157248K)->0K(157248K) Eden: 139776K(139776K)->0K(139776K) From: 16873K(17472K)->0K(17472K)
[8.428s][info][gc,heap        ] GC(232) Tenured: 349358K(349568K)->346049K(349568K)
[8.428s][info][gc,metaspace   ] GC(232) Metaspace: 26679K(26880K)->26679K(26880K) NonClass: 23854K(23936K)->23854K(23936K) Class: 2825K(2944K)->2825K(2944K)
[8.428s][info][gc             ] GC(232) Pause Full (Allocation Failure) 494M->337M(494M) 51.637ms
[8.428s][info][gc,cpu         ] GC(232) User=0.05s Sys=0.00s Real=0.05s
[8.438s][info][gc,start       ] GC(233) Pause Young (Allocation Failure)
[8.438s][info][gc             ] GC(233) Pause Young (Allocation Failure) 474M->474M(494M) 0.067ms
[8.438s][info][gc,cpu         ] GC(233) User=0.00s Sys=0.00s Real=0.00s
[8.438s][info][gc,start       ] GC(234) Pause Full (Allocation Failure)
[8.438s][info][gc,phases,start] GC(234) Phase 1: Mark live objects
[8.447s][info][gc,phases      ] GC(234) Phase 1: Mark live objects 9.423ms
[8.447s][info][gc,phases,start] GC(234) Phase 2: Compute new object addresses
[8.452s][info][gc,phases      ] GC(234) Phase 2: Compute new object addresses 5.041ms
[8.452s][info][gc,phases,start] GC(234) Phase 3: Adjust pointers
[8.458s][info][gc,phases      ] GC(234) Phase 3: Adjust pointers 5.907ms
[8.458s][info][gc,phases,start] GC(234) Phase 4: Move objects
[8.463s][info][gc,phases      ] GC(234) Phase 4: Move objects 4.353ms
[8.463s][info][gc,heap        ] GC(234) DefNew: 139776K(157248K)->19234K(157248K) Eden: 139776K(139776K)->19234K(139776K) From: 0K(17472K)->0K(17472K)
[8.463s][info][gc,heap        ] GC(234) Tenured: 346049K(349568K)->349377K(349568K)
[8.463s][info][gc,metaspace   ] GC(234) Metaspace: 26679K(26880K)->26679K(26880K) NonClass: 23854K(23936K)->23854K(23936K) Class: 2825K(2944K)->2825K(2944K)
[8.463s][info][gc             ] GC(234) Pause Full (Allocation Failure) 474M->359M(494M) 25.212ms
[8.463s][info][gc,cpu         ] GC(234) User=0.05s Sys=0.00s Real=0.03s
[8.470s][info][gc,start       ] GC(235) Pause Full (Allocation Failure)
[8.470s][info][gc,phases,start] GC(235) Phase 1: Mark live objects
[8.478s][info][gc,phases      ] GC(235) Phase 1: Mark live objects 8.487ms
[8.478s][info][gc,phases,start] GC(235) Phase 2: Compute new object addresses
[8.482s][info][gc,phases      ] GC(235) Phase 2: Compute new object addresses 4.276ms
[8.483s][info][gc,phases,start] GC(235) Phase 3: Adjust pointers
[8.488s][info][gc,phases      ] GC(235) Phase 3: Adjust pointers 5.939ms
[8.489s][info][gc,phases,start] GC(235) Phase 4: Move objects
[8.522s][info][gc,phases      ] GC(235) Phase 4: Move objects 33.770ms
[8.522s][info][gc,heap        ] GC(235) DefNew: 157023K(157248K)->21646K(157248K) Eden: 139776K(139776K)->21646K(139776K) From: 17247K(17472K)->0K(17472K)
[8.523s][info][gc,heap        ] GC(235) Tenured: 349377K(349568K)->349567K(349568K)
[8.523s][info][gc,metaspace   ] GC(235) Metaspace: 26679K(26880K)->26679K(26880K) NonClass: 23854K(23936K)->23854K(23936K) Class: 2825K(2944K)->2825K(2944K)
[8.523s][info][gc             ] GC(235) Pause Full (Allocation Failure) 494M->362M(494M) 53.019ms
[8.523s][info][gc,cpu         ] GC(235) User=0.05s Sys=0.00s Real=0.06s
[8.533s][info][gc,start       ] GC(236) Pause Full (Allocation Failure)
[8.533s][info][gc,phases,start] GC(236) Phase 1: Mark live objects
[8.542s][info][gc,phases      ] GC(236) Phase 1: Mark live objects 8.335ms
[8.542s][info][gc,phases,start] GC(236) Phase 2: Compute new object addresses
[8.546s][info][gc,phases      ] GC(236) Phase 2: Compute new object addresses 4.532ms
[8.546s][info][gc,phases,start] GC(236) Phase 3: Adjust pointers
[8.552s][info][gc,phases      ] GC(236) Phase 3: Adjust pointers 5.716ms
[8.552s][info][gc,phases,start] GC(236) Phase 4: Move objects
[8.585s][info][gc,phases      ] GC(236) Phase 4: Move objects 33.169ms
[8.586s][info][gc,heap        ] GC(236) DefNew: 156890K(157248K)->7716K(157248K) Eden: 139776K(139776K)->7716K(139776K) From: 17114K(17472K)->0K(17472K)
[8.586s][info][gc,heap        ] GC(236) Tenured: 349567K(349568K)->349490K(349568K)
[8.586s][info][gc,metaspace   ] GC(236) Metaspace: 26679K(26880K)->26679K(26880K) NonClass: 23854K(23936K)->23854K(23936K) Class: 2825K(2944K)->2825K(2944K)
[8.586s][info][gc             ] GC(236) Pause Full (Allocation Failure) 494M->348M(494M) 52.319ms
[8.586s][info][gc,cpu         ] GC(236) User=0.06s Sys=0.00s Real=0.05s
[8.597s][info][gc,start       ] GC(237) Pause Full (Allocation Failure)
[8.597s][info][gc,phases,start] GC(237) Phase 1: Mark live objects
[8.606s][info][gc,phases      ] GC(237) Phase 1: Mark live objects 8.597ms
[8.606s][info][gc,phases,start] GC(237) Phase 2: Compute new object addresses
[8.611s][info][gc,phases      ] GC(237) Phase 2: Compute new object addresses 4.740ms
[8.611s][info][gc,phases,start] GC(237) Phase 3: Adjust pointers
[8.618s][info][gc,phases      ] GC(237) Phase 3: Adjust pointers 6.979ms
[8.618s][info][gc,phases,start] GC(237) Phase 4: Move objects
[8.648s][info][gc,phases      ] GC(237) Phase 4: Move objects 30.661ms
[8.649s][info][gc,heap        ] GC(237) DefNew: 156838K(157248K)->0K(157248K) Eden: 139776K(139776K)->0K(139776K) From: 17062K(17472K)->0K(17472K)
[8.649s][info][gc,heap        ] GC(237) Tenured: 349490K(349568K)->347807K(349568K)
[8.649s][info][gc,metaspace   ] GC(237) Metaspace: 26680K(26880K)->26680K(26880K) NonClass: 23854K(23936K)->23854K(23936K) Class: 2825K(2944K)->2825K(2944K)
[8.649s][info][gc             ] GC(237) Pause Full (Allocation Failure) 494M->339M(494M) 51.460ms
[8.649s][info][gc,cpu         ] GC(237) User=0.07s Sys=0.01s Real=0.05s
[8.655s][info][gc,start       ] GC(238) Pause Young (Allocation Failure)
[8.655s][info][gc             ] GC(238) Pause Young (Allocation Failure) 476M->476M(494M) 0.062ms
[8.655s][info][gc,cpu         ] GC(238) User=0.00s Sys=0.00s Real=0.00s
[8.655s][info][gc,start       ] GC(239) Pause Full (Allocation Failure)
[8.655s][info][gc,phases,start] GC(239) Phase 1: Mark live objects
[8.664s][info][gc,phases      ] GC(239) Phase 1: Mark live objects 8.315ms
[8.664s][info][gc,phases,start] GC(239) Phase 2: Compute new object addresses
[8.668s][info][gc,phases      ] GC(239) Phase 2: Compute new object addresses 4.262ms
[8.668s][info][gc,phases,start] GC(239) Phase 3: Adjust pointers
[8.675s][info][gc,phases      ] GC(239) Phase 3: Adjust pointers 6.924ms
[8.675s][info][gc,phases,start] GC(239) Phase 4: Move objects
[8.679s][info][gc,phases      ] GC(239) Phase 4: Move objects 3.923ms
[8.679s][info][gc,heap        ] GC(239) DefNew: 139776K(157248K)->20835K(157248K) Eden: 139776K(139776K)->20835K(139776K) From: 0K(17472K)->0K(17472K)
[8.679s][info][gc,heap        ] GC(239) Tenured: 347807K(349568K)->349352K(349568K)
[8.679s][info][gc,metaspace   ] GC(239) Metaspace: 26683K(26880K)->26683K(26880K) NonClass: 23857K(23936K)->23857K(23936K) Class: 2825K(2944K)->2825K(2944K)
[8.679s][info][gc             ] GC(239) Pause Full (Allocation Failure) 476M->361M(494M) 23.798ms
[8.679s][info][gc,cpu         ] GC(239) User=0.03s Sys=0.00s Real=0.02s
[8.690s][info][gc,start       ] GC(240) Pause Full (Allocation Failure)
[8.690s][info][gc,phases,start] GC(240) Phase 1: Mark live objects
[8.699s][info][gc,phases      ] GC(240) Phase 1: Mark live objects 8.856ms
[8.699s][info][gc,phases,start] GC(240) Phase 2: Compute new object addresses
[8.703s][info][gc,phases      ] GC(240) Phase 2: Compute new object addresses 4.435ms
[8.703s][info][gc,phases,start] GC(240) Phase 3: Adjust pointers
[8.709s][info][gc,phases      ] GC(240) Phase 3: Adjust pointers 5.343ms
[8.709s][info][gc,phases,start] GC(240) Phase 4: Move objects
[8.737s][info][gc,phases      ] GC(240) Phase 4: Move objects 28.085ms
[8.737s][info][gc,heap        ] GC(240) DefNew: 156829K(157248K)->15946K(157248K) Eden: 139776K(139776K)->15946K(139776K) From: 17053K(17472K)->0K(17472K)
[8.737s][info][gc,heap        ] GC(240) Tenured: 349352K(349568K)->349471K(349568K)
[8.737s][info][gc,metaspace   ] GC(240) Metaspace: 26687K(26880K)->26687K(26880K) NonClass: 23862K(23936K)->23862K(23936K) Class: 2825K(2944K)->2825K(2944K)
[8.737s][info][gc             ] GC(240) Pause Full (Allocation Failure) 494M->356M(494M) 47.157ms
[8.737s][info][gc,cpu         ] GC(240) User=0.05s Sys=0.00s Real=0.05s
[8.748s][info][gc,start       ] GC(241) Pause Full (Allocation Failure)
[8.748s][info][gc,phases,start] GC(241) Phase 1: Mark live objects
[8.756s][info][gc,phases      ] GC(241) Phase 1: Mark live objects 8.567ms
[8.756s][info][gc,phases,start] GC(241) Phase 2: Compute new object addresses
[8.761s][info][gc,phases      ] GC(241) Phase 2: Compute new object addresses 4.476ms
[8.761s][info][gc,phases,start] GC(241) Phase 3: Adjust pointers
[8.766s][info][gc,phases      ] GC(241) Phase 3: Adjust pointers 5.453ms
[8.766s][info][gc,phases,start] GC(241) Phase 4: Move objects
[8.796s][info][gc,phases      ] GC(241) Phase 4: Move objects 29.279ms
[8.796s][info][gc,heap        ] GC(241) DefNew: 156359K(157248K)->14062K(157248K) Eden: 139776K(139776K)->14062K(139776K) From: 16583K(17472K)->0K(17472K)
[8.796s][info][gc,heap        ] GC(241) Tenured: 349471K(349568K)->349434K(349568K)
[8.796s][info][gc,metaspace   ] GC(241) Metaspace: 26693K(26944K)->26693K(26944K) NonClass: 23867K(24000K)->23867K(24000K) Class: 2826K(2944K)->2826K(2944K)
[8.796s][info][gc             ] GC(241) Pause Full (Allocation Failure) 493M->354M(494M) 48.159ms
[8.796s][info][gc,cpu         ] GC(241) User=0.05s Sys=0.00s Real=0.05s
[8.806s][info][gc,start       ] GC(242) Pause Full (Allocation Failure)
[8.806s][info][gc,phases,start] GC(242) Phase 1: Mark live objects
[8.814s][info][gc,phases      ] GC(242) Phase 1: Mark live objects 8.002ms
[8.814s][info][gc,phases,start] GC(242) Phase 2: Compute new object addresses
[8.819s][info][gc,phases      ] GC(242) Phase 2: Compute new object addresses 4.149ms
[8.819s][info][gc,phases,start] GC(242) Phase 3: Adjust pointers
[8.824s][info][gc,phases      ] GC(242) Phase 3: Adjust pointers 5.230ms
[8.824s][info][gc,phases,start] GC(242) Phase 4: Move objects
[8.853s][info][gc,phases      ] GC(242) Phase 4: Move objects 29.015ms
[8.853s][info][gc,heap        ] GC(242) DefNew: 156283K(157248K)->0K(157248K) Eden: 139776K(139776K)->0K(139776K) From: 16507K(17472K)->0K(17472K)
[8.853s][info][gc,heap        ] GC(242) Tenured: 349434K(349568K)->347594K(349568K)
[8.853s][info][gc,metaspace   ] GC(242) Metaspace: 26694K(26944K)->26694K(26944K) NonClass: 23868K(24000K)->23868K(24000K) Class: 2826K(2944K)->2826K(2944K)
[8.853s][info][gc             ] GC(242) Pause Full (Allocation Failure) 493M->339M(494M) 46.810ms
[8.853s][info][gc,cpu         ] GC(242) User=0.05s Sys=0.00s Real=0.05s
[8.861s][info][gc,start       ] GC(243) Pause Young (Allocation Failure)
[8.861s][info][gc             ] GC(243) Pause Young (Allocation Failure) 475M->475M(494M) 0.067ms
[8.861s][info][gc,cpu         ] GC(243) User=0.00s Sys=0.00s Real=0.00s
[8.861s][info][gc,start       ] GC(244) Pause Full (Allocation Failure)
[8.861s][info][gc,phases,start] GC(244) Phase 1: Mark live objects
[8.869s][info][gc,phases      ] GC(244) Phase 1: Mark live objects 8.664ms
[8.869s][info][gc,phases,start] GC(244) Phase 2: Compute new object addresses
[8.874s][info][gc,phases      ] GC(244) Phase 2: Compute new object addresses 4.413ms
[8.874s][info][gc,phases,start] GC(244) Phase 3: Adjust pointers
[8.879s][info][gc,phases      ] GC(244) Phase 3: Adjust pointers 5.411ms
[8.879s][info][gc,phases,start] GC(244) Phase 4: Move objects
[8.883s][info][gc,phases      ] GC(244) Phase 4: Move objects 3.744ms
[8.883s][info][gc,heap        ] GC(244) DefNew: 139775K(157248K)->21859K(157248K) Eden: 139775K(139776K)->21859K(139776K) From: 0K(17472K)->0K(17472K)
[8.883s][info][gc,heap        ] GC(244) Tenured: 347594K(349568K)->349334K(349568K)
[8.883s][info][gc,metaspace   ] GC(244) Metaspace: 26694K(26944K)->26694K(26944K) NonClass: 23868K(24000K)->23868K(24000K) Class: 2826K(2944K)->2826K(2944K)
[8.883s][info][gc             ] GC(244) Pause Full (Allocation Failure) 475M->362M(494M) 22.572ms
[8.883s][info][gc,cpu         ] GC(244) User=0.03s Sys=0.00s Real=0.03s
[8.894s][info][gc,start       ] GC(245) Pause Full (Allocation Failure)
[8.894s][info][gc,phases,start] GC(245) Phase 1: Mark live objects
[8.903s][info][gc,phases      ] GC(245) Phase 1: Mark live objects 8.622ms
[8.903s][info][gc,phases,start] GC(245) Phase 2: Compute new object addresses
[8.908s][info][gc,phases      ] GC(245) Phase 2: Compute new object addresses 4.760ms
[8.908s][info][gc,phases,start] GC(245) Phase 3: Adjust pointers
[8.914s][info][gc,phases      ] GC(245) Phase 3: Adjust pointers 5.963ms
[8.914s][info][gc,phases,start] GC(245) Phase 4: Move objects
[8.942s][info][gc,phases      ] GC(245) Phase 4: Move objects 28.394ms
[8.942s][info][gc,heap        ] GC(245) DefNew: 156974K(157248K)->15841K(157248K) Eden: 139776K(139776K)->15841K(139776K) From: 17198K(17472K)->0K(17472K)
[8.942s][info][gc,heap        ] GC(245) Tenured: 349334K(349568K)->349467K(349568K)
[8.942s][info][gc,metaspace   ] GC(245) Metaspace: 26696K(26944K)->26696K(26944K) NonClass: 23869K(24000K)->23869K(24000K) Class: 2826K(2944K)->2826K(2944K)
[8.942s][info][gc             ] GC(245) Pause Full (Allocation Failure) 494M->356M(494M) 48.180ms
[8.942s][info][gc,cpu         ] GC(245) User=0.05s Sys=0.00s Real=0.05s
[8.952s][info][gc,start       ] GC(246) Pause Full (Allocation Failure)
[8.952s][info][gc,phases,start] GC(246) Phase 1: Mark live objects
[8.961s][info][gc,phases      ] GC(246) Phase 1: Mark live objects 9.017ms
[8.961s][info][gc,phases,start] GC(246) Phase 2: Compute new object addresses
[8.965s][info][gc,phases      ] GC(246) Phase 2: Compute new object addresses 4.578ms
[8.965s][info][gc,phases,start] GC(246) Phase 3: Adjust pointers
[8.972s][info][gc,phases      ] GC(246) Phase 3: Adjust pointers 6.102ms
[8.972s][info][gc,phases,start] GC(246) Phase 4: Move objects
[9.000s][info][gc,phases      ] GC(246) Phase 4: Move objects 28.741ms
[9.001s][info][gc,heap        ] GC(246) DefNew: 157126K(157248K)->21117K(157248K) Eden: 139776K(139776K)->21117K(139776K) From: 17350K(17472K)->0K(17472K)
[9.001s][info][gc,heap        ] GC(246) Tenured: 349467K(349568K)->349327K(349568K)
[9.001s][info][gc,metaspace   ] GC(246) Metaspace: 26696K(26944K)->26696K(26944K) NonClass: 23870K(24000K)->23870K(24000K) Class: 2826K(2944K)->2826K(2944K)
[9.001s][info][gc             ] GC(246) Pause Full (Allocation Failure) 494M->361M(494M) 48.881ms
[9.001s][info][gc,cpu         ] GC(246) User=0.05s Sys=0.00s Real=0.04s
[9.011s][info][gc,start       ] GC(247) Pause Full (Allocation Failure)
[9.011s][info][gc,phases,start] GC(247) Phase 1: Mark live objects
[9.019s][info][gc,phases      ] GC(247) Phase 1: Mark live objects 7.983ms
[9.019s][info][gc,phases,start] GC(247) Phase 2: Compute new object addresses
[9.023s][info][gc,phases      ] GC(247) Phase 2: Compute new object addresses 3.939ms
[9.023s][info][gc,phases,start] GC(247) Phase 3: Adjust pointers
[9.028s][info][gc,phases      ] GC(247) Phase 3: Adjust pointers 4.924ms
[9.028s][info][gc,phases,start] GC(247) Phase 4: Move objects
[9.058s][info][gc,phases      ] GC(247) Phase 4: Move objects 29.403ms
[9.058s][info][gc,heap        ] GC(247) DefNew: 156431K(157248K)->0K(157248K) Eden: 139776K(139776K)->0K(139776K) From: 16655K(17472K)->0K(17472K)
[9.058s][info][gc,heap        ] GC(247) Tenured: 349327K(349568K)->349500K(349568K)
[9.058s][info][gc,metaspace   ] GC(247) Metaspace: 26698K(26944K)->26698K(26944K) NonClass: 23871K(24000K)->23871K(24000K) Class: 2826K(2944K)->2826K(2944K)
[9.058s][info][gc             ] GC(247) Pause Full (Allocation Failure) 493M->341M(494M) 46.636ms
[9.058s][info][gc,cpu         ] GC(247) User=0.05s Sys=0.01s Real=0.04s
[9.064s][info][gc,start       ] GC(248) Pause Young (Allocation Failure)
[9.064s][info][gc             ] GC(248) Pause Young (Allocation Failure) 477M->477M(494M) 0.067ms
[9.064s][info][gc,cpu         ] GC(248) User=0.00s Sys=0.00s Real=0.00s
[9.065s][info][gc,start       ] GC(249) Pause Full (Allocation Failure)
[9.065s][info][gc,phases,start] GC(249) Phase 1: Mark live objects
[9.073s][info][gc,phases      ] GC(249) Phase 1: Mark live objects 8.671ms
[9.073s][info][gc,phases,start] GC(249) Phase 2: Compute new object addresses
[9.077s][info][gc,phases      ] GC(249) Phase 2: Compute new object addresses 4.242ms
[9.078s][info][gc,phases,start] GC(249) Phase 3: Adjust pointers
[9.083s][info][gc,phases      ] GC(249) Phase 3: Adjust pointers 5.362ms
[9.083s][info][gc,phases,start] GC(249) Phase 4: Move objects
[9.106s][info][gc,phases      ] GC(249) Phase 4: Move objects 22.798ms
[9.106s][info][gc,heap        ] GC(249) DefNew: 139776K(157248K)->23057K(157248K) Eden: 139776K(139776K)->23057K(139776K) From: 0K(17472K)->0K(17472K)
[9.106s][info][gc,heap        ] GC(249) Tenured: 349500K(349568K)->348904K(349568K)
[9.106s][info][gc,metaspace   ] GC(249) Metaspace: 26698K(26944K)->26698K(26944K) NonClass: 23871K(24000K)->23871K(24000K) Class: 2826K(2944K)->2826K(2944K)
[9.106s][info][gc             ] GC(249) Pause Full (Allocation Failure) 477M->363M(494M) 41.474ms
[9.106s][info][gc,cpu         ] GC(249) User=0.04s Sys=0.00s Real=0.04s
[9.117s][info][gc,start       ] GC(250) Pause Full (Allocation Failure)
[9.117s][info][gc,phases,start] GC(250) Phase 1: Mark live objects
[9.125s][info][gc,phases      ] GC(250) Phase 1: Mark live objects 7.982ms
[9.125s][info][gc,phases,start] GC(250) Phase 2: Compute new object addresses
[9.129s][info][gc,phases      ] GC(250) Phase 2: Compute new object addresses 4.074ms
[9.129s][info][gc,phases,start] GC(250) Phase 3: Adjust pointers
[9.135s][info][gc,phases      ] GC(250) Phase 3: Adjust pointers 5.398ms
[9.135s][info][gc,phases,start] GC(250) Phase 4: Move objects
[9.163s][info][gc,phases      ] GC(250) Phase 4: Move objects 28.131ms
[9.163s][info][gc,heap        ] GC(250) DefNew: 157101K(157248K)->16734K(157248K) Eden: 139776K(139776K)->16734K(139776K) From: 17325K(17472K)->0K(17472K)
[9.163s][info][gc,heap        ] GC(250) Tenured: 349416K(349568K)->349363K(349568K)
[9.163s][info][gc,metaspace   ] GC(250) Metaspace: 26698K(26944K)->26698K(26944K) NonClass: 23871K(24000K)->23871K(24000K) Class: 2826K(2944K)->2826K(2944K)
[9.163s][info][gc             ] GC(250) Pause Full (Allocation Failure) 494M->357M(494M) 45.973ms
[9.163s][info][gc,cpu         ] GC(250) User=0.06s Sys=0.01s Real=0.05s
[9.175s][info][gc,start       ] GC(251) Pause Full (Allocation Failure)
[9.175s][info][gc,phases,start] GC(251) Phase 1: Mark live objects
[9.183s][info][gc,phases      ] GC(251) Phase 1: Mark live objects 8.045ms
[9.183s][info][gc,phases,start] GC(251) Phase 2: Compute new object addresses
[9.187s][info][gc,phases      ] GC(251) Phase 2: Compute new object addresses 4.358ms
[9.187s][info][gc,phases,start] GC(251) Phase 3: Adjust pointers
[9.193s][info][gc,phases      ] GC(251) Phase 3: Adjust pointers 5.445ms
[9.193s][info][gc,phases,start] GC(251) Phase 4: Move objects
[9.221s][info][gc,phases      ] GC(251) Phase 4: Move objects 28.779ms
[9.222s][info][gc,heap        ] GC(251) DefNew: 157104K(157248K)->12082K(157248K) Eden: 139776K(139776K)->12082K(139776K) From: 17328K(17472K)->0K(17472K)
[9.222s][info][gc,heap        ] GC(251) Tenured: 349363K(349568K)->349496K(349568K)
[9.222s][info][gc,metaspace   ] GC(251) Metaspace: 26698K(26944K)->26698K(26944K) NonClass: 23871K(24000K)->23871K(24000K) Class: 2826K(2944K)->2826K(2944K)
[9.222s][info][gc             ] GC(251) Pause Full (Allocation Failure) 494M->353M(494M) 47.044ms
[9.222s][info][gc,cpu         ] GC(251) User=0.05s Sys=0.00s Real=0.04s
[9.230s][info][gc,start       ] GC(252) Pause Full (Allocation Failure)
[9.230s][info][gc,phases,start] GC(252) Phase 1: Mark live objects
[9.239s][info][gc,phases      ] GC(252) Phase 1: Mark live objects 8.080ms
[9.239s][info][gc,phases,start] GC(252) Phase 2: Compute new object addresses
[9.243s][info][gc,phases      ] GC(252) Phase 2: Compute new object addresses 4.204ms
[9.243s][info][gc,phases,start] GC(252) Phase 3: Adjust pointers
[9.248s][info][gc,phases      ] GC(252) Phase 3: Adjust pointers 5.284ms
[9.248s][info][gc,phases,start] GC(252) Phase 4: Move objects
[9.279s][info][gc,phases      ] GC(252) Phase 4: Move objects 30.489ms
[9.279s][info][gc,heap        ] GC(252) DefNew: 156749K(157248K)->1033K(157248K) Eden: 139776K(139776K)->1033K(139776K) From: 16973K(17472K)->0K(17472K)
[9.279s][info][gc,heap        ] GC(252) Tenured: 349496K(349568K)->349349K(349568K)
[9.279s][info][gc,metaspace   ] GC(252) Metaspace: 26700K(26944K)->26700K(26944K) NonClass: 23874K(24000K)->23874K(24000K) Class: 2826K(2944K)->2826K(2944K)
[9.279s][info][gc             ] GC(252) Pause Full (Allocation Failure) 494M->342M(494M) 48.578ms
[9.279s][info][gc,cpu         ] GC(252) User=0.05s Sys=0.00s Real=0.04s
[9.290s][info][gc,start       ] GC(253) Pause Full (Allocation Failure)
[9.291s][info][gc,phases,start] GC(253) Phase 1: Mark live objects
[9.301s][info][gc,phases      ] GC(253) Phase 1: Mark live objects 10.194ms
[9.301s][info][gc,phases,start] GC(253) Phase 2: Compute new object addresses
[9.306s][info][gc,phases      ] GC(253) Phase 2: Compute new object addresses 5.181ms
[9.306s][info][gc,phases,start] GC(253) Phase 3: Adjust pointers
[9.313s][info][gc,phases      ] GC(253) Phase 3: Adjust pointers 6.680ms
[9.313s][info][gc,phases,start] GC(253) Phase 4: Move objects
[9.342s][info][gc,phases      ] GC(253) Phase 4: Move objects 29.143ms
[9.342s][info][gc,heap        ] GC(253) DefNew: 157179K(157248K)->18770K(157248K) Eden: 139776K(139776K)->18770K(139776K) From: 17403K(17472K)->0K(17472K)
[9.342s][info][gc,heap        ] GC(253) Tenured: 349349K(349568K)->349378K(349568K)
[9.342s][info][gc,metaspace   ] GC(253) Metaspace: 26701K(26944K)->26701K(26944K) NonClass: 23874K(24000K)->23874K(24000K) Class: 2826K(2944K)->2826K(2944K)
[9.342s][info][gc             ] GC(253) Pause Full (Allocation Failure) 494M->359M(494M) 51.791ms
[9.342s][info][gc,cpu         ] GC(253) User=0.06s Sys=0.00s Real=0.05s
[9.352s][info][gc,start       ] GC(254) Pause Full (Allocation Failure)
[9.352s][info][gc,phases,start] GC(254) Phase 1: Mark live objects
[9.362s][info][gc,phases      ] GC(254) Phase 1: Mark live objects 9.055ms
[9.362s][info][gc,phases,start] GC(254) Phase 2: Compute new object addresses
[9.366s][info][gc,phases      ] GC(254) Phase 2: Compute new object addresses 4.080ms
[9.366s][info][gc,phases,start] GC(254) Phase 3: Adjust pointers
[9.371s][info][gc,phases      ] GC(254) Phase 3: Adjust pointers 5.259ms
[9.371s][info][gc,phases,start] GC(254) Phase 4: Move objects
[9.401s][info][gc,phases      ] GC(254) Phase 4: Move objects 29.533ms
[9.401s][info][gc,heap        ] GC(254) DefNew: 157101K(157248K)->15694K(157248K) Eden: 139776K(139776K)->15694K(139776K) From: 17325K(17472K)->0K(17472K)
[9.401s][info][gc,heap        ] GC(254) Tenured: 349378K(349568K)->349472K(349568K)
[9.401s][info][gc,metaspace   ] GC(254) Metaspace: 26701K(26944K)->26701K(26944K) NonClass: 23874K(24000K)->23874K(24000K) Class: 2826K(2944K)->2826K(2944K)
[9.401s][info][gc             ] GC(254) Pause Full (Allocation Failure) 494M->356M(494M) 48.354ms
[9.401s][info][gc,cpu         ] GC(254) User=0.05s Sys=0.00s Real=0.04s
[9.412s][info][gc,start       ] GC(255) Pause Full (Allocation Failure)
[9.412s][info][gc,phases,start] GC(255) Phase 1: Mark live objects
[9.420s][info][gc,phases      ] GC(255) Phase 1: Mark live objects 8.416ms
[9.420s][info][gc,phases,start] GC(255) Phase 2: Compute new object addresses
[9.425s][info][gc,phases      ] GC(255) Phase 2: Compute new object addresses 4.533ms
[9.425s][info][gc,phases,start] GC(255) Phase 3: Adjust pointers
[9.431s][info][gc,phases      ] GC(255) Phase 3: Adjust pointers 6.056ms
[9.431s][info][gc,phases,start] GC(255) Phase 4: Move objects
[9.459s][info][gc,phases      ] GC(255) Phase 4: Move objects 28.473ms
[9.460s][info][gc,heap        ] GC(255) DefNew: 156987K(157248K)->14965K(157248K) Eden: 139776K(139776K)->14965K(139776K) From: 17211K(17472K)->0K(17472K)
[9.460s][info][gc,heap        ] GC(255) Tenured: 349472K(349568K)->349323K(349568K)
[9.460s][info][gc,metaspace   ] GC(255) Metaspace: 26928K(27200K)->26928K(27200K) NonClass: 24086K(24256K)->24086K(24256K) Class: 2842K(2944K)->2842K(2944K)
[9.460s][info][gc             ] GC(255) Pause Full (Allocation Failure) 494M->355M(494M) 47.952ms
[9.460s][info][gc,cpu         ] GC(255) User=0.05s Sys=0.00s Real=0.04s
[9.471s][info][gc,start       ] GC(256) Pause Full (Allocation Failure)
[9.472s][info][gc,phases,start] GC(256) Phase 1: Mark live objects
[9.480s][info][gc,phases      ] GC(256) Phase 1: Mark live objects 8.310ms
[9.480s][info][gc,phases,start] GC(256) Phase 2: Compute new object addresses
[9.485s][info][gc,phases      ] GC(256) Phase 2: Compute new object addresses 4.626ms
[9.485s][info][gc,phases,start] GC(256) Phase 3: Adjust pointers
[9.492s][info][gc,phases      ] GC(256) Phase 3: Adjust pointers 7.743ms
[9.492s][info][gc,phases,start] GC(256) Phase 4: Move objects
[9.527s][info][gc,phases      ] GC(256) Phase 4: Move objects 34.445ms
[9.527s][info][gc,heap        ] GC(256) DefNew: 156471K(157248K)->0K(157248K) Eden: 139776K(139776K)->0K(139776K) From: 16695K(17472K)->0K(17472K)
[9.527s][info][gc,heap        ] GC(256) Tenured: 349323K(349568K)->348319K(349568K)
[9.527s][info][gc,metaspace   ] GC(256) Metaspace: 27056K(27328K)->27056K(27328K) NonClass: 24188K(24320K)->24188K(24320K) Class: 2868K(3008K)->2868K(3008K)
[9.527s][info][gc             ] GC(256) Pause Full (Allocation Failure) 493M->340M(494M) 55.654ms
[9.527s][info][gc,cpu         ] GC(256) User=0.10s Sys=0.00s Real=0.05s
[9.534s][info][gc,start       ] GC(257) Pause Young (Allocation Failure)
[9.534s][info][gc             ] GC(257) Pause Young (Allocation Failure) 476M->476M(494M) 0.064ms
[9.534s][info][gc,cpu         ] GC(257) User=0.00s Sys=0.00s Real=0.00s
[9.534s][info][gc,start       ] GC(258) Pause Full (Allocation Failure)
[9.534s][info][gc,phases,start] GC(258) Phase 1: Mark live objects
[9.543s][info][gc,phases      ] GC(258) Phase 1: Mark live objects 8.939ms
[9.543s][info][gc,phases,start] GC(258) Phase 2: Compute new object addresses
[9.547s][info][gc,phases      ] GC(258) Phase 2: Compute new object addresses 4.335ms
[9.547s][info][gc,phases,start] GC(258) Phase 3: Adjust pointers
[9.553s][info][gc,phases      ] GC(258) Phase 3: Adjust pointers 5.541ms
[9.553s][info][gc,phases,start] GC(258) Phase 4: Move objects
[9.556s][info][gc,phases      ] GC(258) Phase 4: Move objects 2.785ms
[9.556s][info][gc,heap        ] GC(258) DefNew: 139776K(157248K)->23162K(157248K) Eden: 139776K(139776K)->23162K(139776K) From: 0K(17472K)->0K(17472K)
[9.556s][info][gc,heap        ] GC(258) Tenured: 348319K(349568K)->349349K(349568K)
[9.556s][info][gc,metaspace   ] GC(258) Metaspace: 27182K(27456K)->27182K(27456K) NonClass: 24297K(24448K)->24297K(24448K) Class: 2884K(3008K)->2884K(3008K)
[9.556s][info][gc             ] GC(258) Pause Full (Allocation Failure) 476M->363M(494M) 22.003ms
[9.556s][info][gc,cpu         ] GC(258) User=0.03s Sys=0.00s Real=0.02s
[9.567s][info][gc,start       ] GC(259) Pause Full (Allocation Failure)
[9.567s][info][gc,phases,start] GC(259) Phase 1: Mark live objects
[9.576s][info][gc,phases      ] GC(259) Phase 1: Mark live objects 8.840ms
[9.576s][info][gc,phases,start] GC(259) Phase 2: Compute new object addresses
[9.580s][info][gc,phases      ] GC(259) Phase 2: Compute new object addresses 4.442ms
[9.580s][info][gc,phases,start] GC(259) Phase 3: Adjust pointers
[9.586s][info][gc,phases      ] GC(259) Phase 3: Adjust pointers 5.942ms
[9.586s][info][gc,phases,start] GC(259) Phase 4: Move objects
[9.616s][info][gc,phases      ] GC(259) Phase 4: Move objects 30.075ms
[9.616s][info][gc,heap        ] GC(259) DefNew: 156909K(157248K)->16766K(157248K) Eden: 139776K(139776K)->16766K(139776K) From: 17133K(17472K)->0K(17472K)
[9.616s][info][gc,heap        ] GC(259) Tenured: 349349K(349568K)->349539K(349568K)
[9.616s][info][gc,metaspace   ] GC(259) Metaspace: 27234K(27520K)->27234K(27520K) NonClass: 24346K(24512K)->24346K(24512K) Class: 2887K(3008K)->2887K(3008K)
[9.616s][info][gc             ] GC(259) Pause Full (Allocation Failure) 494M->357M(494M) 49.729ms
[9.616s][info][gc,cpu         ] GC(259) User=0.05s Sys=0.00s Real=0.05s
[9.627s][info][gc,start       ] GC(260) Pause Full (Allocation Failure)
[9.627s][info][gc,phases,start] GC(260) Phase 1: Mark live objects
[9.636s][info][gc,phases      ] GC(260) Phase 1: Mark live objects 8.849ms
[9.636s][info][gc,phases,start] GC(260) Phase 2: Compute new object addresses
[9.640s][info][gc,phases      ] GC(260) Phase 2: Compute new object addresses 4.131ms
[9.640s][info][gc,phases,start] GC(260) Phase 3: Adjust pointers
[9.646s][info][gc,phases      ] GC(260) Phase 3: Adjust pointers 5.532ms
[9.646s][info][gc,phases,start] GC(260) Phase 4: Move objects
[9.675s][info][gc,phases      ] GC(260) Phase 4: Move objects 29.503ms
[9.675s][info][gc,heap        ] GC(260) DefNew: 156243K(157248K)->17542K(157248K) Eden: 139776K(139776K)->17542K(139776K) From: 16467K(17472K)->0K(17472K)
[9.675s][info][gc,heap        ] GC(260) Tenured: 349539K(349568K)->349563K(349568K)
[9.675s][info][gc,metaspace   ] GC(260) Metaspace: 27260K(27520K)->27260K(27520K) NonClass: 24367K(24512K)->24367K(24512K) Class: 2892K(3008K)->2892K(3008K)
[9.675s][info][gc             ] GC(260) Pause Full (Allocation Failure) 493M->358M(494M) 48.409ms
[9.675s][info][gc,cpu         ] GC(260) User=0.04s Sys=0.00s Real=0.05s
[9.688s][info][gc,start       ] GC(261) Pause Full (Allocation Failure)
[9.688s][info][gc,phases,start] GC(261) Phase 1: Mark live objects
[9.697s][info][gc,phases      ] GC(261) Phase 1: Mark live objects 8.816ms
[9.697s][info][gc,phases,start] GC(261) Phase 2: Compute new object addresses
[9.701s][info][gc,phases      ] GC(261) Phase 2: Compute new object addresses 4.257ms
[9.701s][info][gc,phases,start] GC(261) Phase 3: Adjust pointers
[9.707s][info][gc,phases      ] GC(261) Phase 3: Adjust pointers 5.846ms
[9.707s][info][gc,phases,start] GC(261) Phase 4: Move objects
[9.740s][info][gc,phases      ] GC(261) Phase 4: Move objects 32.941ms
[9.740s][info][gc,heap        ] GC(261) DefNew: 157127K(157248K)->0K(157248K) Eden: 139776K(139776K)->0K(139776K) From: 17351K(17472K)->0K(17472K)
[9.740s][info][gc,heap        ] GC(261) Tenured: 349563K(349568K)->349022K(349568K)
[9.740s][info][gc,metaspace   ] GC(261) Metaspace: 27302K(27584K)->27302K(27584K) NonClass: 24402K(24576K)->24402K(24576K) Class: 2899K(3008K)->2899K(3008K)
[9.740s][info][gc             ] GC(261) Pause Full (Allocation Failure) 494M->340M(494M) 52.303ms
[9.740s][info][gc,cpu         ] GC(261) User=0.06s Sys=0.00s Real=0.05s
[9.747s][info][gc,start       ] GC(262) Pause Young (Allocation Failure)
[9.747s][info][gc             ] GC(262) Pause Young (Allocation Failure) 477M->477M(494M) 0.060ms
[9.747s][info][gc,cpu         ] GC(262) User=0.00s Sys=0.00s Real=0.00s
[9.747s][info][gc,start       ] GC(263) Pause Full (Allocation Failure)
[9.747s][info][gc,phases,start] GC(263) Phase 1: Mark live objects
[9.756s][info][gc,phases      ] GC(263) Phase 1: Mark live objects 9.125ms
[9.756s][info][gc,phases,start] GC(263) Phase 2: Compute new object addresses
[9.761s][info][gc,phases      ] GC(263) Phase 2: Compute new object addresses 4.305ms
[9.761s][info][gc,phases,start] GC(263) Phase 3: Adjust pointers
[9.766s][info][gc,phases      ] GC(263) Phase 3: Adjust pointers 5.417ms
[9.766s][info][gc,phases,start] GC(263) Phase 4: Move objects
[9.769s][info][gc,phases      ] GC(263) Phase 4: Move objects 2.715ms
[9.769s][info][gc,heap        ] GC(263) DefNew: 139547K(157248K)->22671K(157248K) Eden: 139547K(139776K)->22671K(139776K) From: 0K(17472K)->0K(17472K)
[9.769s][info][gc,heap        ] GC(263) Tenured: 349022K(349568K)->349346K(349568K)
[9.769s][info][gc,metaspace   ] GC(263) Metaspace: 27343K(27584K)->27343K(27584K) NonClass: 24440K(24576K)->24440K(24576K) Class: 2903K(3008K)->2903K(3008K)
[9.769s][info][gc             ] GC(263) Pause Full (Allocation Failure) 477M->363M(494M) 21.874ms
[9.769s][info][gc,cpu         ] GC(263) User=0.02s Sys=0.00s Real=0.02s
[9.780s][info][gc,start       ] GC(264) Pause Full (Allocation Failure)
[9.780s][info][gc,phases,start] GC(264) Phase 1: Mark live objects
[9.789s][info][gc,phases      ] GC(264) Phase 1: Mark live objects 8.955ms
[9.789s][info][gc,phases,start] GC(264) Phase 2: Compute new object addresses
[9.794s][info][gc,phases      ] GC(264) Phase 2: Compute new object addresses 4.682ms
[9.794s][info][gc,phases,start] GC(264) Phase 3: Adjust pointers
[9.800s][info][gc,phases      ] GC(264) Phase 3: Adjust pointers 6.228ms
[9.800s][info][gc,phases,start] GC(264) Phase 4: Move objects
[9.830s][info][gc,phases      ] GC(264) Phase 4: Move objects 29.671ms
[9.830s][info][gc,heap        ] GC(264) DefNew: 156888K(157248K)->10911K(157248K) Eden: 139776K(139776K)->10911K(139776K) From: 17112K(17472K)->0K(17472K)
[9.830s][info][gc,heap        ] GC(264) Tenured: 349346K(349568K)->349549K(349568K)
[9.830s][info][gc,metaspace   ] GC(264) Metaspace: 27369K(27584K)->27369K(27584K) NonClass: 24461K(24576K)->24461K(24576K) Class: 2907K(3008K)->2907K(3008K)
[9.830s][info][gc             ] GC(264) Pause Full (Allocation Failure) 494M->352M(494M) 49.954ms
[9.830s][info][gc,cpu         ] GC(264) User=0.06s Sys=0.00s Real=0.05s
[9.840s][info][gc,start       ] GC(265) Pause Full (Allocation Failure)
[9.840s][info][gc,phases,start] GC(265) Phase 1: Mark live objects
[9.849s][info][gc,phases      ] GC(265) Phase 1: Mark live objects 8.653ms
[9.849s][info][gc,phases,start] GC(265) Phase 2: Compute new object addresses
[9.854s][info][gc,phases      ] GC(265) Phase 2: Compute new object addresses 4.604ms
[9.854s][info][gc,phases,start] GC(265) Phase 3: Adjust pointers
[9.859s][info][gc,phases      ] GC(265) Phase 3: Adjust pointers 5.616ms
[9.859s][info][gc,phases,start] GC(265) Phase 4: Move objects
[9.886s][info][gc,phases      ] GC(265) Phase 4: Move objects 26.782ms
[9.886s][info][gc,heap        ] GC(265) DefNew: 156759K(157248K)->18579K(157248K) Eden: 139776K(139776K)->18579K(139776K) From: 16983K(17472K)->0K(17472K)
[9.886s][info][gc,heap        ] GC(265) Tenured: 349549K(349568K)->349442K(349568K)
[9.886s][info][gc,metaspace   ] GC(265) Metaspace: 27383K(27584K)->27383K(27584K) NonClass: 24476K(24576K)->24476K(24576K) Class: 2907K(3008K)->2907K(3008K)
[9.886s][info][gc             ] GC(265) Pause Full (Allocation Failure) 494M->359M(494M) 46.098ms
[9.886s][info][gc,cpu         ] GC(265) User=0.05s Sys=0.00s Real=0.05s
[9.897s][info][gc,start       ] GC(266) Pause Full (Allocation Failure)
[9.897s][info][gc,phases,start] GC(266) Phase 1: Mark live objects
[9.906s][info][gc,phases      ] GC(266) Phase 1: Mark live objects 9.100ms
[9.906s][info][gc,phases,start] GC(266) Phase 2: Compute new object addresses
[9.910s][info][gc,phases      ] GC(266) Phase 2: Compute new object addresses 4.446ms
[9.910s][info][gc,phases,start] GC(266) Phase 3: Adjust pointers
[9.917s][info][gc,phases      ] GC(266) Phase 3: Adjust pointers 6.156ms
[9.917s][info][gc,phases,start] GC(266) Phase 4: Move objects
[9.949s][info][gc,phases      ] GC(266) Phase 4: Move objects 32.434ms
[9.949s][info][gc,heap        ] GC(266) DefNew: 156823K(157248K)->2841K(157248K) Eden: 139776K(139776K)->2841K(139776K) From: 17047K(17472K)->0K(17472K)
[9.949s][info][gc,heap        ] GC(266) Tenured: 349442K(349568K)->349522K(349568K)
[9.949s][info][gc,metaspace   ] GC(266) Metaspace: 27514K(27776K)->27514K(27776K) NonClass: 24593K(24768K)->24593K(24768K) Class: 2920K(3008K)->2920K(3008K)
[9.949s][info][gc             ] GC(266) Pause Full (Allocation Failure) 494M->344M(494M) 52.569ms
[9.949s][info][gc,cpu         ] GC(266) User=0.10s Sys=0.00s Real=0.05s
[9.965s][info][gc,start       ] GC(267) Pause Full (Allocation Failure)
[9.965s][info][gc,phases,start] GC(267) Phase 1: Mark live objects
[9.974s][info][gc,phases      ] GC(267) Phase 1: Mark live objects 8.858ms
[9.974s][info][gc,phases,start] GC(267) Phase 2: Compute new object addresses
[9.979s][info][gc,phases      ] GC(267) Phase 2: Compute new object addresses 4.867ms
[9.979s][info][gc,phases,start] GC(267) Phase 3: Adjust pointers
[9.985s][info][gc,phases      ] GC(267) Phase 3: Adjust pointers 5.733ms
[9.985s][info][gc,phases,start] GC(267) Phase 4: Move objects
[10.012s][info][gc,phases      ] GC(267) Phase 4: Move objects 27.100ms
[10.012s][info][gc,heap        ] GC(267) DefNew: 157247K(157248K)->17267K(157248K) Eden: 139776K(139776K)->17267K(139776K) From: 17471K(17472K)->0K(17472K)
[10.012s][info][gc,heap        ] GC(267) Tenured: 349568K(349568K)->349348K(349568K)
[10.012s][info][gc,metaspace   ] GC(267) Metaspace: 27569K(27776K)->27569K(27776K) NonClass: 24646K(24768K)->24646K(24768K) Class: 2923K(3008K)->2923K(3008K)
[10.012s][info][gc             ] GC(267) Pause Full (Allocation Failure) 494M->358M(494M) 47.010ms
[10.012s][info][gc,cpu         ] GC(267) User=0.05s Sys=0.00s Real=0.05s
[10.023s][info][gc,start       ] GC(268) Pause Full (Allocation Failure)
[10.023s][info][gc,phases,start] GC(268) Phase 1: Mark live objects
[10.032s][info][gc,phases      ] GC(268) Phase 1: Mark live objects 9.104ms
[10.032s][info][gc,phases,start] GC(268) Phase 2: Compute new object addresses
[10.037s][info][gc,phases      ] GC(268) Phase 2: Compute new object addresses 5.300ms
[10.037s][info][gc,phases,start] GC(268) Phase 3: Adjust pointers
[10.043s][info][gc,phases      ] GC(268) Phase 3: Adjust pointers 6.240ms
[10.043s][info][gc,phases,start] GC(268) Phase 4: Move objects
[10.076s][info][gc,phases      ] GC(268) Phase 4: Move objects 32.744ms
[10.076s][info][gc,heap        ] GC(268) DefNew: 156543K(157248K)->1024K(157248K) Eden: 139776K(139776K)->1024K(139776K) From: 16767K(17472K)->0K(17472K)
[10.076s][info][gc,heap        ] GC(268) Tenured: 349348K(349568K)->348839K(349568K)
[10.076s][info][gc,metaspace   ] GC(268) Metaspace: 27597K(27904K)->27597K(27904K) NonClass: 24670K(24832K)->24670K(24832K) Class: 2926K(3072K)->2926K(3072K)
[10.076s][info][gc             ] GC(268) Pause Full (Allocation Failure) 494M->341M(494M) 53.846ms
[10.077s][info][gc,cpu         ] GC(268) User=0.06s Sys=0.00s Real=0.05s
[10.087s][info][gc,start       ] GC(269) Pause Full (Allocation Failure)
[10.087s][info][gc,phases,start] GC(269) Phase 1: Mark live objects
[10.096s][info][gc,phases      ] GC(269) Phase 1: Mark live objects 9.366ms
[10.096s][info][gc,phases,start] GC(269) Phase 2: Compute new object addresses
[10.101s][info][gc,phases      ] GC(269) Phase 2: Compute new object addresses 4.795ms
[10.101s][info][gc,phases,start] GC(269) Phase 3: Adjust pointers
[10.107s][info][gc,phases      ] GC(269) Phase 3: Adjust pointers 6.017ms
[10.107s][info][gc,phases,start] GC(269) Phase 4: Move objects
[10.133s][info][gc,phases      ] GC(269) Phase 4: Move objects 26.007ms
[10.133s][info][gc,heap        ] GC(269) DefNew: 156247K(157248K)->20883K(157248K) Eden: 139776K(139776K)->20883K(139776K) From: 16471K(17472K)->0K(17472K)
[10.133s][info][gc,heap        ] GC(269) Tenured: 348839K(349568K)->349346K(349568K)
[10.133s][info][gc,metaspace   ] GC(269) Metaspace: 27654K(27904K)->27654K(27904K) NonClass: 24722K(24832K)->24722K(24832K) Class: 2932K(3072K)->2932K(3072K)
[10.134s][info][gc             ] GC(269) Pause Full (Allocation Failure) 493M->361M(494M) 46.621ms
[10.134s][info][gc,cpu         ] GC(269) User=0.05s Sys=0.00s Real=0.05s
[10.144s][info][gc,start       ] GC(270) Pause Full (Allocation Failure)
[10.144s][info][gc,phases,start] GC(270) Phase 1: Mark live objects
[10.153s][info][gc,phases      ] GC(270) Phase 1: Mark live objects 8.590ms
[10.153s][info][gc,phases,start] GC(270) Phase 2: Compute new object addresses
[10.157s][info][gc,phases      ] GC(270) Phase 2: Compute new object addresses 4.637ms
[10.157s][info][gc,phases,start] GC(270) Phase 3: Adjust pointers
[10.163s][info][gc,phases      ] GC(270) Phase 3: Adjust pointers 5.690ms
[10.163s][info][gc,phases,start] GC(270) Phase 4: Move objects
[10.194s][info][gc,phases      ] GC(270) Phase 4: Move objects 30.849ms
[10.194s][info][gc,heap        ] GC(270) DefNew: 156799K(157248K)->2050K(157248K) Eden: 139776K(139776K)->2050K(139776K) From: 17023K(17472K)->0K(17472K)
[10.194s][info][gc,heap        ] GC(270) Tenured: 349346K(349568K)->348801K(349568K)
[10.194s][info][gc,metaspace   ] GC(270) Metaspace: 27735K(28032K)->27735K(28032K) NonClass: 24793K(24960K)->24793K(24960K) Class: 2941K(3072K)->2941K(3072K)
[10.194s][info][gc             ] GC(270) Pause Full (Allocation Failure) 494M->342M(494M) 50.231ms
[10.194s][info][gc,cpu         ] GC(270) User=0.06s Sys=0.00s Real=0.05s
[10.205s][info][gc,start       ] GC(271) Pause Full (Allocation Failure)
[10.205s][info][gc,phases,start] GC(271) Phase 1: Mark live objects
[10.214s][info][gc,phases      ] GC(271) Phase 1: Mark live objects 9.622ms
[10.214s][info][gc,phases,start] GC(271) Phase 2: Compute new object addresses
[10.219s][info][gc,phases      ] GC(271) Phase 2: Compute new object addresses 5.107ms
[10.219s][info][gc,phases,start] GC(271) Phase 3: Adjust pointers
[10.226s][info][gc,phases      ] GC(271) Phase 3: Adjust pointers 6.338ms
[10.226s][info][gc,phases,start] GC(271) Phase 4: Move objects
[10.251s][info][gc,phases      ] GC(271) Phase 4: Move objects 24.790ms
[10.251s][info][gc,heap        ] GC(271) DefNew: 157140K(157248K)->23336K(157248K) Eden: 139776K(139776K)->23336K(139776K) From: 17364K(17472K)->0K(17472K)
[10.251s][info][gc,heap        ] GC(271) Tenured: 349313K(349568K)->349567K(349568K)
[10.251s][info][gc,metaspace   ] GC(271) Metaspace: 27778K(28032K)->27778K(28032K) NonClass: 24830K(24960K)->24830K(24960K) Class: 2948K(3072K)->2948K(3072K)
[10.251s][info][gc             ] GC(271) Pause Full (Allocation Failure) 494M->364M(494M) 46.336ms
[10.251s][info][gc,cpu         ] GC(271) User=0.05s Sys=0.00s Real=0.05s
[10.259s][info][gc,start       ] GC(272) Pause Full (Allocation Failure)
[10.259s][info][gc,phases,start] GC(272) Phase 1: Mark live objects
[10.268s][info][gc,phases      ] GC(272) Phase 1: Mark live objects 9.067ms
[10.268s][info][gc,phases,start] GC(272) Phase 2: Compute new object addresses
[10.273s][info][gc,phases      ] GC(272) Phase 2: Compute new object addresses 4.310ms
[10.273s][info][gc,phases,start] GC(272) Phase 3: Adjust pointers
[10.279s][info][gc,phases      ] GC(272) Phase 3: Adjust pointers 5.786ms
[10.279s][info][gc,phases,start] GC(272) Phase 4: Move objects
[10.308s][info][gc,phases      ] GC(272) Phase 4: Move objects 29.271ms
[10.308s][info][gc,heap        ] GC(272) DefNew: 156766K(157248K)->23217K(157248K) Eden: 139776K(139776K)->23217K(139776K) From: 16990K(17472K)->0K(17472K)
[10.308s][info][gc,heap        ] GC(272) Tenured: 349567K(349568K)->349332K(349568K)
[10.308s][info][gc,metaspace   ] GC(272) Metaspace: 27803K(28032K)->27803K(28032K) NonClass: 24852K(24960K)->24852K(24960K) Class: 2950K(3072K)->2950K(3072K)
[10.308s][info][gc             ] GC(272) Pause Full (Allocation Failure) 494M->363M(494M) 48.879ms
[10.308s][info][gc,cpu         ] GC(272) User=0.05s Sys=0.00s Real=0.05s
[10.319s][info][gc,start       ] GC(273) Pause Young (GCLocker Initiated GC)
[10.319s][info][gc,heap        ] GC(273) DefNew: 157080K(157248K)->157080K(157248K) Eden: 139776K(139776K)->139776K(139776K) From: 17304K(17472K)->17304K(17472K)
[10.319s][info][gc,heap        ] GC(273) Tenured: 349332K(349568K)->349332K(349568K)
[10.319s][info][gc,metaspace   ] GC(273) Metaspace: 27839K(28096K)->27839K(28096K) NonClass: 24884K(25024K)->24884K(25024K) Class: 2955K(3072K)->2955K(3072K)
[10.319s][info][gc             ] GC(273) Pause Young (GCLocker Initiated GC) 494M->494M(494M) 0.060ms
[10.319s][info][gc,cpu         ] GC(273) User=0.00s Sys=0.00s Real=0.00s
[10.319s][info][gc,start       ] GC(274) Pause Full (GCLocker Initiated GC)
[10.319s][info][gc,phases,start] GC(274) Phase 1: Mark live objects
[10.329s][info][gc,phases      ] GC(274) Phase 1: Mark live objects 9.207ms
[10.329s][info][gc,phases,start] GC(274) Phase 2: Compute new object addresses
[10.333s][info][gc,phases      ] GC(274) Phase 2: Compute new object addresses 4.420ms
[10.333s][info][gc,phases,start] GC(274) Phase 3: Adjust pointers
[10.339s][info][gc,phases      ] GC(274) Phase 3: Adjust pointers 6.009ms
[10.339s][info][gc,phases,start] GC(274) Phase 4: Move objects
[10.368s][info][gc,phases      ] GC(274) Phase 4: Move objects 28.985ms
[10.368s][info][gc,heap        ] GC(274) DefNew: 157080K(157248K)->21614K(157248K) Eden: 139776K(139776K)->21614K(139776K) From: 17304K(17472K)->0K(17472K)
[10.368s][info][gc,heap        ] GC(274) Tenured: 349332K(349568K)->349530K(349568K)
[10.368s][info][gc,metaspace   ] GC(274) Metaspace: 27839K(28096K)->27839K(28096K) NonClass: 24884K(25024K)->24884K(25024K) Class: 2955K(3072K)->2955K(3072K)
[10.368s][info][gc             ] GC(274) Pause Full (GCLocker Initiated GC) 494M->362M(494M) 49.004ms
[10.368s][info][gc,cpu         ] GC(274) User=0.05s Sys=0.00s Real=0.05s
[10.379s][info][gc,start       ] GC(275) Pause Full (Allocation Failure)
[10.379s][info][gc,phases,start] GC(275) Phase 1: Mark live objects
[10.388s][info][gc,phases      ] GC(275) Phase 1: Mark live objects 8.756ms
[10.388s][info][gc,phases,start] GC(275) Phase 2: Compute new object addresses
[10.393s][info][gc,phases      ] GC(275) Phase 2: Compute new object addresses 4.522ms
[10.393s][info][gc,phases,start] GC(275) Phase 3: Adjust pointers
[10.399s][info][gc,phases      ] GC(275) Phase 3: Adjust pointers 6.373ms
[10.399s][info][gc,phases,start] GC(275) Phase 4: Move objects
[10.431s][info][gc,phases      ] GC(275) Phase 4: Move objects 31.973ms
[10.431s][info][gc,heap        ] GC(275) DefNew: 156418K(157248K)->0K(157248K) Eden: 139776K(139776K)->0K(139776K) From: 16642K(17472K)->0K(17472K)
[10.431s][info][gc,heap        ] GC(275) Tenured: 349530K(349568K)->348587K(349568K)
[10.431s][info][gc,metaspace   ] GC(275) Metaspace: 27852K(28096K)->27852K(28096K) NonClass: 24896K(25024K)->24896K(25024K) Class: 2956K(3072K)->2956K(3072K)
[10.431s][info][gc             ] GC(275) Pause Full (Allocation Failure) 494M->340M(494M) 52.069ms
[10.431s][info][gc,cpu         ] GC(275) User=0.06s Sys=0.00s Real=0.06s
[10.439s][info][gc,start       ] GC(276) Pause Young (Allocation Failure)
[10.439s][info][gc             ] GC(276) Pause Young (Allocation Failure) 476M->476M(494M) 0.071ms
[10.439s][info][gc,cpu         ] GC(276) User=0.00s Sys=0.00s Real=0.00s
[10.439s][info][gc,start       ] GC(277) Pause Full (Allocation Failure)
[10.439s][info][gc,phases,start] GC(277) Phase 1: Mark live objects
[10.448s][info][gc,phases      ] GC(277) Phase 1: Mark live objects 9.694ms
[10.448s][info][gc,phases,start] GC(277) Phase 2: Compute new object addresses
[10.453s][info][gc,phases      ] GC(277) Phase 2: Compute new object addresses 4.892ms
[10.453s][info][gc,phases,start] GC(277) Phase 3: Adjust pointers
[10.460s][info][gc,phases      ] GC(277) Phase 3: Adjust pointers 6.611ms
[10.460s][info][gc,phases,start] GC(277) Phase 4: Move objects
[10.463s][info][gc,phases      ] GC(277) Phase 4: Move objects 2.906ms
[10.463s][info][gc,heap        ] GC(277) DefNew: 139604K(157248K)->25231K(157248K) Eden: 139604K(139776K)->25231K(139776K) From: 0K(17472K)->0K(17472K)
[10.463s][info][gc,heap        ] GC(277) Tenured: 348587K(349568K)->348582K(349568K)
[10.463s][info][gc,metaspace   ] GC(277) Metaspace: 27873K(28096K)->27873K(28096K) NonClass: 24913K(25024K)->24913K(25024K) Class: 2959K(3072K)->2959K(3072K)
[10.463s][info][gc             ] GC(277) Pause Full (Allocation Failure) 476M->365M(494M) 24.545ms
[10.463s][info][gc,cpu         ] GC(277) User=0.03s Sys=0.00s Real=0.03s
[10.485s][info][gc,start       ] GC(278) Pause Full (Allocation Failure)
[10.485s][info][gc,phases,start] GC(278) Phase 1: Mark live objects
[10.495s][info][gc,phases      ] GC(278) Phase 1: Mark live objects 9.438ms
[10.495s][info][gc,phases,start] GC(278) Phase 2: Compute new object addresses
[10.499s][info][gc,phases      ] GC(278) Phase 2: Compute new object addresses 4.428ms
[10.499s][info][gc,phases,start] GC(278) Phase 3: Adjust pointers
[10.506s][info][gc,phases      ] GC(278) Phase 3: Adjust pointers 6.464ms
[10.506s][info][gc,phases,start] GC(278) Phase 4: Move objects
[10.536s][info][gc,phases      ] GC(278) Phase 4: Move objects 29.685ms
[10.536s][info][gc,heap        ] GC(278) DefNew: 157248K(157248K)->10587K(157248K) Eden: 139776K(139776K)->10587K(139776K) From: 17472K(17472K)->0K(17472K)
[10.536s][info][gc,heap        ] GC(278) Tenured: 349366K(349568K)->349520K(349568K)
[10.536s][info][gc,metaspace   ] GC(278) Metaspace: 27895K(28096K)->27895K(28096K) NonClass: 24930K(25024K)->24930K(25024K) Class: 2964K(3072K)->2964K(3072K)
[10.536s][info][gc             ] GC(278) Pause Full (Allocation Failure) 494M->351M(494M) 50.544ms
[10.536s][info][gc,cpu         ] GC(278) User=0.05s Sys=0.00s Real=0.05s
[10.544s][info][gc,start       ] GC(279) Pause Full (Allocation Failure)
[10.544s][info][gc,phases,start] GC(279) Phase 1: Mark live objects
[10.554s][info][gc,phases      ] GC(279) Phase 1: Mark live objects 9.569ms
[10.554s][info][gc,phases,start] GC(279) Phase 2: Compute new object addresses
[10.559s][info][gc,phases      ] GC(279) Phase 2: Compute new object addresses 4.738ms
[10.559s][info][gc,phases,start] GC(279) Phase 3: Adjust pointers
[10.565s][info][gc,phases      ] GC(279) Phase 3: Adjust pointers 6.195ms
[10.565s][info][gc,phases,start] GC(279) Phase 4: Move objects
[10.593s][info][gc,phases      ] GC(279) Phase 4: Move objects 28.184ms
[10.593s][info][gc,heap        ] GC(279) DefNew: 157149K(157248K)->18439K(157248K) Eden: 139776K(139776K)->18439K(139776K) From: 17373K(17472K)->0K(17472K)
[10.593s][info][gc,heap        ] GC(279) Tenured: 349520K(349568K)->349461K(349568K)
[10.593s][info][gc,metaspace   ] GC(279) Metaspace: 28012K(28224K)->28012K(28224K) NonClass: 25034K(25152K)->25034K(25152K) Class: 2977K(3072K)->2977K(3072K)
[10.593s][info][gc             ] GC(279) Pause Full (Allocation Failure) 494M->359M(494M) 49.109ms
[10.593s][info][gc,cpu         ] GC(279) User=0.05s Sys=0.00s Real=0.05s
[10.606s][info][gc,start       ] GC(280) Pause Full (Allocation Failure)
[10.606s][info][gc,phases,start] GC(280) Phase 1: Mark live objects
[10.616s][info][gc,phases      ] GC(280) Phase 1: Mark live objects 10.002ms
[10.616s][info][gc,phases,start] GC(280) Phase 2: Compute new object addresses
[10.621s][info][gc,phases      ] GC(280) Phase 2: Compute new object addresses 4.456ms
[10.621s][info][gc,phases,start] GC(280) Phase 3: Adjust pointers
[10.627s][info][gc,phases      ] GC(280) Phase 3: Adjust pointers 6.438ms
[10.627s][info][gc,phases,start] GC(280) Phase 4: Move objects
[10.656s][info][gc,phases      ] GC(280) Phase 4: Move objects 28.976ms
[10.656s][info][gc,heap        ] GC(280) DefNew: 156806K(157248K)->0K(157248K) Eden: 139776K(139776K)->0K(139776K) From: 17030K(17472K)->0K(17472K)
[10.656s][info][gc,heap        ] GC(280) Tenured: 349461K(349568K)->348467K(349568K)
[10.656s][info][gc,metaspace   ] GC(280) Metaspace: 28081K(28288K)->28081K(28288K) NonClass: 25094K(25216K)->25094K(25216K) Class: 2986K(3072K)->2986K(3072K)
[10.656s][info][gc             ] GC(280) Pause Full (Allocation Failure) 494M->340M(494M) 50.324ms
[10.656s][info][gc,cpu         ] GC(280) User=0.06s Sys=0.00s Real=0.05s
[10.663s][info][gc,start       ] GC(281) Pause Young (Allocation Failure)
[10.663s][info][gc             ] GC(281) Pause Young (Allocation Failure) 476M->476M(494M) 0.076ms
[10.663s][info][gc,cpu         ] GC(281) User=0.00s Sys=0.00s Real=0.00s
[10.663s][info][gc,start       ] GC(282) Pause Full (Allocation Failure)
[10.663s][info][gc,phases,start] GC(282) Phase 1: Mark live objects
[10.673s][info][gc,phases      ] GC(282) Phase 1: Mark live objects 9.609ms
[10.673s][info][gc,phases,start] GC(282) Phase 2: Compute new object addresses
[10.678s][info][gc,phases      ] GC(282) Phase 2: Compute new object addresses 4.712ms
[10.678s][info][gc,phases,start] GC(282) Phase 3: Adjust pointers
[10.684s][info][gc,phases      ] GC(282) Phase 3: Adjust pointers 6.373ms
[10.684s][info][gc,phases,start] GC(282) Phase 4: Move objects
[10.686s][info][gc,phases      ] GC(282) Phase 4: Move objects 2.514ms
[10.687s][info][gc,heap        ] GC(282) DefNew: 139776K(157248K)->20847K(157248K) Eden: 139776K(139776K)->20847K(139776K) From: 0K(17472K)->0K(17472K)
[10.687s][info][gc,heap        ] GC(282) Tenured: 348467K(349568K)->349490K(349568K)
[10.687s][info][gc,metaspace   ] GC(282) Metaspace: 28130K(28352K)->28130K(28352K) NonClass: 25140K(25280K)->25140K(25280K) Class: 2989K(3072K)->2989K(3072K)
[10.687s][info][gc             ] GC(282) Pause Full (Allocation Failure) 476M->361M(494M) 23.559ms
[10.687s][info][gc,cpu         ] GC(282) User=0.02s Sys=0.00s Real=0.02s
[10.698s][info][gc,start       ] GC(283) Pause Full (Allocation Failure)
[10.698s][info][gc,phases,start] GC(283) Phase 1: Mark live objects
[10.708s][info][gc,phases      ] GC(283) Phase 1: Mark live objects 9.961ms
[10.708s][info][gc,phases,start] GC(283) Phase 2: Compute new object addresses
[10.712s][info][gc,phases      ] GC(283) Phase 2: Compute new object addresses 4.445ms
[10.712s][info][gc,phases,start] GC(283) Phase 3: Adjust pointers
[10.718s][info][gc,phases      ] GC(283) Phase 3: Adjust pointers 6.008ms
[10.718s][info][gc,phases,start] GC(283) Phase 4: Move objects
[10.746s][info][gc,phases      ] GC(283) Phase 4: Move objects 27.910ms
[10.746s][info][gc,heap        ] GC(283) DefNew: 156399K(157248K)->15587K(157248K) Eden: 139776K(139776K)->15587K(139776K) From: 16623K(17472K)->0K(17472K)
[10.746s][info][gc,heap        ] GC(283) Tenured: 349490K(349568K)->349312K(349568K)
[10.746s][info][gc,metaspace   ] GC(283) Metaspace: 28156K(28352K)->28156K(28352K) NonClass: 25164K(25280K)->25164K(25280K) Class: 2992K(3072K)->2992K(3072K)
[10.746s][info][gc             ] GC(283) Pause Full (Allocation Failure) 494M->356M(494M) 48.787ms
[10.746s][info][gc,cpu         ] GC(283) User=0.05s Sys=0.00s Real=0.05s
[10.759s][info][gc,start       ] GC(284) Pause Full (Allocation Failure)
[10.759s][info][gc,phases,start] GC(284) Phase 1: Mark live objects
[10.769s][info][gc,phases      ] GC(284) Phase 1: Mark live objects 9.540ms
[10.769s][info][gc,phases,start] GC(284) Phase 2: Compute new object addresses
[10.773s][info][gc,phases      ] GC(284) Phase 2: Compute new object addresses 4.645ms
[10.773s][info][gc,phases,start] GC(284) Phase 3: Adjust pointers
[10.779s][info][gc,phases      ] GC(284) Phase 3: Adjust pointers 6.038ms
[10.780s][info][gc,phases,start] GC(284) Phase 4: Move objects
[10.808s][info][gc,phases      ] GC(284) Phase 4: Move objects 28.936ms
[10.809s][info][gc,heap        ] GC(284) DefNew: 156299K(157248K)->18037K(157248K) Eden: 139776K(139776K)->18037K(139776K) From: 16523K(17472K)->0K(17472K)
[10.809s][info][gc,heap        ] GC(284) Tenured: 349312K(349568K)->349411K(349568K)
[10.809s][info][gc,metaspace   ] GC(284) Metaspace: 28236K(28416K)->28236K(28416K) NonClass: 25243K(25344K)->25243K(25344K) Class: 2993K(3072K)->2993K(3072K)
[10.809s][info][gc             ] GC(284) Pause Full (Allocation Failure) 493M->358M(494M) 49.702ms
[10.809s][info][gc,cpu         ] GC(284) User=0.05s Sys=0.00s Real=0.05s
[10.821s][info][gc,start       ] GC(285) Pause Full (Allocation Failure)
[10.821s][info][gc,phases,start] GC(285) Phase 1: Mark live objects
[10.831s][info][gc,phases      ] GC(285) Phase 1: Mark live objects 10.315ms
[10.831s][info][gc,phases,start] GC(285) Phase 2: Compute new object addresses
[10.836s][info][gc,phases      ] GC(285) Phase 2: Compute new object addresses 4.875ms
[10.836s][info][gc,phases,start] GC(285) Phase 3: Adjust pointers
[10.843s][info][gc,phases      ] GC(285) Phase 3: Adjust pointers 6.795ms
[10.843s][info][gc,phases,start] GC(285) Phase 4: Move objects
[10.873s][info][gc,phases      ] GC(285) Phase 4: Move objects 30.049ms
[10.873s][info][gc,heap        ] GC(285) DefNew: 157248K(157248K)->3598K(157248K) Eden: 139776K(139776K)->3598K(139776K) From: 17472K(17472K)->0K(17472K)
[10.873s][info][gc,heap        ] GC(285) Tenured: 349418K(349568K)->349292K(349568K)
[10.873s][info][gc,metaspace   ] GC(285) Metaspace: 28248K(28416K)->28248K(28416K) NonClass: 25254K(25344K)->25254K(25344K) Class: 2993K(3072K)->2993K(3072K)
[10.873s][info][gc             ] GC(285) Pause Full (Allocation Failure) 494M->344M(494M) 52.466ms
[10.873s][info][gc,cpu         ] GC(285) User=0.06s Sys=0.00s Real=0.06s
[10.884s][info][gc,start       ] GC(286) Pause Full (Allocation Failure)
[10.884s][info][gc,phases,start] GC(286) Phase 1: Mark live objects
[10.894s][info][gc,phases      ] GC(286) Phase 1: Mark live objects 10.037ms
[10.894s][info][gc,phases,start] GC(286) Phase 2: Compute new object addresses
[10.900s][info][gc,phases      ] GC(286) Phase 2: Compute new object addresses 5.312ms
[10.900s][info][gc,phases,start] GC(286) Phase 3: Adjust pointers
[10.906s][info][gc,phases      ] GC(286) Phase 3: Adjust pointers 6.455ms
[10.906s][info][gc,phases,start] GC(286) Phase 4: Move objects
[10.910s][info][gc,phases      ] GC(286) Phase 4: Move objects 3.460ms
[10.910s][info][gc,heap        ] GC(286) DefNew: 157172K(157248K)->21786K(157248K) Eden: 139776K(139776K)->21786K(139776K) From: 17396K(17472K)->0K(17472K)
[10.910s][info][gc,heap        ] GC(286) Tenured: 349548K(349568K)->349480K(349568K)
[10.910s][info][gc,metaspace   ] GC(286) Metaspace: 28324K(28544K)->28324K(28544K) NonClass: 25326K(25472K)->25326K(25472K) Class: 2997K(3072K)->2997K(3072K)
[10.910s][info][gc             ] GC(286) Pause Full (Allocation Failure) 494M->362M(494M) 25.816ms
[10.910s][info][gc,cpu         ] GC(286) User=0.03s Sys=0.00s Real=0.02s
[10.921s][info][gc,start       ] GC(287) Pause Full (Allocation Failure)
[10.921s][info][gc,phases,start] GC(287) Phase 1: Mark live objects
[10.931s][info][gc,phases      ] GC(287) Phase 1: Mark live objects 9.926ms
[10.931s][info][gc,phases,start] GC(287) Phase 2: Compute new object addresses
[10.935s][info][gc,phases      ] GC(287) Phase 2: Compute new object addresses 4.640ms
[10.935s][info][gc,phases,start] GC(287) Phase 3: Adjust pointers
[10.942s][info][gc,phases      ] GC(287) Phase 3: Adjust pointers 6.491ms
[10.942s][info][gc,phases,start] GC(287) Phase 4: Move objects
[10.972s][info][gc,phases      ] GC(287) Phase 4: Move objects 30.030ms
[10.972s][info][gc,heap        ] GC(287) DefNew: 156282K(157248K)->24711K(157248K) Eden: 139776K(139776K)->24711K(139776K) From: 16506K(17472K)->0K(17472K)
[10.972s][info][gc,heap        ] GC(287) Tenured: 349480K(349568K)->349405K(349568K)
[10.972s][info][gc,metaspace   ] GC(287) Metaspace: 28347K(28544K)->28347K(28544K) NonClass: 25347K(25472K)->25347K(25472K) Class: 2999K(3072K)->2999K(3072K)
[10.972s][info][gc             ] GC(287) Pause Full (Allocation Failure) 493M->365M(494M) 51.587ms
[10.972s][info][gc,cpu         ] GC(287) User=0.07s Sys=0.00s Real=0.06s
[10.983s][info][gc,start       ] GC(288) Pause Full (Allocation Failure)
[10.983s][info][gc,phases,start] GC(288) Phase 1: Mark live objects
[10.992s][info][gc,phases      ] GC(288) Phase 1: Mark live objects 9.377ms
[10.992s][info][gc,phases,start] GC(288) Phase 2: Compute new object addresses
[10.997s][info][gc,phases      ] GC(288) Phase 2: Compute new object addresses 4.533ms
[10.997s][info][gc,phases,start] GC(288) Phase 3: Adjust pointers
[11.003s][info][gc,phases      ] GC(288) Phase 3: Adjust pointers 6.451ms
[11.004s][info][gc,phases,start] GC(288) Phase 4: Move objects
[11.033s][info][gc,phases      ] GC(288) Phase 4: Move objects 29.091ms
[11.033s][info][gc,heap        ] GC(288) DefNew: 157085K(157248K)->21910K(157248K) Eden: 139776K(139776K)->21910K(139776K) From: 17309K(17472K)->0K(17472K)
[11.033s][info][gc,heap        ] GC(288) Tenured: 349405K(349568K)->349567K(349568K)
[11.033s][info][gc,metaspace   ] GC(288) Metaspace: 28347K(28544K)->28347K(28544K) NonClass: 25347K(25472K)->25347K(25472K) Class: 2999K(3072K)->2999K(3072K)
[11.033s][info][gc             ] GC(288) Pause Full (Allocation Failure) 494M->362M(494M) 49.959ms
[11.033s][info][gc,cpu         ] GC(288) User=0.05s Sys=0.00s Real=0.05s
[11.044s][info][gc,start       ] GC(289) Pause Full (Allocation Failure)
[11.044s][info][gc,phases,start] GC(289) Phase 1: Mark live objects
[11.053s][info][gc,phases      ] GC(289) Phase 1: Mark live objects 9.415ms
[11.053s][info][gc,phases,start] GC(289) Phase 2: Compute new object addresses
[11.058s][info][gc,phases      ] GC(289) Phase 2: Compute new object addresses 4.834ms
[11.058s][info][gc,phases,start] GC(289) Phase 3: Adjust pointers
[11.064s][info][gc,phases      ] GC(289) Phase 3: Adjust pointers 6.284ms
[11.064s][info][gc,phases,start] GC(289) Phase 4: Move objects
[11.095s][info][gc,phases      ] GC(289) Phase 4: Move objects 30.427ms
[11.095s][info][gc,heap        ] GC(289) DefNew: 157149K(157248K)->5944K(157248K) Eden: 139776K(139776K)->5944K(139776K) From: 17373K(17472K)->0K(17472K)
[11.095s][info][gc,heap        ] GC(289) Tenured: 349567K(349568K)->349409K(349568K)
[11.095s][info][gc,metaspace   ] GC(289) Metaspace: 28440K(28608K)->28440K(28608K) NonClass: 25438K(25536K)->25438K(25536K) Class: 3001K(3072K)->3001K(3072K)
[11.095s][info][gc             ] GC(289) Pause Full (Allocation Failure) 494M->347M(494M) 51.429ms
[11.095s][info][gc,cpu         ] GC(289) User=0.06s Sys=0.00s Real=0.05s
[11.168s][info][gc,start       ] GC(290) Pause Full (Allocation Failure)
[11.168s][info][gc,phases,start] GC(290) Phase 1: Mark live objects
[11.179s][info][gc,phases      ] GC(290) Phase 1: Mark live objects 11.567ms
[11.180s][info][gc,phases,start] GC(290) Phase 2: Compute new object addresses
[11.185s][info][gc,phases      ] GC(290) Phase 2: Compute new object addresses 5.153ms
[11.185s][info][gc,phases,start] GC(290) Phase 3: Adjust pointers
[11.192s][info][gc,phases      ] GC(290) Phase 3: Adjust pointers 7.167ms
[11.192s][info][gc,phases,start] GC(290) Phase 4: Move objects
[11.221s][info][gc,phases      ] GC(290) Phase 4: Move objects 29.434ms
[11.223s][info][gc,heap        ] GC(290) DefNew: 157111K(157248K)->0K(157248K) Eden: 139776K(139776K)->0K(139776K) From: 17335K(17472K)->0K(17472K)
[11.223s][info][gc,heap        ] GC(290) Tenured: 349409K(349568K)->320781K(349568K)
[11.223s][info][gc,metaspace   ] GC(290) Metaspace: 28633K(28928K)->28633K(28928K) NonClass: 25611K(25728K)->25611K(25728K) Class: 3022K(3200K)->3022K(3200K)
[11.223s][info][gc             ] GC(290) Pause Full (Allocation Failure) 494M->313M(494M) 55.579ms
[11.223s][info][gc,cpu         ] GC(290) User=0.06s Sys=0.00s Real=0.06s
[11.293s][info][gc,start       ] GC(291) Pause Young (Allocation Failure)
[11.297s][info][gc,heap        ] GC(291) DefNew: 139776K(157248K)->17472K(157248K) Eden: 139776K(139776K)->0K(139776K) From: 0K(17472K)->17472K(17472K)
[11.297s][info][gc,heap        ] GC(291) Tenured: 320781K(349568K)->324183K(349568K)
[11.297s][info][gc,metaspace   ] GC(291) Metaspace: 28641K(28928K)->28641K(28928K) NonClass: 25618K(25728K)->25618K(25728K) Class: 3022K(3200K)->3022K(3200K)
[11.297s][info][gc             ] GC(291) Pause Young (Allocation Failure) 449M->333M(494M) 3.871ms
[11.297s][info][gc,cpu         ] GC(291) User=0.01s Sys=0.00s Real=0.00s
[11.369s][info][gc,start       ] GC(292) Pause Young (Allocation Failure)
[11.373s][info][gc,heap        ] GC(292) DefNew: 157009K(157248K)->16792K(157248K) Eden: 139537K(139776K)->0K(139776K) From: 17472K(17472K)->16792K(17472K)
[11.373s][info][gc,heap        ] GC(292) Tenured: 324183K(349568K)->336081K(349568K)
[11.373s][info][gc,metaspace   ] GC(292) Metaspace: 28645K(28928K)->28645K(28928K) NonClass: 25622K(25728K)->25622K(25728K) Class: 3022K(3200K)->3022K(3200K)
[11.373s][info][gc             ] GC(292) Pause Young (Allocation Failure) 469M->344M(494M) 4.222ms
[11.373s][info][gc,cpu         ] GC(292) User=0.01s Sys=0.00s Real=0.01s
[11.442s][info][gc,start       ] GC(293) Pause Young (Allocation Failure)
[11.442s][info][gc             ] GC(293) Pause Young (Allocation Failure) 480M->480M(494M) 0.071ms
[11.442s][info][gc,cpu         ] GC(293) User=0.00s Sys=0.00s Real=0.00s
[11.442s][info][gc,start       ] GC(294) Pause Full (Allocation Failure)
[11.442s][info][gc,phases,start] GC(294) Phase 1: Mark live objects
[11.453s][info][gc,phases      ] GC(294) Phase 1: Mark live objects 10.690ms
[11.453s][info][gc,phases,start] GC(294) Phase 2: Compute new object addresses
[11.458s][info][gc,phases      ] GC(294) Phase 2: Compute new object addresses 5.309ms
[11.458s][info][gc,phases,start] GC(294) Phase 3: Adjust pointers
[11.465s][info][gc,phases      ] GC(294) Phase 3: Adjust pointers 7.531ms
[11.466s][info][gc,phases,start] GC(294) Phase 4: Move objects
[11.480s][info][gc,phases      ] GC(294) Phase 4: Move objects 14.141ms
[11.481s][info][gc,heap        ] GC(294) DefNew: 156322K(157248K)->0K(157248K) Eden: 139530K(139776K)->0K(139776K) From: 16792K(17472K)->0K(17472K)
[11.481s][info][gc,heap        ] GC(294) Tenured: 336081K(349568K)->191554K(349568K)
[11.481s][info][gc,metaspace   ] GC(294) Metaspace: 28645K(28928K)->28645K(28928K) NonClass: 25623K(25728K)->25623K(25728K) Class: 3022K(3200K)->3022K(3200K)
[11.481s][info][gc             ] GC(294) Pause Full (Allocation Failure) 480M->187M(494M) 39.032ms
[11.481s][info][gc,cpu         ] GC(294) User=0.07s Sys=0.01s Real=0.04s
[11.550s][info][gc,start       ] GC(295) Pause Young (Allocation Failure)
[11.554s][info][gc,heap        ] GC(295) DefNew: 139664K(157248K)->17472K(157248K) Eden: 139664K(139776K)->0K(139776K) From: 0K(17472K)->17472K(17472K)
[11.554s][info][gc,heap        ] GC(295) Tenured: 191554K(349568K)->195562K(349568K)
[11.554s][info][gc,metaspace   ] GC(295) Metaspace: 28654K(28928K)->28654K(28928K) NonClass: 25631K(25728K)->25631K(25728K) Class: 3022K(3200K)->3022K(3200K)
[11.554s][info][gc             ] GC(295) Pause Young (Allocation Failure) 323M->208M(494M) 3.262ms
[11.554s][info][gc,cpu         ] GC(295) User=0.00s Sys=0.00s Real=0.00s
[11.619s][info][gc,start       ] GC(296) Pause Young (Allocation Failure)
[11.623s][info][gc,heap        ] GC(296) DefNew: 157139K(157248K)->17420K(157248K) Eden: 139667K(139776K)->0K(139776K) From: 17472K(17472K)->17420K(17472K)
[11.623s][info][gc,heap        ] GC(296) Tenured: 195562K(349568K)->204347K(349568K)
[11.623s][info][gc,metaspace   ] GC(296) Metaspace: 28682K(28992K)->28682K(28992K) NonClass: 25659K(25792K)->25659K(25792K) Class: 3022K(3200K)->3022K(3200K)
[11.624s][info][gc             ] GC(296) Pause Young (Allocation Failure) 344M->216M(494M) 4.019ms
[11.624s][info][gc,cpu         ] GC(296) User=0.01s Sys=0.00s Real=0.01s
[11.697s][info][gc,start       ] GC(297) Pause Young (Allocation Failure)
[11.698s][info][gc,heap        ] GC(297) DefNew: 157196K(157248K)->9157K(157248K) Eden: 139776K(139776K)->0K(139776K) From: 17420K(17472K)->9157K(17472K)
[11.699s][info][gc,heap        ] GC(297) Tenured: 204347K(349568K)->206685K(349568K)
[11.699s][info][gc,metaspace   ] GC(297) Metaspace: 28684K(28992K)->28684K(28992K) NonClass: 25661K(25792K)->25661K(25792K) Class: 3022K(3200K)->3022K(3200K)
[11.699s][info][gc             ] GC(297) Pause Young (Allocation Failure) 353M->210M(494M) 2.050ms
[11.699s][info][gc,cpu         ] GC(297) User=0.01s Sys=0.00s Real=0.00s
[11.770s][info][gc,start       ] GC(298) Pause Young (Allocation Failure)
[11.772s][info][gc,heap        ] GC(298) DefNew: 148773K(157248K)->9173K(157248K) Eden: 139615K(139776K)->0K(139776K) From: 9157K(17472K)->9173K(17472K)
[11.772s][info][gc,heap        ] GC(298) Tenured: 206685K(349568K)->206703K(349568K)
[11.772s][info][gc,metaspace   ] GC(298) Metaspace: 28691K(28992K)->28691K(28992K) NonClass: 25669K(25792K)->25669K(25792K) Class: 3022K(3200K)->3022K(3200K)
[11.772s][info][gc             ] GC(298) Pause Young (Allocation Failure) 347M->210M(494M) 2.100ms
[11.772s][info][gc,cpu         ] GC(298) User=0.00s Sys=0.00s Real=0.00s
[11.837s][info][gc,start       ] GC(299) Pause Young (Allocation Failure)
[11.839s][info][gc,heap        ] GC(299) DefNew: 148702K(157248K)->10166K(157248K) Eden: 139528K(139776K)->0K(139776K) From: 9173K(17472K)->10166K(17472K)
[11.839s][info][gc,heap        ] GC(299) Tenured: 206703K(349568K)->206704K(349568K)
[11.839s][info][gc,metaspace   ] GC(299) Metaspace: 28694K(29056K)->28694K(29056K) NonClass: 25671K(25856K)->25671K(25856K) Class: 3022K(3200K)->3022K(3200K)
[11.839s][info][gc             ] GC(299) Pause Young (Allocation Failure) 347M->211M(494M) 1.799ms
[11.839s][info][gc,cpu         ] GC(299) User=0.00s Sys=0.00s Real=0.00s
[11.910s][info][gc,start       ] GC(300) Pause Young (Allocation Failure)
[11.912s][info][gc,heap        ] GC(300) DefNew: 149942K(157248K)->8818K(157248K) Eden: 139776K(139776K)->0K(139776K) From: 10166K(17472K)->8818K(17472K)
[11.912s][info][gc,heap        ] GC(300) Tenured: 206704K(349568K)->206704K(349568K)
[11.912s][info][gc,metaspace   ] GC(300) Metaspace: 28720K(29056K)->28720K(29056K) NonClass: 25697K(25856K)->25697K(25856K) Class: 3023K(3200K)->3023K(3200K)
[11.912s][info][gc             ] GC(300) Pause Young (Allocation Failure) 348M->210M(494M) 1.902ms
[11.912s][info][gc,cpu         ] GC(300) User=0.00s Sys=0.00s Real=0.01s
[11.983s][info][gc,start       ] GC(301) Pause Young (Allocation Failure)
[11.985s][info][gc,heap        ] GC(301) DefNew: 148364K(157248K)->9170K(157248K) Eden: 139546K(139776K)->0K(139776K) From: 8818K(17472K)->9170K(17472K)
[11.985s][info][gc,heap        ] GC(301) Tenured: 206704K(349568K)->206705K(349568K)
[11.985s][info][gc,metaspace   ] GC(301) Metaspace: 28729K(29056K)->28729K(29056K) NonClass: 25706K(25856K)->25706K(25856K) Class: 3023K(3200K)->3023K(3200K)
[11.985s][info][gc             ] GC(301) Pause Young (Allocation Failure) 346M->210M(494M) 2.082ms
[11.985s][info][gc,cpu         ] GC(301) User=0.00s Sys=0.00s Real=0.00s
[12.051s][info][gc,start       ] GC(302) Pause Young (Allocation Failure)
[12.053s][info][gc,heap        ] GC(302) DefNew: 148861K(157248K)->9412K(157248K) Eden: 139691K(139776K)->0K(139776K) From: 9170K(17472K)->9412K(17472K)
[12.053s][info][gc,heap        ] GC(302) Tenured: 206705K(349568K)->206706K(349568K)
[12.053s][info][gc,metaspace   ] GC(302) Metaspace: 28735K(29056K)->28735K(29056K) NonClass: 25712K(25856K)->25712K(25856K) Class: 3023K(3200K)->3023K(3200K)
[12.053s][info][gc             ] GC(302) Pause Young (Allocation Failure) 347M->211M(494M) 1.937ms
[12.053s][info][gc,cpu         ] GC(302) User=0.00s Sys=0.00s Real=0.00s
[12.123s][info][gc,start       ] GC(303) Pause Young (Allocation Failure)
[12.125s][info][gc,heap        ] GC(303) DefNew: 149158K(157248K)->9509K(157248K) Eden: 139746K(139776K)->0K(139776K) From: 9412K(17472K)->9509K(17472K)
[12.125s][info][gc,heap        ] GC(303) Tenured: 206706K(349568K)->206706K(349568K)
[12.125s][info][gc,metaspace   ] GC(303) Metaspace: 29670K(29888K)->29670K(29888K) NonClass: 26534K(26624K)->26534K(26624K) Class: 3136K(3264K)->3136K(3264K)
[12.125s][info][gc             ] GC(303) Pause Young (Allocation Failure) 347M->211M(494M) 2.550ms
[12.125s][info][gc,cpu         ] GC(303) User=0.01s Sys=0.00s Real=0.00s
[12.193s][info][gc,start       ] GC(304) Pause Young (Allocation Failure)
[12.196s][info][gc,heap        ] GC(304) DefNew: 148579K(157248K)->7306K(157248K) Eden: 139069K(139776K)->0K(139776K) From: 9509K(17472K)->7306K(17472K)
[12.196s][info][gc,heap        ] GC(304) Tenured: 206706K(349568K)->206813K(349568K)
[12.196s][info][gc,metaspace   ] GC(304) Metaspace: 30239K(30528K)->30239K(30528K) NonClass: 27018K(27200K)->27018K(27200K) Class: 3221K(3328K)->3221K(3328K)
[12.196s][info][gc             ] GC(304) Pause Young (Allocation Failure) 346M->209M(494M) 2.586ms
[12.196s][info][gc,cpu         ] GC(304) User=0.01s Sys=0.00s Real=0.00s
[12.267s][info][gc,start       ] GC(305) Pause Young (Allocation Failure)
[12.270s][info][gc,heap        ] GC(305) DefNew: 146954K(157248K)->9374K(157248K) Eden: 139648K(139776K)->0K(139776K) From: 7306K(17472K)->9374K(17472K)
[12.270s][info][gc,heap        ] GC(305) Tenured: 206813K(349568K)->206813K(349568K)
[12.270s][info][gc,metaspace   ] GC(305) Metaspace: 30329K(30656K)->30329K(30656K) NonClass: 27101K(27264K)->27101K(27264K) Class: 3227K(3392K)->3227K(3392K)
[12.270s][info][gc             ] GC(305) Pause Young (Allocation Failure) 345M->211M(494M) 2.597ms
[12.270s][info][gc,cpu         ] GC(305) User=0.00s Sys=0.00s Real=0.00s
[12.339s][info][gc,start       ] GC(306) Pause Young (Allocation Failure)
[12.341s][info][gc,heap        ] GC(306) DefNew: 148749K(157248K)->8900K(157248K) Eden: 139374K(139776K)->0K(139776K) From: 9374K(17472K)->8900K(17472K)
[12.341s][info][gc,heap        ] GC(306) Tenured: 206813K(349568K)->207128K(349568K)
[12.341s][info][gc,metaspace   ] GC(306) Metaspace: 30331K(30656K)->30331K(30656K) NonClass: 27104K(27264K)->27104K(27264K) Class: 3227K(3392K)->3227K(3392K)
[12.341s][info][gc             ] GC(306) Pause Young (Allocation Failure) 347M->210M(494M) 2.439ms
[12.341s][info][gc,cpu         ] GC(306) User=0.00s Sys=0.00s Real=0.00s
[12.410s][info][gc,start       ] GC(307) Pause Young (Allocation Failure)
[12.412s][info][gc,heap        ] GC(307) DefNew: 148257K(157248K)->8521K(157248K) Eden: 139357K(139776K)->0K(139776K) From: 8900K(17472K)->8521K(17472K)
[12.412s][info][gc,heap        ] GC(307) Tenured: 207128K(349568K)->207128K(349568K)
[12.413s][info][gc,metaspace   ] GC(307) Metaspace: 30338K(30656K)->30338K(30656K) NonClass: 27111K(27264K)->27111K(27264K) Class: 3227K(3392K)->3227K(3392K)
[12.413s][info][gc             ] GC(307) Pause Young (Allocation Failure) 347M->210M(494M) 2.238ms
[12.413s][info][gc,cpu         ] GC(307) User=0.01s Sys=0.00s Real=0.00s
[12.482s][info][gc,start       ] GC(308) Pause Young (Allocation Failure)
[12.486s][info][gc,heap        ] GC(308) DefNew: 148149K(157248K)->9691K(157248K) Eden: 139628K(139776K)->0K(139776K) From: 8521K(17472K)->9691K(17472K)
[12.486s][info][gc,heap        ] GC(308) Tenured: 207128K(349568K)->207128K(349568K)
[12.486s][info][gc,metaspace   ] GC(308) Metaspace: 30340K(30656K)->30340K(30656K) NonClass: 27113K(27264K)->27113K(27264K) Class: 3227K(3392K)->3227K(3392K)
[12.486s][info][gc             ] GC(308) Pause Young (Allocation Failure) 346M->211M(494M) 4.099ms
[12.486s][info][gc,cpu         ] GC(308) User=0.01s Sys=0.00s Real=0.01s
[12.557s][info][gc,start       ] GC(309) Pause Young (Allocation Failure)
[12.559s][info][gc,heap        ] GC(309) DefNew: 149228K(157248K)->8629K(157248K) Eden: 139537K(139776K)->0K(139776K) From: 9691K(17472K)->8629K(17472K)
[12.559s][info][gc,heap        ] GC(309) Tenured: 207128K(349568K)->208152K(349568K)
[12.559s][info][gc,metaspace   ] GC(309) Metaspace: 30365K(30656K)->30365K(30656K) NonClass: 27138K(27264K)->27138K(27264K) Class: 3227K(3392K)->3227K(3392K)
[12.559s][info][gc             ] GC(309) Pause Young (Allocation Failure) 348M->211M(494M) 1.921ms
[12.559s][info][gc,cpu         ] GC(309) User=0.01s Sys=0.00s Real=0.00s
[12.630s][info][gc,start       ] GC(310) Pause Young (Allocation Failure)
[12.632s][info][gc,heap        ] GC(310) DefNew: 148405K(157248K)->8542K(157248K) Eden: 139776K(139776K)->0K(139776K) From: 8629K(17472K)->8542K(17472K)
[12.632s][info][gc,heap        ] GC(310) Tenured: 208152K(349568K)->208152K(349568K)
[12.632s][info][gc,metaspace   ] GC(310) Metaspace: 30370K(30656K)->30370K(30656K) NonClass: 27143K(27264K)->27143K(27264K) Class: 3227K(3392K)->3227K(3392K)
[12.632s][info][gc             ] GC(310) Pause Young (Allocation Failure) 348M->211M(494M) 1.676ms
[12.632s][info][gc,cpu         ] GC(310) User=0.00s Sys=0.00s Real=0.00s
[12.699s][info][gc,start       ] GC(311) Pause Young (Allocation Failure)
[12.701s][info][gc,heap        ] GC(311) DefNew: 148181K(157248K)->8839K(157248K) Eden: 139638K(139776K)->0K(139776K) From: 8542K(17472K)->8839K(17472K)
[12.701s][info][gc,heap        ] GC(311) Tenured: 208152K(349568K)->208152K(349568K)
[12.701s][info][gc,metaspace   ] GC(311) Metaspace: 30383K(30656K)->30383K(30656K) NonClass: 27156K(27264K)->27156K(27264K) Class: 3227K(3392K)->3227K(3392K)
[12.701s][info][gc             ] GC(311) Pause Young (Allocation Failure) 347M->211M(494M) 1.760ms
[12.701s][info][gc,cpu         ] GC(311) User=0.00s Sys=0.00s Real=0.00s
[12.774s][info][gc,start       ] GC(312) Pause Young (Allocation Failure)
[12.776s][info][gc,heap        ] GC(312) DefNew: 148347K(157248K)->8641K(157248K) Eden: 139508K(139776K)->0K(139776K) From: 8839K(17472K)->8641K(17472K)
[12.776s][info][gc,heap        ] GC(312) Tenured: 208152K(349568K)->208154K(349568K)
[12.776s][info][gc,metaspace   ] GC(312) Metaspace: 30383K(30656K)->30383K(30656K) NonClass: 27156K(27264K)->27156K(27264K) Class: 3227K(3392K)->3227K(3392K)
[12.776s][info][gc             ] GC(312) Pause Young (Allocation Failure) 348M->211M(494M) 1.562ms
[12.776s][info][gc,cpu         ] GC(312) User=0.00s Sys=0.00s Real=0.00s
[12.842s][info][gc,start       ] GC(313) Pause Young (Allocation Failure)
[12.844s][info][gc,heap        ] GC(313) DefNew: 148299K(157248K)->8746K(157248K) Eden: 139658K(139776K)->0K(139776K) From: 8641K(17472K)->8746K(17472K)
[12.844s][info][gc,heap        ] GC(313) Tenured: 208154K(349568K)->208154K(349568K)
[12.844s][info][gc,metaspace   ] GC(313) Metaspace: 30384K(30656K)->30384K(30656K) NonClass: 27157K(27264K)->27157K(27264K) Class: 3227K(3392K)->3227K(3392K)
[12.844s][info][gc             ] GC(313) Pause Young (Allocation Failure) 348M->211M(494M) 1.611ms
[12.844s][info][gc,cpu         ] GC(313) User=0.00s Sys=0.00s Real=0.01s
[12.917s][info][gc,start       ] GC(314) Pause Young (Allocation Failure)
[12.919s][info][gc,heap        ] GC(314) DefNew: 148426K(157248K)->8924K(157248K) Eden: 139680K(139776K)->0K(139776K) From: 8746K(17472K)->8924K(17472K)
[12.919s][info][gc,heap        ] GC(314) Tenured: 208154K(349568K)->208154K(349568K)
[12.919s][info][gc,metaspace   ] GC(314) Metaspace: 30385K(30656K)->30385K(30656K) NonClass: 27157K(27264K)->27157K(27264K) Class: 3227K(3392K)->3227K(3392K)
[12.919s][info][gc             ] GC(314) Pause Young (Allocation Failure) 348M->211M(494M) 2.100ms
[12.919s][info][gc,cpu         ] GC(314) User=0.00s Sys=0.00s Real=0.00s
[12.990s][info][gc,start       ] GC(315) Pause Young (Allocation Failure)
[12.992s][info][gc,heap        ] GC(315) DefNew: 148561K(157248K)->9171K(157248K) Eden: 139636K(139776K)->0K(139776K) From: 8924K(17472K)->9171K(17472K)
[12.992s][info][gc,heap        ] GC(315) Tenured: 208154K(349568K)->208156K(349568K)
[12.992s][info][gc,metaspace   ] GC(315) Metaspace: 30385K(30656K)->30385K(30656K) NonClass: 27157K(27264K)->27157K(27264K) Class: 3227K(3392K)->3227K(3392K)
[12.992s][info][gc             ] GC(315) Pause Young (Allocation Failure) 348M->212M(494M) 2.246ms
[12.992s][info][gc,cpu         ] GC(315) User=0.01s Sys=0.00s Real=0.01s
[13.059s][info][gc,start       ] GC(316) Pause Young (Allocation Failure)
[13.061s][info][gc,heap        ] GC(316) DefNew: 148912K(157248K)->9661K(157248K) Eden: 139740K(139776K)->0K(139776K) From: 9171K(17472K)->9661K(17472K)
[13.061s][info][gc,heap        ] GC(316) Tenured: 208156K(349568K)->208157K(349568K)
[13.061s][info][gc,metaspace   ] GC(316) Metaspace: 30392K(30656K)->30392K(30656K) NonClass: 27163K(27264K)->27163K(27264K) Class: 3228K(3392K)->3228K(3392K)
[13.061s][info][gc             ] GC(316) Pause Young (Allocation Failure) 348M->212M(494M) 2.181ms
[13.061s][info][gc,cpu         ] GC(316) User=0.00s Sys=0.00s Real=0.00s
[13.134s][info][gc,start       ] GC(317) Pause Young (Allocation Failure)
[13.137s][info][gc,heap        ] GC(317) DefNew: 149295K(157248K)->9299K(157248K) Eden: 139634K(139776K)->0K(139776K) From: 9661K(17472K)->9299K(17472K)
[13.137s][info][gc,heap        ] GC(317) Tenured: 208157K(349568K)->208173K(349568K)
[13.137s][info][gc,metaspace   ] GC(317) Metaspace: 30415K(30720K)->30415K(30720K) NonClass: 27186K(27328K)->27186K(27328K) Class: 3228K(3392K)->3228K(3392K)
[13.137s][info][gc             ] GC(317) Pause Young (Allocation Failure) 349M->212M(494M) 2.541ms
[13.137s][info][gc,cpu         ] GC(317) User=0.01s Sys=0.00s Real=0.00s
[13.209s][info][gc,start       ] GC(318) Pause Young (Allocation Failure)
[13.212s][info][gc,heap        ] GC(318) DefNew: 148741K(157248K)->7843K(157248K) Eden: 139441K(139776K)->0K(139776K) From: 9299K(17472K)->7843K(17472K)
[13.212s][info][gc,heap        ] GC(318) Tenured: 208173K(349568K)->209198K(349568K)
[13.212s][info][gc,metaspace   ] GC(318) Metaspace: 30443K(30720K)->30443K(30720K) NonClass: 27214K(27328K)->27214K(27328K) Class: 3228K(3392K)->3228K(3392K)
[13.212s][info][gc             ] GC(318) Pause Young (Allocation Failure) 348M->211M(494M) 2.540ms
[13.212s][info][gc,cpu         ] GC(318) User=0.00s Sys=0.00s Real=0.01s
[13.278s][info][gc,start       ] GC(319) Pause Young (Allocation Failure)
[13.280s][info][gc,heap        ] GC(319) DefNew: 147531K(157248K)->9195K(157248K) Eden: 139688K(139776K)->0K(139776K) From: 7843K(17472K)->9195K(17472K)
[13.280s][info][gc,heap        ] GC(319) Tenured: 209198K(349568K)->209198K(349568K)
[13.280s][info][gc,metaspace   ] GC(319) Metaspace: 30581K(30912K)->30581K(30912K) NonClass: 27334K(27456K)->27334K(27456K) Class: 3246K(3456K)->3246K(3456K)
[13.280s][info][gc             ] GC(319) Pause Young (Allocation Failure) 348M->213M(494M) 2.018ms
[13.280s][info][gc,cpu         ] GC(319) User=0.01s Sys=0.00s Real=0.00s
[13.346s][info][gc,start       ] GC(320) Pause Young (Allocation Failure)
[13.347s][info][gc,heap        ] GC(320) DefNew: 148749K(157248K)->7569K(157248K) Eden: 139553K(139776K)->0K(139776K) From: 9195K(17472K)->7569K(17472K)
[13.348s][info][gc,heap        ] GC(320) Tenured: 209198K(349568K)->209280K(349568K)
[13.348s][info][gc,metaspace   ] GC(320) Metaspace: 30581K(30912K)->30581K(30912K) NonClass: 27335K(27456K)->27335K(27456K) Class: 3246K(3456K)->3246K(3456K)
[13.348s][info][gc             ] GC(320) Pause Young (Allocation Failure) 349M->211M(494M) 1.895ms
[13.348s][info][gc,cpu         ] GC(320) User=0.00s Sys=0.00s Real=0.00s
[13.419s][info][gc,start       ] GC(321) Pause Young (Allocation Failure)
[13.420s][info][gc,heap        ] GC(321) DefNew: 147258K(157248K)->8597K(157248K) Eden: 139688K(139776K)->0K(139776K) From: 7569K(17472K)->8597K(17472K)
[13.421s][info][gc,heap        ] GC(321) Tenured: 209280K(349568K)->209280K(349568K)
[13.421s][info][gc,metaspace   ] GC(321) Metaspace: 30582K(30912K)->30582K(30912K) NonClass: 27336K(27456K)->27336K(27456K) Class: 3246K(3456K)->3246K(3456K)
[13.421s][info][gc             ] GC(321) Pause Young (Allocation Failure) 348M->212M(494M) 1.723ms
[13.421s][info][gc,cpu         ] GC(321) User=0.00s Sys=0.00s Real=0.00s
[13.489s][info][gc,start       ] GC(322) Pause Young (Allocation Failure)
[13.490s][info][gc,heap        ] GC(322) DefNew: 147392K(157248K)->8339K(157248K) Eden: 138794K(139776K)->0K(139776K) From: 8597K(17472K)->8339K(17472K)
[13.490s][info][gc,heap        ] GC(322) Tenured: 209280K(349568K)->209280K(349568K)
[13.490s][info][gc,metaspace   ] GC(322) Metaspace: 30582K(30912K)->30582K(30912K) NonClass: 27336K(27456K)->27336K(27456K) Class: 3246K(3456K)->3246K(3456K)
[13.490s][info][gc             ] GC(322) Pause Young (Allocation Failure) 348M->212M(494M) 1.677ms
[13.491s][info][gc,cpu         ] GC(322) User=0.00s Sys=0.00s Real=0.01s
[13.563s][info][gc,start       ] GC(323) Pause Young (Allocation Failure)
[13.565s][info][gc,heap        ] GC(323) DefNew: 147331K(157248K)->8323K(157248K) Eden: 138992K(139776K)->0K(139776K) From: 8339K(17472K)->8323K(17472K)
[13.565s][info][gc,heap        ] GC(323) Tenured: 209280K(349568K)->209280K(349568K)
[13.565s][info][gc,metaspace   ] GC(323) Metaspace: 30583K(30912K)->30583K(30912K) NonClass: 27337K(27456K)->27337K(27456K) Class: 3246K(3456K)->3246K(3456K)
[13.565s][info][gc             ] GC(323) Pause Young (Allocation Failure) 348M->212M(494M) 2.538ms
[13.565s][info][gc,cpu         ] GC(323) User=0.01s Sys=0.00s Real=0.00s
[13.636s][info][gc,start       ] GC(324) Pause Young (Allocation Failure)
[13.639s][info][gc,heap        ] GC(324) DefNew: 147917K(157248K)->10233K(157248K) Eden: 139593K(139776K)->0K(139776K) From: 8323K(17472K)->10233K(17472K)
[13.639s][info][gc,heap        ] GC(324) Tenured: 209280K(349568K)->209280K(349568K)
[13.639s][info][gc,metaspace   ] GC(324) Metaspace: 30583K(30912K)->30583K(30912K) NonClass: 27337K(27456K)->27337K(27456K) Class: 3246K(3456K)->3246K(3456K)
[13.639s][info][gc             ] GC(324) Pause Young (Allocation Failure) 348M->214M(494M) 3.200ms
[13.639s][info][gc,cpu         ] GC(324) User=0.01s Sys=0.00s Real=0.00s
[13.707s][info][gc,start       ] GC(325) Pause Young (Allocation Failure)
[13.708s][info][gc,heap        ] GC(325) DefNew: 150009K(157248K)->8559K(157248K) Eden: 139776K(139776K)->0K(139776K) From: 10233K(17472K)->8559K(17472K)
[13.708s][info][gc,heap        ] GC(325) Tenured: 209280K(349568K)->210304K(349568K)
[13.708s][info][gc,metaspace   ] GC(325) Metaspace: 30583K(30912K)->30583K(30912K) NonClass: 27337K(27456K)->27337K(27456K) Class: 3246K(3456K)->3246K(3456K)
[13.708s][info][gc             ] GC(325) Pause Young (Allocation Failure) 350M->213M(494M) 1.760ms
[13.708s][info][gc,cpu         ] GC(325) User=0.01s Sys=0.00s Real=0.00s
[13.780s][info][gc,start       ] GC(326) Pause Young (Allocation Failure)
[13.782s][info][gc,heap        ] GC(326) DefNew: 148242K(157248K)->8624K(157248K) Eden: 139683K(139776K)->0K(139776K) From: 8559K(17472K)->8624K(17472K)
[13.782s][info][gc,heap        ] GC(326) Tenured: 210304K(349568K)->210304K(349568K)
[13.782s][info][gc,metaspace   ] GC(326) Metaspace: 30583K(30912K)->30583K(30912K) NonClass: 27337K(27456K)->27337K(27456K) Class: 3246K(3456K)->3246K(3456K)
[13.782s][info][gc             ] GC(326) Pause Young (Allocation Failure) 350M->213M(494M) 1.900ms
[13.782s][info][gc,cpu         ] GC(326) User=0.00s Sys=0.00s Real=0.01s
[13.850s][info][gc,start       ] GC(327) Pause Young (Allocation Failure)
[13.852s][info][gc,heap        ] GC(327) DefNew: 148335K(157248K)->8611K(157248K) Eden: 139710K(139776K)->0K(139776K) From: 8624K(17472K)->8611K(17472K)
[13.852s][info][gc,heap        ] GC(327) Tenured: 210304K(349568K)->210304K(349568K)
[13.852s][info][gc,metaspace   ] GC(327) Metaspace: 30585K(30912K)->30585K(30912K) NonClass: 27338K(27456K)->27338K(27456K) Class: 3246K(3456K)->3246K(3456K)
[13.852s][info][gc             ] GC(327) Pause Young (Allocation Failure) 350M->213M(494M) 1.809ms
[13.852s][info][gc,cpu         ] GC(327) User=0.00s Sys=0.00s Real=0.00s
[13.915s][info][gc,start       ] GC(328) Pause Young (Allocation Failure)
[13.917s][info][gc,heap        ] GC(328) DefNew: 148387K(157248K)->8322K(157248K) Eden: 139776K(139776K)->0K(139776K) From: 8611K(17472K)->8322K(17472K)
[13.917s][info][gc,heap        ] GC(328) Tenured: 210304K(349568K)->210304K(349568K)
[13.917s][info][gc,metaspace   ] GC(328) Metaspace: 30585K(30912K)->30585K(30912K) NonClass: 27339K(27456K)->27339K(27456K) Class: 3246K(3456K)->3246K(3456K)
[13.917s][info][gc             ] GC(328) Pause Young (Allocation Failure) 350M->213M(494M) 1.631ms
[13.917s][info][gc,cpu         ] GC(328) User=0.00s Sys=0.00s Real=0.00s
[13.979s][info][gc,start       ] GC(329) Pause Young (Allocation Failure)
[13.980s][info][gc,heap        ] GC(329) DefNew: 147339K(157248K)->7103K(157248K) Eden: 139016K(139776K)->0K(139776K) From: 8322K(17472K)->7103K(17472K)
[13.980s][info][gc,heap        ] GC(329) Tenured: 210304K(349568K)->210304K(349568K)
[13.980s][info][gc,metaspace   ] GC(329) Metaspace: 30585K(30912K)->30585K(30912K) NonClass: 27339K(27456K)->27339K(27456K) Class: 3246K(3456K)->3246K(3456K)
[13.980s][info][gc             ] GC(329) Pause Young (Allocation Failure) 349M->212M(494M) 1.584ms
[13.980s][info][gc,cpu         ] GC(329) User=0.00s Sys=0.00s Real=0.00s
[14.007s][info][gc,start       ] GC(330) Pause Young (Allocation Failure)
[14.009s][info][gc,heap        ] GC(330) DefNew: 146521K(157248K)->10934K(157248K) Eden: 139417K(139776K)->0K(139776K) From: 7103K(17472K)->10934K(17472K)
[14.009s][info][gc,heap        ] GC(330) Tenured: 210304K(349568K)->210304K(349568K)
[14.009s][info][gc,metaspace   ] GC(330) Metaspace: 30585K(30912K)->30585K(30912K) NonClass: 27339K(27456K)->27339K(27456K) Class: 3246K(3456K)->3246K(3456K)
[14.009s][info][gc             ] GC(330) Pause Young (Allocation Failure) 348M->216M(494M) 2.052ms
[14.009s][info][gc,cpu         ] GC(330) User=0.00s Sys=0.00s Real=0.00s
[14.030s][info][gc,start       ] GC(331) Pause Young (Allocation Failure)
[14.032s][info][gc,heap        ] GC(331) DefNew: 150699K(157248K)->10126K(157248K) Eden: 139764K(139776K)->0K(139776K) From: 10934K(17472K)->10126K(17472K)
[14.032s][info][gc,heap        ] GC(331) Tenured: 210304K(349568K)->210304K(349568K)
[14.032s][info][gc,metaspace   ] GC(331) Metaspace: 30586K(30912K)->30586K(30912K) NonClass: 27340K(27456K)->27340K(27456K) Class: 3246K(3456K)->3246K(3456K)
[14.032s][info][gc             ] GC(331) Pause Young (Allocation Failure) 352M->215M(494M) 1.893ms
[14.032s][info][gc,cpu         ] GC(331) User=0.00s Sys=0.00s Real=0.01s
[14.050s][info][gc,start       ] GC(332) Pause Young (Allocation Failure)
[14.052s][info][gc,heap        ] GC(332) DefNew: 149758K(157248K)->11169K(157248K) Eden: 139632K(139776K)->0K(139776K) From: 10126K(17472K)->11169K(17472K)
[14.052s][info][gc,heap        ] GC(332) Tenured: 210304K(349568K)->210304K(349568K)
[14.052s][info][gc,metaspace   ] GC(332) Metaspace: 30589K(30912K)->30589K(30912K) NonClass: 27343K(27456K)->27343K(27456K) Class: 3246K(3456K)->3246K(3456K)
[14.052s][info][gc             ] GC(332) Pause Young (Allocation Failure) 351M->216M(494M) 2.036ms
[14.052s][info][gc,cpu         ] GC(332) User=0.00s Sys=0.00s Real=0.00s
[14.072s][info][gc,start       ] GC(333) Pause Young (Allocation Failure)
[14.073s][info][gc,heap        ] GC(333) DefNew: 150945K(157248K)->10332K(157248K) Eden: 139776K(139776K)->0K(139776K) From: 11169K(17472K)->10332K(17472K)
[14.073s][info][gc,heap        ] GC(333) Tenured: 210304K(349568K)->210387K(349568K)
[14.073s][info][gc,metaspace   ] GC(333) Metaspace: 30599K(30912K)->30599K(30912K) NonClass: 27352K(27456K)->27352K(27456K) Class: 3246K(3456K)->3246K(3456K)
[14.073s][info][gc             ] GC(333) Pause Young (Allocation Failure) 352M->215M(494M) 1.852ms
[14.074s][info][gc,cpu         ] GC(333) User=0.00s Sys=0.00s Real=0.00s
[14.094s][info][gc,start       ] GC(334) Pause Young (Allocation Failure)
[14.096s][info][gc,heap        ] GC(334) DefNew: 149865K(157248K)->11393K(157248K) Eden: 139533K(139776K)->0K(139776K) From: 10332K(17472K)->11393K(17472K)
[14.096s][info][gc,heap        ] GC(334) Tenured: 210387K(349568K)->210395K(349568K)
[14.096s][info][gc,metaspace   ] GC(334) Metaspace: 30599K(30912K)->30599K(30912K) NonClass: 27352K(27456K)->27352K(27456K) Class: 3246K(3456K)->3246K(3456K)
[14.096s][info][gc             ] GC(334) Pause Young (Allocation Failure) 351M->216M(494M) 2.357ms
[14.096s][info][gc,cpu         ] GC(334) User=0.01s Sys=0.00s Real=0.00s
[14.118s][info][gc,start       ] GC(335) Pause Young (Allocation Failure)
[14.119s][info][gc,heap        ] GC(335) DefNew: 151169K(157248K)->10403K(157248K) Eden: 139776K(139776K)->0K(139776K) From: 11393K(17472K)->10403K(17472K)
[14.120s][info][gc,heap        ] GC(335) Tenured: 210395K(349568K)->210395K(349568K)
[14.120s][info][gc,metaspace   ] GC(335) Metaspace: 30599K(30912K)->30599K(30912K) NonClass: 27352K(27456K)->27352K(27456K) Class: 3246K(3456K)->3246K(3456K)
[14.120s][info][gc             ] GC(335) Pause Young (Allocation Failure) 353M->215M(494M) 2.016ms
[14.120s][info][gc,cpu         ] GC(335) User=0.00s Sys=0.00s Real=0.00s
[14.139s][info][gc,start       ] GC(336) Pause Young (Allocation Failure)
[14.141s][info][gc,heap        ] GC(336) DefNew: 150179K(157248K)->11652K(157248K) Eden: 139776K(139776K)->0K(139776K) From: 10403K(17472K)->11652K(17472K)
[14.141s][info][gc,heap        ] GC(336) Tenured: 210395K(349568K)->210395K(349568K)
[14.141s][info][gc,metaspace   ] GC(336) Metaspace: 30599K(30912K)->30599K(30912K) NonClass: 27353K(27456K)->27353K(27456K) Class: 3246K(3456K)->3246K(3456K)
[14.141s][info][gc             ] GC(336) Pause Young (Allocation Failure) 352M->216M(494M) 2.339ms
[14.141s][info][gc,cpu         ] GC(336) User=0.00s Sys=0.00s Real=0.00s
[14.162s][info][gc,start       ] GC(337) Pause Young (Allocation Failure)
[14.164s][info][gc,heap        ] GC(337) DefNew: 151378K(157248K)->12450K(157248K) Eden: 139725K(139776K)->0K(139776K) From: 11652K(17472K)->12450K(17472K)
[14.164s][info][gc,heap        ] GC(337) Tenured: 210395K(349568K)->210395K(349568K)
[14.164s][info][gc,metaspace   ] GC(337) Metaspace: 30599K(30912K)->30599K(30912K) NonClass: 27353K(27456K)->27353K(27456K) Class: 3246K(3456K)->3246K(3456K)
[14.164s][info][gc             ] GC(337) Pause Young (Allocation Failure) 353M->217M(494M) 2.183ms
[14.164s][info][gc,cpu         ] GC(337) User=0.00s Sys=0.00s Real=0.00s
[14.183s][info][gc,start       ] GC(338) Pause Young (Allocation Failure)
[14.186s][info][gc,heap        ] GC(338) DefNew: 152190K(157248K)->15228K(157248K) Eden: 139739K(139776K)->0K(139776K) From: 12450K(17472K)->15228K(17472K)
[14.186s][info][gc,heap        ] GC(338) Tenured: 210395K(349568K)->210478K(349568K)
[14.186s][info][gc,metaspace   ] GC(338) Metaspace: 30599K(30912K)->30599K(30912K) NonClass: 27353K(27456K)->27353K(27456K) Class: 3246K(3456K)->3246K(3456K)
[14.186s][info][gc             ] GC(338) Pause Young (Allocation Failure) 354M->220M(494M) 2.976ms
[14.186s][info][gc,cpu         ] GC(338) User=0.00s Sys=0.00s Real=0.00s
[14.207s][info][gc,start       ] GC(339) Pause Young (Allocation Failure)
[14.210s][info][gc,heap        ] GC(339) DefNew: 154908K(157248K)->14789K(157248K) Eden: 139679K(139776K)->0K(139776K) From: 15228K(17472K)->14789K(17472K)
[14.210s][info][gc,heap        ] GC(339) Tenured: 210478K(349568K)->210486K(349568K)
[14.210s][info][gc,metaspace   ] GC(339) Metaspace: 30599K(30912K)->30599K(30912K) NonClass: 27353K(27456K)->27353K(27456K) Class: 3246K(3456K)->3246K(3456K)
[14.210s][info][gc             ] GC(339) Pause Young (Allocation Failure) 356M->219M(494M) 3.083ms
[14.210s][info][gc,cpu         ] GC(339) User=0.01s Sys=0.00s Real=0.00s
[14.229s][info][gc,start       ] GC(340) Pause Young (Allocation Failure)
[14.232s][info][gc,heap        ] GC(340) DefNew: 154470K(157248K)->14989K(157248K) Eden: 139681K(139776K)->0K(139776K) From: 14789K(17472K)->14989K(17472K)
[14.232s][info][gc,heap        ] GC(340) Tenured: 210486K(349568K)->210525K(349568K)
[14.232s][info][gc,metaspace   ] GC(340) Metaspace: 30649K(31040K)->30649K(31040K) NonClass: 27402K(27584K)->27402K(27584K) Class: 3247K(3456K)->3247K(3456K)
[14.232s][info][gc             ] GC(340) Pause Young (Allocation Failure) 356M->220M(494M) 2.623ms
[14.232s][info][gc,cpu         ] GC(340) User=0.01s Sys=0.00s Real=0.01s
[14.251s][info][gc,start       ] GC(341) Pause Young (Allocation Failure)
[14.254s][info][gc,heap        ] GC(341) DefNew: 154765K(157248K)->16044K(157248K) Eden: 139776K(139776K)->0K(139776K) From: 14989K(17472K)->16044K(17472K)
[14.254s][info][gc,heap        ] GC(341) Tenured: 210525K(349568K)->210528K(349568K)
[14.254s][info][gc,metaspace   ] GC(341) Metaspace: 30649K(31040K)->30649K(31040K) NonClass: 27402K(27584K)->27402K(27584K) Class: 3247K(3456K)->3247K(3456K)
[14.254s][info][gc             ] GC(341) Pause Young (Allocation Failure) 356M->221M(494M) 2.963ms
[14.254s][info][gc,cpu         ] GC(341) User=0.00s Sys=0.00s Real=0.00s
[14.275s][info][gc,start       ] GC(342) Pause Young (Allocation Failure)
[14.278s][info][gc,heap        ] GC(342) DefNew: 155820K(157248K)->12049K(157248K) Eden: 139776K(139776K)->0K(139776K) From: 16044K(17472K)->12049K(17472K)
[14.278s][info][gc,heap        ] GC(342) Tenured: 210528K(349568K)->210528K(349568K)
[14.278s][info][gc,metaspace   ] GC(342) Metaspace: 30649K(31040K)->30649K(31040K) NonClass: 27402K(27584K)->27402K(27584K) Class: 3247K(3456K)->3247K(3456K)
[14.278s][info][gc             ] GC(342) Pause Young (Allocation Failure) 357M->217M(494M) 2.462ms
[14.278s][info][gc,cpu         ] GC(342) User=0.00s Sys=0.00s Real=0.00s
[14.297s][info][gc,start       ] GC(343) Pause Young (Allocation Failure)
[14.299s][info][gc,heap        ] GC(343) DefNew: 151644K(157248K)->13965K(157248K) Eden: 139594K(139776K)->0K(139776K) From: 12049K(17472K)->13965K(17472K)
[14.299s][info][gc,heap        ] GC(343) Tenured: 210528K(349568K)->210529K(349568K)
[14.299s][info][gc,metaspace   ] GC(343) Metaspace: 30649K(31040K)->30649K(31040K) NonClass: 27402K(27584K)->27402K(27584K) Class: 3247K(3456K)->3247K(3456K)
[14.299s][info][gc             ] GC(343) Pause Young (Allocation Failure) 353M->219M(494M) 2.440ms
[14.299s][info][gc,cpu         ] GC(343) User=0.00s Sys=0.00s Real=0.00s
[14.319s][info][gc,start       ] GC(344) Pause Young (Allocation Failure)
[14.320s][info][gc,heap        ] GC(344) DefNew: 153822K(157248K)->9495K(157248K) Eden: 139776K(139776K)->0K(139776K) From: 14046K(17472K)->9495K(17472K)
[14.320s][info][gc,heap        ] GC(344) Tenured: 210529K(349568K)->210567K(349568K)
[14.320s][info][gc,metaspace   ] GC(344) Metaspace: 30649K(31040K)->30649K(31040K) NonClass: 27402K(27584K)->27402K(27584K) Class: 3247K(3456K)->3247K(3456K)
[14.320s][info][gc             ] GC(344) Pause Young (Allocation Failure) 355M->214M(494M) 1.574ms
[14.320s][info][gc,cpu         ] GC(344) User=0.00s Sys=0.00s Real=0.00s
[14.338s][info][gc,start       ] GC(345) Pause Young (Allocation Failure)
[14.342s][info][gc,heap        ] GC(345) DefNew: 149029K(157248K)->15260K(157248K) Eden: 139534K(139776K)->0K(139776K) From: 9495K(17472K)->15260K(17472K)
[14.342s][info][gc,heap        ] GC(345) Tenured: 210567K(349568K)->210567K(349568K)
[14.342s][info][gc,metaspace   ] GC(345) Metaspace: 30649K(31040K)->30649K(31040K) NonClass: 27402K(27584K)->27402K(27584K) Class: 3247K(3456K)->3247K(3456K)
[14.342s][info][gc             ] GC(345) Pause Young (Allocation Failure) 351M->220M(494M) 3.720ms
[14.342s][info][gc,cpu         ] GC(345) User=0.00s Sys=0.00s Real=0.00s
[14.362s][info][gc,start       ] GC(346) Pause Young (Allocation Failure)
[14.364s][info][gc,heap        ] GC(346) DefNew: 154940K(157248K)->16266K(157248K) Eden: 139680K(139776K)->0K(139776K) From: 15260K(17472K)->16266K(17472K)
[14.364s][info][gc,heap        ] GC(346) Tenured: 210567K(349568K)->210568K(349568K)
[14.364s][info][gc,metaspace   ] GC(346) Metaspace: 30649K(31040K)->30649K(31040K) NonClass: 27402K(27584K)->27402K(27584K) Class: 3247K(3456K)->3247K(3456K)
[14.364s][info][gc             ] GC(346) Pause Young (Allocation Failure) 356M->221M(494M) 2.661ms
[14.364s][info][gc,cpu         ] GC(346) User=0.00s Sys=0.00s Real=0.01s
[14.383s][info][gc,start       ] GC(347) Pause Young (Allocation Failure)
[14.385s][info][gc,heap        ] GC(347) DefNew: 156025K(157248K)->15933K(157248K) Eden: 139758K(139776K)->0K(139776K) From: 16266K(17472K)->15933K(17472K)
[14.385s][info][gc,heap        ] GC(347) Tenured: 210568K(349568K)->210607K(349568K)
[14.385s][info][gc,metaspace   ] GC(347) Metaspace: 30649K(31040K)->30649K(31040K) NonClass: 27402K(27584K)->27402K(27584K) Class: 3247K(3456K)->3247K(3456K)
[14.385s][info][gc             ] GC(347) Pause Young (Allocation Failure) 358M->221M(494M) 2.275ms
[14.385s][info][gc,cpu         ] GC(347) User=0.00s Sys=0.00s Real=0.00s
[14.403s][info][gc,start       ] GC(348) Pause Young (Allocation Failure)
[14.406s][info][gc,heap        ] GC(348) DefNew: 155475K(157248K)->14798K(157248K) Eden: 139541K(139776K)->0K(139776K) From: 15933K(17472K)->14798K(17472K)
[14.406s][info][gc,heap        ] GC(348) Tenured: 210607K(349568K)->210607K(349568K)
[14.406s][info][gc,metaspace   ] GC(348) Metaspace: 30649K(31040K)->30649K(31040K) NonClass: 27402K(27584K)->27402K(27584K) Class: 3247K(3456K)->3247K(3456K)
[14.406s][info][gc             ] GC(348) Pause Young (Allocation Failure) 357M->220M(494M) 2.364ms
[14.406s][info][gc,cpu         ] GC(348) User=0.00s Sys=0.00s Real=0.00s
[14.425s][info][gc,start       ] GC(349) Pause Young (Allocation Failure)
[14.427s][info][gc,heap        ] GC(349) DefNew: 154527K(157248K)->13498K(157248K) Eden: 139729K(139776K)->0K(139776K) From: 14798K(17472K)->13498K(17472K)
[14.427s][info][gc,heap        ] GC(349) Tenured: 210607K(349568K)->210607K(349568K)
[14.427s][info][gc,metaspace   ] GC(349) Metaspace: 30649K(31040K)->30649K(31040K) NonClass: 27402K(27584K)->27402K(27584K) Class: 3247K(3456K)->3247K(3456K)
[14.427s][info][gc             ] GC(349) Pause Young (Allocation Failure) 356M->218M(494M) 2.588ms
[14.427s][info][gc,cpu         ] GC(349) User=0.01s Sys=0.00s Real=0.00s
[14.446s][info][gc,start       ] GC(350) Pause Young (Allocation Failure)
[14.448s][info][gc,heap        ] GC(350) DefNew: 153274K(157248K)->14144K(157248K) Eden: 139776K(139776K)->0K(139776K) From: 13498K(17472K)->14144K(17472K)
[14.448s][info][gc,heap        ] GC(350) Tenured: 210607K(349568K)->210639K(349568K)
[14.448s][info][gc,metaspace   ] GC(350) Metaspace: 30649K(31040K)->30649K(31040K) NonClass: 27402K(27584K)->27402K(27584K) Class: 3247K(3456K)->3247K(3456K)
[14.448s][info][gc             ] GC(350) Pause Young (Allocation Failure) 355M->219M(494M) 2.459ms
[14.448s][info][gc,cpu         ] GC(350) User=0.01s Sys=0.00s Real=0.00s
[14.468s][info][gc,start       ] GC(351) Pause Young (Allocation Failure)
[14.471s][info][gc,heap        ] GC(351) DefNew: 153743K(157248K)->10717K(157248K) Eden: 139598K(139776K)->0K(139776K) From: 14144K(17472K)->10717K(17472K)
[14.471s][info][gc,heap        ] GC(351) Tenured: 210639K(349568K)->211663K(349568K)
[14.471s][info][gc,metaspace   ] GC(351) Metaspace: 30649K(31040K)->30649K(31040K) NonClass: 27402K(27584K)->27402K(27584K) Class: 3247K(3456K)->3247K(3456K)
[14.471s][info][gc             ] GC(351) Pause Young (Allocation Failure) 355M->217M(494M) 2.442ms
[14.471s][info][gc,cpu         ] GC(351) User=0.00s Sys=0.00s Real=0.01s
[14.491s][info][gc,start       ] GC(352) Pause Young (Allocation Failure)
[14.493s][info][gc,heap        ] GC(352) DefNew: 150493K(157248K)->10395K(157248K) Eden: 139776K(139776K)->0K(139776K) From: 10717K(17472K)->10395K(17472K)
[14.493s][info][gc,heap        ] GC(352) Tenured: 211663K(349568K)->211702K(349568K)
[14.493s][info][gc,metaspace   ] GC(352) Metaspace: 30649K(31040K)->30649K(31040K) NonClass: 27402K(27584K)->27402K(27584K) Class: 3247K(3456K)->3247K(3456K)
[14.493s][info][gc             ] GC(352) Pause Young (Allocation Failure) 353M->216M(494M) 1.788ms
[14.493s][info][gc,cpu         ] GC(352) User=0.00s Sys=0.00s Real=0.00s
[14.512s][info][gc,start       ] GC(353) Pause Young (Allocation Failure)
[14.514s][info][gc,heap        ] GC(353) DefNew: 149928K(157248K)->11464K(157248K) Eden: 139532K(139776K)->0K(139776K) From: 10395K(17472K)->11464K(17472K)
[14.514s][info][gc,heap        ] GC(353) Tenured: 211702K(349568K)->211702K(349568K)
[14.514s][info][gc,metaspace   ] GC(353) Metaspace: 30649K(31040K)->30649K(31040K) NonClass: 27402K(27584K)->27402K(27584K) Class: 3247K(3456K)->3247K(3456K)
[14.514s][info][gc             ] GC(353) Pause Young (Allocation Failure) 353M->217M(494M) 1.791ms
[14.514s][info][gc,cpu         ] GC(353) User=0.00s Sys=0.00s Real=0.00s
[14.532s][info][gc,start       ] GC(354) Pause Young (Allocation Failure)
[14.534s][info][gc,heap        ] GC(354) DefNew: 151240K(157248K)->12207K(157248K) Eden: 139776K(139776K)->0K(139776K) From: 11464K(17472K)->12207K(17472K)
[14.534s][info][gc,heap        ] GC(354) Tenured: 211702K(349568K)->211702K(349568K)
[14.534s][info][gc,metaspace   ] GC(354) Metaspace: 30649K(31040K)->30649K(31040K) NonClass: 27402K(27584K)->27402K(27584K) Class: 3247K(3456K)->3247K(3456K)
[14.534s][info][gc             ] GC(354) Pause Young (Allocation Failure) 354M->218M(494M) 2.066ms
[14.534s][info][gc,cpu         ] GC(354) User=0.00s Sys=0.00s Real=0.00s
[14.556s][info][gc,start       ] GC(355) Pause Young (Allocation Failure)
[14.558s][info][gc,heap        ] GC(355) DefNew: 151742K(157248K)->15486K(157248K) Eden: 139535K(139776K)->0K(139776K) From: 12207K(17472K)->15486K(17472K)
[14.558s][info][gc,heap        ] GC(355) Tenured: 211702K(349568K)->211793K(349568K)
[14.558s][info][gc,metaspace   ] GC(355) Metaspace: 30649K(31040K)->30649K(31040K) NonClass: 27402K(27584K)->27402K(27584K) Class: 3247K(3456K)->3247K(3456K)
[14.558s][info][gc             ] GC(355) Pause Young (Allocation Failure) 354M->221M(494M) 2.409ms
[14.558s][info][gc,cpu         ] GC(355) User=0.00s Sys=0.00s Real=0.00s
[14.578s][info][gc,start       ] GC(356) Pause Young (Allocation Failure)
[14.580s][info][gc,heap        ] GC(356) DefNew: 155150K(157248K)->13520K(157248K) Eden: 139663K(139776K)->0K(139776K) From: 15486K(17472K)->13520K(17472K)
[14.580s][info][gc,heap        ] GC(356) Tenured: 211793K(349568K)->211802K(349568K)
[14.580s][info][gc,metaspace   ] GC(356) Metaspace: 30649K(31040K)->30649K(31040K) NonClass: 27402K(27584K)->27402K(27584K) Class: 3247K(3456K)->3247K(3456K)
[14.580s][info][gc             ] GC(356) Pause Young (Allocation Failure) 358M->220M(494M) 2.292ms
[14.580s][info][gc,cpu         ] GC(356) User=0.00s Sys=0.01s Real=0.00s
[14.598s][info][gc,start       ] GC(357) Pause Young (Allocation Failure)
[14.601s][info][gc,heap        ] GC(357) DefNew: 152973K(157248K)->15793K(157248K) Eden: 139453K(139776K)->0K(139776K) From: 13520K(17472K)->15793K(17472K)
[14.601s][info][gc,heap        ] GC(357) Tenured: 211802K(349568K)->211841K(349568K)
[14.601s][info][gc,metaspace   ] GC(357) Metaspace: 30649K(31040K)->30649K(31040K) NonClass: 27402K(27584K)->27402K(27584K) Class: 3247K(3456K)->3247K(3456K)
[14.601s][info][gc             ] GC(357) Pause Young (Allocation Failure) 356M->222M(494M) 2.353ms
[14.601s][info][gc,cpu         ] GC(357) User=0.00s Sys=0.00s Real=0.00s
[14.619s][info][gc,start       ] GC(358) Pause Young (Allocation Failure)
[14.622s][info][gc,heap        ] GC(358) DefNew: 155146K(157248K)->15056K(157248K) Eden: 139352K(139776K)->0K(139776K) From: 15793K(17472K)->15056K(17472K)
[14.622s][info][gc,heap        ] GC(358) Tenured: 211841K(349568K)->211841K(349568K)
[14.622s][info][gc,metaspace   ] GC(358) Metaspace: 30649K(31040K)->30649K(31040K) NonClass: 27402K(27584K)->27402K(27584K) Class: 3247K(3456K)->3247K(3456K)
[14.622s][info][gc             ] GC(358) Pause Young (Allocation Failure) 358M->221M(494M) 2.850ms
[14.622s][info][gc,cpu         ] GC(358) User=0.00s Sys=0.00s Real=0.00s
[14.641s][info][gc,start       ] GC(359) Pause Young (Allocation Failure)
[14.644s][info][gc,heap        ] GC(359) DefNew: 154734K(157248K)->17362K(157248K) Eden: 139678K(139776K)->0K(139776K) From: 15056K(17472K)->17362K(17472K)
[14.644s][info][gc,heap        ] GC(359) Tenured: 211841K(349568K)->214921K(349568K)
[14.644s][info][gc,metaspace   ] GC(359) Metaspace: 30649K(31040K)->30649K(31040K) NonClass: 27402K(27584K)->27402K(27584K) Class: 3247K(3456K)->3247K(3456K)
[14.644s][info][gc             ] GC(359) Pause Young (Allocation Failure) 357M->226M(494M) 2.973ms
[14.644s][info][gc,cpu         ] GC(359) User=0.01s Sys=0.00s Real=0.01s
[14.665s][info][gc,start       ] GC(360) Pause Young (Allocation Failure)
[14.667s][info][gc,heap        ] GC(360) DefNew: 157138K(157248K)->16602K(157248K) Eden: 139776K(139776K)->0K(139776K) From: 17362K(17472K)->16602K(17472K)
[14.667s][info][gc,heap        ] GC(360) Tenured: 214921K(349568K)->215435K(349568K)
[14.667s][info][gc,metaspace   ] GC(360) Metaspace: 30649K(31040K)->30649K(31040K) NonClass: 27402K(27584K)->27402K(27584K) Class: 3247K(3456K)->3247K(3456K)
[14.667s][info][gc             ] GC(360) Pause Young (Allocation Failure) 363M->226M(494M) 2.681ms
[14.667s][info][gc,cpu         ] GC(360) User=0.01s Sys=0.00s Real=0.00s
[14.687s][info][gc,start       ] GC(361) Pause Young (Allocation Failure)
[14.689s][info][gc,heap        ] GC(361) DefNew: 156360K(157248K)->13473K(157248K) Eden: 139758K(139776K)->0K(139776K) From: 16602K(17472K)->13473K(17472K)
[14.689s][info][gc,heap        ] GC(361) Tenured: 215435K(349568K)->215468K(349568K)
[14.689s][info][gc,metaspace   ] GC(361) Metaspace: 30649K(31040K)->30649K(31040K) NonClass: 27402K(27584K)->27402K(27584K) Class: 3247K(3456K)->3247K(3456K)
[14.689s][info][gc             ] GC(361) Pause Young (Allocation Failure) 363M->223M(494M) 2.405ms
[14.689s][info][gc,cpu         ] GC(361) User=0.00s Sys=0.00s Real=0.00s
[14.709s][info][gc,start       ] GC(362) Pause Young (Allocation Failure)
[14.711s][info][gc,heap        ] GC(362) DefNew: 153166K(157248K)->10154K(157248K) Eden: 139692K(139776K)->0K(139776K) From: 13473K(17472K)->10154K(17472K)
[14.711s][info][gc,heap        ] GC(362) Tenured: 215468K(349568K)->215468K(349568K)
[14.711s][info][gc,metaspace   ] GC(362) Metaspace: 30649K(31040K)->30649K(31040K) NonClass: 27402K(27584K)->27402K(27584K) Class: 3247K(3456K)->3247K(3456K)
[14.711s][info][gc             ] GC(362) Pause Young (Allocation Failure) 359M->220M(494M) 2.094ms
[14.711s][info][gc,cpu         ] GC(362) User=0.00s Sys=0.00s Real=0.01s
[14.731s][info][gc,start       ] GC(363) Pause Young (Allocation Failure)
[14.733s][info][gc,heap        ] GC(363) DefNew: 149736K(157248K)->10686K(157248K) Eden: 139581K(139776K)->0K(139776K) From: 10154K(17472K)->10686K(17472K)
[14.733s][info][gc,heap        ] GC(363) Tenured: 215468K(349568K)->215468K(349568K)
[14.733s][info][gc,metaspace   ] GC(363) Metaspace: 30649K(31040K)->30649K(31040K) NonClass: 27402K(27584K)->27402K(27584K) Class: 3247K(3456K)->3247K(3456K)
[14.733s][info][gc             ] GC(363) Pause Young (Allocation Failure) 356M->220M(494M) 1.884ms
[14.733s][info][gc,cpu         ] GC(363) User=0.00s Sys=0.00s Real=0.00s
[14.751s][info][gc,start       ] GC(364) Pause Young (Allocation Failure)
[14.754s][info][gc,heap        ] GC(364) DefNew: 150975K(157248K)->17342K(157248K) Eden: 139776K(139776K)->0K(139776K) From: 11199K(17472K)->17342K(17472K)
[14.754s][info][gc,heap        ] GC(364) Tenured: 215468K(349568K)->215500K(349568K)
[14.754s][info][gc,metaspace   ] GC(364) Metaspace: 30649K(31040K)->30649K(31040K) NonClass: 27402K(27584K)->27402K(27584K) Class: 3247K(3456K)->3247K(3456K)
[14.754s][info][gc             ] GC(364) Pause Young (Allocation Failure) 357M->227M(494M) 2.650ms
[14.754s][info][gc,cpu         ] GC(364) User=0.00s Sys=0.00s Real=0.00s
[14.771s][info][gc,start       ] GC(365) Pause Young (Allocation Failure)
[14.774s][info][gc,heap        ] GC(365) DefNew: 157091K(157248K)->17393K(157248K) Eden: 139749K(139776K)->0K(139776K) From: 17342K(17472K)->17393K(17472K)
[14.774s][info][gc,heap        ] GC(365) Tenured: 215500K(349568K)->219602K(349568K)
[14.774s][info][gc,metaspace   ] GC(365) Metaspace: 30650K(31040K)->30650K(31040K) NonClass: 27403K(27584K)->27403K(27584K) Class: 3247K(3456K)->3247K(3456K)
[14.774s][info][gc             ] GC(365) Pause Young (Allocation Failure) 363M->231M(494M) 3.184ms
[14.774s][info][gc,cpu         ] GC(365) User=0.01s Sys=0.00s Real=0.00s
[14.792s][info][gc,start       ] GC(366) Pause Young (Allocation Failure)
[14.796s][info][gc,heap        ] GC(366) DefNew: 157059K(157248K)->17330K(157248K) Eden: 139666K(139776K)->0K(139776K) From: 17393K(17472K)->17330K(17472K)
[14.796s][info][gc,heap        ] GC(366) Tenured: 219602K(349568K)->225543K(349568K)
[14.796s][info][gc,metaspace   ] GC(366) Metaspace: 30650K(31040K)->30650K(31040K) NonClass: 27403K(27584K)->27403K(27584K) Class: 3247K(3456K)->3247K(3456K)
[14.796s][info][gc             ] GC(366) Pause Young (Allocation Failure) 367M->237M(494M) 3.402ms
[14.796s][info][gc,cpu         ] GC(366) User=0.00s Sys=0.00s Real=0.00s
[14.815s][info][gc,start       ] GC(367) Pause Young (Allocation Failure)
[14.818s][info][gc,heap        ] GC(367) DefNew: 157106K(157248K)->17375K(157248K) Eden: 139776K(139776K)->0K(139776K) From: 17330K(17472K)->17375K(17472K)
[14.818s][info][gc,heap        ] GC(367) Tenured: 225543K(349568K)->230421K(349568K)
[14.818s][info][gc,metaspace   ] GC(367) Metaspace: 30650K(31040K)->30650K(31040K) NonClass: 27403K(27584K)->27403K(27584K) Class: 3247K(3456K)->3247K(3456K)
[14.818s][info][gc             ] GC(367) Pause Young (Allocation Failure) 373M->241M(494M) 3.304ms
[14.818s][info][gc,cpu         ] GC(367) User=0.00s Sys=0.00s Real=0.00s
[14.838s][info][gc,start       ] GC(368) Pause Young (Allocation Failure)
[14.841s][info][gc,heap        ] GC(368) DefNew: 157020K(157248K)->17374K(157248K) Eden: 139645K(139776K)->0K(139776K) From: 17375K(17472K)->17374K(17472K)
[14.841s][info][gc,heap        ] GC(368) Tenured: 230421K(349568K)->233243K(349568K)
[14.841s][info][gc,metaspace   ] GC(368) Metaspace: 30650K(31040K)->30650K(31040K) NonClass: 27403K(27584K)->27403K(27584K) Class: 3247K(3456K)->3247K(3456K)
[14.841s][info][gc             ] GC(368) Pause Young (Allocation Failure) 378M->244M(494M) 3.687ms
[14.841s][info][gc,cpu         ] GC(368) User=0.00s Sys=0.01s Real=0.00s
[14.862s][info][gc,start       ] GC(369) Pause Young (Allocation Failure)
[14.864s][info][gc,heap        ] GC(369) DefNew: 157130K(157248K)->13390K(157248K) Eden: 139755K(139776K)->0K(139776K) From: 17374K(17472K)->13390K(17472K)
[14.864s][info][gc,heap        ] GC(369) Tenured: 233243K(349568K)->233281K(349568K)
[14.864s][info][gc,metaspace   ] GC(369) Metaspace: 30657K(31040K)->30657K(31040K) NonClass: 27410K(27584K)->27410K(27584K) Class: 3247K(3456K)->3247K(3456K)
[14.864s][info][gc             ] GC(369) Pause Young (Allocation Failure) 381M->240M(494M) 2.136ms
[14.864s][info][gc,cpu         ] GC(369) User=0.01s Sys=0.00s Real=0.00s
[14.884s][info][gc,start       ] GC(370) Pause Young (Allocation Failure)
[14.887s][info][gc,heap        ] GC(370) DefNew: 152956K(157248K)->17232K(157248K) Eden: 139565K(139776K)->0K(139776K) From: 13390K(17472K)->17232K(17472K)
[14.887s][info][gc,heap        ] GC(370) Tenured: 233281K(349568K)->235593K(349568K)
[14.887s][info][gc,metaspace   ] GC(370) Metaspace: 30661K(31040K)->30661K(31040K) NonClass: 27414K(27584K)->27414K(27584K) Class: 3247K(3456K)->3247K(3456K)
[14.887s][info][gc             ] GC(370) Pause Young (Allocation Failure) 377M->246M(494M) 2.860ms
[14.887s][info][gc,cpu         ] GC(370) User=0.00s Sys=0.00s Real=0.00s
[14.907s][info][gc,start       ] GC(371) Pause Young (Allocation Failure)
[14.910s][info][gc,heap        ] GC(371) DefNew: 156911K(157248K)->17235K(157248K) Eden: 139678K(139776K)->0K(139776K) From: 17232K(17472K)->17235K(17472K)
[14.910s][info][gc,heap        ] GC(371) Tenured: 235593K(349568K)->238930K(349568K)
[14.910s][info][gc,metaspace   ] GC(371) Metaspace: 30661K(31040K)->30661K(31040K) NonClass: 27414K(27584K)->27414K(27584K) Class: 3247K(3456K)->3247K(3456K)
[14.910s][info][gc             ] GC(371) Pause Young (Allocation Failure) 383M->250M(494M) 2.664ms
[14.910s][info][gc,cpu         ] GC(371) User=0.00s Sys=0.00s Real=0.00s
[14.931s][info][gc,start       ] GC(372) Pause Young (Allocation Failure)
[14.933s][info][gc,heap        ] GC(372) DefNew: 156521K(157248K)->16580K(157248K) Eden: 139286K(139776K)->0K(139776K) From: 17235K(17472K)->16580K(17472K)
[14.933s][info][gc,heap        ] GC(372) Tenured: 238930K(349568K)->239959K(349568K)
[14.933s][info][gc,metaspace   ] GC(372) Metaspace: 30661K(31040K)->30661K(31040K) NonClass: 27414K(27584K)->27414K(27584K) Class: 3247K(3456K)->3247K(3456K)
[14.933s][info][gc             ] GC(372) Pause Young (Allocation Failure) 386M->250M(494M) 2.767ms
[14.933s][info][gc,cpu         ] GC(372) User=0.00s Sys=0.00s Real=0.00s
[14.953s][info][gc,start       ] GC(373) Pause Young (Allocation Failure)
[14.956s][info][gc,heap        ] GC(373) DefNew: 156310K(157248K)->17389K(157248K) Eden: 139730K(139776K)->0K(139776K) From: 16580K(17472K)->17389K(17472K)
[14.956s][info][gc,heap        ] GC(373) Tenured: 239959K(349568K)->240986K(349568K)
[14.956s][info][gc,metaspace   ] GC(373) Metaspace: 30661K(31040K)->30661K(31040K) NonClass: 27414K(27584K)->27414K(27584K) Class: 3247K(3456K)->3247K(3456K)
[14.956s][info][gc             ] GC(373) Pause Young (Allocation Failure) 386M->252M(494M) 2.809ms
[14.956s][info][gc,cpu         ] GC(373) User=0.00s Sys=0.00s Real=0.00s
[14.975s][info][gc,start       ] GC(374) Pause Young (Allocation Failure)
[14.977s][info][gc,heap        ] GC(374) DefNew: 157165K(157248K)->17236K(157248K) Eden: 139776K(139776K)->0K(139776K) From: 17389K(17472K)->17236K(17472K)
[14.977s][info][gc,heap        ] GC(374) Tenured: 240986K(349568K)->244320K(349568K)
[14.977s][info][gc,metaspace   ] GC(374) Metaspace: 30663K(31040K)->30663K(31040K) NonClass: 27415K(27584K)->27415K(27584K) Class: 3247K(3456K)->3247K(3456K)
[14.977s][info][gc             ] GC(374) Pause Young (Allocation Failure) 388M->255M(494M) 2.692ms
[14.977s][info][gc,cpu         ] GC(374) User=0.00s Sys=0.00s Real=0.00s
[14.995s][info][gc,start       ] GC(375) Pause Young (Allocation Failure)
[14.999s][info][gc,heap        ] GC(375) DefNew: 156836K(157248K)->17378K(157248K) Eden: 139600K(139776K)->0K(139776K) From: 17236K(17472K)->17378K(17472K)
[14.999s][info][gc,heap        ] GC(375) Tenured: 244320K(349568K)->248425K(349568K)
[14.999s][info][gc,metaspace   ] GC(375) Metaspace: 30664K(31040K)->30664K(31040K) NonClass: 27416K(27584K)->27416K(27584K) Class: 3247K(3456K)->3247K(3456K)
[14.999s][info][gc             ] GC(375) Pause Young (Allocation Failure) 391M->259M(494M) 3.533ms
[14.999s][info][gc,cpu         ] GC(375) User=0.00s Sys=0.00s Real=0.00s
[15.017s][info][gc,start       ] GC(376) Pause Young (Allocation Failure)
[15.020s][info][gc,heap        ] GC(376) DefNew: 156969K(157248K)->17386K(157248K) Eden: 139591K(139776K)->0K(139776K) From: 17378K(17472K)->17386K(17472K)
[15.020s][info][gc,heap        ] GC(376) Tenured: 248425K(349568K)->252531K(349568K)
[15.020s][info][gc,metaspace   ] GC(376) Metaspace: 30664K(31040K)->30664K(31040K) NonClass: 27416K(27584K)->27416K(27584K) Class: 3247K(3456K)->3247K(3456K)
[15.020s][info][gc             ] GC(376) Pause Young (Allocation Failure) 395M->263M(494M) 3.136ms
[15.020s][info][gc,cpu         ] GC(376) User=0.01s Sys=0.00s Real=0.00s
[15.039s][info][gc,start       ] GC(377) Pause Young (Allocation Failure)
[15.042s][info][gc,heap        ] GC(377) DefNew: 157061K(157248K)->17332K(157248K) Eden: 139674K(139776K)->0K(139776K) From: 17386K(17472K)->17332K(17472K)
[15.042s][info][gc,heap        ] GC(377) Tenured: 252531K(349568K)->256931K(349568K)
[15.042s][info][gc,metaspace   ] GC(377) Metaspace: 30664K(31040K)->30664K(31040K) NonClass: 27417K(27584K)->27417K(27584K) Class: 3247K(3456K)->3247K(3456K)
[15.042s][info][gc             ] GC(377) Pause Young (Allocation Failure) 399M->267M(494M) 3.507ms
[15.042s][info][gc,cpu         ] GC(377) User=0.00s Sys=0.00s Real=0.01s
[15.060s][info][gc,start       ] GC(378) Pause Young (Allocation Failure)
[15.063s][info][gc,heap        ] GC(378) DefNew: 157042K(157248K)->17360K(157248K) Eden: 139710K(139776K)->0K(139776K) From: 17332K(17472K)->17360K(17472K)
[15.063s][info][gc,heap        ] GC(378) Tenured: 256931K(349568K)->261807K(349568K)
[15.063s][info][gc,metaspace   ] GC(378) Metaspace: 30664K(31040K)->30664K(31040K) NonClass: 27417K(27584K)->27417K(27584K) Class: 3247K(3456K)->3247K(3456K)
[15.063s][info][gc             ] GC(378) Pause Young (Allocation Failure) 404M->272M(494M) 3.442ms
[15.063s][info][gc,cpu         ] GC(378) User=0.00s Sys=0.00s Real=0.01s
[15.084s][info][gc,start       ] GC(379) Pause Young (Allocation Failure)
[15.088s][info][gc,heap        ] GC(379) DefNew: 157128K(157248K)->17366K(157248K) Eden: 139768K(139776K)->0K(139776K) From: 17360K(17472K)->17366K(17472K)
[15.088s][info][gc,heap        ] GC(379) Tenured: 261807K(349568K)->267451K(349568K)
[15.088s][info][gc,metaspace   ] GC(379) Metaspace: 30666K(31040K)->30666K(31040K) NonClass: 27419K(27584K)->27419K(27584K) Class: 3247K(3456K)->3247K(3456K)
[15.088s][info][gc             ] GC(379) Pause Young (Allocation Failure) 409M->278M(494M) 3.667ms
[15.088s][info][gc,cpu         ] GC(379) User=0.00s Sys=0.00s Real=0.00s
[15.111s][info][gc,start       ] GC(380) Pause Young (Allocation Failure)
[15.114s][info][gc,heap        ] GC(380) DefNew: 157066K(157248K)->17319K(157248K) Eden: 139699K(139776K)->0K(139776K) From: 17366K(17472K)->17319K(17472K)
[15.114s][info][gc,heap        ] GC(380) Tenured: 267451K(349568K)->271592K(349568K)
[15.114s][info][gc,metaspace   ] GC(380) Metaspace: 30667K(31040K)->30667K(31040K) NonClass: 27420K(27584K)->27420K(27584K) Class: 3247K(3456K)->3247K(3456K)
[15.114s][info][gc             ] GC(380) Pause Young (Allocation Failure) 414M->282M(494M) 3.301ms
[15.114s][info][gc,cpu         ] GC(380) User=0.01s Sys=0.00s Real=0.00s
[15.132s][info][gc,start       ] GC(381) Pause Young (Allocation Failure)
[15.135s][info][gc,heap        ] GC(381) DefNew: 156925K(157248K)->17358K(157248K) Eden: 139606K(139776K)->0K(139776K) From: 17319K(17472K)->17358K(17472K)
[15.135s][info][gc,heap        ] GC(381) Tenured: 271592K(349568K)->277750K(349568K)
[15.135s][info][gc,metaspace   ] GC(381) Metaspace: 30669K(31040K)->30669K(31040K) NonClass: 27421K(27584K)->27421K(27584K) Class: 3247K(3456K)->3247K(3456K)
[15.135s][info][gc             ] GC(381) Pause Young (Allocation Failure) 418M->288M(494M) 3.328ms
[15.136s][info][gc,cpu         ] GC(381) User=0.01s Sys=0.00s Real=0.00s
[15.155s][info][gc,start       ] GC(382) Pause Young (Allocation Failure)
[15.159s][info][gc,heap        ] GC(382) DefNew: 157134K(157248K)->17347K(157248K) Eden: 139776K(139776K)->0K(139776K) From: 17358K(17472K)->17347K(17472K)
[15.159s][info][gc,heap        ] GC(382) Tenured: 277750K(349568K)->283428K(349568K)
[15.159s][info][gc,metaspace   ] GC(382) Metaspace: 30672K(31040K)->30672K(31040K) NonClass: 27424K(27584K)->27424K(27584K) Class: 3247K(3456K)->3247K(3456K)
[15.159s][info][gc             ] GC(382) Pause Young (Allocation Failure) 424M->293M(494M) 3.395ms
[15.159s][info][gc,cpu         ] GC(382) User=0.01s Sys=0.00s Real=0.00s
[15.180s][info][gc,start       ] GC(383) Pause Young (Allocation Failure)
[15.183s][info][gc,heap        ] GC(383) DefNew: 157050K(157248K)->16848K(157248K) Eden: 139703K(139776K)->0K(139776K) From: 17347K(17472K)->16848K(17472K)
[15.183s][info][gc,heap        ] GC(383) Tenured: 283428K(349568K)->287283K(349568K)
[15.183s][info][gc,metaspace   ] GC(383) Metaspace: 30675K(31040K)->30675K(31040K) NonClass: 27427K(27584K)->27427K(27584K) Class: 3247K(3456K)->3247K(3456K)
[15.183s][info][gc             ] GC(383) Pause Young (Allocation Failure) 430M->297M(494M) 3.080ms
[15.183s][info][gc,cpu         ] GC(383) User=0.00s Sys=0.00s Real=0.01s
[15.201s][info][gc,start       ] GC(384) Pause Young (Allocation Failure)
[15.204s][info][gc,heap        ] GC(384) DefNew: 156550K(157248K)->17321K(157248K) Eden: 139702K(139776K)->0K(139776K) From: 16848K(17472K)->17321K(17472K)
[15.204s][info][gc,heap        ] GC(384) Tenured: 287283K(349568K)->292708K(349568K)
[15.204s][info][gc,metaspace   ] GC(384) Metaspace: 30676K(31040K)->30676K(31040K) NonClass: 27429K(27584K)->27429K(27584K) Class: 3247K(3456K)->3247K(3456K)
[15.204s][info][gc             ] GC(384) Pause Young (Allocation Failure) 433M->302M(494M) 3.400ms
[15.204s][info][gc,cpu         ] GC(384) User=0.00s Sys=0.00s Real=0.01s
[15.225s][info][gc,start       ] GC(385) Pause Young (Allocation Failure)
[15.228s][info][gc,heap        ] GC(385) DefNew: 157097K(157248K)->15541K(157248K) Eden: 139776K(139776K)->0K(139776K) From: 17321K(17472K)->15541K(17472K)
[15.228s][info][gc,heap        ] GC(385) Tenured: 292708K(349568K)->294766K(349568K)
[15.228s][info][gc,metaspace   ] GC(385) Metaspace: 30688K(31040K)->30688K(31040K) NonClass: 27441K(27584K)->27441K(27584K) Class: 3247K(3456K)->3247K(3456K)
[15.228s][info][gc             ] GC(385) Pause Young (Allocation Failure) 439M->303M(494M) 3.193ms
[15.228s][info][gc,cpu         ] GC(385) User=0.01s Sys=0.00s Real=0.00s
[15.246s][info][gc,start       ] GC(386) Pause Young (Allocation Failure)
[15.249s][info][gc,heap        ] GC(386) DefNew: 155272K(157248K)->16574K(157248K) Eden: 139730K(139776K)->0K(139776K) From: 15541K(17472K)->16574K(17472K)
[15.249s][info][gc,heap        ] GC(386) Tenured: 294766K(349568K)->296823K(349568K)
[15.249s][info][gc,metaspace   ] GC(386) Metaspace: 30688K(31040K)->30688K(31040K) NonClass: 27441K(27584K)->27441K(27584K) Class: 3247K(3456K)->3247K(3456K)
[15.249s][info][gc             ] GC(386) Pause Young (Allocation Failure) 439M->306M(494M) 3.149ms
[15.249s][info][gc,cpu         ] GC(386) User=0.01s Sys=0.00s Real=0.00s
[15.267s][info][gc,start       ] GC(387) Pause Young (Allocation Failure)
[15.272s][info][gc,heap        ] GC(387) DefNew: 156350K(157248K)->17315K(157248K) Eden: 139776K(139776K)->0K(139776K) From: 16574K(17472K)->17315K(17472K)
[15.272s][info][gc,heap        ] GC(387) Tenured: 296823K(349568K)->299686K(349568K)
[15.272s][info][gc,metaspace   ] GC(387) Metaspace: 30691K(31040K)->30691K(31040K) NonClass: 27444K(27584K)->27444K(27584K) Class: 3247K(3456K)->3247K(3456K)
[15.272s][info][gc             ] GC(387) Pause Young (Allocation Failure) 442M->309M(494M) 4.259ms
[15.272s][info][gc,cpu         ] GC(387) User=0.00s Sys=0.00s Real=0.01s
[15.289s][info][gc,start       ] GC(388) Pause Young (Allocation Failure)
[15.292s][info][gc,heap        ] GC(388) DefNew: 156698K(157248K)->17471K(157248K) Eden: 139382K(139776K)->0K(139776K) From: 17315K(17472K)->17471K(17472K)
[15.292s][info][gc,heap        ] GC(388) Tenured: 299686K(349568K)->302534K(349568K)
[15.292s][info][gc,metaspace   ] GC(388) Metaspace: 30703K(31040K)->30703K(31040K) NonClass: 27456K(27584K)->27456K(27584K) Class: 3247K(3456K)->3247K(3456K)
[15.292s][info][gc             ] GC(388) Pause Young (Allocation Failure) 445M->312M(494M) 3.043ms
[15.292s][info][gc,cpu         ] GC(388) User=0.00s Sys=0.00s Real=0.01s
[15.311s][info][gc,start       ] GC(389) Pause Young (Allocation Failure)
[15.315s][info][gc,heap        ] GC(389) DefNew: 156900K(157248K)->17471K(157248K) Eden: 139428K(139776K)->0K(139776K) From: 17471K(17472K)->17471K(17472K)
[15.315s][info][gc,heap        ] GC(389) Tenured: 302534K(349568K)->313901K(349568K)
[15.315s][info][gc,metaspace   ] GC(389) Metaspace: 30703K(31040K)->30703K(31040K) NonClass: 27456K(27584K)->27456K(27584K) Class: 3247K(3456K)->3247K(3456K)
[15.315s][info][gc             ] GC(389) Pause Young (Allocation Failure) 448M->323M(494M) 4.299ms
[15.315s][info][gc,cpu         ] GC(389) User=0.00s Sys=0.00s Real=0.00s
[15.337s][info][gc,start       ] GC(390) Pause Young (Allocation Failure)
[15.342s][info][gc,heap        ] GC(390) DefNew: 157075K(157248K)->17341K(157248K) Eden: 139603K(139776K)->0K(139776K) From: 17471K(17472K)->17341K(17472K)
[15.342s][info][gc,heap        ] GC(390) Tenured: 313901K(349568K)->322879K(349568K)
[15.342s][info][gc,metaspace   ] GC(390) Metaspace: 30710K(31040K)->30710K(31040K) NonClass: 27462K(27584K)->27462K(27584K) Class: 3247K(3456K)->3247K(3456K)
[15.342s][info][gc             ] GC(390) Pause Young (Allocation Failure) 459M->332M(494M) 4.910ms
[15.342s][info][gc,cpu         ] GC(390) User=0.02s Sys=0.00s Real=0.01s
[15.362s][info][gc,start       ] GC(391) Pause Young (Allocation Failure)
[15.366s][info][gc,heap        ] GC(391) DefNew: 156933K(157248K)->17321K(157248K) Eden: 139591K(139776K)->0K(139776K) From: 17341K(17472K)->17321K(17472K)
[15.366s][info][gc,heap        ] GC(391) Tenured: 322879K(349568K)->326761K(349568K)
[15.366s][info][gc,metaspace   ] GC(391) Metaspace: 30710K(31040K)->30710K(31040K) NonClass: 27462K(27584K)->27462K(27584K) Class: 3247K(3456K)->3247K(3456K)
[15.366s][info][gc             ] GC(391) Pause Young (Allocation Failure) 468M->336M(494M) 3.323ms
[15.366s][info][gc,cpu         ] GC(391) User=0.01s Sys=0.00s Real=0.00s
[15.388s][info][gc,start       ] GC(392) Pause Young (Allocation Failure)
[15.390s][info][gc,heap        ] GC(392) DefNew: 156966K(157248K)->14031K(157248K) Eden: 139644K(139776K)->0K(139776K) From: 17321K(17472K)->14031K(17472K)
[15.390s][info][gc,heap        ] GC(392) Tenured: 326761K(349568K)->330103K(349568K)
[15.390s][info][gc,metaspace   ] GC(392) Metaspace: 30710K(31040K)->30710K(31040K) NonClass: 27462K(27584K)->27462K(27584K) Class: 3247K(3456K)->3247K(3456K)
[15.390s][info][gc             ] GC(392) Pause Young (Allocation Failure) 472M->336M(494M) 2.832ms
[15.390s][info][gc,cpu         ] GC(392) User=0.00s Sys=0.00s Real=0.01s
[15.410s][info][gc,start       ] GC(393) Pause Young (Allocation Failure)
[15.413s][info][gc,heap        ] GC(393) DefNew: 153704K(157248K)->16556K(157248K) Eden: 139673K(139776K)->0K(139776K) From: 14031K(17472K)->16556K(17472K)
[15.413s][info][gc,heap        ] GC(393) Tenured: 330103K(349568K)->333219K(349568K)
[15.413s][info][gc,metaspace   ] GC(393) Metaspace: 30710K(31040K)->30710K(31040K) NonClass: 27462K(27584K)->27462K(27584K) Class: 3247K(3456K)->3247K(3456K)
[15.413s][info][gc             ] GC(393) Pause Young (Allocation Failure) 472M->341M(494M) 2.869ms
[15.413s][info][gc,cpu         ] GC(393) User=0.00s Sys=0.00s Real=0.00s
[15.435s][info][gc,start       ] GC(394) Pause Young (Allocation Failure)
[15.438s][info][gc,heap        ] GC(394) DefNew: 156088K(157248K)->17362K(157248K) Eden: 139532K(139776K)->0K(139776K) From: 16556K(17472K)->17362K(17472K)
[15.438s][info][gc,heap        ] GC(394) Tenured: 333219K(349568K)->335533K(349568K)
[15.438s][info][gc,metaspace   ] GC(394) Metaspace: 30710K(31040K)->30710K(31040K) NonClass: 27462K(27584K)->27462K(27584K) Class: 3247K(3456K)->3247K(3456K)
[15.438s][info][gc             ] GC(394) Pause Young (Allocation Failure) 477M->344M(494M) 3.011ms
[15.438s][info][gc,cpu         ] GC(394) User=0.00s Sys=0.00s Real=0.00s
[15.457s][info][gc,start       ] GC(395) Pause Young (Allocation Failure)
[15.460s][info][gc,heap        ] GC(395) DefNew: 156890K(157248K)->17335K(157248K) Eden: 139528K(139776K)->0K(139776K) From: 17362K(17472K)->17335K(17472K)
[15.460s][info][gc,heap        ] GC(395) Tenured: 335533K(349568K)->340446K(349568K)
[15.460s][info][gc,metaspace   ] GC(395) Metaspace: 30710K(31040K)->30710K(31040K) NonClass: 27462K(27584K)->27462K(27584K) Class: 3247K(3456K)->3247K(3456K)
[15.460s][info][gc             ] GC(395) Pause Young (Allocation Failure) 480M->349M(494M) 3.520ms
[15.460s][info][gc,cpu         ] GC(395) User=0.00s Sys=0.00s Real=0.00s
[15.481s][info][gc,start       ] GC(396) Pause Young (Allocation Failure)
[15.481s][info][gc             ] GC(396) Pause Young (Allocation Failure) 485M->485M(494M) 0.077ms
[15.481s][info][gc,cpu         ] GC(396) User=0.00s Sys=0.00s Real=0.00s
[15.481s][info][gc,start       ] GC(397) Pause Full (Allocation Failure)
[15.481s][info][gc,phases,start] GC(397) Phase 1: Mark live objects
[15.493s][info][gc,phases      ] GC(397) Phase 1: Mark live objects 12.515ms
[15.493s][info][gc,phases,start] GC(397) Phase 2: Compute new object addresses
[15.499s][info][gc,phases      ] GC(397) Phase 2: Compute new object addresses 5.670ms
[15.499s][info][gc,phases,start] GC(397) Phase 3: Adjust pointers
[15.508s][info][gc,phases      ] GC(397) Phase 3: Adjust pointers 8.594ms
[15.508s][info][gc,phases,start] GC(397) Phase 4: Move objects
[15.513s][info][gc,phases      ] GC(397) Phase 4: Move objects 4.838ms
[15.514s][info][gc,heap        ] GC(397) DefNew: 157111K(157248K)->0K(157248K) Eden: 139776K(139776K)->0K(139776K) From: 17335K(17472K)->0K(17472K)
[15.514s][info][gc,heap        ] GC(397) Tenured: 340446K(349568K)->72304K(349568K)
[15.514s][info][gc,metaspace   ] GC(397) Metaspace: 30710K(31040K)->30710K(31040K) NonClass: 27462K(27584K)->27462K(27584K) Class: 3247K(3456K)->3247K(3456K)
[15.514s][info][gc             ] GC(397) Pause Full (Allocation Failure) 485M->70M(494M) 33.189ms
[15.514s][info][gc,cpu         ] GC(397) User=0.04s Sys=0.00s Real=0.04s
[15.533s][info][gc,start       ] GC(398) Pause Young (Allocation Failure)
[15.536s][info][gc,heap        ] GC(398) DefNew: 139772K(157248K)->17393K(157248K) Eden: 139772K(139776K)->0K(139776K) From: 0K(17472K)->17393K(17472K)
[15.536s][info][gc,heap        ] GC(398) Tenured: 72304K(349568K)->75379K(349568K)
[15.536s][info][gc,metaspace   ] GC(398) Metaspace: 30710K(31040K)->30710K(31040K) NonClass: 27462K(27584K)->27462K(27584K) Class: 3247K(3456K)->3247K(3456K)
[15.536s][info][gc             ] GC(398) Pause Young (Allocation Failure) 207M->90M(494M) 3.207ms
[15.536s][info][gc,cpu         ] GC(398) User=0.01s Sys=0.00s Real=0.00s
[15.554s][info][gc,start       ] GC(399) Pause Young (Allocation Failure)
[15.558s][info][gc,heap        ] GC(399) DefNew: 157169K(157248K)->17349K(157248K) Eden: 139775K(139776K)->0K(139776K) From: 17393K(17472K)->17349K(17472K)
[15.558s][info][gc,heap        ] GC(399) Tenured: 75379K(349568K)->80819K(349568K)
[15.558s][info][gc,metaspace   ] GC(399) Metaspace: 30721K(31040K)->30721K(31040K) NonClass: 27474K(27584K)->27474K(27584K) Class: 3247K(3456K)->3247K(3456K)
[15.558s][info][gc             ] GC(399) Pause Young (Allocation Failure) 227M->95M(494M) 3.514ms
[15.558s][info][gc,cpu         ] GC(399) User=0.01s Sys=0.00s Real=0.00s
[15.580s][info][gc,start       ] GC(400) Pause Young (Allocation Failure)
[15.583s][info][gc,heap        ] GC(400) DefNew: 156897K(157248K)->17394K(157248K) Eden: 139548K(139776K)->0K(139776K) From: 17349K(17472K)->17394K(17472K)
[15.583s][info][gc,heap        ] GC(400) Tenured: 80819K(349568K)->83900K(349568K)
[15.583s][info][gc,metaspace   ] GC(400) Metaspace: 30722K(31040K)->30722K(31040K) NonClass: 27475K(27584K)->27475K(27584K) Class: 3247K(3456K)->3247K(3456K)
[15.583s][info][gc             ] GC(400) Pause Young (Allocation Failure) 232M->98M(494M) 3.804ms
[15.584s][info][gc,cpu         ] GC(400) User=0.01s Sys=0.00s Real=0.01s
[15.602s][info][gc,start       ] GC(401) Pause Young (Allocation Failure)
[15.605s][info][gc,heap        ] GC(401) DefNew: 157017K(157248K)->16581K(157248K) Eden: 139623K(139776K)->0K(139776K) From: 17394K(17472K)->16581K(17472K)
[15.605s][info][gc,heap        ] GC(401) Tenured: 83900K(349568K)->85988K(349568K)
[15.605s][info][gc,metaspace   ] GC(401) Metaspace: 30722K(31040K)->30722K(31040K) NonClass: 27475K(27584K)->27475K(27584K) Class: 3247K(3456K)->3247K(3456K)
[15.605s][info][gc             ] GC(401) Pause Young (Allocation Failure) 235M->100M(494M) 2.984ms
[15.605s][info][gc,cpu         ] GC(401) User=0.01s Sys=0.00s Real=0.01s
[15.623s][info][gc,start       ] GC(402) Pause Young (Allocation Failure)
[15.627s][info][gc,heap        ] GC(402) DefNew: 156176K(157248K)->17392K(157248K) Eden: 139595K(139776K)->0K(139776K) From: 16581K(17472K)->17392K(17472K)
[15.627s][info][gc,heap        ] GC(402) Tenured: 85988K(349568K)->90350K(349568K)
[15.627s][info][gc,metaspace   ] GC(402) Metaspace: 30725K(31040K)->30725K(31040K) NonClass: 27478K(27584K)->27478K(27584K) Class: 3247K(3456K)->3247K(3456K)
[15.627s][info][gc             ] GC(402) Pause Young (Allocation Failure) 236M->105M(494M) 3.513ms
[15.627s][info][gc,cpu         ] GC(402) User=0.01s Sys=0.00s Real=0.00s
[15.646s][info][gc,start       ] GC(403) Pause Young (Allocation Failure)
[15.649s][info][gc,heap        ] GC(403) DefNew: 157076K(157248K)->17352K(157248K) Eden: 139683K(139776K)->0K(139776K) From: 17392K(17472K)->17352K(17472K)
[15.649s][info][gc,heap        ] GC(403) Tenured: 90350K(349568K)->94489K(349568K)
[15.649s][info][gc,metaspace   ] GC(403) Metaspace: 30732K(31040K)->30732K(31040K) NonClass: 27485K(27584K)->27485K(27584K) Class: 3247K(3456K)->3247K(3456K)
[15.649s][info][gc             ] GC(403) Pause Young (Allocation Failure) 241M->109M(494M) 3.104ms
[15.649s][info][gc,cpu         ] GC(403) User=0.00s Sys=0.00s Real=0.00s
[15.667s][info][gc,start       ] GC(404) Pause Young (Allocation Failure)
[15.671s][info][gc,heap        ] GC(404) DefNew: 156880K(157248K)->17385K(157248K) Eden: 139528K(139776K)->0K(139776K) From: 17352K(17472K)->17385K(17472K)
[15.671s][info][gc,heap        ] GC(404) Tenured: 94489K(349568K)->99880K(349568K)
[15.671s][info][gc,metaspace   ] GC(404) Metaspace: 30738K(31104K)->30738K(31104K) NonClass: 27491K(27648K)->27491K(27648K) Class: 3247K(3456K)->3247K(3456K)
[15.671s][info][gc             ] GC(404) Pause Young (Allocation Failure) 245M->114M(494M) 3.482ms
[15.671s][info][gc,cpu         ] GC(404) User=0.01s Sys=0.00s Real=0.01s
[15.689s][info][gc,start       ] GC(405) Pause Young (Allocation Failure)
[15.692s][info][gc,heap        ] GC(405) DefNew: 157095K(157248K)->17339K(157248K) Eden: 139709K(139776K)->0K(139776K) From: 17385K(17472K)->17339K(17472K)
[15.692s][info][gc,heap        ] GC(405) Tenured: 99880K(349568K)->105052K(349568K)
[15.692s][info][gc,metaspace   ] GC(405) Metaspace: 30738K(31104K)->30738K(31104K) NonClass: 27491K(27648K)->27491K(27648K) Class: 3247K(3456K)->3247K(3456K)
[15.692s][info][gc             ] GC(405) Pause Young (Allocation Failure) 250M->119M(494M) 3.348ms
[15.692s][info][gc,cpu         ] GC(405) User=0.01s Sys=0.00s Real=0.01s
[15.715s][info][gc,start       ] GC(406) Pause Young (Allocation Failure)
[15.718s][info][gc,heap        ] GC(406) DefNew: 157115K(157248K)->17377K(157248K) Eden: 139776K(139776K)->0K(139776K) From: 17339K(17472K)->17377K(17472K)
[15.718s][info][gc,heap        ] GC(406) Tenured: 105052K(349568K)->111725K(349568K)
[15.718s][info][gc,metaspace   ] GC(406) Metaspace: 30738K(31104K)->30738K(31104K) NonClass: 27491K(27648K)->27491K(27648K) Class: 3247K(3456K)->3247K(3456K)
[15.718s][info][gc             ] GC(406) Pause Young (Allocation Failure) 256M->126M(494M) 3.564ms
[15.718s][info][gc,cpu         ] GC(406) User=0.00s Sys=0.00s Real=0.00s
[15.738s][info][gc,start       ] GC(407) Pause Young (Allocation Failure)
[15.741s][info][gc,heap        ] GC(407) DefNew: 156905K(157248K)->17341K(157248K) Eden: 139527K(139776K)->0K(139776K) From: 17377K(17472K)->17341K(17472K)
[15.741s][info][gc,heap        ] GC(407) Tenured: 111725K(349568K)->117658K(349568K)
[15.741s][info][gc,metaspace   ] GC(407) Metaspace: 30738K(31104K)->30738K(31104K) NonClass: 27491K(27648K)->27491K(27648K) Class: 3247K(3456K)->3247K(3456K)
[15.741s][info][gc             ] GC(407) Pause Young (Allocation Failure) 262M->131M(494M) 3.298ms
[15.741s][info][gc,cpu         ] GC(407) User=0.00s Sys=0.00s Real=0.00s
[15.762s][info][gc,start       ] GC(408) Pause Young (Allocation Failure)
[15.764s][info][gc,heap        ] GC(408) DefNew: 157066K(157248K)->13500K(157248K) Eden: 139725K(139776K)->0K(139776K) From: 17341K(17472K)->13500K(17472K)
[15.764s][info][gc,heap        ] GC(408) Tenured: 117658K(349568K)->120229K(349568K)
[15.764s][info][gc,metaspace   ] GC(408) Metaspace: 30738K(31104K)->30738K(31104K) NonClass: 27491K(27648K)->27491K(27648K) Class: 3247K(3456K)->3247K(3456K)
[15.764s][info][gc             ] GC(408) Pause Young (Allocation Failure) 268M->130M(494M) 2.621ms
[15.764s][info][gc,cpu         ] GC(408) User=0.01s Sys=0.00s Real=0.01s
[15.784s][info][gc,start       ] GC(409) Pause Young (Allocation Failure)
[15.788s][info][gc,heap        ] GC(409) DefNew: 153210K(157248K)->17375K(157248K) Eden: 139709K(139776K)->0K(139776K) From: 13500K(17472K)->17375K(17472K)
[15.788s][info][gc,heap        ] GC(409) Tenured: 120229K(349568K)->123827K(349568K)
[15.788s][info][gc,metaspace   ] GC(409) Metaspace: 30738K(31104K)->30738K(31104K) NonClass: 27491K(27648K)->27491K(27648K) Class: 3247K(3456K)->3247K(3456K)
[15.788s][info][gc             ] GC(409) Pause Young (Allocation Failure) 267M->137M(494M) 3.554ms
[15.788s][info][gc,cpu         ] GC(409) User=0.01s Sys=0.00s Real=0.00s
[15.807s][info][gc,start       ] GC(410) Pause Young (Allocation Failure)
[15.810s][info][gc,heap        ] GC(410) DefNew: 157151K(157248K)->17088K(157248K) Eden: 139776K(139776K)->0K(139776K) From: 17375K(17472K)->17088K(17472K)
[15.810s][info][gc,heap        ] GC(410) Tenured: 123827K(349568K)->126687K(349568K)
[15.810s][info][gc,metaspace   ] GC(410) Metaspace: 30738K(31104K)->30738K(31104K) NonClass: 27491K(27648K)->27491K(27648K) Class: 3247K(3456K)->3247K(3456K)
[15.810s][info][gc             ] GC(410) Pause Young (Allocation Failure) 274M->140M(494M) 3.913ms
[15.810s][info][gc,cpu         ] GC(410) User=0.01s Sys=0.00s Real=0.01s
[15.830s][info][gc,start       ] GC(411) Pause Young (Allocation Failure)
[15.833s][info][gc,heap        ] GC(411) DefNew: 156864K(157248K)->17346K(157248K) Eden: 139776K(139776K)->0K(139776K) From: 17088K(17472K)->17346K(17472K)
[15.833s][info][gc,heap        ] GC(411) Tenured: 127199K(349568K)->129770K(349568K)
[15.833s][info][gc,metaspace   ] GC(411) Metaspace: 30738K(31104K)->30738K(31104K) NonClass: 27491K(27648K)->27491K(27648K) Class: 3247K(3456K)->3247K(3456K)
[15.833s][info][gc             ] GC(411) Pause Young (Allocation Failure) 277M->143M(494M) 3.004ms
[15.833s][info][gc,cpu         ] GC(411) User=0.00s Sys=0.00s Real=0.00s
[15.852s][info][gc,start       ] GC(412) Pause Young (Allocation Failure)
[15.857s][info][gc,heap        ] GC(412) DefNew: 157038K(157248K)->17472K(157248K) Eden: 139691K(139776K)->0K(139776K) From: 17346K(17472K)->17472K(17472K)
[15.857s][info][gc,heap        ] GC(412) Tenured: 129770K(349568K)->136559K(349568K)
[15.857s][info][gc,metaspace   ] GC(412) Metaspace: 30739K(31104K)->30739K(31104K) NonClass: 27492K(27648K)->27492K(27648K) Class: 3247K(3456K)->3247K(3456K)
[15.857s][info][gc             ] GC(412) Pause Young (Allocation Failure) 280M->150M(494M) 5.495ms
[15.857s][info][gc,cpu         ] GC(412) User=0.01s Sys=0.00s Real=0.00s
[15.876s][info][gc,start       ] GC(413) Pause Young (Allocation Failure)
[15.880s][info][gc,heap        ] GC(413) DefNew: 157248K(157248K)->17359K(157248K) Eden: 139776K(139776K)->0K(139776K) From: 17472K(17472K)->17359K(17472K)
[15.880s][info][gc,heap        ] GC(413) Tenured: 136559K(349568K)->145540K(349568K)
[15.880s][info][gc,metaspace   ] GC(413) Metaspace: 30739K(31104K)->30739K(31104K) NonClass: 27492K(27648K)->27492K(27648K) Class: 3247K(3456K)->3247K(3456K)
[15.880s][info][gc             ] GC(413) Pause Young (Allocation Failure) 286M->159M(494M) 3.527ms
[15.880s][info][gc,cpu         ] GC(413) User=0.01s Sys=0.00s Real=0.00s
[15.897s][info][gc,start       ] GC(414) Pause Young (Allocation Failure)
[15.901s][info][gc,heap        ] GC(414) DefNew: 157135K(157248K)->17472K(157248K) Eden: 139776K(139776K)->0K(139776K) From: 17359K(17472K)->17472K(17472K)
[15.901s][info][gc,heap        ] GC(414) Tenured: 145540K(349568K)->153648K(349568K)
[15.901s][info][gc,metaspace   ] GC(414) Metaspace: 30739K(31104K)->30739K(31104K) NonClass: 27492K(27648K)->27492K(27648K) Class: 3247K(3456K)->3247K(3456K)
[15.901s][info][gc             ] GC(414) Pause Young (Allocation Failure) 295M->167M(494M) 3.480ms
[15.901s][info][gc,cpu         ] GC(414) User=0.01s Sys=0.00s Real=0.00s
[15.919s][info][gc,start       ] GC(415) Pause Young (Allocation Failure)
[15.923s][info][gc,heap        ] GC(415) DefNew: 157248K(157248K)->17472K(157248K) Eden: 139776K(139776K)->0K(139776K) From: 17472K(17472K)->17472K(17472K)
[15.923s][info][gc,heap        ] GC(415) Tenured: 153648K(349568K)->166221K(349568K)
[15.923s][info][gc,metaspace   ] GC(415) Metaspace: 30739K(31104K)->30739K(31104K) NonClass: 27492K(27648K)->27492K(27648K) Class: 3247K(3456K)->3247K(3456K)
[15.923s][info][gc             ] GC(415) Pause Young (Allocation Failure) 303M->179M(494M) 3.960ms
[15.923s][info][gc,cpu         ] GC(415) User=0.00s Sys=0.00s Real=0.01s
[15.941s][info][gc,start       ] GC(416) Pause Young (Allocation Failure)
[15.944s][info][gc,heap        ] GC(416) DefNew: 157035K(157248K)->17253K(157248K) Eden: 139563K(139776K)->0K(139776K) From: 17472K(17472K)->17253K(17472K)
[15.945s][info][gc,heap        ] GC(416) Tenured: 166221K(349568K)->174986K(349568K)
[15.945s][info][gc,metaspace   ] GC(416) Metaspace: 30741K(31168K)->30741K(31168K) NonClass: 27494K(27712K)->27494K(27712K) Class: 3247K(3456K)->3247K(3456K)
[15.945s][info][gc             ] GC(416) Pause Young (Allocation Failure) 315M->187M(494M) 3.753ms
[15.945s][info][gc,cpu         ] GC(416) User=0.00s Sys=0.00s Real=0.01s
[15.966s][info][gc,start       ] GC(417) Pause Young (Allocation Failure)
[15.969s][info][gc,heap        ] GC(417) DefNew: 156857K(157248K)->17378K(157248K) Eden: 139604K(139776K)->0K(139776K) From: 17253K(17472K)->17378K(17472K)
[15.969s][info][gc,heap        ] GC(417) Tenured: 174986K(349568K)->181406K(349568K)
[15.969s][info][gc,metaspace   ] GC(417) Metaspace: 30741K(31168K)->30741K(31168K) NonClass: 27494K(27712K)->27494K(27712K) Class: 3247K(3456K)->3247K(3456K)
[15.969s][info][gc             ] GC(417) Pause Young (Allocation Failure) 324M->194M(494M) 3.548ms
[15.969s][info][gc,cpu         ] GC(417) User=0.00s Sys=0.00s Real=0.00s
[15.989s][info][gc,start       ] GC(418) Pause Young (Allocation Failure)
[15.993s][info][gc,heap        ] GC(418) DefNew: 156929K(157248K)->17399K(157248K) Eden: 139551K(139776K)->0K(139776K) From: 17378K(17472K)->17399K(17472K)
[15.993s][info][gc,heap        ] GC(418) Tenured: 181406K(349568K)->189624K(349568K)
[15.993s][info][gc,metaspace   ] GC(418) Metaspace: 30744K(31168K)->30744K(31168K) NonClass: 27497K(27712K)->27497K(27712K) Class: 3247K(3456K)->3247K(3456K)
[15.993s][info][gc             ] GC(418) Pause Young (Allocation Failure) 330M->202M(494M) 3.737ms
[15.993s][info][gc,cpu         ] GC(418) User=0.00s Sys=0.00s Real=0.01s
[16.011s][info][gc,start       ] GC(419) Pause Young (Allocation Failure)
[16.016s][info][gc,heap        ] GC(419) DefNew: 157112K(157248K)->17351K(157248K) Eden: 139713K(139776K)->0K(139776K) From: 17399K(17472K)->17351K(17472K)
[16.016s][info][gc,heap        ] GC(419) Tenured: 189624K(349568K)->198906K(349568K)
[16.016s][info][gc,metaspace   ] GC(419) Metaspace: 30744K(31168K)->30744K(31168K) NonClass: 27497K(27712K)->27497K(27712K) Class: 3247K(3456K)->3247K(3456K)
[16.016s][info][gc             ] GC(419) Pause Young (Allocation Failure) 338M->211M(494M) 4.835ms
[16.016s][info][gc,cpu         ] GC(419) User=0.01s Sys=0.00s Real=0.00s
[16.034s][info][gc,start       ] GC(420) Pause Young (Allocation Failure)
[16.038s][info][gc,heap        ] GC(420) DefNew: 157072K(157248K)->17385K(157248K) Eden: 139720K(139776K)->0K(139776K) From: 17351K(17472K)->17385K(17472K)
[16.038s][info][gc,heap        ] GC(420) Tenured: 198906K(349568K)->208664K(349568K)
[16.038s][info][gc,metaspace   ] GC(420) Metaspace: 30744K(31168K)->30744K(31168K) NonClass: 27497K(27712K)->27497K(27712K) Class: 3247K(3456K)->3247K(3456K)
[16.038s][info][gc             ] GC(420) Pause Young (Allocation Failure) 347M->220M(494M) 3.660ms
[16.038s][info][gc,cpu         ] GC(420) User=0.01s Sys=0.00s Real=0.00s
[16.057s][info][gc,start       ] GC(421) Pause Young (Allocation Failure)
[16.060s][info][gc,heap        ] GC(421) DefNew: 156913K(157248K)->17330K(157248K) Eden: 139527K(139776K)->0K(139776K) From: 17385K(17472K)->17330K(17472K)
[16.060s][info][gc,heap        ] GC(421) Tenured: 208664K(349568K)->216153K(349568K)
[16.060s][info][gc,metaspace   ] GC(421) Metaspace: 30744K(31168K)->30744K(31168K) NonClass: 27497K(27712K)->27497K(27712K) Class: 3247K(3456K)->3247K(3456K)
[16.060s][info][gc             ] GC(421) Pause Young (Allocation Failure) 357M->228M(494M) 3.680ms
[16.060s][info][gc,cpu         ] GC(421) User=0.01s Sys=0.00s Real=0.00s
[16.082s][info][gc,start       ] GC(422) Pause Young (Allocation Failure)
[16.084s][info][gc,heap        ] GC(422) DefNew: 156618K(157248K)->17350K(157248K) Eden: 139288K(139776K)->0K(139776K) From: 17330K(17472K)->17350K(17472K)
[16.084s][info][gc,heap        ] GC(422) Tenured: 217177K(349568K)->218215K(349568K)
[16.084s][info][gc,metaspace   ] GC(422) Metaspace: 30744K(31168K)->30744K(31168K) NonClass: 27497K(27712K)->27497K(27712K) Class: 3247K(3456K)->3247K(3456K)
[16.085s][info][gc             ] GC(422) Pause Young (Allocation Failure) 365M->230M(494M) 2.906ms
[16.085s][info][gc,cpu         ] GC(422) User=0.00s Sys=0.00s Real=0.01s
[16.104s][info][gc,start       ] GC(423) Pause Young (Allocation Failure)
[16.108s][info][gc,heap        ] GC(423) DefNew: 156644K(157248K)->17375K(157248K) Eden: 139293K(139776K)->0K(139776K) From: 17350K(17472K)->17375K(17472K)
[16.108s][info][gc,heap        ] GC(423) Tenured: 218215K(349568K)->224120K(349568K)
[16.108s][info][gc,metaspace   ] GC(423) Metaspace: 30744K(31168K)->30744K(31168K) NonClass: 27497K(27712K)->27497K(27712K) Class: 3247K(3456K)->3247K(3456K)
[16.108s][info][gc             ] GC(423) Pause Young (Allocation Failure) 366M->235M(494M) 3.329ms
[16.108s][info][gc,cpu         ] GC(423) User=0.00s Sys=0.00s Real=0.00s
[16.126s][info][gc,start       ] GC(424) Pause Young (Allocation Failure)
[16.130s][info][gc,heap        ] GC(424) DefNew: 156954K(157248K)->17325K(157248K) Eden: 139578K(139776K)->0K(139776K) From: 17375K(17472K)->17325K(17472K)
[16.130s][info][gc,heap        ] GC(424) Tenured: 224120K(349568K)->227242K(349568K)
[16.130s][info][gc,metaspace   ] GC(424) Metaspace: 30744K(31168K)->30744K(31168K) NonClass: 27497K(27712K)->27497K(27712K) Class: 3247K(3456K)->3247K(3456K)
[16.130s][info][gc             ] GC(424) Pause Young (Allocation Failure) 372M->238M(494M) 3.512ms
[16.130s][info][gc,cpu         ] GC(424) User=0.01s Sys=0.00s Real=0.00s
[16.148s][info][gc,start       ] GC(425) Pause Young (Allocation Failure)
[16.151s][info][gc,heap        ] GC(425) DefNew: 156962K(157248K)->17370K(157248K) Eden: 139636K(139776K)->0K(139776K) From: 17325K(17472K)->17370K(17472K)
[16.151s][info][gc,heap        ] GC(425) Tenured: 227242K(349568K)->228528K(349568K)
[16.151s][info][gc,metaspace   ] GC(425) Metaspace: 30744K(31168K)->30744K(31168K) NonClass: 27497K(27712K)->27497K(27712K) Class: 3247K(3456K)->3247K(3456K)
[16.151s][info][gc             ] GC(425) Pause Young (Allocation Failure) 375M->240M(494M) 3.122ms
[16.151s][info][gc,cpu         ] GC(425) User=0.01s Sys=0.00s Real=0.01s
[16.172s][info][gc,start       ] GC(426) Pause Young (Allocation Failure)
[16.176s][info][gc,heap        ] GC(426) DefNew: 157146K(157248K)->17340K(157248K) Eden: 139776K(139776K)->0K(139776K) From: 17370K(17472K)->17340K(17472K)
[16.176s][info][gc,heap        ] GC(426) Tenured: 228784K(349568K)->232413K(349568K)
[16.176s][info][gc,metaspace   ] GC(426) Metaspace: 30744K(31168K)->30744K(31168K) NonClass: 27497K(27712K)->27497K(27712K) Class: 3247K(3456K)->3247K(3456K)
[16.176s][info][gc             ] GC(426) Pause Young (Allocation Failure) 376M->243M(494M) 3.391ms
[16.176s][info][gc,cpu         ] GC(426) User=0.01s Sys=0.00s Real=0.00s
[16.196s][info][gc,start       ] GC(427) Pause Young (Allocation Failure)
[16.200s][info][gc,heap        ] GC(427) DefNew: 156669K(157248K)->17386K(157248K) Eden: 139329K(139776K)->0K(139776K) From: 17340K(17472K)->17386K(17472K)
[16.200s][info][gc,heap        ] GC(427) Tenured: 232413K(349568K)->237802K(349568K)
[16.200s][info][gc,metaspace   ] GC(427) Metaspace: 30744K(31168K)->30744K(31168K) NonClass: 27497K(27712K)->27497K(27712K) Class: 3247K(3456K)->3247K(3456K)
[16.200s][info][gc             ] GC(427) Pause Young (Allocation Failure) 379M->249M(494M) 3.342ms
[16.200s][info][gc,cpu         ] GC(427) User=0.01s Sys=0.00s Real=0.00s
[16.222s][info][gc,start       ] GC(428) Pause Young (Allocation Failure)
[16.226s][info][gc,heap        ] GC(428) DefNew: 156953K(157248K)->17359K(157248K) Eden: 139566K(139776K)->0K(139776K) From: 17386K(17472K)->17359K(17472K)
[16.226s][info][gc,heap        ] GC(428) Tenured: 237802K(349568K)->244766K(349568K)
[16.226s][info][gc,metaspace   ] GC(428) Metaspace: 30759K(31168K)->30759K(31168K) NonClass: 27511K(27712K)->27511K(27712K) Class: 3247K(3456K)->3247K(3456K)
[16.226s][info][gc             ] GC(428) Pause Young (Allocation Failure) 385M->255M(494M) 3.969ms
[16.226s][info][gc,cpu         ] GC(428) User=0.00s Sys=0.00s Real=0.01s
[16.244s][info][gc,start       ] GC(429) Pause Young (Allocation Failure)
[16.248s][info][gc,heap        ] GC(429) DefNew: 156819K(157248K)->17364K(157248K) Eden: 139459K(139776K)->0K(139776K) From: 17359K(17472K)->17364K(17472K)
[16.248s][info][gc,heap        ] GC(429) Tenured: 244766K(349568K)->254009K(349568K)
[16.248s][info][gc,metaspace   ] GC(429) Metaspace: 30759K(31168K)->30759K(31168K) NonClass: 27511K(27712K)->27511K(27712K) Class: 3247K(3456K)->3247K(3456K)
[16.248s][info][gc             ] GC(429) Pause Young (Allocation Failure) 392M->265M(494M) 4.086ms
[16.248s][info][gc,cpu         ] GC(429) User=0.00s Sys=0.00s Real=0.00s
[16.266s][info][gc,start       ] GC(430) Pause Young (Allocation Failure)
[16.270s][info][gc,heap        ] GC(430) DefNew: 156914K(157248K)->17402K(157248K) Eden: 139549K(139776K)->0K(139776K) From: 17364K(17472K)->17402K(17472K)
[16.270s][info][gc,heap        ] GC(430) Tenured: 254009K(349568K)->263003K(349568K)
[16.270s][info][gc,metaspace   ] GC(430) Metaspace: 30759K(31168K)->30759K(31168K) NonClass: 27511K(27712K)->27511K(27712K) Class: 3247K(3456K)->3247K(3456K)
[16.270s][info][gc             ] GC(430) Pause Young (Allocation Failure) 401M->273M(494M) 3.801ms
[16.270s][info][gc,cpu         ] GC(430) User=0.00s Sys=0.00s Real=0.00s
[16.289s][info][gc,start       ] GC(431) Pause Young (Allocation Failure)
[16.292s][info][gc,heap        ] GC(431) DefNew: 157032K(157248K)->17243K(157248K) Eden: 139629K(139776K)->0K(139776K) From: 17402K(17472K)->17243K(17472K)
[16.292s][info][gc,heap        ] GC(431) Tenured: 263003K(349568K)->272034K(349568K)
[16.292s][info][gc,metaspace   ] GC(431) Metaspace: 30759K(31168K)->30759K(31168K) NonClass: 27511K(27712K)->27511K(27712K) Class: 3247K(3456K)->3247K(3456K)
[16.292s][info][gc             ] GC(431) Pause Young (Allocation Failure) 410M->282M(494M) 3.293ms
[16.292s][info][gc,cpu         ] GC(431) User=0.01s Sys=0.00s Real=0.01s
[16.310s][info][gc,start       ] GC(432) Pause Young (Allocation Failure)
[16.314s][info][gc,heap        ] GC(432) DefNew: 156938K(157248K)->17410K(157248K) Eden: 139695K(139776K)->0K(139776K) From: 17243K(17472K)->17410K(17472K)
[16.314s][info][gc,heap        ] GC(432) Tenured: 272034K(349568K)->281026K(349568K)
[16.314s][info][gc,metaspace   ] GC(432) Metaspace: 30759K(31168K)->30759K(31168K) NonClass: 27511K(27712K)->27511K(27712K) Class: 3247K(3456K)->3247K(3456K)
[16.314s][info][gc             ] GC(432) Pause Young (Allocation Failure) 418M->291M(494M) 3.811ms
[16.314s][info][gc,cpu         ] GC(432) User=0.01s Sys=0.00s Real=0.01s
[16.331s][info][gc,start       ] GC(433) Pause Young (Allocation Failure)
[16.335s][info][gc,heap        ] GC(433) DefNew: 156808K(157248K)->17376K(157248K) Eden: 139397K(139776K)->0K(139776K) From: 17410K(17472K)->17376K(17472K)
[16.335s][info][gc,heap        ] GC(433) Tenured: 281026K(349568K)->293893K(349568K)
[16.335s][info][gc,metaspace   ] GC(433) Metaspace: 30759K(31168K)->30759K(31168K) NonClass: 27511K(27712K)->27511K(27712K) Class: 3247K(3456K)->3247K(3456K)
[16.335s][info][gc             ] GC(433) Pause Young (Allocation Failure) 427M->303M(494M) 4.031ms
[16.335s][info][gc,cpu         ] GC(433) User=0.00s Sys=0.00s Real=0.00s
[16.355s][info][gc,start       ] GC(434) Pause Young (Allocation Failure)
[16.360s][info][gc,heap        ] GC(434) DefNew: 157023K(157248K)->17363K(157248K) Eden: 139647K(139776K)->0K(139776K) From: 17376K(17472K)->17363K(17472K)
[16.360s][info][gc,heap        ] GC(434) Tenured: 293893K(349568K)->305966K(349568K)
[16.360s][info][gc,metaspace   ] GC(434) Metaspace: 30759K(31168K)->30759K(31168K) NonClass: 27511K(27712K)->27511K(27712K) Class: 3247K(3456K)->3247K(3456K)
[16.360s][info][gc             ] GC(434) Pause Young (Allocation Failure) 440M->315M(494M) 4.599ms
[16.360s][info][gc,cpu         ] GC(434) User=0.01s Sys=0.00s Real=0.00s
[16.380s][info][gc,start       ] GC(435) Pause Young (Allocation Failure)
[16.385s][info][gc,heap        ] GC(435) DefNew: 156650K(157248K)->17471K(157248K) Eden: 139286K(139776K)->0K(139776K) From: 17363K(17472K)->17471K(17472K)
[16.385s][info][gc,heap        ] GC(435) Tenured: 305966K(349568K)->315783K(349568K)
[16.385s][info][gc,metaspace   ] GC(435) Metaspace: 30764K(31168K)->30764K(31168K) NonClass: 27516K(27712K)->27516K(27712K) Class: 3247K(3456K)->3247K(3456K)
[16.385s][info][gc             ] GC(435) Pause Young (Allocation Failure) 451M->325M(494M) 4.404ms
[16.385s][info][gc,cpu         ] GC(435) User=0.01s Sys=0.00s Real=0.01s
[16.406s][info][gc,start       ] GC(436) Pause Young (Allocation Failure)
[16.409s][info][gc,heap        ] GC(436) DefNew: 157132K(157248K)->16722K(157248K) Eden: 139660K(139776K)->0K(139776K) From: 17471K(17472K)->16722K(17472K)
[16.410s][info][gc,heap        ] GC(436) Tenured: 316807K(349568K)->325068K(349568K)
[16.410s][info][gc,metaspace   ] GC(436) Metaspace: 30764K(31168K)->30764K(31168K) NonClass: 27516K(27712K)->27516K(27712K) Class: 3247K(3456K)->3247K(3456K)
[16.410s][info][gc             ] GC(436) Pause Young (Allocation Failure) 462M->333M(494M) 3.664ms
[16.410s][info][gc,cpu         ] GC(436) User=0.00s Sys=0.00s Real=0.00s
[16.429s][info][gc,start       ] GC(437) Pause Young (Allocation Failure)
[16.433s][info][gc,heap        ] GC(437) DefNew: 156423K(157248K)->17472K(157248K) Eden: 139700K(139776K)->0K(139776K) From: 16722K(17472K)->17472K(17472K)
[16.433s][info][gc,heap        ] GC(437) Tenured: 325068K(349568K)->338050K(349568K)
[16.433s][info][gc,metaspace   ] GC(437) Metaspace: 30764K(31168K)->30764K(31168K) NonClass: 27516K(27712K)->27516K(27712K) Class: 3247K(3456K)->3247K(3456K)
[16.433s][info][gc             ] GC(437) Pause Young (Allocation Failure) 470M->347M(494M) 4.130ms
[16.433s][info][gc,cpu         ] GC(437) User=0.01s Sys=0.00s Real=0.01s
[16.451s][info][gc,start       ] GC(438) Pause Young (Allocation Failure)
[16.451s][info][gc             ] GC(438) Pause Young (Allocation Failure) 483M->483M(494M) 0.069ms
[16.451s][info][gc,cpu         ] GC(438) User=0.00s Sys=0.00s Real=0.00s
[16.451s][info][gc,start       ] GC(439) Pause Full (Allocation Failure)
[16.451s][info][gc,phases,start] GC(439) Phase 1: Mark live objects
[16.463s][info][gc,phases      ] GC(439) Phase 1: Mark live objects 11.631ms
[16.463s][info][gc,phases,start] GC(439) Phase 2: Compute new object addresses
[16.468s][info][gc,phases      ] GC(439) Phase 2: Compute new object addresses 5.313ms
[16.468s][info][gc,phases,start] GC(439) Phase 3: Adjust pointers
[16.477s][info][gc,phases      ] GC(439) Phase 3: Adjust pointers 8.706ms
[16.477s][info][gc,phases,start] GC(439) Phase 4: Move objects
[16.484s][info][gc,phases      ] GC(439) Phase 4: Move objects 7.587ms
[16.485s][info][gc,heap        ] GC(439) DefNew: 157018K(157248K)->0K(157248K) Eden: 139546K(139776K)->0K(139776K) From: 17472K(17472K)->0K(17472K)
[16.485s][info][gc,heap        ] GC(439) Tenured: 338050K(349568K)->64822K(349568K)
[16.485s][info][gc,metaspace   ] GC(439) Metaspace: 30764K(31168K)->30764K(31168K) NonClass: 27516K(27712K)->27516K(27712K) Class: 3247K(3456K)->3247K(3456K)
[16.485s][info][gc             ] GC(439) Pause Full (Allocation Failure) 483M->63M(494M) 34.440ms
[16.485s][info][gc,cpu         ] GC(439) User=0.03s Sys=0.00s Real=0.03s
[16.504s][info][gc,start       ] GC(440) Pause Young (Allocation Failure)
[16.507s][info][gc,heap        ] GC(440) DefNew: 139592K(157248K)->17253K(157248K) Eden: 139592K(139776K)->0K(139776K) From: 0K(17472K)->17253K(17472K)
[16.507s][info][gc,heap        ] GC(440) Tenured: 64822K(349568K)->68665K(349568K)
[16.507s][info][gc,metaspace   ] GC(440) Metaspace: 30764K(31168K)->30764K(31168K) NonClass: 27516K(27712K)->27516K(27712K) Class: 3247K(3456K)->3247K(3456K)
[16.507s][info][gc             ] GC(440) Pause Young (Allocation Failure) 199M->83M(494M) 2.965ms
[16.507s][info][gc,cpu         ] GC(440) User=0.00s Sys=0.00s Real=0.00s
[16.525s][info][gc,start       ] GC(441) Pause Young (Allocation Failure)
[16.528s][info][gc,heap        ] GC(441) DefNew: 156883K(157248K)->17257K(157248K) Eden: 139629K(139776K)->0K(139776K) From: 17253K(17472K)->17257K(17472K)
[16.528s][info][gc,heap        ] GC(441) Tenured: 68665K(349568K)->78941K(349568K)
[16.528s][info][gc,metaspace   ] GC(441) Metaspace: 30764K(31168K)->30764K(31168K) NonClass: 27516K(27712K)->27516K(27712K) Class: 3247K(3456K)->3247K(3456K)
[16.528s][info][gc             ] GC(441) Pause Young (Allocation Failure) 220M->93M(494M) 3.363ms
[16.528s][info][gc,cpu         ] GC(441) User=0.01s Sys=0.00s Real=0.00s
[16.546s][info][gc,start       ] GC(442) Pause Young (Allocation Failure)
[16.550s][info][gc,heap        ] GC(442) DefNew: 156880K(157248K)->17294K(157248K) Eden: 139622K(139776K)->0K(139776K) From: 17257K(17472K)->17294K(17472K)
[16.550s][info][gc,heap        ] GC(442) Tenured: 78941K(349568K)->89465K(349568K)
[16.550s][info][gc,metaspace   ] GC(442) Metaspace: 30764K(31168K)->30764K(31168K) NonClass: 27516K(27712K)->27516K(27712K) Class: 3247K(3456K)->3247K(3456K)
[16.550s][info][gc             ] GC(442) Pause Young (Allocation Failure) 230M->104M(494M) 3.623ms
[16.550s][info][gc,cpu         ] GC(442) User=0.01s Sys=0.00s Real=0.00s
[16.568s][info][gc,start       ] GC(443) Pause Young (Allocation Failure)
[16.572s][info][gc,heap        ] GC(443) DefNew: 157070K(157248K)->17380K(157248K) Eden: 139776K(139776K)->0K(139776K) From: 17294K(17472K)->17380K(17472K)
[16.572s][info][gc,heap        ] GC(443) Tenured: 89465K(349568K)->102341K(349568K)
[16.572s][info][gc,metaspace   ] GC(443) Metaspace: 30764K(31168K)->30764K(31168K) NonClass: 27516K(27712K)->27516K(27712K) Class: 3247K(3456K)->3247K(3456K)
[16.572s][info][gc             ] GC(443) Pause Young (Allocation Failure) 240M->116M(494M) 3.926ms
[16.572s][info][gc,cpu         ] GC(443) User=0.00s Sys=0.00s Real=0.01s
[16.590s][info][gc,start       ] GC(444) Pause Young (Allocation Failure)
[16.594s][info][gc,heap        ] GC(444) DefNew: 157155K(157248K)->17403K(157248K) Eden: 139774K(139776K)->0K(139776K) From: 17380K(17472K)->17403K(17472K)
[16.594s][info][gc,heap        ] GC(444) Tenured: 102341K(349568K)->112866K(349568K)
[16.594s][info][gc,metaspace   ] GC(444) Metaspace: 30764K(31168K)->30764K(31168K) NonClass: 27516K(27712K)->27516K(27712K) Class: 3247K(3456K)->3247K(3456K)
[16.594s][info][gc             ] GC(444) Pause Young (Allocation Failure) 253M->127M(494M) 3.974ms
[16.594s][info][gc,cpu         ] GC(444) User=0.00s Sys=0.00s Real=0.01s
[16.615s][info][gc,start       ] GC(445) Pause Young (Allocation Failure)
[16.618s][info][gc,heap        ] GC(445) DefNew: 156752K(157248K)->17350K(157248K) Eden: 139348K(139776K)->0K(139776K) From: 17403K(17472K)->17350K(17472K)
[16.618s][info][gc,heap        ] GC(445) Tenured: 112866K(349568K)->119327K(349568K)
[16.618s][info][gc,metaspace   ] GC(445) Metaspace: 30764K(31168K)->30764K(31168K) NonClass: 27516K(27712K)->27516K(27712K) Class: 3247K(3456K)->3247K(3456K)
[16.618s][info][gc             ] GC(445) Pause Young (Allocation Failure) 263M->133M(494M) 3.377ms
[16.618s][info][gc,cpu         ] GC(445) User=0.01s Sys=0.00s Real=0.00s
[16.639s][info][gc,start       ] GC(446) Pause Young (Allocation Failure)
[16.642s][info][gc,heap        ] GC(446) DefNew: 156918K(157248K)->17360K(157248K) Eden: 139568K(139776K)->0K(139776K) From: 17350K(17472K)->17360K(17472K)
[16.642s][info][gc,heap        ] GC(446) Tenured: 119327K(349568K)->124465K(349568K)
[16.642s][info][gc,metaspace   ] GC(446) Metaspace: 30764K(31168K)->30764K(31168K) NonClass: 27516K(27712K)->27516K(27712K) Class: 3247K(3456K)->3247K(3456K)
[16.643s][info][gc             ] GC(446) Pause Young (Allocation Failure) 269M->138M(494M) 3.205ms
[16.643s][info][gc,cpu         ] GC(446) User=0.01s Sys=0.00s Real=0.01s
[16.662s][info][gc,start       ] GC(447) Pause Young (Allocation Failure)
[16.665s][info][gc,heap        ] GC(447) DefNew: 157074K(157248K)->17403K(157248K) Eden: 139713K(139776K)->0K(139776K) From: 17360K(17472K)->17403K(17472K)
[16.665s][info][gc,heap        ] GC(447) Tenured: 124465K(349568K)->133705K(349568K)
[16.665s][info][gc,metaspace   ] GC(447) Metaspace: 30764K(31168K)->30764K(31168K) NonClass: 27516K(27712K)->27516K(27712K) Class: 3247K(3456K)->3247K(3456K)
[16.665s][info][gc             ] GC(447) Pause Young (Allocation Failure) 274M->147M(494M) 3.720ms
[16.665s][info][gc,cpu         ] GC(447) User=0.00s Sys=0.00s Real=0.01s
[16.684s][info][gc,start       ] GC(448) Pause Young (Allocation Failure)
[16.688s][info][gc,heap        ] GC(448) DefNew: 157179K(157248K)->17347K(157248K) Eden: 139776K(139776K)->0K(139776K) From: 17403K(17472K)->17347K(17472K)
[16.688s][info][gc,heap        ] GC(448) Tenured: 133705K(349568K)->143498K(349568K)
[16.688s][info][gc,metaspace   ] GC(448) Metaspace: 30764K(31168K)->30764K(31168K) NonClass: 27516K(27712K)->27516K(27712K) Class: 3247K(3456K)->3247K(3456K)
[16.688s][info][gc             ] GC(448) Pause Young (Allocation Failure) 284M->157M(494M) 3.943ms
[16.688s][info][gc,cpu         ] GC(448) User=0.01s Sys=0.00s Real=0.00s
[16.707s][info][gc,start       ] GC(449) Pause Young (Allocation Failure)
[16.710s][info][gc,heap        ] GC(449) DefNew: 156741K(157248K)->17356K(157248K) Eden: 139393K(139776K)->0K(139776K) From: 17347K(17472K)->17356K(17472K)
[16.710s][info][gc,heap        ] GC(449) Tenured: 143498K(349568K)->148636K(349568K)
[16.710s][info][gc,metaspace   ] GC(449) Metaspace: 30764K(31168K)->30764K(31168K) NonClass: 27516K(27712K)->27516K(27712K) Class: 3247K(3456K)->3247K(3456K)
[16.710s][info][gc             ] GC(449) Pause Young (Allocation Failure) 293M->162M(494M) 3.081ms
[16.710s][info][gc,cpu         ] GC(449) User=0.01s Sys=0.00s Real=0.00s
[16.729s][info][gc,start       ] GC(450) Pause Young (Allocation Failure)
[16.732s][info][gc,heap        ] GC(450) DefNew: 156929K(157248K)->17365K(157248K) Eden: 139573K(139776K)->0K(139776K) From: 17356K(17472K)->17365K(17472K)
[16.732s][info][gc,heap        ] GC(450) Tenured: 148636K(349568K)->152236K(349568K)
[16.732s][info][gc,metaspace   ] GC(450) Metaspace: 30764K(31168K)->30764K(31168K) NonClass: 27516K(27712K)->27516K(27712K) Class: 3247K(3456K)->3247K(3456K)
[16.732s][info][gc             ] GC(450) Pause Young (Allocation Failure) 298M->165M(494M) 3.303ms
[16.732s][info][gc,cpu         ] GC(450) User=0.00s Sys=0.00s Real=0.01s
[16.751s][info][gc,start       ] GC(451) Pause Young (Allocation Failure)
[16.754s][info][gc,heap        ] GC(451) DefNew: 157098K(157248K)->17066K(157248K) Eden: 139733K(139776K)->0K(139776K) From: 17365K(17472K)->17066K(17472K)
[16.754s][info][gc,heap        ] GC(451) Tenured: 152236K(349568K)->154589K(349568K)
[16.754s][info][gc,metaspace   ] GC(451) Metaspace: 30764K(31168K)->30764K(31168K) NonClass: 27516K(27712K)->27516K(27712K) Class: 3247K(3456K)->3247K(3456K)
[16.754s][info][gc             ] GC(451) Pause Young (Allocation Failure) 302M->167M(494M) 2.975ms
[16.754s][info][gc,cpu         ] GC(451) User=0.00s Sys=0.00s Real=0.00s
[16.775s][info][gc,start       ] GC(452) Pause Young (Allocation Failure)
[16.778s][info][gc,heap        ] GC(452) DefNew: 156627K(157248K)->17320K(157248K) Eden: 139561K(139776K)->0K(139776K) From: 17066K(17472K)->17320K(17472K)
[16.778s][info][gc,heap        ] GC(452) Tenured: 154589K(349568K)->158697K(349568K)
[16.778s][info][gc,metaspace   ] GC(452) Metaspace: 30764K(31168K)->30764K(31168K) NonClass: 27516K(27712K)->27516K(27712K) Class: 3247K(3456K)->3247K(3456K)
[16.778s][info][gc             ] GC(452) Pause Young (Allocation Failure) 303M->171M(494M) 3.268ms
[16.778s][info][gc,cpu         ] GC(452) User=0.01s Sys=0.00s Real=0.00s
[16.797s][info][gc,start       ] GC(453) Pause Young (Allocation Failure)
[16.801s][info][gc,heap        ] GC(453) DefNew: 156937K(157248K)->17371K(157248K) Eden: 139617K(139776K)->0K(139776K) From: 17320K(17472K)->17371K(17472K)
[16.801s][info][gc,heap        ] GC(453) Tenured: 158697K(349568K)->166651K(349568K)
[16.801s][info][gc,metaspace   ] GC(453) Metaspace: 30764K(31168K)->30764K(31168K) NonClass: 27516K(27712K)->27516K(27712K) Class: 3247K(3456K)->3247K(3456K)
[16.801s][info][gc             ] GC(453) Pause Young (Allocation Failure) 308M->179M(494M) 3.902ms
[16.801s][info][gc,cpu         ] GC(453) User=0.01s Sys=0.00s Real=0.00s
[16.820s][info][gc,start       ] GC(454) Pause Young (Allocation Failure)
[16.823s][info][gc,heap        ] GC(454) DefNew: 157117K(157248K)->17318K(157248K) Eden: 139745K(139776K)->0K(139776K) From: 17371K(17472K)->17318K(17472K)
[16.823s][info][gc,heap        ] GC(454) Tenured: 166651K(349568K)->172334K(349568K)
[16.823s][info][gc,metaspace   ] GC(454) Metaspace: 30764K(31168K)->30764K(31168K) NonClass: 27516K(27712K)->27516K(27712K) Class: 3247K(3456K)->3247K(3456K)
[16.823s][info][gc             ] GC(454) Pause Young (Allocation Failure) 316M->185M(494M) 3.357ms
[16.823s][info][gc,cpu         ] GC(454) User=0.00s Sys=0.00s Real=0.01s
[16.842s][info][gc,start       ] GC(455) Pause Young (Allocation Failure)
[16.846s][info][gc,heap        ] GC(455) DefNew: 156906K(157248K)->17324K(157248K) Eden: 139588K(139776K)->0K(139776K) From: 17318K(17472K)->17324K(17472K)
[16.846s][info][gc,heap        ] GC(455) Tenured: 172334K(349568K)->177727K(349568K)
[16.846s][info][gc,metaspace   ] GC(455) Metaspace: 30764K(31168K)->30764K(31168K) NonClass: 27516K(27712K)->27516K(27712K) Class: 3247K(3456K)->3247K(3456K)
[16.846s][info][gc             ] GC(455) Pause Young (Allocation Failure) 321M->190M(494M) 3.518ms
[16.846s][info][gc,cpu         ] GC(455) User=0.01s Sys=0.00s Real=0.00s
[16.866s][info][gc,start       ] GC(456) Pause Young (Allocation Failure)
[16.870s][info][gc,heap        ] GC(456) DefNew: 156947K(157248K)->17472K(157248K) Eden: 139622K(139776K)->0K(139776K) From: 17324K(17472K)->17472K(17472K)
[16.870s][info][gc,heap        ] GC(456) Tenured: 177727K(349568K)->186755K(349568K)
[16.870s][info][gc,metaspace   ] GC(456) Metaspace: 30764K(31168K)->30764K(31168K) NonClass: 27516K(27712K)->27516K(27712K) Class: 3247K(3456K)->3247K(3456K)
[16.870s][info][gc             ] GC(456) Pause Young (Allocation Failure) 326M->199M(494M) 3.897ms
[16.870s][info][gc,cpu         ] GC(456) User=0.01s Sys=0.00s Real=0.00s
[16.889s][info][gc,start       ] GC(457) Pause Young (Allocation Failure)
[16.893s][info][gc,heap        ] GC(457) DefNew: 157077K(157248K)->17250K(157248K) Eden: 139605K(139776K)->0K(139776K) From: 17472K(17472K)->17250K(17472K)
[16.893s][info][gc,heap        ] GC(457) Tenured: 186755K(349568K)->199368K(349568K)
[16.893s][info][gc,metaspace   ] GC(457) Metaspace: 30764K(31168K)->30764K(31168K) NonClass: 27516K(27712K)->27516K(27712K) Class: 3247K(3456K)->3247K(3456K)
[16.893s][info][gc             ] GC(457) Pause Young (Allocation Failure) 335M->211M(494M) 3.614ms
[16.893s][info][gc,cpu         ] GC(457) User=0.00s Sys=0.00s Real=0.01s
[16.912s][info][gc,start       ] GC(458) Pause Young (Allocation Failure)
[16.915s][info][gc,heap        ] GC(458) DefNew: 157026K(157248K)->17245K(157248K) Eden: 139776K(139776K)->0K(139776K) From: 17250K(17472K)->17245K(17472K)
[16.915s][info][gc,heap        ] GC(458) Tenured: 199368K(349568K)->205275K(349568K)
[16.915s][info][gc,metaspace   ] GC(458) Metaspace: 30765K(31168K)->30765K(31168K) NonClass: 27517K(27712K)->27517K(27712K) Class: 3247K(3456K)->3247K(3456K)
[16.915s][info][gc             ] GC(458) Pause Young (Allocation Failure) 348M->217M(494M) 3.151ms
[16.915s][info][gc,cpu         ] GC(458) User=0.00s Sys=0.00s Real=0.00s
[16.933s][info][gc,start       ] GC(459) Pause Young (Allocation Failure)
[16.936s][info][gc,heap        ] GC(459) DefNew: 157021K(157248K)->17362K(157248K) Eden: 139776K(139776K)->0K(139776K) From: 17245K(17472K)->17362K(17472K)
[16.936s][info][gc,heap        ] GC(459) Tenured: 205275K(349568K)->209901K(349568K)
[16.936s][info][gc,metaspace   ] GC(459) Metaspace: 30765K(31168K)->30765K(31168K) NonClass: 27517K(27712K)->27517K(27712K) Class: 3247K(3456K)->3247K(3456K)
[16.936s][info][gc             ] GC(459) Pause Young (Allocation Failure) 353M->221M(494M) 3.348ms
[16.936s][info][gc,cpu         ] GC(459) User=0.01s Sys=0.00s Real=0.00s
[16.955s][info][gc,start       ] GC(460) Pause Young (Allocation Failure)
[16.958s][info][gc,heap        ] GC(460) DefNew: 156674K(157248K)->17398K(157248K) Eden: 139311K(139776K)->0K(139776K) From: 17362K(17472K)->17398K(17472K)
[16.958s][info][gc,heap        ] GC(460) Tenured: 209901K(349568K)->214783K(349568K)
[16.958s][info][gc,metaspace   ] GC(460) Metaspace: 30765K(31168K)->30765K(31168K) NonClass: 27517K(27712K)->27517K(27712K) Class: 3247K(3456K)->3247K(3456K)
[16.958s][info][gc             ] GC(460) Pause Young (Allocation Failure) 357M->226M(494M) 3.094ms
[16.958s][info][gc,cpu         ] GC(460) User=0.00s Sys=0.00s Real=0.00s
[16.976s][info][gc,start       ] GC(461) Pause Young (Allocation Failure)
[16.979s][info][gc,heap        ] GC(461) DefNew: 157046K(157248K)->17334K(157248K) Eden: 139648K(139776K)->0K(139776K) From: 17398K(17472K)->17334K(17472K)
[16.979s][info][gc,heap        ] GC(461) Tenured: 214783K(349568K)->219698K(349568K)
[16.979s][info][gc,metaspace   ] GC(461) Metaspace: 30765K(31168K)->30765K(31168K) NonClass: 27517K(27712K)->27517K(27712K) Class: 3247K(3456K)->3247K(3456K)
[16.979s][info][gc             ] GC(461) Pause Young (Allocation Failure) 363M->231M(494M) 3.211ms
[16.979s][info][gc,cpu         ] GC(461) User=0.01s Sys=0.00s Real=0.00s
[17.000s][info][gc,start       ] GC(462) Pause Young (Allocation Failure)
[17.003s][info][gc,heap        ] GC(462) DefNew: 156090K(157248K)->17346K(157248K) Eden: 138755K(139776K)->0K(139776K) From: 17334K(17472K)->17346K(17472K)
[17.003s][info][gc,heap        ] GC(462) Tenured: 219698K(349568K)->222781K(349568K)
[17.003s][info][gc,metaspace   ] GC(462) Metaspace: 30765K(31168K)->30765K(31168K) NonClass: 27517K(27712K)->27517K(27712K) Class: 3247K(3456K)->3247K(3456K)
[17.003s][info][gc             ] GC(462) Pause Young (Allocation Failure) 366M->234M(494M) 3.302ms
[17.003s][info][gc,cpu         ] GC(462) User=0.01s Sys=0.00s Real=0.01s
[17.024s][info][gc,start       ] GC(463) Pause Young (Allocation Failure)
[17.028s][info][gc,heap        ] GC(463) DefNew: 157025K(157248K)->17385K(157248K) Eden: 139679K(139776K)->0K(139776K) From: 17346K(17472K)->17385K(17472K)
[17.028s][info][gc,heap        ] GC(463) Tenured: 222781K(349568K)->226378K(349568K)
[17.028s][info][gc,metaspace   ] GC(463) Metaspace: 30765K(31168K)->30765K(31168K) NonClass: 27517K(27712K)->27517K(27712K) Class: 3247K(3456K)->3247K(3456K)
[17.028s][info][gc             ] GC(463) Pause Young (Allocation Failure) 370M->238M(494M) 3.345ms
[17.028s][info][gc,cpu         ] GC(463) User=0.01s Sys=0.00s Real=0.00s
[17.046s][info][gc,start       ] GC(464) Pause Young (Allocation Failure)
[17.050s][info][gc,heap        ] GC(464) DefNew: 157161K(157248K)->17344K(157248K) Eden: 139776K(139776K)->0K(139776K) From: 17385K(17472K)->17344K(17472K)
[17.050s][info][gc,heap        ] GC(464) Tenured: 226378K(349568K)->236419K(349568K)
[17.050s][info][gc,metaspace   ] GC(464) Metaspace: 30766K(31168K)->30766K(31168K) NonClass: 27518K(27712K)->27518K(27712K) Class: 3247K(3456K)->3247K(3456K)
[17.050s][info][gc             ] GC(464) Pause Young (Allocation Failure) 374M->247M(494M) 3.571ms
[17.050s][info][gc,cpu         ] GC(464) User=0.01s Sys=0.00s Real=0.00s
[17.070s][info][gc,start       ] GC(465) Pause Young (Allocation Failure)
[17.074s][info][gc,heap        ] GC(465) DefNew: 156738K(157248K)->17342K(157248K) Eden: 139393K(139776K)->0K(139776K) From: 17344K(17472K)->17342K(17472K)
[17.074s][info][gc,heap        ] GC(465) Tenured: 236419K(349568K)->245916K(349568K)
[17.074s][info][gc,metaspace   ] GC(465) Metaspace: 30766K(31168K)->30766K(31168K) NonClass: 27518K(27712K)->27518K(27712K) Class: 3247K(3456K)->3247K(3456K)
[17.074s][info][gc             ] GC(465) Pause Young (Allocation Failure) 383M->257M(494M) 4.303ms
[17.074s][info][gc,cpu         ] GC(465) User=0.00s Sys=0.00s Real=0.00s
[17.094s][info][gc,start       ] GC(466) Pause Young (Allocation Failure)
[17.098s][info][gc,heap        ] GC(466) DefNew: 157068K(157248K)->17352K(157248K) Eden: 139726K(139776K)->0K(139776K) From: 17342K(17472K)->17352K(17472K)
[17.098s][info][gc,heap        ] GC(466) Tenured: 245916K(349568K)->252594K(349568K)
[17.098s][info][gc,metaspace   ] GC(466) Metaspace: 30766K(31168K)->30766K(31168K) NonClass: 27518K(27712K)->27518K(27712K) Class: 3247K(3456K)->3247K(3456K)
[17.098s][info][gc             ] GC(466) Pause Young (Allocation Failure) 393M->263M(494M) 3.393ms
[17.098s][info][gc,cpu         ] GC(466) User=0.00s Sys=0.00s Real=0.00s
[17.116s][info][gc,start       ] GC(467) Pause Young (Allocation Failure)
[17.120s][info][gc,heap        ] GC(467) DefNew: 157128K(157248K)->17472K(157248K) Eden: 139776K(139776K)->0K(139776K) From: 17352K(17472K)->17472K(17472K)
[17.120s][info][gc,heap        ] GC(467) Tenured: 252594K(349568K)->260188K(349568K)
[17.120s][info][gc,metaspace   ] GC(467) Metaspace: 30766K(31168K)->30766K(31168K) NonClass: 27518K(27712K)->27518K(27712K) Class: 3247K(3456K)->3247K(3456K)
[17.120s][info][gc             ] GC(467) Pause Young (Allocation Failure) 400M->271M(494M) 3.590ms
[17.120s][info][gc,cpu         ] GC(467) User=0.01s Sys=0.01s Real=0.00s
[17.137s][info][gc,start       ] GC(468) Pause Young (Allocation Failure)
[17.141s][info][gc,heap        ] GC(468) DefNew: 157248K(157248K)->17471K(157248K) Eden: 139776K(139776K)->0K(139776K) From: 17472K(17472K)->17471K(17472K)
[17.141s][info][gc,heap        ] GC(468) Tenured: 260188K(349568K)->272867K(349568K)
[17.141s][info][gc,metaspace   ] GC(468) Metaspace: 30769K(31168K)->30769K(31168K) NonClass: 27521K(27712K)->27521K(27712K) Class: 3247K(3456K)->3247K(3456K)
[17.141s][info][gc             ] GC(468) Pause Young (Allocation Failure) 407M->283M(494M) 3.867ms
[17.141s][info][gc,cpu         ] GC(468) User=0.01s Sys=0.00s Real=0.00s
[17.160s][info][gc,start       ] GC(469) Pause Young (Allocation Failure)
[17.164s][info][gc,heap        ] GC(469) DefNew: 157231K(157248K)->17472K(157248K) Eden: 139759K(139776K)->0K(139776K) From: 17471K(17472K)->17472K(17472K)
[17.164s][info][gc,heap        ] GC(469) Tenured: 272867K(349568K)->285338K(349568K)
[17.164s][info][gc,metaspace   ] GC(469) Metaspace: 30770K(31168K)->30770K(31168K) NonClass: 27522K(27712K)->27522K(27712K) Class: 3247K(3456K)->3247K(3456K)
[17.164s][info][gc             ] GC(469) Pause Young (Allocation Failure) 420M->295M(494M) 3.985ms
[17.164s][info][gc,cpu         ] GC(469) User=0.01s Sys=0.00s Real=0.01s
[17.185s][info][gc,start       ] GC(470) Pause Young (Allocation Failure)
[17.189s][info][gc,heap        ] GC(470) DefNew: 157228K(157248K)->17203K(157248K) Eden: 139756K(139776K)->0K(139776K) From: 17472K(17472K)->17203K(17472K)
[17.189s][info][gc,heap        ] GC(470) Tenured: 285338K(349568K)->294614K(349568K)
[17.189s][info][gc,metaspace   ] GC(470) Metaspace: 30770K(31168K)->30770K(31168K) NonClass: 27522K(27712K)->27522K(27712K) Class: 3247K(3456K)->3247K(3456K)
[17.189s][info][gc             ] GC(470) Pause Young (Allocation Failure) 432M->304M(494M) 3.751ms
[17.189s][info][gc,cpu         ] GC(470) User=0.00s Sys=0.00s Real=0.00s
[17.210s][info][gc,start       ] GC(471) Pause Young (Allocation Failure)
[17.213s][info][gc,heap        ] GC(471) DefNew: 156114K(157248K)->17470K(157248K) Eden: 138911K(139776K)->0K(139776K) From: 17203K(17472K)->17470K(17472K)
[17.213s][info][gc,heap        ] GC(471) Tenured: 294614K(349568K)->302326K(349568K)
[17.213s][info][gc,metaspace   ] GC(471) Metaspace: 30770K(31168K)->30770K(31168K) NonClass: 27522K(27712K)->27522K(27712K) Class: 3247K(3456K)->3247K(3456K)
[17.213s][info][gc             ] GC(471) Pause Young (Allocation Failure) 440M->312M(494M) 3.345ms
[17.213s][info][gc,cpu         ] GC(471) User=0.01s Sys=0.00s Real=0.01s
[17.231s][info][gc,start       ] GC(472) Pause Young (Allocation Failure)
[17.236s][info][gc,heap        ] GC(472) DefNew: 157081K(157248K)->17472K(157248K) Eden: 139610K(139776K)->0K(139776K) From: 17470K(17472K)->17472K(17472K)
[17.236s][info][gc,heap        ] GC(472) Tenured: 302326K(349568K)->308121K(349568K)
[17.236s][info][gc,metaspace   ] GC(472) Metaspace: 30780K(31168K)->30780K(31168K) NonClass: 27531K(27712K)->27531K(27712K) Class: 3248K(3456K)->3248K(3456K)
[17.236s][info][gc             ] GC(472) Pause Young (Allocation Failure) 448M->317M(494M) 5.068ms
[17.236s][info][gc,cpu         ] GC(472) User=0.01s Sys=0.00s Real=0.00s
[17.256s][info][gc,start       ] GC(473) Pause Young (Allocation Failure)
[17.260s][info][gc,heap        ] GC(473) DefNew: 157060K(157248K)->17317K(157248K) Eden: 139588K(139776K)->0K(139776K) From: 17472K(17472K)->17317K(17472K)
[17.260s][info][gc,heap        ] GC(473) Tenured: 308121K(349568K)->313799K(349568K)
[17.260s][info][gc,metaspace   ] GC(473) Metaspace: 30780K(31168K)->30780K(31168K) NonClass: 27531K(27712K)->27531K(27712K) Class: 3248K(3456K)->3248K(3456K)
[17.260s][info][gc             ] GC(473) Pause Young (Allocation Failure) 454M->323M(494M) 4.137ms
[17.260s][info][gc,cpu         ] GC(473) User=0.01s Sys=0.00s Real=0.00s
[17.280s][info][gc,start       ] GC(474) Pause Young (Allocation Failure)
[17.283s][info][gc,heap        ] GC(474) DefNew: 156961K(157248K)->17322K(157248K) Eden: 139643K(139776K)->0K(139776K) From: 17317K(17472K)->17322K(17472K)
[17.283s][info][gc,heap        ] GC(474) Tenured: 313799K(349568K)->315603K(349568K)
[17.283s][info][gc,metaspace   ] GC(474) Metaspace: 30780K(31168K)->30780K(31168K) NonClass: 27531K(27712K)->27531K(27712K) Class: 3248K(3456K)->3248K(3456K)
[17.283s][info][gc             ] GC(474) Pause Young (Allocation Failure) 459M->325M(494M) 3.236ms
[17.283s][info][gc,cpu         ] GC(474) User=0.01s Sys=0.00s Real=0.01s
[17.304s][info][gc,start       ] GC(475) Pause Young (Allocation Failure)
[17.307s][info][gc,heap        ] GC(475) DefNew: 157065K(157248K)->17315K(157248K) Eden: 139742K(139776K)->0K(139776K) From: 17322K(17472K)->17315K(17472K)
[17.307s][info][gc,heap        ] GC(475) Tenured: 315603K(349568K)->318427K(349568K)
[17.307s][info][gc,metaspace   ] GC(475) Metaspace: 30780K(31168K)->30780K(31168K) NonClass: 27531K(27712K)->27531K(27712K) Class: 3248K(3456K)->3248K(3456K)
[17.307s][info][gc             ] GC(475) Pause Young (Allocation Failure) 461M->327M(494M) 3.381ms
[17.307s][info][gc,cpu         ] GC(475) User=0.00s Sys=0.00s Real=0.00s
[17.327s][info][gc,start       ] GC(476) Pause Young (Allocation Failure)
[17.331s][info][gc,heap        ] GC(476) DefNew: 156923K(157248K)->17357K(157248K) Eden: 139607K(139776K)->0K(139776K) From: 17315K(17472K)->17357K(17472K)
[17.331s][info][gc,heap        ] GC(476) Tenured: 318427K(349568K)->323815K(349568K)
[17.331s][info][gc,metaspace   ] GC(476) Metaspace: 30780K(31168K)->30780K(31168K) NonClass: 27531K(27712K)->27531K(27712K) Class: 3248K(3456K)->3248K(3456K)
[17.331s][info][gc             ] GC(476) Pause Young (Allocation Failure) 464M->333M(494M) 3.438ms
[17.331s][info][gc,cpu         ] GC(476) User=0.00s Sys=0.00s Real=0.01s
[17.348s][info][gc,start       ] GC(477) Pause Young (Allocation Failure)
[17.352s][info][gc,heap        ] GC(477) DefNew: 156916K(157248K)->17331K(157248K) Eden: 139558K(139776K)->0K(139776K) From: 17357K(17472K)->17331K(17472K)
[17.352s][info][gc,heap        ] GC(477) Tenured: 323815K(349568K)->331034K(349568K)
[17.352s][info][gc,metaspace   ] GC(477) Metaspace: 30780K(31168K)->30780K(31168K) NonClass: 27531K(27712K)->27531K(27712K) Class: 3248K(3456K)->3248K(3456K)
[17.352s][info][gc             ] GC(477) Pause Young (Allocation Failure) 469M->340M(494M) 3.311ms
[17.352s][info][gc,cpu         ] GC(477) User=0.01s Sys=0.00s Real=0.01s
[17.372s][info][gc,start       ] GC(478) Pause Young (Allocation Failure)
[17.376s][info][gc,heap        ] GC(478) DefNew: 156862K(157248K)->17247K(157248K) Eden: 139530K(139776K)->0K(139776K) From: 17331K(17472K)->17247K(17472K)
[17.376s][info][gc,heap        ] GC(478) Tenured: 331034K(349568K)->337969K(349568K)
[17.376s][info][gc,metaspace   ] GC(478) Metaspace: 30780K(31168K)->30780K(31168K) NonClass: 27531K(27712K)->27531K(27712K) Class: 3248K(3456K)->3248K(3456K)
[17.376s][info][gc             ] GC(478) Pause Young (Allocation Failure) 476M->346M(494M) 3.343ms
[17.376s][info][gc,cpu         ] GC(478) User=0.01s Sys=0.00s Real=0.00s
[17.396s][info][gc,start       ] GC(479) Pause Young (Allocation Failure)
[17.396s][info][gc             ] GC(479) Pause Young (Allocation Failure) 483M->483M(494M) 0.080ms
[17.396s][info][gc,cpu         ] GC(479) User=0.00s Sys=0.00s Real=0.00s
[17.396s][info][gc,start       ] GC(480) Pause Full (Allocation Failure)
[17.396s][info][gc,phases,start] GC(480) Phase 1: Mark live objects
[17.406s][info][gc,phases      ] GC(480) Phase 1: Mark live objects 10.157ms
[17.406s][info][gc,phases,start] GC(480) Phase 2: Compute new object addresses
[17.411s][info][gc,phases      ] GC(480) Phase 2: Compute new object addresses 5.053ms
[17.412s][info][gc,phases,start] GC(480) Phase 3: Adjust pointers
[17.417s][info][gc,phases      ] GC(480) Phase 3: Adjust pointers 5.762ms
[17.417s][info][gc,phases,start] GC(480) Phase 4: Move objects
[17.420s][info][gc,phases      ] GC(480) Phase 4: Move objects 2.960ms
[17.421s][info][gc,heap        ] GC(480) DefNew: 157023K(157248K)->0K(157248K) Eden: 139776K(139776K)->0K(139776K) From: 17247K(17472K)->0K(17472K)
[17.421s][info][gc,heap        ] GC(480) Tenured: 337969K(349568K)->68089K(349568K)
[17.421s][info][gc,metaspace   ] GC(480) Metaspace: 30780K(31168K)->30780K(31168K) NonClass: 27531K(27712K)->27531K(27712K) Class: 3248K(3456K)->3248K(3456K)
[17.421s][info][gc             ] GC(480) Pause Full (Allocation Failure) 483M->66M(494M) 25.099ms
[17.421s][info][gc,cpu         ] GC(480) User=0.04s Sys=0.00s Real=0.02s
[17.441s][info][gc,start       ] GC(481) Pause Young (Allocation Failure)
[17.444s][info][gc,heap        ] GC(481) DefNew: 139690K(157248K)->17343K(157248K) Eden: 139690K(139776K)->0K(139776K) From: 0K(17472K)->17343K(17472K)
[17.444s][info][gc,heap        ] GC(481) Tenured: 68089K(349568K)->69627K(349568K)
[17.444s][info][gc,metaspace   ] GC(481) Metaspace: 30780K(31168K)->30780K(31168K) NonClass: 27531K(27712K)->27531K(27712K) Class: 3248K(3456K)->3248K(3456K)
[17.444s][info][gc             ] GC(481) Pause Young (Allocation Failure) 202M->84M(494M) 2.936ms
[17.444s][info][gc,cpu         ] GC(481) User=0.01s Sys=0.00s Real=0.01s
[17.463s][info][gc,start       ] GC(482) Pause Young (Allocation Failure)
[17.466s][info][gc,heap        ] GC(482) DefNew: 157119K(157248K)->16345K(157248K) Eden: 139776K(139776K)->0K(139776K) From: 17343K(17472K)->16345K(17472K)
[17.466s][info][gc,heap        ] GC(482) Tenured: 69627K(349568K)->72197K(349568K)
[17.466s][info][gc,metaspace   ] GC(482) Metaspace: 30780K(31168K)->30780K(31168K) NonClass: 27531K(27712K)->27531K(27712K) Class: 3248K(3456K)->3248K(3456K)
[17.466s][info][gc             ] GC(482) Pause Young (Allocation Failure) 221M->86M(494M) 3.031ms
[17.466s][info][gc,cpu         ] GC(482) User=0.01s Sys=0.00s Real=0.00s
[17.486s][info][gc,start       ] GC(483) Pause Young (Allocation Failure)
[17.488s][info][gc,heap        ] GC(483) DefNew: 155818K(157248K)->15269K(157248K) Eden: 139473K(139776K)->0K(139776K) From: 16345K(17472K)->15269K(17472K)
[17.488s][info][gc,heap        ] GC(483) Tenured: 72197K(349568K)->73258K(349568K)
[17.488s][info][gc,metaspace   ] GC(483) Metaspace: 30780K(31168K)->30780K(31168K) NonClass: 27531K(27712K)->27531K(27712K) Class: 3248K(3456K)->3248K(3456K)
[17.488s][info][gc             ] GC(483) Pause Young (Allocation Failure) 222M->86M(494M) 2.738ms
[17.488s][info][gc,cpu         ] GC(483) User=0.01s Sys=0.00s Real=0.00s
[17.509s][info][gc,start       ] GC(484) Pause Young (Allocation Failure)
[17.511s][info][gc,heap        ] GC(484) DefNew: 154711K(157248K)->13459K(157248K) Eden: 139442K(139776K)->0K(139776K) From: 15269K(17472K)->13459K(17472K)
[17.511s][info][gc,heap        ] GC(484) Tenured: 73258K(349568K)->74292K(349568K)
[17.511s][info][gc,metaspace   ] GC(484) Metaspace: 30780K(31168K)->30780K(31168K) NonClass: 27531K(27712K)->27531K(27712K) Class: 3248K(3456K)->3248K(3456K)
[17.511s][info][gc             ] GC(484) Pause Young (Allocation Failure) 222M->85M(494M) 2.808ms
[17.511s][info][gc,cpu         ] GC(484) User=0.01s Sys=0.00s Real=0.01s
[17.530s][info][gc,start       ] GC(485) Pause Young (Allocation Failure)
[17.532s][info][gc,heap        ] GC(485) DefNew: 152798K(157248K)->15511K(157248K) Eden: 139338K(139776K)->0K(139776K) From: 13459K(17472K)->15511K(17472K)
[17.532s][info][gc,heap        ] GC(485) Tenured: 74292K(349568K)->75835K(349568K)
[17.532s][info][gc,metaspace   ] GC(485) Metaspace: 30780K(31168K)->30780K(31168K) NonClass: 27531K(27712K)->27531K(27712K) Class: 3248K(3456K)->3248K(3456K)
[17.532s][info][gc             ] GC(485) Pause Young (Allocation Failure) 221M->89M(494M) 2.552ms
[17.532s][info][gc,cpu         ] GC(485) User=0.00s Sys=0.00s Real=0.01s
[17.551s][info][gc,start       ] GC(486) Pause Young (Allocation Failure)
[17.554s][info][gc,heap        ] GC(486) DefNew: 155182K(157248K)->17342K(157248K) Eden: 139670K(139776K)->0K(139776K) From: 15511K(17472K)->17342K(17472K)
[17.554s][info][gc,heap        ] GC(486) Tenured: 75835K(349568K)->78660K(349568K)
[17.554s][info][gc,metaspace   ] GC(486) Metaspace: 30780K(31168K)->30780K(31168K) NonClass: 27531K(27712K)->27531K(27712K) Class: 3248K(3456K)->3248K(3456K)
[17.554s][info][gc             ] GC(486) Pause Young (Allocation Failure) 225M->93M(494M) 3.274ms
[17.554s][info][gc,cpu         ] GC(486) User=0.01s Sys=0.00s Real=0.00s
[17.575s][info][gc,start       ] GC(487) Pause Young (Allocation Failure)
[17.578s][info][gc,heap        ] GC(487) DefNew: 156985K(157248K)->17340K(157248K) Eden: 139642K(139776K)->0K(139776K) From: 17342K(17472K)->17340K(17472K)
[17.578s][info][gc,heap        ] GC(487) Tenured: 78660K(349568K)->82802K(349568K)
[17.578s][info][gc,metaspace   ] GC(487) Metaspace: 30780K(31168K)->30780K(31168K) NonClass: 27531K(27712K)->27531K(27712K) Class: 3248K(3456K)->3248K(3456K)
[17.578s][info][gc             ] GC(487) Pause Young (Allocation Failure) 230M->97M(494M) 3.153ms
[17.578s][info][gc,cpu         ] GC(487) User=0.00s Sys=0.00s Real=0.00s
[17.596s][info][gc,start       ] GC(488) Pause Young (Allocation Failure)
[17.599s][info][gc,heap        ] GC(488) DefNew: 157116K(157248K)->17329K(157248K) Eden: 139776K(139776K)->0K(139776K) From: 17340K(17472K)->17329K(17472K)
[17.599s][info][gc,heap        ] GC(488) Tenured: 82802K(349568K)->87163K(349568K)
[17.599s][info][gc,metaspace   ] GC(488) Metaspace: 30782K(31168K)->30782K(31168K) NonClass: 27533K(27712K)->27533K(27712K) Class: 3248K(3456K)->3248K(3456K)
[17.599s][info][gc             ] GC(488) Pause Young (Allocation Failure) 234M->102M(494M) 3.016ms
[17.599s][info][gc,cpu         ] GC(488) User=0.01s Sys=0.00s Real=0.00s
[17.620s][info][gc,start       ] GC(489) Pause Young (Allocation Failure)
[17.623s][info][gc,heap        ] GC(489) DefNew: 157005K(157248K)->17385K(157248K) Eden: 139675K(139776K)->0K(139776K) From: 17329K(17472K)->17385K(17472K)
[17.623s][info][gc,heap        ] GC(489) Tenured: 87163K(349568K)->89473K(349568K)
[17.623s][info][gc,metaspace   ] GC(489) Metaspace: 30782K(31168K)->30782K(31168K) NonClass: 27533K(27712K)->27533K(27712K) Class: 3248K(3456K)->3248K(3456K)
[17.623s][info][gc             ] GC(489) Pause Young (Allocation Failure) 238M->104M(494M) 2.996ms
[17.623s][info][gc,cpu         ] GC(489) User=0.00s Sys=0.00s Real=0.01s
[17.642s][info][gc,start       ] GC(490) Pause Young (Allocation Failure)
[17.645s][info][gc,heap        ] GC(490) DefNew: 157090K(157248K)->17347K(157248K) Eden: 139705K(139776K)->0K(139776K) From: 17385K(17472K)->17347K(17472K)
[17.645s][info][gc,heap        ] GC(490) Tenured: 89473K(349568K)->92842K(349568K)
[17.645s][info][gc,metaspace   ] GC(490) Metaspace: 30782K(31168K)->30782K(31168K) NonClass: 27533K(27712K)->27533K(27712K) Class: 3248K(3456K)->3248K(3456K)
[17.645s][info][gc             ] GC(490) Pause Young (Allocation Failure) 240M->107M(494M) 2.906ms
[17.645s][info][gc,cpu         ] GC(490) User=0.01s Sys=0.00s Real=0.01s
[17.663s][info][gc,start       ] GC(491) Pause Young (Allocation Failure)
[17.666s][info][gc,heap        ] GC(491) DefNew: 157024K(157248K)->17080K(157248K) Eden: 139676K(139776K)->0K(139776K) From: 17347K(17472K)->17080K(17472K)
[17.666s][info][gc,heap        ] GC(491) Tenured: 92842K(349568K)->94647K(349568K)
[17.666s][info][gc,metaspace   ] GC(491) Metaspace: 30782K(31168K)->30782K(31168K) NonClass: 27533K(27712K)->27533K(27712K) Class: 3248K(3456K)->3248K(3456K)
[17.666s][info][gc             ] GC(491) Pause Young (Allocation Failure) 244M->109M(494M) 2.639ms
[17.666s][info][gc,cpu         ] GC(491) User=0.00s Sys=0.00s Real=0.00s
[17.687s][info][gc,start       ] GC(492) Pause Young (Allocation Failure)
[17.689s][info][gc,heap        ] GC(492) DefNew: 156785K(157248K)->12194K(157248K) Eden: 139705K(139776K)->0K(139776K) From: 17080K(17472K)->12194K(17472K)
[17.689s][info][gc,heap        ] GC(492) Tenured: 94647K(349568K)->95676K(349568K)
[17.689s][info][gc,metaspace   ] GC(492) Metaspace: 30782K(31168K)->30782K(31168K) NonClass: 27533K(27712K)->27533K(27712K) Class: 3248K(3456K)->3248K(3456K)
[17.689s][info][gc             ] GC(492) Pause Young (Allocation Failure) 245M->105M(494M) 2.372ms
[17.689s][info][gc,cpu         ] GC(492) User=0.00s Sys=0.00s Real=0.00s
[17.709s][info][gc,start       ] GC(493) Pause Young (Allocation Failure)
[17.712s][info][gc,heap        ] GC(493) DefNew: 151753K(157248K)->16846K(157248K) Eden: 139559K(139776K)->0K(139776K) From: 12194K(17472K)->16846K(17472K)
[17.712s][info][gc,heap        ] GC(493) Tenured: 95676K(349568K)->97218K(349568K)
[17.712s][info][gc,metaspace   ] GC(493) Metaspace: 30782K(31168K)->30782K(31168K) NonClass: 27533K(27712K)->27533K(27712K) Class: 3248K(3456K)->3248K(3456K)
[17.712s][info][gc             ] GC(493) Pause Young (Allocation Failure) 241M->111M(494M) 2.979ms
[17.712s][info][gc,cpu         ] GC(493) User=0.01s Sys=0.00s Real=0.01s
[17.730s][info][gc,start       ] GC(494) Pause Young (Allocation Failure)
[17.732s][info][gc,heap        ] GC(494) DefNew: 156540K(157248K)->16295K(157248K) Eden: 139693K(139776K)->0K(139776K) From: 16846K(17472K)->16295K(17472K)
[17.733s][info][gc,heap        ] GC(494) Tenured: 97218K(349568K)->99055K(349568K)
[17.733s][info][gc,metaspace   ] GC(494) Metaspace: 30782K(31168K)->30782K(31168K) NonClass: 27533K(27712K)->27533K(27712K) Class: 3248K(3456K)->3248K(3456K)
[17.733s][info][gc             ] GC(494) Pause Young (Allocation Failure) 247M->112M(494M) 2.667ms
[17.733s][info][gc,cpu         ] GC(494) User=0.01s Sys=0.00s Real=0.01s
[17.751s][info][gc,start       ] GC(495) Pause Young (Allocation Failure)
[17.753s][info][gc,heap        ] GC(495) DefNew: 156071K(157248K)->13452K(157248K) Eden: 139776K(139776K)->0K(139776K) From: 16295K(17472K)->13452K(17472K)
[17.753s][info][gc,heap        ] GC(495) Tenured: 99055K(349568K)->100084K(349568K)
[17.753s][info][gc,metaspace   ] GC(495) Metaspace: 30782K(31168K)->30782K(31168K) NonClass: 27533K(27712K)->27533K(27712K) Class: 3248K(3456K)->3248K(3456K)
[17.753s][info][gc             ] GC(495) Pause Young (Allocation Failure) 249M->110M(494M) 2.150ms
[17.753s][info][gc,cpu         ] GC(495) User=0.00s Sys=0.00s Real=0.00s
[17.774s][info][gc,start       ] GC(496) Pause Young (Allocation Failure)
[17.777s][info][gc,heap        ] GC(496) DefNew: 153073K(157248K)->16060K(157248K) Eden: 139620K(139776K)->0K(139776K) From: 13452K(17472K)->16060K(17472K)
[17.777s][info][gc,heap        ] GC(496) Tenured: 100084K(349568K)->100599K(349568K)
[17.777s][info][gc,metaspace   ] GC(496) Metaspace: 30782K(31168K)->30782K(31168K) NonClass: 27533K(27712K)->27533K(27712K) Class: 3248K(3456K)->3248K(3456K)
[17.777s][info][gc             ] GC(496) Pause Young (Allocation Failure) 247M->113M(494M) 2.383ms
[17.777s][info][gc,cpu         ] GC(496) User=0.00s Sys=0.00s Real=0.00s
[17.796s][info][gc,start       ] GC(497) Pause Young (Allocation Failure)
[17.798s][info][gc,heap        ] GC(497) DefNew: 155536K(157248K)->11382K(157248K) Eden: 139476K(139776K)->0K(139776K) From: 16060K(17472K)->11382K(17472K)
[17.798s][info][gc,heap        ] GC(497) Tenured: 100599K(349568K)->100637K(349568K)
[17.798s][info][gc,metaspace   ] GC(497) Metaspace: 30782K(31168K)->30782K(31168K) NonClass: 27533K(27712K)->27533K(27712K) Class: 3248K(3456K)->3248K(3456K)
[17.798s][info][gc             ] GC(497) Pause Young (Allocation Failure) 250M->109M(494M) 2.088ms
[17.798s][info][gc,cpu         ] GC(497) User=0.00s Sys=0.00s Real=0.00s
[17.818s][info][gc,start       ] GC(498) Pause Young (Allocation Failure)
[17.820s][info][gc,heap        ] GC(498) DefNew: 151120K(157248K)->11912K(157248K) Eden: 139738K(139776K)->0K(139776K) From: 11382K(17472K)->11912K(17472K)
[17.820s][info][gc,heap        ] GC(498) Tenured: 100637K(349568K)->100637K(349568K)
[17.820s][info][gc,metaspace   ] GC(498) Metaspace: 30782K(31168K)->30782K(31168K) NonClass: 27533K(27712K)->27533K(27712K) Class: 3248K(3456K)->3248K(3456K)
[17.820s][info][gc             ] GC(498) Pause Young (Allocation Failure) 245M->109M(494M) 2.196ms
[17.820s][info][gc,cpu         ] GC(498) User=0.01s Sys=0.00s Real=0.00s
[17.838s][info][gc,start       ] GC(499) Pause Young (Allocation Failure)
[17.840s][info][gc,heap        ] GC(499) DefNew: 151614K(157248K)->16837K(157248K) Eden: 139702K(139776K)->0K(139776K) From: 11912K(17472K)->16837K(17472K)
[17.841s][info][gc,heap        ] GC(499) Tenured: 100637K(349568K)->100637K(349568K)
[17.841s][info][gc,metaspace   ] GC(499) Metaspace: 30788K(31168K)->30788K(31168K) NonClass: 27540K(27712K)->27540K(27712K) Class: 3248K(3456K)->3248K(3456K)
[17.841s][info][gc             ] GC(499) Pause Young (Allocation Failure) 246M->114M(494M) 2.588ms
[17.841s][info][gc,cpu         ] GC(499) User=0.00s Sys=0.00s Real=0.00s
[17.860s][info][gc,start       ] GC(500) Pause Young (Allocation Failure)
[17.863s][info][gc,heap        ] GC(500) DefNew: 156574K(157248K)->16200K(157248K) Eden: 139736K(139776K)->0K(139776K) From: 16837K(17472K)->16200K(17472K)
[17.863s][info][gc,heap        ] GC(500) Tenured: 100637K(349568K)->101702K(349568K)
[17.863s][info][gc,metaspace   ] GC(500) Metaspace: 30788K(31168K)->30788K(31168K) NonClass: 27540K(27712K)->27540K(27712K) Class: 3248K(3456K)->3248K(3456K)
[17.863s][info][gc             ] GC(500) Pause Young (Allocation Failure) 251M->115M(494M) 2.576ms
[17.863s][info][gc,cpu         ] GC(500) User=0.00s Sys=0.00s Real=0.01s
[17.882s][info][gc,start       ] GC(501) Pause Young (Allocation Failure)
[17.885s][info][gc,heap        ] GC(501) DefNew: 155794K(157248K)->17228K(157248K) Eden: 139593K(139776K)->0K(139776K) From: 16200K(17472K)->17228K(17472K)
[17.885s][info][gc,heap        ] GC(501) Tenured: 101702K(349568K)->102987K(349568K)
[17.885s][info][gc,metaspace   ] GC(501) Metaspace: 30788K(31168K)->30788K(31168K) NonClass: 27540K(27712K)->27540K(27712K) Class: 3248K(3456K)->3248K(3456K)
[17.885s][info][gc             ] GC(501) Pause Young (Allocation Failure) 251M->117M(494M) 2.400ms
[17.885s][info][gc,cpu         ] GC(501) User=0.00s Sys=0.00s Real=0.00s
[17.904s][info][gc,start       ] GC(502) Pause Young (Allocation Failure)
[17.907s][info][gc,heap        ] GC(502) DefNew: 157004K(157248K)->17270K(157248K) Eden: 139775K(139776K)->0K(139776K) From: 17228K(17472K)->17270K(17472K)
[17.907s][info][gc,heap        ] GC(502) Tenured: 102987K(349568K)->104782K(349568K)
[17.907s][info][gc,metaspace   ] GC(502) Metaspace: 30788K(31168K)->30788K(31168K) NonClass: 27540K(27712K)->27540K(27712K) Class: 3248K(3456K)->3248K(3456K)
[17.907s][info][gc             ] GC(502) Pause Young (Allocation Failure) 253M->119M(494M) 2.775ms
[17.907s][info][gc,cpu         ] GC(502) User=0.01s Sys=0.00s Real=0.00s
[17.926s][info][gc,start       ] GC(503) Pause Young (Allocation Failure)
[17.930s][info][gc,heap        ] GC(503) DefNew: 156837K(157248K)->17373K(157248K) Eden: 139567K(139776K)->0K(139776K) From: 17270K(17472K)->17373K(17472K)
[17.930s][info][gc,heap        ] GC(503) Tenured: 104782K(349568K)->110714K(349568K)
[17.930s][info][gc,metaspace   ] GC(503) Metaspace: 30788K(31168K)->30788K(31168K) NonClass: 27540K(27712K)->27540K(27712K) Class: 3248K(3456K)->3248K(3456K)
[17.930s][info][gc             ] GC(503) Pause Young (Allocation Failure) 255M->125M(494M) 3.564ms
[17.930s][info][gc,cpu         ] GC(503) User=0.00s Sys=0.00s Real=0.00s
[17.951s][info][gc,start       ] GC(504) Pause Young (Allocation Failure)
[17.955s][info][gc,heap        ] GC(504) DefNew: 156178K(157248K)->17373K(157248K) Eden: 138805K(139776K)->0K(139776K) From: 17373K(17472K)->17373K(17472K)
[17.955s][info][gc,heap        ] GC(504) Tenured: 110714K(349568K)->116875K(349568K)
[17.955s][info][gc,metaspace   ] GC(504) Metaspace: 30788K(31168K)->30788K(31168K) NonClass: 27540K(27712K)->27540K(27712K) Class: 3248K(3456K)->3248K(3456K)
[17.955s][info][gc             ] GC(504) Pause Young (Allocation Failure) 260M->131M(494M) 4.584ms
[17.955s][info][gc,cpu         ] GC(504) User=0.01s Sys=0.00s Real=0.00s
[17.975s][info][gc,start       ] GC(505) Pause Young (GCLocker Initiated GC)
[17.979s][info][gc,heap        ] GC(505) DefNew: 157037K(157248K)->17472K(157248K) Eden: 139663K(139776K)->0K(139776K) From: 17373K(17472K)->17472K(17472K)
[17.979s][info][gc,heap        ] GC(505) Tenured: 117131K(349568K)->124324K(349568K)
[17.979s][info][gc,metaspace   ] GC(505) Metaspace: 30789K(31168K)->30789K(31168K) NonClass: 27540K(27712K)->27540K(27712K) Class: 3248K(3456K)->3248K(3456K)
[17.979s][info][gc             ] GC(505) Pause Young (GCLocker Initiated GC) 267M->138M(494M) 3.554ms
[17.979s][info][gc,cpu         ] GC(505) User=0.01s Sys=0.00s Real=0.00s
[17.996s][info][gc,start       ] GC(506) Pause Young (Allocation Failure)
[18.000s][info][gc,heap        ] GC(506) DefNew: 156991K(157248K)->17336K(157248K) Eden: 139519K(139776K)->0K(139776K) From: 17472K(17472K)->17336K(17472K)
[18.000s][info][gc,heap        ] GC(506) Tenured: 124324K(349568K)->136926K(349568K)
[18.000s][info][gc,metaspace   ] GC(506) Metaspace: 30789K(31168K)->30789K(31168K) NonClass: 27541K(27712K)->27541K(27712K) Class: 3248K(3456K)->3248K(3456K)
[18.000s][info][gc             ] GC(506) Pause Young (Allocation Failure) 274M->150M(494M) 3.822ms
[18.000s][info][gc,cpu         ] GC(506) User=0.01s Sys=0.00s Real=0.00s
[18.019s][info][gc,start       ] GC(507) Pause Young (Allocation Failure)
[18.022s][info][gc,heap        ] GC(507) DefNew: 156958K(157248K)->17331K(157248K) Eden: 139621K(139776K)->0K(139776K) From: 17336K(17472K)->17331K(17472K)
[18.022s][info][gc,heap        ] GC(507) Tenured: 136926K(349568K)->145399K(349568K)
[18.022s][info][gc,metaspace   ] GC(507) Metaspace: 30789K(31168K)->30789K(31168K) NonClass: 27541K(27712K)->27541K(27712K) Class: 3248K(3456K)->3248K(3456K)
[18.022s][info][gc             ] GC(507) Pause Young (Allocation Failure) 286M->158M(494M) 3.516ms
[18.022s][info][gc,cpu         ] GC(507) User=0.01s Sys=0.00s Real=0.01s
[18.041s][info][gc,start       ] GC(508) Pause Young (Allocation Failure)
[18.045s][info][gc,heap        ] GC(508) DefNew: 157107K(157248K)->17381K(157248K) Eden: 139776K(139776K)->0K(139776K) From: 17331K(17472K)->17381K(17472K)
[18.045s][info][gc,heap        ] GC(508) Tenured: 145399K(349568K)->155920K(349568K)
[18.045s][info][gc,metaspace   ] GC(508) Metaspace: 30792K(31168K)->30792K(31168K) NonClass: 27544K(27712K)->27544K(27712K) Class: 3248K(3456K)->3248K(3456K)
[18.045s][info][gc             ] GC(508) Pause Young (Allocation Failure) 295M->169M(494M) 4.027ms
[18.045s][info][gc,cpu         ] GC(508) User=0.01s Sys=0.00s Real=0.01s
[18.052s][info][gc,start       ] GC(509) Pause Young (Allocation Failure)
[18.057s][info][gc,heap        ] GC(509) DefNew: 157005K(157248K)->17288K(157248K) Eden: 139623K(139776K)->0K(139776K) From: 17381K(17472K)->17288K(17472K)
[18.057s][info][gc,heap        ] GC(509) Tenured: 155920K(349568K)->172741K(349568K)
[18.057s][info][gc,metaspace   ] GC(509) Metaspace: 30792K(31168K)->30792K(31168K) NonClass: 27544K(27712K)->27544K(27712K) Class: 3248K(3456K)->3248K(3456K)
[18.057s][info][gc             ] GC(509) Pause Young (Allocation Failure) 305M->185M(494M) 4.598ms
[18.057s][info][gc,cpu         ] GC(509) User=0.00s Sys=0.00s Real=0.00s
[18.064s][info][gc,start       ] GC(510) Pause Young (Allocation Failure)
[18.069s][info][gc,heap        ] GC(510) DefNew: 156968K(157248K)->17341K(157248K) Eden: 139680K(139776K)->0K(139776K) From: 17288K(17472K)->17341K(17472K)
[18.069s][info][gc,heap        ] GC(510) Tenured: 172741K(349568K)->189730K(349568K)
[18.069s][info][gc,metaspace   ] GC(510) Metaspace: 30792K(31168K)->30792K(31168K) NonClass: 27544K(27712K)->27544K(27712K) Class: 3248K(3456K)->3248K(3456K)
[18.069s][info][gc             ] GC(510) Pause Young (Allocation Failure) 321M->202M(494M) 4.662ms
[18.069s][info][gc,cpu         ] GC(510) User=0.00s Sys=0.00s Real=0.00s
[18.076s][info][gc,start       ] GC(511) Pause Young (Allocation Failure)
[18.080s][info][gc,heap        ] GC(511) DefNew: 157117K(157248K)->17290K(157248K) Eden: 139776K(139776K)->0K(139776K) From: 17341K(17472K)->17290K(17472K)
[18.080s][info][gc,heap        ] GC(511) Tenured: 189730K(349568K)->207802K(349568K)
[18.081s][info][gc,metaspace   ] GC(511) Metaspace: 30792K(31168K)->30792K(31168K) NonClass: 27544K(27712K)->27544K(27712K) Class: 3248K(3456K)->3248K(3456K)
[18.081s][info][gc             ] GC(511) Pause Young (Allocation Failure) 338M->219M(494M) 4.627ms
[18.081s][info][gc,cpu         ] GC(511) User=0.01s Sys=0.00s Real=0.00s
[18.089s][info][gc,start       ] GC(512) Pause Young (Allocation Failure)
[18.095s][info][gc,heap        ] GC(512) DefNew: 156903K(157248K)->17471K(157248K) Eden: 139612K(139776K)->0K(139776K) From: 17290K(17472K)->17471K(17472K)
[18.095s][info][gc,heap        ] GC(512) Tenured: 208314K(349568K)->227671K(349568K)
[18.095s][info][gc,metaspace   ] GC(512) Metaspace: 30793K(31168K)->30793K(31168K) NonClass: 27545K(27712K)->27545K(27712K) Class: 3248K(3456K)->3248K(3456K)
[18.095s][info][gc             ] GC(512) Pause Young (Allocation Failure) 356M->239M(494M) 5.609ms
[18.095s][info][gc,cpu         ] GC(512) User=0.01s Sys=0.00s Real=0.01s
[18.103s][info][gc,start       ] GC(513) Pause Young (Allocation Failure)
[18.108s][info][gc,heap        ] GC(513) DefNew: 157247K(157248K)->17412K(157248K) Eden: 139776K(139776K)->0K(139776K) From: 17471K(17472K)->17412K(17472K)
[18.108s][info][gc,heap        ] GC(513) Tenured: 228183K(349568K)->247679K(349568K)
[18.108s][info][gc,metaspace   ] GC(513) Metaspace: 30793K(31168K)->30793K(31168K) NonClass: 27545K(27712K)->27545K(27712K) Class: 3248K(3456K)->3248K(3456K)
[18.108s][info][gc             ] GC(513) Pause Young (Allocation Failure) 376M->258M(494M) 5.208ms
[18.109s][info][gc,cpu         ] GC(513) User=0.01s Sys=0.00s Real=0.00s
[18.117s][info][gc,start       ] GC(514) Pause Young (Allocation Failure)
[18.122s][info][gc,heap        ] GC(514) DefNew: 156984K(157248K)->17472K(157248K) Eden: 139572K(139776K)->0K(139776K) From: 17412K(17472K)->17472K(17472K)
[18.122s][info][gc,heap        ] GC(514) Tenured: 247679K(349568K)->268153K(349568K)
[18.122s][info][gc,metaspace   ] GC(514) Metaspace: 30793K(31168K)->30793K(31168K) NonClass: 27545K(27712K)->27545K(27712K) Class: 3248K(3456K)->3248K(3456K)
[18.122s][info][gc             ] GC(514) Pause Young (Allocation Failure) 395M->278M(494M) 5.173ms
[18.122s][info][gc,cpu         ] GC(514) User=0.01s Sys=0.00s Real=0.01s
[18.130s][info][gc,start       ] GC(515) Pause Young (Allocation Failure)
[18.137s][info][gc,heap        ] GC(515) DefNew: 157248K(157248K)->17337K(157248K) Eden: 139776K(139776K)->0K(139776K) From: 17472K(17472K)->17337K(17472K)
[18.137s][info][gc,heap        ] GC(515) Tenured: 268153K(349568K)->288768K(349568K)
[18.137s][info][gc,metaspace   ] GC(515) Metaspace: 30793K(31168K)->30793K(31168K) NonClass: 27545K(27712K)->27545K(27712K) Class: 3248K(3456K)->3248K(3456K)
[18.137s][info][gc             ] GC(515) Pause Young (Allocation Failure) 415M->298M(494M) 7.202ms
[18.137s][info][gc,cpu         ] GC(515) User=0.01s Sys=0.00s Real=0.01s
[18.144s][info][gc,start       ] GC(516) Pause Young (Allocation Failure)
[18.149s][info][gc,heap        ] GC(516) DefNew: 157113K(157248K)->17305K(157248K) Eden: 139776K(139776K)->0K(139776K) From: 17337K(17472K)->17305K(17472K)
[18.149s][info][gc,heap        ] GC(516) Tenured: 288768K(349568K)->308638K(349568K)
[18.149s][info][gc,metaspace   ] GC(516) Metaspace: 30793K(31168K)->30793K(31168K) NonClass: 27545K(27712K)->27545K(27712K) Class: 3248K(3456K)->3248K(3456K)
[18.149s][info][gc             ] GC(516) Pause Young (Allocation Failure) 435M->318M(494M) 4.750ms
[18.149s][info][gc,cpu         ] GC(516) User=0.01s Sys=0.00s Real=0.00s
[18.156s][info][gc,start       ] GC(517) Pause Young (Allocation Failure)
[18.161s][info][gc,heap        ] GC(517) DefNew: 157081K(157248K)->17340K(157248K) Eden: 139776K(139776K)->0K(139776K) From: 17305K(17472K)->17340K(17472K)
[18.161s][info][gc,heap        ] GC(517) Tenured: 308894K(349568K)->329243K(349568K)
[18.161s][info][gc,metaspace   ] GC(517) Metaspace: 30793K(31168K)->30793K(31168K) NonClass: 27545K(27712K)->27545K(27712K) Class: 3248K(3456K)->3248K(3456K)
[18.161s][info][gc             ] GC(517) Pause Young (Allocation Failure) 455M->338M(494M) 4.828ms
[18.161s][info][gc,cpu         ] GC(517) User=0.01s Sys=0.00s Real=0.00s
[18.168s][info][gc,start       ] GC(518) Pause Young (Allocation Failure)
[18.168s][info][gc             ] GC(518) Pause Young (Allocation Failure) 474M->474M(494M) 0.069ms
[18.168s][info][gc,cpu         ] GC(518) User=0.00s Sys=0.00s Real=0.00s
[18.168s][info][gc,start       ] GC(519) Pause Full (Allocation Failure)
[18.168s][info][gc,phases,start] GC(519) Phase 1: Mark live objects
[18.176s][info][gc,phases      ] GC(519) Phase 1: Mark live objects 7.962ms
[18.176s][info][gc,phases,start] GC(519) Phase 2: Compute new object addresses
[18.180s][info][gc,phases      ] GC(519) Phase 2: Compute new object addresses 4.613ms
[18.180s][info][gc,phases,start] GC(519) Phase 3: Adjust pointers
[18.186s][info][gc,phases      ] GC(519) Phase 3: Adjust pointers 5.135ms
[18.186s][info][gc,phases,start] GC(519) Phase 4: Move objects
[18.197s][info][gc,phases      ] GC(519) Phase 4: Move objects 11.310ms
[18.197s][info][gc,heap        ] GC(519) DefNew: 157116K(157248K)->0K(157248K) Eden: 139776K(139776K)->0K(139776K) From: 17340K(17472K)->0K(17472K)
[18.197s][info][gc,heap        ] GC(519) Tenured: 329243K(349568K)->163005K(349568K)
[18.197s][info][gc,metaspace   ] GC(519) Metaspace: 30793K(31168K)->30793K(31168K) NonClass: 27545K(27712K)->27545K(27712K) Class: 3248K(3456K)->3248K(3456K)
[18.197s][info][gc             ] GC(519) Pause Full (Allocation Failure) 474M->159M(494M) 29.392ms
[18.197s][info][gc,cpu         ] GC(519) User=0.03s Sys=0.00s Real=0.03s
[18.203s][info][gc,start       ] GC(520) Pause Young (Allocation Failure)
[18.207s][info][gc,heap        ] GC(520) DefNew: 139703K(157248K)->17270K(157248K) Eden: 139703K(139776K)->0K(139776K) From: 0K(17472K)->17270K(17472K)
[18.207s][info][gc,heap        ] GC(520) Tenured: 163005K(349568K)->172997K(349568K)
[18.207s][info][gc,metaspace   ] GC(520) Metaspace: 30793K(31168K)->30793K(31168K) NonClass: 27545K(27712K)->27545K(27712K) Class: 3248K(3456K)->3248K(3456K)
[18.207s][info][gc             ] GC(520) Pause Young (Allocation Failure) 295M->185M(494M) 3.490ms
[18.207s][info][gc,cpu         ] GC(520) User=0.01s Sys=0.00s Real=0.00s
[18.213s][info][gc,start       ] GC(521) Pause Young (Allocation Failure)
[18.218s][info][gc,heap        ] GC(521) DefNew: 156865K(157248K)->17332K(157248K) Eden: 139595K(139776K)->0K(139776K) From: 17270K(17472K)->17332K(17472K)
[18.218s][info][gc,heap        ] GC(521) Tenured: 172997K(349568K)->193060K(349568K)
[18.218s][info][gc,metaspace   ] GC(521) Metaspace: 30793K(31168K)->30793K(31168K) NonClass: 27545K(27712K)->27545K(27712K) Class: 3248K(3456K)->3248K(3456K)
[18.218s][info][gc             ] GC(521) Pause Young (Allocation Failure) 322M->205M(494M) 4.956ms
[18.218s][info][gc,cpu         ] GC(521) User=0.01s Sys=0.00s Real=0.00s
[18.225s][info][gc,start       ] GC(522) Pause Young (Allocation Failure)
[18.229s][info][gc,heap        ] GC(522) DefNew: 157108K(157248K)->17292K(157248K) Eden: 139776K(139776K)->0K(139776K) From: 17332K(17472K)->17292K(17472K)
[18.229s][info][gc,heap        ] GC(522) Tenured: 193060K(349568K)->213188K(349568K)
[18.229s][info][gc,metaspace   ] GC(522) Metaspace: 30796K(31168K)->30796K(31168K) NonClass: 27548K(27712K)->27548K(27712K) Class: 3248K(3456K)->3248K(3456K)
[18.229s][info][gc             ] GC(522) Pause Young (Allocation Failure) 341M->225M(494M) 4.922ms
[18.229s][info][gc,cpu         ] GC(522) User=0.00s Sys=0.00s Real=0.00s
[18.236s][info][gc,start       ] GC(523) Pause Young (Allocation Failure)
[18.241s][info][gc,heap        ] GC(523) DefNew: 157068K(157248K)->17471K(157248K) Eden: 139776K(139776K)->0K(139776K) From: 17292K(17472K)->17471K(17472K)
[18.241s][info][gc,heap        ] GC(523) Tenured: 213188K(349568K)->233331K(349568K)
[18.241s][info][gc,metaspace   ] GC(523) Metaspace: 30796K(31168K)->30796K(31168K) NonClass: 27548K(27712K)->27548K(27712K) Class: 3248K(3456K)->3248K(3456K)
[18.241s][info][gc             ] GC(523) Pause Young (Allocation Failure) 361M->244M(494M) 5.347ms
[18.241s][info][gc,cpu         ] GC(523) User=0.01s Sys=0.00s Real=0.00s
[18.250s][info][gc,start       ] GC(524) Pause Young (Allocation Failure)
[18.256s][info][gc,heap        ] GC(524) DefNew: 157247K(157248K)->17440K(157248K) Eden: 139776K(139776K)->0K(139776K) From: 17471K(17472K)->17440K(17472K)
[18.256s][info][gc,heap        ] GC(524) Tenured: 233331K(349568K)->254375K(349568K)
[18.256s][info][gc,metaspace   ] GC(524) Metaspace: 30799K(31168K)->30799K(31168K) NonClass: 27550K(27712K)->27550K(27712K) Class: 3248K(3456K)->3248K(3456K)
[18.256s][info][gc             ] GC(524) Pause Young (Allocation Failure) 381M->265M(494M) 5.660ms
[18.256s][info][gc,cpu         ] GC(524) User=0.01s Sys=0.00s Real=0.01s
[18.264s][info][gc,start       ] GC(525) Pause Young (Allocation Failure)
[18.270s][info][gc,heap        ] GC(525) DefNew: 156993K(157248K)->17263K(157248K) Eden: 139552K(139776K)->0K(139776K) From: 17440K(17472K)->17263K(17472K)
[18.270s][info][gc,heap        ] GC(525) Tenured: 254375K(349568K)->273945K(349568K)
[18.270s][info][gc,metaspace   ] GC(525) Metaspace: 30799K(31168K)->30799K(31168K) NonClass: 27550K(27712K)->27550K(27712K) Class: 3248K(3456K)->3248K(3456K)
[18.270s][info][gc             ] GC(525) Pause Young (Allocation Failure) 401M->284M(494M) 5.580ms
[18.270s][info][gc,cpu         ] GC(525) User=0.01s Sys=0.00s Real=0.00s
[18.278s][info][gc,start       ] GC(526) Pause Young (Allocation Failure)
[18.284s][info][gc,heap        ] GC(526) DefNew: 157039K(157248K)->17346K(157248K) Eden: 139776K(139776K)->0K(139776K) From: 17263K(17472K)->17346K(17472K)
[18.284s][info][gc,heap        ] GC(526) Tenured: 273945K(349568K)->294515K(349568K)
[18.285s][info][gc,metaspace   ] GC(526) Metaspace: 30802K(31168K)->30802K(31168K) NonClass: 27554K(27712K)->27554K(27712K) Class: 3248K(3456K)->3248K(3456K)
[18.285s][info][gc             ] GC(526) Pause Young (Allocation Failure) 420M->304M(494M) 6.762ms
[18.285s][info][gc,cpu         ] GC(526) User=0.01s Sys=0.00s Real=0.01s
[18.292s][info][gc,start       ] GC(527) Pause Young (Allocation Failure)
[18.296s][info][gc,heap        ] GC(527) DefNew: 157093K(157248K)->17297K(157248K) Eden: 139747K(139776K)->0K(139776K) From: 17346K(17472K)->17297K(17472K)
[18.296s][info][gc,heap        ] GC(527) Tenured: 294515K(349568K)->316182K(349568K)
[18.296s][info][gc,metaspace   ] GC(527) Metaspace: 30802K(31168K)->30802K(31168K) NonClass: 27554K(27712K)->27554K(27712K) Class: 3248K(3456K)->3248K(3456K)
[18.296s][info][gc             ] GC(527) Pause Young (Allocation Failure) 441M->325M(494M) 4.786ms
[18.296s][info][gc,cpu         ] GC(527) User=0.00s Sys=0.00s Real=0.00s
[18.303s][info][gc,start       ] GC(528) Pause Young (Allocation Failure)
[18.303s][info][gc             ] GC(528) Pause Young (Allocation Failure) 462M->462M(494M) 0.066ms
[18.303s][info][gc,cpu         ] GC(528) User=0.00s Sys=0.00s Real=0.00s
[18.303s][info][gc,start       ] GC(529) Pause Full (Allocation Failure)
[18.303s][info][gc,phases,start] GC(529) Phase 1: Mark live objects
[18.311s][info][gc,phases      ] GC(529) Phase 1: Mark live objects 8.306ms
[18.311s][info][gc,phases,start] GC(529) Phase 2: Compute new object addresses
[18.316s][info][gc,phases      ] GC(529) Phase 2: Compute new object addresses 4.821ms
[18.316s][info][gc,phases,start] GC(529) Phase 3: Adjust pointers
[18.322s][info][gc,phases      ] GC(529) Phase 3: Adjust pointers 5.651ms
[18.322s][info][gc,phases,start] GC(529) Phase 4: Move objects
[18.339s][info][gc,phases      ] GC(529) Phase 4: Move objects 17.050ms
[18.339s][info][gc,heap        ] GC(529) DefNew: 157073K(157248K)->0K(157248K) Eden: 139776K(139776K)->0K(139776K) From: 17297K(17472K)->0K(17472K)
[18.339s][info][gc,heap        ] GC(529) Tenured: 316182K(349568K)->238764K(349568K)
[18.339s][info][gc,metaspace   ] GC(529) Metaspace: 30804K(31168K)->30804K(31168K) NonClass: 27556K(27712K)->27556K(27712K) Class: 3248K(3456K)->3248K(3456K)
[18.339s][info][gc             ] GC(529) Pause Full (Allocation Failure) 462M->233M(494M) 36.169ms
[18.339s][info][gc,cpu         ] GC(529) User=0.04s Sys=0.00s Real=0.03s
[18.345s][info][gc,start       ] GC(530) Pause Young (Allocation Failure)
[18.349s][info][gc,heap        ] GC(530) DefNew: 139564K(157248K)->17318K(157248K) Eden: 139564K(139776K)->0K(139776K) From: 0K(17472K)->17318K(17472K)
[18.349s][info][gc,heap        ] GC(530) Tenured: 238764K(349568K)->249012K(349568K)
[18.349s][info][gc,metaspace   ] GC(530) Metaspace: 30804K(31168K)->30804K(31168K) NonClass: 27556K(27712K)->27556K(27712K) Class: 3248K(3456K)->3248K(3456K)
[18.349s][info][gc             ] GC(530) Pause Young (Allocation Failure) 369M->260M(494M) 3.904ms
[18.349s][info][gc,cpu         ] GC(530) User=0.01s Sys=0.00s Real=0.00s
[18.355s][info][gc,start       ] GC(531) Pause Young (Allocation Failure)
[18.360s][info][gc,heap        ] GC(531) DefNew: 156916K(157248K)->17287K(157248K) Eden: 139598K(139776K)->0K(139776K) From: 17318K(17472K)->17287K(17472K)
[18.360s][info][gc,heap        ] GC(531) Tenured: 249012K(349568K)->269623K(349568K)
[18.360s][info][gc,metaspace   ] GC(531) Metaspace: 30804K(31168K)->30804K(31168K) NonClass: 27556K(27712K)->27556K(27712K) Class: 3248K(3456K)->3248K(3456K)
[18.360s][info][gc             ] GC(531) Pause Young (Allocation Failure) 396M->280M(494M) 5.266ms
[18.360s][info][gc,cpu         ] GC(531) User=0.00s Sys=0.01s Real=0.00s
[18.367s][info][gc,start       ] GC(532) Pause Young (Allocation Failure)
[18.373s][info][gc,heap        ] GC(532) DefNew: 157063K(157248K)->17381K(157248K) Eden: 139776K(139776K)->0K(139776K) From: 17287K(17472K)->17381K(17472K)
[18.373s][info][gc,heap        ] GC(532) Tenured: 269623K(349568K)->289956K(349568K)
[18.373s][info][gc,metaspace   ] GC(532) Metaspace: 30823K(31232K)->30823K(31232K) NonClass: 27575K(27776K)->27575K(27776K) Class: 3248K(3456K)->3248K(3456K)
[18.373s][info][gc             ] GC(532) Pause Young (Allocation Failure) 416M->300M(494M) 5.519ms
[18.373s][info][gc,cpu         ] GC(532) User=0.01s Sys=0.00s Real=0.01s
[18.380s][info][gc,start       ] GC(533) Pause Young (Allocation Failure)
[18.385s][info][gc,heap        ] GC(533) DefNew: 157157K(157248K)->17308K(157248K) Eden: 139776K(139776K)->0K(139776K) From: 17381K(17472K)->17308K(17472K)
[18.385s][info][gc,heap        ] GC(533) Tenured: 289956K(349568K)->309865K(349568K)
[18.385s][info][gc,metaspace   ] GC(533) Metaspace: 30823K(31232K)->30823K(31232K) NonClass: 27575K(27776K)->27575K(27776K) Class: 3248K(3456K)->3248K(3456K)
[18.385s][info][gc             ] GC(533) Pause Young (Allocation Failure) 436M->319M(494M) 5.389ms
[18.385s][info][gc,cpu         ] GC(533) User=0.00s Sys=0.00s Real=0.01s
[18.395s][info][gc,start       ] GC(534) Pause Young (Allocation Failure)
[18.400s][info][gc,heap        ] GC(534) DefNew: 156934K(157248K)->17348K(157248K) Eden: 139626K(139776K)->0K(139776K) From: 17308K(17472K)->17348K(17472K)
[18.401s][info][gc,heap        ] GC(534) Tenured: 309865K(349568K)->330980K(349568K)
[18.401s][info][gc,metaspace   ] GC(534) Metaspace: 30823K(31232K)->30823K(31232K) NonClass: 27575K(27776K)->27575K(27776K) Class: 3248K(3456K)->3248K(3456K)
[18.401s][info][gc             ] GC(534) Pause Young (Allocation Failure) 455M->340M(494M) 5.875ms
[18.401s][info][gc,cpu         ] GC(534) User=0.01s Sys=0.00s Real=0.00s
[18.408s][info][gc,start       ] GC(535) Pause Young (Allocation Failure)
[18.408s][info][gc             ] GC(535) Pause Young (Allocation Failure) 476M->476M(494M) 0.075ms
[18.408s][info][gc,cpu         ] GC(535) User=0.00s Sys=0.00s Real=0.00s
[18.408s][info][gc,start       ] GC(536) Pause Full (Allocation Failure)
[18.408s][info][gc,phases,start] GC(536) Phase 1: Mark live objects
[18.417s][info][gc,phases      ] GC(536) Phase 1: Mark live objects 9.037ms
[18.417s][info][gc,phases,start] GC(536) Phase 2: Compute new object addresses
[18.422s][info][gc,phases      ] GC(536) Phase 2: Compute new object addresses 5.104ms
[18.422s][info][gc,phases,start] GC(536) Phase 3: Adjust pointers
[18.428s][info][gc,phases      ] GC(536) Phase 3: Adjust pointers 6.110ms
[18.428s][info][gc,phases,start] GC(536) Phase 4: Move objects
[18.452s][info][gc,phases      ] GC(536) Phase 4: Move objects 24.147ms
[18.452s][info][gc,heap        ] GC(536) DefNew: 156882K(157248K)->0K(157248K) Eden: 139533K(139776K)->0K(139776K) From: 17348K(17472K)->0K(17472K)
[18.452s][info][gc,heap        ] GC(536) Tenured: 330980K(349568K)->272678K(349568K)
[18.452s][info][gc,metaspace   ] GC(536) Metaspace: 30823K(31232K)->30823K(31232K) NonClass: 27575K(27776K)->27575K(27776K) Class: 3248K(3456K)->3248K(3456K)
[18.452s][info][gc             ] GC(536) Pause Full (Allocation Failure) 476M->266M(494M) 44.754ms
[18.452s][info][gc,cpu         ] GC(536) User=0.05s Sys=0.00s Real=0.05s
[18.458s][info][gc,start       ] GC(537) Pause Young (Allocation Failure)
[18.462s][info][gc,heap        ] GC(537) DefNew: 139775K(157248K)->17333K(157248K) Eden: 139775K(139776K)->0K(139776K) From: 0K(17472K)->17333K(17472K)
[18.462s][info][gc,heap        ] GC(537) Tenured: 272678K(349568K)->284207K(349568K)
[18.462s][info][gc,metaspace   ] GC(537) Metaspace: 30823K(31232K)->30823K(31232K) NonClass: 27575K(27776K)->27575K(27776K) Class: 3248K(3456K)->3248K(3456K)
[18.462s][info][gc             ] GC(537) Pause Young (Allocation Failure) 402M->294M(494M) 3.743ms
[18.462s][info][gc,cpu         ] GC(537) User=0.01s Sys=0.00s Real=0.00s
[18.468s][info][gc,start       ] GC(538) Pause Young (Allocation Failure)
[18.473s][info][gc,heap        ] GC(538) DefNew: 157109K(157248K)->17352K(157248K) Eden: 139776K(139776K)->0K(139776K) From: 17333K(17472K)->17352K(17472K)
[18.473s][info][gc,heap        ] GC(538) Tenured: 284207K(349568K)->304795K(349568K)
[18.473s][info][gc,metaspace   ] GC(538) Metaspace: 30823K(31232K)->30823K(31232K) NonClass: 27575K(27776K)->27575K(27776K) Class: 3248K(3456K)->3248K(3456K)
[18.473s][info][gc             ] GC(538) Pause Young (Allocation Failure) 430M->314M(494M) 4.880ms
[18.473s][info][gc,cpu         ] GC(538) User=0.00s Sys=0.00s Real=0.01s
[18.479s][info][gc,start       ] GC(539) Pause Young (Allocation Failure)
[18.484s][info][gc,heap        ] GC(539) DefNew: 156958K(157248K)->17292K(157248K) Eden: 139606K(139776K)->0K(139776K) From: 17352K(17472K)->17292K(17472K)
[18.484s][info][gc,heap        ] GC(539) Tenured: 304795K(349568K)->324935K(349568K)
[18.484s][info][gc,metaspace   ] GC(539) Metaspace: 30823K(31232K)->30823K(31232K) NonClass: 27575K(27776K)->27575K(27776K) Class: 3248K(3456K)->3248K(3456K)
[18.484s][info][gc             ] GC(539) Pause Young (Allocation Failure) 450M->334M(494M) 4.696ms
[18.484s][info][gc,cpu         ] GC(539) User=0.00s Sys=0.00s Real=0.01s
[18.490s][info][gc,start       ] GC(540) Pause Young (Allocation Failure)
[18.490s][info][gc             ] GC(540) Pause Young (Allocation Failure) 470M->470M(494M) 0.052ms
[18.490s][info][gc,cpu         ] GC(540) User=0.00s Sys=0.00s Real=0.00s
[18.490s][info][gc,start       ] GC(541) Pause Full (Allocation Failure)
[18.490s][info][gc,phases,start] GC(541) Phase 1: Mark live objects
[18.499s][info][gc,phases      ] GC(541) Phase 1: Mark live objects 9.180ms
[18.499s][info][gc,phases,start] GC(541) Phase 2: Compute new object addresses
[18.504s][info][gc,phases      ] GC(541) Phase 2: Compute new object addresses 4.804ms
[18.504s][info][gc,phases,start] GC(541) Phase 3: Adjust pointers
[18.510s][info][gc,phases      ] GC(541) Phase 3: Adjust pointers 5.932ms
[18.510s][info][gc,phases,start] GC(541) Phase 4: Move objects
[18.534s][info][gc,phases      ] GC(541) Phase 4: Move objects 23.543ms
[18.534s][info][gc,heap        ] GC(541) DefNew: 157068K(157248K)->0K(157248K) Eden: 139776K(139776K)->0K(139776K) From: 17292K(17472K)->0K(17472K)
[18.534s][info][gc,heap        ] GC(541) Tenured: 325192K(349568K)->315032K(349568K)
[18.534s][info][gc,metaspace   ] GC(541) Metaspace: 30823K(31232K)->30823K(31232K) NonClass: 27575K(27776K)->27575K(27776K) Class: 3248K(3456K)->3248K(3456K)
[18.534s][info][gc             ] GC(541) Pause Full (Allocation Failure) 470M->307M(494M) 43.849ms
[18.534s][info][gc,cpu         ] GC(541) User=0.04s Sys=0.00s Real=0.04s
[18.541s][info][gc,start       ] GC(542) Pause Young (Allocation Failure)
[18.545s][info][gc,heap        ] GC(542) DefNew: 139776K(157248K)->17296K(157248K) Eden: 139776K(139776K)->0K(139776K) From: 0K(17472K)->17296K(17472K)
[18.545s][info][gc,heap        ] GC(542) Tenured: 315032K(349568K)->328610K(349568K)
[18.545s][info][gc,metaspace   ] GC(542) Metaspace: 30823K(31232K)->30823K(31232K) NonClass: 27575K(27776K)->27575K(27776K) Class: 3248K(3456K)->3248K(3456K)
[18.545s][info][gc             ] GC(542) Pause Young (Allocation Failure) 444M->337M(494M) 4.268ms
[18.545s][info][gc,cpu         ] GC(542) User=0.01s Sys=0.00s Real=0.01s
[18.552s][info][gc,start       ] GC(543) Pause Young (Allocation Failure)
[18.552s][info][gc             ] GC(543) Pause Young (Allocation Failure) 474M->474M(494M) 0.071ms
[18.552s][info][gc,cpu         ] GC(543) User=0.00s Sys=0.00s Real=0.00s
[18.552s][info][gc,start       ] GC(544) Pause Full (Allocation Failure)
[18.552s][info][gc,phases,start] GC(544) Phase 1: Mark live objects
[18.560s][info][gc,phases      ] GC(544) Phase 1: Mark live objects 8.684ms
[18.561s][info][gc,phases,start] GC(544) Phase 2: Compute new object addresses
[18.565s][info][gc,phases      ] GC(544) Phase 2: Compute new object addresses 4.673ms
[18.565s][info][gc,phases,start] GC(544) Phase 3: Adjust pointers
[18.571s][info][gc,phases      ] GC(544) Phase 3: Adjust pointers 5.931ms
[18.571s][info][gc,phases,start] GC(544) Phase 4: Move objects
[18.597s][info][gc,phases      ] GC(544) Phase 4: Move objects 26.055ms
[18.598s][info][gc,heap        ] GC(544) DefNew: 157071K(157248K)->0K(157248K) Eden: 139775K(139776K)->0K(139776K) From: 17296K(17472K)->0K(17472K)
[18.598s][info][gc,heap        ] GC(544) Tenured: 328610K(349568K)->327838K(349568K)
[18.598s][info][gc,metaspace   ] GC(544) Metaspace: 30824K(31232K)->30824K(31232K) NonClass: 27576K(27776K)->27576K(27776K) Class: 3248K(3456K)->3248K(3456K)
[18.598s][info][gc             ] GC(544) Pause Full (Allocation Failure) 474M->320M(494M) 45.778ms
[18.598s][info][gc,cpu         ] GC(544) User=0.05s Sys=0.00s Real=0.04s
[18.604s][info][gc,start       ] GC(545) Pause Young (Allocation Failure)
[18.604s][info][gc             ] GC(545) Pause Young (Allocation Failure) 457M->457M(494M) 0.060ms
[18.604s][info][gc,cpu         ] GC(545) User=0.00s Sys=0.00s Real=0.00s
[18.604s][info][gc,start       ] GC(546) Pause Full (Allocation Failure)
[18.604s][info][gc,phases,start] GC(546) Phase 1: Mark live objects
[18.614s][info][gc,phases      ] GC(546) Phase 1: Mark live objects 9.925ms
[18.614s][info][gc,phases,start] GC(546) Phase 2: Compute new object addresses
[18.619s][info][gc,phases      ] GC(546) Phase 2: Compute new object addresses 4.860ms
[18.619s][info][gc,phases,start] GC(546) Phase 3: Adjust pointers
[18.626s][info][gc,phases      ] GC(546) Phase 3: Adjust pointers 6.233ms
[18.626s][info][gc,phases,start] GC(546) Phase 4: Move objects
[18.651s][info][gc,phases      ] GC(546) Phase 4: Move objects 25.295ms
[18.651s][info][gc,heap        ] GC(546) DefNew: 140288K(157248K)->0K(157248K) Eden: 139776K(139776K)->0K(139776K) From: 512K(17472K)->0K(17472K)
[18.651s][info][gc,heap        ] GC(546) Tenured: 327838K(349568K)->334299K(349568K)
[18.651s][info][gc,metaspace   ] GC(546) Metaspace: 30825K(31232K)->30825K(31232K) NonClass: 27577K(27776K)->27577K(27776K) Class: 3248K(3456K)->3248K(3456K)
[18.651s][info][gc             ] GC(546) Pause Full (Allocation Failure) 457M->326M(494M) 46.736ms
[18.651s][info][gc,cpu         ] GC(546) User=0.05s Sys=0.00s Real=0.05s
[18.658s][info][gc,start       ] GC(547) Pause Young (Allocation Failure)
[18.658s][info][gc             ] GC(547) Pause Young (Allocation Failure) 462M->462M(494M) 0.076ms
[18.658s][info][gc,cpu         ] GC(547) User=0.00s Sys=0.00s Real=0.00s
[18.658s][info][gc,start       ] GC(548) Pause Full (Allocation Failure)
[18.658s][info][gc,phases,start] GC(548) Phase 1: Mark live objects
[18.668s][info][gc,phases      ] GC(548) Phase 1: Mark live objects 9.811ms
[18.668s][info][gc,phases,start] GC(548) Phase 2: Compute new object addresses
[18.674s][info][gc,phases      ] GC(548) Phase 2: Compute new object addresses 5.347ms
[18.674s][info][gc,phases,start] GC(548) Phase 3: Adjust pointers
[18.680s][info][gc,phases      ] GC(548) Phase 3: Adjust pointers 6.170ms
[18.680s][info][gc,phases,start] GC(548) Phase 4: Move objects
[18.707s][info][gc,phases      ] GC(548) Phase 4: Move objects 27.474ms
[18.708s][info][gc,heap        ] GC(548) DefNew: 139739K(157248K)->0K(157248K) Eden: 139739K(139776K)->0K(139776K) From: 0K(17472K)->0K(17472K)
[18.708s][info][gc,heap        ] GC(548) Tenured: 334299K(349568K)->321626K(349568K)
[18.708s][info][gc,metaspace   ] GC(548) Metaspace: 30825K(31232K)->30825K(31232K) NonClass: 27577K(27776K)->27577K(27776K) Class: 3248K(3456K)->3248K(3456K)
[18.708s][info][gc             ] GC(548) Pause Full (Allocation Failure) 462M->314M(494M) 49.228ms
[18.708s][info][gc,cpu         ] GC(548) User=0.05s Sys=0.00s Real=0.05s
[18.714s][info][gc,start       ] GC(549) Pause Young (Allocation Failure)
[18.718s][info][gc,heap        ] GC(549) DefNew: 139776K(157248K)->17354K(157248K) Eden: 139776K(139776K)->0K(139776K) From: 0K(17472K)->17354K(17472K)
[18.718s][info][gc,heap        ] GC(549) Tenured: 321626K(349568K)->332899K(349568K)
[18.718s][info][gc,metaspace   ] GC(549) Metaspace: 30825K(31232K)->30825K(31232K) NonClass: 27577K(27776K)->27577K(27776K) Class: 3248K(3456K)->3248K(3456K)
[18.718s][info][gc             ] GC(549) Pause Young (Allocation Failure) 450M->342M(494M) 4.260ms
[18.718s][info][gc,cpu         ] GC(549) User=0.01s Sys=0.00s Real=0.00s
[18.724s][info][gc,start       ] GC(550) Pause Young (Allocation Failure)
[18.724s][info][gc             ] GC(550) Pause Young (Allocation Failure) 478M->478M(494M) 0.067ms
[18.724s][info][gc,cpu         ] GC(550) User=0.00s Sys=0.00s Real=0.00s
[18.724s][info][gc,start       ] GC(551) Pause Full (Allocation Failure)
[18.724s][info][gc,phases,start] GC(551) Phase 1: Mark live objects
[18.736s][info][gc,phases      ] GC(551) Phase 1: Mark live objects 11.222ms
[18.736s][info][gc,phases,start] GC(551) Phase 2: Compute new object addresses
[18.741s][info][gc,phases      ] GC(551) Phase 2: Compute new object addresses 5.166ms
[18.741s][info][gc,phases,start] GC(551) Phase 3: Adjust pointers
[18.748s][info][gc,phases      ] GC(551) Phase 3: Adjust pointers 7.177ms
[18.748s][info][gc,phases,start] GC(551) Phase 4: Move objects
[18.775s][info][gc,phases      ] GC(551) Phase 4: Move objects 26.488ms
[18.775s][info][gc,heap        ] GC(551) DefNew: 157110K(157248K)->0K(157248K) Eden: 139756K(139776K)->0K(139776K) From: 17354K(17472K)->0K(17472K)
[18.775s][info][gc,heap        ] GC(551) Tenured: 332899K(349568K)->347430K(349568K)
[18.775s][info][gc,metaspace   ] GC(551) Metaspace: 30825K(31232K)->30825K(31232K) NonClass: 27577K(27776K)->27577K(27776K) Class: 3248K(3456K)->3248K(3456K)
[18.775s][info][gc             ] GC(551) Pause Full (Allocation Failure) 478M->339M(494M) 50.458ms
[18.775s][info][gc,cpu         ] GC(551) User=0.05s Sys=0.00s Real=0.05s
[18.782s][info][gc,start       ] GC(552) Pause Young (Allocation Failure)
[18.782s][info][gc             ] GC(552) Pause Young (Allocation Failure) 475M->475M(494M) 0.062ms
[18.782s][info][gc,cpu         ] GC(552) User=0.00s Sys=0.00s Real=0.00s
[18.782s][info][gc,start       ] GC(553) Pause Full (Allocation Failure)
[18.782s][info][gc,phases,start] GC(553) Phase 1: Mark live objects
[18.791s][info][gc,phases      ] GC(553) Phase 1: Mark live objects 9.335ms
[18.791s][info][gc,phases,start] GC(553) Phase 2: Compute new object addresses
[18.797s][info][gc,phases      ] GC(553) Phase 2: Compute new object addresses 6.462ms
[18.798s][info][gc,phases,start] GC(553) Phase 3: Adjust pointers
[18.803s][info][gc,phases      ] GC(553) Phase 3: Adjust pointers 5.713ms
[18.803s][info][gc,phases,start] GC(553) Phase 4: Move objects
[18.829s][info][gc,phases      ] GC(553) Phase 4: Move objects 25.516ms
[18.829s][info][gc,heap        ] GC(553) DefNew: 139680K(157248K)->540K(157248K) Eden: 139680K(139776K)->540K(139776K) From: 0K(17472K)->0K(17472K)
[18.829s][info][gc,heap        ] GC(553) Tenured: 347430K(349568K)->349364K(349568K)
[18.829s][info][gc,metaspace   ] GC(553) Metaspace: 30825K(31232K)->30825K(31232K) NonClass: 27577K(27776K)->27577K(27776K) Class: 3248K(3456K)->3248K(3456K)
[18.829s][info][gc             ] GC(553) Pause Full (Allocation Failure) 475M->341M(494M) 47.419ms
[18.829s][info][gc,cpu         ] GC(553) User=0.04s Sys=0.00s Real=0.05s
[18.840s][info][gc,start       ] GC(554) Pause Full (Allocation Failure)
[18.840s][info][gc,phases,start] GC(554) Phase 1: Mark live objects
[18.849s][info][gc,phases      ] GC(554) Phase 1: Mark live objects 9.140ms
[18.849s][info][gc,phases,start] GC(554) Phase 2: Compute new object addresses
[18.855s][info][gc,phases      ] GC(554) Phase 2: Compute new object addresses 5.307ms
[18.855s][info][gc,phases,start] GC(554) Phase 3: Adjust pointers
[18.862s][info][gc,phases      ] GC(554) Phase 3: Adjust pointers 7.001ms
[18.862s][info][gc,phases,start] GC(554) Phase 4: Move objects
[18.894s][info][gc,phases      ] GC(554) Phase 4: Move objects 31.949ms
[18.894s][info][gc,heap        ] GC(554) DefNew: 156292K(157248K)->3077K(157248K) Eden: 139776K(139776K)->3077K(139776K) From: 16516K(17472K)->0K(17472K)
[18.894s][info][gc,heap        ] GC(554) Tenured: 349364K(349568K)->348713K(349568K)
[18.894s][info][gc,metaspace   ] GC(554) Metaspace: 30825K(31232K)->30825K(31232K) NonClass: 27577K(27776K)->27577K(27776K) Class: 3248K(3456K)->3248K(3456K)
[18.894s][info][gc             ] GC(554) Pause Full (Allocation Failure) 493M->343M(494M) 53.908ms
[18.894s][info][gc,cpu         ] GC(554) User=0.06s Sys=0.00s Real=0.06s
[18.912s][info][gc,start       ] GC(555) Pause Full (Allocation Failure)
[18.912s][info][gc,phases,start] GC(555) Phase 1: Mark live objects
[18.923s][info][gc,phases      ] GC(555) Phase 1: Mark live objects 10.947ms
[18.923s][info][gc,phases,start] GC(555) Phase 2: Compute new object addresses
[18.929s][info][gc,phases      ] GC(555) Phase 2: Compute new object addresses 5.873ms
[18.929s][info][gc,phases,start] GC(555) Phase 3: Adjust pointers
[18.936s][info][gc,phases      ] GC(555) Phase 3: Adjust pointers 7.139ms
[18.936s][info][gc,phases,start] GC(555) Phase 4: Move objects
[18.967s][info][gc,phases      ] GC(555) Phase 4: Move objects 30.846ms
[18.967s][info][gc,heap        ] GC(555) DefNew: 157248K(157248K)->0K(157248K) Eden: 139776K(139776K)->0K(139776K) From: 17472K(17472K)->0K(17472K)
[18.967s][info][gc,heap        ] GC(555) Tenured: 349490K(349568K)->334264K(349568K)
[18.967s][info][gc,metaspace   ] GC(555) Metaspace: 30825K(31232K)->30825K(31232K) NonClass: 27577K(27776K)->27577K(27776K) Class: 3248K(3456K)->3248K(3456K)
[18.967s][info][gc             ] GC(555) Pause Full (Allocation Failure) 494M->326M(494M) 55.367ms
[18.967s][info][gc,cpu         ] GC(555) User=0.06s Sys=0.00s Real=0.05s
[18.973s][info][gc,start       ] GC(556) Pause Young (Allocation Failure)
[18.973s][info][gc             ] GC(556) Pause Young (Allocation Failure) 462M->462M(494M) 0.076ms
[18.973s][info][gc,cpu         ] GC(556) User=0.00s Sys=0.00s Real=0.00s
[18.973s][info][gc,start       ] GC(557) Pause Full (Allocation Failure)
[18.973s][info][gc,phases,start] GC(557) Phase 1: Mark live objects
[18.983s][info][gc,phases      ] GC(557) Phase 1: Mark live objects 9.528ms
[18.983s][info][gc,phases,start] GC(557) Phase 2: Compute new object addresses
[18.988s][info][gc,phases      ] GC(557) Phase 2: Compute new object addresses 5.088ms
[18.988s][info][gc,phases,start] GC(557) Phase 3: Adjust pointers
[18.994s][info][gc,phases      ] GC(557) Phase 3: Adjust pointers 6.252ms
[18.994s][info][gc,phases,start] GC(557) Phase 4: Move objects
[18.997s][info][gc,phases      ] GC(557) Phase 4: Move objects 2.819ms
[18.997s][info][gc,heap        ] GC(557) DefNew: 139776K(157248K)->6932K(157248K) Eden: 139776K(139776K)->6932K(139776K) From: 0K(17472K)->0K(17472K)
[18.997s][info][gc,heap        ] GC(557) Tenured: 334264K(349568K)->349563K(349568K)
[18.997s][info][gc,metaspace   ] GC(557) Metaspace: 30825K(31232K)->30825K(31232K) NonClass: 27577K(27776K)->27577K(27776K) Class: 3248K(3456K)->3248K(3456K)
[18.997s][info][gc             ] GC(557) Pause Full (Allocation Failure) 462M->348M(494M) 24.066ms
[18.997s][info][gc,cpu         ] GC(557) User=0.02s Sys=0.00s Real=0.02s
[19.006s][info][gc,start       ] GC(558) Pause Full (Allocation Failure)
[19.006s][info][gc,phases,start] GC(558) Phase 1: Mark live objects
[19.015s][info][gc,phases      ] GC(558) Phase 1: Mark live objects 8.968ms
[19.015s][info][gc,phases,start] GC(558) Phase 2: Compute new object addresses
[19.021s][info][gc,phases      ] GC(558) Phase 2: Compute new object addresses 5.332ms
[19.021s][info][gc,phases,start] GC(558) Phase 3: Adjust pointers
[19.026s][info][gc,phases      ] GC(558) Phase 3: Adjust pointers 5.855ms
[19.026s][info][gc,phases,start] GC(558) Phase 4: Move objects
[19.052s][info][gc,phases      ] GC(558) Phase 4: Move objects 25.556ms
[19.052s][info][gc,heap        ] GC(558) DefNew: 157190K(157248K)->7718K(157248K) Eden: 139776K(139776K)->7718K(139776K) From: 17414K(17472K)->0K(17472K)
[19.052s][info][gc,heap        ] GC(558) Tenured: 349563K(349568K)->349360K(349568K)
[19.052s][info][gc,metaspace   ] GC(558) Metaspace: 30825K(31232K)->30825K(31232K) NonClass: 27577K(27776K)->27577K(27776K) Class: 3248K(3456K)->3248K(3456K)
[19.052s][info][gc             ] GC(558) Pause Full (Allocation Failure) 494M->348M(494M) 46.187ms
[19.052s][info][gc,cpu         ] GC(558) User=0.04s Sys=0.01s Real=0.05s
[19.063s][info][gc,start       ] GC(559) Pause Full (Allocation Failure)
[19.063s][info][gc,phases,start] GC(559) Phase 1: Mark live objects
[19.073s][info][gc,phases      ] GC(559) Phase 1: Mark live objects 10.114ms
[19.073s][info][gc,phases,start] GC(559) Phase 2: Compute new object addresses
[19.079s][info][gc,phases      ] GC(559) Phase 2: Compute new object addresses 5.333ms
[19.079s][info][gc,phases,start] GC(559) Phase 3: Adjust pointers
[19.085s][info][gc,phases      ] GC(559) Phase 3: Adjust pointers 6.014ms
[19.085s][info][gc,phases,start] GC(559) Phase 4: Move objects
[19.114s][info][gc,phases      ] GC(559) Phase 4: Move objects 29.213ms
[19.114s][info][gc,heap        ] GC(559) DefNew: 156734K(157248K)->7461K(157248K) Eden: 139776K(139776K)->7461K(139776K) From: 16958K(17472K)->0K(17472K)
[19.114s][info][gc,heap        ] GC(559) Tenured: 349360K(349568K)->349489K(349568K)
[19.114s][info][gc,metaspace   ] GC(559) Metaspace: 30825K(31232K)->30825K(31232K) NonClass: 27577K(27776K)->27577K(27776K) Class: 3248K(3456K)->3248K(3456K)
[19.114s][info][gc             ] GC(559) Pause Full (Allocation Failure) 494M->348M(494M) 51.182ms
[19.114s][info][gc,cpu         ] GC(559) User=0.05s Sys=0.00s Real=0.05s
[19.122s][info][gc,start       ] GC(560) Pause Full (Allocation Failure)
[19.122s][info][gc,phases,start] GC(560) Phase 1: Mark live objects
[19.131s][info][gc,phases      ] GC(560) Phase 1: Mark live objects 9.607ms
[19.131s][info][gc,phases,start] GC(560) Phase 2: Compute new object addresses
[19.137s][info][gc,phases      ] GC(560) Phase 2: Compute new object addresses 5.330ms
[19.137s][info][gc,phases,start] GC(560) Phase 3: Adjust pointers
[19.143s][info][gc,phases      ] GC(560) Phase 3: Adjust pointers 6.395ms
[19.143s][info][gc,phases,start] GC(560) Phase 4: Move objects
[19.172s][info][gc,phases      ] GC(560) Phase 4: Move objects 29.189ms
[19.173s][info][gc,heap        ] GC(560) DefNew: 157079K(157248K)->0K(157248K) Eden: 139776K(139776K)->0K(139776K) From: 17303K(17472K)->0K(17472K)
[19.173s][info][gc,heap        ] GC(560) Tenured: 349489K(349568K)->347649K(349568K)
[19.173s][info][gc,metaspace   ] GC(560) Metaspace: 30825K(31232K)->30825K(31232K) NonClass: 27577K(27776K)->27577K(27776K) Class: 3248K(3456K)->3248K(3456K)
[19.173s][info][gc             ] GC(560) Pause Full (Allocation Failure) 494M->339M(494M) 50.956ms
[19.173s][info][gc,cpu         ] GC(560) User=0.06s Sys=0.00s Real=0.06s
[19.180s][info][gc,start       ] GC(561) Pause Young (Allocation Failure)
[19.180s][info][gc             ] GC(561) Pause Young (Allocation Failure) 475M->475M(494M) 0.071ms
[19.180s][info][gc,cpu         ] GC(561) User=0.00s Sys=0.00s Real=0.00s
[19.180s][info][gc,start       ] GC(562) Pause Full (Allocation Failure)
[19.180s][info][gc,phases,start] GC(562) Phase 1: Mark live objects
[19.189s][info][gc,phases      ] GC(562) Phase 1: Mark live objects 8.936ms
[19.189s][info][gc,phases,start] GC(562) Phase 2: Compute new object addresses
[19.193s][info][gc,phases      ] GC(562) Phase 2: Compute new object addresses 4.750ms
[19.193s][info][gc,phases,start] GC(562) Phase 3: Adjust pointers
[19.199s][info][gc,phases      ] GC(562) Phase 3: Adjust pointers 5.735ms
[19.199s][info][gc,phases,start] GC(562) Phase 4: Move objects
[19.216s][info][gc,phases      ] GC(562) Phase 4: Move objects 17.224ms
[19.217s][info][gc,heap        ] GC(562) DefNew: 139599K(157248K)->18000K(157248K) Eden: 139599K(139776K)->18000K(139776K) From: 0K(17472K)->0K(17472K)
[19.217s][info][gc,heap        ] GC(562) Tenured: 347649K(349568K)->349460K(349568K)
[19.217s][info][gc,metaspace   ] GC(562) Metaspace: 30825K(31232K)->30825K(31232K) NonClass: 27577K(27776K)->27577K(27776K) Class: 3248K(3456K)->3248K(3456K)
[19.217s][info][gc             ] GC(562) Pause Full (Allocation Failure) 475M->358M(494M) 37.078ms
[19.217s][info][gc,cpu         ] GC(562) User=0.04s Sys=0.00s Real=0.04s
[19.227s][info][gc,start       ] GC(563) Pause Full (Allocation Failure)
[19.227s][info][gc,phases,start] GC(563) Phase 1: Mark live objects
[19.237s][info][gc,phases      ] GC(563) Phase 1: Mark live objects 9.246ms
[19.237s][info][gc,phases,start] GC(563) Phase 2: Compute new object addresses
[19.242s][info][gc,phases      ] GC(563) Phase 2: Compute new object addresses 5.080ms
[19.242s][info][gc,phases,start] GC(563) Phase 3: Adjust pointers
[19.248s][info][gc,phases      ] GC(563) Phase 3: Adjust pointers 6.255ms
[19.248s][info][gc,phases,start] GC(563) Phase 4: Move objects
[19.280s][info][gc,phases      ] GC(563) Phase 4: Move objects 31.584ms
[19.280s][info][gc,heap        ] GC(563) DefNew: 156553K(157248K)->13277K(157248K) Eden: 139776K(139776K)->13277K(139776K) From: 16777K(17472K)->0K(17472K)
[19.280s][info][gc,heap        ] GC(563) Tenured: 349460K(349568K)->349352K(349568K)
[19.280s][info][gc,metaspace   ] GC(563) Metaspace: 30836K(31232K)->30836K(31232K) NonClass: 27587K(27776K)->27587K(27776K) Class: 3248K(3456K)->3248K(3456K)
[19.280s][info][gc             ] GC(563) Pause Full (Allocation Failure) 494M->354M(494M) 52.634ms
[19.280s][info][gc,cpu         ] GC(563) User=0.05s Sys=0.00s Real=0.05s
[19.290s][info][gc,start       ] GC(564) Pause Full (Allocation Failure)
[19.290s][info][gc,phases,start] GC(564) Phase 1: Mark live objects
[19.299s][info][gc,phases      ] GC(564) Phase 1: Mark live objects 8.859ms
[19.299s][info][gc,phases,start] GC(564) Phase 2: Compute new object addresses
[19.304s][info][gc,phases      ] GC(564) Phase 2: Compute new object addresses 4.892ms
[19.304s][info][gc,phases,start] GC(564) Phase 3: Adjust pointers
[19.310s][info][gc,phases      ] GC(564) Phase 3: Adjust pointers 5.925ms
[19.310s][info][gc,phases,start] GC(564) Phase 4: Move objects
[19.337s][info][gc,phases      ] GC(564) Phase 4: Move objects 27.108ms
[19.338s][info][gc,heap        ] GC(564) DefNew: 157064K(157248K)->12882K(157248K) Eden: 139776K(139776K)->12882K(139776K) From: 17288K(17472K)->0K(17472K)
[19.338s][info][gc,heap        ] GC(564) Tenured: 349352K(349568K)->349449K(349568K)
[19.338s][info][gc,metaspace   ] GC(564) Metaspace: 30836K(31232K)->30836K(31232K) NonClass: 27587K(27776K)->27587K(27776K) Class: 3248K(3456K)->3248K(3456K)
[19.338s][info][gc             ] GC(564) Pause Full (Allocation Failure) 494M->353M(494M) 47.267ms
[19.338s][info][gc,cpu         ] GC(564) User=0.05s Sys=0.00s Real=0.04s
[19.348s][info][gc,start       ] GC(565) Pause Full (Allocation Failure)
[19.348s][info][gc,phases,start] GC(565) Phase 1: Mark live objects
[19.357s][info][gc,phases      ] GC(565) Phase 1: Mark live objects 9.090ms
[19.357s][info][gc,phases,start] GC(565) Phase 2: Compute new object addresses
[19.362s][info][gc,phases      ] GC(565) Phase 2: Compute new object addresses 5.018ms
[19.363s][info][gc,phases,start] GC(565) Phase 3: Adjust pointers
[19.369s][info][gc,phases      ] GC(565) Phase 3: Adjust pointers 6.196ms
[19.369s][info][gc,phases,start] GC(565) Phase 4: Move objects
[19.402s][info][gc,phases      ] GC(565) Phase 4: Move objects 33.360ms
[19.402s][info][gc,heap        ] GC(565) DefNew: 157165K(157248K)->0K(157248K) Eden: 139776K(139776K)->0K(139776K) From: 17389K(17472K)->0K(17472K)
[19.402s][info][gc,heap        ] GC(565) Tenured: 349449K(349568K)->346935K(349568K)
[19.402s][info][gc,metaspace   ] GC(565) Metaspace: 30836K(31232K)->30836K(31232K) NonClass: 27587K(27776K)->27587K(27776K) Class: 3248K(3456K)->3248K(3456K)
[19.402s][info][gc             ] GC(565) Pause Full (Allocation Failure) 494M->338M(494M) 54.153ms
[19.402s][info][gc,cpu         ] GC(565) User=0.05s Sys=0.00s Real=0.06s
[19.409s][info][gc,start       ] GC(566) Pause Young (Allocation Failure)
[19.409s][info][gc             ] GC(566) Pause Young (Allocation Failure) 475M->475M(494M) 0.062ms
[19.409s][info][gc,cpu         ] GC(566) User=0.00s Sys=0.00s Real=0.00s
[19.409s][info][gc,start       ] GC(567) Pause Full (Allocation Failure)
[19.409s][info][gc,phases,start] GC(567) Phase 1: Mark live objects
[19.419s][info][gc,phases      ] GC(567) Phase 1: Mark live objects 9.323ms
[19.419s][info][gc,phases,start] GC(567) Phase 2: Compute new object addresses
[19.423s][info][gc,phases      ] GC(567) Phase 2: Compute new object addresses 4.791ms
[19.423s][info][gc,phases,start] GC(567) Phase 3: Adjust pointers
[19.429s][info][gc,phases      ] GC(567) Phase 3: Adjust pointers 5.710ms
[19.429s][info][gc,phases,start] GC(567) Phase 4: Move objects
[19.434s][info][gc,phases      ] GC(567) Phase 4: Move objects 4.624ms
[19.434s][info][gc,heap        ] GC(567) DefNew: 139776K(157248K)->18170K(157248K) Eden: 139776K(139776K)->18170K(139776K) From: 0K(17472K)->0K(17472K)
[19.434s][info][gc,heap        ] GC(567) Tenured: 346935K(349568K)->349538K(349568K)
[19.434s][info][gc,metaspace   ] GC(567) Metaspace: 30836K(31232K)->30836K(31232K) NonClass: 27587K(27776K)->27587K(27776K) Class: 3248K(3456K)->3248K(3456K)
[19.434s][info][gc             ] GC(567) Pause Full (Allocation Failure) 475M->359M(494M) 24.820ms
[19.434s][info][gc,cpu         ] GC(567) User=0.03s Sys=0.01s Real=0.03s
[19.442s][info][gc,start       ] GC(568) Pause Full (Allocation Failure)
[19.442s][info][gc,phases,start] GC(568) Phase 1: Mark live objects
[19.450s][info][gc,phases      ] GC(568) Phase 1: Mark live objects 8.768ms
[19.451s][info][gc,phases,start] GC(568) Phase 2: Compute new object addresses
[19.455s][info][gc,phases      ] GC(568) Phase 2: Compute new object addresses 4.695ms
[19.455s][info][gc,phases,start] GC(568) Phase 3: Adjust pointers
[19.461s][info][gc,phases      ] GC(568) Phase 3: Adjust pointers 5.971ms
[19.461s][info][gc,phases,start] GC(568) Phase 4: Move objects
[19.489s][info][gc,phases      ] GC(568) Phase 4: Move objects 27.873ms
[19.489s][info][gc,heap        ] GC(568) DefNew: 157248K(157248K)->21329K(157248K) Eden: 139776K(139776K)->21329K(139776K) From: 17472K(17472K)->0K(17472K)
[19.489s][info][gc,heap        ] GC(568) Tenured: 349543K(349568K)->349362K(349568K)
[19.489s][info][gc,metaspace   ] GC(568) Metaspace: 30836K(31232K)->30836K(31232K) NonClass: 27587K(27776K)->27587K(27776K) Class: 3248K(3456K)->3248K(3456K)
[19.489s][info][gc             ] GC(568) Pause Full (Allocation Failure) 494M->362M(494M) 47.761ms
[19.489s][info][gc,cpu         ] GC(568) User=0.06s Sys=0.00s Real=0.05s
[19.500s][info][gc,start       ] GC(569) Pause Full (Allocation Failure)
[19.500s][info][gc,phases,start] GC(569) Phase 1: Mark live objects
[19.510s][info][gc,phases      ] GC(569) Phase 1: Mark live objects 9.555ms
[19.510s][info][gc,phases,start] GC(569) Phase 2: Compute new object addresses
[19.515s][info][gc,phases      ] GC(569) Phase 2: Compute new object addresses 5.157ms
[19.515s][info][gc,phases,start] GC(569) Phase 3: Adjust pointers
[19.522s][info][gc,phases      ] GC(569) Phase 3: Adjust pointers 6.931ms
[19.522s][info][gc,phases,start] GC(569) Phase 4: Move objects
[19.552s][info][gc,phases      ] GC(569) Phase 4: Move objects 29.233ms
[19.552s][info][gc,heap        ] GC(569) DefNew: 157183K(157248K)->0K(157248K) Eden: 139776K(139776K)->0K(139776K) From: 17407K(17472K)->0K(17472K)
[19.552s][info][gc,heap        ] GC(569) Tenured: 349362K(349568K)->346902K(349568K)
[19.552s][info][gc,metaspace   ] GC(569) Metaspace: 30836K(31232K)->30836K(31232K) NonClass: 27587K(27776K)->27587K(27776K) Class: 3248K(3456K)->3248K(3456K)
[19.552s][info][gc             ] GC(569) Pause Full (Allocation Failure) 494M->338M(494M) 51.389ms
[19.552s][info][gc,cpu         ] GC(569) User=0.05s Sys=0.00s Real=0.06s
[19.558s][info][gc,start       ] GC(570) Pause Young (Allocation Failure)
[19.558s][info][gc             ] GC(570) Pause Young (Allocation Failure) 475M->475M(494M) 0.060ms
[19.558s][info][gc,cpu         ] GC(570) User=0.00s Sys=0.00s Real=0.00s
[19.558s][info][gc,start       ] GC(571) Pause Full (Allocation Failure)
[19.558s][info][gc,phases,start] GC(571) Phase 1: Mark live objects
[19.567s][info][gc,phases      ] GC(571) Phase 1: Mark live objects 8.412ms
[19.567s][info][gc,phases,start] GC(571) Phase 2: Compute new object addresses
[19.571s][info][gc,phases      ] GC(571) Phase 2: Compute new object addresses 4.380ms
[19.571s][info][gc,phases,start] GC(571) Phase 3: Adjust pointers
[19.576s][info][gc,phases      ] GC(571) Phase 3: Adjust pointers 5.188ms
[19.576s][info][gc,phases,start] GC(571) Phase 4: Move objects
[19.603s][info][gc,phases      ] GC(571) Phase 4: Move objects 26.850ms
[19.604s][info][gc,heap        ] GC(571) DefNew: 139615K(157248K)->4360K(157248K) Eden: 139615K(139776K)->4360K(139776K) From: 0K(17472K)->0K(17472K)
[19.604s][info][gc,heap        ] GC(571) Tenured: 346902K(349568K)->349372K(349568K)
[19.604s][info][gc,metaspace   ] GC(571) Metaspace: 30836K(31232K)->30836K(31232K) NonClass: 27587K(27776K)->27587K(27776K) Class: 3248K(3456K)->3248K(3456K)
[19.604s][info][gc             ] GC(571) Pause Full (Allocation Failure) 475M->345M(494M) 45.219ms
[19.604s][info][gc,cpu         ] GC(571) User=0.05s Sys=0.00s Real=0.05s
[19.615s][info][gc,start       ] GC(572) Pause Full (Allocation Failure)
[19.615s][info][gc,phases,start] GC(572) Phase 1: Mark live objects
[19.623s][info][gc,phases      ] GC(572) Phase 1: Mark live objects 8.191ms
[19.623s][info][gc,phases,start] GC(572) Phase 2: Compute new object addresses
[19.628s][info][gc,phases      ] GC(572) Phase 2: Compute new object addresses 4.780ms
[19.628s][info][gc,phases,start] GC(572) Phase 3: Adjust pointers
[19.633s][info][gc,phases      ] GC(572) Phase 3: Adjust pointers 5.447ms
[19.633s][info][gc,phases,start] GC(572) Phase 4: Move objects
[19.655s][info][gc,phases      ] GC(572) Phase 4: Move objects 22.178ms
[19.655s][info][gc,heap        ] GC(572) DefNew: 157168K(157248K)->20662K(157248K) Eden: 139776K(139776K)->20662K(139776K) From: 17392K(17472K)->0K(17472K)
[19.656s][info][gc,heap        ] GC(572) Tenured: 349372K(349568K)->349357K(349568K)
[19.656s][info][gc,metaspace   ] GC(572) Metaspace: 30836K(31232K)->30836K(31232K) NonClass: 27587K(27776K)->27587K(27776K) Class: 3248K(3456K)->3248K(3456K)
[19.656s][info][gc             ] GC(572) Pause Full (Allocation Failure) 494M->361M(494M) 41.018ms
[19.656s][info][gc,cpu         ] GC(572) User=0.04s Sys=0.00s Real=0.04s
[19.665s][info][gc,start       ] GC(573) Pause Full (Allocation Failure)
[19.665s][info][gc,phases,start] GC(573) Phase 1: Mark live objects
[19.674s][info][gc,phases      ] GC(573) Phase 1: Mark live objects 8.681ms
[19.674s][info][gc,phases,start] GC(573) Phase 2: Compute new object addresses
[19.678s][info][gc,phases      ] GC(573) Phase 2: Compute new object addresses 4.664ms
[19.678s][info][gc,phases,start] GC(573) Phase 3: Adjust pointers
[19.684s][info][gc,phases      ] GC(573) Phase 3: Adjust pointers 5.563ms
[19.684s][info][gc,phases,start] GC(573) Phase 4: Move objects
[19.711s][info][gc,phases      ] GC(573) Phase 4: Move objects 27.548ms
[19.712s][info][gc,heap        ] GC(573) DefNew: 157225K(157248K)->19829K(157248K) Eden: 139776K(139776K)->19829K(139776K) From: 17449K(17472K)->0K(17472K)
[19.712s][info][gc,heap        ] GC(573) Tenured: 349357K(349568K)->349316K(349568K)
[19.712s][info][gc,metaspace   ] GC(573) Metaspace: 30836K(31232K)->30836K(31232K) NonClass: 27587K(27776K)->27587K(27776K) Class: 3248K(3456K)->3248K(3456K)
[19.712s][info][gc             ] GC(573) Pause Full (Allocation Failure) 494M->360M(494M) 46.867ms
[19.712s][info][gc,cpu         ] GC(573) User=0.05s Sys=0.00s Real=0.05s
[19.721s][info][gc,start       ] GC(574) Pause Full (Allocation Failure)
[19.721s][info][gc,phases,start] GC(574) Phase 1: Mark live objects
[19.729s][info][gc,phases      ] GC(574) Phase 1: Mark live objects 8.335ms
[19.729s][info][gc,phases,start] GC(574) Phase 2: Compute new object addresses
[19.734s][info][gc,phases      ] GC(574) Phase 2: Compute new object addresses 4.603ms
[19.734s][info][gc,phases,start] GC(574) Phase 3: Adjust pointers
[19.739s][info][gc,phases      ] GC(574) Phase 3: Adjust pointers 5.503ms
[19.740s][info][gc,phases,start] GC(574) Phase 4: Move objects
[19.768s][info][gc,phases      ] GC(574) Phase 4: Move objects 28.627ms
[19.768s][info][gc,heap        ] GC(574) DefNew: 157050K(157248K)->6698K(157248K) Eden: 139776K(139776K)->6698K(139776K) From: 17274K(17472K)->0K(17472K)
[19.768s][info][gc,heap        ] GC(574) Tenured: 349316K(349568K)->349443K(349568K)
[19.768s][info][gc,metaspace   ] GC(574) Metaspace: 30836K(31232K)->30836K(31232K) NonClass: 27587K(27776K)->27587K(27776K) Class: 3248K(3456K)->3248K(3456K)
[19.768s][info][gc             ] GC(574) Pause Full (Allocation Failure) 494M->347M(494M) 47.471ms
[19.768s][info][gc,cpu         ] GC(574) User=0.05s Sys=0.00s Real=0.05s
[19.779s][info][gc,start       ] GC(575) Pause Full (Allocation Failure)
[19.779s][info][gc,phases,start] GC(575) Phase 1: Mark live objects
[19.788s][info][gc,phases      ] GC(575) Phase 1: Mark live objects 8.460ms
[19.788s][info][gc,phases,start] GC(575) Phase 2: Compute new object addresses
[19.792s][info][gc,phases      ] GC(575) Phase 2: Compute new object addresses 4.687ms
[19.792s][info][gc,phases,start] GC(575) Phase 3: Adjust pointers
[19.798s][info][gc,phases      ] GC(575) Phase 3: Adjust pointers 5.385ms
[19.798s][info][gc,phases,start] GC(575) Phase 4: Move objects
[19.827s][info][gc,phases      ] GC(575) Phase 4: Move objects 29.543ms
[19.828s][info][gc,heap        ] GC(575) DefNew: 156785K(157248K)->1547K(157248K) Eden: 139776K(139776K)->1547K(139776K) From: 17009K(17472K)->0K(17472K)
[19.828s][info][gc,heap        ] GC(575) Tenured: 349443K(349568K)->349386K(349568K)
[19.828s][info][gc,metaspace   ] GC(575) Metaspace: 30836K(31232K)->30836K(31232K) NonClass: 27587K(27776K)->27587K(27776K) Class: 3248K(3456K)->3248K(3456K)
[19.828s][info][gc             ] GC(575) Pause Full (Allocation Failure) 494M->342M(494M) 48.547ms
[19.828s][info][gc,cpu         ] GC(575) User=0.06s Sys=0.00s Real=0.05s
[19.841s][info][gc,start       ] GC(576) Pause Full (Allocation Failure)
[19.841s][info][gc,phases,start] GC(576) Phase 1: Mark live objects
[19.849s][info][gc,phases      ] GC(576) Phase 1: Mark live objects 8.306ms
[19.850s][info][gc,phases,start] GC(576) Phase 2: Compute new object addresses
[19.855s][info][gc,phases      ] GC(576) Phase 2: Compute new object addresses 5.220ms
[19.855s][info][gc,phases,start] GC(576) Phase 3: Adjust pointers
[19.861s][info][gc,phases      ] GC(576) Phase 3: Adjust pointers 5.853ms
[19.861s][info][gc,phases,start] GC(576) Phase 4: Move objects
[19.882s][info][gc,phases      ] GC(576) Phase 4: Move objects 21.357ms
[19.882s][info][gc,heap        ] GC(576) DefNew: 157204K(157248K)->25822K(157248K) Eden: 139776K(139776K)->25822K(139776K) From: 17428K(17472K)->0K(17472K)
[19.882s][info][gc,heap        ] GC(576) Tenured: 349386K(349568K)->349348K(349568K)
[19.882s][info][gc,metaspace   ] GC(576) Metaspace: 30836K(31232K)->30836K(31232K) NonClass: 27587K(27776K)->27587K(27776K) Class: 3248K(3456K)->3248K(3456K)
[19.882s][info][gc             ] GC(576) Pause Full (Allocation Failure) 494M->366M(494M) 41.176ms
[19.882s][info][gc,cpu         ] GC(576) User=0.04s Sys=0.00s Real=0.05s
[19.894s][info][gc,start       ] GC(577) Pause Full (Allocation Failure)
[19.895s][info][gc,phases,start] GC(577) Phase 1: Mark live objects
[19.903s][info][gc,phases      ] GC(577) Phase 1: Mark live objects 8.578ms
[19.903s][info][gc,phases,start] GC(577) Phase 2: Compute new object addresses
[19.908s][info][gc,phases      ] GC(577) Phase 2: Compute new object addresses 4.535ms
[19.908s][info][gc,phases,start] GC(577) Phase 3: Adjust pointers
[19.913s][info][gc,phases      ] GC(577) Phase 3: Adjust pointers 5.711ms
[19.913s][info][gc,phases,start] GC(577) Phase 4: Move objects
[19.941s][info][gc,phases      ] GC(577) Phase 4: Move objects 27.823ms
[19.941s][info][gc,heap        ] GC(577) DefNew: 157065K(157248K)->22402K(157248K) Eden: 139776K(139776K)->22402K(139776K) From: 17289K(17472K)->0K(17472K)
[19.942s][info][gc,heap        ] GC(577) Tenured: 349348K(349568K)->348562K(349568K)
[19.942s][info][gc,metaspace   ] GC(577) Metaspace: 30836K(31232K)->30836K(31232K) NonClass: 27587K(27776K)->27587K(27776K) Class: 3248K(3456K)->3248K(3456K)
[19.942s][info][gc             ] GC(577) Pause Full (Allocation Failure) 494M->362M(494M) 47.094ms
[19.942s][info][gc,cpu         ] GC(577) User=0.04s Sys=0.00s Real=0.04s
[19.952s][info][gc,start       ] GC(578) Pause Full (Allocation Failure)
[19.952s][info][gc,phases,start] GC(578) Phase 1: Mark live objects
[19.960s][info][gc,phases      ] GC(578) Phase 1: Mark live objects 8.400ms
[19.960s][info][gc,phases,start] GC(578) Phase 2: Compute new object addresses
[19.965s][info][gc,phases      ] GC(578) Phase 2: Compute new object addresses 4.517ms
[19.965s][info][gc,phases,start] GC(578) Phase 3: Adjust pointers
[19.971s][info][gc,phases      ] GC(578) Phase 3: Adjust pointers 5.630ms
[19.971s][info][gc,phases,start] GC(578) Phase 4: Move objects
[19.998s][info][gc,phases      ] GC(578) Phase 4: Move objects 27.120ms
[19.998s][info][gc,heap        ] GC(578) DefNew: 157062K(157248K)->19144K(157248K) Eden: 139776K(139776K)->19144K(139776K) From: 17286K(17472K)->0K(17472K)
[19.998s][info][gc,heap        ] GC(578) Tenured: 348562K(349568K)->349337K(349568K)
[19.998s][info][gc,metaspace   ] GC(578) Metaspace: 30836K(31232K)->30836K(31232K) NonClass: 27587K(27776K)->27587K(27776K) Class: 3248K(3456K)->3248K(3456K)
[19.998s][info][gc             ] GC(578) Pause Full (Allocation Failure) 493M->359M(494M) 46.127ms
[19.998s][info][gc,cpu         ] GC(578) User=0.04s Sys=0.00s Real=0.04s
[20.008s][info][gc,start       ] GC(579) Pause Full (Allocation Failure)
[20.008s][info][gc,phases,start] GC(579) Phase 1: Mark live objects
[20.017s][info][gc,phases      ] GC(579) Phase 1: Mark live objects 8.803ms
[20.017s][info][gc,phases,start] GC(579) Phase 2: Compute new object addresses
[20.021s][info][gc,phases      ] GC(579) Phase 2: Compute new object addresses 4.622ms
[20.021s][info][gc,phases,start] GC(579) Phase 3: Adjust pointers
[20.027s][info][gc,phases      ] GC(579) Phase 3: Adjust pointers 6.020ms
[20.028s][info][gc,phases,start] GC(579) Phase 4: Move objects
[20.058s][info][gc,phases      ] GC(579) Phase 4: Move objects 30.493ms
[20.058s][info][gc,heap        ] GC(579) DefNew: 157076K(157248K)->7716K(157248K) Eden: 139776K(139776K)->7716K(139776K) From: 17300K(17472K)->0K(17472K)
[20.058s][info][gc,heap        ] GC(579) Tenured: 349337K(349568K)->349468K(349568K)
[20.058s][info][gc,metaspace   ] GC(579) Metaspace: 30836K(31232K)->30836K(31232K) NonClass: 27587K(27776K)->27587K(27776K) Class: 3248K(3456K)->3248K(3456K)
[20.058s][info][gc             ] GC(579) Pause Full (Allocation Failure) 494M->348M(494M) 50.419ms
[20.058s][info][gc,cpu         ] GC(579) User=0.05s Sys=0.00s Real=0.05s
[20.069s][info][gc,start       ] GC(580) Pause Full (Allocation Failure)
[20.069s][info][gc,phases,start] GC(580) Phase 1: Mark live objects
[20.078s][info][gc,phases      ] GC(580) Phase 1: Mark live objects 9.245ms
[20.078s][info][gc,phases,start] GC(580) Phase 2: Compute new object addresses
[20.083s][info][gc,phases      ] GC(580) Phase 2: Compute new object addresses 5.020ms
[20.083s][info][gc,phases,start] GC(580) Phase 3: Adjust pointers
[20.089s][info][gc,phases      ] GC(580) Phase 3: Adjust pointers 5.897ms
[20.089s][info][gc,phases,start] GC(580) Phase 4: Move objects
[20.115s][info][gc,phases      ] GC(580) Phase 4: Move objects 25.330ms
[20.115s][info][gc,heap        ] GC(580) DefNew: 156525K(157248K)->23683K(157248K) Eden: 139776K(139776K)->23683K(139776K) From: 16749K(17472K)->0K(17472K)
[20.115s][info][gc,heap        ] GC(580) Tenured: 349468K(349568K)->349337K(349568K)
[20.115s][info][gc,metaspace   ] GC(580) Metaspace: 30836K(31232K)->30836K(31232K) NonClass: 27587K(27776K)->27587K(27776K) Class: 3248K(3456K)->3248K(3456K)
[20.115s][info][gc             ] GC(580) Pause Full (Allocation Failure) 494M->364M(494M) 45.991ms
[20.115s][info][gc,cpu         ] GC(580) User=0.05s Sys=0.00s Real=0.05s
[20.132s][info][gc,start       ] GC(581) Pause Full (Allocation Failure)
[20.132s][info][gc,phases,start] GC(581) Phase 1: Mark live objects
[20.142s][info][gc,phases      ] GC(581) Phase 1: Mark live objects 9.878ms
[20.142s][info][gc,phases,start] GC(581) Phase 2: Compute new object addresses
[20.148s][info][gc,phases      ] GC(581) Phase 2: Compute new object addresses 5.456ms
[20.148s][info][gc,phases,start] GC(581) Phase 3: Adjust pointers
[20.155s][info][gc,phases      ] GC(581) Phase 3: Adjust pointers 6.940ms
[20.155s][info][gc,phases,start] GC(581) Phase 4: Move objects
[20.185s][info][gc,phases      ] GC(581) Phase 4: Move objects 29.789ms
[20.185s][info][gc,heap        ] GC(581) DefNew: 157243K(157248K)->17777K(157248K) Eden: 139776K(139776K)->17777K(139776K) From: 17467K(17472K)->0K(17472K)
[20.185s][info][gc,heap        ] GC(581) Tenured: 349337K(349568K)->349433K(349568K)
[20.185s][info][gc,metaspace   ] GC(581) Metaspace: 30836K(31232K)->30836K(31232K) NonClass: 27587K(27776K)->27587K(27776K) Class: 3248K(3456K)->3248K(3456K)
[20.185s][info][gc             ] GC(581) Pause Full (Allocation Failure) 494M->358M(494M) 52.593ms
[20.185s][info][gc,cpu         ] GC(581) User=0.08s Sys=0.00s Real=0.05s
[20.204s][info][gc,start       ] GC(582) Pause Full (Allocation Failure)
[20.204s][info][gc,phases,start] GC(582) Phase 1: Mark live objects
[20.212s][info][gc,phases      ] GC(582) Phase 1: Mark live objects 8.289ms
[20.212s][info][gc,phases,start] GC(582) Phase 2: Compute new object addresses
[20.217s][info][gc,phases      ] GC(582) Phase 2: Compute new object addresses 4.481ms
[20.217s][info][gc,phases,start] GC(582) Phase 3: Adjust pointers
[20.223s][info][gc,phases      ] GC(582) Phase 3: Adjust pointers 5.693ms
[20.223s][info][gc,phases,start] GC(582) Phase 4: Move objects
[20.251s][info][gc,phases      ] GC(582) Phase 4: Move objects 28.163ms
[20.251s][info][gc,heap        ] GC(582) DefNew: 156985K(157248K)->0K(157248K) Eden: 139776K(139776K)->0K(139776K) From: 17209K(17472K)->0K(17472K)
[20.251s][info][gc,heap        ] GC(582) Tenured: 349433K(349568K)->347076K(349568K)
[20.251s][info][gc,metaspace   ] GC(582) Metaspace: 30836K(31232K)->30836K(31232K) NonClass: 27587K(27776K)->27587K(27776K) Class: 3248K(3456K)->3248K(3456K)
[20.251s][info][gc             ] GC(582) Pause Full (Allocation Failure) 494M->338M(494M) 47.159ms
[20.251s][info][gc,cpu         ] GC(582) User=0.04s Sys=0.00s Real=0.05s
[20.259s][info][gc,start       ] GC(583) Pause Young (Allocation Failure)
[20.259s][info][gc             ] GC(583) Pause Young (Allocation Failure) 475M->475M(494M) 0.060ms
[20.259s][info][gc,cpu         ] GC(583) User=0.00s Sys=0.00s Real=0.00s
[20.259s][info][gc,start       ] GC(584) Pause Full (Allocation Failure)
[20.259s][info][gc,phases,start] GC(584) Phase 1: Mark live objects
[20.268s][info][gc,phases      ] GC(584) Phase 1: Mark live objects 9.288ms
[20.268s][info][gc,phases,start] GC(584) Phase 2: Compute new object addresses
[20.273s][info][gc,phases      ] GC(584) Phase 2: Compute new object addresses 4.854ms
[20.273s][info][gc,phases,start] GC(584) Phase 3: Adjust pointers
[20.280s][info][gc,phases      ] GC(584) Phase 3: Adjust pointers 6.647ms
[20.280s][info][gc,phases,start] GC(584) Phase 4: Move objects
[20.311s][info][gc,phases      ] GC(584) Phase 4: Move objects 31.764ms
[20.312s][info][gc,heap        ] GC(584) DefNew: 139688K(157248K)->2840K(157248K) Eden: 139688K(139776K)->2840K(139776K) From: 0K(17472K)->0K(17472K)
[20.312s][info][gc,heap        ] GC(584) Tenured: 347076K(349568K)->349524K(349568K)
[20.312s][info][gc,metaspace   ] GC(584) Metaspace: 30837K(31232K)->30837K(31232K) NonClass: 27588K(27776K)->27588K(27776K) Class: 3248K(3456K)->3248K(3456K)
[20.312s][info][gc             ] GC(584) Pause Full (Allocation Failure) 475M->344M(494M) 52.966ms
[20.312s][info][gc,cpu         ] GC(584) User=0.05s Sys=0.00s Real=0.06s
[20.322s][info][gc,start       ] GC(585) Pause Full (Allocation Failure)
[20.322s][info][gc,phases,start] GC(585) Phase 1: Mark live objects
[20.331s][info][gc,phases      ] GC(585) Phase 1: Mark live objects 8.641ms
[20.331s][info][gc,phases,start] GC(585) Phase 2: Compute new object addresses
[20.336s][info][gc,phases      ] GC(585) Phase 2: Compute new object addresses 4.675ms
[20.336s][info][gc,phases,start] GC(585) Phase 3: Adjust pointers
[20.342s][info][gc,phases      ] GC(585) Phase 3: Adjust pointers 5.747ms
[20.342s][info][gc,phases,start] GC(585) Phase 4: Move objects
[20.364s][info][gc,phases      ] GC(585) Phase 4: Move objects 22.208ms
[20.364s][info][gc,heap        ] GC(585) DefNew: 157086K(157248K)->19620K(157248K) Eden: 139776K(139776K)->19620K(139776K) From: 17310K(17472K)->0K(17472K)
[20.364s][info][gc,heap        ] GC(585) Tenured: 349524K(349568K)->349353K(349568K)
[20.364s][info][gc,metaspace   ] GC(585) Metaspace: 30837K(31232K)->30837K(31232K) NonClass: 27588K(27776K)->27588K(27776K) Class: 3248K(3456K)->3248K(3456K)
[20.364s][info][gc             ] GC(585) Pause Full (Allocation Failure) 494M->360M(494M) 41.787ms
[20.364s][info][gc,cpu         ] GC(585) User=0.04s Sys=0.00s Real=0.04s
[20.377s][info][gc,start       ] GC(586) Pause Full (Allocation Failure)
[20.377s][info][gc,phases,start] GC(586) Phase 1: Mark live objects
[20.386s][info][gc,phases      ] GC(586) Phase 1: Mark live objects 9.127ms
[20.386s][info][gc,phases,start] GC(586) Phase 2: Compute new object addresses
[20.391s][info][gc,phases      ] GC(586) Phase 2: Compute new object addresses 4.692ms
[20.391s][info][gc,phases,start] GC(586) Phase 3: Adjust pointers
[20.398s][info][gc,phases      ] GC(586) Phase 3: Adjust pointers 6.809ms
[20.398s][info][gc,phases,start] GC(586) Phase 4: Move objects
[20.425s][info][gc,phases      ] GC(586) Phase 4: Move objects 27.042ms
[20.425s][info][gc,heap        ] GC(586) DefNew: 157022K(157248K)->14162K(157248K) Eden: 139776K(139776K)->14162K(139776K) From: 17246K(17472K)->0K(17472K)
[20.425s][info][gc,heap        ] GC(586) Tenured: 349353K(349568K)->349441K(349568K)
[20.425s][info][gc,metaspace   ] GC(586) Metaspace: 30837K(31232K)->30837K(31232K) NonClass: 27588K(27776K)->27588K(27776K) Class: 3248K(3456K)->3248K(3456K)
[20.425s][info][gc             ] GC(586) Pause Full (Allocation Failure) 494M->355M(494M) 48.110ms
[20.425s][info][gc,cpu         ] GC(586) User=0.05s Sys=0.00s Real=0.05s
[20.436s][info][gc,start       ] GC(587) Pause Full (Allocation Failure)
[20.436s][info][gc,phases,start] GC(587) Phase 1: Mark live objects
[20.445s][info][gc,phases      ] GC(587) Phase 1: Mark live objects 8.906ms
[20.445s][info][gc,phases,start] GC(587) Phase 2: Compute new object addresses
[20.449s][info][gc,phases      ] GC(587) Phase 2: Compute new object addresses 4.521ms
[20.449s][info][gc,phases,start] GC(587) Phase 3: Adjust pointers
[20.456s][info][gc,phases      ] GC(587) Phase 3: Adjust pointers 6.933ms
[20.456s][info][gc,phases,start] GC(587) Phase 4: Move objects
[20.484s][info][gc,phases      ] GC(587) Phase 4: Move objects 27.768ms
[20.484s][info][gc,heap        ] GC(587) DefNew: 156565K(157248K)->0K(157248K) Eden: 139776K(139776K)->0K(139776K) From: 16789K(17472K)->0K(17472K)
[20.484s][info][gc,heap        ] GC(587) Tenured: 349441K(349568K)->345791K(349568K)
[20.484s][info][gc,metaspace   ] GC(587) Metaspace: 30837K(31232K)->30837K(31232K) NonClass: 27588K(27776K)->27588K(27776K) Class: 3248K(3456K)->3248K(3456K)
[20.484s][info][gc             ] GC(587) Pause Full (Allocation Failure) 494M->337M(494M) 48.562ms
[20.484s][info][gc,cpu         ] GC(587) User=0.05s Sys=0.00s Real=0.05s
[20.491s][info][gc,start       ] GC(588) Pause Young (Allocation Failure)
[20.491s][info][gc             ] GC(588) Pause Young (Allocation Failure) 474M->474M(494M) 0.067ms
[20.491s][info][gc,cpu         ] GC(588) User=0.00s Sys=0.00s Real=0.00s
[20.491s][info][gc,start       ] GC(589) Pause Full (Allocation Failure)
[20.491s][info][gc,phases,start] GC(589) Phase 1: Mark live objects
[20.502s][info][gc,phases      ] GC(589) Phase 1: Mark live objects 10.563ms
[20.502s][info][gc,phases,start] GC(589) Phase 2: Compute new object addresses
[20.507s][info][gc,phases      ] GC(589) Phase 2: Compute new object addresses 5.144ms
[20.507s][info][gc,phases,start] GC(589) Phase 3: Adjust pointers
[20.513s][info][gc,phases      ] GC(589) Phase 3: Adjust pointers 6.321ms
[20.513s][info][gc,phases,start] GC(589) Phase 4: Move objects
[20.542s][info][gc,phases      ] GC(589) Phase 4: Move objects 28.345ms
[20.542s][info][gc,heap        ] GC(589) DefNew: 139685K(157248K)->512K(157248K) Eden: 139685K(139776K)->512K(139776K) From: 0K(17472K)->0K(17472K)
[20.542s][info][gc,heap        ] GC(589) Tenured: 345791K(349568K)->349467K(349568K)
[20.542s][info][gc,metaspace   ] GC(589) Metaspace: 30837K(31232K)->30837K(31232K) NonClass: 27588K(27776K)->27588K(27776K) Class: 3248K(3456K)->3248K(3456K)
[20.542s][info][gc             ] GC(589) Pause Full (Allocation Failure) 474M->341M(494M) 50.809ms
[20.542s][info][gc,cpu         ] GC(589) User=0.06s Sys=0.00s Real=0.04s
[20.554s][info][gc,start       ] GC(590) Pause Full (Allocation Failure)
[20.554s][info][gc,phases,start] GC(590) Phase 1: Mark live objects
[20.563s][info][gc,phases      ] GC(590) Phase 1: Mark live objects 9.234ms
[20.563s][info][gc,phases,start] GC(590) Phase 2: Compute new object addresses
[20.568s][info][gc,phases      ] GC(590) Phase 2: Compute new object addresses 4.984ms
[20.568s][info][gc,phases,start] GC(590) Phase 3: Adjust pointers
[20.574s][info][gc,phases      ] GC(590) Phase 3: Adjust pointers 6.071ms
[20.574s][info][gc,phases,start] GC(590) Phase 4: Move objects
[20.597s][info][gc,phases      ] GC(590) Phase 4: Move objects 22.826ms
[20.597s][info][gc,heap        ] GC(590) DefNew: 156390K(157248K)->17752K(157248K) Eden: 139776K(139776K)->17752K(139776K) From: 16614K(17472K)->0K(17472K)
[20.597s][info][gc,heap        ] GC(590) Tenured: 349467K(349568K)->349350K(349568K)
[20.597s][info][gc,metaspace   ] GC(590) Metaspace: 30837K(31232K)->30837K(31232K) NonClass: 27588K(27776K)->27588K(27776K) Class: 3248K(3456K)->3248K(3456K)
[20.597s][info][gc             ] GC(590) Pause Full (Allocation Failure) 494M->358M(494M) 43.581ms
[20.597s][info][gc,cpu         ] GC(590) User=0.05s Sys=0.00s Real=0.04s
[20.608s][info][gc,start       ] GC(591) Pause Full (Allocation Failure)
[20.608s][info][gc,phases,start] GC(591) Phase 1: Mark live objects
[20.617s][info][gc,phases      ] GC(591) Phase 1: Mark live objects 9.258ms
[20.617s][info][gc,phases,start] GC(591) Phase 2: Compute new object addresses
[20.622s][info][gc,phases      ] GC(591) Phase 2: Compute new object addresses 4.759ms
[20.622s][info][gc,phases,start] GC(591) Phase 3: Adjust pointers
[20.628s][info][gc,phases      ] GC(591) Phase 3: Adjust pointers 5.577ms
[20.628s][info][gc,phases,start] GC(591) Phase 4: Move objects
[20.656s][info][gc,phases      ] GC(591) Phase 4: Move objects 28.340ms
[20.656s][info][gc,heap        ] GC(591) DefNew: 157048K(157248K)->16316K(157248K) Eden: 139776K(139776K)->16316K(139776K) From: 17272K(17472K)->0K(17472K)
[20.656s][info][gc,heap        ] GC(591) Tenured: 349350K(349568K)->349345K(349568K)
[20.656s][info][gc,metaspace   ] GC(591) Metaspace: 30837K(31232K)->30837K(31232K) NonClass: 27588K(27776K)->27588K(27776K) Class: 3248K(3456K)->3248K(3456K)
[20.656s][info][gc             ] GC(591) Pause Full (Allocation Failure) 494M->357M(494M) 48.389ms
[20.656s][info][gc,cpu         ] GC(591) User=0.05s Sys=0.00s Real=0.05s
[20.667s][info][gc,start       ] GC(592) Pause Full (Allocation Failure)
[20.667s][info][gc,phases,start] GC(592) Phase 1: Mark live objects
[20.676s][info][gc,phases      ] GC(592) Phase 1: Mark live objects 8.588ms
[20.676s][info][gc,phases,start] GC(592) Phase 2: Compute new object addresses
[20.680s][info][gc,phases      ] GC(592) Phase 2: Compute new object addresses 4.648ms
[20.680s][info][gc,phases,start] GC(592) Phase 3: Adjust pointers
[20.686s][info][gc,phases      ] GC(592) Phase 3: Adjust pointers 5.305ms
[20.686s][info][gc,phases,start] GC(592) Phase 4: Move objects
[20.713s][info][gc,phases      ] GC(592) Phase 4: Move objects 27.593ms
[20.714s][info][gc,heap        ] GC(592) DefNew: 156869K(157248K)->0K(157248K) Eden: 139776K(139776K)->0K(139776K) From: 17093K(17472K)->0K(17472K)
[20.714s][info][gc,heap        ] GC(592) Tenured: 349345K(349568K)->346047K(349568K)
[20.714s][info][gc,metaspace   ] GC(592) Metaspace: 30837K(31232K)->30837K(31232K) NonClass: 27588K(27776K)->27588K(27776K) Class: 3248K(3456K)->3248K(3456K)
[20.714s][info][gc             ] GC(592) Pause Full (Allocation Failure) 494M->337M(494M) 46.569ms
[20.714s][info][gc,cpu         ] GC(592) User=0.05s Sys=0.00s Real=0.05s
[20.721s][info][gc,start       ] GC(593) Pause Young (Allocation Failure)
[20.721s][info][gc             ] GC(593) Pause Young (Allocation Failure) 474M->474M(494M) 0.068ms
[20.721s][info][gc,cpu         ] GC(593) User=0.00s Sys=0.00s Real=0.00s
[20.721s][info][gc,start       ] GC(594) Pause Full (Allocation Failure)
[20.721s][info][gc,phases,start] GC(594) Phase 1: Mark live objects
[20.730s][info][gc,phases      ] GC(594) Phase 1: Mark live objects 8.880ms
[20.730s][info][gc,phases,start] GC(594) Phase 2: Compute new object addresses
[20.734s][info][gc,phases      ] GC(594) Phase 2: Compute new object addresses 4.563ms
[20.734s][info][gc,phases,start] GC(594) Phase 3: Adjust pointers
[20.740s][info][gc,phases      ] GC(594) Phase 3: Adjust pointers 5.642ms
[20.740s][info][gc,phases,start] GC(594) Phase 4: Move objects
[20.767s][info][gc,phases      ] GC(594) Phase 4: Move objects 26.899ms
[20.767s][info][gc,heap        ] GC(594) DefNew: 139776K(157248K)->2825K(157248K) Eden: 139776K(139776K)->2825K(139776K) From: 0K(17472K)->0K(17472K)
[20.767s][info][gc,heap        ] GC(594) Tenured: 346047K(349568K)->349469K(349568K)
[20.767s][info][gc,metaspace   ] GC(594) Metaspace: 30837K(31232K)->30837K(31232K) NonClass: 27588K(27776K)->27588K(27776K) Class: 3248K(3456K)->3248K(3456K)
[20.767s][info][gc             ] GC(594) Pause Full (Allocation Failure) 474M->344M(494M) 46.370ms
[20.767s][info][gc,cpu         ] GC(594) User=0.05s Sys=0.00s Real=0.05s
[20.780s][info][gc,start       ] GC(595) Pause Full (Allocation Failure)
[20.780s][info][gc,phases,start] GC(595) Phase 1: Mark live objects
[20.788s][info][gc,phases      ] GC(595) Phase 1: Mark live objects 8.452ms
[20.788s][info][gc,phases,start] GC(595) Phase 2: Compute new object addresses
[20.793s][info][gc,phases      ] GC(595) Phase 2: Compute new object addresses 4.706ms
[20.793s][info][gc,phases,start] GC(595) Phase 3: Adjust pointers
[20.798s][info][gc,phases      ] GC(595) Phase 3: Adjust pointers 5.620ms
[20.798s][info][gc,phases,start] GC(595) Phase 4: Move objects
[20.821s][info][gc,phases      ] GC(595) Phase 4: Move objects 22.418ms
[20.821s][info][gc,heap        ] GC(595) DefNew: 157246K(157248K)->18527K(157248K) Eden: 139776K(139776K)->18527K(139776K) From: 17470K(17472K)->0K(17472K)
[20.821s][info][gc,heap        ] GC(595) Tenured: 349469K(349568K)->349346K(349568K)
[20.821s][info][gc,metaspace   ] GC(595) Metaspace: 30837K(31232K)->30837K(31232K) NonClass: 27588K(27776K)->27588K(27776K) Class: 3248K(3456K)->3248K(3456K)
[20.821s][info][gc             ] GC(595) Pause Full (Allocation Failure) 494M->359M(494M) 41.660ms
[20.821s][info][gc,cpu         ] GC(595) User=0.04s Sys=0.00s Real=0.04s
[20.833s][info][gc,start       ] GC(596) Pause Full (Allocation Failure)
[20.833s][info][gc,phases,start] GC(596) Phase 1: Mark live objects
[20.841s][info][gc,phases      ] GC(596) Phase 1: Mark live objects 8.661ms
[20.841s][info][gc,phases,start] GC(596) Phase 2: Compute new object addresses
[20.846s][info][gc,phases      ] GC(596) Phase 2: Compute new object addresses 4.725ms
[20.846s][info][gc,phases,start] GC(596) Phase 3: Adjust pointers
[20.852s][info][gc,phases      ] GC(596) Phase 3: Adjust pointers 5.426ms
[20.852s][info][gc,phases,start] GC(596) Phase 4: Move objects
[20.878s][info][gc,phases      ] GC(596) Phase 4: Move objects 26.249ms
[20.878s][info][gc,heap        ] GC(596) DefNew: 156459K(157248K)->18789K(157248K) Eden: 139776K(139776K)->18789K(139776K) From: 16683K(17472K)->0K(17472K)
[20.878s][info][gc,heap        ] GC(596) Tenured: 349346K(349568K)->349438K(349568K)
[20.878s][info][gc,metaspace   ] GC(596) Metaspace: 30837K(31232K)->30837K(31232K) NonClass: 27588K(27776K)->27588K(27776K) Class: 3248K(3456K)->3248K(3456K)
[20.878s][info][gc             ] GC(596) Pause Full (Allocation Failure) 493M->359M(494M) 45.544ms
[20.878s][info][gc,cpu         ] GC(596) User=0.04s Sys=0.00s Real=0.04s
[20.889s][info][gc,start       ] GC(597) Pause Full (Allocation Failure)
[20.889s][info][gc,phases,start] GC(597) Phase 1: Mark live objects
[20.897s][info][gc,phases      ] GC(597) Phase 1: Mark live objects 8.217ms
[20.897s][info][gc,phases,start] GC(597) Phase 2: Compute new object addresses
[20.902s][info][gc,phases      ] GC(597) Phase 2: Compute new object addresses 4.453ms
[20.902s][info][gc,phases,start] GC(597) Phase 3: Adjust pointers
[20.907s][info][gc,phases      ] GC(597) Phase 3: Adjust pointers 5.537ms
[20.907s][info][gc,phases,start] GC(597) Phase 4: Move objects
[20.933s][info][gc,phases      ] GC(597) Phase 4: Move objects 26.067ms
[20.934s][info][gc,heap        ] GC(597) DefNew: 156910K(157248K)->22904K(157248K) Eden: 139776K(139776K)->22904K(139776K) From: 17134K(17472K)->0K(17472K)
[20.934s][info][gc,heap        ] GC(597) Tenured: 349438K(349568K)->348844K(349568K)
[20.934s][info][gc,metaspace   ] GC(597) Metaspace: 30837K(31232K)->30837K(31232K) NonClass: 27588K(27776K)->27588K(27776K) Class: 3248K(3456K)->3248K(3456K)
[20.934s][info][gc             ] GC(597) Pause Full (Allocation Failure) 494M->363M(494M) 44.712ms
[20.934s][info][gc,cpu         ] GC(597) User=0.04s Sys=0.00s Real=0.05s
[20.944s][info][gc,start       ] GC(598) Pause Full (Allocation Failure)
[20.944s][info][gc,phases,start] GC(598) Phase 1: Mark live objects
[20.952s][info][gc,phases      ] GC(598) Phase 1: Mark live objects 8.441ms
[20.952s][info][gc,phases,start] GC(598) Phase 2: Compute new object addresses
[20.957s][info][gc,phases      ] GC(598) Phase 2: Compute new object addresses 4.568ms
[20.957s][info][gc,phases,start] GC(598) Phase 3: Adjust pointers
[20.963s][info][gc,phases      ] GC(598) Phase 3: Adjust pointers 5.521ms
[20.963s][info][gc,phases,start] GC(598) Phase 4: Move objects
[20.991s][info][gc,phases      ] GC(598) Phase 4: Move objects 28.168ms
[20.991s][info][gc,heap        ] GC(598) DefNew: 157247K(157248K)->1037K(157248K) Eden: 139776K(139776K)->1037K(139776K) From: 17471K(17472K)->0K(17472K)
[20.991s][info][gc,heap        ] GC(598) Tenured: 349147K(349568K)->349467K(349568K)
[20.991s][info][gc,metaspace   ] GC(598) Metaspace: 30837K(31232K)->30837K(31232K) NonClass: 27588K(27776K)->27588K(27776K) Class: 3248K(3456K)->3248K(3456K)
[20.991s][info][gc             ] GC(598) Pause Full (Allocation Failure) 494M->342M(494M) 47.097ms
[20.991s][info][gc,cpu         ] GC(598) User=0.05s Sys=0.00s Real=0.05s
[21.002s][info][gc,start       ] GC(599) Pause Full (Allocation Failure)
[21.002s][info][gc,phases,start] GC(599) Phase 1: Mark live objects
[21.011s][info][gc,phases      ] GC(599) Phase 1: Mark live objects 8.941ms
[21.011s][info][gc,phases,start] GC(599) Phase 2: Compute new object addresses
[21.016s][info][gc,phases      ] GC(599) Phase 2: Compute new object addresses 5.061ms
[21.016s][info][gc,phases,start] GC(599) Phase 3: Adjust pointers
[21.022s][info][gc,phases      ] GC(599) Phase 3: Adjust pointers 5.872ms
[21.022s][info][gc,phases,start] GC(599) Phase 4: Move objects
[21.045s][info][gc,phases      ] GC(599) Phase 4: Move objects 22.836ms
[21.045s][info][gc,heap        ] GC(599) DefNew: 156714K(157248K)->21349K(157248K) Eden: 139776K(139776K)->21349K(139776K) From: 16938K(17472K)->0K(17472K)
[21.045s][info][gc,heap        ] GC(599) Tenured: 349467K(349568K)->349355K(349568K)
[21.045s][info][gc,metaspace   ] GC(599) Metaspace: 30837K(31232K)->30837K(31232K) NonClass: 27588K(27776K)->27588K(27776K) Class: 3248K(3456K)->3248K(3456K)
[21.045s][info][gc             ] GC(599) Pause Full (Allocation Failure) 494M->362M(494M) 43.205ms
[21.045s][info][gc,cpu         ] GC(599) User=0.04s Sys=0.00s Real=0.05s
[21.053s][info][gc,start       ] GC(600) Pause Full (Allocation Failure)
[21.053s][info][gc,phases,start] GC(600) Phase 1: Mark live objects
[21.062s][info][gc,phases      ] GC(600) Phase 1: Mark live objects 8.800ms
[21.062s][info][gc,phases,start] GC(600) Phase 2: Compute new object addresses
[21.067s][info][gc,phases      ] GC(600) Phase 2: Compute new object addresses 4.574ms
[21.067s][info][gc,phases,start] GC(600) Phase 3: Adjust pointers
[21.072s][info][gc,phases      ] GC(600) Phase 3: Adjust pointers 5.503ms
[21.072s][info][gc,phases,start] GC(600) Phase 4: Move objects
[21.101s][info][gc,phases      ] GC(600) Phase 4: Move objects 28.311ms
[21.101s][info][gc,heap        ] GC(600) DefNew: 157090K(157248K)->25560K(157248K) Eden: 139776K(139776K)->25560K(139776K) From: 17314K(17472K)->0K(17472K)
[21.101s][info][gc,heap        ] GC(600) Tenured: 349355K(349568K)->349081K(349568K)
[21.101s][info][gc,metaspace   ] GC(600) Metaspace: 30837K(31232K)->30837K(31232K) NonClass: 27588K(27776K)->27588K(27776K) Class: 3248K(3456K)->3248K(3456K)
[21.101s][info][gc             ] GC(600) Pause Full (Allocation Failure) 494M->365M(494M) 47.630ms
[21.101s][info][gc,cpu         ] GC(600) User=0.05s Sys=0.00s Real=0.04s
[21.109s][info][gc,start       ] GC(601) Pause Full (Allocation Failure)
[21.109s][info][gc,phases,start] GC(601) Phase 1: Mark live objects
[21.118s][info][gc,phases      ] GC(601) Phase 1: Mark live objects 9.030ms
[21.118s][info][gc,phases,start] GC(601) Phase 2: Compute new object addresses
[21.123s][info][gc,phases      ] GC(601) Phase 2: Compute new object addresses 4.554ms
[21.123s][info][gc,phases,start] GC(601) Phase 3: Adjust pointers
[21.129s][info][gc,phases      ] GC(601) Phase 3: Adjust pointers 5.722ms
[21.129s][info][gc,phases,start] GC(601) Phase 4: Move objects
[21.155s][info][gc,phases      ] GC(601) Phase 4: Move objects 26.755ms
[21.156s][info][gc,heap        ] GC(601) DefNew: 156892K(157248K)->28026K(157248K) Eden: 139776K(139776K)->28026K(139776K) From: 17116K(17472K)->0K(17472K)
[21.156s][info][gc,heap        ] GC(601) Tenured: 349081K(349568K)->349347K(349568K)
[21.156s][info][gc,metaspace   ] GC(601) Metaspace: 30837K(31232K)->30837K(31232K) NonClass: 27588K(27776K)->27588K(27776K) Class: 3248K(3456K)->3248K(3456K)
[21.156s][info][gc             ] GC(601) Pause Full (Allocation Failure) 494M->368M(494M) 46.550ms
[21.156s][info][gc,cpu         ] GC(601) User=0.05s Sys=0.00s Real=0.05s
[21.162s][info][gc,start       ] GC(602) Pause Full (Allocation Failure)
[21.162s][info][gc,phases,start] GC(602) Phase 1: Mark live objects
[21.172s][info][gc,phases      ] GC(602) Phase 1: Mark live objects 9.394ms
[21.172s][info][gc,phases,start] GC(602) Phase 2: Compute new object addresses
[21.176s][info][gc,phases      ] GC(602) Phase 2: Compute new object addresses 4.540ms
[21.176s][info][gc,phases,start] GC(602) Phase 3: Adjust pointers
[21.182s][info][gc,phases      ] GC(602) Phase 3: Adjust pointers 5.687ms
[21.182s][info][gc,phases,start] GC(602) Phase 4: Move objects
[21.212s][info][gc,phases      ] GC(602) Phase 4: Move objects 29.726ms
[21.212s][info][gc,heap        ] GC(602) DefNew: 157025K(157248K)->12107K(157248K) Eden: 139776K(139776K)->12107K(139776K) From: 17249K(17472K)->0K(17472K)
[21.212s][info][gc,heap        ] GC(602) Tenured: 349347K(349568K)->349433K(349568K)
[21.212s][info][gc,metaspace   ] GC(602) Metaspace: 30837K(31232K)->30837K(31232K) NonClass: 27588K(27776K)->27588K(27776K) Class: 3248K(3456K)->3248K(3456K)
[21.212s][info][gc             ] GC(602) Pause Full (Allocation Failure) 494M->353M(494M) 49.810ms
[21.212s][info][gc,cpu         ] GC(602) User=0.05s Sys=0.00s Real=0.06s
[21.222s][info][gc,start       ] GC(603) Pause Full (Allocation Failure)
[21.223s][info][gc,phases,start] GC(603) Phase 1: Mark live objects
[21.231s][info][gc,phases      ] GC(603) Phase 1: Mark live objects 8.571ms
[21.231s][info][gc,phases,start] GC(603) Phase 2: Compute new object addresses
[21.236s][info][gc,phases      ] GC(603) Phase 2: Compute new object addresses 4.641ms
[21.236s][info][gc,phases,start] GC(603) Phase 3: Adjust pointers
[21.242s][info][gc,phases      ] GC(603) Phase 3: Adjust pointers 5.750ms
[21.242s][info][gc,phases,start] GC(603) Phase 4: Move objects
[21.269s][info][gc,phases      ] GC(603) Phase 4: Move objects 27.300ms
[21.269s][info][gc,heap        ] GC(603) DefNew: 156764K(157248K)->27538K(157248K) Eden: 139775K(139776K)->27538K(139776K) From: 16988K(17472K)->0K(17472K)
[21.269s][info][gc,heap        ] GC(603) Tenured: 349433K(349568K)->349347K(349568K)
[21.269s][info][gc,metaspace   ] GC(603) Metaspace: 30837K(31232K)->30837K(31232K) NonClass: 27588K(27776K)->27588K(27776K) Class: 3248K(3456K)->3248K(3456K)
[21.269s][info][gc             ] GC(603) Pause Full (Allocation Failure) 494M->368M(494M) 46.744ms
[21.269s][info][gc,cpu         ] GC(603) User=0.05s Sys=0.00s Real=0.04s
[21.281s][info][gc,start       ] GC(604) Pause Full (Allocation Failure)
[21.282s][info][gc,phases,start] GC(604) Phase 1: Mark live objects
[21.290s][info][gc,phases      ] GC(604) Phase 1: Mark live objects 8.949ms
[21.291s][info][gc,phases,start] GC(604) Phase 2: Compute new object addresses
[21.295s][info][gc,phases      ] GC(604) Phase 2: Compute new object addresses 4.667ms
[21.295s][info][gc,phases,start] GC(604) Phase 3: Adjust pointers
[21.301s][info][gc,phases      ] GC(604) Phase 3: Adjust pointers 5.717ms
[21.301s][info][gc,phases,start] GC(604) Phase 4: Move objects
[21.329s][info][gc,phases      ] GC(604) Phase 4: Move objects 27.640ms
[21.329s][info][gc,heap        ] GC(604) DefNew: 156827K(157248K)->24839K(157248K) Eden: 139776K(139776K)->24839K(139776K) From: 17051K(17472K)->0K(17472K)
[21.329s][info][gc,heap        ] GC(604) Tenured: 349347K(349568K)->349559K(349568K)
[21.329s][info][gc,metaspace   ] GC(604) Metaspace: 30844K(31232K)->30844K(31232K) NonClass: 27595K(27776K)->27595K(27776K) Class: 3248K(3456K)->3248K(3456K)
[21.329s][info][gc             ] GC(604) Pause Full (Allocation Failure) 494M->365M(494M) 47.405ms
[21.329s][info][gc,cpu         ] GC(604) User=0.05s Sys=0.00s Real=0.05s
[21.345s][info][gc,start       ] GC(605) Pause Full (Allocation Failure)
[21.345s][info][gc,phases,start] GC(605) Phase 1: Mark live objects
[21.353s][info][gc,phases      ] GC(605) Phase 1: Mark live objects 8.004ms
[21.353s][info][gc,phases,start] GC(605) Phase 2: Compute new object addresses
[21.357s][info][gc,phases      ] GC(605) Phase 2: Compute new object addresses 4.483ms
[21.357s][info][gc,phases,start] GC(605) Phase 3: Adjust pointers
[21.363s][info][gc,phases      ] GC(605) Phase 3: Adjust pointers 5.910ms
[21.363s][info][gc,phases,start] GC(605) Phase 4: Move objects
[21.396s][info][gc,phases      ] GC(605) Phase 4: Move objects 32.587ms
[21.396s][info][gc,heap        ] GC(605) DefNew: 157031K(157248K)->8760K(157248K) Eden: 139776K(139776K)->8760K(139776K) From: 17255K(17472K)->0K(17472K)
[21.396s][info][gc,heap        ] GC(605) Tenured: 349559K(349568K)->349363K(349568K)
[21.396s][info][gc,metaspace   ] GC(605) Metaspace: 30844K(31232K)->30844K(31232K) NonClass: 27595K(27776K)->27595K(27776K) Class: 3248K(3456K)->3248K(3456K)
[21.396s][info][gc             ] GC(605) Pause Full (Allocation Failure) 494M->349M(494M) 51.432ms
[21.396s][info][gc,cpu         ] GC(605) User=0.05s Sys=0.00s Real=0.05s
[21.407s][info][gc,start       ] GC(606) Pause Full (Allocation Failure)
[21.407s][info][gc,phases,start] GC(606) Phase 1: Mark live objects
[21.415s][info][gc,phases      ] GC(606) Phase 1: Mark live objects 8.635ms
[21.415s][info][gc,phases,start] GC(606) Phase 2: Compute new object addresses
[21.420s][info][gc,phases      ] GC(606) Phase 2: Compute new object addresses 4.772ms
[21.420s][info][gc,phases,start] GC(606) Phase 3: Adjust pointers
[21.426s][info][gc,phases      ] GC(606) Phase 3: Adjust pointers 5.502ms
[21.426s][info][gc,phases,start] GC(606) Phase 4: Move objects
[21.454s][info][gc,phases      ] GC(606) Phase 4: Move objects 27.993ms
[21.454s][info][gc,heap        ] GC(606) DefNew: 156572K(157248K)->3100K(157248K) Eden: 139776K(139776K)->3100K(139776K) From: 16796K(17472K)->0K(17472K)
[21.454s][info][gc,heap        ] GC(606) Tenured: 349363K(349568K)->349458K(349568K)
[21.454s][info][gc,metaspace   ] GC(606) Metaspace: 30844K(31232K)->30844K(31232K) NonClass: 27595K(27776K)->27595K(27776K) Class: 3248K(3456K)->3248K(3456K)
[21.454s][info][gc             ] GC(606) Pause Full (Allocation Failure) 494M->344M(494M) 47.482ms
[21.454s][info][gc,cpu         ] GC(606) User=0.05s Sys=0.01s Real=0.05s
[21.465s][info][gc,start       ] GC(607) Pause Full (Allocation Failure)
[21.465s][info][gc,phases,start] GC(607) Phase 1: Mark live objects
[21.473s][info][gc,phases      ] GC(607) Phase 1: Mark live objects 8.623ms
[21.473s][info][gc,phases,start] GC(607) Phase 2: Compute new object addresses
[21.478s][info][gc,phases      ] GC(607) Phase 2: Compute new object addresses 4.617ms
[21.478s][info][gc,phases,start] GC(607) Phase 3: Adjust pointers
[21.484s][info][gc,phases      ] GC(607) Phase 3: Adjust pointers 6.074ms
[21.484s][info][gc,phases,start] GC(607) Phase 4: Move objects
[21.503s][info][gc,phases      ] GC(607) Phase 4: Move objects 19.087ms
[21.503s][info][gc,heap        ] GC(607) DefNew: 156849K(157248K)->23163K(157248K) Eden: 139776K(139776K)->23163K(139776K) From: 17073K(17472K)->0K(17472K)
[21.504s][info][gc,heap        ] GC(607) Tenured: 349458K(349568K)->349351K(349568K)
[21.504s][info][gc,metaspace   ] GC(607) Metaspace: 30844K(31232K)->30844K(31232K) NonClass: 27595K(27776K)->27595K(27776K) Class: 3248K(3456K)->3248K(3456K)
[21.504s][info][gc             ] GC(607) Pause Full (Allocation Failure) 494M->363M(494M) 38.882ms
[21.504s][info][gc,cpu         ] GC(607) User=0.04s Sys=0.00s Real=0.04s
[21.515s][info][gc,start       ] GC(608) Pause Full (Allocation Failure)
[21.515s][info][gc,phases,start] GC(608) Phase 1: Mark live objects
[21.525s][info][gc,phases      ] GC(608) Phase 1: Mark live objects 9.701ms
[21.525s][info][gc,phases,start] GC(608) Phase 2: Compute new object addresses
[21.530s][info][gc,phases      ] GC(608) Phase 2: Compute new object addresses 4.814ms
[21.530s][info][gc,phases,start] GC(608) Phase 3: Adjust pointers
[21.536s][info][gc,phases      ] GC(608) Phase 3: Adjust pointers 5.845ms
[21.536s][info][gc,phases,start] GC(608) Phase 4: Move objects
[21.563s][info][gc,phases      ] GC(608) Phase 4: Move objects 27.666ms
[21.564s][info][gc,heap        ] GC(608) DefNew: 156933K(157248K)->26332K(157248K) Eden: 139776K(139776K)->26332K(139776K) From: 17157K(17472K)->0K(17472K)
[21.564s][info][gc,heap        ] GC(608) Tenured: 349351K(349568K)->349341K(349568K)
[21.564s][info][gc,metaspace   ] GC(608) Metaspace: 30844K(31232K)->30844K(31232K) NonClass: 27595K(27776K)->27595K(27776K) Class: 3248K(3456K)->3248K(3456K)
[21.564s][info][gc             ] GC(608) Pause Full (Allocation Failure) 494M->366M(494M) 48.511ms
[21.564s][info][gc,cpu         ] GC(608) User=0.05s Sys=0.00s Real=0.05s
[21.573s][info][gc,start       ] GC(609) Pause Full (Allocation Failure)
[21.573s][info][gc,phases,start] GC(609) Phase 1: Mark live objects
[21.582s][info][gc,phases      ] GC(609) Phase 1: Mark live objects 8.327ms
[21.582s][info][gc,phases,start] GC(609) Phase 2: Compute new object addresses
[21.586s][info][gc,phases      ] GC(609) Phase 2: Compute new object addresses 4.373ms
[21.586s][info][gc,phases,start] GC(609) Phase 3: Adjust pointers
[21.591s][info][gc,phases      ] GC(609) Phase 3: Adjust pointers 5.396ms
[21.591s][info][gc,phases,start] GC(609) Phase 4: Move objects
[21.619s][info][gc,phases      ] GC(609) Phase 4: Move objects 27.858ms
[21.619s][info][gc,heap        ] GC(609) DefNew: 157049K(157248K)->16207K(157248K) Eden: 139776K(139776K)->16207K(139776K) From: 17273K(17472K)->0K(17472K)
[21.619s][info][gc,heap        ] GC(609) Tenured: 349341K(349568K)->349350K(349568K)
[21.619s][info][gc,metaspace   ] GC(609) Metaspace: 30844K(31232K)->30844K(31232K) NonClass: 27595K(27776K)->27595K(27776K) Class: 3248K(3456K)->3248K(3456K)
[21.620s][info][gc             ] GC(609) Pause Full (Allocation Failure) 494M->356M(494M) 46.381ms
[21.620s][info][gc,cpu         ] GC(609) User=0.05s Sys=0.00s Real=0.04s
[21.628s][info][gc,start       ] GC(610) Pause Full (Allocation Failure)
[21.628s][info][gc,phases,start] GC(610) Phase 1: Mark live objects
[21.636s][info][gc,phases      ] GC(610) Phase 1: Mark live objects 8.507ms
[21.636s][info][gc,phases,start] GC(610) Phase 2: Compute new object addresses
[21.641s][info][gc,phases      ] GC(610) Phase 2: Compute new object addresses 4.650ms
[21.641s][info][gc,phases,start] GC(610) Phase 3: Adjust pointers
[21.646s][info][gc,phases      ] GC(610) Phase 3: Adjust pointers 5.503ms
[21.646s][info][gc,phases,start] GC(610) Phase 4: Move objects
[21.674s][info][gc,phases      ] GC(610) Phase 4: Move objects 27.990ms
[21.675s][info][gc,heap        ] GC(610) DefNew: 157087K(157248K)->13388K(157248K) Eden: 139776K(139776K)->13388K(139776K) From: 17311K(17472K)->0K(17472K)
[21.675s][info][gc,heap        ] GC(610) Tenured: 349350K(349568K)->349428K(349568K)
[21.675s][info][gc,metaspace   ] GC(610) Metaspace: 30844K(31232K)->30844K(31232K) NonClass: 27595K(27776K)->27595K(27776K) Class: 3248K(3456K)->3248K(3456K)
[21.675s][info][gc             ] GC(610) Pause Full (Allocation Failure) 494M->354M(494M) 47.129ms
[21.675s][info][gc,cpu         ] GC(610) User=0.05s Sys=0.00s Real=0.05s
[21.686s][info][gc,start       ] GC(611) Pause Full (Allocation Failure)
[21.686s][info][gc,phases,start] GC(611) Phase 1: Mark live objects
[21.694s][info][gc,phases      ] GC(611) Phase 1: Mark live objects 8.283ms
[21.694s][info][gc,phases,start] GC(611) Phase 2: Compute new object addresses
[21.699s][info][gc,phases      ] GC(611) Phase 2: Compute new object addresses 4.428ms
[21.699s][info][gc,phases,start] GC(611) Phase 3: Adjust pointers
[21.704s][info][gc,phases      ] GC(611) Phase 3: Adjust pointers 5.600ms
[21.704s][info][gc,phases,start] GC(611) Phase 4: Move objects
[21.728s][info][gc,phases      ] GC(611) Phase 4: Move objects 23.982ms
[21.729s][info][gc,heap        ] GC(611) DefNew: 157180K(157248K)->28802K(157248K) Eden: 139776K(139776K)->28802K(139776K) From: 17404K(17472K)->0K(17472K)
[21.729s][info][gc,heap        ] GC(611) Tenured: 349428K(349568K)->349343K(349568K)
[21.729s][info][gc,metaspace   ] GC(611) Metaspace: 30844K(31232K)->30844K(31232K) NonClass: 27595K(27776K)->27595K(27776K) Class: 3248K(3456K)->3248K(3456K)
[21.729s][info][gc             ] GC(611) Pause Full (Allocation Failure) 494M->369M(494M) 42.728ms
[21.729s][info][gc,cpu         ] GC(611) User=0.04s Sys=0.00s Real=0.04s
[21.737s][info][gc,start       ] GC(612) Pause Full (Allocation Failure)
[21.737s][info][gc,phases,start] GC(612) Phase 1: Mark live objects
[21.746s][info][gc,phases      ] GC(612) Phase 1: Mark live objects 9.271ms
[21.746s][info][gc,phases,start] GC(612) Phase 2: Compute new object addresses
[21.751s][info][gc,phases      ] GC(612) Phase 2: Compute new object addresses 4.982ms
[21.751s][info][gc,phases,start] GC(612) Phase 3: Adjust pointers
[21.758s][info][gc,phases      ] GC(612) Phase 3: Adjust pointers 6.074ms
[21.758s][info][gc,phases,start] GC(612) Phase 4: Move objects
[21.785s][info][gc,phases      ] GC(612) Phase 4: Move objects 27.877ms
[21.786s][info][gc,heap        ] GC(612) DefNew: 157244K(157248K)->31200K(157248K) Eden: 139776K(139776K)->31200K(139776K) From: 17468K(17472K)->0K(17472K)
[21.786s][info][gc,heap        ] GC(612) Tenured: 349343K(349568K)->349342K(349568K)
[21.786s][info][gc,metaspace   ] GC(612) Metaspace: 30844K(31232K)->30844K(31232K) NonClass: 27595K(27776K)->27595K(27776K) Class: 3248K(3456K)->3248K(3456K)
[21.786s][info][gc             ] GC(612) Pause Full (Allocation Failure) 494M->371M(494M) 48.640ms
[21.786s][info][gc,cpu         ] GC(612) User=0.06s Sys=0.00s Real=0.05s
[21.796s][info][gc,start       ] GC(613) Pause Full (Allocation Failure)
[21.796s][info][gc,phases,start] GC(613) Phase 1: Mark live objects
[21.805s][info][gc,phases      ] GC(613) Phase 1: Mark live objects 8.582ms
[21.805s][info][gc,phases,start] GC(613) Phase 2: Compute new object addresses
[21.810s][info][gc,phases      ] GC(613) Phase 2: Compute new object addresses 4.481ms
[21.810s][info][gc,phases,start] GC(613) Phase 3: Adjust pointers
[21.815s][info][gc,phases      ] GC(613) Phase 3: Adjust pointers 5.681ms
[21.815s][info][gc,phases,start] GC(613) Phase 4: Move objects
[21.844s][info][gc,phases      ] GC(613) Phase 4: Move objects 28.505ms
[21.844s][info][gc,heap        ] GC(613) DefNew: 156721K(157248K)->8232K(157248K) Eden: 139776K(139776K)->8232K(139776K) From: 16945K(17472K)->0K(17472K)
[21.844s][info][gc,heap        ] GC(613) Tenured: 349342K(349568K)->349373K(349568K)
[21.844s][info][gc,metaspace   ] GC(613) Metaspace: 30844K(31232K)->30844K(31232K) NonClass: 27595K(27776K)->27595K(27776K) Class: 3248K(3456K)->3248K(3456K)
[21.844s][info][gc             ] GC(613) Pause Full (Allocation Failure) 494M->349M(494M) 47.671ms
[21.844s][info][gc,cpu         ] GC(613) User=0.06s Sys=0.00s Real=0.05s
[21.857s][info][gc,start       ] GC(614) Pause Full (Allocation Failure)
[21.857s][info][gc,phases,start] GC(614) Phase 1: Mark live objects
[21.866s][info][gc,phases      ] GC(614) Phase 1: Mark live objects 8.617ms
[21.866s][info][gc,phases,start] GC(614) Phase 2: Compute new object addresses
[21.871s][info][gc,phases      ] GC(614) Phase 2: Compute new object addresses 4.734ms
[21.871s][info][gc,phases,start] GC(614) Phase 3: Adjust pointers
[21.876s][info][gc,phases      ] GC(614) Phase 3: Adjust pointers 5.542ms
[21.876s][info][gc,phases,start] GC(614) Phase 4: Move objects
[21.906s][info][gc,phases      ] GC(614) Phase 4: Move objects 29.412ms
[21.906s][info][gc,heap        ] GC(614) DefNew: 157131K(157248K)->13632K(157248K) Eden: 139776K(139776K)->13632K(139776K) From: 17355K(17472K)->0K(17472K)
[21.906s][info][gc,heap        ] GC(614) Tenured: 349373K(349568K)->349438K(349568K)
[21.906s][info][gc,metaspace   ] GC(614) Metaspace: 30844K(31232K)->30844K(31232K) NonClass: 27595K(27776K)->27595K(27776K) Class: 3248K(3456K)->3248K(3456K)
[21.906s][info][gc             ] GC(614) Pause Full (Allocation Failure) 494M->354M(494M) 48.740ms
[21.906s][info][gc,cpu         ] GC(614) User=0.05s Sys=0.00s Real=0.05s
[21.917s][info][gc,start       ] GC(615) Pause Full (Allocation Failure)
[21.917s][info][gc,phases,start] GC(615) Phase 1: Mark live objects
[21.925s][info][gc,phases      ] GC(615) Phase 1: Mark live objects 8.706ms
[21.925s][info][gc,phases,start] GC(615) Phase 2: Compute new object addresses
[21.930s][info][gc,phases      ] GC(615) Phase 2: Compute new object addresses 4.626ms
[21.930s][info][gc,phases,start] GC(615) Phase 3: Adjust pointers
[21.936s][info][gc,phases      ] GC(615) Phase 3: Adjust pointers 5.648ms
[21.936s][info][gc,phases,start] GC(615) Phase 4: Move objects
[21.960s][info][gc,phases      ] GC(615) Phase 4: Move objects 23.810ms
[21.960s][info][gc,heap        ] GC(615) DefNew: 156604K(157248K)->29356K(157248K) Eden: 139776K(139776K)->29356K(139776K) From: 16828K(17472K)->0K(17472K)
[21.960s][info][gc,heap        ] GC(615) Tenured: 349438K(349568K)->349420K(349568K)
[21.960s][info][gc,metaspace   ] GC(615) Metaspace: 30844K(31232K)->30844K(31232K) NonClass: 27595K(27776K)->27595K(27776K) Class: 3248K(3456K)->3248K(3456K)
[21.960s][info][gc             ] GC(615) Pause Full (Allocation Failure) 494M->369M(494M) 43.233ms
[21.960s][info][gc,cpu         ] GC(615) User=0.05s Sys=0.00s Real=0.04s
[21.976s][info][gc,start       ] GC(616) Pause Full (Allocation Failure)
[21.976s][info][gc,phases,start] GC(616) Phase 1: Mark live objects
[21.984s][info][gc,phases      ] GC(616) Phase 1: Mark live objects 8.460ms
[21.984s][info][gc,phases,start] GC(616) Phase 2: Compute new object addresses
[21.989s][info][gc,phases      ] GC(616) Phase 2: Compute new object addresses 4.306ms
[21.989s][info][gc,phases,start] GC(616) Phase 3: Adjust pointers
[21.994s][info][gc,phases      ] GC(616) Phase 3: Adjust pointers 5.567ms
[21.994s][info][gc,phases,start] GC(616) Phase 4: Move objects
[22.023s][info][gc,phases      ] GC(616) Phase 4: Move objects 28.945ms
[22.023s][info][gc,heap        ] GC(616) DefNew: 157174K(157248K)->25991K(157248K) Eden: 139776K(139776K)->25991K(139776K) From: 17398K(17472K)->0K(17472K)
[22.023s][info][gc,heap        ] GC(616) Tenured: 349420K(349568K)->349342K(349568K)
[22.023s][info][gc,metaspace   ] GC(616) Metaspace: 30844K(31232K)->30844K(31232K) NonClass: 27595K(27776K)->27595K(27776K) Class: 3248K(3456K)->3248K(3456K)
[22.023s][info][gc             ] GC(616) Pause Full (Allocation Failure) 494M->366M(494M) 47.776ms
[22.024s][info][gc,cpu         ] GC(616) User=0.06s Sys=0.00s Real=0.05s
[22.034s][info][gc,start       ] GC(617) Pause Full (Allocation Failure)
[22.034s][info][gc,phases,start] GC(617) Phase 1: Mark live objects
[22.043s][info][gc,phases      ] GC(617) Phase 1: Mark live objects 8.781ms
[22.043s][info][gc,phases,start] GC(617) Phase 2: Compute new object addresses
[22.048s][info][gc,phases      ] GC(617) Phase 2: Compute new object addresses 4.759ms
[22.048s][info][gc,phases,start] GC(617) Phase 3: Adjust pointers
[22.053s][info][gc,phases      ] GC(617) Phase 3: Adjust pointers 5.625ms
[22.053s][info][gc,phases,start] GC(617) Phase 4: Move objects
[22.083s][info][gc,phases      ] GC(617) Phase 4: Move objects 29.222ms
[22.083s][info][gc,heap        ] GC(617) DefNew: 157022K(157248K)->30979K(157248K) Eden: 139776K(139776K)->30979K(139776K) From: 17246K(17472K)->0K(17472K)
[22.083s][info][gc,heap        ] GC(617) Tenured: 349342K(349568K)->349567K(349568K)
[22.083s][info][gc,metaspace   ] GC(617) Metaspace: 30844K(31232K)->30844K(31232K) NonClass: 27595K(27776K)->27595K(27776K) Class: 3248K(3456K)->3248K(3456K)
[22.083s][info][gc             ] GC(617) Pause Full (Allocation Failure) 494M->371M(494M) 48.863ms
[22.083s][info][gc,cpu         ] GC(617) User=0.05s Sys=0.00s Real=0.05s
[22.093s][info][gc,start       ] GC(618) Pause Full (Allocation Failure)
[22.093s][info][gc,phases,start] GC(618) Phase 1: Mark live objects
[22.103s][info][gc,phases      ] GC(618) Phase 1: Mark live objects 9.332ms
[22.103s][info][gc,phases,start] GC(618) Phase 2: Compute new object addresses
[22.107s][info][gc,phases      ] GC(618) Phase 2: Compute new object addresses 4.244ms
[22.107s][info][gc,phases,start] GC(618) Phase 3: Adjust pointers
[22.113s][info][gc,phases      ] GC(618) Phase 3: Adjust pointers 5.494ms
[22.113s][info][gc,phases,start] GC(618) Phase 4: Move objects
[22.146s][info][gc,phases      ] GC(618) Phase 4: Move objects 33.145ms
[22.146s][info][gc,heap        ] GC(618) DefNew: 157056K(157248K)->13386K(157248K) Eden: 139776K(139776K)->13386K(139776K) From: 17280K(17472K)->0K(17472K)
[22.146s][info][gc,heap        ] GC(618) Tenured: 349567K(349568K)->349448K(349568K)
[22.146s][info][gc,metaspace   ] GC(618) Metaspace: 30844K(31232K)->30844K(31232K) NonClass: 27595K(27776K)->27595K(27776K) Class: 3248K(3456K)->3248K(3456K)
[22.146s][info][gc             ] GC(618) Pause Full (Allocation Failure) 494M->354M(494M) 52.646ms
[22.146s][info][gc,cpu         ] GC(618) User=0.05s Sys=0.00s Real=0.05s
[22.157s][info][gc,start       ] GC(619) Pause Full (Allocation Failure)
[22.157s][info][gc,phases,start] GC(619) Phase 1: Mark live objects
[22.166s][info][gc,phases      ] GC(619) Phase 1: Mark live objects 8.799ms
[22.166s][info][gc,phases,start] GC(619) Phase 2: Compute new object addresses
[22.170s][info][gc,phases      ] GC(619) Phase 2: Compute new object addresses 4.702ms
[22.170s][info][gc,phases,start] GC(619) Phase 3: Adjust pointers
[22.176s][info][gc,phases      ] GC(619) Phase 3: Adjust pointers 5.976ms
[22.176s][info][gc,phases,start] GC(619) Phase 4: Move objects
[22.180s][info][gc,phases      ] GC(619) Phase 4: Move objects 3.918ms
[22.181s][info][gc,heap        ] GC(619) DefNew: 156834K(157248K)->34217K(157248K) Eden: 139776K(139776K)->34217K(139776K) From: 17058K(17472K)->0K(17472K)
[22.181s][info][gc,heap        ] GC(619) Tenured: 349448K(349568K)->349435K(349568K)
[22.181s][info][gc,metaspace   ] GC(619) Metaspace: 30844K(31232K)->30844K(31232K) NonClass: 27595K(27776K)->27595K(27776K) Class: 3248K(3456K)->3248K(3456K)
[22.181s][info][gc             ] GC(619) Pause Full (Allocation Failure) 494M->374M(494M) 23.847ms
[22.181s][info][gc,cpu         ] GC(619) User=0.03s Sys=0.00s Real=0.02s
[22.190s][info][gc,start       ] GC(620) Pause Full (Allocation Failure)
[22.190s][info][gc,phases,start] GC(620) Phase 1: Mark live objects
[22.199s][info][gc,phases      ] GC(620) Phase 1: Mark live objects 8.570ms
[22.199s][info][gc,phases,start] GC(620) Phase 2: Compute new object addresses
[22.203s][info][gc,phases      ] GC(620) Phase 2: Compute new object addresses 4.562ms
[22.203s][info][gc,phases,start] GC(620) Phase 3: Adjust pointers
[22.209s][info][gc,phases      ] GC(620) Phase 3: Adjust pointers 5.678ms
[22.209s][info][gc,phases,start] GC(620) Phase 4: Move objects
[22.237s][info][gc,phases      ] GC(620) Phase 4: Move objects 28.024ms
[22.237s][info][gc,heap        ] GC(620) DefNew: 157156K(157248K)->34548K(157248K) Eden: 139776K(139776K)->34548K(139776K) From: 17380K(17472K)->0K(17472K)
[22.237s][info][gc,heap        ] GC(620) Tenured: 349435K(349568K)->349339K(349568K)
[22.237s][info][gc,metaspace   ] GC(620) Metaspace: 30844K(31232K)->30844K(31232K) NonClass: 27595K(27776K)->27595K(27776K) Class: 3248K(3456K)->3248K(3456K)
[22.238s][info][gc             ] GC(620) Pause Full (Allocation Failure) 494M->374M(494M) 47.321ms
[22.238s][info][gc,cpu         ] GC(620) User=0.05s Sys=0.00s Real=0.04s
[22.248s][info][gc,start       ] GC(621) Pause Full (Allocation Failure)
[22.248s][info][gc,phases,start] GC(621) Phase 1: Mark live objects
[22.258s][info][gc,phases      ] GC(621) Phase 1: Mark live objects 9.110ms
[22.258s][info][gc,phases,start] GC(621) Phase 2: Compute new object addresses
[22.262s][info][gc,phases      ] GC(621) Phase 2: Compute new object addresses 4.852ms
[22.262s][info][gc,phases,start] GC(621) Phase 3: Adjust pointers
[22.269s][info][gc,phases      ] GC(621) Phase 3: Adjust pointers 6.169ms
[22.269s][info][gc,phases,start] GC(621) Phase 4: Move objects
[22.301s][info][gc,phases      ] GC(621) Phase 4: Move objects 32.562ms
[22.301s][info][gc,heap        ] GC(621) DefNew: 157218K(157248K)->30084K(157248K) Eden: 139776K(139776K)->30084K(139776K) From: 17442K(17472K)->0K(17472K)
[22.301s][info][gc,heap        ] GC(621) Tenured: 349339K(349568K)->349347K(349568K)
[22.301s][info][gc,metaspace   ] GC(621) Metaspace: 30853K(31232K)->30853K(31232K) NonClass: 27604K(27776K)->27604K(27776K) Class: 3248K(3456K)->3248K(3456K)
[22.302s][info][gc             ] GC(621) Pause Full (Allocation Failure) 494M->370M(494M) 53.183ms
[22.302s][info][gc,cpu         ] GC(621) User=0.06s Sys=0.00s Real=0.05s
[22.315s][info][gc,start       ] GC(622) Pause Full (Allocation Failure)
[22.316s][info][gc,phases,start] GC(622) Phase 1: Mark live objects
[22.325s][info][gc,phases      ] GC(622) Phase 1: Mark live objects 9.071ms
[22.325s][info][gc,phases,start] GC(622) Phase 2: Compute new object addresses
[22.329s][info][gc,phases      ] GC(622) Phase 2: Compute new object addresses 4.558ms
[22.329s][info][gc,phases,start] GC(622) Phase 3: Adjust pointers
[22.335s][info][gc,phases      ] GC(622) Phase 3: Adjust pointers 5.852ms
[22.335s][info][gc,phases,start] GC(622) Phase 4: Move objects
[22.365s][info][gc,phases      ] GC(622) Phase 4: Move objects 29.559ms
[22.365s][info][gc,heap        ] GC(622) DefNew: 157187K(157248K)->10829K(157248K) Eden: 139776K(139776K)->10829K(139776K) From: 17411K(17472K)->0K(17472K)
[22.365s][info][gc,heap        ] GC(622) Tenured: 349347K(349568K)->349439K(349568K)
[22.365s][info][gc,metaspace   ] GC(622) Metaspace: 30853K(31232K)->30853K(31232K) NonClass: 27604K(27776K)->27604K(27776K) Class: 3248K(3456K)->3248K(3456K)
[22.365s][info][gc             ] GC(622) Pause Full (Allocation Failure) 494M->351M(494M) 49.472ms
[22.365s][info][gc,cpu         ] GC(622) User=0.04s Sys=0.01s Real=0.05s
[22.375s][info][gc,start       ] GC(623) Pause Full (Allocation Failure)
[22.375s][info][gc,phases,start] GC(623) Phase 1: Mark live objects
[22.384s][info][gc,phases      ] GC(623) Phase 1: Mark live objects 8.738ms
[22.384s][info][gc,phases,start] GC(623) Phase 2: Compute new object addresses
[22.388s][info][gc,phases      ] GC(623) Phase 2: Compute new object addresses 4.537ms
[22.388s][info][gc,phases,start] GC(623) Phase 3: Adjust pointers
[22.394s][info][gc,phases      ] GC(623) Phase 3: Adjust pointers 5.807ms
[22.394s][info][gc,phases,start] GC(623) Phase 4: Move objects
[22.418s][info][gc,phases      ] GC(623) Phase 4: Move objects 23.654ms
[22.418s][info][gc,heap        ] GC(623) DefNew: 157069K(157248K)->32147K(157248K) Eden: 139776K(139776K)->32147K(139776K) From: 17293K(17472K)->0K(17472K)
[22.418s][info][gc,heap        ] GC(623) Tenured: 349439K(349568K)->349341K(349568K)
[22.418s][info][gc,metaspace   ] GC(623) Metaspace: 30853K(31232K)->30853K(31232K) NonClass: 27604K(27776K)->27604K(27776K) Class: 3248K(3456K)->3248K(3456K)
[22.418s][info][gc             ] GC(623) Pause Full (Allocation Failure) 494M->372M(494M) 43.212ms
[22.418s][info][gc,cpu         ] GC(623) User=0.04s Sys=0.00s Real=0.04s
[22.433s][info][gc,start       ] GC(624) Pause Full (Allocation Failure)
[22.433s][info][gc,phases,start] GC(624) Phase 1: Mark live objects
[22.443s][info][gc,phases      ] GC(624) Phase 1: Mark live objects 9.957ms
[22.443s][info][gc,phases,start] GC(624) Phase 2: Compute new object addresses
[22.450s][info][gc,phases      ] GC(624) Phase 2: Compute new object addresses 6.987ms
[22.450s][info][gc,phases,start] GC(624) Phase 3: Adjust pointers
[22.458s][info][gc,phases      ] GC(624) Phase 3: Adjust pointers 7.725ms
[22.458s][info][gc,phases,start] GC(624) Phase 4: Move objects
[22.487s][info][gc,phases      ] GC(624) Phase 4: Move objects 29.275ms
[22.488s][info][gc,heap        ] GC(624) DefNew: 157248K(157248K)->26095K(157248K) Eden: 139776K(139776K)->26095K(139776K) From: 17472K(17472K)->0K(17472K)
[22.488s][info][gc,heap        ] GC(624) Tenured: 349567K(349568K)->349329K(349568K)
[22.488s][info][gc,metaspace   ] GC(624) Metaspace: 30853K(31232K)->30853K(31232K) NonClass: 27604K(27776K)->27604K(27776K) Class: 3248K(3456K)->3248K(3456K)
[22.488s][info][gc             ] GC(624) Pause Full (Allocation Failure) 494M->366M(494M) 54.456ms
[22.488s][info][gc,cpu         ] GC(624) User=0.09s Sys=0.00s Real=0.05s
[22.496s][info][gc,start       ] GC(625) Pause Full (Allocation Failure)
[22.496s][info][gc,phases,start] GC(625) Phase 1: Mark live objects
[22.505s][info][gc,phases      ] GC(625) Phase 1: Mark live objects 8.656ms
[22.505s][info][gc,phases,start] GC(625) Phase 2: Compute new object addresses
[22.510s][info][gc,phases      ] GC(625) Phase 2: Compute new object addresses 4.688ms
[22.510s][info][gc,phases,start] GC(625) Phase 3: Adjust pointers
[22.516s][info][gc,phases      ] GC(625) Phase 3: Adjust pointers 6.201ms
[22.516s][info][gc,phases,start] GC(625) Phase 4: Move objects
[22.546s][info][gc,phases      ] GC(625) Phase 4: Move objects 29.932ms
[22.546s][info][gc,heap        ] GC(625) DefNew: 157218K(157248K)->12366K(157248K) Eden: 139776K(139776K)->12366K(139776K) From: 17442K(17472K)->0K(17472K)
[22.546s][info][gc,heap        ] GC(625) Tenured: 349329K(349568K)->349448K(349568K)
[22.546s][info][gc,metaspace   ] GC(625) Metaspace: 30853K(31232K)->30853K(31232K) NonClass: 27604K(27776K)->27604K(27776K) Class: 3248K(3456K)->3248K(3456K)
[22.546s][info][gc             ] GC(625) Pause Full (Allocation Failure) 494M->353M(494M) 49.920ms
[22.546s][info][gc,cpu         ] GC(625) User=0.05s Sys=0.00s Real=0.05s
[22.556s][info][gc,start       ] GC(626) Pause Full (Allocation Failure)
[22.556s][info][gc,phases,start] GC(626) Phase 1: Mark live objects
[22.565s][info][gc,phases      ] GC(626) Phase 1: Mark live objects 8.403ms
[22.565s][info][gc,phases,start] GC(626) Phase 2: Compute new object addresses
[22.569s][info][gc,phases      ] GC(626) Phase 2: Compute new object addresses 4.428ms
[22.569s][info][gc,phases,start] GC(626) Phase 3: Adjust pointers
[22.575s][info][gc,phases      ] GC(626) Phase 3: Adjust pointers 5.518ms
[22.575s][info][gc,phases,start] GC(626) Phase 4: Move objects
[22.603s][info][gc,phases      ] GC(626) Phase 4: Move objects 27.647ms
[22.603s][info][gc,heap        ] GC(626) DefNew: 156287K(157248K)->12098K(157248K) Eden: 139776K(139776K)->12098K(139776K) From: 16511K(17472K)->0K(17472K)
[22.603s][info][gc,heap        ] GC(626) Tenured: 349448K(349568K)->349358K(349568K)
[22.603s][info][gc,metaspace   ] GC(626) Metaspace: 30853K(31232K)->30853K(31232K) NonClass: 27604K(27776K)->27604K(27776K) Class: 3248K(3456K)->3248K(3456K)
[22.603s][info][gc             ] GC(626) Pause Full (Allocation Failure) 493M->352M(494M) 46.569ms
[22.603s][info][gc,cpu         ] GC(626) User=0.04s Sys=0.00s Real=0.05s
[22.614s][info][gc,start       ] GC(627) Pause Full (Allocation Failure)
[22.614s][info][gc,phases,start] GC(627) Phase 1: Mark live objects
[22.623s][info][gc,phases      ] GC(627) Phase 1: Mark live objects 8.758ms
[22.623s][info][gc,phases,start] GC(627) Phase 2: Compute new object addresses
[22.627s][info][gc,phases      ] GC(627) Phase 2: Compute new object addresses 4.588ms
[22.627s][info][gc,phases,start] GC(627) Phase 3: Adjust pointers
[22.633s][info][gc,phases      ] GC(627) Phase 3: Adjust pointers 5.353ms
[22.633s][info][gc,phases,start] GC(627) Phase 4: Move objects
[22.657s][info][gc,phases      ] GC(627) Phase 4: Move objects 24.029ms
[22.657s][info][gc,heap        ] GC(627) DefNew: 156323K(157248K)->31211K(157248K) Eden: 139776K(139776K)->31211K(139776K) From: 16547K(17472K)->0K(17472K)
[22.657s][info][gc,heap        ] GC(627) Tenured: 349358K(349568K)->349331K(349568K)
[22.657s][info][gc,metaspace   ] GC(627) Metaspace: 30853K(31232K)->30853K(31232K) NonClass: 27604K(27776K)->27604K(27776K) Class: 3248K(3456K)->3248K(3456K)
[22.657s][info][gc             ] GC(627) Pause Full (Allocation Failure) 493M->371M(494M) 43.190ms
[22.657s][info][gc,cpu         ] GC(627) User=0.05s Sys=0.00s Real=0.04s
[22.668s][info][gc,start       ] GC(628) Pause Full (Allocation Failure)
[22.668s][info][gc,phases,start] GC(628) Phase 1: Mark live objects
[22.677s][info][gc,phases      ] GC(628) Phase 1: Mark live objects 8.347ms
[22.677s][info][gc,phases,start] GC(628) Phase 2: Compute new object addresses
[22.681s][info][gc,phases      ] GC(628) Phase 2: Compute new object addresses 4.243ms
[22.681s][info][gc,phases,start] GC(628) Phase 3: Adjust pointers
[22.687s][info][gc,phases      ] GC(628) Phase 3: Adjust pointers 5.477ms
[22.687s][info][gc,phases,start] GC(628) Phase 4: Move objects
[22.714s][info][gc,phases      ] GC(628) Phase 4: Move objects 27.296ms
[22.714s][info][gc,heap        ] GC(628) DefNew: 157225K(157248K)->26996K(157248K) Eden: 139776K(139776K)->26996K(139776K) From: 17449K(17472K)->0K(17472K)
[22.714s][info][gc,heap        ] GC(628) Tenured: 349331K(349568K)->349341K(349568K)
[22.714s][info][gc,metaspace   ] GC(628) Metaspace: 30853K(31232K)->30853K(31232K) NonClass: 27604K(27776K)->27604K(27776K) Class: 3248K(3456K)->3248K(3456K)
[22.714s][info][gc             ] GC(628) Pause Full (Allocation Failure) 494M->367M(494M) 45.855ms
[22.714s][info][gc,cpu         ] GC(628) User=0.05s Sys=0.00s Real=0.05s
[22.725s][info][gc,start       ] GC(629) Pause Full (Allocation Failure)
[22.725s][info][gc,phases,start] GC(629) Phase 1: Mark live objects
[22.735s][info][gc,phases      ] GC(629) Phase 1: Mark live objects 9.773ms
[22.735s][info][gc,phases,start] GC(629) Phase 2: Compute new object addresses
[22.740s][info][gc,phases      ] GC(629) Phase 2: Compute new object addresses 4.850ms
[22.740s][info][gc,phases,start] GC(629) Phase 3: Adjust pointers
[22.746s][info][gc,phases      ] GC(629) Phase 3: Adjust pointers 5.911ms
[22.746s][info][gc,phases,start] GC(629) Phase 4: Move objects
[22.774s][info][gc,phases      ] GC(629) Phase 4: Move objects 28.544ms
[22.774s][info][gc,heap        ] GC(629) DefNew: 157168K(157248K)->6942K(157248K) Eden: 139776K(139776K)->6942K(139776K) From: 17392K(17472K)->0K(17472K)
[22.774s][info][gc,heap        ] GC(629) Tenured: 349341K(349568K)->349457K(349568K)
[22.774s][info][gc,metaspace   ] GC(629) Metaspace: 30853K(31232K)->30853K(31232K) NonClass: 27604K(27776K)->27604K(27776K) Class: 3248K(3456K)->3248K(3456K)
[22.775s][info][gc             ] GC(629) Pause Full (Allocation Failure) 494M->348M(494M) 49.509ms
[22.775s][info][gc,cpu         ] GC(629) User=0.05s Sys=0.00s Real=0.05s
[22.787s][info][gc,start       ] GC(630) Pause Full (Allocation Failure)
[22.787s][info][gc,phases,start] GC(630) Phase 1: Mark live objects
[22.796s][info][gc,phases      ] GC(630) Phase 1: Mark live objects 8.733ms
[22.796s][info][gc,phases,start] GC(630) Phase 2: Compute new object addresses
[22.800s][info][gc,phases      ] GC(630) Phase 2: Compute new object addresses 4.469ms
[22.800s][info][gc,phases,start] GC(630) Phase 3: Adjust pointers
[22.805s][info][gc,phases      ] GC(630) Phase 3: Adjust pointers 5.345ms
[22.805s][info][gc,phases,start] GC(630) Phase 4: Move objects
[22.833s][info][gc,phases      ] GC(630) Phase 4: Move objects 27.025ms
[22.833s][info][gc,heap        ] GC(630) DefNew: 156976K(157248K)->8472K(157248K) Eden: 139776K(139776K)->8472K(139776K) From: 17200K(17472K)->0K(17472K)
[22.833s][info][gc,heap        ] GC(630) Tenured: 349457K(349568K)->349370K(349568K)
[22.833s][info][gc,metaspace   ] GC(630) Metaspace: 30853K(31232K)->30853K(31232K) NonClass: 27604K(27776K)->27604K(27776K) Class: 3248K(3456K)->3248K(3456K)
[22.833s][info][gc             ] GC(630) Pause Full (Allocation Failure) 494M->349M(494M) 46.001ms
[22.833s][info][gc,cpu         ] GC(630) User=0.05s Sys=0.00s Real=0.05s
[22.844s][info][gc,start       ] GC(631) Pause Full (Allocation Failure)
[22.844s][info][gc,phases,start] GC(631) Phase 1: Mark live objects
[22.853s][info][gc,phases      ] GC(631) Phase 1: Mark live objects 9.271ms
[22.853s][info][gc,phases,start] GC(631) Phase 2: Compute new object addresses
[22.858s][info][gc,phases      ] GC(631) Phase 2: Compute new object addresses 5.274ms
[22.858s][info][gc,phases,start] GC(631) Phase 3: Adjust pointers
[22.864s][info][gc,phases      ] GC(631) Phase 3: Adjust pointers 5.722ms
[22.864s][info][gc,phases,start] GC(631) Phase 4: Move objects
[22.888s][info][gc,phases      ] GC(631) Phase 4: Move objects 23.886ms
[22.888s][info][gc,heap        ] GC(631) DefNew: 156560K(157248K)->26069K(157248K) Eden: 139776K(139776K)->26069K(139776K) From: 16784K(17472K)->0K(17472K)
[22.888s][info][gc,heap        ] GC(631) Tenured: 349370K(349568K)->349334K(349568K)
[22.888s][info][gc,metaspace   ] GC(631) Metaspace: 30853K(31232K)->30853K(31232K) NonClass: 27604K(27776K)->27604K(27776K) Class: 3248K(3456K)->3248K(3456K)
[22.888s][info][gc             ] GC(631) Pause Full (Allocation Failure) 494M->366M(494M) 44.603ms
[22.888s][info][gc,cpu         ] GC(631) User=0.04s Sys=0.00s Real=0.04s
[22.900s][info][gc,start       ] GC(632) Pause Full (Allocation Failure)
[22.900s][info][gc,phases,start] GC(632) Phase 1: Mark live objects
[22.909s][info][gc,phases      ] GC(632) Phase 1: Mark live objects 8.580ms
[22.909s][info][gc,phases,start] GC(632) Phase 2: Compute new object addresses
[22.913s][info][gc,phases      ] GC(632) Phase 2: Compute new object addresses 4.464ms
[22.913s][info][gc,phases,start] GC(632) Phase 3: Adjust pointers
[22.919s][info][gc,phases      ] GC(632) Phase 3: Adjust pointers 5.660ms
[22.919s][info][gc,phases,start] GC(632) Phase 4: Move objects
[22.946s][info][gc,phases      ] GC(632) Phase 4: Move objects 27.081ms
[22.946s][info][gc,heap        ] GC(632) DefNew: 156771K(157248K)->27036K(157248K) Eden: 139776K(139776K)->27036K(139776K) From: 16995K(17472K)->0K(17472K)
[22.946s][info][gc,heap        ] GC(632) Tenured: 349334K(349568K)->349416K(349568K)
[22.946s][info][gc,metaspace   ] GC(632) Metaspace: 30853K(31232K)->30853K(31232K) NonClass: 27604K(27776K)->27604K(27776K) Class: 3248K(3456K)->3248K(3456K)
[22.946s][info][gc             ] GC(632) Pause Full (Allocation Failure) 494M->367M(494M) 46.250ms
[22.946s][info][gc,cpu         ] GC(632) User=0.05s Sys=0.00s Real=0.05s
[22.957s][info][gc,start       ] GC(633) Pause Full (Allocation Failure)
[22.957s][info][gc,phases,start] GC(633) Phase 1: Mark live objects
[22.965s][info][gc,phases      ] GC(633) Phase 1: Mark live objects 8.632ms
[22.965s][info][gc,phases,start] GC(633) Phase 2: Compute new object addresses
[22.970s][info][gc,phases      ] GC(633) Phase 2: Compute new object addresses 4.353ms
[22.970s][info][gc,phases,start] GC(633) Phase 3: Adjust pointers
[22.975s][info][gc,phases      ] GC(633) Phase 3: Adjust pointers 5.421ms
[22.975s][info][gc,phases,start] GC(633) Phase 4: Move objects
[23.004s][info][gc,phases      ] GC(633) Phase 4: Move objects 28.557ms
[23.004s][info][gc,heap        ] GC(633) DefNew: 156821K(157248K)->22141K(157248K) Eden: 139776K(139776K)->22141K(139776K) From: 17045K(17472K)->0K(17472K)
[23.004s][info][gc,heap        ] GC(633) Tenured: 349416K(349568K)->349292K(349568K)
[23.004s][info][gc,metaspace   ] GC(633) Metaspace: 30853K(31232K)->30853K(31232K) NonClass: 27604K(27776K)->27604K(27776K) Class: 3248K(3456K)->3248K(3456K)
[23.004s][info][gc             ] GC(633) Pause Full (Allocation Failure) 494M->362M(494M) 47.426ms
[23.004s][info][gc,cpu         ] GC(633) User=0.05s Sys=0.00s Real=0.05s
[23.014s][info][gc,start       ] GC(634) Pause Full (Allocation Failure)
[23.014s][info][gc,phases,start] GC(634) Phase 1: Mark live objects
[23.023s][info][gc,phases      ] GC(634) Phase 1: Mark live objects 8.549ms
[23.023s][info][gc,phases,start] GC(634) Phase 2: Compute new object addresses
[23.027s][info][gc,phases      ] GC(634) Phase 2: Compute new object addresses 4.396ms
[23.027s][info][gc,phases,start] GC(634) Phase 3: Adjust pointers
[23.032s][info][gc,phases      ] GC(634) Phase 3: Adjust pointers 5.401ms
[23.032s][info][gc,phases,start] GC(634) Phase 4: Move objects
[23.062s][info][gc,phases      ] GC(634) Phase 4: Move objects 29.356ms
[23.062s][info][gc,heap        ] GC(634) DefNew: 157094K(157248K)->9814K(157248K) Eden: 139776K(139776K)->9814K(139776K) From: 17318K(17472K)->0K(17472K)
[23.062s][info][gc,heap        ] GC(634) Tenured: 349549K(349568K)->349316K(349568K)
[23.062s][info][gc,metaspace   ] GC(634) Metaspace: 30853K(31232K)->30853K(31232K) NonClass: 27604K(27776K)->27604K(27776K) Class: 3248K(3456K)->3248K(3456K)
[23.062s][info][gc             ] GC(634) Pause Full (Allocation Failure) 494M->350M(494M) 48.117ms
[23.062s][info][gc,cpu         ] GC(634) User=0.06s Sys=0.00s Real=0.04s
[23.073s][info][gc,start       ] GC(635) Pause Full (Allocation Failure)
[23.073s][info][gc,phases,start] GC(635) Phase 1: Mark live objects
[23.082s][info][gc,phases      ] GC(635) Phase 1: Mark live objects 8.860ms
[23.082s][info][gc,phases,start] GC(635) Phase 2: Compute new object addresses
[23.087s][info][gc,phases      ] GC(635) Phase 2: Compute new object addresses 4.854ms
[23.087s][info][gc,phases,start] GC(635) Phase 3: Adjust pointers
[23.092s][info][gc,phases      ] GC(635) Phase 3: Adjust pointers 5.624ms
[23.092s][info][gc,phases,start] GC(635) Phase 4: Move objects
[23.117s][info][gc,phases      ] GC(635) Phase 4: Move objects 24.760ms
[23.117s][info][gc,heap        ] GC(635) DefNew: 156566K(157248K)->27394K(157248K) Eden: 139776K(139776K)->27394K(139776K) From: 16790K(17472K)->0K(17472K)
[23.117s][info][gc,heap        ] GC(635) Tenured: 349316K(349568K)->349554K(349568K)
[23.117s][info][gc,metaspace   ] GC(635) Metaspace: 30853K(31232K)->30853K(31232K) NonClass: 27604K(27776K)->27604K(27776K) Class: 3248K(3456K)->3248K(3456K)
[23.117s][info][gc             ] GC(635) Pause Full (Allocation Failure) 494M->368M(494M) 44.528ms
[23.117s][info][gc,cpu         ] GC(635) User=0.05s Sys=0.00s Real=0.04s
[23.128s][info][gc,start       ] GC(636) Pause Full (Allocation Failure)
[23.128s][info][gc,phases,start] GC(636) Phase 1: Mark live objects
[23.137s][info][gc,phases      ] GC(636) Phase 1: Mark live objects 8.957ms
[23.137s][info][gc,phases,start] GC(636) Phase 2: Compute new object addresses
[23.142s][info][gc,phases      ] GC(636) Phase 2: Compute new object addresses 4.783ms
[23.142s][info][gc,phases,start] GC(636) Phase 3: Adjust pointers
[23.147s][info][gc,phases      ] GC(636) Phase 3: Adjust pointers 5.514ms
[23.147s][info][gc,phases,start] GC(636) Phase 4: Move objects
[23.175s][info][gc,phases      ] GC(636) Phase 4: Move objects 28.083ms
[23.175s][info][gc,heap        ] GC(636) DefNew: 157158K(157248K)->24950K(157248K) Eden: 139776K(139776K)->24950K(139776K) From: 17382K(17472K)->0K(17472K)
[23.175s][info][gc,heap        ] GC(636) Tenured: 349554K(349568K)->349334K(349568K)
[23.175s][info][gc,metaspace   ] GC(636) Metaspace: 30853K(31232K)->30853K(31232K) NonClass: 27604K(27776K)->27604K(27776K) Class: 3248K(3456K)->3248K(3456K)
[23.176s][info][gc             ] GC(636) Pause Full (Allocation Failure) 494M->365M(494M) 47.835ms
[23.176s][info][gc,cpu         ] GC(636) User=0.05s Sys=0.00s Real=0.05s
[23.186s][info][gc,start       ] GC(637) Pause Full (Allocation Failure)
[23.186s][info][gc,phases,start] GC(637) Phase 1: Mark live objects
[23.194s][info][gc,phases      ] GC(637) Phase 1: Mark live objects 8.483ms
[23.194s][info][gc,phases,start] GC(637) Phase 2: Compute new object addresses
[23.199s][info][gc,phases      ] GC(637) Phase 2: Compute new object addresses 4.492ms
[23.199s][info][gc,phases,start] GC(637) Phase 3: Adjust pointers
[23.204s][info][gc,phases      ] GC(637) Phase 3: Adjust pointers 5.580ms
[23.205s][info][gc,phases,start] GC(637) Phase 4: Move objects
[23.234s][info][gc,phases      ] GC(637) Phase 4: Move objects 29.117ms
[23.234s][info][gc,heap        ] GC(637) DefNew: 156890K(157248K)->11340K(157248K) Eden: 139776K(139776K)->11340K(139776K) From: 17114K(17472K)->0K(17472K)
[23.234s][info][gc,heap        ] GC(637) Tenured: 349334K(349568K)->349427K(349568K)
[23.234s][info][gc,metaspace   ] GC(637) Metaspace: 30853K(31232K)->30853K(31232K) NonClass: 27604K(27776K)->27604K(27776K) Class: 3248K(3456K)->3248K(3456K)
[23.234s][info][gc             ] GC(637) Pause Full (Allocation Failure) 494M->352M(494M) 48.092ms
[23.234s][info][gc,cpu         ] GC(637) User=0.04s Sys=0.00s Real=0.05s
[23.245s][info][gc,start       ] GC(638) Pause Full (Allocation Failure)
[23.245s][info][gc,phases,start] GC(638) Phase 1: Mark live objects
[23.254s][info][gc,phases      ] GC(638) Phase 1: Mark live objects 8.623ms
[23.254s][info][gc,phases,start] GC(638) Phase 2: Compute new object addresses
[23.259s][info][gc,phases      ] GC(638) Phase 2: Compute new object addresses 5.217ms
[23.259s][info][gc,phases,start] GC(638) Phase 3: Adjust pointers
[23.265s][info][gc,phases      ] GC(638) Phase 3: Adjust pointers 5.953ms
[23.265s][info][gc,phases,start] GC(638) Phase 4: Move objects
[23.299s][info][gc,phases      ] GC(638) Phase 4: Move objects 33.529ms
[23.299s][info][gc,heap        ] GC(638) DefNew: 156832K(157248K)->7971K(157248K) Eden: 139776K(139776K)->7971K(139776K) From: 17056K(17472K)->0K(17472K)
[23.299s][info][gc,heap        ] GC(638) Tenured: 349427K(349568K)->349366K(349568K)
[23.299s][info][gc,metaspace   ] GC(638) Metaspace: 30867K(31232K)->30867K(31232K) NonClass: 27618K(27776K)->27618K(27776K) Class: 3248K(3456K)->3248K(3456K)
[23.299s][info][gc             ] GC(638) Pause Full (Allocation Failure) 494M->348M(494M) 53.788ms
[23.299s][info][gc,cpu         ] GC(638) User=0.05s Sys=0.00s Real=0.05s
[23.307s][info][gc,start       ] GC(639) Pause Full (Allocation Failure)
[23.307s][info][gc,phases,start] GC(639) Phase 1: Mark live objects
[23.316s][info][gc,phases      ] GC(639) Phase 1: Mark live objects 9.600ms
[23.316s][info][gc,phases,start] GC(639) Phase 2: Compute new object addresses
[23.321s][info][gc,phases      ] GC(639) Phase 2: Compute new object addresses 5.049ms
[23.321s][info][gc,phases,start] GC(639) Phase 3: Adjust pointers
[23.327s][info][gc,phases      ] GC(639) Phase 3: Adjust pointers 6.015ms
[23.327s][info][gc,phases,start] GC(639) Phase 4: Move objects
[23.332s][info][gc,phases      ] GC(639) Phase 4: Move objects 4.211ms
[23.332s][info][gc,heap        ] GC(639) DefNew: 156995K(157248K)->34040K(157248K) Eden: 139776K(139776K)->34040K(139776K) From: 17219K(17472K)->0K(17472K)
[23.332s][info][gc,heap        ] GC(639) Tenured: 349366K(349568K)->349347K(349568K)
[23.332s][info][gc,metaspace   ] GC(639) Metaspace: 30867K(31232K)->30867K(31232K) NonClass: 27618K(27776K)->27618K(27776K) Class: 3248K(3456K)->3248K(3456K)
[23.332s][info][gc             ] GC(639) Pause Full (Allocation Failure) 494M->374M(494M) 25.303ms
[23.332s][info][gc,cpu         ] GC(639) User=0.03s Sys=0.00s Real=0.03s
[23.342s][info][gc,start       ] GC(640) Pause Full (Allocation Failure)
[23.342s][info][gc,phases,start] GC(640) Phase 1: Mark live objects
[23.351s][info][gc,phases      ] GC(640) Phase 1: Mark live objects 8.364ms
[23.351s][info][gc,phases,start] GC(640) Phase 2: Compute new object addresses
[23.355s][info][gc,phases      ] GC(640) Phase 2: Compute new object addresses 4.225ms
[23.355s][info][gc,phases,start] GC(640) Phase 3: Adjust pointers
[23.360s][info][gc,phases      ] GC(640) Phase 3: Adjust pointers 5.339ms
[23.360s][info][gc,phases,start] GC(640) Phase 4: Move objects
[23.392s][info][gc,phases      ] GC(640) Phase 4: Move objects 31.629ms
[23.392s][info][gc,heap        ] GC(640) DefNew: 157241K(157248K)->30593K(157248K) Eden: 139776K(139776K)->30593K(139776K) From: 17465K(17472K)->0K(17472K)
[23.392s][info][gc,heap        ] GC(640) Tenured: 349347K(349568K)->349343K(349568K)
[23.392s][info][gc,metaspace   ] GC(640) Metaspace: 30867K(31232K)->30867K(31232K) NonClass: 27618K(27776K)->27618K(27776K) Class: 3248K(3456K)->3248K(3456K)
[23.392s][info][gc             ] GC(640) Pause Full (Allocation Failure) 494M->371M(494M) 50.032ms
[23.392s][info][gc,cpu         ] GC(640) User=0.05s Sys=0.00s Real=0.05s
[23.403s][info][gc,start       ] GC(641) Pause Young (GCLocker Initiated GC)
[23.403s][info][gc,heap        ] GC(641) DefNew: 156944K(157248K)->156944K(157248K) Eden: 139776K(139776K)->139776K(139776K) From: 17168K(17472K)->17168K(17472K)
[23.403s][info][gc,heap        ] GC(641) Tenured: 349343K(349568K)->349343K(349568K)
[23.403s][info][gc,metaspace   ] GC(641) Metaspace: 30867K(31232K)->30867K(31232K) NonClass: 27618K(27776K)->27618K(27776K) Class: 3248K(3456K)->3248K(3456K)
[23.403s][info][gc             ] GC(641) Pause Young (GCLocker Initiated GC) 494M->494M(494M) 0.067ms
[23.403s][info][gc,cpu         ] GC(641) User=0.00s Sys=0.00s Real=0.00s
[23.403s][info][gc,start       ] GC(642) Pause Full (GCLocker Initiated GC)
[23.403s][info][gc,phases,start] GC(642) Phase 1: Mark live objects
[23.413s][info][gc,phases      ] GC(642) Phase 1: Mark live objects 9.607ms
[23.413s][info][gc,phases,start] GC(642) Phase 2: Compute new object addresses
[23.418s][info][gc,phases      ] GC(642) Phase 2: Compute new object addresses 5.169ms
[23.418s][info][gc,phases,start] GC(642) Phase 3: Adjust pointers
[23.424s][info][gc,phases      ] GC(642) Phase 3: Adjust pointers 5.879ms
[23.424s][info][gc,phases,start] GC(642) Phase 4: Move objects
[23.453s][info][gc,phases      ] GC(642) Phase 4: Move objects 28.975ms
[23.453s][info][gc,heap        ] GC(642) DefNew: 156944K(157248K)->12102K(157248K) Eden: 139776K(139776K)->12102K(139776K) From: 17168K(17472K)->0K(17472K)
[23.453s][info][gc,heap        ] GC(642) Tenured: 349343K(349568K)->349439K(349568K)
[23.453s][info][gc,metaspace   ] GC(642) Metaspace: 30867K(31232K)->30867K(31232K) NonClass: 27618K(27776K)->27618K(27776K) Class: 3248K(3456K)->3248K(3456K)
[23.453s][info][gc             ] GC(642) Pause Full (GCLocker Initiated GC) 494M->353M(494M) 50.043ms
[23.453s][info][gc,cpu         ] GC(642) User=0.05s Sys=0.00s Real=0.05s
[23.464s][info][gc,start       ] GC(643) Pause Full (Allocation Failure)
[23.464s][info][gc,phases,start] GC(643) Phase 1: Mark live objects
[23.473s][info][gc,phases      ] GC(643) Phase 1: Mark live objects 9.036ms
[23.473s][info][gc,phases,start] GC(643) Phase 2: Compute new object addresses
[23.478s][info][gc,phases      ] GC(643) Phase 2: Compute new object addresses 4.503ms
[23.478s][info][gc,phases,start] GC(643) Phase 3: Adjust pointers
[23.483s][info][gc,phases      ] GC(643) Phase 3: Adjust pointers 5.549ms
[23.483s][info][gc,phases,start] GC(643) Phase 4: Move objects
[23.512s][info][gc,phases      ] GC(643) Phase 4: Move objects 29.085ms
[23.513s][info][gc,heap        ] GC(643) DefNew: 157134K(157248K)->13371K(157248K) Eden: 139776K(139776K)->13371K(139776K) From: 17358K(17472K)->0K(17472K)
[23.513s][info][gc,heap        ] GC(643) Tenured: 349439K(349568K)->349356K(349568K)
[23.513s][info][gc,metaspace   ] GC(643) Metaspace: 30867K(31232K)->30867K(31232K) NonClass: 27618K(27776K)->27618K(27776K) Class: 3248K(3456K)->3248K(3456K)
[23.513s][info][gc             ] GC(643) Pause Full (Allocation Failure) 494M->354M(494M) 48.662ms
[23.513s][info][gc,cpu         ] GC(643) User=0.05s Sys=0.00s Real=0.05s
[23.524s][info][gc,start       ] GC(644) Pause Full (Allocation Failure)
[23.524s][info][gc,phases,start] GC(644) Phase 1: Mark live objects
[23.533s][info][gc,phases      ] GC(644) Phase 1: Mark live objects 9.072ms
[23.533s][info][gc,phases,start] GC(644) Phase 2: Compute new object addresses
[23.538s][info][gc,phases      ] GC(644) Phase 2: Compute new object addresses 4.848ms
[23.538s][info][gc,phases,start] GC(644) Phase 3: Adjust pointers
[23.544s][info][gc,phases      ] GC(644) Phase 3: Adjust pointers 5.866ms
[23.544s][info][gc,phases,start] GC(644) Phase 4: Move objects
[23.569s][info][gc,phases      ] GC(644) Phase 4: Move objects 25.034ms
[23.569s][info][gc,heap        ] GC(644) DefNew: 157080K(157248K)->29978K(157248K) Eden: 139776K(139776K)->29978K(139776K) From: 17304K(17472K)->0K(17472K)
[23.569s][info][gc,heap        ] GC(644) Tenured: 349356K(349568K)->349338K(349568K)
[23.569s][info][gc,metaspace   ] GC(644) Metaspace: 30867K(31232K)->30867K(31232K) NonClass: 27618K(27776K)->27618K(27776K) Class: 3248K(3456K)->3248K(3456K)
[23.569s][info][gc             ] GC(644) Pause Full (Allocation Failure) 494M->370M(494M) 45.262ms
[23.569s][info][gc,cpu         ] GC(644) User=0.05s Sys=0.00s Real=0.04s
[23.579s][info][gc,start       ] GC(645) Pause Full (Allocation Failure)
[23.579s][info][gc,phases,start] GC(645) Phase 1: Mark live objects
[23.589s][info][gc,phases      ] GC(645) Phase 1: Mark live objects 9.626ms
[23.589s][info][gc,phases,start] GC(645) Phase 2: Compute new object addresses
[23.594s][info][gc,phases      ] GC(645) Phase 2: Compute new object addresses 4.647ms
[23.594s][info][gc,phases,start] GC(645) Phase 3: Adjust pointers
[23.600s][info][gc,phases      ] GC(645) Phase 3: Adjust pointers 5.819ms
[23.600s][info][gc,phases,start] GC(645) Phase 4: Move objects
[23.630s][info][gc,phases      ] GC(645) Phase 4: Move objects 29.934ms
[23.630s][info][gc,heap        ] GC(645) DefNew: 156695K(157248K)->15173K(157248K) Eden: 139776K(139776K)->15173K(139776K) From: 16919K(17472K)->0K(17472K)
[23.630s][info][gc,heap        ] GC(645) Tenured: 349338K(349568K)->348621K(349568K)
[23.630s][info][gc,metaspace   ] GC(645) Metaspace: 30867K(31232K)->30867K(31232K) NonClass: 27618K(27776K)->27618K(27776K) Class: 3248K(3456K)->3248K(3456K)
[23.630s][info][gc             ] GC(645) Pause Full (Allocation Failure) 494M->355M(494M) 50.460ms
[23.630s][info][gc,cpu         ] GC(645) User=0.09s Sys=0.00s Real=0.05s
[23.640s][info][gc,start       ] GC(646) Pause Full (Allocation Failure)
[23.640s][info][gc,phases,start] GC(646) Phase 1: Mark live objects
[23.650s][info][gc,phases      ] GC(646) Phase 1: Mark live objects 9.863ms
[23.650s][info][gc,phases,start] GC(646) Phase 2: Compute new object addresses
[23.655s][info][gc,phases      ] GC(646) Phase 2: Compute new object addresses 4.693ms
[23.655s][info][gc,phases,start] GC(646) Phase 3: Adjust pointers
[23.661s][info][gc,phases      ] GC(646) Phase 3: Adjust pointers 5.868ms
[23.661s][info][gc,phases,start] GC(646) Phase 4: Move objects
[23.684s][info][gc,phases      ] GC(646) Phase 4: Move objects 23.347ms
[23.684s][info][gc,heap        ] GC(646) DefNew: 157138K(157248K)->32749K(157248K) Eden: 139776K(139776K)->32749K(139776K) From: 17362K(17472K)->0K(17472K)
[23.684s][info][gc,heap        ] GC(646) Tenured: 349389K(349568K)->349338K(349568K)
[23.684s][info][gc,metaspace   ] GC(646) Metaspace: 30867K(31232K)->30867K(31232K) NonClass: 27618K(27776K)->27618K(27776K) Class: 3248K(3456K)->3248K(3456K)
[23.684s][info][gc             ] GC(646) Pause Full (Allocation Failure) 494M->373M(494M) 44.253ms
[23.684s][info][gc,cpu         ] GC(646) User=0.04s Sys=0.00s Real=0.05s
[23.692s][info][gc,start       ] GC(647) Pause Full (Allocation Failure)
[23.692s][info][gc,phases,start] GC(647) Phase 1: Mark live objects
[23.700s][info][gc,phases      ] GC(647) Phase 1: Mark live objects 8.606ms
[23.700s][info][gc,phases,start] GC(647) Phase 2: Compute new object addresses
[23.705s][info][gc,phases      ] GC(647) Phase 2: Compute new object addresses 4.566ms
[23.705s][info][gc,phases,start] GC(647) Phase 3: Adjust pointers
[23.711s][info][gc,phases      ] GC(647) Phase 3: Adjust pointers 5.825ms
[23.711s][info][gc,phases,start] GC(647) Phase 4: Move objects
[23.740s][info][gc,phases      ] GC(647) Phase 4: Move objects 29.517ms
[23.741s][info][gc,heap        ] GC(647) DefNew: 157234K(157248K)->17233K(157248K) Eden: 139776K(139776K)->17233K(139776K) From: 17458K(17472K)->0K(17472K)
[23.741s][info][gc,heap        ] GC(647) Tenured: 349338K(349568K)->349453K(349568K)
[23.741s][info][gc,metaspace   ] GC(647) Metaspace: 30867K(31232K)->30867K(31232K) NonClass: 27618K(27776K)->27618K(27776K) Class: 3248K(3456K)->3248K(3456K)
[23.741s][info][gc             ] GC(647) Pause Full (Allocation Failure) 494M->358M(494M) 48.959ms
[23.741s][info][gc,cpu         ] GC(647) User=0.05s Sys=0.00s Real=0.04s
[23.752s][info][gc,start       ] GC(648) Pause Full (Allocation Failure)
[23.752s][info][gc,phases,start] GC(648) Phase 1: Mark live objects
[23.760s][info][gc,phases      ] GC(648) Phase 1: Mark live objects 8.825ms
[23.761s][info][gc,phases,start] GC(648) Phase 2: Compute new object addresses
[23.765s][info][gc,phases      ] GC(648) Phase 2: Compute new object addresses 4.729ms
[23.765s][info][gc,phases,start] GC(648) Phase 3: Adjust pointers
[23.772s][info][gc,phases      ] GC(648) Phase 3: Adjust pointers 6.497ms
[23.772s][info][gc,phases,start] GC(648) Phase 4: Move objects
[23.797s][info][gc,phases      ] GC(648) Phase 4: Move objects 24.857ms
[23.797s][info][gc,heap        ] GC(648) DefNew: 156882K(157248K)->31623K(157248K) Eden: 139776K(139776K)->31623K(139776K) From: 17106K(17472K)->0K(17472K)
[23.797s][info][gc,heap        ] GC(648) Tenured: 349453K(349568K)->349339K(349568K)
[23.797s][info][gc,metaspace   ] GC(648) Metaspace: 30867K(31232K)->30867K(31232K) NonClass: 27618K(27776K)->27618K(27776K) Class: 3248K(3456K)->3248K(3456K)
[23.797s][info][gc             ] GC(648) Pause Full (Allocation Failure) 494M->372M(494M) 45.339ms
[23.797s][info][gc,cpu         ] GC(648) User=0.05s Sys=0.01s Real=0.04s
[23.804s][info][gc,start       ] GC(649) Pause Full (Allocation Failure)
[23.804s][info][gc,phases,start] GC(649) Phase 1: Mark live objects
[23.812s][info][gc,phases      ] GC(649) Phase 1: Mark live objects 8.865ms
[23.813s][info][gc,phases,start] GC(649) Phase 2: Compute new object addresses
[23.817s][info][gc,phases      ] GC(649) Phase 2: Compute new object addresses 4.445ms
[23.817s][info][gc,phases,start] GC(649) Phase 3: Adjust pointers
[23.823s][info][gc,phases      ] GC(649) Phase 3: Adjust pointers 5.770ms
[23.823s][info][gc,phases,start] GC(649) Phase 4: Move objects
[23.851s][info][gc,phases      ] GC(649) Phase 4: Move objects 27.744ms
[23.851s][info][gc,heap        ] GC(649) DefNew: 157067K(157248K)->34066K(157248K) Eden: 139776K(139776K)->34066K(139776K) From: 17291K(17472K)->0K(17472K)
[23.851s][info][gc,heap        ] GC(649) Tenured: 349339K(349568K)->349556K(349568K)
[23.851s][info][gc,metaspace   ] GC(649) Metaspace: 30867K(31232K)->30867K(31232K) NonClass: 27618K(27776K)->27618K(27776K) Class: 3248K(3456K)->3248K(3456K)
[23.851s][info][gc             ] GC(649) Pause Full (Allocation Failure) 494M->374M(494M) 47.274ms
[23.851s][info][gc,cpu         ] GC(649) User=0.05s Sys=0.00s Real=0.05s
[23.861s][info][gc,start       ] GC(650) Pause Full (Allocation Failure)
[23.862s][info][gc,phases,start] GC(650) Phase 1: Mark live objects
[23.871s][info][gc,phases      ] GC(650) Phase 1: Mark live objects 8.971ms
[23.871s][info][gc,phases,start] GC(650) Phase 2: Compute new object addresses
[23.875s][info][gc,phases      ] GC(650) Phase 2: Compute new object addresses 4.530ms
[23.875s][info][gc,phases,start] GC(650) Phase 3: Adjust pointers
[23.881s][info][gc,phases      ] GC(650) Phase 3: Adjust pointers 5.901ms
[23.881s][info][gc,phases,start] GC(650) Phase 4: Move objects
[23.910s][info][gc,phases      ] GC(650) Phase 4: Move objects 28.622ms
[23.910s][info][gc,heap        ] GC(650) DefNew: 157221K(157248K)->12105K(157248K) Eden: 139776K(139776K)->12105K(139776K) From: 17445K(17472K)->0K(17472K)
[23.910s][info][gc,heap        ] GC(650) Tenured: 349556K(349568K)->349345K(349568K)
[23.910s][info][gc,metaspace   ] GC(650) Metaspace: 30867K(31232K)->30867K(31232K) NonClass: 27618K(27776K)->27618K(27776K) Class: 3248K(3456K)->3248K(3456K)
[23.910s][info][gc             ] GC(650) Pause Full (Allocation Failure) 494M->352M(494M) 48.519ms
[23.910s][info][gc,cpu         ] GC(650) User=0.05s Sys=0.00s Real=0.05s
[23.917s][info][gc,start       ] GC(651) Pause Full (Allocation Failure)
[23.918s][info][gc,phases,start] GC(651) Phase 1: Mark live objects
[23.927s][info][gc,phases      ] GC(651) Phase 1: Mark live objects 9.591ms
[23.927s][info][gc,phases,start] GC(651) Phase 2: Compute new object addresses
[23.932s][info][gc,phases      ] GC(651) Phase 2: Compute new object addresses 4.776ms
[23.932s][info][gc,phases,start] GC(651) Phase 3: Adjust pointers
[23.938s][info][gc,phases      ] GC(651) Phase 3: Adjust pointers 5.692ms
[23.938s][info][gc,phases,start] GC(651) Phase 4: Move objects
[23.965s][info][gc,phases      ] GC(651) Phase 4: Move objects 27.445ms
[23.965s][info][gc,heap        ] GC(651) DefNew: 156745K(157248K)->18008K(157248K) Eden: 139776K(139776K)->18008K(139776K) From: 16969K(17472K)->0K(17472K)
[23.965s][info][gc,heap        ] GC(651) Tenured: 349345K(349568K)->349426K(349568K)
[23.965s][info][gc,metaspace   ] GC(651) Metaspace: 30867K(31232K)->30867K(31232K) NonClass: 27618K(27776K)->27618K(27776K) Class: 3248K(3456K)->3248K(3456K)
[23.965s][info][gc             ] GC(651) Pause Full (Allocation Failure) 494M->358M(494M) 47.933ms
[23.965s][info][gc,cpu         ] GC(651) User=0.06s Sys=0.00s Real=0.05s
[23.979s][info][gc,start       ] GC(652) Pause Full (Allocation Failure)
[23.979s][info][gc,phases,start] GC(652) Phase 1: Mark live objects
[23.988s][info][gc,phases      ] GC(652) Phase 1: Mark live objects 8.549ms
[23.988s][info][gc,phases,start] GC(652) Phase 2: Compute new object addresses
[23.992s][info][gc,phases      ] GC(652) Phase 2: Compute new object addresses 4.507ms
[23.992s][info][gc,phases,start] GC(652) Phase 3: Adjust pointers
[23.998s][info][gc,phases      ] GC(652) Phase 3: Adjust pointers 5.502ms
[23.998s][info][gc,phases,start] GC(652) Phase 4: Move objects
[24.023s][info][gc,phases      ] GC(652) Phase 4: Move objects 25.363ms
[24.023s][info][gc,heap        ] GC(652) DefNew: 157247K(157248K)->28045K(157248K) Eden: 139776K(139776K)->28045K(139776K) From: 17471K(17472K)->0K(17472K)
[24.023s][info][gc,heap        ] GC(652) Tenured: 349427K(349568K)->349336K(349568K)
[24.023s][info][gc,metaspace   ] GC(652) Metaspace: 30867K(31232K)->30867K(31232K) NonClass: 27618K(27776K)->27618K(27776K) Class: 3248K(3456K)->3248K(3456K)
[24.023s][info][gc             ] GC(652) Pause Full (Allocation Failure) 494M->368M(494M) 44.419ms
[24.024s][info][gc,cpu         ] GC(652) User=0.04s Sys=0.00s Real=0.05s
[24.035s][info][gc,start       ] GC(653) Pause Full (Allocation Failure)
[24.035s][info][gc,phases,start] GC(653) Phase 1: Mark live objects
[24.044s][info][gc,phases      ] GC(653) Phase 1: Mark live objects 8.733ms
[24.044s][info][gc,phases,start] GC(653) Phase 2: Compute new object addresses
[24.048s][info][gc,phases      ] GC(653) Phase 2: Compute new object addresses 4.613ms
[24.049s][info][gc,phases,start] GC(653) Phase 3: Adjust pointers
[24.054s][info][gc,phases      ] GC(653) Phase 3: Adjust pointers 5.666ms
[24.054s][info][gc,phases,start] GC(653) Phase 4: Move objects
[24.081s][info][gc,phases      ] GC(653) Phase 4: Move objects 26.550ms
[24.081s][info][gc,heap        ] GC(653) DefNew: 157237K(157248K)->27097K(157248K) Eden: 139776K(139776K)->27097K(139776K) From: 17461K(17472K)->0K(17472K)
[24.081s][info][gc,heap        ] GC(653) Tenured: 349336K(349568K)->349334K(349568K)
[24.081s][info][gc,metaspace   ] GC(653) Metaspace: 30867K(31232K)->30867K(31232K) NonClass: 27618K(27776K)->27618K(27776K) Class: 3248K(3456K)->3248K(3456K)
[24.081s][info][gc             ] GC(653) Pause Full (Allocation Failure) 494M->367M(494M) 46.092ms
[24.081s][info][gc,cpu         ] GC(653) User=0.05s Sys=0.00s Real=0.04s
[24.092s][info][gc,start       ] GC(654) Pause Full (Allocation Failure)
[24.092s][info][gc,phases,start] GC(654) Phase 1: Mark live objects
[24.100s][info][gc,phases      ] GC(654) Phase 1: Mark live objects 8.497ms
[24.100s][info][gc,phases,start] GC(654) Phase 2: Compute new object addresses
[24.104s][info][gc,phases      ] GC(654) Phase 2: Compute new object addresses 4.286ms
[24.104s][info][gc,phases,start] GC(654) Phase 3: Adjust pointers
[24.110s][info][gc,phases      ] GC(654) Phase 3: Adjust pointers 5.282ms
[24.110s][info][gc,phases,start] GC(654) Phase 4: Move objects
[24.137s][info][gc,phases      ] GC(654) Phase 4: Move objects 27.259ms
[24.137s][info][gc,heap        ] GC(654) DefNew: 156909K(157248K)->23961K(157248K) Eden: 139776K(139776K)->23961K(139776K) From: 17133K(17472K)->0K(17472K)
[24.137s][info][gc,heap        ] GC(654) Tenured: 349334K(349568K)->349413K(349568K)
[24.137s][info][gc,metaspace   ] GC(654) Metaspace: 30867K(31232K)->30867K(31232K) NonClass: 27618K(27776K)->27618K(27776K) Class: 3248K(3456K)->3248K(3456K)
[24.137s][info][gc             ] GC(654) Pause Full (Allocation Failure) 494M->364M(494M) 45.765ms
[24.137s][info][gc,cpu         ] GC(654) User=0.04s Sys=0.01s Real=0.04s
[24.148s][info][gc,start       ] GC(655) Pause Full (Allocation Failure)
[24.148s][info][gc,phases,start] GC(655) Phase 1: Mark live objects
[24.156s][info][gc,phases      ] GC(655) Phase 1: Mark live objects 8.385ms
[24.156s][info][gc,phases,start] GC(655) Phase 2: Compute new object addresses
[24.161s][info][gc,phases      ] GC(655) Phase 2: Compute new object addresses 4.514ms
[24.161s][info][gc,phases,start] GC(655) Phase 3: Adjust pointers
[24.166s][info][gc,phases      ] GC(655) Phase 3: Adjust pointers 5.500ms
[24.166s][info][gc,phases,start] GC(655) Phase 4: Move objects
[24.195s][info][gc,phases      ] GC(655) Phase 4: Move objects 28.420ms
[24.195s][info][gc,heap        ] GC(655) DefNew: 157161K(157248K)->6177K(157248K) Eden: 139776K(139776K)->6177K(139776K) From: 17385K(17472K)->0K(17472K)
[24.195s][info][gc,heap        ] GC(655) Tenured: 349413K(349568K)->349358K(349568K)
[24.195s][info][gc,metaspace   ] GC(655) Metaspace: 30867K(31232K)->30867K(31232K) NonClass: 27618K(27776K)->27618K(27776K) Class: 3248K(3456K)->3248K(3456K)
[24.195s][info][gc             ] GC(655) Pause Full (Allocation Failure) 494M->347M(494M) 47.256ms
[24.195s][info][gc,cpu         ] GC(655) User=0.05s Sys=0.00s Real=0.05s
[24.205s][info][gc,start       ] GC(656) Pause Full (Allocation Failure)
[24.206s][info][gc,phases,start] GC(656) Phase 1: Mark live objects
[24.214s][info][gc,phases      ] GC(656) Phase 1: Mark live objects 8.711ms
[24.214s][info][gc,phases,start] GC(656) Phase 2: Compute new object addresses
[24.219s][info][gc,phases      ] GC(656) Phase 2: Compute new object addresses 4.831ms
[24.219s][info][gc,phases,start] GC(656) Phase 3: Adjust pointers
[24.225s][info][gc,phases      ] GC(656) Phase 3: Adjust pointers 5.774ms
[24.225s][info][gc,phases,start] GC(656) Phase 4: Move objects
[24.249s][info][gc,phases      ] GC(656) Phase 4: Move objects 23.725ms
[24.249s][info][gc,heap        ] GC(656) DefNew: 157077K(157248K)->28388K(157248K) Eden: 139776K(139776K)->28388K(139776K) From: 17301K(17472K)->0K(17472K)
[24.249s][info][gc,heap        ] GC(656) Tenured: 349358K(349568K)->349331K(349568K)
[24.249s][info][gc,metaspace   ] GC(656) Metaspace: 30867K(31232K)->30867K(31232K) NonClass: 27618K(27776K)->27618K(27776K) Class: 3248K(3456K)->3248K(3456K)
[24.249s][info][gc             ] GC(656) Pause Full (Allocation Failure) 494M->368M(494M) 43.501ms
[24.249s][info][gc,cpu         ] GC(656) User=0.04s Sys=0.00s Real=0.04s
[24.259s][info][gc,start       ] GC(657) Pause Full (Allocation Failure)
[24.259s][info][gc,phases,start] GC(657) Phase 1: Mark live objects
[24.268s][info][gc,phases      ] GC(657) Phase 1: Mark live objects 8.641ms
[24.268s][info][gc,phases,start] GC(657) Phase 2: Compute new object addresses
[24.273s][info][gc,phases      ] GC(657) Phase 2: Compute new object addresses 4.503ms
[24.273s][info][gc,phases,start] GC(657) Phase 3: Adjust pointers
[24.279s][info][gc,phases      ] GC(657) Phase 3: Adjust pointers 6.212ms
[24.279s][info][gc,phases,start] GC(657) Phase 4: Move objects
[24.313s][info][gc,phases      ] GC(657) Phase 4: Move objects 33.880ms
[24.313s][info][gc,heap        ] GC(657) DefNew: 156600K(157248K)->24443K(157248K) Eden: 139776K(139776K)->24443K(139776K) From: 16824K(17472K)->0K(17472K)
[24.313s][info][gc,heap        ] GC(657) Tenured: 349331K(349568K)->349340K(349568K)
[24.313s][info][gc,metaspace   ] GC(657) Metaspace: 30872K(31232K)->30872K(31232K) NonClass: 27623K(27776K)->27623K(27776K) Class: 3249K(3456K)->3249K(3456K)
[24.313s][info][gc             ] GC(657) Pause Full (Allocation Failure) 494M->365M(494M) 53.727ms
[24.313s][info][gc,cpu         ] GC(657) User=0.06s Sys=0.00s Real=0.06s
[24.325s][info][gc,start       ] GC(658) Pause Full (Allocation Failure)
[24.325s][info][gc,phases,start] GC(658) Phase 1: Mark live objects
[24.334s][info][gc,phases      ] GC(658) Phase 1: Mark live objects 8.766ms
[24.334s][info][gc,phases,start] GC(658) Phase 2: Compute new object addresses
[24.339s][info][gc,phases      ] GC(658) Phase 2: Compute new object addresses 4.634ms
[24.339s][info][gc,phases,start] GC(658) Phase 3: Adjust pointers
[24.344s][info][gc,phases      ] GC(658) Phase 3: Adjust pointers 5.681ms
[24.344s][info][gc,phases,start] GC(658) Phase 4: Move objects
[24.373s][info][gc,phases      ] GC(658) Phase 4: Move objects 28.606ms
[24.373s][info][gc,heap        ] GC(658) DefNew: 157239K(157248K)->11589K(157248K) Eden: 139776K(139776K)->11589K(139776K) From: 17463K(17472K)->0K(17472K)
[24.373s][info][gc,heap        ] GC(658) Tenured: 349340K(349568K)->349440K(349568K)
[24.373s][info][gc,metaspace   ] GC(658) Metaspace: 30872K(31232K)->30872K(31232K) NonClass: 27623K(27776K)->27623K(27776K) Class: 3249K(3456K)->3249K(3456K)
[24.373s][info][gc             ] GC(658) Pause Full (Allocation Failure) 494M->352M(494M) 48.108ms
[24.373s][info][gc,cpu         ] GC(658) User=0.05s Sys=0.00s Real=0.05s
[24.383s][info][gc,start       ] GC(659) Pause Full (Allocation Failure)
[24.383s][info][gc,phases,start] GC(659) Phase 1: Mark live objects
[24.392s][info][gc,phases      ] GC(659) Phase 1: Mark live objects 8.499ms
[24.392s][info][gc,phases,start] GC(659) Phase 2: Compute new object addresses
[24.397s][info][gc,phases      ] GC(659) Phase 2: Compute new object addresses 4.801ms
[24.397s][info][gc,phases,start] GC(659) Phase 3: Adjust pointers
[24.404s][info][gc,phases      ] GC(659) Phase 3: Adjust pointers 6.969ms
[24.404s][info][gc,phases,start] GC(659) Phase 4: Move objects
[24.433s][info][gc,phases      ] GC(659) Phase 4: Move objects 28.892ms
[24.433s][info][gc,heap        ] GC(659) DefNew: 157071K(157248K)->4627K(157248K) Eden: 139776K(139776K)->4627K(139776K) From: 17295K(17472K)->0K(17472K)
[24.433s][info][gc,heap        ] GC(659) Tenured: 349440K(349568K)->349362K(349568K)
[24.433s][info][gc,metaspace   ] GC(659) Metaspace: 30872K(31232K)->30872K(31232K) NonClass: 27623K(27776K)->27623K(27776K) Class: 3249K(3456K)->3249K(3456K)
[24.433s][info][gc             ] GC(659) Pause Full (Allocation Failure) 494M->345M(494M) 49.617ms
[24.433s][info][gc,cpu         ] GC(659) User=0.05s Sys=0.00s Real=0.05s
[24.444s][info][gc,start       ] GC(660) Pause Full (Allocation Failure)
[24.444s][info][gc,phases,start] GC(660) Phase 1: Mark live objects
[24.452s][info][gc,phases      ] GC(660) Phase 1: Mark live objects 8.506ms
[24.452s][info][gc,phases,start] GC(660) Phase 2: Compute new object addresses
[24.457s][info][gc,phases      ] GC(660) Phase 2: Compute new object addresses 4.865ms
[24.457s][info][gc,phases,start] GC(660) Phase 3: Adjust pointers
[24.463s][info][gc,phases      ] GC(660) Phase 3: Adjust pointers 5.901ms
[24.463s][info][gc,phases,start] GC(660) Phase 4: Move objects
[24.487s][info][gc,phases      ] GC(660) Phase 4: Move objects 23.585ms
[24.487s][info][gc,heap        ] GC(660) DefNew: 157248K(157248K)->18302K(157248K) Eden: 139776K(139776K)->18302K(139776K) From: 17472K(17472K)->0K(17472K)
[24.487s][info][gc,heap        ] GC(660) Tenured: 349409K(349568K)->349423K(349568K)
[24.487s][info][gc,metaspace   ] GC(660) Metaspace: 30872K(31232K)->30872K(31232K) NonClass: 27623K(27776K)->27623K(27776K) Class: 3249K(3456K)->3249K(3456K)
[24.487s][info][gc             ] GC(660) Pause Full (Allocation Failure) 494M->359M(494M) 43.315ms
[24.487s][info][gc,cpu         ] GC(660) User=0.04s Sys=0.00s Real=0.04s
[24.497s][info][gc,start       ] GC(661) Pause Full (Allocation Failure)
[24.497s][info][gc,phases,start] GC(661) Phase 1: Mark live objects
[24.506s][info][gc,phases      ] GC(661) Phase 1: Mark live objects 9.082ms
[24.506s][info][gc,phases,start] GC(661) Phase 2: Compute new object addresses
[24.511s][info][gc,phases      ] GC(661) Phase 2: Compute new object addresses 4.537ms
[24.511s][info][gc,phases,start] GC(661) Phase 3: Adjust pointers
[24.517s][info][gc,phases      ] GC(661) Phase 3: Adjust pointers 5.694ms
[24.517s][info][gc,phases,start] GC(661) Phase 4: Move objects
[24.545s][info][gc,phases      ] GC(661) Phase 4: Move objects 28.628ms
[24.546s][info][gc,heap        ] GC(661) DefNew: 157086K(157248K)->3604K(157248K) Eden: 139776K(139776K)->3604K(139776K) From: 17310K(17472K)->0K(17472K)
[24.546s][info][gc,heap        ] GC(661) Tenured: 349423K(349568K)->349362K(349568K)
[24.546s][info][gc,metaspace   ] GC(661) Metaspace: 30872K(31232K)->30872K(31232K) NonClass: 27623K(27776K)->27623K(27776K) Class: 3249K(3456K)->3249K(3456K)
[24.546s][info][gc             ] GC(661) Pause Full (Allocation Failure) 494M->344M(494M) 48.364ms
[24.546s][info][gc,cpu         ] GC(661) User=0.05s Sys=0.00s Real=0.05s
[24.556s][info][gc,start       ] GC(662) Pause Full (Allocation Failure)
[24.556s][info][gc,phases,start] GC(662) Phase 1: Mark live objects
[24.565s][info][gc,phases      ] GC(662) Phase 1: Mark live objects 8.882ms
[24.565s][info][gc,phases,start] GC(662) Phase 2: Compute new object addresses
[24.570s][info][gc,phases      ] GC(662) Phase 2: Compute new object addresses 4.699ms
[24.570s][info][gc,phases,start] GC(662) Phase 3: Adjust pointers
[24.575s][info][gc,phases      ] GC(662) Phase 3: Adjust pointers 5.412ms
[24.575s][info][gc,phases,start] GC(662) Phase 4: Move objects
[24.598s][info][gc,phases      ] GC(662) Phase 4: Move objects 22.420ms
[24.598s][info][gc,heap        ] GC(662) DefNew: 156994K(157248K)->21877K(157248K) Eden: 139776K(139776K)->21877K(139776K) From: 17218K(17472K)->0K(17472K)
[24.598s][info][gc,heap        ] GC(662) Tenured: 349362K(349568K)->349423K(349568K)
[24.598s][info][gc,metaspace   ] GC(662) Metaspace: 30872K(31232K)->30872K(31232K) NonClass: 27623K(27776K)->27623K(27776K) Class: 3249K(3456K)->3249K(3456K)
[24.598s][info][gc             ] GC(662) Pause Full (Allocation Failure) 494M->362M(494M) 41.844ms
[24.598s][info][gc,cpu         ] GC(662) User=0.04s Sys=0.00s Real=0.04s
[24.607s][info][gc,start       ] GC(663) Pause Full (Allocation Failure)
[24.607s][info][gc,phases,start] GC(663) Phase 1: Mark live objects
[24.617s][info][gc,phases      ] GC(663) Phase 1: Mark live objects 9.511ms
[24.617s][info][gc,phases,start] GC(663) Phase 2: Compute new object addresses
[24.621s][info][gc,phases      ] GC(663) Phase 2: Compute new object addresses 4.546ms
[24.621s][info][gc,phases,start] GC(663) Phase 3: Adjust pointers
[24.627s][info][gc,phases      ] GC(663) Phase 3: Adjust pointers 5.795ms
[24.627s][info][gc,phases,start] GC(663) Phase 4: Move objects
[24.655s][info][gc,phases      ] GC(663) Phase 4: Move objects 28.380ms
[24.656s][info][gc,heap        ] GC(663) DefNew: 157248K(157248K)->6943K(157248K) Eden: 139776K(139776K)->6943K(139776K) From: 17472K(17472K)->0K(17472K)
[24.656s][info][gc,heap        ] GC(663) Tenured: 349425K(349568K)->349357K(349568K)
[24.656s][info][gc,metaspace   ] GC(663) Metaspace: 30872K(31232K)->30872K(31232K) NonClass: 27623K(27776K)->27623K(27776K) Class: 3249K(3456K)->3249K(3456K)
[24.656s][info][gc             ] GC(663) Pause Full (Allocation Failure) 494M->347M(494M) 48.708ms
[24.656s][info][gc,cpu         ] GC(663) User=0.05s Sys=0.00s Real=0.05s
[24.666s][info][gc,start       ] GC(664) Pause Full (Allocation Failure)
[24.666s][info][gc,phases,start] GC(664) Phase 1: Mark live objects
[24.675s][info][gc,phases      ] GC(664) Phase 1: Mark live objects 8.922ms
[24.675s][info][gc,phases,start] GC(664) Phase 2: Compute new object addresses
[24.680s][info][gc,phases      ] GC(664) Phase 2: Compute new object addresses 4.777ms
[24.680s][info][gc,phases,start] GC(664) Phase 3: Adjust pointers
[24.686s][info][gc,phases      ] GC(664) Phase 3: Adjust pointers 5.769ms
[24.686s][info][gc,phases,start] GC(664) Phase 4: Move objects
[24.709s][info][gc,phases      ] GC(664) Phase 4: Move objects 23.213ms
[24.709s][info][gc,heap        ] GC(664) DefNew: 157083K(157248K)->20088K(157248K) Eden: 139776K(139776K)->20088K(139776K) From: 17307K(17472K)->0K(17472K)
[24.709s][info][gc,heap        ] GC(664) Tenured: 349357K(349568K)->349430K(349568K)
[24.709s][info][gc,metaspace   ] GC(664) Metaspace: 30872K(31232K)->30872K(31232K) NonClass: 27623K(27776K)->27623K(27776K) Class: 3249K(3456K)->3249K(3456K)
[24.709s][info][gc             ] GC(664) Pause Full (Allocation Failure) 494M->360M(494M) 43.137ms
[24.709s][info][gc,cpu         ] GC(664) User=0.05s Sys=0.00s Real=0.04s
[24.719s][info][gc,start       ] GC(665) Pause Full (Allocation Failure)
[24.719s][info][gc,phases,start] GC(665) Phase 1: Mark live objects
[24.727s][info][gc,phases      ] GC(665) Phase 1: Mark live objects 8.324ms
[24.727s][info][gc,phases,start] GC(665) Phase 2: Compute new object addresses
[24.732s][info][gc,phases      ] GC(665) Phase 2: Compute new object addresses 4.323ms
[24.732s][info][gc,phases,start] GC(665) Phase 3: Adjust pointers
[24.737s][info][gc,phases      ] GC(665) Phase 3: Adjust pointers 5.394ms
[24.737s][info][gc,phases,start] GC(665) Phase 4: Move objects
[24.764s][info][gc,phases      ] GC(665) Phase 4: Move objects 26.843ms
[24.764s][info][gc,heap        ] GC(665) DefNew: 157247K(157248K)->24183K(157248K) Eden: 139775K(139776K)->24183K(139776K) From: 17472K(17472K)->0K(17472K)
[24.764s][info][gc,heap        ] GC(665) Tenured: 349436K(349568K)->348553K(349568K)
[24.764s][info][gc,metaspace   ] GC(665) Metaspace: 30872K(31232K)->30872K(31232K) NonClass: 27623K(27776K)->27623K(27776K) Class: 3249K(3456K)->3249K(3456K)
[24.764s][info][gc             ] GC(665) Pause Full (Allocation Failure) 494M->364M(494M) 45.355ms
[24.764s][info][gc,cpu         ] GC(665) User=0.04s Sys=0.00s Real=0.05s
[24.775s][info][gc,start       ] GC(666) Pause Full (Allocation Failure)
[24.775s][info][gc,phases,start] GC(666) Phase 1: Mark live objects
[24.784s][info][gc,phases      ] GC(666) Phase 1: Mark live objects 9.362ms
[24.784s][info][gc,phases,start] GC(666) Phase 2: Compute new object addresses
[24.789s][info][gc,phases      ] GC(666) Phase 2: Compute new object addresses 4.590ms
[24.789s][info][gc,phases,start] GC(666) Phase 3: Adjust pointers
[24.795s][info][gc,phases      ] GC(666) Phase 3: Adjust pointers 6.006ms
[24.795s][info][gc,phases,start] GC(666) Phase 4: Move objects
[24.824s][info][gc,phases      ] GC(666) Phase 4: Move objects 28.475ms
[24.824s][info][gc,heap        ] GC(666) DefNew: 157247K(157248K)->2572K(157248K) Eden: 139776K(139776K)->2572K(139776K) From: 17471K(17472K)->0K(17472K)
[24.824s][info][gc,heap        ] GC(666) Tenured: 348925K(349568K)->349466K(349568K)
[24.824s][info][gc,metaspace   ] GC(666) Metaspace: 30872K(31232K)->30872K(31232K) NonClass: 27623K(27776K)->27623K(27776K) Class: 3249K(3456K)->3249K(3456K)
[24.824s][info][gc             ] GC(666) Pause Full (Allocation Failure) 494M->343M(494M) 48.841ms
[24.824s][info][gc,cpu         ] GC(666) User=0.05s Sys=0.00s Real=0.05s
[24.836s][info][gc,start       ] GC(667) Pause Full (Allocation Failure)
[24.836s][info][gc,phases,start] GC(667) Phase 1: Mark live objects
[24.845s][info][gc,phases      ] GC(667) Phase 1: Mark live objects 8.814ms
[24.845s][info][gc,phases,start] GC(667) Phase 2: Compute new object addresses
[24.850s][info][gc,phases      ] GC(667) Phase 2: Compute new object addresses 4.969ms
[24.850s][info][gc,phases,start] GC(667) Phase 3: Adjust pointers
[24.856s][info][gc,phases      ] GC(667) Phase 3: Adjust pointers 5.568ms
[24.856s][info][gc,phases,start] GC(667) Phase 4: Move objects
[24.883s][info][gc,phases      ] GC(667) Phase 4: Move objects 27.350ms
[24.883s][info][gc,heap        ] GC(667) DefNew: 156447K(157248K)->4372K(157248K) Eden: 139776K(139776K)->4372K(139776K) From: 16671K(17472K)->0K(17472K)
[24.883s][info][gc,heap        ] GC(667) Tenured: 349466K(349568K)->349363K(349568K)
[24.883s][info][gc,metaspace   ] GC(667) Metaspace: 30872K(31232K)->30872K(31232K) NonClass: 27623K(27776K)->27623K(27776K) Class: 3249K(3456K)->3249K(3456K)
[24.883s][info][gc             ] GC(667) Pause Full (Allocation Failure) 494M->345M(494M) 47.184ms
[24.883s][info][gc,cpu         ] GC(667) User=0.05s Sys=0.00s Real=0.05s
[24.894s][info][gc,start       ] GC(668) Pause Full (Allocation Failure)
[24.894s][info][gc,phases,start] GC(668) Phase 1: Mark live objects
[24.903s][info][gc,phases      ] GC(668) Phase 1: Mark live objects 8.697ms
[24.903s][info][gc,phases,start] GC(668) Phase 2: Compute new object addresses
[24.908s][info][gc,phases      ] GC(668) Phase 2: Compute new object addresses 4.809ms
[24.908s][info][gc,phases,start] GC(668) Phase 3: Adjust pointers
[24.914s][info][gc,phases      ] GC(668) Phase 3: Adjust pointers 5.717ms
[24.914s][info][gc,phases,start] GC(668) Phase 4: Move objects
[24.934s][info][gc,phases      ] GC(668) Phase 4: Move objects 20.862ms
[24.935s][info][gc,heap        ] GC(668) DefNew: 156883K(157248K)->25991K(157248K) Eden: 139776K(139776K)->25991K(139776K) From: 17107K(17472K)->0K(17472K)
[24.935s][info][gc,heap        ] GC(668) Tenured: 349363K(349568K)->349428K(349568K)
[24.935s][info][gc,metaspace   ] GC(668) Metaspace: 30872K(31232K)->30872K(31232K) NonClass: 27623K(27776K)->27623K(27776K) Class: 3249K(3456K)->3249K(3456K)
[24.935s][info][gc             ] GC(668) Pause Full (Allocation Failure) 494M->366M(494M) 40.519ms
[24.935s][info][gc,cpu         ] GC(668) User=0.05s Sys=0.00s Real=0.04s
[24.945s][info][gc,start       ] GC(669) Pause Full (Allocation Failure)
[24.945s][info][gc,phases,start] GC(669) Phase 1: Mark live objects
[24.954s][info][gc,phases      ] GC(669) Phase 1: Mark live objects 8.574ms
[24.954s][info][gc,phases,start] GC(669) Phase 2: Compute new object addresses
[24.958s][info][gc,phases      ] GC(669) Phase 2: Compute new object addresses 4.464ms
[24.958s][info][gc,phases,start] GC(669) Phase 3: Adjust pointers
[24.964s][info][gc,phases      ] GC(669) Phase 3: Adjust pointers 5.488ms
[24.964s][info][gc,phases,start] GC(669) Phase 4: Move objects
[24.991s][info][gc,phases      ] GC(669) Phase 4: Move objects 27.285ms
[24.991s][info][gc,heap        ] GC(669) DefNew: 156866K(157248K)->21897K(157248K) Eden: 139776K(139776K)->21897K(139776K) From: 17090K(17472K)->0K(17472K)
[24.991s][info][gc,heap        ] GC(669) Tenured: 349428K(349568K)->349078K(349568K)
[24.991s][info][gc,metaspace   ] GC(669) Metaspace: 30872K(31232K)->30872K(31232K) NonClass: 27623K(27776K)->27623K(27776K) Class: 3249K(3456K)->3249K(3456K)
[24.991s][info][gc             ] GC(669) Pause Full (Allocation Failure) 494M->362M(494M) 46.215ms
[24.991s][info][gc,cpu         ] GC(669) User=0.05s Sys=0.00s Real=0.05s
[24.999s][info][gc,start       ] GC(670) Pause Full (Allocation Failure)
[24.999s][info][gc,phases,start] GC(670) Phase 1: Mark live objects
[25.009s][info][gc,phases      ] GC(670) Phase 1: Mark live objects 9.773ms
[25.009s][info][gc,phases,start] GC(670) Phase 2: Compute new object addresses
[25.014s][info][gc,phases      ] GC(670) Phase 2: Compute new object addresses 5.164ms
[25.014s][info][gc,phases,start] GC(670) Phase 3: Adjust pointers
[25.020s][info][gc,phases      ] GC(670) Phase 3: Adjust pointers 6.161ms
[25.020s][info][gc,phases,start] GC(670) Phase 4: Move objects
[25.048s][info][gc,phases      ] GC(670) Phase 4: Move objects 27.551ms
[25.048s][info][gc,heap        ] GC(670) DefNew: 157046K(157248K)->25064K(157248K) Eden: 139776K(139776K)->25064K(139776K) From: 17270K(17472K)->0K(17472K)
[25.048s][info][gc,heap        ] GC(670) Tenured: 349334K(349568K)->349069K(349568K)
[25.048s][info][gc,metaspace   ] GC(670) Metaspace: 30872K(31232K)->30872K(31232K) NonClass: 27623K(27776K)->27623K(27776K) Class: 3249K(3456K)->3249K(3456K)
[25.048s][info][gc             ] GC(670) Pause Full (Allocation Failure) 494M->365M(494M) 49.173ms
[25.048s][info][gc,cpu         ] GC(670) User=0.04s Sys=0.00s Real=0.05s
[25.059s][info][gc,start       ] GC(671) Pause Full (Allocation Failure)
[25.059s][info][gc,phases,start] GC(671) Phase 1: Mark live objects
[25.068s][info][gc,phases      ] GC(671) Phase 1: Mark live objects 9.310ms
[25.069s][info][gc,phases,start] GC(671) Phase 2: Compute new object addresses
[25.073s][info][gc,phases      ] GC(671) Phase 2: Compute new object addresses 4.558ms
[25.073s][info][gc,phases,start] GC(671) Phase 3: Adjust pointers
[25.079s][info][gc,phases      ] GC(671) Phase 3: Adjust pointers 5.798ms
[25.079s][info][gc,phases,start] GC(671) Phase 4: Move objects
[25.108s][info][gc,phases      ] GC(671) Phase 4: Move objects 29.133ms
[25.108s][info][gc,heap        ] GC(671) DefNew: 156888K(157248K)->4887K(157248K) Eden: 139776K(139776K)->4887K(139776K) From: 17112K(17472K)->0K(17472K)
[25.108s][info][gc,heap        ] GC(671) Tenured: 349069K(349568K)->349370K(349568K)
[25.108s][info][gc,metaspace   ] GC(671) Metaspace: 30872K(31232K)->30872K(31232K) NonClass: 27623K(27776K)->27623K(27776K) Class: 3249K(3456K)->3249K(3456K)
[25.108s][info][gc             ] GC(671) Pause Full (Allocation Failure) 494M->345M(494M) 49.250ms
[25.108s][info][gc,cpu         ] GC(671) User=0.05s Sys=0.00s Real=0.05s
[25.120s][info][gc,start       ] GC(672) Pause Full (Allocation Failure)
[25.120s][info][gc,phases,start] GC(672) Phase 1: Mark live objects
[25.128s][info][gc,phases      ] GC(672) Phase 1: Mark live objects 8.550ms
[25.128s][info][gc,phases,start] GC(672) Phase 2: Compute new object addresses
[25.133s][info][gc,phases      ] GC(672) Phase 2: Compute new object addresses 4.595ms
[25.133s][info][gc,phases,start] GC(672) Phase 3: Adjust pointers
[25.138s][info][gc,phases      ] GC(672) Phase 3: Adjust pointers 5.593ms
[25.139s][info][gc,phases,start] GC(672) Phase 4: Move objects
[25.161s][info][gc,phases      ] GC(672) Phase 4: Move objects 22.973ms
[25.162s][info][gc,heap        ] GC(672) DefNew: 156549K(157248K)->24040K(157248K) Eden: 139776K(139776K)->24040K(139776K) From: 16773K(17472K)->0K(17472K)
[25.162s][info][gc,heap        ] GC(672) Tenured: 349370K(349568K)->349312K(349568K)
[25.162s][info][gc,metaspace   ] GC(672) Metaspace: 30872K(31232K)->30872K(31232K) NonClass: 27623K(27776K)->27623K(27776K) Class: 3249K(3456K)->3249K(3456K)
[25.162s][info][gc             ] GC(672) Pause Full (Allocation Failure) 494M->364M(494M) 42.133ms
[25.162s][info][gc,cpu         ] GC(672) User=0.05s Sys=0.00s Real=0.04s
[25.172s][info][gc,start       ] GC(673) Pause Full (Allocation Failure)
[25.173s][info][gc,phases,start] GC(673) Phase 1: Mark live objects
[25.181s][info][gc,phases      ] GC(673) Phase 1: Mark live objects 8.923ms
[25.181s][info][gc,phases,start] GC(673) Phase 2: Compute new object addresses
[25.186s][info][gc,phases      ] GC(673) Phase 2: Compute new object addresses 4.590ms
[25.186s][info][gc,phases,start] GC(673) Phase 3: Adjust pointers
[25.192s][info][gc,phases      ] GC(673) Phase 3: Adjust pointers 5.615ms
[25.192s][info][gc,phases,start] GC(673) Phase 4: Move objects
[25.220s][info][gc,phases      ] GC(673) Phase 4: Move objects 27.869ms
[25.220s][info][gc,heap        ] GC(673) DefNew: 156338K(157248K)->21367K(157248K) Eden: 139776K(139776K)->21367K(139776K) From: 16562K(17472K)->0K(17472K)
[25.220s][info][gc,heap        ] GC(673) Tenured: 349312K(349568K)->348563K(349568K)
[25.220s][info][gc,metaspace   ] GC(673) Metaspace: 30872K(31232K)->30872K(31232K) NonClass: 27623K(27776K)->27623K(27776K) Class: 3249K(3456K)->3249K(3456K)
[25.220s][info][gc             ] GC(673) Pause Full (Allocation Failure) 493M->361M(494M) 47.453ms
[25.220s][info][gc,cpu         ] GC(673) User=0.04s Sys=0.00s Real=0.04s
[25.231s][info][gc,start       ] GC(674) Pause Full (Allocation Failure)
[25.231s][info][gc,phases,start] GC(674) Phase 1: Mark live objects
[25.240s][info][gc,phases      ] GC(674) Phase 1: Mark live objects 8.803ms
[25.240s][info][gc,phases,start] GC(674) Phase 2: Compute new object addresses
[25.245s][info][gc,phases      ] GC(674) Phase 2: Compute new object addresses 4.853ms
[25.245s][info][gc,phases,start] GC(674) Phase 3: Adjust pointers
[25.251s][info][gc,phases      ] GC(674) Phase 3: Adjust pointers 6.266ms
[25.251s][info][gc,phases,start] GC(674) Phase 4: Move objects
[25.284s][info][gc,phases      ] GC(674) Phase 4: Move objects 32.740ms
[25.284s][info][gc,heap        ] GC(674) DefNew: 157058K(157248K)->21465K(157248K) Eden: 139776K(139776K)->21465K(139776K) From: 17282K(17472K)->0K(17472K)
[25.284s][info][gc,heap        ] GC(674) Tenured: 348563K(349568K)->349343K(349568K)
[25.284s][info][gc,metaspace   ] GC(674) Metaspace: 30877K(31232K)->30877K(31232K) NonClass: 27627K(27776K)->27627K(27776K) Class: 3249K(3456K)->3249K(3456K)
[25.284s][info][gc             ] GC(674) Pause Full (Allocation Failure) 493M->362M(494M) 53.130ms
[25.284s][info][gc,cpu         ] GC(674) User=0.05s Sys=0.00s Real=0.05s
[25.295s][info][gc,start       ] GC(675) Pause Full (Allocation Failure)
[25.295s][info][gc,phases,start] GC(675) Phase 1: Mark live objects
[25.304s][info][gc,phases      ] GC(675) Phase 1: Mark live objects 8.773ms
[25.304s][info][gc,phases,start] GC(675) Phase 2: Compute new object addresses
[25.308s][info][gc,phases      ] GC(675) Phase 2: Compute new object addresses 4.542ms
[25.308s][info][gc,phases,start] GC(675) Phase 3: Adjust pointers
[25.314s][info][gc,phases      ] GC(675) Phase 3: Adjust pointers 6.014ms
[25.314s][info][gc,phases,start] GC(675) Phase 4: Move objects
[25.345s][info][gc,phases      ] GC(675) Phase 4: Move objects 30.524ms
[25.345s][info][gc,heap        ] GC(675) DefNew: 156807K(157248K)->3603K(157248K) Eden: 139776K(139776K)->3603K(139776K) From: 17031K(17472K)->0K(17472K)
[25.345s][info][gc,heap        ] GC(675) Tenured: 349343K(349568K)->349365K(349568K)
[25.345s][info][gc,metaspace   ] GC(675) Metaspace: 30877K(31232K)->30877K(31232K) NonClass: 27627K(27776K)->27627K(27776K) Class: 3249K(3456K)->3249K(3456K)
[25.345s][info][gc             ] GC(675) Pause Full (Allocation Failure) 494M->344M(494M) 50.321ms
[25.345s][info][gc,cpu         ] GC(675) User=0.05s Sys=0.00s Real=0.05s
[25.356s][info][gc,start       ] GC(676) Pause Full (Allocation Failure)
[25.356s][info][gc,phases,start] GC(676) Phase 1: Mark live objects
[25.365s][info][gc,phases      ] GC(676) Phase 1: Mark live objects 8.685ms
[25.365s][info][gc,phases,start] GC(676) Phase 2: Compute new object addresses
[25.369s][info][gc,phases      ] GC(676) Phase 2: Compute new object addresses 4.802ms
[25.369s][info][gc,phases,start] GC(676) Phase 3: Adjust pointers
[25.376s][info][gc,phases      ] GC(676) Phase 3: Adjust pointers 6.246ms
[25.376s][info][gc,phases,start] GC(676) Phase 4: Move objects
[25.397s][info][gc,phases      ] GC(676) Phase 4: Move objects 21.659ms
[25.398s][info][gc,heap        ] GC(676) DefNew: 156316K(157248K)->25299K(157248K) Eden: 139776K(139776K)->25299K(139776K) From: 16540K(17472K)->0K(17472K)
[25.398s][info][gc,heap        ] GC(676) Tenured: 349365K(349568K)->349345K(349568K)
[25.398s][info][gc,metaspace   ] GC(676) Metaspace: 30877K(31232K)->30877K(31232K) NonClass: 27627K(27776K)->27627K(27776K) Class: 3249K(3456K)->3249K(3456K)
[25.398s][info][gc             ] GC(676) Pause Full (Allocation Failure) 493M->365M(494M) 41.872ms
[25.398s][info][gc,cpu         ] GC(676) User=0.05s Sys=0.01s Real=0.04s
[25.408s][info][gc,start       ] GC(677) Pause Full (Allocation Failure)
[25.408s][info][gc,phases,start] GC(677) Phase 1: Mark live objects
[25.417s][info][gc,phases      ] GC(677) Phase 1: Mark live objects 8.571ms
[25.417s][info][gc,phases,start] GC(677) Phase 2: Compute new object addresses
[25.422s][info][gc,phases      ] GC(677) Phase 2: Compute new object addresses 4.602ms
[25.422s][info][gc,phases,start] GC(677) Phase 3: Adjust pointers
[25.429s][info][gc,phases      ] GC(677) Phase 3: Adjust pointers 7.182ms
[25.429s][info][gc,phases,start] GC(677) Phase 4: Move objects
[25.458s][info][gc,phases      ] GC(677) Phase 4: Move objects 28.891ms
[25.458s][info][gc,heap        ] GC(677) DefNew: 156578K(157248K)->23962K(157248K) Eden: 139776K(139776K)->23962K(139776K) From: 16802K(17472K)->0K(17472K)
[25.458s][info][gc,heap        ] GC(677) Tenured: 349345K(349568K)->349421K(349568K)
[25.458s][info][gc,metaspace   ] GC(677) Metaspace: 30877K(31232K)->30877K(31232K) NonClass: 27627K(27776K)->27627K(27776K) Class: 3249K(3456K)->3249K(3456K)
[25.458s][info][gc             ] GC(677) Pause Full (Allocation Failure) 494M->364M(494M) 49.724ms
[25.458s][info][gc,cpu         ] GC(677) User=0.05s Sys=0.00s Real=0.05s
[25.471s][info][gc,start       ] GC(678) Pause Full (Allocation Failure)
[25.471s][info][gc,phases,start] GC(678) Phase 1: Mark live objects
[25.480s][info][gc,phases      ] GC(678) Phase 1: Mark live objects 8.918ms
[25.480s][info][gc,phases,start] GC(678) Phase 2: Compute new object addresses
[25.485s][info][gc,phases      ] GC(678) Phase 2: Compute new object addresses 4.539ms
[25.485s][info][gc,phases,start] GC(678) Phase 3: Adjust pointers
[25.491s][info][gc,phases      ] GC(678) Phase 3: Adjust pointers 5.941ms
[25.491s][info][gc,phases,start] GC(678) Phase 4: Move objects
[25.520s][info][gc,phases      ] GC(678) Phase 4: Move objects 29.655ms
[25.520s][info][gc,heap        ] GC(678) DefNew: 157023K(157248K)->3094K(157248K) Eden: 139776K(139776K)->3094K(139776K) From: 17247K(17472K)->0K(17472K)
[25.521s][info][gc,heap        ] GC(678) Tenured: 349421K(349568K)->349372K(349568K)
[25.521s][info][gc,metaspace   ] GC(678) Metaspace: 30877K(31232K)->30877K(31232K) NonClass: 27627K(27776K)->27627K(27776K) Class: 3249K(3456K)->3249K(3456K)
[25.521s][info][gc             ] GC(678) Pause Full (Allocation Failure) 494M->344M(494M) 49.527ms
[25.521s][info][gc,cpu         ] GC(678) User=0.05s Sys=0.00s Real=0.04s
[25.532s][info][gc,start       ] GC(679) Pause Full (Allocation Failure)
[25.532s][info][gc,phases,start] GC(679) Phase 1: Mark live objects
[25.541s][info][gc,phases      ] GC(679) Phase 1: Mark live objects 8.459ms
[25.541s][info][gc,phases,start] GC(679) Phase 2: Compute new object addresses
[25.545s][info][gc,phases      ] GC(679) Phase 2: Compute new object addresses 4.650ms
[25.545s][info][gc,phases,start] GC(679) Phase 3: Adjust pointers
[25.551s][info][gc,phases      ] GC(679) Phase 3: Adjust pointers 5.821ms
[25.551s][info][gc,phases,start] GC(679) Phase 4: Move objects
[25.579s][info][gc,phases      ] GC(679) Phase 4: Move objects 27.859ms
[25.579s][info][gc,heap        ] GC(679) DefNew: 156966K(157248K)->6178K(157248K) Eden: 139776K(139776K)->6178K(139776K) From: 17190K(17472K)->0K(17472K)
[25.579s][info][gc,heap        ] GC(679) Tenured: 349372K(349568K)->349435K(349568K)
[25.579s][info][gc,metaspace   ] GC(679) Metaspace: 30877K(31232K)->30877K(31232K) NonClass: 27627K(27776K)->27627K(27776K) Class: 3249K(3456K)->3249K(3456K)
[25.579s][info][gc             ] GC(679) Pause Full (Allocation Failure) 494M->347M(494M) 47.244ms
[25.579s][info][gc,cpu         ] GC(679) User=0.05s Sys=0.00s Real=0.04s
[25.590s][info][gc,start       ] GC(680) Pause Full (Allocation Failure)
[25.590s][info][gc,phases,start] GC(680) Phase 1: Mark live objects
[25.600s][info][gc,phases      ] GC(680) Phase 1: Mark live objects 9.735ms
[25.600s][info][gc,phases,start] GC(680) Phase 2: Compute new object addresses
[25.605s][info][gc,phases      ] GC(680) Phase 2: Compute new object addresses 4.987ms
[25.605s][info][gc,phases,start] GC(680) Phase 3: Adjust pointers
[25.611s][info][gc,phases      ] GC(680) Phase 3: Adjust pointers 5.832ms
[25.611s][info][gc,phases,start] GC(680) Phase 4: Move objects
[25.615s][info][gc,phases      ] GC(680) Phase 4: Move objects 4.535ms
[25.615s][info][gc,heap        ] GC(680) DefNew: 156800K(157248K)->26275K(157248K) Eden: 139776K(139776K)->26275K(139776K) From: 17024K(17472K)->0K(17472K)
[25.616s][info][gc,heap        ] GC(680) Tenured: 349435K(349568K)->349412K(349568K)
[25.616s][info][gc,metaspace   ] GC(680) Metaspace: 30877K(31232K)->30877K(31232K) NonClass: 27627K(27776K)->27627K(27776K) Class: 3249K(3456K)->3249K(3456K)
[25.616s][info][gc             ] GC(680) Pause Full (Allocation Failure) 494M->366M(494M) 25.534ms
[25.616s][info][gc,cpu         ] GC(680) User=0.03s Sys=0.00s Real=0.03s
[25.626s][info][gc,start       ] GC(681) Pause Full (Allocation Failure)
[25.626s][info][gc,phases,start] GC(681) Phase 1: Mark live objects
[25.635s][info][gc,phases      ] GC(681) Phase 1: Mark live objects 8.575ms
[25.635s][info][gc,phases,start] GC(681) Phase 2: Compute new object addresses
[25.639s][info][gc,phases      ] GC(681) Phase 2: Compute new object addresses 4.383ms
[25.639s][info][gc,phases,start] GC(681) Phase 3: Adjust pointers
[25.645s][info][gc,phases      ] GC(681) Phase 3: Adjust pointers 5.489ms
[25.645s][info][gc,phases,start] GC(681) Phase 4: Move objects
[25.673s][info][gc,phases      ] GC(681) Phase 4: Move objects 28.177ms
[25.673s][info][gc,heap        ] GC(681) DefNew: 156336K(157248K)->20689K(157248K) Eden: 139776K(139776K)->20689K(139776K) From: 16560K(17472K)->0K(17472K)
[25.673s][info][gc,heap        ] GC(681) Tenured: 349412K(349568K)->349330K(349568K)
[25.673s][info][gc,metaspace   ] GC(681) Metaspace: 30877K(31232K)->30877K(31232K) NonClass: 27627K(27776K)->27627K(27776K) Class: 3249K(3456K)->3249K(3456K)
[25.673s][info][gc             ] GC(681) Pause Full (Allocation Failure) 493M->361M(494M) 47.068ms
[25.673s][info][gc,cpu         ] GC(681) User=0.05s Sys=0.00s Real=0.05s
[25.682s][info][gc,start       ] GC(682) Pause Full (Allocation Failure)
[25.682s][info][gc,phases,start] GC(682) Phase 1: Mark live objects
[25.691s][info][gc,phases      ] GC(682) Phase 1: Mark live objects 8.891ms
[25.691s][info][gc,phases,start] GC(682) Phase 2: Compute new object addresses
[25.696s][info][gc,phases      ] GC(682) Phase 2: Compute new object addresses 4.797ms
[25.696s][info][gc,phases,start] GC(682) Phase 3: Adjust pointers
[25.702s][info][gc,phases      ] GC(682) Phase 3: Adjust pointers 5.985ms
[25.702s][info][gc,phases,start] GC(682) Phase 4: Move objects
[25.728s][info][gc,phases      ] GC(682) Phase 4: Move objects 26.471ms
[25.728s][info][gc,heap        ] GC(682) DefNew: 157198K(157248K)->30173K(157248K) Eden: 139776K(139776K)->30173K(139776K) From: 17422K(17472K)->0K(17472K)
[25.728s][info][gc,heap        ] GC(682) Tenured: 349330K(349568K)->349333K(349568K)
[25.728s][info][gc,metaspace   ] GC(682) Metaspace: 30877K(31232K)->30877K(31232K) NonClass: 27627K(27776K)->27627K(27776K) Class: 3249K(3456K)->3249K(3456K)
[25.728s][info][gc             ] GC(682) Pause Full (Allocation Failure) 494M->370M(494M) 46.573ms
[25.728s][info][gc,cpu         ] GC(682) User=0.05s Sys=0.00s Real=0.05s
[25.739s][info][gc,start       ] GC(683) Pause Full (Allocation Failure)
[25.739s][info][gc,phases,start] GC(683) Phase 1: Mark live objects
[25.748s][info][gc,phases      ] GC(683) Phase 1: Mark live objects 8.461ms
[25.748s][info][gc,phases,start] GC(683) Phase 2: Compute new object addresses
[25.752s][info][gc,phases      ] GC(683) Phase 2: Compute new object addresses 4.115ms
[25.752s][info][gc,phases,start] GC(683) Phase 3: Adjust pointers
[25.757s][info][gc,phases      ] GC(683) Phase 3: Adjust pointers 5.476ms
[25.757s][info][gc,phases,start] GC(683) Phase 4: Move objects
[25.787s][info][gc,phases      ] GC(683) Phase 4: Move objects 29.276ms
[25.787s][info][gc,heap        ] GC(683) DefNew: 157136K(157248K)->10821K(157248K) Eden: 139776K(139776K)->10821K(139776K) From: 17360K(17472K)->0K(17472K)
[25.787s][info][gc,heap        ] GC(683) Tenured: 349333K(349568K)->349451K(349568K)
[25.787s][info][gc,metaspace   ] GC(683) Metaspace: 30877K(31232K)->30877K(31232K) NonClass: 27627K(27776K)->27627K(27776K) Class: 3249K(3456K)->3249K(3456K)
[25.787s][info][gc             ] GC(683) Pause Full (Allocation Failure) 494M->351M(494M) 47.781ms
[25.787s][info][gc,cpu         ] GC(683) User=0.05s Sys=0.00s Real=0.05s
[25.797s][info][gc,start       ] GC(684) Pause Full (Allocation Failure)
[25.797s][info][gc,phases,start] GC(684) Phase 1: Mark live objects
[25.806s][info][gc,phases      ] GC(684) Phase 1: Mark live objects 8.816ms
[25.806s][info][gc,phases,start] GC(684) Phase 2: Compute new object addresses
[25.811s][info][gc,phases      ] GC(684) Phase 2: Compute new object addresses 4.854ms
[25.811s][info][gc,phases,start] GC(684) Phase 3: Adjust pointers
[25.819s][info][gc,phases      ] GC(684) Phase 3: Adjust pointers 8.119ms
[25.819s][info][gc,phases,start] GC(684) Phase 4: Move objects
[25.843s][info][gc,phases      ] GC(684) Phase 4: Move objects 24.085ms
[25.844s][info][gc,heap        ] GC(684) DefNew: 156935K(157248K)->29076K(157248K) Eden: 139776K(139776K)->29076K(139776K) From: 17159K(17472K)->0K(17472K)
[25.844s][info][gc,heap        ] GC(684) Tenured: 349451K(349568K)->349337K(349568K)
[25.844s][info][gc,metaspace   ] GC(684) Metaspace: 30877K(31232K)->30877K(31232K) NonClass: 27627K(27776K)->27627K(27776K) Class: 3249K(3456K)->3249K(3456K)
[25.844s][info][gc             ] GC(684) Pause Full (Allocation Failure) 494M->369M(494M) 46.350ms
[25.844s][info][gc,cpu         ] GC(684) User=0.09s Sys=0.00s Real=0.05s
[25.852s][info][gc,start       ] GC(685) Pause Full (Allocation Failure)
[25.852s][info][gc,phases,start] GC(685) Phase 1: Mark live objects
[25.861s][info][gc,phases      ] GC(685) Phase 1: Mark live objects 8.733ms
[25.861s][info][gc,phases,start] GC(685) Phase 2: Compute new object addresses
[25.866s][info][gc,phases      ] GC(685) Phase 2: Compute new object addresses 4.663ms
[25.866s][info][gc,phases,start] GC(685) Phase 3: Adjust pointers
[25.872s][info][gc,phases      ] GC(685) Phase 3: Adjust pointers 6.022ms
[25.872s][info][gc,phases,start] GC(685) Phase 4: Move objects
[25.900s][info][gc,phases      ] GC(685) Phase 4: Move objects 27.713ms
[25.900s][info][gc,heap        ] GC(685) DefNew: 157009K(157248K)->31214K(157248K) Eden: 139776K(139776K)->31214K(139776K) From: 17233K(17472K)->0K(17472K)
[25.900s][info][gc,heap        ] GC(685) Tenured: 349337K(349568K)->349333K(349568K)
[25.900s][info][gc,metaspace   ] GC(685) Metaspace: 30877K(31232K)->30877K(31232K) NonClass: 27627K(27776K)->27627K(27776K) Class: 3249K(3456K)->3249K(3456K)
[25.900s][info][gc             ] GC(685) Pause Full (Allocation Failure) 494M->371M(494M) 47.585ms
[25.900s][info][gc,cpu         ] GC(685) User=0.05s Sys=0.00s Real=0.04s
[25.911s][info][gc,start       ] GC(686) Pause Full (Allocation Failure)
[25.911s][info][gc,phases,start] GC(686) Phase 1: Mark live objects
[25.920s][info][gc,phases      ] GC(686) Phase 1: Mark live objects 9.411ms
[25.920s][info][gc,phases,start] GC(686) Phase 2: Compute new object addresses
[25.924s][info][gc,phases      ] GC(686) Phase 2: Compute new object addresses 4.218ms
[25.925s][info][gc,phases,start] GC(686) Phase 3: Adjust pointers
[25.930s][info][gc,phases      ] GC(686) Phase 3: Adjust pointers 5.379ms
[25.930s][info][gc,phases,start] GC(686) Phase 4: Move objects
[25.960s][info][gc,phases      ] GC(686) Phase 4: Move objects 29.951ms
[25.960s][info][gc,heap        ] GC(686) DefNew: 156925K(157248K)->16190K(157248K) Eden: 139776K(139776K)->16190K(139776K) From: 17149K(17472K)->0K(17472K)
[25.960s][info][gc,heap        ] GC(686) Tenured: 349333K(349568K)->349361K(349568K)
[25.960s][info][gc,metaspace   ] GC(686) Metaspace: 30877K(31232K)->30877K(31232K) NonClass: 27627K(27776K)->27627K(27776K) Class: 3249K(3456K)->3249K(3456K)
[25.960s][info][gc             ] GC(686) Pause Full (Allocation Failure) 494M->356M(494M) 49.393ms
[25.960s][info][gc,cpu         ] GC(686) User=0.05s Sys=0.00s Real=0.04s
[25.971s][info][gc,start       ] GC(687) Pause Full (Allocation Failure)
[25.971s][info][gc,phases,start] GC(687) Phase 1: Mark live objects
[25.980s][info][gc,phases      ] GC(687) Phase 1: Mark live objects 8.593ms
[25.980s][info][gc,phases,start] GC(687) Phase 2: Compute new object addresses
[25.984s][info][gc,phases      ] GC(687) Phase 2: Compute new object addresses 4.692ms
[25.984s][info][gc,phases,start] GC(687) Phase 3: Adjust pointers
[25.990s][info][gc,phases      ] GC(687) Phase 3: Adjust pointers 5.767ms
[25.990s][info][gc,phases,start] GC(687) Phase 4: Move objects
[26.020s][info][gc,phases      ] GC(687) Phase 4: Move objects 29.542ms
[26.020s][info][gc,heap        ] GC(687) DefNew: 156423K(157248K)->9510K(157248K) Eden: 139776K(139776K)->9510K(139776K) From: 16647K(17472K)->0K(17472K)
[26.020s][info][gc,heap        ] GC(687) Tenured: 349361K(349568K)->349459K(349568K)
[26.020s][info][gc,metaspace   ] GC(687) Metaspace: 30877K(31232K)->30877K(31232K) NonClass: 27627K(27776K)->27627K(27776K) Class: 3249K(3456K)->3249K(3456K)
[26.020s][info][gc             ] GC(687) Pause Full (Allocation Failure) 493M->350M(494M) 49.049ms
[26.020s][info][gc,cpu         ] GC(687) User=0.05s Sys=0.00s Real=0.04s
[26.031s][info][gc,start       ] GC(688) Pause Full (Allocation Failure)
[26.031s][info][gc,phases,start] GC(688) Phase 1: Mark live objects
[26.040s][info][gc,phases      ] GC(688) Phase 1: Mark live objects 8.997ms
[26.040s][info][gc,phases,start] GC(688) Phase 2: Compute new object addresses
[26.044s][info][gc,phases      ] GC(688) Phase 2: Compute new object addresses 4.678ms
[26.044s][info][gc,phases,start] GC(688) Phase 3: Adjust pointers
[26.050s][info][gc,phases      ] GC(688) Phase 3: Adjust pointers 5.619ms
[26.050s][info][gc,phases,start] GC(688) Phase 4: Move objects
[26.074s][info][gc,phases      ] GC(688) Phase 4: Move objects 23.393ms
[26.074s][info][gc,heap        ] GC(688) DefNew: 157089K(157248K)->30595K(157248K) Eden: 139776K(139776K)->30595K(139776K) From: 17313K(17472K)->0K(17472K)
[26.074s][info][gc,heap        ] GC(688) Tenured: 349459K(349568K)->349340K(349568K)
[26.074s][info][gc,metaspace   ] GC(688) Metaspace: 30877K(31232K)->30877K(31232K) NonClass: 27627K(27776K)->27627K(27776K) Class: 3249K(3456K)->3249K(3456K)
[26.074s][info][gc             ] GC(688) Pause Full (Allocation Failure) 494M->371M(494M) 43.185ms
[26.074s][info][gc,cpu         ] GC(688) User=0.04s Sys=0.00s Real=0.04s
[26.091s][info][gc,start       ] GC(689) Pause Full (Allocation Failure)
[26.091s][info][gc,phases,start] GC(689) Phase 1: Mark live objects
[26.100s][info][gc,phases      ] GC(689) Phase 1: Mark live objects 9.211ms
[26.100s][info][gc,phases,start] GC(689) Phase 2: Compute new object addresses
[26.105s][info][gc,phases      ] GC(689) Phase 2: Compute new object addresses 4.373ms
[26.105s][info][gc,phases,start] GC(689) Phase 3: Adjust pointers
[26.110s][info][gc,phases      ] GC(689) Phase 3: Adjust pointers 5.514ms
[26.110s][info][gc,phases,start] GC(689) Phase 4: Move objects
[26.139s][info][gc,phases      ] GC(689) Phase 4: Move objects 28.150ms
[26.139s][info][gc,heap        ] GC(689) DefNew: 157247K(157248K)->22740K(157248K) Eden: 139776K(139776K)->22740K(139776K) From: 17471K(17472K)->0K(17472K)
[26.139s][info][gc,heap        ] GC(689) Tenured: 349340K(349568K)->349332K(349568K)
[26.139s][info][gc,metaspace   ] GC(689) Metaspace: 30877K(31232K)->30877K(31232K) NonClass: 27627K(27776K)->27627K(27776K) Class: 3249K(3456K)->3249K(3456K)
[26.139s][info][gc             ] GC(689) Pause Full (Allocation Failure) 494M->363M(494M) 47.674ms
[26.139s][info][gc,cpu         ] GC(689) User=0.04s Sys=0.00s Real=0.04s
[26.148s][info][gc,start       ] GC(690) Pause Full (Allocation Failure)
[26.148s][info][gc,phases,start] GC(690) Phase 1: Mark live objects
[26.157s][info][gc,phases      ] GC(690) Phase 1: Mark live objects 8.688ms
[26.157s][info][gc,phases,start] GC(690) Phase 2: Compute new object addresses
[26.161s][info][gc,phases      ] GC(690) Phase 2: Compute new object addresses 4.384ms
[26.161s][info][gc,phases,start] GC(690) Phase 3: Adjust pointers
[26.167s][info][gc,phases      ] GC(690) Phase 3: Adjust pointers 5.577ms
[26.167s][info][gc,phases,start] GC(690) Phase 4: Move objects
[26.194s][info][gc,phases      ] GC(690) Phase 4: Move objects 27.081ms
[26.194s][info][gc,heap        ] GC(690) DefNew: 157014K(157248K)->21096K(157248K) Eden: 139776K(139776K)->21096K(139776K) From: 17238K(17472K)->0K(17472K)
[26.194s][info][gc,heap        ] GC(690) Tenured: 349332K(349568K)->348561K(349568K)
[26.194s][info][gc,metaspace   ] GC(690) Metaspace: 30877K(31232K)->30877K(31232K) NonClass: 27627K(27776K)->27627K(27776K) Class: 3249K(3456K)->3249K(3456K)
[26.194s][info][gc             ] GC(690) Pause Full (Allocation Failure) 494M->360M(494M) 46.127ms
[26.194s][info][gc,cpu         ] GC(690) User=0.05s Sys=0.00s Real=0.05s
[26.203s][info][gc,start       ] GC(691) Pause Full (Allocation Failure)
[26.203s][info][gc,phases,start] GC(691) Phase 1: Mark live objects
[26.212s][info][gc,phases      ] GC(691) Phase 1: Mark live objects 8.604ms
[26.212s][info][gc,phases,start] GC(691) Phase 2: Compute new object addresses
[26.216s][info][gc,phases      ] GC(691) Phase 2: Compute new object addresses 4.659ms
[26.216s][info][gc,phases,start] GC(691) Phase 3: Adjust pointers
[26.223s][info][gc,phases      ] GC(691) Phase 3: Adjust pointers 6.465ms
[26.223s][info][gc,phases,start] GC(691) Phase 4: Move objects
[26.252s][info][gc,phases      ] GC(691) Phase 4: Move objects 28.783ms
[26.252s][info][gc,heap        ] GC(691) DefNew: 157018K(157248K)->10553K(157248K) Eden: 139776K(139776K)->10553K(139776K) From: 17242K(17472K)->0K(17472K)
[26.252s][info][gc,heap        ] GC(691) Tenured: 349329K(349568K)->349431K(349568K)
[26.252s][info][gc,metaspace   ] GC(691) Metaspace: 30877K(31232K)->30877K(31232K) NonClass: 27627K(27776K)->27627K(27776K) Class: 3249K(3456K)->3249K(3456K)
[26.252s][info][gc             ] GC(691) Pause Full (Allocation Failure) 494M->351M(494M) 48.952ms
[26.252s][info][gc,cpu         ] GC(691) User=0.05s Sys=0.00s Real=0.05s
[26.263s][info][gc,start       ] GC(692) Pause Full (Allocation Failure)
[26.263s][info][gc,phases,start] GC(692) Phase 1: Mark live objects
[26.272s][info][gc,phases      ] GC(692) Phase 1: Mark live objects 8.921ms
[26.272s][info][gc,phases,start] GC(692) Phase 2: Compute new object addresses
[26.276s][info][gc,phases      ] GC(692) Phase 2: Compute new object addresses 4.667ms
[26.276s][info][gc,phases,start] GC(692) Phase 3: Adjust pointers
[26.282s][info][gc,phases      ] GC(692) Phase 3: Adjust pointers 5.906ms
[26.282s][info][gc,phases,start] GC(692) Phase 4: Move objects
[26.307s][info][gc,phases      ] GC(692) Phase 4: Move objects 24.449ms
[26.307s][info][gc,heap        ] GC(692) DefNew: 157127K(157248K)->27265K(157248K) Eden: 139776K(139776K)->27265K(139776K) From: 17351K(17472K)->0K(17472K)
[26.307s][info][gc,heap        ] GC(692) Tenured: 349431K(349568K)->349333K(349568K)
[26.307s][info][gc,metaspace   ] GC(692) Metaspace: 30887K(31232K)->30887K(31232K) NonClass: 27636K(27776K)->27636K(27776K) Class: 3251K(3456K)->3251K(3456K)
[26.307s][info][gc             ] GC(692) Pause Full (Allocation Failure) 494M->367M(494M) 44.392ms
[26.307s][info][gc,cpu         ] GC(692) User=0.05s Sys=0.00s Real=0.04s
[26.322s][info][gc,start       ] GC(693) Pause Full (Allocation Failure)
[26.322s][info][gc,phases,start] GC(693) Phase 1: Mark live objects
[26.331s][info][gc,phases      ] GC(693) Phase 1: Mark live objects 8.758ms
[26.331s][info][gc,phases,start] GC(693) Phase 2: Compute new object addresses
[26.336s][info][gc,phases      ] GC(693) Phase 2: Compute new object addresses 4.903ms
[26.336s][info][gc,phases,start] GC(693) Phase 3: Adjust pointers
[26.343s][info][gc,phases      ] GC(693) Phase 3: Adjust pointers 6.471ms
[26.343s][info][gc,phases,start] GC(693) Phase 4: Move objects
[26.370s][info][gc,phases      ] GC(693) Phase 4: Move objects 27.328ms
[26.370s][info][gc,heap        ] GC(693) DefNew: 157130K(157248K)->25338K(157248K) Eden: 139776K(139776K)->25338K(139776K) From: 17354K(17472K)->0K(17472K)
[26.370s][info][gc,heap        ] GC(693) Tenured: 349333K(349568K)->349558K(349568K)
[26.370s][info][gc,metaspace   ] GC(693) Metaspace: 30887K(31232K)->30887K(31232K) NonClass: 27636K(27776K)->27636K(27776K) Class: 3251K(3456K)->3251K(3456K)
[26.370s][info][gc             ] GC(693) Pause Full (Allocation Failure) 494M->366M(494M) 48.047ms
[26.370s][info][gc,cpu         ] GC(693) User=0.05s Sys=0.00s Real=0.05s
[26.378s][info][gc,start       ] GC(694) Pause Full (Allocation Failure)
[26.379s][info][gc,phases,start] GC(694) Phase 1: Mark live objects
[26.387s][info][gc,phases      ] GC(694) Phase 1: Mark live objects 8.743ms
[26.387s][info][gc,phases,start] GC(694) Phase 2: Compute new object addresses
[26.392s][info][gc,phases      ] GC(694) Phase 2: Compute new object addresses 4.487ms
[26.392s][info][gc,phases,start] GC(694) Phase 3: Adjust pointers
[26.398s][info][gc,phases      ] GC(694) Phase 3: Adjust pointers 5.771ms
[26.398s][info][gc,phases,start] GC(694) Phase 4: Move objects
[26.429s][info][gc,phases      ] GC(694) Phase 4: Move objects 31.292ms
[26.429s][info][gc,heap        ] GC(694) DefNew: 157204K(157248K)->29308K(157248K) Eden: 139776K(139776K)->29308K(139776K) From: 17428K(17472K)->0K(17472K)
[26.429s][info][gc,heap        ] GC(694) Tenured: 349558K(349568K)->349348K(349568K)
[26.429s][info][gc,metaspace   ] GC(694) Metaspace: 30887K(31232K)->30887K(31232K) NonClass: 27636K(27776K)->27636K(27776K) Class: 3251K(3456K)->3251K(3456K)
[26.429s][info][gc             ] GC(694) Pause Full (Allocation Failure) 494M->369M(494M) 50.735ms
[26.429s][info][gc,cpu         ] GC(694) User=0.05s Sys=0.00s Real=0.05s
[26.440s][info][gc,start       ] GC(695) Pause Full (Allocation Failure)
[26.440s][info][gc,phases,start] GC(695) Phase 1: Mark live objects
[26.449s][info][gc,phases      ] GC(695) Phase 1: Mark live objects 9.017ms
[26.449s][info][gc,phases,start] GC(695) Phase 2: Compute new object addresses
[26.453s][info][gc,phases      ] GC(695) Phase 2: Compute new object addresses 4.477ms
[26.453s][info][gc,phases,start] GC(695) Phase 3: Adjust pointers
[26.459s][info][gc,phases      ] GC(695) Phase 3: Adjust pointers 5.599ms
[26.459s][info][gc,phases,start] GC(695) Phase 4: Move objects
[26.488s][info][gc,phases      ] GC(695) Phase 4: Move objects 29.281ms
[26.489s][info][gc,heap        ] GC(695) DefNew: 157162K(157248K)->9267K(157248K) Eden: 139776K(139776K)->9267K(139776K) From: 17386K(17472K)->0K(17472K)
[26.489s][info][gc,heap        ] GC(695) Tenured: 349348K(349568K)->349458K(349568K)
[26.489s][info][gc,metaspace   ] GC(695) Metaspace: 30887K(31232K)->30887K(31232K) NonClass: 27636K(27776K)->27636K(27776K) Class: 3251K(3456K)->3251K(3456K)
[26.489s][info][gc             ] GC(695) Pause Full (Allocation Failure) 494M->350M(494M) 48.828ms
[26.489s][info][gc,cpu         ] GC(695) User=0.05s Sys=0.00s Real=0.05s
[26.499s][info][gc,start       ] GC(696) Pause Full (Allocation Failure)
[26.499s][info][gc,phases,start] GC(696) Phase 1: Mark live objects
[26.509s][info][gc,phases      ] GC(696) Phase 1: Mark live objects 9.823ms
[26.509s][info][gc,phases,start] GC(696) Phase 2: Compute new object addresses
[26.514s][info][gc,phases      ] GC(696) Phase 2: Compute new object addresses 4.506ms
[26.514s][info][gc,phases,start] GC(696) Phase 3: Adjust pointers
[26.519s][info][gc,phases      ] GC(696) Phase 3: Adjust pointers 5.555ms
[26.519s][info][gc,phases,start] GC(696) Phase 4: Move objects
[26.543s][info][gc,phases      ] GC(696) Phase 4: Move objects 23.629ms
[26.543s][info][gc,heap        ] GC(696) DefNew: 156584K(157248K)->28804K(157248K) Eden: 139776K(139776K)->28804K(139776K) From: 16808K(17472K)->0K(17472K)
[26.543s][info][gc,heap        ] GC(696) Tenured: 349458K(349568K)->349341K(349568K)
[26.543s][info][gc,metaspace   ] GC(696) Metaspace: 30887K(31232K)->30887K(31232K) NonClass: 27636K(27776K)->27636K(27776K) Class: 3251K(3456K)->3251K(3456K)
[26.543s][info][gc             ] GC(696) Pause Full (Allocation Failure) 494M->369M(494M) 44.015ms
[26.543s][info][gc,cpu         ] GC(696) User=0.04s Sys=0.00s Real=0.05s
[26.554s][info][gc,start       ] GC(697) Pause Full (Allocation Failure)
[26.554s][info][gc,phases,start] GC(697) Phase 1: Mark live objects
[26.563s][info][gc,phases      ] GC(697) Phase 1: Mark live objects 9.096ms
[26.563s][info][gc,phases,start] GC(697) Phase 2: Compute new object addresses
[26.568s][info][gc,phases      ] GC(697) Phase 2: Compute new object addresses 4.470ms
[26.568s][info][gc,phases,start] GC(697) Phase 3: Adjust pointers
[26.573s][info][gc,phases      ] GC(697) Phase 3: Adjust pointers 5.636ms
[26.573s][info][gc,phases,start] GC(697) Phase 4: Move objects
[26.601s][info][gc,phases      ] GC(697) Phase 4: Move objects 27.334ms
[26.601s][info][gc,heap        ] GC(697) DefNew: 157067K(157248K)->30211K(157248K) Eden: 139776K(139776K)->30211K(139776K) From: 17291K(17472K)->0K(17472K)
[26.601s][info][gc,heap        ] GC(697) Tenured: 349341K(349568K)->349338K(349568K)
[26.601s][info][gc,metaspace   ] GC(697) Metaspace: 30887K(31232K)->30887K(31232K) NonClass: 27636K(27776K)->27636K(27776K) Class: 3251K(3456K)->3251K(3456K)
[26.601s][info][gc             ] GC(697) Pause Full (Allocation Failure) 494M->370M(494M) 47.001ms
[26.601s][info][gc,cpu         ] GC(697) User=0.05s Sys=0.00s Real=0.04s
[26.611s][info][gc,start       ] GC(698) Pause Full (Allocation Failure)
[26.611s][info][gc,phases,start] GC(698) Phase 1: Mark live objects
[26.621s][info][gc,phases      ] GC(698) Phase 1: Mark live objects 9.165ms
[26.621s][info][gc,phases,start] GC(698) Phase 2: Compute new object addresses
[26.625s][info][gc,phases      ] GC(698) Phase 2: Compute new object addresses 4.480ms
[26.625s][info][gc,phases,start] GC(698) Phase 3: Adjust pointers
[26.631s][info][gc,phases      ] GC(698) Phase 3: Adjust pointers 5.682ms
[26.631s][info][gc,phases,start] GC(698) Phase 4: Move objects
[26.660s][info][gc,phases      ] GC(698) Phase 4: Move objects 29.594ms
[26.661s][info][gc,heap        ] GC(698) DefNew: 157007K(157248K)->25977K(157248K) Eden: 139776K(139776K)->25977K(139776K) From: 17231K(17472K)->0K(17472K)
[26.661s][info][gc,heap        ] GC(698) Tenured: 349338K(349568K)->349347K(349568K)
[26.661s][info][gc,metaspace   ] GC(698) Metaspace: 30887K(31232K)->30887K(31232K) NonClass: 27636K(27776K)->27636K(27776K) Class: 3251K(3456K)->3251K(3456K)
[26.661s][info][gc             ] GC(698) Pause Full (Allocation Failure) 494M->366M(494M) 49.344ms
[26.661s][info][gc,cpu         ] GC(698) User=0.05s Sys=0.00s Real=0.04s
[26.672s][info][gc,start       ] GC(699) Pause Full (Allocation Failure)
[26.672s][info][gc,phases,start] GC(699) Phase 1: Mark live objects
[26.681s][info][gc,phases      ] GC(699) Phase 1: Mark live objects 8.531ms
[26.681s][info][gc,phases,start] GC(699) Phase 2: Compute new object addresses
[26.686s][info][gc,phases      ] GC(699) Phase 2: Compute new object addresses 4.580ms
[26.686s][info][gc,phases,start] GC(699) Phase 3: Adjust pointers
[26.692s][info][gc,phases      ] GC(699) Phase 3: Adjust pointers 6.180ms
[26.692s][info][gc,phases,start] GC(699) Phase 4: Move objects
[26.720s][info][gc,phases      ] GC(699) Phase 4: Move objects 28.137ms
[26.720s][info][gc,heap        ] GC(699) DefNew: 156226K(157248K)->9528K(157248K) Eden: 139776K(139776K)->9528K(139776K) From: 16450K(17472K)->0K(17472K)
[26.720s][info][gc,heap        ] GC(699) Tenured: 349347K(349568K)->349452K(349568K)
[26.720s][info][gc,metaspace   ] GC(699) Metaspace: 30887K(31232K)->30887K(31232K) NonClass: 27636K(27776K)->27636K(27776K) Class: 3251K(3456K)->3251K(3456K)
[26.720s][info][gc             ] GC(699) Pause Full (Allocation Failure) 493M->350M(494M) 47.870ms
[26.720s][info][gc,cpu         ] GC(699) User=0.04s Sys=0.00s Real=0.04s
[26.731s][info][gc,start       ] GC(700) Pause Full (Allocation Failure)
[26.731s][info][gc,phases,start] GC(700) Phase 1: Mark live objects
[26.740s][info][gc,phases      ] GC(700) Phase 1: Mark live objects 8.544ms
[26.740s][info][gc,phases,start] GC(700) Phase 2: Compute new object addresses
[26.744s][info][gc,phases      ] GC(700) Phase 2: Compute new object addresses 4.666ms
[26.744s][info][gc,phases,start] GC(700) Phase 3: Adjust pointers
[26.750s][info][gc,phases      ] GC(700) Phase 3: Adjust pointers 5.819ms
[26.750s][info][gc,phases,start] GC(700) Phase 4: Move objects
[26.774s][info][gc,phases      ] GC(700) Phase 4: Move objects 23.615ms
[26.774s][info][gc,heap        ] GC(700) DefNew: 157093K(157248K)->25231K(157248K) Eden: 139776K(139776K)->25231K(139776K) From: 17317K(17472K)->0K(17472K)
[26.774s][info][gc,heap        ] GC(700) Tenured: 349452K(349568K)->349335K(349568K)
[26.774s][info][gc,metaspace   ] GC(700) Metaspace: 30887K(31232K)->30887K(31232K) NonClass: 27636K(27776K)->27636K(27776K) Class: 3251K(3456K)->3251K(3456K)
[26.774s][info][gc             ] GC(700) Pause Full (Allocation Failure) 494M->365M(494M) 43.094ms
[26.774s][info][gc,cpu         ] GC(700) User=0.04s Sys=0.00s Real=0.04s
[26.785s][info][gc,start       ] GC(701) Pause Full (Allocation Failure)
[26.785s][info][gc,phases,start] GC(701) Phase 1: Mark live objects
[26.793s][info][gc,phases      ] GC(701) Phase 1: Mark live objects 8.477ms
[26.793s][info][gc,phases,start] GC(701) Phase 2: Compute new object addresses
[26.798s][info][gc,phases      ] GC(701) Phase 2: Compute new object addresses 4.402ms
[26.798s][info][gc,phases,start] GC(701) Phase 3: Adjust pointers
[26.803s][info][gc,phases      ] GC(701) Phase 3: Adjust pointers 5.688ms
[26.803s][info][gc,phases,start] GC(701) Phase 4: Move objects
[26.831s][info][gc,phases      ] GC(701) Phase 4: Move objects 27.545ms
[26.831s][info][gc,heap        ] GC(701) DefNew: 157247K(157248K)->25304K(157248K) Eden: 139776K(139776K)->25304K(139776K) From: 17471K(17472K)->0K(17472K)
[26.831s][info][gc,heap        ] GC(701) Tenured: 349402K(349568K)->349341K(349568K)
[26.831s][info][gc,metaspace   ] GC(701) Metaspace: 30887K(31232K)->30887K(31232K) NonClass: 27636K(27776K)->27636K(27776K) Class: 3251K(3456K)->3251K(3456K)
[26.831s][info][gc             ] GC(701) Pause Full (Allocation Failure) 494M->365M(494M) 46.546ms
[26.831s][info][gc,cpu         ] GC(701) User=0.05s Sys=0.00s Real=0.05s
[26.842s][info][gc,start       ] GC(702) Pause Full (Allocation Failure)
[26.842s][info][gc,phases,start] GC(702) Phase 1: Mark live objects
[26.851s][info][gc,phases      ] GC(702) Phase 1: Mark live objects 8.695ms
[26.851s][info][gc,phases,start] GC(702) Phase 2: Compute new object addresses
[26.855s][info][gc,phases      ] GC(702) Phase 2: Compute new object addresses 4.390ms
[26.855s][info][gc,phases,start] GC(702) Phase 3: Adjust pointers
[26.861s][info][gc,phases      ] GC(702) Phase 3: Adjust pointers 5.741ms
[26.861s][info][gc,phases,start] GC(702) Phase 4: Move objects
[26.888s][info][gc,phases      ] GC(702) Phase 4: Move objects 27.008ms
[26.888s][info][gc,heap        ] GC(702) DefNew: 157134K(157248K)->26507K(157248K) Eden: 139776K(139776K)->26507K(139776K) From: 17358K(17472K)->0K(17472K)
[26.888s][info][gc,heap        ] GC(702) Tenured: 349341K(349568K)->349342K(349568K)
[26.888s][info][gc,metaspace   ] GC(702) Metaspace: 30887K(31232K)->30887K(31232K) NonClass: 27636K(27776K)->27636K(27776K) Class: 3251K(3456K)->3251K(3456K)
[26.888s][info][gc             ] GC(702) Pause Full (Allocation Failure) 494M->367M(494M) 46.293ms
[26.888s][info][gc,cpu         ] GC(702) User=0.05s Sys=0.01s Real=0.05s
[26.899s][info][gc,start       ] GC(703) Pause Full (Allocation Failure)
[26.899s][info][gc,phases,start] GC(703) Phase 1: Mark live objects
[26.908s][info][gc,phases      ] GC(703) Phase 1: Mark live objects 8.867ms
[26.908s][info][gc,phases,start] GC(703) Phase 2: Compute new object addresses
[26.913s][info][gc,phases      ] GC(703) Phase 2: Compute new object addresses 4.582ms
[26.913s][info][gc,phases,start] GC(703) Phase 3: Adjust pointers
[26.919s][info][gc,phases      ] GC(703) Phase 3: Adjust pointers 5.783ms
[26.919s][info][gc,phases,start] GC(703) Phase 4: Move objects
[26.948s][info][gc,phases      ] GC(703) Phase 4: Move objects 29.348ms
[26.948s][info][gc,heap        ] GC(703) DefNew: 156371K(157248K)->8235K(157248K) Eden: 139776K(139776K)->8235K(139776K) From: 16595K(17472K)->0K(17472K)
[26.948s][info][gc,heap        ] GC(703) Tenured: 349342K(349568K)->349444K(349568K)
[26.948s][info][gc,metaspace   ] GC(703) Metaspace: 30887K(31232K)->30887K(31232K) NonClass: 27636K(27776K)->27636K(27776K) Class: 3251K(3456K)->3251K(3456K)
[26.948s][info][gc             ] GC(703) Pause Full (Allocation Failure) 493M->349M(494M) 49.017ms
[26.948s][info][gc,cpu         ] GC(703) User=0.05s Sys=0.00s Real=0.05s
[26.959s][info][gc,start       ] GC(704) Pause Full (Allocation Failure)
[26.959s][info][gc,phases,start] GC(704) Phase 1: Mark live objects
[26.968s][info][gc,phases      ] GC(704) Phase 1: Mark live objects 8.814ms
[26.968s][info][gc,phases,start] GC(704) Phase 2: Compute new object addresses
[26.973s][info][gc,phases      ] GC(704) Phase 2: Compute new object addresses 4.627ms
[26.973s][info][gc,phases,start] GC(704) Phase 3: Adjust pointers
[26.979s][info][gc,phases      ] GC(704) Phase 3: Adjust pointers 5.641ms
[26.979s][info][gc,phases,start] GC(704) Phase 4: Move objects
[27.002s][info][gc,phases      ] GC(704) Phase 4: Move objects 23.163ms
[27.002s][info][gc,heap        ] GC(704) DefNew: 156592K(157248K)->26243K(157248K) Eden: 139776K(139776K)->26243K(139776K) From: 16816K(17472K)->0K(17472K)
[27.002s][info][gc,heap        ] GC(704) Tenured: 349444K(349568K)->349332K(349568K)
[27.002s][info][gc,metaspace   ] GC(704) Metaspace: 30887K(31232K)->30887K(31232K) NonClass: 27636K(27776K)->27636K(27776K) Class: 3251K(3456K)->3251K(3456K)
[27.002s][info][gc             ] GC(704) Pause Full (Allocation Failure) 494M->366M(494M) 42.739ms
[27.002s][info][gc,cpu         ] GC(704) User=0.04s Sys=0.00s Real=0.04s
[27.014s][info][gc,start       ] GC(705) Pause Full (Allocation Failure)
[27.014s][info][gc,phases,start] GC(705) Phase 1: Mark live objects
[27.023s][info][gc,phases      ] GC(705) Phase 1: Mark live objects 8.904ms
[27.023s][info][gc,phases,start] GC(705) Phase 2: Compute new object addresses
[27.028s][info][gc,phases      ] GC(705) Phase 2: Compute new object addresses 4.557ms
[27.028s][info][gc,phases,start] GC(705) Phase 3: Adjust pointers
[27.034s][info][gc,phases      ] GC(705) Phase 3: Adjust pointers 5.861ms
[27.034s][info][gc,phases,start] GC(705) Phase 4: Move objects
[27.062s][info][gc,phases      ] GC(705) Phase 4: Move objects 28.617ms
[27.063s][info][gc,heap        ] GC(705) DefNew: 157081K(157248K)->8477K(157248K) Eden: 139776K(139776K)->8477K(139776K) From: 17305K(17472K)->0K(17472K)
[27.063s][info][gc,heap        ] GC(705) Tenured: 349332K(349568K)->349442K(349568K)
[27.063s][info][gc,metaspace   ] GC(705) Metaspace: 30887K(31232K)->30887K(31232K) NonClass: 27636K(27776K)->27636K(27776K) Class: 3251K(3456K)->3251K(3456K)
[27.063s][info][gc             ] GC(705) Pause Full (Allocation Failure) 494M->349M(494M) 48.393ms
[27.063s][info][gc,cpu         ] GC(705) User=0.05s Sys=0.00s Real=0.05s
[27.073s][info][gc,start       ] GC(706) Pause Full (Allocation Failure)
[27.073s][info][gc,phases,start] GC(706) Phase 1: Mark live objects
[27.082s][info][gc,phases      ] GC(706) Phase 1: Mark live objects 8.497ms
[27.082s][info][gc,phases,start] GC(706) Phase 2: Compute new object addresses
[27.087s][info][gc,phases      ] GC(706) Phase 2: Compute new object addresses 4.525ms
[27.087s][info][gc,phases,start] GC(706) Phase 3: Adjust pointers
[27.092s][info][gc,phases      ] GC(706) Phase 3: Adjust pointers 5.485ms
[27.092s][info][gc,phases,start] GC(706) Phase 4: Move objects
[27.113s][info][gc,phases      ] GC(706) Phase 4: Move objects 20.695ms
[27.113s][info][gc,heap        ] GC(706) DefNew: 156851K(157248K)->26026K(157248K) Eden: 139776K(139776K)->26026K(139776K) From: 17075K(17472K)->0K(17472K)
[27.113s][info][gc,heap        ] GC(706) Tenured: 349442K(349568K)->349409K(349568K)
[27.113s][info][gc,metaspace   ] GC(706) Metaspace: 30887K(31232K)->30887K(31232K) NonClass: 27636K(27776K)->27636K(27776K) Class: 3251K(3456K)->3251K(3456K)
[27.113s][info][gc             ] GC(706) Pause Full (Allocation Failure) 494M->366M(494M) 39.640ms
[27.113s][info][gc,cpu         ] GC(706) User=0.04s Sys=0.00s Real=0.04s
[27.122s][info][gc,start       ] GC(707) Pause Full (Allocation Failure)
[27.122s][info][gc,phases,start] GC(707) Phase 1: Mark live objects
[27.131s][info][gc,phases      ] GC(707) Phase 1: Mark live objects 8.986ms
[27.131s][info][gc,phases,start] GC(707) Phase 2: Compute new object addresses
[27.135s][info][gc,phases      ] GC(707) Phase 2: Compute new object addresses 4.655ms
[27.135s][info][gc,phases,start] GC(707) Phase 3: Adjust pointers
[27.141s][info][gc,phases      ] GC(707) Phase 3: Adjust pointers 5.745ms
[27.141s][info][gc,phases,start] GC(707) Phase 4: Move objects
[27.170s][info][gc,phases      ] GC(707) Phase 4: Move objects 28.737ms
[27.170s][info][gc,heap        ] GC(707) DefNew: 157031K(157248K)->13896K(157248K) Eden: 139776K(139776K)->13896K(139776K) From: 17255K(17472K)->0K(17472K)
[27.170s][info][gc,heap        ] GC(707) Tenured: 349409K(349568K)->349356K(349568K)
[27.170s][info][gc,metaspace   ] GC(707) Metaspace: 30887K(31232K)->30887K(31232K) NonClass: 27636K(27776K)->27636K(27776K) Class: 3251K(3456K)->3251K(3456K)
[27.170s][info][gc             ] GC(707) Pause Full (Allocation Failure) 494M->354M(494M) 48.656ms
[27.170s][info][gc,cpu         ] GC(707) User=0.05s Sys=0.00s Real=0.06s
[27.180s][info][gc,start       ] GC(708) Pause Full (Allocation Failure)
[27.180s][info][gc,phases,start] GC(708) Phase 1: Mark live objects
[27.188s][info][gc,phases      ] GC(708) Phase 1: Mark live objects 8.399ms
[27.188s][info][gc,phases,start] GC(708) Phase 2: Compute new object addresses
[27.193s][info][gc,phases      ] GC(708) Phase 2: Compute new object addresses 4.516ms
[27.193s][info][gc,phases,start] GC(708) Phase 3: Adjust pointers
[27.198s][info][gc,phases      ] GC(708) Phase 3: Adjust pointers 5.506ms
[27.198s][info][gc,phases,start] GC(708) Phase 4: Move objects
[27.220s][info][gc,phases      ] GC(708) Phase 4: Move objects 21.663ms
[27.220s][info][gc,heap        ] GC(708) DefNew: 157058K(157248K)->33776K(157248K) Eden: 139776K(139776K)->33776K(139776K) From: 17282K(17472K)->0K(17472K)
[27.220s][info][gc,heap        ] GC(708) Tenured: 349356K(349568K)->349330K(349568K)
[27.220s][info][gc,metaspace   ] GC(708) Metaspace: 30887K(31232K)->30887K(31232K) NonClass: 27636K(27776K)->27636K(27776K) Class: 3251K(3456K)->3251K(3456K)
[27.220s][info][gc             ] GC(708) Pause Full (Allocation Failure) 494M->374M(494M) 40.551ms
[27.220s][info][gc,cpu         ] GC(708) User=0.04s Sys=0.00s Real=0.04s
[27.233s][info][gc,start       ] GC(709) Pause Full (Allocation Failure)
[27.233s][info][gc,phases,start] GC(709) Phase 1: Mark live objects
[27.242s][info][gc,phases      ] GC(709) Phase 1: Mark live objects 8.481ms
[27.242s][info][gc,phases,start] GC(709) Phase 2: Compute new object addresses
[27.246s][info][gc,phases      ] GC(709) Phase 2: Compute new object addresses 4.206ms
[27.246s][info][gc,phases,start] GC(709) Phase 3: Adjust pointers
[27.251s][info][gc,phases      ] GC(709) Phase 3: Adjust pointers 5.292ms
[27.251s][info][gc,phases,start] GC(709) Phase 4: Move objects
[27.279s][info][gc,phases      ] GC(709) Phase 4: Move objects 27.553ms
[27.279s][info][gc,heap        ] GC(709) DefNew: 157021K(157248K)->29062K(157248K) Eden: 139776K(139776K)->29062K(139776K) From: 17245K(17472K)->0K(17472K)
[27.279s][info][gc,heap        ] GC(709) Tenured: 349330K(349568K)->349341K(349568K)
[27.279s][info][gc,metaspace   ] GC(709) Metaspace: 30902K(31232K)->30902K(31232K) NonClass: 27650K(27776K)->27650K(27776K) Class: 3252K(3456K)->3252K(3456K)
[27.279s][info][gc             ] GC(709) Pause Full (Allocation Failure) 494M->369M(494M) 46.004ms
[27.279s][info][gc,cpu         ] GC(709) User=0.05s Sys=0.00s Real=0.04s
[27.287s][info][gc,start       ] GC(710) Pause Full (Allocation Failure)
[27.287s][info][gc,phases,start] GC(710) Phase 1: Mark live objects
[27.297s][info][gc,phases      ] GC(710) Phase 1: Mark live objects 9.300ms
[27.297s][info][gc,phases,start] GC(710) Phase 2: Compute new object addresses
[27.302s][info][gc,phases      ] GC(710) Phase 2: Compute new object addresses 4.883ms
[27.302s][info][gc,phases,start] GC(710) Phase 3: Adjust pointers
[27.308s][info][gc,phases      ] GC(710) Phase 3: Adjust pointers 6.324ms
[27.308s][info][gc,phases,start] GC(710) Phase 4: Move objects
[27.342s][info][gc,phases      ] GC(710) Phase 4: Move objects 34.237ms
[27.343s][info][gc,heap        ] GC(710) DefNew: 157172K(157248K)->30686K(157248K) Eden: 139776K(139776K)->30686K(139776K) From: 17396K(17472K)->0K(17472K)
[27.343s][info][gc,heap        ] GC(710) Tenured: 349341K(349568K)->349348K(349568K)
[27.343s][info][gc,metaspace   ] GC(710) Metaspace: 30902K(31232K)->30902K(31232K) NonClass: 27650K(27776K)->27650K(27776K) Class: 3252K(3456K)->3252K(3456K)
[27.343s][info][gc             ] GC(710) Pause Full (Allocation Failure) 494M->371M(494M) 55.245ms
[27.343s][info][gc,cpu         ] GC(710) User=0.05s Sys=0.00s Real=0.06s
[27.353s][info][gc,start       ] GC(711) Pause Full (Allocation Failure)
[27.353s][info][gc,phases,start] GC(711) Phase 1: Mark live objects
[27.363s][info][gc,phases      ] GC(711) Phase 1: Mark live objects 9.592ms
[27.363s][info][gc,phases,start] GC(711) Phase 2: Compute new object addresses
[27.368s][info][gc,phases      ] GC(711) Phase 2: Compute new object addresses 4.924ms
[27.368s][info][gc,phases,start] GC(711) Phase 3: Adjust pointers
[27.375s][info][gc,phases      ] GC(711) Phase 3: Adjust pointers 6.672ms
[27.375s][info][gc,phases,start] GC(711) Phase 4: Move objects
[27.410s][info][gc,phases      ] GC(711) Phase 4: Move objects 34.967ms
[27.410s][info][gc,heap        ] GC(711) DefNew: 156956K(157248K)->10796K(157248K) Eden: 139776K(139776K)->10796K(139776K) From: 17180K(17472K)->0K(17472K)
[27.410s][info][gc,heap        ] GC(711) Tenured: 349348K(349568K)->349364K(349568K)
[27.410s][info][gc,metaspace   ] GC(711) Metaspace: 30902K(31232K)->30902K(31232K) NonClass: 27650K(27776K)->27650K(27776K) Class: 3252K(3456K)->3252K(3456K)
[27.410s][info][gc             ] GC(711) Pause Full (Allocation Failure) 494M->351M(494M) 56.683ms
[27.410s][info][gc,cpu         ] GC(711) User=0.06s Sys=0.00s Real=0.05s
[27.421s][info][gc,start       ] GC(712) Pause Full (Allocation Failure)
[27.421s][info][gc,phases,start] GC(712) Phase 1: Mark live objects
[27.430s][info][gc,phases      ] GC(712) Phase 1: Mark live objects 9.080ms
[27.430s][info][gc,phases,start] GC(712) Phase 2: Compute new object addresses
[27.435s][info][gc,phases      ] GC(712) Phase 2: Compute new object addresses 4.943ms
[27.435s][info][gc,phases,start] GC(712) Phase 3: Adjust pointers
[27.441s][info][gc,phases      ] GC(712) Phase 3: Adjust pointers 5.985ms
[27.441s][info][gc,phases,start] GC(712) Phase 4: Move objects
[27.464s][info][gc,phases      ] GC(712) Phase 4: Move objects 23.362ms
[27.464s][info][gc,heap        ] GC(712) DefNew: 156830K(157248K)->28939K(157248K) Eden: 139776K(139776K)->28939K(139776K) From: 17054K(17472K)->0K(17472K)
[27.464s][info][gc,heap        ] GC(712) Tenured: 349364K(349568K)->349556K(349568K)
[27.464s][info][gc,metaspace   ] GC(712) Metaspace: 30902K(31232K)->30902K(31232K) NonClass: 27650K(27776K)->27650K(27776K) Class: 3252K(3456K)->3252K(3456K)
[27.464s][info][gc             ] GC(712) Pause Full (Allocation Failure) 494M->369M(494M) 43.810ms
[27.464s][info][gc,cpu         ] GC(712) User=0.04s Sys=0.00s Real=0.05s
[27.472s][info][gc,start       ] GC(713) Pause Full (Allocation Failure)
[27.472s][info][gc,phases,start] GC(713) Phase 1: Mark live objects
[27.481s][info][gc,phases      ] GC(713) Phase 1: Mark live objects 9.036ms
[27.481s][info][gc,phases,start] GC(713) Phase 2: Compute new object addresses
[27.486s][info][gc,phases      ] GC(713) Phase 2: Compute new object addresses 4.550ms
[27.486s][info][gc,phases,start] GC(713) Phase 3: Adjust pointers
[27.492s][info][gc,phases      ] GC(713) Phase 3: Adjust pointers 5.971ms
[27.492s][info][gc,phases,start] GC(713) Phase 4: Move objects
[27.521s][info][gc,phases      ] GC(713) Phase 4: Move objects 29.094ms
[27.521s][info][gc,heap        ] GC(713) DefNew: 157050K(157248K)->33160K(157248K) Eden: 139776K(139776K)->33160K(139776K) From: 17274K(17472K)->0K(17472K)
[27.521s][info][gc,heap        ] GC(713) Tenured: 349556K(349568K)->349344K(349568K)
[27.521s][info][gc,metaspace   ] GC(713) Metaspace: 30902K(31232K)->30902K(31232K) NonClass: 27650K(27776K)->27650K(27776K) Class: 3252K(3456K)->3252K(3456K)
[27.521s][info][gc             ] GC(713) Pause Full (Allocation Failure) 494M->373M(494M) 49.109ms
[27.521s][info][gc,cpu         ] GC(713) User=0.05s Sys=0.00s Real=0.04s
[27.531s][info][gc,start       ] GC(714) Pause Full (Allocation Failure)
[27.531s][info][gc,phases,start] GC(714) Phase 1: Mark live objects
[27.540s][info][gc,phases      ] GC(714) Phase 1: Mark live objects 9.255ms
[27.540s][info][gc,phases,start] GC(714) Phase 2: Compute new object addresses
[27.545s][info][gc,phases      ] GC(714) Phase 2: Compute new object addresses 4.633ms
[27.545s][info][gc,phases,start] GC(714) Phase 3: Adjust pointers
[27.551s][info][gc,phases      ] GC(714) Phase 3: Adjust pointers 6.148ms
[27.551s][info][gc,phases,start] GC(714) Phase 4: Move objects
[27.580s][info][gc,phases      ] GC(714) Phase 4: Move objects 29.327ms
[27.580s][info][gc,heap        ] GC(714) DefNew: 156886K(157248K)->16590K(157248K) Eden: 139776K(139776K)->16590K(139776K) From: 17110K(17472K)->0K(17472K)
[27.580s][info][gc,heap        ] GC(714) Tenured: 349344K(349568K)->349567K(349568K)
[27.580s][info][gc,metaspace   ] GC(714) Metaspace: 30902K(31232K)->30902K(31232K) NonClass: 27650K(27776K)->27650K(27776K) Class: 3252K(3456K)->3252K(3456K)
[27.580s][info][gc             ] GC(714) Pause Full (Allocation Failure) 494M->357M(494M) 49.803ms
[27.581s][info][gc,cpu         ] GC(714) User=0.05s Sys=0.00s Real=0.04s
[27.591s][info][gc,start       ] GC(715) Pause Full (Allocation Failure)
[27.591s][info][gc,phases,start] GC(715) Phase 1: Mark live objects
[27.600s][info][gc,phases      ] GC(715) Phase 1: Mark live objects 8.660ms
[27.600s][info][gc,phases,start] GC(715) Phase 2: Compute new object addresses
[27.605s][info][gc,phases      ] GC(715) Phase 2: Compute new object addresses 4.515ms
[27.605s][info][gc,phases,start] GC(715) Phase 3: Adjust pointers
[27.610s][info][gc,phases      ] GC(715) Phase 3: Adjust pointers 5.687ms
[27.610s][info][gc,phases,start] GC(715) Phase 4: Move objects
[27.637s][info][gc,phases      ] GC(715) Phase 4: Move objects 26.956ms
[27.637s][info][gc,heap        ] GC(715) DefNew: 157024K(157248K)->15160K(157248K) Eden: 139776K(139776K)->15160K(139776K) From: 17248K(17472K)->0K(17472K)
[27.638s][info][gc,heap        ] GC(715) Tenured: 349567K(349568K)->349371K(349568K)
[27.638s][info][gc,metaspace   ] GC(715) Metaspace: 30902K(31232K)->30902K(31232K) NonClass: 27650K(27776K)->27650K(27776K) Class: 3252K(3456K)->3252K(3456K)
[27.638s][info][gc             ] GC(715) Pause Full (Allocation Failure) 494M->355M(494M) 46.245ms
[27.638s][info][gc,cpu         ] GC(715) User=0.05s Sys=0.00s Real=0.04s
[27.649s][info][gc,start       ] GC(716) Pause Full (Allocation Failure)
[27.649s][info][gc,phases,start] GC(716) Phase 1: Mark live objects
[27.658s][info][gc,phases      ] GC(716) Phase 1: Mark live objects 9.202ms
[27.658s][info][gc,phases,start] GC(716) Phase 2: Compute new object addresses
[27.663s][info][gc,phases      ] GC(716) Phase 2: Compute new object addresses 4.743ms
[27.663s][info][gc,phases,start] GC(716) Phase 3: Adjust pointers
[27.669s][info][gc,phases      ] GC(716) Phase 3: Adjust pointers 5.785ms
[27.669s][info][gc,phases,start] GC(716) Phase 4: Move objects
[27.692s][info][gc,phases      ] GC(716) Phase 4: Move objects 23.560ms
[27.693s][info][gc,heap        ] GC(716) DefNew: 156671K(157248K)->33790K(157248K) Eden: 139776K(139776K)->33790K(139776K) From: 16895K(17472K)->0K(17472K)
[27.693s][info][gc,heap        ] GC(716) Tenured: 349371K(349568K)->349340K(349568K)
[27.693s][info][gc,metaspace   ] GC(716) Metaspace: 30902K(31232K)->30902K(31232K) NonClass: 27650K(27776K)->27650K(27776K) Class: 3252K(3456K)->3252K(3456K)
[27.693s][info][gc             ] GC(716) Pause Full (Allocation Failure) 494M->374M(494M) 43.744ms
[27.693s][info][gc,cpu         ] GC(716) User=0.04s Sys=0.00s Real=0.05s
[27.707s][info][gc,start       ] GC(717) Pause Full (Allocation Failure)
[27.707s][info][gc,phases,start] GC(717) Phase 1: Mark live objects
[27.716s][info][gc,phases      ] GC(717) Phase 1: Mark live objects 8.753ms
[27.716s][info][gc,phases,start] GC(717) Phase 2: Compute new object addresses
[27.720s][info][gc,phases      ] GC(717) Phase 2: Compute new object addresses 4.358ms
[27.720s][info][gc,phases,start] GC(717) Phase 3: Adjust pointers
[27.726s][info][gc,phases      ] GC(717) Phase 3: Adjust pointers 5.541ms
[27.726s][info][gc,phases,start] GC(717) Phase 4: Move objects
[27.754s][info][gc,phases      ] GC(717) Phase 4: Move objects 27.986ms
[27.754s][info][gc,heap        ] GC(717) DefNew: 157074K(157248K)->28024K(157248K) Eden: 139776K(139776K)->28024K(139776K) From: 17298K(17472K)->0K(17472K)
[27.754s][info][gc,heap        ] GC(717) Tenured: 349340K(349568K)->349343K(349568K)
[27.754s][info][gc,metaspace   ] GC(717) Metaspace: 30902K(31232K)->30902K(31232K) NonClass: 27650K(27776K)->27650K(27776K) Class: 3252K(3456K)->3252K(3456K)
[27.754s][info][gc             ] GC(717) Pause Full (Allocation Failure) 494M->368M(494M) 47.141ms
[27.754s][info][gc,cpu         ] GC(717) User=0.05s Sys=0.00s Real=0.05s
[27.765s][info][gc,start       ] GC(718) Pause Full (Allocation Failure)
[27.765s][info][gc,phases,start] GC(718) Phase 1: Mark live objects
[27.773s][info][gc,phases      ] GC(718) Phase 1: Mark live objects 8.632ms
[27.773s][info][gc,phases,start] GC(718) Phase 2: Compute new object addresses
[27.778s][info][gc,phases      ] GC(718) Phase 2: Compute new object addresses 4.485ms
[27.778s][info][gc,phases,start] GC(718) Phase 3: Adjust pointers
[27.784s][info][gc,phases      ] GC(718) Phase 3: Adjust pointers 5.982ms
[27.784s][info][gc,phases,start] GC(718) Phase 4: Move objects
[27.810s][info][gc,phases      ] GC(718) Phase 4: Move objects 26.165ms
[27.810s][info][gc,heap        ] GC(718) DefNew: 157247K(157248K)->30933K(157248K) Eden: 139776K(139776K)->30933K(139776K) From: 17471K(17472K)->0K(17472K)
[27.810s][info][gc,heap        ] GC(718) Tenured: 349463K(349568K)->349346K(349568K)
[27.810s][info][gc,metaspace   ] GC(718) Metaspace: 30902K(31232K)->30902K(31232K) NonClass: 27650K(27776K)->27650K(27776K) Class: 3252K(3456K)->3252K(3456K)
[27.810s][info][gc             ] GC(718) Pause Full (Allocation Failure) 494M->371M(494M) 45.688ms
[27.810s][info][gc,cpu         ] GC(718) User=0.05s Sys=0.00s Real=0.05s
[27.820s][info][gc,start       ] GC(719) Pause Full (Allocation Failure)
[27.820s][info][gc,phases,start] GC(719) Phase 1: Mark live objects
[27.829s][info][gc,phases      ] GC(719) Phase 1: Mark live objects 8.805ms
[27.829s][info][gc,phases,start] GC(719) Phase 2: Compute new object addresses
[27.833s][info][gc,phases      ] GC(719) Phase 2: Compute new object addresses 4.352ms
[27.833s][info][gc,phases,start] GC(719) Phase 3: Adjust pointers
[27.839s][info][gc,phases      ] GC(719) Phase 3: Adjust pointers 5.629ms
[27.839s][info][gc,phases,start] GC(719) Phase 4: Move objects
[27.868s][info][gc,phases      ] GC(719) Phase 4: Move objects 29.085ms
[27.868s][info][gc,heap        ] GC(719) DefNew: 156825K(157248K)->14147K(157248K) Eden: 139776K(139776K)->14147K(139776K) From: 17049K(17472K)->0K(17472K)
[27.868s][info][gc,heap        ] GC(719) Tenured: 349346K(349568K)->349345K(349568K)
[27.868s][info][gc,metaspace   ] GC(719) Metaspace: 30902K(31232K)->30902K(31232K) NonClass: 27650K(27776K)->27650K(27776K) Class: 3252K(3456K)->3252K(3456K)
[27.868s][info][gc             ] GC(719) Pause Full (Allocation Failure) 494M->354M(494M) 48.288ms
[27.868s][info][gc,cpu         ] GC(719) User=0.05s Sys=0.00s Real=0.05s
[27.879s][info][gc,start       ] GC(720) Pause Full (Allocation Failure)
[27.879s][info][gc,phases,start] GC(720) Phase 1: Mark live objects
[27.887s][info][gc,phases      ] GC(720) Phase 1: Mark live objects 8.541ms
[27.887s][info][gc,phases,start] GC(720) Phase 2: Compute new object addresses
[27.892s][info][gc,phases      ] GC(720) Phase 2: Compute new object addresses 4.584ms
[27.892s][info][gc,phases,start] GC(720) Phase 3: Adjust pointers
[27.897s][info][gc,phases      ] GC(720) Phase 3: Adjust pointers 5.564ms
[27.897s][info][gc,phases,start] GC(720) Phase 4: Move objects
[27.920s][info][gc,phases      ] GC(720) Phase 4: Move objects 22.627ms
[27.920s][info][gc,heap        ] GC(720) DefNew: 156833K(157248K)->32018K(157248K) Eden: 139776K(139776K)->32018K(139776K) From: 17057K(17472K)->0K(17472K)
[27.920s][info][gc,heap        ] GC(720) Tenured: 349345K(349568K)->349554K(349568K)
[27.920s][info][gc,metaspace   ] GC(720) Metaspace: 30902K(31232K)->30902K(31232K) NonClass: 27650K(27776K)->27650K(27776K) Class: 3252K(3456K)->3252K(3456K)
[27.920s][info][gc             ] GC(720) Pause Full (Allocation Failure) 494M->372M(494M) 41.748ms
[27.920s][info][gc,cpu         ] GC(720) User=0.04s Sys=0.00s Real=0.04s
[27.931s][info][gc,start       ] GC(721) Pause Full (Allocation Failure)
[27.931s][info][gc,phases,start] GC(721) Phase 1: Mark live objects
[27.940s][info][gc,phases      ] GC(721) Phase 1: Mark live objects 8.551ms
[27.940s][info][gc,phases,start] GC(721) Phase 2: Compute new object addresses
[27.944s][info][gc,phases      ] GC(721) Phase 2: Compute new object addresses 4.191ms
[27.944s][info][gc,phases,start] GC(721) Phase 3: Adjust pointers
[27.950s][info][gc,phases      ] GC(721) Phase 3: Adjust pointers 5.369ms
[27.950s][info][gc,phases,start] GC(721) Phase 4: Move objects
[27.978s][info][gc,phases      ] GC(721) Phase 4: Move objects 28.811ms
[27.979s][info][gc,heap        ] GC(721) DefNew: 156861K(157248K)->28812K(157248K) Eden: 139776K(139776K)->28812K(139776K) From: 17085K(17472K)->0K(17472K)
[27.979s][info][gc,heap        ] GC(721) Tenured: 349554K(349568K)->349342K(349568K)
[27.979s][info][gc,metaspace   ] GC(721) Metaspace: 30902K(31232K)->30902K(31232K) NonClass: 27650K(27776K)->27650K(27776K) Class: 3252K(3456K)->3252K(3456K)
[27.979s][info][gc             ] GC(721) Pause Full (Allocation Failure) 494M->369M(494M) 47.358ms
[27.979s][info][gc,cpu         ] GC(721) User=0.05s Sys=0.00s Real=0.04s
[27.989s][info][gc,start       ] GC(722) Pause Full (Allocation Failure)
[27.989s][info][gc,phases,start] GC(722) Phase 1: Mark live objects
[27.998s][info][gc,phases      ] GC(722) Phase 1: Mark live objects 9.656ms
[27.998s][info][gc,phases,start] GC(722) Phase 2: Compute new object addresses
[28.003s][info][gc,phases      ] GC(722) Phase 2: Compute new object addresses 4.995ms
[28.003s][info][gc,phases,start] GC(722) Phase 3: Adjust pointers
[28.010s][info][gc,phases      ] GC(722) Phase 3: Adjust pointers 6.188ms
[28.010s][info][gc,phases,start] GC(722) Phase 4: Move objects
[28.037s][info][gc,phases      ] GC(722) Phase 4: Move objects 27.567ms
[28.037s][info][gc,heap        ] GC(722) DefNew: 157121K(157248K)->34303K(157248K) Eden: 139776K(139776K)->34303K(139776K) From: 17345K(17472K)->0K(17472K)
[28.037s][info][gc,heap        ] GC(722) Tenured: 349342K(349568K)->349335K(349568K)
[28.037s][info][gc,metaspace   ] GC(722) Metaspace: 30902K(31232K)->30902K(31232K) NonClass: 27650K(27776K)->27650K(27776K) Class: 3252K(3456K)->3252K(3456K)
[28.037s][info][gc             ] GC(722) Pause Full (Allocation Failure) 494M->374M(494M) 48.867ms
[28.037s][info][gc,cpu         ] GC(722) User=0.05s Sys=0.00s Real=0.05s
[28.048s][info][gc,start       ] GC(723) Pause Full (Allocation Failure)
[28.048s][info][gc,phases,start] GC(723) Phase 1: Mark live objects
[28.057s][info][gc,phases      ] GC(723) Phase 1: Mark live objects 8.710ms
[28.057s][info][gc,phases,start] GC(723) Phase 2: Compute new object addresses
[28.061s][info][gc,phases      ] GC(723) Phase 2: Compute new object addresses 4.236ms
[28.061s][info][gc,phases,start] GC(723) Phase 3: Adjust pointers
[28.067s][info][gc,phases      ] GC(723) Phase 3: Adjust pointers 5.712ms
[28.067s][info][gc,phases,start] GC(723) Phase 4: Move objects
[28.095s][info][gc,phases      ] GC(723) Phase 4: Move objects 28.471ms
[28.096s][info][gc,heap        ] GC(723) DefNew: 156950K(157248K)->16469K(157248K) Eden: 139776K(139776K)->16469K(139776K) From: 17174K(17472K)->0K(17472K)
[28.096s][info][gc,heap        ] GC(723) Tenured: 349335K(349568K)->349358K(349568K)
[28.096s][info][gc,metaspace   ] GC(723) Metaspace: 30902K(31232K)->30902K(31232K) NonClass: 27650K(27776K)->27650K(27776K) Class: 3252K(3456K)->3252K(3456K)
[28.096s][info][gc             ] GC(723) Pause Full (Allocation Failure) 494M->357M(494M) 47.600ms
[28.096s][info][gc,cpu         ] GC(723) User=0.05s Sys=0.00s Real=0.05s
[28.107s][info][gc,start       ] GC(724) Pause Full (Allocation Failure)
[28.107s][info][gc,phases,start] GC(724) Phase 1: Mark live objects
[28.116s][info][gc,phases      ] GC(724) Phase 1: Mark live objects 8.775ms
[28.116s][info][gc,phases,start] GC(724) Phase 2: Compute new object addresses
[28.121s][info][gc,phases      ] GC(724) Phase 2: Compute new object addresses 4.689ms
[28.121s][info][gc,phases,start] GC(724) Phase 3: Adjust pointers
[28.127s][info][gc,phases      ] GC(724) Phase 3: Adjust pointers 5.886ms
[28.127s][info][gc,phases,start] GC(724) Phase 4: Move objects
[28.151s][info][gc,phases      ] GC(724) Phase 4: Move objects 23.906ms
[28.151s][info][gc,heap        ] GC(724) DefNew: 157193K(157248K)->34572K(157248K) Eden: 139776K(139776K)->34572K(139776K) From: 17417K(17472K)->0K(17472K)
[28.151s][info][gc,heap        ] GC(724) Tenured: 349358K(349568K)->349335K(349568K)
[28.151s][info][gc,metaspace   ] GC(724) Metaspace: 30902K(31232K)->30902K(31232K) NonClass: 27650K(27776K)->27650K(27776K) Class: 3252K(3456K)->3252K(3456K)
[28.151s][info][gc             ] GC(724) Pause Full (Allocation Failure) 494M->374M(494M) 43.701ms
[28.151s][info][gc,cpu         ] GC(724) User=0.04s Sys=0.00s Real=0.05s
[28.160s][info][gc,start       ] GC(725) Pause Full (Allocation Failure)
[28.160s][info][gc,phases,start] GC(725) Phase 1: Mark live objects
[28.169s][info][gc,phases      ] GC(725) Phase 1: Mark live objects 8.528ms
[28.169s][info][gc,phases,start] GC(725) Phase 2: Compute new object addresses
[28.173s][info][gc,phases      ] GC(725) Phase 2: Compute new object addresses 4.328ms
[28.173s][info][gc,phases,start] GC(725) Phase 3: Adjust pointers
[28.178s][info][gc,phases      ] GC(725) Phase 3: Adjust pointers 5.439ms
[28.178s][info][gc,phases,start] GC(725) Phase 4: Move objects
[28.205s][info][gc,phases      ] GC(725) Phase 4: Move objects 26.668ms
[28.205s][info][gc,heap        ] GC(725) DefNew: 156782K(157248K)->33940K(157248K) Eden: 139776K(139776K)->33940K(139776K) From: 17006K(17472K)->0K(17472K)
[28.205s][info][gc,heap        ] GC(725) Tenured: 349335K(349568K)->349337K(349568K)
[28.205s][info][gc,metaspace   ] GC(725) Metaspace: 30902K(31232K)->30902K(31232K) NonClass: 27650K(27776K)->27650K(27776K) Class: 3252K(3456K)->3252K(3456K)
[28.205s][info][gc             ] GC(725) Pause Full (Allocation Failure) 494M->374M(494M) 45.394ms
[28.205s][info][gc,cpu         ] GC(725) User=0.04s Sys=0.00s Real=0.05s
[28.216s][info][gc,start       ] GC(726) Pause Full (Allocation Failure)
[28.216s][info][gc,phases,start] GC(726) Phase 1: Mark live objects
[28.225s][info][gc,phases      ] GC(726) Phase 1: Mark live objects 9.092ms
[28.225s][info][gc,phases,start] GC(726) Phase 2: Compute new object addresses
[28.229s][info][gc,phases      ] GC(726) Phase 2: Compute new object addresses 4.357ms
[28.229s][info][gc,phases,start] GC(726) Phase 3: Adjust pointers
[28.235s][info][gc,phases      ] GC(726) Phase 3: Adjust pointers 5.744ms
[28.235s][info][gc,phases,start] GC(726) Phase 4: Move objects
[28.264s][info][gc,phases      ] GC(726) Phase 4: Move objects 29.162ms
[28.265s][info][gc,heap        ] GC(726) DefNew: 156729K(157248K)->18336K(157248K) Eden: 139776K(139776K)->18336K(139776K) From: 16953K(17472K)->0K(17472K)
[28.265s][info][gc,heap        ] GC(726) Tenured: 349337K(349568K)->349374K(349568K)
[28.265s][info][gc,metaspace   ] GC(726) Metaspace: 30902K(31232K)->30902K(31232K) NonClass: 27650K(27776K)->27650K(27776K) Class: 3252K(3456K)->3252K(3456K)
[28.265s][info][gc             ] GC(726) Pause Full (Allocation Failure) 494M->359M(494M) 48.812ms
[28.265s][info][gc,cpu         ] GC(726) User=0.05s Sys=0.00s Real=0.05s
[28.275s][info][gc,start       ] GC(727) Pause Full (Allocation Failure)
[28.275s][info][gc,phases,start] GC(727) Phase 1: Mark live objects
[28.284s][info][gc,phases      ] GC(727) Phase 1: Mark live objects 8.473ms
[28.284s][info][gc,phases,start] GC(727) Phase 2: Compute new object addresses
[28.288s][info][gc,phases      ] GC(727) Phase 2: Compute new object addresses 4.472ms
[28.288s][info][gc,phases,start] GC(727) Phase 3: Adjust pointers
[28.294s][info][gc,phases      ] GC(727) Phase 3: Adjust pointers 5.969ms
[28.294s][info][gc,phases,start] GC(727) Phase 4: Move objects
[28.324s][info][gc,phases      ] GC(727) Phase 4: Move objects 29.844ms
[28.324s][info][gc,heap        ] GC(727) DefNew: 156393K(157248K)->18027K(157248K) Eden: 139776K(139776K)->18027K(139776K) From: 16617K(17472K)->0K(17472K)
[28.324s][info][gc,heap        ] GC(727) Tenured: 349374K(349568K)->349358K(349568K)
[28.324s][info][gc,metaspace   ] GC(727) Metaspace: 30931K(31296K)->30931K(31296K) NonClass: 27677K(27840K)->27677K(27840K) Class: 3254K(3456K)->3254K(3456K)
[28.324s][info][gc             ] GC(727) Pause Full (Allocation Failure) 493M->358M(494M) 49.230ms
[28.325s][info][gc,cpu         ] GC(727) User=0.05s Sys=0.00s Real=0.05s
[28.335s][info][gc,start       ] GC(728) Pause Full (Allocation Failure)
[28.335s][info][gc,phases,start] GC(728) Phase 1: Mark live objects
[28.345s][info][gc,phases      ] GC(728) Phase 1: Mark live objects 9.483ms
[28.345s][info][gc,phases,start] GC(728) Phase 2: Compute new object addresses
[28.350s][info][gc,phases      ] GC(728) Phase 2: Compute new object addresses 5.311ms
[28.350s][info][gc,phases,start] GC(728) Phase 3: Adjust pointers
[28.357s][info][gc,phases      ] GC(728) Phase 3: Adjust pointers 7.323ms
[28.357s][info][gc,phases,start] GC(728) Phase 4: Move objects
[28.380s][info][gc,phases      ] GC(728) Phase 4: Move objects 22.252ms
[28.380s][info][gc,heap        ] GC(728) DefNew: 157020K(157248K)->38912K(157248K) Eden: 139776K(139776K)->38912K(139776K) From: 17244K(17472K)->0K(17472K)
[28.380s][info][gc,heap        ] GC(728) Tenured: 349358K(349568K)->349337K(349568K)
[28.380s][info][gc,metaspace   ] GC(728) Metaspace: 30932K(31296K)->30932K(31296K) NonClass: 27678K(27840K)->27678K(27840K) Class: 3254K(3456K)->3254K(3456K)
[28.380s][info][gc             ] GC(728) Pause Full (Allocation Failure) 494M->379M(494M) 44.847ms
[28.380s][info][gc,cpu         ] GC(728) User=0.05s Sys=0.00s Real=0.04s
[28.390s][info][gc,start       ] GC(729) Pause Full (Allocation Failure)
[28.391s][info][gc,phases,start] GC(729) Phase 1: Mark live objects
[28.400s][info][gc,phases      ] GC(729) Phase 1: Mark live objects 9.320ms
[28.400s][info][gc,phases,start] GC(729) Phase 2: Compute new object addresses
[28.405s][info][gc,phases      ] GC(729) Phase 2: Compute new object addresses 4.614ms
[28.405s][info][gc,phases,start] GC(729) Phase 3: Adjust pointers
[28.411s][info][gc,phases      ] GC(729) Phase 3: Adjust pointers 6.467ms
[28.411s][info][gc,phases,start] GC(729) Phase 4: Move objects
[28.440s][info][gc,phases      ] GC(729) Phase 4: Move objects 28.714ms
[28.440s][info][gc,heap        ] GC(729) DefNew: 156999K(157248K)->33167K(157248K) Eden: 139776K(139776K)->33167K(139776K) From: 17223K(17472K)->0K(17472K)
[28.440s][info][gc,heap        ] GC(729) Tenured: 349337K(349568K)->349343K(349568K)
[28.440s][info][gc,metaspace   ] GC(729) Metaspace: 30932K(31296K)->30932K(31296K) NonClass: 27678K(27840K)->27678K(27840K) Class: 3254K(3456K)->3254K(3456K)
[28.440s][info][gc             ] GC(729) Pause Full (Allocation Failure) 494M->373M(494M) 49.598ms
[28.440s][info][gc,cpu         ] GC(729) User=0.06s Sys=0.00s Real=0.04s
[28.451s][info][gc,start       ] GC(730) Pause Full (Allocation Failure)
[28.451s][info][gc,phases,start] GC(730) Phase 1: Mark live objects
[28.460s][info][gc,phases      ] GC(730) Phase 1: Mark live objects 8.881ms
[28.460s][info][gc,phases,start] GC(730) Phase 2: Compute new object addresses
[28.465s][info][gc,phases      ] GC(730) Phase 2: Compute new object addresses 4.572ms
[28.465s][info][gc,phases,start] GC(730) Phase 3: Adjust pointers
[28.470s][info][gc,phases      ] GC(730) Phase 3: Adjust pointers 5.621ms
[28.470s][info][gc,phases,start] GC(730) Phase 4: Move objects
[28.499s][info][gc,phases      ] GC(730) Phase 4: Move objects 29.009ms
[28.500s][info][gc,heap        ] GC(730) DefNew: 157188K(157248K)->16534K(157248K) Eden: 139776K(139776K)->16534K(139776K) From: 17412K(17472K)->0K(17472K)
[28.500s][info][gc,heap        ] GC(730) Tenured: 349343K(349568K)->349364K(349568K)
[28.500s][info][gc,metaspace   ] GC(730) Metaspace: 30932K(31296K)->30932K(31296K) NonClass: 27678K(27840K)->27678K(27840K) Class: 3254K(3456K)->3254K(3456K)
[28.500s][info][gc             ] GC(730) Pause Full (Allocation Failure) 494M->357M(494M) 48.514ms
[28.500s][info][gc,cpu         ] GC(730) User=0.05s Sys=0.00s Real=0.04s
[28.509s][info][gc,start       ] GC(731) Pause Full (Allocation Failure)
[28.509s][info][gc,phases,start] GC(731) Phase 1: Mark live objects
[28.518s][info][gc,phases      ] GC(731) Phase 1: Mark live objects 8.874ms
[28.518s][info][gc,phases,start] GC(731) Phase 2: Compute new object addresses
[28.522s][info][gc,phases      ] GC(731) Phase 2: Compute new object addresses 4.565ms
[28.522s][info][gc,phases,start] GC(731) Phase 3: Adjust pointers
[28.529s][info][gc,phases      ] GC(731) Phase 3: Adjust pointers 6.135ms
[28.529s][info][gc,phases,start] GC(731) Phase 4: Move objects
[28.558s][info][gc,phases      ] GC(731) Phase 4: Move objects 29.380ms
[28.558s][info][gc,heap        ] GC(731) DefNew: 157021K(157248K)->23182K(157248K) Eden: 139776K(139776K)->23182K(139776K) From: 17245K(17472K)->0K(17472K)
[28.558s][info][gc,heap        ] GC(731) Tenured: 349364K(349568K)->349416K(349568K)
[28.558s][info][gc,metaspace   ] GC(731) Metaspace: 30932K(31296K)->30932K(31296K) NonClass: 27678K(27840K)->27678K(27840K) Class: 3254K(3456K)->3254K(3456K)
[28.558s][info][gc             ] GC(731) Pause Full (Allocation Failure) 494M->363M(494M) 49.462ms
[28.558s][info][gc,cpu         ] GC(731) User=0.04s Sys=0.00s Real=0.05s
[28.570s][info][gc,start       ] GC(732) Pause Full (Allocation Failure)
[28.570s][info][gc,phases,start] GC(732) Phase 1: Mark live objects
[28.579s][info][gc,phases      ] GC(732) Phase 1: Mark live objects 8.880ms
[28.579s][info][gc,phases,start] GC(732) Phase 2: Compute new object addresses
[28.583s][info][gc,phases      ] GC(732) Phase 2: Compute new object addresses 4.491ms
[28.583s][info][gc,phases,start] GC(732) Phase 3: Adjust pointers
[28.589s][info][gc,phases      ] GC(732) Phase 3: Adjust pointers 5.463ms
[28.589s][info][gc,phases,start] GC(732) Phase 4: Move objects
[28.614s][info][gc,phases      ] GC(732) Phase 4: Move objects 25.029ms
[28.614s][info][gc,heap        ] GC(732) DefNew: 156626K(157248K)->36255K(157248K) Eden: 139776K(139776K)->36255K(139776K) From: 16850K(17472K)->0K(17472K)
[28.614s][info][gc,heap        ] GC(732) Tenured: 349416K(349568K)->349342K(349568K)
[28.614s][info][gc,metaspace   ] GC(732) Metaspace: 30932K(31296K)->30932K(31296K) NonClass: 27678K(27840K)->27678K(27840K) Class: 3254K(3456K)->3254K(3456K)
[28.614s][info][gc             ] GC(732) Pause Full (Allocation Failure) 494M->376M(494M) 44.318ms
[28.614s][info][gc,cpu         ] GC(732) User=0.04s Sys=0.00s Real=0.05s
[28.623s][info][gc,start       ] GC(733) Pause Full (Allocation Failure)
[28.623s][info][gc,phases,start] GC(733) Phase 1: Mark live objects
[28.632s][info][gc,phases      ] GC(733) Phase 1: Mark live objects 9.426ms
[28.632s][info][gc,phases,start] GC(733) Phase 2: Compute new object addresses
[28.637s][info][gc,phases      ] GC(733) Phase 2: Compute new object addresses 4.683ms
[28.637s][info][gc,phases,start] GC(733) Phase 3: Adjust pointers
[28.643s][info][gc,phases      ] GC(733) Phase 3: Adjust pointers 5.990ms
[28.643s][info][gc,phases,start] GC(733) Phase 4: Move objects
[28.670s][info][gc,phases      ] GC(733) Phase 4: Move objects 27.451ms
[28.670s][info][gc,heap        ] GC(733) DefNew: 156965K(157248K)->38147K(157248K) Eden: 139776K(139776K)->38147K(139776K) From: 17189K(17472K)->0K(17472K)
[28.671s][info][gc,heap        ] GC(733) Tenured: 349342K(349568K)->349338K(349568K)
[28.671s][info][gc,metaspace   ] GC(733) Metaspace: 30932K(31296K)->30932K(31296K) NonClass: 27678K(27840K)->27678K(27840K) Class: 3254K(3456K)->3254K(3456K)
[28.671s][info][gc             ] GC(733) Pause Full (Allocation Failure) 494M->378M(494M) 48.026ms
[28.671s][info][gc,cpu         ] GC(733) User=0.05s Sys=0.00s Real=0.05s
[28.681s][info][gc,start       ] GC(734) Pause Full (Allocation Failure)
[28.681s][info][gc,phases,start] GC(734) Phase 1: Mark live objects
[28.690s][info][gc,phases      ] GC(734) Phase 1: Mark live objects 8.506ms
[28.690s][info][gc,phases,start] GC(734) Phase 2: Compute new object addresses
[28.694s][info][gc,phases      ] GC(734) Phase 2: Compute new object addresses 4.098ms
[28.694s][info][gc,phases,start] GC(734) Phase 3: Adjust pointers
[28.700s][info][gc,phases      ] GC(734) Phase 3: Adjust pointers 6.015ms
[28.700s][info][gc,phases,start] GC(734) Phase 4: Move objects
[28.730s][info][gc,phases      ] GC(734) Phase 4: Move objects 30.392ms
[28.731s][info][gc,heap        ] GC(734) DefNew: 157247K(157248K)->15967K(157248K) Eden: 139776K(139776K)->15967K(139776K) From: 17471K(17472K)->0K(17472K)
[28.731s][info][gc,heap        ] GC(734) Tenured: 349352K(349568K)->349454K(349568K)
[28.731s][info][gc,metaspace   ] GC(734) Metaspace: 30932K(31296K)->30932K(31296K) NonClass: 27678K(27840K)->27678K(27840K) Class: 3254K(3456K)->3254K(3456K)
[28.731s][info][gc             ] GC(734) Pause Full (Allocation Failure) 494M->356M(494M) 49.444ms
[28.731s][info][gc,cpu         ] GC(734) User=0.05s Sys=0.00s Real=0.06s
[28.739s][info][gc,start       ] GC(735) Pause Full (Allocation Failure)
[28.739s][info][gc,phases,start] GC(735) Phase 1: Mark live objects
[28.749s][info][gc,phases      ] GC(735) Phase 1: Mark live objects 9.723ms
[28.749s][info][gc,phases,start] GC(735) Phase 2: Compute new object addresses
[28.754s][info][gc,phases      ] GC(735) Phase 2: Compute new object addresses 5.048ms
[28.754s][info][gc,phases,start] GC(735) Phase 3: Adjust pointers
[28.760s][info][gc,phases      ] GC(735) Phase 3: Adjust pointers 6.243ms
[28.760s][info][gc,phases,start] GC(735) Phase 4: Move objects
[28.790s][info][gc,phases      ] GC(735) Phase 4: Move objects 29.569ms
[28.790s][info][gc,heap        ] GC(735) DefNew: 157079K(157248K)->25186K(157248K) Eden: 139776K(139776K)->25186K(139776K) From: 17303K(17472K)->0K(17472K)
[28.790s][info][gc,heap        ] GC(735) Tenured: 349454K(349568K)->348830K(349568K)
[28.790s][info][gc,metaspace   ] GC(735) Metaspace: 30932K(31296K)->30932K(31296K) NonClass: 27678K(27840K)->27678K(27840K) Class: 3254K(3456K)->3254K(3456K)
[28.790s][info][gc             ] GC(735) Pause Full (Allocation Failure) 494M->365M(494M) 51.076ms
[28.790s][info][gc,cpu         ] GC(735) User=0.05s Sys=0.00s Real=0.06s
[28.801s][info][gc,start       ] GC(736) Pause Full (Allocation Failure)
[28.801s][info][gc,phases,start] GC(736) Phase 1: Mark live objects
[28.811s][info][gc,phases      ] GC(736) Phase 1: Mark live objects 10.397ms
[28.811s][info][gc,phases,start] GC(736) Phase 2: Compute new object addresses
[28.817s][info][gc,phases      ] GC(736) Phase 2: Compute new object addresses 5.428ms
[28.817s][info][gc,phases,start] GC(736) Phase 3: Adjust pointers
[28.823s][info][gc,phases      ] GC(736) Phase 3: Adjust pointers 6.158ms
[28.823s][info][gc,phases,start] GC(736) Phase 4: Move objects
[28.827s][info][gc,phases      ] GC(736) Phase 4: Move objects 4.079ms
[28.827s][info][gc,heap        ] GC(736) DefNew: 157024K(157248K)->42040K(157248K) Eden: 139776K(139776K)->42040K(139776K) From: 17248K(17472K)->0K(17472K)
[28.827s][info][gc,heap        ] GC(736) Tenured: 348830K(349568K)->349338K(349568K)
[28.827s][info][gc,metaspace   ] GC(736) Metaspace: 30932K(31296K)->30932K(31296K) NonClass: 27678K(27840K)->27678K(27840K) Class: 3254K(3456K)->3254K(3456K)
[28.827s][info][gc             ] GC(736) Pause Full (Allocation Failure) 493M->382M(494M) 26.542ms
[28.827s][info][gc,cpu         ] GC(736) User=0.02s Sys=0.00s Real=0.03s
[28.837s][info][gc,start       ] GC(737) Pause Full (Allocation Failure)
[28.837s][info][gc,phases,start] GC(737) Phase 1: Mark live objects
[28.845s][info][gc,phases      ] GC(737) Phase 1: Mark live objects 8.712ms
[28.845s][info][gc,phases,start] GC(737) Phase 2: Compute new object addresses
[28.850s][info][gc,phases      ] GC(737) Phase 2: Compute new object addresses 4.151ms
[28.850s][info][gc,phases,start] GC(737) Phase 3: Adjust pointers
[28.855s][info][gc,phases      ] GC(737) Phase 3: Adjust pointers 5.367ms
[28.855s][info][gc,phases,start] GC(737) Phase 4: Move objects
[28.884s][info][gc,phases      ] GC(737) Phase 4: Move objects 29.348ms
[28.885s][info][gc,heap        ] GC(737) DefNew: 157071K(157248K)->22390K(157248K) Eden: 139776K(139776K)->22390K(139776K) From: 17295K(17472K)->0K(17472K)
[28.885s][info][gc,heap        ] GC(737) Tenured: 349338K(349568K)->348554K(349568K)
[28.885s][info][gc,metaspace   ] GC(737) Metaspace: 30932K(31296K)->30932K(31296K) NonClass: 27678K(27840K)->27678K(27840K) Class: 3254K(3456K)->3254K(3456K)
[28.885s][info][gc             ] GC(737) Pause Full (Allocation Failure) 494M->362M(494M) 48.024ms
[28.885s][info][gc,cpu         ] GC(737) User=0.05s Sys=0.00s Real=0.05s
[28.895s][info][gc,start       ] GC(738) Pause Full (Allocation Failure)
[28.895s][info][gc,phases,start] GC(738) Phase 1: Mark live objects
[28.904s][info][gc,phases      ] GC(738) Phase 1: Mark live objects 8.891ms
[28.904s][info][gc,phases,start] GC(738) Phase 2: Compute new object addresses
[28.909s][info][gc,phases      ] GC(738) Phase 2: Compute new object addresses 4.418ms
[28.909s][info][gc,phases,start] GC(738) Phase 3: Adjust pointers
[28.915s][info][gc,phases      ] GC(738) Phase 3: Adjust pointers 5.836ms
[28.915s][info][gc,phases,start] GC(738) Phase 4: Move objects
[28.939s][info][gc,phases      ] GC(738) Phase 4: Move objects 24.577ms
[28.940s][info][gc,heap        ] GC(738) DefNew: 156229K(157248K)->34297K(157248K) Eden: 139776K(139776K)->34297K(139776K) From: 16453K(17472K)->0K(17472K)
[28.940s][info][gc,heap        ] GC(738) Tenured: 348554K(349568K)->349336K(349568K)
[28.940s][info][gc,metaspace   ] GC(738) Metaspace: 30932K(31296K)->30932K(31296K) NonClass: 27678K(27840K)->27678K(27840K) Class: 3254K(3456K)->3254K(3456K)
[28.940s][info][gc             ] GC(738) Pause Full (Allocation Failure) 492M->374M(494M) 44.195ms
[28.940s][info][gc,cpu         ] GC(738) User=0.05s Sys=0.00s Real=0.04s
[28.946s][info][gc,start       ] GC(739) Pause Full (Allocation Failure)
[28.946s][info][gc,phases,start] GC(739) Phase 1: Mark live objects
[28.955s][info][gc,phases      ] GC(739) Phase 1: Mark live objects 9.257ms
[28.955s][info][gc,phases,start] GC(739) Phase 2: Compute new object addresses
[28.960s][info][gc,phases      ] GC(739) Phase 2: Compute new object addresses 4.465ms
[28.960s][info][gc,phases,start] GC(739) Phase 3: Adjust pointers
[28.966s][info][gc,phases      ] GC(739) Phase 3: Adjust pointers 6.008ms
[28.966s][info][gc,phases,start] GC(739) Phase 4: Move objects
[28.996s][info][gc,phases      ] GC(739) Phase 4: Move objects 30.448ms
[28.997s][info][gc,heap        ] GC(739) DefNew: 156942K(157248K)->21362K(157248K) Eden: 139776K(139776K)->21362K(139776K) From: 17166K(17472K)->0K(17472K)
[28.997s][info][gc,heap        ] GC(739) Tenured: 349336K(349568K)->348548K(349568K)
[28.997s][info][gc,metaspace   ] GC(739) Metaspace: 30932K(31296K)->30932K(31296K) NonClass: 27678K(27840K)->27678K(27840K) Class: 3254K(3456K)->3254K(3456K)
[28.997s][info][gc             ] GC(739) Pause Full (Allocation Failure) 494M->361M(494M) 50.605ms
[28.997s][info][gc,cpu         ] GC(739) User=0.05s Sys=0.00s Real=0.05s
[29.007s][info][gc,start       ] GC(740) Pause Full (Allocation Failure)
[29.007s][info][gc,phases,start] GC(740) Phase 1: Mark live objects
[29.016s][info][gc,phases      ] GC(740) Phase 1: Mark live objects 9.340ms
[29.017s][info][gc,phases,start] GC(740) Phase 2: Compute new object addresses
[29.021s][info][gc,phases      ] GC(740) Phase 2: Compute new object addresses 4.817ms
[29.021s][info][gc,phases,start] GC(740) Phase 3: Adjust pointers
[29.027s][info][gc,phases      ] GC(740) Phase 3: Adjust pointers 5.811ms
[29.027s][info][gc,phases,start] GC(740) Phase 4: Move objects
[29.052s][info][gc,phases      ] GC(740) Phase 4: Move objects 25.046ms
[29.052s][info][gc,heap        ] GC(740) DefNew: 156915K(157248K)->33269K(157248K) Eden: 139776K(139776K)->33269K(139776K) From: 17139K(17472K)->0K(17472K)
[29.053s][info][gc,heap        ] GC(740) Tenured: 348548K(349568K)->349337K(349568K)
[29.053s][info][gc,metaspace   ] GC(740) Metaspace: 30932K(31296K)->30932K(31296K) NonClass: 27678K(27840K)->27678K(27840K) Class: 3254K(3456K)->3254K(3456K)
[29.053s][info][gc             ] GC(740) Pause Full (Allocation Failure) 493M->373M(494M) 45.463ms
[29.053s][info][gc,cpu         ] GC(740) User=0.04s Sys=0.00s Real=0.05s
[29.063s][info][gc,start       ] GC(741) Pause Full (Allocation Failure)
[29.063s][info][gc,phases,start] GC(741) Phase 1: Mark live objects
[29.072s][info][gc,phases      ] GC(741) Phase 1: Mark live objects 8.548ms
[29.072s][info][gc,phases,start] GC(741) Phase 2: Compute new object addresses
[29.076s][info][gc,phases      ] GC(741) Phase 2: Compute new object addresses 4.329ms
[29.076s][info][gc,phases,start] GC(741) Phase 3: Adjust pointers
[29.082s][info][gc,phases      ] GC(741) Phase 3: Adjust pointers 5.576ms
[29.082s][info][gc,phases,start] GC(741) Phase 4: Move objects
[29.111s][info][gc,phases      ] GC(741) Phase 4: Move objects 29.100ms
[29.111s][info][gc,heap        ] GC(741) DefNew: 157163K(157248K)->13389K(157248K) Eden: 139776K(139776K)->13389K(139776K) From: 17387K(17472K)->0K(17472K)
[29.111s][info][gc,heap        ] GC(741) Tenured: 349337K(349568K)->349335K(349568K)
[29.111s][info][gc,metaspace   ] GC(741) Metaspace: 30932K(31296K)->30932K(31296K) NonClass: 27678K(27840K)->27678K(27840K) Class: 3254K(3456K)->3254K(3456K)
[29.111s][info][gc             ] GC(741) Pause Full (Allocation Failure) 494M->354M(494M) 47.940ms
[29.111s][info][gc,cpu         ] GC(741) User=0.05s Sys=0.00s Real=0.05s
[29.122s][info][gc,start       ] GC(742) Pause Full (Allocation Failure)
[29.122s][info][gc,phases,start] GC(742) Phase 1: Mark live objects
[29.131s][info][gc,phases      ] GC(742) Phase 1: Mark live objects 9.181ms
[29.131s][info][gc,phases,start] GC(742) Phase 2: Compute new object addresses
[29.136s][info][gc,phases      ] GC(742) Phase 2: Compute new object addresses 4.812ms
[29.136s][info][gc,phases,start] GC(742) Phase 3: Adjust pointers
[29.142s][info][gc,phases      ] GC(742) Phase 3: Adjust pointers 5.873ms
[29.142s][info][gc,phases,start] GC(742) Phase 4: Move objects
[29.166s][info][gc,phases      ] GC(742) Phase 4: Move objects 23.897ms
[29.166s][info][gc,heap        ] GC(742) DefNew: 156633K(157248K)->31514K(157248K) Eden: 139776K(139776K)->31514K(139776K) From: 16857K(17472K)->0K(17472K)
[29.166s][info][gc,heap        ] GC(742) Tenured: 349335K(349568K)->349557K(349568K)
[29.166s][info][gc,metaspace   ] GC(742) Metaspace: 30932K(31296K)->30932K(31296K) NonClass: 27678K(27840K)->27678K(27840K) Class: 3254K(3456K)->3254K(3456K)
[29.166s][info][gc             ] GC(742) Pause Full (Allocation Failure) 494M->372M(494M) 44.237ms
[29.166s][info][gc,cpu         ] GC(742) User=0.04s Sys=0.00s Real=0.05s
[29.172s][info][gc,start       ] GC(743) Pause Full (Allocation Failure)
[29.173s][info][gc,phases,start] GC(743) Phase 1: Mark live objects
[29.181s][info][gc,phases      ] GC(743) Phase 1: Mark live objects 8.872ms
[29.181s][info][gc,phases,start] GC(743) Phase 2: Compute new object addresses
[29.186s][info][gc,phases      ] GC(743) Phase 2: Compute new object addresses 4.359ms
[29.186s][info][gc,phases,start] GC(743) Phase 3: Adjust pointers
[29.193s][info][gc,phases      ] GC(743) Phase 3: Adjust pointers 7.397ms
[29.193s][info][gc,phases,start] GC(743) Phase 4: Move objects
[29.222s][info][gc,phases      ] GC(743) Phase 4: Move objects 28.711ms
[29.222s][info][gc,heap        ] GC(743) DefNew: 157007K(157248K)->17506K(157248K) Eden: 139776K(139776K)->17506K(139776K) From: 17231K(17472K)->0K(17472K)
[29.222s][info][gc,heap        ] GC(743) Tenured: 349557K(349568K)->349438K(349568K)
[29.222s][info][gc,metaspace   ] GC(743) Metaspace: 30932K(31296K)->30932K(31296K) NonClass: 27678K(27840K)->27678K(27840K) Class: 3254K(3456K)->3254K(3456K)
[29.222s][info][gc             ] GC(743) Pause Full (Allocation Failure) 494M->358M(494M) 49.803ms
[29.222s][info][gc,cpu         ] GC(743) User=0.05s Sys=0.00s Real=0.05s
[29.233s][info][gc,start       ] GC(744) Pause Full (Allocation Failure)
[29.233s][info][gc,phases,start] GC(744) Phase 1: Mark live objects
[29.242s][info][gc,phases      ] GC(744) Phase 1: Mark live objects 9.267ms
[29.242s][info][gc,phases,start] GC(744) Phase 2: Compute new object addresses
[29.247s][info][gc,phases      ] GC(744) Phase 2: Compute new object addresses 4.694ms
[29.247s][info][gc,phases,start] GC(744) Phase 3: Adjust pointers
[29.253s][info][gc,phases      ] GC(744) Phase 3: Adjust pointers 5.891ms
[29.253s][info][gc,phases,start] GC(744) Phase 4: Move objects
[29.280s][info][gc,phases      ] GC(744) Phase 4: Move objects 26.728ms
[29.280s][info][gc,heap        ] GC(744) DefNew: 156751K(157248K)->29391K(157248K) Eden: 139776K(139776K)->29391K(139776K) From: 16975K(17472K)->0K(17472K)
[29.280s][info][gc,heap        ] GC(744) Tenured: 349438K(349568K)->349333K(349568K)
[29.280s][info][gc,metaspace   ] GC(744) Metaspace: 30942K(31296K)->30942K(31296K) NonClass: 27688K(27840K)->27688K(27840K) Class: 3254K(3456K)->3254K(3456K)
[29.280s][info][gc             ] GC(744) Pause Full (Allocation Failure) 494M->369M(494M) 47.075ms
[29.280s][info][gc,cpu         ] GC(744) User=0.04s Sys=0.00s Real=0.04s
[29.287s][info][gc,start       ] GC(745) Pause Full (Allocation Failure)
[29.287s][info][gc,phases,start] GC(745) Phase 1: Mark live objects
[29.296s][info][gc,phases      ] GC(745) Phase 1: Mark live objects 9.250ms
[29.296s][info][gc,phases,start] GC(745) Phase 2: Compute new object addresses
[29.301s][info][gc,phases      ] GC(745) Phase 2: Compute new object addresses 4.892ms
[29.301s][info][gc,phases,start] GC(745) Phase 3: Adjust pointers
[29.308s][info][gc,phases      ] GC(745) Phase 3: Adjust pointers 6.280ms
[29.308s][info][gc,phases,start] GC(745) Phase 4: Move objects
[29.337s][info][gc,phases      ] GC(745) Phase 4: Move objects 29.632ms
[29.337s][info][gc,heap        ] GC(745) DefNew: 157049K(157248K)->24283K(157248K) Eden: 139776K(139776K)->24283K(139776K) From: 17273K(17472K)->0K(17472K)
[29.337s][info][gc,heap        ] GC(745) Tenured: 349333K(349568K)->349069K(349568K)
[29.337s][info][gc,metaspace   ] GC(745) Metaspace: 30942K(31296K)->30942K(31296K) NonClass: 27688K(27840K)->27688K(27840K) Class: 3254K(3456K)->3254K(3456K)
[29.337s][info][gc             ] GC(745) Pause Full (Allocation Failure) 494M->364M(494M) 50.520ms
[29.337s][info][gc,cpu         ] GC(745) User=0.06s Sys=0.00s Real=0.05s
[29.348s][info][gc,start       ] GC(746) Pause Full (Allocation Failure)
[29.348s][info][gc,phases,start] GC(746) Phase 1: Mark live objects
[29.357s][info][gc,phases      ] GC(746) Phase 1: Mark live objects 8.804ms
[29.357s][info][gc,phases,start] GC(746) Phase 2: Compute new object addresses
[29.361s][info][gc,phases      ] GC(746) Phase 2: Compute new object addresses 4.415ms
[29.361s][info][gc,phases,start] GC(746) Phase 3: Adjust pointers
[29.367s][info][gc,phases      ] GC(746) Phase 3: Adjust pointers 5.535ms
[29.367s][info][gc,phases,start] GC(746) Phase 4: Move objects
[29.393s][info][gc,phases      ] GC(746) Phase 4: Move objects 26.626ms
[29.394s][info][gc,heap        ] GC(746) DefNew: 156592K(157248K)->28297K(157248K) Eden: 139776K(139776K)->28297K(139776K) From: 16816K(17472K)->0K(17472K)
[29.394s][info][gc,heap        ] GC(746) Tenured: 349069K(349568K)->349342K(349568K)
[29.394s][info][gc,metaspace   ] GC(746) Metaspace: 30942K(31296K)->30942K(31296K) NonClass: 27688K(27840K)->27688K(27840K) Class: 3254K(3456K)->3254K(3456K)
[29.394s][info][gc             ] GC(746) Pause Full (Allocation Failure) 493M->368M(494M) 45.842ms
[29.394s][info][gc,cpu         ] GC(746) User=0.04s Sys=0.01s Real=0.05s
[29.401s][info][gc,start       ] GC(747) Pause Full (Allocation Failure)
[29.401s][info][gc,phases,start] GC(747) Phase 1: Mark live objects
[29.411s][info][gc,phases      ] GC(747) Phase 1: Mark live objects 9.890ms
[29.411s][info][gc,phases,start] GC(747) Phase 2: Compute new object addresses
[29.416s][info][gc,phases      ] GC(747) Phase 2: Compute new object addresses 4.988ms
[29.416s][info][gc,phases,start] GC(747) Phase 3: Adjust pointers
[29.423s][info][gc,phases      ] GC(747) Phase 3: Adjust pointers 7.498ms
[29.423s][info][gc,phases,start] GC(747) Phase 4: Move objects
[29.452s][info][gc,phases      ] GC(747) Phase 4: Move objects 28.816ms
[29.452s][info][gc,heap        ] GC(747) DefNew: 157031K(157248K)->13387K(157248K) Eden: 139776K(139776K)->13387K(139776K) From: 17255K(17472K)->0K(17472K)
[29.452s][info][gc,heap        ] GC(747) Tenured: 349342K(349568K)->349424K(349568K)
[29.452s][info][gc,metaspace   ] GC(747) Metaspace: 30942K(31296K)->30942K(31296K) NonClass: 27688K(27840K)->27688K(27840K) Class: 3254K(3456K)->3254K(3456K)
[29.452s][info][gc             ] GC(747) Pause Full (Allocation Failure) 494M->354M(494M) 51.644ms
[29.452s][info][gc,cpu         ] GC(747) User=0.06s Sys=0.00s Real=0.06s
[29.463s][info][gc,start       ] GC(748) Pause Full (Allocation Failure)
[29.463s][info][gc,phases,start] GC(748) Phase 1: Mark live objects
[29.473s][info][gc,phases      ] GC(748) Phase 1: Mark live objects 10.027ms
[29.473s][info][gc,phases,start] GC(748) Phase 2: Compute new object addresses
[29.478s][info][gc,phases      ] GC(748) Phase 2: Compute new object addresses 4.481ms
[29.478s][info][gc,phases,start] GC(748) Phase 3: Adjust pointers
[29.483s][info][gc,phases      ] GC(748) Phase 3: Adjust pointers 5.517ms
[29.483s][info][gc,phases,start] GC(748) Phase 4: Move objects
[29.507s][info][gc,phases      ] GC(748) Phase 4: Move objects 24.242ms
[29.508s][info][gc,heap        ] GC(748) DefNew: 156865K(157248K)->27518K(157248K) Eden: 139776K(139776K)->27518K(139776K) From: 17089K(17472K)->0K(17472K)
[29.508s][info][gc,heap        ] GC(748) Tenured: 349424K(349568K)->349339K(349568K)
[29.508s][info][gc,metaspace   ] GC(748) Metaspace: 30942K(31296K)->30942K(31296K) NonClass: 27688K(27840K)->27688K(27840K) Class: 3254K(3456K)->3254K(3456K)
[29.508s][info][gc             ] GC(748) Pause Full (Allocation Failure) 494M->368M(494M) 44.725ms
[29.508s][info][gc,cpu         ] GC(748) User=0.04s Sys=0.00s Real=0.04s
[29.517s][info][gc,start       ] GC(749) Pause Full (Allocation Failure)
[29.517s][info][gc,phases,start] GC(749) Phase 1: Mark live objects
[29.526s][info][gc,phases      ] GC(749) Phase 1: Mark live objects 9.069ms
[29.526s][info][gc,phases,start] GC(749) Phase 2: Compute new object addresses
[29.530s][info][gc,phases      ] GC(749) Phase 2: Compute new object addresses 4.396ms
[29.530s][info][gc,phases,start] GC(749) Phase 3: Adjust pointers
[29.536s][info][gc,phases      ] GC(749) Phase 3: Adjust pointers 5.783ms
[29.536s][info][gc,phases,start] GC(749) Phase 4: Move objects
[29.563s][info][gc,phases      ] GC(749) Phase 4: Move objects 27.004ms
[29.563s][info][gc,heap        ] GC(749) DefNew: 157121K(157248K)->31734K(157248K) Eden: 139776K(139776K)->31734K(139776K) From: 17345K(17472K)->0K(17472K)
[29.563s][info][gc,heap        ] GC(749) Tenured: 349339K(349568K)->349331K(349568K)
[29.563s][info][gc,metaspace   ] GC(749) Metaspace: 30942K(31296K)->30942K(31296K) NonClass: 27688K(27840K)->27688K(27840K) Class: 3254K(3456K)->3254K(3456K)
[29.564s][info][gc             ] GC(749) Pause Full (Allocation Failure) 494M->372M(494M) 46.702ms
[29.564s][info][gc,cpu         ] GC(749) User=0.05s Sys=0.00s Real=0.05s
[29.574s][info][gc,start       ] GC(750) Pause Full (Allocation Failure)
[29.574s][info][gc,phases,start] GC(750) Phase 1: Mark live objects
[29.583s][info][gc,phases      ] GC(750) Phase 1: Mark live objects 8.856ms
[29.583s][info][gc,phases,start] GC(750) Phase 2: Compute new object addresses
[29.588s][info][gc,phases      ] GC(750) Phase 2: Compute new object addresses 4.464ms
[29.588s][info][gc,phases,start] GC(750) Phase 3: Adjust pointers
[29.594s][info][gc,phases      ] GC(750) Phase 3: Adjust pointers 5.829ms
[29.594s][info][gc,phases,start] GC(750) Phase 4: Move objects
[29.622s][info][gc,phases      ] GC(750) Phase 4: Move objects 28.701ms
[29.623s][info][gc,heap        ] GC(750) DefNew: 157199K(157248K)->8155K(157248K) Eden: 139776K(139776K)->8155K(139776K) From: 17423K(17472K)->0K(17472K)
[29.623s][info][gc,heap        ] GC(750) Tenured: 349331K(349568K)->349323K(349568K)
[29.623s][info][gc,metaspace   ] GC(750) Metaspace: 30942K(31296K)->30942K(31296K) NonClass: 27688K(27840K)->27688K(27840K) Class: 3254K(3456K)->3254K(3456K)
[29.623s][info][gc             ] GC(750) Pause Full (Allocation Failure) 494M->349M(494M) 48.314ms
[29.623s][info][gc,cpu         ] GC(750) User=0.05s Sys=0.00s Real=0.05s
[29.633s][info][gc,start       ] GC(751) Pause Full (Allocation Failure)
[29.633s][info][gc,phases,start] GC(751) Phase 1: Mark live objects
[29.642s][info][gc,phases      ] GC(751) Phase 1: Mark live objects 8.657ms
[29.642s][info][gc,phases,start] GC(751) Phase 2: Compute new object addresses
[29.647s][info][gc,phases      ] GC(751) Phase 2: Compute new object addresses 4.789ms
[29.647s][info][gc,phases,start] GC(751) Phase 3: Adjust pointers
[29.653s][info][gc,phases      ] GC(751) Phase 3: Adjust pointers 5.598ms
[29.653s][info][gc,phases,start] GC(751) Phase 4: Move objects
[29.680s][info][gc,phases      ] GC(751) Phase 4: Move objects 26.933ms
[29.680s][info][gc,heap        ] GC(751) DefNew: 156734K(157248K)->7968K(157248K) Eden: 139776K(139776K)->7968K(139776K) From: 16958K(17472K)->0K(17472K)
[29.680s][info][gc,heap        ] GC(751) Tenured: 349323K(349568K)->349367K(349568K)
[29.680s][info][gc,metaspace   ] GC(751) Metaspace: 30942K(31296K)->30942K(31296K) NonClass: 27688K(27840K)->27688K(27840K) Class: 3254K(3456K)->3254K(3456K)
[29.680s][info][gc             ] GC(751) Pause Full (Allocation Failure) 494M->348M(494M) 46.417ms
[29.680s][info][gc,cpu         ] GC(751) User=0.04s Sys=0.01s Real=0.04s
[29.693s][info][gc,start       ] GC(752) Pause Full (Allocation Failure)
[29.693s][info][gc,phases,start] GC(752) Phase 1: Mark live objects
[29.702s][info][gc,phases      ] GC(752) Phase 1: Mark live objects 9.232ms
[29.702s][info][gc,phases,start] GC(752) Phase 2: Compute new object addresses
[29.707s][info][gc,phases      ] GC(752) Phase 2: Compute new object addresses 4.819ms
[29.707s][info][gc,phases,start] GC(752) Phase 3: Adjust pointers
[29.713s][info][gc,phases      ] GC(752) Phase 3: Adjust pointers 5.592ms
[29.713s][info][gc,phases,start] GC(752) Phase 4: Move objects
[29.737s][info][gc,phases      ] GC(752) Phase 4: Move objects 23.690ms
[29.737s][info][gc,heap        ] GC(752) DefNew: 157248K(157248K)->23156K(157248K) Eden: 139776K(139776K)->23156K(139776K) From: 17472K(17472K)->0K(17472K)
[29.737s][info][gc,heap        ] GC(752) Tenured: 349568K(349568K)->349436K(349568K)
[29.737s][info][gc,metaspace   ] GC(752) Metaspace: 30942K(31296K)->30942K(31296K) NonClass: 27688K(27840K)->27688K(27840K) Class: 3254K(3456K)->3254K(3456K)
[29.737s][info][gc             ] GC(752) Pause Full (Allocation Failure) 494M->363M(494M) 43.783ms
[29.737s][info][gc,cpu         ] GC(752) User=0.05s Sys=0.00s Real=0.04s
[29.743s][info][gc,start       ] GC(753) Pause Full (Allocation Failure)
[29.744s][info][gc,phases,start] GC(753) Phase 1: Mark live objects
[29.753s][info][gc,phases      ] GC(753) Phase 1: Mark live objects 9.186ms
[29.753s][info][gc,phases,start] GC(753) Phase 2: Compute new object addresses
[29.757s][info][gc,phases      ] GC(753) Phase 2: Compute new object addresses 4.443ms
[29.757s][info][gc,phases,start] GC(753) Phase 3: Adjust pointers
[29.763s][info][gc,phases      ] GC(753) Phase 3: Adjust pointers 5.602ms
[29.763s][info][gc,phases,start] GC(753) Phase 4: Move objects
[29.791s][info][gc,phases      ] GC(753) Phase 4: Move objects 28.300ms
[29.791s][info][gc,heap        ] GC(753) DefNew: 156990K(157248K)->11056K(157248K) Eden: 139776K(139776K)->11056K(139776K) From: 17214K(17472K)->0K(17472K)
[29.791s][info][gc,heap        ] GC(753) Tenured: 349436K(349568K)->349349K(349568K)
[29.791s][info][gc,metaspace   ] GC(753) Metaspace: 30942K(31296K)->30942K(31296K) NonClass: 27688K(27840K)->27688K(27840K) Class: 3254K(3456K)->3254K(3456K)
[29.791s][info][gc             ] GC(753) Pause Full (Allocation Failure) 494M->351M(494M) 47.973ms
[29.791s][info][gc,cpu         ] GC(753) User=0.05s Sys=0.00s Real=0.05s
[29.802s][info][gc,start       ] GC(754) Pause Full (Allocation Failure)
[29.802s][info][gc,phases,start] GC(754) Phase 1: Mark live objects
[29.811s][info][gc,phases      ] GC(754) Phase 1: Mark live objects 9.036ms
[29.811s][info][gc,phases,start] GC(754) Phase 2: Compute new object addresses
[29.816s][info][gc,phases      ] GC(754) Phase 2: Compute new object addresses 4.708ms
[29.816s][info][gc,phases,start] GC(754) Phase 3: Adjust pointers
[29.822s][info][gc,phases      ] GC(754) Phase 3: Adjust pointers 5.724ms
[29.822s][info][gc,phases,start] GC(754) Phase 4: Move objects
[29.846s][info][gc,phases      ] GC(754) Phase 4: Move objects 24.198ms
[29.846s][info][gc,heap        ] GC(754) DefNew: 156365K(157248K)->25059K(157248K) Eden: 139776K(139776K)->25059K(139776K) From: 16589K(17472K)->0K(17472K)
[29.846s][info][gc,heap        ] GC(754) Tenured: 349349K(349568K)->349332K(349568K)
[29.846s][info][gc,metaspace   ] GC(754) Metaspace: 30942K(31296K)->30942K(31296K) NonClass: 27688K(27840K)->27688K(27840K) Class: 3254K(3456K)->3254K(3456K)
[29.846s][info][gc             ] GC(754) Pause Full (Allocation Failure) 493M->365M(494M) 44.133ms
[29.846s][info][gc,cpu         ] GC(754) User=0.04s Sys=0.00s Real=0.04s
[29.858s][info][gc,start       ] GC(755) Pause Full (Allocation Failure)
[29.858s][info][gc,phases,start] GC(755) Phase 1: Mark live objects
[29.866s][info][gc,phases      ] GC(755) Phase 1: Mark live objects 8.505ms
[29.866s][info][gc,phases,start] GC(755) Phase 2: Compute new object addresses
[29.871s][info][gc,phases      ] GC(755) Phase 2: Compute new object addresses 4.620ms
[29.871s][info][gc,phases,start] GC(755) Phase 3: Adjust pointers
[29.877s][info][gc,phases      ] GC(755) Phase 3: Adjust pointers 5.839ms
[29.877s][info][gc,phases,start] GC(755) Phase 4: Move objects
[29.905s][info][gc,phases      ] GC(755) Phase 4: Move objects 28.578ms
[29.905s][info][gc,heap        ] GC(755) DefNew: 157138K(157248K)->3594K(157248K) Eden: 139776K(139776K)->3594K(139776K) From: 17362K(17472K)->0K(17472K)
[29.905s][info][gc,heap        ] GC(755) Tenured: 349332K(349568K)->349567K(349568K)
[29.905s][info][gc,metaspace   ] GC(755) Metaspace: 30942K(31296K)->30942K(31296K) NonClass: 27688K(27840K)->27688K(27840K) Class: 3254K(3456K)->3254K(3456K)
[29.905s][info][gc             ] GC(755) Pause Full (Allocation Failure) 494M->344M(494M) 47.970ms
[29.905s][info][gc,cpu         ] GC(755) User=0.05s Sys=0.00s Real=0.05s
[29.916s][info][gc,start       ] GC(756) Pause Full (Allocation Failure)
[29.916s][info][gc,phases,start] GC(756) Phase 1: Mark live objects
[29.925s][info][gc,phases      ] GC(756) Phase 1: Mark live objects 8.573ms
[29.925s][info][gc,phases,start] GC(756) Phase 2: Compute new object addresses
[29.930s][info][gc,phases      ] GC(756) Phase 2: Compute new object addresses 4.588ms
[29.930s][info][gc,phases,start] GC(756) Phase 3: Adjust pointers
[29.935s][info][gc,phases      ] GC(756) Phase 3: Adjust pointers 5.556ms
[29.935s][info][gc,phases,start] GC(756) Phase 4: Move objects
[29.957s][info][gc,phases      ] GC(756) Phase 4: Move objects 21.696ms
[29.957s][info][gc,heap        ] GC(756) DefNew: 156533K(157248K)->18291K(157248K) Eden: 139776K(139776K)->18291K(139776K) From: 16757K(17472K)->0K(17472K)
[29.957s][info][gc,heap        ] GC(756) Tenured: 349567K(349568K)->349426K(349568K)
[29.957s][info][gc,metaspace   ] GC(756) Metaspace: 30942K(31296K)->30942K(31296K) NonClass: 27688K(27840K)->27688K(27840K) Class: 3254K(3456K)->3254K(3456K)
[29.957s][info][gc             ] GC(756) Pause Full (Allocation Failure) 494M->359M(494M) 40.838ms
[29.957s][info][gc,cpu         ] GC(756) User=0.04s Sys=0.00s Real=0.04s
[29.965s][info][gc,start       ] GC(757) Pause Full (Allocation Failure)
[29.965s][info][gc,phases,start] GC(757) Phase 1: Mark live objects
[29.974s][info][gc,phases      ] GC(757) Phase 1: Mark live objects 9.021ms
[29.975s][info][gc,phases,start] GC(757) Phase 2: Compute new object addresses
[29.979s][info][gc,phases      ] GC(757) Phase 2: Compute new object addresses 4.561ms
[29.979s][info][gc,phases,start] GC(757) Phase 3: Adjust pointers
[29.985s][info][gc,phases      ] GC(757) Phase 3: Adjust pointers 5.511ms
[29.985s][info][gc,phases,start] GC(757) Phase 4: Move objects
[30.011s][info][gc,phases      ] GC(757) Phase 4: Move objects 26.207ms
[30.011s][info][gc,heap        ] GC(757) DefNew: 157154K(157248K)->24195K(157248K) Eden: 139776K(139776K)->24195K(139776K) From: 17378K(17472K)->0K(17472K)
[30.011s][info][gc,heap        ] GC(757) Tenured: 349426K(349568K)->348812K(349568K)
[30.011s][info][gc,metaspace   ] GC(757) Metaspace: 30942K(31296K)->30942K(31296K) NonClass: 27688K(27840K)->27688K(27840K) Class: 3254K(3456K)->3254K(3456K)
[30.011s][info][gc             ] GC(757) Pause Full (Allocation Failure) 494M->364M(494M) 45.755ms
[30.011s][info][gc,cpu         ] GC(757) User=0.04s Sys=0.00s Real=0.05s
[30.022s][info][gc,start       ] GC(758) Pause Full (Allocation Failure)
[30.022s][info][gc,phases,start] GC(758) Phase 1: Mark live objects
[30.031s][info][gc,phases      ] GC(758) Phase 1: Mark live objects 8.895ms
[30.031s][info][gc,phases,start] GC(758) Phase 2: Compute new object addresses
[30.036s][info][gc,phases      ] GC(758) Phase 2: Compute new object addresses 4.694ms
[30.036s][info][gc,phases,start] GC(758) Phase 3: Adjust pointers
[30.042s][info][gc,phases      ] GC(758) Phase 3: Adjust pointers 5.743ms
[30.042s][info][gc,phases,start] GC(758) Phase 4: Move objects
[30.070s][info][gc,phases      ] GC(758) Phase 4: Move objects 28.073ms
[30.070s][info][gc,heap        ] GC(758) DefNew: 156848K(157248K)->4102K(157248K) Eden: 139776K(139776K)->4102K(139776K) From: 17072K(17472K)->0K(17472K)
[30.070s][info][gc,heap        ] GC(758) Tenured: 348812K(349568K)->349206K(349568K)
[30.070s][info][gc,metaspace   ] GC(758) Metaspace: 30942K(31296K)->30942K(31296K) NonClass: 27688K(27840K)->27688K(27840K) Class: 3254K(3456K)->3254K(3456K)
[30.070s][info][gc             ] GC(758) Pause Full (Allocation Failure) 493M->345M(494M) 47.831ms
[30.070s][info][gc,cpu         ] GC(758) User=0.05s Sys=0.00s Real=0.04s
[30.078s][info][gc,start       ] GC(759) Pause Full (Allocation Failure)
[30.078s][info][gc,phases,start] GC(759) Phase 1: Mark live objects
[30.087s][info][gc,phases      ] GC(759) Phase 1: Mark live objects 8.692ms
[30.087s][info][gc,phases,start] GC(759) Phase 2: Compute new object addresses
[30.092s][info][gc,phases      ] GC(759) Phase 2: Compute new object addresses 4.630ms
[30.092s][info][gc,phases,start] GC(759) Phase 3: Adjust pointers
[30.097s][info][gc,phases      ] GC(759) Phase 3: Adjust pointers 5.681ms
[30.097s][info][gc,phases,start] GC(759) Phase 4: Move objects
[30.124s][info][gc,phases      ] GC(759) Phase 4: Move objects 26.834ms
[30.124s][info][gc,heap        ] GC(759) DefNew: 156913K(157248K)->8763K(157248K) Eden: 139776K(139776K)->8763K(139776K) From: 17137K(17472K)->0K(17472K)
[30.124s][info][gc,heap        ] GC(759) Tenured: 349206K(349568K)->349360K(349568K)
[30.124s][info][gc,metaspace   ] GC(759) Metaspace: 30942K(31296K)->30942K(31296K) NonClass: 27688K(27840K)->27688K(27840K) Class: 3254K(3456K)->3254K(3456K)
[30.125s][info][gc             ] GC(759) Pause Full (Allocation Failure) 494M->349M(494M) 46.308ms
[30.125s][info][gc,cpu         ] GC(759) User=0.04s Sys=0.00s Real=0.05s
[30.134s][info][gc,start       ] GC(760) Pause Full (Allocation Failure)
[30.134s][info][gc,phases,start] GC(760) Phase 1: Mark live objects
[30.142s][info][gc,phases      ] GC(760) Phase 1: Mark live objects 8.779ms
[30.143s][info][gc,phases,start] GC(760) Phase 2: Compute new object addresses
[30.147s][info][gc,phases      ] GC(760) Phase 2: Compute new object addresses 4.764ms
[30.147s][info][gc,phases,start] GC(760) Phase 3: Adjust pointers
[30.153s][info][gc,phases      ] GC(760) Phase 3: Adjust pointers 5.792ms
[30.153s][info][gc,phases,start] GC(760) Phase 4: Move objects
[30.177s][info][gc,phases      ] GC(760) Phase 4: Move objects 23.382ms
[30.177s][info][gc,heap        ] GC(760) DefNew: 157182K(157248K)->29149K(157248K) Eden: 139776K(139776K)->29149K(139776K) From: 17406K(17472K)->0K(17472K)
[30.177s][info][gc,heap        ] GC(760) Tenured: 349360K(349568K)->349328K(349568K)
[30.177s][info][gc,metaspace   ] GC(760) Metaspace: 30942K(31296K)->30942K(31296K) NonClass: 27688K(27840K)->27688K(27840K) Class: 3254K(3456K)->3254K(3456K)
[30.177s][info][gc             ] GC(760) Pause Full (Allocation Failure) 494M->369M(494M) 43.164ms
[30.177s][info][gc,cpu         ] GC(760) User=0.04s Sys=0.00s Real=0.04s
[30.187s][info][gc,start       ] GC(761) Pause Full (Allocation Failure)
[30.187s][info][gc,phases,start] GC(761) Phase 1: Mark live objects
[30.196s][info][gc,phases      ] GC(761) Phase 1: Mark live objects 8.895ms
[30.196s][info][gc,phases,start] GC(761) Phase 2: Compute new object addresses
[30.200s][info][gc,phases      ] GC(761) Phase 2: Compute new object addresses 4.755ms
[30.200s][info][gc,phases,start] GC(761) Phase 3: Adjust pointers
[30.206s][info][gc,phases      ] GC(761) Phase 3: Adjust pointers 5.657ms
[30.206s][info][gc,phases,start] GC(761) Phase 4: Move objects
[30.232s][info][gc,phases      ] GC(761) Phase 4: Move objects 26.228ms
[30.233s][info][gc,heap        ] GC(761) DefNew: 157042K(157248K)->27270K(157248K) Eden: 139776K(139776K)->27270K(139776K) From: 17266K(17472K)->0K(17472K)
[30.233s][info][gc,heap        ] GC(761) Tenured: 349328K(349568K)->349334K(349568K)
[30.233s][info][gc,metaspace   ] GC(761) Metaspace: 30942K(31296K)->30942K(31296K) NonClass: 27688K(27840K)->27688K(27840K) Class: 3254K(3456K)->3254K(3456K)
[30.233s][info][gc             ] GC(761) Pause Full (Allocation Failure) 494M->367M(494M) 45.991ms
[30.233s][info][gc,cpu         ] GC(761) User=0.04s Sys=0.00s Real=0.05s
[30.244s][info][gc,start       ] GC(762) Pause Full (Allocation Failure)
[30.244s][info][gc,phases,start] GC(762) Phase 1: Mark live objects
[30.253s][info][gc,phases      ] GC(762) Phase 1: Mark live objects 9.275ms
[30.253s][info][gc,phases,start] GC(762) Phase 2: Compute new object addresses
[30.257s][info][gc,phases      ] GC(762) Phase 2: Compute new object addresses 4.526ms
[30.258s][info][gc,phases,start] GC(762) Phase 3: Adjust pointers
[30.263s][info][gc,phases      ] GC(762) Phase 3: Adjust pointers 5.835ms
[30.263s][info][gc,phases,start] GC(762) Phase 4: Move objects
[30.294s][info][gc,phases      ] GC(762) Phase 4: Move objects 30.691ms
[30.294s][info][gc,heap        ] GC(762) DefNew: 157108K(157248K)->19553K(157248K) Eden: 139776K(139776K)->19553K(139776K) From: 17332K(17472K)->0K(17472K)
[30.294s][info][gc,heap        ] GC(762) Tenured: 349334K(349568K)->349562K(349568K)
[30.294s][info][gc,metaspace   ] GC(762) Metaspace: 30943K(31296K)->30943K(31296K) NonClass: 27689K(27840K)->27689K(27840K) Class: 3254K(3456K)->3254K(3456K)
[30.294s][info][gc             ] GC(762) Pause Full (Allocation Failure) 494M->360M(494M) 50.809ms
[30.294s][info][gc,cpu         ] GC(762) User=0.05s Sys=0.00s Real=0.05s
[30.301s][info][gc,start       ] GC(763) Pause Full (Allocation Failure)
[30.301s][info][gc,phases,start] GC(763) Phase 1: Mark live objects
[30.311s][info][gc,phases      ] GC(763) Phase 1: Mark live objects 9.644ms
[30.311s][info][gc,phases,start] GC(763) Phase 2: Compute new object addresses
[30.316s][info][gc,phases      ] GC(763) Phase 2: Compute new object addresses 5.062ms
[30.316s][info][gc,phases,start] GC(763) Phase 3: Adjust pointers
[30.323s][info][gc,phases      ] GC(763) Phase 3: Adjust pointers 6.496ms
[30.323s][info][gc,phases,start] GC(763) Phase 4: Move objects
[30.354s][info][gc,phases      ] GC(763) Phase 4: Move objects 31.066ms
[30.354s][info][gc,heap        ] GC(763) DefNew: 157019K(157248K)->11587K(157248K) Eden: 139776K(139776K)->11587K(139776K) From: 17243K(17472K)->0K(17472K)
[30.354s][info][gc,heap        ] GC(763) Tenured: 349562K(349568K)->349427K(349568K)
[30.354s][info][gc,metaspace   ] GC(763) Metaspace: 30943K(31296K)->30943K(31296K) NonClass: 27689K(27840K)->27689K(27840K) Class: 3254K(3456K)->3254K(3456K)
[30.354s][info][gc             ] GC(763) Pause Full (Allocation Failure) 494M->352M(494M) 52.788ms
[30.354s][info][gc,cpu         ] GC(763) User=0.05s Sys=0.00s Real=0.06s
[30.365s][info][gc,start       ] GC(764) Pause Full (Allocation Failure)
[30.365s][info][gc,phases,start] GC(764) Phase 1: Mark live objects
[30.373s][info][gc,phases      ] GC(764) Phase 1: Mark live objects 8.608ms
[30.373s][info][gc,phases,start] GC(764) Phase 2: Compute new object addresses
[30.378s][info][gc,phases      ] GC(764) Phase 2: Compute new object addresses 4.581ms
[30.378s][info][gc,phases,start] GC(764) Phase 3: Adjust pointers
[30.384s][info][gc,phases      ] GC(764) Phase 3: Adjust pointers 5.719ms
[30.384s][info][gc,phases,start] GC(764) Phase 4: Move objects
[30.408s][info][gc,phases      ] GC(764) Phase 4: Move objects 24.168ms
[30.408s][info][gc,heap        ] GC(764) DefNew: 156391K(157248K)->26008K(157248K) Eden: 139776K(139776K)->26008K(139776K) From: 16615K(17472K)->0K(17472K)
[30.408s][info][gc,heap        ] GC(764) Tenured: 349427K(349568K)->349324K(349568K)
[30.408s][info][gc,metaspace   ] GC(764) Metaspace: 30943K(31296K)->30943K(31296K) NonClass: 27689K(27840K)->27689K(27840K) Class: 3254K(3456K)->3254K(3456K)
[30.408s][info][gc             ] GC(764) Pause Full (Allocation Failure) 493M->366M(494M) 43.489ms
[30.408s][info][gc,cpu         ] GC(764) User=0.04s Sys=0.00s Real=0.04s
[30.417s][info][gc,start       ] GC(765) Pause Young (GCLocker Initiated GC)
[30.417s][info][gc,heap        ] GC(765) DefNew: 157248K(157248K)->157248K(157248K) Eden: 139776K(139776K)->139776K(139776K) From: 17472K(17472K)->17472K(17472K)
[30.417s][info][gc,heap        ] GC(765) Tenured: 349359K(349568K)->349359K(349568K)
[30.417s][info][gc,metaspace   ] GC(765) Metaspace: 30943K(31296K)->30943K(31296K) NonClass: 27689K(27840K)->27689K(27840K) Class: 3254K(3456K)->3254K(3456K)
[30.417s][info][gc             ] GC(765) Pause Young (GCLocker Initiated GC) 494M->494M(494M) 0.065ms
[30.417s][info][gc,cpu         ] GC(765) User=0.00s Sys=0.00s Real=0.00s
[30.417s][info][gc,start       ] GC(766) Pause Full (GCLocker Initiated GC)
[30.417s][info][gc,phases,start] GC(766) Phase 1: Mark live objects
[30.428s][info][gc,phases      ] GC(766) Phase 1: Mark live objects 10.389ms
[30.428s][info][gc,phases,start] GC(766) Phase 2: Compute new object addresses
[30.434s][info][gc,phases      ] GC(766) Phase 2: Compute new object addresses 5.798ms
[30.434s][info][gc,phases,start] GC(766) Phase 3: Adjust pointers
[30.440s][info][gc,phases      ] GC(766) Phase 3: Adjust pointers 6.273ms
[30.440s][info][gc,phases,start] GC(766) Phase 4: Move objects
[30.467s][info][gc,phases      ] GC(766) Phase 4: Move objects 27.147ms
[30.467s][info][gc,heap        ] GC(766) DefNew: 157248K(157248K)->28366K(157248K) Eden: 139776K(139776K)->28366K(139776K) From: 17472K(17472K)->0K(17472K)
[30.467s][info][gc,heap        ] GC(766) Tenured: 349359K(349568K)->349343K(349568K)
[30.467s][info][gc,metaspace   ] GC(766) Metaspace: 30943K(31296K)->30943K(31296K) NonClass: 27689K(27840K)->27689K(27840K) Class: 3254K(3456K)->3254K(3456K)
[30.467s][info][gc             ] GC(766) Pause Full (GCLocker Initiated GC) 494M->368M(494M) 50.006ms
[30.467s][info][gc,cpu         ] GC(766) User=0.05s Sys=0.00s Real=0.05s
[30.478s][info][gc,start       ] GC(767) Pause Full (Allocation Failure)
[30.478s][info][gc,phases,start] GC(767) Phase 1: Mark live objects
[30.487s][info][gc,phases      ] GC(767) Phase 1: Mark live objects 9.133ms
[30.487s][info][gc,phases,start] GC(767) Phase 2: Compute new object addresses
[30.492s][info][gc,phases      ] GC(767) Phase 2: Compute new object addresses 4.623ms
[30.492s][info][gc,phases,start] GC(767) Phase 3: Adjust pointers
[30.498s][info][gc,phases      ] GC(767) Phase 3: Adjust pointers 5.990ms
[30.498s][info][gc,phases,start] GC(767) Phase 4: Move objects
[30.525s][info][gc,phases      ] GC(767) Phase 4: Move objects 27.459ms
[30.526s][info][gc,heap        ] GC(767) DefNew: 156331K(157248K)->24703K(157248K) Eden: 139776K(139776K)->24703K(139776K) From: 16555K(17472K)->0K(17472K)
[30.526s][info][gc,heap        ] GC(767) Tenured: 349343K(349568K)->349333K(349568K)
[30.526s][info][gc,metaspace   ] GC(767) Metaspace: 30943K(31296K)->30943K(31296K) NonClass: 27689K(27840K)->27689K(27840K) Class: 3254K(3456K)->3254K(3456K)
[30.526s][info][gc             ] GC(767) Pause Full (Allocation Failure) 493M->365M(494M) 47.738ms
[30.526s][info][gc,cpu         ] GC(767) User=0.05s Sys=0.00s Real=0.05s
[30.539s][info][gc,start       ] GC(768) Pause Full (Allocation Failure)
[30.539s][info][gc,phases,start] GC(768) Phase 1: Mark live objects
[30.549s][info][gc,phases      ] GC(768) Phase 1: Mark live objects 9.612ms
[30.549s][info][gc,phases,start] GC(768) Phase 2: Compute new object addresses
[30.554s][info][gc,phases      ] GC(768) Phase 2: Compute new object addresses 4.572ms
[30.554s][info][gc,phases,start] GC(768) Phase 3: Adjust pointers
[30.560s][info][gc,phases      ] GC(768) Phase 3: Adjust pointers 5.853ms
[30.560s][info][gc,phases,start] GC(768) Phase 4: Move objects
[30.587s][info][gc,phases      ] GC(768) Phase 4: Move objects 27.489ms
[30.587s][info][gc,heap        ] GC(768) DefNew: 157247K(157248K)->5923K(157248K) Eden: 139776K(139776K)->5923K(139776K) From: 17471K(17472K)->0K(17472K)
[30.587s][info][gc,heap        ] GC(768) Tenured: 349436K(349568K)->349441K(349568K)
[30.587s][info][gc,metaspace   ] GC(768) Metaspace: 30943K(31296K)->30943K(31296K) NonClass: 27689K(27840K)->27689K(27840K) Class: 3254K(3456K)->3254K(3456K)
[30.587s][info][gc             ] GC(768) Pause Full (Allocation Failure) 494M->347M(494M) 47.969ms
[30.587s][info][gc,cpu         ] GC(768) User=0.05s Sys=0.00s Real=0.05s
[30.598s][info][gc,start       ] GC(769) Pause Full (Allocation Failure)
[30.598s][info][gc,phases,start] GC(769) Phase 1: Mark live objects
[30.606s][info][gc,phases      ] GC(769) Phase 1: Mark live objects 8.569ms
[30.606s][info][gc,phases,start] GC(769) Phase 2: Compute new object addresses
[30.611s][info][gc,phases      ] GC(769) Phase 2: Compute new object addresses 4.589ms
[30.611s][info][gc,phases,start] GC(769) Phase 3: Adjust pointers
[30.617s][info][gc,phases      ] GC(769) Phase 3: Adjust pointers 5.605ms
[30.617s][info][gc,phases,start] GC(769) Phase 4: Move objects
[30.640s][info][gc,phases      ] GC(769) Phase 4: Move objects 23.105ms
[30.640s][info][gc,heap        ] GC(769) DefNew: 156322K(157248K)->24462K(157248K) Eden: 139776K(139776K)->24462K(139776K) From: 16546K(17472K)->0K(17472K)
[30.640s][info][gc,heap        ] GC(769) Tenured: 349441K(349568K)->348808K(349568K)
[30.640s][info][gc,metaspace   ] GC(769) Metaspace: 30943K(31296K)->30943K(31296K) NonClass: 27689K(27840K)->27689K(27840K) Class: 3254K(3456K)->3254K(3456K)
[30.640s][info][gc             ] GC(769) Pause Full (Allocation Failure) 493M->364M(494M) 42.290ms
[30.640s][info][gc,cpu         ] GC(769) User=0.05s Sys=0.00s Real=0.04s
[30.647s][info][gc,start       ] GC(770) Pause Young (GCLocker Initiated GC)
[30.647s][info][gc,heap        ] GC(770) DefNew: 157024K(157248K)->157024K(157248K) Eden: 139776K(139776K)->139776K(139776K) From: 17248K(17472K)->17248K(17472K)
[30.647s][info][gc,heap        ] GC(770) Tenured: 349064K(349568K)->349064K(349568K)
[30.647s][info][gc,metaspace   ] GC(770) Metaspace: 30943K(31296K)->30943K(31296K) NonClass: 27689K(27840K)->27689K(27840K) Class: 3254K(3456K)->3254K(3456K)
[30.647s][info][gc             ] GC(770) Pause Young (GCLocker Initiated GC) 494M->494M(494M) 0.075ms
[30.647s][info][gc,cpu         ] GC(770) User=0.00s Sys=0.00s Real=0.00s
[30.647s][info][gc,start       ] GC(771) Pause Full (GCLocker Initiated GC)
[30.647s][info][gc,phases,start] GC(771) Phase 1: Mark live objects
[30.656s][info][gc,phases      ] GC(771) Phase 1: Mark live objects 9.485ms
[30.657s][info][gc,phases,start] GC(771) Phase 2: Compute new object addresses
[30.661s][info][gc,phases      ] GC(771) Phase 2: Compute new object addresses 4.700ms
[30.661s][info][gc,phases,start] GC(771) Phase 3: Adjust pointers
[30.667s][info][gc,phases      ] GC(771) Phase 3: Adjust pointers 6.030ms
[30.667s][info][gc,phases,start] GC(771) Phase 4: Move objects
[30.693s][info][gc,phases      ] GC(771) Phase 4: Move objects 26.021ms
[30.694s][info][gc,heap        ] GC(771) DefNew: 157024K(157248K)->28650K(157248K) Eden: 139776K(139776K)->28650K(139776K) From: 17248K(17472K)->0K(17472K)
[30.694s][info][gc,heap        ] GC(771) Tenured: 349064K(349568K)->349336K(349568K)
[30.694s][info][gc,metaspace   ] GC(771) Metaspace: 30943K(31296K)->30943K(31296K) NonClass: 27689K(27840K)->27689K(27840K) Class: 3254K(3456K)->3254K(3456K)
[30.694s][info][gc             ] GC(771) Pause Full (GCLocker Initiated GC) 494M->369M(494M) 46.650ms
[30.694s][info][gc,cpu         ] GC(771) User=0.05s Sys=0.00s Real=0.05s
[30.702s][info][gc,start       ] GC(772) Pause Full (Allocation Failure)
[30.702s][info][gc,phases,start] GC(772) Phase 1: Mark live objects
[30.711s][info][gc,phases      ] GC(772) Phase 1: Mark live objects 8.610ms
[30.711s][info][gc,phases,start] GC(772) Phase 2: Compute new object addresses
[30.715s][info][gc,phases      ] GC(772) Phase 2: Compute new object addresses 4.205ms
[30.715s][info][gc,phases,start] GC(772) Phase 3: Adjust pointers
[30.721s][info][gc,phases      ] GC(772) Phase 3: Adjust pointers 5.380ms
[30.721s][info][gc,phases,start] GC(772) Phase 4: Move objects
[30.748s][info][gc,phases      ] GC(772) Phase 4: Move objects 26.746ms
[30.748s][info][gc,heap        ] GC(772) DefNew: 157204K(157248K)->27011K(157248K) Eden: 139776K(139776K)->27011K(139776K) From: 17428K(17472K)->0K(17472K)
[30.748s][info][gc,heap        ] GC(772) Tenured: 349336K(349568K)->349339K(349568K)
[30.748s][info][gc,metaspace   ] GC(772) Metaspace: 30943K(31296K)->30943K(31296K) NonClass: 27689K(27840K)->27689K(27840K) Class: 3254K(3456K)->3254K(3456K)
[30.748s][info][gc             ] GC(772) Pause Full (Allocation Failure) 494M->367M(494M) 45.365ms
[30.748s][info][gc,cpu         ] GC(772) User=0.04s Sys=0.00s Real=0.04s
[30.754s][info][gc,start       ] GC(773) Pause Full (Allocation Failure)
[30.754s][info][gc,phases,start] GC(773) Phase 1: Mark live objects
[30.765s][info][gc,phases      ] GC(773) Phase 1: Mark live objects 10.187ms
[30.765s][info][gc,phases,start] GC(773) Phase 2: Compute new object addresses
[30.769s][info][gc,phases      ] GC(773) Phase 2: Compute new object addresses 4.700ms
[30.769s][info][gc,phases,start] GC(773) Phase 3: Adjust pointers
[30.776s][info][gc,phases      ] GC(773) Phase 3: Adjust pointers 6.412ms
[30.776s][info][gc,phases,start] GC(773) Phase 4: Move objects
[30.806s][info][gc,phases      ] GC(773) Phase 4: Move objects 29.985ms
[30.806s][info][gc,heap        ] GC(773) DefNew: 157022K(157248K)->14670K(157248K) Eden: 139776K(139776K)->14670K(139776K) From: 17246K(17472K)->0K(17472K)
[30.806s][info][gc,heap        ] GC(773) Tenured: 349339K(349568K)->349430K(349568K)
[30.806s][info][gc,metaspace   ] GC(773) Metaspace: 30943K(31296K)->30943K(31296K) NonClass: 27689K(27840K)->27689K(27840K) Class: 3254K(3456K)->3254K(3456K)
[30.806s][info][gc             ] GC(773) Pause Full (Allocation Failure) 494M->355M(494M) 51.766ms
[30.806s][info][gc,cpu         ] GC(773) User=0.05s Sys=0.00s Real=0.05s
[30.817s][info][gc,start       ] GC(774) Pause Full (Allocation Failure)
[30.817s][info][gc,phases,start] GC(774) Phase 1: Mark live objects
[30.826s][info][gc,phases      ] GC(774) Phase 1: Mark live objects 9.279ms
[30.826s][info][gc,phases,start] GC(774) Phase 2: Compute new object addresses
[30.831s][info][gc,phases      ] GC(774) Phase 2: Compute new object addresses 4.889ms
[30.831s][info][gc,phases,start] GC(774) Phase 3: Adjust pointers
[30.837s][info][gc,phases      ] GC(774) Phase 3: Adjust pointers 6.024ms
[30.837s][info][gc,phases,start] GC(774) Phase 4: Move objects
[30.861s][info][gc,phases      ] GC(774) Phase 4: Move objects 23.607ms
[30.861s][info][gc,heap        ] GC(774) DefNew: 156882K(157248K)->31905K(157248K) Eden: 139776K(139776K)->31905K(139776K) From: 17106K(17472K)->0K(17472K)
[30.861s][info][gc,heap        ] GC(774) Tenured: 349430K(349568K)->349337K(349568K)
[30.861s][info][gc,metaspace   ] GC(774) Metaspace: 30943K(31296K)->30943K(31296K) NonClass: 27689K(27840K)->27689K(27840K) Class: 3254K(3456K)->3254K(3456K)
[30.861s][info][gc             ] GC(774) Pause Full (Allocation Failure) 494M->372M(494M) 44.352ms
[30.861s][info][gc,cpu         ] GC(774) User=0.05s Sys=0.00s Real=0.04s
[30.871s][info][gc,start       ] GC(775) Pause Full (Allocation Failure)
[30.872s][info][gc,phases,start] GC(775) Phase 1: Mark live objects
[30.881s][info][gc,phases      ] GC(775) Phase 1: Mark live objects 8.966ms
[30.881s][info][gc,phases,start] GC(775) Phase 2: Compute new object addresses
[30.885s][info][gc,phases      ] GC(775) Phase 2: Compute new object addresses 4.403ms
[30.885s][info][gc,phases,start] GC(775) Phase 3: Adjust pointers
[30.891s][info][gc,phases      ] GC(775) Phase 3: Adjust pointers 6.085ms
[30.891s][info][gc,phases,start] GC(775) Phase 4: Move objects
[30.919s][info][gc,phases      ] GC(775) Phase 4: Move objects 27.542ms
[30.919s][info][gc,heap        ] GC(775) DefNew: 156648K(157248K)->28381K(157248K) Eden: 139776K(139776K)->28381K(139776K) From: 16872K(17472K)->0K(17472K)
[30.919s][info][gc,heap        ] GC(775) Tenured: 349337K(349568K)->349348K(349568K)
[30.919s][info][gc,metaspace   ] GC(775) Metaspace: 30943K(31296K)->30943K(31296K) NonClass: 27689K(27840K)->27689K(27840K) Class: 3254K(3456K)->3254K(3456K)
[30.919s][info][gc             ] GC(775) Pause Full (Allocation Failure) 494M->368M(494M) 47.770ms
[30.919s][info][gc,cpu         ] GC(775) User=0.05s Sys=0.00s Real=0.04s
[30.929s][info][gc,start       ] GC(776) Pause Full (Allocation Failure)
[30.929s][info][gc,phases,start] GC(776) Phase 1: Mark live objects
[30.938s][info][gc,phases      ] GC(776) Phase 1: Mark live objects 8.592ms
[30.938s][info][gc,phases,start] GC(776) Phase 2: Compute new object addresses
[30.942s][info][gc,phases      ] GC(776) Phase 2: Compute new object addresses 4.587ms
[30.942s][info][gc,phases,start] GC(776) Phase 3: Adjust pointers
[30.948s][info][gc,phases      ] GC(776) Phase 3: Adjust pointers 5.476ms
[30.948s][info][gc,phases,start] GC(776) Phase 4: Move objects
[30.976s][info][gc,phases      ] GC(776) Phase 4: Move objects 28.536ms
[30.977s][info][gc,heap        ] GC(776) DefNew: 157204K(157248K)->12357K(157248K) Eden: 139776K(139776K)->12357K(139776K) From: 17428K(17472K)->0K(17472K)
[30.977s][info][gc,heap        ] GC(776) Tenured: 349348K(349568K)->349349K(349568K)
[30.977s][info][gc,metaspace   ] GC(776) Metaspace: 30943K(31296K)->30943K(31296K) NonClass: 27689K(27840K)->27689K(27840K) Class: 3254K(3456K)->3254K(3456K)
[30.977s][info][gc             ] GC(776) Pause Full (Allocation Failure) 494M->353M(494M) 47.611ms
[30.977s][info][gc,cpu         ] GC(776) User=0.04s Sys=0.00s Real=0.05s
[30.986s][info][gc,start       ] GC(777) Pause Full (Allocation Failure)
[30.986s][info][gc,phases,start] GC(777) Phase 1: Mark live objects
[30.995s][info][gc,phases      ] GC(777) Phase 1: Mark live objects 9.138ms
[30.995s][info][gc,phases,start] GC(777) Phase 2: Compute new object addresses
[31.000s][info][gc,phases      ] GC(777) Phase 2: Compute new object addresses 4.901ms
[31.000s][info][gc,phases,start] GC(777) Phase 3: Adjust pointers
[31.006s][info][gc,phases      ] GC(777) Phase 3: Adjust pointers 5.974ms
[31.006s][info][gc,phases,start] GC(777) Phase 4: Move objects
[31.035s][info][gc,phases      ] GC(777) Phase 4: Move objects 28.620ms
[31.035s][info][gc,heap        ] GC(777) DefNew: 156979K(157248K)->12893K(157248K) Eden: 139776K(139776K)->12893K(139776K) From: 17203K(17472K)->0K(17472K)
[31.035s][info][gc,heap        ] GC(777) Tenured: 349349K(349568K)->349431K(349568K)
[31.035s][info][gc,metaspace   ] GC(777) Metaspace: 30943K(31296K)->30943K(31296K) NonClass: 27689K(27840K)->27689K(27840K) Class: 3254K(3456K)->3254K(3456K)
[31.035s][info][gc             ] GC(777) Pause Full (Allocation Failure) 494M->353M(494M) 49.057ms
[31.035s][info][gc,cpu         ] GC(777) User=0.05s Sys=0.00s Real=0.05s
[31.045s][info][gc,start       ] GC(778) Pause Full (Allocation Failure)
[31.045s][info][gc,phases,start] GC(778) Phase 1: Mark live objects
[31.054s][info][gc,phases      ] GC(778) Phase 1: Mark live objects 8.873ms
[31.054s][info][gc,phases,start] GC(778) Phase 2: Compute new object addresses
[31.059s][info][gc,phases      ] GC(778) Phase 2: Compute new object addresses 4.858ms
[31.059s][info][gc,phases,start] GC(778) Phase 3: Adjust pointers
[31.065s][info][gc,phases      ] GC(778) Phase 3: Adjust pointers 5.936ms
[31.065s][info][gc,phases,start] GC(778) Phase 4: Move objects
[31.085s][info][gc,phases      ] GC(778) Phase 4: Move objects 20.543ms
[31.086s][info][gc,heap        ] GC(778) DefNew: 157125K(157248K)->33482K(157248K) Eden: 139776K(139776K)->33482K(139776K) From: 17349K(17472K)->0K(17472K)
[31.086s][info][gc,heap        ] GC(778) Tenured: 349431K(349568K)->349349K(349568K)
[31.086s][info][gc,metaspace   ] GC(778) Metaspace: 30943K(31296K)->30943K(31296K) NonClass: 27689K(27840K)->27689K(27840K) Class: 3254K(3456K)->3254K(3456K)
[31.086s][info][gc             ] GC(778) Pause Full (Allocation Failure) 494M->373M(494M) 40.687ms
[31.086s][info][gc,cpu         ] GC(778) User=0.04s Sys=0.00s Real=0.04s
[31.093s][info][gc,start       ] GC(779) Pause Full (Allocation Failure)
[31.093s][info][gc,phases,start] GC(779) Phase 1: Mark live objects
[31.102s][info][gc,phases      ] GC(779) Phase 1: Mark live objects 8.868ms
[31.102s][info][gc,phases,start] GC(779) Phase 2: Compute new object addresses
[31.107s][info][gc,phases      ] GC(779) Phase 2: Compute new object addresses 4.674ms
[31.107s][info][gc,phases,start] GC(779) Phase 3: Adjust pointers
[31.113s][info][gc,phases      ] GC(779) Phase 3: Adjust pointers 5.729ms
[31.113s][info][gc,phases,start] GC(779) Phase 4: Move objects
[31.140s][info][gc,phases      ] GC(779) Phase 4: Move objects 27.566ms
[31.140s][info][gc,heap        ] GC(779) DefNew: 157137K(157248K)->33516K(157248K) Eden: 139776K(139776K)->33516K(139776K) From: 17361K(17472K)->0K(17472K)
[31.140s][info][gc,heap        ] GC(779) Tenured: 349349K(349568K)->349345K(349568K)
[31.140s][info][gc,metaspace   ] GC(779) Metaspace: 30943K(31296K)->30943K(31296K) NonClass: 27689K(27840K)->27689K(27840K) Class: 3254K(3456K)->3254K(3456K)
[31.140s][info][gc             ] GC(779) Pause Full (Allocation Failure) 494M->373M(494M) 47.308ms
[31.140s][info][gc,cpu         ] GC(779) User=0.05s Sys=0.00s Real=0.04s
[31.153s][info][gc,start       ] GC(780) Pause Full (Allocation Failure)
[31.153s][info][gc,phases,start] GC(780) Phase 1: Mark live objects
[31.162s][info][gc,phases      ] GC(780) Phase 1: Mark live objects 8.615ms
[31.162s][info][gc,phases,start] GC(780) Phase 2: Compute new object addresses
[31.166s][info][gc,phases      ] GC(780) Phase 2: Compute new object addresses 4.380ms
[31.166s][info][gc,phases,start] GC(780) Phase 3: Adjust pointers
[31.172s][info][gc,phases      ] GC(780) Phase 3: Adjust pointers 5.654ms
[31.172s][info][gc,phases,start] GC(780) Phase 4: Move objects
[31.200s][info][gc,phases      ] GC(780) Phase 4: Move objects 27.888ms
[31.200s][info][gc,heap        ] GC(780) DefNew: 156842K(157248K)->11319K(157248K) Eden: 139776K(139776K)->11319K(139776K) From: 17066K(17472K)->0K(17472K)
[31.200s][info][gc,heap        ] GC(780) Tenured: 349345K(349568K)->349367K(349568K)
[31.200s][info][gc,metaspace   ] GC(780) Metaspace: 30943K(31296K)->30943K(31296K) NonClass: 27689K(27840K)->27689K(27840K) Class: 3254K(3456K)->3254K(3456K)
[31.200s][info][gc             ] GC(780) Pause Full (Allocation Failure) 494M->352M(494M) 46.942ms
[31.200s][info][gc,cpu         ] GC(780) User=0.05s Sys=0.00s Real=0.04s
[31.211s][info][gc,start       ] GC(781) Pause Full (Allocation Failure)
[31.211s][info][gc,phases,start] GC(781) Phase 1: Mark live objects
[31.220s][info][gc,phases      ] GC(781) Phase 1: Mark live objects 9.239ms
[31.220s][info][gc,phases,start] GC(781) Phase 2: Compute new object addresses
[31.225s][info][gc,phases      ] GC(781) Phase 2: Compute new object addresses 4.809ms
[31.225s][info][gc,phases,start] GC(781) Phase 3: Adjust pointers
[31.231s][info][gc,phases      ] GC(781) Phase 3: Adjust pointers 5.874ms
[31.231s][info][gc,phases,start] GC(781) Phase 4: Move objects
[31.258s][info][gc,phases      ] GC(781) Phase 4: Move objects 27.081ms
[31.258s][info][gc,heap        ] GC(781) DefNew: 157121K(157248K)->11062K(157248K) Eden: 139776K(139776K)->11062K(139776K) From: 17345K(17472K)->0K(17472K)
[31.258s][info][gc,heap        ] GC(781) Tenured: 349367K(349568K)->349456K(349568K)
[31.258s][info][gc,metaspace   ] GC(781) Metaspace: 30943K(31296K)->30943K(31296K) NonClass: 27689K(27840K)->27689K(27840K) Class: 3254K(3456K)->3254K(3456K)
[31.258s][info][gc             ] GC(781) Pause Full (Allocation Failure) 494M->352M(494M) 47.504ms
[31.258s][info][gc,cpu         ] GC(781) User=0.05s Sys=0.00s Real=0.04s
[31.269s][info][gc,start       ] GC(782) Pause Full (Allocation Failure)
[31.269s][info][gc,phases,start] GC(782) Phase 1: Mark live objects
[31.278s][info][gc,phases      ] GC(782) Phase 1: Mark live objects 8.895ms
[31.278s][info][gc,phases,start] GC(782) Phase 2: Compute new object addresses
[31.283s][info][gc,phases      ] GC(782) Phase 2: Compute new object addresses 4.937ms
[31.283s][info][gc,phases,start] GC(782) Phase 3: Adjust pointers
[31.290s][info][gc,phases      ] GC(782) Phase 3: Adjust pointers 6.616ms
[31.290s][info][gc,phases,start] GC(782) Phase 4: Move objects
[31.310s][info][gc,phases      ] GC(782) Phase 4: Move objects 20.470ms
[31.311s][info][gc,heap        ] GC(782) DefNew: 156562K(157248K)->29580K(157248K) Eden: 139776K(139776K)->29580K(139776K) From: 16786K(17472K)->0K(17472K)
[31.311s][info][gc,heap        ] GC(782) Tenured: 349456K(349568K)->349353K(349568K)
[31.311s][info][gc,metaspace   ] GC(782) Metaspace: 30945K(31296K)->30945K(31296K) NonClass: 27691K(27840K)->27691K(27840K) Class: 3254K(3456K)->3254K(3456K)
[31.311s][info][gc             ] GC(782) Pause Full (Allocation Failure) 494M->370M(494M) 41.358ms
[31.311s][info][gc,cpu         ] GC(782) User=0.04s Sys=0.00s Real=0.05s
[31.323s][info][gc,start       ] GC(783) Pause Full (Allocation Failure)
[31.324s][info][gc,phases,start] GC(783) Phase 1: Mark live objects
[31.334s][info][gc,phases      ] GC(783) Phase 1: Mark live objects 9.986ms
[31.334s][info][gc,phases,start] GC(783) Phase 2: Compute new object addresses
[31.340s][info][gc,phases      ] GC(783) Phase 2: Compute new object addresses 5.948ms
[31.340s][info][gc,phases,start] GC(783) Phase 3: Adjust pointers
[31.347s][info][gc,phases      ] GC(783) Phase 3: Adjust pointers 7.273ms
[31.347s][info][gc,phases,start] GC(783) Phase 4: Move objects
[31.374s][info][gc,phases      ] GC(783) Phase 4: Move objects 27.039ms
[31.374s][info][gc,heap        ] GC(783) DefNew: 156527K(157248K)->30734K(157248K) Eden: 139776K(139776K)->30734K(139776K) From: 16751K(17472K)->0K(17472K)
[31.374s][info][gc,heap        ] GC(783) Tenured: 349353K(349568K)->349321K(349568K)
[31.374s][info][gc,metaspace   ] GC(783) Metaspace: 30945K(31296K)->30945K(31296K) NonClass: 27691K(27840K)->27691K(27840K) Class: 3254K(3456K)->3254K(3456K)
[31.374s][info][gc             ] GC(783) Pause Full (Allocation Failure) 494M->371M(494M) 50.772ms
[31.374s][info][gc,cpu         ] GC(783) User=0.05s Sys=0.00s Real=0.05s
[31.385s][info][gc,start       ] GC(784) Pause Full (Allocation Failure)
[31.385s][info][gc,phases,start] GC(784) Phase 1: Mark live objects
[31.394s][info][gc,phases      ] GC(784) Phase 1: Mark live objects 9.021ms
[31.394s][info][gc,phases,start] GC(784) Phase 2: Compute new object addresses
[31.398s][info][gc,phases      ] GC(784) Phase 2: Compute new object addresses 4.449ms
[31.398s][info][gc,phases,start] GC(784) Phase 3: Adjust pointers
[31.404s][info][gc,phases      ] GC(784) Phase 3: Adjust pointers 5.764ms
[31.404s][info][gc,phases,start] GC(784) Phase 4: Move objects
[31.434s][info][gc,phases      ] GC(784) Phase 4: Move objects 29.875ms
[31.434s][info][gc,heap        ] GC(784) DefNew: 156645K(157248K)->28317K(157248K) Eden: 139776K(139776K)->28317K(139776K) From: 16869K(17472K)->0K(17472K)
[31.434s][info][gc,heap        ] GC(784) Tenured: 349321K(349568K)->349349K(349568K)
[31.434s][info][gc,metaspace   ] GC(784) Metaspace: 30945K(31296K)->30945K(31296K) NonClass: 27691K(27840K)->27691K(27840K) Class: 3254K(3456K)->3254K(3456K)
[31.434s][info][gc             ] GC(784) Pause Full (Allocation Failure) 494M->368M(494M) 49.597ms
[31.434s][info][gc,cpu         ] GC(784) User=0.05s Sys=0.00s Real=0.05s
[31.445s][info][gc,start       ] GC(785) Pause Full (Allocation Failure)
[31.445s][info][gc,phases,start] GC(785) Phase 1: Mark live objects
[31.453s][info][gc,phases      ] GC(785) Phase 1: Mark live objects 8.531ms
[31.453s][info][gc,phases,start] GC(785) Phase 2: Compute new object addresses
[31.458s][info][gc,phases      ] GC(785) Phase 2: Compute new object addresses 4.498ms
[31.458s][info][gc,phases,start] GC(785) Phase 3: Adjust pointers
[31.463s][info][gc,phases      ] GC(785) Phase 3: Adjust pointers 5.588ms
[31.463s][info][gc,phases,start] GC(785) Phase 4: Move objects
[31.492s][info][gc,phases      ] GC(785) Phase 4: Move objects 28.429ms
[31.492s][info][gc,heap        ] GC(785) DefNew: 157244K(157248K)->10821K(157248K) Eden: 139776K(139776K)->10821K(139776K) From: 17468K(17472K)->0K(17472K)
[31.492s][info][gc,heap        ] GC(785) Tenured: 349349K(349568K)->349444K(349568K)
[31.492s][info][gc,metaspace   ] GC(785) Metaspace: 30945K(31296K)->30945K(31296K) NonClass: 27691K(27840K)->27691K(27840K) Class: 3254K(3456K)->3254K(3456K)
[31.492s][info][gc             ] GC(785) Pause Full (Allocation Failure) 494M->351M(494M) 47.528ms
[31.492s][info][gc,cpu         ] GC(785) User=0.05s Sys=0.00s Real=0.05s
[31.500s][info][gc,start       ] GC(786) Pause Full (Allocation Failure)
[31.500s][info][gc,phases,start] GC(786) Phase 1: Mark live objects
[31.509s][info][gc,phases      ] GC(786) Phase 1: Mark live objects 9.208ms
[31.509s][info][gc,phases,start] GC(786) Phase 2: Compute new object addresses
[31.514s][info][gc,phases      ] GC(786) Phase 2: Compute new object addresses 4.572ms
[31.514s][info][gc,phases,start] GC(786) Phase 3: Adjust pointers
[31.520s][info][gc,phases      ] GC(786) Phase 3: Adjust pointers 5.839ms
[31.520s][info][gc,phases,start] GC(786) Phase 4: Move objects
[31.524s][info][gc,phases      ] GC(786) Phase 4: Move objects 3.928ms
[31.524s][info][gc,heap        ] GC(786) DefNew: 157125K(157248K)->35987K(157248K) Eden: 139776K(139776K)->35987K(139776K) From: 17349K(17472K)->0K(17472K)
[31.524s][info][gc,heap        ] GC(786) Tenured: 349444K(349568K)->349340K(349568K)
[31.524s][info][gc,metaspace   ] GC(786) Metaspace: 30945K(31296K)->30945K(31296K) NonClass: 27691K(27840K)->27691K(27840K) Class: 3254K(3456K)->3254K(3456K)
[31.524s][info][gc             ] GC(786) Pause Full (Allocation Failure) 494M->376M(494M) 23.937ms
[31.524s][info][gc,cpu         ] GC(786) User=0.02s Sys=0.00s Real=0.03s
[31.535s][info][gc,start       ] GC(787) Pause Full (Allocation Failure)
[31.535s][info][gc,phases,start] GC(787) Phase 1: Mark live objects
[31.543s][info][gc,phases      ] GC(787) Phase 1: Mark live objects 8.342ms
[31.543s][info][gc,phases,start] GC(787) Phase 2: Compute new object addresses
[31.548s][info][gc,phases      ] GC(787) Phase 2: Compute new object addresses 4.454ms
[31.548s][info][gc,phases,start] GC(787) Phase 3: Adjust pointers
[31.553s][info][gc,phases      ] GC(787) Phase 3: Adjust pointers 5.825ms
[31.553s][info][gc,phases,start] GC(787) Phase 4: Move objects
[31.580s][info][gc,phases      ] GC(787) Phase 4: Move objects 26.931ms
[31.581s][info][gc,heap        ] GC(787) DefNew: 156770K(157248K)->31992K(157248K) Eden: 139776K(139776K)->31992K(139776K) From: 16994K(17472K)->0K(17472K)
[31.581s][info][gc,heap        ] GC(787) Tenured: 349340K(349568K)->349350K(349568K)
[31.581s][info][gc,metaspace   ] GC(787) Metaspace: 30945K(31296K)->30945K(31296K) NonClass: 27691K(27840K)->27691K(27840K) Class: 3254K(3456K)->3254K(3456K)
[31.581s][info][gc             ] GC(787) Pause Full (Allocation Failure) 494M->372M(494M) 46.000ms
[31.581s][info][gc,cpu         ] GC(787) User=0.04s Sys=0.00s Real=0.04s
[31.587s][info][gc,start       ] GC(788) Pause Full (Allocation Failure)
[31.587s][info][gc,phases,start] GC(788) Phase 1: Mark live objects
[31.596s][info][gc,phases      ] GC(788) Phase 1: Mark live objects 8.926ms
[31.596s][info][gc,phases,start] GC(788) Phase 2: Compute new object addresses
[31.601s][info][gc,phases      ] GC(788) Phase 2: Compute new object addresses 4.357ms
[31.601s][info][gc,phases,start] GC(788) Phase 3: Adjust pointers
[31.606s][info][gc,phases      ] GC(788) Phase 3: Adjust pointers 5.562ms
[31.606s][info][gc,phases,start] GC(788) Phase 4: Move objects
[31.632s][info][gc,phases      ] GC(788) Phase 4: Move objects 26.173ms
[31.633s][info][gc,heap        ] GC(788) DefNew: 157046K(157248K)->36243K(157248K) Eden: 139776K(139776K)->36243K(139776K) From: 17270K(17472K)->0K(17472K)
[31.633s][info][gc,heap        ] GC(788) Tenured: 349350K(349568K)->349353K(349568K)
[31.633s][info][gc,metaspace   ] GC(788) Metaspace: 30945K(31296K)->30945K(31296K) NonClass: 27691K(27840K)->27691K(27840K) Class: 3254K(3456K)->3254K(3456K)
[31.633s][info][gc             ] GC(788) Pause Full (Allocation Failure) 494M->376M(494M) 45.504ms
[31.633s][info][gc,cpu         ] GC(788) User=0.05s Sys=0.00s Real=0.05s
[31.642s][info][gc,start       ] GC(789) Pause Full (Allocation Failure)
[31.642s][info][gc,phases,start] GC(789) Phase 1: Mark live objects
[31.651s][info][gc,phases      ] GC(789) Phase 1: Mark live objects 8.950ms
[31.651s][info][gc,phases,start] GC(789) Phase 2: Compute new object addresses
[31.656s][info][gc,phases      ] GC(789) Phase 2: Compute new object addresses 4.403ms
[31.656s][info][gc,phases,start] GC(789) Phase 3: Adjust pointers
[31.661s][info][gc,phases      ] GC(789) Phase 3: Adjust pointers 5.511ms
[31.661s][info][gc,phases,start] GC(789) Phase 4: Move objects
[31.691s][info][gc,phases      ] GC(789) Phase 4: Move objects 29.889ms
[31.691s][info][gc,heap        ] GC(789) DefNew: 157171K(157248K)->17115K(157248K) Eden: 139776K(139776K)->17115K(139776K) From: 17395K(17472K)->0K(17472K)
[31.691s][info][gc,heap        ] GC(789) Tenured: 349353K(349568K)->349567K(349568K)
[31.691s][info][gc,metaspace   ] GC(789) Metaspace: 30945K(31296K)->30945K(31296K) NonClass: 27691K(27840K)->27691K(27840K) Class: 3254K(3456K)->3254K(3456K)
[31.691s][info][gc             ] GC(789) Pause Full (Allocation Failure) 494M->358M(494M) 49.166ms
[31.691s][info][gc,cpu         ] GC(789) User=0.05s Sys=0.00s Real=0.05s
[31.701s][info][gc,start       ] GC(790) Pause Full (Allocation Failure)
[31.701s][info][gc,phases,start] GC(790) Phase 1: Mark live objects
[31.710s][info][gc,phases      ] GC(790) Phase 1: Mark live objects 9.111ms
[31.710s][info][gc,phases,start] GC(790) Phase 2: Compute new object addresses
[31.715s][info][gc,phases      ] GC(790) Phase 2: Compute new object addresses 4.696ms
[31.715s][info][gc,phases,start] GC(790) Phase 3: Adjust pointers
[31.721s][info][gc,phases      ] GC(790) Phase 3: Adjust pointers 6.021ms
[31.721s][info][gc,phases,start] GC(790) Phase 4: Move objects
[31.742s][info][gc,phases      ] GC(790) Phase 4: Move objects 20.761ms
[31.742s][info][gc,heap        ] GC(790) DefNew: 157039K(157248K)->36244K(157248K) Eden: 139776K(139776K)->36244K(139776K) From: 17263K(17472K)->0K(17472K)
[31.742s][info][gc,heap        ] GC(790) Tenured: 349567K(349568K)->349349K(349568K)
[31.742s][info][gc,metaspace   ] GC(790) Metaspace: 30945K(31296K)->30945K(31296K) NonClass: 27691K(27840K)->27691K(27840K) Class: 3254K(3456K)->3254K(3456K)
[31.742s][info][gc             ] GC(790) Pause Full (Allocation Failure) 494M->376M(494M) 41.119ms
[31.742s][info][gc,cpu         ] GC(790) User=0.04s Sys=0.00s Real=0.05s
[31.752s][info][gc,start       ] GC(791) Pause Full (Allocation Failure)
[31.752s][info][gc,phases,start] GC(791) Phase 1: Mark live objects
[31.761s][info][gc,phases      ] GC(791) Phase 1: Mark live objects 8.926ms
[31.761s][info][gc,phases,start] GC(791) Phase 2: Compute new object addresses
[31.765s][info][gc,phases      ] GC(791) Phase 2: Compute new object addresses 4.695ms
[31.765s][info][gc,phases,start] GC(791) Phase 3: Adjust pointers
[31.772s][info][gc,phases      ] GC(791) Phase 3: Adjust pointers 6.258ms
[31.772s][info][gc,phases,start] GC(791) Phase 4: Move objects
[31.801s][info][gc,phases      ] GC(791) Phase 4: Move objects 28.933ms
[31.801s][info][gc,heap        ] GC(791) DefNew: 156873K(157248K)->34544K(157248K) Eden: 139776K(139776K)->34544K(139776K) From: 17097K(17472K)->0K(17472K)
[31.801s][info][gc,heap        ] GC(791) Tenured: 349349K(349568K)->349345K(349568K)
[31.801s][info][gc,metaspace   ] GC(791) Metaspace: 30945K(31296K)->30945K(31296K) NonClass: 27691K(27840K)->27691K(27840K) Class: 3254K(3456K)->3254K(3456K)
[31.801s][info][gc             ] GC(791) Pause Full (Allocation Failure) 494M->374M(494M) 49.285ms
[31.801s][info][gc,cpu         ] GC(791) User=0.05s Sys=0.00s Real=0.04s
[31.812s][info][gc,start       ] GC(792) Pause Full (Allocation Failure)
[31.812s][info][gc,phases,start] GC(792) Phase 1: Mark live objects
[31.822s][info][gc,phases      ] GC(792) Phase 1: Mark live objects 10.299ms
[31.822s][info][gc,phases,start] GC(792) Phase 2: Compute new object addresses
[31.826s][info][gc,phases      ] GC(792) Phase 2: Compute new object addresses 4.475ms
[31.826s][info][gc,phases,start] GC(792) Phase 3: Adjust pointers
[31.832s][info][gc,phases      ] GC(792) Phase 3: Adjust pointers 5.715ms
[31.832s][info][gc,phases,start] GC(792) Phase 4: Move objects
[31.859s][info][gc,phases      ] GC(792) Phase 4: Move objects 26.492ms
[31.859s][info][gc,heap        ] GC(792) DefNew: 156458K(157248K)->28833K(157248K) Eden: 139776K(139776K)->28833K(139776K) From: 16682K(17472K)->0K(17472K)
[31.859s][info][gc,heap        ] GC(792) Tenured: 349345K(349568K)->349353K(349568K)
[31.859s][info][gc,metaspace   ] GC(792) Metaspace: 30945K(31296K)->30945K(31296K) NonClass: 27691K(27840K)->27691K(27840K) Class: 3254K(3456K)->3254K(3456K)
[31.859s][info][gc             ] GC(792) Pause Full (Allocation Failure) 493M->369M(494M) 47.417ms
[31.859s][info][gc,cpu         ] GC(792) User=0.05s Sys=0.00s Real=0.04s
[31.866s][info][gc,start       ] GC(793) Pause Full (Allocation Failure)
[31.866s][info][gc,phases,start] GC(793) Phase 1: Mark live objects
[31.875s][info][gc,phases      ] GC(793) Phase 1: Mark live objects 9.323ms
[31.875s][info][gc,phases,start] GC(793) Phase 2: Compute new object addresses
[31.879s][info][gc,phases      ] GC(793) Phase 2: Compute new object addresses 4.472ms
[31.879s][info][gc,phases,start] GC(793) Phase 3: Adjust pointers
[31.885s][info][gc,phases      ] GC(793) Phase 3: Adjust pointers 5.898ms
[31.885s][info][gc,phases,start] GC(793) Phase 4: Move objects
[31.915s][info][gc,phases      ] GC(793) Phase 4: Move objects 29.868ms
[31.915s][info][gc,heap        ] GC(793) DefNew: 157111K(157248K)->19129K(157248K) Eden: 139776K(139776K)->19129K(139776K) From: 17335K(17472K)->0K(17472K)
[31.915s][info][gc,heap        ] GC(793) Tenured: 349353K(349568K)->349343K(349568K)
[31.915s][info][gc,metaspace   ] GC(793) Metaspace: 30945K(31296K)->30945K(31296K) NonClass: 27691K(27840K)->27691K(27840K) Class: 3254K(3456K)->3254K(3456K)
[31.916s][info][gc             ] GC(793) Pause Full (Allocation Failure) 494M->359M(494M) 49.993ms
[31.916s][info][gc,cpu         ] GC(793) User=0.05s Sys=0.00s Real=0.05s
[31.926s][info][gc,start       ] GC(794) Pause Full (Allocation Failure)
[31.926s][info][gc,phases,start] GC(794) Phase 1: Mark live objects
[31.934s][info][gc,phases      ] GC(794) Phase 1: Mark live objects 8.395ms
[31.934s][info][gc,phases,start] GC(794) Phase 2: Compute new object addresses
[31.939s][info][gc,phases      ] GC(794) Phase 2: Compute new object addresses 4.467ms
[31.939s][info][gc,phases,start] GC(794) Phase 3: Adjust pointers
[31.945s][info][gc,phases      ] GC(794) Phase 3: Adjust pointers 5.655ms
[31.945s][info][gc,phases,start] GC(794) Phase 4: Move objects
[31.968s][info][gc,phases      ] GC(794) Phase 4: Move objects 23.236ms
[31.968s][info][gc,heap        ] GC(794) DefNew: 156859K(157248K)->33004K(157248K) Eden: 139776K(139776K)->33004K(139776K) From: 17083K(17472K)->0K(17472K)
[31.968s][info][gc,heap        ] GC(794) Tenured: 349343K(349568K)->349345K(349568K)
[31.968s][info][gc,metaspace   ] GC(794) Metaspace: 30945K(31296K)->30945K(31296K) NonClass: 27691K(27840K)->27691K(27840K) Class: 3254K(3456K)->3254K(3456K)
[31.968s][info][gc             ] GC(794) Pause Full (Allocation Failure) 494M->373M(494M) 42.252ms
[31.968s][info][gc,cpu         ] GC(794) User=0.05s Sys=0.00s Real=0.04s
[31.978s][info][gc,start       ] GC(795) Pause Full (Allocation Failure)
[31.978s][info][gc,phases,start] GC(795) Phase 1: Mark live objects
[31.987s][info][gc,phases      ] GC(795) Phase 1: Mark live objects 8.847ms
[31.987s][info][gc,phases,start] GC(795) Phase 2: Compute new object addresses
[31.992s][info][gc,phases      ] GC(795) Phase 2: Compute new object addresses 4.861ms
[31.992s][info][gc,phases,start] GC(795) Phase 3: Adjust pointers
[31.998s][info][gc,phases      ] GC(795) Phase 3: Adjust pointers 6.334ms
[31.998s][info][gc,phases,start] GC(795) Phase 4: Move objects
[32.027s][info][gc,phases      ] GC(795) Phase 4: Move objects 28.714ms
[32.027s][info][gc,heap        ] GC(795) DefNew: 157119K(157248K)->32520K(157248K) Eden: 139776K(139776K)->32520K(139776K) From: 17343K(17472K)->0K(17472K)
[32.027s][info][gc,heap        ] GC(795) Tenured: 349345K(349568K)->349565K(349568K)
[32.027s][info][gc,metaspace   ] GC(795) Metaspace: 30945K(31296K)->30945K(31296K) NonClass: 27691K(27840K)->27691K(27840K) Class: 3254K(3456K)->3254K(3456K)
[32.027s][info][gc             ] GC(795) Pause Full (Allocation Failure) 494M->373M(494M) 49.208ms
[32.027s][info][gc,cpu         ] GC(795) User=0.04s Sys=0.00s Real=0.05s
[32.038s][info][gc,start       ] GC(796) Pause Full (Allocation Failure)
[32.038s][info][gc,phases,start] GC(796) Phase 1: Mark live objects
[32.047s][info][gc,phases      ] GC(796) Phase 1: Mark live objects 9.446ms
[32.047s][info][gc,phases,start] GC(796) Phase 2: Compute new object addresses
[32.052s][info][gc,phases      ] GC(796) Phase 2: Compute new object addresses 4.419ms
[32.052s][info][gc,phases,start] GC(796) Phase 3: Adjust pointers
[32.058s][info][gc,phases      ] GC(796) Phase 3: Adjust pointers 6.731ms
[32.058s][info][gc,phases,start] GC(796) Phase 4: Move objects
[32.093s][info][gc,phases      ] GC(796) Phase 4: Move objects 34.063ms
[32.093s][info][gc,heap        ] GC(796) DefNew: 156419K(157248K)->19568K(157248K) Eden: 139775K(139776K)->19568K(139776K) From: 16643K(17472K)->0K(17472K)
[32.093s][info][gc,heap        ] GC(796) Tenured: 349565K(349568K)->349442K(349568K)
[32.093s][info][gc,metaspace   ] GC(796) Metaspace: 30945K(31296K)->30945K(31296K) NonClass: 27691K(27840K)->27691K(27840K) Class: 3254K(3456K)->3254K(3456K)
[32.093s][info][gc             ] GC(796) Pause Full (Allocation Failure) 494M->360M(494M) 55.164ms
[32.093s][info][gc,cpu         ] GC(796) User=0.06s Sys=0.00s Real=0.06s
[32.104s][info][gc,start       ] GC(797) Pause Full (Allocation Failure)
[32.104s][info][gc,phases,start] GC(797) Phase 1: Mark live objects
[32.113s][info][gc,phases      ] GC(797) Phase 1: Mark live objects 9.179ms
[32.113s][info][gc,phases,start] GC(797) Phase 2: Compute new object addresses
[32.118s][info][gc,phases      ] GC(797) Phase 2: Compute new object addresses 5.568ms
[32.118s][info][gc,phases,start] GC(797) Phase 3: Adjust pointers
[32.126s][info][gc,phases      ] GC(797) Phase 3: Adjust pointers 7.368ms
[32.126s][info][gc,phases,start] GC(797) Phase 4: Move objects
[32.157s][info][gc,phases      ] GC(797) Phase 4: Move objects 30.894ms
[32.157s][info][gc,heap        ] GC(797) DefNew: 156372K(157248K)->11823K(157248K) Eden: 139776K(139776K)->11823K(139776K) From: 16596K(17472K)->0K(17472K)
[32.157s][info][gc,heap        ] GC(797) Tenured: 349442K(349568K)->349379K(349568K)
[32.157s][info][gc,metaspace   ] GC(797) Metaspace: 30945K(31296K)->30945K(31296K) NonClass: 27691K(27840K)->27691K(27840K) Class: 3254K(3456K)->3254K(3456K)
[32.157s][info][gc             ] GC(797) Pause Full (Allocation Failure) 493M->352M(494M) 53.533ms
[32.157s][info][gc,cpu         ] GC(797) User=0.05s Sys=0.01s Real=0.05s
[32.168s][info][gc,start       ] GC(798) Pause Full (Allocation Failure)
[32.168s][info][gc,phases,start] GC(798) Phase 1: Mark live objects
[32.177s][info][gc,phases      ] GC(798) Phase 1: Mark live objects 9.279ms
[32.177s][info][gc,phases,start] GC(798) Phase 2: Compute new object addresses
[32.182s][info][gc,phases      ] GC(798) Phase 2: Compute new object addresses 4.956ms
[32.182s][info][gc,phases,start] GC(798) Phase 3: Adjust pointers
[32.189s][info][gc,phases      ] GC(798) Phase 3: Adjust pointers 6.540ms
[32.189s][info][gc,phases,start] GC(798) Phase 4: Move objects
[32.208s][info][gc,phases      ] GC(798) Phase 4: Move objects 19.220ms
[32.208s][info][gc,heap        ] GC(798) DefNew: 157089K(157248K)->35319K(157248K) Eden: 139776K(139776K)->35319K(139776K) From: 17313K(17472K)->0K(17472K)
[32.208s][info][gc,heap        ] GC(798) Tenured: 349379K(349568K)->349340K(349568K)
[32.208s][info][gc,metaspace   ] GC(798) Metaspace: 30945K(31296K)->30945K(31296K) NonClass: 27691K(27840K)->27691K(27840K) Class: 3254K(3456K)->3254K(3456K)
[32.208s][info][gc             ] GC(798) Pause Full (Allocation Failure) 494M->375M(494M) 40.460ms
[32.208s][info][gc,cpu         ] GC(798) User=0.04s Sys=0.00s Real=0.04s
[32.215s][info][gc,start       ] GC(799) Pause Full (Allocation Failure)
[32.215s][info][gc,phases,start] GC(799) Phase 1: Mark live objects
[32.225s][info][gc,phases      ] GC(799) Phase 1: Mark live objects 9.629ms
[32.225s][info][gc,phases,start] GC(799) Phase 2: Compute new object addresses
[32.229s][info][gc,phases      ] GC(799) Phase 2: Compute new object addresses 4.202ms
[32.229s][info][gc,phases,start] GC(799) Phase 3: Adjust pointers
[32.235s][info][gc,phases      ] GC(799) Phase 3: Adjust pointers 5.713ms
[32.235s][info][gc,phases,start] GC(799) Phase 4: Move objects
[32.264s][info][gc,phases      ] GC(799) Phase 4: Move objects 28.711ms
[32.264s][info][gc,heap        ] GC(799) DefNew: 157179K(157248K)->36248K(157248K) Eden: 139776K(139776K)->36248K(139776K) From: 17403K(17472K)->0K(17472K)
[32.264s][info][gc,heap        ] GC(799) Tenured: 349340K(349568K)->349349K(349568K)
[32.264s][info][gc,metaspace   ] GC(799) Metaspace: 30945K(31296K)->30945K(31296K) NonClass: 27691K(27840K)->27691K(27840K) Class: 3254K(3456K)->3254K(3456K)
[32.264s][info][gc             ] GC(799) Pause Full (Allocation Failure) 494M->376M(494M) 48.689ms
[32.264s][info][gc,cpu         ] GC(799) User=0.05s Sys=0.00s Real=0.05s
[32.274s][info][gc,start       ] GC(800) Pause Full (Allocation Failure)
[32.274s][info][gc,phases,start] GC(800) Phase 1: Mark live objects
[32.284s][info][gc,phases      ] GC(800) Phase 1: Mark live objects 9.710ms
[32.284s][info][gc,phases,start] GC(800) Phase 2: Compute new object addresses
[32.290s][info][gc,phases      ] GC(800) Phase 2: Compute new object addresses 5.289ms
[32.290s][info][gc,phases,start] GC(800) Phase 3: Adjust pointers
[32.302s][info][gc,phases      ] GC(800) Phase 3: Adjust pointers 12.670ms
[32.302s][info][gc,phases,start] GC(800) Phase 4: Move objects
[32.341s][info][gc,phases      ] GC(800) Phase 4: Move objects 38.905ms
[32.341s][info][gc,heap        ] GC(800) DefNew: 156520K(157248K)->31980K(157248K) Eden: 139776K(139776K)->31980K(139776K) From: 16744K(17472K)->0K(17472K)
[32.341s][info][gc,heap        ] GC(800) Tenured: 349349K(349568K)->349349K(349568K)
[32.341s][info][gc,metaspace   ] GC(800) Metaspace: 30947K(31296K)->30947K(31296K) NonClass: 27693K(27840K)->27693K(27840K) Class: 3254K(3456K)->3254K(3456K)
[32.342s][info][gc             ] GC(800) Pause Full (Allocation Failure) 494M->372M(494M) 67.101ms
[32.342s][info][gc,cpu         ] GC(800) User=0.07s Sys=0.00s Real=0.06s
[32.351s][info][gc,start       ] GC(801) Pause Full (Allocation Failure)
[32.351s][info][gc,phases,start] GC(801) Phase 1: Mark live objects
[32.361s][info][gc,phases      ] GC(801) Phase 1: Mark live objects 9.575ms
[32.361s][info][gc,phases,start] GC(801) Phase 2: Compute new object addresses
[32.366s][info][gc,phases      ] GC(801) Phase 2: Compute new object addresses 4.963ms
[32.366s][info][gc,phases,start] GC(801) Phase 3: Adjust pointers
[32.374s][info][gc,phases      ] GC(801) Phase 3: Adjust pointers 7.727ms
[32.374s][info][gc,phases,start] GC(801) Phase 4: Move objects
[32.407s][info][gc,phases      ] GC(801) Phase 4: Move objects 33.109ms
[32.407s][info][gc,heap        ] GC(801) DefNew: 157248K(157248K)->16981K(157248K) Eden: 139776K(139776K)->16981K(139776K) From: 17472K(17472K)->0K(17472K)
[32.407s][info][gc,heap        ] GC(801) Tenured: 349367K(349568K)->349347K(349568K)
[32.407s][info][gc,metaspace   ] GC(801) Metaspace: 30947K(31296K)->30947K(31296K) NonClass: 27693K(27840K)->27693K(27840K) Class: 3254K(3456K)->3254K(3456K)
[32.407s][info][gc             ] GC(801) Pause Full (Allocation Failure) 494M->357M(494M) 55.909ms
[32.407s][info][gc,cpu         ] GC(801) User=0.06s Sys=0.00s Real=0.05s
[32.418s][info][gc,start       ] GC(802) Pause Full (Allocation Failure)
[32.418s][info][gc,phases,start] GC(802) Phase 1: Mark live objects
[32.427s][info][gc,phases      ] GC(802) Phase 1: Mark live objects 8.969ms
[32.427s][info][gc,phases,start] GC(802) Phase 2: Compute new object addresses
[32.431s][info][gc,phases      ] GC(802) Phase 2: Compute new object addresses 4.704ms
[32.431s][info][gc,phases,start] GC(802) Phase 3: Adjust pointers
[32.438s][info][gc,phases      ] GC(802) Phase 3: Adjust pointers 6.604ms
[32.438s][info][gc,phases,start] GC(802) Phase 4: Move objects
[32.460s][info][gc,phases      ] GC(802) Phase 4: Move objects 21.613ms
[32.460s][info][gc,heap        ] GC(802) DefNew: 156351K(157248K)->35068K(157248K) Eden: 139776K(139776K)->35068K(139776K) From: 16575K(17472K)->0K(17472K)
[32.460s][info][gc,heap        ] GC(802) Tenured: 349347K(349568K)->349339K(349568K)
[32.460s][info][gc,metaspace   ] GC(802) Metaspace: 30947K(31296K)->30947K(31296K) NonClass: 27693K(27840K)->27693K(27840K) Class: 3254K(3456K)->3254K(3456K)
[32.460s][info][gc             ] GC(802) Pause Full (Allocation Failure) 493M->375M(494M) 42.414ms
[32.460s][info][gc,cpu         ] GC(802) User=0.05s Sys=0.00s Real=0.04s
[32.471s][info][gc,start       ] GC(803) Pause Full (Allocation Failure)
[32.471s][info][gc,phases,start] GC(803) Phase 1: Mark live objects
[32.482s][info][gc,phases      ] GC(803) Phase 1: Mark live objects 10.411ms
[32.482s][info][gc,phases,start] GC(803) Phase 2: Compute new object addresses
[32.486s][info][gc,phases      ] GC(803) Phase 2: Compute new object addresses 4.723ms
[32.487s][info][gc,phases,start] GC(803) Phase 3: Adjust pointers
[32.494s][info][gc,phases      ] GC(803) Phase 3: Adjust pointers 7.314ms
[32.494s][info][gc,phases,start] GC(803) Phase 4: Move objects
[32.524s][info][gc,phases      ] GC(803) Phase 4: Move objects 30.492ms
[32.525s][info][gc,heap        ] GC(803) DefNew: 156469K(157248K)->26763K(157248K) Eden: 139776K(139776K)->26763K(139776K) From: 16693K(17472K)->0K(17472K)
[32.525s][info][gc,heap        ] GC(803) Tenured: 349339K(349568K)->349349K(349568K)
[32.525s][info][gc,metaspace   ] GC(803) Metaspace: 30947K(31296K)->30947K(31296K) NonClass: 27693K(27840K)->27693K(27840K) Class: 3254K(3456K)->3254K(3456K)
[32.525s][info][gc             ] GC(803) Pause Full (Allocation Failure) 493M->367M(494M) 53.429ms
[32.525s][info][gc,cpu         ] GC(803) User=0.05s Sys=0.00s Real=0.05s
[32.536s][info][gc,start       ] GC(804) Pause Full (Allocation Failure)
[32.536s][info][gc,phases,start] GC(804) Phase 1: Mark live objects
[32.546s][info][gc,phases      ] GC(804) Phase 1: Mark live objects 10.184ms
[32.546s][info][gc,phases,start] GC(804) Phase 2: Compute new object addresses
[32.551s][info][gc,phases      ] GC(804) Phase 2: Compute new object addresses 5.334ms
[32.551s][info][gc,phases,start] GC(804) Phase 3: Adjust pointers
[32.558s][info][gc,phases      ] GC(804) Phase 3: Adjust pointers 6.386ms
[32.558s][info][gc,phases,start] GC(804) Phase 4: Move objects
[32.586s][info][gc,phases      ] GC(804) Phase 4: Move objects 28.464ms
[32.586s][info][gc,heap        ] GC(804) DefNew: 156785K(157248K)->28167K(157248K) Eden: 139776K(139776K)->28167K(139776K) From: 17009K(17472K)->0K(17472K)
[32.586s][info][gc,heap        ] GC(804) Tenured: 349349K(349568K)->349313K(349568K)
[32.586s][info][gc,metaspace   ] GC(804) Metaspace: 30947K(31296K)->30947K(31296K) NonClass: 27693K(27840K)->27693K(27840K) Class: 3254K(3456K)->3254K(3456K)
[32.587s][info][gc             ] GC(804) Pause Full (Allocation Failure) 494M->368M(494M) 50.816ms
[32.587s][info][gc,cpu         ] GC(804) User=0.05s Sys=0.00s Real=0.05s
[32.597s][info][gc,start       ] GC(805) Pause Full (Allocation Failure)
[32.597s][info][gc,phases,start] GC(805) Phase 1: Mark live objects
[32.608s][info][gc,phases      ] GC(805) Phase 1: Mark live objects 10.515ms
[32.608s][info][gc,phases,start] GC(805) Phase 2: Compute new object addresses
[32.612s][info][gc,phases      ] GC(805) Phase 2: Compute new object addresses 4.493ms
[32.612s][info][gc,phases,start] GC(805) Phase 3: Adjust pointers
[32.619s][info][gc,phases      ] GC(805) Phase 3: Adjust pointers 6.240ms
[32.619s][info][gc,phases,start] GC(805) Phase 4: Move objects
[32.647s][info][gc,phases      ] GC(805) Phase 4: Move objects 28.690ms
[32.648s][info][gc,heap        ] GC(805) DefNew: 157108K(157248K)->11328K(157248K) Eden: 139776K(139776K)->11328K(139776K) From: 17332K(17472K)->0K(17472K)
[32.648s][info][gc,heap        ] GC(805) Tenured: 349313K(349568K)->349473K(349568K)
[32.648s][info][gc,metaspace   ] GC(805) Metaspace: 30947K(31296K)->30947K(31296K) NonClass: 27693K(27840K)->27693K(27840K) Class: 3254K(3456K)->3254K(3456K)
[32.648s][info][gc             ] GC(805) Pause Full (Allocation Failure) 494M->352M(494M) 50.410ms
[32.648s][info][gc,cpu         ] GC(805) User=0.05s Sys=0.00s Real=0.05s
[32.658s][info][gc,start       ] GC(806) Pause Full (Allocation Failure)
[32.658s][info][gc,phases,start] GC(806) Phase 1: Mark live objects
[32.667s][info][gc,phases      ] GC(806) Phase 1: Mark live objects 8.579ms
[32.667s][info][gc,phases,start] GC(806) Phase 2: Compute new object addresses
[32.672s][info][gc,phases      ] GC(806) Phase 2: Compute new object addresses 4.833ms
[32.672s][info][gc,phases,start] GC(806) Phase 3: Adjust pointers
[32.678s][info][gc,phases      ] GC(806) Phase 3: Adjust pointers 5.711ms
[32.678s][info][gc,phases,start] GC(806) Phase 4: Move objects
[32.700s][info][gc,phases      ] GC(806) Phase 4: Move objects 22.526ms
[32.700s][info][gc,heap        ] GC(806) DefNew: 157059K(157248K)->27786K(157248K) Eden: 139776K(139776K)->27786K(139776K) From: 17283K(17472K)->0K(17472K)
[32.700s][info][gc,heap        ] GC(806) Tenured: 349473K(349568K)->349343K(349568K)
[32.700s][info][gc,metaspace   ] GC(806) Metaspace: 30947K(31296K)->30947K(31296K) NonClass: 27693K(27840K)->27693K(27840K) Class: 3254K(3456K)->3254K(3456K)
[32.700s][info][gc             ] GC(806) Pause Full (Allocation Failure) 494M->368M(494M) 42.111ms
[32.700s][info][gc,cpu         ] GC(806) User=0.04s Sys=0.00s Real=0.04s
[32.711s][info][gc,start       ] GC(807) Pause Full (Allocation Failure)
[32.711s][info][gc,phases,start] GC(807) Phase 1: Mark live objects
[32.721s][info][gc,phases      ] GC(807) Phase 1: Mark live objects 10.411ms
[32.721s][info][gc,phases,start] GC(807) Phase 2: Compute new object addresses
[32.726s][info][gc,phases      ] GC(807) Phase 2: Compute new object addresses 4.480ms
[32.726s][info][gc,phases,start] GC(807) Phase 3: Adjust pointers
[32.732s][info][gc,phases      ] GC(807) Phase 3: Adjust pointers 6.032ms
[32.732s][info][gc,phases,start] GC(807) Phase 4: Move objects
[32.759s][info][gc,phases      ] GC(807) Phase 4: Move objects 26.898ms
[32.759s][info][gc,heap        ] GC(807) DefNew: 156955K(157248K)->26339K(157248K) Eden: 139776K(139776K)->26339K(139776K) From: 17179K(17472K)->0K(17472K)
[32.759s][info][gc,heap        ] GC(807) Tenured: 349343K(349568K)->349345K(349568K)
[32.759s][info][gc,metaspace   ] GC(807) Metaspace: 30947K(31296K)->30947K(31296K) NonClass: 27693K(27840K)->27693K(27840K) Class: 3254K(3456K)->3254K(3456K)
[32.759s][info][gc             ] GC(807) Pause Full (Allocation Failure) 494M->366M(494M) 48.289ms
[32.759s][info][gc,cpu         ] GC(807) User=0.05s Sys=0.00s Real=0.04s
[32.770s][info][gc,start       ] GC(808) Pause Full (Allocation Failure)
[32.770s][info][gc,phases,start] GC(808) Phase 1: Mark live objects
[32.779s][info][gc,phases      ] GC(808) Phase 1: Mark live objects 8.709ms
[32.779s][info][gc,phases,start] GC(808) Phase 2: Compute new object addresses
[32.783s][info][gc,phases      ] GC(808) Phase 2: Compute new object addresses 4.443ms
[32.783s][info][gc,phases,start] GC(808) Phase 3: Adjust pointers
[32.789s][info][gc,phases      ] GC(808) Phase 3: Adjust pointers 5.624ms
[32.789s][info][gc,phases,start] GC(808) Phase 4: Move objects
[32.817s][info][gc,phases      ] GC(808) Phase 4: Move objects 28.197ms
[32.817s][info][gc,heap        ] GC(808) DefNew: 156895K(157248K)->9011K(157248K) Eden: 139776K(139776K)->9011K(139776K) From: 17119K(17472K)->0K(17472K)
[32.817s][info][gc,heap        ] GC(808) Tenured: 349345K(349568K)->349358K(349568K)
[32.817s][info][gc,metaspace   ] GC(808) Metaspace: 30947K(31296K)->30947K(31296K) NonClass: 27693K(27840K)->27693K(27840K) Class: 3254K(3456K)->3254K(3456K)
[32.817s][info][gc             ] GC(808) Pause Full (Allocation Failure) 494M->349M(494M) 47.446ms
[32.817s][info][gc,cpu         ] GC(808) User=0.05s Sys=0.00s Real=0.05s
[32.825s][info][gc,start       ] GC(809) Pause Full (Allocation Failure)
[32.825s][info][gc,phases,start] GC(809) Phase 1: Mark live objects
[32.835s][info][gc,phases      ] GC(809) Phase 1: Mark live objects 9.991ms
[32.835s][info][gc,phases,start] GC(809) Phase 2: Compute new object addresses
[32.840s][info][gc,phases      ] GC(809) Phase 2: Compute new object addresses 5.025ms
[32.840s][info][gc,phases,start] GC(809) Phase 3: Adjust pointers
[32.846s][info][gc,phases      ] GC(809) Phase 3: Adjust pointers 6.167ms
[32.846s][info][gc,phases,start] GC(809) Phase 4: Move objects
[32.873s][info][gc,phases      ] GC(809) Phase 4: Move objects 26.872ms
[32.873s][info][gc,heap        ] GC(809) DefNew: 157015K(157248K)->14923K(157248K) Eden: 139776K(139776K)->14923K(139776K) From: 17239K(17472K)->0K(17472K)
[32.873s][info][gc,heap        ] GC(809) Tenured: 349358K(349568K)->349433K(349568K)
[32.873s][info][gc,metaspace   ] GC(809) Metaspace: 30947K(31296K)->30947K(31296K) NonClass: 27693K(27840K)->27693K(27840K) Class: 3254K(3456K)->3254K(3456K)
[32.873s][info][gc             ] GC(809) Pause Full (Allocation Failure) 494M->355M(494M) 48.534ms
[32.873s][info][gc,cpu         ] GC(809) User=0.05s Sys=0.00s Real=0.05s
[32.884s][info][gc,start       ] GC(810) Pause Full (Allocation Failure)
[32.884s][info][gc,phases,start] GC(810) Phase 1: Mark live objects
[32.894s][info][gc,phases      ] GC(810) Phase 1: Mark live objects 9.566ms
[32.894s][info][gc,phases,start] GC(810) Phase 2: Compute new object addresses
[32.898s][info][gc,phases      ] GC(810) Phase 2: Compute new object addresses 4.671ms
[32.898s][info][gc,phases,start] GC(810) Phase 3: Adjust pointers
[32.905s][info][gc,phases      ] GC(810) Phase 3: Adjust pointers 6.287ms
[32.905s][info][gc,phases,start] GC(810) Phase 4: Move objects
[32.926s][info][gc,phases      ] GC(810) Phase 4: Move objects 21.037ms
[32.926s][info][gc,heap        ] GC(810) DefNew: 156845K(157248K)->29071K(157248K) Eden: 139776K(139776K)->29071K(139776K) From: 17069K(17472K)->0K(17472K)
[32.926s][info][gc,heap        ] GC(810) Tenured: 349433K(349568K)->349345K(349568K)
[32.926s][info][gc,metaspace   ] GC(810) Metaspace: 30947K(31296K)->30947K(31296K) NonClass: 27693K(27840K)->27693K(27840K) Class: 3254K(3456K)->3254K(3456K)
[32.926s][info][gc             ] GC(810) Pause Full (Allocation Failure) 494M->369M(494M) 42.006ms
[32.926s][info][gc,cpu         ] GC(810) User=0.04s Sys=0.00s Real=0.04s
[32.937s][info][gc,start       ] GC(811) Pause Full (Allocation Failure)
[32.937s][info][gc,phases,start] GC(811) Phase 1: Mark live objects
[32.946s][info][gc,phases      ] GC(811) Phase 1: Mark live objects 9.096ms
[32.946s][info][gc,phases,start] GC(811) Phase 2: Compute new object addresses
[32.950s][info][gc,phases      ] GC(811) Phase 2: Compute new object addresses 4.536ms
[32.950s][info][gc,phases,start] GC(811) Phase 3: Adjust pointers
[32.957s][info][gc,phases      ] GC(811) Phase 3: Adjust pointers 6.046ms
[32.957s][info][gc,phases,start] GC(811) Phase 4: Move objects
[32.983s][info][gc,phases      ] GC(811) Phase 4: Move objects 26.210ms
[32.983s][info][gc,heap        ] GC(811) DefNew: 157209K(157248K)->29453K(157248K) Eden: 139776K(139776K)->29453K(139776K) From: 17433K(17472K)->0K(17472K)
[32.983s][info][gc,heap        ] GC(811) Tenured: 349345K(349568K)->349563K(349568K)
[32.983s][info][gc,metaspace   ] GC(811) Metaspace: 30947K(31296K)->30947K(31296K) NonClass: 27693K(27840K)->27693K(27840K) Class: 3254K(3456K)->3254K(3456K)
[32.983s][info][gc             ] GC(811) Pause Full (Allocation Failure) 494M->370M(494M) 46.324ms
[32.983s][info][gc,cpu         ] GC(811) User=0.05s Sys=0.00s Real=0.05s
[32.991s][info][gc,start       ] GC(812) Pause Full (Allocation Failure)
[32.991s][info][gc,phases,start] GC(812) Phase 1: Mark live objects
[33.001s][info][gc,phases      ] GC(812) Phase 1: Mark live objects 9.928ms
[33.001s][info][gc,phases,start] GC(812) Phase 2: Compute new object addresses
[33.006s][info][gc,phases      ] GC(812) Phase 2: Compute new object addresses 4.698ms
[33.006s][info][gc,phases,start] GC(812) Phase 3: Adjust pointers
[33.012s][info][gc,phases      ] GC(812) Phase 3: Adjust pointers 6.023ms
[33.012s][info][gc,phases,start] GC(812) Phase 4: Move objects
[33.040s][info][gc,phases      ] GC(812) Phase 4: Move objects 27.298ms
[33.040s][info][gc,heap        ] GC(812) DefNew: 156986K(157248K)->16971K(157248K) Eden: 139776K(139776K)->16971K(139776K) From: 17210K(17472K)->0K(17472K)
[33.040s][info][gc,heap        ] GC(812) Tenured: 349563K(349568K)->349352K(349568K)
[33.040s][info][gc,metaspace   ] GC(812) Metaspace: 30947K(31296K)->30947K(31296K) NonClass: 27693K(27840K)->27693K(27840K) Class: 3254K(3456K)->3254K(3456K)
[33.040s][info][gc             ] GC(812) Pause Full (Allocation Failure) 494M->357M(494M) 48.402ms
[33.040s][info][gc,cpu         ] GC(812) User=0.05s Sys=0.00s Real=0.04s
[33.046s][info][gc,start       ] GC(813) Pause Full (Allocation Failure)
[33.046s][info][gc,phases,start] GC(813) Phase 1: Mark live objects
[33.056s][info][gc,phases      ] GC(813) Phase 1: Mark live objects 9.210ms
[33.056s][info][gc,phases,start] GC(813) Phase 2: Compute new object addresses
[33.061s][info][gc,phases      ] GC(813) Phase 2: Compute new object addresses 4.785ms
[33.061s][info][gc,phases,start] GC(813) Phase 3: Adjust pointers
[33.067s][info][gc,phases      ] GC(813) Phase 3: Adjust pointers 6.645ms
[33.067s][info][gc,phases,start] GC(813) Phase 4: Move objects
[33.095s][info][gc,phases      ] GC(813) Phase 4: Move objects 28.104ms
[33.096s][info][gc,heap        ] GC(813) DefNew: 157012K(157248K)->13132K(157248K) Eden: 139776K(139776K)->13132K(139776K) From: 17236K(17472K)->0K(17472K)
[33.096s][info][gc,heap        ] GC(813) Tenured: 349352K(349568K)->349431K(349568K)
[33.096s][info][gc,metaspace   ] GC(813) Metaspace: 30947K(31296K)->30947K(31296K) NonClass: 27693K(27840K)->27693K(27840K) Class: 3254K(3456K)->3254K(3456K)
[33.096s][info][gc             ] GC(813) Pause Full (Allocation Failure) 494M->354M(494M) 49.202ms
[33.096s][info][gc,cpu         ] GC(813) User=0.05s Sys=0.00s Real=0.05s
[33.104s][info][gc,start       ] GC(814) Pause Full (Allocation Failure)
[33.104s][info][gc,phases,start] GC(814) Phase 1: Mark live objects
[33.115s][info][gc,phases      ] GC(814) Phase 1: Mark live objects 11.369ms
[33.115s][info][gc,phases,start] GC(814) Phase 2: Compute new object addresses
[33.120s][info][gc,phases      ] GC(814) Phase 2: Compute new object addresses 4.470ms
[33.120s][info][gc,phases,start] GC(814) Phase 3: Adjust pointers
[33.126s][info][gc,phases      ] GC(814) Phase 3: Adjust pointers 5.894ms
[33.126s][info][gc,phases,start] GC(814) Phase 4: Move objects
[33.145s][info][gc,phases      ] GC(814) Phase 4: Move objects 18.898ms
[33.145s][info][gc,heap        ] GC(814) DefNew: 156832K(157248K)->33419K(157248K) Eden: 139776K(139776K)->33419K(139776K) From: 17056K(17472K)->0K(17472K)
[33.145s][info][gc,heap        ] GC(814) Tenured: 349431K(349568K)->349344K(349568K)
[33.145s][info][gc,metaspace   ] GC(814) Metaspace: 30947K(31296K)->30947K(31296K) NonClass: 27693K(27840K)->27693K(27840K) Class: 3254K(3456K)->3254K(3456K)
[33.145s][info][gc             ] GC(814) Pause Full (Allocation Failure) 494M->373M(494M) 41.163ms
[33.145s][info][gc,cpu         ] GC(814) User=0.04s Sys=0.00s Real=0.04s
[33.156s][info][gc,start       ] GC(815) Pause Full (Allocation Failure)
[33.156s][info][gc,phases,start] GC(815) Phase 1: Mark live objects
[33.164s][info][gc,phases      ] GC(815) Phase 1: Mark live objects 8.579ms
[33.164s][info][gc,phases,start] GC(815) Phase 2: Compute new object addresses
[33.169s][info][gc,phases      ] GC(815) Phase 2: Compute new object addresses 4.338ms
[33.169s][info][gc,phases,start] GC(815) Phase 3: Adjust pointers
[33.174s][info][gc,phases      ] GC(815) Phase 3: Adjust pointers 5.645ms
[33.174s][info][gc,phases,start] GC(815) Phase 4: Move objects
[33.201s][info][gc,phases      ] GC(815) Phase 4: Move objects 26.460ms
[33.201s][info][gc,heap        ] GC(815) DefNew: 156937K(157248K)->26599K(157248K) Eden: 139776K(139776K)->26599K(139776K) From: 17161K(17472K)->0K(17472K)
[33.201s][info][gc,heap        ] GC(815) Tenured: 349344K(349568K)->349345K(349568K)
[33.201s][info][gc,metaspace   ] GC(815) Metaspace: 30947K(31296K)->30947K(31296K) NonClass: 27693K(27840K)->27693K(27840K) Class: 3254K(3456K)->3254K(3456K)
[33.201s][info][gc             ] GC(815) Pause Full (Allocation Failure) 494M->367M(494M) 45.414ms
[33.201s][info][gc,cpu         ] GC(815) User=0.04s Sys=0.00s Real=0.04s
[33.214s][info][gc,start       ] GC(816) Pause Full (Allocation Failure)
[33.214s][info][gc,phases,start] GC(816) Phase 1: Mark live objects
[33.222s][info][gc,phases      ] GC(816) Phase 1: Mark live objects 8.197ms
[33.222s][info][gc,phases,start] GC(816) Phase 2: Compute new object addresses
[33.226s][info][gc,phases      ] GC(816) Phase 2: Compute new object addresses 4.380ms
[33.226s][info][gc,phases,start] GC(816) Phase 3: Adjust pointers
[33.232s][info][gc,phases      ] GC(816) Phase 3: Adjust pointers 5.601ms
[33.232s][info][gc,phases,start] GC(816) Phase 4: Move objects
[33.259s][info][gc,phases      ] GC(816) Phase 4: Move objects 27.472ms
[33.260s][info][gc,heap        ] GC(816) DefNew: 156913K(157248K)->9517K(157248K) Eden: 139776K(139776K)->9517K(139776K) From: 17137K(17472K)->0K(17472K)
[33.260s][info][gc,heap        ] GC(816) Tenured: 349345K(349568K)->349369K(349568K)
[33.260s][info][gc,metaspace   ] GC(816) Metaspace: 30947K(31296K)->30947K(31296K) NonClass: 27693K(27840K)->27693K(27840K) Class: 3254K(3456K)->3254K(3456K)
[33.260s][info][gc             ] GC(816) Pause Full (Allocation Failure) 494M->350M(494M) 46.053ms
[33.260s][info][gc,cpu         ] GC(816) User=0.05s Sys=0.00s Real=0.04s
[33.270s][info][gc,start       ] GC(817) Pause Full (Allocation Failure)
[33.270s][info][gc,phases,start] GC(817) Phase 1: Mark live objects
[33.280s][info][gc,phases      ] GC(817) Phase 1: Mark live objects 9.649ms
[33.280s][info][gc,phases,start] GC(817) Phase 2: Compute new object addresses
[33.285s][info][gc,phases      ] GC(817) Phase 2: Compute new object addresses 4.685ms
[33.285s][info][gc,phases,start] GC(817) Phase 3: Adjust pointers
[33.291s][info][gc,phases      ] GC(817) Phase 3: Adjust pointers 5.913ms
[33.291s][info][gc,phases,start] GC(817) Phase 4: Move objects
[33.322s][info][gc,phases      ] GC(817) Phase 4: Move objects 30.823ms
[33.322s][info][gc,heap        ] GC(817) DefNew: 156532K(157248K)->10795K(157248K) Eden: 139776K(139776K)->10795K(139776K) From: 16756K(17472K)->0K(17472K)
[33.322s][info][gc,heap        ] GC(817) Tenured: 349369K(349568K)->349448K(349568K)
[33.322s][info][gc,metaspace   ] GC(817) Metaspace: 30947K(31296K)->30947K(31296K) NonClass: 27693K(27840K)->27693K(27840K) Class: 3254K(3456K)->3254K(3456K)
[33.322s][info][gc             ] GC(817) Pause Full (Allocation Failure) 494M->351M(494M) 51.536ms
[33.322s][info][gc,cpu         ] GC(817) User=0.05s Sys=0.00s Real=0.04s
[33.333s][info][gc,start       ] GC(818) Pause Full (Allocation Failure)
[33.333s][info][gc,phases,start] GC(818) Phase 1: Mark live objects
[33.342s][info][gc,phases      ] GC(818) Phase 1: Mark live objects 9.570ms
[33.342s][info][gc,phases,start] GC(818) Phase 2: Compute new object addresses
[33.347s][info][gc,phases      ] GC(818) Phase 2: Compute new object addresses 5.119ms
[33.347s][info][gc,phases,start] GC(818) Phase 3: Adjust pointers
[33.354s][info][gc,phases      ] GC(818) Phase 3: Adjust pointers 6.524ms
[33.354s][info][gc,phases,start] GC(818) Phase 4: Move objects
[33.377s][info][gc,phases      ] GC(818) Phase 4: Move objects 23.278ms
[33.378s][info][gc,heap        ] GC(818) DefNew: 156786K(157248K)->29101K(157248K) Eden: 139776K(139776K)->29101K(139776K) From: 17010K(17472K)->0K(17472K)
[33.378s][info][gc,heap        ] GC(818) Tenured: 349448K(349568K)->349423K(349568K)
[33.378s][info][gc,metaspace   ] GC(818) Metaspace: 30947K(31296K)->30947K(31296K) NonClass: 27693K(27840K)->27693K(27840K) Class: 3254K(3456K)->3254K(3456K)
[33.378s][info][gc             ] GC(818) Pause Full (Allocation Failure) 494M->369M(494M) 45.041ms
[33.378s][info][gc,cpu         ] GC(818) User=0.04s Sys=0.00s Real=0.04s
[33.388s][info][gc,start       ] GC(819) Pause Full (Allocation Failure)
[33.388s][info][gc,phases,start] GC(819) Phase 1: Mark live objects
[33.398s][info][gc,phases      ] GC(819) Phase 1: Mark live objects 9.869ms
[33.398s][info][gc,phases,start] GC(819) Phase 2: Compute new object addresses
[33.403s][info][gc,phases      ] GC(819) Phase 2: Compute new object addresses 4.913ms
[33.403s][info][gc,phases,start] GC(819) Phase 3: Adjust pointers
[33.409s][info][gc,phases      ] GC(819) Phase 3: Adjust pointers 6.596ms
[33.409s][info][gc,phases,start] GC(819) Phase 4: Move objects
[33.440s][info][gc,phases      ] GC(819) Phase 4: Move objects 30.836ms
[33.441s][info][gc,heap        ] GC(819) DefNew: 157148K(157248K)->33445K(157248K) Eden: 139776K(139776K)->33445K(139776K) From: 17372K(17472K)->0K(17472K)
[33.441s][info][gc,heap        ] GC(819) Tenured: 349423K(349568K)->349344K(349568K)
[33.441s][info][gc,metaspace   ] GC(819) Metaspace: 30947K(31296K)->30947K(31296K) NonClass: 27693K(27840K)->27693K(27840K) Class: 3254K(3456K)->3254K(3456K)
[33.441s][info][gc             ] GC(819) Pause Full (Allocation Failure) 494M->373M(494M) 52.739ms
[33.441s][info][gc,cpu         ] GC(819) User=0.06s Sys=0.00s Real=0.05s
[33.451s][info][gc,start       ] GC(820) Pause Full (Allocation Failure)
[33.451s][info][gc,phases,start] GC(820) Phase 1: Mark live objects
[33.461s][info][gc,phases      ] GC(820) Phase 1: Mark live objects 9.457ms
[33.461s][info][gc,phases,start] GC(820) Phase 2: Compute new object addresses
[33.465s][info][gc,phases      ] GC(820) Phase 2: Compute new object addresses 4.742ms
[33.465s][info][gc,phases,start] GC(820) Phase 3: Adjust pointers
[33.471s][info][gc,phases      ] GC(820) Phase 3: Adjust pointers 5.905ms
[33.471s][info][gc,phases,start] GC(820) Phase 4: Move objects
[33.500s][info][gc,phases      ] GC(820) Phase 4: Move objects 29.059ms
[33.501s][info][gc,heap        ] GC(820) DefNew: 156677K(157248K)->25320K(157248K) Eden: 139776K(139776K)->25320K(139776K) From: 16901K(17472K)->0K(17472K)
[33.501s][info][gc,heap        ] GC(820) Tenured: 349344K(349568K)->349561K(349568K)
[33.501s][info][gc,metaspace   ] GC(820) Metaspace: 30947K(31296K)->30947K(31296K) NonClass: 27693K(27840K)->27693K(27840K) Class: 3254K(3456K)->3254K(3456K)
[33.501s][info][gc             ] GC(820) Pause Full (Allocation Failure) 494M->366M(494M) 49.600ms
[33.501s][info][gc,cpu         ] GC(820) User=0.05s Sys=0.00s Real=0.04s
[33.513s][info][gc,start       ] GC(821) Pause Full (Allocation Failure)
[33.513s][info][gc,phases,start] GC(821) Phase 1: Mark live objects
[33.523s][info][gc,phases      ] GC(821) Phase 1: Mark live objects 9.739ms
[33.523s][info][gc,phases,start] GC(821) Phase 2: Compute new object addresses
[33.527s][info][gc,phases      ] GC(821) Phase 2: Compute new object addresses 4.510ms
[33.527s][info][gc,phases,start] GC(821) Phase 3: Adjust pointers
[33.533s][info][gc,phases      ] GC(821) Phase 3: Adjust pointers 6.039ms
[33.533s][info][gc,phases,start] GC(821) Phase 4: Move objects
[33.563s][info][gc,phases      ] GC(821) Phase 4: Move objects 29.845ms
[33.564s][info][gc,heap        ] GC(821) DefNew: 157066K(157248K)->12863K(157248K) Eden: 139776K(139776K)->12863K(139776K) From: 17290K(17472K)->0K(17472K)
[33.564s][info][gc,heap        ] GC(821) Tenured: 349561K(349568K)->349462K(349568K)
[33.564s][info][gc,metaspace   ] GC(821) Metaspace: 30947K(31296K)->30947K(31296K) NonClass: 27693K(27840K)->27693K(27840K) Class: 3254K(3456K)->3254K(3456K)
[33.564s][info][gc             ] GC(821) Pause Full (Allocation Failure) 494M->353M(494M) 50.608ms
[33.564s][info][gc,cpu         ] GC(821) User=0.05s Sys=0.00s Real=0.05s
[33.574s][info][gc,start       ] GC(822) Pause Full (Allocation Failure)
[33.574s][info][gc,phases,start] GC(822) Phase 1: Mark live objects
[33.583s][info][gc,phases      ] GC(822) Phase 1: Mark live objects 8.884ms
[33.583s][info][gc,phases,start] GC(822) Phase 2: Compute new object addresses
[33.587s][info][gc,phases      ] GC(822) Phase 2: Compute new object addresses 4.507ms
[33.587s][info][gc,phases,start] GC(822) Phase 3: Adjust pointers
[33.593s][info][gc,phases      ] GC(822) Phase 3: Adjust pointers 5.956ms
[33.593s][info][gc,phases,start] GC(822) Phase 4: Move objects
[33.618s][info][gc,phases      ] GC(822) Phase 4: Move objects 24.481ms
[33.618s][info][gc,heap        ] GC(822) DefNew: 156289K(157248K)->31640K(157248K) Eden: 139776K(139776K)->31640K(139776K) From: 16513K(17472K)->0K(17472K)
[33.618s][info][gc,heap        ] GC(822) Tenured: 349462K(349568K)->349342K(349568K)
[33.618s][info][gc,metaspace   ] GC(822) Metaspace: 30947K(31296K)->30947K(31296K) NonClass: 27693K(27840K)->27693K(27840K) Class: 3254K(3456K)->3254K(3456K)
[33.618s][info][gc             ] GC(822) Pause Full (Allocation Failure) 493M->372M(494M) 44.320ms
[33.618s][info][gc,cpu         ] GC(822) User=0.04s Sys=0.00s Real=0.04s
[33.630s][info][gc,start       ] GC(823) Pause Full (Allocation Failure)
[33.630s][info][gc,phases,start] GC(823) Phase 1: Mark live objects
[33.640s][info][gc,phases      ] GC(823) Phase 1: Mark live objects 9.847ms
[33.640s][info][gc,phases,start] GC(823) Phase 2: Compute new object addresses
[33.645s][info][gc,phases      ] GC(823) Phase 2: Compute new object addresses 4.826ms
[33.645s][info][gc,phases,start] GC(823) Phase 3: Adjust pointers
[33.651s][info][gc,phases      ] GC(823) Phase 3: Adjust pointers 6.228ms
[33.651s][info][gc,phases,start] GC(823) Phase 4: Move objects
[33.679s][info][gc,phases      ] GC(823) Phase 4: Move objects 27.936ms
[33.679s][info][gc,heap        ] GC(823) DefNew: 157202K(157248K)->31705K(157248K) Eden: 139776K(139776K)->31705K(139776K) From: 17426K(17472K)->0K(17472K)
[33.679s][info][gc,heap        ] GC(823) Tenured: 349342K(349568K)->349346K(349568K)
[33.679s][info][gc,metaspace   ] GC(823) Metaspace: 30947K(31296K)->30947K(31296K) NonClass: 27693K(27840K)->27693K(27840K) Class: 3254K(3456K)->3254K(3456K)
[33.679s][info][gc             ] GC(823) Pause Full (Allocation Failure) 494M->372M(494M) 49.316ms
[33.679s][info][gc,cpu         ] GC(823) User=0.05s Sys=0.00s Real=0.05s
[33.687s][info][gc,start       ] GC(824) Pause Full (Allocation Failure)
[33.687s][info][gc,phases,start] GC(824) Phase 1: Mark live objects
[33.697s][info][gc,phases      ] GC(824) Phase 1: Mark live objects 9.376ms
[33.697s][info][gc,phases,start] GC(824) Phase 2: Compute new object addresses
[33.701s][info][gc,phases      ] GC(824) Phase 2: Compute new object addresses 4.493ms
[33.701s][info][gc,phases,start] GC(824) Phase 3: Adjust pointers
[33.708s][info][gc,phases      ] GC(824) Phase 3: Adjust pointers 6.319ms
[33.708s][info][gc,phases,start] GC(824) Phase 4: Move objects
[33.736s][info][gc,phases      ] GC(824) Phase 4: Move objects 28.446ms
[33.736s][info][gc,heap        ] GC(824) DefNew: 157235K(157248K)->16723K(157248K) Eden: 139776K(139776K)->16723K(139776K) From: 17459K(17472K)->0K(17472K)
[33.736s][info][gc,heap        ] GC(824) Tenured: 349346K(349568K)->349447K(349568K)
[33.736s][info][gc,metaspace   ] GC(824) Metaspace: 30947K(31296K)->30947K(31296K) NonClass: 27693K(27840K)->27693K(27840K) Class: 3254K(3456K)->3254K(3456K)
[33.736s][info][gc             ] GC(824) Pause Full (Allocation Failure) 494M->357M(494M) 49.068ms
[33.736s][info][gc,cpu         ] GC(824) User=0.05s Sys=0.00s Real=0.05s
[33.747s][info][gc,start       ] GC(825) Pause Full (Allocation Failure)
[33.747s][info][gc,phases,start] GC(825) Phase 1: Mark live objects
[33.757s][info][gc,phases      ] GC(825) Phase 1: Mark live objects 9.476ms
[33.757s][info][gc,phases,start] GC(825) Phase 2: Compute new object addresses
[33.762s][info][gc,phases      ] GC(825) Phase 2: Compute new object addresses 4.964ms
[33.762s][info][gc,phases,start] GC(825) Phase 3: Adjust pointers
[33.768s][info][gc,phases      ] GC(825) Phase 3: Adjust pointers 6.259ms
[33.768s][info][gc,phases,start] GC(825) Phase 4: Move objects
[33.796s][info][gc,phases      ] GC(825) Phase 4: Move objects 28.208ms
[33.797s][info][gc,heap        ] GC(825) DefNew: 156263K(157248K)->17247K(157248K) Eden: 139776K(139776K)->17247K(139776K) From: 16487K(17472K)->0K(17472K)
[33.797s][info][gc,heap        ] GC(825) Tenured: 349447K(349568K)->349352K(349568K)
[33.797s][info][gc,metaspace   ] GC(825) Metaspace: 30947K(31296K)->30947K(31296K) NonClass: 27693K(27840K)->27693K(27840K) Class: 3254K(3456K)->3254K(3456K)
[33.797s][info][gc             ] GC(825) Pause Full (Allocation Failure) 493M->358M(494M) 49.364ms
[33.797s][info][gc,cpu         ] GC(825) User=0.04s Sys=0.00s Real=0.05s
[33.807s][info][gc,start       ] GC(826) Pause Full (Allocation Failure)
[33.807s][info][gc,phases,start] GC(826) Phase 1: Mark live objects
[33.817s][info][gc,phases      ] GC(826) Phase 1: Mark live objects 10.169ms
[33.817s][info][gc,phases,start] GC(826) Phase 2: Compute new object addresses
[33.822s][info][gc,phases      ] GC(826) Phase 2: Compute new object addresses 5.078ms
[33.822s][info][gc,phases,start] GC(826) Phase 3: Adjust pointers
[33.829s][info][gc,phases      ] GC(826) Phase 3: Adjust pointers 6.063ms
[33.829s][info][gc,phases,start] GC(826) Phase 4: Move objects
[33.853s][info][gc,phases      ] GC(826) Phase 4: Move objects 24.646ms
[33.853s][info][gc,heap        ] GC(826) DefNew: 156322K(157248K)->33263K(157248K) Eden: 139776K(139776K)->33263K(139776K) From: 16546K(17472K)->0K(17472K)
[33.853s][info][gc,heap        ] GC(826) Tenured: 349352K(349568K)->349343K(349568K)
[33.854s][info][gc,metaspace   ] GC(826) Metaspace: 30947K(31296K)->30947K(31296K) NonClass: 27693K(27840K)->27693K(27840K) Class: 3254K(3456K)->3254K(3456K)
[33.854s][info][gc             ] GC(826) Pause Full (Allocation Failure) 493M->373M(494M) 46.439ms
[33.854s][info][gc,cpu         ] GC(826) User=0.05s Sys=0.00s Real=0.05s
[33.864s][info][gc,start       ] GC(827) Pause Full (Allocation Failure)
[33.864s][info][gc,phases,start] GC(827) Phase 1: Mark live objects
[33.873s][info][gc,phases      ] GC(827) Phase 1: Mark live objects 9.097ms
[33.873s][info][gc,phases,start] GC(827) Phase 2: Compute new object addresses
[33.878s][info][gc,phases      ] GC(827) Phase 2: Compute new object addresses 4.548ms
[33.878s][info][gc,phases,start] GC(827) Phase 3: Adjust pointers
[33.884s][info][gc,phases      ] GC(827) Phase 3: Adjust pointers 6.108ms
[33.884s][info][gc,phases,start] GC(827) Phase 4: Move objects
[33.914s][info][gc,phases      ] GC(827) Phase 4: Move objects 29.477ms
[33.914s][info][gc,heap        ] GC(827) DefNew: 156610K(157248K)->31703K(157248K) Eden: 139776K(139776K)->31703K(139776K) From: 16834K(17472K)->0K(17472K)
[33.914s][info][gc,heap        ] GC(827) Tenured: 349343K(349568K)->349562K(349568K)
[33.914s][info][gc,metaspace   ] GC(827) Metaspace: 30947K(31296K)->30947K(31296K) NonClass: 27693K(27840K)->27693K(27840K) Class: 3254K(3456K)->3254K(3456K)
[33.914s][info][gc             ] GC(827) Pause Full (Allocation Failure) 494M->372M(494M) 49.681ms
[33.914s][info][gc,cpu         ] GC(827) User=0.05s Sys=0.00s Real=0.05s
[33.922s][info][gc,start       ] GC(828) Pause Full (Allocation Failure)
[33.922s][info][gc,phases,start] GC(828) Phase 1: Mark live objects
[33.931s][info][gc,phases      ] GC(828) Phase 1: Mark live objects 9.114ms
[33.931s][info][gc,phases,start] GC(828) Phase 2: Compute new object addresses
[33.936s][info][gc,phases      ] GC(828) Phase 2: Compute new object addresses 4.572ms
[33.936s][info][gc,phases,start] GC(828) Phase 3: Adjust pointers
[33.942s][info][gc,phases      ] GC(828) Phase 3: Adjust pointers 5.851ms
[33.942s][info][gc,phases,start] GC(828) Phase 4: Move objects
[33.971s][info][gc,phases      ] GC(828) Phase 4: Move objects 29.171ms
[33.971s][info][gc,heap        ] GC(828) DefNew: 157174K(157248K)->16307K(157248K) Eden: 139776K(139776K)->16307K(139776K) From: 17398K(17472K)->0K(17472K)
[33.971s][info][gc,heap        ] GC(828) Tenured: 349562K(349568K)->349337K(349568K)
[33.971s][info][gc,metaspace   ] GC(828) Metaspace: 30947K(31296K)->30947K(31296K) NonClass: 27693K(27840K)->27693K(27840K) Class: 3254K(3456K)->3254K(3456K)
[33.971s][info][gc             ] GC(828) Pause Full (Allocation Failure) 494M->357M(494M) 49.150ms
[33.971s][info][gc,cpu         ] GC(828) User=0.05s Sys=0.00s Real=0.06s
[33.982s][info][gc,start       ] GC(829) Pause Full (Allocation Failure)
[33.982s][info][gc,phases,start] GC(829) Phase 1: Mark live objects
[33.991s][info][gc,phases      ] GC(829) Phase 1: Mark live objects 8.909ms
[33.991s][info][gc,phases,start] GC(829) Phase 2: Compute new object addresses
[33.996s][info][gc,phases      ] GC(829) Phase 2: Compute new object addresses 4.871ms
[33.996s][info][gc,phases,start] GC(829) Phase 3: Adjust pointers
[34.002s][info][gc,phases      ] GC(829) Phase 3: Adjust pointers 6.057ms
[34.002s][info][gc,phases,start] GC(829) Phase 4: Move objects
[34.031s][info][gc,phases      ] GC(829) Phase 4: Move objects 28.981ms
[34.031s][info][gc,heap        ] GC(829) DefNew: 157184K(157248K)->11576K(157248K) Eden: 139776K(139776K)->11576K(139776K) From: 17408K(17472K)->0K(17472K)
[34.031s][info][gc,heap        ] GC(829) Tenured: 349337K(349568K)->349359K(349568K)
[34.031s][info][gc,metaspace   ] GC(829) Metaspace: 30947K(31296K)->30947K(31296K) NonClass: 27693K(27840K)->27693K(27840K) Class: 3254K(3456K)->3254K(3456K)
[34.031s][info][gc             ] GC(829) Pause Full (Allocation Failure) 494M->352M(494M) 49.274ms
[34.031s][info][gc,cpu         ] GC(829) User=0.05s Sys=0.00s Real=0.06s
[34.044s][info][gc,start       ] GC(830) Pause Full (Allocation Failure)
[34.044s][info][gc,phases,start] GC(830) Phase 1: Mark live objects
[34.053s][info][gc,phases      ] GC(830) Phase 1: Mark live objects 9.576ms
[34.053s][info][gc,phases,start] GC(830) Phase 2: Compute new object addresses
[34.058s][info][gc,phases      ] GC(830) Phase 2: Compute new object addresses 5.070ms
[34.059s][info][gc,phases,start] GC(830) Phase 3: Adjust pointers
[34.065s][info][gc,phases      ] GC(830) Phase 3: Adjust pointers 6.172ms
[34.065s][info][gc,phases,start] GC(830) Phase 4: Move objects
[34.088s][info][gc,phases      ] GC(830) Phase 4: Move objects 23.478ms
[34.088s][info][gc,heap        ] GC(830) DefNew: 157014K(157248K)->28644K(157248K) Eden: 139776K(139776K)->28644K(139776K) From: 17238K(17472K)->0K(17472K)
[34.088s][info][gc,heap        ] GC(830) Tenured: 349359K(349568K)->349338K(349568K)
[34.088s][info][gc,metaspace   ] GC(830) Metaspace: 30947K(31296K)->30947K(31296K) NonClass: 27693K(27840K)->27693K(27840K) Class: 3254K(3456K)->3254K(3456K)
[34.088s][info][gc             ] GC(830) Pause Full (Allocation Failure) 494M->369M(494M) 44.792ms
[34.089s][info][gc,cpu         ] GC(830) User=0.05s Sys=0.00s Real=0.04s
[34.098s][info][gc,start       ] GC(831) Pause Full (Allocation Failure)
[34.098s][info][gc,phases,start] GC(831) Phase 1: Mark live objects
[34.106s][info][gc,phases      ] GC(831) Phase 1: Mark live objects 8.597ms
[34.106s][info][gc,phases,start] GC(831) Phase 2: Compute new object addresses
[34.111s][info][gc,phases      ] GC(831) Phase 2: Compute new object addresses 4.495ms
[34.111s][info][gc,phases,start] GC(831) Phase 3: Adjust pointers
[34.116s][info][gc,phases      ] GC(831) Phase 3: Adjust pointers 5.571ms
[34.116s][info][gc,phases,start] GC(831) Phase 4: Move objects
[34.144s][info][gc,phases      ] GC(831) Phase 4: Move objects 27.839ms
[34.144s][info][gc,heap        ] GC(831) DefNew: 156997K(157248K)->9279K(157248K) Eden: 139776K(139776K)->9279K(139776K) From: 17221K(17472K)->0K(17472K)
[34.144s][info][gc,heap        ] GC(831) Tenured: 349338K(349568K)->349345K(349568K)
[34.144s][info][gc,metaspace   ] GC(831) Metaspace: 30947K(31296K)->30947K(31296K) NonClass: 27693K(27840K)->27693K(27840K) Class: 3254K(3456K)->3254K(3456K)
[34.144s][info][gc             ] GC(831) Pause Full (Allocation Failure) 494M->350M(494M) 46.940ms
[34.144s][info][gc,cpu         ] GC(831) User=0.04s Sys=0.01s Real=0.05s
[34.156s][info][gc,start       ] GC(832) Pause Full (Allocation Failure)
[34.157s][info][gc,phases,start] GC(832) Phase 1: Mark live objects
[34.165s][info][gc,phases      ] GC(832) Phase 1: Mark live objects 8.652ms
[34.165s][info][gc,phases,start] GC(832) Phase 2: Compute new object addresses
[34.170s][info][gc,phases      ] GC(832) Phase 2: Compute new object addresses 4.785ms
[34.170s][info][gc,phases,start] GC(832) Phase 3: Adjust pointers
[34.176s][info][gc,phases      ] GC(832) Phase 3: Adjust pointers 6.020ms
[34.176s][info][gc,phases,start] GC(832) Phase 4: Move objects
[34.193s][info][gc,phases      ] GC(832) Phase 4: Move objects 16.584ms
[34.193s][info][gc,heap        ] GC(832) DefNew: 157012K(157248K)->29934K(157248K) Eden: 139776K(139776K)->29934K(139776K) From: 17236K(17472K)->0K(17472K)
[34.193s][info][gc,heap        ] GC(832) Tenured: 349345K(349568K)->349342K(349568K)
[34.193s][info][gc,metaspace   ] GC(832) Metaspace: 30947K(31296K)->30947K(31296K) NonClass: 27693K(27840K)->27693K(27840K) Class: 3254K(3456K)->3254K(3456K)
[34.193s][info][gc             ] GC(832) Pause Full (Allocation Failure) 494M->370M(494M) 36.482ms
[34.193s][info][gc,cpu         ] GC(832) User=0.04s Sys=0.00s Real=0.04s
[34.208s][info][gc,start       ] GC(833) Pause Full (Allocation Failure)
[34.209s][info][gc,phases,start] GC(833) Phase 1: Mark live objects
[34.217s][info][gc,phases      ] GC(833) Phase 1: Mark live objects 8.474ms
[34.217s][info][gc,phases,start] GC(833) Phase 2: Compute new object addresses
[34.221s][info][gc,phases      ] GC(833) Phase 2: Compute new object addresses 4.434ms
[34.222s][info][gc,phases,start] GC(833) Phase 3: Adjust pointers
[34.227s][info][gc,phases      ] GC(833) Phase 3: Adjust pointers 5.545ms
[34.227s][info][gc,phases,start] GC(833) Phase 4: Move objects
[34.254s][info][gc,phases      ] GC(833) Phase 4: Move objects 27.249ms
[34.255s][info][gc,heap        ] GC(833) DefNew: 156779K(157248K)->5681K(157248K) Eden: 139776K(139776K)->5681K(139776K) From: 17003K(17472K)->0K(17472K)
[34.255s][info][gc,heap        ] GC(833) Tenured: 349342K(349568K)->349373K(349568K)
[34.255s][info][gc,metaspace   ] GC(833) Metaspace: 30947K(31296K)->30947K(31296K) NonClass: 27693K(27840K)->27693K(27840K) Class: 3254K(3456K)->3254K(3456K)
[34.255s][info][gc             ] GC(833) Pause Full (Allocation Failure) 494M->346M(494M) 46.103ms
[34.255s][info][gc,cpu         ] GC(833) User=0.05s Sys=0.00s Real=0.05s
[34.263s][info][gc,start       ] GC(834) Pause Full (Allocation Failure)
[34.263s][info][gc,phases,start] GC(834) Phase 1: Mark live objects
[34.272s][info][gc,phases      ] GC(834) Phase 1: Mark live objects 9.779ms
[34.272s][info][gc,phases,start] GC(834) Phase 2: Compute new object addresses
[34.277s][info][gc,phases      ] GC(834) Phase 2: Compute new object addresses 5.020ms
[34.277s][info][gc,phases,start] GC(834) Phase 3: Adjust pointers
[34.283s][info][gc,phases      ] GC(834) Phase 3: Adjust pointers 5.870ms
[34.283s][info][gc,phases,start] GC(834) Phase 4: Move objects
[34.301s][info][gc,phases      ] GC(834) Phase 4: Move objects 17.405ms
[34.301s][info][gc,heap        ] GC(834) DefNew: 156810K(157248K)->27907K(157248K) Eden: 139776K(139776K)->27907K(139776K) From: 17034K(17472K)->0K(17472K)
[34.301s][info][gc,heap        ] GC(834) Tenured: 349373K(349568K)->348784K(349568K)
[34.301s][info][gc,metaspace   ] GC(834) Metaspace: 30954K(31296K)->30954K(31296K) NonClass: 27699K(27840K)->27699K(27840K) Class: 3254K(3456K)->3254K(3456K)
[34.301s][info][gc             ] GC(834) Pause Full (Allocation Failure) 494M->367M(494M) 38.541ms
[34.301s][info][gc,cpu         ] GC(834) User=0.04s Sys=0.00s Real=0.03s
[34.318s][info][gc,start       ] GC(835) Pause Full (Allocation Failure)
[34.318s][info][gc,phases,start] GC(835) Phase 1: Mark live objects
[34.327s][info][gc,phases      ] GC(835) Phase 1: Mark live objects 8.957ms
[34.327s][info][gc,phases,start] GC(835) Phase 2: Compute new object addresses
[34.332s][info][gc,phases      ] GC(835) Phase 2: Compute new object addresses 4.275ms
[34.332s][info][gc,phases,start] GC(835) Phase 3: Adjust pointers
[34.339s][info][gc,phases      ] GC(835) Phase 3: Adjust pointers 7.090ms
[34.339s][info][gc,phases,start] GC(835) Phase 4: Move objects
[34.373s][info][gc,phases      ] GC(835) Phase 4: Move objects 34.180ms
[34.373s][info][gc,heap        ] GC(835) DefNew: 156939K(157248K)->22912K(157248K) Eden: 139776K(139776K)->22912K(139776K) From: 17163K(17472K)->0K(17472K)
[34.373s][info][gc,heap        ] GC(835) Tenured: 348784K(349568K)->349335K(349568K)
[34.373s][info][gc,metaspace   ] GC(835) Metaspace: 30954K(31296K)->30954K(31296K) NonClass: 27699K(27840K)->27699K(27840K) Class: 3254K(3456K)->3254K(3456K)
[34.373s][info][gc             ] GC(835) Pause Full (Allocation Failure) 493M->363M(494M) 55.024ms
[34.373s][info][gc,cpu         ] GC(835) User=0.06s Sys=0.00s Real=0.06s
[34.380s][info][gc,start       ] GC(836) Pause Full (Allocation Failure)
[34.381s][info][gc,phases,start] GC(836) Phase 1: Mark live objects
[34.391s][info][gc,phases      ] GC(836) Phase 1: Mark live objects 10.403ms
[34.391s][info][gc,phases,start] GC(836) Phase 2: Compute new object addresses
[34.396s][info][gc,phases      ] GC(836) Phase 2: Compute new object addresses 5.245ms
[34.396s][info][gc,phases,start] GC(836) Phase 3: Adjust pointers
[34.403s][info][gc,phases      ] GC(836) Phase 3: Adjust pointers 6.770ms
[34.403s][info][gc,phases,start] GC(836) Phase 4: Move objects
[34.435s][info][gc,phases      ] GC(836) Phase 4: Move objects 31.879ms
[34.435s][info][gc,heap        ] GC(836) DefNew: 157089K(157248K)->17059K(157248K) Eden: 139776K(139776K)->17059K(139776K) From: 17313K(17472K)->0K(17472K)
[34.435s][info][gc,heap        ] GC(836) Tenured: 349335K(349568K)->349344K(349568K)
[34.435s][info][gc,metaspace   ] GC(836) Metaspace: 30954K(31296K)->30954K(31296K) NonClass: 27699K(27840K)->27699K(27840K) Class: 3254K(3456K)->3254K(3456K)
[34.435s][info][gc             ] GC(836) Pause Full (Allocation Failure) 494M->357M(494M) 54.802ms
[34.435s][info][gc,cpu         ] GC(836) User=0.06s Sys=0.00s Real=0.06s
[34.445s][info][gc,start       ] GC(837) Pause Full (Allocation Failure)
[34.445s][info][gc,phases,start] GC(837) Phase 1: Mark live objects
[34.454s][info][gc,phases      ] GC(837) Phase 1: Mark live objects 9.296ms
[34.454s][info][gc,phases,start] GC(837) Phase 2: Compute new object addresses
[34.459s][info][gc,phases      ] GC(837) Phase 2: Compute new object addresses 4.964ms
[34.459s][info][gc,phases,start] GC(837) Phase 3: Adjust pointers
[34.465s][info][gc,phases      ] GC(837) Phase 3: Adjust pointers 6.056ms
[34.465s][info][gc,phases,start] GC(837) Phase 4: Move objects
[34.493s][info][gc,phases      ] GC(837) Phase 4: Move objects 27.917ms
[34.493s][info][gc,heap        ] GC(837) DefNew: 157007K(157248K)->11067K(157248K) Eden: 139776K(139776K)->11067K(139776K) From: 17231K(17472K)->0K(17472K)
[34.493s][info][gc,heap        ] GC(837) Tenured: 349344K(349568K)->349346K(349568K)
[34.493s][info][gc,metaspace   ] GC(837) Metaspace: 30954K(31296K)->30954K(31296K) NonClass: 27699K(27840K)->27699K(27840K) Class: 3254K(3456K)->3254K(3456K)
[34.493s][info][gc             ] GC(837) Pause Full (Allocation Failure) 494M->351M(494M) 48.669ms
[34.493s][info][gc,cpu         ] GC(837) User=0.05s Sys=0.00s Real=0.05s
[34.504s][info][gc,start       ] GC(838) Pause Full (Allocation Failure)
[34.504s][info][gc,phases,start] GC(838) Phase 1: Mark live objects
[34.514s][info][gc,phases      ] GC(838) Phase 1: Mark live objects 9.698ms
[34.514s][info][gc,phases,start] GC(838) Phase 2: Compute new object addresses
[34.518s][info][gc,phases      ] GC(838) Phase 2: Compute new object addresses 4.750ms
[34.518s][info][gc,phases,start] GC(838) Phase 3: Adjust pointers
[34.524s][info][gc,phases      ] GC(838) Phase 3: Adjust pointers 5.634ms
[34.524s][info][gc,phases,start] GC(838) Phase 4: Move objects
[34.546s][info][gc,phases      ] GC(838) Phase 4: Move objects 21.973ms
[34.546s][info][gc,heap        ] GC(838) DefNew: 156284K(157248K)->25836K(157248K) Eden: 139776K(139776K)->25836K(139776K) From: 16508K(17472K)->0K(17472K)
[34.546s][info][gc,heap        ] GC(838) Tenured: 349346K(349568K)->349335K(349568K)
[34.546s][info][gc,metaspace   ] GC(838) Metaspace: 30954K(31296K)->30954K(31296K) NonClass: 27699K(27840K)->27699K(27840K) Class: 3254K(3456K)->3254K(3456K)
[34.546s][info][gc             ] GC(838) Pause Full (Allocation Failure) 493M->366M(494M) 42.534ms
[34.546s][info][gc,cpu         ] GC(838) User=0.04s Sys=0.00s Real=0.04s
[34.558s][info][gc,start       ] GC(839) Pause Full (Allocation Failure)
[34.558s][info][gc,phases,start] GC(839) Phase 1: Mark live objects
[34.567s][info][gc,phases      ] GC(839) Phase 1: Mark live objects 8.914ms
[34.567s][info][gc,phases,start] GC(839) Phase 2: Compute new object addresses
[34.572s][info][gc,phases      ] GC(839) Phase 2: Compute new object addresses 4.429ms
[34.572s][info][gc,phases,start] GC(839) Phase 3: Adjust pointers
[34.577s][info][gc,phases      ] GC(839) Phase 3: Adjust pointers 5.603ms
[34.577s][info][gc,phases,start] GC(839) Phase 4: Move objects
[34.603s][info][gc,phases      ] GC(839) Phase 4: Move objects 25.561ms
[34.603s][info][gc,heap        ] GC(839) DefNew: 156514K(157248K)->23701K(157248K) Eden: 139776K(139776K)->23701K(139776K) From: 16738K(17472K)->0K(17472K)
[34.603s][info][gc,heap        ] GC(839) Tenured: 349335K(349568K)->349337K(349568K)
[34.603s][info][gc,metaspace   ] GC(839) Metaspace: 30954K(31296K)->30954K(31296K) NonClass: 27699K(27840K)->27699K(27840K) Class: 3254K(3456K)->3254K(3456K)
[34.603s][info][gc             ] GC(839) Pause Full (Allocation Failure) 493M->364M(494M) 44.926ms
[34.603s][info][gc,cpu         ] GC(839) User=0.04s Sys=0.00s Real=0.05s
[34.614s][info][gc,start       ] GC(840) Pause Full (Allocation Failure)
[34.614s][info][gc,phases,start] GC(840) Phase 1: Mark live objects
[34.623s][info][gc,phases      ] GC(840) Phase 1: Mark live objects 9.085ms
[34.623s][info][gc,phases,start] GC(840) Phase 2: Compute new object addresses
[34.628s][info][gc,phases      ] GC(840) Phase 2: Compute new object addresses 4.682ms
[34.628s][info][gc,phases,start] GC(840) Phase 3: Adjust pointers
[34.634s][info][gc,phases      ] GC(840) Phase 3: Adjust pointers 5.896ms
[34.634s][info][gc,phases,start] GC(840) Phase 4: Move objects
[34.661s][info][gc,phases      ] GC(840) Phase 4: Move objects 27.798ms
[34.662s][info][gc,heap        ] GC(840) DefNew: 157186K(157248K)->9289K(157248K) Eden: 139776K(139776K)->9289K(139776K) From: 17410K(17472K)->0K(17472K)
[34.662s][info][gc,heap        ] GC(840) Tenured: 349337K(349568K)->349420K(349568K)
[34.662s][info][gc,metaspace   ] GC(840) Metaspace: 30954K(31296K)->30954K(31296K) NonClass: 27699K(27840K)->27699K(27840K) Class: 3254K(3456K)->3254K(3456K)
[34.662s][info][gc             ] GC(840) Pause Full (Allocation Failure) 494M->350M(494M) 47.913ms
[34.662s][info][gc,cpu         ] GC(840) User=0.05s Sys=0.00s Real=0.04s
[34.675s][info][gc,start       ] GC(841) Pause Full (Allocation Failure)
[34.675s][info][gc,phases,start] GC(841) Phase 1: Mark live objects
[34.684s][info][gc,phases      ] GC(841) Phase 1: Mark live objects 8.742ms
[34.684s][info][gc,phases,start] GC(841) Phase 2: Compute new object addresses
[34.689s][info][gc,phases      ] GC(841) Phase 2: Compute new object addresses 4.511ms
[34.689s][info][gc,phases,start] GC(841) Phase 3: Adjust pointers
[34.694s][info][gc,phases      ] GC(841) Phase 3: Adjust pointers 5.617ms
[34.694s][info][gc,phases,start] GC(841) Phase 4: Move objects
[34.721s][info][gc,phases      ] GC(841) Phase 4: Move objects 26.871ms
[34.721s][info][gc,heap        ] GC(841) DefNew: 157092K(157248K)->6192K(157248K) Eden: 139776K(139776K)->6192K(139776K) From: 17316K(17472K)->0K(17472K)
[34.721s][info][gc,heap        ] GC(841) Tenured: 349420K(349568K)->349362K(349568K)
[34.721s][info][gc,metaspace   ] GC(841) Metaspace: 30954K(31296K)->30954K(31296K) NonClass: 27699K(27840K)->27699K(27840K) Class: 3254K(3456K)->3254K(3456K)
[34.721s][info][gc             ] GC(841) Pause Full (Allocation Failure) 494M->347M(494M) 46.152ms
[34.721s][info][gc,cpu         ] GC(841) User=0.05s Sys=0.00s Real=0.04s
[34.729s][info][gc,start       ] GC(842) Pause Full (Allocation Failure)
[34.729s][info][gc,phases,start] GC(842) Phase 1: Mark live objects
[34.739s][info][gc,phases      ] GC(842) Phase 1: Mark live objects 9.739ms
[34.739s][info][gc,phases,start] GC(842) Phase 2: Compute new object addresses
[34.744s][info][gc,phases      ] GC(842) Phase 2: Compute new object addresses 4.972ms
[34.744s][info][gc,phases,start] GC(842) Phase 3: Adjust pointers
[34.750s][info][gc,phases      ] GC(842) Phase 3: Adjust pointers 5.752ms
[34.750s][info][gc,phases,start] GC(842) Phase 4: Move objects
[34.770s][info][gc,phases      ] GC(842) Phase 4: Move objects 19.962ms
[34.770s][info][gc,heap        ] GC(842) DefNew: 157026K(157248K)->26082K(157248K) Eden: 139776K(139776K)->26082K(139776K) From: 17250K(17472K)->0K(17472K)
[34.770s][info][gc,heap        ] GC(842) Tenured: 349362K(349568K)->349323K(349568K)
[34.770s][info][gc,metaspace   ] GC(842) Metaspace: 30954K(31296K)->30954K(31296K) NonClass: 27699K(27840K)->27699K(27840K) Class: 3254K(3456K)->3254K(3456K)
[34.770s][info][gc             ] GC(842) Pause Full (Allocation Failure) 494M->366M(494M) 40.858ms
[34.770s][info][gc,cpu         ] GC(842) User=0.04s Sys=0.00s Real=0.04s
[34.781s][info][gc,start       ] GC(843) Pause Full (Allocation Failure)
[34.781s][info][gc,phases,start] GC(843) Phase 1: Mark live objects
[34.790s][info][gc,phases      ] GC(843) Phase 1: Mark live objects 8.879ms
[34.790s][info][gc,phases,start] GC(843) Phase 2: Compute new object addresses
[34.794s][info][gc,phases      ] GC(843) Phase 2: Compute new object addresses 4.371ms
[34.794s][info][gc,phases,start] GC(843) Phase 3: Adjust pointers
[34.800s][info][gc,phases      ] GC(843) Phase 3: Adjust pointers 5.524ms
[34.800s][info][gc,phases,start] GC(843) Phase 4: Move objects
[34.827s][info][gc,phases      ] GC(843) Phase 4: Move objects 26.943ms
[34.827s][info][gc,heap        ] GC(843) DefNew: 156548K(157248K)->9012K(157248K) Eden: 139776K(139776K)->9012K(139776K) From: 16772K(17472K)->0K(17472K)
[34.827s][info][gc,heap        ] GC(843) Tenured: 349323K(349568K)->349360K(349568K)
[34.827s][info][gc,metaspace   ] GC(843) Metaspace: 30954K(31296K)->30954K(31296K) NonClass: 27699K(27840K)->27699K(27840K) Class: 3254K(3456K)->3254K(3456K)
[34.827s][info][gc             ] GC(843) Pause Full (Allocation Failure) 494M->349M(494M) 46.134ms
[34.827s][info][gc,cpu         ] GC(843) User=0.05s Sys=0.00s Real=0.05s
[34.837s][info][gc,start       ] GC(844) Pause Full (Allocation Failure)
[34.838s][info][gc,phases,start] GC(844) Phase 1: Mark live objects
[34.846s][info][gc,phases      ] GC(844) Phase 1: Mark live objects 8.839ms
[34.846s][info][gc,phases,start] GC(844) Phase 2: Compute new object addresses
[34.851s][info][gc,phases      ] GC(844) Phase 2: Compute new object addresses 5.097ms
[34.852s][info][gc,phases,start] GC(844) Phase 3: Adjust pointers
[34.858s][info][gc,phases      ] GC(844) Phase 3: Adjust pointers 6.280ms
[34.858s][info][gc,phases,start] GC(844) Phase 4: Move objects
[34.883s][info][gc,phases      ] GC(844) Phase 4: Move objects 24.938ms
[34.883s][info][gc,heap        ] GC(844) DefNew: 157075K(157248K)->25047K(157248K) Eden: 139776K(139776K)->25047K(139776K) From: 17299K(17472K)->0K(17472K)
[34.883s][info][gc,heap        ] GC(844) Tenured: 349360K(349568K)->349334K(349568K)
[34.883s][info][gc,metaspace   ] GC(844) Metaspace: 30954K(31296K)->30954K(31296K) NonClass: 27699K(27840K)->27699K(27840K) Class: 3254K(3456K)->3254K(3456K)
[34.883s][info][gc             ] GC(844) Pause Full (Allocation Failure) 494M->365M(494M) 45.628ms
[34.883s][info][gc,cpu         ] GC(844) User=0.04s Sys=0.00s Real=0.05s
[34.890s][info][gc,start       ] GC(845) Pause Full (Allocation Failure)
[34.891s][info][gc,phases,start] GC(845) Phase 1: Mark live objects
[34.900s][info][gc,phases      ] GC(845) Phase 1: Mark live objects 9.896ms
[34.900s][info][gc,phases,start] GC(845) Phase 2: Compute new object addresses
[34.905s][info][gc,phases      ] GC(845) Phase 2: Compute new object addresses 4.760ms
[34.905s][info][gc,phases,start] GC(845) Phase 3: Adjust pointers
[34.911s][info][gc,phases      ] GC(845) Phase 3: Adjust pointers 6.145ms
[34.911s][info][gc,phases,start] GC(845) Phase 4: Move objects
[34.939s][info][gc,phases      ] GC(845) Phase 4: Move objects 27.864ms
[34.940s][info][gc,heap        ] GC(845) DefNew: 157073K(157248K)->9788K(157248K) Eden: 139776K(139776K)->9788K(139776K) From: 17297K(17472K)->0K(17472K)
[34.940s][info][gc,heap        ] GC(845) Tenured: 349334K(349568K)->349457K(349568K)
[34.940s][info][gc,metaspace   ] GC(845) Metaspace: 30954K(31296K)->30954K(31296K) NonClass: 27699K(27840K)->27699K(27840K) Class: 3254K(3456K)->3254K(3456K)
[34.940s][info][gc             ] GC(845) Pause Full (Allocation Failure) 494M->350M(494M) 49.099ms
[34.940s][info][gc,cpu         ] GC(845) User=0.05s Sys=0.00s Real=0.04s
[34.951s][info][gc,start       ] GC(846) Pause Full (Allocation Failure)
[34.951s][info][gc,phases,start] GC(846) Phase 1: Mark live objects
[34.959s][info][gc,phases      ] GC(846) Phase 1: Mark live objects 8.509ms
[34.959s][info][gc,phases,start] GC(846) Phase 2: Compute new object addresses
[34.964s][info][gc,phases      ] GC(846) Phase 2: Compute new object addresses 4.733ms
[34.964s][info][gc,phases,start] GC(846) Phase 3: Adjust pointers
[34.970s][info][gc,phases      ] GC(846) Phase 3: Adjust pointers 5.631ms
[34.970s][info][gc,phases,start] GC(846) Phase 4: Move objects
[34.992s][info][gc,phases      ] GC(846) Phase 4: Move objects 22.355ms
[34.992s][info][gc,heap        ] GC(846) DefNew: 157189K(157248K)->25729K(157248K) Eden: 139776K(139776K)->25729K(139776K) From: 17413K(17472K)->0K(17472K)
[34.992s][info][gc,heap        ] GC(846) Tenured: 349457K(349568K)->349340K(349568K)
[34.992s][info][gc,metaspace   ] GC(846) Metaspace: 30954K(31296K)->30954K(31296K) NonClass: 27699K(27840K)->27699K(27840K) Class: 3254K(3456K)->3254K(3456K)
[34.992s][info][gc             ] GC(846) Pause Full (Allocation Failure) 494M->366M(494M) 41.668ms
[34.992s][info][gc,cpu         ] GC(846) User=0.05s Sys=0.00s Real=0.04s
[35.003s][info][gc,start       ] GC(847) Pause Full (Allocation Failure)
[35.003s][info][gc,phases,start] GC(847) Phase 1: Mark live objects
[35.012s][info][gc,phases      ] GC(847) Phase 1: Mark live objects 9.109ms
[35.012s][info][gc,phases,start] GC(847) Phase 2: Compute new object addresses
[35.017s][info][gc,phases      ] GC(847) Phase 2: Compute new object addresses 4.965ms
[35.017s][info][gc,phases,start] GC(847) Phase 3: Adjust pointers
[35.023s][info][gc,phases      ] GC(847) Phase 3: Adjust pointers 6.290ms
[35.023s][info][gc,phases,start] GC(847) Phase 4: Move objects
[35.050s][info][gc,phases      ] GC(847) Phase 4: Move objects 26.708ms
[35.050s][info][gc,heap        ] GC(847) DefNew: 156817K(157248K)->22516K(157248K) Eden: 139776K(139776K)->22516K(139776K) From: 17041K(17472K)->0K(17472K)
[35.050s][info][gc,heap        ] GC(847) Tenured: 349340K(349568K)->349288K(349568K)
[35.050s][info][gc,metaspace   ] GC(847) Metaspace: 30954K(31296K)->30954K(31296K) NonClass: 27699K(27840K)->27699K(27840K) Class: 3254K(3456K)->3254K(3456K)
[35.050s][info][gc             ] GC(847) Pause Full (Allocation Failure) 494M->363M(494M) 47.556ms
[35.050s][info][gc,cpu         ] GC(847) User=0.04s Sys=0.00s Real=0.05s
[35.058s][info][gc,start       ] GC(848) Pause Full (Allocation Failure)
[35.058s][info][gc,phases,start] GC(848) Phase 1: Mark live objects
[35.067s][info][gc,phases      ] GC(848) Phase 1: Mark live objects 8.929ms
[35.067s][info][gc,phases,start] GC(848) Phase 2: Compute new object addresses
[35.072s][info][gc,phases      ] GC(848) Phase 2: Compute new object addresses 4.472ms
[35.072s][info][gc,phases,start] GC(848) Phase 3: Adjust pointers
[35.077s][info][gc,phases      ] GC(848) Phase 3: Adjust pointers 5.635ms
[35.077s][info][gc,phases,start] GC(848) Phase 4: Move objects
[35.105s][info][gc,phases      ] GC(848) Phase 4: Move objects 27.705ms
[35.105s][info][gc,heap        ] GC(848) DefNew: 156848K(157248K)->11069K(157248K) Eden: 139776K(139776K)->11069K(139776K) From: 17072K(17472K)->0K(17472K)
[35.105s][info][gc,heap        ] GC(848) Tenured: 349288K(349568K)->349449K(349568K)
[35.105s][info][gc,metaspace   ] GC(848) Metaspace: 30954K(31296K)->30954K(31296K) NonClass: 27699K(27840K)->27699K(27840K) Class: 3254K(3456K)->3254K(3456K)
[35.105s][info][gc             ] GC(848) Pause Full (Allocation Failure) 494M->352M(494M) 47.146ms
[35.105s][info][gc,cpu         ] GC(848) User=0.05s Sys=0.00s Real=0.05s
[35.116s][info][gc,start       ] GC(849) Pause Full (Allocation Failure)
[35.116s][info][gc,phases,start] GC(849) Phase 1: Mark live objects
[35.125s][info][gc,phases      ] GC(849) Phase 1: Mark live objects 8.644ms
[35.125s][info][gc,phases,start] GC(849) Phase 2: Compute new object addresses
[35.129s][info][gc,phases      ] GC(849) Phase 2: Compute new object addresses 4.438ms
[35.129s][info][gc,phases,start] GC(849) Phase 3: Adjust pointers
[35.135s][info][gc,phases      ] GC(849) Phase 3: Adjust pointers 5.472ms
[35.135s][info][gc,phases,start] GC(849) Phase 4: Move objects
[35.161s][info][gc,phases      ] GC(849) Phase 4: Move objects 26.371ms
[35.161s][info][gc,heap        ] GC(849) DefNew: 156226K(157248K)->7708K(157248K) Eden: 139776K(139776K)->7708K(139776K) From: 16450K(17472K)->0K(17472K)
[35.161s][info][gc,heap        ] GC(849) Tenured: 349449K(349568K)->349367K(349568K)
[35.161s][info][gc,metaspace   ] GC(849) Metaspace: 30954K(31296K)->30954K(31296K) NonClass: 27699K(27840K)->27699K(27840K) Class: 3254K(3456K)->3254K(3456K)
[35.161s][info][gc             ] GC(849) Pause Full (Allocation Failure) 493M->348M(494M) 45.348ms
[35.161s][info][gc,cpu         ] GC(849) User=0.04s Sys=0.00s Real=0.04s
[35.172s][info][gc,start       ] GC(850) Pause Full (Allocation Failure)
[35.172s][info][gc,phases,start] GC(850) Phase 1: Mark live objects
[35.181s][info][gc,phases      ] GC(850) Phase 1: Mark live objects 9.218ms
[35.181s][info][gc,phases,start] GC(850) Phase 2: Compute new object addresses
[35.186s][info][gc,phases      ] GC(850) Phase 2: Compute new object addresses 4.814ms
[35.186s][info][gc,phases,start] GC(850) Phase 3: Adjust pointers
[35.192s][info][gc,phases      ] GC(850) Phase 3: Adjust pointers 6.093ms
[35.192s][info][gc,phases,start] GC(850) Phase 4: Move objects
[35.210s][info][gc,phases      ] GC(850) Phase 4: Move objects 18.353ms
[35.211s][info][gc,heap        ] GC(850) DefNew: 156781K(157248K)->25826K(157248K) Eden: 139776K(139776K)->25826K(139776K) From: 17005K(17472K)->0K(17472K)
[35.211s][info][gc,heap        ] GC(850) Tenured: 349367K(349568K)->349329K(349568K)
[35.211s][info][gc,metaspace   ] GC(850) Metaspace: 30954K(31296K)->30954K(31296K) NonClass: 27699K(27840K)->27699K(27840K) Class: 3254K(3456K)->3254K(3456K)
[35.211s][info][gc             ] GC(850) Pause Full (Allocation Failure) 494M->366M(494M) 38.946ms
[35.211s][info][gc,cpu         ] GC(850) User=0.04s Sys=0.00s Real=0.04s
[35.219s][info][gc,start       ] GC(851) Pause Full (Allocation Failure)
[35.219s][info][gc,phases,start] GC(851) Phase 1: Mark live objects
[35.228s][info][gc,phases      ] GC(851) Phase 1: Mark live objects 9.057ms
[35.228s][info][gc,phases,start] GC(851) Phase 2: Compute new object addresses
[35.232s][info][gc,phases      ] GC(851) Phase 2: Compute new object addresses 4.338ms
[35.232s][info][gc,phases,start] GC(851) Phase 3: Adjust pointers
[35.238s][info][gc,phases      ] GC(851) Phase 3: Adjust pointers 5.630ms
[35.238s][info][gc,phases,start] GC(851) Phase 4: Move objects
[35.264s][info][gc,phases      ] GC(851) Phase 4: Move objects 26.470ms
[35.265s][info][gc,heap        ] GC(851) DefNew: 157110K(157248K)->29857K(157248K) Eden: 139776K(139776K)->29857K(139776K) From: 17334K(17472K)->0K(17472K)
[35.265s][info][gc,heap        ] GC(851) Tenured: 349329K(349568K)->349428K(349568K)
[35.265s][info][gc,metaspace   ] GC(851) Metaspace: 30954K(31296K)->30954K(31296K) NonClass: 27699K(27840K)->27699K(27840K) Class: 3254K(3456K)->3254K(3456K)
[35.265s][info][gc             ] GC(851) Pause Full (Allocation Failure) 494M->370M(494M) 45.943ms
[35.265s][info][gc,cpu         ] GC(851) User=0.05s Sys=0.00s Real=0.05s
[35.272s][info][gc,start       ] GC(852) Pause Full (Allocation Failure)
[35.272s][info][gc,phases,start] GC(852) Phase 1: Mark live objects
[35.282s][info][gc,phases      ] GC(852) Phase 1: Mark live objects 9.795ms
[35.282s][info][gc,phases,start] GC(852) Phase 2: Compute new object addresses
[35.287s][info][gc,phases      ] GC(852) Phase 2: Compute new object addresses 4.825ms
[35.287s][info][gc,phases,start] GC(852) Phase 3: Adjust pointers
[35.293s][info][gc,phases      ] GC(852) Phase 3: Adjust pointers 6.159ms
[35.293s][info][gc,phases,start] GC(852) Phase 4: Move objects
[35.326s][info][gc,phases      ] GC(852) Phase 4: Move objects 32.803ms
[35.326s][info][gc,heap        ] GC(852) DefNew: 156995K(157248K)->20143K(157248K) Eden: 139776K(139776K)->20143K(139776K) From: 17219K(17472K)->0K(17472K)
[35.326s][info][gc,heap        ] GC(852) Tenured: 349428K(349568K)->349332K(349568K)
[35.326s][info][gc,metaspace   ] GC(852) Metaspace: 30956K(31296K)->30956K(31296K) NonClass: 27702K(27840K)->27702K(27840K) Class: 3254K(3456K)->3254K(3456K)
[35.326s][info][gc             ] GC(852) Pause Full (Allocation Failure) 494M->360M(494M) 54.040ms
[35.326s][info][gc,cpu         ] GC(852) User=0.05s Sys=0.00s Real=0.05s
[35.334s][info][gc,start       ] GC(853) Pause Full (Allocation Failure)
[35.334s][info][gc,phases,start] GC(853) Phase 1: Mark live objects
[35.344s][info][gc,phases      ] GC(853) Phase 1: Mark live objects 9.525ms
[35.344s][info][gc,phases,start] GC(853) Phase 2: Compute new object addresses
[35.349s][info][gc,phases      ] GC(853) Phase 2: Compute new object addresses 4.897ms
[35.349s][info][gc,phases,start] GC(853) Phase 3: Adjust pointers
[35.355s][info][gc,phases      ] GC(853) Phase 3: Adjust pointers 5.977ms
[35.355s][info][gc,phases,start] GC(853) Phase 4: Move objects
[35.383s][info][gc,phases      ] GC(853) Phase 4: Move objects 27.887ms
[35.383s][info][gc,heap        ] GC(853) DefNew: 157176K(157248K)->15200K(157248K) Eden: 139776K(139776K)->15200K(139776K) From: 17400K(17472K)->0K(17472K)
[35.383s][info][gc,heap        ] GC(853) Tenured: 349332K(349568K)->349435K(349568K)
[35.383s][info][gc,metaspace   ] GC(853) Metaspace: 30956K(31296K)->30956K(31296K) NonClass: 27702K(27840K)->27702K(27840K) Class: 3254K(3456K)->3254K(3456K)
[35.383s][info][gc             ] GC(853) Pause Full (Allocation Failure) 494M->356M(494M) 48.738ms
[35.383s][info][gc,cpu         ] GC(853) User=0.05s Sys=0.00s Real=0.05s
[35.394s][info][gc,start       ] GC(854) Pause Full (Allocation Failure)
[35.394s][info][gc,phases,start] GC(854) Phase 1: Mark live objects
[35.403s][info][gc,phases      ] GC(854) Phase 1: Mark live objects 9.583ms
[35.403s][info][gc,phases,start] GC(854) Phase 2: Compute new object addresses
[35.408s][info][gc,phases      ] GC(854) Phase 2: Compute new object addresses 4.875ms
[35.408s][info][gc,phases,start] GC(854) Phase 3: Adjust pointers
[35.415s][info][gc,phases      ] GC(854) Phase 3: Adjust pointers 6.202ms
[35.415s][info][gc,phases,start] GC(854) Phase 4: Move objects
[35.439s][info][gc,phases      ] GC(854) Phase 4: Move objects 24.828ms
[35.440s][info][gc,heap        ] GC(854) DefNew: 156370K(157248K)->28584K(157248K) Eden: 139776K(139776K)->28584K(139776K) From: 16594K(17472K)->0K(17472K)
[35.440s][info][gc,heap        ] GC(854) Tenured: 349435K(349568K)->349335K(349568K)
[35.440s][info][gc,metaspace   ] GC(854) Metaspace: 30956K(31296K)->30956K(31296K) NonClass: 27702K(27840K)->27702K(27840K) Class: 3254K(3456K)->3254K(3456K)
[35.440s][info][gc             ] GC(854) Pause Full (Allocation Failure) 493M->369M(494M) 45.977ms
[35.440s][info][gc,cpu         ] GC(854) User=0.05s Sys=0.00s Real=0.04s
[35.450s][info][gc,start       ] GC(855) Pause Full (Allocation Failure)
[35.450s][info][gc,phases,start] GC(855) Phase 1: Mark live objects
[35.459s][info][gc,phases      ] GC(855) Phase 1: Mark live objects 8.577ms
[35.459s][info][gc,phases,start] GC(855) Phase 2: Compute new object addresses
[35.463s][info][gc,phases      ] GC(855) Phase 2: Compute new object addresses 4.440ms
[35.463s][info][gc,phases,start] GC(855) Phase 3: Adjust pointers
[35.469s][info][gc,phases      ] GC(855) Phase 3: Adjust pointers 5.503ms
[35.469s][info][gc,phases,start] GC(855) Phase 4: Move objects
[35.496s][info][gc,phases      ] GC(855) Phase 4: Move objects 27.028ms
[35.496s][info][gc,heap        ] GC(855) DefNew: 156622K(157248K)->29447K(157248K) Eden: 139776K(139776K)->29447K(139776K) From: 16846K(17472K)->0K(17472K)
[35.496s][info][gc,heap        ] GC(855) Tenured: 349335K(349568K)->349555K(349568K)
[35.496s][info][gc,metaspace   ] GC(855) Metaspace: 30956K(31296K)->30956K(31296K) NonClass: 27702K(27840K)->27702K(27840K) Class: 3254K(3456K)->3254K(3456K)
[35.496s][info][gc             ] GC(855) Pause Full (Allocation Failure) 494M->370M(494M) 46.003ms
[35.496s][info][gc,cpu         ] GC(855) User=0.04s Sys=0.00s Real=0.05s
[35.508s][info][gc,start       ] GC(856) Pause Full (Allocation Failure)
[35.509s][info][gc,phases,start] GC(856) Phase 1: Mark live objects
[35.517s][info][gc,phases      ] GC(856) Phase 1: Mark live objects 8.683ms
[35.517s][info][gc,phases,start] GC(856) Phase 2: Compute new object addresses
[35.521s][info][gc,phases      ] GC(856) Phase 2: Compute new object addresses 4.147ms
[35.521s][info][gc,phases,start] GC(856) Phase 3: Adjust pointers
[35.527s][info][gc,phases      ] GC(856) Phase 3: Adjust pointers 5.434ms
[35.527s][info][gc,phases,start] GC(856) Phase 4: Move objects
[35.554s][info][gc,phases      ] GC(856) Phase 4: Move objects 27.302ms
[35.554s][info][gc,heap        ] GC(856) DefNew: 156859K(157248K)->21627K(157248K) Eden: 139776K(139776K)->21627K(139776K) From: 17083K(17472K)->0K(17472K)
[35.554s][info][gc,heap        ] GC(856) Tenured: 349555K(349568K)->348811K(349568K)
[35.554s][info][gc,metaspace   ] GC(856) Metaspace: 30956K(31296K)->30956K(31296K) NonClass: 27702K(27840K)->27702K(27840K) Class: 3254K(3456K)->3254K(3456K)
[35.555s][info][gc             ] GC(856) Pause Full (Allocation Failure) 494M->361M(494M) 46.024ms
[35.555s][info][gc,cpu         ] GC(856) User=0.05s Sys=0.00s Real=0.05s
[35.562s][info][gc,start       ] GC(857) Pause Full (Allocation Failure)
[35.563s][info][gc,phases,start] GC(857) Phase 1: Mark live objects
[35.571s][info][gc,phases      ] GC(857) Phase 1: Mark live objects 8.660ms
[35.571s][info][gc,phases,start] GC(857) Phase 2: Compute new object addresses
[35.576s][info][gc,phases      ] GC(857) Phase 2: Compute new object addresses 4.593ms
[35.576s][info][gc,phases,start] GC(857) Phase 3: Adjust pointers
[35.582s][info][gc,phases      ] GC(857) Phase 3: Adjust pointers 5.816ms
[35.582s][info][gc,phases,start] GC(857) Phase 4: Move objects
[35.610s][info][gc,phases      ] GC(857) Phase 4: Move objects 28.451ms
[35.610s][info][gc,heap        ] GC(857) DefNew: 157224K(157248K)->16720K(157248K) Eden: 139776K(139776K)->16720K(139776K) From: 17448K(17472K)->0K(17472K)
[35.610s][info][gc,heap        ] GC(857) Tenured: 349323K(349568K)->349433K(349568K)
[35.610s][info][gc,metaspace   ] GC(857) Metaspace: 30956K(31296K)->30956K(31296K) NonClass: 27702K(27840K)->27702K(27840K) Class: 3254K(3456K)->3254K(3456K)
[35.610s][info][gc             ] GC(857) Pause Full (Allocation Failure) 494M->357M(494M) 47.943ms
[35.610s][info][gc,cpu         ] GC(857) User=0.05s Sys=0.00s Real=0.05s
[35.621s][info][gc,start       ] GC(858) Pause Full (Allocation Failure)
[35.621s][info][gc,phases,start] GC(858) Phase 1: Mark live objects
[35.630s][info][gc,phases      ] GC(858) Phase 1: Mark live objects 8.343ms
[35.630s][info][gc,phases,start] GC(858) Phase 2: Compute new object addresses
[35.634s][info][gc,phases      ] GC(858) Phase 2: Compute new object addresses 4.425ms
[35.634s][info][gc,phases,start] GC(858) Phase 3: Adjust pointers
[35.640s][info][gc,phases      ] GC(858) Phase 3: Adjust pointers 5.458ms
[35.640s][info][gc,phases,start] GC(858) Phase 4: Move objects
[35.659s][info][gc,phases      ] GC(858) Phase 4: Move objects 19.669ms
[35.659s][info][gc,heap        ] GC(858) DefNew: 156736K(157248K)->33696K(157248K) Eden: 139776K(139776K)->33696K(139776K) From: 16960K(17472K)->0K(17472K)
[35.660s][info][gc,heap        ] GC(858) Tenured: 349433K(349568K)->349334K(349568K)
[35.660s][info][gc,metaspace   ] GC(858) Metaspace: 30956K(31296K)->30956K(31296K) NonClass: 27702K(27840K)->27702K(27840K) Class: 3254K(3456K)->3254K(3456K)
[35.660s][info][gc             ] GC(858) Pause Full (Allocation Failure) 494M->374M(494M) 38.349ms
[35.660s][info][gc,cpu         ] GC(858) User=0.03s Sys=0.00s Real=0.04s
[35.671s][info][gc,start       ] GC(859) Pause Full (Allocation Failure)
[35.671s][info][gc,phases,start] GC(859) Phase 1: Mark live objects
[35.680s][info][gc,phases      ] GC(859) Phase 1: Mark live objects 8.761ms
[35.680s][info][gc,phases,start] GC(859) Phase 2: Compute new object addresses
[35.684s][info][gc,phases      ] GC(859) Phase 2: Compute new object addresses 4.391ms
[35.685s][info][gc,phases,start] GC(859) Phase 3: Adjust pointers
[35.690s][info][gc,phases      ] GC(859) Phase 3: Adjust pointers 5.561ms
[35.690s][info][gc,phases,start] GC(859) Phase 4: Move objects
[35.717s][info][gc,phases      ] GC(859) Phase 4: Move objects 26.967ms
[35.717s][info][gc,heap        ] GC(859) DefNew: 156413K(157248K)->30465K(157248K) Eden: 139776K(139776K)->30465K(139776K) From: 16637K(17472K)->0K(17472K)
[35.717s][info][gc,heap        ] GC(859) Tenured: 349334K(349568K)->349334K(349568K)
[35.717s][info][gc,metaspace   ] GC(859) Metaspace: 30956K(31296K)->30956K(31296K) NonClass: 27702K(27840K)->27702K(27840K) Class: 3254K(3456K)->3254K(3456K)
[35.717s][info][gc             ] GC(859) Pause Full (Allocation Failure) 493M->370M(494M) 46.116ms
[35.717s][info][gc,cpu         ] GC(859) User=0.04s Sys=0.00s Real=0.04s
[35.728s][info][gc,start       ] GC(860) Pause Full (Allocation Failure)
[35.728s][info][gc,phases,start] GC(860) Phase 1: Mark live objects
[35.736s][info][gc,phases      ] GC(860) Phase 1: Mark live objects 8.445ms
[35.736s][info][gc,phases,start] GC(860) Phase 2: Compute new object addresses
[35.740s][info][gc,phases      ] GC(860) Phase 2: Compute new object addresses 4.159ms
[35.740s][info][gc,phases,start] GC(860) Phase 3: Adjust pointers
[35.746s][info][gc,phases      ] GC(860) Phase 3: Adjust pointers 5.446ms
[35.746s][info][gc,phases,start] GC(860) Phase 4: Move objects
[35.771s][info][gc,phases      ] GC(860) Phase 4: Move objects 25.467ms
[35.772s][info][gc,heap        ] GC(860) DefNew: 156680K(157248K)->30615K(157248K) Eden: 139776K(139776K)->30615K(139776K) From: 16904K(17472K)->0K(17472K)
[35.772s][info][gc,heap        ] GC(860) Tenured: 349334K(349568K)->349339K(349568K)
[35.772s][info][gc,metaspace   ] GC(860) Metaspace: 30956K(31296K)->30956K(31296K) NonClass: 27702K(27840K)->27702K(27840K) Class: 3254K(3456K)->3254K(3456K)
[35.772s][info][gc             ] GC(860) Pause Full (Allocation Failure) 494M->371M(494M) 43.936ms
[35.772s][info][gc,cpu         ] GC(860) User=0.04s Sys=0.00s Real=0.05s
[35.779s][info][gc,start       ] GC(861) Pause Full (Allocation Failure)
[35.779s][info][gc,phases,start] GC(861) Phase 1: Mark live objects
[35.789s][info][gc,phases      ] GC(861) Phase 1: Mark live objects 9.041ms
[35.789s][info][gc,phases,start] GC(861) Phase 2: Compute new object addresses
[35.793s][info][gc,phases      ] GC(861) Phase 2: Compute new object addresses 4.645ms
[35.793s][info][gc,phases,start] GC(861) Phase 3: Adjust pointers
[35.799s][info][gc,phases      ] GC(861) Phase 3: Adjust pointers 5.780ms
[35.799s][info][gc,phases,start] GC(861) Phase 4: Move objects
[35.827s][info][gc,phases      ] GC(861) Phase 4: Move objects 28.348ms
[35.828s][info][gc,heap        ] GC(861) DefNew: 157142K(157248K)->15703K(157248K) Eden: 139776K(139776K)->15703K(139776K) From: 17366K(17472K)->0K(17472K)
[35.828s][info][gc,heap        ] GC(861) Tenured: 349339K(349568K)->349419K(349568K)
[35.828s][info][gc,metaspace   ] GC(861) Metaspace: 30956K(31296K)->30956K(31296K) NonClass: 27702K(27840K)->27702K(27840K) Class: 3254K(3456K)->3254K(3456K)
[35.828s][info][gc             ] GC(861) Pause Full (Allocation Failure) 494M->356M(494M) 48.225ms
[35.828s][info][gc,cpu         ] GC(861) User=0.04s Sys=0.00s Real=0.05s
[35.838s][info][gc,start       ] GC(862) Pause Full (Allocation Failure)
[35.839s][info][gc,phases,start] GC(862) Phase 1: Mark live objects
[35.847s][info][gc,phases      ] GC(862) Phase 1: Mark live objects 8.544ms
[35.847s][info][gc,phases,start] GC(862) Phase 2: Compute new object addresses
[35.852s][info][gc,phases      ] GC(862) Phase 2: Compute new object addresses 4.494ms
[35.852s][info][gc,phases,start] GC(862) Phase 3: Adjust pointers
[35.857s][info][gc,phases      ] GC(862) Phase 3: Adjust pointers 5.787ms
[35.857s][info][gc,phases,start] GC(862) Phase 4: Move objects
[35.877s][info][gc,phases      ] GC(862) Phase 4: Move objects 19.978ms
[35.878s][info][gc,heap        ] GC(862) DefNew: 156252K(157248K)->32914K(157248K) Eden: 139776K(139776K)->32914K(139776K) From: 16476K(17472K)->0K(17472K)
[35.878s][info][gc,heap        ] GC(862) Tenured: 349419K(349568K)->349338K(349568K)
[35.878s][info][gc,metaspace   ] GC(862) Metaspace: 30956K(31296K)->30956K(31296K) NonClass: 27702K(27840K)->27702K(27840K) Class: 3254K(3456K)->3254K(3456K)
[35.878s][info][gc             ] GC(862) Pause Full (Allocation Failure) 493M->373M(494M) 39.238ms
[35.878s][info][gc,cpu         ] GC(862) User=0.04s Sys=0.00s Real=0.04s
[35.884s][info][gc,start       ] GC(863) Pause Full (Allocation Failure)
[35.884s][info][gc,phases,start] GC(863) Phase 1: Mark live objects
[35.894s][info][gc,phases      ] GC(863) Phase 1: Mark live objects 9.856ms
[35.894s][info][gc,phases,start] GC(863) Phase 2: Compute new object addresses
[35.899s][info][gc,phases      ] GC(863) Phase 2: Compute new object addresses 5.000ms
[35.899s][info][gc,phases,start] GC(863) Phase 3: Adjust pointers
[35.905s][info][gc,phases      ] GC(863) Phase 3: Adjust pointers 6.287ms
[35.905s][info][gc,phases,start] GC(863) Phase 4: Move objects
[35.933s][info][gc,phases      ] GC(863) Phase 4: Move objects 27.503ms
[35.933s][info][gc,heap        ] GC(863) DefNew: 156993K(157248K)->38633K(157248K) Eden: 139776K(139776K)->38633K(139776K) From: 17217K(17472K)->0K(17472K)
[35.933s][info][gc,heap        ] GC(863) Tenured: 349338K(349568K)->349338K(349568K)
[35.933s][info][gc,metaspace   ] GC(863) Metaspace: 30956K(31296K)->30956K(31296K) NonClass: 27702K(27840K)->27702K(27840K) Class: 3254K(3456K)->3254K(3456K)
[35.933s][info][gc             ] GC(863) Pause Full (Allocation Failure) 494M->378M(494M) 49.191ms
[35.933s][info][gc,cpu         ] GC(863) User=0.05s Sys=0.00s Real=0.05s
[35.944s][info][gc,start       ] GC(864) Pause Full (Allocation Failure)
[35.944s][info][gc,phases,start] GC(864) Phase 1: Mark live objects
[35.953s][info][gc,phases      ] GC(864) Phase 1: Mark live objects 8.875ms
[35.953s][info][gc,phases,start] GC(864) Phase 2: Compute new object addresses
[35.957s][info][gc,phases      ] GC(864) Phase 2: Compute new object addresses 4.089ms
[35.957s][info][gc,phases,start] GC(864) Phase 3: Adjust pointers
[35.962s][info][gc,phases      ] GC(864) Phase 3: Adjust pointers 5.456ms
[35.962s][info][gc,phases,start] GC(864) Phase 4: Move objects
[35.991s][info][gc,phases      ] GC(864) Phase 4: Move objects 28.249ms
[35.991s][info][gc,heap        ] GC(864) DefNew: 156461K(157248K)->14681K(157248K) Eden: 139776K(139776K)->14681K(139776K) From: 16685K(17472K)->0K(17472K)
[35.991s][info][gc,heap        ] GC(864) Tenured: 349338K(349568K)->349448K(349568K)
[35.991s][info][gc,metaspace   ] GC(864) Metaspace: 30956K(31296K)->30956K(31296K) NonClass: 27702K(27840K)->27702K(27840K) Class: 3254K(3456K)->3254K(3456K)
[35.991s][info][gc             ] GC(864) Pause Full (Allocation Failure) 493M->355M(494M) 47.152ms
[35.991s][info][gc,cpu         ] GC(864) User=0.05s Sys=0.00s Real=0.05s
[36.000s][info][gc,start       ] GC(865) Pause Full (Allocation Failure)
[36.000s][info][gc,phases,start] GC(865) Phase 1: Mark live objects
[36.009s][info][gc,phases      ] GC(865) Phase 1: Mark live objects 8.798ms
[36.009s][info][gc,phases,start] GC(865) Phase 2: Compute new object addresses
[36.014s][info][gc,phases      ] GC(865) Phase 2: Compute new object addresses 4.420ms
[36.014s][info][gc,phases,start] GC(865) Phase 3: Adjust pointers
[36.019s][info][gc,phases      ] GC(865) Phase 3: Adjust pointers 5.766ms
[36.019s][info][gc,phases,start] GC(865) Phase 4: Move objects
[36.047s][info][gc,phases      ] GC(865) Phase 4: Move objects 27.480ms
[36.047s][info][gc,heap        ] GC(865) DefNew: 157044K(157248K)->20060K(157248K) Eden: 139776K(139776K)->20060K(139776K) From: 17268K(17472K)->0K(17472K)
[36.047s][info][gc,heap        ] GC(865) Tenured: 349448K(349568K)->349333K(349568K)
[36.047s][info][gc,metaspace   ] GC(865) Metaspace: 30956K(31296K)->30956K(31296K) NonClass: 27702K(27840K)->27702K(27840K) Class: 3254K(3456K)->3254K(3456K)
[36.047s][info][gc             ] GC(865) Pause Full (Allocation Failure) 494M->360M(494M) 46.940ms
[36.047s][info][gc,cpu         ] GC(865) User=0.04s Sys=0.00s Real=0.05s
[36.058s][info][gc,start       ] GC(866) Pause Full (Allocation Failure)
[36.058s][info][gc,phases,start] GC(866) Phase 1: Mark live objects
[36.067s][info][gc,phases      ] GC(866) Phase 1: Mark live objects 8.763ms
[36.067s][info][gc,phases,start] GC(866) Phase 2: Compute new object addresses
[36.071s][info][gc,phases      ] GC(866) Phase 2: Compute new object addresses 4.664ms
[36.071s][info][gc,phases,start] GC(866) Phase 3: Adjust pointers
[36.077s][info][gc,phases      ] GC(866) Phase 3: Adjust pointers 5.650ms
[36.077s][info][gc,phases,start] GC(866) Phase 4: Move objects
[36.101s][info][gc,phases      ] GC(866) Phase 4: Move objects 23.605ms
[36.101s][info][gc,heap        ] GC(866) DefNew: 156619K(157248K)->34813K(157248K) Eden: 139776K(139776K)->34813K(139776K) From: 16843K(17472K)->0K(17472K)
[36.101s][info][gc,heap        ] GC(866) Tenured: 349333K(349568K)->349334K(349568K)
[36.101s][info][gc,metaspace   ] GC(866) Metaspace: 30956K(31296K)->30956K(31296K) NonClass: 27702K(27840K)->27702K(27840K) Class: 3254K(3456K)->3254K(3456K)
[36.101s][info][gc             ] GC(866) Pause Full (Allocation Failure) 494M->375M(494M) 43.097ms
[36.101s][info][gc,cpu         ] GC(866) User=0.04s Sys=0.00s Real=0.04s
[36.110s][info][gc,start       ] GC(867) Pause Full (Allocation Failure)
[36.110s][info][gc,phases,start] GC(867) Phase 1: Mark live objects
[36.119s][info][gc,phases      ] GC(867) Phase 1: Mark live objects 8.865ms
[36.119s][info][gc,phases,start] GC(867) Phase 2: Compute new object addresses
[36.123s][info][gc,phases      ] GC(867) Phase 2: Compute new object addresses 4.329ms
[36.123s][info][gc,phases,start] GC(867) Phase 3: Adjust pointers
[36.129s][info][gc,phases      ] GC(867) Phase 3: Adjust pointers 5.661ms
[36.129s][info][gc,phases,start] GC(867) Phase 4: Move objects
[36.156s][info][gc,phases      ] GC(867) Phase 4: Move objects 27.587ms
[36.157s][info][gc,heap        ] GC(867) DefNew: 157086K(157248K)->18781K(157248K) Eden: 139776K(139776K)->18781K(139776K) From: 17310K(17472K)->0K(17472K)
[36.157s][info][gc,heap        ] GC(867) Tenured: 349334K(349568K)->349328K(349568K)
[36.157s][info][gc,metaspace   ] GC(867) Metaspace: 30956K(31296K)->30956K(31296K) NonClass: 27702K(27840K)->27702K(27840K) Class: 3254K(3456K)->3254K(3456K)
[36.157s][info][gc             ] GC(867) Pause Full (Allocation Failure) 494M->359M(494M) 46.897ms
[36.157s][info][gc,cpu         ] GC(867) User=0.05s Sys=0.00s Real=0.05s
[36.167s][info][gc,start       ] GC(868) Pause Full (Allocation Failure)
[36.167s][info][gc,phases,start] GC(868) Phase 1: Mark live objects
[36.176s][info][gc,phases      ] GC(868) Phase 1: Mark live objects 8.380ms
[36.176s][info][gc,phases,start] GC(868) Phase 2: Compute new object addresses
[36.180s][info][gc,phases      ] GC(868) Phase 2: Compute new object addresses 4.463ms
[36.180s][info][gc,phases,start] GC(868) Phase 3: Adjust pointers
[36.186s][info][gc,phases      ] GC(868) Phase 3: Adjust pointers 5.622ms
[36.186s][info][gc,phases,start] GC(868) Phase 4: Move objects
[36.203s][info][gc,phases      ] GC(868) Phase 4: Move objects 17.199ms
[36.203s][info][gc,heap        ] GC(868) DefNew: 156695K(157248K)->35833K(157248K) Eden: 139776K(139776K)->35833K(139776K) From: 16919K(17472K)->0K(17472K)
[36.203s][info][gc,heap        ] GC(868) Tenured: 349328K(349568K)->349330K(349568K)
[36.203s][info][gc,metaspace   ] GC(868) Metaspace: 30956K(31296K)->30956K(31296K) NonClass: 27702K(27840K)->27702K(27840K) Class: 3254K(3456K)->3254K(3456K)
[36.203s][info][gc             ] GC(868) Pause Full (Allocation Failure) 494M->376M(494M) 36.090ms
[36.203s][info][gc,cpu         ] GC(868) User=0.04s Sys=0.00s Real=0.04s
[36.212s][info][gc,start       ] GC(869) Pause Full (Allocation Failure)
[36.212s][info][gc,phases,start] GC(869) Phase 1: Mark live objects
[36.220s][info][gc,phases      ] GC(869) Phase 1: Mark live objects 8.553ms
[36.220s][info][gc,phases,start] GC(869) Phase 2: Compute new object addresses
[36.225s][info][gc,phases      ] GC(869) Phase 2: Compute new object addresses 4.164ms
[36.225s][info][gc,phases,start] GC(869) Phase 3: Adjust pointers
[36.230s][info][gc,phases      ] GC(869) Phase 3: Adjust pointers 5.511ms
[36.230s][info][gc,phases,start] GC(869) Phase 4: Move objects
[36.259s][info][gc,phases      ] GC(869) Phase 4: Move objects 28.273ms
[36.259s][info][gc,heap        ] GC(869) DefNew: 157040K(157248K)->21099K(157248K) Eden: 139776K(139776K)->21099K(139776K) From: 17264K(17472K)->0K(17472K)
[36.259s][info][gc,heap        ] GC(869) Tenured: 349330K(349568K)->348553K(349568K)
[36.259s][info][gc,metaspace   ] GC(869) Metaspace: 30956K(31296K)->30956K(31296K) NonClass: 27702K(27840K)->27702K(27840K) Class: 3254K(3456K)->3254K(3456K)
[36.259s][info][gc             ] GC(869) Pause Full (Allocation Failure) 494M->360M(494M) 46.896ms
[36.259s][info][gc,cpu         ] GC(869) User=0.05s Sys=0.00s Real=0.04s
[36.269s][info][gc,start       ] GC(870) Pause Full (Allocation Failure)
[36.269s][info][gc,phases,start] GC(870) Phase 1: Mark live objects
[36.278s][info][gc,phases      ] GC(870) Phase 1: Mark live objects 8.959ms
[36.278s][info][gc,phases,start] GC(870) Phase 2: Compute new object addresses
[36.283s][info][gc,phases      ] GC(870) Phase 2: Compute new object addresses 4.867ms
[36.283s][info][gc,phases,start] GC(870) Phase 3: Adjust pointers
[36.289s][info][gc,phases      ] GC(870) Phase 3: Adjust pointers 6.153ms
[36.289s][info][gc,phases,start] GC(870) Phase 4: Move objects
[36.308s][info][gc,phases      ] GC(870) Phase 4: Move objects 19.323ms
[36.309s][info][gc,heap        ] GC(870) DefNew: 157219K(157248K)->38434K(157248K) Eden: 139776K(139776K)->38434K(139776K) From: 17443K(17472K)->0K(17472K)
[36.309s][info][gc,heap        ] GC(870) Tenured: 349321K(349568K)->349550K(349568K)
[36.309s][info][gc,metaspace   ] GC(870) Metaspace: 30957K(31296K)->30957K(31296K) NonClass: 27703K(27840K)->27703K(27840K) Class: 3254K(3456K)->3254K(3456K)
[36.309s][info][gc             ] GC(870) Pause Full (Allocation Failure) 494M->378M(494M) 39.760ms
[36.309s][info][gc,cpu         ] GC(870) User=0.04s Sys=0.00s Real=0.04s
[36.319s][info][gc,start       ] GC(871) Pause Full (Allocation Failure)
[36.319s][info][gc,phases,start] GC(871) Phase 1: Mark live objects
[36.328s][info][gc,phases      ] GC(871) Phase 1: Mark live objects 9.655ms
[36.328s][info][gc,phases,start] GC(871) Phase 2: Compute new object addresses
[36.334s][info][gc,phases      ] GC(871) Phase 2: Compute new object addresses 5.211ms
[36.334s][info][gc,phases,start] GC(871) Phase 3: Adjust pointers
[36.340s][info][gc,phases      ] GC(871) Phase 3: Adjust pointers 5.881ms
[36.340s][info][gc,phases,start] GC(871) Phase 4: Move objects
[36.368s][info][gc,phases      ] GC(871) Phase 4: Move objects 28.088ms
[36.368s][info][gc,heap        ] GC(871) DefNew: 156749K(157248K)->30851K(157248K) Eden: 139776K(139776K)->30851K(139776K) From: 16973K(17472K)->0K(17472K)
[36.368s][info][gc,heap        ] GC(871) Tenured: 349550K(349568K)->349336K(349568K)
[36.368s][info][gc,metaspace   ] GC(871) Metaspace: 30957K(31296K)->30957K(31296K) NonClass: 27703K(27840K)->27703K(27840K) Class: 3254K(3456K)->3254K(3456K)
[36.368s][info][gc             ] GC(871) Pause Full (Allocation Failure) 494M->371M(494M) 49.320ms
[36.368s][info][gc,cpu         ] GC(871) User=0.05s Sys=0.00s Real=0.05s
[36.378s][info][gc,start       ] GC(872) Pause Full (Allocation Failure)
[36.378s][info][gc,phases,start] GC(872) Phase 1: Mark live objects
[36.387s][info][gc,phases      ] GC(872) Phase 1: Mark live objects 8.692ms
[36.387s][info][gc,phases,start] GC(872) Phase 2: Compute new object addresses
[36.391s][info][gc,phases      ] GC(872) Phase 2: Compute new object addresses 4.419ms
[36.391s][info][gc,phases,start] GC(872) Phase 3: Adjust pointers
[36.398s][info][gc,phases      ] GC(872) Phase 3: Adjust pointers 6.335ms
[36.398s][info][gc,phases,start] GC(872) Phase 4: Move objects
[36.425s][info][gc,phases      ] GC(872) Phase 4: Move objects 27.036ms
[36.425s][info][gc,heap        ] GC(872) DefNew: 157172K(157248K)->40708K(157248K) Eden: 139776K(139776K)->40708K(139776K) From: 17396K(17472K)->0K(17472K)
[36.425s][info][gc,heap        ] GC(872) Tenured: 349336K(349568K)->349341K(349568K)
[36.425s][info][gc,metaspace   ] GC(872) Metaspace: 30957K(31296K)->30957K(31296K) NonClass: 27703K(27840K)->27703K(27840K) Class: 3254K(3456K)->3254K(3456K)
[36.425s][info][gc             ] GC(872) Pause Full (Allocation Failure) 494M->380M(494M) 46.959ms
[36.425s][info][gc,cpu         ] GC(872) User=0.05s Sys=0.00s Real=0.05s
[36.435s][info][gc,start       ] GC(873) Pause Full (Allocation Failure)
[36.436s][info][gc,phases,start] GC(873) Phase 1: Mark live objects
[36.447s][info][gc,phases      ] GC(873) Phase 1: Mark live objects 11.046ms
[36.447s][info][gc,phases,start] GC(873) Phase 2: Compute new object addresses
[36.451s][info][gc,phases      ] GC(873) Phase 2: Compute new object addresses 4.532ms
[36.451s][info][gc,phases,start] GC(873) Phase 3: Adjust pointers
[36.457s][info][gc,phases      ] GC(873) Phase 3: Adjust pointers 6.033ms
[36.457s][info][gc,phases,start] GC(873) Phase 4: Move objects
[36.486s][info][gc,phases      ] GC(873) Phase 4: Move objects 28.622ms
[36.486s][info][gc,heap        ] GC(873) DefNew: 156449K(157248K)->17237K(157248K) Eden: 139776K(139776K)->17237K(139776K) From: 16673K(17472K)->0K(17472K)
[36.486s][info][gc,heap        ] GC(873) Tenured: 349341K(349568K)->349343K(349568K)
[36.486s][info][gc,metaspace   ] GC(873) Metaspace: 30957K(31296K)->30957K(31296K) NonClass: 27703K(27840K)->27703K(27840K) Class: 3254K(3456K)->3254K(3456K)
[36.486s][info][gc             ] GC(873) Pause Full (Allocation Failure) 493M->357M(494M) 50.702ms
[36.486s][info][gc,cpu         ] GC(873) User=0.05s Sys=0.00s Real=0.05s
[36.496s][info][gc,start       ] GC(874) Pause Full (Allocation Failure)
[36.496s][info][gc,phases,start] GC(874) Phase 1: Mark live objects
[36.506s][info][gc,phases      ] GC(874) Phase 1: Mark live objects 9.186ms
[36.506s][info][gc,phases,start] GC(874) Phase 2: Compute new object addresses
[36.510s][info][gc,phases      ] GC(874) Phase 2: Compute new object addresses 4.720ms
[36.510s][info][gc,phases,start] GC(874) Phase 3: Adjust pointers
[36.516s][info][gc,phases      ] GC(874) Phase 3: Adjust pointers 5.759ms
[36.516s][info][gc,phases,start] GC(874) Phase 4: Move objects
[36.540s][info][gc,phases      ] GC(874) Phase 4: Move objects 23.608ms
[36.540s][info][gc,heap        ] GC(874) DefNew: 156603K(157248K)->38151K(157248K) Eden: 139776K(139776K)->38151K(139776K) From: 16827K(17472K)->0K(17472K)
[36.540s][info][gc,heap        ] GC(874) Tenured: 349343K(349568K)->349324K(349568K)
[36.540s][info][gc,metaspace   ] GC(874) Metaspace: 30957K(31296K)->30957K(31296K) NonClass: 27703K(27840K)->27703K(27840K) Class: 3254K(3456K)->3254K(3456K)
[36.540s][info][gc             ] GC(874) Pause Full (Allocation Failure) 494M->378M(494M) 43.799ms
[36.540s][info][gc,cpu         ] GC(874) User=0.05s Sys=0.00s Real=0.04s
[36.551s][info][gc,start       ] GC(875) Pause Full (Allocation Failure)
[36.551s][info][gc,phases,start] GC(875) Phase 1: Mark live objects
[36.560s][info][gc,phases      ] GC(875) Phase 1: Mark live objects 8.730ms
[36.560s][info][gc,phases,start] GC(875) Phase 2: Compute new object addresses
[36.564s][info][gc,phases      ] GC(875) Phase 2: Compute new object addresses 4.184ms
[36.564s][info][gc,phases,start] GC(875) Phase 3: Adjust pointers
[36.569s][info][gc,phases      ] GC(875) Phase 3: Adjust pointers 5.395ms
[36.569s][info][gc,phases,start] GC(875) Phase 4: Move objects
[36.596s][info][gc,phases      ] GC(875) Phase 4: Move objects 26.639ms
[36.596s][info][gc,heap        ] GC(875) DefNew: 156812K(157248K)->31637K(157248K) Eden: 139776K(139776K)->31637K(139776K) From: 17036K(17472K)->0K(17472K)
[36.596s][info][gc,heap        ] GC(875) Tenured: 349324K(349568K)->349334K(349568K)
[36.596s][info][gc,metaspace   ] GC(875) Metaspace: 30957K(31296K)->30957K(31296K) NonClass: 27703K(27840K)->27703K(27840K) Class: 3254K(3456K)->3254K(3456K)
[36.596s][info][gc             ] GC(875) Pause Full (Allocation Failure) 494M->372M(494M) 45.387ms
[36.596s][info][gc,cpu         ] GC(875) User=0.05s Sys=0.00s Real=0.04s
[36.610s][info][gc,start       ] GC(876) Pause Full (Allocation Failure)
[36.610s][info][gc,phases,start] GC(876) Phase 1: Mark live objects
[36.619s][info][gc,phases      ] GC(876) Phase 1: Mark live objects 9.302ms
[36.619s][info][gc,phases,start] GC(876) Phase 2: Compute new object addresses
[36.624s][info][gc,phases      ] GC(876) Phase 2: Compute new object addresses 4.469ms
[36.624s][info][gc,phases,start] GC(876) Phase 3: Adjust pointers
[36.629s][info][gc,phases      ] GC(876) Phase 3: Adjust pointers 5.880ms
[36.629s][info][gc,phases,start] GC(876) Phase 4: Move objects
[36.658s][info][gc,phases      ] GC(876) Phase 4: Move objects 28.199ms
[36.658s][info][gc,heap        ] GC(876) DefNew: 156394K(157248K)->19835K(157248K) Eden: 139776K(139776K)->19835K(139776K) From: 16618K(17472K)->0K(17472K)
[36.658s][info][gc,heap        ] GC(876) Tenured: 349334K(349568K)->349407K(349568K)
[36.658s][info][gc,metaspace   ] GC(876) Metaspace: 30957K(31296K)->30957K(31296K) NonClass: 27703K(27840K)->27703K(27840K) Class: 3254K(3456K)->3254K(3456K)
[36.658s][info][gc             ] GC(876) Pause Full (Allocation Failure) 493M->360M(494M) 48.297ms
[36.658s][info][gc,cpu         ] GC(876) User=0.05s Sys=0.00s Real=0.05s
[36.669s][info][gc,start       ] GC(877) Pause Full (Allocation Failure)
[36.669s][info][gc,phases,start] GC(877) Phase 1: Mark live objects
[36.677s][info][gc,phases      ] GC(877) Phase 1: Mark live objects 8.567ms
[36.677s][info][gc,phases,start] GC(877) Phase 2: Compute new object addresses
[36.682s][info][gc,phases      ] GC(877) Phase 2: Compute new object addresses 4.487ms
[36.682s][info][gc,phases,start] GC(877) Phase 3: Adjust pointers
[36.687s][info][gc,phases      ] GC(877) Phase 3: Adjust pointers 5.504ms
[36.687s][info][gc,phases,start] GC(877) Phase 4: Move objects
[36.714s][info][gc,phases      ] GC(877) Phase 4: Move objects 27.234ms
[36.715s][info][gc,heap        ] GC(877) DefNew: 157054K(157248K)->12090K(157248K) Eden: 139776K(139776K)->12090K(139776K) From: 17278K(17472K)->0K(17472K)
[36.715s][info][gc,heap        ] GC(877) Tenured: 349407K(349568K)->349364K(349568K)
[36.715s][info][gc,metaspace   ] GC(877) Metaspace: 30957K(31296K)->30957K(31296K) NonClass: 27703K(27840K)->27703K(27840K) Class: 3254K(3456K)->3254K(3456K)
[36.715s][info][gc             ] GC(877) Pause Full (Allocation Failure) 494M->352M(494M) 46.258ms
[36.715s][info][gc,cpu         ] GC(877) User=0.05s Sys=0.00s Real=0.05s
[36.729s][info][gc,start       ] GC(878) Pause Full (Allocation Failure)
[36.729s][info][gc,phases,start] GC(878) Phase 1: Mark live objects
[36.737s][info][gc,phases      ] GC(878) Phase 1: Mark live objects 8.621ms
[36.737s][info][gc,phases,start] GC(878) Phase 2: Compute new object addresses
[36.742s][info][gc,phases      ] GC(878) Phase 2: Compute new object addresses 4.489ms
[36.742s][info][gc,phases,start] GC(878) Phase 3: Adjust pointers
[36.748s][info][gc,phases      ] GC(878) Phase 3: Adjust pointers 5.683ms
[36.748s][info][gc,phases,start] GC(878) Phase 4: Move objects
[36.770s][info][gc,phases      ] GC(878) Phase 4: Move objects 22.405ms
[36.770s][info][gc,heap        ] GC(878) DefNew: 157091K(157248K)->32233K(157248K) Eden: 139776K(139776K)->32233K(139776K) From: 17315K(17472K)->0K(17472K)
[36.770s][info][gc,heap        ] GC(878) Tenured: 349364K(349568K)->349337K(349568K)
[36.770s][info][gc,metaspace   ] GC(878) Metaspace: 30957K(31296K)->30957K(31296K) NonClass: 27703K(27840K)->27703K(27840K) Class: 3254K(3456K)->3254K(3456K)
[36.770s][info][gc             ] GC(878) Pause Full (Allocation Failure) 494M->372M(494M) 41.684ms
[36.770s][info][gc,cpu         ] GC(878) User=0.04s Sys=0.00s Real=0.05s
[36.781s][info][gc,start       ] GC(879) Pause Full (Allocation Failure)
[36.781s][info][gc,phases,start] GC(879) Phase 1: Mark live objects
[36.790s][info][gc,phases      ] GC(879) Phase 1: Mark live objects 9.022ms
[36.790s][info][gc,phases,start] GC(879) Phase 2: Compute new object addresses
[36.795s][info][gc,phases      ] GC(879) Phase 2: Compute new object addresses 4.621ms
[36.795s][info][gc,phases,start] GC(879) Phase 3: Adjust pointers
[36.801s][info][gc,phases      ] GC(879) Phase 3: Adjust pointers 6.019ms
[36.801s][info][gc,phases,start] GC(879) Phase 4: Move objects
[36.827s][info][gc,phases      ] GC(879) Phase 4: Move objects 26.210ms
[36.827s][info][gc,heap        ] GC(879) DefNew: 156891K(157248K)->28810K(157248K) Eden: 139776K(139776K)->28810K(139776K) From: 17115K(17472K)->0K(17472K)
[36.827s][info][gc,heap        ] GC(879) Tenured: 349337K(349568K)->349334K(349568K)
[36.827s][info][gc,metaspace   ] GC(879) Metaspace: 30957K(31296K)->30957K(31296K) NonClass: 27703K(27840K)->27703K(27840K) Class: 3254K(3456K)->3254K(3456K)
[36.827s][info][gc             ] GC(879) Pause Full (Allocation Failure) 494M->369M(494M) 46.316ms
[36.827s][info][gc,cpu         ] GC(879) User=0.05s Sys=0.00s Real=0.05s
[36.838s][info][gc,start       ] GC(880) Pause Full (Allocation Failure)
[36.838s][info][gc,phases,start] GC(880) Phase 1: Mark live objects
[36.847s][info][gc,phases      ] GC(880) Phase 1: Mark live objects 8.790ms
[36.847s][info][gc,phases,start] GC(880) Phase 2: Compute new object addresses
[36.851s][info][gc,phases      ] GC(880) Phase 2: Compute new object addresses 4.543ms
[36.851s][info][gc,phases,start] GC(880) Phase 3: Adjust pointers
[36.857s][info][gc,phases      ] GC(880) Phase 3: Adjust pointers 5.708ms
[36.857s][info][gc,phases,start] GC(880) Phase 4: Move objects
[36.883s][info][gc,phases      ] GC(880) Phase 4: Move objects 26.570ms
[36.884s][info][gc,heap        ] GC(880) DefNew: 156634K(157248K)->28896K(157248K) Eden: 139776K(139776K)->28896K(139776K) From: 16858K(17472K)->0K(17472K)
[36.884s][info][gc,heap        ] GC(880) Tenured: 349334K(349568K)->349334K(349568K)
[36.884s][info][gc,metaspace   ] GC(880) Metaspace: 30957K(31296K)->30957K(31296K) NonClass: 27703K(27840K)->27703K(27840K) Class: 3254K(3456K)->3254K(3456K)
[36.884s][info][gc             ] GC(880) Pause Full (Allocation Failure) 494M->369M(494M) 46.027ms
[36.884s][info][gc,cpu         ] GC(880) User=0.05s Sys=0.00s Real=0.05s
[36.892s][info][gc,start       ] GC(881) Pause Full (Allocation Failure)
[36.892s][info][gc,phases,start] GC(881) Phase 1: Mark live objects
[36.901s][info][gc,phases      ] GC(881) Phase 1: Mark live objects 8.807ms
[36.901s][info][gc,phases,start] GC(881) Phase 2: Compute new object addresses
[36.905s][info][gc,phases      ] GC(881) Phase 2: Compute new object addresses 4.482ms
[36.905s][info][gc,phases,start] GC(881) Phase 3: Adjust pointers
[36.911s][info][gc,phases      ] GC(881) Phase 3: Adjust pointers 5.726ms
[36.911s][info][gc,phases,start] GC(881) Phase 4: Move objects
[36.940s][info][gc,phases      ] GC(881) Phase 4: Move objects 28.622ms
[36.940s][info][gc,heap        ] GC(881) DefNew: 157223K(157248K)->17225K(157248K) Eden: 139776K(139776K)->17225K(139776K) From: 17447K(17472K)->0K(17472K)
[36.940s][info][gc,heap        ] GC(881) Tenured: 349334K(349568K)->349341K(349568K)
[36.940s][info][gc,metaspace   ] GC(881) Metaspace: 30957K(31296K)->30957K(31296K) NonClass: 27703K(27840K)->27703K(27840K) Class: 3254K(3456K)->3254K(3456K)
[36.940s][info][gc             ] GC(881) Pause Full (Allocation Failure) 494M->357M(494M) 48.062ms
[36.940s][info][gc,cpu         ] GC(881) User=0.05s Sys=0.00s Real=0.04s
[36.949s][info][gc,start       ] GC(882) Pause Full (Allocation Failure)
[36.949s][info][gc,phases,start] GC(882) Phase 1: Mark live objects
[36.959s][info][gc,phases      ] GC(882) Phase 1: Mark live objects 9.619ms
[36.959s][info][gc,phases,start] GC(882) Phase 2: Compute new object addresses
[36.964s][info][gc,phases      ] GC(882) Phase 2: Compute new object addresses 5.099ms
[36.964s][info][gc,phases,start] GC(882) Phase 3: Adjust pointers
[36.971s][info][gc,phases      ] GC(882) Phase 3: Adjust pointers 6.411ms
[36.971s][info][gc,phases,start] GC(882) Phase 4: Move objects
[36.990s][info][gc,phases      ] GC(882) Phase 4: Move objects 19.417ms
[36.990s][info][gc,heap        ] GC(882) DefNew: 157247K(157248K)->36886K(157248K) Eden: 139776K(139776K)->36886K(139776K) From: 17471K(17472K)->0K(17472K)
[36.990s][info][gc,heap        ] GC(882) Tenured: 349354K(349568K)->349552K(349568K)
[36.990s][info][gc,metaspace   ] GC(882) Metaspace: 30957K(31296K)->30957K(31296K) NonClass: 27703K(27840K)->27703K(27840K) Class: 3254K(3456K)->3254K(3456K)
[36.990s][info][gc             ] GC(882) Pause Full (Allocation Failure) 494M->377M(494M) 41.023ms
[36.990s][info][gc,cpu         ] GC(882) User=0.04s Sys=0.00s Real=0.05s
[37.001s][info][gc,start       ] GC(883) Pause Full (Allocation Failure)
[37.001s][info][gc,phases,start] GC(883) Phase 1: Mark live objects
[37.010s][info][gc,phases      ] GC(883) Phase 1: Mark live objects 9.127ms
[37.010s][info][gc,phases,start] GC(883) Phase 2: Compute new object addresses
[37.014s][info][gc,phases      ] GC(883) Phase 2: Compute new object addresses 4.270ms
[37.014s][info][gc,phases,start] GC(883) Phase 3: Adjust pointers
[37.020s][info][gc,phases      ] GC(883) Phase 3: Adjust pointers 5.464ms
[37.020s][info][gc,phases,start] GC(883) Phase 4: Move objects
[37.047s][info][gc,phases      ] GC(883) Phase 4: Move objects 27.512ms
[37.047s][info][gc,heap        ] GC(883) DefNew: 156400K(157248K)->30865K(157248K) Eden: 139776K(139776K)->30865K(139776K) From: 16624K(17472K)->0K(17472K)
[37.048s][info][gc,heap        ] GC(883) Tenured: 349552K(349568K)->349330K(349568K)
[37.048s][info][gc,metaspace   ] GC(883) Metaspace: 30957K(31296K)->30957K(31296K) NonClass: 27703K(27840K)->27703K(27840K) Class: 3254K(3456K)->3254K(3456K)
[37.048s][info][gc             ] GC(883) Pause Full (Allocation Failure) 494M->371M(494M) 46.839ms
[37.048s][info][gc,cpu         ] GC(883) User=0.05s Sys=0.00s Real=0.05s
[37.058s][info][gc,start       ] GC(884) Pause Full (Allocation Failure)
[37.058s][info][gc,phases,start] GC(884) Phase 1: Mark live objects
[37.067s][info][gc,phases      ] GC(884) Phase 1: Mark live objects 8.925ms
[37.067s][info][gc,phases,start] GC(884) Phase 2: Compute new object addresses
[37.072s][info][gc,phases      ] GC(884) Phase 2: Compute new object addresses 4.617ms
[37.072s][info][gc,phases,start] GC(884) Phase 3: Adjust pointers
[37.078s][info][gc,phases      ] GC(884) Phase 3: Adjust pointers 5.949ms
[37.078s][info][gc,phases,start] GC(884) Phase 4: Move objects
[37.106s][info][gc,phases      ] GC(884) Phase 4: Move objects 28.004ms
[37.106s][info][gc,heap        ] GC(884) DefNew: 156623K(157248K)->12369K(157248K) Eden: 139776K(139776K)->12369K(139776K) From: 16847K(17472K)->0K(17472K)
[37.106s][info][gc,heap        ] GC(884) Tenured: 349330K(349568K)->349417K(349568K)
[37.106s][info][gc,metaspace   ] GC(884) Metaspace: 30957K(31296K)->30957K(31296K) NonClass: 27703K(27840K)->27703K(27840K) Class: 3254K(3456K)->3254K(3456K)
[37.106s][info][gc             ] GC(884) Pause Full (Allocation Failure) 494M->353M(494M) 48.005ms
[37.106s][info][gc,cpu         ] GC(884) User=0.05s Sys=0.00s Real=0.05s
[37.116s][info][gc,start       ] GC(885) Pause Full (Allocation Failure)
[37.116s][info][gc,phases,start] GC(885) Phase 1: Mark live objects
[37.125s][info][gc,phases      ] GC(885) Phase 1: Mark live objects 8.334ms
[37.125s][info][gc,phases,start] GC(885) Phase 2: Compute new object addresses
[37.129s][info][gc,phases      ] GC(885) Phase 2: Compute new object addresses 4.632ms
[37.129s][info][gc,phases,start] GC(885) Phase 3: Adjust pointers
[37.135s][info][gc,phases      ] GC(885) Phase 3: Adjust pointers 5.715ms
[37.135s][info][gc,phases,start] GC(885) Phase 4: Move objects
[37.162s][info][gc,phases      ] GC(885) Phase 4: Move objects 26.502ms
[37.162s][info][gc,heap        ] GC(885) DefNew: 156541K(157248K)->12613K(157248K) Eden: 139776K(139776K)->12613K(139776K) From: 16765K(17472K)->0K(17472K)
[37.162s][info][gc,heap        ] GC(885) Tenured: 349417K(349568K)->349338K(349568K)
[37.162s][info][gc,metaspace   ] GC(885) Metaspace: 30957K(31296K)->30957K(31296K) NonClass: 27703K(27840K)->27703K(27840K) Class: 3254K(3456K)->3254K(3456K)
[37.162s][info][gc             ] GC(885) Pause Full (Allocation Failure) 494M->353M(494M) 45.614ms
[37.162s][info][gc,cpu         ] GC(885) User=0.05s Sys=0.00s Real=0.04s
[37.170s][info][gc,start       ] GC(886) Pause Full (Allocation Failure)
[37.171s][info][gc,phases,start] GC(886) Phase 1: Mark live objects
[37.181s][info][gc,phases      ] GC(886) Phase 1: Mark live objects 9.999ms
[37.181s][info][gc,phases,start] GC(886) Phase 2: Compute new object addresses
[37.185s][info][gc,phases      ] GC(886) Phase 2: Compute new object addresses 4.786ms
[37.185s][info][gc,phases,start] GC(886) Phase 3: Adjust pointers
[37.191s][info][gc,phases      ] GC(886) Phase 3: Adjust pointers 5.767ms
[37.191s][info][gc,phases,start] GC(886) Phase 4: Move objects
[37.195s][info][gc,phases      ] GC(886) Phase 4: Move objects 4.193ms
[37.196s][info][gc,heap        ] GC(886) DefNew: 156926K(157248K)->35320K(157248K) Eden: 139776K(139776K)->35320K(139776K) From: 17150K(17472K)->0K(17472K)
[37.196s][info][gc,heap        ] GC(886) Tenured: 349338K(349568K)->349327K(349568K)
[37.196s][info][gc,metaspace   ] GC(886) Metaspace: 30957K(31296K)->30957K(31296K) NonClass: 27703K(27840K)->27703K(27840K) Class: 3254K(3456K)->3254K(3456K)
[37.196s][info][gc             ] GC(886) Pause Full (Allocation Failure) 494M->375M(494M) 25.187ms
[37.196s][info][gc,cpu         ] GC(886) User=0.03s Sys=0.00s Real=0.02s
[37.206s][info][gc,start       ] GC(887) Pause Full (Allocation Failure)
[37.206s][info][gc,phases,start] GC(887) Phase 1: Mark live objects
[37.215s][info][gc,phases      ] GC(887) Phase 1: Mark live objects 8.513ms
[37.215s][info][gc,phases,start] GC(887) Phase 2: Compute new object addresses
[37.219s][info][gc,phases      ] GC(887) Phase 2: Compute new object addresses 4.249ms
[37.219s][info][gc,phases,start] GC(887) Phase 3: Adjust pointers
[37.225s][info][gc,phases      ] GC(887) Phase 3: Adjust pointers 5.424ms
[37.225s][info][gc,phases,start] GC(887) Phase 4: Move objects
[37.250s][info][gc,phases      ] GC(887) Phase 4: Move objects 25.562ms
[37.251s][info][gc,heap        ] GC(887) DefNew: 156738K(157248K)->31891K(157248K) Eden: 139776K(139776K)->31891K(139776K) From: 16962K(17472K)->0K(17472K)
[37.251s][info][gc,heap        ] GC(887) Tenured: 349327K(349568K)->349330K(349568K)
[37.251s][info][gc,metaspace   ] GC(887) Metaspace: 30957K(31296K)->30957K(31296K) NonClass: 27703K(27840K)->27703K(27840K) Class: 3254K(3456K)->3254K(3456K)
[37.251s][info][gc             ] GC(887) Pause Full (Allocation Failure) 494M->372M(494M) 44.208ms
[37.251s][info][gc,cpu         ] GC(887) User=0.04s Sys=0.00s Real=0.05s
[37.267s][info][gc,start       ] GC(888) Pause Full (Allocation Failure)
[37.267s][info][gc,phases,start] GC(888) Phase 1: Mark live objects
[37.276s][info][gc,phases      ] GC(888) Phase 1: Mark live objects 8.940ms
[37.276s][info][gc,phases,start] GC(888) Phase 2: Compute new object addresses
[37.281s][info][gc,phases      ] GC(888) Phase 2: Compute new object addresses 4.687ms
[37.281s][info][gc,phases,start] GC(888) Phase 3: Adjust pointers
[37.287s][info][gc,phases      ] GC(888) Phase 3: Adjust pointers 6.136ms
[37.287s][info][gc,phases,start] GC(888) Phase 4: Move objects
[37.316s][info][gc,phases      ] GC(888) Phase 4: Move objects 28.594ms
[37.316s][info][gc,heap        ] GC(888) DefNew: 157248K(157248K)->13896K(157248K) Eden: 139776K(139776K)->13896K(139776K) From: 17472K(17472K)->0K(17472K)
[37.316s][info][gc,heap        ] GC(888) Tenured: 349400K(349568K)->349433K(349568K)
[37.316s][info][gc,metaspace   ] GC(888) Metaspace: 30957K(31296K)->30957K(31296K) NonClass: 27703K(27840K)->27703K(27840K) Class: 3254K(3456K)->3254K(3456K)
[37.316s][info][gc             ] GC(888) Pause Full (Allocation Failure) 494M->354M(494M) 48.808ms
[37.316s][info][gc,cpu         ] GC(888) User=0.05s Sys=0.00s Real=0.05s
[37.323s][info][gc,start       ] GC(889) Pause Full (Allocation Failure)
[37.324s][info][gc,phases,start] GC(889) Phase 1: Mark live objects
[37.333s][info][gc,phases      ] GC(889) Phase 1: Mark live objects 9.664ms
[37.333s][info][gc,phases,start] GC(889) Phase 2: Compute new object addresses
[37.338s][info][gc,phases      ] GC(889) Phase 2: Compute new object addresses 4.554ms
[37.338s][info][gc,phases,start] GC(889) Phase 3: Adjust pointers
[37.344s][info][gc,phases      ] GC(889) Phase 3: Adjust pointers 6.276ms
[37.344s][info][gc,phases,start] GC(889) Phase 4: Move objects
[37.372s][info][gc,phases      ] GC(889) Phase 4: Move objects 27.896ms
[37.372s][info][gc,heap        ] GC(889) DefNew: 157108K(157248K)->16718K(157248K) Eden: 139776K(139776K)->16718K(139776K) From: 17332K(17472K)->0K(17472K)
[37.372s][info][gc,heap        ] GC(889) Tenured: 349433K(349568K)->349458K(349568K)
[37.372s][info][gc,metaspace   ] GC(889) Metaspace: 30957K(31296K)->30957K(31296K) NonClass: 27703K(27840K)->27703K(27840K) Class: 3254K(3456K)->3254K(3456K)
[37.372s][info][gc             ] GC(889) Pause Full (Allocation Failure) 494M->357M(494M) 48.855ms
[37.372s][info][gc,cpu         ] GC(889) User=0.05s Sys=0.00s Real=0.05s
[37.383s][info][gc,start       ] GC(890) Pause Full (Allocation Failure)
[37.383s][info][gc,phases,start] GC(890) Phase 1: Mark live objects
[37.392s][info][gc,phases      ] GC(890) Phase 1: Mark live objects 8.746ms
[37.392s][info][gc,phases,start] GC(890) Phase 2: Compute new object addresses
[37.397s][info][gc,phases      ] GC(890) Phase 2: Compute new object addresses 4.647ms
[37.397s][info][gc,phases,start] GC(890) Phase 3: Adjust pointers
[37.403s][info][gc,phases      ] GC(890) Phase 3: Adjust pointers 6.406ms
[37.403s][info][gc,phases,start] GC(890) Phase 4: Move objects
[37.416s][info][gc,phases      ] GC(890) Phase 4: Move objects 13.380ms
[37.417s][info][gc,heap        ] GC(890) DefNew: 157231K(157248K)->34048K(157248K) Eden: 139776K(139776K)->34048K(139776K) From: 17455K(17472K)->0K(17472K)
[37.417s][info][gc,heap        ] GC(890) Tenured: 349458K(349568K)->349544K(349568K)
[37.417s][info][gc,metaspace   ] GC(890) Metaspace: 30957K(31296K)->30957K(31296K) NonClass: 27703K(27840K)->27703K(27840K) Class: 3254K(3456K)->3254K(3456K)
[37.417s][info][gc             ] GC(890) Pause Full (Allocation Failure) 494M->374M(494M) 33.662ms
[37.417s][info][gc,cpu         ] GC(890) User=0.03s Sys=0.00s Real=0.03s
[37.428s][info][gc,start       ] GC(891) Pause Full (Allocation Failure)
[37.428s][info][gc,phases,start] GC(891) Phase 1: Mark live objects
[37.439s][info][gc,phases      ] GC(891) Phase 1: Mark live objects 11.533ms
[37.439s][info][gc,phases,start] GC(891) Phase 2: Compute new object addresses
[37.444s][info][gc,phases      ] GC(891) Phase 2: Compute new object addresses 4.645ms
[37.444s][info][gc,phases,start] GC(891) Phase 3: Adjust pointers
[37.452s][info][gc,phases      ] GC(891) Phase 3: Adjust pointers 7.427ms
[37.452s][info][gc,phases,start] GC(891) Phase 4: Move objects
[37.480s][info][gc,phases      ] GC(891) Phase 4: Move objects 28.444ms
[37.480s][info][gc,heap        ] GC(891) DefNew: 156329K(157248K)->32143K(157248K) Eden: 139776K(139776K)->32143K(139776K) From: 16553K(17472K)->0K(17472K)
[37.480s][info][gc,heap        ] GC(891) Tenured: 349544K(349568K)->349552K(349568K)
[37.480s][info][gc,metaspace   ] GC(891) Metaspace: 30957K(31296K)->30957K(31296K) NonClass: 27703K(27840K)->27703K(27840K) Class: 3254K(3456K)->3254K(3456K)
[37.480s][info][gc             ] GC(891) Pause Full (Allocation Failure) 494M->372M(494M) 52.490ms
[37.480s][info][gc,cpu         ] GC(891) User=0.05s Sys=0.00s Real=0.05s
[37.491s][info][gc,start       ] GC(892) Pause Full (Allocation Failure)
[37.491s][info][gc,phases,start] GC(892) Phase 1: Mark live objects
[37.500s][info][gc,phases      ] GC(892) Phase 1: Mark live objects 9.316ms
[37.500s][info][gc,phases,start] GC(892) Phase 2: Compute new object addresses
[37.506s][info][gc,phases      ] GC(892) Phase 2: Compute new object addresses 5.132ms
[37.506s][info][gc,phases,start] GC(892) Phase 3: Adjust pointers
[37.513s][info][gc,phases      ] GC(892) Phase 3: Adjust pointers 7.135ms
[37.513s][info][gc,phases,start] GC(892) Phase 4: Move objects
[37.541s][info][gc,phases      ] GC(892) Phase 4: Move objects 28.247ms
[37.541s][info][gc,heap        ] GC(892) DefNew: 156499K(157248K)->15992K(157248K) Eden: 139776K(139776K)->15992K(139776K) From: 16723K(17472K)->0K(17472K)
[37.541s][info][gc,heap        ] GC(892) Tenured: 349552K(349568K)->349375K(349568K)
[37.541s][info][gc,metaspace   ] GC(892) Metaspace: 30957K(31296K)->30957K(31296K) NonClass: 27703K(27840K)->27703K(27840K) Class: 3254K(3456K)->3254K(3456K)
[37.541s][info][gc             ] GC(892) Pause Full (Allocation Failure) 494M->356M(494M) 50.281ms
[37.541s][info][gc,cpu         ] GC(892) User=0.05s Sys=0.00s Real=0.04s
[37.548s][info][gc,start       ] GC(893) Pause Full (Allocation Failure)
[37.548s][info][gc,phases,start] GC(893) Phase 1: Mark live objects
[37.557s][info][gc,phases      ] GC(893) Phase 1: Mark live objects 9.400ms
[37.557s][info][gc,phases,start] GC(893) Phase 2: Compute new object addresses
[37.562s][info][gc,phases      ] GC(893) Phase 2: Compute new object addresses 4.604ms
[37.562s][info][gc,phases,start] GC(893) Phase 3: Adjust pointers
[37.568s][info][gc,phases      ] GC(893) Phase 3: Adjust pointers 6.071ms
[37.568s][info][gc,phases,start] GC(893) Phase 4: Move objects
[37.597s][info][gc,phases      ] GC(893) Phase 4: Move objects 28.639ms
[37.597s][info][gc,heap        ] GC(893) DefNew: 157005K(157248K)->18798K(157248K) Eden: 139776K(139776K)->18798K(139776K) From: 17229K(17472K)->0K(17472K)
[37.597s][info][gc,heap        ] GC(893) Tenured: 349375K(349568K)->349431K(349568K)
[37.597s][info][gc,metaspace   ] GC(893) Metaspace: 30957K(31296K)->30957K(31296K) NonClass: 27703K(27840K)->27703K(27840K) Class: 3254K(3456K)->3254K(3456K)
[37.597s][info][gc             ] GC(893) Pause Full (Allocation Failure) 494M->359M(494M) 49.175ms
[37.597s][info][gc,cpu         ] GC(893) User=0.05s Sys=0.00s Real=0.05s
[37.605s][info][gc,start       ] GC(894) Pause Full (Allocation Failure)
[37.605s][info][gc,phases,start] GC(894) Phase 1: Mark live objects
[37.614s][info][gc,phases      ] GC(894) Phase 1: Mark live objects 8.767ms
[37.614s][info][gc,phases,start] GC(894) Phase 2: Compute new object addresses
[37.618s][info][gc,phases      ] GC(894) Phase 2: Compute new object addresses 4.314ms
[37.618s][info][gc,phases,start] GC(894) Phase 3: Adjust pointers
[37.624s][info][gc,phases      ] GC(894) Phase 3: Adjust pointers 5.377ms
[37.624s][info][gc,phases,start] GC(894) Phase 4: Move objects
[37.629s][info][gc,phases      ] GC(894) Phase 4: Move objects 4.839ms
[37.629s][info][gc,heap        ] GC(894) DefNew: 157096K(157248K)->38300K(157248K) Eden: 139776K(139776K)->38300K(139776K) From: 17320K(17472K)->0K(17472K)
[37.629s][info][gc,heap        ] GC(894) Tenured: 349431K(349568K)->349331K(349568K)
[37.629s][info][gc,metaspace   ] GC(894) Metaspace: 30957K(31296K)->30957K(31296K) NonClass: 27703K(27840K)->27703K(27840K) Class: 3254K(3456K)->3254K(3456K)
[37.629s][info][gc             ] GC(894) Pause Full (Allocation Failure) 494M->378M(494M) 23.786ms
[37.629s][info][gc,cpu         ] GC(894) User=0.02s Sys=0.00s Real=0.02s
[37.637s][info][gc,start       ] GC(895) Pause Full (Allocation Failure)
[37.637s][info][gc,phases,start] GC(895) Phase 1: Mark live objects
[37.646s][info][gc,phases      ] GC(895) Phase 1: Mark live objects 9.110ms
[37.646s][info][gc,phases,start] GC(895) Phase 2: Compute new object addresses
[37.650s][info][gc,phases      ] GC(895) Phase 2: Compute new object addresses 4.557ms
[37.650s][info][gc,phases,start] GC(895) Phase 3: Adjust pointers
[37.656s][info][gc,phases      ] GC(895) Phase 3: Adjust pointers 5.743ms
[37.656s][info][gc,phases,start] GC(895) Phase 4: Move objects
[37.684s][info][gc,phases      ] GC(895) Phase 4: Move objects 27.466ms
[37.684s][info][gc,heap        ] GC(895) DefNew: 157210K(157248K)->37115K(157248K) Eden: 139776K(139776K)->37115K(139776K) From: 17434K(17472K)->0K(17472K)
[37.684s][info][gc,heap        ] GC(895) Tenured: 349331K(349568K)->349326K(349568K)
[37.684s][info][gc,metaspace   ] GC(895) Metaspace: 30957K(31296K)->30957K(31296K) NonClass: 27703K(27840K)->27703K(27840K) Class: 3254K(3456K)->3254K(3456K)
[37.684s][info][gc             ] GC(895) Pause Full (Allocation Failure) 494M->377M(494M) 47.384ms
[37.684s][info][gc,cpu         ] GC(895) User=0.04s Sys=0.00s Real=0.05s
[37.692s][info][gc,start       ] GC(896) Pause Full (Allocation Failure)
[37.692s][info][gc,phases,start] GC(896) Phase 1: Mark live objects
[37.701s][info][gc,phases      ] GC(896) Phase 1: Mark live objects 8.899ms
[37.701s][info][gc,phases,start] GC(896) Phase 2: Compute new object addresses
[37.705s][info][gc,phases      ] GC(896) Phase 2: Compute new object addresses 4.207ms
[37.705s][info][gc,phases,start] GC(896) Phase 3: Adjust pointers
[37.711s][info][gc,phases      ] GC(896) Phase 3: Adjust pointers 5.600ms
[37.711s][info][gc,phases,start] GC(896) Phase 4: Move objects
[37.737s][info][gc,phases      ] GC(896) Phase 4: Move objects 26.394ms
[37.738s][info][gc,heap        ] GC(896) DefNew: 157204K(157248K)->37017K(157248K) Eden: 139776K(139776K)->37017K(139776K) From: 17428K(17472K)->0K(17472K)
[37.738s][info][gc,heap        ] GC(896) Tenured: 349326K(349568K)->349332K(349568K)
[37.738s][info][gc,metaspace   ] GC(896) Metaspace: 30957K(31296K)->30957K(31296K) NonClass: 27703K(27840K)->27703K(27840K) Class: 3254K(3456K)->3254K(3456K)
[37.738s][info][gc             ] GC(896) Pause Full (Allocation Failure) 494M->377M(494M) 45.495ms
[37.738s][info][gc,cpu         ] GC(896) User=0.04s Sys=0.00s Real=0.04s
[37.748s][info][gc,start       ] GC(897) Pause Full (Allocation Failure)
[37.748s][info][gc,phases,start] GC(897) Phase 1: Mark live objects
[37.757s][info][gc,phases      ] GC(897) Phase 1: Mark live objects 8.935ms
[37.757s][info][gc,phases,start] GC(897) Phase 2: Compute new object addresses
[37.762s][info][gc,phases      ] GC(897) Phase 2: Compute new object addresses 4.471ms
[37.762s][info][gc,phases,start] GC(897) Phase 3: Adjust pointers
[37.767s][info][gc,phases      ] GC(897) Phase 3: Adjust pointers 5.713ms
[37.768s][info][gc,phases,start] GC(897) Phase 4: Move objects
[37.796s][info][gc,phases      ] GC(897) Phase 4: Move objects 28.164ms
[37.796s][info][gc,heap        ] GC(897) DefNew: 156432K(157248K)->15215K(157248K) Eden: 139776K(139776K)->15215K(139776K) From: 16656K(17472K)->0K(17472K)
[37.796s][info][gc,heap        ] GC(897) Tenured: 349332K(349568K)->349407K(349568K)
[37.796s][info][gc,metaspace   ] GC(897) Metaspace: 30957K(31296K)->30957K(31296K) NonClass: 27703K(27840K)->27703K(27840K) Class: 3254K(3456K)->3254K(3456K)
[37.796s][info][gc             ] GC(897) Pause Full (Allocation Failure) 493M->356M(494M) 47.695ms
[37.796s][info][gc,cpu         ] GC(897) User=0.05s Sys=0.00s Real=0.05s
[37.806s][info][gc,start       ] GC(898) Pause Full (Allocation Failure)
[37.806s][info][gc,phases,start] GC(898) Phase 1: Mark live objects
[37.815s][info][gc,phases      ] GC(898) Phase 1: Mark live objects 8.372ms
[37.815s][info][gc,phases,start] GC(898) Phase 2: Compute new object addresses
[37.819s][info][gc,phases      ] GC(898) Phase 2: Compute new object addresses 4.343ms
[37.819s][info][gc,phases,start] GC(898) Phase 3: Adjust pointers
[37.825s][info][gc,phases      ] GC(898) Phase 3: Adjust pointers 5.438ms
[37.825s][info][gc,phases,start] GC(898) Phase 4: Move objects
[37.849s][info][gc,phases      ] GC(898) Phase 4: Move objects 24.692ms
[37.850s][info][gc,heap        ] GC(898) DefNew: 156846K(157248K)->33169K(157248K) Eden: 139776K(139776K)->33169K(139776K) From: 17070K(17472K)->0K(17472K)
[37.850s][info][gc,heap        ] GC(898) Tenured: 349407K(349568K)->349332K(349568K)
[37.850s][info][gc,metaspace   ] GC(898) Metaspace: 30957K(31296K)->30957K(31296K) NonClass: 27703K(27840K)->27703K(27840K) Class: 3254K(3456K)->3254K(3456K)
[37.850s][info][gc             ] GC(898) Pause Full (Allocation Failure) 494M->373M(494M) 43.281ms
[37.850s][info][gc,cpu         ] GC(898) User=0.04s Sys=0.00s Real=0.04s
[37.860s][info][gc,start       ] GC(899) Pause Full (Allocation Failure)
[37.860s][info][gc,phases,start] GC(899) Phase 1: Mark live objects
[37.870s][info][gc,phases      ] GC(899) Phase 1: Mark live objects 9.179ms
[37.870s][info][gc,phases,start] GC(899) Phase 2: Compute new object addresses
[37.874s][info][gc,phases      ] GC(899) Phase 2: Compute new object addresses 4.734ms
[37.874s][info][gc,phases,start] GC(899) Phase 3: Adjust pointers
[37.880s][info][gc,phases      ] GC(899) Phase 3: Adjust pointers 5.753ms
[37.880s][info][gc,phases,start] GC(899) Phase 4: Move objects
[37.908s][info][gc,phases      ] GC(899) Phase 4: Move objects 28.017ms
[37.908s][info][gc,heap        ] GC(899) DefNew: 157248K(157248K)->15856K(157248K) Eden: 139776K(139776K)->15856K(139776K) From: 17472K(17472K)->0K(17472K)
[37.908s][info][gc,heap        ] GC(899) Tenured: 349479K(349568K)->349524K(349568K)
[37.908s][info][gc,metaspace   ] GC(899) Metaspace: 30957K(31296K)->30957K(31296K) NonClass: 27703K(27840K)->27703K(27840K) Class: 3254K(3456K)->3254K(3456K)
[37.908s][info][gc             ] GC(899) Pause Full (Allocation Failure) 494M->356M(494M) 48.137ms
[37.908s][info][gc,cpu         ] GC(899) User=0.04s Sys=0.00s Real=0.05s
[37.920s][info][gc,start       ] GC(900) Pause Full (Allocation Failure)
[37.920s][info][gc,phases,start] GC(900) Phase 1: Mark live objects
[37.929s][info][gc,phases      ] GC(900) Phase 1: Mark live objects 8.695ms
[37.929s][info][gc,phases,start] GC(900) Phase 2: Compute new object addresses
[37.934s][info][gc,phases      ] GC(900) Phase 2: Compute new object addresses 4.464ms
[37.934s][info][gc,phases,start] GC(900) Phase 3: Adjust pointers
[37.939s][info][gc,phases      ] GC(900) Phase 3: Adjust pointers 5.746ms
[37.939s][info][gc,phases,start] GC(900) Phase 4: Move objects
[37.945s][info][gc,phases      ] GC(900) Phase 4: Move objects 5.717ms
[37.945s][info][gc,heap        ] GC(900) DefNew: 156804K(157248K)->38851K(157248K) Eden: 139776K(139776K)->38851K(139776K) From: 17028K(17472K)->0K(17472K)
[37.945s][info][gc,heap        ] GC(900) Tenured: 349524K(349568K)->349404K(349568K)
[37.945s][info][gc,metaspace   ] GC(900) Metaspace: 30957K(31296K)->30957K(31296K) NonClass: 27703K(27840K)->27703K(27840K) Class: 3254K(3456K)->3254K(3456K)
[37.945s][info][gc             ] GC(900) Pause Full (Allocation Failure) 494M->379M(494M) 25.023ms
[37.945s][info][gc,cpu         ] GC(900) User=0.03s Sys=0.00s Real=0.03s
[37.956s][info][gc,start       ] GC(901) Pause Full (Allocation Failure)
[37.956s][info][gc,phases,start] GC(901) Phase 1: Mark live objects
[37.965s][info][gc,phases      ] GC(901) Phase 1: Mark live objects 8.480ms
[37.965s][info][gc,phases,start] GC(901) Phase 2: Compute new object addresses
[37.969s][info][gc,phases      ] GC(901) Phase 2: Compute new object addresses 4.149ms
[37.969s][info][gc,phases,start] GC(901) Phase 3: Adjust pointers
[37.974s][info][gc,phases      ] GC(901) Phase 3: Adjust pointers 5.548ms
[37.974s][info][gc,phases,start] GC(901) Phase 4: Move objects
[38.004s][info][gc,phases      ] GC(901) Phase 4: Move objects 29.180ms
[38.004s][info][gc,heap        ] GC(901) DefNew: 157225K(157248K)->18588K(157248K) Eden: 139776K(139776K)->18588K(139776K) From: 17449K(17472K)->0K(17472K)
[38.004s][info][gc,heap        ] GC(901) Tenured: 349404K(349568K)->349327K(349568K)
[38.004s][info][gc,metaspace   ] GC(901) Metaspace: 30957K(31296K)->30957K(31296K) NonClass: 27703K(27840K)->27703K(27840K) Class: 3254K(3456K)->3254K(3456K)
[38.004s][info][gc             ] GC(901) Pause Full (Allocation Failure) 494M->359M(494M) 47.782ms
[38.004s][info][gc,cpu         ] GC(901) User=0.05s Sys=0.00s Real=0.05s
[38.014s][info][gc,start       ] GC(902) Pause Full (Allocation Failure)
[38.014s][info][gc,phases,start] GC(902) Phase 1: Mark live objects
[38.023s][info][gc,phases      ] GC(902) Phase 1: Mark live objects 9.212ms
[38.023s][info][gc,phases,start] GC(902) Phase 2: Compute new object addresses
[38.028s][info][gc,phases      ] GC(902) Phase 2: Compute new object addresses 4.787ms
[38.028s][info][gc,phases,start] GC(902) Phase 3: Adjust pointers
[38.035s][info][gc,phases      ] GC(902) Phase 3: Adjust pointers 6.406ms
[38.035s][info][gc,phases,start] GC(902) Phase 4: Move objects
[38.057s][info][gc,phases      ] GC(902) Phase 4: Move objects 22.658ms
[38.058s][info][gc,heap        ] GC(902) DefNew: 156842K(157248K)->37122K(157248K) Eden: 139776K(139776K)->37122K(139776K) From: 17066K(17472K)->0K(17472K)
[38.058s][info][gc,heap        ] GC(902) Tenured: 349327K(349568K)->349323K(349568K)
[38.058s][info][gc,metaspace   ] GC(902) Metaspace: 30957K(31296K)->30957K(31296K) NonClass: 27703K(27840K)->27703K(27840K) Class: 3254K(3456K)->3254K(3456K)
[38.058s][info][gc             ] GC(902) Pause Full (Allocation Failure) 494M->377M(494M) 43.506ms
[38.058s][info][gc,cpu         ] GC(902) User=0.05s Sys=0.00s Real=0.04s
[38.068s][info][gc,start       ] GC(903) Pause Full (Allocation Failure)
[38.068s][info][gc,phases,start] GC(903) Phase 1: Mark live objects
[38.077s][info][gc,phases      ] GC(903) Phase 1: Mark live objects 8.545ms
[38.077s][info][gc,phases,start] GC(903) Phase 2: Compute new object addresses
[38.081s][info][gc,phases      ] GC(903) Phase 2: Compute new object addresses 4.230ms
[38.081s][info][gc,phases,start] GC(903) Phase 3: Adjust pointers
[38.087s][info][gc,phases      ] GC(903) Phase 3: Adjust pointers 5.486ms
[38.087s][info][gc,phases,start] GC(903) Phase 4: Move objects
[38.113s][info][gc,phases      ] GC(903) Phase 4: Move objects 26.353ms
[38.113s][info][gc,heap        ] GC(903) DefNew: 157247K(157248K)->36548K(157248K) Eden: 139776K(139776K)->36548K(139776K) From: 17471K(17472K)->0K(17472K)
[38.113s][info][gc,heap        ] GC(903) Tenured: 349329K(349568K)->349412K(349568K)
[38.113s][info][gc,metaspace   ] GC(903) Metaspace: 30957K(31296K)->30957K(31296K) NonClass: 27703K(27840K)->27703K(27840K) Class: 3254K(3456K)->3254K(3456K)
[38.113s][info][gc             ] GC(903) Pause Full (Allocation Failure) 494M->376M(494M) 45.024ms
[38.113s][info][gc,cpu         ] GC(903) User=0.04s Sys=0.00s Real=0.05s
[38.120s][info][gc,start       ] GC(904) Pause Full (Allocation Failure)
[38.120s][info][gc,phases,start] GC(904) Phase 1: Mark live objects
[38.129s][info][gc,phases      ] GC(904) Phase 1: Mark live objects 9.263ms
[38.129s][info][gc,phases,start] GC(904) Phase 2: Compute new object addresses
[38.133s][info][gc,phases      ] GC(904) Phase 2: Compute new object addresses 4.059ms
[38.133s][info][gc,phases,start] GC(904) Phase 3: Adjust pointers
[38.139s][info][gc,phases      ] GC(904) Phase 3: Adjust pointers 5.539ms
[38.139s][info][gc,phases,start] GC(904) Phase 4: Move objects
[38.167s][info][gc,phases      ] GC(904) Phase 4: Move objects 28.373ms
[38.168s][info][gc,heap        ] GC(904) DefNew: 157047K(157248K)->23919K(157248K) Eden: 139776K(139776K)->23919K(139776K) From: 17271K(17472K)->0K(17472K)
[38.168s][info][gc,heap        ] GC(904) Tenured: 349412K(349568K)->349319K(349568K)
[38.168s][info][gc,metaspace   ] GC(904) Metaspace: 30957K(31296K)->30957K(31296K) NonClass: 27703K(27840K)->27703K(27840K) Class: 3254K(3456K)->3254K(3456K)
[38.168s][info][gc             ] GC(904) Pause Full (Allocation Failure) 494M->364M(494M) 47.793ms
[38.168s][info][gc,cpu         ] GC(904) User=0.05s Sys=0.00s Real=0.05s
[38.177s][info][gc,start       ] GC(905) Pause Full (Allocation Failure)
[38.177s][info][gc,phases,start] GC(905) Phase 1: Mark live objects
[38.186s][info][gc,phases      ] GC(905) Phase 1: Mark live objects 8.687ms
[38.186s][info][gc,phases,start] GC(905) Phase 2: Compute new object addresses
[38.191s][info][gc,phases      ] GC(905) Phase 2: Compute new object addresses 4.662ms
[38.191s][info][gc,phases,start] GC(905) Phase 3: Adjust pointers
[38.197s][info][gc,phases      ] GC(905) Phase 3: Adjust pointers 5.750ms
[38.197s][info][gc,phases,start] GC(905) Phase 4: Move objects
[38.223s][info][gc,phases      ] GC(905) Phase 4: Move objects 26.793ms
[38.224s][info][gc,heap        ] GC(905) DefNew: 157102K(157248K)->26826K(157248K) Eden: 139776K(139776K)->26826K(139776K) From: 17326K(17472K)->0K(17472K)
[38.224s][info][gc,heap        ] GC(905) Tenured: 349319K(349568K)->349320K(349568K)
[38.224s][info][gc,metaspace   ] GC(905) Metaspace: 30957K(31296K)->30957K(31296K) NonClass: 27703K(27840K)->27703K(27840K) Class: 3254K(3456K)->3254K(3456K)
[38.224s][info][gc             ] GC(905) Pause Full (Allocation Failure) 494M->367M(494M) 46.329ms
[38.224s][info][gc,cpu         ] GC(905) User=0.05s Sys=0.00s Real=0.05s
[38.234s][info][gc,start       ] GC(906) Pause Full (Allocation Failure)
[38.234s][info][gc,phases,start] GC(906) Phase 1: Mark live objects
[38.244s][info][gc,phases      ] GC(906) Phase 1: Mark live objects 9.134ms
[38.244s][info][gc,phases,start] GC(906) Phase 2: Compute new object addresses
[38.249s][info][gc,phases      ] GC(906) Phase 2: Compute new object addresses 4.901ms
[38.249s][info][gc,phases,start] GC(906) Phase 3: Adjust pointers
[38.255s][info][gc,phases      ] GC(906) Phase 3: Adjust pointers 6.541ms
[38.255s][info][gc,phases,start] GC(906) Phase 4: Move objects
[38.278s][info][gc,phases      ] GC(906) Phase 4: Move objects 23.234ms
[38.279s][info][gc,heap        ] GC(906) DefNew: 157095K(157248K)->41652K(157248K) Eden: 139776K(139776K)->41652K(139776K) From: 17319K(17472K)->0K(17472K)
[38.279s][info][gc,heap        ] GC(906) Tenured: 349320K(349568K)->349321K(349568K)
[38.279s][info][gc,metaspace   ] GC(906) Metaspace: 30966K(31296K)->30966K(31296K) NonClass: 27711K(27840K)->27711K(27840K) Class: 3254K(3456K)->3254K(3456K)
[38.279s][info][gc             ] GC(906) Pause Full (Allocation Failure) 494M->381M(494M) 44.324ms
[38.279s][info][gc,cpu         ] GC(906) User=0.04s Sys=0.00s Real=0.04s
[38.289s][info][gc,start       ] GC(907) Pause Full (Allocation Failure)
[38.289s][info][gc,phases,start] GC(907) Phase 1: Mark live objects
[38.300s][info][gc,phases      ] GC(907) Phase 1: Mark live objects 10.620ms
[38.300s][info][gc,phases,start] GC(907) Phase 2: Compute new object addresses
[38.304s][info][gc,phases      ] GC(907) Phase 2: Compute new object addresses 4.420ms
[38.304s][info][gc,phases,start] GC(907) Phase 3: Adjust pointers
[38.310s][info][gc,phases      ] GC(907) Phase 3: Adjust pointers 5.727ms
[38.310s][info][gc,phases,start] GC(907) Phase 4: Move objects
[38.338s][info][gc,phases      ] GC(907) Phase 4: Move objects 27.630ms
[38.338s][info][gc,heap        ] GC(907) DefNew: 157145K(157248K)->35576K(157248K) Eden: 139776K(139776K)->35576K(139776K) From: 17369K(17472K)->0K(17472K)
[38.338s][info][gc,heap        ] GC(907) Tenured: 349321K(349568K)->349332K(349568K)
[38.338s][info][gc,metaspace   ] GC(907) Metaspace: 30966K(31296K)->30966K(31296K) NonClass: 27711K(27840K)->27711K(27840K) Class: 3254K(3456K)->3254K(3456K)
[38.338s][info][gc             ] GC(907) Pause Full (Allocation Failure) 494M->375M(494M) 48.875ms
[38.338s][info][gc,cpu         ] GC(907) User=0.04s Sys=0.00s Real=0.05s
[38.348s][info][gc,start       ] GC(908) Pause Full (Allocation Failure)
[38.348s][info][gc,phases,start] GC(908) Phase 1: Mark live objects
[38.358s][info][gc,phases      ] GC(908) Phase 1: Mark live objects 9.204ms
[38.358s][info][gc,phases,start] GC(908) Phase 2: Compute new object addresses
[38.362s][info][gc,phases      ] GC(908) Phase 2: Compute new object addresses 4.483ms
[38.362s][info][gc,phases,start] GC(908) Phase 3: Adjust pointers
[38.368s][info][gc,phases      ] GC(908) Phase 3: Adjust pointers 5.858ms
[38.368s][info][gc,phases,start] GC(908) Phase 4: Move objects
[38.397s][info][gc,phases      ] GC(908) Phase 4: Move objects 28.479ms
[38.397s][info][gc,heap        ] GC(908) DefNew: 156354K(157248K)->19078K(157248K) Eden: 139776K(139776K)->19078K(139776K) From: 16578K(17472K)->0K(17472K)
[38.397s][info][gc,heap        ] GC(908) Tenured: 349332K(349568K)->348638K(349568K)
[38.397s][info][gc,metaspace   ] GC(908) Metaspace: 30966K(31296K)->30966K(31296K) NonClass: 27711K(27840K)->27711K(27840K) Class: 3254K(3456K)->3254K(3456K)
[38.397s][info][gc             ] GC(908) Pause Full (Allocation Failure) 493M->359M(494M) 48.475ms
[38.397s][info][gc,cpu         ] GC(908) User=0.05s Sys=0.00s Real=0.05s
[38.407s][info][gc,start       ] GC(909) Pause Full (Allocation Failure)
[38.407s][info][gc,phases,start] GC(909) Phase 1: Mark live objects
[38.417s][info][gc,phases      ] GC(909) Phase 1: Mark live objects 9.607ms
[38.417s][info][gc,phases,start] GC(909) Phase 2: Compute new object addresses
[38.422s][info][gc,phases      ] GC(909) Phase 2: Compute new object addresses 4.588ms
[38.422s][info][gc,phases,start] GC(909) Phase 3: Adjust pointers
[38.428s][info][gc,phases      ] GC(909) Phase 3: Adjust pointers 5.887ms
[38.428s][info][gc,phases,start] GC(909) Phase 4: Move objects
[38.456s][info][gc,phases      ] GC(909) Phase 4: Move objects 28.483ms
[38.456s][info][gc,heap        ] GC(909) DefNew: 157208K(157248K)->20081K(157248K) Eden: 139776K(139776K)->20081K(139776K) From: 17432K(17472K)->0K(17472K)
[38.456s][info][gc,heap        ] GC(909) Tenured: 348894K(349568K)->349313K(349568K)
[38.456s][info][gc,metaspace   ] GC(909) Metaspace: 30966K(31296K)->30966K(31296K) NonClass: 27711K(27840K)->27711K(27840K) Class: 3254K(3456K)->3254K(3456K)
[38.456s][info][gc             ] GC(909) Pause Full (Allocation Failure) 494M->360M(494M) 49.055ms
[38.456s][info][gc,cpu         ] GC(909) User=0.05s Sys=0.00s Real=0.05s
[38.467s][info][gc,start       ] GC(910) Pause Full (Allocation Failure)
[38.467s][info][gc,phases,start] GC(910) Phase 1: Mark live objects
[38.476s][info][gc,phases      ] GC(910) Phase 1: Mark live objects 9.163ms
[38.476s][info][gc,phases,start] GC(910) Phase 2: Compute new object addresses
[38.481s][info][gc,phases      ] GC(910) Phase 2: Compute new object addresses 4.404ms
[38.481s][info][gc,phases,start] GC(910) Phase 3: Adjust pointers
[38.486s][info][gc,phases      ] GC(910) Phase 3: Adjust pointers 5.652ms
[38.486s][info][gc,phases,start] GC(910) Phase 4: Move objects
[38.510s][info][gc,phases      ] GC(910) Phase 4: Move objects 23.642ms
[38.510s][info][gc,heap        ] GC(910) DefNew: 157147K(157248K)->40357K(157248K) Eden: 139776K(139776K)->40357K(139776K) From: 17371K(17472K)->0K(17472K)
[38.510s][info][gc,heap        ] GC(910) Tenured: 349313K(349568K)->349326K(349568K)
[38.510s][info][gc,metaspace   ] GC(910) Metaspace: 30966K(31296K)->30966K(31296K) NonClass: 27711K(27840K)->27711K(27840K) Class: 3254K(3456K)->3254K(3456K)
[38.510s][info][gc             ] GC(910) Pause Full (Allocation Failure) 494M->380M(494M) 43.341ms
[38.510s][info][gc,cpu         ] GC(910) User=0.03s Sys=0.00s Real=0.05s
[38.521s][info][gc,start       ] GC(911) Pause Full (Allocation Failure)
[38.521s][info][gc,phases,start] GC(911) Phase 1: Mark live objects
[38.530s][info][gc,phases      ] GC(911) Phase 1: Mark live objects 9.068ms
[38.530s][info][gc,phases,start] GC(911) Phase 2: Compute new object addresses
[38.534s][info][gc,phases      ] GC(911) Phase 2: Compute new object addresses 4.498ms
[38.535s][info][gc,phases,start] GC(911) Phase 3: Adjust pointers
[38.541s][info][gc,phases      ] GC(911) Phase 3: Adjust pointers 6.008ms
[38.541s][info][gc,phases,start] GC(911) Phase 4: Move objects
[38.568s][info][gc,phases      ] GC(911) Phase 4: Move objects 26.961ms
[38.568s][info][gc,heap        ] GC(911) DefNew: 156663K(157248K)->34845K(157248K) Eden: 139776K(139776K)->34845K(139776K) From: 16887K(17472K)->0K(17472K)
[38.568s][info][gc,heap        ] GC(911) Tenured: 349326K(349568K)->349546K(349568K)
[38.568s][info][gc,metaspace   ] GC(911) Metaspace: 30966K(31296K)->30966K(31296K) NonClass: 27711K(27840K)->27711K(27840K) Class: 3254K(3456K)->3254K(3456K)
[38.568s][info][gc             ] GC(911) Pause Full (Allocation Failure) 494M->375M(494M) 46.961ms
[38.568s][info][gc,cpu         ] GC(911) User=0.05s Sys=0.00s Real=0.05s
[38.577s][info][gc,start       ] GC(912) Pause Full (Allocation Failure)
[38.578s][info][gc,phases,start] GC(912) Phase 1: Mark live objects
[38.586s][info][gc,phases      ] GC(912) Phase 1: Mark live objects 8.749ms
[38.586s][info][gc,phases,start] GC(912) Phase 2: Compute new object addresses
[38.591s][info][gc,phases      ] GC(912) Phase 2: Compute new object addresses 4.260ms
[38.591s][info][gc,phases,start] GC(912) Phase 3: Adjust pointers
[38.596s][info][gc,phases      ] GC(912) Phase 3: Adjust pointers 5.759ms
[38.596s][info][gc,phases,start] GC(912) Phase 4: Move objects
[38.625s][info][gc,phases      ] GC(912) Phase 4: Move objects 28.316ms
[38.625s][info][gc,heap        ] GC(912) DefNew: 156988K(157248K)->19568K(157248K) Eden: 139776K(139776K)->19568K(139776K) From: 17212K(17472K)->0K(17472K)
[38.625s][info][gc,heap        ] GC(912) Tenured: 349546K(349568K)->349565K(349568K)
[38.625s][info][gc,metaspace   ] GC(912) Metaspace: 30966K(31296K)->30966K(31296K) NonClass: 27711K(27840K)->27711K(27840K) Class: 3254K(3456K)->3254K(3456K)
[38.625s][info][gc             ] GC(912) Pause Full (Allocation Failure) 494M->360M(494M) 47.491ms
[38.625s][info][gc,cpu         ] GC(912) User=0.05s Sys=0.00s Real=0.05s
[38.636s][info][gc,start       ] GC(913) Pause Full (Allocation Failure)
[38.636s][info][gc,phases,start] GC(913) Phase 1: Mark live objects
[38.645s][info][gc,phases      ] GC(913) Phase 1: Mark live objects 9.345ms
[38.645s][info][gc,phases,start] GC(913) Phase 2: Compute new object addresses
[38.650s][info][gc,phases      ] GC(913) Phase 2: Compute new object addresses 5.101ms
[38.650s][info][gc,phases,start] GC(913) Phase 3: Adjust pointers
[38.656s][info][gc,phases      ] GC(913) Phase 3: Adjust pointers 6.076ms
[38.656s][info][gc,phases,start] GC(913) Phase 4: Move objects
[38.684s][info][gc,phases      ] GC(913) Phase 4: Move objects 27.508ms
[38.684s][info][gc,heap        ] GC(913) DefNew: 157152K(157248K)->15703K(157248K) Eden: 139776K(139776K)->15703K(139776K) From: 17376K(17472K)->0K(17472K)
[38.684s][info][gc,heap        ] GC(913) Tenured: 349565K(349568K)->349425K(349568K)
[38.684s][info][gc,metaspace   ] GC(913) Metaspace: 30966K(31296K)->30966K(31296K) NonClass: 27711K(27840K)->27711K(27840K) Class: 3254K(3456K)->3254K(3456K)
[38.684s][info][gc             ] GC(913) Pause Full (Allocation Failure) 494M->356M(494M) 48.470ms
[38.684s][info][gc,cpu         ] GC(913) User=0.05s Sys=0.00s Real=0.05s
[38.695s][info][gc,start       ] GC(914) Pause Full (Allocation Failure)
[38.695s][info][gc,phases,start] GC(914) Phase 1: Mark live objects
[38.703s][info][gc,phases      ] GC(914) Phase 1: Mark live objects 8.843ms
[38.704s][info][gc,phases,start] GC(914) Phase 2: Compute new object addresses
[38.708s][info][gc,phases      ] GC(914) Phase 2: Compute new object addresses 4.429ms
[38.708s][info][gc,phases,start] GC(914) Phase 3: Adjust pointers
[38.714s][info][gc,phases      ] GC(914) Phase 3: Adjust pointers 5.628ms
[38.714s][info][gc,phases,start] GC(914) Phase 4: Move objects
[38.735s][info][gc,phases      ] GC(914) Phase 4: Move objects 21.204ms
[38.735s][info][gc,heap        ] GC(914) DefNew: 156270K(157248K)->31897K(157248K) Eden: 139776K(139776K)->31897K(139776K) From: 16494K(17472K)->0K(17472K)
[38.735s][info][gc,heap        ] GC(914) Tenured: 349425K(349568K)->349327K(349568K)
[38.735s][info][gc,metaspace   ] GC(914) Metaspace: 30966K(31296K)->30966K(31296K) NonClass: 27711K(27840K)->27711K(27840K) Class: 3254K(3456K)->3254K(3456K)
[38.735s][info][gc             ] GC(914) Pause Full (Allocation Failure) 493M->372M(494M) 40.606ms
[38.735s][info][gc,cpu         ] GC(914) User=0.04s Sys=0.00s Real=0.04s
[38.746s][info][gc,start       ] GC(915) Pause Full (Allocation Failure)
[38.746s][info][gc,phases,start] GC(915) Phase 1: Mark live objects
[38.756s][info][gc,phases      ] GC(915) Phase 1: Mark live objects 9.596ms
[38.756s][info][gc,phases,start] GC(915) Phase 2: Compute new object addresses
[38.761s][info][gc,phases      ] GC(915) Phase 2: Compute new object addresses 4.716ms
[38.761s][info][gc,phases,start] GC(915) Phase 3: Adjust pointers
[38.767s][info][gc,phases      ] GC(915) Phase 3: Adjust pointers 5.914ms
[38.767s][info][gc,phases,start] GC(915) Phase 4: Move objects
[38.795s][info][gc,phases      ] GC(915) Phase 4: Move objects 27.854ms
[38.795s][info][gc,heap        ] GC(915) DefNew: 156993K(157248K)->13383K(157248K) Eden: 139776K(139776K)->13383K(139776K) From: 17217K(17472K)->0K(17472K)
[38.795s][info][gc,heap        ] GC(915) Tenured: 349327K(349568K)->349426K(349568K)
[38.795s][info][gc,metaspace   ] GC(915) Metaspace: 30966K(31296K)->30966K(31296K) NonClass: 27711K(27840K)->27711K(27840K) Class: 3254K(3456K)->3254K(3456K)
[38.795s][info][gc             ] GC(915) Pause Full (Allocation Failure) 494M->354M(494M) 48.551ms
[38.795s][info][gc,cpu         ] GC(915) User=0.05s Sys=0.00s Real=0.05s
[38.806s][info][gc,start       ] GC(916) Pause Full (Allocation Failure)
[38.806s][info][gc,phases,start] GC(916) Phase 1: Mark live objects
[38.814s][info][gc,phases      ] GC(916) Phase 1: Mark live objects 8.224ms
[38.814s][info][gc,phases,start] GC(916) Phase 2: Compute new object addresses
[38.819s][info][gc,phases      ] GC(916) Phase 2: Compute new object addresses 4.286ms
[38.819s][info][gc,phases,start] GC(916) Phase 3: Adjust pointers
[38.824s][info][gc,phases      ] GC(916) Phase 3: Adjust pointers 5.417ms
[38.824s][info][gc,phases,start] GC(916) Phase 4: Move objects
[38.847s][info][gc,phases      ] GC(916) Phase 4: Move objects 22.731ms
[38.847s][info][gc,heap        ] GC(916) DefNew: 157167K(157248K)->28556K(157248K) Eden: 139776K(139776K)->28556K(139776K) From: 17391K(17472K)->0K(17472K)
[38.847s][info][gc,heap        ] GC(916) Tenured: 349426K(349568K)->349328K(349568K)
[38.847s][info][gc,metaspace   ] GC(916) Metaspace: 30966K(31296K)->30966K(31296K) NonClass: 27711K(27840K)->27711K(27840K) Class: 3254K(3456K)->3254K(3456K)
[38.847s][info][gc             ] GC(916) Pause Full (Allocation Failure) 494M->369M(494M) 41.083ms
[38.847s][info][gc,cpu         ] GC(916) User=0.04s Sys=0.00s Real=0.04s
[38.855s][info][gc,start       ] GC(917) Pause Full (Allocation Failure)
[38.855s][info][gc,phases,start] GC(917) Phase 1: Mark live objects
[38.864s][info][gc,phases      ] GC(917) Phase 1: Mark live objects 8.853ms
[38.864s][info][gc,phases,start] GC(917) Phase 2: Compute new object addresses
[38.869s][info][gc,phases      ] GC(917) Phase 2: Compute new object addresses 4.471ms
[38.869s][info][gc,phases,start] GC(917) Phase 3: Adjust pointers
[38.875s][info][gc,phases      ] GC(917) Phase 3: Adjust pointers 5.900ms
[38.875s][info][gc,phases,start] GC(917) Phase 4: Move objects
[38.903s][info][gc,phases      ] GC(917) Phase 4: Move objects 28.406ms
[38.903s][info][gc,heap        ] GC(917) DefNew: 157247K(157248K)->13384K(157248K) Eden: 139776K(139776K)->13384K(139776K) From: 17471K(17472K)->0K(17472K)
[38.903s][info][gc,heap        ] GC(917) Tenured: 349384K(349568K)->348889K(349568K)
[38.903s][info][gc,metaspace   ] GC(917) Metaspace: 30966K(31296K)->30966K(31296K) NonClass: 27711K(27840K)->27711K(27840K) Class: 3254K(3456K)->3254K(3456K)
[38.903s][info][gc             ] GC(917) Pause Full (Allocation Failure) 494M->353M(494M) 48.079ms
[38.904s][info][gc,cpu         ] GC(917) User=0.05s Sys=0.00s Real=0.05s
[38.914s][info][gc,start       ] GC(918) Pause Full (Allocation Failure)
[38.914s][info][gc,phases,start] GC(918) Phase 1: Mark live objects
[38.923s][info][gc,phases      ] GC(918) Phase 1: Mark live objects 8.743ms
[38.923s][info][gc,phases,start] GC(918) Phase 2: Compute new object addresses
[38.927s][info][gc,phases      ] GC(918) Phase 2: Compute new object addresses 4.466ms
[38.928s][info][gc,phases,start] GC(918) Phase 3: Adjust pointers
[38.933s][info][gc,phases      ] GC(918) Phase 3: Adjust pointers 5.474ms
[38.933s][info][gc,phases,start] GC(918) Phase 4: Move objects
[38.956s][info][gc,phases      ] GC(918) Phase 4: Move objects 22.740ms
[38.956s][info][gc,heap        ] GC(918) DefNew: 156400K(157248K)->29321K(157248K) Eden: 139776K(139776K)->29321K(139776K) From: 16624K(17472K)->0K(17472K)
[38.956s][info][gc,heap        ] GC(918) Tenured: 348889K(349568K)->349321K(349568K)
[38.956s][info][gc,metaspace   ] GC(918) Metaspace: 30966K(31296K)->30966K(31296K) NonClass: 27711K(27840K)->27711K(27840K) Class: 3254K(3456K)->3254K(3456K)
[38.956s][info][gc             ] GC(918) Pause Full (Allocation Failure) 493M->369M(494M) 41.862ms
[38.956s][info][gc,cpu         ] GC(918) User=0.04s Sys=0.00s Real=0.04s
[38.967s][info][gc,start       ] GC(919) Pause Full (Allocation Failure)
[38.967s][info][gc,phases,start] GC(919) Phase 1: Mark live objects
[38.975s][info][gc,phases      ] GC(919) Phase 1: Mark live objects 8.706ms
[38.975s][info][gc,phases,start] GC(919) Phase 2: Compute new object addresses
[38.980s][info][gc,phases      ] GC(919) Phase 2: Compute new object addresses 4.473ms
[38.980s][info][gc,phases,start] GC(919) Phase 3: Adjust pointers
[38.986s][info][gc,phases      ] GC(919) Phase 3: Adjust pointers 5.693ms
[38.986s][info][gc,phases,start] GC(919) Phase 4: Move objects
[39.014s][info][gc,phases      ] GC(919) Phase 4: Move objects 28.097ms
[39.014s][info][gc,heap        ] GC(919) DefNew: 157087K(157248K)->26090K(157248K) Eden: 139776K(139776K)->26090K(139776K) From: 17311K(17472K)->0K(17472K)
[39.014s][info][gc,heap        ] GC(919) Tenured: 349321K(349568K)->349319K(349568K)
[39.014s][info][gc,metaspace   ] GC(919) Metaspace: 30966K(31296K)->30966K(31296K) NonClass: 27711K(27840K)->27711K(27840K) Class: 3254K(3456K)->3254K(3456K)
[39.014s][info][gc             ] GC(919) Pause Full (Allocation Failure) 494M->366M(494M) 47.384ms
[39.014s][info][gc,cpu         ] GC(919) User=0.04s Sys=0.00s Real=0.05s
[39.031s][info][gc,start       ] GC(920) Pause Full (Allocation Failure)
[39.031s][info][gc,phases,start] GC(920) Phase 1: Mark live objects
[39.040s][info][gc,phases      ] GC(920) Phase 1: Mark live objects 8.956ms
[39.040s][info][gc,phases,start] GC(920) Phase 2: Compute new object addresses
[39.045s][info][gc,phases      ] GC(920) Phase 2: Compute new object addresses 4.295ms
[39.045s][info][gc,phases,start] GC(920) Phase 3: Adjust pointers
[39.050s][info][gc,phases      ] GC(920) Phase 3: Adjust pointers 5.861ms
[39.050s][info][gc,phases,start] GC(920) Phase 4: Move objects
[39.078s][info][gc,phases      ] GC(920) Phase 4: Move objects 27.934ms
[39.079s][info][gc,heap        ] GC(920) DefNew: 156872K(157248K)->5926K(157248K) Eden: 139776K(139776K)->5926K(139776K) From: 17096K(17472K)->0K(17472K)
[39.079s][info][gc,heap        ] GC(920) Tenured: 349319K(349568K)->349351K(349568K)
[39.079s][info][gc,metaspace   ] GC(920) Metaspace: 30966K(31296K)->30966K(31296K) NonClass: 27711K(27840K)->27711K(27840K) Class: 3254K(3456K)->3254K(3456K)
[39.079s][info][gc             ] GC(920) Pause Full (Allocation Failure) 494M->346M(494M) 47.476ms
[39.079s][info][gc,cpu         ] GC(920) User=0.04s Sys=0.00s Real=0.04s
[39.089s][info][gc,start       ] GC(921) Pause Full (Allocation Failure)
[39.089s][info][gc,phases,start] GC(921) Phase 1: Mark live objects
[39.098s][info][gc,phases      ] GC(921) Phase 1: Mark live objects 9.056ms
[39.098s][info][gc,phases,start] GC(921) Phase 2: Compute new object addresses
[39.103s][info][gc,phases      ] GC(921) Phase 2: Compute new object addresses 4.918ms
[39.103s][info][gc,phases,start] GC(921) Phase 3: Adjust pointers
[39.109s][info][gc,phases      ] GC(921) Phase 3: Adjust pointers 5.841ms
[39.109s][info][gc,phases,start] GC(921) Phase 4: Move objects
[39.135s][info][gc,phases      ] GC(921) Phase 4: Move objects 25.904ms
[39.135s][info][gc,heap        ] GC(921) DefNew: 156603K(157248K)->8242K(157248K) Eden: 139776K(139776K)->8242K(139776K) From: 16827K(17472K)->0K(17472K)
[39.135s][info][gc,heap        ] GC(921) Tenured: 349351K(349568K)->349436K(349568K)
[39.135s][info][gc,metaspace   ] GC(921) Metaspace: 30966K(31296K)->30966K(31296K) NonClass: 27711K(27840K)->27711K(27840K) Class: 3254K(3456K)->3254K(3456K)
[39.135s][info][gc             ] GC(921) Pause Full (Allocation Failure) 494M->349M(494M) 46.144ms
[39.135s][info][gc,cpu         ] GC(921) User=0.05s Sys=0.00s Real=0.05s
[39.143s][info][gc,start       ] GC(922) Pause Full (Allocation Failure)
[39.143s][info][gc,phases,start] GC(922) Phase 1: Mark live objects
[39.152s][info][gc,phases      ] GC(922) Phase 1: Mark live objects 8.562ms
[39.152s][info][gc,phases,start] GC(922) Phase 2: Compute new object addresses
[39.156s][info][gc,phases      ] GC(922) Phase 2: Compute new object addresses 4.427ms
[39.156s][info][gc,phases,start] GC(922) Phase 3: Adjust pointers
[39.162s][info][gc,phases      ] GC(922) Phase 3: Adjust pointers 5.404ms
[39.162s][info][gc,phases,start] GC(922) Phase 4: Move objects
[39.166s][info][gc,phases      ] GC(922) Phase 4: Move objects 3.916ms
[39.166s][info][gc,heap        ] GC(922) DefNew: 157071K(157248K)->32395K(157248K) Eden: 139776K(139776K)->32395K(139776K) From: 17295K(17472K)->0K(17472K)
[39.166s][info][gc,heap        ] GC(922) Tenured: 349436K(349568K)->349330K(349568K)
[39.166s][info][gc,metaspace   ] GC(922) Metaspace: 30966K(31296K)->30966K(31296K) NonClass: 27711K(27840K)->27711K(27840K) Class: 3254K(3456K)->3254K(3456K)
[39.166s][info][gc             ] GC(922) Pause Full (Allocation Failure) 494M->372M(494M) 22.699ms
[39.166s][info][gc,cpu         ] GC(922) User=0.02s Sys=0.00s Real=0.02s
[39.183s][info][gc,start       ] GC(923) Pause Full (Allocation Failure)
[39.183s][info][gc,phases,start] GC(923) Phase 1: Mark live objects
[39.191s][info][gc,phases      ] GC(923) Phase 1: Mark live objects 8.306ms
[39.191s][info][gc,phases,start] GC(923) Phase 2: Compute new object addresses
[39.196s][info][gc,phases      ] GC(923) Phase 2: Compute new object addresses 4.539ms
[39.196s][info][gc,phases,start] GC(923) Phase 3: Adjust pointers
[39.201s][info][gc,phases      ] GC(923) Phase 3: Adjust pointers 5.703ms
[39.201s][info][gc,phases,start] GC(923) Phase 4: Move objects
[39.227s][info][gc,phases      ] GC(923) Phase 4: Move objects 26.000ms
[39.228s][info][gc,heap        ] GC(923) DefNew: 157177K(157248K)->21702K(157248K) Eden: 139776K(139776K)->21702K(139776K) From: 17401K(17472K)->0K(17472K)
[39.228s][info][gc,heap        ] GC(923) Tenured: 349330K(349568K)->349327K(349568K)
[39.228s][info][gc,metaspace   ] GC(923) Metaspace: 30966K(31296K)->30966K(31296K) NonClass: 27711K(27840K)->27711K(27840K) Class: 3254K(3456K)->3254K(3456K)
[39.228s][info][gc             ] GC(923) Pause Full (Allocation Failure) 494M->362M(494M) 44.999ms
[39.228s][info][gc,cpu         ] GC(923) User=0.04s Sys=0.00s Real=0.04s
[39.238s][info][gc,start       ] GC(924) Pause Full (Allocation Failure)
[39.238s][info][gc,phases,start] GC(924) Phase 1: Mark live objects
[39.247s][info][gc,phases      ] GC(924) Phase 1: Mark live objects 9.045ms
[39.247s][info][gc,phases,start] GC(924) Phase 2: Compute new object addresses
[39.252s][info][gc,phases      ] GC(924) Phase 2: Compute new object addresses 4.482ms
[39.252s][info][gc,phases,start] GC(924) Phase 3: Adjust pointers
[39.259s][info][gc,phases      ] GC(924) Phase 3: Adjust pointers 6.773ms
[39.259s][info][gc,phases,start] GC(924) Phase 4: Move objects
[39.286s][info][gc,phases      ] GC(924) Phase 4: Move objects 27.410ms
[39.286s][info][gc,heap        ] GC(924) DefNew: 157232K(157248K)->1294K(157248K) Eden: 139776K(139776K)->1294K(139776K) From: 17456K(17472K)->0K(17472K)
[39.286s][info][gc,heap        ] GC(924) Tenured: 349327K(349568K)->349345K(349568K)
[39.286s][info][gc,metaspace   ] GC(924) Metaspace: 30970K(31296K)->30970K(31296K) NonClass: 27716K(27840K)->27716K(27840K) Class: 3254K(3456K)->3254K(3456K)
[39.286s][info][gc             ] GC(924) Pause Full (Allocation Failure) 494M->342M(494M) 48.196ms
[39.286s][info][gc,cpu         ] GC(924) User=0.05s Sys=0.00s Real=0.05s
[39.297s][info][gc,start       ] GC(925) Pause Full (Allocation Failure)
[39.297s][info][gc,phases,start] GC(925) Phase 1: Mark live objects
[39.306s][info][gc,phases      ] GC(925) Phase 1: Mark live objects 9.652ms
[39.306s][info][gc,phases,start] GC(925) Phase 2: Compute new object addresses
[39.312s][info][gc,phases      ] GC(925) Phase 2: Compute new object addresses 5.267ms
[39.312s][info][gc,phases,start] GC(925) Phase 3: Adjust pointers
[39.318s][info][gc,phases      ] GC(925) Phase 3: Adjust pointers 6.124ms
[39.318s][info][gc,phases,start] GC(925) Phase 4: Move objects
[39.349s][info][gc,phases      ] GC(925) Phase 4: Move objects 30.662ms
[39.349s][info][gc,heap        ] GC(925) DefNew: 156336K(157248K)->3095K(157248K) Eden: 139776K(139776K)->3095K(139776K) From: 16560K(17472K)->0K(17472K)
[39.349s][info][gc,heap        ] GC(925) Tenured: 349345K(349568K)->349451K(349568K)
[39.349s][info][gc,metaspace   ] GC(925) Metaspace: 30970K(31296K)->30970K(31296K) NonClass: 27716K(27840K)->27716K(27840K) Class: 3254K(3456K)->3254K(3456K)
[39.349s][info][gc             ] GC(925) Pause Full (Allocation Failure) 493M->344M(494M) 52.187ms
[39.349s][info][gc,cpu         ] GC(925) User=0.05s Sys=0.00s Real=0.05s
[39.357s][info][gc,start       ] GC(926) Pause Full (Allocation Failure)
[39.357s][info][gc,phases,start] GC(926) Phase 1: Mark live objects
[39.367s][info][gc,phases      ] GC(926) Phase 1: Mark live objects 9.501ms
[39.367s][info][gc,phases,start] GC(926) Phase 2: Compute new object addresses
[39.371s][info][gc,phases      ] GC(926) Phase 2: Compute new object addresses 4.741ms
[39.371s][info][gc,phases,start] GC(926) Phase 3: Adjust pointers
[39.377s][info][gc,phases      ] GC(926) Phase 3: Adjust pointers 5.923ms
[39.377s][info][gc,phases,start] GC(926) Phase 4: Move objects
[39.399s][info][gc,phases      ] GC(926) Phase 4: Move objects 21.305ms
[39.399s][info][gc,heap        ] GC(926) DefNew: 157030K(157248K)->27009K(157248K) Eden: 139776K(139776K)->27009K(139776K) From: 17254K(17472K)->0K(17472K)
[39.399s][info][gc,heap        ] GC(926) Tenured: 349451K(349568K)->349056K(349568K)
[39.399s][info][gc,metaspace   ] GC(926) Metaspace: 30970K(31296K)->30970K(31296K) NonClass: 27716K(27840K)->27716K(27840K) Class: 3254K(3456K)->3254K(3456K)
[39.399s][info][gc             ] GC(926) Pause Full (Allocation Failure) 494M->367M(494M) 42.024ms
[39.399s][info][gc,cpu         ] GC(926) User=0.04s Sys=0.00s Real=0.04s
[39.410s][info][gc,start       ] GC(927) Pause Full (Allocation Failure)
[39.410s][info][gc,phases,start] GC(927) Phase 1: Mark live objects
[39.421s][info][gc,phases      ] GC(927) Phase 1: Mark live objects 10.918ms
[39.421s][info][gc,phases,start] GC(927) Phase 2: Compute new object addresses
[39.426s][info][gc,phases      ] GC(927) Phase 2: Compute new object addresses 5.172ms
[39.426s][info][gc,phases,start] GC(927) Phase 3: Adjust pointers
[39.432s][info][gc,phases      ] GC(927) Phase 3: Adjust pointers 6.397ms
[39.432s][info][gc,phases,start] GC(927) Phase 4: Move objects
[39.462s][info][gc,phases      ] GC(927) Phase 4: Move objects 29.455ms
[39.462s][info][gc,heap        ] GC(927) DefNew: 156913K(157248K)->24534K(157248K) Eden: 139776K(139776K)->24534K(139776K) From: 17137K(17472K)->0K(17472K)
[39.462s][info][gc,heap        ] GC(927) Tenured: 349056K(349568K)->349320K(349568K)
[39.462s][info][gc,metaspace   ] GC(927) Metaspace: 30970K(31296K)->30970K(31296K) NonClass: 27716K(27840K)->27716K(27840K) Class: 3254K(3456K)->3254K(3456K)
[39.462s][info][gc             ] GC(927) Pause Full (Allocation Failure) 494M->365M(494M) 52.440ms
[39.462s][info][gc,cpu         ] GC(927) User=0.06s Sys=0.00s Real=0.05s
[39.472s][info][gc,start       ] GC(928) Pause Full (Allocation Failure)
[39.472s][info][gc,phases,start] GC(928) Phase 1: Mark live objects
[39.481s][info][gc,phases      ] GC(928) Phase 1: Mark live objects 8.839ms
[39.481s][info][gc,phases,start] GC(928) Phase 2: Compute new object addresses
[39.486s][info][gc,phases      ] GC(928) Phase 2: Compute new object addresses 4.681ms
[39.486s][info][gc,phases,start] GC(928) Phase 3: Adjust pointers
[39.492s][info][gc,phases      ] GC(928) Phase 3: Adjust pointers 5.958ms
[39.492s][info][gc,phases,start] GC(928) Phase 4: Move objects
[39.519s][info][gc,phases      ] GC(928) Phase 4: Move objects 26.858ms
[39.519s][info][gc,heap        ] GC(928) DefNew: 157179K(157248K)->25206K(157248K) Eden: 139776K(139776K)->25206K(139776K) From: 17403K(17472K)->0K(17472K)
[39.519s][info][gc,heap        ] GC(928) Tenured: 349320K(349568K)->349320K(349568K)
[39.519s][info][gc,metaspace   ] GC(928) Metaspace: 30970K(31296K)->30970K(31296K) NonClass: 27716K(27840K)->27716K(27840K) Class: 3254K(3456K)->3254K(3456K)
[39.519s][info][gc             ] GC(928) Pause Full (Allocation Failure) 494M->365M(494M) 46.817ms
[39.519s][info][gc,cpu         ] GC(928) User=0.05s Sys=0.00s Real=0.04s
[39.529s][info][gc,start       ] GC(929) Pause Full (Allocation Failure)
[39.529s][info][gc,phases,start] GC(929) Phase 1: Mark live objects
[39.538s][info][gc,phases      ] GC(929) Phase 1: Mark live objects 9.152ms
[39.538s][info][gc,phases,start] GC(929) Phase 2: Compute new object addresses
[39.543s][info][gc,phases      ] GC(929) Phase 2: Compute new object addresses 4.479ms
[39.543s][info][gc,phases,start] GC(929) Phase 3: Adjust pointers
[39.549s][info][gc,phases      ] GC(929) Phase 3: Adjust pointers 5.660ms
[39.549s][info][gc,phases,start] GC(929) Phase 4: Move objects
[39.576s][info][gc,phases      ] GC(929) Phase 4: Move objects 27.224ms
[39.576s][info][gc,heap        ] GC(929) DefNew: 156996K(157248K)->10054K(157248K) Eden: 139776K(139776K)->10054K(139776K) From: 17220K(17472K)->0K(17472K)
[39.576s][info][gc,heap        ] GC(929) Tenured: 349320K(349568K)->349420K(349568K)
[39.576s][info][gc,metaspace   ] GC(929) Metaspace: 30970K(31296K)->30970K(31296K) NonClass: 27716K(27840K)->27716K(27840K) Class: 3254K(3456K)->3254K(3456K)
[39.576s][info][gc             ] GC(929) Pause Full (Allocation Failure) 494M->351M(494M) 46.919ms
[39.576s][info][gc,cpu         ] GC(929) User=0.05s Sys=0.00s Real=0.05s
[39.587s][info][gc,start       ] GC(930) Pause Full (Allocation Failure)
[39.587s][info][gc,phases,start] GC(930) Phase 1: Mark live objects
[39.596s][info][gc,phases      ] GC(930) Phase 1: Mark live objects 8.858ms
[39.596s][info][gc,phases,start] GC(930) Phase 2: Compute new object addresses
[39.600s][info][gc,phases      ] GC(930) Phase 2: Compute new object addresses 4.566ms
[39.600s][info][gc,phases,start] GC(930) Phase 3: Adjust pointers
[39.606s][info][gc,phases      ] GC(930) Phase 3: Adjust pointers 5.698ms
[39.606s][info][gc,phases,start] GC(930) Phase 4: Move objects
[39.628s][info][gc,phases      ] GC(930) Phase 4: Move objects 21.727ms
[39.628s][info][gc,heap        ] GC(930) DefNew: 156572K(157248K)->24175K(157248K) Eden: 139776K(139776K)->24175K(139776K) From: 16796K(17472K)->0K(17472K)
[39.628s][info][gc,heap        ] GC(930) Tenured: 349420K(349568K)->349338K(349568K)
[39.628s][info][gc,metaspace   ] GC(930) Metaspace: 30970K(31296K)->30970K(31296K) NonClass: 27716K(27840K)->27716K(27840K) Class: 3254K(3456K)->3254K(3456K)
[39.628s][info][gc             ] GC(930) Pause Full (Allocation Failure) 494M->364M(494M) 41.294ms
[39.628s][info][gc,cpu         ] GC(930) User=0.04s Sys=0.01s Real=0.04s
[39.639s][info][gc,start       ] GC(931) Pause Full (Allocation Failure)
[39.639s][info][gc,phases,start] GC(931) Phase 1: Mark live objects
[39.648s][info][gc,phases      ] GC(931) Phase 1: Mark live objects 9.649ms
[39.648s][info][gc,phases,start] GC(931) Phase 2: Compute new object addresses
[39.653s][info][gc,phases      ] GC(931) Phase 2: Compute new object addresses 4.939ms
[39.653s][info][gc,phases,start] GC(931) Phase 3: Adjust pointers
[39.660s][info][gc,phases      ] GC(931) Phase 3: Adjust pointers 6.223ms
[39.660s][info][gc,phases,start] GC(931) Phase 4: Move objects
[39.686s][info][gc,phases      ] GC(931) Phase 4: Move objects 26.079ms
[39.686s][info][gc,heap        ] GC(931) DefNew: 156878K(157248K)->20955K(157248K) Eden: 139776K(139776K)->20955K(139776K) From: 17102K(17472K)->0K(17472K)
[39.686s][info][gc,heap        ] GC(931) Tenured: 349338K(349568K)->349560K(349568K)
[39.686s][info][gc,metaspace   ] GC(931) Metaspace: 30970K(31296K)->30970K(31296K) NonClass: 27716K(27840K)->27716K(27840K) Class: 3254K(3456K)->3254K(3456K)
[39.686s][info][gc             ] GC(931) Pause Full (Allocation Failure) 494M->361M(494M) 47.322ms
[39.686s][info][gc,cpu         ] GC(931) User=0.05s Sys=0.00s Real=0.05s
[39.695s][info][gc,start       ] GC(932) Pause Full (Allocation Failure)
[39.695s][info][gc,phases,start] GC(932) Phase 1: Mark live objects
[39.704s][info][gc,phases      ] GC(932) Phase 1: Mark live objects 9.198ms
[39.704s][info][gc,phases,start] GC(932) Phase 2: Compute new object addresses
[39.709s][info][gc,phases      ] GC(932) Phase 2: Compute new object addresses 4.453ms
[39.709s][info][gc,phases,start] GC(932) Phase 3: Adjust pointers
[39.715s][info][gc,phases      ] GC(932) Phase 3: Adjust pointers 5.927ms
[39.715s][info][gc,phases,start] GC(932) Phase 4: Move objects
[39.741s][info][gc,phases      ] GC(932) Phase 4: Move objects 26.172ms
[39.741s][info][gc,heap        ] GC(932) DefNew: 157224K(157248K)->23675K(157248K) Eden: 139776K(139776K)->23675K(139776K) From: 17448K(17472K)->0K(17472K)
[39.741s][info][gc,heap        ] GC(932) Tenured: 349560K(349568K)->349056K(349568K)
[39.741s][info][gc,metaspace   ] GC(932) Metaspace: 30970K(31296K)->30970K(31296K) NonClass: 27716K(27840K)->27716K(27840K) Class: 3254K(3456K)->3254K(3456K)
[39.741s][info][gc             ] GC(932) Pause Full (Allocation Failure) 494M->363M(494M) 46.214ms
[39.741s][info][gc,cpu         ] GC(932) User=0.05s Sys=0.00s Real=0.04s
[39.749s][info][gc,start       ] GC(933) Pause Full (Allocation Failure)
[39.749s][info][gc,phases,start] GC(933) Phase 1: Mark live objects
[39.758s][info][gc,phases      ] GC(933) Phase 1: Mark live objects 8.721ms
[39.758s][info][gc,phases,start] GC(933) Phase 2: Compute new object addresses
[39.762s][info][gc,phases      ] GC(933) Phase 2: Compute new object addresses 4.507ms
[39.762s][info][gc,phases,start] GC(933) Phase 3: Adjust pointers
[39.768s][info][gc,phases      ] GC(933) Phase 3: Adjust pointers 5.720ms
[39.768s][info][gc,phases,start] GC(933) Phase 4: Move objects
[39.795s][info][gc,phases      ] GC(933) Phase 4: Move objects 27.389ms
[39.796s][info][gc,heap        ] GC(933) DefNew: 157046K(157248K)->8744K(157248K) Eden: 139776K(139776K)->8744K(139776K) From: 17270K(17472K)->0K(17472K)
[39.796s][info][gc,heap        ] GC(933) Tenured: 349312K(349568K)->349429K(349568K)
[39.796s][info][gc,metaspace   ] GC(933) Metaspace: 30970K(31296K)->30970K(31296K) NonClass: 27716K(27840K)->27716K(27840K) Class: 3254K(3456K)->3254K(3456K)
[39.796s][info][gc             ] GC(933) Pause Full (Allocation Failure) 494M->349M(494M) 46.778ms
[39.796s][info][gc,cpu         ] GC(933) User=0.05s Sys=0.00s Real=0.05s
[39.806s][info][gc,start       ] GC(934) Pause Full (Allocation Failure)
[39.806s][info][gc,phases,start] GC(934) Phase 1: Mark live objects
[39.815s][info][gc,phases      ] GC(934) Phase 1: Mark live objects 8.726ms
[39.815s][info][gc,phases,start] GC(934) Phase 2: Compute new object addresses
[39.820s][info][gc,phases      ] GC(934) Phase 2: Compute new object addresses 4.478ms
[39.820s][info][gc,phases,start] GC(934) Phase 3: Adjust pointers
[39.825s][info][gc,phases      ] GC(934) Phase 3: Adjust pointers 5.589ms
[39.825s][info][gc,phases,start] GC(934) Phase 4: Move objects
[39.844s][info][gc,phases      ] GC(934) Phase 4: Move objects 18.792ms
[39.844s][info][gc,heap        ] GC(934) DefNew: 156796K(157248K)->25725K(157248K) Eden: 139776K(139776K)->25725K(139776K) From: 17020K(17472K)->0K(17472K)
[39.844s][info][gc,heap        ] GC(934) Tenured: 349429K(349568K)->349319K(349568K)
[39.844s][info][gc,metaspace   ] GC(934) Metaspace: 30970K(31296K)->30970K(31296K) NonClass: 27716K(27840K)->27716K(27840K) Class: 3254K(3456K)->3254K(3456K)
[39.844s][info][gc             ] GC(934) Pause Full (Allocation Failure) 494M->366M(494M) 38.011ms
[39.844s][info][gc,cpu         ] GC(934) User=0.04s Sys=0.00s Real=0.04s
[39.852s][info][gc,start       ] GC(935) Pause Full (Allocation Failure)
[39.852s][info][gc,phases,start] GC(935) Phase 1: Mark live objects
[39.861s][info][gc,phases      ] GC(935) Phase 1: Mark live objects 9.280ms
[39.861s][info][gc,phases,start] GC(935) Phase 2: Compute new object addresses
[39.866s][info][gc,phases      ] GC(935) Phase 2: Compute new object addresses 4.735ms
[39.866s][info][gc,phases,start] GC(935) Phase 3: Adjust pointers
[39.872s][info][gc,phases      ] GC(935) Phase 3: Adjust pointers 5.874ms
[39.872s][info][gc,phases,start] GC(935) Phase 4: Move objects
[39.898s][info][gc,phases      ] GC(935) Phase 4: Move objects 25.808ms
[39.898s][info][gc,heap        ] GC(935) DefNew: 157080K(157248K)->29659K(157248K) Eden: 139776K(139776K)->29659K(139776K) From: 17304K(17472K)->0K(17472K)
[39.898s][info][gc,heap        ] GC(935) Tenured: 349319K(349568K)->349326K(349568K)
[39.898s][info][gc,metaspace   ] GC(935) Metaspace: 30970K(31296K)->30970K(31296K) NonClass: 27716K(27840K)->27716K(27840K) Class: 3254K(3456K)->3254K(3456K)
[39.898s][info][gc             ] GC(935) Pause Full (Allocation Failure) 494M->370M(494M) 46.133ms
[39.898s][info][gc,cpu         ] GC(935) User=0.05s Sys=0.00s Real=0.04s
[39.905s][info][gc,start       ] GC(936) Pause Full (Allocation Failure)
[39.905s][info][gc,phases,start] GC(936) Phase 1: Mark live objects
[39.914s][info][gc,phases      ] GC(936) Phase 1: Mark live objects 9.515ms
[39.914s][info][gc,phases,start] GC(936) Phase 2: Compute new object addresses
[39.919s][info][gc,phases      ] GC(936) Phase 2: Compute new object addresses 4.555ms
[39.919s][info][gc,phases,start] GC(936) Phase 3: Adjust pointers
[39.925s][info][gc,phases      ] GC(936) Phase 3: Adjust pointers 5.786ms
[39.925s][info][gc,phases,start] GC(936) Phase 4: Move objects
[39.953s][info][gc,phases      ] GC(936) Phase 4: Move objects 27.594ms
[39.953s][info][gc,heap        ] GC(936) DefNew: 156808K(157248K)->14139K(157248K) Eden: 139776K(139776K)->14139K(139776K) From: 17032K(17472K)->0K(17472K)
[39.953s][info][gc,heap        ] GC(936) Tenured: 349326K(349568K)->349334K(349568K)
[39.953s][info][gc,metaspace   ] GC(936) Metaspace: 30970K(31296K)->30970K(31296K) NonClass: 27716K(27840K)->27716K(27840K) Class: 3254K(3456K)->3254K(3456K)
[39.953s][info][gc             ] GC(936) Pause Full (Allocation Failure) 494M->354M(494M) 47.874ms
[39.953s][info][gc,cpu         ] GC(936) User=0.05s Sys=0.00s Real=0.05s
[39.963s][info][gc,start       ] GC(937) Pause Full (Allocation Failure)
[39.963s][info][gc,phases,start] GC(937) Phase 1: Mark live objects
[39.973s][info][gc,phases      ] GC(937) Phase 1: Mark live objects 9.742ms
[39.973s][info][gc,phases,start] GC(937) Phase 2: Compute new object addresses
[39.978s][info][gc,phases      ] GC(937) Phase 2: Compute new object addresses 4.706ms
[39.978s][info][gc,phases,start] GC(937) Phase 3: Adjust pointers
[39.984s][info][gc,phases      ] GC(937) Phase 3: Adjust pointers 5.848ms
[39.984s][info][gc,phases,start] GC(937) Phase 4: Move objects
[40.012s][info][gc,phases      ] GC(937) Phase 4: Move objects 27.734ms
[40.012s][info][gc,heap        ] GC(937) DefNew: 156806K(157248K)->9288K(157248K) Eden: 139775K(139776K)->9288K(139776K) From: 17030K(17472K)->0K(17472K)
[40.012s][info][gc,heap        ] GC(937) Tenured: 349334K(349568K)->349411K(349568K)
[40.012s][info][gc,metaspace   ] GC(937) Metaspace: 30970K(31296K)->30970K(31296K) NonClass: 27716K(27840K)->27716K(27840K) Class: 3254K(3456K)->3254K(3456K)
[40.012s][info][gc             ] GC(937) Pause Full (Allocation Failure) 494M->350M(494M) 48.516ms
[40.012s][info][gc,cpu         ] GC(937) User=0.05s Sys=0.00s Real=0.05s
[40.023s][info][gc,start       ] GC(938) Pause Full (Allocation Failure)
[40.023s][info][gc,phases,start] GC(938) Phase 1: Mark live objects
[40.032s][info][gc,phases      ] GC(938) Phase 1: Mark live objects 8.884ms
[40.032s][info][gc,phases,start] GC(938) Phase 2: Compute new object addresses
[40.036s][info][gc,phases      ] GC(938) Phase 2: Compute new object addresses 4.648ms
[40.036s][info][gc,phases,start] GC(938) Phase 3: Adjust pointers
[40.042s][info][gc,phases      ] GC(938) Phase 3: Adjust pointers 5.949ms
[40.042s][info][gc,phases,start] GC(938) Phase 4: Move objects
[40.063s][info][gc,phases      ] GC(938) Phase 4: Move objects 20.352ms
[40.063s][info][gc,heap        ] GC(938) DefNew: 156925K(157248K)->27022K(157248K) Eden: 139776K(139776K)->27022K(139776K) From: 17149K(17472K)->0K(17472K)
[40.063s][info][gc,heap        ] GC(938) Tenured: 349411K(349568K)->349314K(349568K)
[40.063s][info][gc,metaspace   ] GC(938) Metaspace: 30970K(31296K)->30970K(31296K) NonClass: 27716K(27840K)->27716K(27840K) Class: 3254K(3456K)->3254K(3456K)
[40.063s][info][gc             ] GC(938) Pause Full (Allocation Failure) 494M->367M(494M) 40.276ms
[40.063s][info][gc,cpu         ] GC(938) User=0.04s Sys=0.00s Real=0.04s
[40.073s][info][gc,start       ] GC(939) Pause Full (Allocation Failure)
[40.073s][info][gc,phases,start] GC(939) Phase 1: Mark live objects
[40.082s][info][gc,phases      ] GC(939) Phase 1: Mark live objects 8.914ms
[40.082s][info][gc,phases,start] GC(939) Phase 2: Compute new object addresses
[40.087s][info][gc,phases      ] GC(939) Phase 2: Compute new object addresses 4.561ms
[40.087s][info][gc,phases,start] GC(939) Phase 3: Adjust pointers
[40.093s][info][gc,phases      ] GC(939) Phase 3: Adjust pointers 5.850ms
[40.093s][info][gc,phases,start] GC(939) Phase 4: Move objects
[40.121s][info][gc,phases      ] GC(939) Phase 4: Move objects 27.719ms
[40.121s][info][gc,heap        ] GC(939) DefNew: 157099K(157248K)->2585K(157248K) Eden: 139776K(139776K)->2585K(139776K) From: 17323K(17472K)->0K(17472K)
[40.121s][info][gc,heap        ] GC(939) Tenured: 349314K(349568K)->349438K(349568K)
[40.121s][info][gc,metaspace   ] GC(939) Metaspace: 30970K(31296K)->30970K(31296K) NonClass: 27716K(27840K)->27716K(27840K) Class: 3254K(3456K)->3254K(3456K)
[40.121s][info][gc             ] GC(939) Pause Full (Allocation Failure) 494M->343M(494M) 47.466ms
[40.121s][info][gc,cpu         ] GC(939) User=0.05s Sys=0.00s Real=0.04s
[40.134s][info][gc,start       ] GC(940) Pause Full (Allocation Failure)
[40.134s][info][gc,phases,start] GC(940) Phase 1: Mark live objects
[40.142s][info][gc,phases      ] GC(940) Phase 1: Mark live objects 8.580ms
[40.142s][info][gc,phases,start] GC(940) Phase 2: Compute new object addresses
[40.147s][info][gc,phases      ] GC(940) Phase 2: Compute new object addresses 4.567ms
[40.147s][info][gc,phases,start] GC(940) Phase 3: Adjust pointers
[40.152s][info][gc,phases      ] GC(940) Phase 3: Adjust pointers 5.538ms
[40.152s][info][gc,phases,start] GC(940) Phase 4: Move objects
[40.174s][info][gc,phases      ] GC(940) Phase 4: Move objects 21.012ms
[40.174s][info][gc,heap        ] GC(940) DefNew: 156502K(157248K)->22636K(157248K) Eden: 139776K(139776K)->22636K(139776K) From: 16726K(17472K)->0K(17472K)
[40.174s][info][gc,heap        ] GC(940) Tenured: 349438K(349568K)->348819K(349568K)
[40.174s][info][gc,metaspace   ] GC(940) Metaspace: 30970K(31296K)->30970K(31296K) NonClass: 27716K(27840K)->27716K(27840K) Class: 3254K(3456K)->3254K(3456K)
[40.174s][info][gc             ] GC(940) Pause Full (Allocation Failure) 494M->362M(494M) 40.094ms
[40.174s][info][gc,cpu         ] GC(940) User=0.04s Sys=0.00s Real=0.04s
[40.180s][info][gc,start       ] GC(941) Pause Full (Allocation Failure)
[40.181s][info][gc,phases,start] GC(941) Phase 1: Mark live objects
[40.190s][info][gc,phases      ] GC(941) Phase 1: Mark live objects 9.261ms
[40.190s][info][gc,phases,start] GC(941) Phase 2: Compute new object addresses
[40.195s][info][gc,phases      ] GC(941) Phase 2: Compute new object addresses 4.737ms
[40.195s][info][gc,phases,start] GC(941) Phase 3: Adjust pointers
[40.201s][info][gc,phases      ] GC(941) Phase 3: Adjust pointers 5.969ms
[40.201s][info][gc,phases,start] GC(941) Phase 4: Move objects
[40.228s][info][gc,phases      ] GC(941) Phase 4: Move objects 27.518ms
[40.228s][info][gc,heap        ] GC(941) DefNew: 157038K(157248K)->10827K(157248K) Eden: 139776K(139776K)->10827K(139776K) From: 17262K(17472K)->0K(17472K)
[40.228s][info][gc,heap        ] GC(941) Tenured: 349332K(349568K)->349415K(349568K)
[40.228s][info][gc,metaspace   ] GC(941) Metaspace: 30970K(31296K)->30970K(31296K) NonClass: 27716K(27840K)->27716K(27840K) Class: 3254K(3456K)->3254K(3456K)
[40.228s][info][gc             ] GC(941) Pause Full (Allocation Failure) 494M->351M(494M) 47.934ms
[40.228s][info][gc,cpu         ] GC(941) User=0.05s Sys=0.00s Real=0.05s
[40.239s][info][gc,start       ] GC(942) Pause Full (Allocation Failure)
[40.239s][info][gc,phases,start] GC(942) Phase 1: Mark live objects
[40.248s][info][gc,phases      ] GC(942) Phase 1: Mark live objects 8.884ms
[40.248s][info][gc,phases,start] GC(942) Phase 2: Compute new object addresses
[40.253s][info][gc,phases      ] GC(942) Phase 2: Compute new object addresses 4.880ms
[40.253s][info][gc,phases,start] GC(942) Phase 3: Adjust pointers
[40.259s][info][gc,phases      ] GC(942) Phase 3: Adjust pointers 6.063ms
[40.259s][info][gc,phases,start] GC(942) Phase 4: Move objects
[40.280s][info][gc,phases      ] GC(942) Phase 4: Move objects 20.653ms
[40.280s][info][gc,heap        ] GC(942) DefNew: 157041K(157248K)->27520K(157248K) Eden: 139776K(139776K)->27520K(139776K) From: 17265K(17472K)->0K(17472K)
[40.280s][info][gc,heap        ] GC(942) Tenured: 349415K(349568K)->349315K(349568K)
[40.280s][info][gc,metaspace   ] GC(942) Metaspace: 30972K(31296K)->30972K(31296K) NonClass: 27717K(27840K)->27717K(27840K) Class: 3254K(3456K)->3254K(3456K)
[40.280s][info][gc             ] GC(942) Pause Full (Allocation Failure) 494M->368M(494M) 40.939ms
[40.280s][info][gc,cpu         ] GC(942) User=0.04s Sys=0.00s Real=0.04s
[40.288s][info][gc,start       ] GC(943) Pause Full (Allocation Failure)
[40.288s][info][gc,phases,start] GC(943) Phase 1: Mark live objects
[40.297s][info][gc,phases      ] GC(943) Phase 1: Mark live objects 9.244ms
[40.297s][info][gc,phases,start] GC(943) Phase 2: Compute new object addresses
[40.302s][info][gc,phases      ] GC(943) Phase 2: Compute new object addresses 4.689ms
[40.302s][info][gc,phases,start] GC(943) Phase 3: Adjust pointers
[40.308s][info][gc,phases      ] GC(943) Phase 3: Adjust pointers 5.719ms
[40.308s][info][gc,phases,start] GC(943) Phase 4: Move objects
[40.333s][info][gc,phases      ] GC(943) Phase 4: Move objects 25.471ms
[40.334s][info][gc,heap        ] GC(943) DefNew: 157084K(157248K)->28669K(157248K) Eden: 139776K(139776K)->28669K(139776K) From: 17308K(17472K)->0K(17472K)
[40.334s][info][gc,heap        ] GC(943) Tenured: 349315K(349568K)->349540K(349568K)
[40.334s][info][gc,metaspace   ] GC(943) Metaspace: 30973K(31296K)->30973K(31296K) NonClass: 27719K(27840K)->27719K(27840K) Class: 3254K(3456K)->3254K(3456K)
[40.334s][info][gc             ] GC(943) Pause Full (Allocation Failure) 494M->369M(494M) 45.625ms
[40.334s][info][gc,cpu         ] GC(943) User=0.05s Sys=0.00s Real=0.05s
[40.340s][info][gc,start       ] GC(944) Pause Full (Allocation Failure)
[40.340s][info][gc,phases,start] GC(944) Phase 1: Mark live objects
[40.349s][info][gc,phases      ] GC(944) Phase 1: Mark live objects 8.749ms
[40.349s][info][gc,phases,start] GC(944) Phase 2: Compute new object addresses
[40.353s][info][gc,phases      ] GC(944) Phase 2: Compute new object addresses 4.381ms
[40.353s][info][gc,phases,start] GC(944) Phase 3: Adjust pointers
[40.359s][info][gc,phases      ] GC(944) Phase 3: Adjust pointers 5.661ms
[40.359s][info][gc,phases,start] GC(944) Phase 4: Move objects
[40.386s][info][gc,phases      ] GC(944) Phase 4: Move objects 26.998ms
[40.386s][info][gc,heap        ] GC(944) DefNew: 156998K(157248K)->13634K(157248K) Eden: 139776K(139776K)->13634K(139776K) From: 17222K(17472K)->0K(17472K)
[40.386s][info][gc,heap        ] GC(944) Tenured: 349540K(349568K)->349444K(349568K)
[40.386s][info][gc,metaspace   ] GC(944) Metaspace: 30973K(31296K)->30973K(31296K) NonClass: 27719K(27840K)->27719K(27840K) Class: 3254K(3456K)->3254K(3456K)
[40.386s][info][gc             ] GC(944) Pause Full (Allocation Failure) 494M->354M(494M) 46.232ms
[40.386s][info][gc,cpu         ] GC(944) User=0.04s Sys=0.00s Real=0.05s
[40.397s][info][gc,start       ] GC(945) Pause Full (Allocation Failure)
[40.397s][info][gc,phases,start] GC(945) Phase 1: Mark live objects
[40.407s][info][gc,phases      ] GC(945) Phase 1: Mark live objects 9.264ms
[40.407s][info][gc,phases,start] GC(945) Phase 2: Compute new object addresses
[40.412s][info][gc,phases      ] GC(945) Phase 2: Compute new object addresses 4.903ms
[40.412s][info][gc,phases,start] GC(945) Phase 3: Adjust pointers
[40.418s][info][gc,phases      ] GC(945) Phase 3: Adjust pointers 6.275ms
[40.418s][info][gc,phases,start] GC(945) Phase 4: Move objects
[40.449s][info][gc,phases      ] GC(945) Phase 4: Move objects 30.530ms
[40.449s][info][gc,heap        ] GC(945) DefNew: 157090K(157248K)->8751K(157248K) Eden: 139776K(139776K)->8751K(139776K) From: 17314K(17472K)->0K(17472K)
[40.449s][info][gc,heap        ] GC(945) Tenured: 349444K(349568K)->349341K(349568K)
[40.449s][info][gc,metaspace   ] GC(945) Metaspace: 30973K(31296K)->30973K(31296K) NonClass: 27719K(27840K)->27719K(27840K) Class: 3254K(3456K)->3254K(3456K)
[40.449s][info][gc             ] GC(945) Pause Full (Allocation Failure) 494M->349M(494M) 51.605ms
[40.449s][info][gc,cpu         ] GC(945) User=0.05s Sys=0.00s Real=0.05s
[40.461s][info][gc,start       ] GC(946) Pause Full (Allocation Failure)
[40.461s][info][gc,phases,start] GC(946) Phase 1: Mark live objects
[40.470s][info][gc,phases      ] GC(946) Phase 1: Mark live objects 8.422ms
[40.470s][info][gc,phases,start] GC(946) Phase 2: Compute new object addresses
[40.474s][info][gc,phases      ] GC(946) Phase 2: Compute new object addresses 4.734ms
[40.474s][info][gc,phases,start] GC(946) Phase 3: Adjust pointers
[40.480s][info][gc,phases      ] GC(946) Phase 3: Adjust pointers 5.878ms
[40.480s][info][gc,phases,start] GC(946) Phase 4: Move objects
[40.503s][info][gc,phases      ] GC(946) Phase 4: Move objects 23.160ms
[40.504s][info][gc,heap        ] GC(946) DefNew: 157200K(157248K)->23431K(157248K) Eden: 139776K(139776K)->23431K(139776K) From: 17424K(17472K)->0K(17472K)
[40.504s][info][gc,heap        ] GC(946) Tenured: 349341K(349568K)->349407K(349568K)
[40.504s][info][gc,metaspace   ] GC(946) Metaspace: 30973K(31296K)->30973K(31296K) NonClass: 27719K(27840K)->27719K(27840K) Class: 3254K(3456K)->3254K(3456K)
[40.504s][info][gc             ] GC(946) Pause Full (Allocation Failure) 494M->364M(494M) 42.620ms
[40.504s][info][gc,cpu         ] GC(946) User=0.04s Sys=0.00s Real=0.05s
[40.515s][info][gc,start       ] GC(947) Pause Full (Allocation Failure)
[40.515s][info][gc,phases,start] GC(947) Phase 1: Mark live objects
[40.524s][info][gc,phases      ] GC(947) Phase 1: Mark live objects 8.855ms
[40.524s][info][gc,phases,start] GC(947) Phase 2: Compute new object addresses
[40.528s][info][gc,phases      ] GC(947) Phase 2: Compute new object addresses 4.439ms
[40.528s][info][gc,phases,start] GC(947) Phase 3: Adjust pointers
[40.534s][info][gc,phases      ] GC(947) Phase 3: Adjust pointers 5.606ms
[40.534s][info][gc,phases,start] GC(947) Phase 4: Move objects
[40.559s][info][gc,phases      ] GC(947) Phase 4: Move objects 25.151ms
[40.559s][info][gc,heap        ] GC(947) DefNew: 156677K(157248K)->20858K(157248K) Eden: 139776K(139776K)->20858K(139776K) From: 16901K(17472K)->0K(17472K)
[40.559s][info][gc,heap        ] GC(947) Tenured: 349407K(349568K)->349324K(349568K)
[40.559s][info][gc,metaspace   ] GC(947) Metaspace: 30973K(31296K)->30973K(31296K) NonClass: 27719K(27840K)->27719K(27840K) Class: 3254K(3456K)->3254K(3456K)
[40.559s][info][gc             ] GC(947) Pause Full (Allocation Failure) 494M->361M(494M) 44.497ms
[40.559s][info][gc,cpu         ] GC(947) User=0.05s Sys=0.00s Real=0.04s
[40.567s][info][gc,start       ] GC(948) Pause Full (Allocation Failure)
[40.567s][info][gc,phases,start] GC(948) Phase 1: Mark live objects
[40.576s][info][gc,phases      ] GC(948) Phase 1: Mark live objects 8.884ms
[40.576s][info][gc,phases,start] GC(948) Phase 2: Compute new object addresses
[40.581s][info][gc,phases      ] GC(948) Phase 2: Compute new object addresses 4.719ms
[40.581s][info][gc,phases,start] GC(948) Phase 3: Adjust pointers
[40.587s][info][gc,phases      ] GC(948) Phase 3: Adjust pointers 5.915ms
[40.587s][info][gc,phases,start] GC(948) Phase 4: Move objects
[40.614s][info][gc,phases      ] GC(948) Phase 4: Move objects 27.100ms
[40.614s][info][gc,heap        ] GC(948) DefNew: 157150K(157248K)->8228K(157248K) Eden: 139776K(139776K)->8228K(139776K) From: 17374K(17472K)->0K(17472K)
[40.614s][info][gc,heap        ] GC(948) Tenured: 349324K(349568K)->349415K(349568K)
[40.614s][info][gc,metaspace   ] GC(948) Metaspace: 30973K(31296K)->30973K(31296K) NonClass: 27719K(27840K)->27719K(27840K) Class: 3254K(3456K)->3254K(3456K)
[40.614s][info][gc             ] GC(948) Pause Full (Allocation Failure) 494M->349M(494M) 47.092ms
[40.614s][info][gc,cpu         ] GC(948) User=0.04s Sys=0.00s Real=0.05s
[40.627s][info][gc,start       ] GC(949) Pause Full (Allocation Failure)
[40.627s][info][gc,phases,start] GC(949) Phase 1: Mark live objects
[40.636s][info][gc,phases      ] GC(949) Phase 1: Mark live objects 8.603ms
[40.636s][info][gc,phases,start] GC(949) Phase 2: Compute new object addresses
[40.640s][info][gc,phases      ] GC(949) Phase 2: Compute new object addresses 4.428ms
[40.640s][info][gc,phases,start] GC(949) Phase 3: Adjust pointers
[40.646s][info][gc,phases      ] GC(949) Phase 3: Adjust pointers 5.486ms
[40.646s][info][gc,phases,start] GC(949) Phase 4: Move objects
[40.672s][info][gc,phases      ] GC(949) Phase 4: Move objects 26.111ms
[40.672s][info][gc,heap        ] GC(949) DefNew: 156865K(157248K)->8997K(157248K) Eden: 139776K(139776K)->8997K(139776K) From: 17089K(17472K)->0K(17472K)
[40.672s][info][gc,heap        ] GC(949) Tenured: 349415K(349568K)->349457K(349568K)
[40.672s][info][gc,metaspace   ] GC(949) Metaspace: 30973K(31296K)->30973K(31296K) NonClass: 27719K(27840K)->27719K(27840K) Class: 3254K(3456K)->3254K(3456K)
[40.672s][info][gc             ] GC(949) Pause Full (Allocation Failure) 494M->350M(494M) 45.083ms
[40.672s][info][gc,cpu         ] GC(949) User=0.05s Sys=0.00s Real=0.05s
[40.681s][info][gc,start       ] GC(950) Pause Full (Allocation Failure)
[40.681s][info][gc,phases,start] GC(950) Phase 1: Mark live objects
[40.690s][info][gc,phases      ] GC(950) Phase 1: Mark live objects 8.963ms
[40.690s][info][gc,phases,start] GC(950) Phase 2: Compute new object addresses
[40.695s][info][gc,phases      ] GC(950) Phase 2: Compute new object addresses 4.656ms
[40.695s][info][gc,phases,start] GC(950) Phase 3: Adjust pointers
[40.700s][info][gc,phases      ] GC(950) Phase 3: Adjust pointers 5.660ms
[40.700s][info][gc,phases,start] GC(950) Phase 4: Move objects
[40.703s][info][gc,phases      ] GC(950) Phase 4: Move objects 2.980ms
[40.703s][info][gc,heap        ] GC(950) DefNew: 157174K(157248K)->33445K(157248K) Eden: 139776K(139776K)->33445K(139776K) From: 17398K(17472K)->0K(17472K)
[40.703s][info][gc,heap        ] GC(950) Tenured: 349457K(349568K)->349457K(349568K)
[40.703s][info][gc,metaspace   ] GC(950) Metaspace: 30973K(31296K)->30973K(31296K) NonClass: 27719K(27840K)->27719K(27840K) Class: 3254K(3456K)->3254K(3456K)
[40.703s][info][gc             ] GC(950) Pause Full (Allocation Failure) 494M->373M(494M) 22.634ms
[40.703s][info][gc,cpu         ] GC(950) User=0.03s Sys=0.00s Real=0.03s
[40.718s][info][gc,start       ] GC(951) Pause Full (Allocation Failure)
[40.718s][info][gc,phases,start] GC(951) Phase 1: Mark live objects
[40.728s][info][gc,phases      ] GC(951) Phase 1: Mark live objects 9.386ms
[40.728s][info][gc,phases,start] GC(951) Phase 2: Compute new object addresses
[40.732s][info][gc,phases      ] GC(951) Phase 2: Compute new object addresses 4.887ms
[40.732s][info][gc,phases,start] GC(951) Phase 3: Adjust pointers
[40.739s][info][gc,phases      ] GC(951) Phase 3: Adjust pointers 6.732ms
[40.739s][info][gc,phases,start] GC(951) Phase 4: Move objects
[40.765s][info][gc,phases      ] GC(951) Phase 4: Move objects 26.082ms
[40.766s][info][gc,heap        ] GC(951) DefNew: 156763K(157248K)->24836K(157248K) Eden: 139776K(139776K)->24836K(139776K) From: 16987K(17472K)->0K(17472K)
[40.766s][info][gc,heap        ] GC(951) Tenured: 349457K(349568K)->349537K(349568K)
[40.766s][info][gc,metaspace   ] GC(951) Metaspace: 30973K(31296K)->30973K(31296K) NonClass: 27719K(27840K)->27719K(27840K) Class: 3254K(3456K)->3254K(3456K)
[40.766s][info][gc             ] GC(951) Pause Full (Allocation Failure) 494M->365M(494M) 47.552ms
[40.766s][info][gc,cpu         ] GC(951) User=0.05s Sys=0.00s Real=0.05s
[40.774s][info][gc,start       ] GC(952) Pause Full (Allocation Failure)
[40.774s][info][gc,phases,start] GC(952) Phase 1: Mark live objects
[40.783s][info][gc,phases      ] GC(952) Phase 1: Mark live objects 9.321ms
[40.783s][info][gc,phases,start] GC(952) Phase 2: Compute new object addresses
[40.788s][info][gc,phases      ] GC(952) Phase 2: Compute new object addresses 4.375ms
[40.788s][info][gc,phases,start] GC(952) Phase 3: Adjust pointers
[40.793s][info][gc,phases      ] GC(952) Phase 3: Adjust pointers 5.719ms
[40.793s][info][gc,phases,start] GC(952) Phase 4: Move objects
[40.818s][info][gc,phases      ] GC(952) Phase 4: Move objects 25.045ms
[40.819s][info][gc,heap        ] GC(952) DefNew: 157190K(157248K)->28796K(157248K) Eden: 139776K(139776K)->28796K(139776K) From: 17414K(17472K)->0K(17472K)
[40.819s][info][gc,heap        ] GC(952) Tenured: 349537K(349568K)->349323K(349568K)
[40.819s][info][gc,metaspace   ] GC(952) Metaspace: 30973K(31296K)->30973K(31296K) NonClass: 27719K(27840K)->27719K(27840K) Class: 3254K(3456K)->3254K(3456K)
[40.819s][info][gc             ] GC(952) Pause Full (Allocation Failure) 494M->369M(494M) 44.881ms
[40.819s][info][gc,cpu         ] GC(952) User=0.05s Sys=0.00s Real=0.04s
[40.829s][info][gc,start       ] GC(953) Pause Full (Allocation Failure)
[40.829s][info][gc,phases,start] GC(953) Phase 1: Mark live objects
[40.838s][info][gc,phases      ] GC(953) Phase 1: Mark live objects 9.251ms
[40.838s][info][gc,phases,start] GC(953) Phase 2: Compute new object addresses
[40.843s][info][gc,phases      ] GC(953) Phase 2: Compute new object addresses 4.723ms
[40.843s][info][gc,phases,start] GC(953) Phase 3: Adjust pointers
[40.849s][info][gc,phases      ] GC(953) Phase 3: Adjust pointers 5.922ms
[40.849s][info][gc,phases,start] GC(953) Phase 4: Move objects
[40.876s][info][gc,phases      ] GC(953) Phase 4: Move objects 26.897ms
[40.876s][info][gc,heap        ] GC(953) DefNew: 157121K(157248K)->9277K(157248K) Eden: 139776K(139776K)->9277K(139776K) From: 17345K(17472K)->0K(17472K)
[40.876s][info][gc,heap        ] GC(953) Tenured: 349323K(349568K)->349412K(349568K)
[40.876s][info][gc,metaspace   ] GC(953) Metaspace: 30973K(31296K)->30973K(31296K) NonClass: 27719K(27840K)->27719K(27840K) Class: 3254K(3456K)->3254K(3456K)
[40.876s][info][gc             ] GC(953) Pause Full (Allocation Failure) 494M->350M(494M) 47.190ms
[40.876s][info][gc,cpu         ] GC(953) User=0.05s Sys=0.00s Real=0.05s
[40.887s][info][gc,start       ] GC(954) Pause Full (Allocation Failure)
[40.887s][info][gc,phases,start] GC(954) Phase 1: Mark live objects
[40.897s][info][gc,phases      ] GC(954) Phase 1: Mark live objects 10.137ms
[40.897s][info][gc,phases,start] GC(954) Phase 2: Compute new object addresses
[40.902s][info][gc,phases      ] GC(954) Phase 2: Compute new object addresses 4.875ms
[40.902s][info][gc,phases,start] GC(954) Phase 3: Adjust pointers
[40.908s][info][gc,phases      ] GC(954) Phase 3: Adjust pointers 6.082ms
[40.908s][info][gc,phases,start] GC(954) Phase 4: Move objects
[40.928s][info][gc,phases      ] GC(954) Phase 4: Move objects 20.180ms
[40.928s][info][gc,heap        ] GC(954) DefNew: 156804K(157248K)->27775K(157248K) Eden: 139776K(139776K)->27775K(139776K) From: 17028K(17472K)->0K(17472K)
[40.928s][info][gc,heap        ] GC(954) Tenured: 349412K(349568K)->349318K(349568K)
[40.928s][info][gc,metaspace   ] GC(954) Metaspace: 30973K(31296K)->30973K(31296K) NonClass: 27719K(27840K)->27719K(27840K) Class: 3254K(3456K)->3254K(3456K)
[40.928s][info][gc             ] GC(954) Pause Full (Allocation Failure) 494M->368M(494M) 41.763ms
[40.928s][info][gc,cpu         ] GC(954) User=0.04s Sys=0.00s Real=0.04s
[40.940s][info][gc,start       ] GC(955) Pause Full (Allocation Failure)
[40.940s][info][gc,phases,start] GC(955) Phase 1: Mark live objects
[40.949s][info][gc,phases      ] GC(955) Phase 1: Mark live objects 9.417ms
[40.949s][info][gc,phases,start] GC(955) Phase 2: Compute new object addresses
[40.954s][info][gc,phases      ] GC(955) Phase 2: Compute new object addresses 4.987ms
[40.954s][info][gc,phases,start] GC(955) Phase 3: Adjust pointers
[40.961s][info][gc,phases      ] GC(955) Phase 3: Adjust pointers 6.446ms
[40.961s][info][gc,phases,start] GC(955) Phase 4: Move objects
[40.987s][info][gc,phases      ] GC(955) Phase 4: Move objects 25.911ms
[40.987s][info][gc,heap        ] GC(955) DefNew: 157210K(157248K)->26337K(157248K) Eden: 139776K(139776K)->26337K(139776K) From: 17434K(17472K)->0K(17472K)
[40.987s][info][gc,heap        ] GC(955) Tenured: 349318K(349568K)->349567K(349568K)
[40.987s][info][gc,metaspace   ] GC(955) Metaspace: 30973K(31296K)->30973K(31296K) NonClass: 27719K(27840K)->27719K(27840K) Class: 3254K(3456K)->3254K(3456K)
[40.987s][info][gc             ] GC(955) Pause Full (Allocation Failure) 494M->367M(494M) 47.240ms
[40.987s][info][gc,cpu         ] GC(955) User=0.05s Sys=0.00s Real=0.05s
[40.997s][info][gc,start       ] GC(956) Pause Full (Allocation Failure)
[40.997s][info][gc,phases,start] GC(956) Phase 1: Mark live objects
[41.007s][info][gc,phases      ] GC(956) Phase 1: Mark live objects 9.810ms
[41.007s][info][gc,phases,start] GC(956) Phase 2: Compute new object addresses
[41.012s][info][gc,phases      ] GC(956) Phase 2: Compute new object addresses 5.057ms
[41.012s][info][gc,phases,start] GC(956) Phase 3: Adjust pointers
[41.019s][info][gc,phases      ] GC(956) Phase 3: Adjust pointers 6.497ms
[41.019s][info][gc,phases,start] GC(956) Phase 4: Move objects
[41.046s][info][gc,phases      ] GC(956) Phase 4: Move objects 26.855ms
[41.046s][info][gc,heap        ] GC(956) DefNew: 156904K(157248K)->18803K(157248K) Eden: 139776K(139776K)->18803K(139776K) From: 17128K(17472K)->0K(17472K)
[41.046s][info][gc,heap        ] GC(956) Tenured: 349567K(349568K)->349567K(349568K)
[41.046s][info][gc,metaspace   ] GC(956) Metaspace: 30973K(31296K)->30973K(31296K) NonClass: 27719K(27840K)->27719K(27840K) Class: 3254K(3456K)->3254K(3456K)
[41.046s][info][gc             ] GC(956) Pause Full (Allocation Failure) 494M->359M(494M) 48.655ms
[41.046s][info][gc,cpu         ] GC(956) User=0.05s Sys=0.00s Real=0.05s
[41.056s][info][gc,start       ] GC(957) Pause Full (Allocation Failure)
[41.056s][info][gc,phases,start] GC(957) Phase 1: Mark live objects
[41.066s][info][gc,phases      ] GC(957) Phase 1: Mark live objects 9.581ms
[41.066s][info][gc,phases,start] GC(957) Phase 2: Compute new object addresses
[41.071s][info][gc,phases      ] GC(957) Phase 2: Compute new object addresses 5.234ms
[41.071s][info][gc,phases,start] GC(957) Phase 3: Adjust pointers
[41.078s][info][gc,phases      ] GC(957) Phase 3: Adjust pointers 6.302ms
[41.078s][info][gc,phases,start] GC(957) Phase 4: Move objects
[41.104s][info][gc,phases      ] GC(957) Phase 4: Move objects 26.111ms
[41.104s][info][gc,heap        ] GC(957) DefNew: 156825K(157248K)->9267K(157248K) Eden: 139776K(139776K)->9267K(139776K) From: 17049K(17472K)->0K(17472K)
[41.104s][info][gc,heap        ] GC(957) Tenured: 349567K(349568K)->349430K(349568K)
[41.104s][info][gc,metaspace   ] GC(957) Metaspace: 30973K(31296K)->30973K(31296K) NonClass: 27719K(27840K)->27719K(27840K) Class: 3254K(3456K)->3254K(3456K)
[41.104s][info][gc             ] GC(957) Pause Full (Allocation Failure) 494M->350M(494M) 47.655ms
[41.104s][info][gc,cpu         ] GC(957) User=0.05s Sys=0.00s Real=0.05s
[41.113s][info][gc,start       ] GC(958) Pause Full (Allocation Failure)
[41.113s][info][gc,phases,start] GC(958) Phase 1: Mark live objects
[41.121s][info][gc,phases      ] GC(958) Phase 1: Mark live objects 8.761ms
[41.121s][info][gc,phases,start] GC(958) Phase 2: Compute new object addresses
[41.126s][info][gc,phases      ] GC(958) Phase 2: Compute new object addresses 4.782ms
[41.126s][info][gc,phases,start] GC(958) Phase 3: Adjust pointers
[41.132s][info][gc,phases      ] GC(958) Phase 3: Adjust pointers 6.120ms
[41.132s][info][gc,phases,start] GC(958) Phase 4: Move objects
[41.153s][info][gc,phases      ] GC(958) Phase 4: Move objects 20.245ms
[41.153s][info][gc,heap        ] GC(958) DefNew: 157179K(157248K)->33680K(157248K) Eden: 139776K(139776K)->33680K(139776K) From: 17403K(17472K)->0K(17472K)
[41.153s][info][gc,heap        ] GC(958) Tenured: 349430K(349568K)->349318K(349568K)
[41.153s][info][gc,metaspace   ] GC(958) Metaspace: 30973K(31296K)->30973K(31296K) NonClass: 27719K(27840K)->27719K(27840K) Class: 3254K(3456K)->3254K(3456K)
[41.153s][info][gc             ] GC(958) Pause Full (Allocation Failure) 494M->374M(494M) 40.369ms
[41.153s][info][gc,cpu         ] GC(958) User=0.04s Sys=0.00s Real=0.04s
[41.164s][info][gc,start       ] GC(959) Pause Full (Allocation Failure)
[41.164s][info][gc,phases,start] GC(959) Phase 1: Mark live objects
[41.173s][info][gc,phases      ] GC(959) Phase 1: Mark live objects 9.277ms
[41.173s][info][gc,phases,start] GC(959) Phase 2: Compute new object addresses
[41.178s][info][gc,phases      ] GC(959) Phase 2: Compute new object addresses 4.709ms
[41.178s][info][gc,phases,start] GC(959) Phase 3: Adjust pointers
[41.184s][info][gc,phases      ] GC(959) Phase 3: Adjust pointers 6.141ms
[41.184s][info][gc,phases,start] GC(959) Phase 4: Move objects
[41.209s][info][gc,phases      ] GC(959) Phase 4: Move objects 25.431ms
[41.210s][info][gc,heap        ] GC(959) DefNew: 157124K(157248K)->27363K(157248K) Eden: 139776K(139776K)->27363K(139776K) From: 17348K(17472K)->0K(17472K)
[41.210s][info][gc,heap        ] GC(959) Tenured: 349318K(349568K)->349319K(349568K)
[41.210s][info][gc,metaspace   ] GC(959) Metaspace: 30973K(31296K)->30973K(31296K) NonClass: 27719K(27840K)->27719K(27840K) Class: 3254K(3456K)->3254K(3456K)
[41.210s][info][gc             ] GC(959) Pause Full (Allocation Failure) 494M->367M(494M) 45.993ms
[41.210s][info][gc,cpu         ] GC(959) User=0.04s Sys=0.00s Real=0.04s
[41.220s][info][gc,start       ] GC(960) Pause Full (Allocation Failure)
[41.220s][info][gc,phases,start] GC(960) Phase 1: Mark live objects
[41.229s][info][gc,phases      ] GC(960) Phase 1: Mark live objects 8.692ms
[41.229s][info][gc,phases,start] GC(960) Phase 2: Compute new object addresses
[41.233s][info][gc,phases      ] GC(960) Phase 2: Compute new object addresses 4.341ms
[41.233s][info][gc,phases,start] GC(960) Phase 3: Adjust pointers
[41.239s][info][gc,phases      ] GC(960) Phase 3: Adjust pointers 5.919ms
[41.239s][info][gc,phases,start] GC(960) Phase 4: Move objects
[41.265s][info][gc,phases      ] GC(960) Phase 4: Move objects 25.345ms
[41.265s][info][gc,heap        ] GC(960) DefNew: 156644K(157248K)->23684K(157248K) Eden: 139776K(139776K)->23684K(139776K) From: 16868K(17472K)->0K(17472K)
[41.265s][info][gc,heap        ] GC(960) Tenured: 349319K(349568K)->349316K(349568K)
[41.265s][info][gc,metaspace   ] GC(960) Metaspace: 30973K(31296K)->30973K(31296K) NonClass: 27719K(27840K)->27719K(27840K) Class: 3254K(3456K)->3254K(3456K)
[41.265s][info][gc             ] GC(960) Pause Full (Allocation Failure) 494M->364M(494M) 44.724ms
[41.265s][info][gc,cpu         ] GC(960) User=0.04s Sys=0.00s Real=0.05s
[41.276s][info][gc,start       ] GC(961) Pause Full (Allocation Failure)
[41.276s][info][gc,phases,start] GC(961) Phase 1: Mark live objects
[41.285s][info][gc,phases      ] GC(961) Phase 1: Mark live objects 9.533ms
[41.285s][info][gc,phases,start] GC(961) Phase 2: Compute new object addresses
[41.290s][info][gc,phases      ] GC(961) Phase 2: Compute new object addresses 4.662ms
[41.290s][info][gc,phases,start] GC(961) Phase 3: Adjust pointers
[41.296s][info][gc,phases      ] GC(961) Phase 3: Adjust pointers 6.131ms
[41.296s][info][gc,phases,start] GC(961) Phase 4: Move objects
[41.324s][info][gc,phases      ] GC(961) Phase 4: Move objects 27.613ms
[41.324s][info][gc,heap        ] GC(961) DefNew: 156897K(157248K)->8499K(157248K) Eden: 139776K(139776K)->8499K(139776K) From: 17121K(17472K)->0K(17472K)
[41.324s][info][gc,heap        ] GC(961) Tenured: 349316K(349568K)->349420K(349568K)
[41.324s][info][gc,metaspace   ] GC(961) Metaspace: 30974K(31296K)->30974K(31296K) NonClass: 27720K(27840K)->27720K(27840K) Class: 3254K(3456K)->3254K(3456K)
[41.324s][info][gc             ] GC(961) Pause Full (Allocation Failure) 494M->349M(494M) 48.359ms
[41.324s][info][gc,cpu         ] GC(961) User=0.05s Sys=0.00s Real=0.05s
[41.333s][info][gc,start       ] GC(962) Pause Full (Allocation Failure)
[41.333s][info][gc,phases,start] GC(962) Phase 1: Mark live objects
[41.344s][info][gc,phases      ] GC(962) Phase 1: Mark live objects 10.417ms
[41.344s][info][gc,phases,start] GC(962) Phase 2: Compute new object addresses
[41.349s][info][gc,phases      ] GC(962) Phase 2: Compute new object addresses 4.898ms
[41.349s][info][gc,phases,start] GC(962) Phase 3: Adjust pointers
[41.355s][info][gc,phases      ] GC(962) Phase 3: Adjust pointers 5.890ms
[41.355s][info][gc,phases,start] GC(962) Phase 4: Move objects
[41.359s][info][gc,phases      ] GC(962) Phase 4: Move objects 3.980ms
[41.359s][info][gc,heap        ] GC(962) DefNew: 157230K(157248K)->31878K(157248K) Eden: 139776K(139776K)->31878K(139776K) From: 17454K(17472K)->0K(17472K)
[41.359s][info][gc,heap        ] GC(962) Tenured: 349420K(349568K)->349320K(349568K)
[41.359s][info][gc,metaspace   ] GC(962) Metaspace: 30974K(31296K)->30974K(31296K) NonClass: 27720K(27840K)->27720K(27840K) Class: 3254K(3456K)->3254K(3456K)
[41.359s][info][gc             ] GC(962) Pause Full (Allocation Failure) 494M->372M(494M) 25.643ms
[41.359s][info][gc,cpu         ] GC(962) User=0.03s Sys=0.00s Real=0.02s
[41.368s][info][gc,start       ] GC(963) Pause Full (Allocation Failure)
[41.368s][info][gc,phases,start] GC(963) Phase 1: Mark live objects
[41.377s][info][gc,phases      ] GC(963) Phase 1: Mark live objects 8.807ms
[41.377s][info][gc,phases,start] GC(963) Phase 2: Compute new object addresses
[41.381s][info][gc,phases      ] GC(963) Phase 2: Compute new object addresses 4.475ms
[41.381s][info][gc,phases,start] GC(963) Phase 3: Adjust pointers
[41.387s][info][gc,phases      ] GC(963) Phase 3: Adjust pointers 6.181ms
[41.388s][info][gc,phases,start] GC(963) Phase 4: Move objects
[41.415s][info][gc,phases      ] GC(963) Phase 4: Move objects 27.208ms
[41.415s][info][gc,heap        ] GC(963) DefNew: 157154K(157248K)->31496K(157248K) Eden: 139776K(139776K)->31496K(139776K) From: 17378K(17472K)->0K(17472K)
[41.415s][info][gc,heap        ] GC(963) Tenured: 349320K(349568K)->349538K(349568K)
[41.415s][info][gc,metaspace   ] GC(963) Metaspace: 30974K(31296K)->30974K(31296K) NonClass: 27720K(27840K)->27720K(27840K) Class: 3254K(3456K)->3254K(3456K)
[41.415s][info][gc             ] GC(963) Pause Full (Allocation Failure) 494M->372M(494M) 47.124ms
[41.415s][info][gc,cpu         ] GC(963) User=0.05s Sys=0.00s Real=0.05s
[41.422s][info][gc,start       ] GC(964) Pause Full (Allocation Failure)
[41.422s][info][gc,phases,start] GC(964) Phase 1: Mark live objects
[41.432s][info][gc,phases      ] GC(964) Phase 1: Mark live objects 9.373ms
[41.432s][info][gc,phases,start] GC(964) Phase 2: Compute new object addresses
[41.436s][info][gc,phases      ] GC(964) Phase 2: Compute new object addresses 4.629ms
[41.436s][info][gc,phases,start] GC(964) Phase 3: Adjust pointers
[41.443s][info][gc,phases      ] GC(964) Phase 3: Adjust pointers 6.881ms
[41.443s][info][gc,phases,start] GC(964) Phase 4: Move objects
[41.472s][info][gc,phases      ] GC(964) Phase 4: Move objects 28.831ms
[41.472s][info][gc,heap        ] GC(964) DefNew: 156869K(157248K)->34184K(157248K) Eden: 139776K(139776K)->34184K(139776K) From: 17093K(17472K)->0K(17472K)
[41.472s][info][gc,heap        ] GC(964) Tenured: 349538K(349568K)->349319K(349568K)
[41.472s][info][gc,metaspace   ] GC(964) Metaspace: 30974K(31296K)->30974K(31296K) NonClass: 27720K(27840K)->27720K(27840K) Class: 3254K(3456K)->3254K(3456K)
[41.473s][info][gc             ] GC(964) Pause Full (Allocation Failure) 494M->374M(494M) 50.211ms
[41.473s][info][gc,cpu         ] GC(964) User=0.05s Sys=0.00s Real=0.05s
[41.483s][info][gc,start       ] GC(965) Pause Full (Allocation Failure)
[41.483s][info][gc,phases,start] GC(965) Phase 1: Mark live objects
[41.493s][info][gc,phases      ] GC(965) Phase 1: Mark live objects 9.223ms
[41.493s][info][gc,phases,start] GC(965) Phase 2: Compute new object addresses
[41.497s][info][gc,phases      ] GC(965) Phase 2: Compute new object addresses 4.503ms
[41.497s][info][gc,phases,start] GC(965) Phase 3: Adjust pointers
[41.503s][info][gc,phases      ] GC(965) Phase 3: Adjust pointers 5.994ms
[41.503s][info][gc,phases,start] GC(965) Phase 4: Move objects
[41.531s][info][gc,phases      ] GC(965) Phase 4: Move objects 28.135ms
[41.532s][info][gc,heap        ] GC(965) DefNew: 157229K(157248K)->11855K(157248K) Eden: 139776K(139776K)->11855K(139776K) From: 17453K(17472K)->0K(17472K)
[41.532s][info][gc,heap        ] GC(965) Tenured: 349319K(349568K)->349419K(349568K)
[41.532s][info][gc,metaspace   ] GC(965) Metaspace: 30974K(31296K)->30974K(31296K) NonClass: 27720K(27840K)->27720K(27840K) Class: 3254K(3456K)->3254K(3456K)
[41.532s][info][gc             ] GC(965) Pause Full (Allocation Failure) 494M->352M(494M) 48.312ms
[41.532s][info][gc,cpu         ] GC(965) User=0.05s Sys=0.00s Real=0.05s
[41.542s][info][gc,start       ] GC(966) Pause Full (Allocation Failure)
[41.542s][info][gc,phases,start] GC(966) Phase 1: Mark live objects
[41.551s][info][gc,phases      ] GC(966) Phase 1: Mark live objects 8.708ms
[41.551s][info][gc,phases,start] GC(966) Phase 2: Compute new object addresses
[41.556s][info][gc,phases      ] GC(966) Phase 2: Compute new object addresses 4.848ms
[41.556s][info][gc,phases,start] GC(966) Phase 3: Adjust pointers
[41.561s][info][gc,phases      ] GC(966) Phase 3: Adjust pointers 5.871ms
[41.561s][info][gc,phases,start] GC(966) Phase 4: Move objects
[41.582s][info][gc,phases      ] GC(966) Phase 4: Move objects 20.669ms
[41.582s][info][gc,heap        ] GC(966) DefNew: 157248K(157248K)->33680K(157248K) Eden: 139776K(139776K)->33680K(139776K) From: 17472K(17472K)->0K(17472K)
[41.582s][info][gc,heap        ] GC(966) Tenured: 349531K(349568K)->349332K(349568K)
[41.582s][info][gc,metaspace   ] GC(966) Metaspace: 30974K(31296K)->30974K(31296K) NonClass: 27720K(27840K)->27720K(27840K) Class: 3254K(3456K)->3254K(3456K)
[41.582s][info][gc             ] GC(966) Pause Full (Allocation Failure) 494M->374M(494M) 40.550ms
[41.582s][info][gc,cpu         ] GC(966) User=0.04s Sys=0.00s Real=0.05s
[41.593s][info][gc,start       ] GC(967) Pause Full (Allocation Failure)
[41.593s][info][gc,phases,start] GC(967) Phase 1: Mark live objects
[41.602s][info][gc,phases      ] GC(967) Phase 1: Mark live objects 8.906ms
[41.602s][info][gc,phases,start] GC(967) Phase 2: Compute new object addresses
[41.606s][info][gc,phases      ] GC(967) Phase 2: Compute new object addresses 4.435ms
[41.606s][info][gc,phases,start] GC(967) Phase 3: Adjust pointers
[41.612s][info][gc,phases      ] GC(967) Phase 3: Adjust pointers 5.788ms
[41.612s][info][gc,phases,start] GC(967) Phase 4: Move objects
[41.638s][info][gc,phases      ] GC(967) Phase 4: Move objects 25.483ms
[41.638s][info][gc,heap        ] GC(967) DefNew: 156923K(157248K)->32992K(157248K) Eden: 139776K(139776K)->32992K(139776K) From: 17147K(17472K)->0K(17472K)
[41.638s][info][gc,heap        ] GC(967) Tenured: 349332K(349568K)->349315K(349568K)
[41.638s][info][gc,metaspace   ] GC(967) Metaspace: 30974K(31296K)->30974K(31296K) NonClass: 27720K(27840K)->27720K(27840K) Class: 3254K(3456K)->3254K(3456K)
[41.638s][info][gc             ] GC(967) Pause Full (Allocation Failure) 494M->373M(494M) 45.047ms
[41.638s][info][gc,cpu         ] GC(967) User=0.04s Sys=0.00s Real=0.04s
[41.648s][info][gc,start       ] GC(968) Pause Full (Allocation Failure)
[41.648s][info][gc,phases,start] GC(968) Phase 1: Mark live objects
[41.657s][info][gc,phases      ] GC(968) Phase 1: Mark live objects 9.319ms
[41.657s][info][gc,phases,start] GC(968) Phase 2: Compute new object addresses
[41.661s][info][gc,phases      ] GC(968) Phase 2: Compute new object addresses 4.447ms
[41.661s][info][gc,phases,start] GC(968) Phase 3: Adjust pointers
[41.668s][info][gc,phases      ] GC(968) Phase 3: Adjust pointers 6.093ms
[41.668s][info][gc,phases,start] GC(968) Phase 4: Move objects
[41.694s][info][gc,phases      ] GC(968) Phase 4: Move objects 26.038ms
[41.694s][info][gc,heap        ] GC(968) DefNew: 157248K(157248K)->34734K(157248K) Eden: 139776K(139776K)->34734K(139776K) From: 17472K(17472K)->0K(17472K)
[41.694s][info][gc,heap        ] GC(968) Tenured: 349384K(349568K)->349404K(349568K)
[41.694s][info][gc,metaspace   ] GC(968) Metaspace: 30974K(31296K)->30974K(31296K) NonClass: 27720K(27840K)->27720K(27840K) Class: 3254K(3456K)->3254K(3456K)
[41.694s][info][gc             ] GC(968) Pause Full (Allocation Failure) 494M->375M(494M) 46.364ms
[41.694s][info][gc,cpu         ] GC(968) User=0.04s Sys=0.00s Real=0.05s
[41.704s][info][gc,start       ] GC(969) Pause Full (Allocation Failure)
[41.704s][info][gc,phases,start] GC(969) Phase 1: Mark live objects
[41.713s][info][gc,phases      ] GC(969) Phase 1: Mark live objects 8.832ms
[41.713s][info][gc,phases,start] GC(969) Phase 2: Compute new object addresses
[41.718s][info][gc,phases      ] GC(969) Phase 2: Compute new object addresses 4.577ms
[41.718s][info][gc,phases,start] GC(969) Phase 3: Adjust pointers
[41.723s][info][gc,phases      ] GC(969) Phase 3: Adjust pointers 5.603ms
[41.723s][info][gc,phases,start] GC(969) Phase 4: Move objects
[41.751s][info][gc,phases      ] GC(969) Phase 4: Move objects 27.816ms
[41.752s][info][gc,heap        ] GC(969) DefNew: 157155K(157248K)->13377K(157248K) Eden: 139776K(139776K)->13377K(139776K) From: 17379K(17472K)->0K(17472K)
[41.752s][info][gc,heap        ] GC(969) Tenured: 349404K(349568K)->349330K(349568K)
[41.752s][info][gc,metaspace   ] GC(969) Metaspace: 30974K(31296K)->30974K(31296K) NonClass: 27720K(27840K)->27720K(27840K) Class: 3254K(3456K)->3254K(3456K)
[41.752s][info][gc             ] GC(969) Pause Full (Allocation Failure) 494M->354M(494M) 47.248ms
[41.752s][info][gc,cpu         ] GC(969) User=0.05s Sys=0.00s Real=0.05s
[41.762s][info][gc,start       ] GC(970) Pause Full (Allocation Failure)
[41.762s][info][gc,phases,start] GC(970) Phase 1: Mark live objects
[41.771s][info][gc,phases      ] GC(970) Phase 1: Mark live objects 8.861ms
[41.771s][info][gc,phases,start] GC(970) Phase 2: Compute new object addresses
[41.776s][info][gc,phases      ] GC(970) Phase 2: Compute new object addresses 4.916ms
[41.776s][info][gc,phases,start] GC(970) Phase 3: Adjust pointers
[41.783s][info][gc,phases      ] GC(970) Phase 3: Adjust pointers 6.623ms
[41.783s][info][gc,phases,start] GC(970) Phase 4: Move objects
[41.805s][info][gc,phases      ] GC(970) Phase 4: Move objects 21.683ms
[41.805s][info][gc,heap        ] GC(970) DefNew: 156610K(157248K)->32512K(157248K) Eden: 139776K(139776K)->32512K(139776K) From: 16834K(17472K)->0K(17472K)
[41.805s][info][gc,heap        ] GC(970) Tenured: 349330K(349568K)->349312K(349568K)
[41.805s][info][gc,metaspace   ] GC(970) Metaspace: 30974K(31296K)->30974K(31296K) NonClass: 27720K(27840K)->27720K(27840K) Class: 3254K(3456K)->3254K(3456K)
[41.805s][info][gc             ] GC(970) Pause Full (Allocation Failure) 494M->372M(494M) 42.570ms
[41.805s][info][gc,cpu         ] GC(970) User=0.04s Sys=0.00s Real=0.04s
[41.816s][info][gc,start       ] GC(971) Pause Full (Allocation Failure)
[41.816s][info][gc,phases,start] GC(971) Phase 1: Mark live objects
[41.825s][info][gc,phases      ] GC(971) Phase 1: Mark live objects 9.305ms
[41.825s][info][gc,phases,start] GC(971) Phase 2: Compute new object addresses
[41.829s][info][gc,phases      ] GC(971) Phase 2: Compute new object addresses 4.480ms
[41.830s][info][gc,phases,start] GC(971) Phase 3: Adjust pointers
[41.835s][info][gc,phases      ] GC(971) Phase 3: Adjust pointers 5.819ms
[41.835s][info][gc,phases,start] GC(971) Phase 4: Move objects
[41.861s][info][gc,phases      ] GC(971) Phase 4: Move objects 25.720ms
[41.861s][info][gc,heap        ] GC(971) DefNew: 156422K(157248K)->29317K(157248K) Eden: 139776K(139776K)->29317K(139776K) From: 16646K(17472K)->0K(17472K)
[41.861s][info][gc,heap        ] GC(971) Tenured: 349312K(349568K)->349316K(349568K)
[41.861s][info][gc,metaspace   ] GC(971) Metaspace: 30974K(31296K)->30974K(31296K) NonClass: 27720K(27840K)->27720K(27840K) Class: 3254K(3456K)->3254K(3456K)
[41.861s][info][gc             ] GC(971) Pause Full (Allocation Failure) 493M->369M(494M) 45.754ms
[41.861s][info][gc,cpu         ] GC(971) User=0.04s Sys=0.00s Real=0.04s
[41.871s][info][gc,start       ] GC(972) Pause Full (Allocation Failure)
[41.871s][info][gc,phases,start] GC(972) Phase 1: Mark live objects
[41.880s][info][gc,phases      ] GC(972) Phase 1: Mark live objects 8.958ms
[41.880s][info][gc,phases,start] GC(972) Phase 2: Compute new object addresses
[41.885s][info][gc,phases      ] GC(972) Phase 2: Compute new object addresses 4.680ms
[41.885s][info][gc,phases,start] GC(972) Phase 3: Adjust pointers
[41.891s][info][gc,phases      ] GC(972) Phase 3: Adjust pointers 5.976ms
[41.891s][info][gc,phases,start] GC(972) Phase 4: Move objects
[41.917s][info][gc,phases      ] GC(972) Phase 4: Move objects 26.371ms
[41.917s][info][gc,heap        ] GC(972) DefNew: 157096K(157248K)->26093K(157248K) Eden: 139776K(139776K)->26093K(139776K) From: 17320K(17472K)->0K(17472K)
[41.917s][info][gc,heap        ] GC(972) Tenured: 349316K(349568K)->349535K(349568K)
[41.917s][info][gc,metaspace   ] GC(972) Metaspace: 30974K(31296K)->30974K(31296K) NonClass: 27720K(27840K)->27720K(27840K) Class: 3254K(3456K)->3254K(3456K)
[41.917s][info][gc             ] GC(972) Pause Full (Allocation Failure) 494M->366M(494M) 46.435ms
[41.917s][info][gc,cpu         ] GC(972) User=0.04s Sys=0.00s Real=0.04s
[41.928s][info][gc,start       ] GC(973) Pause Full (Allocation Failure)
[41.928s][info][gc,phases,start] GC(973) Phase 1: Mark live objects
[41.938s][info][gc,phases      ] GC(973) Phase 1: Mark live objects 10.128ms
[41.938s][info][gc,phases,start] GC(973) Phase 2: Compute new object addresses
[41.942s][info][gc,phases      ] GC(973) Phase 2: Compute new object addresses 4.444ms
[41.942s][info][gc,phases,start] GC(973) Phase 3: Adjust pointers
[41.948s][info][gc,phases      ] GC(973) Phase 3: Adjust pointers 5.640ms
[41.948s][info][gc,phases,start] GC(973) Phase 4: Move objects
[41.975s][info][gc,phases      ] GC(973) Phase 4: Move objects 27.349ms
[41.976s][info][gc,heap        ] GC(973) DefNew: 156847K(157248K)->10045K(157248K) Eden: 139776K(139776K)->10045K(139776K) From: 17071K(17472K)->0K(17472K)
[41.976s][info][gc,heap        ] GC(973) Tenured: 349535K(349568K)->349436K(349568K)
[41.976s][info][gc,metaspace   ] GC(973) Metaspace: 30974K(31296K)->30974K(31296K) NonClass: 27720K(27840K)->27720K(27840K) Class: 3254K(3456K)->3254K(3456K)
[41.976s][info][gc             ] GC(973) Pause Full (Allocation Failure) 494M->351M(494M) 47.969ms
[41.976s][info][gc,cpu         ] GC(973) User=0.04s Sys=0.00s Real=0.05s
[41.988s][info][gc,start       ] GC(974) Pause Full (Allocation Failure)
[41.988s][info][gc,phases,start] GC(974) Phase 1: Mark live objects
[41.997s][info][gc,phases      ] GC(974) Phase 1: Mark live objects 8.735ms
[41.997s][info][gc,phases,start] GC(974) Phase 2: Compute new object addresses
[42.002s][info][gc,phases      ] GC(974) Phase 2: Compute new object addresses 4.669ms
[42.002s][info][gc,phases,start] GC(974) Phase 3: Adjust pointers
[42.008s][info][gc,phases      ] GC(974) Phase 3: Adjust pointers 5.957ms
[42.008s][info][gc,phases,start] GC(974) Phase 4: Move objects
[42.028s][info][gc,phases      ] GC(974) Phase 4: Move objects 19.804ms
[42.028s][info][gc,heap        ] GC(974) DefNew: 157052K(157248K)->30109K(157248K) Eden: 139776K(139776K)->30109K(139776K) From: 17276K(17472K)->0K(17472K)
[42.028s][info][gc,heap        ] GC(974) Tenured: 349436K(349568K)->349314K(349568K)
[42.028s][info][gc,metaspace   ] GC(974) Metaspace: 30974K(31296K)->30974K(31296K) NonClass: 27720K(27840K)->27720K(27840K) Class: 3254K(3456K)->3254K(3456K)
[42.028s][info][gc             ] GC(974) Pause Full (Allocation Failure) 494M->370M(494M) 39.653ms
[42.028s][info][gc,cpu         ] GC(974) User=0.04s Sys=0.00s Real=0.04s
[42.038s][info][gc,start       ] GC(975) Pause Full (Allocation Failure)
[42.038s][info][gc,phases,start] GC(975) Phase 1: Mark live objects
[42.047s][info][gc,phases      ] GC(975) Phase 1: Mark live objects 8.872ms
[42.047s][info][gc,phases,start] GC(975) Phase 2: Compute new object addresses
[42.052s][info][gc,phases      ] GC(975) Phase 2: Compute new object addresses 4.632ms
[42.052s][info][gc,phases,start] GC(975) Phase 3: Adjust pointers
[42.058s][info][gc,phases      ] GC(975) Phase 3: Adjust pointers 5.894ms
[42.058s][info][gc,phases,start] GC(975) Phase 4: Move objects
[42.085s][info][gc,phases      ] GC(975) Phase 4: Move objects 27.087ms
[42.085s][info][gc,heap        ] GC(975) DefNew: 156847K(157248K)->27097K(157248K) Eden: 139776K(139776K)->27097K(139776K) From: 17071K(17472K)->0K(17472K)
[42.085s][info][gc,heap        ] GC(975) Tenured: 349314K(349568K)->349564K(349568K)
[42.085s][info][gc,metaspace   ] GC(975) Metaspace: 30974K(31296K)->30974K(31296K) NonClass: 27720K(27840K)->27720K(27840K) Class: 3254K(3456K)->3254K(3456K)
[42.085s][info][gc             ] GC(975) Pause Full (Allocation Failure) 494M->367M(494M) 46.925ms
[42.085s][info][gc,cpu         ] GC(975) User=0.05s Sys=0.00s Real=0.05s
[42.092s][info][gc,start       ] GC(976) Pause Full (Allocation Failure)
[42.092s][info][gc,phases,start] GC(976) Phase 1: Mark live objects
[42.102s][info][gc,phases      ] GC(976) Phase 1: Mark live objects 9.383ms
[42.102s][info][gc,phases,start] GC(976) Phase 2: Compute new object addresses
[42.106s][info][gc,phases      ] GC(976) Phase 2: Compute new object addresses 4.519ms
[42.106s][info][gc,phases,start] GC(976) Phase 3: Adjust pointers
[42.112s][info][gc,phases      ] GC(976) Phase 3: Adjust pointers 6.239ms
[42.112s][info][gc,phases,start] GC(976) Phase 4: Move objects
[42.139s][info][gc,phases      ] GC(976) Phase 4: Move objects 26.377ms
[42.139s][info][gc,heap        ] GC(976) DefNew: 157245K(157248K)->32439K(157248K) Eden: 139776K(139776K)->32439K(139776K) From: 17469K(17472K)->0K(17472K)
[42.139s][info][gc,heap        ] GC(976) Tenured: 349564K(349568K)->349392K(349568K)
[42.139s][info][gc,metaspace   ] GC(976) Metaspace: 30974K(31296K)->30974K(31296K) NonClass: 27720K(27840K)->27720K(27840K) Class: 3254K(3456K)->3254K(3456K)
[42.139s][info][gc             ] GC(976) Pause Full (Allocation Failure) 494M->372M(494M) 46.979ms
[42.139s][info][gc,cpu         ] GC(976) User=0.05s Sys=0.00s Real=0.04s
[42.150s][info][gc,start       ] GC(977) Pause Full (Allocation Failure)
[42.150s][info][gc,phases,start] GC(977) Phase 1: Mark live objects
[42.159s][info][gc,phases      ] GC(977) Phase 1: Mark live objects 9.455ms
[42.159s][info][gc,phases,start] GC(977) Phase 2: Compute new object addresses
[42.164s][info][gc,phases      ] GC(977) Phase 2: Compute new object addresses 4.241ms
[42.164s][info][gc,phases,start] GC(977) Phase 3: Adjust pointers
[42.169s][info][gc,phases      ] GC(977) Phase 3: Adjust pointers 5.629ms
[42.169s][info][gc,phases,start] GC(977) Phase 4: Move objects
[42.198s][info][gc,phases      ] GC(977) Phase 4: Move objects 28.199ms
[42.198s][info][gc,heap        ] GC(977) DefNew: 156314K(157248K)->11585K(157248K) Eden: 139776K(139776K)->11585K(139776K) From: 16538K(17472K)->0K(17472K)
[42.198s][info][gc,heap        ] GC(977) Tenured: 349392K(349568K)->349337K(349568K)
[42.198s][info][gc,metaspace   ] GC(977) Metaspace: 30974K(31296K)->30974K(31296K) NonClass: 27720K(27840K)->27720K(27840K) Class: 3254K(3456K)->3254K(3456K)
[42.198s][info][gc             ] GC(977) Pause Full (Allocation Failure) 493M->352M(494M) 47.994ms
[42.198s][info][gc,cpu         ] GC(977) User=0.05s Sys=0.00s Real=0.05s
[42.207s][info][gc,start       ] GC(978) Pause Full (Allocation Failure)
[42.207s][info][gc,phases,start] GC(978) Phase 1: Mark live objects
[42.216s][info][gc,phases      ] GC(978) Phase 1: Mark live objects 9.536ms
[42.217s][info][gc,phases,start] GC(978) Phase 2: Compute new object addresses
[42.222s][info][gc,phases      ] GC(978) Phase 2: Compute new object addresses 5.021ms
[42.222s][info][gc,phases,start] GC(978) Phase 3: Adjust pointers
[42.228s][info][gc,phases      ] GC(978) Phase 3: Adjust pointers 6.165ms
[42.228s][info][gc,phases,start] GC(978) Phase 4: Move objects
[42.246s][info][gc,phases      ] GC(978) Phase 4: Move objects 18.431ms
[42.246s][info][gc,heap        ] GC(978) DefNew: 156998K(157248K)->35837K(157248K) Eden: 139776K(139776K)->35837K(139776K) From: 17222K(17472K)->0K(17472K)
[42.246s][info][gc,heap        ] GC(978) Tenured: 349337K(349568K)->349314K(349568K)
[42.246s][info][gc,metaspace   ] GC(978) Metaspace: 30974K(31296K)->30974K(31296K) NonClass: 27720K(27840K)->27720K(27840K) Class: 3254K(3456K)->3254K(3456K)
[42.246s][info][gc             ] GC(978) Pause Full (Allocation Failure) 494M->376M(494M) 39.724ms
[42.246s][info][gc,cpu         ] GC(978) User=0.04s Sys=0.00s Real=0.04s
[42.257s][info][gc,start       ] GC(979) Pause Full (Allocation Failure)
[42.257s][info][gc,phases,start] GC(979) Phase 1: Mark live objects
[42.266s][info][gc,phases      ] GC(979) Phase 1: Mark live objects 8.789ms
[42.266s][info][gc,phases,start] GC(979) Phase 2: Compute new object addresses
[42.270s][info][gc,phases      ] GC(979) Phase 2: Compute new object addresses 4.617ms
[42.271s][info][gc,phases,start] GC(979) Phase 3: Adjust pointers
[42.277s][info][gc,phases      ] GC(979) Phase 3: Adjust pointers 6.020ms
[42.277s][info][gc,phases,start] GC(979) Phase 4: Move objects
[42.307s][info][gc,phases      ] GC(979) Phase 4: Move objects 30.787ms
[42.308s][info][gc,heap        ] GC(979) DefNew: 156640K(157248K)->29326K(157248K) Eden: 139776K(139776K)->29326K(139776K) From: 16864K(17472K)->0K(17472K)
[42.308s][info][gc,heap        ] GC(979) Tenured: 349314K(349568K)->349567K(349568K)
[42.308s][info][gc,metaspace   ] GC(979) Metaspace: 30984K(31296K)->30984K(31296K) NonClass: 27729K(27840K)->27729K(27840K) Class: 3254K(3456K)->3254K(3456K)
[42.308s][info][gc             ] GC(979) Pause Full (Allocation Failure) 494M->370M(494M) 50.664ms
[42.308s][info][gc,cpu         ] GC(979) User=0.05s Sys=0.00s Real=0.05s
[42.318s][info][gc,start       ] GC(980) Pause Full (Allocation Failure)
[42.318s][info][gc,phases,start] GC(980) Phase 1: Mark live objects
[42.327s][info][gc,phases      ] GC(980) Phase 1: Mark live objects 8.853ms
[42.327s][info][gc,phases,start] GC(980) Phase 2: Compute new object addresses
[42.332s][info][gc,phases      ] GC(980) Phase 2: Compute new object addresses 4.473ms
[42.332s][info][gc,phases,start] GC(980) Phase 3: Adjust pointers
[42.338s][info][gc,phases      ] GC(980) Phase 3: Adjust pointers 5.952ms
[42.338s][info][gc,phases,start] GC(980) Phase 4: Move objects
[42.365s][info][gc,phases      ] GC(980) Phase 4: Move objects 27.394ms
[42.365s][info][gc,heap        ] GC(980) DefNew: 157136K(157248K)->10827K(157248K) Eden: 139776K(139776K)->10827K(139776K) From: 17360K(17472K)->0K(17472K)
[42.366s][info][gc,heap        ] GC(980) Tenured: 349567K(349568K)->349403K(349568K)
[42.366s][info][gc,metaspace   ] GC(980) Metaspace: 30988K(31296K)->30988K(31296K) NonClass: 27734K(27840K)->27734K(27840K) Class: 3254K(3456K)->3254K(3456K)
[42.366s][info][gc             ] GC(980) Pause Full (Allocation Failure) 494M->351M(494M) 47.086ms
[42.366s][info][gc,cpu         ] GC(980) User=0.05s Sys=0.00s Real=0.05s
[42.376s][info][gc,start       ] GC(981) Pause Full (Allocation Failure)
[42.376s][info][gc,phases,start] GC(981) Phase 1: Mark live objects
[42.385s][info][gc,phases      ] GC(981) Phase 1: Mark live objects 8.871ms
[42.385s][info][gc,phases,start] GC(981) Phase 2: Compute new object addresses
[42.390s][info][gc,phases      ] GC(981) Phase 2: Compute new object addresses 4.770ms
[42.390s][info][gc,phases,start] GC(981) Phase 3: Adjust pointers
[42.396s][info][gc,phases      ] GC(981) Phase 3: Adjust pointers 5.776ms
[42.396s][info][gc,phases,start] GC(981) Phase 4: Move objects
[42.425s][info][gc,phases      ] GC(981) Phase 4: Move objects 29.526ms
[42.425s][info][gc,heap        ] GC(981) DefNew: 156833K(157248K)->14154K(157248K) Eden: 139776K(139776K)->14154K(139776K) From: 17057K(17472K)->0K(17472K)
[42.425s][info][gc,heap        ] GC(981) Tenured: 349403K(349568K)->349323K(349568K)
[42.425s][info][gc,metaspace   ] GC(981) Metaspace: 30988K(31296K)->30988K(31296K) NonClass: 27734K(27840K)->27734K(27840K) Class: 3254K(3456K)->3254K(3456K)
[42.425s][info][gc             ] GC(981) Pause Full (Allocation Failure) 494M->354M(494M) 49.383ms
[42.425s][info][gc,cpu         ] GC(981) User=0.05s Sys=0.00s Real=0.05s
[42.436s][info][gc,start       ] GC(982) Pause Full (Allocation Failure)
[42.436s][info][gc,phases,start] GC(982) Phase 1: Mark live objects
[42.447s][info][gc,phases      ] GC(982) Phase 1: Mark live objects 11.023ms
[42.447s][info][gc,phases,start] GC(982) Phase 2: Compute new object addresses
[42.452s][info][gc,phases      ] GC(982) Phase 2: Compute new object addresses 4.864ms
[42.452s][info][gc,phases,start] GC(982) Phase 3: Adjust pointers
[42.459s][info][gc,phases      ] GC(982) Phase 3: Adjust pointers 6.230ms
[42.459s][info][gc,phases,start] GC(982) Phase 4: Move objects
[42.479s][info][gc,phases      ] GC(982) Phase 4: Move objects 20.257ms
[42.479s][info][gc,heap        ] GC(982) DefNew: 156802K(157248K)->30700K(157248K) Eden: 139776K(139776K)->30700K(139776K) From: 17026K(17472K)->0K(17472K)
[42.479s][info][gc,heap        ] GC(982) Tenured: 349323K(349568K)->349567K(349568K)
[42.479s][info][gc,metaspace   ] GC(982) Metaspace: 30988K(31296K)->30988K(31296K) NonClass: 27734K(27840K)->27734K(27840K) Class: 3254K(3456K)->3254K(3456K)
[42.479s][info][gc             ] GC(982) Pause Full (Allocation Failure) 494M->371M(494M) 42.837ms
[42.479s][info][gc,cpu         ] GC(982) User=0.03s Sys=0.02s Real=0.04s
[42.486s][info][gc,start       ] GC(983) Pause Full (Allocation Failure)
[42.486s][info][gc,phases,start] GC(983) Phase 1: Mark live objects
[42.495s][info][gc,phases      ] GC(983) Phase 1: Mark live objects 9.709ms
[42.495s][info][gc,phases,start] GC(983) Phase 2: Compute new object addresses
[42.500s][info][gc,phases      ] GC(983) Phase 2: Compute new object addresses 4.511ms
[42.500s][info][gc,phases,start] GC(983) Phase 3: Adjust pointers
[42.506s][info][gc,phases      ] GC(983) Phase 3: Adjust pointers 6.478ms
[42.507s][info][gc,phases,start] GC(983) Phase 4: Move objects
[42.533s][info][gc,phases      ] GC(983) Phase 4: Move objects 26.044ms
[42.533s][info][gc,heap        ] GC(983) DefNew: 157029K(157248K)->35990K(157248K) Eden: 139776K(139776K)->35990K(139776K) From: 17253K(17472K)->0K(17472K)
[42.533s][info][gc,heap        ] GC(983) Tenured: 349567K(349568K)->349314K(349568K)
[42.533s][info][gc,metaspace   ] GC(983) Metaspace: 30988K(31296K)->30988K(31296K) NonClass: 27734K(27840K)->27734K(27840K) Class: 3254K(3456K)->3254K(3456K)
[42.533s][info][gc             ] GC(983) Pause Full (Allocation Failure) 494M->376M(494M) 47.232ms
[42.533s][info][gc,cpu         ] GC(983) User=0.05s Sys=0.00s Real=0.05s
[42.544s][info][gc,start       ] GC(984) Pause Full (Allocation Failure)
[42.544s][info][gc,phases,start] GC(984) Phase 1: Mark live objects
[42.552s][info][gc,phases      ] GC(984) Phase 1: Mark live objects 8.874ms
[42.552s][info][gc,phases,start] GC(984) Phase 2: Compute new object addresses
[42.557s][info][gc,phases      ] GC(984) Phase 2: Compute new object addresses 4.338ms
[42.557s][info][gc,phases,start] GC(984) Phase 3: Adjust pointers
[42.563s][info][gc,phases      ] GC(984) Phase 3: Adjust pointers 5.738ms
[42.563s][info][gc,phases,start] GC(984) Phase 4: Move objects
[42.590s][info][gc,phases      ] GC(984) Phase 4: Move objects 27.647ms
[42.590s][info][gc,heap        ] GC(984) DefNew: 156679K(157248K)->14409K(157248K) Eden: 139776K(139776K)->14409K(139776K) From: 16903K(17472K)->0K(17472K)
[42.591s][info][gc,heap        ] GC(984) Tenured: 349314K(349568K)->349416K(349568K)
[42.591s][info][gc,metaspace   ] GC(984) Metaspace: 30988K(31296K)->30988K(31296K) NonClass: 27734K(27840K)->27734K(27840K) Class: 3254K(3456K)->3254K(3456K)
[42.591s][info][gc             ] GC(984) Pause Full (Allocation Failure) 494M->355M(494M) 47.074ms
[42.591s][info][gc,cpu         ] GC(984) User=0.05s Sys=0.00s Real=0.05s
[42.600s][info][gc,start       ] GC(985) Pause Full (Allocation Failure)
[42.600s][info][gc,phases,start] GC(985) Phase 1: Mark live objects
[42.609s][info][gc,phases      ] GC(985) Phase 1: Mark live objects 8.601ms
[42.609s][info][gc,phases,start] GC(985) Phase 2: Compute new object addresses
[42.613s][info][gc,phases      ] GC(985) Phase 2: Compute new object addresses 4.370ms
[42.613s][info][gc,phases,start] GC(985) Phase 3: Adjust pointers
[42.619s][info][gc,phases      ] GC(985) Phase 3: Adjust pointers 5.705ms
[42.619s][info][gc,phases,start] GC(985) Phase 4: Move objects
[42.645s][info][gc,phases      ] GC(985) Phase 4: Move objects 26.028ms
[42.645s][info][gc,heap        ] GC(985) DefNew: 157187K(157248K)->18774K(157248K) Eden: 139776K(139776K)->18774K(139776K) From: 17411K(17472K)->0K(17472K)
[42.645s][info][gc,heap        ] GC(985) Tenured: 349416K(349568K)->349323K(349568K)
[42.645s][info][gc,metaspace   ] GC(985) Metaspace: 30988K(31296K)->30988K(31296K) NonClass: 27734K(27840K)->27734K(27840K) Class: 3254K(3456K)->3254K(3456K)
[42.645s][info][gc             ] GC(985) Pause Full (Allocation Failure) 494M->359M(494M) 45.141ms
[42.645s][info][gc,cpu         ] GC(985) User=0.05s Sys=0.00s Real=0.05s
[42.656s][info][gc,start       ] GC(986) Pause Full (Allocation Failure)
[42.656s][info][gc,phases,start] GC(986) Phase 1: Mark live objects
[42.665s][info][gc,phases      ] GC(986) Phase 1: Mark live objects 9.001ms
[42.665s][info][gc,phases,start] GC(986) Phase 2: Compute new object addresses
[42.670s][info][gc,phases      ] GC(986) Phase 2: Compute new object addresses 4.684ms
[42.670s][info][gc,phases,start] GC(986) Phase 3: Adjust pointers
[42.675s][info][gc,phases      ] GC(986) Phase 3: Adjust pointers 5.876ms
[42.676s][info][gc,phases,start] GC(986) Phase 4: Move objects
[42.697s][info][gc,phases      ] GC(986) Phase 4: Move objects 21.875ms
[42.698s][info][gc,heap        ] GC(986) DefNew: 156883K(157248K)->32527K(157248K) Eden: 139776K(139776K)->32527K(139776K) From: 17107K(17472K)->0K(17472K)
[42.698s][info][gc,heap        ] GC(986) Tenured: 349323K(349568K)->349534K(349568K)
[42.698s][info][gc,metaspace   ] GC(986) Metaspace: 30988K(31296K)->30988K(31296K) NonClass: 27734K(27840K)->27734K(27840K) Class: 3254K(3456K)->3254K(3456K)
[42.698s][info][gc             ] GC(986) Pause Full (Allocation Failure) 494M->373M(494M) 41.879ms
[42.698s][info][gc,cpu         ] GC(986) User=0.05s Sys=0.00s Real=0.04s
[42.708s][info][gc,start       ] GC(987) Pause Full (Allocation Failure)
[42.708s][info][gc,phases,start] GC(987) Phase 1: Mark live objects
[42.717s][info][gc,phases      ] GC(987) Phase 1: Mark live objects 8.361ms
[42.717s][info][gc,phases,start] GC(987) Phase 2: Compute new object addresses
[42.721s][info][gc,phases      ] GC(987) Phase 2: Compute new object addresses 4.164ms
[42.721s][info][gc,phases,start] GC(987) Phase 3: Adjust pointers
[42.726s][info][gc,phases      ] GC(987) Phase 3: Adjust pointers 5.544ms
[42.726s][info][gc,phases,start] GC(987) Phase 4: Move objects
[42.752s][info][gc,phases      ] GC(987) Phase 4: Move objects 25.942ms
[42.753s][info][gc,heap        ] GC(987) DefNew: 157248K(157248K)->32910K(157248K) Eden: 139776K(139776K)->32910K(139776K) From: 17472K(17472K)->0K(17472K)
[42.753s][info][gc,heap        ] GC(987) Tenured: 349558K(349568K)->349320K(349568K)
[42.753s][info][gc,metaspace   ] GC(987) Metaspace: 30988K(31296K)->30988K(31296K) NonClass: 27734K(27840K)->27734K(27840K) Class: 3254K(3456K)->3254K(3456K)
[42.753s][info][gc             ] GC(987) Pause Full (Allocation Failure) 494M->373M(494M) 44.443ms
[42.753s][info][gc,cpu         ] GC(987) User=0.05s Sys=0.00s Real=0.05s
[42.761s][info][gc,start       ] GC(988) Pause Full (Allocation Failure)
[42.761s][info][gc,phases,start] GC(988) Phase 1: Mark live objects
[42.770s][info][gc,phases      ] GC(988) Phase 1: Mark live objects 8.868ms
[42.770s][info][gc,phases,start] GC(988) Phase 2: Compute new object addresses
[42.775s][info][gc,phases      ] GC(988) Phase 2: Compute new object addresses 4.423ms
[42.775s][info][gc,phases,start] GC(988) Phase 3: Adjust pointers
[42.781s][info][gc,phases      ] GC(988) Phase 3: Adjust pointers 5.815ms
[42.781s][info][gc,phases,start] GC(988) Phase 4: Move objects
[42.808s][info][gc,phases      ] GC(988) Phase 4: Move objects 27.314ms
[42.808s][info][gc,heap        ] GC(988) DefNew: 157247K(157248K)->16305K(157248K) Eden: 139776K(139776K)->16305K(139776K) From: 17471K(17472K)->0K(17472K)
[42.808s][info][gc,heap        ] GC(988) Tenured: 349322K(349568K)->349314K(349568K)
[42.808s][info][gc,metaspace   ] GC(988) Metaspace: 30988K(31296K)->30988K(31296K) NonClass: 27734K(27840K)->27734K(27840K) Class: 3254K(3456K)->3254K(3456K)
[42.808s][info][gc             ] GC(988) Pause Full (Allocation Failure) 494M->357M(494M) 46.813ms
[42.808s][info][gc,cpu         ] GC(988) User=0.05s Sys=0.00s Real=0.05s
[42.819s][info][gc,start       ] GC(989) Pause Full (Allocation Failure)
[42.819s][info][gc,phases,start] GC(989) Phase 1: Mark live objects
[42.828s][info][gc,phases      ] GC(989) Phase 1: Mark live objects 8.585ms
[42.828s][info][gc,phases,start] GC(989) Phase 2: Compute new object addresses
[42.832s][info][gc,phases      ] GC(989) Phase 2: Compute new object addresses 4.435ms
[42.832s][info][gc,phases,start] GC(989) Phase 3: Adjust pointers
[42.838s][info][gc,phases      ] GC(989) Phase 3: Adjust pointers 5.616ms
[42.838s][info][gc,phases,start] GC(989) Phase 4: Move objects
[42.864s][info][gc,phases      ] GC(989) Phase 4: Move objects 25.861ms
[42.864s][info][gc,heap        ] GC(989) DefNew: 156354K(157248K)->15962K(157248K) Eden: 139776K(139776K)->15962K(139776K) From: 16578K(17472K)->0K(17472K)
[42.864s][info][gc,heap        ] GC(989) Tenured: 349314K(349568K)->349328K(349568K)
[42.864s][info][gc,metaspace   ] GC(989) Metaspace: 30988K(31296K)->30988K(31296K) NonClass: 27734K(27840K)->27734K(27840K) Class: 3254K(3456K)->3254K(3456K)
[42.864s][info][gc             ] GC(989) Pause Full (Allocation Failure) 493M->356M(494M) 44.917ms
[42.864s][info][gc,cpu         ] GC(989) User=0.04s Sys=0.00s Real=0.05s
[42.870s][info][gc,start       ] GC(990) Pause Full (Allocation Failure)
[42.870s][info][gc,phases,start] GC(990) Phase 1: Mark live objects
[42.880s][info][gc,phases      ] GC(990) Phase 1: Mark live objects 9.755ms
[42.880s][info][gc,phases,start] GC(990) Phase 2: Compute new object addresses
[42.885s][info][gc,phases      ] GC(990) Phase 2: Compute new object addresses 4.598ms
[42.885s][info][gc,phases,start] GC(990) Phase 3: Adjust pointers
[42.891s][info][gc,phases      ] GC(990) Phase 3: Adjust pointers 6.020ms
[42.891s][info][gc,phases,start] GC(990) Phase 4: Move objects
[42.894s][info][gc,phases      ] GC(990) Phase 4: Move objects 3.608ms
[42.895s][info][gc,heap        ] GC(990) DefNew: 157035K(157248K)->41220K(157248K) Eden: 139776K(139776K)->41220K(139776K) From: 17259K(17472K)->0K(17472K)
[42.895s][info][gc,heap        ] GC(990) Tenured: 349328K(349568K)->349320K(349568K)
[42.895s][info][gc,metaspace   ] GC(990) Metaspace: 30988K(31296K)->30988K(31296K) NonClass: 27734K(27840K)->27734K(27840K) Class: 3254K(3456K)->3254K(3456K)
[42.895s][info][gc             ] GC(990) Pause Full (Allocation Failure) 494M->381M(494M) 24.372ms
[42.895s][info][gc,cpu         ] GC(990) User=0.03s Sys=0.00s Real=0.02s
[42.907s][info][gc,start       ] GC(991) Pause Full (Allocation Failure)
[42.907s][info][gc,phases,start] GC(991) Phase 1: Mark live objects
[42.915s][info][gc,phases      ] GC(991) Phase 1: Mark live objects 8.536ms
[42.915s][info][gc,phases,start] GC(991) Phase 2: Compute new object addresses
[42.919s][info][gc,phases      ] GC(991) Phase 2: Compute new object addresses 4.056ms
[42.919s][info][gc,phases,start] GC(991) Phase 3: Adjust pointers
[42.925s][info][gc,phases      ] GC(991) Phase 3: Adjust pointers 5.518ms
[42.925s][info][gc,phases,start] GC(991) Phase 4: Move objects
[42.951s][info][gc,phases      ] GC(991) Phase 4: Move objects 25.672ms
[42.951s][info][gc,heap        ] GC(991) DefNew: 157195K(157248K)->32408K(157248K) Eden: 139776K(139776K)->32408K(139776K) From: 17419K(17472K)->0K(17472K)
[42.951s][info][gc,heap        ] GC(991) Tenured: 349320K(349568K)->349313K(349568K)
[42.951s][info][gc,metaspace   ] GC(991) Metaspace: 30988K(31296K)->30988K(31296K) NonClass: 27734K(27840K)->27734K(27840K) Class: 3254K(3456K)->3254K(3456K)
[42.951s][info][gc             ] GC(991) Pause Full (Allocation Failure) 494M->372M(494M) 44.186ms
[42.951s][info][gc,cpu         ] GC(991) User=0.05s Sys=0.00s Real=0.05s
[42.959s][info][gc,start       ] GC(992) Pause Full (Allocation Failure)
[42.959s][info][gc,phases,start] GC(992) Phase 1: Mark live objects
[42.968s][info][gc,phases      ] GC(992) Phase 1: Mark live objects 9.168ms
[42.968s][info][gc,phases,start] GC(992) Phase 2: Compute new object addresses
[42.972s][info][gc,phases      ] GC(992) Phase 2: Compute new object addresses 4.362ms
[42.972s][info][gc,phases,start] GC(992) Phase 3: Adjust pointers
[42.978s][info][gc,phases      ] GC(992) Phase 3: Adjust pointers 5.619ms
[42.978s][info][gc,phases,start] GC(992) Phase 4: Move objects
[43.005s][info][gc,phases      ] GC(992) Phase 4: Move objects 27.087ms
[43.005s][info][gc,heap        ] GC(992) DefNew: 157206K(157248K)->36601K(157248K) Eden: 139776K(139776K)->36601K(139776K) From: 17430K(17472K)->0K(17472K)
[43.005s][info][gc,heap        ] GC(992) Tenured: 349313K(349568K)->349566K(349568K)
[43.005s][info][gc,metaspace   ] GC(992) Metaspace: 30988K(31296K)->30988K(31296K) NonClass: 27734K(27840K)->27734K(27840K) Class: 3254K(3456K)->3254K(3456K)
[43.005s][info][gc             ] GC(992) Pause Full (Allocation Failure) 494M->377M(494M) 46.689ms
[43.005s][info][gc,cpu         ] GC(992) User=0.05s Sys=0.00s Real=0.05s
[43.017s][info][gc,start       ] GC(993) Pause Full (Allocation Failure)
[43.017s][info][gc,phases,start] GC(993) Phase 1: Mark live objects
[43.026s][info][gc,phases      ] GC(993) Phase 1: Mark live objects 8.916ms
[43.026s][info][gc,phases,start] GC(993) Phase 2: Compute new object addresses
[43.030s][info][gc,phases      ] GC(993) Phase 2: Compute new object addresses 4.336ms
[43.030s][info][gc,phases,start] GC(993) Phase 3: Adjust pointers
[43.036s][info][gc,phases      ] GC(993) Phase 3: Adjust pointers 5.867ms
[43.036s][info][gc,phases,start] GC(993) Phase 4: Move objects
[43.064s][info][gc,phases      ] GC(993) Phase 4: Move objects 28.109ms
[43.065s][info][gc,heap        ] GC(993) DefNew: 156693K(157248K)->16217K(157248K) Eden: 139776K(139776K)->16217K(139776K) From: 16917K(17472K)->0K(17472K)
[43.065s][info][gc,heap        ] GC(993) Tenured: 349566K(349568K)->349567K(349568K)
[43.065s][info][gc,metaspace   ] GC(993) Metaspace: 30988K(31296K)->30988K(31296K) NonClass: 27734K(27840K)->27734K(27840K) Class: 3254K(3456K)->3254K(3456K)
[43.065s][info][gc             ] GC(993) Pause Full (Allocation Failure) 494M->357M(494M) 47.662ms
[43.065s][info][gc,cpu         ] GC(993) User=0.05s Sys=0.00s Real=0.05s
[43.075s][info][gc,start       ] GC(994) Pause Full (Allocation Failure)
[43.075s][info][gc,phases,start] GC(994) Phase 1: Mark live objects
[43.084s][info][gc,phases      ] GC(994) Phase 1: Mark live objects 8.881ms
[43.084s][info][gc,phases,start] GC(994) Phase 2: Compute new object addresses
[43.089s][info][gc,phases      ] GC(994) Phase 2: Compute new object addresses 4.932ms
[43.089s][info][gc,phases,start] GC(994) Phase 3: Adjust pointers
[43.095s][info][gc,phases      ] GC(994) Phase 3: Adjust pointers 5.972ms
[43.095s][info][gc,phases,start] GC(994) Phase 4: Move objects
[43.114s][info][gc,phases      ] GC(994) Phase 4: Move objects 18.691ms
[43.114s][info][gc,heap        ] GC(994) DefNew: 156565K(157248K)->33057K(157248K) Eden: 139776K(139776K)->33057K(139776K) From: 16789K(17472K)->0K(17472K)
[43.114s][info][gc,heap        ] GC(994) Tenured: 349567K(349568K)->349528K(349568K)
[43.114s][info][gc,metaspace   ] GC(994) Metaspace: 30988K(31296K)->30988K(31296K) NonClass: 27734K(27840K)->27734K(27840K) Class: 3254K(3456K)->3254K(3456K)
[43.114s][info][gc             ] GC(994) Pause Full (Allocation Failure) 494M->373M(494M) 38.948ms
[43.114s][info][gc,cpu         ] GC(994) User=0.04s Sys=0.00s Real=0.04s
[43.124s][info][gc,start       ] GC(995) Pause Full (Allocation Failure)
[43.124s][info][gc,phases,start] GC(995) Phase 1: Mark live objects
[43.133s][info][gc,phases      ] GC(995) Phase 1: Mark live objects 8.994ms
[43.133s][info][gc,phases,start] GC(995) Phase 2: Compute new object addresses
[43.138s][info][gc,phases      ] GC(995) Phase 2: Compute new object addresses 4.362ms
[43.138s][info][gc,phases,start] GC(995) Phase 3: Adjust pointers
[43.143s][info][gc,phases      ] GC(995) Phase 3: Adjust pointers 5.648ms
[43.143s][info][gc,phases,start] GC(995) Phase 4: Move objects
[43.169s][info][gc,phases      ] GC(995) Phase 4: Move objects 25.547ms
[43.169s][info][gc,heap        ] GC(995) DefNew: 157100K(157248K)->34981K(157248K) Eden: 139776K(139776K)->34981K(139776K) From: 17324K(17472K)->0K(17472K)
[43.169s][info][gc,heap        ] GC(995) Tenured: 349528K(349568K)->349311K(349568K)
[43.169s][info][gc,metaspace   ] GC(995) Metaspace: 30988K(31296K)->30988K(31296K) NonClass: 27734K(27840K)->27734K(27840K) Class: 3254K(3456K)->3254K(3456K)
[43.169s][info][gc             ] GC(995) Pause Full (Allocation Failure) 494M->375M(494M) 44.967ms
[43.169s][info][gc,cpu         ] GC(995) User=0.04s Sys=0.00s Real=0.04s
[43.176s][info][gc,start       ] GC(996) Pause Full (Allocation Failure)
[43.176s][info][gc,phases,start] GC(996) Phase 1: Mark live objects
[43.185s][info][gc,phases      ] GC(996) Phase 1: Mark live objects 9.083ms
[43.185s][info][gc,phases,start] GC(996) Phase 2: Compute new object addresses
[43.189s][info][gc,phases      ] GC(996) Phase 2: Compute new object addresses 4.532ms
[43.189s][info][gc,phases,start] GC(996) Phase 3: Adjust pointers
[43.195s][info][gc,phases      ] GC(996) Phase 3: Adjust pointers 5.900ms
[43.195s][info][gc,phases,start] GC(996) Phase 4: Move objects
[43.223s][info][gc,phases      ] GC(996) Phase 4: Move objects 27.472ms
[43.223s][info][gc,heap        ] GC(996) DefNew: 157038K(157248K)->18873K(157248K) Eden: 139776K(139776K)->18873K(139776K) From: 17262K(17472K)->0K(17472K)
[43.223s][info][gc,heap        ] GC(996) Tenured: 349567K(349568K)->349296K(349568K)
[43.223s][info][gc,metaspace   ] GC(996) Metaspace: 30988K(31296K)->30988K(31296K) NonClass: 27734K(27840K)->27734K(27840K) Class: 3254K(3456K)->3254K(3456K)
[43.223s][info][gc             ] GC(996) Pause Full (Allocation Failure) 494M->359M(494M) 47.396ms
[43.223s][info][gc,cpu         ] GC(996) User=0.05s Sys=0.00s Real=0.05s
[43.231s][info][gc,start       ] GC(997) Pause Full (Allocation Failure)
[43.231s][info][gc,phases,start] GC(997) Phase 1: Mark live objects
[43.241s][info][gc,phases      ] GC(997) Phase 1: Mark live objects 9.420ms
[43.241s][info][gc,phases,start] GC(997) Phase 2: Compute new object addresses
[43.245s][info][gc,phases      ] GC(997) Phase 2: Compute new object addresses 4.685ms
[43.245s][info][gc,phases,start] GC(997) Phase 3: Adjust pointers
[43.252s][info][gc,phases      ] GC(997) Phase 3: Adjust pointers 6.337ms
[43.252s][info][gc,phases,start] GC(997) Phase 4: Move objects
[43.280s][info][gc,phases      ] GC(997) Phase 4: Move objects 27.719ms
[43.280s][info][gc,heap        ] GC(997) DefNew: 157124K(157248K)->20874K(157248K) Eden: 139776K(139776K)->20874K(139776K) From: 17348K(17472K)->0K(17472K)
[43.280s][info][gc,heap        ] GC(997) Tenured: 349552K(349568K)->349377K(349568K)
[43.280s][info][gc,metaspace   ] GC(997) Metaspace: 30991K(31296K)->30991K(31296K) NonClass: 27736K(27840K)->27736K(27840K) Class: 3254K(3456K)->3254K(3456K)
[43.280s][info][gc             ] GC(997) Pause Full (Allocation Failure) 494M->361M(494M) 48.607ms
[43.280s][info][gc,cpu         ] GC(997) User=0.05s Sys=0.00s Real=0.04s
[43.290s][info][gc,start       ] GC(998) Pause Full (Allocation Failure)
[43.290s][info][gc,phases,start] GC(998) Phase 1: Mark live objects
[43.301s][info][gc,phases      ] GC(998) Phase 1: Mark live objects 10.173ms
[43.301s][info][gc,phases,start] GC(998) Phase 2: Compute new object addresses
[43.306s][info][gc,phases      ] GC(998) Phase 2: Compute new object addresses 5.112ms
[43.306s][info][gc,phases,start] GC(998) Phase 3: Adjust pointers
[43.312s][info][gc,phases      ] GC(998) Phase 3: Adjust pointers 5.969ms
[43.312s][info][gc,phases,start] GC(998) Phase 4: Move objects
[43.332s][info][gc,phases      ] GC(998) Phase 4: Move objects 20.499ms
[43.332s][info][gc,heap        ] GC(998) DefNew: 156333K(157248K)->35483K(157248K) Eden: 139776K(139776K)->35483K(139776K) From: 16557K(17472K)->0K(17472K)
[43.332s][info][gc,heap        ] GC(998) Tenured: 349377K(349568K)->349566K(349568K)
[43.332s][info][gc,metaspace   ] GC(998) Metaspace: 30991K(31296K)->30991K(31296K) NonClass: 27736K(27840K)->27736K(27840K) Class: 3254K(3456K)->3254K(3456K)
[43.332s][info][gc             ] GC(998) Pause Full (Allocation Failure) 493M->376M(494M) 42.224ms
[43.332s][info][gc,cpu         ] GC(998) User=0.04s Sys=0.00s Real=0.04s
[43.339s][info][gc,start       ] GC(999) Pause Full (Allocation Failure)
[43.339s][info][gc,phases,start] GC(999) Phase 1: Mark live objects
[43.350s][info][gc,phases      ] GC(999) Phase 1: Mark live objects 10.582ms
[43.350s][info][gc,phases,start] GC(999) Phase 2: Compute new object addresses
[43.354s][info][gc,phases      ] GC(999) Phase 2: Compute new object addresses 4.407ms
[43.355s][info][gc,phases,start] GC(999) Phase 3: Adjust pointers
[43.360s][info][gc,phases      ] GC(999) Phase 3: Adjust pointers 5.725ms
[43.360s][info][gc,phases,start] GC(999) Phase 4: Move objects
[43.388s][info][gc,phases      ] GC(999) Phase 4: Move objects 28.002ms
[43.388s][info][gc,heap        ] GC(999) DefNew: 157123K(157248K)->24807K(157248K) Eden: 139776K(139776K)->24807K(139776K) From: 17347K(17472K)->0K(17472K)
[43.389s][info][gc,heap        ] GC(999) Tenured: 349566K(349568K)->349556K(349568K)
[43.389s][info][gc,metaspace   ] GC(999) Metaspace: 30991K(31296K)->30991K(31296K) NonClass: 27736K(27840K)->27736K(27840K) Class: 3254K(3456K)->3254K(3456K)
[43.389s][info][gc             ] GC(999) Pause Full (Allocation Failure) 494M->365M(494M) 49.140ms
[43.389s][info][gc,cpu         ] GC(999) User=0.04s Sys=0.00s Real=0.05s
[43.399s][info][gc,start       ] GC(1000) Pause Full (Allocation Failure)
[43.399s][info][gc,phases,start] GC(1000) Phase 1: Mark live objects
[43.409s][info][gc,phases      ] GC(1000) Phase 1: Mark live objects 9.683ms
[43.409s][info][gc,phases,start] GC(1000) Phase 2: Compute new object addresses
[43.414s][info][gc,phases      ] GC(1000) Phase 2: Compute new object addresses 4.615ms
[43.414s][info][gc,phases,start] GC(1000) Phase 3: Adjust pointers
[43.420s][info][gc,phases      ] GC(1000) Phase 3: Adjust pointers 6.115ms
[43.420s][info][gc,phases,start] GC(1000) Phase 4: Move objects
[43.445s][info][gc,phases      ] GC(1000) Phase 4: Move objects 25.464ms
[43.445s][info][gc,heap        ] GC(1000) DefNew: 156897K(157248K)->36273K(157248K) Eden: 139776K(139776K)->36273K(139776K) From: 17121K(17472K)->0K(17472K)
[43.445s][info][gc,heap        ] GC(1000) Tenured: 349556K(349568K)->349564K(349568K)
[43.445s][info][gc,metaspace   ] GC(1000) Metaspace: 30991K(31296K)->30991K(31296K) NonClass: 27736K(27840K)->27736K(27840K) Class: 3254K(3456K)->3254K(3456K)
[43.445s][info][gc             ] GC(1000) Pause Full (Allocation Failure) 494M->376M(494M) 46.367ms
[43.446s][info][gc,cpu         ] GC(1000) User=0.04s Sys=0.00s Real=0.05s
[43.456s][info][gc,start       ] GC(1001) Pause Full (Allocation Failure)
[43.456s][info][gc,phases,start] GC(1001) Phase 1: Mark live objects
[43.466s][info][gc,phases      ] GC(1001) Phase 1: Mark live objects 9.271ms
[43.466s][info][gc,phases,start] GC(1001) Phase 2: Compute new object addresses
[43.470s][info][gc,phases      ] GC(1001) Phase 2: Compute new object addresses 4.460ms
[43.470s][info][gc,phases,start] GC(1001) Phase 3: Adjust pointers
[43.476s][info][gc,phases      ] GC(1001) Phase 3: Adjust pointers 5.922ms
[43.476s][info][gc,phases,start] GC(1001) Phase 4: Move objects
[43.504s][info][gc,phases      ] GC(1001) Phase 4: Move objects 28.250ms
[43.505s][info][gc,heap        ] GC(1001) DefNew: 156453K(157248K)->18616K(157248K) Eden: 139776K(139776K)->18616K(139776K) From: 16677K(17472K)->0K(17472K)
[43.505s][info][gc,heap        ] GC(1001) Tenured: 349564K(349568K)->349567K(349568K)
[43.505s][info][gc,metaspace   ] GC(1001) Metaspace: 30991K(31296K)->30991K(31296K) NonClass: 27736K(27840K)->27736K(27840K) Class: 3254K(3456K)->3254K(3456K)
[43.505s][info][gc             ] GC(1001) Pause Full (Allocation Failure) 494M->359M(494M) 48.382ms
[43.505s][info][gc,cpu         ] GC(1001) User=0.04s Sys=0.00s Real=0.05s
[43.515s][info][gc,start       ] GC(1002) Pause Full (Allocation Failure)
[43.515s][info][gc,phases,start] GC(1002) Phase 1: Mark live objects
[43.524s][info][gc,phases      ] GC(1002) Phase 1: Mark live objects 8.764ms
[43.524s][info][gc,phases,start] GC(1002) Phase 2: Compute new object addresses
[43.529s][info][gc,phases      ] GC(1002) Phase 2: Compute new object addresses 4.356ms
[43.529s][info][gc,phases,start] GC(1002) Phase 3: Adjust pointers
[43.534s][info][gc,phases      ] GC(1002) Phase 3: Adjust pointers 5.597ms
[43.534s][info][gc,phases,start] GC(1002) Phase 4: Move objects
[43.557s][info][gc,phases      ] GC(1002) Phase 4: Move objects 22.422ms
[43.557s][info][gc,heap        ] GC(1002) DefNew: 156899K(157248K)->34972K(157248K) Eden: 139776K(139776K)->34972K(139776K) From: 17123K(17472K)->0K(17472K)
[43.557s][info][gc,heap        ] GC(1002) Tenured: 349567K(349568K)->349565K(349568K)
[43.557s][info][gc,metaspace   ] GC(1002) Metaspace: 30991K(31296K)->30991K(31296K) NonClass: 27736K(27840K)->27736K(27840K) Class: 3254K(3456K)->3254K(3456K)
[43.557s][info][gc             ] GC(1002) Pause Full (Allocation Failure) 494M->375M(494M) 41.598ms
[43.557s][info][gc,cpu         ] GC(1002) User=0.04s Sys=0.00s Real=0.04s
[43.565s][info][gc,start       ] GC(1003) Pause Full (Allocation Failure)
[43.565s][info][gc,phases,start] GC(1003) Phase 1: Mark live objects
[43.575s][info][gc,phases      ] GC(1003) Phase 1: Mark live objects 9.537ms
[43.575s][info][gc,phases,start] GC(1003) Phase 2: Compute new object addresses
[43.579s][info][gc,phases      ] GC(1003) Phase 2: Compute new object addresses 4.740ms
[43.579s][info][gc,phases,start] GC(1003) Phase 3: Adjust pointers
[43.585s][info][gc,phases      ] GC(1003) Phase 3: Adjust pointers 6.024ms
[43.585s][info][gc,phases,start] GC(1003) Phase 4: Move objects
[43.614s][info][gc,phases      ] GC(1003) Phase 4: Move objects 28.553ms
[43.614s][info][gc,heap        ] GC(1003) DefNew: 157181K(157248K)->20444K(157248K) Eden: 139776K(139776K)->20444K(139776K) From: 17405K(17472K)->0K(17472K)
[43.614s][info][gc,heap        ] GC(1003) Tenured: 349565K(349568K)->349293K(349568K)
[43.614s][info][gc,metaspace   ] GC(1003) Metaspace: 30991K(31296K)->30991K(31296K) NonClass: 27736K(27840K)->27736K(27840K) Class: 3254K(3456K)->3254K(3456K)
[43.614s][info][gc             ] GC(1003) Pause Full (Allocation Failure) 494M->361M(494M) 49.268ms
[43.614s][info][gc,cpu         ] GC(1003) User=0.05s Sys=0.00s Real=0.05s
[43.622s][info][gc,start       ] GC(1004) Pause Full (Allocation Failure)
[43.622s][info][gc,phases,start] GC(1004) Phase 1: Mark live objects
[43.631s][info][gc,phases      ] GC(1004) Phase 1: Mark live objects 9.090ms
[43.631s][info][gc,phases,start] GC(1004) Phase 2: Compute new object addresses
[43.636s][info][gc,phases      ] GC(1004) Phase 2: Compute new object addresses 4.598ms
[43.636s][info][gc,phases,start] GC(1004) Phase 3: Adjust pointers
[43.641s][info][gc,phases      ] GC(1004) Phase 3: Adjust pointers 5.887ms
[43.642s][info][gc,phases,start] GC(1004) Phase 4: Move objects
[43.645s][info][gc,phases      ] GC(1004) Phase 4: Move objects 3.775ms
[43.645s][info][gc,heap        ] GC(1004) DefNew: 157137K(157248K)->40589K(157248K) Eden: 139776K(139776K)->40589K(139776K) From: 17361K(17472K)->0K(17472K)
[43.646s][info][gc,heap        ] GC(1004) Tenured: 349550K(349568K)->349567K(349568K)
[43.646s][info][gc,metaspace   ] GC(1004) Metaspace: 30991K(31296K)->30991K(31296K) NonClass: 27736K(27840K)->27736K(27840K) Class: 3254K(3456K)->3254K(3456K)
[43.646s][info][gc             ] GC(1004) Pause Full (Allocation Failure) 494M->381M(494M) 23.777ms
[43.646s][info][gc,cpu         ] GC(1004) User=0.02s Sys=0.00s Real=0.03s
[43.656s][info][gc,start       ] GC(1005) Pause Full (Allocation Failure)
[43.656s][info][gc,phases,start] GC(1005) Phase 1: Mark live objects
[43.665s][info][gc,phases      ] GC(1005) Phase 1: Mark live objects 8.811ms
[43.665s][info][gc,phases,start] GC(1005) Phase 2: Compute new object addresses
[43.669s][info][gc,phases      ] GC(1005) Phase 2: Compute new object addresses 4.233ms
[43.670s][info][gc,phases,start] GC(1005) Phase 3: Adjust pointers
[43.675s][info][gc,phases      ] GC(1005) Phase 3: Adjust pointers 5.816ms
[43.675s][info][gc,phases,start] GC(1005) Phase 4: Move objects
[43.703s][info][gc,phases      ] GC(1005) Phase 4: Move objects 27.773ms
[43.703s][info][gc,heap        ] GC(1005) DefNew: 156227K(157248K)->15197K(157248K) Eden: 139776K(139776K)->15197K(139776K) From: 16451K(17472K)->0K(17472K)
[43.703s][info][gc,heap        ] GC(1005) Tenured: 349567K(349568K)->349406K(349568K)
[43.703s][info][gc,metaspace   ] GC(1005) Metaspace: 30991K(31296K)->30991K(31296K) NonClass: 27736K(27840K)->27736K(27840K) Class: 3254K(3456K)->3254K(3456K)
[43.703s][info][gc             ] GC(1005) Pause Full (Allocation Failure) 493M->356M(494M) 47.045ms
[43.703s][info][gc,cpu         ] GC(1005) User=0.05s Sys=0.00s Real=0.05s
[43.711s][info][gc,start       ] GC(1006) Pause Full (Allocation Failure)
[43.711s][info][gc,phases,start] GC(1006) Phase 1: Mark live objects
[43.721s][info][gc,phases      ] GC(1006) Phase 1: Mark live objects 9.270ms
[43.721s][info][gc,phases,start] GC(1006) Phase 2: Compute new object addresses
[43.726s][info][gc,phases      ] GC(1006) Phase 2: Compute new object addresses 5.135ms
[43.726s][info][gc,phases,start] GC(1006) Phase 3: Adjust pointers
[43.733s][info][gc,phases      ] GC(1006) Phase 3: Adjust pointers 7.255ms
[43.733s][info][gc,phases,start] GC(1006) Phase 4: Move objects
[43.737s][info][gc,phases      ] GC(1006) Phase 4: Move objects 3.463ms
[43.737s][info][gc,heap        ] GC(1006) DefNew: 157150K(157248K)->39330K(157248K) Eden: 139776K(139776K)->39330K(139776K) From: 17374K(17472K)->0K(17472K)
[43.737s][info][gc,heap        ] GC(1006) Tenured: 349406K(349568K)->349406K(349568K)
[43.737s][info][gc,metaspace   ] GC(1006) Metaspace: 30991K(31296K)->30991K(31296K) NonClass: 27736K(27840K)->27736K(27840K) Class: 3254K(3456K)->3254K(3456K)
[43.737s][info][gc             ] GC(1006) Pause Full (Allocation Failure) 494M->379M(494M) 25.587ms
[43.737s][info][gc,cpu         ] GC(1006) User=0.03s Sys=0.00s Real=0.02s
[43.747s][info][gc,start       ] GC(1007) Pause Full (Allocation Failure)
[43.747s][info][gc,phases,start] GC(1007) Phase 1: Mark live objects
[43.758s][info][gc,phases      ] GC(1007) Phase 1: Mark live objects 10.240ms
[43.758s][info][gc,phases,start] GC(1007) Phase 2: Compute new object addresses
[43.763s][info][gc,phases      ] GC(1007) Phase 2: Compute new object addresses 5.690ms
[43.763s][info][gc,phases,start] GC(1007) Phase 3: Adjust pointers
[43.771s][info][gc,phases      ] GC(1007) Phase 3: Adjust pointers 7.269ms
[43.771s][info][gc,phases,start] GC(1007) Phase 4: Move objects
[43.797s][info][gc,phases      ] GC(1007) Phase 4: Move objects 25.891ms
[43.797s][info][gc,heap        ] GC(1007) DefNew: 157052K(157248K)->37922K(157248K) Eden: 139776K(139776K)->37922K(139776K) From: 17276K(17472K)->0K(17472K)
[43.797s][info][gc,heap        ] GC(1007) Tenured: 349406K(349568K)->349531K(349568K)
[43.797s][info][gc,metaspace   ] GC(1007) Metaspace: 30991K(31296K)->30991K(31296K) NonClass: 27736K(27840K)->27736K(27840K) Class: 3254K(3456K)->3254K(3456K)
[43.797s][info][gc             ] GC(1007) Pause Full (Allocation Failure) 494M->378M(494M) 49.563ms
[43.797s][info][gc,cpu         ] GC(1007) User=0.05s Sys=0.00s Real=0.05s
[43.805s][info][gc,start       ] GC(1008) Pause Full (Allocation Failure)
[43.805s][info][gc,phases,start] GC(1008) Phase 1: Mark live objects
[43.814s][info][gc,phases      ] GC(1008) Phase 1: Mark live objects 9.382ms
[43.814s][info][gc,phases,start] GC(1008) Phase 2: Compute new object addresses
[43.819s][info][gc,phases      ] GC(1008) Phase 2: Compute new object addresses 4.332ms
[43.819s][info][gc,phases,start] GC(1008) Phase 3: Adjust pointers
[43.826s][info][gc,phases      ] GC(1008) Phase 3: Adjust pointers 6.856ms
[43.826s][info][gc,phases,start] GC(1008) Phase 4: Move objects
[43.856s][info][gc,phases      ] GC(1008) Phase 4: Move objects 30.529ms
[43.856s][info][gc,heap        ] GC(1008) DefNew: 157248K(157248K)->23161K(157248K) Eden: 139776K(139776K)->23161K(139776K) From: 17472K(17472K)->0K(17472K)
[43.857s][info][gc,heap        ] GC(1008) Tenured: 349532K(349568K)->349046K(349568K)
[43.857s][info][gc,metaspace   ] GC(1008) Metaspace: 30991K(31296K)->30991K(31296K) NonClass: 27736K(27840K)->27736K(27840K) Class: 3254K(3456K)->3254K(3456K)
[43.857s][info][gc             ] GC(1008) Pause Full (Allocation Failure) 494M->363M(494M) 51.595ms
[43.857s][info][gc,cpu         ] GC(1008) User=0.06s Sys=0.00s Real=0.05s
[43.867s][info][gc,start       ] GC(1009) Pause Full (Allocation Failure)
[43.867s][info][gc,phases,start] GC(1009) Phase 1: Mark live objects
[43.876s][info][gc,phases      ] GC(1009) Phase 1: Mark live objects 9.039ms
[43.876s][info][gc,phases,start] GC(1009) Phase 2: Compute new object addresses
[43.881s][info][gc,phases      ] GC(1009) Phase 2: Compute new object addresses 4.718ms
[43.881s][info][gc,phases,start] GC(1009) Phase 3: Adjust pointers
[43.887s][info][gc,phases      ] GC(1009) Phase 3: Adjust pointers 5.871ms
[43.887s][info][gc,phases,start] GC(1009) Phase 4: Move objects
[43.914s][info][gc,phases      ] GC(1009) Phase 4: Move objects 26.743ms
[43.914s][info][gc,heap        ] GC(1009) DefNew: 157129K(157248K)->17601K(157248K) Eden: 139776K(139776K)->17601K(139776K) From: 17353K(17472K)->0K(17472K)
[43.914s][info][gc,heap        ] GC(1009) Tenured: 349046K(349568K)->349568K(349568K)
[43.914s][info][gc,metaspace   ] GC(1009) Metaspace: 30991K(31296K)->30991K(31296K) NonClass: 27736K(27840K)->27736K(27840K) Class: 3254K(3456K)->3254K(3456K)
[43.914s][info][gc             ] GC(1009) Pause Full (Allocation Failure) 494M->358M(494M) 46.811ms
[43.914s][info][gc,cpu         ] GC(1009) User=0.05s Sys=0.00s Real=0.05s
[43.925s][info][gc,start       ] GC(1010) Pause Full (Allocation Failure)
[43.925s][info][gc,phases,start] GC(1010) Phase 1: Mark live objects
[43.934s][info][gc,phases      ] GC(1010) Phase 1: Mark live objects 9.355ms
[43.934s][info][gc,phases,start] GC(1010) Phase 2: Compute new object addresses
[43.939s][info][gc,phases      ] GC(1010) Phase 2: Compute new object addresses 4.377ms
[43.939s][info][gc,phases,start] GC(1010) Phase 3: Adjust pointers
[43.944s][info][gc,phases      ] GC(1010) Phase 3: Adjust pointers 5.822ms
[43.944s][info][gc,phases,start] GC(1010) Phase 4: Move objects
[43.966s][info][gc,phases      ] GC(1010) Phase 4: Move objects 21.679ms
[43.966s][info][gc,heap        ] GC(1010) DefNew: 157127K(157248K)->35480K(157248K) Eden: 139776K(139776K)->35480K(139776K) From: 17351K(17472K)->0K(17472K)
[43.966s][info][gc,heap        ] GC(1010) Tenured: 349568K(349568K)->349311K(349568K)
[43.966s][info][gc,metaspace   ] GC(1010) Metaspace: 30991K(31296K)->30991K(31296K) NonClass: 27736K(27840K)->27736K(27840K) Class: 3254K(3456K)->3254K(3456K)
[43.966s][info][gc             ] GC(1010) Pause Full (Allocation Failure) 494M->375M(494M) 41.702ms
[43.966s][info][gc,cpu         ] GC(1010) User=0.04s Sys=0.01s Real=0.04s
[43.973s][info][gc,start       ] GC(1011) Pause Full (Allocation Failure)
[43.973s][info][gc,phases,start] GC(1011) Phase 1: Mark live objects
[43.982s][info][gc,phases      ] GC(1011) Phase 1: Mark live objects 8.862ms
[43.982s][info][gc,phases,start] GC(1011) Phase 2: Compute new object addresses
[43.986s][info][gc,phases      ] GC(1011) Phase 2: Compute new object addresses 4.314ms
[43.986s][info][gc,phases,start] GC(1011) Phase 3: Adjust pointers
[43.992s][info][gc,phases      ] GC(1011) Phase 3: Adjust pointers 5.856ms
[43.992s][info][gc,phases,start] GC(1011) Phase 4: Move objects
[44.021s][info][gc,phases      ] GC(1011) Phase 4: Move objects 28.799ms
[44.021s][info][gc,heap        ] GC(1011) DefNew: 157001K(157248K)->22499K(157248K) Eden: 139776K(139776K)->22499K(139776K) From: 17225K(17472K)->0K(17472K)
[44.021s][info][gc,heap        ] GC(1011) Tenured: 349311K(349568K)->349547K(349568K)
[44.021s][info][gc,metaspace   ] GC(1011) Metaspace: 30991K(31296K)->30991K(31296K) NonClass: 27736K(27840K)->27736K(27840K) Class: 3254K(3456K)->3254K(3456K)
[44.021s][info][gc             ] GC(1011) Pause Full (Allocation Failure) 494M->363M(494M) 48.270ms
[44.021s][info][gc,cpu         ] GC(1011) User=0.05s Sys=0.00s Real=0.04s
[44.032s][info][gc,start       ] GC(1012) Pause Full (Allocation Failure)
[44.032s][info][gc,phases,start] GC(1012) Phase 1: Mark live objects
[44.041s][info][gc,phases      ] GC(1012) Phase 1: Mark live objects 8.872ms
[44.041s][info][gc,phases,start] GC(1012) Phase 2: Compute new object addresses
[44.046s][info][gc,phases      ] GC(1012) Phase 2: Compute new object addresses 4.664ms
[44.046s][info][gc,phases,start] GC(1012) Phase 3: Adjust pointers
[44.052s][info][gc,phases      ] GC(1012) Phase 3: Adjust pointers 6.116ms
[44.052s][info][gc,phases,start] GC(1012) Phase 4: Move objects
[44.074s][info][gc,phases      ] GC(1012) Phase 4: Move objects 22.331ms
[44.074s][info][gc,heap        ] GC(1012) DefNew: 156288K(157248K)->32027K(157248K) Eden: 139776K(139776K)->32027K(139776K) From: 16512K(17472K)->0K(17472K)
[44.074s][info][gc,heap        ] GC(1012) Tenured: 349547K(349568K)->349527K(349568K)
[44.074s][info][gc,metaspace   ] GC(1012) Metaspace: 30991K(31296K)->30991K(31296K) NonClass: 27736K(27840K)->27736K(27840K) Class: 3254K(3456K)->3254K(3456K)
[44.074s][info][gc             ] GC(1012) Pause Full (Allocation Failure) 493M->372M(494M) 42.462ms
[44.074s][info][gc,cpu         ] GC(1012) User=0.04s Sys=0.00s Real=0.04s
[44.086s][info][gc,start       ] GC(1013) Pause Full (Allocation Failure)
[44.086s][info][gc,phases,start] GC(1013) Phase 1: Mark live objects
[44.094s][info][gc,phases      ] GC(1013) Phase 1: Mark live objects 8.743ms
[44.094s][info][gc,phases,start] GC(1013) Phase 2: Compute new object addresses
[44.099s][info][gc,phases      ] GC(1013) Phase 2: Compute new object addresses 4.369ms
[44.099s][info][gc,phases,start] GC(1013) Phase 3: Adjust pointers
[44.105s][info][gc,phases      ] GC(1013) Phase 3: Adjust pointers 5.803ms
[44.105s][info][gc,phases,start] GC(1013) Phase 4: Move objects
[44.132s][info][gc,phases      ] GC(1013) Phase 4: Move objects 26.985ms
[44.132s][info][gc,heap        ] GC(1013) DefNew: 156529K(157248K)->12108K(157248K) Eden: 139776K(139776K)->12108K(139776K) From: 16753K(17472K)->0K(17472K)
[44.132s][info][gc,heap        ] GC(1013) Tenured: 349527K(349568K)->349565K(349568K)
[44.132s][info][gc,metaspace   ] GC(1013) Metaspace: 30991K(31296K)->30991K(31296K) NonClass: 27736K(27840K)->27736K(27840K) Class: 3254K(3456K)->3254K(3456K)
[44.132s][info][gc             ] GC(1013) Pause Full (Allocation Failure) 494M->353M(494M) 46.332ms
[44.132s][info][gc,cpu         ] GC(1013) User=0.05s Sys=0.00s Real=0.05s
[44.149s][info][gc,start       ] GC(1014) Pause Full (Allocation Failure)
[44.149s][info][gc,phases,start] GC(1014) Phase 1: Mark live objects
[44.158s][info][gc,phases      ] GC(1014) Phase 1: Mark live objects 8.638ms
[44.158s][info][gc,phases,start] GC(1014) Phase 2: Compute new object addresses
[44.163s][info][gc,phases      ] GC(1014) Phase 2: Compute new object addresses 4.768ms
[44.163s][info][gc,phases,start] GC(1014) Phase 3: Adjust pointers
[44.168s][info][gc,phases      ] GC(1014) Phase 3: Adjust pointers 5.866ms
[44.168s][info][gc,phases,start] GC(1014) Phase 4: Move objects
[44.191s][info][gc,phases      ] GC(1014) Phase 4: Move objects 22.799ms
[44.191s][info][gc,heap        ] GC(1014) DefNew: 157106K(157248K)->22307K(157248K) Eden: 139776K(139776K)->22307K(139776K) From: 17330K(17472K)->0K(17472K)
[44.192s][info][gc,heap        ] GC(1014) Tenured: 349565K(349568K)->349486K(349568K)
[44.192s][info][gc,metaspace   ] GC(1014) Metaspace: 30991K(31296K)->30991K(31296K) NonClass: 27736K(27840K)->27736K(27840K) Class: 3254K(3456K)->3254K(3456K)
[44.192s][info][gc             ] GC(1014) Pause Full (Allocation Failure) 494M->363M(494M) 42.508ms
[44.192s][info][gc,cpu         ] GC(1014) User=0.05s Sys=0.00s Real=0.05s
[44.204s][info][gc,start       ] GC(1015) Pause Full (Allocation Failure)
[44.204s][info][gc,phases,start] GC(1015) Phase 1: Mark live objects
[44.213s][info][gc,phases      ] GC(1015) Phase 1: Mark live objects 9.015ms
[44.213s][info][gc,phases,start] GC(1015) Phase 2: Compute new object addresses
[44.217s][info][gc,phases      ] GC(1015) Phase 2: Compute new object addresses 4.512ms
[44.217s][info][gc,phases,start] GC(1015) Phase 3: Adjust pointers
[44.223s][info][gc,phases      ] GC(1015) Phase 3: Adjust pointers 5.980ms
[44.223s][info][gc,phases,start] GC(1015) Phase 4: Move objects
[44.249s][info][gc,phases      ] GC(1015) Phase 4: Move objects 25.330ms
[44.249s][info][gc,heap        ] GC(1015) DefNew: 156794K(157248K)->1032K(157248K) Eden: 139776K(139776K)->1032K(139776K) From: 17018K(17472K)->0K(17472K)
[44.249s][info][gc,heap        ] GC(1015) Tenured: 349486K(349568K)->348820K(349568K)
[44.249s][info][gc,metaspace   ] GC(1015) Metaspace: 30991K(31296K)->30991K(31296K) NonClass: 27736K(27840K)->27736K(27840K) Class: 3254K(3456K)->3254K(3456K)
[44.249s][info][gc             ] GC(1015) Pause Full (Allocation Failure) 494M->341M(494M) 45.274ms
[44.249s][info][gc,cpu         ] GC(1015) User=0.04s Sys=0.00s Real=0.04s
[44.260s][info][gc,start       ] GC(1016) Pause Full (Allocation Failure)
[44.260s][info][gc,phases,start] GC(1016) Phase 1: Mark live objects
[44.269s][info][gc,phases      ] GC(1016) Phase 1: Mark live objects 9.315ms
[44.269s][info][gc,phases,start] GC(1016) Phase 2: Compute new object addresses
[44.274s][info][gc,phases      ] GC(1016) Phase 2: Compute new object addresses 4.946ms
[44.274s][info][gc,phases,start] GC(1016) Phase 3: Adjust pointers
[44.280s][info][gc,phases      ] GC(1016) Phase 3: Adjust pointers 6.123ms
[44.280s][info][gc,phases,start] GC(1016) Phase 4: Move objects
[44.303s][info][gc,phases      ] GC(1016) Phase 4: Move objects 22.557ms
[44.303s][info][gc,heap        ] GC(1016) DefNew: 156258K(157248K)->17262K(157248K) Eden: 139776K(139776K)->17262K(139776K) From: 16482K(17472K)->0K(17472K)
[44.303s][info][gc,heap        ] GC(1016) Tenured: 348820K(349568K)->349402K(349568K)
[44.303s][info][gc,metaspace   ] GC(1016) Metaspace: 30996K(31360K)->30996K(31360K) NonClass: 27742K(27904K)->27742K(27904K) Class: 3254K(3456K)->3254K(3456K)
[44.303s][info][gc             ] GC(1016) Pause Full (Allocation Failure) 493M->358M(494M) 43.512ms
[44.303s][info][gc,cpu         ] GC(1016) User=0.04s Sys=0.00s Real=0.05s
[44.310s][info][gc,start       ] GC(1017) Pause Full (Allocation Failure)
[44.310s][info][gc,phases,start] GC(1017) Phase 1: Mark live objects
[44.319s][info][gc,phases      ] GC(1017) Phase 1: Mark live objects 9.193ms
[44.319s][info][gc,phases,start] GC(1017) Phase 2: Compute new object addresses
[44.324s][info][gc,phases      ] GC(1017) Phase 2: Compute new object addresses 4.561ms
[44.324s][info][gc,phases,start] GC(1017) Phase 3: Adjust pointers
[44.330s][info][gc,phases      ] GC(1017) Phase 3: Adjust pointers 5.905ms
[44.330s][info][gc,phases,start] GC(1017) Phase 4: Move objects
[44.357s][info][gc,phases      ] GC(1017) Phase 4: Move objects 26.937ms
[44.357s][info][gc,heap        ] GC(1017) DefNew: 157006K(157248K)->8229K(157248K) Eden: 139776K(139776K)->8229K(139776K) From: 17230K(17472K)->0K(17472K)
[44.357s][info][gc,heap        ] GC(1017) Tenured: 349402K(349568K)->349324K(349568K)
[44.357s][info][gc,metaspace   ] GC(1017) Metaspace: 30996K(31360K)->30996K(31360K) NonClass: 27742K(27904K)->27742K(27904K) Class: 3254K(3456K)->3254K(3456K)
[44.357s][info][gc             ] GC(1017) Pause Full (Allocation Failure) 494M->349M(494M) 47.052ms
[44.357s][info][gc,cpu         ] GC(1017) User=0.05s Sys=0.00s Real=0.05s
[44.367s][info][gc,start       ] GC(1018) Pause Full (Allocation Failure)
[44.367s][info][gc,phases,start] GC(1018) Phase 1: Mark live objects
[44.377s][info][gc,phases      ] GC(1018) Phase 1: Mark live objects 9.189ms
[44.377s][info][gc,phases,start] GC(1018) Phase 2: Compute new object addresses
[44.381s][info][gc,phases      ] GC(1018) Phase 2: Compute new object addresses 4.820ms
[44.381s][info][gc,phases,start] GC(1018) Phase 3: Adjust pointers
[44.387s][info][gc,phases      ] GC(1018) Phase 3: Adjust pointers 5.664ms
[44.387s][info][gc,phases,start] GC(1018) Phase 4: Move objects
[44.408s][info][gc,phases      ] GC(1018) Phase 4: Move objects 21.172ms
[44.409s][info][gc,heap        ] GC(1018) DefNew: 156481K(157248K)->25727K(157248K) Eden: 139776K(139776K)->25727K(139776K) From: 16705K(17472K)->0K(17472K)
[44.409s][info][gc,heap        ] GC(1018) Tenured: 349324K(349568K)->349516K(349568K)
[44.409s][info][gc,metaspace   ] GC(1018) Metaspace: 30996K(31360K)->30996K(31360K) NonClass: 27742K(27904K)->27742K(27904K) Class: 3254K(3456K)->3254K(3456K)
[44.409s][info][gc             ] GC(1018) Pause Full (Allocation Failure) 493M->366M(494M) 41.273ms
[44.409s][info][gc,cpu         ] GC(1018) User=0.04s Sys=0.00s Real=0.04s
[44.419s][info][gc,start       ] GC(1019) Pause Full (Allocation Failure)
[44.419s][info][gc,phases,start] GC(1019) Phase 1: Mark live objects
[44.428s][info][gc,phases      ] GC(1019) Phase 1: Mark live objects 9.060ms
[44.428s][info][gc,phases,start] GC(1019) Phase 2: Compute new object addresses
[44.432s][info][gc,phases      ] GC(1019) Phase 2: Compute new object addresses 4.803ms
[44.433s][info][gc,phases,start] GC(1019) Phase 3: Adjust pointers
[44.439s][info][gc,phases      ] GC(1019) Phase 3: Adjust pointers 6.063ms
[44.439s][info][gc,phases,start] GC(1019) Phase 4: Move objects
[44.469s][info][gc,phases      ] GC(1019) Phase 4: Move objects 29.948ms
[44.469s][info][gc,heap        ] GC(1019) DefNew: 157248K(157248K)->22786K(157248K) Eden: 139776K(139776K)->22786K(139776K) From: 17472K(17472K)->0K(17472K)
[44.469s][info][gc,heap        ] GC(1019) Tenured: 349542K(349568K)->349517K(349568K)
[44.469s][info][gc,metaspace   ] GC(1019) Metaspace: 30996K(31360K)->30996K(31360K) NonClass: 27742K(27904K)->27742K(27904K) Class: 3254K(3456K)->3254K(3456K)
[44.469s][info][gc             ] GC(1019) Pause Full (Allocation Failure) 494M->363M(494M) 50.321ms
[44.469s][info][gc,cpu         ] GC(1019) User=0.05s Sys=0.00s Real=0.05s
[44.475s][info][gc,start       ] GC(1020) Pause Full (Allocation Failure)
[44.475s][info][gc,phases,start] GC(1020) Phase 1: Mark live objects
[44.484s][info][gc,phases      ] GC(1020) Phase 1: Mark live objects 9.113ms
[44.484s][info][gc,phases,start] GC(1020) Phase 2: Compute new object addresses
[44.489s][info][gc,phases      ] GC(1020) Phase 2: Compute new object addresses 4.469ms
[44.489s][info][gc,phases,start] GC(1020) Phase 3: Adjust pointers
[44.496s][info][gc,phases      ] GC(1020) Phase 3: Adjust pointers 6.707ms
[44.496s][info][gc,phases,start] GC(1020) Phase 4: Move objects
[44.523s][info][gc,phases      ] GC(1020) Phase 4: Move objects 26.922ms
[44.523s][info][gc,heap        ] GC(1020) DefNew: 157010K(157248K)->12088K(157248K) Eden: 139776K(139776K)->12088K(139776K) From: 17234K(17472K)->0K(17472K)
[44.523s][info][gc,heap        ] GC(1020) Tenured: 349517K(349568K)->349433K(349568K)
[44.523s][info][gc,metaspace   ] GC(1020) Metaspace: 30996K(31360K)->30996K(31360K) NonClass: 27742K(27904K)->27742K(27904K) Class: 3254K(3456K)->3254K(3456K)
[44.523s][info][gc             ] GC(1020) Pause Full (Allocation Failure) 494M->353M(494M) 47.687ms
[44.523s][info][gc,cpu         ] GC(1020) User=0.05s Sys=0.00s Real=0.05s
[44.532s][info][gc,start       ] GC(1021) Pause Full (Allocation Failure)
[44.532s][info][gc,phases,start] GC(1021) Phase 1: Mark live objects
[44.541s][info][gc,phases      ] GC(1021) Phase 1: Mark live objects 8.962ms
[44.541s][info][gc,phases,start] GC(1021) Phase 2: Compute new object addresses
[44.545s][info][gc,phases      ] GC(1021) Phase 2: Compute new object addresses 4.540ms
[44.545s][info][gc,phases,start] GC(1021) Phase 3: Adjust pointers
[44.551s][info][gc,phases      ] GC(1021) Phase 3: Adjust pointers 5.704ms
[44.551s][info][gc,phases,start] GC(1021) Phase 4: Move objects
[44.578s][info][gc,phases      ] GC(1021) Phase 4: Move objects 27.115ms
[44.578s][info][gc,heap        ] GC(1021) DefNew: 157216K(157248K)->10797K(157248K) Eden: 139776K(139776K)->10797K(139776K) From: 17440K(17472K)->0K(17472K)
[44.578s][info][gc,heap        ] GC(1021) Tenured: 349433K(349568K)->349323K(349568K)
[44.578s][info][gc,metaspace   ] GC(1021) Metaspace: 30996K(31360K)->30996K(31360K) NonClass: 27742K(27904K)->27742K(27904K) Class: 3254K(3456K)->3254K(3456K)
[44.578s][info][gc             ] GC(1021) Pause Full (Allocation Failure) 494M->351M(494M) 46.742ms
[44.579s][info][gc,cpu         ] GC(1021) User=0.05s Sys=0.00s Real=0.04s
[44.589s][info][gc,start       ] GC(1022) Pause Full (Allocation Failure)
[44.589s][info][gc,phases,start] GC(1022) Phase 1: Mark live objects
[44.598s][info][gc,phases      ] GC(1022) Phase 1: Mark live objects 9.055ms
[44.598s][info][gc,phases,start] GC(1022) Phase 2: Compute new object addresses
[44.603s][info][gc,phases      ] GC(1022) Phase 2: Compute new object addresses 4.785ms
[44.603s][info][gc,phases,start] GC(1022) Phase 3: Adjust pointers
[44.609s][info][gc,phases      ] GC(1022) Phase 3: Adjust pointers 5.973ms
[44.609s][info][gc,phases,start] GC(1022) Phase 4: Move objects
[44.630s][info][gc,phases      ] GC(1022) Phase 4: Move objects 20.413ms
[44.630s][info][gc,heap        ] GC(1022) DefNew: 156837K(157248K)->27112K(157248K) Eden: 139776K(139776K)->27112K(139776K) From: 17061K(17472K)->0K(17472K)
[44.630s][info][gc,heap        ] GC(1022) Tenured: 349323K(349568K)->349556K(349568K)
[44.630s][info][gc,metaspace   ] GC(1022) Metaspace: 30996K(31360K)->30996K(31360K) NonClass: 27742K(27904K)->27742K(27904K) Class: 3254K(3456K)->3254K(3456K)
[44.630s][info][gc             ] GC(1022) Pause Full (Allocation Failure) 494M->367M(494M) 40.659ms
[44.630s][info][gc,cpu         ] GC(1022) User=0.04s Sys=0.00s Real=0.04s
[44.641s][info][gc,start       ] GC(1023) Pause Full (Allocation Failure)
[44.641s][info][gc,phases,start] GC(1023) Phase 1: Mark live objects
[44.650s][info][gc,phases      ] GC(1023) Phase 1: Mark live objects 9.143ms
[44.650s][info][gc,phases,start] GC(1023) Phase 2: Compute new object addresses
[44.654s][info][gc,phases      ] GC(1023) Phase 2: Compute new object addresses 4.507ms
[44.654s][info][gc,phases,start] GC(1023) Phase 3: Adjust pointers
[44.660s][info][gc,phases      ] GC(1023) Phase 3: Adjust pointers 5.813ms
[44.660s][info][gc,phases,start] GC(1023) Phase 4: Move objects
[44.686s][info][gc,phases      ] GC(1023) Phase 4: Move objects 26.171ms
[44.687s][info][gc,heap        ] GC(1023) DefNew: 156581K(157248K)->22902K(157248K) Eden: 139776K(139776K)->22902K(139776K) From: 16805K(17472K)->0K(17472K)
[44.687s][info][gc,heap        ] GC(1023) Tenured: 349556K(349568K)->349563K(349568K)
[44.687s][info][gc,metaspace   ] GC(1023) Metaspace: 30996K(31360K)->30996K(31360K) NonClass: 27742K(27904K)->27742K(27904K) Class: 3254K(3456K)->3254K(3456K)
[44.687s][info][gc             ] GC(1023) Pause Full (Allocation Failure) 494M->363M(494M) 46.073ms
[44.687s][info][gc,cpu         ] GC(1023) User=0.05s Sys=0.00s Real=0.05s
[44.693s][info][gc,start       ] GC(1024) Pause Full (Allocation Failure)
[44.694s][info][gc,phases,start] GC(1024) Phase 1: Mark live objects
[44.703s][info][gc,phases      ] GC(1024) Phase 1: Mark live objects 9.676ms
[44.703s][info][gc,phases,start] GC(1024) Phase 2: Compute new object addresses
[44.708s][info][gc,phases      ] GC(1024) Phase 2: Compute new object addresses 4.680ms
[44.708s][info][gc,phases,start] GC(1024) Phase 3: Adjust pointers
[44.714s][info][gc,phases      ] GC(1024) Phase 3: Adjust pointers 5.863ms
[44.714s][info][gc,phases,start] GC(1024) Phase 4: Move objects
[44.740s][info][gc,phases      ] GC(1024) Phase 4: Move objects 26.558ms
[44.741s][info][gc,heap        ] GC(1024) DefNew: 157058K(157248K)->11585K(157248K) Eden: 139776K(139776K)->11585K(139776K) From: 17282K(17472K)->0K(17472K)
[44.741s][info][gc,heap        ] GC(1024) Tenured: 349563K(349568K)->349414K(349568K)
[44.741s][info][gc,metaspace   ] GC(1024) Metaspace: 30996K(31360K)->30996K(31360K) NonClass: 27742K(27904K)->27742K(27904K) Class: 3254K(3456K)->3254K(3456K)
[44.741s][info][gc             ] GC(1024) Pause Full (Allocation Failure) 494M->352M(494M) 47.210ms
[44.741s][info][gc,cpu         ] GC(1024) User=0.05s Sys=0.00s Real=0.04s
[44.751s][info][gc,start       ] GC(1025) Pause Full (Allocation Failure)
[44.751s][info][gc,phases,start] GC(1025) Phase 1: Mark live objects
[44.760s][info][gc,phases      ] GC(1025) Phase 1: Mark live objects 8.841ms
[44.760s][info][gc,phases,start] GC(1025) Phase 2: Compute new object addresses
[44.765s][info][gc,phases      ] GC(1025) Phase 2: Compute new object addresses 4.472ms
[44.765s][info][gc,phases,start] GC(1025) Phase 3: Adjust pointers
[44.771s][info][gc,phases      ] GC(1025) Phase 3: Adjust pointers 5.725ms
[44.771s][info][gc,phases,start] GC(1025) Phase 4: Move objects
[44.797s][info][gc,phases      ] GC(1025) Phase 4: Move objects 26.615ms
[44.797s][info][gc,heap        ] GC(1025) DefNew: 156834K(157248K)->6760K(157248K) Eden: 139775K(139776K)->6760K(139776K) From: 17058K(17472K)->0K(17472K)
[44.797s][info][gc,heap        ] GC(1025) Tenured: 349414K(349568K)->349563K(349568K)
[44.797s][info][gc,metaspace   ] GC(1025) Metaspace: 30996K(31360K)->30996K(31360K) NonClass: 27742K(27904K)->27742K(27904K) Class: 3254K(3456K)->3254K(3456K)
[44.798s][info][gc             ] GC(1025) Pause Full (Allocation Failure) 494M->347M(494M) 46.082ms
[44.798s][info][gc,cpu         ] GC(1025) User=0.05s Sys=0.00s Real=0.04s
[44.806s][info][gc,start       ] GC(1026) Pause Full (Allocation Failure)
[44.806s][info][gc,phases,start] GC(1026) Phase 1: Mark live objects
[44.816s][info][gc,phases      ] GC(1026) Phase 1: Mark live objects 9.735ms
[44.816s][info][gc,phases,start] GC(1026) Phase 2: Compute new object addresses
[44.821s][info][gc,phases      ] GC(1026) Phase 2: Compute new object addresses 4.868ms
[44.821s][info][gc,phases,start] GC(1026) Phase 3: Adjust pointers
[44.827s][info][gc,phases      ] GC(1026) Phase 3: Adjust pointers 5.769ms
[44.827s][info][gc,phases,start] GC(1026) Phase 4: Move objects
[44.844s][info][gc,phases      ] GC(1026) Phase 4: Move objects 17.736ms
[44.845s][info][gc,heap        ] GC(1026) DefNew: 157125K(157248K)->30738K(157248K) Eden: 139776K(139776K)->30738K(139776K) From: 17349K(17472K)->0K(17472K)
[44.845s][info][gc,heap        ] GC(1026) Tenured: 349563K(349568K)->349527K(349568K)
[44.845s][info][gc,metaspace   ] GC(1026) Metaspace: 30996K(31360K)->30996K(31360K) NonClass: 27742K(27904K)->27742K(27904K) Class: 3254K(3456K)->3254K(3456K)
[44.845s][info][gc             ] GC(1026) Pause Full (Allocation Failure) 494M->371M(494M) 38.538ms
[44.845s][info][gc,cpu         ] GC(1026) User=0.04s Sys=0.01s Real=0.04s
[44.851s][info][gc,start       ] GC(1027) Pause Full (Allocation Failure)
[44.851s][info][gc,phases,start] GC(1027) Phase 1: Mark live objects
[44.860s][info][gc,phases      ] GC(1027) Phase 1: Mark live objects 9.164ms
[44.860s][info][gc,phases,start] GC(1027) Phase 2: Compute new object addresses
[44.864s][info][gc,phases      ] GC(1027) Phase 2: Compute new object addresses 4.380ms
[44.864s][info][gc,phases,start] GC(1027) Phase 3: Adjust pointers
[44.870s][info][gc,phases      ] GC(1027) Phase 3: Adjust pointers 5.621ms
[44.870s][info][gc,phases,start] GC(1027) Phase 4: Move objects
[44.896s][info][gc,phases      ] GC(1027) Phase 4: Move objects 25.403ms
[44.896s][info][gc,heap        ] GC(1027) DefNew: 156756K(157248K)->30854K(157248K) Eden: 139776K(139776K)->30854K(139776K) From: 16980K(17472K)->0K(17472K)
[44.896s][info][gc,heap        ] GC(1027) Tenured: 349527K(349568K)->349563K(349568K)
[44.896s][info][gc,metaspace   ] GC(1027) Metaspace: 30996K(31360K)->30996K(31360K) NonClass: 27742K(27904K)->27742K(27904K) Class: 3254K(3456K)->3254K(3456K)
[44.896s][info][gc             ] GC(1027) Pause Full (Allocation Failure) 494M->371M(494M) 45.013ms
[44.896s][info][gc,cpu         ] GC(1027) User=0.04s Sys=0.00s Real=0.04s
[44.907s][info][gc,start       ] GC(1028) Pause Full (Allocation Failure)
[44.907s][info][gc,phases,start] GC(1028) Phase 1: Mark live objects
[44.916s][info][gc,phases      ] GC(1028) Phase 1: Mark live objects 9.757ms
[44.916s][info][gc,phases,start] GC(1028) Phase 2: Compute new object addresses
[44.921s][info][gc,phases      ] GC(1028) Phase 2: Compute new object addresses 4.729ms
[44.921s][info][gc,phases,start] GC(1028) Phase 3: Adjust pointers
[44.928s][info][gc,phases      ] GC(1028) Phase 3: Adjust pointers 6.314ms
[44.928s][info][gc,phases,start] GC(1028) Phase 4: Move objects
[44.954s][info][gc,phases      ] GC(1028) Phase 4: Move objects 26.729ms
[44.955s][info][gc,heap        ] GC(1028) DefNew: 156701K(157248K)->25565K(157248K) Eden: 139776K(139776K)->25565K(139776K) From: 16925K(17472K)->0K(17472K)
[44.955s][info][gc,heap        ] GC(1028) Tenured: 349563K(349568K)->349567K(349568K)
[44.955s][info][gc,metaspace   ] GC(1028) Metaspace: 30996K(31360K)->30996K(31360K) NonClass: 27742K(27904K)->27742K(27904K) Class: 3254K(3456K)->3254K(3456K)
[44.955s][info][gc             ] GC(1028) Pause Full (Allocation Failure) 494M->366M(494M) 47.966ms
[44.955s][info][gc,cpu         ] GC(1028) User=0.05s Sys=0.00s Real=0.05s
[44.965s][info][gc,start       ] GC(1029) Pause Full (Allocation Failure)
[44.965s][info][gc,phases,start] GC(1029) Phase 1: Mark live objects
[44.974s][info][gc,phases      ] GC(1029) Phase 1: Mark live objects 8.535ms
[44.974s][info][gc,phases,start] GC(1029) Phase 2: Compute new object addresses
[44.978s][info][gc,phases      ] GC(1029) Phase 2: Compute new object addresses 4.269ms
[44.978s][info][gc,phases,start] GC(1029) Phase 3: Adjust pointers
[44.984s][info][gc,phases      ] GC(1029) Phase 3: Adjust pointers 5.457ms
[44.984s][info][gc,phases,start] GC(1029) Phase 4: Move objects
[45.011s][info][gc,phases      ] GC(1029) Phase 4: Move objects 26.876ms
[45.011s][info][gc,heap        ] GC(1029) DefNew: 157199K(157248K)->9004K(157248K) Eden: 139776K(139776K)->9004K(139776K) From: 17423K(17472K)->0K(17472K)
[45.011s][info][gc,heap        ] GC(1029) Tenured: 349567K(349568K)->349335K(349568K)
[45.011s][info][gc,metaspace   ] GC(1029) Metaspace: 30996K(31360K)->30996K(31360K) NonClass: 27742K(27904K)->27742K(27904K) Class: 3254K(3456K)->3254K(3456K)
[45.011s][info][gc             ] GC(1029) Pause Full (Allocation Failure) 494M->349M(494M) 45.561ms
[45.011s][info][gc,cpu         ] GC(1029) User=0.05s Sys=0.00s Real=0.05s
[45.022s][info][gc,start       ] GC(1030) Pause Full (Allocation Failure)
[45.022s][info][gc,phases,start] GC(1030) Phase 1: Mark live objects
[45.031s][info][gc,phases      ] GC(1030) Phase 1: Mark live objects 9.299ms
[45.031s][info][gc,phases,start] GC(1030) Phase 2: Compute new object addresses
[45.036s][info][gc,phases      ] GC(1030) Phase 2: Compute new object addresses 4.993ms
[45.036s][info][gc,phases,start] GC(1030) Phase 3: Adjust pointers
[45.042s][info][gc,phases      ] GC(1030) Phase 3: Adjust pointers 6.117ms
[45.042s][info][gc,phases,start] GC(1030) Phase 4: Move objects
[45.063s][info][gc,phases      ] GC(1030) Phase 4: Move objects 20.807ms
[45.063s][info][gc,heap        ] GC(1030) DefNew: 156536K(157248K)->27117K(157248K) Eden: 139776K(139776K)->27117K(139776K) From: 16760K(17472K)->0K(17472K)
[45.063s][info][gc,heap        ] GC(1030) Tenured: 349335K(349568K)->349561K(349568K)
[45.063s][info][gc,metaspace   ] GC(1030) Metaspace: 30996K(31360K)->30996K(31360K) NonClass: 27742K(27904K)->27742K(27904K) Class: 3254K(3456K)->3254K(3456K)
[45.063s][info][gc             ] GC(1030) Pause Full (Allocation Failure) 494M->367M(494M) 41.668ms
[45.063s][info][gc,cpu         ] GC(1030) User=0.04s Sys=0.01s Real=0.05s
[45.074s][info][gc,start       ] GC(1031) Pause Full (Allocation Failure)
[45.074s][info][gc,phases,start] GC(1031) Phase 1: Mark live objects
[45.083s][info][gc,phases      ] GC(1031) Phase 1: Mark live objects 9.005ms
[45.083s][info][gc,phases,start] GC(1031) Phase 2: Compute new object addresses
[45.087s][info][gc,phases      ] GC(1031) Phase 2: Compute new object addresses 4.577ms
[45.087s][info][gc,phases,start] GC(1031) Phase 3: Adjust pointers
[45.094s][info][gc,phases      ] GC(1031) Phase 3: Adjust pointers 6.162ms
[45.094s][info][gc,phases,start] GC(1031) Phase 4: Move objects
[45.120s][info][gc,phases      ] GC(1031) Phase 4: Move objects 26.403ms
[45.120s][info][gc,heap        ] GC(1031) DefNew: 157095K(157248K)->26236K(157248K) Eden: 139776K(139776K)->26236K(139776K) From: 17319K(17472K)->0K(17472K)
[45.120s][info][gc,heap        ] GC(1031) Tenured: 349561K(349568K)->349559K(349568K)
[45.120s][info][gc,metaspace   ] GC(1031) Metaspace: 30996K(31360K)->30996K(31360K) NonClass: 27742K(27904K)->27742K(27904K) Class: 3254K(3456K)->3254K(3456K)
[45.120s][info][gc             ] GC(1031) Pause Full (Allocation Failure) 494M->366M(494M) 46.592ms
[45.120s][info][gc,cpu         ] GC(1031) User=0.04s Sys=0.00s Real=0.04s
[45.131s][info][gc,start       ] GC(1032) Pause Full (Allocation Failure)
[45.131s][info][gc,phases,start] GC(1032) Phase 1: Mark live objects
[45.140s][info][gc,phases      ] GC(1032) Phase 1: Mark live objects 9.224ms
[45.140s][info][gc,phases,start] GC(1032) Phase 2: Compute new object addresses
[45.145s][info][gc,phases      ] GC(1032) Phase 2: Compute new object addresses 4.927ms
[45.145s][info][gc,phases,start] GC(1032) Phase 3: Adjust pointers
[45.151s][info][gc,phases      ] GC(1032) Phase 3: Adjust pointers 6.089ms
[45.151s][info][gc,phases,start] GC(1032) Phase 4: Move objects
[45.178s][info][gc,phases      ] GC(1032) Phase 4: Move objects 26.507ms
[45.178s][info][gc,heap        ] GC(1032) DefNew: 156848K(157248K)->10047K(157248K) Eden: 139776K(139776K)->10047K(139776K) From: 17072K(17472K)->0K(17472K)
[45.178s][info][gc,heap        ] GC(1032) Tenured: 349559K(349568K)->349414K(349568K)
[45.178s][info][gc,metaspace   ] GC(1032) Metaspace: 30996K(31360K)->30996K(31360K) NonClass: 27742K(27904K)->27742K(27904K) Class: 3254K(3456K)->3254K(3456K)
[45.178s][info][gc             ] GC(1032) Pause Full (Allocation Failure) 494M->351M(494M) 47.146ms
[45.178s][info][gc,cpu         ] GC(1032) User=0.05s Sys=0.00s Real=0.04s
[45.188s][info][gc,start       ] GC(1033) Pause Full (Allocation Failure)
[45.188s][info][gc,phases,start] GC(1033) Phase 1: Mark live objects
[45.197s][info][gc,phases      ] GC(1033) Phase 1: Mark live objects 9.002ms
[45.197s][info][gc,phases,start] GC(1033) Phase 2: Compute new object addresses
[45.202s][info][gc,phases      ] GC(1033) Phase 2: Compute new object addresses 4.588ms
[45.202s][info][gc,phases,start] GC(1033) Phase 3: Adjust pointers
[45.208s][info][gc,phases      ] GC(1033) Phase 3: Adjust pointers 5.753ms
[45.208s][info][gc,phases,start] GC(1033) Phase 4: Move objects
[45.233s][info][gc,phases      ] GC(1033) Phase 4: Move objects 25.259ms
[45.233s][info][gc,heap        ] GC(1033) DefNew: 156818K(157248K)->9313K(157248K) Eden: 139776K(139776K)->9313K(139776K) From: 17042K(17472K)->0K(17472K)
[45.233s][info][gc,heap        ] GC(1033) Tenured: 349414K(349568K)->349337K(349568K)
[45.233s][info][gc,metaspace   ] GC(1033) Metaspace: 30996K(31360K)->30996K(31360K) NonClass: 27742K(27904K)->27742K(27904K) Class: 3254K(3456K)->3254K(3456K)
[45.233s][info][gc             ] GC(1033) Pause Full (Allocation Failure) 494M->350M(494M) 45.067ms
[45.233s][info][gc,cpu         ] GC(1033) User=0.04s Sys=0.01s Real=0.05s
[45.246s][info][gc,start       ] GC(1034) Pause Full (Allocation Failure)
[45.246s][info][gc,phases,start] GC(1034) Phase 1: Mark live objects
[45.255s][info][gc,phases      ] GC(1034) Phase 1: Mark live objects 9.323ms
[45.255s][info][gc,phases,start] GC(1034) Phase 2: Compute new object addresses
[45.260s][info][gc,phases      ] GC(1034) Phase 2: Compute new object addresses 5.145ms
[45.261s][info][gc,phases,start] GC(1034) Phase 3: Adjust pointers
[45.267s][info][gc,phases      ] GC(1034) Phase 3: Adjust pointers 6.396ms
[45.267s][info][gc,phases,start] GC(1034) Phase 4: Move objects
[45.290s][info][gc,phases      ] GC(1034) Phase 4: Move objects 23.141ms
[45.290s][info][gc,heap        ] GC(1034) DefNew: 156483K(157248K)->27080K(157248K) Eden: 139776K(139776K)->27080K(139776K) From: 16707K(17472K)->0K(17472K)
[45.290s][info][gc,heap        ] GC(1034) Tenured: 349337K(349568K)->349322K(349568K)
[45.290s][info][gc,metaspace   ] GC(1034) Metaspace: 30999K(31360K)->30999K(31360K) NonClass: 27744K(27904K)->27744K(27904K) Class: 3254K(3456K)->3254K(3456K)
[45.290s][info][gc             ] GC(1034) Pause Full (Allocation Failure) 493M->367M(494M) 44.594ms
[45.291s][info][gc,cpu         ] GC(1034) User=0.05s Sys=0.00s Real=0.05s
[45.303s][info][gc,start       ] GC(1035) Pause Full (Allocation Failure)
[45.304s][info][gc,phases,start] GC(1035) Phase 1: Mark live objects
[45.312s][info][gc,phases      ] GC(1035) Phase 1: Mark live objects 8.827ms
[45.312s][info][gc,phases,start] GC(1035) Phase 2: Compute new object addresses
[45.317s][info][gc,phases      ] GC(1035) Phase 2: Compute new object addresses 4.416ms
[45.317s][info][gc,phases,start] GC(1035) Phase 3: Adjust pointers
[45.322s][info][gc,phases      ] GC(1035) Phase 3: Adjust pointers 5.630ms
[45.322s][info][gc,phases,start] GC(1035) Phase 4: Move objects
[45.348s][info][gc,phases      ] GC(1035) Phase 4: Move objects 25.612ms
[45.348s][info][gc,heap        ] GC(1035) DefNew: 157100K(157248K)->23147K(157248K) Eden: 139776K(139776K)->23147K(139776K) From: 17324K(17472K)->0K(17472K)
[45.348s][info][gc,heap        ] GC(1035) Tenured: 349322K(349568K)->349566K(349568K)
[45.348s][info][gc,metaspace   ] GC(1035) Metaspace: 30999K(31360K)->30999K(31360K) NonClass: 27744K(27904K)->27744K(27904K) Class: 3254K(3456K)->3254K(3456K)
[45.348s][info][gc             ] GC(1035) Pause Full (Allocation Failure) 494M->363M(494M) 44.908ms
[45.348s][info][gc,cpu         ] GC(1035) User=0.05s Sys=0.00s Real=0.04s
[45.358s][info][gc,start       ] GC(1036) Pause Full (Allocation Failure)
[45.358s][info][gc,phases,start] GC(1036) Phase 1: Mark live objects
[45.367s][info][gc,phases      ] GC(1036) Phase 1: Mark live objects 9.174ms
[45.367s][info][gc,phases,start] GC(1036) Phase 2: Compute new object addresses
[45.372s][info][gc,phases      ] GC(1036) Phase 2: Compute new object addresses 4.773ms
[45.372s][info][gc,phases,start] GC(1036) Phase 3: Adjust pointers
[45.378s][info][gc,phases      ] GC(1036) Phase 3: Adjust pointers 6.316ms
[45.378s][info][gc,phases,start] GC(1036) Phase 4: Move objects
[45.405s][info][gc,phases      ] GC(1036) Phase 4: Move objects 26.251ms
[45.405s][info][gc,heap        ] GC(1036) DefNew: 156828K(157248K)->20952K(157248K) Eden: 139776K(139776K)->20952K(139776K) From: 17052K(17472K)->0K(17472K)
[45.405s][info][gc,heap        ] GC(1036) Tenured: 349566K(349568K)->349029K(349568K)
[45.405s][info][gc,metaspace   ] GC(1036) Metaspace: 30999K(31360K)->30999K(31360K) NonClass: 27744K(27904K)->27744K(27904K) Class: 3254K(3456K)->3254K(3456K)
[45.405s][info][gc             ] GC(1036) Pause Full (Allocation Failure) 494M->361M(494M) 46.974ms
[45.405s][info][gc,cpu         ] GC(1036) User=0.05s Sys=0.00s Real=0.05s
[45.416s][info][gc,start       ] GC(1037) Pause Full (Allocation Failure)
[45.416s][info][gc,phases,start] GC(1037) Phase 1: Mark live objects
[45.426s][info][gc,phases      ] GC(1037) Phase 1: Mark live objects 9.966ms
[45.426s][info][gc,phases,start] GC(1037) Phase 2: Compute new object addresses
[45.430s][info][gc,phases      ] GC(1037) Phase 2: Compute new object addresses 4.870ms
[45.431s][info][gc,phases,start] GC(1037) Phase 3: Adjust pointers
[45.437s][info][gc,phases      ] GC(1037) Phase 3: Adjust pointers 6.410ms
[45.437s][info][gc,phases,start] GC(1037) Phase 4: Move objects
[45.468s][info][gc,phases      ] GC(1037) Phase 4: Move objects 31.171ms
[45.468s][info][gc,heap        ] GC(1037) DefNew: 157078K(157248K)->8493K(157248K) Eden: 139776K(139776K)->8493K(139776K) From: 17302K(17472K)->0K(17472K)
[45.468s][info][gc,heap        ] GC(1037) Tenured: 349541K(349568K)->349429K(349568K)
[45.468s][info][gc,metaspace   ] GC(1037) Metaspace: 30999K(31360K)->30999K(31360K) NonClass: 27744K(27904K)->27744K(27904K) Class: 3254K(3456K)->3254K(3456K)
[45.468s][info][gc             ] GC(1037) Pause Full (Allocation Failure) 494M->349M(494M) 52.892ms
[45.468s][info][gc,cpu         ] GC(1037) User=0.05s Sys=0.00s Real=0.05s
[45.476s][info][gc,start       ] GC(1038) Pause Full (Allocation Failure)
[45.476s][info][gc,phases,start] GC(1038) Phase 1: Mark live objects
[45.485s][info][gc,phases      ] GC(1038) Phase 1: Mark live objects 9.598ms
[45.485s][info][gc,phases,start] GC(1038) Phase 2: Compute new object addresses
[45.490s][info][gc,phases      ] GC(1038) Phase 2: Compute new object addresses 4.999ms
[45.490s][info][gc,phases,start] GC(1038) Phase 3: Adjust pointers
[45.497s][info][gc,phases      ] GC(1038) Phase 3: Adjust pointers 6.286ms
[45.497s][info][gc,phases,start] GC(1038) Phase 4: Move objects
[45.502s][info][gc,phases      ] GC(1038) Phase 4: Move objects 4.982ms
[45.502s][info][gc,heap        ] GC(1038) DefNew: 157044K(157248K)->32400K(157248K) Eden: 139776K(139776K)->32400K(139776K) From: 17268K(17472K)->0K(17472K)
[45.502s][info][gc,heap        ] GC(1038) Tenured: 349429K(349568K)->349550K(349568K)
[45.502s][info][gc,metaspace   ] GC(1038) Metaspace: 30999K(31360K)->30999K(31360K) NonClass: 27744K(27904K)->27744K(27904K) Class: 3254K(3456K)->3254K(3456K)
[45.502s][info][gc             ] GC(1038) Pause Full (Allocation Failure) 494M->372M(494M) 26.342ms
[45.502s][info][gc,cpu         ] GC(1038) User=0.02s Sys=0.00s Real=0.02s
[45.511s][info][gc,start       ] GC(1039) Pause Full (Allocation Failure)
[45.511s][info][gc,phases,start] GC(1039) Phase 1: Mark live objects
[45.521s][info][gc,phases      ] GC(1039) Phase 1: Mark live objects 9.510ms
[45.521s][info][gc,phases,start] GC(1039) Phase 2: Compute new object addresses
[45.525s][info][gc,phases      ] GC(1039) Phase 2: Compute new object addresses 4.649ms
[45.525s][info][gc,phases,start] GC(1039) Phase 3: Adjust pointers
[45.531s][info][gc,phases      ] GC(1039) Phase 3: Adjust pointers 6.064ms
[45.532s][info][gc,phases,start] GC(1039) Phase 4: Move objects
[45.558s][info][gc,phases      ] GC(1039) Phase 4: Move objects 26.666ms
[45.558s][info][gc,heap        ] GC(1039) DefNew: 157248K(157248K)->29944K(157248K) Eden: 139776K(139776K)->29944K(139776K) From: 17472K(17472K)->0K(17472K)
[45.558s][info][gc,heap        ] GC(1039) Tenured: 349567K(349568K)->349529K(349568K)
[45.558s][info][gc,metaspace   ] GC(1039) Metaspace: 30999K(31360K)->30999K(31360K) NonClass: 27744K(27904K)->27744K(27904K) Class: 3254K(3456K)->3254K(3456K)
[45.558s][info][gc             ] GC(1039) Pause Full (Allocation Failure) 494M->370M(494M) 47.309ms
[45.558s][info][gc,cpu         ] GC(1039) User=0.05s Sys=0.00s Real=0.04s
[45.566s][info][gc,start       ] GC(1040) Pause Full (Allocation Failure)
[45.566s][info][gc,phases,start] GC(1040) Phase 1: Mark live objects
[45.575s][info][gc,phases      ] GC(1040) Phase 1: Mark live objects 8.917ms
[45.575s][info][gc,phases,start] GC(1040) Phase 2: Compute new object addresses
[45.579s][info][gc,phases      ] GC(1040) Phase 2: Compute new object addresses 4.192ms
[45.579s][info][gc,phases,start] GC(1040) Phase 3: Adjust pointers
[45.584s][info][gc,phases      ] GC(1040) Phase 3: Adjust pointers 5.463ms
[45.584s][info][gc,phases,start] GC(1040) Phase 4: Move objects
[45.611s][info][gc,phases      ] GC(1040) Phase 4: Move objects 27.103ms
[45.612s][info][gc,heap        ] GC(1040) DefNew: 156888K(157248K)->15426K(157248K) Eden: 139776K(139776K)->15426K(139776K) From: 17112K(17472K)->0K(17472K)
[45.612s][info][gc,heap        ] GC(1040) Tenured: 349529K(349568K)->349317K(349568K)
[45.612s][info][gc,metaspace   ] GC(1040) Metaspace: 30999K(31360K)->30999K(31360K) NonClass: 27744K(27904K)->27744K(27904K) Class: 3254K(3456K)->3254K(3456K)
[45.612s][info][gc             ] GC(1040) Pause Full (Allocation Failure) 494M->356M(494M) 46.089ms
[45.612s][info][gc,cpu         ] GC(1040) User=0.05s Sys=0.00s Real=0.05s
[45.620s][info][gc,start       ] GC(1041) Pause Full (Allocation Failure)
[45.620s][info][gc,phases,start] GC(1041) Phase 1: Mark live objects
[45.629s][info][gc,phases      ] GC(1041) Phase 1: Mark live objects 9.169ms
[45.629s][info][gc,phases,start] GC(1041) Phase 2: Compute new object addresses
[45.634s][info][gc,phases      ] GC(1041) Phase 2: Compute new object addresses 5.008ms
[45.634s][info][gc,phases,start] GC(1041) Phase 3: Adjust pointers
[45.640s][info][gc,phases      ] GC(1041) Phase 3: Adjust pointers 6.363ms
[45.640s][info][gc,phases,start] GC(1041) Phase 4: Move objects
[45.666s][info][gc,phases      ] GC(1041) Phase 4: Move objects 25.811ms
[45.666s][info][gc,heap        ] GC(1041) DefNew: 156834K(157248K)->17778K(157248K) Eden: 139776K(139776K)->17778K(139776K) From: 17058K(17472K)->0K(17472K)
[45.666s][info][gc,heap        ] GC(1041) Tenured: 349317K(349568K)->349387K(349568K)
[45.666s][info][gc,metaspace   ] GC(1041) Metaspace: 30999K(31360K)->30999K(31360K) NonClass: 27744K(27904K)->27744K(27904K) Class: 3254K(3456K)->3254K(3456K)
[45.666s][info][gc             ] GC(1041) Pause Full (Allocation Failure) 494M->358M(494M) 46.878ms
[45.666s][info][gc,cpu         ] GC(1041) User=0.04s Sys=0.01s Real=0.05s
[45.679s][info][gc,start       ] GC(1042) Pause Full (Allocation Failure)
[45.679s][info][gc,phases,start] GC(1042) Phase 1: Mark live objects
[45.688s][info][gc,phases      ] GC(1042) Phase 1: Mark live objects 8.607ms
[45.688s][info][gc,phases,start] GC(1042) Phase 2: Compute new object addresses
[45.692s][info][gc,phases      ] GC(1042) Phase 2: Compute new object addresses 4.441ms
[45.692s][info][gc,phases,start] GC(1042) Phase 3: Adjust pointers
[45.698s][info][gc,phases      ] GC(1042) Phase 3: Adjust pointers 5.607ms
[45.698s][info][gc,phases,start] GC(1042) Phase 4: Move objects
[45.719s][info][gc,phases      ] GC(1042) Phase 4: Move objects 21.549ms
[45.720s][info][gc,heap        ] GC(1042) DefNew: 156582K(157248K)->30095K(157248K) Eden: 139776K(139776K)->30095K(139776K) From: 16806K(17472K)->0K(17472K)
[45.720s][info][gc,heap        ] GC(1042) Tenured: 349387K(349568K)->349565K(349568K)
[45.720s][info][gc,metaspace   ] GC(1042) Metaspace: 30999K(31360K)->30999K(31360K) NonClass: 27744K(27904K)->27744K(27904K) Class: 3254K(3456K)->3254K(3456K)
[45.720s][info][gc             ] GC(1042) Pause Full (Allocation Failure) 494M->370M(494M) 40.645ms
[45.720s][info][gc,cpu         ] GC(1042) User=0.04s Sys=0.00s Real=0.04s
[45.727s][info][gc,start       ] GC(1043) Pause Full (Allocation Failure)
[45.727s][info][gc,phases,start] GC(1043) Phase 1: Mark live objects
[45.737s][info][gc,phases      ] GC(1043) Phase 1: Mark live objects 9.222ms
[45.737s][info][gc,phases,start] GC(1043) Phase 2: Compute new object addresses
[45.741s][info][gc,phases      ] GC(1043) Phase 2: Compute new object addresses 4.588ms
[45.741s][info][gc,phases,start] GC(1043) Phase 3: Adjust pointers
[45.747s][info][gc,phases      ] GC(1043) Phase 3: Adjust pointers 5.989ms
[45.747s][info][gc,phases,start] GC(1043) Phase 4: Move objects
[45.773s][info][gc,phases      ] GC(1043) Phase 4: Move objects 25.909ms
[45.773s][info][gc,heap        ] GC(1043) DefNew: 157247K(157248K)->37111K(157248K) Eden: 139776K(139776K)->37111K(139776K) From: 17471K(17472K)->0K(17472K)
[45.773s][info][gc,heap        ] GC(1043) Tenured: 349567K(349568K)->349567K(349568K)
[45.773s][info][gc,metaspace   ] GC(1043) Metaspace: 30999K(31360K)->30999K(31360K) NonClass: 27744K(27904K)->27744K(27904K) Class: 3254K(3456K)->3254K(3456K)
[45.774s][info][gc             ] GC(1043) Pause Full (Allocation Failure) 494M->377M(494M) 46.184ms
[45.774s][info][gc,cpu         ] GC(1043) User=0.05s Sys=0.00s Real=0.05s
[45.784s][info][gc,start       ] GC(1044) Pause Full (Allocation Failure)
[45.784s][info][gc,phases,start] GC(1044) Phase 1: Mark live objects
[45.794s][info][gc,phases      ] GC(1044) Phase 1: Mark live objects 9.341ms
[45.794s][info][gc,phases,start] GC(1044) Phase 2: Compute new object addresses
[45.798s][info][gc,phases      ] GC(1044) Phase 2: Compute new object addresses 4.430ms
[45.798s][info][gc,phases,start] GC(1044) Phase 3: Adjust pointers
[45.804s][info][gc,phases      ] GC(1044) Phase 3: Adjust pointers 5.848ms
[45.804s][info][gc,phases,start] GC(1044) Phase 4: Move objects
[45.831s][info][gc,phases      ] GC(1044) Phase 4: Move objects 27.307ms
[45.832s][info][gc,heap        ] GC(1044) DefNew: 156919K(157248K)->15673K(157248K) Eden: 139776K(139776K)->15673K(139776K) From: 17143K(17472K)->0K(17472K)
[45.832s][info][gc,heap        ] GC(1044) Tenured: 349567K(349568K)->349332K(349568K)
[45.832s][info][gc,metaspace   ] GC(1044) Metaspace: 30999K(31360K)->30999K(31360K) NonClass: 27744K(27904K)->27744K(27904K) Class: 3254K(3456K)->3254K(3456K)
[45.832s][info][gc             ] GC(1044) Pause Full (Allocation Failure) 494M->356M(494M) 47.368ms
[45.832s][info][gc,cpu         ] GC(1044) User=0.05s Sys=0.00s Real=0.05s
[45.842s][info][gc,start       ] GC(1045) Pause Full (Allocation Failure)
[45.842s][info][gc,phases,start] GC(1045) Phase 1: Mark live objects
[45.851s][info][gc,phases      ] GC(1045) Phase 1: Mark live objects 8.630ms
[45.851s][info][gc,phases,start] GC(1045) Phase 2: Compute new object addresses
[45.856s][info][gc,phases      ] GC(1045) Phase 2: Compute new object addresses 4.481ms
[45.856s][info][gc,phases,start] GC(1045) Phase 3: Adjust pointers
[45.861s][info][gc,phases      ] GC(1045) Phase 3: Adjust pointers 5.668ms
[45.861s][info][gc,phases,start] GC(1045) Phase 4: Move objects
[45.887s][info][gc,phases      ] GC(1045) Phase 4: Move objects 26.016ms
[45.888s][info][gc,heap        ] GC(1045) DefNew: 157125K(157248K)->14415K(157248K) Eden: 139776K(139776K)->14415K(139776K) From: 17349K(17472K)->0K(17472K)
[45.888s][info][gc,heap        ] GC(1045) Tenured: 349332K(349568K)->349396K(349568K)
[45.888s][info][gc,metaspace   ] GC(1045) Metaspace: 30999K(31360K)->30999K(31360K) NonClass: 27744K(27904K)->27744K(27904K) Class: 3254K(3456K)->3254K(3456K)
[45.888s][info][gc             ] GC(1045) Pause Full (Allocation Failure) 494M->355M(494M) 45.228ms
[45.888s][info][gc,cpu         ] GC(1045) User=0.04s Sys=0.00s Real=0.04s
[45.898s][info][gc,start       ] GC(1046) Pause Full (Allocation Failure)
[45.898s][info][gc,phases,start] GC(1046) Phase 1: Mark live objects
[45.907s][info][gc,phases      ] GC(1046) Phase 1: Mark live objects 9.074ms
[45.907s][info][gc,phases,start] GC(1046) Phase 2: Compute new object addresses
[45.912s][info][gc,phases      ] GC(1046) Phase 2: Compute new object addresses 4.394ms
[45.912s][info][gc,phases,start] GC(1046) Phase 3: Adjust pointers
[45.917s][info][gc,phases      ] GC(1046) Phase 3: Adjust pointers 5.332ms
[45.917s][info][gc,phases,start] GC(1046) Phase 4: Move objects
[45.921s][info][gc,phases      ] GC(1046) Phase 4: Move objects 3.676ms
[45.921s][info][gc,heap        ] GC(1046) DefNew: 156602K(157248K)->32662K(157248K) Eden: 139776K(139776K)->32662K(139776K) From: 16826K(17472K)->0K(17472K)
[45.921s][info][gc,heap        ] GC(1046) Tenured: 349396K(349568K)->349561K(349568K)
[45.921s][info][gc,metaspace   ] GC(1046) Metaspace: 30999K(31360K)->30999K(31360K) NonClass: 27744K(27904K)->27744K(27904K) Class: 3254K(3456K)->3254K(3456K)
[45.921s][info][gc             ] GC(1046) Pause Full (Allocation Failure) 494M->373M(494M) 22.901ms
[45.921s][info][gc,cpu         ] GC(1046) User=0.02s Sys=0.00s Real=0.02s
[45.930s][info][gc,start       ] GC(1047) Pause Full (Allocation Failure)
[45.930s][info][gc,phases,start] GC(1047) Phase 1: Mark live objects
[45.939s][info][gc,phases      ] GC(1047) Phase 1: Mark live objects 8.662ms
[45.939s][info][gc,phases,start] GC(1047) Phase 2: Compute new object addresses
[45.943s][info][gc,phases      ] GC(1047) Phase 2: Compute new object addresses 4.003ms
[45.943s][info][gc,phases,start] GC(1047) Phase 3: Adjust pointers
[45.949s][info][gc,phases      ] GC(1047) Phase 3: Adjust pointers 5.425ms
[45.949s][info][gc,phases,start] GC(1047) Phase 4: Move objects
[45.972s][info][gc,phases      ] GC(1047) Phase 4: Move objects 23.297ms
[45.972s][info][gc,heap        ] GC(1047) DefNew: 157102K(157248K)->47810K(157248K) Eden: 139776K(139776K)->47810K(139776K) From: 17326K(17472K)->0K(17472K)
[45.972s][info][gc,heap        ] GC(1047) Tenured: 349561K(349568K)->349562K(349568K)
[45.972s][info][gc,metaspace   ] GC(1047) Metaspace: 30999K(31360K)->30999K(31360K) NonClass: 27744K(27904K)->27744K(27904K) Class: 3254K(3456K)->3254K(3456K)
[45.972s][info][gc             ] GC(1047) Pause Full (Allocation Failure) 494M->388M(494M) 41.905ms
[45.972s][info][gc,cpu         ] GC(1047) User=0.04s Sys=0.00s Real=0.04s
[45.980s][info][gc,start       ] GC(1048) Pause Full (Allocation Failure)
[45.980s][info][gc,phases,start] GC(1048) Phase 1: Mark live objects
[45.989s][info][gc,phases      ] GC(1048) Phase 1: Mark live objects 8.846ms
[45.989s][info][gc,phases,start] GC(1048) Phase 2: Compute new object addresses
[45.993s][info][gc,phases      ] GC(1048) Phase 2: Compute new object addresses 4.270ms
[45.993s][info][gc,phases,start] GC(1048) Phase 3: Adjust pointers
[45.999s][info][gc,phases      ] GC(1048) Phase 3: Adjust pointers 5.964ms
[45.999s][info][gc,phases,start] GC(1048) Phase 4: Move objects
[46.027s][info][gc,phases      ] GC(1048) Phase 4: Move objects 27.814ms
[46.027s][info][gc,heap        ] GC(1048) DefNew: 157243K(157248K)->45848K(157248K) Eden: 139776K(139776K)->45848K(139776K) From: 17467K(17472K)->0K(17472K)
[46.027s][info][gc,heap        ] GC(1048) Tenured: 349562K(349568K)->349561K(349568K)
[46.027s][info][gc,metaspace   ] GC(1048) Metaspace: 30999K(31360K)->30999K(31360K) NonClass: 27744K(27904K)->27744K(27904K) Class: 3254K(3456K)->3254K(3456K)
[46.027s][info][gc             ] GC(1048) Pause Full (Allocation Failure) 494M->386M(494M) 47.320ms
[46.027s][info][gc,cpu         ] GC(1048) User=0.05s Sys=0.00s Real=0.05s
[46.042s][info][gc,start       ] GC(1049) Pause Full (Allocation Failure)
[46.042s][info][gc,phases,start] GC(1049) Phase 1: Mark live objects
[46.052s][info][gc,phases      ] GC(1049) Phase 1: Mark live objects 9.834ms
[46.052s][info][gc,phases,start] GC(1049) Phase 2: Compute new object addresses
[46.056s][info][gc,phases      ] GC(1049) Phase 2: Compute new object addresses 4.322ms
[46.056s][info][gc,phases,start] GC(1049) Phase 3: Adjust pointers
[46.062s][info][gc,phases      ] GC(1049) Phase 3: Adjust pointers 5.885ms
[46.062s][info][gc,phases,start] GC(1049) Phase 4: Move objects
[46.089s][info][gc,phases      ] GC(1049) Phase 4: Move objects 27.368ms
[46.089s][info][gc,heap        ] GC(1049) DefNew: 157104K(157248K)->21386K(157248K) Eden: 139776K(139776K)->21386K(139776K) From: 17328K(17472K)->0K(17472K)
[46.089s][info][gc,heap        ] GC(1049) Tenured: 349561K(349568K)->349386K(349568K)
[46.089s][info][gc,metaspace   ] GC(1049) Metaspace: 30999K(31360K)->30999K(31360K) NonClass: 27744K(27904K)->27744K(27904K) Class: 3254K(3456K)->3254K(3456K)
[46.089s][info][gc             ] GC(1049) Pause Full (Allocation Failure) 494M->362M(494M) 47.833ms
[46.089s][info][gc,cpu         ] GC(1049) User=0.05s Sys=0.00s Real=0.05s
[46.099s][info][gc,start       ] GC(1050) Pause Full (Allocation Failure)
[46.099s][info][gc,phases,start] GC(1050) Phase 1: Mark live objects
[46.108s][info][gc,phases      ] GC(1050) Phase 1: Mark live objects 9.010ms
[46.108s][info][gc,phases,start] GC(1050) Phase 2: Compute new object addresses
[46.112s][info][gc,phases      ] GC(1050) Phase 2: Compute new object addresses 4.326ms
[46.112s][info][gc,phases,start] GC(1050) Phase 3: Adjust pointers
[46.118s][info][gc,phases      ] GC(1050) Phase 3: Adjust pointers 5.593ms
[46.118s][info][gc,phases,start] GC(1050) Phase 4: Move objects
[46.137s][info][gc,phases      ] GC(1050) Phase 4: Move objects 18.981ms
[46.137s][info][gc,heap        ] GC(1050) DefNew: 156998K(157248K)->39075K(157248K) Eden: 139776K(139776K)->39075K(139776K) From: 17222K(17472K)->0K(17472K)
[46.137s][info][gc,heap        ] GC(1050) Tenured: 349386K(349568K)->349557K(349568K)
[46.137s][info][gc,metaspace   ] GC(1050) Metaspace: 30999K(31360K)->30999K(31360K) NonClass: 27744K(27904K)->27744K(27904K) Class: 3254K(3456K)->3254K(3456K)
[46.137s][info][gc             ] GC(1050) Pause Full (Allocation Failure) 494M->379M(494M) 38.446ms
[46.137s][info][gc,cpu         ] GC(1050) User=0.04s Sys=0.00s Real=0.04s
[46.145s][info][gc,start       ] GC(1051) Pause Full (Allocation Failure)
[46.145s][info][gc,phases,start] GC(1051) Phase 1: Mark live objects
[46.154s][info][gc,phases      ] GC(1051) Phase 1: Mark live objects 9.222ms
[46.155s][info][gc,phases,start] GC(1051) Phase 2: Compute new object addresses
[46.159s][info][gc,phases      ] GC(1051) Phase 2: Compute new object addresses 4.504ms
[46.159s][info][gc,phases,start] GC(1051) Phase 3: Adjust pointers
[46.165s][info][gc,phases      ] GC(1051) Phase 3: Adjust pointers 5.847ms
[46.165s][info][gc,phases,start] GC(1051) Phase 4: Move objects
[46.191s][info][gc,phases      ] GC(1051) Phase 4: Move objects 25.952ms
[46.191s][info][gc,heap        ] GC(1051) DefNew: 157124K(157248K)->40450K(157248K) Eden: 139775K(139776K)->40450K(139776K) From: 17348K(17472K)->0K(17472K)
[46.191s][info][gc,heap        ] GC(1051) Tenured: 349557K(349568K)->349564K(349568K)
[46.191s][info][gc,metaspace   ] GC(1051) Metaspace: 30999K(31360K)->30999K(31360K) NonClass: 27744K(27904K)->27744K(27904K) Class: 3254K(3456K)->3254K(3456K)
[46.191s][info][gc             ] GC(1051) Pause Full (Allocation Failure) 494M->380M(494M) 45.971ms
[46.191s][info][gc,cpu         ] GC(1051) User=0.05s Sys=0.00s Real=0.05s
[46.202s][info][gc,start       ] GC(1052) Pause Full (Allocation Failure)
[46.202s][info][gc,phases,start] GC(1052) Phase 1: Mark live objects
[46.211s][info][gc,phases      ] GC(1052) Phase 1: Mark live objects 8.841ms
[46.211s][info][gc,phases,start] GC(1052) Phase 2: Compute new object addresses
[46.215s][info][gc,phases      ] GC(1052) Phase 2: Compute new object addresses 4.101ms
[46.215s][info][gc,phases,start] GC(1052) Phase 3: Adjust pointers
[46.220s][info][gc,phases      ] GC(1052) Phase 3: Adjust pointers 5.551ms
[46.220s][info][gc,phases,start] GC(1052) Phase 4: Move objects
[46.246s][info][gc,phases      ] GC(1052) Phase 4: Move objects 25.750ms
[46.246s][info][gc,heap        ] GC(1052) DefNew: 156905K(157248K)->35737K(157248K) Eden: 139776K(139776K)->35737K(139776K) From: 17129K(17472K)->0K(17472K)
[46.246s][info][gc,heap        ] GC(1052) Tenured: 349564K(349568K)->349561K(349568K)
[46.246s][info][gc,metaspace   ] GC(1052) Metaspace: 30999K(31360K)->30999K(31360K) NonClass: 27744K(27904K)->27744K(27904K) Class: 3254K(3456K)->3254K(3456K)
[46.246s][info][gc             ] GC(1052) Pause Full (Allocation Failure) 494M->376M(494M) 44.720ms
[46.246s][info][gc,cpu         ] GC(1052) User=0.05s Sys=0.00s Real=0.05s
[46.257s][info][gc,start       ] GC(1053) Pause Full (Allocation Failure)
[46.257s][info][gc,phases,start] GC(1053) Phase 1: Mark live objects
[46.266s][info][gc,phases      ] GC(1053) Phase 1: Mark live objects 8.835ms
[46.266s][info][gc,phases,start] GC(1053) Phase 2: Compute new object addresses
[46.270s][info][gc,phases      ] GC(1053) Phase 2: Compute new object addresses 4.788ms
[46.270s][info][gc,phases,start] GC(1053) Phase 3: Adjust pointers
[46.277s][info][gc,phases      ] GC(1053) Phase 3: Adjust pointers 6.187ms
[46.277s][info][gc,phases,start] GC(1053) Phase 4: Move objects
[46.308s][info][gc,phases      ] GC(1053) Phase 4: Move objects 31.466ms
[46.308s][info][gc,heap        ] GC(1053) DefNew: 157135K(157248K)->16871K(157248K) Eden: 139776K(139776K)->16871K(139776K) From: 17359K(17472K)->0K(17472K)
[46.308s][info][gc,heap        ] GC(1053) Tenured: 349561K(349568K)->349508K(349568K)
[46.308s][info][gc,metaspace   ] GC(1053) Metaspace: 30999K(31360K)->30999K(31360K) NonClass: 27744K(27904K)->27744K(27904K) Class: 3254K(3456K)->3254K(3456K)
[46.308s][info][gc             ] GC(1053) Pause Full (Allocation Failure) 494M->357M(494M) 51.697ms
[46.308s][info][gc,cpu         ] GC(1053) User=0.06s Sys=0.00s Real=0.05s
[46.319s][info][gc,start       ] GC(1054) Pause Full (Allocation Failure)
[46.319s][info][gc,phases,start] GC(1054) Phase 1: Mark live objects
[46.328s][info][gc,phases      ] GC(1054) Phase 1: Mark live objects 8.952ms
[46.328s][info][gc,phases,start] GC(1054) Phase 2: Compute new object addresses
[46.333s][info][gc,phases      ] GC(1054) Phase 2: Compute new object addresses 4.519ms
[46.333s][info][gc,phases,start] GC(1054) Phase 3: Adjust pointers
[46.338s][info][gc,phases      ] GC(1054) Phase 3: Adjust pointers 5.702ms
[46.338s][info][gc,phases,start] GC(1054) Phase 4: Move objects
[46.357s][info][gc,phases      ] GC(1054) Phase 4: Move objects 18.856ms
[46.357s][info][gc,heap        ] GC(1054) DefNew: 156359K(157248K)->34712K(157248K) Eden: 139776K(139776K)->34712K(139776K) From: 16583K(17472K)->0K(17472K)
[46.357s][info][gc,heap        ] GC(1054) Tenured: 349508K(349568K)->349558K(349568K)
[46.357s][info][gc,metaspace   ] GC(1054) Metaspace: 30999K(31360K)->30999K(31360K) NonClass: 27744K(27904K)->27744K(27904K) Class: 3254K(3456K)->3254K(3456K)
[46.358s][info][gc             ] GC(1054) Pause Full (Allocation Failure) 494M->375M(494M) 38.451ms
[46.358s][info][gc,cpu         ] GC(1054) User=0.04s Sys=0.00s Real=0.04s
[46.368s][info][gc,start       ] GC(1055) Pause Full (Allocation Failure)
[46.368s][info][gc,phases,start] GC(1055) Phase 1: Mark live objects
[46.377s][info][gc,phases      ] GC(1055) Phase 1: Mark live objects 8.702ms
[46.377s][info][gc,phases,start] GC(1055) Phase 2: Compute new object addresses
[46.381s][info][gc,phases      ] GC(1055) Phase 2: Compute new object addresses 4.235ms
[46.381s][info][gc,phases,start] GC(1055) Phase 3: Adjust pointers
[46.387s][info][gc,phases      ] GC(1055) Phase 3: Adjust pointers 5.720ms
[46.387s][info][gc,phases,start] GC(1055) Phase 4: Move objects
[46.413s][info][gc,phases      ] GC(1055) Phase 4: Move objects 26.194ms
[46.413s][info][gc,heap        ] GC(1055) DefNew: 156929K(157248K)->32422K(157248K) Eden: 139776K(139776K)->32422K(139776K) From: 17153K(17472K)->0K(17472K)
[46.413s][info][gc,heap        ] GC(1055) Tenured: 349558K(349568K)->349561K(349568K)
[46.413s][info][gc,metaspace   ] GC(1055) Metaspace: 30999K(31360K)->30999K(31360K) NonClass: 27744K(27904K)->27744K(27904K) Class: 3254K(3456K)->3254K(3456K)
[46.413s][info][gc             ] GC(1055) Pause Full (Allocation Failure) 494M->373M(494M) 45.301ms
[46.413s][info][gc,cpu         ] GC(1055) User=0.05s Sys=0.00s Real=0.05s
[46.420s][info][gc,start       ] GC(1056) Pause Full (Allocation Failure)
[46.420s][info][gc,phases,start] GC(1056) Phase 1: Mark live objects
[46.430s][info][gc,phases      ] GC(1056) Phase 1: Mark live objects 9.490ms
[46.430s][info][gc,phases,start] GC(1056) Phase 2: Compute new object addresses
[46.434s][info][gc,phases      ] GC(1056) Phase 2: Compute new object addresses 4.623ms
[46.435s][info][gc,phases,start] GC(1056) Phase 3: Adjust pointers
[46.441s][info][gc,phases      ] GC(1056) Phase 3: Adjust pointers 6.614ms
[46.441s][info][gc,phases,start] GC(1056) Phase 4: Move objects
[46.471s][info][gc,phases      ] GC(1056) Phase 4: Move objects 30.126ms
[46.472s][info][gc,heap        ] GC(1056) DefNew: 156885K(157248K)->36864K(157248K) Eden: 139776K(139776K)->36864K(139776K) From: 17109K(17472K)->0K(17472K)
[46.472s][info][gc,heap        ] GC(1056) Tenured: 349561K(349568K)->349555K(349568K)
[46.472s][info][gc,metaspace   ] GC(1056) Metaspace: 30999K(31360K)->30999K(31360K) NonClass: 27744K(27904K)->27744K(27904K) Class: 3254K(3456K)->3254K(3456K)
[46.472s][info][gc             ] GC(1056) Pause Full (Allocation Failure) 494M->377M(494M) 51.335ms
[46.472s][info][gc,cpu         ] GC(1056) User=0.05s Sys=0.00s Real=0.06s
[46.482s][info][gc,start       ] GC(1057) Pause Full (Allocation Failure)
[46.482s][info][gc,phases,start] GC(1057) Phase 1: Mark live objects
[46.492s][info][gc,phases      ] GC(1057) Phase 1: Mark live objects 9.548ms
[46.492s][info][gc,phases,start] GC(1057) Phase 2: Compute new object addresses
[46.496s][info][gc,phases      ] GC(1057) Phase 2: Compute new object addresses 4.425ms
[46.496s][info][gc,phases,start] GC(1057) Phase 3: Adjust pointers
[46.502s][info][gc,phases      ] GC(1057) Phase 3: Adjust pointers 5.989ms
[46.503s][info][gc,phases,start] GC(1057) Phase 4: Move objects
[46.531s][info][gc,phases      ] GC(1057) Phase 4: Move objects 28.203ms
[46.531s][info][gc,heap        ] GC(1057) DefNew: 157196K(157248K)->15185K(157248K) Eden: 139776K(139776K)->15185K(139776K) From: 17420K(17472K)->0K(17472K)
[46.531s][info][gc,heap        ] GC(1057) Tenured: 349555K(349568K)->349564K(349568K)
[46.531s][info][gc,metaspace   ] GC(1057) Metaspace: 30999K(31360K)->30999K(31360K) NonClass: 27744K(27904K)->27744K(27904K) Class: 3254K(3456K)->3254K(3456K)
[46.531s][info][gc             ] GC(1057) Pause Full (Allocation Failure) 494M->356M(494M) 48.762ms
[46.531s][info][gc,cpu         ] GC(1057) User=0.04s Sys=0.00s Real=0.05s
[46.542s][info][gc,start       ] GC(1058) Pause Full (Allocation Failure)
[46.542s][info][gc,phases,start] GC(1058) Phase 1: Mark live objects
[46.551s][info][gc,phases      ] GC(1058) Phase 1: Mark live objects 8.749ms
[46.551s][info][gc,phases,start] GC(1058) Phase 2: Compute new object addresses
[46.555s][info][gc,phases      ] GC(1058) Phase 2: Compute new object addresses 4.434ms
[46.555s][info][gc,phases,start] GC(1058) Phase 3: Adjust pointers
[46.561s][info][gc,phases      ] GC(1058) Phase 3: Adjust pointers 5.658ms
[46.561s][info][gc,phases,start] GC(1058) Phase 4: Move objects
[46.578s][info][gc,phases      ] GC(1058) Phase 4: Move objects 16.792ms
[46.578s][info][gc,heap        ] GC(1058) DefNew: 157103K(157248K)->35309K(157248K) Eden: 139776K(139776K)->35309K(139776K) From: 17327K(17472K)->0K(17472K)
[46.578s][info][gc,heap        ] GC(1058) Tenured: 349564K(349568K)->349557K(349568K)
[46.578s][info][gc,metaspace   ] GC(1058) Metaspace: 30999K(31360K)->30999K(31360K) NonClass: 27744K(27904K)->27744K(27904K) Class: 3254K(3456K)->3254K(3456K)
[46.578s][info][gc             ] GC(1058) Pause Full (Allocation Failure) 494M->375M(494M) 36.072ms
[46.578s][info][gc,cpu         ] GC(1058) User=0.04s Sys=0.00s Real=0.04s
[46.586s][info][gc,start       ] GC(1059) Pause Full (Allocation Failure)
[46.586s][info][gc,phases,start] GC(1059) Phase 1: Mark live objects
[46.595s][info][gc,phases      ] GC(1059) Phase 1: Mark live objects 8.914ms
[46.595s][info][gc,phases,start] GC(1059) Phase 2: Compute new object addresses
[46.600s][info][gc,phases      ] GC(1059) Phase 2: Compute new object addresses 4.373ms
[46.600s][info][gc,phases,start] GC(1059) Phase 3: Adjust pointers
[46.605s][info][gc,phases      ] GC(1059) Phase 3: Adjust pointers 5.712ms
[46.605s][info][gc,phases,start] GC(1059) Phase 4: Move objects
[46.632s][info][gc,phases      ] GC(1059) Phase 4: Move objects 26.128ms
[46.632s][info][gc,heap        ] GC(1059) DefNew: 157055K(157248K)->35000K(157248K) Eden: 139776K(139776K)->35000K(139776K) From: 17279K(17472K)->0K(17472K)
[46.632s][info][gc,heap        ] GC(1059) Tenured: 349557K(349568K)->349378K(349568K)
[46.632s][info][gc,metaspace   ] GC(1059) Metaspace: 30999K(31360K)->30999K(31360K) NonClass: 27744K(27904K)->27744K(27904K) Class: 3254K(3456K)->3254K(3456K)
[46.632s][info][gc             ] GC(1059) Pause Full (Allocation Failure) 494M->375M(494M) 45.579ms
[46.632s][info][gc,cpu         ] GC(1059) User=0.05s Sys=0.00s Real=0.05s
[46.640s][info][gc,start       ] GC(1060) Pause Full (Allocation Failure)
[46.640s][info][gc,phases,start] GC(1060) Phase 1: Mark live objects
[46.649s][info][gc,phases      ] GC(1060) Phase 1: Mark live objects 8.898ms
[46.649s][info][gc,phases,start] GC(1060) Phase 2: Compute new object addresses
[46.653s][info][gc,phases      ] GC(1060) Phase 2: Compute new object addresses 4.221ms
[46.653s][info][gc,phases,start] GC(1060) Phase 3: Adjust pointers
[46.659s][info][gc,phases      ] GC(1060) Phase 3: Adjust pointers 5.725ms
[46.659s][info][gc,phases,start] GC(1060) Phase 4: Move objects
[46.686s][info][gc,phases      ] GC(1060) Phase 4: Move objects 27.412ms
[46.686s][info][gc,heap        ] GC(1060) DefNew: 157217K(157248K)->16468K(157248K) Eden: 139776K(139776K)->16468K(139776K) From: 17441K(17472K)->0K(17472K)
[46.686s][info][gc,heap        ] GC(1060) Tenured: 349378K(349568K)->349553K(349568K)
[46.686s][info][gc,metaspace   ] GC(1060) Metaspace: 30999K(31360K)->30999K(31360K) NonClass: 27744K(27904K)->27744K(27904K) Class: 3254K(3456K)->3254K(3456K)
[46.687s][info][gc             ] GC(1060) Pause Full (Allocation Failure) 494M->357M(494M) 46.670ms
[46.687s][info][gc,cpu         ] GC(1060) User=0.04s Sys=0.00s Real=0.05s
[46.696s][info][gc,start       ] GC(1061) Pause Full (Allocation Failure)
[46.696s][info][gc,phases,start] GC(1061) Phase 1: Mark live objects
[46.705s][info][gc,phases      ] GC(1061) Phase 1: Mark live objects 9.274ms
[46.705s][info][gc,phases,start] GC(1061) Phase 2: Compute new object addresses
[46.710s][info][gc,phases      ] GC(1061) Phase 2: Compute new object addresses 4.959ms
[46.710s][info][gc,phases,start] GC(1061) Phase 3: Adjust pointers
[46.717s][info][gc,phases      ] GC(1061) Phase 3: Adjust pointers 6.402ms
[46.717s][info][gc,phases,start] GC(1061) Phase 4: Move objects
[46.742s][info][gc,phases      ] GC(1061) Phase 4: Move objects 25.575ms
[46.743s][info][gc,heap        ] GC(1061) DefNew: 157244K(157248K)->19890K(157248K) Eden: 139776K(139776K)->19890K(139776K) From: 17468K(17472K)->0K(17472K)
[46.743s][info][gc,heap        ] GC(1061) Tenured: 349553K(349568K)->349567K(349568K)
[46.743s][info][gc,metaspace   ] GC(1061) Metaspace: 30999K(31360K)->30999K(31360K) NonClass: 27744K(27904K)->27744K(27904K) Class: 3254K(3456K)->3254K(3456K)
[46.743s][info][gc             ] GC(1061) Pause Full (Allocation Failure) 494M->360M(494M) 46.787ms
[46.743s][info][gc,cpu         ] GC(1061) User=0.05s Sys=0.00s Real=0.05s
[46.753s][info][gc,start       ] GC(1062) Pause Full (Allocation Failure)
[46.753s][info][gc,phases,start] GC(1062) Phase 1: Mark live objects
[46.762s][info][gc,phases      ] GC(1062) Phase 1: Mark live objects 8.327ms
[46.762s][info][gc,phases,start] GC(1062) Phase 2: Compute new object addresses
[46.766s][info][gc,phases      ] GC(1062) Phase 2: Compute new object addresses 4.273ms
[46.766s][info][gc,phases,start] GC(1062) Phase 3: Adjust pointers
[46.771s][info][gc,phases      ] GC(1062) Phase 3: Adjust pointers 5.419ms
[46.771s][info][gc,phases,start] GC(1062) Phase 4: Move objects
[46.794s][info][gc,phases      ] GC(1062) Phase 4: Move objects 22.116ms
[46.794s][info][gc,heap        ] GC(1062) DefNew: 156288K(157248K)->32674K(157248K) Eden: 139776K(139776K)->32674K(139776K) From: 16512K(17472K)->0K(17472K)
[46.794s][info][gc,heap        ] GC(1062) Tenured: 349567K(349568K)->349556K(349568K)
[46.794s][info][gc,metaspace   ] GC(1062) Metaspace: 30999K(31360K)->30999K(31360K) NonClass: 27744K(27904K)->27744K(27904K) Class: 3254K(3456K)->3254K(3456K)
[46.794s][info][gc             ] GC(1062) Pause Full (Allocation Failure) 494M->373M(494M) 40.582ms
[46.794s][info][gc,cpu         ] GC(1062) User=0.04s Sys=0.00s Real=0.04s
[46.805s][info][gc,start       ] GC(1063) Pause Full (Allocation Failure)
[46.805s][info][gc,phases,start] GC(1063) Phase 1: Mark live objects
[46.815s][info][gc,phases      ] GC(1063) Phase 1: Mark live objects 9.685ms
[46.815s][info][gc,phases,start] GC(1063) Phase 2: Compute new object addresses
[46.820s][info][gc,phases      ] GC(1063) Phase 2: Compute new object addresses 4.806ms
[46.820s][info][gc,phases,start] GC(1063) Phase 3: Adjust pointers
[46.826s][info][gc,phases      ] GC(1063) Phase 3: Adjust pointers 6.566ms
[46.826s][info][gc,phases,start] GC(1063) Phase 4: Move objects
[46.855s][info][gc,phases      ] GC(1063) Phase 4: Move objects 28.653ms
[46.855s][info][gc,heap        ] GC(1063) DefNew: 156777K(157248K)->30489K(157248K) Eden: 139776K(139776K)->30489K(139776K) From: 17001K(17472K)->0K(17472K)
[46.855s][info][gc,heap        ] GC(1063) Tenured: 349556K(349568K)->349520K(349568K)
[46.855s][info][gc,metaspace   ] GC(1063) Metaspace: 30999K(31360K)->30999K(31360K) NonClass: 27744K(27904K)->27744K(27904K) Class: 3254K(3456K)->3254K(3456K)
[46.855s][info][gc             ] GC(1063) Pause Full (Allocation Failure) 494M->371M(494M) 50.167ms
[46.855s][info][gc,cpu         ] GC(1063) User=0.05s Sys=0.00s Real=0.05s
[46.864s][info][gc,start       ] GC(1064) Pause Full (Allocation Failure)
[46.864s][info][gc,phases,start] GC(1064) Phase 1: Mark live objects
[46.874s][info][gc,phases      ] GC(1064) Phase 1: Mark live objects 9.238ms
[46.874s][info][gc,phases,start] GC(1064) Phase 2: Compute new object addresses
[46.878s][info][gc,phases      ] GC(1064) Phase 2: Compute new object addresses 4.113ms
[46.878s][info][gc,phases,start] GC(1064) Phase 3: Adjust pointers
[46.884s][info][gc,phases      ] GC(1064) Phase 3: Adjust pointers 5.685ms
[46.884s][info][gc,phases,start] GC(1064) Phase 4: Move objects
[46.909s][info][gc,phases      ] GC(1064) Phase 4: Move objects 25.564ms
[46.909s][info][gc,heap        ] GC(1064) DefNew: 157015K(157248K)->31878K(157248K) Eden: 139776K(139776K)->31878K(139776K) From: 17239K(17472K)->0K(17472K)
[46.909s][info][gc,heap        ] GC(1064) Tenured: 349520K(349568K)->349559K(349568K)
[46.909s][info][gc,metaspace   ] GC(1064) Metaspace: 30999K(31360K)->30999K(31360K) NonClass: 27744K(27904K)->27744K(27904K) Class: 3254K(3456K)->3254K(3456K)
[46.909s][info][gc             ] GC(1064) Pause Full (Allocation Failure) 494M->372M(494M) 45.046ms
[46.909s][info][gc,cpu         ] GC(1064) User=0.05s Sys=0.00s Real=0.04s
[46.916s][info][gc,start       ] GC(1065) Pause Full (Allocation Failure)
[46.916s][info][gc,phases,start] GC(1065) Phase 1: Mark live objects
[46.925s][info][gc,phases      ] GC(1065) Phase 1: Mark live objects 9.552ms
[46.925s][info][gc,phases,start] GC(1065) Phase 2: Compute new object addresses
[46.930s][info][gc,phases      ] GC(1065) Phase 2: Compute new object addresses 4.446ms
[46.930s][info][gc,phases,start] GC(1065) Phase 3: Adjust pointers
[46.936s][info][gc,phases      ] GC(1065) Phase 3: Adjust pointers 6.066ms
[46.936s][info][gc,phases,start] GC(1065) Phase 4: Move objects
[46.964s][info][gc,phases      ] GC(1065) Phase 4: Move objects 27.676ms
[46.964s][info][gc,heap        ] GC(1065) DefNew: 157043K(157248K)->18862K(157248K) Eden: 139776K(139776K)->18862K(139776K) From: 17267K(17472K)->0K(17472K)
[46.964s][info][gc,heap        ] GC(1065) Tenured: 349559K(349568K)->349567K(349568K)
[46.964s][info][gc,metaspace   ] GC(1065) Metaspace: 30999K(31360K)->30999K(31360K) NonClass: 27744K(27904K)->27744K(27904K) Class: 3254K(3456K)->3254K(3456K)
[46.964s][info][gc             ] GC(1065) Pause Full (Allocation Failure) 494M->359M(494M) 48.151ms
[46.964s][info][gc,cpu         ] GC(1065) User=0.04s Sys=0.00s Real=0.05s
[46.971s][info][gc,start       ] GC(1066) Pause Full (Allocation Failure)
[46.971s][info][gc,phases,start] GC(1066) Phase 1: Mark live objects
[46.980s][info][gc,phases      ] GC(1066) Phase 1: Mark live objects 9.122ms
[46.980s][info][gc,phases,start] GC(1066) Phase 2: Compute new object addresses
[46.985s][info][gc,phases      ] GC(1066) Phase 2: Compute new object addresses 4.518ms
[46.985s][info][gc,phases,start] GC(1066) Phase 3: Adjust pointers
[46.991s][info][gc,phases      ] GC(1066) Phase 3: Adjust pointers 5.850ms
[46.991s][info][gc,phases,start] GC(1066) Phase 4: Move objects
[47.011s][info][gc,phases      ] GC(1066) Phase 4: Move objects 20.041ms
[47.011s][info][gc,heap        ] GC(1066) DefNew: 157042K(157248K)->39115K(157248K) Eden: 139776K(139776K)->39115K(139776K) From: 17266K(17472K)->0K(17472K)
[47.011s][info][gc,heap        ] GC(1066) Tenured: 349567K(349568K)->349378K(349568K)
[47.011s][info][gc,metaspace   ] GC(1066) Metaspace: 30999K(31360K)->30999K(31360K) NonClass: 27744K(27904K)->27744K(27904K) Class: 3254K(3456K)->3254K(3456K)
[47.011s][info][gc             ] GC(1066) Pause Full (Allocation Failure) 494M->379M(494M) 39.974ms
[47.011s][info][gc,cpu         ] GC(1066) User=0.04s Sys=0.00s Real=0.04s
[47.017s][info][gc,start       ] GC(1067) Pause Full (Allocation Failure)
[47.017s][info][gc,phases,start] GC(1067) Phase 1: Mark live objects
[47.028s][info][gc,phases      ] GC(1067) Phase 1: Mark live objects 10.405ms
[47.028s][info][gc,phases,start] GC(1067) Phase 2: Compute new object addresses
[47.032s][info][gc,phases      ] GC(1067) Phase 2: Compute new object addresses 4.555ms
[47.032s][info][gc,phases,start] GC(1067) Phase 3: Adjust pointers
[47.038s][info][gc,phases      ] GC(1067) Phase 3: Adjust pointers 6.089ms
[47.038s][info][gc,phases,start] GC(1067) Phase 4: Move objects
[47.064s][info][gc,phases      ] GC(1067) Phase 4: Move objects 25.621ms
[47.064s][info][gc,heap        ] GC(1067) DefNew: 157067K(157248K)->38814K(157248K) Eden: 139776K(139776K)->38814K(139776K) From: 17291K(17472K)->0K(17472K)
[47.064s][info][gc,heap        ] GC(1067) Tenured: 349378K(349568K)->349558K(349568K)
[47.064s][info][gc,metaspace   ] GC(1067) Metaspace: 30999K(31360K)->30999K(31360K) NonClass: 27744K(27904K)->27744K(27904K) Class: 3254K(3456K)->3254K(3456K)
[47.064s][info][gc             ] GC(1067) Pause Full (Allocation Failure) 494M->379M(494M) 47.117ms
[47.064s][info][gc,cpu         ] GC(1067) User=0.05s Sys=0.00s Real=0.05s
[47.075s][info][gc,start       ] GC(1068) Pause Full (Allocation Failure)
[47.075s][info][gc,phases,start] GC(1068) Phase 1: Mark live objects
[47.084s][info][gc,phases      ] GC(1068) Phase 1: Mark live objects 9.351ms
[47.084s][info][gc,phases,start] GC(1068) Phase 2: Compute new object addresses
[47.089s][info][gc,phases      ] GC(1068) Phase 2: Compute new object addresses 4.349ms
[47.089s][info][gc,phases,start] GC(1068) Phase 3: Adjust pointers
[47.094s][info][gc,phases      ] GC(1068) Phase 3: Adjust pointers 5.661ms
[47.094s][info][gc,phases,start] GC(1068) Phase 4: Move objects
[47.120s][info][gc,phases      ] GC(1068) Phase 4: Move objects 25.929ms
[47.120s][info][gc,heap        ] GC(1068) DefNew: 156378K(157248K)->31493K(157248K) Eden: 139776K(139776K)->31493K(139776K) From: 16602K(17472K)->0K(17472K)
[47.121s][info][gc,heap        ] GC(1068) Tenured: 349558K(349568K)->349558K(349568K)
[47.121s][info][gc,metaspace   ] GC(1068) Metaspace: 30999K(31360K)->30999K(31360K) NonClass: 27744K(27904K)->27744K(27904K) Class: 3254K(3456K)->3254K(3456K)
[47.121s][info][gc             ] GC(1068) Pause Full (Allocation Failure) 494M->372M(494M) 45.700ms
[47.121s][info][gc,cpu         ] GC(1068) User=0.04s Sys=0.00s Real=0.04s
[47.130s][info][gc,start       ] GC(1069) Pause Full (Allocation Failure)
[47.130s][info][gc,phases,start] GC(1069) Phase 1: Mark live objects
[47.139s][info][gc,phases      ] GC(1069) Phase 1: Mark live objects 9.219ms
[47.139s][info][gc,phases,start] GC(1069) Phase 2: Compute new object addresses
[47.144s][info][gc,phases      ] GC(1069) Phase 2: Compute new object addresses 4.389ms
[47.144s][info][gc,phases,start] GC(1069) Phase 3: Adjust pointers
[47.150s][info][gc,phases      ] GC(1069) Phase 3: Adjust pointers 6.109ms
[47.150s][info][gc,phases,start] GC(1069) Phase 4: Move objects
[47.177s][info][gc,phases      ] GC(1069) Phase 4: Move objects 27.183ms
[47.177s][info][gc,heap        ] GC(1069) DefNew: 157008K(157248K)->16458K(157248K) Eden: 139776K(139776K)->16458K(139776K) From: 17232K(17472K)->0K(17472K)
[47.177s][info][gc,heap        ] GC(1069) Tenured: 349558K(349568K)->349562K(349568K)
[47.177s][info][gc,metaspace   ] GC(1069) Metaspace: 30999K(31360K)->30999K(31360K) NonClass: 27744K(27904K)->27744K(27904K) Class: 3254K(3456K)->3254K(3456K)
[47.177s][info][gc             ] GC(1069) Pause Full (Allocation Failure) 494M->357M(494M) 47.342ms
[47.177s][info][gc,cpu         ] GC(1069) User=0.05s Sys=0.00s Real=0.05s
[47.188s][info][gc,start       ] GC(1070) Pause Full (Allocation Failure)
[47.188s][info][gc,phases,start] GC(1070) Phase 1: Mark live objects
[47.197s][info][gc,phases      ] GC(1070) Phase 1: Mark live objects 8.872ms
[47.197s][info][gc,phases,start] GC(1070) Phase 2: Compute new object addresses
[47.201s][info][gc,phases      ] GC(1070) Phase 2: Compute new object addresses 4.460ms
[47.201s][info][gc,phases,start] GC(1070) Phase 3: Adjust pointers
[47.207s][info][gc,phases      ] GC(1070) Phase 3: Adjust pointers 5.648ms
[47.207s][info][gc,phases,start] GC(1070) Phase 4: Move objects
[47.228s][info][gc,phases      ] GC(1070) Phase 4: Move objects 21.312ms
[47.228s][info][gc,heap        ] GC(1070) DefNew: 156817K(157248K)->32026K(157248K) Eden: 139776K(139776K)->32026K(139776K) From: 17041K(17472K)->0K(17472K)
[47.228s][info][gc,heap        ] GC(1070) Tenured: 349562K(349568K)->349517K(349568K)
[47.228s][info][gc,metaspace   ] GC(1070) Metaspace: 30999K(31360K)->30999K(31360K) NonClass: 27744K(27904K)->27744K(27904K) Class: 3254K(3456K)->3254K(3456K)
[47.229s][info][gc             ] GC(1070) Pause Full (Allocation Failure) 494M->372M(494M) 40.750ms
[47.229s][info][gc,cpu         ] GC(1070) User=0.05s Sys=0.00s Real=0.04s
[47.239s][info][gc,start       ] GC(1071) Pause Full (Allocation Failure)
[47.239s][info][gc,phases,start] GC(1071) Phase 1: Mark live objects
[47.248s][info][gc,phases      ] GC(1071) Phase 1: Mark live objects 9.375ms
[47.249s][info][gc,phases,start] GC(1071) Phase 2: Compute new object addresses
[47.253s][info][gc,phases      ] GC(1071) Phase 2: Compute new object addresses 4.513ms
[47.253s][info][gc,phases,start] GC(1071) Phase 3: Adjust pointers
[47.259s][info][gc,phases      ] GC(1071) Phase 3: Adjust pointers 6.160ms
[47.259s][info][gc,phases,start] GC(1071) Phase 4: Move objects
[47.289s][info][gc,phases      ] GC(1071) Phase 4: Move objects 29.622ms
[47.289s][info][gc,heap        ] GC(1071) DefNew: 157152K(157248K)->32700K(157248K) Eden: 139776K(139776K)->32700K(139776K) From: 17376K(17472K)->0K(17472K)
[47.289s][info][gc,heap        ] GC(1071) Tenured: 349517K(349568K)->349373K(349568K)
[47.289s][info][gc,metaspace   ] GC(1071) Metaspace: 31004K(31360K)->31004K(31360K) NonClass: 27750K(27904K)->27750K(27904K) Class: 3254K(3456K)->3254K(3456K)
[47.289s][info][gc             ] GC(1071) Pause Full (Allocation Failure) 494M->373M(494M) 50.151ms
[47.289s][info][gc,cpu         ] GC(1071) User=0.05s Sys=0.00s Real=0.05s
[47.306s][info][gc,start       ] GC(1072) Pause Full (Allocation Failure)
[47.306s][info][gc,phases,start] GC(1072) Phase 1: Mark live objects
[47.315s][info][gc,phases      ] GC(1072) Phase 1: Mark live objects 9.258ms
[47.315s][info][gc,phases,start] GC(1072) Phase 2: Compute new object addresses
[47.321s][info][gc,phases      ] GC(1072) Phase 2: Compute new object addresses 6.366ms
[47.321s][info][gc,phases,start] GC(1072) Phase 3: Adjust pointers
[47.328s][info][gc,phases      ] GC(1072) Phase 3: Adjust pointers 6.757ms
[47.328s][info][gc,phases,start] GC(1072) Phase 4: Move objects
[47.355s][info][gc,phases      ] GC(1072) Phase 4: Move objects 26.369ms
[47.355s][info][gc,heap        ] GC(1072) DefNew: 157137K(157248K)->5923K(157248K) Eden: 139776K(139776K)->5923K(139776K) From: 17361K(17472K)->0K(17472K)
[47.355s][info][gc,heap        ] GC(1072) Tenured: 349373K(349568K)->349565K(349568K)
[47.355s][info][gc,metaspace   ] GC(1072) Metaspace: 31004K(31360K)->31004K(31360K) NonClass: 27750K(27904K)->27750K(27904K) Class: 3254K(3456K)->3254K(3456K)
[47.355s][info][gc             ] GC(1072) Pause Full (Allocation Failure) 494M->347M(494M) 49.205ms
[47.355s][info][gc,cpu         ] GC(1072) User=0.05s Sys=0.00s Real=0.05s
[47.365s][info][gc,start       ] GC(1073) Pause Full (Allocation Failure)
[47.365s][info][gc,phases,start] GC(1073) Phase 1: Mark live objects
[47.375s][info][gc,phases      ] GC(1073) Phase 1: Mark live objects 9.490ms
[47.375s][info][gc,phases,start] GC(1073) Phase 2: Compute new object addresses
[47.380s][info][gc,phases      ] GC(1073) Phase 2: Compute new object addresses 5.238ms
[47.380s][info][gc,phases,start] GC(1073) Phase 3: Adjust pointers
[47.386s][info][gc,phases      ] GC(1073) Phase 3: Adjust pointers 6.094ms
[47.386s][info][gc,phases,start] GC(1073) Phase 4: Move objects
[47.411s][info][gc,phases      ] GC(1073) Phase 4: Move objects 25.146ms
[47.412s][info][gc,heap        ] GC(1073) DefNew: 156268K(157248K)->4369K(157248K) Eden: 139776K(139776K)->4369K(139776K) From: 16492K(17472K)->0K(17472K)
[47.412s][info][gc,heap        ] GC(1073) Tenured: 349565K(349568K)->349422K(349568K)
[47.412s][info][gc,metaspace   ] GC(1073) Metaspace: 31004K(31360K)->31004K(31360K) NonClass: 27750K(27904K)->27750K(27904K) Class: 3254K(3456K)->3254K(3456K)
[47.412s][info][gc             ] GC(1073) Pause Full (Allocation Failure) 493M->345M(494M) 46.476ms
[47.412s][info][gc,cpu         ] GC(1073) User=0.05s Sys=0.00s Real=0.05s
[47.424s][info][gc,start       ] GC(1074) Pause Full (Allocation Failure)
[47.424s][info][gc,phases,start] GC(1074) Phase 1: Mark live objects
[47.433s][info][gc,phases      ] GC(1074) Phase 1: Mark live objects 8.956ms
[47.433s][info][gc,phases,start] GC(1074) Phase 2: Compute new object addresses
[47.437s][info][gc,phases      ] GC(1074) Phase 2: Compute new object addresses 4.522ms
[47.437s][info][gc,phases,start] GC(1074) Phase 3: Adjust pointers
[47.443s][info][gc,phases      ] GC(1074) Phase 3: Adjust pointers 5.764ms
[47.443s][info][gc,phases,start] GC(1074) Phase 4: Move objects
[47.467s][info][gc,phases      ] GC(1074) Phase 4: Move objects 23.636ms
[47.467s][info][gc,heap        ] GC(1074) DefNew: 157187K(157248K)->24174K(157248K) Eden: 139776K(139776K)->24174K(139776K) From: 17411K(17472K)->0K(17472K)
[47.467s][info][gc,heap        ] GC(1074) Tenured: 349422K(349568K)->349554K(349568K)
[47.467s][info][gc,metaspace   ] GC(1074) Metaspace: 31004K(31360K)->31004K(31360K) NonClass: 27750K(27904K)->27750K(27904K) Class: 3254K(3456K)->3254K(3456K)
[47.467s][info][gc             ] GC(1074) Pause Full (Allocation Failure) 494M->364M(494M) 43.344ms
[47.467s][info][gc,cpu         ] GC(1074) User=0.04s Sys=0.00s Real=0.04s
[47.478s][info][gc,start       ] GC(1075) Pause Full (Allocation Failure)
[47.478s][info][gc,phases,start] GC(1075) Phase 1: Mark live objects
[47.487s][info][gc,phases      ] GC(1075) Phase 1: Mark live objects 9.165ms
[47.487s][info][gc,phases,start] GC(1075) Phase 2: Compute new object addresses
[47.492s][info][gc,phases      ] GC(1075) Phase 2: Compute new object addresses 4.724ms
[47.492s][info][gc,phases,start] GC(1075) Phase 3: Adjust pointers
[47.498s][info][gc,phases      ] GC(1075) Phase 3: Adjust pointers 6.291ms
[47.498s][info][gc,phases,start] GC(1075) Phase 4: Move objects
[47.523s][info][gc,phases      ] GC(1075) Phase 4: Move objects 24.993ms
[47.523s][info][gc,heap        ] GC(1075) DefNew: 157095K(157248K)->21207K(157248K) Eden: 139776K(139776K)->21207K(139776K) From: 17319K(17472K)->0K(17472K)
[47.523s][info][gc,heap        ] GC(1075) Tenured: 349554K(349568K)->349545K(349568K)
[47.523s][info][gc,metaspace   ] GC(1075) Metaspace: 31004K(31360K)->31004K(31360K) NonClass: 27750K(27904K)->27750K(27904K) Class: 3254K(3456K)->3254K(3456K)
[47.523s][info][gc             ] GC(1075) Pause Full (Allocation Failure) 494M->362M(494M) 45.661ms
[47.523s][info][gc,cpu         ] GC(1075) User=0.05s Sys=0.00s Real=0.05s
[47.530s][info][gc,start       ] GC(1076) Pause Full (Allocation Failure)
[47.530s][info][gc,phases,start] GC(1076) Phase 1: Mark live objects
[47.540s][info][gc,phases      ] GC(1076) Phase 1: Mark live objects 10.102ms
[47.540s][info][gc,phases,start] GC(1076) Phase 2: Compute new object addresses
[47.545s][info][gc,phases      ] GC(1076) Phase 2: Compute new object addresses 4.477ms
[47.545s][info][gc,phases,start] GC(1076) Phase 3: Adjust pointers
[47.551s][info][gc,phases      ] GC(1076) Phase 3: Adjust pointers 5.679ms
[47.551s][info][gc,phases,start] GC(1076) Phase 4: Move objects
[47.575s][info][gc,phases      ] GC(1076) Phase 4: Move objects 24.262ms
[47.575s][info][gc,heap        ] GC(1076) DefNew: 156998K(157248K)->28316K(157248K) Eden: 139776K(139776K)->28316K(139776K) From: 17222K(17472K)->0K(17472K)
[47.575s][info][gc,heap        ] GC(1076) Tenured: 349545K(349568K)->349387K(349568K)
[47.575s][info][gc,metaspace   ] GC(1076) Metaspace: 31004K(31360K)->31004K(31360K) NonClass: 27750K(27904K)->27750K(27904K) Class: 3254K(3456K)->3254K(3456K)
[47.575s][info][gc             ] GC(1076) Pause Full (Allocation Failure) 494M->368M(494M) 44.948ms
[47.575s][info][gc,cpu         ] GC(1076) User=0.04s Sys=0.00s Real=0.04s
[47.584s][info][gc,start       ] GC(1077) Pause Full (Allocation Failure)
[47.585s][info][gc,phases,start] GC(1077) Phase 1: Mark live objects
[47.594s][info][gc,phases      ] GC(1077) Phase 1: Mark live objects 9.519ms
[47.594s][info][gc,phases,start] GC(1077) Phase 2: Compute new object addresses
[47.599s][info][gc,phases      ] GC(1077) Phase 2: Compute new object addresses 4.454ms
[47.599s][info][gc,phases,start] GC(1077) Phase 3: Adjust pointers
[47.604s][info][gc,phases      ] GC(1077) Phase 3: Adjust pointers 5.696ms
[47.604s][info][gc,phases,start] GC(1077) Phase 4: Move objects
[47.631s][info][gc,phases      ] GC(1077) Phase 4: Move objects 26.904ms
[47.631s][info][gc,heap        ] GC(1077) DefNew: 157078K(157248K)->11312K(157248K) Eden: 139776K(139776K)->11312K(139776K) From: 17302K(17472K)->0K(17472K)
[47.631s][info][gc,heap        ] GC(1077) Tenured: 349387K(349568K)->349312K(349568K)
[47.631s][info][gc,metaspace   ] GC(1077) Metaspace: 31004K(31360K)->31004K(31360K) NonClass: 27750K(27904K)->27750K(27904K) Class: 3254K(3456K)->3254K(3456K)
[47.631s][info][gc             ] GC(1077) Pause Full (Allocation Failure) 494M->352M(494M) 47.041ms
[47.631s][info][gc,cpu         ] GC(1077) User=0.05s Sys=0.00s Real=0.05s
[47.642s][info][gc,start       ] GC(1078) Pause Full (Allocation Failure)
[47.642s][info][gc,phases,start] GC(1078) Phase 1: Mark live objects
[47.651s][info][gc,phases      ] GC(1078) Phase 1: Mark live objects 9.031ms
[47.651s][info][gc,phases,start] GC(1078) Phase 2: Compute new object addresses
[47.656s][info][gc,phases      ] GC(1078) Phase 2: Compute new object addresses 4.848ms
[47.656s][info][gc,phases,start] GC(1078) Phase 3: Adjust pointers
[47.662s][info][gc,phases      ] GC(1078) Phase 3: Adjust pointers 6.037ms
[47.662s][info][gc,phases,start] GC(1078) Phase 4: Move objects
[47.683s][info][gc,phases      ] GC(1078) Phase 4: Move objects 20.340ms
[47.683s][info][gc,heap        ] GC(1078) DefNew: 156860K(157248K)->27629K(157248K) Eden: 139776K(139776K)->27629K(139776K) From: 17084K(17472K)->0K(17472K)
[47.683s][info][gc,heap        ] GC(1078) Tenured: 349312K(349568K)->349554K(349568K)
[47.683s][info][gc,metaspace   ] GC(1078) Metaspace: 31004K(31360K)->31004K(31360K) NonClass: 27750K(27904K)->27750K(27904K) Class: 3254K(3456K)->3254K(3456K)
[47.683s][info][gc             ] GC(1078) Pause Full (Allocation Failure) 494M->368M(494M) 40.701ms
[47.683s][info][gc,cpu         ] GC(1078) User=0.04s Sys=0.00s Real=0.04s
[47.692s][info][gc,start       ] GC(1079) Pause Young (GCLocker Initiated GC)
[47.692s][info][gc,heap        ] GC(1079) DefNew: 157243K(157248K)->157243K(157248K) Eden: 139776K(139776K)->139776K(139776K) From: 17467K(17472K)->17467K(17472K)
[47.692s][info][gc,heap        ] GC(1079) Tenured: 349554K(349568K)->349554K(349568K)
[47.692s][info][gc,metaspace   ] GC(1079) Metaspace: 31004K(31360K)->31004K(31360K) NonClass: 27750K(27904K)->27750K(27904K) Class: 3254K(3456K)->3254K(3456K)
[47.692s][info][gc             ] GC(1079) Pause Young (GCLocker Initiated GC) 494M->494M(494M) 0.066ms
[47.692s][info][gc,cpu         ] GC(1079) User=0.00s Sys=0.00s Real=0.00s
[47.692s][info][gc,start       ] GC(1080) Pause Full (GCLocker Initiated GC)
[47.692s][info][gc,phases,start] GC(1080) Phase 1: Mark live objects
[47.701s][info][gc,phases      ] GC(1080) Phase 1: Mark live objects 9.074ms
[47.701s][info][gc,phases,start] GC(1080) Phase 2: Compute new object addresses
[47.706s][info][gc,phases      ] GC(1080) Phase 2: Compute new object addresses 4.200ms
[47.706s][info][gc,phases,start] GC(1080) Phase 3: Adjust pointers
[47.711s][info][gc,phases      ] GC(1080) Phase 3: Adjust pointers 5.571ms
[47.711s][info][gc,phases,start] GC(1080) Phase 4: Move objects
[47.736s][info][gc,phases      ] GC(1080) Phase 4: Move objects 25.004ms
[47.736s][info][gc,heap        ] GC(1080) DefNew: 157243K(157248K)->32136K(157248K) Eden: 139776K(139776K)->32136K(139776K) From: 17467K(17472K)->0K(17472K)
[47.737s][info][gc,heap        ] GC(1080) Tenured: 349554K(349568K)->349557K(349568K)
[47.737s][info][gc,metaspace   ] GC(1080) Metaspace: 31004K(31360K)->31004K(31360K) NonClass: 27750K(27904K)->27750K(27904K) Class: 3254K(3456K)->3254K(3456K)
[47.737s][info][gc             ] GC(1080) Pause Full (GCLocker Initiated GC) 494M->372M(494M) 44.275ms
[47.737s][info][gc,cpu         ] GC(1080) User=0.04s Sys=0.00s Real=0.04s
[47.744s][info][gc,start       ] GC(1081) Pause Full (Allocation Failure)
[47.744s][info][gc,phases,start] GC(1081) Phase 1: Mark live objects
[47.753s][info][gc,phases      ] GC(1081) Phase 1: Mark live objects 8.899ms
[47.753s][info][gc,phases,start] GC(1081) Phase 2: Compute new object addresses
[47.758s][info][gc,phases      ] GC(1081) Phase 2: Compute new object addresses 4.369ms
[47.758s][info][gc,phases,start] GC(1081) Phase 3: Adjust pointers
[47.763s][info][gc,phases      ] GC(1081) Phase 3: Adjust pointers 5.750ms
[47.763s][info][gc,phases,start] GC(1081) Phase 4: Move objects
[47.790s][info][gc,phases      ] GC(1081) Phase 4: Move objects 26.720ms
[47.790s][info][gc,heap        ] GC(1081) DefNew: 157101K(157248K)->19433K(157248K) Eden: 139776K(139776K)->19433K(139776K) From: 17325K(17472K)->0K(17472K)
[47.790s][info][gc,heap        ] GC(1081) Tenured: 349557K(349568K)->349495K(349568K)
[47.790s][info][gc,metaspace   ] GC(1081) Metaspace: 31004K(31360K)->31004K(31360K) NonClass: 27750K(27904K)->27750K(27904K) Class: 3254K(3456K)->3254K(3456K)
[47.790s][info][gc             ] GC(1081) Pause Full (Allocation Failure) 494M->360M(494M) 46.174ms
[47.790s][info][gc,cpu         ] GC(1081) User=0.05s Sys=0.00s Real=0.05s
[47.797s][info][gc,start       ] GC(1082) Pause Full (Allocation Failure)
[47.797s][info][gc,phases,start] GC(1082) Phase 1: Mark live objects
[47.806s][info][gc,phases      ] GC(1082) Phase 1: Mark live objects 9.076ms
[47.806s][info][gc,phases,start] GC(1082) Phase 2: Compute new object addresses
[47.811s][info][gc,phases      ] GC(1082) Phase 2: Compute new object addresses 4.400ms
[47.811s][info][gc,phases,start] GC(1082) Phase 3: Adjust pointers
[47.817s][info][gc,phases      ] GC(1082) Phase 3: Adjust pointers 5.889ms
[47.817s][info][gc,phases,start] GC(1082) Phase 4: Move objects
[47.843s][info][gc,phases      ] GC(1082) Phase 4: Move objects 26.533ms
[47.843s][info][gc,heap        ] GC(1082) DefNew: 157038K(157248K)->19828K(157248K) Eden: 139776K(139776K)->19828K(139776K) From: 17262K(17472K)->0K(17472K)
[47.843s][info][gc,heap        ] GC(1082) Tenured: 349495K(349568K)->349386K(349568K)
[47.843s][info][gc,metaspace   ] GC(1082) Metaspace: 31004K(31360K)->31004K(31360K) NonClass: 27750K(27904K)->27750K(27904K) Class: 3254K(3456K)->3254K(3456K)
[47.844s][info][gc             ] GC(1082) Pause Full (Allocation Failure) 494M->360M(494M) 46.340ms
[47.844s][info][gc,cpu         ] GC(1082) User=0.05s Sys=0.00s Real=0.05s
[47.854s][info][gc,start       ] GC(1083) Pause Full (Allocation Failure)
[47.854s][info][gc,phases,start] GC(1083) Phase 1: Mark live objects
[47.863s][info][gc,phases      ] GC(1083) Phase 1: Mark live objects 9.286ms
[47.863s][info][gc,phases,start] GC(1083) Phase 2: Compute new object addresses
[47.868s][info][gc,phases      ] GC(1083) Phase 2: Compute new object addresses 4.663ms
[47.868s][info][gc,phases,start] GC(1083) Phase 3: Adjust pointers
[47.874s][info][gc,phases      ] GC(1083) Phase 3: Adjust pointers 5.821ms
[47.874s][info][gc,phases,start] GC(1083) Phase 4: Move objects
[47.896s][info][gc,phases      ] GC(1083) Phase 4: Move objects 21.800ms
[47.896s][info][gc,heap        ] GC(1083) DefNew: 156559K(157248K)->33518K(157248K) Eden: 139776K(139776K)->33518K(139776K) From: 16783K(17472K)->0K(17472K)
[47.896s][info][gc,heap        ] GC(1083) Tenured: 349386K(349568K)->349556K(349568K)
[47.896s][info][gc,metaspace   ] GC(1083) Metaspace: 31004K(31360K)->31004K(31360K) NonClass: 27750K(27904K)->27750K(27904K) Class: 3254K(3456K)->3254K(3456K)
[47.896s][info][gc             ] GC(1083) Pause Full (Allocation Failure) 494M->374M(494M) 42.050ms
[47.896s][info][gc,cpu         ] GC(1083) User=0.04s Sys=0.00s Real=0.04s
[47.907s][info][gc,start       ] GC(1084) Pause Full (Allocation Failure)
[47.907s][info][gc,phases,start] GC(1084) Phase 1: Mark live objects
[47.916s][info][gc,phases      ] GC(1084) Phase 1: Mark live objects 9.090ms
[47.916s][info][gc,phases,start] GC(1084) Phase 2: Compute new object addresses
[47.920s][info][gc,phases      ] GC(1084) Phase 2: Compute new object addresses 4.597ms
[47.921s][info][gc,phases,start] GC(1084) Phase 3: Adjust pointers
[47.926s][info][gc,phases      ] GC(1084) Phase 3: Adjust pointers 5.734ms
[47.926s][info][gc,phases,start] GC(1084) Phase 4: Move objects
[47.951s][info][gc,phases      ] GC(1084) Phase 4: Move objects 25.118ms
[47.952s][info][gc,heap        ] GC(1084) DefNew: 157108K(157248K)->33277K(157248K) Eden: 139776K(139776K)->33277K(139776K) From: 17332K(17472K)->0K(17472K)
[47.952s][info][gc,heap        ] GC(1084) Tenured: 349556K(349568K)->349552K(349568K)
[47.952s][info][gc,metaspace   ] GC(1084) Metaspace: 31004K(31360K)->31004K(31360K) NonClass: 27750K(27904K)->27750K(27904K) Class: 3254K(3456K)->3254K(3456K)
[47.952s][info][gc             ] GC(1084) Pause Full (Allocation Failure) 494M->373M(494M) 44.962ms
[47.952s][info][gc,cpu         ] GC(1084) User=0.05s Sys=0.00s Real=0.05s
[47.962s][info][gc,start       ] GC(1085) Pause Full (Allocation Failure)
[47.962s][info][gc,phases,start] GC(1085) Phase 1: Mark live objects
[47.971s][info][gc,phases      ] GC(1085) Phase 1: Mark live objects 8.363ms
[47.971s][info][gc,phases,start] GC(1085) Phase 2: Compute new object addresses
[47.975s][info][gc,phases      ] GC(1085) Phase 2: Compute new object addresses 4.106ms
[47.975s][info][gc,phases,start] GC(1085) Phase 3: Adjust pointers
[47.980s][info][gc,phases      ] GC(1085) Phase 3: Adjust pointers 5.389ms
[47.980s][info][gc,phases,start] GC(1085) Phase 4: Move objects
[48.008s][info][gc,phases      ] GC(1085) Phase 4: Move objects 27.859ms
[48.008s][info][gc,heap        ] GC(1085) DefNew: 157056K(157248K)->15186K(157248K) Eden: 139776K(139776K)->15186K(139776K) From: 17280K(17472K)->0K(17472K)
[48.008s][info][gc,heap        ] GC(1085) Tenured: 349552K(349568K)->349319K(349568K)
[48.008s][info][gc,metaspace   ] GC(1085) Metaspace: 31004K(31360K)->31004K(31360K) NonClass: 27750K(27904K)->27750K(27904K) Class: 3254K(3456K)->3254K(3456K)
[48.008s][info][gc             ] GC(1085) Pause Full (Allocation Failure) 494M->355M(494M) 46.111ms
[48.008s][info][gc,cpu         ] GC(1085) User=0.05s Sys=0.00s Real=0.04s
[48.019s][info][gc,start       ] GC(1086) Pause Full (Allocation Failure)
[48.019s][info][gc,phases,start] GC(1086) Phase 1: Mark live objects
[48.028s][info][gc,phases      ] GC(1086) Phase 1: Mark live objects 9.412ms
[48.028s][info][gc,phases,start] GC(1086) Phase 2: Compute new object addresses
[48.033s][info][gc,phases      ] GC(1086) Phase 2: Compute new object addresses 4.583ms
[48.033s][info][gc,phases,start] GC(1086) Phase 3: Adjust pointers
[48.039s][info][gc,phases      ] GC(1086) Phase 3: Adjust pointers 5.912ms
[48.039s][info][gc,phases,start] GC(1086) Phase 4: Move objects
[48.066s][info][gc,phases      ] GC(1086) Phase 4: Move objects 26.471ms
[48.066s][info][gc,heap        ] GC(1086) DefNew: 156595K(157248K)->17513K(157248K) Eden: 139776K(139776K)->17513K(139776K) From: 16819K(17472K)->0K(17472K)
[48.066s][info][gc,heap        ] GC(1086) Tenured: 349319K(349568K)->349377K(349568K)
[48.066s][info][gc,metaspace   ] GC(1086) Metaspace: 31004K(31360K)->31004K(31360K) NonClass: 27750K(27904K)->27750K(27904K) Class: 3254K(3456K)->3254K(3456K)
[48.066s][info][gc             ] GC(1086) Pause Full (Allocation Failure) 494M->358M(494M) 46.872ms
[48.066s][info][gc,cpu         ] GC(1086) User=0.05s Sys=0.00s Real=0.05s
[48.073s][info][gc,start       ] GC(1087) Pause Full (Allocation Failure)
[48.073s][info][gc,phases,start] GC(1087) Phase 1: Mark live objects
[48.082s][info][gc,phases      ] GC(1087) Phase 1: Mark live objects 8.917ms
[48.082s][info][gc,phases,start] GC(1087) Phase 2: Compute new object addresses
[48.086s][info][gc,phases      ] GC(1087) Phase 2: Compute new object addresses 4.314ms
[48.086s][info][gc,phases,start] GC(1087) Phase 3: Adjust pointers
[48.092s][info][gc,phases      ] GC(1087) Phase 3: Adjust pointers 5.916ms
[48.092s][info][gc,phases,start] GC(1087) Phase 4: Move objects
[48.096s][info][gc,phases      ] GC(1087) Phase 4: Move objects 4.147ms
[48.096s][info][gc,heap        ] GC(1087) DefNew: 156991K(157248K)->42153K(157248K) Eden: 139776K(139776K)->42153K(139776K) From: 17215K(17472K)->0K(17472K)
[48.096s][info][gc,heap        ] GC(1087) Tenured: 349377K(349568K)->349559K(349568K)
[48.096s][info][gc,metaspace   ] GC(1087) Metaspace: 31004K(31360K)->31004K(31360K) NonClass: 27750K(27904K)->27750K(27904K) Class: 3254K(3456K)->3254K(3456K)
[48.096s][info][gc             ] GC(1087) Pause Full (Allocation Failure) 494M->382M(494M) 23.759ms
[48.096s][info][gc,cpu         ] GC(1087) User=0.02s Sys=0.00s Real=0.02s
[48.108s][info][gc,start       ] GC(1088) Pause Full (Allocation Failure)
[48.108s][info][gc,phases,start] GC(1088) Phase 1: Mark live objects
[48.117s][info][gc,phases      ] GC(1088) Phase 1: Mark live objects 8.730ms
[48.117s][info][gc,phases,start] GC(1088) Phase 2: Compute new object addresses
[48.121s][info][gc,phases      ] GC(1088) Phase 2: Compute new object addresses 4.224ms
[48.121s][info][gc,phases,start] GC(1088) Phase 3: Adjust pointers
[48.127s][info][gc,phases      ] GC(1088) Phase 3: Adjust pointers 6.064ms
[48.127s][info][gc,phases,start] GC(1088) Phase 4: Move objects
[48.153s][info][gc,phases      ] GC(1088) Phase 4: Move objects 26.421ms
[48.154s][info][gc,heap        ] GC(1088) DefNew: 157015K(157248K)->35860K(157248K) Eden: 139776K(139776K)->35860K(139776K) From: 17239K(17472K)->0K(17472K)
[48.154s][info][gc,heap        ] GC(1088) Tenured: 349559K(349568K)->349511K(349568K)
[48.154s][info][gc,metaspace   ] GC(1088) Metaspace: 31004K(31360K)->31004K(31360K) NonClass: 27750K(27904K)->27750K(27904K) Class: 3254K(3456K)->3254K(3456K)
[48.154s][info][gc             ] GC(1088) Pause Full (Allocation Failure) 494M->376M(494M) 45.864ms
[48.154s][info][gc,cpu         ] GC(1088) User=0.05s Sys=0.00s Real=0.05s
[48.164s][info][gc,start       ] GC(1089) Pause Full (Allocation Failure)
[48.164s][info][gc,phases,start] GC(1089) Phase 1: Mark live objects
[48.173s][info][gc,phases      ] GC(1089) Phase 1: Mark live objects 9.007ms
[48.174s][info][gc,phases,start] GC(1089) Phase 2: Compute new object addresses
[48.178s][info][gc,phases      ] GC(1089) Phase 2: Compute new object addresses 4.134ms
[48.178s][info][gc,phases,start] GC(1089) Phase 3: Adjust pointers
[48.183s][info][gc,phases      ] GC(1089) Phase 3: Adjust pointers 5.738ms
[48.183s][info][gc,phases,start] GC(1089) Phase 4: Move objects
[48.210s][info][gc,phases      ] GC(1089) Phase 4: Move objects 26.516ms
[48.210s][info][gc,heap        ] GC(1089) DefNew: 156454K(157248K)->28046K(157248K) Eden: 139776K(139776K)->28046K(139776K) From: 16678K(17472K)->0K(17472K)
[48.210s][info][gc,heap        ] GC(1089) Tenured: 349511K(349568K)->349373K(349568K)
[48.210s][info][gc,metaspace   ] GC(1089) Metaspace: 31004K(31360K)->31004K(31360K) NonClass: 27750K(27904K)->27750K(27904K) Class: 3254K(3456K)->3254K(3456K)
[48.210s][info][gc             ] GC(1089) Pause Full (Allocation Failure) 494M->368M(494M) 45.853ms
[48.210s][info][gc,cpu         ] GC(1089) User=0.05s Sys=0.00s Real=0.05s
[48.221s][info][gc,start       ] GC(1090) Pause Full (Allocation Failure)
[48.221s][info][gc,phases,start] GC(1090) Phase 1: Mark live objects
[48.229s][info][gc,phases      ] GC(1090) Phase 1: Mark live objects 8.628ms
[48.229s][info][gc,phases,start] GC(1090) Phase 2: Compute new object addresses
[48.234s][info][gc,phases      ] GC(1090) Phase 2: Compute new object addresses 4.241ms
[48.234s][info][gc,phases,start] GC(1090) Phase 3: Adjust pointers
[48.239s][info][gc,phases      ] GC(1090) Phase 3: Adjust pointers 5.503ms
[48.239s][info][gc,phases,start] GC(1090) Phase 4: Move objects
[48.266s][info][gc,phases      ] GC(1090) Phase 4: Move objects 26.566ms
[48.266s][info][gc,heap        ] GC(1090) DefNew: 156876K(157248K)->16206K(157248K) Eden: 139776K(139776K)->16206K(139776K) From: 17100K(17472K)->0K(17472K)
[48.266s][info][gc,heap        ] GC(1090) Tenured: 349373K(349568K)->349562K(349568K)
[48.266s][info][gc,metaspace   ] GC(1090) Metaspace: 31004K(31360K)->31004K(31360K) NonClass: 27750K(27904K)->27750K(27904K) Class: 3254K(3456K)->3254K(3456K)
[48.266s][info][gc             ] GC(1090) Pause Full (Allocation Failure) 494M->357M(494M) 45.373ms
[48.266s][info][gc,cpu         ] GC(1090) User=0.05s Sys=0.00s Real=0.05s
[48.277s][info][gc,start       ] GC(1091) Pause Full (Allocation Failure)
[48.278s][info][gc,phases,start] GC(1091) Phase 1: Mark live objects
[48.288s][info][gc,phases      ] GC(1091) Phase 1: Mark live objects 10.065ms
[48.288s][info][gc,phases,start] GC(1091) Phase 2: Compute new object addresses
[48.293s][info][gc,phases      ] GC(1091) Phase 2: Compute new object addresses 4.947ms
[48.293s][info][gc,phases,start] GC(1091) Phase 3: Adjust pointers
[48.299s][info][gc,phases      ] GC(1091) Phase 3: Adjust pointers 6.169ms
[48.299s][info][gc,phases,start] GC(1091) Phase 4: Move objects
[48.324s][info][gc,phases      ] GC(1091) Phase 4: Move objects 24.992ms
[48.324s][info][gc,heap        ] GC(1091) DefNew: 156604K(157248K)->33521K(157248K) Eden: 139776K(139776K)->33521K(139776K) From: 16828K(17472K)->0K(17472K)
[48.324s][info][gc,heap        ] GC(1091) Tenured: 349562K(349568K)->349550K(349568K)
[48.324s][info][gc,metaspace   ] GC(1091) Metaspace: 31005K(31360K)->31005K(31360K) NonClass: 27751K(27904K)->27751K(27904K) Class: 3254K(3456K)->3254K(3456K)
[48.324s][info][gc             ] GC(1091) Pause Full (Allocation Failure) 494M->374M(494M) 46.620ms
[48.324s][info][gc,cpu         ] GC(1091) User=0.04s Sys=0.00s Real=0.05s
[48.333s][info][gc,start       ] GC(1092) Pause Full (Allocation Failure)
[48.333s][info][gc,phases,start] GC(1092) Phase 1: Mark live objects
[48.342s][info][gc,phases      ] GC(1092) Phase 1: Mark live objects 8.572ms
[48.342s][info][gc,phases,start] GC(1092) Phase 2: Compute new object addresses
[48.346s][info][gc,phases      ] GC(1092) Phase 2: Compute new object addresses 4.146ms
[48.346s][info][gc,phases,start] GC(1092) Phase 3: Adjust pointers
[48.351s][info][gc,phases      ] GC(1092) Phase 3: Adjust pointers 5.498ms
[48.351s][info][gc,phases,start] GC(1092) Phase 4: Move objects
[48.376s][info][gc,phases      ] GC(1092) Phase 4: Move objects 24.837ms
[48.376s][info][gc,heap        ] GC(1092) DefNew: 156999K(157248K)->35989K(157248K) Eden: 139776K(139776K)->35989K(139776K) From: 17223K(17472K)->0K(17472K)
[48.376s][info][gc,heap        ] GC(1092) Tenured: 349550K(349568K)->349554K(349568K)
[48.376s][info][gc,metaspace   ] GC(1092) Metaspace: 31005K(31360K)->31005K(31360K) NonClass: 27751K(27904K)->27751K(27904K) Class: 3254K(3456K)->3254K(3456K)
[48.376s][info][gc             ] GC(1092) Pause Full (Allocation Failure) 494M->376M(494M) 43.467ms
[48.376s][info][gc,cpu         ] GC(1092) User=0.05s Sys=0.00s Real=0.04s
[48.387s][info][gc,start       ] GC(1093) Pause Full (Allocation Failure)
[48.387s][info][gc,phases,start] GC(1093) Phase 1: Mark live objects
[48.396s][info][gc,phases      ] GC(1093) Phase 1: Mark live objects 9.212ms
[48.396s][info][gc,phases,start] GC(1093) Phase 2: Compute new object addresses
[48.401s][info][gc,phases      ] GC(1093) Phase 2: Compute new object addresses 4.371ms
[48.401s][info][gc,phases,start] GC(1093) Phase 3: Adjust pointers
[48.406s][info][gc,phases      ] GC(1093) Phase 3: Adjust pointers 5.856ms
[48.406s][info][gc,phases,start] GC(1093) Phase 4: Move objects
[48.435s][info][gc,phases      ] GC(1093) Phase 4: Move objects 28.944ms
[48.436s][info][gc,heap        ] GC(1093) DefNew: 157191K(157248K)->22988K(157248K) Eden: 139776K(139776K)->22988K(139776K) From: 17415K(17472K)->0K(17472K)
[48.436s][info][gc,heap        ] GC(1093) Tenured: 349554K(349568K)->349544K(349568K)
[48.436s][info][gc,metaspace   ] GC(1093) Metaspace: 31005K(31360K)->31005K(31360K) NonClass: 27751K(27904K)->27751K(27904K) Class: 3254K(3456K)->3254K(3456K)
[48.436s][info][gc             ] GC(1093) Pause Full (Allocation Failure) 494M->363M(494M) 48.821ms
[48.436s][info][gc,cpu         ] GC(1093) User=0.05s Sys=0.00s Real=0.05s
[48.447s][info][gc,start       ] GC(1094) Pause Full (Allocation Failure)
[48.447s][info][gc,phases,start] GC(1094) Phase 1: Mark live objects
[48.457s][info][gc,phases      ] GC(1094) Phase 1: Mark live objects 10.179ms
[48.457s][info][gc,phases,start] GC(1094) Phase 2: Compute new object addresses
[48.462s][info][gc,phases      ] GC(1094) Phase 2: Compute new object addresses 4.628ms
[48.462s][info][gc,phases,start] GC(1094) Phase 3: Adjust pointers
[48.468s][info][gc,phases      ] GC(1094) Phase 3: Adjust pointers 6.304ms
[48.468s][info][gc,phases,start] GC(1094) Phase 4: Move objects
[48.495s][info][gc,phases      ] GC(1094) Phase 4: Move objects 26.602ms
[48.495s][info][gc,heap        ] GC(1094) DefNew: 157151K(157248K)->13362K(157248K) Eden: 139776K(139776K)->13362K(139776K) From: 17375K(17472K)->0K(17472K)
[48.495s][info][gc,heap        ] GC(1094) Tenured: 349544K(349568K)->349318K(349568K)
[48.495s][info][gc,metaspace   ] GC(1094) Metaspace: 31005K(31360K)->31005K(31360K) NonClass: 27751K(27904K)->27751K(27904K) Class: 3254K(3456K)->3254K(3456K)
[48.495s][info][gc             ] GC(1094) Pause Full (Allocation Failure) 494M->354M(494M) 48.173ms
[48.495s][info][gc,cpu         ] GC(1094) User=0.05s Sys=0.00s Real=0.05s
[48.505s][info][gc,start       ] GC(1095) Pause Full (Allocation Failure)
[48.506s][info][gc,phases,start] GC(1095) Phase 1: Mark live objects
[48.516s][info][gc,phases      ] GC(1095) Phase 1: Mark live objects 10.057ms
[48.516s][info][gc,phases,start] GC(1095) Phase 2: Compute new object addresses
[48.521s][info][gc,phases      ] GC(1095) Phase 2: Compute new object addresses 4.890ms
[48.521s][info][gc,phases,start] GC(1095) Phase 3: Adjust pointers
[48.527s][info][gc,phases      ] GC(1095) Phase 3: Adjust pointers 6.243ms
[48.527s][info][gc,phases,start] GC(1095) Phase 4: Move objects
[48.530s][info][gc,phases      ] GC(1095) Phase 4: Move objects 2.977ms
[48.530s][info][gc,heap        ] GC(1095) DefNew: 156994K(157248K)->33315K(157248K) Eden: 139776K(139776K)->33315K(139776K) From: 17218K(17472K)->0K(17472K)
[48.530s][info][gc,heap        ] GC(1095) Tenured: 349318K(349568K)->349318K(349568K)
[48.530s][info][gc,metaspace   ] GC(1095) Metaspace: 31005K(31360K)->31005K(31360K) NonClass: 27751K(27904K)->27751K(27904K) Class: 3254K(3456K)->3254K(3456K)
[48.530s][info][gc             ] GC(1095) Pause Full (Allocation Failure) 494M->373M(494M) 24.573ms
[48.530s][info][gc,cpu         ] GC(1095) User=0.02s Sys=0.00s Real=0.02s
[48.539s][info][gc,start       ] GC(1096) Pause Full (Allocation Failure)
[48.539s][info][gc,phases,start] GC(1096) Phase 1: Mark live objects
[48.548s][info][gc,phases      ] GC(1096) Phase 1: Mark live objects 8.757ms
[48.548s][info][gc,phases,start] GC(1096) Phase 2: Compute new object addresses
[48.553s][info][gc,phases      ] GC(1096) Phase 2: Compute new object addresses 5.116ms
[48.553s][info][gc,phases,start] GC(1096) Phase 3: Adjust pointers
[48.560s][info][gc,phases      ] GC(1096) Phase 3: Adjust pointers 6.490ms
[48.560s][info][gc,phases,start] GC(1096) Phase 4: Move objects
[48.585s][info][gc,phases      ] GC(1096) Phase 4: Move objects 25.454ms
[48.585s][info][gc,heap        ] GC(1096) DefNew: 157014K(157248K)->32414K(157248K) Eden: 139776K(139776K)->32414K(139776K) From: 17238K(17472K)->0K(17472K)
[48.585s][info][gc,heap        ] GC(1096) Tenured: 349318K(349568K)->349554K(349568K)
[48.585s][info][gc,metaspace   ] GC(1096) Metaspace: 31005K(31360K)->31005K(31360K) NonClass: 27751K(27904K)->27751K(27904K) Class: 3254K(3456K)->3254K(3456K)
[48.585s][info][gc             ] GC(1096) Pause Full (Allocation Failure) 494M->373M(494M) 46.339ms
[48.585s][info][gc,cpu         ] GC(1096) User=0.04s Sys=0.00s Real=0.05s
[48.596s][info][gc,start       ] GC(1097) Pause Full (Allocation Failure)
[48.596s][info][gc,phases,start] GC(1097) Phase 1: Mark live objects
[48.605s][info][gc,phases      ] GC(1097) Phase 1: Mark live objects 8.761ms
[48.605s][info][gc,phases,start] GC(1097) Phase 2: Compute new object addresses
[48.609s][info][gc,phases      ] GC(1097) Phase 2: Compute new object addresses 4.351ms
[48.609s][info][gc,phases,start] GC(1097) Phase 3: Adjust pointers
[48.615s][info][gc,phases      ] GC(1097) Phase 3: Adjust pointers 5.847ms
[48.615s][info][gc,phases,start] GC(1097) Phase 4: Move objects
[48.642s][info][gc,phases      ] GC(1097) Phase 4: Move objects 26.490ms
[48.642s][info][gc,heap        ] GC(1097) DefNew: 157126K(157248K)->10810K(157248K) Eden: 139776K(139776K)->10810K(139776K) From: 17350K(17472K)->0K(17472K)
[48.642s][info][gc,heap        ] GC(1097) Tenured: 349554K(349568K)->349399K(349568K)
[48.642s][info][gc,metaspace   ] GC(1097) Metaspace: 31005K(31360K)->31005K(31360K) NonClass: 27751K(27904K)->27751K(27904K) Class: 3254K(3456K)->3254K(3456K)
[48.642s][info][gc             ] GC(1097) Pause Full (Allocation Failure) 494M->351M(494M) 45.905ms
[48.642s][info][gc,cpu         ] GC(1097) User=0.05s Sys=0.00s Real=0.04s
[48.653s][info][gc,start       ] GC(1098) Pause Full (Allocation Failure)
[48.653s][info][gc,phases,start] GC(1098) Phase 1: Mark live objects
[48.662s][info][gc,phases      ] GC(1098) Phase 1: Mark live objects 8.943ms
[48.662s][info][gc,phases,start] GC(1098) Phase 2: Compute new object addresses
[48.667s][info][gc,phases      ] GC(1098) Phase 2: Compute new object addresses 4.769ms
[48.667s][info][gc,phases,start] GC(1098) Phase 3: Adjust pointers
[48.673s][info][gc,phases      ] GC(1098) Phase 3: Adjust pointers 5.887ms
[48.673s][info][gc,phases,start] GC(1098) Phase 4: Move objects
[48.698s][info][gc,phases      ] GC(1098) Phase 4: Move objects 25.357ms
[48.698s][info][gc,heap        ] GC(1098) DefNew: 156502K(157248K)->13119K(157248K) Eden: 139776K(139776K)->13119K(139776K) From: 16726K(17472K)->0K(17472K)
[48.698s][info][gc,heap        ] GC(1098) Tenured: 349399K(349568K)->349568K(349568K)
[48.698s][info][gc,metaspace   ] GC(1098) Metaspace: 31005K(31360K)->31005K(31360K) NonClass: 27751K(27904K)->27751K(27904K) Class: 3254K(3456K)->3254K(3456K)
[48.698s][info][gc             ] GC(1098) Pause Full (Allocation Failure) 494M->354M(494M) 45.381ms
[48.698s][info][gc,cpu         ] GC(1098) User=0.05s Sys=0.00s Real=0.04s
[48.709s][info][gc,start       ] GC(1099) Pause Full (Allocation Failure)
[48.710s][info][gc,phases,start] GC(1099) Phase 1: Mark live objects
[48.718s][info][gc,phases      ] GC(1099) Phase 1: Mark live objects 8.844ms
[48.718s][info][gc,phases,start] GC(1099) Phase 2: Compute new object addresses
[48.723s][info][gc,phases      ] GC(1099) Phase 2: Compute new object addresses 4.620ms
[48.723s][info][gc,phases,start] GC(1099) Phase 3: Adjust pointers
[48.729s][info][gc,phases      ] GC(1099) Phase 3: Adjust pointers 5.968ms
[48.729s][info][gc,phases,start] GC(1099) Phase 4: Move objects
[48.748s][info][gc,phases      ] GC(1099) Phase 4: Move objects 19.420ms
[48.749s][info][gc,heap        ] GC(1099) DefNew: 156664K(157248K)->31754K(157248K) Eden: 139776K(139776K)->31754K(139776K) From: 16888K(17472K)->0K(17472K)
[48.749s][info][gc,heap        ] GC(1099) Tenured: 349568K(349568K)->349513K(349568K)
[48.749s][info][gc,metaspace   ] GC(1099) Metaspace: 31005K(31360K)->31005K(31360K) NonClass: 27751K(27904K)->27751K(27904K) Class: 3254K(3456K)->3254K(3456K)
[48.749s][info][gc             ] GC(1099) Pause Full (Allocation Failure) 494M->372M(494M) 39.285ms
[48.749s][info][gc,cpu         ] GC(1099) User=0.03s Sys=0.00s Real=0.04s
[48.759s][info][gc,start       ] GC(1100) Pause Full (Allocation Failure)
[48.759s][info][gc,phases,start] GC(1100) Phase 1: Mark live objects
[48.768s][info][gc,phases      ] GC(1100) Phase 1: Mark live objects 9.155ms
[48.768s][info][gc,phases,start] GC(1100) Phase 2: Compute new object addresses
[48.773s][info][gc,phases      ] GC(1100) Phase 2: Compute new object addresses 4.622ms
[48.773s][info][gc,phases,start] GC(1100) Phase 3: Adjust pointers
[48.780s][info][gc,phases      ] GC(1100) Phase 3: Adjust pointers 6.917ms
[48.780s][info][gc,phases,start] GC(1100) Phase 4: Move objects
[48.805s][info][gc,phases      ] GC(1100) Phase 4: Move objects 25.549ms
[48.806s][info][gc,heap        ] GC(1100) DefNew: 157133K(157248K)->31882K(157248K) Eden: 139776K(139776K)->31882K(139776K) From: 17357K(17472K)->0K(17472K)
[48.806s][info][gc,heap        ] GC(1100) Tenured: 349513K(349568K)->349557K(349568K)
[48.806s][info][gc,metaspace   ] GC(1100) Metaspace: 31005K(31360K)->31005K(31360K) NonClass: 27751K(27904K)->27751K(27904K) Class: 3254K(3456K)->3254K(3456K)
[48.806s][info][gc             ] GC(1100) Pause Full (Allocation Failure) 494M->372M(494M) 46.713ms
[48.806s][info][gc,cpu         ] GC(1100) User=0.05s Sys=0.00s Real=0.05s
[48.817s][info][gc,start       ] GC(1101) Pause Full (Allocation Failure)
[48.817s][info][gc,phases,start] GC(1101) Phase 1: Mark live objects
[48.827s][info][gc,phases      ] GC(1101) Phase 1: Mark live objects 9.378ms
[48.827s][info][gc,phases,start] GC(1101) Phase 2: Compute new object addresses
[48.831s][info][gc,phases      ] GC(1101) Phase 2: Compute new object addresses 4.530ms
[48.831s][info][gc,phases,start] GC(1101) Phase 3: Adjust pointers
[48.837s][info][gc,phases      ] GC(1101) Phase 3: Adjust pointers 6.068ms
[48.837s][info][gc,phases,start] GC(1101) Phase 4: Move objects
[48.864s][info][gc,phases      ] GC(1101) Phase 4: Move objects 26.866ms
[48.864s][info][gc,heap        ] GC(1101) DefNew: 156732K(157248K)->12612K(157248K) Eden: 139776K(139776K)->12612K(139776K) From: 16956K(17472K)->0K(17472K)
[48.864s][info][gc,heap        ] GC(1101) Tenured: 349557K(349568K)->349394K(349568K)
[48.864s][info][gc,metaspace   ] GC(1101) Metaspace: 31005K(31360K)->31005K(31360K) NonClass: 27751K(27904K)->27751K(27904K) Class: 3254K(3456K)->3254K(3456K)
[48.864s][info][gc             ] GC(1101) Pause Full (Allocation Failure) 494M->353M(494M) 47.257ms
[48.864s][info][gc,cpu         ] GC(1101) User=0.05s Sys=0.00s Real=0.05s
[48.873s][info][gc,start       ] GC(1102) Pause Full (Allocation Failure)
[48.873s][info][gc,phases,start] GC(1102) Phase 1: Mark live objects
[48.881s][info][gc,phases      ] GC(1102) Phase 1: Mark live objects 8.666ms
[48.881s][info][gc,phases,start] GC(1102) Phase 2: Compute new object addresses
[48.886s][info][gc,phases      ] GC(1102) Phase 2: Compute new object addresses 4.260ms
[48.886s][info][gc,phases,start] GC(1102) Phase 3: Adjust pointers
[48.891s][info][gc,phases      ] GC(1102) Phase 3: Adjust pointers 5.536ms
[48.891s][info][gc,phases,start] GC(1102) Phase 4: Move objects
[48.916s][info][gc,phases      ] GC(1102) Phase 4: Move objects 24.935ms
[48.917s][info][gc,heap        ] GC(1102) DefNew: 156822K(157248K)->24179K(157248K) Eden: 139776K(139776K)->24179K(139776K) From: 17046K(17472K)->0K(17472K)
[48.917s][info][gc,heap        ] GC(1102) Tenured: 349394K(349568K)->349540K(349568K)
[48.917s][info][gc,metaspace   ] GC(1102) Metaspace: 31005K(31360K)->31005K(31360K) NonClass: 27751K(27904K)->27751K(27904K) Class: 3254K(3456K)->3254K(3456K)
[48.917s][info][gc             ] GC(1102) Pause Full (Allocation Failure) 494M->364M(494M) 43.851ms
[48.917s][info][gc,cpu         ] GC(1102) User=0.04s Sys=0.00s Real=0.04s
[48.928s][info][gc,start       ] GC(1103) Pause Full (Allocation Failure)
[48.928s][info][gc,phases,start] GC(1103) Phase 1: Mark live objects
[48.938s][info][gc,phases      ] GC(1103) Phase 1: Mark live objects 10.593ms
[48.938s][info][gc,phases,start] GC(1103) Phase 2: Compute new object addresses
[48.943s][info][gc,phases      ] GC(1103) Phase 2: Compute new object addresses 4.707ms
[48.943s][info][gc,phases,start] GC(1103) Phase 3: Adjust pointers
[48.949s][info][gc,phases      ] GC(1103) Phase 3: Adjust pointers 5.844ms
[48.949s][info][gc,phases,start] GC(1103) Phase 4: Move objects
[48.971s][info][gc,phases      ] GC(1103) Phase 4: Move objects 22.242ms
[48.972s][info][gc,heap        ] GC(1103) DefNew: 157248K(157248K)->34539K(157248K) Eden: 139776K(139776K)->34539K(139776K) From: 17472K(17472K)->0K(17472K)
[48.972s][info][gc,heap        ] GC(1103) Tenured: 349565K(349568K)->349554K(349568K)
[48.972s][info][gc,metaspace   ] GC(1103) Metaspace: 31005K(31360K)->31005K(31360K) NonClass: 27751K(27904K)->27751K(27904K) Class: 3254K(3456K)->3254K(3456K)
[48.972s][info][gc             ] GC(1103) Pause Full (Allocation Failure) 494M->375M(494M) 43.822ms
[48.972s][info][gc,cpu         ] GC(1103) User=0.05s Sys=0.00s Real=0.05s
[48.978s][info][gc,start       ] GC(1104) Pause Full (Allocation Failure)
[48.978s][info][gc,phases,start] GC(1104) Phase 1: Mark live objects
[48.987s][info][gc,phases      ] GC(1104) Phase 1: Mark live objects 8.822ms
[48.987s][info][gc,phases,start] GC(1104) Phase 2: Compute new object addresses
[48.991s][info][gc,phases      ] GC(1104) Phase 2: Compute new object addresses 4.052ms
[48.991s][info][gc,phases,start] GC(1104) Phase 3: Adjust pointers
[48.997s][info][gc,phases      ] GC(1104) Phase 3: Adjust pointers 5.766ms
[48.997s][info][gc,phases,start] GC(1104) Phase 4: Move objects
[49.024s][info][gc,phases      ] GC(1104) Phase 4: Move objects 26.549ms
[49.024s][info][gc,heap        ] GC(1104) DefNew: 157034K(157248K)->37048K(157248K) Eden: 139776K(139776K)->37048K(139776K) From: 17258K(17472K)->0K(17472K)
[49.024s][info][gc,heap        ] GC(1104) Tenured: 349554K(349568K)->349378K(349568K)
[49.024s][info][gc,metaspace   ] GC(1104) Metaspace: 31005K(31360K)->31005K(31360K) NonClass: 27751K(27904K)->27751K(27904K) Class: 3254K(3456K)->3254K(3456K)
[49.024s][info][gc             ] GC(1104) Pause Full (Allocation Failure) 494M->377M(494M) 45.835ms
[49.024s][info][gc,cpu         ] GC(1104) User=0.04s Sys=0.00s Real=0.05s
[49.035s][info][gc,start       ] GC(1105) Pause Full (Allocation Failure)
[49.035s][info][gc,phases,start] GC(1105) Phase 1: Mark live objects
[49.044s][info][gc,phases      ] GC(1105) Phase 1: Mark live objects 9.047ms
[49.044s][info][gc,phases,start] GC(1105) Phase 2: Compute new object addresses
[49.048s][info][gc,phases      ] GC(1105) Phase 2: Compute new object addresses 4.262ms
[49.048s][info][gc,phases,start] GC(1105) Phase 3: Adjust pointers
[49.054s][info][gc,phases      ] GC(1105) Phase 3: Adjust pointers 5.493ms
[49.054s][info][gc,phases,start] GC(1105) Phase 4: Move objects
[49.079s][info][gc,phases      ] GC(1105) Phase 4: Move objects 25.764ms
[49.080s][info][gc,heap        ] GC(1105) DefNew: 157102K(157248K)->27259K(157248K) Eden: 139776K(139776K)->27259K(139776K) From: 17326K(17472K)->0K(17472K)
[49.080s][info][gc,heap        ] GC(1105) Tenured: 349378K(349568K)->349554K(349568K)
[49.080s][info][gc,metaspace   ] GC(1105) Metaspace: 31005K(31360K)->31005K(31360K) NonClass: 27751K(27904K)->27751K(27904K) Class: 3254K(3456K)->3254K(3456K)
[49.080s][info][gc             ] GC(1105) Pause Full (Allocation Failure) 494M->367M(494M) 44.971ms
[49.080s][info][gc,cpu         ] GC(1105) User=0.04s Sys=0.00s Real=0.04s
[49.091s][info][gc,start       ] GC(1106) Pause Full (Allocation Failure)
[49.091s][info][gc,phases,start] GC(1106) Phase 1: Mark live objects
[49.099s][info][gc,phases      ] GC(1106) Phase 1: Mark live objects 8.630ms
[49.100s][info][gc,phases,start] GC(1106) Phase 2: Compute new object addresses
[49.104s][info][gc,phases      ] GC(1106) Phase 2: Compute new object addresses 4.436ms
[49.104s][info][gc,phases,start] GC(1106) Phase 3: Adjust pointers
[49.110s][info][gc,phases      ] GC(1106) Phase 3: Adjust pointers 5.595ms
[49.110s][info][gc,phases,start] GC(1106) Phase 4: Move objects
[49.137s][info][gc,phases      ] GC(1106) Phase 4: Move objects 26.971ms
[49.137s][info][gc,heap        ] GC(1106) DefNew: 157203K(157248K)->12086K(157248K) Eden: 139776K(139776K)->12086K(139776K) From: 17427K(17472K)->0K(17472K)
[49.137s][info][gc,heap        ] GC(1106) Tenured: 349554K(349568K)->349385K(349568K)
[49.137s][info][gc,metaspace   ] GC(1106) Metaspace: 31005K(31360K)->31005K(31360K) NonClass: 27751K(27904K)->27751K(27904K) Class: 3254K(3456K)->3254K(3456K)
[49.137s][info][gc             ] GC(1106) Pause Full (Allocation Failure) 494M->352M(494M) 46.057ms
[49.137s][info][gc,cpu         ] GC(1106) User=0.05s Sys=0.00s Real=0.04s
[49.147s][info][gc,start       ] GC(1107) Pause Full (Allocation Failure)
[49.148s][info][gc,phases,start] GC(1107) Phase 1: Mark live objects
[49.157s][info][gc,phases      ] GC(1107) Phase 1: Mark live objects 9.084ms
[49.157s][info][gc,phases,start] GC(1107) Phase 2: Compute new object addresses
[49.161s][info][gc,phases      ] GC(1107) Phase 2: Compute new object addresses 4.431ms
[49.161s][info][gc,phases,start] GC(1107) Phase 3: Adjust pointers
[49.167s][info][gc,phases      ] GC(1107) Phase 3: Adjust pointers 5.667ms
[49.167s][info][gc,phases,start] GC(1107) Phase 4: Move objects
[49.187s][info][gc,phases      ] GC(1107) Phase 4: Move objects 19.675ms
[49.187s][info][gc,heap        ] GC(1107) DefNew: 156583K(157248K)->27042K(157248K) Eden: 139776K(139776K)->27042K(139776K) From: 16807K(17472K)->0K(17472K)
[49.187s][info][gc,heap        ] GC(1107) Tenured: 349385K(349568K)->349364K(349568K)
[49.187s][info][gc,metaspace   ] GC(1107) Metaspace: 31005K(31360K)->31005K(31360K) NonClass: 27751K(27904K)->27751K(27904K) Class: 3254K(3456K)->3254K(3456K)
[49.187s][info][gc             ] GC(1107) Pause Full (Allocation Failure) 494M->367M(494M) 39.350ms
[49.187s][info][gc,cpu         ] GC(1107) User=0.04s Sys=0.00s Real=0.04s
[49.194s][info][gc,start       ] GC(1108) Pause Full (Allocation Failure)
[49.194s][info][gc,phases,start] GC(1108) Phase 1: Mark live objects
[49.203s][info][gc,phases      ] GC(1108) Phase 1: Mark live objects 9.372ms
[49.203s][info][gc,phases,start] GC(1108) Phase 2: Compute new object addresses
[49.208s][info][gc,phases      ] GC(1108) Phase 2: Compute new object addresses 4.416ms
[49.208s][info][gc,phases,start] GC(1108) Phase 3: Adjust pointers
[49.213s][info][gc,phases      ] GC(1108) Phase 3: Adjust pointers 5.762ms
[49.213s][info][gc,phases,start] GC(1108) Phase 4: Move objects
[49.238s][info][gc,phases      ] GC(1108) Phase 4: Move objects 24.621ms
[49.238s][info][gc,heap        ] GC(1108) DefNew: 157247K(157248K)->30082K(157248K) Eden: 139776K(139776K)->30082K(139776K) From: 17471K(17472K)->0K(17472K)
[49.238s][info][gc,heap        ] GC(1108) Tenured: 349367K(349568K)->349548K(349568K)
[49.238s][info][gc,metaspace   ] GC(1108) Metaspace: 31005K(31360K)->31005K(31360K) NonClass: 27751K(27904K)->27751K(27904K) Class: 3254K(3456K)->3254K(3456K)
[49.238s][info][gc             ] GC(1108) Pause Full (Allocation Failure) 494M->370M(494M) 44.634ms
[49.238s][info][gc,cpu         ] GC(1108) User=0.05s Sys=0.01s Real=0.04s
[49.249s][info][gc,start       ] GC(1109) Pause Full (Allocation Failure)
[49.249s][info][gc,phases,start] GC(1109) Phase 1: Mark live objects
[49.258s][info][gc,phases      ] GC(1109) Phase 1: Mark live objects 8.857ms
[49.258s][info][gc,phases,start] GC(1109) Phase 2: Compute new object addresses
[49.262s][info][gc,phases      ] GC(1109) Phase 2: Compute new object addresses 4.861ms
[49.263s][info][gc,phases,start] GC(1109) Phase 3: Adjust pointers
[49.269s][info][gc,phases      ] GC(1109) Phase 3: Adjust pointers 6.173ms
[49.269s][info][gc,phases,start] GC(1109) Phase 4: Move objects
[49.299s][info][gc,phases      ] GC(1109) Phase 4: Move objects 29.997ms
[49.299s][info][gc,heap        ] GC(1109) DefNew: 156887K(157248K)->23248K(157248K) Eden: 139776K(139776K)->23248K(139776K) From: 17111K(17472K)->0K(17472K)
[49.299s][info][gc,heap        ] GC(1109) Tenured: 349548K(349568K)->348772K(349568K)
[49.299s][info][gc,metaspace   ] GC(1109) Metaspace: 31016K(31360K)->31016K(31360K) NonClass: 27762K(27904K)->27762K(27904K) Class: 3254K(3456K)->3254K(3456K)
[49.299s][info][gc             ] GC(1109) Pause Full (Allocation Failure) 494M->363M(494M) 50.313ms
[49.299s][info][gc,cpu         ] GC(1109) User=0.05s Sys=0.00s Real=0.05s
[49.309s][info][gc,start       ] GC(1110) Pause Full (Allocation Failure)
[49.309s][info][gc,phases,start] GC(1110) Phase 1: Mark live objects
[49.319s][info][gc,phases      ] GC(1110) Phase 1: Mark live objects 9.350ms
[49.319s][info][gc,phases,start] GC(1110) Phase 2: Compute new object addresses
[49.324s][info][gc,phases      ] GC(1110) Phase 2: Compute new object addresses 4.678ms
[49.324s][info][gc,phases,start] GC(1110) Phase 3: Adjust pointers
[49.330s][info][gc,phases      ] GC(1110) Phase 3: Adjust pointers 6.135ms
[49.330s][info][gc,phases,start] GC(1110) Phase 4: Move objects
[49.356s][info][gc,phases      ] GC(1110) Phase 4: Move objects 26.147ms
[49.356s][info][gc,heap        ] GC(1110) DefNew: 157079K(157248K)->8765K(157248K) Eden: 139776K(139776K)->8765K(139776K) From: 17303K(17472K)->0K(17472K)
[49.356s][info][gc,heap        ] GC(1110) Tenured: 348772K(349568K)->349412K(349568K)
[49.356s][info][gc,metaspace   ] GC(1110) Metaspace: 31016K(31360K)->31016K(31360K) NonClass: 27762K(27904K)->27762K(27904K) Class: 3254K(3456K)->3254K(3456K)
[49.356s][info][gc             ] GC(1110) Pause Full (Allocation Failure) 493M->349M(494M) 46.773ms
[49.356s][info][gc,cpu         ] GC(1110) User=0.05s Sys=0.00s Real=0.05s
[49.368s][info][gc,start       ] GC(1111) Pause Full (Allocation Failure)
[49.368s][info][gc,phases,start] GC(1111) Phase 1: Mark live objects
[49.377s][info][gc,phases      ] GC(1111) Phase 1: Mark live objects 9.210ms
[49.377s][info][gc,phases,start] GC(1111) Phase 2: Compute new object addresses
[49.382s][info][gc,phases      ] GC(1111) Phase 2: Compute new object addresses 4.732ms
[49.382s][info][gc,phases,start] GC(1111) Phase 3: Adjust pointers
[49.388s][info][gc,phases      ] GC(1111) Phase 3: Adjust pointers 6.000ms
[49.388s][info][gc,phases,start] GC(1111) Phase 4: Move objects
[49.407s][info][gc,phases      ] GC(1111) Phase 4: Move objects 19.697ms
[49.408s][info][gc,heap        ] GC(1111) DefNew: 157180K(157248K)->27530K(157248K) Eden: 139776K(139776K)->27530K(139776K) From: 17404K(17472K)->0K(17472K)
[49.408s][info][gc,heap        ] GC(1111) Tenured: 349412K(349568K)->349544K(349568K)
[49.408s][info][gc,metaspace   ] GC(1111) Metaspace: 31016K(31360K)->31016K(31360K) NonClass: 27762K(27904K)->27762K(27904K) Class: 3254K(3456K)->3254K(3456K)
[49.408s][info][gc             ] GC(1111) Pause Full (Allocation Failure) 494M->368M(494M) 40.069ms
[49.408s][info][gc,cpu         ] GC(1111) User=0.04s Sys=0.00s Real=0.04s
[49.420s][info][gc,start       ] GC(1112) Pause Full (Allocation Failure)
[49.420s][info][gc,phases,start] GC(1112) Phase 1: Mark live objects
[49.429s][info][gc,phases      ] GC(1112) Phase 1: Mark live objects 9.400ms
[49.429s][info][gc,phases,start] GC(1112) Phase 2: Compute new object addresses
[49.434s][info][gc,phases      ] GC(1112) Phase 2: Compute new object addresses 4.673ms
[49.434s][info][gc,phases,start] GC(1112) Phase 3: Adjust pointers
[49.440s][info][gc,phases      ] GC(1112) Phase 3: Adjust pointers 6.592ms
[49.440s][info][gc,phases,start] GC(1112) Phase 4: Move objects
[49.470s][info][gc,phases      ] GC(1112) Phase 4: Move objects 29.114ms
[49.470s][info][gc,heap        ] GC(1112) DefNew: 157248K(157248K)->26321K(157248K) Eden: 139776K(139776K)->26321K(139776K) From: 17472K(17472K)->0K(17472K)
[49.470s][info][gc,heap        ] GC(1112) Tenured: 349568K(349568K)->349555K(349568K)
[49.470s][info][gc,metaspace   ] GC(1112) Metaspace: 31016K(31360K)->31016K(31360K) NonClass: 27762K(27904K)->27762K(27904K) Class: 3254K(3456K)->3254K(3456K)
[49.470s][info][gc             ] GC(1112) Pause Full (Allocation Failure) 494M->367M(494M) 50.271ms
[49.470s][info][gc,cpu         ] GC(1112) User=0.05s Sys=0.00s Real=0.05s
[49.481s][info][gc,start       ] GC(1113) Pause Full (Allocation Failure)
[49.481s][info][gc,phases,start] GC(1113) Phase 1: Mark live objects
[49.490s][info][gc,phases      ] GC(1113) Phase 1: Mark live objects 9.294ms
[49.490s][info][gc,phases,start] GC(1113) Phase 2: Compute new object addresses
[49.495s][info][gc,phases      ] GC(1113) Phase 2: Compute new object addresses 4.698ms
[49.495s][info][gc,phases,start] GC(1113) Phase 3: Adjust pointers
[49.501s][info][gc,phases      ] GC(1113) Phase 3: Adjust pointers 6.410ms
[49.501s][info][gc,phases,start] GC(1113) Phase 4: Move objects
[49.527s][info][gc,phases      ] GC(1113) Phase 4: Move objects 25.500ms
[49.527s][info][gc,heap        ] GC(1113) DefNew: 156342K(157248K)->4388K(157248K) Eden: 139776K(139776K)->4388K(139776K) From: 16566K(17472K)->0K(17472K)
[49.527s][info][gc,heap        ] GC(1113) Tenured: 349555K(349568K)->349315K(349568K)
[49.527s][info][gc,metaspace   ] GC(1113) Metaspace: 31016K(31360K)->31016K(31360K) NonClass: 27762K(27904K)->27762K(27904K) Class: 3254K(3456K)->3254K(3456K)
[49.527s][info][gc             ] GC(1113) Pause Full (Allocation Failure) 494M->345M(494M) 46.349ms
[49.527s][info][gc,cpu         ] GC(1113) User=0.06s Sys=0.00s Real=0.05s
[49.538s][info][gc,start       ] GC(1114) Pause Full (Allocation Failure)
[49.538s][info][gc,phases,start] GC(1114) Phase 1: Mark live objects
[49.547s][info][gc,phases      ] GC(1114) Phase 1: Mark live objects 9.133ms
[49.547s][info][gc,phases,start] GC(1114) Phase 2: Compute new object addresses
[49.552s][info][gc,phases      ] GC(1114) Phase 2: Compute new object addresses 4.813ms
[49.552s][info][gc,phases,start] GC(1114) Phase 3: Adjust pointers
[49.557s][info][gc,phases      ] GC(1114) Phase 3: Adjust pointers 5.720ms
[49.557s][info][gc,phases,start] GC(1114) Phase 4: Move objects
[49.583s][info][gc,phases      ] GC(1114) Phase 4: Move objects 25.927ms
[49.584s][info][gc,heap        ] GC(1114) DefNew: 157075K(157248K)->8241K(157248K) Eden: 139776K(139776K)->8241K(139776K) From: 17299K(17472K)->0K(17472K)
[49.584s][info][gc,heap        ] GC(1114) Tenured: 349315K(349568K)->349399K(349568K)
[49.584s][info][gc,metaspace   ] GC(1114) Metaspace: 31016K(31360K)->31016K(31360K) NonClass: 27762K(27904K)->27762K(27904K) Class: 3254K(3456K)->3254K(3456K)
[49.584s][info][gc             ] GC(1114) Pause Full (Allocation Failure) 494M->349M(494M) 46.015ms
[49.584s][info][gc,cpu         ] GC(1114) User=0.05s Sys=0.01s Real=0.05s
[49.594s][info][gc,start       ] GC(1115) Pause Full (Allocation Failure)
[49.594s][info][gc,phases,start] GC(1115) Phase 1: Mark live objects
[49.603s][info][gc,phases      ] GC(1115) Phase 1: Mark live objects 8.698ms
[49.603s][info][gc,phases,start] GC(1115) Phase 2: Compute new object addresses
[49.608s][info][gc,phases      ] GC(1115) Phase 2: Compute new object addresses 4.645ms
[49.608s][info][gc,phases,start] GC(1115) Phase 3: Adjust pointers
[49.613s][info][gc,phases      ] GC(1115) Phase 3: Adjust pointers 5.518ms
[49.613s][info][gc,phases,start] GC(1115) Phase 4: Move objects
[49.628s][info][gc,phases      ] GC(1115) Phase 4: Move objects 14.552ms
[49.628s][info][gc,heap        ] GC(1115) DefNew: 156760K(157248K)->27278K(157248K) Eden: 139776K(139776K)->27278K(139776K) From: 16984K(17472K)->0K(17472K)
[49.628s][info][gc,heap        ] GC(1115) Tenured: 349399K(349568K)->349545K(349568K)
[49.628s][info][gc,metaspace   ] GC(1115) Metaspace: 31016K(31360K)->31016K(31360K) NonClass: 27762K(27904K)->27762K(27904K) Class: 3254K(3456K)->3254K(3456K)
[49.628s][info][gc             ] GC(1115) Pause Full (Allocation Failure) 494M->367M(494M) 33.823ms
[49.628s][info][gc,cpu         ] GC(1115) User=0.04s Sys=0.00s Real=0.03s
[49.639s][info][gc,start       ] GC(1116) Pause Full (Allocation Failure)
[49.639s][info][gc,phases,start] GC(1116) Phase 1: Mark live objects
[49.648s][info][gc,phases      ] GC(1116) Phase 1: Mark live objects 8.919ms
[49.648s][info][gc,phases,start] GC(1116) Phase 2: Compute new object addresses
[49.652s][info][gc,phases      ] GC(1116) Phase 2: Compute new object addresses 4.504ms
[49.652s][info][gc,phases,start] GC(1116) Phase 3: Adjust pointers
[49.658s][info][gc,phases      ] GC(1116) Phase 3: Adjust pointers 5.963ms
[49.658s][info][gc,phases,start] GC(1116) Phase 4: Move objects
[49.683s][info][gc,phases      ] GC(1116) Phase 4: Move objects 25.336ms
[49.684s][info][gc,heap        ] GC(1116) DefNew: 156670K(157248K)->25358K(157248K) Eden: 139776K(139776K)->25358K(139776K) From: 16894K(17472K)->0K(17472K)
[49.684s][info][gc,heap        ] GC(1116) Tenured: 349545K(349568K)->349508K(349568K)
[49.684s][info][gc,metaspace   ] GC(1116) Metaspace: 31020K(31360K)->31020K(31360K) NonClass: 27765K(27904K)->27765K(27904K) Class: 3254K(3456K)->3254K(3456K)
[49.684s][info][gc             ] GC(1116) Pause Full (Allocation Failure) 494M->366M(494M) 45.145ms
[49.684s][info][gc,cpu         ] GC(1116) User=0.04s Sys=0.00s Real=0.05s
[49.695s][info][gc,start       ] GC(1117) Pause Full (Allocation Failure)
[49.695s][info][gc,phases,start] GC(1117) Phase 1: Mark live objects
[49.704s][info][gc,phases      ] GC(1117) Phase 1: Mark live objects 8.829ms
[49.704s][info][gc,phases,start] GC(1117) Phase 2: Compute new object addresses
[49.708s][info][gc,phases      ] GC(1117) Phase 2: Compute new object addresses 4.397ms
[49.708s][info][gc,phases,start] GC(1117) Phase 3: Adjust pointers
[49.714s][info][gc,phases      ] GC(1117) Phase 3: Adjust pointers 5.581ms
[49.714s][info][gc,phases,start] GC(1117) Phase 4: Move objects
[49.740s][info][gc,phases      ] GC(1117) Phase 4: Move objects 25.776ms
[49.740s][info][gc,heap        ] GC(1117) DefNew: 157207K(157248K)->6166K(157248K) Eden: 139776K(139776K)->6166K(139776K) From: 17431K(17472K)->0K(17472K)
[49.740s][info][gc,heap        ] GC(1117) Tenured: 349508K(349568K)->349320K(349568K)
[49.740s][info][gc,metaspace   ] GC(1117) Metaspace: 31020K(31360K)->31020K(31360K) NonClass: 27765K(27904K)->27765K(27904K) Class: 3254K(3456K)->3254K(3456K)
[49.740s][info][gc             ] GC(1117) Pause Full (Allocation Failure) 494M->347M(494M) 44.990ms
[49.740s][info][gc,cpu         ] GC(1117) User=0.04s Sys=0.00s Real=0.04s
[49.751s][info][gc,start       ] GC(1118) Pause Full (Allocation Failure)
[49.751s][info][gc,phases,start] GC(1118) Phase 1: Mark live objects
[49.759s][info][gc,phases      ] GC(1118) Phase 1: Mark live objects 8.538ms
[49.759s][info][gc,phases,start] GC(1118) Phase 2: Compute new object addresses
[49.764s][info][gc,phases      ] GC(1118) Phase 2: Compute new object addresses 4.637ms
[49.764s][info][gc,phases,start] GC(1118) Phase 3: Adjust pointers
[49.770s][info][gc,phases      ] GC(1118) Phase 3: Adjust pointers 5.641ms
[49.770s][info][gc,phases,start] GC(1118) Phase 4: Move objects
[49.794s][info][gc,phases      ] GC(1118) Phase 4: Move objects 24.512ms
[49.794s][info][gc,heap        ] GC(1118) DefNew: 157247K(157248K)->6696K(157248K) Eden: 139776K(139776K)->6696K(139776K) From: 17471K(17472K)->0K(17472K)
[49.794s][info][gc,heap        ] GC(1118) Tenured: 349336K(349568K)->349418K(349568K)
[49.794s][info][gc,metaspace   ] GC(1118) Metaspace: 31020K(31360K)->31020K(31360K) NonClass: 27765K(27904K)->27765K(27904K) Class: 3254K(3456K)->3254K(3456K)
[49.794s][info][gc             ] GC(1118) Pause Full (Allocation Failure) 494M->347M(494M) 43.758ms
[49.795s][info][gc,cpu         ] GC(1118) User=0.04s Sys=0.00s Real=0.04s
[49.803s][info][gc,start       ] GC(1119) Pause Full (Allocation Failure)
[49.803s][info][gc,phases,start] GC(1119) Phase 1: Mark live objects
[49.813s][info][gc,phases      ] GC(1119) Phase 1: Mark live objects 9.221ms
[49.813s][info][gc,phases,start] GC(1119) Phase 2: Compute new object addresses
[49.817s][info][gc,phases      ] GC(1119) Phase 2: Compute new object addresses 4.638ms
[49.817s][info][gc,phases,start] GC(1119) Phase 3: Adjust pointers
[49.823s][info][gc,phases      ] GC(1119) Phase 3: Adjust pointers 5.622ms
[49.823s][info][gc,phases,start] GC(1119) Phase 4: Move objects
[49.837s][info][gc,phases      ] GC(1119) Phase 4: Move objects 13.824ms
[49.837s][info][gc,heap        ] GC(1119) DefNew: 157034K(157248K)->30081K(157248K) Eden: 139776K(139776K)->30081K(139776K) From: 17258K(17472K)->0K(17472K)
[49.837s][info][gc,heap        ] GC(1119) Tenured: 349418K(349568K)->349546K(349568K)
[49.837s][info][gc,metaspace   ] GC(1119) Metaspace: 31020K(31360K)->31020K(31360K) NonClass: 27765K(27904K)->27765K(27904K) Class: 3254K(3456K)->3254K(3456K)
[49.837s][info][gc             ] GC(1119) Pause Full (Allocation Failure) 494M->370M(494M) 33.746ms
[49.837s][info][gc,cpu         ] GC(1119) User=0.03s Sys=0.00s Real=0.03s
[49.844s][info][gc,start       ] GC(1120) Pause Full (Allocation Failure)
[49.844s][info][gc,phases,start] GC(1120) Phase 1: Mark live objects
[49.853s][info][gc,phases      ] GC(1120) Phase 1: Mark live objects 9.330ms
[49.853s][info][gc,phases,start] GC(1120) Phase 2: Compute new object addresses
[49.857s][info][gc,phases      ] GC(1120) Phase 2: Compute new object addresses 4.507ms
[49.857s][info][gc,phases,start] GC(1120) Phase 3: Adjust pointers
[49.863s][info][gc,phases      ] GC(1120) Phase 3: Adjust pointers 5.725ms
[49.863s][info][gc,phases,start] GC(1120) Phase 4: Move objects
[49.889s][info][gc,phases      ] GC(1120) Phase 4: Move objects 26.134ms
[49.890s][info][gc,heap        ] GC(1120) DefNew: 157037K(157248K)->30688K(157248K) Eden: 139776K(139776K)->30688K(139776K) From: 17261K(17472K)->0K(17472K)
[49.890s][info][gc,heap        ] GC(1120) Tenured: 349546K(349568K)->349549K(349568K)
[49.890s][info][gc,metaspace   ] GC(1120) Metaspace: 31020K(31360K)->31020K(31360K) NonClass: 27765K(27904K)->27765K(27904K) Class: 3254K(3456K)->3254K(3456K)
[49.890s][info][gc             ] GC(1120) Pause Full (Allocation Failure) 494M->371M(494M) 46.123ms
[49.890s][info][gc,cpu         ] GC(1120) User=0.04s Sys=0.00s Real=0.04s
[49.897s][info][gc,start       ] GC(1121) Pause Full (Allocation Failure)
[49.897s][info][gc,phases,start] GC(1121) Phase 1: Mark live objects
[49.907s][info][gc,phases      ] GC(1121) Phase 1: Mark live objects 9.944ms
[49.907s][info][gc,phases,start] GC(1121) Phase 2: Compute new object addresses
[49.912s][info][gc,phases      ] GC(1121) Phase 2: Compute new object addresses 4.911ms
[49.912s][info][gc,phases,start] GC(1121) Phase 3: Adjust pointers
[49.918s][info][gc,phases      ] GC(1121) Phase 3: Adjust pointers 6.423ms
[49.918s][info][gc,phases,start] GC(1121) Phase 4: Move objects
[49.945s][info][gc,phases      ] GC(1121) Phase 4: Move objects 26.482ms
[49.945s][info][gc,heap        ] GC(1121) DefNew: 157086K(157248K)->12351K(157248K) Eden: 139776K(139776K)->12351K(139776K) From: 17310K(17472K)->0K(17472K)
[49.945s][info][gc,heap        ] GC(1121) Tenured: 349549K(349568K)->349417K(349568K)
[49.945s][info][gc,metaspace   ] GC(1121) Metaspace: 31020K(31360K)->31020K(31360K) NonClass: 27765K(27904K)->27765K(27904K) Class: 3254K(3456K)->3254K(3456K)
[49.945s][info][gc             ] GC(1121) Pause Full (Allocation Failure) 494M->353M(494M) 48.262ms
[49.945s][info][gc,cpu         ] GC(1121) User=0.05s Sys=0.00s Real=0.05s
[49.955s][info][gc,start       ] GC(1122) Pause Full (Allocation Failure)
[49.955s][info][gc,phases,start] GC(1122) Phase 1: Mark live objects
[49.964s][info][gc,phases      ] GC(1122) Phase 1: Mark live objects 8.866ms
[49.964s][info][gc,phases,start] GC(1122) Phase 2: Compute new object addresses
[49.969s][info][gc,phases      ] GC(1122) Phase 2: Compute new object addresses 4.706ms
[49.969s][info][gc,phases,start] GC(1122) Phase 3: Adjust pointers
[49.975s][info][gc,phases      ] GC(1122) Phase 3: Adjust pointers 6.122ms
[49.975s][info][gc,phases,start] GC(1122) Phase 4: Move objects
[50.001s][info][gc,phases      ] GC(1122) Phase 4: Move objects 25.821ms
[50.001s][info][gc,heap        ] GC(1122) DefNew: 156534K(157248K)->11843K(157248K) Eden: 139776K(139776K)->11843K(139776K) From: 16758K(17472K)->0K(17472K)
[50.001s][info][gc,heap        ] GC(1122) Tenured: 349417K(349568K)->349383K(349568K)
[50.001s][info][gc,metaspace   ] GC(1122) Metaspace: 31023K(31360K)->31023K(31360K) NonClass: 27768K(27904K)->27768K(27904K) Class: 3254K(3456K)->3254K(3456K)
[50.001s][info][gc             ] GC(1122) Pause Full (Allocation Failure) 494M->352M(494M) 45.955ms
[50.001s][info][gc,cpu         ] GC(1122) User=0.04s Sys=0.00s Real=0.04s
[50.012s][info][gc,start       ] GC(1123) Pause Full (Allocation Failure)
[50.012s][info][gc,phases,start] GC(1123) Phase 1: Mark live objects
[50.021s][info][gc,phases      ] GC(1123) Phase 1: Mark live objects 9.072ms
[50.021s][info][gc,phases,start] GC(1123) Phase 2: Compute new object addresses
[50.026s][info][gc,phases      ] GC(1123) Phase 2: Compute new object addresses 4.512ms
[50.026s][info][gc,phases,start] GC(1123) Phase 3: Adjust pointers
[50.031s][info][gc,phases      ] GC(1123) Phase 3: Adjust pointers 5.730ms
[50.031s][info][gc,phases,start] GC(1123) Phase 4: Move objects
[50.052s][info][gc,phases      ] GC(1123) Phase 4: Move objects 20.813ms
[50.052s][info][gc,heap        ] GC(1123) DefNew: 156816K(157248K)->29572K(157248K) Eden: 139776K(139776K)->29572K(139776K) From: 17040K(17472K)->0K(17472K)
[50.052s][info][gc,heap        ] GC(1123) Tenured: 349383K(349568K)->349548K(349568K)
[50.052s][info][gc,metaspace   ] GC(1123) Metaspace: 31023K(31360K)->31023K(31360K) NonClass: 27768K(27904K)->27768K(27904K) Class: 3254K(3456K)->3254K(3456K)
[50.053s][info][gc             ] GC(1123) Pause Full (Allocation Failure) 494M->370M(494M) 40.634ms
[50.053s][info][gc,cpu         ] GC(1123) User=0.04s Sys=0.00s Real=0.04s
[50.063s][info][gc,start       ] GC(1124) Pause Full (Allocation Failure)
[50.063s][info][gc,phases,start] GC(1124) Phase 1: Mark live objects
[50.072s][info][gc,phases      ] GC(1124) Phase 1: Mark live objects 8.909ms
[50.072s][info][gc,phases,start] GC(1124) Phase 2: Compute new object addresses
[50.076s][info][gc,phases      ] GC(1124) Phase 2: Compute new object addresses 4.536ms
[50.076s][info][gc,phases,start] GC(1124) Phase 3: Adjust pointers
[50.082s][info][gc,phases      ] GC(1124) Phase 3: Adjust pointers 5.964ms
[50.082s][info][gc,phases,start] GC(1124) Phase 4: Move objects
[50.108s][info][gc,phases      ] GC(1124) Phase 4: Move objects 25.365ms
[50.108s][info][gc,heap        ] GC(1124) DefNew: 156282K(157248K)->29668K(157248K) Eden: 139776K(139776K)->29668K(139776K) From: 16506K(17472K)->0K(17472K)
[50.108s][info][gc,heap        ] GC(1124) Tenured: 349548K(349568K)->349551K(349568K)
[50.108s][info][gc,metaspace   ] GC(1124) Metaspace: 31023K(31360K)->31023K(31360K) NonClass: 27768K(27904K)->27768K(27904K) Class: 3254K(3456K)->3254K(3456K)
[50.108s][info][gc             ] GC(1124) Pause Full (Allocation Failure) 493M->370M(494M) 45.305ms
[50.108s][info][gc,cpu         ] GC(1124) User=0.05s Sys=0.00s Real=0.04s
[50.120s][info][gc,start       ] GC(1125) Pause Full (Allocation Failure)
[50.120s][info][gc,phases,start] GC(1125) Phase 1: Mark live objects
[50.129s][info][gc,phases      ] GC(1125) Phase 1: Mark live objects 8.774ms
[50.129s][info][gc,phases,start] GC(1125) Phase 2: Compute new object addresses
[50.133s][info][gc,phases      ] GC(1125) Phase 2: Compute new object addresses 4.283ms
[50.133s][info][gc,phases,start] GC(1125) Phase 3: Adjust pointers
[50.139s][info][gc,phases      ] GC(1125) Phase 3: Adjust pointers 5.637ms
[50.139s][info][gc,phases,start] GC(1125) Phase 4: Move objects
[50.166s][info][gc,phases      ] GC(1125) Phase 4: Move objects 26.990ms
[50.166s][info][gc,heap        ] GC(1125) DefNew: 156768K(157248K)->13390K(157248K) Eden: 139776K(139776K)->13390K(139776K) From: 16992K(17472K)->0K(17472K)
[50.166s][info][gc,heap        ] GC(1125) Tenured: 349551K(349568K)->349397K(349568K)
[50.166s][info][gc,metaspace   ] GC(1125) Metaspace: 31023K(31360K)->31023K(31360K) NonClass: 27768K(27904K)->27768K(27904K) Class: 3254K(3456K)->3254K(3456K)
[50.166s][info][gc             ] GC(1125) Pause Full (Allocation Failure) 494M->354M(494M) 46.252ms
[50.166s][info][gc,cpu         ] GC(1125) User=0.04s Sys=0.00s Real=0.05s
[50.173s][info][gc,start       ] GC(1126) Pause Full (Allocation Failure)
[50.174s][info][gc,phases,start] GC(1126) Phase 1: Mark live objects
[50.183s][info][gc,phases      ] GC(1126) Phase 1: Mark live objects 9.497ms
[50.183s][info][gc,phases,start] GC(1126) Phase 2: Compute new object addresses
[50.188s][info][gc,phases      ] GC(1126) Phase 2: Compute new object addresses 4.693ms
[50.188s][info][gc,phases,start] GC(1126) Phase 3: Adjust pointers
[50.194s][info][gc,phases      ] GC(1126) Phase 3: Adjust pointers 6.060ms
[50.194s][info][gc,phases,start] GC(1126) Phase 4: Move objects
[50.220s][info][gc,phases      ] GC(1126) Phase 4: Move objects 25.938ms
[50.220s][info][gc,heap        ] GC(1126) DefNew: 157030K(157248K)->16961K(157248K) Eden: 139776K(139776K)->16961K(139776K) From: 17254K(17472K)->0K(17472K)
[50.220s][info][gc,heap        ] GC(1126) Tenured: 349397K(349568K)->349560K(349568K)
[50.220s][info][gc,metaspace   ] GC(1126) Metaspace: 31023K(31360K)->31023K(31360K) NonClass: 27768K(27904K)->27768K(27904K) Class: 3254K(3456K)->3254K(3456K)
[50.220s][info][gc             ] GC(1126) Pause Full (Allocation Failure) 494M->357M(494M) 46.688ms
[50.220s][info][gc,cpu         ] GC(1126) User=0.05s Sys=0.00s Real=0.04s
[50.235s][info][gc,start       ] GC(1127) Pause Full (Allocation Failure)
[50.236s][info][gc,phases,start] GC(1127) Phase 1: Mark live objects
[50.245s][info][gc,phases      ] GC(1127) Phase 1: Mark live objects 9.635ms
[50.245s][info][gc,phases,start] GC(1127) Phase 2: Compute new object addresses
[50.250s][info][gc,phases      ] GC(1127) Phase 2: Compute new object addresses 4.821ms
[50.250s][info][gc,phases,start] GC(1127) Phase 3: Adjust pointers
[50.257s][info][gc,phases      ] GC(1127) Phase 3: Adjust pointers 6.416ms
[50.257s][info][gc,phases,start] GC(1127) Phase 4: Move objects
[50.282s][info][gc,phases      ] GC(1127) Phase 4: Move objects 25.310ms
[50.282s][info][gc,heap        ] GC(1127) DefNew: 157247K(157248K)->27624K(157248K) Eden: 139776K(139776K)->27624K(139776K) From: 17471K(17472K)->0K(17472K)
[50.282s][info][gc,heap        ] GC(1127) Tenured: 349567K(349568K)->349545K(349568K)
[50.282s][info][gc,metaspace   ] GC(1127) Metaspace: 31032K(31360K)->31032K(31360K) NonClass: 27778K(27904K)->27778K(27904K) Class: 3254K(3456K)->3254K(3456K)
[50.282s][info][gc             ] GC(1127) Pause Full (Allocation Failure) 494M->368M(494M) 46.764ms
[50.282s][info][gc,cpu         ] GC(1127) User=0.05s Sys=0.00s Real=0.05s
[50.290s][info][gc,start       ] GC(1128) Pause Full (Allocation Failure)
[50.290s][info][gc,phases,start] GC(1128) Phase 1: Mark live objects
[50.299s][info][gc,phases      ] GC(1128) Phase 1: Mark live objects 8.749ms
[50.299s][info][gc,phases,start] GC(1128) Phase 2: Compute new object addresses
[50.303s][info][gc,phases      ] GC(1128) Phase 2: Compute new object addresses 4.208ms
[50.303s][info][gc,phases,start] GC(1128) Phase 3: Adjust pointers
[50.308s][info][gc,phases      ] GC(1128) Phase 3: Adjust pointers 5.533ms
[50.308s][info][gc,phases,start] GC(1128) Phase 4: Move objects
[50.335s][info][gc,phases      ] GC(1128) Phase 4: Move objects 26.063ms
[50.335s][info][gc,heap        ] GC(1128) DefNew: 157138K(157248K)->24961K(157248K) Eden: 139776K(139776K)->24961K(139776K) From: 17362K(17472K)->0K(17472K)
[50.335s][info][gc,heap        ] GC(1128) Tenured: 349545K(349568K)->349539K(349568K)
[50.335s][info][gc,metaspace   ] GC(1128) Metaspace: 31032K(31360K)->31032K(31360K) NonClass: 27778K(27904K)->27778K(27904K) Class: 3254K(3456K)->3254K(3456K)
[50.335s][info][gc             ] GC(1128) Pause Full (Allocation Failure) 494M->365M(494M) 44.983ms
[50.335s][info][gc,cpu         ] GC(1128) User=0.05s Sys=0.00s Real=0.05s
[50.344s][info][gc,start       ] GC(1129) Pause Full (Allocation Failure)
[50.344s][info][gc,phases,start] GC(1129) Phase 1: Mark live objects
[50.353s][info][gc,phases      ] GC(1129) Phase 1: Mark live objects 9.118ms
[50.353s][info][gc,phases,start] GC(1129) Phase 2: Compute new object addresses
[50.358s][info][gc,phases      ] GC(1129) Phase 2: Compute new object addresses 4.738ms
[50.358s][info][gc,phases,start] GC(1129) Phase 3: Adjust pointers
[50.364s][info][gc,phases      ] GC(1129) Phase 3: Adjust pointers 5.856ms
[50.364s][info][gc,phases,start] GC(1129) Phase 4: Move objects
[50.389s][info][gc,phases      ] GC(1129) Phase 4: Move objects 25.193ms
[50.389s][info][gc,heap        ] GC(1129) DefNew: 157030K(157248K)->25096K(157248K) Eden: 139776K(139776K)->25096K(139776K) From: 17254K(17472K)->0K(17472K)
[50.389s][info][gc,heap        ] GC(1129) Tenured: 349539K(349568K)->349502K(349568K)
[50.390s][info][gc,metaspace   ] GC(1129) Metaspace: 31032K(31360K)->31032K(31360K) NonClass: 27778K(27904K)->27778K(27904K) Class: 3254K(3456K)->3254K(3456K)
[50.390s][info][gc             ] GC(1129) Pause Full (Allocation Failure) 494M->365M(494M) 45.332ms
[50.390s][info][gc,cpu         ] GC(1129) User=0.05s Sys=0.00s Real=0.04s
[50.400s][info][gc,start       ] GC(1130) Pause Full (Allocation Failure)
[50.400s][info][gc,phases,start] GC(1130) Phase 1: Mark live objects
[50.409s][info][gc,phases      ] GC(1130) Phase 1: Mark live objects 8.541ms
[50.409s][info][gc,phases,start] GC(1130) Phase 2: Compute new object addresses
[50.413s][info][gc,phases      ] GC(1130) Phase 2: Compute new object addresses 4.235ms
[50.413s][info][gc,phases,start] GC(1130) Phase 3: Adjust pointers
[50.419s][info][gc,phases      ] GC(1130) Phase 3: Adjust pointers 5.681ms
[50.419s][info][gc,phases,start] GC(1130) Phase 4: Move objects
[50.448s][info][gc,phases      ] GC(1130) Phase 4: Move objects 28.907ms
[50.448s][info][gc,heap        ] GC(1130) DefNew: 156337K(157248K)->10565K(157248K) Eden: 139776K(139776K)->10565K(139776K) From: 16561K(17472K)->0K(17472K)
[50.448s][info][gc,heap        ] GC(1130) Tenured: 349502K(349568K)->349558K(349568K)
[50.448s][info][gc,metaspace   ] GC(1130) Metaspace: 31032K(31360K)->31032K(31360K) NonClass: 27778K(27904K)->27778K(27904K) Class: 3254K(3456K)->3254K(3456K)
[50.448s][info][gc             ] GC(1130) Pause Full (Allocation Failure) 493M->351M(494M) 47.856ms
[50.448s][info][gc,cpu         ] GC(1130) User=0.04s Sys=0.00s Real=0.05s
[50.458s][info][gc,start       ] GC(1131) Pause Full (Allocation Failure)
[50.458s][info][gc,phases,start] GC(1131) Phase 1: Mark live objects
[50.467s][info][gc,phases      ] GC(1131) Phase 1: Mark live objects 9.252ms
[50.467s][info][gc,phases,start] GC(1131) Phase 2: Compute new object addresses
[50.472s][info][gc,phases      ] GC(1131) Phase 2: Compute new object addresses 4.984ms
[50.472s][info][gc,phases,start] GC(1131) Phase 3: Adjust pointers
[50.478s][info][gc,phases      ] GC(1131) Phase 3: Adjust pointers 6.254ms
[50.478s][info][gc,phases,start] GC(1131) Phase 4: Move objects
[50.482s][info][gc,phases      ] GC(1131) Phase 4: Move objects 3.957ms
[50.483s][info][gc,heap        ] GC(1131) DefNew: 157247K(157248K)->34028K(157248K) Eden: 139776K(139776K)->34028K(139776K) From: 17471K(17472K)->0K(17472K)
[50.483s][info][gc,heap        ] GC(1131) Tenured: 349567K(349568K)->349542K(349568K)
[50.483s][info][gc,metaspace   ] GC(1131) Metaspace: 31032K(31360K)->31032K(31360K) NonClass: 27778K(27904K)->27778K(27904K) Class: 3254K(3456K)->3254K(3456K)
[50.483s][info][gc             ] GC(1131) Pause Full (Allocation Failure) 494M->374M(494M) 24.914ms
[50.483s][info][gc,cpu         ] GC(1131) User=0.03s Sys=0.00s Real=0.03s
[50.489s][info][gc,start       ] GC(1132) Pause Full (Allocation Failure)
[50.489s][info][gc,phases,start] GC(1132) Phase 1: Mark live objects
[50.499s][info][gc,phases      ] GC(1132) Phase 1: Mark live objects 9.315ms
[50.499s][info][gc,phases,start] GC(1132) Phase 2: Compute new object addresses
[50.503s][info][gc,phases      ] GC(1132) Phase 2: Compute new object addresses 4.360ms
[50.503s][info][gc,phases,start] GC(1132) Phase 3: Adjust pointers
[50.509s][info][gc,phases      ] GC(1132) Phase 3: Adjust pointers 6.137ms
[50.509s][info][gc,phases,start] GC(1132) Phase 4: Move objects
[50.534s][info][gc,phases      ] GC(1132) Phase 4: Move objects 24.127ms
[50.534s][info][gc,heap        ] GC(1132) DefNew: 157060K(157248K)->38297K(157248K) Eden: 139776K(139776K)->38297K(139776K) From: 17284K(17472K)->0K(17472K)
[50.534s][info][gc,heap        ] GC(1132) Tenured: 349542K(349568K)->349547K(349568K)
[50.534s][info][gc,metaspace   ] GC(1132) Metaspace: 31032K(31360K)->31032K(31360K) NonClass: 27778K(27904K)->27778K(27904K) Class: 3254K(3456K)->3254K(3456K)
[50.534s][info][gc             ] GC(1132) Pause Full (Allocation Failure) 494M->378M(494M) 44.413ms
[50.534s][info][gc,cpu         ] GC(1132) User=0.04s Sys=0.00s Real=0.05s
[50.545s][info][gc,start       ] GC(1133) Pause Full (Allocation Failure)
[50.545s][info][gc,phases,start] GC(1133) Phase 1: Mark live objects
[50.554s][info][gc,phases      ] GC(1133) Phase 1: Mark live objects 9.538ms
[50.554s][info][gc,phases,start] GC(1133) Phase 2: Compute new object addresses
[50.559s][info][gc,phases      ] GC(1133) Phase 2: Compute new object addresses 4.596ms
[50.559s][info][gc,phases,start] GC(1133) Phase 3: Adjust pointers
[50.565s][info][gc,phases      ] GC(1133) Phase 3: Adjust pointers 6.275ms
[50.565s][info][gc,phases,start] GC(1133) Phase 4: Move objects
[50.592s][info][gc,phases      ] GC(1133) Phase 4: Move objects 27.230ms
[50.593s][info][gc,heap        ] GC(1133) DefNew: 156432K(157248K)->12628K(157248K) Eden: 139776K(139776K)->12628K(139776K) From: 16656K(17472K)->0K(17472K)
[50.593s][info][gc,heap        ] GC(1133) Tenured: 349547K(349568K)->349384K(349568K)
[50.593s][info][gc,metaspace   ] GC(1133) Metaspace: 31032K(31360K)->31032K(31360K) NonClass: 27778K(27904K)->27778K(27904K) Class: 3254K(3456K)->3254K(3456K)
[50.593s][info][gc             ] GC(1133) Pause Full (Allocation Failure) 494M->353M(494M) 48.089ms
[50.593s][info][gc,cpu         ] GC(1133) User=0.05s Sys=0.00s Real=0.05s
[50.603s][info][gc,start       ] GC(1134) Pause Full (Allocation Failure)
[50.603s][info][gc,phases,start] GC(1134) Phase 1: Mark live objects
[50.612s][info][gc,phases      ] GC(1134) Phase 1: Mark live objects 9.189ms
[50.612s][info][gc,phases,start] GC(1134) Phase 2: Compute new object addresses
[50.617s][info][gc,phases      ] GC(1134) Phase 2: Compute new object addresses 4.537ms
[50.617s][info][gc,phases,start] GC(1134) Phase 3: Adjust pointers
[50.623s][info][gc,phases      ] GC(1134) Phase 3: Adjust pointers 6.018ms
[50.623s][info][gc,phases,start] GC(1134) Phase 4: Move objects
[50.649s][info][gc,phases      ] GC(1134) Phase 4: Move objects 26.311ms
[50.649s][info][gc,heap        ] GC(1134) DefNew: 157074K(157248K)->19307K(157248K) Eden: 139776K(139776K)->19307K(139776K) From: 17298K(17472K)->0K(17472K)
[50.649s][info][gc,heap        ] GC(1134) Tenured: 349384K(349568K)->349389K(349568K)
[50.649s][info][gc,metaspace   ] GC(1134) Metaspace: 31032K(31360K)->31032K(31360K) NonClass: 27778K(27904K)->27778K(27904K) Class: 3254K(3456K)->3254K(3456K)
[50.649s][info][gc             ] GC(1134) Pause Full (Allocation Failure) 494M->360M(494M) 46.520ms
[50.649s][info][gc,cpu         ] GC(1134) User=0.05s Sys=0.00s Real=0.04s
[50.660s][info][gc,start       ] GC(1135) Pause Full (Allocation Failure)
[50.660s][info][gc,phases,start] GC(1135) Phase 1: Mark live objects
[50.670s][info][gc,phases      ] GC(1135) Phase 1: Mark live objects 9.415ms
[50.670s][info][gc,phases,start] GC(1135) Phase 2: Compute new object addresses
[50.674s][info][gc,phases      ] GC(1135) Phase 2: Compute new object addresses 4.589ms
[50.674s][info][gc,phases,start] GC(1135) Phase 3: Adjust pointers
[50.680s][info][gc,phases      ] GC(1135) Phase 3: Adjust pointers 6.049ms
[50.680s][info][gc,phases,start] GC(1135) Phase 4: Move objects
[50.700s][info][gc,phases      ] GC(1135) Phase 4: Move objects 19.907ms
[50.700s][info][gc,heap        ] GC(1135) DefNew: 157096K(157248K)->32919K(157248K) Eden: 139776K(139776K)->32919K(139776K) From: 17320K(17472K)->0K(17472K)
[50.700s][info][gc,heap        ] GC(1135) Tenured: 349389K(349568K)->349546K(349568K)
[50.700s][info][gc,metaspace   ] GC(1135) Metaspace: 31032K(31360K)->31032K(31360K) NonClass: 27778K(27904K)->27778K(27904K) Class: 3254K(3456K)->3254K(3456K)
[50.700s][info][gc             ] GC(1135) Pause Full (Allocation Failure) 494M->373M(494M) 40.416ms
[50.700s][info][gc,cpu         ] GC(1135) User=0.04s Sys=0.00s Real=0.04s
[50.708s][info][gc,start       ] GC(1136) Pause Full (Allocation Failure)
[50.708s][info][gc,phases,start] GC(1136) Phase 1: Mark live objects
[50.717s][info][gc,phases      ] GC(1136) Phase 1: Mark live objects 9.165ms
[50.718s][info][gc,phases,start] GC(1136) Phase 2: Compute new object addresses
[50.722s][info][gc,phases      ] GC(1136) Phase 2: Compute new object addresses 4.147ms
[50.722s][info][gc,phases,start] GC(1136) Phase 3: Adjust pointers
[50.727s][info][gc,phases      ] GC(1136) Phase 3: Adjust pointers 5.575ms
[50.727s][info][gc,phases,start] GC(1136) Phase 4: Move objects
[50.752s][info][gc,phases      ] GC(1136) Phase 4: Move objects 25.046ms
[50.753s][info][gc,heap        ] GC(1136) DefNew: 157211K(157248K)->38813K(157248K) Eden: 139776K(139776K)->38813K(139776K) From: 17435K(17472K)->0K(17472K)
[50.753s][info][gc,heap        ] GC(1136) Tenured: 349546K(349568K)->349551K(349568K)
[50.753s][info][gc,metaspace   ] GC(1136) Metaspace: 31032K(31360K)->31032K(31360K) NonClass: 27778K(27904K)->27778K(27904K) Class: 3254K(3456K)->3254K(3456K)
[50.753s][info][gc             ] GC(1136) Pause Full (Allocation Failure) 494M->379M(494M) 44.370ms
[50.753s][info][gc,cpu         ] GC(1136) User=0.04s Sys=0.00s Real=0.05s
[50.759s][info][gc,start       ] GC(1137) Pause Full (Allocation Failure)
[50.759s][info][gc,phases,start] GC(1137) Phase 1: Mark live objects
[50.768s][info][gc,phases      ] GC(1137) Phase 1: Mark live objects 9.808ms
[50.768s][info][gc,phases,start] GC(1137) Phase 2: Compute new object addresses
[50.773s][info][gc,phases      ] GC(1137) Phase 2: Compute new object addresses 4.507ms
[50.773s][info][gc,phases,start] GC(1137) Phase 3: Adjust pointers
[50.779s][info][gc,phases      ] GC(1137) Phase 3: Adjust pointers 5.914ms
[50.779s][info][gc,phases,start] GC(1137) Phase 4: Move objects
[50.807s][info][gc,phases      ] GC(1137) Phase 4: Move objects 27.892ms
[50.807s][info][gc,heap        ] GC(1137) DefNew: 157023K(157248K)->23285K(157248K) Eden: 139776K(139776K)->23285K(139776K) From: 17247K(17472K)->0K(17472K)
[50.807s][info][gc,heap        ] GC(1137) Tenured: 349551K(349568K)->349241K(349568K)
[50.807s][info][gc,metaspace   ] GC(1137) Metaspace: 31032K(31360K)->31032K(31360K) NonClass: 27778K(27904K)->27778K(27904K) Class: 3254K(3456K)->3254K(3456K)
[50.807s][info][gc             ] GC(1137) Pause Full (Allocation Failure) 494M->363M(494M) 48.564ms
[50.807s][info][gc,cpu         ] GC(1137) User=0.05s Sys=0.00s Real=0.05s
[50.817s][info][gc,start       ] GC(1138) Pause Full (Allocation Failure)
[50.817s][info][gc,phases,start] GC(1138) Phase 1: Mark live objects
[50.826s][info][gc,phases      ] GC(1138) Phase 1: Mark live objects 8.687ms
[50.826s][info][gc,phases,start] GC(1138) Phase 2: Compute new object addresses
[50.830s][info][gc,phases      ] GC(1138) Phase 2: Compute new object addresses 4.422ms
[50.830s][info][gc,phases,start] GC(1138) Phase 3: Adjust pointers
[50.836s][info][gc,phases      ] GC(1138) Phase 3: Adjust pointers 5.820ms
[50.836s][info][gc,phases,start] GC(1138) Phase 4: Move objects
[50.862s][info][gc,phases      ] GC(1138) Phase 4: Move objects 26.209ms
[50.863s][info][gc,heap        ] GC(1138) DefNew: 157108K(157248K)->22893K(157248K) Eden: 139776K(139776K)->22893K(139776K) From: 17332K(17472K)->0K(17472K)
[50.863s][info][gc,heap        ] GC(1138) Tenured: 349498K(349568K)->349540K(349568K)
[50.863s][info][gc,metaspace   ] GC(1138) Metaspace: 31032K(31360K)->31032K(31360K) NonClass: 27778K(27904K)->27778K(27904K) Class: 3254K(3456K)->3254K(3456K)
[50.863s][info][gc             ] GC(1138) Pause Full (Allocation Failure) 494M->363M(494M) 45.574ms
[50.863s][info][gc,cpu         ] GC(1138) User=0.04s Sys=0.00s Real=0.05s
[50.872s][info][gc,start       ] GC(1139) Pause Full (Allocation Failure)
[50.872s][info][gc,phases,start] GC(1139) Phase 1: Mark live objects
[50.881s][info][gc,phases      ] GC(1139) Phase 1: Mark live objects 9.238ms
[50.881s][info][gc,phases,start] GC(1139) Phase 2: Compute new object addresses
[50.885s][info][gc,phases      ] GC(1139) Phase 2: Compute new object addresses 4.564ms
[50.885s][info][gc,phases,start] GC(1139) Phase 3: Adjust pointers
[50.891s][info][gc,phases      ] GC(1139) Phase 3: Adjust pointers 5.946ms
[50.891s][info][gc,phases,start] GC(1139) Phase 4: Move objects
[50.907s][info][gc,phases      ] GC(1139) Phase 4: Move objects 15.948ms
[50.908s][info][gc,heap        ] GC(1139) DefNew: 157207K(157248K)->42513K(157248K) Eden: 139776K(139776K)->42513K(139776K) From: 17431K(17472K)->0K(17472K)
[50.908s][info][gc,heap        ] GC(1139) Tenured: 349540K(349568K)->349537K(349568K)
[50.908s][info][gc,metaspace   ] GC(1139) Metaspace: 31032K(31360K)->31032K(31360K) NonClass: 27778K(27904K)->27778K(27904K) Class: 3254K(3456K)->3254K(3456K)
[50.908s][info][gc             ] GC(1139) Pause Full (Allocation Failure) 494M->382M(494M) 36.185ms
[50.908s][info][gc,cpu         ] GC(1139) User=0.04s Sys=0.00s Real=0.03s
[50.915s][info][gc,start       ] GC(1140) Pause Full (Allocation Failure)
[50.915s][info][gc,phases,start] GC(1140) Phase 1: Mark live objects
[50.924s][info][gc,phases      ] GC(1140) Phase 1: Mark live objects 8.707ms
[50.924s][info][gc,phases,start] GC(1140) Phase 2: Compute new object addresses
[50.928s][info][gc,phases      ] GC(1140) Phase 2: Compute new object addresses 4.133ms
[50.928s][info][gc,phases,start] GC(1140) Phase 3: Adjust pointers
[50.934s][info][gc,phases      ] GC(1140) Phase 3: Adjust pointers 5.516ms
[50.934s][info][gc,phases,start] GC(1140) Phase 4: Move objects
[50.960s][info][gc,phases      ] GC(1140) Phase 4: Move objects 25.775ms
[50.960s][info][gc,heap        ] GC(1140) DefNew: 157248K(157248K)->42164K(157248K) Eden: 139776K(139776K)->42164K(139776K) From: 17472K(17472K)->0K(17472K)
[50.960s][info][gc,heap        ] GC(1140) Tenured: 349567K(349568K)->349540K(349568K)
[50.960s][info][gc,metaspace   ] GC(1140) Metaspace: 31032K(31360K)->31032K(31360K) NonClass: 27778K(27904K)->27778K(27904K) Class: 3254K(3456K)->3254K(3456K)
[50.960s][info][gc             ] GC(1140) Pause Full (Allocation Failure) 494M->382M(494M) 44.567ms
[50.960s][info][gc,cpu         ] GC(1140) User=0.04s Sys=0.00s Real=0.04s
[50.971s][info][gc,start       ] GC(1141) Pause Full (Allocation Failure)
[50.971s][info][gc,phases,start] GC(1141) Phase 1: Mark live objects
[50.980s][info][gc,phases      ] GC(1141) Phase 1: Mark live objects 9.244ms
[50.980s][info][gc,phases,start] GC(1141) Phase 2: Compute new object addresses
[50.984s][info][gc,phases      ] GC(1141) Phase 2: Compute new object addresses 4.241ms
[50.984s][info][gc,phases,start] GC(1141) Phase 3: Adjust pointers
[50.991s][info][gc,phases      ] GC(1141) Phase 3: Adjust pointers 6.009ms
[50.991s][info][gc,phases,start] GC(1141) Phase 4: Move objects
[51.018s][info][gc,phases      ] GC(1141) Phase 4: Move objects 27.923ms
[51.019s][info][gc,heap        ] GC(1141) DefNew: 156657K(157248K)->20428K(157248K) Eden: 139776K(139776K)->20428K(139776K) From: 16881K(17472K)->0K(17472K)
[51.019s][info][gc,heap        ] GC(1141) Tenured: 349540K(349568K)->349282K(349568K)
[51.019s][info][gc,metaspace   ] GC(1141) Metaspace: 31032K(31360K)->31032K(31360K) NonClass: 27778K(27904K)->27778K(27904K) Class: 3254K(3456K)->3254K(3456K)
[51.019s][info][gc             ] GC(1141) Pause Full (Allocation Failure) 494M->361M(494M) 47.867ms
[51.019s][info][gc,cpu         ] GC(1141) User=0.04s Sys=0.00s Real=0.04s
[51.028s][info][gc,start       ] GC(1142) Pause Full (Allocation Failure)
[51.028s][info][gc,phases,start] GC(1142) Phase 1: Mark live objects
[51.037s][info][gc,phases      ] GC(1142) Phase 1: Mark live objects 9.070ms
[51.038s][info][gc,phases,start] GC(1142) Phase 2: Compute new object addresses
[51.042s][info][gc,phases      ] GC(1142) Phase 2: Compute new object addresses 4.412ms
[51.042s][info][gc,phases,start] GC(1142) Phase 3: Adjust pointers
[51.048s][info][gc,phases      ] GC(1142) Phase 3: Adjust pointers 5.736ms
[51.048s][info][gc,phases,start] GC(1142) Phase 4: Move objects
[51.074s][info][gc,phases      ] GC(1142) Phase 4: Move objects 26.079ms
[51.074s][info][gc,heap        ] GC(1142) DefNew: 156798K(157248K)->24441K(157248K) Eden: 139776K(139776K)->24441K(139776K) From: 17022K(17472K)->0K(17472K)
[51.074s][info][gc,heap        ] GC(1142) Tenured: 349282K(349568K)->348763K(349568K)
[51.074s][info][gc,metaspace   ] GC(1142) Metaspace: 31032K(31360K)->31032K(31360K) NonClass: 27778K(27904K)->27778K(27904K) Class: 3254K(3456K)->3254K(3456K)
[51.074s][info][gc             ] GC(1142) Pause Full (Allocation Failure) 494M->364M(494M) 45.749ms
[51.074s][info][gc,cpu         ] GC(1142) User=0.04s Sys=0.00s Real=0.05s
[51.081s][info][gc,start       ] GC(1143) Pause Full (Allocation Failure)
[51.081s][info][gc,phases,start] GC(1143) Phase 1: Mark live objects
[51.091s][info][gc,phases      ] GC(1143) Phase 1: Mark live objects 9.278ms
[51.091s][info][gc,phases,start] GC(1143) Phase 2: Compute new object addresses
[51.095s][info][gc,phases      ] GC(1143) Phase 2: Compute new object addresses 4.515ms
[51.095s][info][gc,phases,start] GC(1143) Phase 3: Adjust pointers
[51.101s][info][gc,phases      ] GC(1143) Phase 3: Adjust pointers 5.722ms
[51.101s][info][gc,phases,start] GC(1143) Phase 4: Move objects
[51.105s][info][gc,phases      ] GC(1143) Phase 4: Move objects 3.865ms
[51.105s][info][gc,heap        ] GC(1143) DefNew: 157050K(157248K)->45094K(157248K) Eden: 139776K(139776K)->45094K(139776K) From: 17274K(17472K)->0K(17472K)
[51.105s][info][gc,heap        ] GC(1143) Tenured: 349532K(349568K)->349536K(349568K)
[51.105s][info][gc,metaspace   ] GC(1143) Metaspace: 31032K(31360K)->31032K(31360K) NonClass: 27778K(27904K)->27778K(27904K) Class: 3254K(3456K)->3254K(3456K)
[51.105s][info][gc             ] GC(1143) Pause Full (Allocation Failure) 494M->385M(494M) 23.856ms
[51.105s][info][gc,cpu         ] GC(1143) User=0.03s Sys=0.00s Real=0.03s
[51.116s][info][gc,start       ] GC(1144) Pause Full (Allocation Failure)
[51.116s][info][gc,phases,start] GC(1144) Phase 1: Mark live objects
[51.125s][info][gc,phases      ] GC(1144) Phase 1: Mark live objects 9.231ms
[51.125s][info][gc,phases,start] GC(1144) Phase 2: Compute new object addresses
[51.129s][info][gc,phases      ] GC(1144) Phase 2: Compute new object addresses 4.126ms
[51.129s][info][gc,phases,start] GC(1144) Phase 3: Adjust pointers
[51.135s][info][gc,phases      ] GC(1144) Phase 3: Adjust pointers 6.038ms
[51.135s][info][gc,phases,start] GC(1144) Phase 4: Move objects
[51.162s][info][gc,phases      ] GC(1144) Phase 4: Move objects 26.973ms
[51.162s][info][gc,heap        ] GC(1144) DefNew: 156428K(157248K)->38833K(157248K) Eden: 139776K(139776K)->38833K(139776K) From: 16652K(17472K)->0K(17472K)
[51.162s][info][gc,heap        ] GC(1144) Tenured: 349536K(349568K)->349544K(349568K)
[51.162s][info][gc,metaspace   ] GC(1144) Metaspace: 31032K(31360K)->31032K(31360K) NonClass: 27778K(27904K)->27778K(27904K) Class: 3254K(3456K)->3254K(3456K)
[51.162s][info][gc             ] GC(1144) Pause Full (Allocation Failure) 494M->379M(494M) 46.851ms
[51.162s][info][gc,cpu         ] GC(1144) User=0.05s Sys=0.01s Real=0.05s
[51.173s][info][gc,start       ] GC(1145) Pause Full (Allocation Failure)
[51.173s][info][gc,phases,start] GC(1145) Phase 1: Mark live objects
[51.182s][info][gc,phases      ] GC(1145) Phase 1: Mark live objects 9.162ms
[51.182s][info][gc,phases,start] GC(1145) Phase 2: Compute new object addresses
[51.186s][info][gc,phases      ] GC(1145) Phase 2: Compute new object addresses 4.564ms
[51.187s][info][gc,phases,start] GC(1145) Phase 3: Adjust pointers
[51.193s][info][gc,phases      ] GC(1145) Phase 3: Adjust pointers 6.086ms
[51.193s][info][gc,phases,start] GC(1145) Phase 4: Move objects
[51.219s][info][gc,phases      ] GC(1145) Phase 4: Move objects 26.131ms
[51.219s][info][gc,heap        ] GC(1145) DefNew: 156388K(157248K)->37674K(157248K) Eden: 139776K(139776K)->37674K(139776K) From: 16612K(17472K)->0K(17472K)
[51.219s][info][gc,heap        ] GC(1145) Tenured: 349544K(349568K)->349507K(349568K)
[51.219s][info][gc,metaspace   ] GC(1145) Metaspace: 31032K(31360K)->31032K(31360K) NonClass: 27778K(27904K)->27778K(27904K) Class: 3254K(3456K)->3254K(3456K)
[51.219s][info][gc             ] GC(1145) Pause Full (Allocation Failure) 494M->378M(494M) 46.391ms
[51.219s][info][gc,cpu         ] GC(1145) User=0.05s Sys=0.00s Real=0.04s
[51.230s][info][gc,start       ] GC(1146) Pause Full (Allocation Failure)
[51.230s][info][gc,phases,start] GC(1146) Phase 1: Mark live objects
[51.239s][info][gc,phases      ] GC(1146) Phase 1: Mark live objects 9.066ms
[51.239s][info][gc,phases,start] GC(1146) Phase 2: Compute new object addresses
[51.243s][info][gc,phases      ] GC(1146) Phase 2: Compute new object addresses 4.196ms
[51.243s][info][gc,phases,start] GC(1146) Phase 3: Adjust pointers
[51.249s][info][gc,phases      ] GC(1146) Phase 3: Adjust pointers 6.009ms
[51.249s][info][gc,phases,start] GC(1146) Phase 4: Move objects
[51.282s][info][gc,phases      ] GC(1146) Phase 4: Move objects 32.532ms
[51.282s][info][gc,heap        ] GC(1146) DefNew: 156398K(157248K)->21916K(157248K) Eden: 139776K(139776K)->21916K(139776K) From: 16622K(17472K)->0K(17472K)
[51.282s][info][gc,heap        ] GC(1146) Tenured: 349507K(349568K)->349360K(349568K)
[51.282s][info][gc,metaspace   ] GC(1146) Metaspace: 31038K(31360K)->31038K(31360K) NonClass: 27783K(27904K)->27783K(27904K) Class: 3254K(3456K)->3254K(3456K)
[51.282s][info][gc             ] GC(1146) Pause Full (Allocation Failure) 494M->362M(494M) 52.337ms
[51.282s][info][gc,cpu         ] GC(1146) User=0.05s Sys=0.00s Real=0.05s
[51.293s][info][gc,start       ] GC(1147) Pause Full (Allocation Failure)
[51.293s][info][gc,phases,start] GC(1147) Phase 1: Mark live objects
[51.302s][info][gc,phases      ] GC(1147) Phase 1: Mark live objects 9.634ms
[51.302s][info][gc,phases,start] GC(1147) Phase 2: Compute new object addresses
[51.307s][info][gc,phases      ] GC(1147) Phase 2: Compute new object addresses 5.079ms
[51.307s][info][gc,phases,start] GC(1147) Phase 3: Adjust pointers
[51.313s][info][gc,phases      ] GC(1147) Phase 3: Adjust pointers 5.762ms
[51.313s][info][gc,phases,start] GC(1147) Phase 4: Move objects
[51.333s][info][gc,phases      ] GC(1147) Phase 4: Move objects 19.392ms
[51.333s][info][gc,heap        ] GC(1147) DefNew: 156351K(157248K)->41904K(157248K) Eden: 139776K(139776K)->41904K(139776K) From: 16575K(17472K)->0K(17472K)
[51.333s][info][gc,heap        ] GC(1147) Tenured: 349360K(349568K)->349537K(349568K)
[51.333s][info][gc,metaspace   ] GC(1147) Metaspace: 31038K(31360K)->31038K(31360K) NonClass: 27783K(27904K)->27783K(27904K) Class: 3254K(3456K)->3254K(3456K)
[51.333s][info][gc             ] GC(1147) Pause Full (Allocation Failure) 493M->382M(494M) 40.336ms
[51.333s][info][gc,cpu         ] GC(1147) User=0.04s Sys=0.00s Real=0.04s
[51.340s][info][gc,start       ] GC(1148) Pause Full (Allocation Failure)
[51.340s][info][gc,phases,start] GC(1148) Phase 1: Mark live objects
[51.350s][info][gc,phases      ] GC(1148) Phase 1: Mark live objects 9.354ms
[51.350s][info][gc,phases,start] GC(1148) Phase 2: Compute new object addresses
[51.354s][info][gc,phases      ] GC(1148) Phase 2: Compute new object addresses 4.304ms
[51.354s][info][gc,phases,start] GC(1148) Phase 3: Adjust pointers
[51.360s][info][gc,phases      ] GC(1148) Phase 3: Adjust pointers 5.975ms
[51.360s][info][gc,phases,start] GC(1148) Phase 4: Move objects
[51.385s][info][gc,phases      ] GC(1148) Phase 4: Move objects 24.880ms
[51.385s][info][gc,heap        ] GC(1148) DefNew: 156827K(157248K)->42514K(157248K) Eden: 139776K(139776K)->42514K(139776K) From: 17051K(17472K)->0K(17472K)
[51.385s][info][gc,heap        ] GC(1148) Tenured: 349537K(349568K)->349536K(349568K)
[51.385s][info][gc,metaspace   ] GC(1148) Metaspace: 31038K(31360K)->31038K(31360K) NonClass: 27783K(27904K)->27783K(27904K) Class: 3254K(3456K)->3254K(3456K)
[51.385s][info][gc             ] GC(1148) Pause Full (Allocation Failure) 494M->382M(494M) 44.956ms
[51.385s][info][gc,cpu         ] GC(1148) User=0.04s Sys=0.00s Real=0.05s
[51.391s][info][gc,start       ] GC(1149) Pause Full (Allocation Failure)
[51.391s][info][gc,phases,start] GC(1149) Phase 1: Mark live objects
[51.401s][info][gc,phases      ] GC(1149) Phase 1: Mark live objects 9.815ms
[51.401s][info][gc,phases,start] GC(1149) Phase 2: Compute new object addresses
[51.405s][info][gc,phases      ] GC(1149) Phase 2: Compute new object addresses 4.421ms
[51.405s][info][gc,phases,start] GC(1149) Phase 3: Adjust pointers
[51.411s][info][gc,phases      ] GC(1149) Phase 3: Adjust pointers 5.907ms
[51.411s][info][gc,phases,start] GC(1149) Phase 4: Move objects
[51.440s][info][gc,phases      ] GC(1149) Phase 4: Move objects 28.788ms
[51.440s][info][gc,heap        ] GC(1149) DefNew: 157011K(157248K)->27542K(157248K) Eden: 139776K(139776K)->27542K(139776K) From: 17235K(17472K)->0K(17472K)
[51.440s][info][gc,heap        ] GC(1149) Tenured: 349536K(349568K)->349374K(349568K)
[51.440s][info][gc,metaspace   ] GC(1149) Metaspace: 31038K(31360K)->31038K(31360K) NonClass: 27783K(27904K)->27783K(27904K) Class: 3254K(3456K)->3254K(3456K)
[51.440s][info][gc             ] GC(1149) Pause Full (Allocation Failure) 494M->368M(494M) 49.424ms
[51.440s][info][gc,cpu         ] GC(1149) User=0.05s Sys=0.00s Real=0.04s
[51.451s][info][gc,start       ] GC(1150) Pause Full (Allocation Failure)
[51.451s][info][gc,phases,start] GC(1150) Phase 1: Mark live objects
[51.462s][info][gc,phases      ] GC(1150) Phase 1: Mark live objects 11.071ms
[51.462s][info][gc,phases,start] GC(1150) Phase 2: Compute new object addresses
[51.467s][info][gc,phases      ] GC(1150) Phase 2: Compute new object addresses 4.818ms
[51.467s][info][gc,phases,start] GC(1150) Phase 3: Adjust pointers
[51.473s][info][gc,phases      ] GC(1150) Phase 3: Adjust pointers 6.295ms
[51.473s][info][gc,phases,start] GC(1150) Phase 4: Move objects
[51.500s][info][gc,phases      ] GC(1150) Phase 4: Move objects 27.284ms
[51.501s][info][gc,heap        ] GC(1150) DefNew: 156443K(157248K)->23239K(157248K) Eden: 139776K(139776K)->23239K(139776K) From: 16667K(17472K)->0K(17472K)
[51.501s][info][gc,heap        ] GC(1150) Tenured: 349374K(349568K)->349534K(349568K)
[51.501s][info][gc,metaspace   ] GC(1150) Metaspace: 31038K(31360K)->31038K(31360K) NonClass: 27783K(27904K)->27783K(27904K) Class: 3254K(3456K)->3254K(3456K)
[51.501s][info][gc             ] GC(1150) Pause Full (Allocation Failure) 493M->364M(494M) 50.072ms
[51.501s][info][gc,cpu         ] GC(1150) User=0.05s Sys=0.00s Real=0.04s
[51.511s][info][gc,start       ] GC(1151) Pause Full (Allocation Failure)
[51.511s][info][gc,phases,start] GC(1151) Phase 1: Mark live objects
[51.521s][info][gc,phases      ] GC(1151) Phase 1: Mark live objects 9.610ms
[51.521s][info][gc,phases,start] GC(1151) Phase 2: Compute new object addresses
[51.525s][info][gc,phases      ] GC(1151) Phase 2: Compute new object addresses 4.274ms
[51.525s][info][gc,phases,start] GC(1151) Phase 3: Adjust pointers
[51.531s][info][gc,phases      ] GC(1151) Phase 3: Adjust pointers 5.654ms
[51.531s][info][gc,phases,start] GC(1151) Phase 4: Move objects
[51.552s][info][gc,phases      ] GC(1151) Phase 4: Move objects 21.083ms
[51.552s][info][gc,heap        ] GC(1151) DefNew: 157103K(157248K)->40734K(157248K) Eden: 139776K(139776K)->40734K(139776K) From: 17327K(17472K)->0K(17472K)
[51.552s][info][gc,heap        ] GC(1151) Tenured: 349534K(349568K)->349540K(349568K)
[51.552s][info][gc,metaspace   ] GC(1151) Metaspace: 31038K(31360K)->31038K(31360K) NonClass: 27783K(27904K)->27783K(27904K) Class: 3254K(3456K)->3254K(3456K)
[51.552s][info][gc             ] GC(1151) Pause Full (Allocation Failure) 494M->381M(494M) 41.051ms
[51.552s][info][gc,cpu         ] GC(1151) User=0.04s Sys=0.00s Real=0.04s
[51.560s][info][gc,start       ] GC(1152) Pause Full (Allocation Failure)
[51.561s][info][gc,phases,start] GC(1152) Phase 1: Mark live objects
[51.570s][info][gc,phases      ] GC(1152) Phase 1: Mark live objects 9.274ms
[51.570s][info][gc,phases,start] GC(1152) Phase 2: Compute new object addresses
[51.574s][info][gc,phases      ] GC(1152) Phase 2: Compute new object addresses 4.073ms
[51.574s][info][gc,phases,start] GC(1152) Phase 3: Adjust pointers
[51.580s][info][gc,phases      ] GC(1152) Phase 3: Adjust pointers 5.526ms
[51.580s][info][gc,phases,start] GC(1152) Phase 4: Move objects
[51.604s][info][gc,phases      ] GC(1152) Phase 4: Move objects 24.852ms
[51.605s][info][gc,heap        ] GC(1152) DefNew: 157248K(157248K)->42948K(157248K) Eden: 139776K(139776K)->42948K(139776K) From: 17472K(17472K)->0K(17472K)
[51.605s][info][gc,heap        ] GC(1152) Tenured: 349568K(349568K)->349541K(349568K)
[51.605s][info][gc,metaspace   ] GC(1152) Metaspace: 31038K(31360K)->31038K(31360K) NonClass: 27783K(27904K)->27783K(27904K) Class: 3254K(3456K)->3254K(3456K)
[51.605s][info][gc             ] GC(1152) Pause Full (Allocation Failure) 494M->383M(494M) 44.192ms
[51.605s][info][gc,cpu         ] GC(1152) User=0.05s Sys=0.00s Real=0.05s
[51.611s][info][gc,start       ] GC(1153) Pause Full (Allocation Failure)
[51.612s][info][gc,phases,start] GC(1153) Phase 1: Mark live objects
[51.621s][info][gc,phases      ] GC(1153) Phase 1: Mark live objects 9.493ms
[51.621s][info][gc,phases,start] GC(1153) Phase 2: Compute new object addresses
[51.625s][info][gc,phases      ] GC(1153) Phase 2: Compute new object addresses 4.343ms
[51.625s][info][gc,phases,start] GC(1153) Phase 3: Adjust pointers
[51.632s][info][gc,phases      ] GC(1153) Phase 3: Adjust pointers 6.165ms
[51.632s][info][gc,phases,start] GC(1153) Phase 4: Move objects
[51.660s][info][gc,phases      ] GC(1153) Phase 4: Move objects 28.002ms
[51.660s][info][gc,heap        ] GC(1153) DefNew: 157117K(157248K)->27764K(157248K) Eden: 139776K(139776K)->27764K(139776K) From: 17341K(17472K)->0K(17472K)
[51.660s][info][gc,heap        ] GC(1153) Tenured: 349541K(349568K)->349502K(349568K)
[51.660s][info][gc,metaspace   ] GC(1153) Metaspace: 31038K(31360K)->31038K(31360K) NonClass: 27783K(27904K)->27783K(27904K) Class: 3254K(3456K)->3254K(3456K)
[51.660s][info][gc             ] GC(1153) Pause Full (Allocation Failure) 494M->368M(494M) 48.505ms
[51.660s][info][gc,cpu         ] GC(1153) User=0.05s Sys=0.00s Real=0.04s
[51.668s][info][gc,start       ] GC(1154) Pause Full (Allocation Failure)
[51.668s][info][gc,phases,start] GC(1154) Phase 1: Mark live objects
[51.677s][info][gc,phases      ] GC(1154) Phase 1: Mark live objects 9.080ms
[51.677s][info][gc,phases,start] GC(1154) Phase 2: Compute new object addresses
[51.681s][info][gc,phases      ] GC(1154) Phase 2: Compute new object addresses 4.332ms
[51.681s][info][gc,phases,start] GC(1154) Phase 3: Adjust pointers
[51.687s][info][gc,phases      ] GC(1154) Phase 3: Adjust pointers 5.968ms
[51.688s][info][gc,phases,start] GC(1154) Phase 4: Move objects
[51.715s][info][gc,phases      ] GC(1154) Phase 4: Move objects 27.868ms
[51.716s][info][gc,heap        ] GC(1154) DefNew: 157237K(157248K)->28541K(157248K) Eden: 139776K(139776K)->28541K(139776K) From: 17461K(17472K)->0K(17472K)
[51.716s][info][gc,heap        ] GC(1154) Tenured: 349502K(349568K)->349502K(349568K)
[51.716s][info][gc,metaspace   ] GC(1154) Metaspace: 31038K(31360K)->31038K(31360K) NonClass: 27783K(27904K)->27783K(27904K) Class: 3254K(3456K)->3254K(3456K)
[51.716s][info][gc             ] GC(1154) Pause Full (Allocation Failure) 494M->369M(494M) 47.718ms
[51.716s][info][gc,cpu         ] GC(1154) User=0.04s Sys=0.00s Real=0.05s
[51.724s][info][gc,start       ] GC(1155) Pause Full (Allocation Failure)
[51.724s][info][gc,phases,start] GC(1155) Phase 1: Mark live objects
[51.734s][info][gc,phases      ] GC(1155) Phase 1: Mark live objects 9.623ms
[51.734s][info][gc,phases,start] GC(1155) Phase 2: Compute new object addresses
[51.739s][info][gc,phases      ] GC(1155) Phase 2: Compute new object addresses 4.700ms
[51.739s][info][gc,phases,start] GC(1155) Phase 3: Adjust pointers
[51.745s][info][gc,phases      ] GC(1155) Phase 3: Adjust pointers 5.942ms
[51.745s][info][gc,phases,start] GC(1155) Phase 4: Move objects
[51.749s][info][gc,phases      ] GC(1155) Phase 4: Move objects 3.961ms
[51.749s][info][gc,heap        ] GC(1155) DefNew: 156997K(157248K)->48186K(157248K) Eden: 139776K(139776K)->48186K(139776K) From: 17221K(17472K)->0K(17472K)
[51.749s][info][gc,heap        ] GC(1155) Tenured: 349502K(349568K)->349502K(349568K)
[51.749s][info][gc,metaspace   ] GC(1155) Metaspace: 31038K(31360K)->31038K(31360K) NonClass: 27783K(27904K)->27783K(27904K) Class: 3254K(3456K)->3254K(3456K)
[51.749s][info][gc             ] GC(1155) Pause Full (Allocation Failure) 494M->388M(494M) 24.660ms
[51.749s][info][gc,cpu         ] GC(1155) User=0.02s Sys=0.00s Real=0.02s
[51.757s][info][gc,start       ] GC(1156) Pause Full (Allocation Failure)
[51.757s][info][gc,phases,start] GC(1156) Phase 1: Mark live objects
[51.765s][info][gc,phases      ] GC(1156) Phase 1: Mark live objects 8.852ms
[51.765s][info][gc,phases,start] GC(1156) Phase 2: Compute new object addresses
[51.770s][info][gc,phases      ] GC(1156) Phase 2: Compute new object addresses 4.204ms
[51.770s][info][gc,phases,start] GC(1156) Phase 3: Adjust pointers
[51.776s][info][gc,phases      ] GC(1156) Phase 3: Adjust pointers 5.914ms
[51.776s][info][gc,phases,start] GC(1156) Phase 4: Move objects
[51.801s][info][gc,phases      ] GC(1156) Phase 4: Move objects 25.668ms
[51.802s][info][gc,heap        ] GC(1156) DefNew: 157248K(157248K)->47951K(157248K) Eden: 139776K(139776K)->47951K(139776K) From: 17472K(17472K)->0K(17472K)
[51.802s][info][gc,heap        ] GC(1156) Tenured: 349517K(349568K)->349506K(349568K)
[51.802s][info][gc,metaspace   ] GC(1156) Metaspace: 31038K(31360K)->31038K(31360K) NonClass: 27783K(27904K)->27783K(27904K) Class: 3254K(3456K)->3254K(3456K)
[51.802s][info][gc             ] GC(1156) Pause Full (Allocation Failure) 494M->388M(494M) 45.080ms
[51.802s][info][gc,cpu         ] GC(1156) User=0.04s Sys=0.00s Real=0.04s
[51.812s][info][gc,start       ] GC(1157) Pause Full (Allocation Failure)
[51.812s][info][gc,phases,start] GC(1157) Phase 1: Mark live objects
[51.821s][info][gc,phases      ] GC(1157) Phase 1: Mark live objects 9.261ms
[51.821s][info][gc,phases,start] GC(1157) Phase 2: Compute new object addresses
[51.826s][info][gc,phases      ] GC(1157) Phase 2: Compute new object addresses 4.105ms
[51.826s][info][gc,phases,start] GC(1157) Phase 3: Adjust pointers
[51.831s][info][gc,phases      ] GC(1157) Phase 3: Adjust pointers 5.645ms
[51.831s][info][gc,phases,start] GC(1157) Phase 4: Move objects
[51.859s][info][gc,phases      ] GC(1157) Phase 4: Move objects 27.456ms
[51.859s][info][gc,heap        ] GC(1157) DefNew: 157215K(157248K)->26234K(157248K) Eden: 139776K(139776K)->26234K(139776K) From: 17439K(17472K)->0K(17472K)
[51.859s][info][gc,heap        ] GC(1157) Tenured: 349506K(349568K)->349539K(349568K)
[51.859s][info][gc,metaspace   ] GC(1157) Metaspace: 31038K(31360K)->31038K(31360K) NonClass: 27783K(27904K)->27783K(27904K) Class: 3254K(3456K)->3254K(3456K)
[51.859s][info][gc             ] GC(1157) Pause Full (Allocation Failure) 494M->366M(494M) 46.892ms
[51.859s][info][gc,cpu         ] GC(1157) User=0.04s Sys=0.00s Real=0.04s
[51.869s][info][gc,start       ] GC(1158) Pause Full (Allocation Failure)
[51.869s][info][gc,phases,start] GC(1158) Phase 1: Mark live objects
[51.878s][info][gc,phases      ] GC(1158) Phase 1: Mark live objects 9.050ms
[51.878s][info][gc,phases,start] GC(1158) Phase 2: Compute new object addresses
[51.882s][info][gc,phases      ] GC(1158) Phase 2: Compute new object addresses 4.372ms
[51.882s][info][gc,phases,start] GC(1158) Phase 3: Adjust pointers
[51.888s][info][gc,phases      ] GC(1158) Phase 3: Adjust pointers 5.762ms
[51.888s][info][gc,phases,start] GC(1158) Phase 4: Move objects
[51.916s][info][gc,phases      ] GC(1158) Phase 4: Move objects 27.856ms
[51.916s][info][gc,heap        ] GC(1158) DefNew: 157112K(157248K)->26333K(157248K) Eden: 139776K(139776K)->26333K(139776K) From: 17336K(17472K)->0K(17472K)
[51.916s][info][gc,heap        ] GC(1158) Tenured: 349539K(349568K)->349530K(349568K)
[51.916s][info][gc,metaspace   ] GC(1158) Metaspace: 31038K(31360K)->31038K(31360K) NonClass: 27783K(27904K)->27783K(27904K) Class: 3254K(3456K)->3254K(3456K)
[51.916s][info][gc             ] GC(1158) Pause Full (Allocation Failure) 494M->367M(494M) 47.480ms
[51.916s][info][gc,cpu         ] GC(1158) User=0.05s Sys=0.00s Real=0.05s
[51.926s][info][gc,start       ] GC(1159) Pause Full (Allocation Failure)
[51.927s][info][gc,phases,start] GC(1159) Phase 1: Mark live objects
[51.935s][info][gc,phases      ] GC(1159) Phase 1: Mark live objects 8.851ms
[51.935s][info][gc,phases,start] GC(1159) Phase 2: Compute new object addresses
[51.940s][info][gc,phases      ] GC(1159) Phase 2: Compute new object addresses 4.175ms
[51.940s][info][gc,phases,start] GC(1159) Phase 3: Adjust pointers
[51.945s][info][gc,phases      ] GC(1159) Phase 3: Adjust pointers 5.438ms
[51.945s][info][gc,phases,start] GC(1159) Phase 4: Move objects
[51.962s][info][gc,phases      ] GC(1159) Phase 4: Move objects 17.318ms
[51.963s][info][gc,heap        ] GC(1159) DefNew: 156343K(157248K)->40895K(157248K) Eden: 139776K(139776K)->40895K(139776K) From: 16567K(17472K)->0K(17472K)
[51.963s][info][gc,heap        ] GC(1159) Tenured: 349530K(349568K)->349531K(349568K)
[51.963s][info][gc,metaspace   ] GC(1159) Metaspace: 31038K(31360K)->31038K(31360K) NonClass: 27783K(27904K)->27783K(27904K) Class: 3254K(3456K)->3254K(3456K)
[51.963s][info][gc             ] GC(1159) Pause Full (Allocation Failure) 494M->381M(494M) 36.246ms
[51.963s][info][gc,cpu         ] GC(1159) User=0.04s Sys=0.00s Real=0.04s
[51.971s][info][gc,start       ] GC(1160) Pause Full (Allocation Failure)
[51.971s][info][gc,phases,start] GC(1160) Phase 1: Mark live objects
[51.980s][info][gc,phases      ] GC(1160) Phase 1: Mark live objects 9.395ms
[51.980s][info][gc,phases,start] GC(1160) Phase 2: Compute new object addresses
[51.985s][info][gc,phases      ] GC(1160) Phase 2: Compute new object addresses 4.202ms
[51.985s][info][gc,phases,start] GC(1160) Phase 3: Adjust pointers
[51.991s][info][gc,phases      ] GC(1160) Phase 3: Adjust pointers 6.025ms
[51.991s][info][gc,phases,start] GC(1160) Phase 4: Move objects
[52.018s][info][gc,phases      ] GC(1160) Phase 4: Move objects 26.841ms
[52.018s][info][gc,heap        ] GC(1160) DefNew: 157019K(157248K)->45078K(157248K) Eden: 139776K(139776K)->45078K(139776K) From: 17243K(17472K)->0K(17472K)
[52.018s][info][gc,heap        ] GC(1160) Tenured: 349531K(349568K)->349541K(349568K)
[52.018s][info][gc,metaspace   ] GC(1160) Metaspace: 31038K(31360K)->31038K(31360K) NonClass: 27783K(27904K)->27783K(27904K) Class: 3254K(3456K)->3254K(3456K)
[52.018s][info][gc             ] GC(1160) Pause Full (Allocation Failure) 494M->385M(494M) 46.941ms
[52.018s][info][gc,cpu         ] GC(1160) User=0.05s Sys=0.00s Real=0.04s
[52.029s][info][gc,start       ] GC(1161) Pause Full (Allocation Failure)
[52.029s][info][gc,phases,start] GC(1161) Phase 1: Mark live objects
[52.038s][info][gc,phases      ] GC(1161) Phase 1: Mark live objects 9.231ms
[52.038s][info][gc,phases,start] GC(1161) Phase 2: Compute new object addresses
[52.042s][info][gc,phases      ] GC(1161) Phase 2: Compute new object addresses 4.423ms
[52.042s][info][gc,phases,start] GC(1161) Phase 3: Adjust pointers
[52.048s][info][gc,phases      ] GC(1161) Phase 3: Adjust pointers 5.889ms
[52.048s][info][gc,phases,start] GC(1161) Phase 4: Move objects
[52.076s][info][gc,phases      ] GC(1161) Phase 4: Move objects 27.317ms
[52.076s][info][gc,heap        ] GC(1161) DefNew: 156989K(157248K)->22388K(157248K) Eden: 139776K(139776K)->22388K(139776K) From: 17213K(17472K)->0K(17472K)
[52.076s][info][gc,heap        ] GC(1161) Tenured: 349541K(349568K)->349539K(349568K)
[52.076s][info][gc,metaspace   ] GC(1161) Metaspace: 31038K(31360K)->31038K(31360K) NonClass: 27783K(27904K)->27783K(27904K) Class: 3254K(3456K)->3254K(3456K)
[52.076s][info][gc             ] GC(1161) Pause Full (Allocation Failure) 494M->363M(494M) 47.333ms
[52.076s][info][gc,cpu         ] GC(1161) User=0.05s Sys=0.00s Real=0.05s
[52.086s][info][gc,start       ] GC(1162) Pause Full (Allocation Failure)
[52.086s][info][gc,phases,start] GC(1162) Phase 1: Mark live objects
[52.095s][info][gc,phases      ] GC(1162) Phase 1: Mark live objects 8.977ms
[52.095s][info][gc,phases,start] GC(1162) Phase 2: Compute new object addresses
[52.100s][info][gc,phases      ] GC(1162) Phase 2: Compute new object addresses 4.672ms
[52.100s][info][gc,phases,start] GC(1162) Phase 3: Adjust pointers
[52.106s][info][gc,phases      ] GC(1162) Phase 3: Adjust pointers 5.944ms
[52.106s][info][gc,phases,start] GC(1162) Phase 4: Move objects
[52.133s][info][gc,phases      ] GC(1162) Phase 4: Move objects 27.233ms
[52.134s][info][gc,heap        ] GC(1162) DefNew: 157067K(157248K)->20607K(157248K) Eden: 139776K(139776K)->20607K(139776K) From: 17291K(17472K)->0K(17472K)
[52.134s][info][gc,heap        ] GC(1162) Tenured: 349539K(349568K)->349374K(349568K)
[52.134s][info][gc,metaspace   ] GC(1162) Metaspace: 31038K(31360K)->31038K(31360K) NonClass: 27783K(27904K)->27783K(27904K) Class: 3254K(3456K)->3254K(3456K)
[52.134s][info][gc             ] GC(1162) Pause Full (Allocation Failure) 494M->361M(494M) 47.238ms
[52.134s][info][gc,cpu         ] GC(1162) User=0.04s Sys=0.01s Real=0.05s
[52.144s][info][gc,start       ] GC(1163) Pause Full (Allocation Failure)
[52.144s][info][gc,phases,start] GC(1163) Phase 1: Mark live objects
[52.153s][info][gc,phases      ] GC(1163) Phase 1: Mark live objects 8.447ms
[52.153s][info][gc,phases,start] GC(1163) Phase 2: Compute new object addresses
[52.157s][info][gc,phases      ] GC(1163) Phase 2: Compute new object addresses 4.283ms
[52.157s][info][gc,phases,start] GC(1163) Phase 3: Adjust pointers
[52.163s][info][gc,phases      ] GC(1163) Phase 3: Adjust pointers 5.783ms
[52.163s][info][gc,phases,start] GC(1163) Phase 4: Move objects
[52.184s][info][gc,phases      ] GC(1163) Phase 4: Move objects 21.148ms
[52.184s][info][gc,heap        ] GC(1163) DefNew: 156372K(157248K)->37816K(157248K) Eden: 139776K(139776K)->37816K(139776K) From: 16596K(17472K)->0K(17472K)
[52.184s][info][gc,heap        ] GC(1163) Tenured: 349374K(349568K)->349540K(349568K)
[52.184s][info][gc,metaspace   ] GC(1163) Metaspace: 31038K(31360K)->31038K(31360K) NonClass: 27783K(27904K)->27783K(27904K) Class: 3254K(3456K)->3254K(3456K)
[52.184s][info][gc             ] GC(1163) Pause Full (Allocation Failure) 493M->378M(494M) 40.096ms
[52.184s][info][gc,cpu         ] GC(1163) User=0.04s Sys=0.00s Real=0.04s
[52.191s][info][gc,start       ] GC(1164) Pause Full (Allocation Failure)
[52.192s][info][gc,phases,start] GC(1164) Phase 1: Mark live objects
[52.201s][info][gc,phases      ] GC(1164) Phase 1: Mark live objects 9.276ms
[52.201s][info][gc,phases,start] GC(1164) Phase 2: Compute new object addresses
[52.205s][info][gc,phases      ] GC(1164) Phase 2: Compute new object addresses 4.441ms
[52.205s][info][gc,phases,start] GC(1164) Phase 3: Adjust pointers
[52.211s][info][gc,phases      ] GC(1164) Phase 3: Adjust pointers 5.889ms
[52.211s][info][gc,phases,start] GC(1164) Phase 4: Move objects
[52.238s][info][gc,phases      ] GC(1164) Phase 4: Move objects 26.306ms
[52.238s][info][gc,heap        ] GC(1164) DefNew: 157081K(157248K)->39957K(157248K) Eden: 139776K(139776K)->39957K(139776K) From: 17305K(17472K)->0K(17472K)
[52.238s][info][gc,heap        ] GC(1164) Tenured: 349540K(349568K)->349539K(349568K)
[52.238s][info][gc,metaspace   ] GC(1164) Metaspace: 31038K(31360K)->31038K(31360K) NonClass: 27783K(27904K)->27783K(27904K) Class: 3254K(3456K)->3254K(3456K)
[52.238s][info][gc             ] GC(1164) Pause Full (Allocation Failure) 494M->380M(494M) 46.346ms
[52.238s][info][gc,cpu         ] GC(1164) User=0.04s Sys=0.00s Real=0.04s
[52.249s][info][gc,start       ] GC(1165) Pause Full (Allocation Failure)
[52.249s][info][gc,phases,start] GC(1165) Phase 1: Mark live objects
[52.258s][info][gc,phases      ] GC(1165) Phase 1: Mark live objects 9.306ms
[52.258s][info][gc,phases,start] GC(1165) Phase 2: Compute new object addresses
[52.263s][info][gc,phases      ] GC(1165) Phase 2: Compute new object addresses 4.531ms
[52.263s][info][gc,phases,start] GC(1165) Phase 3: Adjust pointers
[52.269s][info][gc,phases      ] GC(1165) Phase 3: Adjust pointers 6.231ms
[52.269s][info][gc,phases,start] GC(1165) Phase 4: Move objects
[52.300s][info][gc,phases      ] GC(1165) Phase 4: Move objects 30.859ms
[52.300s][info][gc,heap        ] GC(1165) DefNew: 157196K(157248K)->20701K(157248K) Eden: 139776K(139776K)->20701K(139776K) From: 17420K(17472K)->0K(17472K)
[52.300s][info][gc,heap        ] GC(1165) Tenured: 349539K(349568K)->348763K(349568K)
[52.300s][info][gc,metaspace   ] GC(1165) Metaspace: 31038K(31360K)->31038K(31360K) NonClass: 27784K(27904K)->27784K(27904K) Class: 3254K(3456K)->3254K(3456K)
[52.300s][info][gc             ] GC(1165) Pause Full (Allocation Failure) 494M->360M(494M) 51.386ms
[52.300s][info][gc,cpu         ] GC(1165) User=0.05s Sys=0.00s Real=0.05s
[52.310s][info][gc,start       ] GC(1166) Pause Full (Allocation Failure)
[52.311s][info][gc,phases,start] GC(1166) Phase 1: Mark live objects
[52.319s][info][gc,phases      ] GC(1166) Phase 1: Mark live objects 8.968ms
[52.320s][info][gc,phases,start] GC(1166) Phase 2: Compute new object addresses
[52.324s][info][gc,phases      ] GC(1166) Phase 2: Compute new object addresses 4.472ms
[52.324s][info][gc,phases,start] GC(1166) Phase 3: Adjust pointers
[52.330s][info][gc,phases      ] GC(1166) Phase 3: Adjust pointers 5.720ms
[52.330s][info][gc,phases,start] GC(1166) Phase 4: Move objects
[52.356s][info][gc,phases      ] GC(1166) Phase 4: Move objects 26.259ms
[52.356s][info][gc,heap        ] GC(1166) DefNew: 157055K(157248K)->20180K(157248K) Eden: 139776K(139776K)->20180K(139776K) From: 17279K(17472K)->0K(17472K)
[52.356s][info][gc,heap        ] GC(1166) Tenured: 349531K(349568K)->349520K(349568K)
[52.356s][info][gc,metaspace   ] GC(1166) Metaspace: 31038K(31360K)->31038K(31360K) NonClass: 27784K(27904K)->27784K(27904K) Class: 3254K(3456K)->3254K(3456K)
[52.356s][info][gc             ] GC(1166) Pause Full (Allocation Failure) 494M->361M(494M) 45.848ms
[52.356s][info][gc,cpu         ] GC(1166) User=0.04s Sys=0.00s Real=0.04s
[52.365s][info][gc,start       ] GC(1167) Pause Full (Allocation Failure)
[52.365s][info][gc,phases,start] GC(1167) Phase 1: Mark live objects
[52.374s][info][gc,phases      ] GC(1167) Phase 1: Mark live objects 9.150ms
[52.374s][info][gc,phases,start] GC(1167) Phase 2: Compute new object addresses
[52.379s][info][gc,phases      ] GC(1167) Phase 2: Compute new object addresses 4.632ms
[52.379s][info][gc,phases,start] GC(1167) Phase 3: Adjust pointers
[52.385s][info][gc,phases      ] GC(1167) Phase 3: Adjust pointers 6.049ms
[52.385s][info][gc,phases,start] GC(1167) Phase 4: Move objects
[52.389s][info][gc,phases      ] GC(1167) Phase 4: Move objects 4.039ms
[52.389s][info][gc,heap        ] GC(1167) DefNew: 157196K(157248K)->41669K(157248K) Eden: 139776K(139776K)->41669K(139776K) From: 17420K(17472K)->0K(17472K)
[52.389s][info][gc,heap        ] GC(1167) Tenured: 349520K(349568K)->349358K(349568K)
[52.389s][info][gc,metaspace   ] GC(1167) Metaspace: 31038K(31360K)->31038K(31360K) NonClass: 27784K(27904K)->27784K(27904K) Class: 3254K(3456K)->3254K(3456K)
[52.389s][info][gc             ] GC(1167) Pause Full (Allocation Failure) 494M->381M(494M) 24.301ms
[52.389s][info][gc,cpu         ] GC(1167) User=0.03s Sys=0.00s Real=0.02s
[52.400s][info][gc,start       ] GC(1168) Pause Full (Allocation Failure)
[52.400s][info][gc,phases,start] GC(1168) Phase 1: Mark live objects
[52.408s][info][gc,phases      ] GC(1168) Phase 1: Mark live objects 8.535ms
[52.408s][info][gc,phases,start] GC(1168) Phase 2: Compute new object addresses
[52.412s][info][gc,phases      ] GC(1168) Phase 2: Compute new object addresses 4.082ms
[52.412s][info][gc,phases,start] GC(1168) Phase 3: Adjust pointers
[52.418s][info][gc,phases      ] GC(1168) Phase 3: Adjust pointers 5.701ms
[52.418s][info][gc,phases,start] GC(1168) Phase 4: Move objects
[52.446s][info][gc,phases      ] GC(1168) Phase 4: Move objects 27.739ms
[52.446s][info][gc,heap        ] GC(1168) DefNew: 156463K(157248K)->37294K(157248K) Eden: 139776K(139776K)->37294K(139776K) From: 16687K(17472K)->0K(17472K)
[52.446s][info][gc,heap        ] GC(1168) Tenured: 349358K(349568K)->349535K(349568K)
[52.446s][info][gc,metaspace   ] GC(1168) Metaspace: 31038K(31360K)->31038K(31360K) NonClass: 27784K(27904K)->27784K(27904K) Class: 3254K(3456K)->3254K(3456K)
[52.446s][info][gc             ] GC(1168) Pause Full (Allocation Failure) 493M->377M(494M) 46.513ms
[52.446s][info][gc,cpu         ] GC(1168) User=0.04s Sys=0.00s Real=0.05s
[52.453s][info][gc,start       ] GC(1169) Pause Full (Allocation Failure)
[52.454s][info][gc,phases,start] GC(1169) Phase 1: Mark live objects
[52.466s][info][gc,phases      ] GC(1169) Phase 1: Mark live objects 12.176ms
[52.466s][info][gc,phases,start] GC(1169) Phase 2: Compute new object addresses
[52.470s][info][gc,phases      ] GC(1169) Phase 2: Compute new object addresses 4.471ms
[52.470s][info][gc,phases,start] GC(1169) Phase 3: Adjust pointers
[52.476s][info][gc,phases      ] GC(1169) Phase 3: Adjust pointers 5.979ms
[52.476s][info][gc,phases,start] GC(1169) Phase 4: Move objects
[52.502s][info][gc,phases      ] GC(1169) Phase 4: Move objects 26.108ms
[52.503s][info][gc,heap        ] GC(1169) DefNew: 157202K(157248K)->39424K(157248K) Eden: 139776K(139776K)->39424K(139776K) From: 17426K(17472K)->0K(17472K)
[52.503s][info][gc,heap        ] GC(1169) Tenured: 349535K(349568K)->349539K(349568K)
[52.503s][info][gc,metaspace   ] GC(1169) Metaspace: 31038K(31360K)->31038K(31360K) NonClass: 27784K(27904K)->27784K(27904K) Class: 3254K(3456K)->3254K(3456K)
[52.503s][info][gc             ] GC(1169) Pause Full (Allocation Failure) 494M->379M(494M) 49.230ms
[52.503s][info][gc,cpu         ] GC(1169) User=0.05s Sys=0.00s Real=0.05s
[52.514s][info][gc,start       ] GC(1170) Pause Full (Allocation Failure)
[52.514s][info][gc,phases,start] GC(1170) Phase 1: Mark live objects
[52.523s][info][gc,phases      ] GC(1170) Phase 1: Mark live objects 9.005ms
[52.523s][info][gc,phases,start] GC(1170) Phase 2: Compute new object addresses
[52.527s][info][gc,phases      ] GC(1170) Phase 2: Compute new object addresses 4.050ms
[52.527s][info][gc,phases,start] GC(1170) Phase 3: Adjust pointers
[52.533s][info][gc,phases      ] GC(1170) Phase 3: Adjust pointers 5.567ms
[52.533s][info][gc,phases,start] GC(1170) Phase 4: Move objects
[52.560s][info][gc,phases      ] GC(1170) Phase 4: Move objects 27.489ms
[52.560s][info][gc,heap        ] GC(1170) DefNew: 156932K(157248K)->18247K(157248K) Eden: 139776K(139776K)->18247K(139776K) From: 17156K(17472K)->0K(17472K)
[52.560s][info][gc,heap        ] GC(1170) Tenured: 349539K(349568K)->349559K(349568K)
[52.560s][info][gc,metaspace   ] GC(1170) Metaspace: 31038K(31360K)->31038K(31360K) NonClass: 27784K(27904K)->27784K(27904K) Class: 3254K(3456K)->3254K(3456K)
[52.560s][info][gc             ] GC(1170) Pause Full (Allocation Failure) 494M->359M(494M) 46.537ms
[52.560s][info][gc,cpu         ] GC(1170) User=0.05s Sys=0.00s Real=0.04s
[52.571s][info][gc,start       ] GC(1171) Pause Full (Allocation Failure)
[52.571s][info][gc,phases,start] GC(1171) Phase 1: Mark live objects
[52.580s][info][gc,phases      ] GC(1171) Phase 1: Mark live objects 9.065ms
[52.580s][info][gc,phases,start] GC(1171) Phase 2: Compute new object addresses
[52.585s][info][gc,phases      ] GC(1171) Phase 2: Compute new object addresses 4.597ms
[52.585s][info][gc,phases,start] GC(1171) Phase 3: Adjust pointers
[52.591s][info][gc,phases      ] GC(1171) Phase 3: Adjust pointers 5.825ms
[52.591s][info][gc,phases,start] GC(1171) Phase 4: Move objects
[52.612s][info][gc,phases      ] GC(1171) Phase 4: Move objects 21.262ms
[52.612s][info][gc,heap        ] GC(1171) DefNew: 157083K(157248K)->34326K(157248K) Eden: 139776K(139776K)->34326K(139776K) From: 17307K(17472K)->0K(17472K)
[52.612s][info][gc,heap        ] GC(1171) Tenured: 349559K(349568K)->349501K(349568K)
[52.612s][info][gc,metaspace   ] GC(1171) Metaspace: 31038K(31360K)->31038K(31360K) NonClass: 27784K(27904K)->27784K(27904K) Class: 3254K(3456K)->3254K(3456K)
[52.612s][info][gc             ] GC(1171) Pause Full (Allocation Failure) 494M->374M(494M) 41.186ms
[52.612s][info][gc,cpu         ] GC(1171) User=0.04s Sys=0.00s Real=0.04s
[52.623s][info][gc,start       ] GC(1172) Pause Full (Allocation Failure)
[52.623s][info][gc,phases,start] GC(1172) Phase 1: Mark live objects
[52.632s][info][gc,phases      ] GC(1172) Phase 1: Mark live objects 9.301ms
[52.632s][info][gc,phases,start] GC(1172) Phase 2: Compute new object addresses
[52.637s][info][gc,phases      ] GC(1172) Phase 2: Compute new object addresses 4.655ms
[52.637s][info][gc,phases,start] GC(1172) Phase 3: Adjust pointers
[52.643s][info][gc,phases      ] GC(1172) Phase 3: Adjust pointers 6.070ms
[52.643s][info][gc,phases,start] GC(1172) Phase 4: Move objects
[52.669s][info][gc,phases      ] GC(1172) Phase 4: Move objects 25.561ms
[52.669s][info][gc,heap        ] GC(1172) DefNew: 157183K(157248K)->32660K(157248K) Eden: 139776K(139776K)->32660K(139776K) From: 17407K(17472K)->0K(17472K)
[52.669s][info][gc,heap        ] GC(1172) Tenured: 349501K(349568K)->349538K(349568K)
[52.669s][info][gc,metaspace   ] GC(1172) Metaspace: 31038K(31360K)->31038K(31360K) NonClass: 27784K(27904K)->27784K(27904K) Class: 3254K(3456K)->3254K(3456K)
[52.669s][info][gc             ] GC(1172) Pause Full (Allocation Failure) 494M->373M(494M) 46.050ms
[52.669s][info][gc,cpu         ] GC(1172) User=0.05s Sys=0.00s Real=0.04s
[52.680s][info][gc,start       ] GC(1173) Pause Full (Allocation Failure)
[52.680s][info][gc,phases,start] GC(1173) Phase 1: Mark live objects
[52.689s][info][gc,phases      ] GC(1173) Phase 1: Mark live objects 9.013ms
[52.689s][info][gc,phases,start] GC(1173) Phase 2: Compute new object addresses
[52.693s][info][gc,phases      ] GC(1173) Phase 2: Compute new object addresses 4.497ms
[52.693s][info][gc,phases,start] GC(1173) Phase 3: Adjust pointers
[52.699s][info][gc,phases      ] GC(1173) Phase 3: Adjust pointers 5.864ms
[52.699s][info][gc,phases,start] GC(1173) Phase 4: Move objects
[52.725s][info][gc,phases      ] GC(1173) Phase 4: Move objects 25.630ms
[52.725s][info][gc,heap        ] GC(1173) DefNew: 157072K(157248K)->32753K(157248K) Eden: 139776K(139776K)->32753K(139776K) From: 17296K(17472K)->0K(17472K)
[52.725s][info][gc,heap        ] GC(1173) Tenured: 349538K(349568K)->349540K(349568K)
[52.725s][info][gc,metaspace   ] GC(1173) Metaspace: 31038K(31360K)->31038K(31360K) NonClass: 27784K(27904K)->27784K(27904K) Class: 3254K(3456K)->3254K(3456K)
[52.725s][info][gc             ] GC(1173) Pause Full (Allocation Failure) 494M->373M(494M) 45.450ms
[52.725s][info][gc,cpu         ] GC(1173) User=0.05s Sys=0.00s Real=0.05s
[52.736s][info][gc,start       ] GC(1174) Pause Full (Allocation Failure)
[52.736s][info][gc,phases,start] GC(1174) Phase 1: Mark live objects
[52.745s][info][gc,phases      ] GC(1174) Phase 1: Mark live objects 9.196ms
[52.745s][info][gc,phases,start] GC(1174) Phase 2: Compute new object addresses
[52.749s][info][gc,phases      ] GC(1174) Phase 2: Compute new object addresses 4.294ms
[52.749s][info][gc,phases,start] GC(1174) Phase 3: Adjust pointers
[52.755s][info][gc,phases      ] GC(1174) Phase 3: Adjust pointers 6.022ms
[52.755s][info][gc,phases,start] GC(1174) Phase 4: Move objects
[52.782s][info][gc,phases      ] GC(1174) Phase 4: Move objects 26.730ms
[52.782s][info][gc,heap        ] GC(1174) DefNew: 157027K(157248K)->14659K(157248K) Eden: 139776K(139776K)->14659K(139776K) From: 17251K(17472K)->0K(17472K)
[52.782s][info][gc,heap        ] GC(1174) Tenured: 349540K(349568K)->349415K(349568K)
[52.782s][info][gc,metaspace   ] GC(1174) Metaspace: 31038K(31360K)->31038K(31360K) NonClass: 27784K(27904K)->27784K(27904K) Class: 3254K(3456K)->3254K(3456K)
[52.782s][info][gc             ] GC(1174) Pause Full (Allocation Failure) 494M->355M(494M) 46.674ms
[52.782s][info][gc,cpu         ] GC(1174) User=0.04s Sys=0.00s Real=0.05s
[52.793s][info][gc,start       ] GC(1175) Pause Full (Allocation Failure)
[52.793s][info][gc,phases,start] GC(1175) Phase 1: Mark live objects
[52.802s][info][gc,phases      ] GC(1175) Phase 1: Mark live objects 9.017ms
[52.802s][info][gc,phases,start] GC(1175) Phase 2: Compute new object addresses
[52.807s][info][gc,phases      ] GC(1175) Phase 2: Compute new object addresses 4.755ms
[52.807s][info][gc,phases,start] GC(1175) Phase 3: Adjust pointers
[52.813s][info][gc,phases      ] GC(1175) Phase 3: Adjust pointers 5.859ms
[52.813s][info][gc,phases,start] GC(1175) Phase 4: Move objects
[52.834s][info][gc,phases      ] GC(1175) Phase 4: Move objects 20.975ms
[52.834s][info][gc,heap        ] GC(1175) DefNew: 156598K(157248K)->31462K(157248K) Eden: 139776K(139776K)->31462K(139776K) From: 16822K(17472K)->0K(17472K)
[52.834s][info][gc,heap        ] GC(1175) Tenured: 349415K(349568K)->349538K(349568K)
[52.834s][info][gc,metaspace   ] GC(1175) Metaspace: 31038K(31360K)->31038K(31360K) NonClass: 27784K(27904K)->27784K(27904K) Class: 3254K(3456K)->3254K(3456K)
[52.834s][info][gc             ] GC(1175) Pause Full (Allocation Failure) 494M->372M(494M) 41.090ms
[52.834s][info][gc,cpu         ] GC(1175) User=0.04s Sys=0.00s Real=0.04s
[52.845s][info][gc,start       ] GC(1176) Pause Full (Allocation Failure)
[52.845s][info][gc,phases,start] GC(1176) Phase 1: Mark live objects
[52.854s][info][gc,phases      ] GC(1176) Phase 1: Mark live objects 8.843ms
[52.854s][info][gc,phases,start] GC(1176) Phase 2: Compute new object addresses
[52.858s][info][gc,phases      ] GC(1176) Phase 2: Compute new object addresses 4.307ms
[52.858s][info][gc,phases,start] GC(1176) Phase 3: Adjust pointers
[52.864s][info][gc,phases      ] GC(1176) Phase 3: Adjust pointers 5.756ms
[52.864s][info][gc,phases,start] GC(1176) Phase 4: Move objects
[52.889s][info][gc,phases      ] GC(1176) Phase 4: Move objects 25.173ms
[52.889s][info][gc,heap        ] GC(1176) DefNew: 157142K(157248K)->28038K(157248K) Eden: 139776K(139776K)->28038K(139776K) From: 17366K(17472K)->0K(17472K)
[52.889s][info][gc,heap        ] GC(1176) Tenured: 349538K(349568K)->349538K(349568K)
[52.889s][info][gc,metaspace   ] GC(1176) Metaspace: 31038K(31360K)->31038K(31360K) NonClass: 27784K(27904K)->27784K(27904K) Class: 3254K(3456K)->3254K(3456K)
[52.889s][info][gc             ] GC(1176) Pause Full (Allocation Failure) 494M->368M(494M) 44.496ms
[52.889s][info][gc,cpu         ] GC(1176) User=0.04s Sys=0.00s Real=0.04s
[52.900s][info][gc,start       ] GC(1177) Pause Full (Allocation Failure)
[52.900s][info][gc,phases,start] GC(1177) Phase 1: Mark live objects
[52.909s][info][gc,phases      ] GC(1177) Phase 1: Mark live objects 9.268ms
[52.909s][info][gc,phases,start] GC(1177) Phase 2: Compute new object addresses
[52.914s][info][gc,phases      ] GC(1177) Phase 2: Compute new object addresses 4.501ms
[52.914s][info][gc,phases,start] GC(1177) Phase 3: Adjust pointers
[52.920s][info][gc,phases      ] GC(1177) Phase 3: Adjust pointers 5.843ms
[52.920s][info][gc,phases,start] GC(1177) Phase 4: Move objects
[52.946s][info][gc,phases      ] GC(1177) Phase 4: Move objects 26.378ms
[52.946s][info][gc,heap        ] GC(1177) DefNew: 157179K(157248K)->13918K(157248K) Eden: 139776K(139776K)->13918K(139776K) From: 17403K(17472K)->0K(17472K)
[52.946s][info][gc,heap        ] GC(1177) Tenured: 349538K(349568K)->349373K(349568K)
[52.946s][info][gc,metaspace   ] GC(1177) Metaspace: 31038K(31360K)->31038K(31360K) NonClass: 27784K(27904K)->27784K(27904K) Class: 3254K(3456K)->3254K(3456K)
[52.946s][info][gc             ] GC(1177) Pause Full (Allocation Failure) 494M->354M(494M) 46.445ms
[52.946s][info][gc,cpu         ] GC(1177) User=0.04s Sys=0.00s Real=0.05s
[52.953s][info][gc,start       ] GC(1178) Pause Full (Allocation Failure)
[52.954s][info][gc,phases,start] GC(1178) Phase 1: Mark live objects
[52.963s][info][gc,phases      ] GC(1178) Phase 1: Mark live objects 9.045ms
[52.963s][info][gc,phases,start] GC(1178) Phase 2: Compute new object addresses
[52.967s][info][gc,phases      ] GC(1178) Phase 2: Compute new object addresses 4.380ms
[52.967s][info][gc,phases,start] GC(1178) Phase 3: Adjust pointers
[52.973s][info][gc,phases      ] GC(1178) Phase 3: Adjust pointers 5.682ms
[52.973s][info][gc,phases,start] GC(1178) Phase 4: Move objects
[52.998s][info][gc,phases      ] GC(1178) Phase 4: Move objects 25.520ms
[52.999s][info][gc,heap        ] GC(1178) DefNew: 157016K(157248K)->19018K(157248K) Eden: 139776K(139776K)->19018K(139776K) From: 17240K(17472K)->0K(17472K)
[52.999s][info][gc,heap        ] GC(1178) Tenured: 349373K(349568K)->349555K(349568K)
[52.999s][info][gc,metaspace   ] GC(1178) Metaspace: 31038K(31360K)->31038K(31360K) NonClass: 27784K(27904K)->27784K(27904K) Class: 3254K(3456K)->3254K(3456K)
[52.999s][info][gc             ] GC(1178) Pause Full (Allocation Failure) 494M->359M(494M) 45.150ms
[52.999s][info][gc,cpu         ] GC(1178) User=0.04s Sys=0.00s Real=0.04s
[53.009s][info][gc,start       ] GC(1179) Pause Full (Allocation Failure)
[53.009s][info][gc,phases,start] GC(1179) Phase 1: Mark live objects
[53.019s][info][gc,phases      ] GC(1179) Phase 1: Mark live objects 9.290ms
[53.019s][info][gc,phases,start] GC(1179) Phase 2: Compute new object addresses
[53.023s][info][gc,phases      ] GC(1179) Phase 2: Compute new object addresses 4.775ms
[53.023s][info][gc,phases,start] GC(1179) Phase 3: Adjust pointers
[53.029s][info][gc,phases      ] GC(1179) Phase 3: Adjust pointers 5.943ms
[53.029s][info][gc,phases,start] GC(1179) Phase 4: Move objects
[53.033s][info][gc,phases      ] GC(1179) Phase 4: Move objects 4.067ms
[53.034s][info][gc,heap        ] GC(1179) DefNew: 157171K(157248K)->38662K(157248K) Eden: 139776K(139776K)->38662K(139776K) From: 17395K(17472K)->0K(17472K)
[53.034s][info][gc,heap        ] GC(1179) Tenured: 349555K(349568K)->349535K(349568K)
[53.034s][info][gc,metaspace   ] GC(1179) Metaspace: 31038K(31360K)->31038K(31360K) NonClass: 27784K(27904K)->27784K(27904K) Class: 3254K(3456K)->3254K(3456K)
[53.034s][info][gc             ] GC(1179) Pause Full (Allocation Failure) 494M->379M(494M) 24.613ms
[53.034s][info][gc,cpu         ] GC(1179) User=0.03s Sys=0.00s Real=0.03s
[53.044s][info][gc,start       ] GC(1180) Pause Full (Allocation Failure)
[53.044s][info][gc,phases,start] GC(1180) Phase 1: Mark live objects
[53.053s][info][gc,phases      ] GC(1180) Phase 1: Mark live objects 8.741ms
[53.053s][info][gc,phases,start] GC(1180) Phase 2: Compute new object addresses
[53.057s][info][gc,phases      ] GC(1180) Phase 2: Compute new object addresses 4.277ms
[53.057s][info][gc,phases,start] GC(1180) Phase 3: Adjust pointers
[53.063s][info][gc,phases      ] GC(1180) Phase 3: Adjust pointers 5.581ms
[53.063s][info][gc,phases,start] GC(1180) Phase 4: Move objects
[53.087s][info][gc,phases      ] GC(1180) Phase 4: Move objects 23.985ms
[53.087s][info][gc,heap        ] GC(1180) DefNew: 156937K(157248K)->35494K(157248K) Eden: 139776K(139776K)->35494K(139776K) From: 17161K(17472K)->0K(17472K)
[53.087s][info][gc,heap        ] GC(1180) Tenured: 349535K(349568K)->349543K(349568K)
[53.087s][info][gc,metaspace   ] GC(1180) Metaspace: 31038K(31360K)->31038K(31360K) NonClass: 27784K(27904K)->27784K(27904K) Class: 3254K(3456K)->3254K(3456K)
[53.087s][info][gc             ] GC(1180) Pause Full (Allocation Failure) 494M->376M(494M) 42.998ms
[53.087s][info][gc,cpu         ] GC(1180) User=0.04s Sys=0.00s Real=0.04s
[53.095s][info][gc,start       ] GC(1181) Pause Full (Allocation Failure)
[53.096s][info][gc,phases,start] GC(1181) Phase 1: Mark live objects
[53.104s][info][gc,phases      ] GC(1181) Phase 1: Mark live objects 8.565ms
[53.104s][info][gc,phases,start] GC(1181) Phase 2: Compute new object addresses
[53.108s][info][gc,phases      ] GC(1181) Phase 2: Compute new object addresses 4.307ms
[53.108s][info][gc,phases,start] GC(1181) Phase 3: Adjust pointers
[53.114s][info][gc,phases      ] GC(1181) Phase 3: Adjust pointers 5.787ms
[53.114s][info][gc,phases,start] GC(1181) Phase 4: Move objects
[53.140s][info][gc,phases      ] GC(1181) Phase 4: Move objects 25.922ms
[53.140s][info][gc,heap        ] GC(1181) DefNew: 157208K(157248K)->32494K(157248K) Eden: 139776K(139776K)->32494K(139776K) From: 17432K(17472K)->0K(17472K)
[53.140s][info][gc,heap        ] GC(1181) Tenured: 349543K(349568K)->349533K(349568K)
[53.140s][info][gc,metaspace   ] GC(1181) Metaspace: 31038K(31360K)->31038K(31360K) NonClass: 27784K(27904K)->27784K(27904K) Class: 3254K(3456K)->3254K(3456K)
[53.140s][info][gc             ] GC(1181) Pause Full (Allocation Failure) 494M->373M(494M) 45.009ms
[53.140s][info][gc,cpu         ] GC(1181) User=0.04s Sys=0.00s Real=0.04s
[53.151s][info][gc,start       ] GC(1182) Pause Full (Allocation Failure)
[53.151s][info][gc,phases,start] GC(1182) Phase 1: Mark live objects
[53.161s][info][gc,phases      ] GC(1182) Phase 1: Mark live objects 9.236ms
[53.161s][info][gc,phases,start] GC(1182) Phase 2: Compute new object addresses
[53.165s][info][gc,phases      ] GC(1182) Phase 2: Compute new object addresses 4.117ms
[53.165s][info][gc,phases,start] GC(1182) Phase 3: Adjust pointers
[53.171s][info][gc,phases      ] GC(1182) Phase 3: Adjust pointers 5.796ms
[53.171s][info][gc,phases,start] GC(1182) Phase 4: Move objects
[53.198s][info][gc,phases      ] GC(1182) Phase 4: Move objects 27.200ms
[53.198s][info][gc,heap        ] GC(1182) DefNew: 156895K(157248K)->15693K(157248K) Eden: 139776K(139776K)->15693K(139776K) From: 17119K(17472K)->0K(17472K)
[53.198s][info][gc,heap        ] GC(1182) Tenured: 349533K(349568K)->349551K(349568K)
[53.198s][info][gc,metaspace   ] GC(1182) Metaspace: 31038K(31360K)->31038K(31360K) NonClass: 27784K(27904K)->27784K(27904K) Class: 3254K(3456K)->3254K(3456K)
[53.198s][info][gc             ] GC(1182) Pause Full (Allocation Failure) 494M->356M(494M) 46.810ms
[53.198s][info][gc,cpu         ] GC(1182) User=0.04s Sys=0.00s Real=0.04s
[53.208s][info][gc,start       ] GC(1183) Pause Full (Allocation Failure)
[53.209s][info][gc,phases,start] GC(1183) Phase 1: Mark live objects
[53.218s][info][gc,phases      ] GC(1183) Phase 1: Mark live objects 9.106ms
[53.218s][info][gc,phases,start] GC(1183) Phase 2: Compute new object addresses
[53.223s][info][gc,phases      ] GC(1183) Phase 2: Compute new object addresses 5.243ms
[53.223s][info][gc,phases,start] GC(1183) Phase 3: Adjust pointers
[53.229s][info][gc,phases      ] GC(1183) Phase 3: Adjust pointers 5.988ms
[53.229s][info][gc,phases,start] GC(1183) Phase 4: Move objects
[53.249s][info][gc,phases      ] GC(1183) Phase 4: Move objects 19.952ms
[53.249s][info][gc,heap        ] GC(1183) DefNew: 157027K(157248K)->35836K(157248K) Eden: 139776K(139776K)->35836K(139776K) From: 17251K(17472K)->0K(17472K)
[53.249s][info][gc,heap        ] GC(1183) Tenured: 349551K(349568K)->349534K(349568K)
[53.249s][info][gc,metaspace   ] GC(1183) Metaspace: 31038K(31360K)->31038K(31360K) NonClass: 27784K(27904K)->27784K(27904K) Class: 3254K(3456K)->3254K(3456K)
[53.249s][info][gc             ] GC(1183) Pause Full (Allocation Failure) 494M->376M(494M) 40.720ms
[53.249s][info][gc,cpu         ] GC(1183) User=0.04s Sys=0.00s Real=0.04s
[53.260s][info][gc,start       ] GC(1184) Pause Full (Allocation Failure)
[53.260s][info][gc,phases,start] GC(1184) Phase 1: Mark live objects
[53.269s][info][gc,phases      ] GC(1184) Phase 1: Mark live objects 8.537ms
[53.269s][info][gc,phases,start] GC(1184) Phase 2: Compute new object addresses
[53.273s][info][gc,phases      ] GC(1184) Phase 2: Compute new object addresses 4.600ms
[53.273s][info][gc,phases,start] GC(1184) Phase 3: Adjust pointers
[53.279s][info][gc,phases      ] GC(1184) Phase 3: Adjust pointers 6.134ms
[53.279s][info][gc,phases,start] GC(1184) Phase 4: Move objects
[53.308s][info][gc,phases      ] GC(1184) Phase 4: Move objects 28.759ms
[53.308s][info][gc,heap        ] GC(1184) DefNew: 156643K(157248K)->31378K(157248K) Eden: 139776K(139776K)->31378K(139776K) From: 16867K(17472K)->0K(17472K)
[53.309s][info][gc,heap        ] GC(1184) Tenured: 349534K(349568K)->349536K(349568K)
[53.309s][info][gc,metaspace   ] GC(1184) Metaspace: 31039K(31360K)->31039K(31360K) NonClass: 27785K(27904K)->27785K(27904K) Class: 3254K(3456K)->3254K(3456K)
[53.309s][info][gc             ] GC(1184) Pause Full (Allocation Failure) 494M->371M(494M) 48.496ms
[53.309s][info][gc,cpu         ] GC(1184) User=0.05s Sys=0.00s Real=0.05s
[53.319s][info][gc,start       ] GC(1185) Pause Full (Allocation Failure)
[53.319s][info][gc,phases,start] GC(1185) Phase 1: Mark live objects
[53.329s][info][gc,phases      ] GC(1185) Phase 1: Mark live objects 9.235ms
[53.329s][info][gc,phases,start] GC(1185) Phase 2: Compute new object addresses
[53.333s][info][gc,phases      ] GC(1185) Phase 2: Compute new object addresses 4.541ms
[53.333s][info][gc,phases,start] GC(1185) Phase 3: Adjust pointers
[53.339s][info][gc,phases      ] GC(1185) Phase 3: Adjust pointers 6.109ms
[53.339s][info][gc,phases,start] GC(1185) Phase 4: Move objects
[53.365s][info][gc,phases      ] GC(1185) Phase 4: Move objects 25.199ms
[53.365s][info][gc,heap        ] GC(1185) DefNew: 156380K(157248K)->30467K(157248K) Eden: 139776K(139776K)->30467K(139776K) From: 16604K(17472K)->0K(17472K)
[53.365s][info][gc,heap        ] GC(1185) Tenured: 349536K(349568K)->349501K(349568K)
[53.365s][info][gc,metaspace   ] GC(1185) Metaspace: 31039K(31360K)->31039K(31360K) NonClass: 27785K(27904K)->27785K(27904K) Class: 3254K(3456K)->3254K(3456K)
[53.365s][info][gc             ] GC(1185) Pause Full (Allocation Failure) 494M->371M(494M) 45.524ms
[53.365s][info][gc,cpu         ] GC(1185) User=0.05s Sys=0.00s Real=0.05s
[53.375s][info][gc,start       ] GC(1186) Pause Full (Allocation Failure)
[53.375s][info][gc,phases,start] GC(1186) Phase 1: Mark live objects
[53.384s][info][gc,phases      ] GC(1186) Phase 1: Mark live objects 8.836ms
[53.384s][info][gc,phases,start] GC(1186) Phase 2: Compute new object addresses
[53.389s][info][gc,phases      ] GC(1186) Phase 2: Compute new object addresses 4.218ms
[53.389s][info][gc,phases,start] GC(1186) Phase 3: Adjust pointers
[53.394s][info][gc,phases      ] GC(1186) Phase 3: Adjust pointers 5.843ms
[53.394s][info][gc,phases,start] GC(1186) Phase 4: Move objects
[53.421s][info][gc,phases      ] GC(1186) Phase 4: Move objects 26.204ms
[53.421s][info][gc,heap        ] GC(1186) DefNew: 157162K(157248K)->12362K(157248K) Eden: 139776K(139776K)->12362K(139776K) From: 17386K(17472K)->0K(17472K)
[53.421s][info][gc,heap        ] GC(1186) Tenured: 349501K(349568K)->349394K(349568K)
[53.421s][info][gc,metaspace   ] GC(1186) Metaspace: 31039K(31360K)->31039K(31360K) NonClass: 27785K(27904K)->27785K(27904K) Class: 3254K(3456K)->3254K(3456K)
[53.421s][info][gc             ] GC(1186) Pause Full (Allocation Failure) 494M->353M(494M) 45.552ms
[53.421s][info][gc,cpu         ] GC(1186) User=0.04s Sys=0.00s Real=0.04s
[53.429s][info][gc,start       ] GC(1187) Pause Full (Allocation Failure)
[53.429s][info][gc,phases,start] GC(1187) Phase 1: Mark live objects
[53.439s][info][gc,phases      ] GC(1187) Phase 1: Mark live objects 9.682ms
[53.439s][info][gc,phases,start] GC(1187) Phase 2: Compute new object addresses
[53.444s][info][gc,phases      ] GC(1187) Phase 2: Compute new object addresses 4.922ms
[53.444s][info][gc,phases,start] GC(1187) Phase 3: Adjust pointers
[53.450s][info][gc,phases      ] GC(1187) Phase 3: Adjust pointers 6.667ms
[53.451s][info][gc,phases,start] GC(1187) Phase 4: Move objects
[53.455s][info][gc,phases      ] GC(1187) Phase 4: Move objects 4.402ms
[53.455s][info][gc,heap        ] GC(1187) DefNew: 157104K(157248K)->35321K(157248K) Eden: 139776K(139776K)->35321K(139776K) From: 17328K(17472K)->0K(17472K)
[53.455s][info][gc,heap        ] GC(1187) Tenured: 349394K(349568K)->349356K(349568K)
[53.455s][info][gc,metaspace   ] GC(1187) Metaspace: 31039K(31360K)->31039K(31360K) NonClass: 27785K(27904K)->27785K(27904K) Class: 3254K(3456K)->3254K(3456K)
[53.455s][info][gc             ] GC(1187) Pause Full (Allocation Failure) 494M->375M(494M) 26.160ms
[53.455s][info][gc,cpu         ] GC(1187) User=0.03s Sys=0.00s Real=0.03s
[53.464s][info][gc,start       ] GC(1188) Pause Full (Allocation Failure)
[53.464s][info][gc,phases,start] GC(1188) Phase 1: Mark live objects
[53.474s][info][gc,phases      ] GC(1188) Phase 1: Mark live objects 9.169ms
[53.474s][info][gc,phases,start] GC(1188) Phase 2: Compute new object addresses
[53.478s][info][gc,phases      ] GC(1188) Phase 2: Compute new object addresses 4.589ms
[53.478s][info][gc,phases,start] GC(1188) Phase 3: Adjust pointers
[53.486s][info][gc,phases      ] GC(1188) Phase 3: Adjust pointers 7.258ms
[53.486s][info][gc,phases,start] GC(1188) Phase 4: Move objects
[53.511s][info][gc,phases      ] GC(1188) Phase 4: Move objects 25.319ms
[53.511s][info][gc,heap        ] GC(1188) DefNew: 157029K(157248K)->35998K(157248K) Eden: 139776K(139776K)->35998K(139776K) From: 17253K(17472K)->0K(17472K)
[53.511s][info][gc,heap        ] GC(1188) Tenured: 349356K(349568K)->349529K(349568K)
[53.511s][info][gc,metaspace   ] GC(1188) Metaspace: 31039K(31360K)->31039K(31360K) NonClass: 27785K(27904K)->27785K(27904K) Class: 3254K(3456K)->3254K(3456K)
[53.511s][info][gc             ] GC(1188) Pause Full (Allocation Failure) 494M->376M(494M) 46.776ms
[53.511s][info][gc,cpu         ] GC(1188) User=0.05s Sys=0.00s Real=0.05s
[53.521s][info][gc,start       ] GC(1189) Pause Full (Allocation Failure)
[53.521s][info][gc,phases,start] GC(1189) Phase 1: Mark live objects
[53.529s][info][gc,phases      ] GC(1189) Phase 1: Mark live objects 8.645ms
[53.529s][info][gc,phases,start] GC(1189) Phase 2: Compute new object addresses
[53.534s][info][gc,phases      ] GC(1189) Phase 2: Compute new object addresses 4.459ms
[53.534s][info][gc,phases,start] GC(1189) Phase 3: Adjust pointers
[53.539s][info][gc,phases      ] GC(1189) Phase 3: Adjust pointers 5.712ms
[53.539s][info][gc,phases,start] GC(1189) Phase 4: Move objects
[53.566s][info][gc,phases      ] GC(1189) Phase 4: Move objects 26.276ms
[53.566s][info][gc,heap        ] GC(1189) DefNew: 157247K(157248K)->18081K(157248K) Eden: 139776K(139776K)->18081K(139776K) From: 17471K(17472K)->0K(17472K)
[53.566s][info][gc,heap        ] GC(1189) Tenured: 349568K(349568K)->349567K(349568K)
[53.566s][info][gc,metaspace   ] GC(1189) Metaspace: 31039K(31360K)->31039K(31360K) NonClass: 27785K(27904K)->27785K(27904K) Class: 3254K(3456K)->3254K(3456K)
[53.566s][info][gc             ] GC(1189) Pause Full (Allocation Failure) 494M->359M(494M) 45.528ms
[53.566s][info][gc,cpu         ] GC(1189) User=0.05s Sys=0.00s Real=0.05s
[53.576s][info][gc,start       ] GC(1190) Pause Full (Allocation Failure)
[53.576s][info][gc,phases,start] GC(1190) Phase 1: Mark live objects
[53.585s][info][gc,phases      ] GC(1190) Phase 1: Mark live objects 8.772ms
[53.585s][info][gc,phases,start] GC(1190) Phase 2: Compute new object addresses
[53.590s][info][gc,phases      ] GC(1190) Phase 2: Compute new object addresses 4.479ms
[53.590s][info][gc,phases,start] GC(1190) Phase 3: Adjust pointers
[53.595s][info][gc,phases      ] GC(1190) Phase 3: Adjust pointers 5.713ms
[53.596s][info][gc,phases,start] GC(1190) Phase 4: Move objects
[53.622s][info][gc,phases      ] GC(1190) Phase 4: Move objects 26.815ms
[53.623s][info][gc,heap        ] GC(1190) DefNew: 156627K(157248K)->14434K(157248K) Eden: 139776K(139776K)->14434K(139776K) From: 16851K(17472K)->0K(17472K)
[53.623s][info][gc,heap        ] GC(1190) Tenured: 349567K(349568K)->349540K(349568K)
[53.623s][info][gc,metaspace   ] GC(1190) Metaspace: 31039K(31360K)->31039K(31360K) NonClass: 27785K(27904K)->27785K(27904K) Class: 3254K(3456K)->3254K(3456K)
[53.623s][info][gc             ] GC(1190) Pause Full (Allocation Failure) 494M->355M(494M) 46.191ms
[53.623s][info][gc,cpu         ] GC(1190) User=0.05s Sys=0.00s Real=0.05s
[53.633s][info][gc,start       ] GC(1191) Pause Full (Allocation Failure)
[53.633s][info][gc,phases,start] GC(1191) Phase 1: Mark live objects
[53.642s][info][gc,phases      ] GC(1191) Phase 1: Mark live objects 9.752ms
[53.642s][info][gc,phases,start] GC(1191) Phase 2: Compute new object addresses
[53.647s][info][gc,phases      ] GC(1191) Phase 2: Compute new object addresses 4.962ms
[53.647s][info][gc,phases,start] GC(1191) Phase 3: Adjust pointers
[53.653s][info][gc,phases      ] GC(1191) Phase 3: Adjust pointers 6.043ms
[53.654s][info][gc,phases,start] GC(1191) Phase 4: Move objects
[53.673s][info][gc,phases      ] GC(1191) Phase 4: Move objects 19.252ms
[53.673s][info][gc,heap        ] GC(1191) DefNew: 157248K(157248K)->35098K(157248K) Eden: 139776K(139776K)->35098K(139776K) From: 17472K(17472K)->0K(17472K)
[53.673s][info][gc,heap        ] GC(1191) Tenured: 349568K(349568K)->349500K(349568K)
[53.673s][info][gc,metaspace   ] GC(1191) Metaspace: 31039K(31360K)->31039K(31360K) NonClass: 27785K(27904K)->27785K(27904K) Class: 3254K(3456K)->3254K(3456K)
[53.673s][info][gc             ] GC(1191) Pause Full (Allocation Failure) 494M->375M(494M) 40.450ms
[53.673s][info][gc,cpu         ] GC(1191) User=0.04s Sys=0.00s Real=0.04s
[53.683s][info][gc,start       ] GC(1192) Pause Full (Allocation Failure)
[53.683s][info][gc,phases,start] GC(1192) Phase 1: Mark live objects
[53.692s][info][gc,phases      ] GC(1192) Phase 1: Mark live objects 9.185ms
[53.692s][info][gc,phases,start] GC(1192) Phase 2: Compute new object addresses
[53.696s][info][gc,phases      ] GC(1192) Phase 2: Compute new object addresses 4.161ms
[53.696s][info][gc,phases,start] GC(1192) Phase 3: Adjust pointers
[53.702s][info][gc,phases      ] GC(1192) Phase 3: Adjust pointers 5.880ms
[53.702s][info][gc,phases,start] GC(1192) Phase 4: Move objects
[53.727s][info][gc,phases      ] GC(1192) Phase 4: Move objects 25.316ms
[53.727s][info][gc,heap        ] GC(1192) DefNew: 157034K(157248K)->35226K(157248K) Eden: 139776K(139776K)->35226K(139776K) From: 17258K(17472K)->0K(17472K)
[53.728s][info][gc,heap        ] GC(1192) Tenured: 349500K(349568K)->349535K(349568K)
[53.728s][info][gc,metaspace   ] GC(1192) Metaspace: 31039K(31360K)->31039K(31360K) NonClass: 27785K(27904K)->27785K(27904K) Class: 3254K(3456K)->3254K(3456K)
[53.728s][info][gc             ] GC(1192) Pause Full (Allocation Failure) 494M->375M(494M) 44.985ms
[53.728s][info][gc,cpu         ] GC(1192) User=0.05s Sys=0.00s Real=0.04s
[53.737s][info][gc,start       ] GC(1193) Pause Full (Allocation Failure)
[53.737s][info][gc,phases,start] GC(1193) Phase 1: Mark live objects
[53.747s][info][gc,phases      ] GC(1193) Phase 1: Mark live objects 9.454ms
[53.747s][info][gc,phases,start] GC(1193) Phase 2: Compute new object addresses
[53.752s][info][gc,phases      ] GC(1193) Phase 2: Compute new object addresses 4.780ms
[53.752s][info][gc,phases,start] GC(1193) Phase 3: Adjust pointers
[53.758s][info][gc,phases      ] GC(1193) Phase 3: Adjust pointers 6.698ms
[53.758s][info][gc,phases,start] GC(1193) Phase 4: Move objects
[53.784s][info][gc,phases      ] GC(1193) Phase 4: Move objects 26.044ms
[53.785s][info][gc,heap        ] GC(1193) DefNew: 157002K(157248K)->31732K(157248K) Eden: 139776K(139776K)->31732K(139776K) From: 17226K(17472K)->0K(17472K)
[53.785s][info][gc,heap        ] GC(1193) Tenured: 349535K(349568K)->349528K(349568K)
[53.785s][info][gc,metaspace   ] GC(1193) Metaspace: 31039K(31360K)->31039K(31360K) NonClass: 27785K(27904K)->27785K(27904K) Class: 3254K(3456K)->3254K(3456K)
[53.785s][info][gc             ] GC(1193) Pause Full (Allocation Failure) 494M->372M(494M) 47.509ms
[53.785s][info][gc,cpu         ] GC(1193) User=0.05s Sys=0.00s Real=0.05s
[53.795s][info][gc,start       ] GC(1194) Pause Full (Allocation Failure)
[53.795s][info][gc,phases,start] GC(1194) Phase 1: Mark live objects
[53.805s][info][gc,phases      ] GC(1194) Phase 1: Mark live objects 9.353ms
[53.805s][info][gc,phases,start] GC(1194) Phase 2: Compute new object addresses
[53.809s][info][gc,phases      ] GC(1194) Phase 2: Compute new object addresses 4.531ms
[53.809s][info][gc,phases,start] GC(1194) Phase 3: Adjust pointers
[53.815s][info][gc,phases      ] GC(1194) Phase 3: Adjust pointers 6.058ms
[53.815s][info][gc,phases,start] GC(1194) Phase 4: Move objects
[53.841s][info][gc,phases      ] GC(1194) Phase 4: Move objects 25.670ms
[53.841s][info][gc,heap        ] GC(1194) DefNew: 156338K(157248K)->9539K(157248K) Eden: 139776K(139776K)->9539K(139776K) From: 16562K(17472K)->0K(17472K)
[53.841s][info][gc,heap        ] GC(1194) Tenured: 349528K(349568K)->349551K(349568K)
[53.841s][info][gc,metaspace   ] GC(1194) Metaspace: 31039K(31360K)->31039K(31360K) NonClass: 27785K(27904K)->27785K(27904K) Class: 3254K(3456K)->3254K(3456K)
[53.841s][info][gc             ] GC(1194) Pause Full (Allocation Failure) 494M->350M(494M) 46.033ms
[53.841s][info][gc,cpu         ] GC(1194) User=0.04s Sys=0.00s Real=0.04s
[53.850s][info][gc,start       ] GC(1195) Pause Full (Allocation Failure)
[53.850s][info][gc,phases,start] GC(1195) Phase 1: Mark live objects
[53.859s][info][gc,phases      ] GC(1195) Phase 1: Mark live objects 9.410ms
[53.859s][info][gc,phases,start] GC(1195) Phase 2: Compute new object addresses
[53.864s][info][gc,phases      ] GC(1195) Phase 2: Compute new object addresses 5.043ms
[53.864s][info][gc,phases,start] GC(1195) Phase 3: Adjust pointers
[53.870s][info][gc,phases      ] GC(1195) Phase 3: Adjust pointers 6.042ms
[53.870s][info][gc,phases,start] GC(1195) Phase 4: Move objects
[53.888s][info][gc,phases      ] GC(1195) Phase 4: Move objects 18.005ms
[53.889s][info][gc,heap        ] GC(1195) DefNew: 157189K(157248K)->32740K(157248K) Eden: 139776K(139776K)->32740K(139776K) From: 17413K(17472K)->0K(17472K)
[53.889s][info][gc,heap        ] GC(1195) Tenured: 349551K(349568K)->349537K(349568K)
[53.889s][info][gc,metaspace   ] GC(1195) Metaspace: 31039K(31360K)->31039K(31360K) NonClass: 27785K(27904K)->27785K(27904K) Class: 3254K(3456K)->3254K(3456K)
[53.889s][info][gc             ] GC(1195) Pause Full (Allocation Failure) 494M->373M(494M) 38.959ms
[53.889s][info][gc,cpu         ] GC(1195) User=0.04s Sys=0.00s Real=0.04s
[53.899s][info][gc,start       ] GC(1196) Pause Full (Allocation Failure)
[53.899s][info][gc,phases,start] GC(1196) Phase 1: Mark live objects
[53.908s][info][gc,phases      ] GC(1196) Phase 1: Mark live objects 8.812ms
[53.908s][info][gc,phases,start] GC(1196) Phase 2: Compute new object addresses
[53.913s][info][gc,phases      ] GC(1196) Phase 2: Compute new object addresses 4.382ms
[53.913s][info][gc,phases,start] GC(1196) Phase 3: Adjust pointers
[53.918s][info][gc,phases      ] GC(1196) Phase 3: Adjust pointers 5.739ms
[53.919s][info][gc,phases,start] GC(1196) Phase 4: Move objects
[53.943s][info][gc,phases      ] GC(1196) Phase 4: Move objects 24.560ms
[53.943s][info][gc,heap        ] GC(1196) DefNew: 156887K(157248K)->27008K(157248K) Eden: 139776K(139776K)->27008K(139776K) From: 17111K(17472K)->0K(17472K)
[53.943s][info][gc,heap        ] GC(1196) Tenured: 349537K(349568K)->349535K(349568K)
[53.943s][info][gc,metaspace   ] GC(1196) Metaspace: 31039K(31360K)->31039K(31360K) NonClass: 27785K(27904K)->27785K(27904K) Class: 3254K(3456K)->3254K(3456K)
[53.943s][info][gc             ] GC(1196) Pause Full (Allocation Failure) 494M->367M(494M) 43.939ms
[53.943s][info][gc,cpu         ] GC(1196) User=0.04s Sys=0.00s Real=0.05s
[53.950s][info][gc,start       ] GC(1197) Pause Full (Allocation Failure)
[53.950s][info][gc,phases,start] GC(1197) Phase 1: Mark live objects
[53.959s][info][gc,phases      ] GC(1197) Phase 1: Mark live objects 9.411ms
[53.959s][info][gc,phases,start] GC(1197) Phase 2: Compute new object addresses
[53.964s][info][gc,phases      ] GC(1197) Phase 2: Compute new object addresses 4.572ms
[53.964s][info][gc,phases,start] GC(1197) Phase 3: Adjust pointers
[53.970s][info][gc,phases      ] GC(1197) Phase 3: Adjust pointers 5.930ms
[53.970s][info][gc,phases,start] GC(1197) Phase 4: Move objects
[53.997s][info][gc,phases      ] GC(1197) Phase 4: Move objects 26.842ms
[53.997s][info][gc,heap        ] GC(1197) DefNew: 157014K(157248K)->13893K(157248K) Eden: 139776K(139776K)->13893K(139776K) From: 17238K(17472K)->0K(17472K)
[53.997s][info][gc,heap        ] GC(1197) Tenured: 349535K(349568K)->349358K(349568K)
[53.997s][info][gc,metaspace   ] GC(1197) Metaspace: 31039K(31360K)->31039K(31360K) NonClass: 27785K(27904K)->27785K(27904K) Class: 3254K(3456K)->3254K(3456K)
[53.997s][info][gc             ] GC(1197) Pause Full (Allocation Failure) 494M->354M(494M) 47.195ms
[53.997s][info][gc,cpu         ] GC(1197) User=0.05s Sys=0.00s Real=0.05s
[54.008s][info][gc,start       ] GC(1198) Pause Full (Allocation Failure)
[54.008s][info][gc,phases,start] GC(1198) Phase 1: Mark live objects
[54.017s][info][gc,phases      ] GC(1198) Phase 1: Mark live objects 8.957ms
[54.017s][info][gc,phases,start] GC(1198) Phase 2: Compute new object addresses
[54.021s][info][gc,phases      ] GC(1198) Phase 2: Compute new object addresses 4.537ms
[54.021s][info][gc,phases,start] GC(1198) Phase 3: Adjust pointers
[54.027s][info][gc,phases      ] GC(1198) Phase 3: Adjust pointers 5.669ms
[54.027s][info][gc,phases,start] GC(1198) Phase 4: Move objects
[54.052s][info][gc,phases      ] GC(1198) Phase 4: Move objects 24.634ms
[54.052s][info][gc,heap        ] GC(1198) DefNew: 156742K(157248K)->9517K(157248K) Eden: 139776K(139776K)->9517K(139776K) From: 16966K(17472K)->0K(17472K)
[54.052s][info][gc,heap        ] GC(1198) Tenured: 349358K(349568K)->349560K(349568K)
[54.052s][info][gc,metaspace   ] GC(1198) Metaspace: 31039K(31360K)->31039K(31360K) NonClass: 27785K(27904K)->27785K(27904K) Class: 3254K(3456K)->3254K(3456K)
[54.052s][info][gc             ] GC(1198) Pause Full (Allocation Failure) 494M->350M(494M) 44.217ms
[54.052s][info][gc,cpu         ] GC(1198) User=0.04s Sys=0.00s Real=0.05s
[54.066s][info][gc,start       ] GC(1199) Pause Full (Allocation Failure)
[54.066s][info][gc,phases,start] GC(1199) Phase 1: Mark live objects
[54.074s][info][gc,phases      ] GC(1199) Phase 1: Mark live objects 8.875ms
[54.075s][info][gc,phases,start] GC(1199) Phase 2: Compute new object addresses
[54.079s][info][gc,phases      ] GC(1199) Phase 2: Compute new object addresses 4.822ms
[54.079s][info][gc,phases,start] GC(1199) Phase 3: Adjust pointers
[54.085s][info][gc,phases      ] GC(1199) Phase 3: Adjust pointers 5.792ms
[54.085s][info][gc,phases,start] GC(1199) Phase 4: Move objects
[54.104s][info][gc,phases      ] GC(1199) Phase 4: Move objects 18.639ms
[54.104s][info][gc,heap        ] GC(1199) DefNew: 156471K(157248K)->29157K(157248K) Eden: 139776K(139776K)->29157K(139776K) From: 16695K(17472K)->0K(17472K)
[54.104s][info][gc,heap        ] GC(1199) Tenured: 349560K(349568K)->349527K(349568K)
[54.104s][info][gc,metaspace   ] GC(1199) Metaspace: 31039K(31360K)->31039K(31360K) NonClass: 27785K(27904K)->27785K(27904K) Class: 3254K(3456K)->3254K(3456K)
[54.104s][info][gc             ] GC(1199) Pause Full (Allocation Failure) 494M->369M(494M) 38.577ms
[54.104s][info][gc,cpu         ] GC(1199) User=0.04s Sys=0.00s Real=0.04s
[54.112s][info][gc,start       ] GC(1200) Pause Full (Allocation Failure)
[54.112s][info][gc,phases,start] GC(1200) Phase 1: Mark live objects
[54.121s][info][gc,phases      ] GC(1200) Phase 1: Mark live objects 9.468ms
[54.121s][info][gc,phases,start] GC(1200) Phase 2: Compute new object addresses
[54.126s][info][gc,phases      ] GC(1200) Phase 2: Compute new object addresses 4.590ms
[54.126s][info][gc,phases,start] GC(1200) Phase 3: Adjust pointers
[54.132s][info][gc,phases      ] GC(1200) Phase 3: Adjust pointers 6.003ms
[54.132s][info][gc,phases,start] GC(1200) Phase 4: Move objects
[54.157s][info][gc,phases      ] GC(1200) Phase 4: Move objects 24.701ms
[54.157s][info][gc,heap        ] GC(1200) DefNew: 157174K(157248K)->31881K(157248K) Eden: 139776K(139776K)->31881K(139776K) From: 17398K(17472K)->0K(17472K)
[54.157s][info][gc,heap        ] GC(1200) Tenured: 349527K(349568K)->349537K(349568K)
[54.157s][info][gc,metaspace   ] GC(1200) Metaspace: 31039K(31360K)->31039K(31360K) NonClass: 27785K(27904K)->27785K(27904K) Class: 3254K(3456K)->3254K(3456K)
[54.157s][info][gc             ] GC(1200) Pause Full (Allocation Failure) 494M->372M(494M) 45.250ms
[54.157s][info][gc,cpu         ] GC(1200) User=0.05s Sys=0.00s Real=0.04s
[54.167s][info][gc,start       ] GC(1201) Pause Full (Allocation Failure)
[54.167s][info][gc,phases,start] GC(1201) Phase 1: Mark live objects
[54.177s][info][gc,phases      ] GC(1201) Phase 1: Mark live objects 9.176ms
[54.177s][info][gc,phases,start] GC(1201) Phase 2: Compute new object addresses
[54.181s][info][gc,phases      ] GC(1201) Phase 2: Compute new object addresses 4.416ms
[54.181s][info][gc,phases,start] GC(1201) Phase 3: Adjust pointers
[54.187s][info][gc,phases      ] GC(1201) Phase 3: Adjust pointers 6.057ms
[54.187s][info][gc,phases,start] GC(1201) Phase 4: Move objects
[54.214s][info][gc,phases      ] GC(1201) Phase 4: Move objects 26.374ms
[54.214s][info][gc,heap        ] GC(1201) DefNew: 156653K(157248K)->10318K(157248K) Eden: 139776K(139776K)->10318K(139776K) From: 16877K(17472K)->0K(17472K)
[54.214s][info][gc,heap        ] GC(1201) Tenured: 349537K(349568K)->349362K(349568K)
[54.214s][info][gc,metaspace   ] GC(1201) Metaspace: 31039K(31360K)->31039K(31360K) NonClass: 27785K(27904K)->27785K(27904K) Class: 3254K(3456K)->3254K(3456K)
[54.214s][info][gc             ] GC(1201) Pause Full (Allocation Failure) 494M->351M(494M) 46.457ms
[54.214s][info][gc,cpu         ] GC(1201) User=0.05s Sys=0.00s Real=0.05s
[54.225s][info][gc,start       ] GC(1202) Pause Full (Allocation Failure)
[54.225s][info][gc,phases,start] GC(1202) Phase 1: Mark live objects
[54.234s][info][gc,phases      ] GC(1202) Phase 1: Mark live objects 8.933ms
[54.234s][info][gc,phases,start] GC(1202) Phase 2: Compute new object addresses
[54.238s][info][gc,phases      ] GC(1202) Phase 2: Compute new object addresses 4.586ms
[54.238s][info][gc,phases,start] GC(1202) Phase 3: Adjust pointers
[54.245s][info][gc,phases      ] GC(1202) Phase 3: Adjust pointers 6.041ms
[54.245s][info][gc,phases,start] GC(1202) Phase 4: Move objects
[54.269s][info][gc,phases      ] GC(1202) Phase 4: Move objects 24.238ms
[54.269s][info][gc,heap        ] GC(1202) DefNew: 156804K(157248K)->10314K(157248K) Eden: 139776K(139776K)->10314K(139776K) From: 17028K(17472K)->0K(17472K)
[54.269s][info][gc,heap        ] GC(1202) Tenured: 349362K(349568K)->349397K(349568K)
[54.269s][info][gc,metaspace   ] GC(1202) Metaspace: 31039K(31360K)->31039K(31360K) NonClass: 27785K(27904K)->27785K(27904K) Class: 3254K(3456K)->3254K(3456K)
[54.269s][info][gc             ] GC(1202) Pause Full (Allocation Failure) 494M->351M(494M) 44.234ms
[54.269s][info][gc,cpu         ] GC(1202) User=0.04s Sys=0.00s Real=0.04s
[54.280s][info][gc,start       ] GC(1203) Pause Full (Allocation Failure)
[54.280s][info][gc,phases,start] GC(1203) Phase 1: Mark live objects
[54.289s][info][gc,phases      ] GC(1203) Phase 1: Mark live objects 9.364ms
[54.289s][info][gc,phases,start] GC(1203) Phase 2: Compute new object addresses
[54.294s][info][gc,phases      ] GC(1203) Phase 2: Compute new object addresses 4.938ms
[54.294s][info][gc,phases,start] GC(1203) Phase 3: Adjust pointers
[54.300s][info][gc,phases      ] GC(1203) Phase 3: Adjust pointers 6.174ms
[54.300s][info][gc,phases,start] GC(1203) Phase 4: Move objects
[54.321s][info][gc,phases      ] GC(1203) Phase 4: Move objects 20.036ms
[54.321s][info][gc,heap        ] GC(1203) DefNew: 156480K(157248K)->28293K(157248K) Eden: 139776K(139776K)->28293K(139776K) From: 16704K(17472K)->0K(17472K)
[54.321s][info][gc,heap        ] GC(1203) Tenured: 349397K(349568K)->349534K(349568K)
[54.321s][info][gc,metaspace   ] GC(1203) Metaspace: 31042K(31360K)->31042K(31360K) NonClass: 27787K(27904K)->27787K(27904K) Class: 3254K(3456K)->3254K(3456K)
[54.321s][info][gc             ] GC(1203) Pause Full (Allocation Failure) 494M->368M(494M) 41.031ms
[54.321s][info][gc,cpu         ] GC(1203) User=0.04s Sys=0.00s Real=0.04s
[54.331s][info][gc,start       ] GC(1204) Pause Full (Allocation Failure)
[54.331s][info][gc,phases,start] GC(1204) Phase 1: Mark live objects
[54.341s][info][gc,phases      ] GC(1204) Phase 1: Mark live objects 9.325ms
[54.341s][info][gc,phases,start] GC(1204) Phase 2: Compute new object addresses
[54.345s][info][gc,phases      ] GC(1204) Phase 2: Compute new object addresses 4.596ms
[54.345s][info][gc,phases,start] GC(1204) Phase 3: Adjust pointers
[54.351s][info][gc,phases      ] GC(1204) Phase 3: Adjust pointers 5.865ms
[54.351s][info][gc,phases,start] GC(1204) Phase 4: Move objects
[54.376s][info][gc,phases      ] GC(1204) Phase 4: Move objects 24.578ms
[54.376s][info][gc,heap        ] GC(1204) DefNew: 157146K(157248K)->29941K(157248K) Eden: 139776K(139776K)->29941K(139776K) From: 17370K(17472K)->0K(17472K)
[54.376s][info][gc,heap        ] GC(1204) Tenured: 349534K(349568K)->349495K(349568K)
[54.376s][info][gc,metaspace   ] GC(1204) Metaspace: 31042K(31360K)->31042K(31360K) NonClass: 27787K(27904K)->27787K(27904K) Class: 3254K(3456K)->3254K(3456K)
[54.376s][info][gc             ] GC(1204) Pause Full (Allocation Failure) 494M->370M(494M) 44.814ms
[54.376s][info][gc,cpu         ] GC(1204) User=0.05s Sys=0.00s Real=0.04s
[54.386s][info][gc,start       ] GC(1205) Pause Full (Allocation Failure)
[54.386s][info][gc,phases,start] GC(1205) Phase 1: Mark live objects
[54.395s][info][gc,phases      ] GC(1205) Phase 1: Mark live objects 8.955ms
[54.395s][info][gc,phases,start] GC(1205) Phase 2: Compute new object addresses
[54.400s][info][gc,phases      ] GC(1205) Phase 2: Compute new object addresses 4.398ms
[54.400s][info][gc,phases,start] GC(1205) Phase 3: Adjust pointers
[54.406s][info][gc,phases      ] GC(1205) Phase 3: Adjust pointers 5.831ms
[54.406s][info][gc,phases,start] GC(1205) Phase 4: Move objects
[54.433s][info][gc,phases      ] GC(1205) Phase 4: Move objects 26.816ms
[54.433s][info][gc,heap        ] GC(1205) DefNew: 156595K(157248K)->11067K(157248K) Eden: 139776K(139776K)->11067K(139776K) From: 16819K(17472K)->0K(17472K)
[54.433s][info][gc,heap        ] GC(1205) Tenured: 349495K(349568K)->349376K(349568K)
[54.433s][info][gc,metaspace   ] GC(1205) Metaspace: 31042K(31360K)->31042K(31360K) NonClass: 27787K(27904K)->27787K(27904K) Class: 3254K(3456K)->3254K(3456K)
[54.433s][info][gc             ] GC(1205) Pause Full (Allocation Failure) 494M->351M(494M) 46.416ms
[54.433s][info][gc,cpu         ] GC(1205) User=0.05s Sys=0.00s Real=0.05s
[54.445s][info][gc,start       ] GC(1206) Pause Full (Allocation Failure)
[54.445s][info][gc,phases,start] GC(1206) Phase 1: Mark live objects
[54.455s][info][gc,phases      ] GC(1206) Phase 1: Mark live objects 10.633ms
[54.455s][info][gc,phases,start] GC(1206) Phase 2: Compute new object addresses
[54.460s][info][gc,phases      ] GC(1206) Phase 2: Compute new object addresses 4.633ms
[54.460s][info][gc,phases,start] GC(1206) Phase 3: Adjust pointers
[54.467s][info][gc,phases      ] GC(1206) Phase 3: Adjust pointers 7.473ms
[54.467s][info][gc,phases,start] GC(1206) Phase 4: Move objects
[54.495s][info][gc,phases      ] GC(1206) Phase 4: Move objects 27.829ms
[54.496s][info][gc,heap        ] GC(1206) DefNew: 156390K(157248K)->11827K(157248K) Eden: 139776K(139776K)->11827K(139776K) From: 16614K(17472K)->0K(17472K)
[54.496s][info][gc,heap        ] GC(1206) Tenured: 349376K(349568K)->349557K(349568K)
[54.496s][info][gc,metaspace   ] GC(1206) Metaspace: 31042K(31360K)->31042K(31360K) NonClass: 27787K(27904K)->27787K(27904K) Class: 3254K(3456K)->3254K(3456K)
[54.496s][info][gc             ] GC(1206) Pause Full (Allocation Failure) 493M->352M(494M) 51.086ms
[54.496s][info][gc,cpu         ] GC(1206) User=0.05s Sys=0.00s Real=0.05s
[54.506s][info][gc,start       ] GC(1207) Pause Full (Allocation Failure)
[54.506s][info][gc,phases,start] GC(1207) Phase 1: Mark live objects
[54.516s][info][gc,phases      ] GC(1207) Phase 1: Mark live objects 10.043ms
[54.516s][info][gc,phases,start] GC(1207) Phase 2: Compute new object addresses
[54.521s][info][gc,phases      ] GC(1207) Phase 2: Compute new object addresses 4.704ms
[54.521s][info][gc,phases,start] GC(1207) Phase 3: Adjust pointers
[54.527s][info][gc,phases      ] GC(1207) Phase 3: Adjust pointers 5.980ms
[54.527s][info][gc,phases,start] GC(1207) Phase 4: Move objects
[54.547s][info][gc,phases      ] GC(1207) Phase 4: Move objects 19.597ms
[54.547s][info][gc,heap        ] GC(1207) DefNew: 157043K(157248K)->31715K(157248K) Eden: 139776K(139776K)->31715K(139776K) From: 17267K(17472K)->0K(17472K)
[54.547s][info][gc,heap        ] GC(1207) Tenured: 349557K(349568K)->349533K(349568K)
[54.547s][info][gc,metaspace   ] GC(1207) Metaspace: 31042K(31360K)->31042K(31360K) NonClass: 27787K(27904K)->27787K(27904K) Class: 3254K(3456K)->3254K(3456K)
[54.547s][info][gc             ] GC(1207) Pause Full (Allocation Failure) 494M->372M(494M) 40.748ms
[54.547s][info][gc,cpu         ] GC(1207) User=0.04s Sys=0.00s Real=0.04s
[54.558s][info][gc,start       ] GC(1208) Pause Full (Allocation Failure)
[54.558s][info][gc,phases,start] GC(1208) Phase 1: Mark live objects
[54.567s][info][gc,phases      ] GC(1208) Phase 1: Mark live objects 8.875ms
[54.567s][info][gc,phases,start] GC(1208) Phase 2: Compute new object addresses
[54.571s][info][gc,phases      ] GC(1208) Phase 2: Compute new object addresses 4.323ms
[54.571s][info][gc,phases,start] GC(1208) Phase 3: Adjust pointers
[54.577s][info][gc,phases      ] GC(1208) Phase 3: Adjust pointers 5.811ms
[54.577s][info][gc,phases,start] GC(1208) Phase 4: Move objects
[54.602s][info][gc,phases      ] GC(1208) Phase 4: Move objects 25.430ms
[54.603s][info][gc,heap        ] GC(1208) DefNew: 157154K(157248K)->7981K(157248K) Eden: 139775K(139776K)->7981K(139776K) From: 17378K(17472K)->0K(17472K)
[54.603s][info][gc,heap        ] GC(1208) Tenured: 349533K(349568K)->349557K(349568K)
[54.603s][info][gc,metaspace   ] GC(1208) Metaspace: 31042K(31360K)->31042K(31360K) NonClass: 27787K(27904K)->27787K(27904K) Class: 3254K(3456K)->3254K(3456K)
[54.603s][info][gc             ] GC(1208) Pause Full (Allocation Failure) 494M->349M(494M) 44.890ms
[54.603s][info][gc,cpu         ] GC(1208) User=0.05s Sys=0.00s Real=0.05s
[54.613s][info][gc,start       ] GC(1209) Pause Full (Allocation Failure)
[54.613s][info][gc,phases,start] GC(1209) Phase 1: Mark live objects
[54.622s][info][gc,phases      ] GC(1209) Phase 1: Mark live objects 9.114ms
[54.622s][info][gc,phases,start] GC(1209) Phase 2: Compute new object addresses
[54.627s][info][gc,phases      ] GC(1209) Phase 2: Compute new object addresses 4.801ms
[54.627s][info][gc,phases,start] GC(1209) Phase 3: Adjust pointers
[54.633s][info][gc,phases      ] GC(1209) Phase 3: Adjust pointers 5.641ms
[54.633s][info][gc,phases,start] GC(1209) Phase 4: Move objects
[54.652s][info][gc,phases      ] GC(1209) Phase 4: Move objects 19.235ms
[54.652s][info][gc,heap        ] GC(1209) DefNew: 157010K(157248K)->28659K(157248K) Eden: 139776K(139776K)->28659K(139776K) From: 17234K(17472K)->0K(17472K)
[54.652s][info][gc,heap        ] GC(1209) Tenured: 349557K(349568K)->349524K(349568K)
[54.652s][info][gc,metaspace   ] GC(1209) Metaspace: 31042K(31360K)->31042K(31360K) NonClass: 27787K(27904K)->27787K(27904K) Class: 3254K(3456K)->3254K(3456K)
[54.652s][info][gc             ] GC(1209) Pause Full (Allocation Failure) 494M->369M(494M) 39.190ms
[54.652s][info][gc,cpu         ] GC(1209) User=0.04s Sys=0.00s Real=0.04s
[54.663s][info][gc,start       ] GC(1210) Pause Full (Allocation Failure)
[54.663s][info][gc,phases,start] GC(1210) Phase 1: Mark live objects
[54.673s][info][gc,phases      ] GC(1210) Phase 1: Mark live objects 9.531ms
[54.673s][info][gc,phases,start] GC(1210) Phase 2: Compute new object addresses
[54.678s][info][gc,phases      ] GC(1210) Phase 2: Compute new object addresses 4.673ms
[54.678s][info][gc,phases,start] GC(1210) Phase 3: Adjust pointers
[54.684s][info][gc,phases      ] GC(1210) Phase 3: Adjust pointers 6.355ms
[54.684s][info][gc,phases,start] GC(1210) Phase 4: Move objects
[54.710s][info][gc,phases      ] GC(1210) Phase 4: Move objects 26.143ms
[54.710s][info][gc,heap        ] GC(1210) DefNew: 157217K(157248K)->9508K(157248K) Eden: 139776K(139776K)->9508K(139776K) From: 17441K(17472K)->0K(17472K)
[54.711s][info][gc,heap        ] GC(1210) Tenured: 349524K(349568K)->349561K(349568K)
[54.711s][info][gc,metaspace   ] GC(1210) Metaspace: 31042K(31360K)->31042K(31360K) NonClass: 27787K(27904K)->27787K(27904K) Class: 3254K(3456K)->3254K(3456K)
[54.711s][info][gc             ] GC(1210) Pause Full (Allocation Failure) 494M->350M(494M) 47.160ms
[54.711s][info][gc,cpu         ] GC(1210) User=0.05s Sys=0.00s Real=0.05s
[54.718s][info][gc,start       ] GC(1211) Pause Full (Allocation Failure)
[54.718s][info][gc,phases,start] GC(1211) Phase 1: Mark live objects
[54.728s][info][gc,phases      ] GC(1211) Phase 1: Mark live objects 10.088ms
[54.728s][info][gc,phases,start] GC(1211) Phase 2: Compute new object addresses
[54.734s][info][gc,phases      ] GC(1211) Phase 2: Compute new object addresses 5.127ms
[54.734s][info][gc,phases,start] GC(1211) Phase 3: Adjust pointers
[54.740s][info][gc,phases      ] GC(1211) Phase 3: Adjust pointers 6.418ms
[54.740s][info][gc,phases,start] GC(1211) Phase 4: Move objects
[54.751s][info][gc,phases      ] GC(1211) Phase 4: Move objects 11.360ms
[54.752s][info][gc,heap        ] GC(1211) DefNew: 157070K(157248K)->31253K(157248K) Eden: 139776K(139776K)->31253K(139776K) From: 17294K(17472K)->0K(17472K)
[54.752s][info][gc,heap        ] GC(1211) Tenured: 349561K(349568K)->349493K(349568K)
[54.752s][info][gc,metaspace   ] GC(1211) Metaspace: 31042K(31360K)->31042K(31360K) NonClass: 27787K(27904K)->27787K(27904K) Class: 3254K(3456K)->3254K(3456K)
[54.752s][info][gc             ] GC(1211) Pause Full (Allocation Failure) 494M->371M(494M) 33.433ms
[54.752s][info][gc,cpu         ] GC(1211) User=0.03s Sys=0.00s Real=0.04s
[54.761s][info][gc,start       ] GC(1212) Pause Full (Allocation Failure)
[54.761s][info][gc,phases,start] GC(1212) Phase 1: Mark live objects
[54.771s][info][gc,phases      ] GC(1212) Phase 1: Mark live objects 9.596ms
[54.771s][info][gc,phases,start] GC(1212) Phase 2: Compute new object addresses
[54.775s][info][gc,phases      ] GC(1212) Phase 2: Compute new object addresses 4.552ms
[54.775s][info][gc,phases,start] GC(1212) Phase 3: Adjust pointers
[54.781s][info][gc,phases      ] GC(1212) Phase 3: Adjust pointers 5.941ms
[54.781s][info][gc,phases,start] GC(1212) Phase 4: Move objects
[54.806s][info][gc,phases      ] GC(1212) Phase 4: Move objects 24.823ms
[54.806s][info][gc,heap        ] GC(1212) DefNew: 157116K(157248K)->27511K(157248K) Eden: 139776K(139776K)->27511K(139776K) From: 17340K(17472K)->0K(17472K)
[54.806s][info][gc,heap        ] GC(1212) Tenured: 349493K(349568K)->349533K(349568K)
[54.806s][info][gc,metaspace   ] GC(1212) Metaspace: 31042K(31360K)->31042K(31360K) NonClass: 27787K(27904K)->27787K(27904K) Class: 3254K(3456K)->3254K(3456K)
[54.806s][info][gc             ] GC(1212) Pause Full (Allocation Failure) 494M->368M(494M) 45.417ms
[54.806s][info][gc,cpu         ] GC(1212) User=0.05s Sys=0.00s Real=0.05s
[54.814s][info][gc,start       ] GC(1213) Pause Full (Allocation Failure)
[54.814s][info][gc,phases,start] GC(1213) Phase 1: Mark live objects
[54.824s][info][gc,phases      ] GC(1213) Phase 1: Mark live objects 9.862ms
[54.824s][info][gc,phases,start] GC(1213) Phase 2: Compute new object addresses
[54.828s][info][gc,phases      ] GC(1213) Phase 2: Compute new object addresses 4.740ms
[54.828s][info][gc,phases,start] GC(1213) Phase 3: Adjust pointers
[54.835s][info][gc,phases      ] GC(1213) Phase 3: Adjust pointers 6.280ms
[54.835s][info][gc,phases,start] GC(1213) Phase 4: Move objects
[54.860s][info][gc,phases      ] GC(1213) Phase 4: Move objects 25.434ms
[54.860s][info][gc,heap        ] GC(1213) DefNew: 157101K(157248K)->28148K(157248K) Eden: 139776K(139776K)->28148K(139776K) From: 17325K(17472K)->0K(17472K)
[54.860s][info][gc,heap        ] GC(1213) Tenured: 349533K(349568K)->349526K(349568K)
[54.860s][info][gc,metaspace   ] GC(1213) Metaspace: 31042K(31360K)->31042K(31360K) NonClass: 27787K(27904K)->27787K(27904K) Class: 3254K(3456K)->3254K(3456K)
[54.861s][info][gc             ] GC(1213) Pause Full (Allocation Failure) 494M->368M(494M) 46.766ms
[54.861s][info][gc,cpu         ] GC(1213) User=0.05s Sys=0.00s Real=0.04s
[54.867s][info][gc,start       ] GC(1214) Pause Full (Allocation Failure)
[54.867s][info][gc,phases,start] GC(1214) Phase 1: Mark live objects
[54.877s][info][gc,phases      ] GC(1214) Phase 1: Mark live objects 9.289ms
[54.877s][info][gc,phases,start] GC(1214) Phase 2: Compute new object addresses
[54.881s][info][gc,phases      ] GC(1214) Phase 2: Compute new object addresses 4.305ms
[54.881s][info][gc,phases,start] GC(1214) Phase 3: Adjust pointers
[54.887s][info][gc,phases      ] GC(1214) Phase 3: Adjust pointers 5.802ms
[54.887s][info][gc,phases,start] GC(1214) Phase 4: Move objects
[54.913s][info][gc,phases      ] GC(1214) Phase 4: Move objects 25.796ms
[54.913s][info][gc,heap        ] GC(1214) DefNew: 156751K(157248K)->9509K(157248K) Eden: 139776K(139776K)->9509K(139776K) From: 16975K(17472K)->0K(17472K)
[54.913s][info][gc,heap        ] GC(1214) Tenured: 349526K(349568K)->349549K(349568K)
[54.913s][info][gc,metaspace   ] GC(1214) Metaspace: 31042K(31360K)->31042K(31360K) NonClass: 27787K(27904K)->27787K(27904K) Class: 3254K(3456K)->3254K(3456K)
[54.913s][info][gc             ] GC(1214) Pause Full (Allocation Failure) 494M->350M(494M) 45.635ms
[54.913s][info][gc,cpu         ] GC(1214) User=0.05s Sys=0.00s Real=0.05s
[54.924s][info][gc,start       ] GC(1215) Pause Full (Allocation Failure)
[54.924s][info][gc,phases,start] GC(1215) Phase 1: Mark live objects
[54.933s][info][gc,phases      ] GC(1215) Phase 1: Mark live objects 8.904ms
[54.933s][info][gc,phases,start] GC(1215) Phase 2: Compute new object addresses
[54.938s][info][gc,phases      ] GC(1215) Phase 2: Compute new object addresses 4.588ms
[54.938s][info][gc,phases,start] GC(1215) Phase 3: Adjust pointers
[54.944s][info][gc,phases      ] GC(1215) Phase 3: Adjust pointers 5.723ms
[54.944s][info][gc,phases,start] GC(1215) Phase 4: Move objects
[54.963s][info][gc,phases      ] GC(1215) Phase 4: Move objects 18.890ms
[54.963s][info][gc,heap        ] GC(1215) DefNew: 156363K(157248K)->24043K(157248K) Eden: 139776K(139776K)->24043K(139776K) From: 16587K(17472K)->0K(17472K)
[54.963s][info][gc,heap        ] GC(1215) Tenured: 349549K(349568K)->349525K(349568K)
[54.963s][info][gc,metaspace   ] GC(1215) Metaspace: 31042K(31360K)->31042K(31360K) NonClass: 27787K(27904K)->27787K(27904K) Class: 3254K(3456K)->3254K(3456K)
[54.963s][info][gc             ] GC(1215) Pause Full (Allocation Failure) 494M->364M(494M) 38.532ms
[54.963s][info][gc,cpu         ] GC(1215) User=0.04s Sys=0.00s Real=0.04s
[54.973s][info][gc,start       ] GC(1216) Pause Full (Allocation Failure)
[54.973s][info][gc,phases,start] GC(1216) Phase 1: Mark live objects
[54.982s][info][gc,phases      ] GC(1216) Phase 1: Mark live objects 9.016ms
[54.982s][info][gc,phases,start] GC(1216) Phase 2: Compute new object addresses
[54.987s][info][gc,phases      ] GC(1216) Phase 2: Compute new object addresses 4.502ms
[54.987s][info][gc,phases,start] GC(1216) Phase 3: Adjust pointers
[54.993s][info][gc,phases      ] GC(1216) Phase 3: Adjust pointers 5.940ms
[54.993s][info][gc,phases,start] GC(1216) Phase 4: Move objects
[55.019s][info][gc,phases      ] GC(1216) Phase 4: Move objects 26.452ms
[55.020s][info][gc,heap        ] GC(1216) DefNew: 157094K(157248K)->7477K(157248K) Eden: 139776K(139776K)->7477K(139776K) From: 17318K(17472K)->0K(17472K)
[55.020s][info][gc,heap        ] GC(1216) Tenured: 349525K(349568K)->349550K(349568K)
[55.020s][info][gc,metaspace   ] GC(1216) Metaspace: 31042K(31360K)->31042K(31360K) NonClass: 27787K(27904K)->27787K(27904K) Class: 3254K(3456K)->3254K(3456K)
[55.020s][info][gc             ] GC(1216) Pause Full (Allocation Failure) 494M->348M(494M) 46.342ms
[55.020s][info][gc,cpu         ] GC(1216) User=0.05s Sys=0.00s Real=0.04s
[55.030s][info][gc,start       ] GC(1217) Pause Full (Allocation Failure)
[55.030s][info][gc,phases,start] GC(1217) Phase 1: Mark live objects
[55.039s][info][gc,phases      ] GC(1217) Phase 1: Mark live objects 8.838ms
[55.039s][info][gc,phases,start] GC(1217) Phase 2: Compute new object addresses
[55.044s][info][gc,phases      ] GC(1217) Phase 2: Compute new object addresses 4.900ms
[55.044s][info][gc,phases,start] GC(1217) Phase 3: Adjust pointers
[55.050s][info][gc,phases      ] GC(1217) Phase 3: Adjust pointers 5.874ms
[55.050s][info][gc,phases,start] GC(1217) Phase 4: Move objects
[55.070s][info][gc,phases      ] GC(1217) Phase 4: Move objects 19.610ms
[55.070s][info][gc,heap        ] GC(1217) DefNew: 157041K(157248K)->26119K(157248K) Eden: 139776K(139776K)->26119K(139776K) From: 17265K(17472K)->0K(17472K)
[55.070s][info][gc,heap        ] GC(1217) Tenured: 349550K(349568K)->349486K(349568K)
[55.070s][info][gc,metaspace   ] GC(1217) Metaspace: 31042K(31360K)->31042K(31360K) NonClass: 27787K(27904K)->27787K(27904K) Class: 3254K(3456K)->3254K(3456K)
[55.070s][info][gc             ] GC(1217) Pause Full (Allocation Failure) 494M->366M(494M) 39.664ms
[55.070s][info][gc,cpu         ] GC(1217) User=0.04s Sys=0.00s Real=0.03s
[55.077s][info][gc,start       ] GC(1218) Pause Full (Allocation Failure)
[55.077s][info][gc,phases,start] GC(1218) Phase 1: Mark live objects
[55.086s][info][gc,phases      ] GC(1218) Phase 1: Mark live objects 9.407ms
[55.086s][info][gc,phases,start] GC(1218) Phase 2: Compute new object addresses
[55.091s][info][gc,phases      ] GC(1218) Phase 2: Compute new object addresses 4.390ms
[55.091s][info][gc,phases,start] GC(1218) Phase 3: Adjust pointers
[55.096s][info][gc,phases      ] GC(1218) Phase 3: Adjust pointers 5.775ms
[55.097s][info][gc,phases,start] GC(1218) Phase 4: Move objects
[55.122s][info][gc,phases      ] GC(1218) Phase 4: Move objects 25.868ms
[55.123s][info][gc,heap        ] GC(1218) DefNew: 156782K(157248K)->12096K(157248K) Eden: 139776K(139776K)->12096K(139776K) From: 17006K(17472K)->0K(17472K)
[55.123s][info][gc,heap        ] GC(1218) Tenured: 349486K(349568K)->349397K(349568K)
[55.123s][info][gc,metaspace   ] GC(1218) Metaspace: 31042K(31360K)->31042K(31360K) NonClass: 27787K(27904K)->27787K(27904K) Class: 3254K(3456K)->3254K(3456K)
[55.123s][info][gc             ] GC(1218) Pause Full (Allocation Failure) 494M->353M(494M) 45.877ms
[55.123s][info][gc,cpu         ] GC(1218) User=0.05s Sys=0.00s Real=0.05s
[55.133s][info][gc,start       ] GC(1219) Pause Full (Allocation Failure)
[55.133s][info][gc,phases,start] GC(1219) Phase 1: Mark live objects
[55.142s][info][gc,phases      ] GC(1219) Phase 1: Mark live objects 9.049ms
[55.142s][info][gc,phases,start] GC(1219) Phase 2: Compute new object addresses
[55.147s][info][gc,phases      ] GC(1219) Phase 2: Compute new object addresses 4.794ms
[55.147s][info][gc,phases,start] GC(1219) Phase 3: Adjust pointers
[55.153s][info][gc,phases      ] GC(1219) Phase 3: Adjust pointers 5.813ms
[55.153s][info][gc,phases,start] GC(1219) Phase 4: Move objects
[55.174s][info][gc,phases      ] GC(1219) Phase 4: Move objects 20.729ms
[55.174s][info][gc,heap        ] GC(1219) DefNew: 156508K(157248K)->25039K(157248K) Eden: 139776K(139776K)->25039K(139776K) From: 16732K(17472K)->0K(17472K)
[55.174s][info][gc,heap        ] GC(1219) Tenured: 349397K(349568K)->349526K(349568K)
[55.174s][info][gc,metaspace   ] GC(1219) Metaspace: 31042K(31360K)->31042K(31360K) NonClass: 27787K(27904K)->27787K(27904K) Class: 3254K(3456K)->3254K(3456K)
[55.174s][info][gc             ] GC(1219) Pause Full (Allocation Failure) 494M->365M(494M) 40.801ms
[55.174s][info][gc,cpu         ] GC(1219) User=0.04s Sys=0.00s Real=0.04s
[55.182s][info][gc,start       ] GC(1220) Pause Full (Allocation Failure)
[55.182s][info][gc,phases,start] GC(1220) Phase 1: Mark live objects
[55.191s][info][gc,phases      ] GC(1220) Phase 1: Mark live objects 9.072ms
[55.191s][info][gc,phases,start] GC(1220) Phase 2: Compute new object addresses
[55.195s][info][gc,phases      ] GC(1220) Phase 2: Compute new object addresses 4.309ms
[55.195s][info][gc,phases,start] GC(1220) Phase 3: Adjust pointers
[55.201s][info][gc,phases      ] GC(1220) Phase 3: Adjust pointers 5.917ms
[55.201s][info][gc,phases,start] GC(1220) Phase 4: Move objects
[55.225s][info][gc,phases      ] GC(1220) Phase 4: Move objects 23.552ms
[55.225s][info][gc,heap        ] GC(1220) DefNew: 157118K(157248K)->30890K(157248K) Eden: 139776K(139776K)->30890K(139776K) From: 17342K(17472K)->0K(17472K)
[55.225s][info][gc,heap        ] GC(1220) Tenured: 349526K(349568K)->349353K(349568K)
[55.225s][info][gc,metaspace   ] GC(1220) Metaspace: 31042K(31360K)->31042K(31360K) NonClass: 27787K(27904K)->27787K(27904K) Class: 3254K(3456K)->3254K(3456K)
[55.225s][info][gc             ] GC(1220) Pause Full (Allocation Failure) 494M->371M(494M) 43.258ms
[55.225s][info][gc,cpu         ] GC(1220) User=0.05s Sys=0.00s Real=0.05s
[55.232s][info][gc,start       ] GC(1221) Pause Full (Allocation Failure)
[55.232s][info][gc,phases,start] GC(1221) Phase 1: Mark live objects
[55.242s][info][gc,phases      ] GC(1221) Phase 1: Mark live objects 9.781ms
[55.242s][info][gc,phases,start] GC(1221) Phase 2: Compute new object addresses
[55.247s][info][gc,phases      ] GC(1221) Phase 2: Compute new object addresses 4.867ms
[55.247s][info][gc,phases,start] GC(1221) Phase 3: Adjust pointers
[55.254s][info][gc,phases      ] GC(1221) Phase 3: Adjust pointers 6.572ms
[55.254s][info][gc,phases,start] GC(1221) Phase 4: Move objects
[55.284s][info][gc,phases      ] GC(1221) Phase 4: Move objects 30.599ms
[55.285s][info][gc,heap        ] GC(1221) DefNew: 157244K(157248K)->12950K(157248K) Eden: 139776K(139776K)->12950K(139776K) From: 17468K(17472K)->0K(17472K)
[55.285s][info][gc,heap        ] GC(1221) Tenured: 349353K(349568K)->349531K(349568K)
[55.285s][info][gc,metaspace   ] GC(1221) Metaspace: 31042K(31360K)->31042K(31360K) NonClass: 27788K(27904K)->27788K(27904K) Class: 3254K(3456K)->3254K(3456K)
[55.285s][info][gc             ] GC(1221) Pause Full (Allocation Failure) 494M->353M(494M) 52.299ms
[55.285s][info][gc,cpu         ] GC(1221) User=0.05s Sys=0.00s Real=0.05s
[55.295s][info][gc,start       ] GC(1222) Pause Full (Allocation Failure)
[55.296s][info][gc,phases,start] GC(1222) Phase 1: Mark live objects
[55.305s][info][gc,phases      ] GC(1222) Phase 1: Mark live objects 9.103ms
[55.305s][info][gc,phases,start] GC(1222) Phase 2: Compute new object addresses
[55.309s][info][gc,phases      ] GC(1222) Phase 2: Compute new object addresses 4.499ms
[55.309s][info][gc,phases,start] GC(1222) Phase 3: Adjust pointers
[55.315s][info][gc,phases      ] GC(1222) Phase 3: Adjust pointers 5.625ms
[55.315s][info][gc,phases,start] GC(1222) Phase 4: Move objects
[55.340s][info][gc,phases      ] GC(1222) Phase 4: Move objects 25.463ms
[55.341s][info][gc,heap        ] GC(1222) DefNew: 156862K(157248K)->12331K(157248K) Eden: 139776K(139776K)->12331K(139776K) From: 17086K(17472K)->0K(17472K)
[55.341s][info][gc,heap        ] GC(1222) Tenured: 349531K(349568K)->349560K(349568K)
[55.341s][info][gc,metaspace   ] GC(1222) Metaspace: 31042K(31360K)->31042K(31360K) NonClass: 27788K(27904K)->27788K(27904K) Class: 3254K(3456K)->3254K(3456K)
[55.341s][info][gc             ] GC(1222) Pause Full (Allocation Failure) 494M->353M(494M) 45.150ms
[55.341s][info][gc,cpu         ] GC(1222) User=0.05s Sys=0.00s Real=0.04s
[55.352s][info][gc,start       ] GC(1223) Pause Full (Allocation Failure)
[55.352s][info][gc,phases,start] GC(1223) Phase 1: Mark live objects
[55.362s][info][gc,phases      ] GC(1223) Phase 1: Mark live objects 9.347ms
[55.362s][info][gc,phases,start] GC(1223) Phase 2: Compute new object addresses
[55.366s][info][gc,phases      ] GC(1223) Phase 2: Compute new object addresses 4.720ms
[55.366s][info][gc,phases,start] GC(1223) Phase 3: Adjust pointers
[55.372s][info][gc,phases      ] GC(1223) Phase 3: Adjust pointers 5.810ms
[55.372s][info][gc,phases,start] GC(1223) Phase 4: Move objects
[55.388s][info][gc,phases      ] GC(1223) Phase 4: Move objects 15.591ms
[55.388s][info][gc,heap        ] GC(1223) DefNew: 157149K(157248K)->33559K(157248K) Eden: 139776K(139776K)->33559K(139776K) From: 17373K(17472K)->0K(17472K)
[55.388s][info][gc,heap        ] GC(1223) Tenured: 349560K(349568K)->349490K(349568K)
[55.388s][info][gc,metaspace   ] GC(1223) Metaspace: 31042K(31360K)->31042K(31360K) NonClass: 27788K(27904K)->27788K(27904K) Class: 3254K(3456K)->3254K(3456K)
[55.388s][info][gc             ] GC(1223) Pause Full (Allocation Failure) 494M->374M(494M) 35.869ms
[55.388s][info][gc,cpu         ] GC(1223) User=0.03s Sys=0.00s Real=0.03s
[55.399s][info][gc,start       ] GC(1224) Pause Full (Allocation Failure)
[55.399s][info][gc,phases,start] GC(1224) Phase 1: Mark live objects
[55.407s][info][gc,phases      ] GC(1224) Phase 1: Mark live objects 8.565ms
[55.407s][info][gc,phases,start] GC(1224) Phase 2: Compute new object addresses
[55.411s][info][gc,phases      ] GC(1224) Phase 2: Compute new object addresses 4.044ms
[55.411s][info][gc,phases,start] GC(1224) Phase 3: Adjust pointers
[55.417s][info][gc,phases      ] GC(1224) Phase 3: Adjust pointers 5.653ms
[55.417s][info][gc,phases,start] GC(1224) Phase 4: Move objects
[55.444s][info][gc,phases      ] GC(1224) Phase 4: Move objects 26.476ms
[55.444s][info][gc,heap        ] GC(1224) DefNew: 156900K(157248K)->31151K(157248K) Eden: 139776K(139776K)->31151K(139776K) From: 17124K(17472K)->0K(17472K)
[55.444s][info][gc,heap        ] GC(1224) Tenured: 349490K(349568K)->349354K(349568K)
[55.444s][info][gc,metaspace   ] GC(1224) Metaspace: 31042K(31360K)->31042K(31360K) NonClass: 27788K(27904K)->27788K(27904K) Class: 3254K(3456K)->3254K(3456K)
[55.444s][info][gc             ] GC(1224) Pause Full (Allocation Failure) 494M->371M(494M) 45.157ms
[55.444s][info][gc,cpu         ] GC(1224) User=0.04s Sys=0.00s Real=0.05s
[55.452s][info][gc,start       ] GC(1225) Pause Full (Allocation Failure)
[55.452s][info][gc,phases,start] GC(1225) Phase 1: Mark live objects
[55.462s][info][gc,phases      ] GC(1225) Phase 1: Mark live objects 9.767ms
[55.462s][info][gc,phases,start] GC(1225) Phase 2: Compute new object addresses
[55.467s][info][gc,phases      ] GC(1225) Phase 2: Compute new object addresses 5.048ms
[55.467s][info][gc,phases,start] GC(1225) Phase 3: Adjust pointers
[55.475s][info][gc,phases      ] GC(1225) Phase 3: Adjust pointers 7.565ms
[55.475s][info][gc,phases,start] GC(1225) Phase 4: Move objects
[55.502s][info][gc,phases      ] GC(1225) Phase 4: Move objects 26.784ms
[55.502s][info][gc,heap        ] GC(1225) DefNew: 157221K(157248K)->33760K(157248K) Eden: 139776K(139776K)->33760K(139776K) From: 17445K(17472K)->0K(17472K)
[55.502s][info][gc,heap        ] GC(1225) Tenured: 349354K(349568K)->349533K(349568K)
[55.502s][info][gc,metaspace   ] GC(1225) Metaspace: 31042K(31360K)->31042K(31360K) NonClass: 27788K(27904K)->27788K(27904K) Class: 3254K(3456K)->3254K(3456K)
[55.502s][info][gc             ] GC(1225) Pause Full (Allocation Failure) 494M->374M(494M) 49.640ms
[55.502s][info][gc,cpu         ] GC(1225) User=0.05s Sys=0.00s Real=0.05s
[55.513s][info][gc,start       ] GC(1226) Pause Full (Allocation Failure)
[55.513s][info][gc,phases,start] GC(1226) Phase 1: Mark live objects
[55.522s][info][gc,phases      ] GC(1226) Phase 1: Mark live objects 9.611ms
[55.523s][info][gc,phases,start] GC(1226) Phase 2: Compute new object addresses
[55.527s][info][gc,phases      ] GC(1226) Phase 2: Compute new object addresses 4.322ms
[55.527s][info][gc,phases,start] GC(1226) Phase 3: Adjust pointers
[55.533s][info][gc,phases      ] GC(1226) Phase 3: Adjust pointers 5.963ms
[55.533s][info][gc,phases,start] GC(1226) Phase 4: Move objects
[55.559s][info][gc,phases      ] GC(1226) Phase 4: Move objects 26.523ms
[55.560s][info][gc,heap        ] GC(1226) DefNew: 156631K(157248K)->9537K(157248K) Eden: 139775K(139776K)->9537K(139776K) From: 16855K(17472K)->0K(17472K)
[55.560s][info][gc,heap        ] GC(1226) Tenured: 349533K(349568K)->349400K(349568K)
[55.560s][info][gc,metaspace   ] GC(1226) Metaspace: 31042K(31360K)->31042K(31360K) NonClass: 27788K(27904K)->27788K(27904K) Class: 3254K(3456K)->3254K(3456K)
[55.560s][info][gc             ] GC(1226) Pause Full (Allocation Failure) 494M->350M(494M) 46.873ms
[55.560s][info][gc,cpu         ] GC(1226) User=0.05s Sys=0.00s Real=0.04s
[55.570s][info][gc,start       ] GC(1227) Pause Full (Allocation Failure)
[55.570s][info][gc,phases,start] GC(1227) Phase 1: Mark live objects
[55.579s][info][gc,phases      ] GC(1227) Phase 1: Mark live objects 8.708ms
[55.579s][info][gc,phases,start] GC(1227) Phase 2: Compute new object addresses
[55.583s][info][gc,phases      ] GC(1227) Phase 2: Compute new object addresses 4.494ms
[55.583s][info][gc,phases,start] GC(1227) Phase 3: Adjust pointers
[55.589s][info][gc,phases      ] GC(1227) Phase 3: Adjust pointers 5.595ms
[55.589s][info][gc,phases,start] GC(1227) Phase 4: Move objects
[55.607s][info][gc,phases      ] GC(1227) Phase 4: Move objects 17.867ms
[55.607s][info][gc,heap        ] GC(1227) DefNew: 156515K(157248K)->29573K(157248K) Eden: 139776K(139776K)->29573K(139776K) From: 16739K(17472K)->0K(17472K)
[55.607s][info][gc,heap        ] GC(1227) Tenured: 349400K(349568K)->349530K(349568K)
[55.607s][info][gc,metaspace   ] GC(1227) Metaspace: 31042K(31360K)->31042K(31360K) NonClass: 27788K(27904K)->27788K(27904K) Class: 3254K(3456K)->3254K(3456K)
[55.607s][info][gc             ] GC(1227) Pause Full (Allocation Failure) 494M->370M(494M) 37.089ms
[55.607s][info][gc,cpu         ] GC(1227) User=0.04s Sys=0.00s Real=0.03s
[55.614s][info][gc,start       ] GC(1228) Pause Full (Allocation Failure)
[55.614s][info][gc,phases,start] GC(1228) Phase 1: Mark live objects
[55.624s][info][gc,phases      ] GC(1228) Phase 1: Mark live objects 9.890ms
[55.624s][info][gc,phases,start] GC(1228) Phase 2: Compute new object addresses
[55.628s][info][gc,phases      ] GC(1228) Phase 2: Compute new object addresses 4.622ms
[55.628s][info][gc,phases,start] GC(1228) Phase 3: Adjust pointers
[55.634s][info][gc,phases      ] GC(1228) Phase 3: Adjust pointers 5.968ms
[55.634s][info][gc,phases,start] GC(1228) Phase 4: Move objects
[55.659s][info][gc,phases      ] GC(1228) Phase 4: Move objects 24.387ms
[55.659s][info][gc,heap        ] GC(1228) DefNew: 157036K(157248K)->32986K(157248K) Eden: 139776K(139776K)->32986K(139776K) From: 17260K(17472K)->0K(17472K)
[55.659s][info][gc,heap        ] GC(1228) Tenured: 349530K(349568K)->349532K(349568K)
[55.659s][info][gc,metaspace   ] GC(1228) Metaspace: 31042K(31360K)->31042K(31360K) NonClass: 27788K(27904K)->27788K(27904K) Class: 3254K(3456K)->3254K(3456K)
[55.659s][info][gc             ] GC(1228) Pause Full (Allocation Failure) 494M->373M(494M) 45.340ms
[55.659s][info][gc,cpu         ] GC(1228) User=0.04s Sys=0.00s Real=0.04s
[55.668s][info][gc,start       ] GC(1229) Pause Full (Allocation Failure)
[55.668s][info][gc,phases,start] GC(1229) Phase 1: Mark live objects
[55.677s][info][gc,phases      ] GC(1229) Phase 1: Mark live objects 9.088ms
[55.677s][info][gc,phases,start] GC(1229) Phase 2: Compute new object addresses
[55.681s][info][gc,phases      ] GC(1229) Phase 2: Compute new object addresses 4.407ms
[55.681s][info][gc,phases,start] GC(1229) Phase 3: Adjust pointers
[55.687s][info][gc,phases      ] GC(1229) Phase 3: Adjust pointers 5.827ms
[55.687s][info][gc,phases,start] GC(1229) Phase 4: Move objects
[55.712s][info][gc,phases      ] GC(1229) Phase 4: Move objects 24.914ms
[55.712s][info][gc,heap        ] GC(1229) DefNew: 157247K(157248K)->32911K(157248K) Eden: 139776K(139776K)->32911K(139776K) From: 17471K(17472K)->0K(17472K)
[55.712s][info][gc,heap        ] GC(1229) Tenured: 349568K(349568K)->349530K(349568K)
[55.712s][info][gc,metaspace   ] GC(1229) Metaspace: 31042K(31360K)->31042K(31360K) NonClass: 27788K(27904K)->27788K(27904K) Class: 3254K(3456K)->3254K(3456K)
[55.712s][info][gc             ] GC(1229) Pause Full (Allocation Failure) 494M->373M(494M) 44.653ms
[55.712s][info][gc,cpu         ] GC(1229) User=0.04s Sys=0.00s Real=0.05s
[55.721s][info][gc,start       ] GC(1230) Pause Full (Allocation Failure)
[55.721s][info][gc,phases,start] GC(1230) Phase 1: Mark live objects
[55.730s][info][gc,phases      ] GC(1230) Phase 1: Mark live objects 9.078ms
[55.730s][info][gc,phases,start] GC(1230) Phase 2: Compute new object addresses
[55.734s][info][gc,phases      ] GC(1230) Phase 2: Compute new object addresses 4.518ms
[55.734s][info][gc,phases,start] GC(1230) Phase 3: Adjust pointers
[55.740s][info][gc,phases      ] GC(1230) Phase 3: Adjust pointers 5.955ms
[55.740s][info][gc,phases,start] GC(1230) Phase 4: Move objects
[55.767s][info][gc,phases      ] GC(1230) Phase 4: Move objects 27.135ms
[55.768s][info][gc,heap        ] GC(1230) DefNew: 156880K(157248K)->15461K(157248K) Eden: 139776K(139776K)->15461K(139776K) From: 17104K(17472K)->0K(17472K)
[55.768s][info][gc,heap        ] GC(1230) Tenured: 349530K(349568K)->349341K(349568K)
[55.768s][info][gc,metaspace   ] GC(1230) Metaspace: 31042K(31360K)->31042K(31360K) NonClass: 27788K(27904K)->27788K(27904K) Class: 3254K(3456K)->3254K(3456K)
[55.768s][info][gc             ] GC(1230) Pause Full (Allocation Failure) 494M->356M(494M) 47.129ms
[55.768s][info][gc,cpu         ] GC(1230) User=0.04s Sys=0.00s Real=0.05s
[55.778s][info][gc,start       ] GC(1231) Pause Full (Allocation Failure)
[55.778s][info][gc,phases,start] GC(1231) Phase 1: Mark live objects
[55.787s][info][gc,phases      ] GC(1231) Phase 1: Mark live objects 8.679ms
[55.787s][info][gc,phases,start] GC(1231) Phase 2: Compute new object addresses
[55.792s][info][gc,phases      ] GC(1231) Phase 2: Compute new object addresses 4.479ms
[55.792s][info][gc,phases,start] GC(1231) Phase 3: Adjust pointers
[55.797s][info][gc,phases      ] GC(1231) Phase 3: Adjust pointers 5.712ms
[55.797s][info][gc,phases,start] GC(1231) Phase 4: Move objects
[55.816s][info][gc,phases      ] GC(1231) Phase 4: Move objects 18.675ms
[55.816s][info][gc,heap        ] GC(1231) DefNew: 156854K(157248K)->29073K(157248K) Eden: 139776K(139776K)->29073K(139776K) From: 17078K(17472K)->0K(17472K)
[55.816s][info][gc,heap        ] GC(1231) Tenured: 349341K(349568K)->349525K(349568K)
[55.816s][info][gc,metaspace   ] GC(1231) Metaspace: 31042K(31360K)->31042K(31360K) NonClass: 27788K(27904K)->27788K(27904K) Class: 3254K(3456K)->3254K(3456K)
[55.816s][info][gc             ] GC(1231) Pause Full (Allocation Failure) 494M->369M(494M) 37.984ms
[55.816s][info][gc,cpu         ] GC(1231) User=0.03s Sys=0.00s Real=0.04s
[55.827s][info][gc,start       ] GC(1232) Pause Full (Allocation Failure)
[55.827s][info][gc,phases,start] GC(1232) Phase 1: Mark live objects
[55.837s][info][gc,phases      ] GC(1232) Phase 1: Mark live objects 9.427ms
[55.837s][info][gc,phases,start] GC(1232) Phase 2: Compute new object addresses
[55.841s][info][gc,phases      ] GC(1232) Phase 2: Compute new object addresses 4.612ms
[55.841s][info][gc,phases,start] GC(1232) Phase 3: Adjust pointers
[55.847s][info][gc,phases      ] GC(1232) Phase 3: Adjust pointers 6.002ms
[55.847s][info][gc,phases,start] GC(1232) Phase 4: Move objects
[55.873s][info][gc,phases      ] GC(1232) Phase 4: Move objects 26.142ms
[55.874s][info][gc,heap        ] GC(1232) DefNew: 156579K(157248K)->22213K(157248K) Eden: 139776K(139776K)->22213K(139776K) From: 16803K(17472K)->0K(17472K)
[55.874s][info][gc,heap        ] GC(1232) Tenured: 349525K(349568K)->349276K(349568K)
[55.874s][info][gc,metaspace   ] GC(1232) Metaspace: 31042K(31360K)->31042K(31360K) NonClass: 27788K(27904K)->27788K(27904K) Class: 3254K(3456K)->3254K(3456K)
[55.874s][info][gc             ] GC(1232) Pause Full (Allocation Failure) 494M->362M(494M) 46.642ms
[55.874s][info][gc,cpu         ] GC(1232) User=0.04s Sys=0.00s Real=0.05s
[55.881s][info][gc,start       ] GC(1233) Pause Full (Allocation Failure)
[55.881s][info][gc,phases,start] GC(1233) Phase 1: Mark live objects
[55.891s][info][gc,phases      ] GC(1233) Phase 1: Mark live objects 9.621ms
[55.891s][info][gc,phases,start] GC(1233) Phase 2: Compute new object addresses
[55.896s][info][gc,phases      ] GC(1233) Phase 2: Compute new object addresses 4.552ms
[55.896s][info][gc,phases,start] GC(1233) Phase 3: Adjust pointers
[55.902s][info][gc,phases      ] GC(1233) Phase 3: Adjust pointers 6.110ms
[55.902s][info][gc,phases,start] GC(1233) Phase 4: Move objects
[55.925s][info][gc,phases      ] GC(1233) Phase 4: Move objects 23.288ms
[55.925s][info][gc,heap        ] GC(1233) DefNew: 157084K(157248K)->31113K(157248K) Eden: 139776K(139776K)->31113K(139776K) From: 17308K(17472K)->0K(17472K)
[55.925s][info][gc,heap        ] GC(1233) Tenured: 349532K(349568K)->349532K(349568K)
[55.925s][info][gc,metaspace   ] GC(1233) Metaspace: 31042K(31360K)->31042K(31360K) NonClass: 27788K(27904K)->27788K(27904K) Class: 3254K(3456K)->3254K(3456K)
[55.925s][info][gc             ] GC(1233) Pause Full (Allocation Failure) 494M->371M(494M) 44.065ms
[55.925s][info][gc,cpu         ] GC(1233) User=0.05s Sys=0.00s Real=0.05s
[55.932s][info][gc,start       ] GC(1234) Pause Full (Allocation Failure)
[55.932s][info][gc,phases,start] GC(1234) Phase 1: Mark live objects
[55.942s][info][gc,phases      ] GC(1234) Phase 1: Mark live objects 9.846ms
[55.942s][info][gc,phases,start] GC(1234) Phase 2: Compute new object addresses
[55.946s][info][gc,phases      ] GC(1234) Phase 2: Compute new object addresses 4.551ms
[55.946s][info][gc,phases,start] GC(1234) Phase 3: Adjust pointers
[55.952s][info][gc,phases      ] GC(1234) Phase 3: Adjust pointers 5.938ms
[55.952s][info][gc,phases,start] GC(1234) Phase 4: Move objects
[55.979s][info][gc,phases      ] GC(1234) Phase 4: Move objects 26.801ms
[55.979s][info][gc,heap        ] GC(1234) DefNew: 157021K(157248K)->17006K(157248K) Eden: 139776K(139776K)->17006K(139776K) From: 17245K(17472K)->0K(17472K)
[55.979s][info][gc,heap        ] GC(1234) Tenured: 349532K(349568K)->349339K(349568K)
[55.979s][info][gc,metaspace   ] GC(1234) Metaspace: 31042K(31360K)->31042K(31360K) NonClass: 27788K(27904K)->27788K(27904K) Class: 3254K(3456K)->3254K(3456K)
[55.979s][info][gc             ] GC(1234) Pause Full (Allocation Failure) 494M->357M(494M) 47.555ms
[55.980s][info][gc,cpu         ] GC(1234) User=0.04s Sys=0.00s Real=0.04s
[55.990s][info][gc,start       ] GC(1235) Pause Full (Allocation Failure)
[55.991s][info][gc,phases,start] GC(1235) Phase 1: Mark live objects
[55.999s][info][gc,phases      ] GC(1235) Phase 1: Mark live objects 8.697ms
[55.999s][info][gc,phases,start] GC(1235) Phase 2: Compute new object addresses
[56.004s][info][gc,phases      ] GC(1235) Phase 2: Compute new object addresses 4.645ms
[56.004s][info][gc,phases,start] GC(1235) Phase 3: Adjust pointers
[56.010s][info][gc,phases      ] GC(1235) Phase 3: Adjust pointers 5.912ms
[56.010s][info][gc,phases,start] GC(1235) Phase 4: Move objects
[56.028s][info][gc,phases      ] GC(1235) Phase 4: Move objects 18.261ms
[56.028s][info][gc,heap        ] GC(1235) DefNew: 156623K(157248K)->29065K(157248K) Eden: 139776K(139776K)->29065K(139776K) From: 16847K(17472K)->0K(17472K)
[56.028s][info][gc,heap        ] GC(1235) Tenured: 349339K(349568K)->349528K(349568K)
[56.028s][info][gc,metaspace   ] GC(1235) Metaspace: 31042K(31360K)->31042K(31360K) NonClass: 27788K(27904K)->27788K(27904K) Class: 3254K(3456K)->3254K(3456K)
[56.028s][info][gc             ] GC(1235) Pause Full (Allocation Failure) 494M->369M(494M) 37.952ms
[56.028s][info][gc,cpu         ] GC(1235) User=0.04s Sys=0.00s Real=0.03s
[56.040s][info][gc,start       ] GC(1236) Pause Full (Allocation Failure)
[56.040s][info][gc,phases,start] GC(1236) Phase 1: Mark live objects
[56.049s][info][gc,phases      ] GC(1236) Phase 1: Mark live objects 8.789ms
[56.049s][info][gc,phases,start] GC(1236) Phase 2: Compute new object addresses
[56.053s][info][gc,phases      ] GC(1236) Phase 2: Compute new object addresses 4.487ms
[56.053s][info][gc,phases,start] GC(1236) Phase 3: Adjust pointers
[56.059s][info][gc,phases      ] GC(1236) Phase 3: Adjust pointers 5.875ms
[56.059s][info][gc,phases,start] GC(1236) Phase 4: Move objects
[56.084s][info][gc,phases      ] GC(1236) Phase 4: Move objects 24.782ms
[56.084s][info][gc,heap        ] GC(1236) DefNew: 156430K(157248K)->24034K(157248K) Eden: 139776K(139776K)->24034K(139776K) From: 16654K(17472K)->0K(17472K)
[56.084s][info][gc,heap        ] GC(1236) Tenured: 349528K(349568K)->349519K(349568K)
[56.084s][info][gc,metaspace   ] GC(1236) Metaspace: 31042K(31360K)->31042K(31360K) NonClass: 27788K(27904K)->27788K(27904K) Class: 3254K(3456K)->3254K(3456K)
[56.084s][info][gc             ] GC(1236) Pause Full (Allocation Failure) 494M->364M(494M) 44.325ms
[56.084s][info][gc,cpu         ] GC(1236) User=0.05s Sys=0.00s Real=0.05s
[56.091s][info][gc,start       ] GC(1237) Pause Young (GCLocker Initiated GC)
[56.091s][info][gc,heap        ] GC(1237) DefNew: 157224K(157248K)->157224K(157248K) Eden: 139776K(139776K)->139776K(139776K) From: 17448K(17472K)->17448K(17472K)
[56.091s][info][gc,heap        ] GC(1237) Tenured: 349519K(349568K)->349519K(349568K)
[56.091s][info][gc,metaspace   ] GC(1237) Metaspace: 31042K(31360K)->31042K(31360K) NonClass: 27788K(27904K)->27788K(27904K) Class: 3254K(3456K)->3254K(3456K)
[56.091s][info][gc             ] GC(1237) Pause Young (GCLocker Initiated GC) 494M->494M(494M) 0.062ms
[56.091s][info][gc,cpu         ] GC(1237) User=0.00s Sys=0.00s Real=0.00s
[56.091s][info][gc,start       ] GC(1238) Pause Full (GCLocker Initiated GC)
[56.091s][info][gc,phases,start] GC(1238) Phase 1: Mark live objects
[56.100s][info][gc,phases      ] GC(1238) Phase 1: Mark live objects 8.980ms
[56.100s][info][gc,phases,start] GC(1238) Phase 2: Compute new object addresses
[56.104s][info][gc,phases      ] GC(1238) Phase 2: Compute new object addresses 4.351ms
[56.104s][info][gc,phases,start] GC(1238) Phase 3: Adjust pointers
[56.110s][info][gc,phases      ] GC(1238) Phase 3: Adjust pointers 5.664ms
[56.110s][info][gc,phases,start] GC(1238) Phase 4: Move objects
[56.133s][info][gc,phases      ] GC(1238) Phase 4: Move objects 23.299ms
[56.133s][info][gc,heap        ] GC(1238) DefNew: 157224K(157248K)->32135K(157248K) Eden: 139776K(139776K)->32135K(139776K) From: 17448K(17472K)->0K(17472K)
[56.133s][info][gc,heap        ] GC(1238) Tenured: 349519K(349568K)->349529K(349568K)
[56.133s][info][gc,metaspace   ] GC(1238) Metaspace: 31042K(31360K)->31042K(31360K) NonClass: 27788K(27904K)->27788K(27904K) Class: 3254K(3456K)->3254K(3456K)
[56.133s][info][gc             ] GC(1238) Pause Full (GCLocker Initiated GC) 494M->372M(494M) 42.678ms
[56.133s][info][gc,cpu         ] GC(1238) User=0.04s Sys=0.00s Real=0.04s
[56.143s][info][gc,start       ] GC(1239) Pause Full (Allocation Failure)
[56.143s][info][gc,phases,start] GC(1239) Phase 1: Mark live objects
[56.153s][info][gc,phases      ] GC(1239) Phase 1: Mark live objects 9.503ms
[56.153s][info][gc,phases,start] GC(1239) Phase 2: Compute new object addresses
[56.157s][info][gc,phases      ] GC(1239) Phase 2: Compute new object addresses 4.455ms
[56.157s][info][gc,phases,start] GC(1239) Phase 3: Adjust pointers
[56.163s][info][gc,phases      ] GC(1239) Phase 3: Adjust pointers 5.861ms
[56.163s][info][gc,phases,start] GC(1239) Phase 4: Move objects
[56.189s][info][gc,phases      ] GC(1239) Phase 4: Move objects 25.763ms
[56.189s][info][gc,heap        ] GC(1239) DefNew: 157248K(157248K)->9543K(157248K) Eden: 139776K(139776K)->9543K(139776K) From: 17472K(17472K)->0K(17472K)
[56.189s][info][gc,heap        ] GC(1239) Tenured: 349567K(349568K)->349352K(349568K)
[56.189s][info][gc,metaspace   ] GC(1239) Metaspace: 31042K(31360K)->31042K(31360K) NonClass: 27788K(27904K)->27788K(27904K) Class: 3254K(3456K)->3254K(3456K)
[56.189s][info][gc             ] GC(1239) Pause Full (Allocation Failure) 494M->350M(494M) 45.993ms
[56.189s][info][gc,cpu         ] GC(1239) User=0.04s Sys=0.00s Real=0.04s
[56.200s][info][gc,start       ] GC(1240) Pause Full (Allocation Failure)
[56.200s][info][gc,phases,start] GC(1240) Phase 1: Mark live objects
[56.209s][info][gc,phases      ] GC(1240) Phase 1: Mark live objects 9.215ms
[56.209s][info][gc,phases,start] GC(1240) Phase 2: Compute new object addresses
[56.214s][info][gc,phases      ] GC(1240) Phase 2: Compute new object addresses 4.525ms
[56.214s][info][gc,phases,start] GC(1240) Phase 3: Adjust pointers
[56.219s][info][gc,phases      ] GC(1240) Phase 3: Adjust pointers 5.469ms
[56.219s][info][gc,phases,start] GC(1240) Phase 4: Move objects
[56.238s][info][gc,phases      ] GC(1240) Phase 4: Move objects 18.496ms
[56.238s][info][gc,heap        ] GC(1240) DefNew: 157074K(157248K)->27517K(157248K) Eden: 139776K(139776K)->27517K(139776K) From: 17298K(17472K)->0K(17472K)
[56.238s][info][gc,heap        ] GC(1240) Tenured: 349352K(349568K)->349523K(349568K)
[56.238s][info][gc,metaspace   ] GC(1240) Metaspace: 31042K(31360K)->31042K(31360K) NonClass: 27788K(27904K)->27788K(27904K) Class: 3254K(3456K)->3254K(3456K)
[56.238s][info][gc             ] GC(1240) Pause Full (Allocation Failure) 494M->368M(494M) 38.157ms
[56.238s][info][gc,cpu         ] GC(1240) User=0.04s Sys=0.01s Real=0.04s
[56.249s][info][gc,start       ] GC(1241) Pause Full (Allocation Failure)
[56.249s][info][gc,phases,start] GC(1241) Phase 1: Mark live objects
[56.259s][info][gc,phases      ] GC(1241) Phase 1: Mark live objects 10.024ms
[56.260s][info][gc,phases,start] GC(1241) Phase 2: Compute new object addresses
[56.264s][info][gc,phases      ] GC(1241) Phase 2: Compute new object addresses 4.870ms
[56.264s][info][gc,phases,start] GC(1241) Phase 3: Adjust pointers
[56.271s][info][gc,phases      ] GC(1241) Phase 3: Adjust pointers 6.544ms
[56.271s][info][gc,phases,start] GC(1241) Phase 4: Move objects
[56.300s][info][gc,phases      ] GC(1241) Phase 4: Move objects 29.114ms
[56.300s][info][gc,heap        ] GC(1241) DefNew: 157172K(157248K)->25309K(157248K) Eden: 139776K(139776K)->25309K(139776K) From: 17396K(17472K)->0K(17472K)
[56.300s][info][gc,heap        ] GC(1241) Tenured: 349523K(349568K)->349520K(349568K)
[56.300s][info][gc,metaspace   ] GC(1241) Metaspace: 31044K(31360K)->31044K(31360K) NonClass: 27790K(27904K)->27790K(27904K) Class: 3254K(3456K)->3254K(3456K)
[56.300s][info][gc             ] GC(1241) Pause Full (Allocation Failure) 494M->366M(494M) 50.991ms
[56.300s][info][gc,cpu         ] GC(1241) User=0.05s Sys=0.00s Real=0.05s
[56.307s][info][gc,start       ] GC(1242) Pause Full (Allocation Failure)
[56.307s][info][gc,phases,start] GC(1242) Phase 1: Mark live objects
[56.316s][info][gc,phases      ] GC(1242) Phase 1: Mark live objects 8.925ms
[56.316s][info][gc,phases,start] GC(1242) Phase 2: Compute new object addresses
[56.320s][info][gc,phases      ] GC(1242) Phase 2: Compute new object addresses 4.210ms
[56.320s][info][gc,phases,start] GC(1242) Phase 3: Adjust pointers
[56.326s][info][gc,phases      ] GC(1242) Phase 3: Adjust pointers 5.641ms
[56.326s][info][gc,phases,start] GC(1242) Phase 4: Move objects
[56.352s][info][gc,phases      ] GC(1242) Phase 4: Move objects 25.801ms
[56.352s][info][gc,heap        ] GC(1242) DefNew: 157038K(157248K)->9513K(157248K) Eden: 139776K(139776K)->9513K(139776K) From: 17262K(17472K)->0K(17472K)
[56.352s][info][gc,heap        ] GC(1242) Tenured: 349520K(349568K)->349542K(349568K)
[56.352s][info][gc,metaspace   ] GC(1242) Metaspace: 31044K(31360K)->31044K(31360K) NonClass: 27790K(27904K)->27790K(27904K) Class: 3254K(3456K)->3254K(3456K)
[56.352s][info][gc             ] GC(1242) Pause Full (Allocation Failure) 494M->350M(494M) 45.035ms
[56.352s][info][gc,cpu         ] GC(1242) User=0.04s Sys=0.00s Real=0.05s
[56.361s][info][gc,start       ] GC(1243) Pause Full (Allocation Failure)
[56.361s][info][gc,phases,start] GC(1243) Phase 1: Mark live objects
[56.371s][info][gc,phases      ] GC(1243) Phase 1: Mark live objects 9.599ms
[56.371s][info][gc,phases,start] GC(1243) Phase 2: Compute new object addresses
[56.376s][info][gc,phases      ] GC(1243) Phase 2: Compute new object addresses 5.103ms
[56.376s][info][gc,phases,start] GC(1243) Phase 3: Adjust pointers
[56.382s][info][gc,phases      ] GC(1243) Phase 3: Adjust pointers 6.305ms
[56.382s][info][gc,phases,start] GC(1243) Phase 4: Move objects
[56.407s][info][gc,phases      ] GC(1243) Phase 4: Move objects 24.701ms
[56.407s][info][gc,heap        ] GC(1243) DefNew: 157140K(157248K)->15953K(157248K) Eden: 139776K(139776K)->15953K(139776K) From: 17364K(17472K)->0K(17472K)
[56.407s][info][gc,heap        ] GC(1243) Tenured: 349542K(349568K)->349359K(349568K)
[56.407s][info][gc,metaspace   ] GC(1243) Metaspace: 31044K(31360K)->31044K(31360K) NonClass: 27790K(27904K)->27790K(27904K) Class: 3254K(3456K)->3254K(3456K)
[56.407s][info][gc             ] GC(1243) Pause Full (Allocation Failure) 494M->356M(494M) 46.138ms
[56.407s][info][gc,cpu         ] GC(1243) User=0.04s Sys=0.00s Real=0.05s
[56.415s][info][gc,start       ] GC(1244) Pause Full (Allocation Failure)
[56.415s][info][gc,phases,start] GC(1244) Phase 1: Mark live objects
[56.424s][info][gc,phases      ] GC(1244) Phase 1: Mark live objects 8.715ms
[56.424s][info][gc,phases,start] GC(1244) Phase 2: Compute new object addresses
[56.428s][info][gc,phases      ] GC(1244) Phase 2: Compute new object addresses 4.531ms
[56.428s][info][gc,phases,start] GC(1244) Phase 3: Adjust pointers
[56.434s][info][gc,phases      ] GC(1244) Phase 3: Adjust pointers 5.998ms
[56.434s][info][gc,phases,start] GC(1244) Phase 4: Move objects
[56.439s][info][gc,phases      ] GC(1244) Phase 4: Move objects 4.349ms
[56.439s][info][gc,heap        ] GC(1244) DefNew: 157051K(157248K)->36501K(157248K) Eden: 139776K(139776K)->36501K(139776K) From: 17275K(17472K)->0K(17472K)
[56.439s][info][gc,heap        ] GC(1244) Tenured: 349359K(349568K)->349525K(349568K)
[56.439s][info][gc,metaspace   ] GC(1244) Metaspace: 31044K(31360K)->31044K(31360K) NonClass: 27790K(27904K)->27790K(27904K) Class: 3254K(3456K)->3254K(3456K)
[56.439s][info][gc             ] GC(1244) Pause Full (Allocation Failure) 494M->376M(494M) 24.057ms
[56.439s][info][gc,cpu         ] GC(1244) User=0.02s Sys=0.00s Real=0.02s
[56.449s][info][gc,start       ] GC(1245) Pause Full (Allocation Failure)
[56.450s][info][gc,phases,start] GC(1245) Phase 1: Mark live objects
[56.459s][info][gc,phases      ] GC(1245) Phase 1: Mark live objects 9.256ms
[56.459s][info][gc,phases,start] GC(1245) Phase 2: Compute new object addresses
[56.463s][info][gc,phases      ] GC(1245) Phase 2: Compute new object addresses 4.359ms
[56.463s][info][gc,phases,start] GC(1245) Phase 3: Adjust pointers
[56.471s][info][gc,phases      ] GC(1245) Phase 3: Adjust pointers 7.316ms
[56.471s][info][gc,phases,start] GC(1245) Phase 4: Move objects
[56.497s][info][gc,phases      ] GC(1245) Phase 4: Move objects 25.932ms
[56.497s][info][gc,heap        ] GC(1245) DefNew: 156648K(157248K)->29714K(157248K) Eden: 139776K(139776K)->29714K(139776K) From: 16872K(17472K)->0K(17472K)
[56.497s][info][gc,heap        ] GC(1245) Tenured: 349525K(349568K)->349489K(349568K)
[56.497s][info][gc,metaspace   ] GC(1245) Metaspace: 31044K(31360K)->31044K(31360K) NonClass: 27790K(27904K)->27790K(27904K) Class: 3254K(3456K)->3254K(3456K)
[56.497s][info][gc             ] GC(1245) Pause Full (Allocation Failure) 494M->370M(494M) 47.335ms
[56.497s][info][gc,cpu         ] GC(1245) User=0.04s Sys=0.00s Real=0.05s
[56.507s][info][gc,start       ] GC(1246) Pause Full (Allocation Failure)
[56.507s][info][gc,phases,start] GC(1246) Phase 1: Mark live objects
[56.517s][info][gc,phases      ] GC(1246) Phase 1: Mark live objects 9.531ms
[56.517s][info][gc,phases,start] GC(1246) Phase 2: Compute new object addresses
[56.521s][info][gc,phases      ] GC(1246) Phase 2: Compute new object addresses 4.500ms
[56.521s][info][gc,phases,start] GC(1246) Phase 3: Adjust pointers
[56.527s][info][gc,phases      ] GC(1246) Phase 3: Adjust pointers 5.944ms
[56.527s][info][gc,phases,start] GC(1246) Phase 4: Move objects
[56.553s][info][gc,phases      ] GC(1246) Phase 4: Move objects 25.916ms
[56.553s][info][gc,heap        ] GC(1246) DefNew: 157137K(157248K)->21877K(157248K) Eden: 139776K(139776K)->21877K(139776K) From: 17361K(17472K)->0K(17472K)
[56.553s][info][gc,heap        ] GC(1246) Tenured: 349489K(349568K)->349510K(349568K)
[56.553s][info][gc,metaspace   ] GC(1246) Metaspace: 31044K(31360K)->31044K(31360K) NonClass: 27790K(27904K)->27790K(27904K) Class: 3254K(3456K)->3254K(3456K)
[56.553s][info][gc             ] GC(1246) Pause Full (Allocation Failure) 494M->362M(494M) 46.327ms
[56.553s][info][gc,cpu         ] GC(1246) User=0.05s Sys=0.00s Real=0.05s
[56.565s][info][gc,start       ] GC(1247) Pause Full (Allocation Failure)
[56.565s][info][gc,phases,start] GC(1247) Phase 1: Mark live objects
[56.574s][info][gc,phases      ] GC(1247) Phase 1: Mark live objects 8.636ms
[56.574s][info][gc,phases,start] GC(1247) Phase 2: Compute new object addresses
[56.578s][info][gc,phases      ] GC(1247) Phase 2: Compute new object addresses 4.388ms
[56.578s][info][gc,phases,start] GC(1247) Phase 3: Adjust pointers
[56.584s][info][gc,phases      ] GC(1247) Phase 3: Adjust pointers 5.622ms
[56.584s][info][gc,phases,start] GC(1247) Phase 4: Move objects
[56.609s][info][gc,phases      ] GC(1247) Phase 4: Move objects 25.468ms
[56.609s][info][gc,heap        ] GC(1247) DefNew: 157221K(157248K)->13125K(157248K) Eden: 139776K(139776K)->13125K(139776K) From: 17445K(17472K)->0K(17472K)
[56.609s][info][gc,heap        ] GC(1247) Tenured: 349510K(349568K)->349379K(349568K)
[56.609s][info][gc,metaspace   ] GC(1247) Metaspace: 31044K(31360K)->31044K(31360K) NonClass: 27790K(27904K)->27790K(27904K) Class: 3254K(3456K)->3254K(3456K)
[56.609s][info][gc             ] GC(1247) Pause Full (Allocation Failure) 494M->354M(494M) 44.540ms
[56.609s][info][gc,cpu         ] GC(1247) User=0.04s Sys=0.00s Real=0.04s
[56.620s][info][gc,start       ] GC(1248) Pause Full (Allocation Failure)
[56.620s][info][gc,phases,start] GC(1248) Phase 1: Mark live objects
[56.629s][info][gc,phases      ] GC(1248) Phase 1: Mark live objects 8.842ms
[56.629s][info][gc,phases,start] GC(1248) Phase 2: Compute new object addresses
[56.634s][info][gc,phases      ] GC(1248) Phase 2: Compute new object addresses 4.466ms
[56.634s][info][gc,phases,start] GC(1248) Phase 3: Adjust pointers
[56.639s][info][gc,phases      ] GC(1248) Phase 3: Adjust pointers 5.598ms
[56.639s][info][gc,phases,start] GC(1248) Phase 4: Move objects
[56.655s][info][gc,phases      ] GC(1248) Phase 4: Move objects 16.198ms
[56.656s][info][gc,heap        ] GC(1248) DefNew: 157089K(157248K)->27806K(157248K) Eden: 139776K(139776K)->27806K(139776K) From: 17313K(17472K)->0K(17472K)
[56.656s][info][gc,heap        ] GC(1248) Tenured: 349379K(349568K)->349524K(349568K)
[56.656s][info][gc,metaspace   ] GC(1248) Metaspace: 31044K(31360K)->31044K(31360K) NonClass: 27790K(27904K)->27790K(27904K) Class: 3254K(3456K)->3254K(3456K)
[56.656s][info][gc             ] GC(1248) Pause Full (Allocation Failure) 494M->368M(494M) 35.569ms
[56.656s][info][gc,cpu         ] GC(1248) User=0.04s Sys=0.00s Real=0.04s
[56.662s][info][gc,start       ] GC(1249) Pause Full (Allocation Failure)
[56.662s][info][gc,phases,start] GC(1249) Phase 1: Mark live objects
[56.671s][info][gc,phases      ] GC(1249) Phase 1: Mark live objects 9.076ms
[56.671s][info][gc,phases,start] GC(1249) Phase 2: Compute new object addresses
[56.676s][info][gc,phases      ] GC(1249) Phase 2: Compute new object addresses 4.589ms
[56.676s][info][gc,phases,start] GC(1249) Phase 3: Adjust pointers
[56.682s][info][gc,phases      ] GC(1249) Phase 3: Adjust pointers 6.110ms
[56.682s][info][gc,phases,start] GC(1249) Phase 4: Move objects
[56.707s][info][gc,phases      ] GC(1249) Phase 4: Move objects 24.770ms
[56.707s][info][gc,heap        ] GC(1249) DefNew: 157012K(157248K)->34533K(157248K) Eden: 139776K(139776K)->34533K(139776K) From: 17236K(17472K)->0K(17472K)
[56.707s][info][gc,heap        ] GC(1249) Tenured: 349524K(349568K)->349526K(349568K)
[56.707s][info][gc,metaspace   ] GC(1249) Metaspace: 31044K(31360K)->31044K(31360K) NonClass: 27790K(27904K)->27790K(27904K) Class: 3254K(3456K)->3254K(3456K)
[56.707s][info][gc             ] GC(1249) Pause Full (Allocation Failure) 494M->375M(494M) 45.027ms
[56.707s][info][gc,cpu         ] GC(1249) User=0.05s Sys=0.00s Real=0.05s
[56.716s][info][gc,start       ] GC(1250) Pause Full (Allocation Failure)
[56.716s][info][gc,phases,start] GC(1250) Phase 1: Mark live objects
[56.726s][info][gc,phases      ] GC(1250) Phase 1: Mark live objects 10.093ms
[56.726s][info][gc,phases,start] GC(1250) Phase 2: Compute new object addresses
[56.731s][info][gc,phases      ] GC(1250) Phase 2: Compute new object addresses 4.648ms
[56.731s][info][gc,phases,start] GC(1250) Phase 3: Adjust pointers
[56.737s][info][gc,phases      ] GC(1250) Phase 3: Adjust pointers 6.445ms
[56.737s][info][gc,phases,start] GC(1250) Phase 4: Move objects
[56.765s][info][gc,phases      ] GC(1250) Phase 4: Move objects 28.168ms
[56.766s][info][gc,heap        ] GC(1250) DefNew: 157041K(157248K)->29314K(157248K) Eden: 139776K(139776K)->29314K(139776K) From: 17265K(17472K)->0K(17472K)
[56.766s][info][gc,heap        ] GC(1250) Tenured: 349526K(349568K)->349527K(349568K)
[56.766s][info][gc,metaspace   ] GC(1250) Metaspace: 31044K(31360K)->31044K(31360K) NonClass: 27790K(27904K)->27790K(27904K) Class: 3254K(3456K)->3254K(3456K)
[56.766s][info][gc             ] GC(1250) Pause Full (Allocation Failure) 494M->369M(494M) 49.866ms
[56.766s][info][gc,cpu         ] GC(1250) User=0.05s Sys=0.00s Real=0.05s
[56.776s][info][gc,start       ] GC(1251) Pause Full (Allocation Failure)
[56.776s][info][gc,phases,start] GC(1251) Phase 1: Mark live objects
[56.787s][info][gc,phases      ] GC(1251) Phase 1: Mark live objects 10.503ms
[56.787s][info][gc,phases,start] GC(1251) Phase 2: Compute new object addresses
[56.791s][info][gc,phases      ] GC(1251) Phase 2: Compute new object addresses 4.772ms
[56.791s][info][gc,phases,start] GC(1251) Phase 3: Adjust pointers
[56.798s][info][gc,phases      ] GC(1251) Phase 3: Adjust pointers 6.747ms
[56.798s][info][gc,phases,start] GC(1251) Phase 4: Move objects
[56.828s][info][gc,phases      ] GC(1251) Phase 4: Move objects 29.292ms
[56.828s][info][gc,heap        ] GC(1251) DefNew: 156458K(157248K)->17502K(157248K) Eden: 139776K(139776K)->17502K(139776K) From: 16682K(17472K)->0K(17472K)
[56.828s][info][gc,heap        ] GC(1251) Tenured: 349527K(349568K)->349354K(349568K)
[56.828s][info][gc,metaspace   ] GC(1251) Metaspace: 31044K(31360K)->31044K(31360K) NonClass: 27790K(27904K)->27790K(27904K) Class: 3254K(3456K)->3254K(3456K)
[56.828s][info][gc             ] GC(1251) Pause Full (Allocation Failure) 494M->358M(494M) 51.806ms
[56.828s][info][gc,cpu         ] GC(1251) User=0.06s Sys=0.00s Real=0.05s
[56.836s][info][gc,start       ] GC(1252) Pause Full (Allocation Failure)
[56.836s][info][gc,phases,start] GC(1252) Phase 1: Mark live objects
[56.846s][info][gc,phases      ] GC(1252) Phase 1: Mark live objects 10.104ms
[56.846s][info][gc,phases,start] GC(1252) Phase 2: Compute new object addresses
[56.851s][info][gc,phases      ] GC(1252) Phase 2: Compute new object addresses 5.025ms
[56.851s][info][gc,phases,start] GC(1252) Phase 3: Adjust pointers
[56.858s][info][gc,phases      ] GC(1252) Phase 3: Adjust pointers 6.674ms
[56.858s][info][gc,phases,start] GC(1252) Phase 4: Move objects
[56.862s][info][gc,phases      ] GC(1252) Phase 4: Move objects 3.938ms
[56.862s][info][gc,heap        ] GC(1252) DefNew: 156852K(157248K)->38302K(157248K) Eden: 139776K(139776K)->38302K(139776K) From: 17076K(17472K)->0K(17472K)
[56.862s][info][gc,heap        ] GC(1252) Tenured: 349354K(349568K)->349525K(349568K)
[56.862s][info][gc,metaspace   ] GC(1252) Metaspace: 31044K(31360K)->31044K(31360K) NonClass: 27790K(27904K)->27790K(27904K) Class: 3254K(3456K)->3254K(3456K)
[56.862s][info][gc             ] GC(1252) Pause Full (Allocation Failure) 494M->378M(494M) 26.289ms
[56.862s][info][gc,cpu         ] GC(1252) User=0.03s Sys=0.00s Real=0.03s
[56.868s][info][gc,start       ] GC(1253) Pause Full (Allocation Failure)
[56.868s][info][gc,phases,start] GC(1253) Phase 1: Mark live objects
[56.878s][info][gc,phases      ] GC(1253) Phase 1: Mark live objects 10.114ms
[56.878s][info][gc,phases,start] GC(1253) Phase 2: Compute new object addresses
[56.883s][info][gc,phases      ] GC(1253) Phase 2: Compute new object addresses 4.646ms
[56.883s][info][gc,phases,start] GC(1253) Phase 3: Adjust pointers
[56.889s][info][gc,phases      ] GC(1253) Phase 3: Adjust pointers 6.611ms
[56.889s][info][gc,phases,start] GC(1253) Phase 4: Move objects
[56.916s][info][gc,phases      ] GC(1253) Phase 4: Move objects 26.605ms
[56.916s][info][gc,heap        ] GC(1253) DefNew: 157001K(157248K)->42542K(157248K) Eden: 139775K(139776K)->42542K(139776K) From: 17225K(17472K)->0K(17472K)
[56.916s][info][gc,heap        ] GC(1253) Tenured: 349525K(349568K)->349486K(349568K)
[56.916s][info][gc,metaspace   ] GC(1253) Metaspace: 31044K(31360K)->31044K(31360K) NonClass: 27790K(27904K)->27790K(27904K) Class: 3254K(3456K)->3254K(3456K)
[56.916s][info][gc             ] GC(1253) Pause Full (Allocation Failure) 494M->382M(494M) 48.459ms
[56.916s][info][gc,cpu         ] GC(1253) User=0.05s Sys=0.00s Real=0.05s
[56.923s][info][gc,start       ] GC(1254) Pause Full (Allocation Failure)
[56.923s][info][gc,phases,start] GC(1254) Phase 1: Mark live objects
[56.933s][info][gc,phases      ] GC(1254) Phase 1: Mark live objects 10.357ms
[56.933s][info][gc,phases,start] GC(1254) Phase 2: Compute new object addresses
[56.938s][info][gc,phases      ] GC(1254) Phase 2: Compute new object addresses 4.714ms
[56.938s][info][gc,phases,start] GC(1254) Phase 3: Adjust pointers
[56.945s][info][gc,phases      ] GC(1254) Phase 3: Adjust pointers 6.696ms
[56.945s][info][gc,phases,start] GC(1254) Phase 4: Move objects
[56.971s][info][gc,phases      ] GC(1254) Phase 4: Move objects 26.432ms
[56.971s][info][gc,heap        ] GC(1254) DefNew: 157098K(157248K)->39476K(157248K) Eden: 139776K(139776K)->39476K(139776K) From: 17322K(17472K)->0K(17472K)
[56.971s][info][gc,heap        ] GC(1254) Tenured: 349486K(349568K)->349485K(349568K)
[56.971s][info][gc,metaspace   ] GC(1254) Metaspace: 31044K(31360K)->31044K(31360K) NonClass: 27790K(27904K)->27790K(27904K) Class: 3254K(3456K)->3254K(3456K)
[56.971s][info][gc             ] GC(1254) Pause Full (Allocation Failure) 494M->379M(494M) 48.665ms
[56.971s][info][gc,cpu         ] GC(1254) User=0.05s Sys=0.00s Real=0.05s
[56.984s][info][gc,start       ] GC(1255) Pause Full (Allocation Failure)
[56.984s][info][gc,phases,start] GC(1255) Phase 1: Mark live objects
[56.993s][info][gc,phases      ] GC(1255) Phase 1: Mark live objects 9.062ms
[56.993s][info][gc,phases,start] GC(1255) Phase 2: Compute new object addresses
[56.997s][info][gc,phases      ] GC(1255) Phase 2: Compute new object addresses 4.443ms
[56.997s][info][gc,phases,start] GC(1255) Phase 3: Adjust pointers
[57.004s][info][gc,phases      ] GC(1255) Phase 3: Adjust pointers 6.840ms
[57.004s][info][gc,phases,start] GC(1255) Phase 4: Move objects
[57.032s][info][gc,phases      ] GC(1255) Phase 4: Move objects 27.679ms
[57.032s][info][gc,heap        ] GC(1255) DefNew: 157019K(157248K)->20597K(157248K) Eden: 139776K(139776K)->20597K(139776K) From: 17243K(17472K)->0K(17472K)
[57.032s][info][gc,heap        ] GC(1255) Tenured: 349485K(349568K)->349542K(349568K)
[57.032s][info][gc,metaspace   ] GC(1255) Metaspace: 31044K(31360K)->31044K(31360K) NonClass: 27790K(27904K)->27790K(27904K) Class: 3254K(3456K)->3254K(3456K)
[57.032s][info][gc             ] GC(1255) Pause Full (Allocation Failure) 494M->361M(494M) 48.477ms
[57.032s][info][gc,cpu         ] GC(1255) User=0.05s Sys=0.00s Real=0.05s
[57.043s][info][gc,start       ] GC(1256) Pause Full (Allocation Failure)
[57.043s][info][gc,phases,start] GC(1256) Phase 1: Mark live objects
[57.053s][info][gc,phases      ] GC(1256) Phase 1: Mark live objects 9.720ms
[57.053s][info][gc,phases,start] GC(1256) Phase 2: Compute new object addresses
[57.058s][info][gc,phases      ] GC(1256) Phase 2: Compute new object addresses 4.993ms
[57.058s][info][gc,phases,start] GC(1256) Phase 3: Adjust pointers
[57.065s][info][gc,phases      ] GC(1256) Phase 3: Adjust pointers 6.780ms
[57.065s][info][gc,phases,start] GC(1256) Phase 4: Move objects
[57.082s][info][gc,phases      ] GC(1256) Phase 4: Move objects 17.306ms
[57.082s][info][gc,heap        ] GC(1256) DefNew: 156647K(157248K)->35334K(157248K) Eden: 139776K(139776K)->35334K(139776K) From: 16871K(17472K)->0K(17472K)
[57.082s][info][gc,heap        ] GC(1256) Tenured: 349542K(349568K)->349525K(349568K)
[57.082s][info][gc,metaspace   ] GC(1256) Metaspace: 31044K(31360K)->31044K(31360K) NonClass: 27790K(27904K)->27790K(27904K) Class: 3254K(3456K)->3254K(3456K)
[57.082s][info][gc             ] GC(1256) Pause Full (Allocation Failure) 494M->375M(494M) 39.339ms
[57.082s][info][gc,cpu         ] GC(1256) User=0.05s Sys=0.00s Real=0.04s
[57.094s][info][gc,start       ] GC(1257) Pause Full (Allocation Failure)
[57.094s][info][gc,phases,start] GC(1257) Phase 1: Mark live objects
[57.104s][info][gc,phases      ] GC(1257) Phase 1: Mark live objects 9.144ms
[57.104s][info][gc,phases,start] GC(1257) Phase 2: Compute new object addresses
[57.108s][info][gc,phases      ] GC(1257) Phase 2: Compute new object addresses 4.641ms
[57.108s][info][gc,phases,start] GC(1257) Phase 3: Adjust pointers
[57.115s][info][gc,phases      ] GC(1257) Phase 3: Adjust pointers 6.561ms
[57.115s][info][gc,phases,start] GC(1257) Phase 4: Move objects
[57.141s][info][gc,phases      ] GC(1257) Phase 4: Move objects 26.129ms
[57.141s][info][gc,heap        ] GC(1257) DefNew: 157247K(157248K)->30881K(157248K) Eden: 139776K(139776K)->30881K(139776K) From: 17471K(17472K)->0K(17472K)
[57.141s][info][gc,heap        ] GC(1257) Tenured: 349525K(349568K)->349522K(349568K)
[57.141s][info][gc,metaspace   ] GC(1257) Metaspace: 31044K(31360K)->31044K(31360K) NonClass: 27790K(27904K)->27790K(27904K) Class: 3254K(3456K)->3254K(3456K)
[57.141s][info][gc             ] GC(1257) Pause Full (Allocation Failure) 494M->371M(494M) 46.914ms
[57.141s][info][gc,cpu         ] GC(1257) User=0.04s Sys=0.00s Real=0.04s
[57.152s][info][gc,start       ] GC(1258) Pause Full (Allocation Failure)
[57.152s][info][gc,phases,start] GC(1258) Phase 1: Mark live objects
[57.161s][info][gc,phases      ] GC(1258) Phase 1: Mark live objects 9.528ms
[57.161s][info][gc,phases,start] GC(1258) Phase 2: Compute new object addresses
[57.166s][info][gc,phases      ] GC(1258) Phase 2: Compute new object addresses 4.720ms
[57.166s][info][gc,phases,start] GC(1258) Phase 3: Adjust pointers
[57.173s][info][gc,phases      ] GC(1258) Phase 3: Adjust pointers 6.464ms
[57.173s][info][gc,phases,start] GC(1258) Phase 4: Move objects
[57.199s][info][gc,phases      ] GC(1258) Phase 4: Move objects 26.684ms
[57.199s][info][gc,heap        ] GC(1258) DefNew: 157126K(157248K)->31206K(157248K) Eden: 139776K(139776K)->31206K(139776K) From: 17350K(17472K)->0K(17472K)
[57.200s][info][gc,heap        ] GC(1258) Tenured: 349522K(349568K)->349517K(349568K)
[57.200s][info][gc,metaspace   ] GC(1258) Metaspace: 31044K(31360K)->31044K(31360K) NonClass: 27790K(27904K)->27790K(27904K) Class: 3254K(3456K)->3254K(3456K)
[57.200s][info][gc             ] GC(1258) Pause Full (Allocation Failure) 494M->371M(494M) 47.865ms
[57.200s][info][gc,cpu         ] GC(1258) User=0.05s Sys=0.00s Real=0.04s
[57.210s][info][gc,start       ] GC(1259) Pause Full (Allocation Failure)
[57.210s][info][gc,phases,start] GC(1259) Phase 1: Mark live objects
[57.220s][info][gc,phases      ] GC(1259) Phase 1: Mark live objects 9.442ms
[57.220s][info][gc,phases,start] GC(1259) Phase 2: Compute new object addresses
[57.224s][info][gc,phases      ] GC(1259) Phase 2: Compute new object addresses 4.386ms
[57.224s][info][gc,phases,start] GC(1259) Phase 3: Adjust pointers
[57.230s][info][gc,phases      ] GC(1259) Phase 3: Adjust pointers 5.911ms
[57.230s][info][gc,phases,start] GC(1259) Phase 4: Move objects
[57.256s][info][gc,phases      ] GC(1259) Phase 4: Move objects 26.160ms
[57.256s][info][gc,heap        ] GC(1259) DefNew: 156906K(157248K)->14682K(157248K) Eden: 139776K(139776K)->14682K(139776K) From: 17130K(17472K)->0K(17472K)
[57.256s][info][gc,heap        ] GC(1259) Tenured: 349517K(349568K)->349373K(349568K)
[57.256s][info][gc,metaspace   ] GC(1259) Metaspace: 31044K(31360K)->31044K(31360K) NonClass: 27790K(27904K)->27790K(27904K) Class: 3254K(3456K)->3254K(3456K)
[57.256s][info][gc             ] GC(1259) Pause Full (Allocation Failure) 494M->355M(494M) 46.327ms
[57.257s][info][gc,cpu         ] GC(1259) User=0.04s Sys=0.00s Real=0.04s
[57.267s][info][gc,start       ] GC(1260) Pause Full (Allocation Failure)
[57.267s][info][gc,phases,start] GC(1260) Phase 1: Mark live objects
[57.277s][info][gc,phases      ] GC(1260) Phase 1: Mark live objects 9.787ms
[57.277s][info][gc,phases,start] GC(1260) Phase 2: Compute new object addresses
[57.283s][info][gc,phases      ] GC(1260) Phase 2: Compute new object addresses 5.312ms
[57.283s][info][gc,phases,start] GC(1260) Phase 3: Adjust pointers
[57.290s][info][gc,phases      ] GC(1260) Phase 3: Adjust pointers 7.045ms
[57.290s][info][gc,phases,start] GC(1260) Phase 4: Move objects
[57.311s][info][gc,phases      ] GC(1260) Phase 4: Move objects 21.685ms
[57.312s][info][gc,heap        ] GC(1260) DefNew: 156607K(157248K)->31970K(157248K) Eden: 139776K(139776K)->31970K(139776K) From: 16831K(17472K)->0K(17472K)
[57.312s][info][gc,heap        ] GC(1260) Tenured: 349373K(349568K)->349520K(349568K)
[57.312s][info][gc,metaspace   ] GC(1260) Metaspace: 31047K(31360K)->31047K(31360K) NonClass: 27793K(27904K)->27793K(27904K) Class: 3254K(3456K)->3254K(3456K)
[57.312s][info][gc             ] GC(1260) Pause Full (Allocation Failure) 494M->372M(494M) 44.337ms
[57.312s][info][gc,cpu         ] GC(1260) User=0.04s Sys=0.00s Real=0.05s
[57.318s][info][gc,start       ] GC(1261) Pause Full (Allocation Failure)
[57.318s][info][gc,phases,start] GC(1261) Phase 1: Mark live objects
[57.328s][info][gc,phases      ] GC(1261) Phase 1: Mark live objects 9.871ms
[57.328s][info][gc,phases,start] GC(1261) Phase 2: Compute new object addresses
[57.333s][info][gc,phases      ] GC(1261) Phase 2: Compute new object addresses 4.494ms
[57.333s][info][gc,phases,start] GC(1261) Phase 3: Adjust pointers
[57.339s][info][gc,phases      ] GC(1261) Phase 3: Adjust pointers 6.254ms
[57.339s][info][gc,phases,start] GC(1261) Phase 4: Move objects
[57.364s][info][gc,phases      ] GC(1261) Phase 4: Move objects 24.885ms
[57.364s][info][gc,heap        ] GC(1261) DefNew: 157001K(157248K)->35499K(157248K) Eden: 139776K(139776K)->35499K(139776K) From: 17225K(17472K)->0K(17472K)
[57.364s][info][gc,heap        ] GC(1261) Tenured: 349520K(349568K)->349356K(349568K)
[57.364s][info][gc,metaspace   ] GC(1261) Metaspace: 31047K(31360K)->31047K(31360K) NonClass: 27793K(27904K)->27793K(27904K) Class: 3254K(3456K)->3254K(3456K)
[57.364s][info][gc             ] GC(1261) Pause Full (Allocation Failure) 494M->375M(494M) 45.989ms
[57.364s][info][gc,cpu         ] GC(1261) User=0.05s Sys=0.00s Real=0.05s
[57.373s][info][gc,start       ] GC(1262) Pause Full (Allocation Failure)
[57.373s][info][gc,phases,start] GC(1262) Phase 1: Mark live objects
[57.382s][info][gc,phases      ] GC(1262) Phase 1: Mark live objects 8.934ms
[57.382s][info][gc,phases,start] GC(1262) Phase 2: Compute new object addresses
[57.387s][info][gc,phases      ] GC(1262) Phase 2: Compute new object addresses 4.542ms
[57.387s][info][gc,phases,start] GC(1262) Phase 3: Adjust pointers
[57.394s][info][gc,phases      ] GC(1262) Phase 3: Adjust pointers 7.385ms
[57.395s][info][gc,phases,start] GC(1262) Phase 4: Move objects
[57.420s][info][gc,phases      ] GC(1262) Phase 4: Move objects 25.784ms
[57.421s][info][gc,heap        ] GC(1262) DefNew: 157141K(157248K)->37833K(157248K) Eden: 139776K(139776K)->37833K(139776K) From: 17365K(17472K)->0K(17472K)
[57.421s][info][gc,heap        ] GC(1262) Tenured: 349356K(349568K)->349526K(349568K)
[57.421s][info][gc,metaspace   ] GC(1262) Metaspace: 31047K(31360K)->31047K(31360K) NonClass: 27793K(27904K)->27793K(27904K) Class: 3254K(3456K)->3254K(3456K)
[57.421s][info][gc             ] GC(1262) Pause Full (Allocation Failure) 494M->378M(494M) 47.519ms
[57.421s][info][gc,cpu         ] GC(1262) User=0.05s Sys=0.00s Real=0.04s
[57.431s][info][gc,start       ] GC(1263) Pause Full (Allocation Failure)
[57.431s][info][gc,phases,start] GC(1263) Phase 1: Mark live objects
[57.442s][info][gc,phases      ] GC(1263) Phase 1: Mark live objects 10.589ms
[57.442s][info][gc,phases,start] GC(1263) Phase 2: Compute new object addresses
[57.448s][info][gc,phases      ] GC(1263) Phase 2: Compute new object addresses 5.485ms
[57.448s][info][gc,phases,start] GC(1263) Phase 3: Adjust pointers
[57.455s][info][gc,phases      ] GC(1263) Phase 3: Adjust pointers 7.203ms
[57.455s][info][gc,phases,start] GC(1263) Phase 4: Move objects
[57.486s][info][gc,phases      ] GC(1263) Phase 4: Move objects 30.939ms
[57.486s][info][gc,heap        ] GC(1263) DefNew: 156426K(157248K)->17371K(157248K) Eden: 139776K(139776K)->17371K(139776K) From: 16650K(17472K)->0K(17472K)
[57.486s][info][gc,heap        ] GC(1263) Tenured: 349526K(349568K)->349475K(349568K)
[57.486s][info][gc,metaspace   ] GC(1263) Metaspace: 31047K(31360K)->31047K(31360K) NonClass: 27793K(27904K)->27793K(27904K) Class: 3254K(3456K)->3254K(3456K)
[57.486s][info][gc             ] GC(1263) Pause Full (Allocation Failure) 494M->358M(494M) 54.710ms
[57.486s][info][gc,cpu         ] GC(1263) User=0.06s Sys=0.00s Real=0.05s
[57.497s][info][gc,start       ] GC(1264) Pause Full (Allocation Failure)
[57.497s][info][gc,phases,start] GC(1264) Phase 1: Mark live objects
[57.508s][info][gc,phases      ] GC(1264) Phase 1: Mark live objects 10.966ms
[57.508s][info][gc,phases,start] GC(1264) Phase 2: Compute new object addresses
[57.513s][info][gc,phases      ] GC(1264) Phase 2: Compute new object addresses 4.967ms
[57.513s][info][gc,phases,start] GC(1264) Phase 3: Adjust pointers
[57.519s][info][gc,phases      ] GC(1264) Phase 3: Adjust pointers 6.511ms
[57.519s][info][gc,phases,start] GC(1264) Phase 4: Move objects
[57.523s][info][gc,phases      ] GC(1264) Phase 4: Move objects 3.715ms
[57.523s][info][gc,heap        ] GC(1264) DefNew: 156376K(157248K)->35439K(157248K) Eden: 139776K(139776K)->35439K(139776K) From: 16600K(17472K)->0K(17472K)
[57.523s][info][gc,heap        ] GC(1264) Tenured: 349475K(349568K)->349418K(349568K)
[57.523s][info][gc,metaspace   ] GC(1264) Metaspace: 31047K(31360K)->31047K(31360K) NonClass: 27793K(27904K)->27793K(27904K) Class: 3254K(3456K)->3254K(3456K)
[57.523s][info][gc             ] GC(1264) Pause Full (Allocation Failure) 493M->375M(494M) 26.638ms
[57.523s][info][gc,cpu         ] GC(1264) User=0.03s Sys=0.00s Real=0.03s
[57.529s][info][gc,start       ] GC(1265) Pause Full (Allocation Failure)
[57.529s][info][gc,phases,start] GC(1265) Phase 1: Mark live objects
[57.539s][info][gc,phases      ] GC(1265) Phase 1: Mark live objects 9.457ms
[57.539s][info][gc,phases,start] GC(1265) Phase 2: Compute new object addresses
[57.543s][info][gc,phases      ] GC(1265) Phase 2: Compute new object addresses 4.412ms
[57.543s][info][gc,phases,start] GC(1265) Phase 3: Adjust pointers
[57.550s][info][gc,phases      ] GC(1265) Phase 3: Adjust pointers 6.453ms
[57.550s][info][gc,phases,start] GC(1265) Phase 4: Move objects
[57.575s][info][gc,phases      ] GC(1265) Phase 4: Move objects 25.258ms
[57.575s][info][gc,heap        ] GC(1265) DefNew: 157011K(157248K)->41643K(157248K) Eden: 139776K(139776K)->41643K(139776K) From: 17235K(17472K)->0K(17472K)
[57.575s][info][gc,heap        ] GC(1265) Tenured: 349418K(349568K)->349520K(349568K)
[57.575s][info][gc,metaspace   ] GC(1265) Metaspace: 31047K(31360K)->31047K(31360K) NonClass: 27793K(27904K)->27793K(27904K) Class: 3254K(3456K)->3254K(3456K)
[57.575s][info][gc             ] GC(1265) Pause Full (Allocation Failure) 494M->381M(494M) 46.181ms
[57.575s][info][gc,cpu         ] GC(1265) User=0.05s Sys=0.00s Real=0.05s
[57.586s][info][gc,start       ] GC(1266) Pause Full (Allocation Failure)
[57.586s][info][gc,phases,start] GC(1266) Phase 1: Mark live objects
[57.595s][info][gc,phases      ] GC(1266) Phase 1: Mark live objects 9.285ms
[57.596s][info][gc,phases,start] GC(1266) Phase 2: Compute new object addresses
[57.600s][info][gc,phases      ] GC(1266) Phase 2: Compute new object addresses 4.584ms
[57.600s][info][gc,phases,start] GC(1266) Phase 3: Adjust pointers
[57.607s][info][gc,phases      ] GC(1266) Phase 3: Adjust pointers 7.005ms
[57.607s][info][gc,phases,start] GC(1266) Phase 4: Move objects
[57.633s][info][gc,phases      ] GC(1266) Phase 4: Move objects 26.200ms
[57.634s][info][gc,heap        ] GC(1266) DefNew: 156483K(157248K)->37903K(157248K) Eden: 139776K(139776K)->37903K(139776K) From: 16707K(17472K)->0K(17472K)
[57.634s][info][gc,heap        ] GC(1266) Tenured: 349520K(349568K)->349521K(349568K)
[57.634s][info][gc,metaspace   ] GC(1266) Metaspace: 31047K(31360K)->31047K(31360K) NonClass: 27793K(27904K)->27793K(27904K) Class: 3254K(3456K)->3254K(3456K)
[57.634s][info][gc             ] GC(1266) Pause Full (Allocation Failure) 494M->378M(494M) 47.567ms
[57.634s][info][gc,cpu         ] GC(1266) User=0.05s Sys=0.00s Real=0.05s
[57.643s][info][gc,start       ] GC(1267) Pause Full (Allocation Failure)
[57.643s][info][gc,phases,start] GC(1267) Phase 1: Mark live objects
[57.653s][info][gc,phases      ] GC(1267) Phase 1: Mark live objects 9.634ms
[57.653s][info][gc,phases,start] GC(1267) Phase 2: Compute new object addresses
[57.658s][info][gc,phases      ] GC(1267) Phase 2: Compute new object addresses 4.555ms
[57.658s][info][gc,phases,start] GC(1267) Phase 3: Adjust pointers
[57.664s][info][gc,phases      ] GC(1267) Phase 3: Adjust pointers 6.251ms
[57.664s][info][gc,phases,start] GC(1267) Phase 4: Move objects
[57.692s][info][gc,phases      ] GC(1267) Phase 4: Move objects 27.610ms
[57.692s][info][gc,heap        ] GC(1267) DefNew: 157231K(157248K)->23154K(157248K) Eden: 139776K(139776K)->23154K(139776K) From: 17455K(17472K)->0K(17472K)
[57.692s][info][gc,heap        ] GC(1267) Tenured: 349521K(349568K)->349515K(349568K)
[57.692s][info][gc,metaspace   ] GC(1267) Metaspace: 31047K(31360K)->31047K(31360K) NonClass: 27793K(27904K)->27793K(27904K) Class: 3254K(3456K)->3254K(3456K)
[57.692s][info][gc             ] GC(1267) Pause Full (Allocation Failure) 494M->363M(494M) 48.496ms
[57.692s][info][gc,cpu         ] GC(1267) User=0.05s Sys=0.00s Real=0.05s
[57.701s][info][gc,start       ] GC(1268) Pause Full (Allocation Failure)
[57.701s][info][gc,phases,start] GC(1268) Phase 1: Mark live objects
[57.710s][info][gc,phases      ] GC(1268) Phase 1: Mark live objects 9.721ms
[57.711s][info][gc,phases,start] GC(1268) Phase 2: Compute new object addresses
[57.715s][info][gc,phases      ] GC(1268) Phase 2: Compute new object addresses 4.712ms
[57.715s][info][gc,phases,start] GC(1268) Phase 3: Adjust pointers
[57.722s][info][gc,phases      ] GC(1268) Phase 3: Adjust pointers 6.446ms
[57.722s][info][gc,phases,start] GC(1268) Phase 4: Move objects
[57.738s][info][gc,phases      ] GC(1268) Phase 4: Move objects 16.199ms
[57.738s][info][gc,heap        ] GC(1268) DefNew: 157018K(157248K)->42770K(157248K) Eden: 139776K(139776K)->42770K(139776K) From: 17242K(17472K)->0K(17472K)
[57.738s][info][gc,heap        ] GC(1268) Tenured: 349515K(349568K)->349514K(349568K)
[57.738s][info][gc,metaspace   ] GC(1268) Metaspace: 31047K(31360K)->31047K(31360K) NonClass: 27793K(27904K)->27793K(27904K) Class: 3254K(3456K)->3254K(3456K)
[57.738s][info][gc             ] GC(1268) Pause Full (Allocation Failure) 494M->383M(494M) 37.537ms
[57.738s][info][gc,cpu         ] GC(1268) User=0.03s Sys=0.00s Real=0.04s
[57.748s][info][gc,start       ] GC(1269) Pause Full (Allocation Failure)
[57.748s][info][gc,phases,start] GC(1269) Phase 1: Mark live objects
[57.758s][info][gc,phases      ] GC(1269) Phase 1: Mark live objects 9.698ms
[57.758s][info][gc,phases,start] GC(1269) Phase 2: Compute new object addresses
[57.762s][info][gc,phases      ] GC(1269) Phase 2: Compute new object addresses 4.402ms
[57.762s][info][gc,phases,start] GC(1269) Phase 3: Adjust pointers
[57.768s][info][gc,phases      ] GC(1269) Phase 3: Adjust pointers 6.279ms
[57.768s][info][gc,phases,start] GC(1269) Phase 4: Move objects
[57.794s][info][gc,phases      ] GC(1269) Phase 4: Move objects 25.766ms
[57.794s][info][gc,heap        ] GC(1269) DefNew: 157048K(157248K)->43701K(157248K) Eden: 139776K(139776K)->43701K(139776K) From: 17272K(17472K)->0K(17472K)
[57.795s][info][gc,heap        ] GC(1269) Tenured: 349514K(349568K)->349519K(349568K)
[57.795s][info][gc,metaspace   ] GC(1269) Metaspace: 31047K(31360K)->31047K(31360K) NonClass: 27793K(27904K)->27793K(27904K) Class: 3254K(3456K)->3254K(3456K)
[57.795s][info][gc             ] GC(1269) Pause Full (Allocation Failure) 494M->384M(494M) 46.656ms
[57.795s][info][gc,cpu         ] GC(1269) User=0.05s Sys=0.01s Real=0.05s
[57.801s][info][gc,start       ] GC(1270) Pause Full (Allocation Failure)
[57.801s][info][gc,phases,start] GC(1270) Phase 1: Mark live objects
[57.811s][info][gc,phases      ] GC(1270) Phase 1: Mark live objects 9.511ms
[57.811s][info][gc,phases,start] GC(1270) Phase 2: Compute new object addresses
[57.815s][info][gc,phases      ] GC(1270) Phase 2: Compute new object addresses 4.588ms
[57.815s][info][gc,phases,start] GC(1270) Phase 3: Adjust pointers
[57.822s][info][gc,phases      ] GC(1270) Phase 3: Adjust pointers 6.440ms
[57.822s][info][gc,phases,start] GC(1270) Phase 4: Move objects
[57.848s][info][gc,phases      ] GC(1270) Phase 4: Move objects 26.018ms
[57.848s][info][gc,heap        ] GC(1270) DefNew: 157142K(157248K)->43559K(157248K) Eden: 139776K(139776K)->43559K(139776K) From: 17366K(17472K)->0K(17472K)
[57.848s][info][gc,heap        ] GC(1270) Tenured: 349519K(349568K)->349487K(349568K)
[57.848s][info][gc,metaspace   ] GC(1270) Metaspace: 31047K(31360K)->31047K(31360K) NonClass: 27793K(27904K)->27793K(27904K) Class: 3254K(3456K)->3254K(3456K)
[57.848s][info][gc             ] GC(1270) Pause Full (Allocation Failure) 494M->383M(494M) 47.032ms
[57.848s][info][gc,cpu         ] GC(1270) User=0.04s Sys=0.00s Real=0.05s
[57.854s][info][gc,start       ] GC(1271) Pause Full (Allocation Failure)
[57.854s][info][gc,phases,start] GC(1271) Phase 1: Mark live objects
[57.864s][info][gc,phases      ] GC(1271) Phase 1: Mark live objects 9.432ms
[57.864s][info][gc,phases,start] GC(1271) Phase 2: Compute new object addresses
[57.868s][info][gc,phases      ] GC(1271) Phase 2: Compute new object addresses 4.648ms
[57.868s][info][gc,phases,start] GC(1271) Phase 3: Adjust pointers
[57.875s][info][gc,phases      ] GC(1271) Phase 3: Adjust pointers 6.747ms
[57.875s][info][gc,phases,start] GC(1271) Phase 4: Move objects
[57.904s][info][gc,phases      ] GC(1271) Phase 4: Move objects 29.075ms
[57.904s][info][gc,heap        ] GC(1271) DefNew: 157245K(157248K)->29350K(157248K) Eden: 139776K(139776K)->29350K(139776K) From: 17469K(17472K)->0K(17472K)
[57.904s][info][gc,heap        ] GC(1271) Tenured: 349487K(349568K)->349342K(349568K)
[57.904s][info][gc,metaspace   ] GC(1271) Metaspace: 31047K(31360K)->31047K(31360K) NonClass: 27793K(27904K)->27793K(27904K) Class: 3254K(3456K)->3254K(3456K)
[57.904s][info][gc             ] GC(1271) Pause Full (Allocation Failure) 494M->369M(494M) 50.401ms
[57.904s][info][gc,cpu         ] GC(1271) User=0.05s Sys=0.00s Real=0.05s
[57.911s][info][gc,start       ] GC(1272) Pause Full (Allocation Failure)
[57.911s][info][gc,phases,start] GC(1272) Phase 1: Mark live objects
[57.921s][info][gc,phases      ] GC(1272) Phase 1: Mark live objects 9.522ms
[57.921s][info][gc,phases,start] GC(1272) Phase 2: Compute new object addresses
[57.926s][info][gc,phases      ] GC(1272) Phase 2: Compute new object addresses 5.307ms
[57.926s][info][gc,phases,start] GC(1272) Phase 3: Adjust pointers
[57.933s][info][gc,phases      ] GC(1272) Phase 3: Adjust pointers 7.191ms
[57.933s][info][gc,phases,start] GC(1272) Phase 4: Move objects
[57.938s][info][gc,phases      ] GC(1272) Phase 4: Move objects 4.157ms
[57.938s][info][gc,heap        ] GC(1272) DefNew: 157044K(157248K)->47115K(157248K) Eden: 139776K(139776K)->47115K(139776K) From: 17268K(17472K)->0K(17472K)
[57.938s][info][gc,heap        ] GC(1272) Tenured: 349342K(349568K)->349342K(349568K)
[57.938s][info][gc,metaspace   ] GC(1272) Metaspace: 31047K(31360K)->31047K(31360K) NonClass: 27793K(27904K)->27793K(27904K) Class: 3254K(3456K)->3254K(3456K)
[57.938s][info][gc             ] GC(1272) Pause Full (Allocation Failure) 494M->387M(494M) 26.641ms
[57.938s][info][gc,cpu         ] GC(1272) User=0.03s Sys=0.00s Real=0.02s
[57.949s][info][gc,start       ] GC(1273) Pause Full (Allocation Failure)
[57.949s][info][gc,phases,start] GC(1273) Phase 1: Mark live objects
[57.958s][info][gc,phases      ] GC(1273) Phase 1: Mark live objects 9.361ms
[57.958s][info][gc,phases,start] GC(1273) Phase 2: Compute new object addresses
[57.963s][info][gc,phases      ] GC(1273) Phase 2: Compute new object addresses 4.539ms
[57.963s][info][gc,phases,start] GC(1273) Phase 3: Adjust pointers
[57.970s][info][gc,phases      ] GC(1273) Phase 3: Adjust pointers 7.189ms
[57.970s][info][gc,phases,start] GC(1273) Phase 4: Move objects
[57.998s][info][gc,phases      ] GC(1273) Phase 4: Move objects 27.974ms
[57.998s][info][gc,heap        ] GC(1273) DefNew: 156955K(157248K)->44599K(157248K) Eden: 139776K(139776K)->44599K(139776K) From: 17179K(17472K)->0K(17472K)
[57.998s][info][gc,heap        ] GC(1273) Tenured: 349342K(349568K)->349518K(349568K)
[57.998s][info][gc,metaspace   ] GC(1273) Metaspace: 31047K(31360K)->31047K(31360K) NonClass: 27793K(27904K)->27793K(27904K) Class: 3254K(3456K)->3254K(3456K)
[57.998s][info][gc             ] GC(1273) Pause Full (Allocation Failure) 494M->384M(494M) 49.574ms
[57.998s][info][gc,cpu         ] GC(1273) User=0.05s Sys=0.00s Real=0.05s
[58.009s][info][gc,start       ] GC(1274) Pause Full (Allocation Failure)
[58.009s][info][gc,phases,start] GC(1274) Phase 1: Mark live objects
[58.019s][info][gc,phases      ] GC(1274) Phase 1: Mark live objects 9.715ms
[58.019s][info][gc,phases,start] GC(1274) Phase 2: Compute new object addresses
[58.024s][info][gc,phases      ] GC(1274) Phase 2: Compute new object addresses 4.842ms
[58.024s][info][gc,phases,start] GC(1274) Phase 3: Adjust pointers
[58.031s][info][gc,phases      ] GC(1274) Phase 3: Adjust pointers 6.952ms
[58.031s][info][gc,phases,start] GC(1274) Phase 4: Move objects
[58.058s][info][gc,phases      ] GC(1274) Phase 4: Move objects 27.499ms
[58.058s][info][gc,heap        ] GC(1274) DefNew: 156551K(157248K)->41651K(157248K) Eden: 139776K(139776K)->41651K(139776K) From: 16775K(17472K)->0K(17472K)
[58.058s][info][gc,heap        ] GC(1274) Tenured: 349518K(349568K)->349522K(349568K)
[58.058s][info][gc,metaspace   ] GC(1274) Metaspace: 31047K(31360K)->31047K(31360K) NonClass: 27793K(27904K)->27793K(27904K) Class: 3254K(3456K)->3254K(3456K)
[58.058s][info][gc             ] GC(1274) Pause Full (Allocation Failure) 494M->382M(494M) 49.575ms
[58.058s][info][gc,cpu         ] GC(1274) User=0.05s Sys=0.00s Real=0.05s
[58.073s][info][gc,start       ] GC(1275) Pause Full (Allocation Failure)
[58.073s][info][gc,phases,start] GC(1275) Phase 1: Mark live objects
[58.082s][info][gc,phases      ] GC(1275) Phase 1: Mark live objects 8.932ms
[58.082s][info][gc,phases,start] GC(1275) Phase 2: Compute new object addresses
[58.086s][info][gc,phases      ] GC(1275) Phase 2: Compute new object addresses 4.562ms
[58.086s][info][gc,phases,start] GC(1275) Phase 3: Adjust pointers
[58.092s][info][gc,phases      ] GC(1275) Phase 3: Adjust pointers 6.067ms
[58.092s][info][gc,phases,start] GC(1275) Phase 4: Move objects
[58.119s][info][gc,phases      ] GC(1275) Phase 4: Move objects 26.595ms
[58.119s][info][gc,heap        ] GC(1275) DefNew: 157248K(157248K)->21482K(157248K) Eden: 139776K(139776K)->21482K(139776K) From: 17472K(17472K)->0K(17472K)
[58.119s][info][gc,heap        ] GC(1275) Tenured: 349540K(349568K)->349486K(349568K)
[58.119s][info][gc,metaspace   ] GC(1275) Metaspace: 31047K(31360K)->31047K(31360K) NonClass: 27793K(27904K)->27793K(27904K) Class: 3254K(3456K)->3254K(3456K)
[58.119s][info][gc             ] GC(1275) Pause Full (Allocation Failure) 494M->362M(494M) 46.602ms
[58.119s][info][gc,cpu         ] GC(1275) User=0.05s Sys=0.00s Real=0.04s
[58.131s][info][gc,start       ] GC(1276) Pause Full (Allocation Failure)
[58.131s][info][gc,phases,start] GC(1276) Phase 1: Mark live objects
[58.140s][info][gc,phases      ] GC(1276) Phase 1: Mark live objects 9.158ms
[58.140s][info][gc,phases,start] GC(1276) Phase 2: Compute new object addresses
[58.144s][info][gc,phases      ] GC(1276) Phase 2: Compute new object addresses 4.336ms
[58.144s][info][gc,phases,start] GC(1276) Phase 3: Adjust pointers
[58.150s][info][gc,phases      ] GC(1276) Phase 3: Adjust pointers 5.807ms
[58.150s][info][gc,phases,start] GC(1276) Phase 4: Move objects
[58.169s][info][gc,phases      ] GC(1276) Phase 4: Move objects 18.803ms
[58.169s][info][gc,heap        ] GC(1276) DefNew: 157233K(157248K)->37277K(157248K) Eden: 139776K(139776K)->37277K(139776K) From: 17457K(17472K)->0K(17472K)
[58.169s][info][gc,heap        ] GC(1276) Tenured: 349486K(349568K)->349520K(349568K)
[58.169s][info][gc,metaspace   ] GC(1276) Metaspace: 31047K(31360K)->31047K(31360K) NonClass: 27793K(27904K)->27793K(27904K) Class: 3254K(3456K)->3254K(3456K)
[58.169s][info][gc             ] GC(1276) Pause Full (Allocation Failure) 494M->377M(494M) 38.526ms
[58.169s][info][gc,cpu         ] GC(1276) User=0.04s Sys=0.00s Real=0.03s
[58.181s][info][gc,start       ] GC(1277) Pause Full (Allocation Failure)
[58.181s][info][gc,phases,start] GC(1277) Phase 1: Mark live objects
[58.189s][info][gc,phases      ] GC(1277) Phase 1: Mark live objects 8.760ms
[58.189s][info][gc,phases,start] GC(1277) Phase 2: Compute new object addresses
[58.194s][info][gc,phases      ] GC(1277) Phase 2: Compute new object addresses 4.395ms
[58.194s][info][gc,phases,start] GC(1277) Phase 3: Adjust pointers
[58.200s][info][gc,phases      ] GC(1277) Phase 3: Adjust pointers 6.184ms
[58.200s][info][gc,phases,start] GC(1277) Phase 4: Move objects
[58.226s][info][gc,phases      ] GC(1277) Phase 4: Move objects 25.619ms
[58.226s][info][gc,heap        ] GC(1277) DefNew: 156687K(157248K)->30706K(157248K) Eden: 139776K(139776K)->30706K(139776K) From: 16911K(17472K)->0K(17472K)
[58.226s][info][gc,heap        ] GC(1277) Tenured: 349520K(349568K)->349518K(349568K)
[58.226s][info][gc,metaspace   ] GC(1277) Metaspace: 31047K(31360K)->31047K(31360K) NonClass: 27793K(27904K)->27793K(27904K) Class: 3254K(3456K)->3254K(3456K)
[58.226s][info][gc             ] GC(1277) Pause Full (Allocation Failure) 494M->371M(494M) 45.420ms
[58.226s][info][gc,cpu         ] GC(1277) User=0.04s Sys=0.00s Real=0.05s
[58.237s][info][gc,start       ] GC(1278) Pause Full (Allocation Failure)
[58.237s][info][gc,phases,start] GC(1278) Phase 1: Mark live objects
[58.246s][info][gc,phases      ] GC(1278) Phase 1: Mark live objects 9.036ms
[58.246s][info][gc,phases,start] GC(1278) Phase 2: Compute new object addresses
[58.250s][info][gc,phases      ] GC(1278) Phase 2: Compute new object addresses 4.544ms
[58.250s][info][gc,phases,start] GC(1278) Phase 3: Adjust pointers
[58.257s][info][gc,phases      ] GC(1278) Phase 3: Adjust pointers 6.267ms
[58.257s][info][gc,phases,start] GC(1278) Phase 4: Move objects
[58.287s][info][gc,phases      ] GC(1278) Phase 4: Move objects 29.835ms
[58.287s][info][gc,heap        ] GC(1278) DefNew: 156857K(157248K)->25722K(157248K) Eden: 139776K(139776K)->25722K(139776K) From: 17081K(17472K)->0K(17472K)
[58.287s][info][gc,heap        ] GC(1278) Tenured: 349518K(349568K)->349521K(349568K)
[58.287s][info][gc,metaspace   ] GC(1278) Metaspace: 31055K(31360K)->31055K(31360K) NonClass: 27801K(27904K)->27801K(27904K) Class: 3254K(3456K)->3254K(3456K)
[58.287s][info][gc             ] GC(1278) Pause Full (Allocation Failure) 494M->366M(494M) 50.152ms
[58.287s][info][gc,cpu         ] GC(1278) User=0.05s Sys=0.00s Real=0.05s
[58.296s][info][gc,start       ] GC(1279) Pause Full (Allocation Failure)
[58.296s][info][gc,phases,start] GC(1279) Phase 1: Mark live objects
[58.306s][info][gc,phases      ] GC(1279) Phase 1: Mark live objects 9.724ms
[58.306s][info][gc,phases,start] GC(1279) Phase 2: Compute new object addresses
[58.311s][info][gc,phases      ] GC(1279) Phase 2: Compute new object addresses 4.848ms
[58.311s][info][gc,phases,start] GC(1279) Phase 3: Adjust pointers
[58.317s][info][gc,phases      ] GC(1279) Phase 3: Adjust pointers 6.210ms
[58.317s][info][gc,phases,start] GC(1279) Phase 4: Move objects
[58.344s][info][gc,phases      ] GC(1279) Phase 4: Move objects 27.261ms
[58.344s][info][gc,heap        ] GC(1279) DefNew: 157045K(157248K)->18543K(157248K) Eden: 139776K(139776K)->18543K(139776K) From: 17269K(17472K)->0K(17472K)
[58.345s][info][gc,heap        ] GC(1279) Tenured: 349521K(349568K)->349328K(349568K)
[58.345s][info][gc,metaspace   ] GC(1279) Metaspace: 31055K(31360K)->31055K(31360K) NonClass: 27801K(27904K)->27801K(27904K) Class: 3254K(3456K)->3254K(3456K)
[58.345s][info][gc             ] GC(1279) Pause Full (Allocation Failure) 494M->359M(494M) 48.492ms
[58.345s][info][gc,cpu         ] GC(1279) User=0.05s Sys=0.00s Real=0.05s
[58.353s][info][gc,start       ] GC(1280) Pause Full (Allocation Failure)
[58.353s][info][gc,phases,start] GC(1280) Phase 1: Mark live objects
[58.362s][info][gc,phases      ] GC(1280) Phase 1: Mark live objects 9.528ms
[58.362s][info][gc,phases,start] GC(1280) Phase 2: Compute new object addresses
[58.367s][info][gc,phases      ] GC(1280) Phase 2: Compute new object addresses 4.634ms
[58.367s][info][gc,phases,start] GC(1280) Phase 3: Adjust pointers
[58.373s][info][gc,phases      ] GC(1280) Phase 3: Adjust pointers 6.200ms
[58.373s][info][gc,phases,start] GC(1280) Phase 4: Move objects
[58.392s][info][gc,phases      ] GC(1280) Phase 4: Move objects 18.514ms
[58.392s][info][gc,heap        ] GC(1280) DefNew: 156889K(157248K)->36246K(157248K) Eden: 139776K(139776K)->36246K(139776K) From: 17113K(17472K)->0K(17472K)
[58.392s][info][gc,heap        ] GC(1280) Tenured: 349328K(349568K)->349517K(349568K)
[58.392s][info][gc,metaspace   ] GC(1280) Metaspace: 31055K(31360K)->31055K(31360K) NonClass: 27801K(27904K)->27801K(27904K) Class: 3254K(3456K)->3254K(3456K)
[58.392s][info][gc             ] GC(1280) Pause Full (Allocation Failure) 494M->376M(494M) 39.308ms
[58.392s][info][gc,cpu         ] GC(1280) User=0.04s Sys=0.00s Real=0.04s
[58.399s][info][gc,start       ] GC(1281) Pause Full (Allocation Failure)
[58.399s][info][gc,phases,start] GC(1281) Phase 1: Mark live objects
[58.409s][info][gc,phases      ] GC(1281) Phase 1: Mark live objects 9.652ms
[58.409s][info][gc,phases,start] GC(1281) Phase 2: Compute new object addresses
[58.414s][info][gc,phases      ] GC(1281) Phase 2: Compute new object addresses 4.650ms
[58.414s][info][gc,phases,start] GC(1281) Phase 3: Adjust pointers
[58.420s][info][gc,phases      ] GC(1281) Phase 3: Adjust pointers 6.165ms
[58.420s][info][gc,phases,start] GC(1281) Phase 4: Move objects
[58.447s][info][gc,phases      ] GC(1281) Phase 4: Move objects 27.057ms
[58.447s][info][gc,heap        ] GC(1281) DefNew: 157164K(157248K)->38634K(157248K) Eden: 139776K(139776K)->38634K(139776K) From: 17388K(17472K)->0K(17472K)
[58.447s][info][gc,heap        ] GC(1281) Tenured: 349517K(349568K)->349480K(349568K)
[58.447s][info][gc,metaspace   ] GC(1281) Metaspace: 31055K(31360K)->31055K(31360K) NonClass: 27801K(27904K)->27801K(27904K) Class: 3254K(3456K)->3254K(3456K)
[58.447s][info][gc             ] GC(1281) Pause Full (Allocation Failure) 494M->379M(494M) 47.956ms
[58.447s][info][gc,cpu         ] GC(1281) User=0.05s Sys=0.00s Real=0.05s
[58.458s][info][gc,start       ] GC(1282) Pause Full (Allocation Failure)
[58.458s][info][gc,phases,start] GC(1282) Phase 1: Mark live objects
[58.468s][info][gc,phases      ] GC(1282) Phase 1: Mark live objects 9.257ms
[58.468s][info][gc,phases,start] GC(1282) Phase 2: Compute new object addresses
[58.472s][info][gc,phases      ] GC(1282) Phase 2: Compute new object addresses 4.662ms
[58.472s][info][gc,phases,start] GC(1282) Phase 3: Adjust pointers
[58.480s][info][gc,phases      ] GC(1282) Phase 3: Adjust pointers 7.679ms
[58.480s][info][gc,phases,start] GC(1282) Phase 4: Move objects
[58.510s][info][gc,phases      ] GC(1282) Phase 4: Move objects 29.877ms
[58.510s][info][gc,heap        ] GC(1282) DefNew: 157222K(157248K)->15432K(157248K) Eden: 139776K(139776K)->15432K(139776K) From: 17446K(17472K)->0K(17472K)
[58.510s][info][gc,heap        ] GC(1282) Tenured: 349480K(349568K)->349492K(349568K)
[58.510s][info][gc,metaspace   ] GC(1282) Metaspace: 31055K(31360K)->31055K(31360K) NonClass: 27801K(27904K)->27801K(27904K) Class: 3254K(3456K)->3254K(3456K)
[58.510s][info][gc             ] GC(1282) Pause Full (Allocation Failure) 494M->356M(494M) 52.021ms
[58.510s][info][gc,cpu         ] GC(1282) User=0.05s Sys=0.00s Real=0.06s
[58.521s][info][gc,start       ] GC(1283) Pause Full (Allocation Failure)
[58.521s][info][gc,phases,start] GC(1283) Phase 1: Mark live objects
[58.530s][info][gc,phases      ] GC(1283) Phase 1: Mark live objects 9.526ms
[58.530s][info][gc,phases,start] GC(1283) Phase 2: Compute new object addresses
[58.535s][info][gc,phases      ] GC(1283) Phase 2: Compute new object addresses 4.789ms
[58.535s][info][gc,phases,start] GC(1283) Phase 3: Adjust pointers
[58.541s][info][gc,phases      ] GC(1283) Phase 3: Adjust pointers 6.037ms
[58.541s][info][gc,phases,start] GC(1283) Phase 4: Move objects
[58.567s][info][gc,phases      ] GC(1283) Phase 4: Move objects 25.818ms
[58.567s][info][gc,heap        ] GC(1283) DefNew: 156880K(157248K)->16437K(157248K) Eden: 139776K(139776K)->16437K(139776K) From: 17104K(17472K)->0K(17472K)
[58.567s][info][gc,heap        ] GC(1283) Tenured: 349492K(349568K)->349391K(349568K)
[58.567s][info][gc,metaspace   ] GC(1283) Metaspace: 31055K(31360K)->31055K(31360K) NonClass: 27801K(27904K)->27801K(27904K) Class: 3254K(3456K)->3254K(3456K)
[58.567s][info][gc             ] GC(1283) Pause Full (Allocation Failure) 494M->357M(494M) 46.584ms
[58.567s][info][gc,cpu         ] GC(1283) User=0.05s Sys=0.00s Real=0.05s
[58.575s][info][gc,start       ] GC(1284) Pause Full (Allocation Failure)
[58.575s][info][gc,phases,start] GC(1284) Phase 1: Mark live objects
[58.585s][info][gc,phases      ] GC(1284) Phase 1: Mark live objects 9.657ms
[58.585s][info][gc,phases,start] GC(1284) Phase 2: Compute new object addresses
[58.590s][info][gc,phases      ] GC(1284) Phase 2: Compute new object addresses 4.666ms
[58.590s][info][gc,phases,start] GC(1284) Phase 3: Adjust pointers
[58.596s][info][gc,phases      ] GC(1284) Phase 3: Adjust pointers 6.254ms
[58.596s][info][gc,phases,start] GC(1284) Phase 4: Move objects
[58.600s][info][gc,phases      ] GC(1284) Phase 4: Move objects 3.777ms
[58.600s][info][gc,heap        ] GC(1284) DefNew: 157112K(157248K)->39844K(157248K) Eden: 139775K(139776K)->39844K(139776K) From: 17336K(17472K)->0K(17472K)
[58.600s][info][gc,heap        ] GC(1284) Tenured: 349391K(349568K)->349513K(349568K)
[58.600s][info][gc,metaspace   ] GC(1284) Metaspace: 31055K(31360K)->31055K(31360K) NonClass: 27801K(27904K)->27801K(27904K) Class: 3254K(3456K)->3254K(3456K)
[58.600s][info][gc             ] GC(1284) Pause Full (Allocation Failure) 494M->380M(494M) 24.799ms
[58.600s][info][gc,cpu         ] GC(1284) User=0.02s Sys=0.00s Real=0.02s
[58.610s][info][gc,start       ] GC(1285) Pause Full (Allocation Failure)
[58.610s][info][gc,phases,start] GC(1285) Phase 1: Mark live objects
[58.620s][info][gc,phases      ] GC(1285) Phase 1: Mark live objects 9.164ms
[58.620s][info][gc,phases,start] GC(1285) Phase 2: Compute new object addresses
[58.624s][info][gc,phases      ] GC(1285) Phase 2: Compute new object addresses 4.411ms
[58.624s][info][gc,phases,start] GC(1285) Phase 3: Adjust pointers
[58.630s][info][gc,phases      ] GC(1285) Phase 3: Adjust pointers 6.241ms
[58.630s][info][gc,phases,start] GC(1285) Phase 4: Move objects
[58.655s][info][gc,phases      ] GC(1285) Phase 4: Move objects 24.948ms
[58.656s][info][gc,heap        ] GC(1285) DefNew: 156622K(157248K)->34812K(157248K) Eden: 139776K(139776K)->34812K(139776K) From: 16846K(17472K)->0K(17472K)
[58.656s][info][gc,heap        ] GC(1285) Tenured: 349513K(349568K)->349519K(349568K)
[58.656s][info][gc,metaspace   ] GC(1285) Metaspace: 31055K(31360K)->31055K(31360K) NonClass: 27801K(27904K)->27801K(27904K) Class: 3254K(3456K)->3254K(3456K)
[58.656s][info][gc             ] GC(1285) Pause Full (Allocation Failure) 494M->375M(494M) 45.200ms
[58.656s][info][gc,cpu         ] GC(1285) User=0.04s Sys=0.00s Real=0.04s
[58.666s][info][gc,start       ] GC(1286) Pause Full (Allocation Failure)
[58.667s][info][gc,phases,start] GC(1286) Phase 1: Mark live objects
[58.676s][info][gc,phases      ] GC(1286) Phase 1: Mark live objects 9.547ms
[58.676s][info][gc,phases,start] GC(1286) Phase 2: Compute new object addresses
[58.681s][info][gc,phases      ] GC(1286) Phase 2: Compute new object addresses 4.472ms
[58.681s][info][gc,phases,start] GC(1286) Phase 3: Adjust pointers
[58.687s][info][gc,phases      ] GC(1286) Phase 3: Adjust pointers 6.579ms
[58.687s][info][gc,phases,start] GC(1286) Phase 4: Move objects
[58.713s][info][gc,phases      ] GC(1286) Phase 4: Move objects 25.912ms
[58.713s][info][gc,heap        ] GC(1286) DefNew: 157235K(157248K)->28293K(157248K) Eden: 139776K(139776K)->28293K(139776K) From: 17459K(17472K)->0K(17472K)
[58.713s][info][gc,heap        ] GC(1286) Tenured: 349519K(349568K)->349516K(349568K)
[58.713s][info][gc,metaspace   ] GC(1286) Metaspace: 31055K(31360K)->31055K(31360K) NonClass: 27801K(27904K)->27801K(27904K) Class: 3254K(3456K)->3254K(3456K)
[58.713s][info][gc             ] GC(1286) Pause Full (Allocation Failure) 494M->368M(494M) 46.997ms
[58.713s][info][gc,cpu         ] GC(1286) User=0.05s Sys=0.00s Real=0.05s
[58.724s][info][gc,start       ] GC(1287) Pause Full (Allocation Failure)
[58.724s][info][gc,phases,start] GC(1287) Phase 1: Mark live objects
[58.733s][info][gc,phases      ] GC(1287) Phase 1: Mark live objects 9.351ms
[58.733s][info][gc,phases,start] GC(1287) Phase 2: Compute new object addresses
[58.738s][info][gc,phases      ] GC(1287) Phase 2: Compute new object addresses 5.025ms
[58.738s][info][gc,phases,start] GC(1287) Phase 3: Adjust pointers
[58.745s][info][gc,phases      ] GC(1287) Phase 3: Adjust pointers 6.787ms
[58.745s][info][gc,phases,start] GC(1287) Phase 4: Move objects
[58.772s][info][gc,phases      ] GC(1287) Phase 4: Move objects 26.817ms
[58.772s][info][gc,heap        ] GC(1287) DefNew: 157179K(157248K)->19922K(157248K) Eden: 139776K(139776K)->19922K(139776K) From: 17403K(17472K)->0K(17472K)
[58.772s][info][gc,heap        ] GC(1287) Tenured: 349516K(349568K)->349498K(349568K)
[58.772s][info][gc,metaspace   ] GC(1287) Metaspace: 31055K(31360K)->31055K(31360K) NonClass: 27801K(27904K)->27801K(27904K) Class: 3254K(3456K)->3254K(3456K)
[58.772s][info][gc             ] GC(1287) Pause Full (Allocation Failure) 494M->360M(494M) 48.412ms
[58.772s][info][gc,cpu         ] GC(1287) User=0.05s Sys=0.00s Real=0.05s
[58.782s][info][gc,start       ] GC(1288) Pause Full (Allocation Failure)
[58.782s][info][gc,phases,start] GC(1288) Phase 1: Mark live objects
[58.792s][info][gc,phases      ] GC(1288) Phase 1: Mark live objects 9.235ms
[58.792s][info][gc,phases,start] GC(1288) Phase 2: Compute new object addresses
[58.796s][info][gc,phases      ] GC(1288) Phase 2: Compute new object addresses 4.208ms
[58.796s][info][gc,phases,start] GC(1288) Phase 3: Adjust pointers
[58.802s][info][gc,phases      ] GC(1288) Phase 3: Adjust pointers 5.947ms
[58.802s][info][gc,phases,start] GC(1288) Phase 4: Move objects
[58.821s][info][gc,phases      ] GC(1288) Phase 4: Move objects 18.681ms
[58.821s][info][gc,heap        ] GC(1288) DefNew: 157064K(157248K)->37533K(157248K) Eden: 139776K(139776K)->37533K(139776K) From: 17288K(17472K)->0K(17472K)
[58.821s][info][gc,heap        ] GC(1288) Tenured: 349498K(349568K)->349518K(349568K)
[58.821s][info][gc,metaspace   ] GC(1288) Metaspace: 31055K(31360K)->31055K(31360K) NonClass: 27801K(27904K)->27801K(27904K) Class: 3254K(3456K)->3254K(3456K)
[58.821s][info][gc             ] GC(1288) Pause Full (Allocation Failure) 494M->377M(494M) 38.539ms
[58.821s][info][gc,cpu         ] GC(1288) User=0.04s Sys=0.00s Real=0.03s
[58.829s][info][gc,start       ] GC(1289) Pause Full (Allocation Failure)
[58.829s][info][gc,phases,start] GC(1289) Phase 1: Mark live objects
[58.839s][info][gc,phases      ] GC(1289) Phase 1: Mark live objects 10.420ms
[58.839s][info][gc,phases,start] GC(1289) Phase 2: Compute new object addresses
[58.845s][info][gc,phases      ] GC(1289) Phase 2: Compute new object addresses 5.166ms
[58.845s][info][gc,phases,start] GC(1289) Phase 3: Adjust pointers
[58.851s][info][gc,phases      ] GC(1289) Phase 3: Adjust pointers 6.725ms
[58.851s][info][gc,phases,start] GC(1289) Phase 4: Move objects
[58.876s][info][gc,phases      ] GC(1289) Phase 4: Move objects 24.624ms
[58.876s][info][gc,heap        ] GC(1289) DefNew: 157228K(157248K)->38430K(157248K) Eden: 139776K(139776K)->38430K(139776K) From: 17452K(17472K)->0K(17472K)
[58.876s][info][gc,heap        ] GC(1289) Tenured: 349518K(349568K)->349481K(349568K)
[58.876s][info][gc,metaspace   ] GC(1289) Metaspace: 31055K(31360K)->31055K(31360K) NonClass: 27801K(27904K)->27801K(27904K) Class: 3254K(3456K)->3254K(3456K)
[58.876s][info][gc             ] GC(1289) Pause Full (Allocation Failure) 494M->378M(494M) 47.382ms
[58.876s][info][gc,cpu         ] GC(1289) User=0.05s Sys=0.00s Real=0.05s
[58.887s][info][gc,start       ] GC(1290) Pause Full (Allocation Failure)
[58.887s][info][gc,phases,start] GC(1290) Phase 1: Mark live objects
[58.896s][info][gc,phases      ] GC(1290) Phase 1: Mark live objects 8.935ms
[58.896s][info][gc,phases,start] GC(1290) Phase 2: Compute new object addresses
[58.900s][info][gc,phases      ] GC(1290) Phase 2: Compute new object addresses 4.324ms
[58.900s][info][gc,phases,start] GC(1290) Phase 3: Adjust pointers
[58.906s][info][gc,phases      ] GC(1290) Phase 3: Adjust pointers 5.698ms
[58.906s][info][gc,phases,start] GC(1290) Phase 4: Move objects
[58.931s][info][gc,phases      ] GC(1290) Phase 4: Move objects 25.442ms
[58.932s][info][gc,heap        ] GC(1290) DefNew: 157167K(157248K)->31374K(157248K) Eden: 139776K(139776K)->31374K(139776K) From: 17391K(17472K)->0K(17472K)
[58.932s][info][gc,heap        ] GC(1290) Tenured: 349481K(349568K)->349521K(349568K)
[58.932s][info][gc,metaspace   ] GC(1290) Metaspace: 31055K(31360K)->31055K(31360K) NonClass: 27801K(27904K)->27801K(27904K) Class: 3254K(3456K)->3254K(3456K)
[58.932s][info][gc             ] GC(1290) Pause Full (Allocation Failure) 494M->371M(494M) 44.844ms
[58.932s][info][gc,cpu         ] GC(1290) User=0.04s Sys=0.00s Real=0.05s
[58.943s][info][gc,start       ] GC(1291) Pause Full (Allocation Failure)
[58.943s][info][gc,phases,start] GC(1291) Phase 1: Mark live objects
[58.952s][info][gc,phases      ] GC(1291) Phase 1: Mark live objects 9.135ms
[58.952s][info][gc,phases,start] GC(1291) Phase 2: Compute new object addresses
[58.957s][info][gc,phases      ] GC(1291) Phase 2: Compute new object addresses 4.711ms
[58.957s][info][gc,phases,start] GC(1291) Phase 3: Adjust pointers
[58.963s][info][gc,phases      ] GC(1291) Phase 3: Adjust pointers 6.287ms
[58.963s][info][gc,phases,start] GC(1291) Phase 4: Move objects
[58.989s][info][gc,phases      ] GC(1291) Phase 4: Move objects 26.150ms
[58.989s][info][gc,heap        ] GC(1291) DefNew: 156619K(157248K)->11332K(157248K) Eden: 139776K(139776K)->11332K(139776K) From: 16843K(17472K)->0K(17472K)
[58.989s][info][gc,heap        ] GC(1291) Tenured: 349521K(349568K)->349356K(349568K)
[58.989s][info][gc,metaspace   ] GC(1291) Metaspace: 31055K(31360K)->31055K(31360K) NonClass: 27801K(27904K)->27801K(27904K) Class: 3254K(3456K)->3254K(3456K)
[58.989s][info][gc             ] GC(1291) Pause Full (Allocation Failure) 494M->352M(494M) 46.716ms
[58.989s][info][gc,cpu         ] GC(1291) User=0.05s Sys=0.00s Real=0.04s
[59.000s][info][gc,start       ] GC(1292) Pause Full (Allocation Failure)
[59.000s][info][gc,phases,start] GC(1292) Phase 1: Mark live objects
[59.011s][info][gc,phases      ] GC(1292) Phase 1: Mark live objects 10.645ms
[59.011s][info][gc,phases,start] GC(1292) Phase 2: Compute new object addresses
[59.016s][info][gc,phases      ] GC(1292) Phase 2: Compute new object addresses 4.766ms
[59.016s][info][gc,phases,start] GC(1292) Phase 3: Adjust pointers
[59.022s][info][gc,phases      ] GC(1292) Phase 3: Adjust pointers 6.472ms
[59.022s][info][gc,phases,start] GC(1292) Phase 4: Move objects
[59.039s][info][gc,phases      ] GC(1292) Phase 4: Move objects 16.501ms
[59.039s][info][gc,heap        ] GC(1292) DefNew: 157048K(157248K)->25515K(157248K) Eden: 139776K(139776K)->25515K(139776K) From: 17272K(17472K)->0K(17472K)
[59.039s][info][gc,heap        ] GC(1292) Tenured: 349356K(349568K)->349337K(349568K)
[59.039s][info][gc,metaspace   ] GC(1292) Metaspace: 31055K(31360K)->31055K(31360K) NonClass: 27801K(27904K)->27801K(27904K) Class: 3254K(3456K)->3254K(3456K)
[59.039s][info][gc             ] GC(1292) Pause Full (Allocation Failure) 494M->366M(494M) 38.865ms
[59.039s][info][gc,cpu         ] GC(1292) User=0.03s Sys=0.00s Real=0.04s
[59.051s][info][gc,start       ] GC(1293) Pause Full (Allocation Failure)
[59.051s][info][gc,phases,start] GC(1293) Phase 1: Mark live objects
[59.060s][info][gc,phases      ] GC(1293) Phase 1: Mark live objects 8.995ms
[59.060s][info][gc,phases,start] GC(1293) Phase 2: Compute new object addresses
[59.065s][info][gc,phases      ] GC(1293) Phase 2: Compute new object addresses 4.622ms
[59.065s][info][gc,phases,start] GC(1293) Phase 3: Adjust pointers
[59.071s][info][gc,phases      ] GC(1293) Phase 3: Adjust pointers 5.875ms
[59.071s][info][gc,phases,start] GC(1293) Phase 4: Move objects
[59.095s][info][gc,phases      ] GC(1293) Phase 4: Move objects 24.264ms
[59.095s][info][gc,heap        ] GC(1293) DefNew: 156977K(157248K)->23493K(157248K) Eden: 139776K(139776K)->23493K(139776K) From: 17201K(17472K)->0K(17472K)
[59.095s][info][gc,heap        ] GC(1293) Tenured: 349337K(349568K)->349513K(349568K)
[59.095s][info][gc,metaspace   ] GC(1293) Metaspace: 31055K(31360K)->31055K(31360K) NonClass: 27801K(27904K)->27801K(27904K) Class: 3254K(3456K)->3254K(3456K)
[59.095s][info][gc             ] GC(1293) Pause Full (Allocation Failure) 494M->364M(494M) 44.182ms
[59.095s][info][gc,cpu         ] GC(1293) User=0.04s Sys=0.00s Real=0.04s
[59.106s][info][gc,start       ] GC(1294) Pause Full (Allocation Failure)
[59.106s][info][gc,phases,start] GC(1294) Phase 1: Mark live objects
[59.115s][info][gc,phases      ] GC(1294) Phase 1: Mark live objects 9.006ms
[59.115s][info][gc,phases,start] GC(1294) Phase 2: Compute new object addresses
[59.119s][info][gc,phases      ] GC(1294) Phase 2: Compute new object addresses 4.384ms
[59.119s][info][gc,phases,start] GC(1294) Phase 3: Adjust pointers
[59.125s][info][gc,phases      ] GC(1294) Phase 3: Adjust pointers 5.866ms
[59.125s][info][gc,phases,start] GC(1294) Phase 4: Move objects
[59.150s][info][gc,phases      ] GC(1294) Phase 4: Move objects 25.234ms
[59.151s][info][gc,heap        ] GC(1294) DefNew: 156656K(157248K)->4124K(157248K) Eden: 139776K(139776K)->4124K(139776K) From: 16880K(17472K)->0K(17472K)
[59.151s][info][gc,heap        ] GC(1294) Tenured: 349513K(349568K)->349391K(349568K)
[59.151s][info][gc,metaspace   ] GC(1294) Metaspace: 31055K(31360K)->31055K(31360K) NonClass: 27801K(27904K)->27801K(27904K) Class: 3254K(3456K)->3254K(3456K)
[59.151s][info][gc             ] GC(1294) Pause Full (Allocation Failure) 494M->345M(494M) 44.907ms
[59.151s][info][gc,cpu         ] GC(1294) User=0.04s Sys=0.00s Real=0.05s
[59.160s][info][gc,start       ] GC(1295) Pause Full (Allocation Failure)
[59.160s][info][gc,phases,start] GC(1295) Phase 1: Mark live objects
[59.169s][info][gc,phases      ] GC(1295) Phase 1: Mark live objects 9.076ms
[59.169s][info][gc,phases,start] GC(1295) Phase 2: Compute new object addresses
[59.174s][info][gc,phases      ] GC(1295) Phase 2: Compute new object addresses 4.751ms
[59.174s][info][gc,phases,start] GC(1295) Phase 3: Adjust pointers
[59.180s][info][gc,phases      ] GC(1295) Phase 3: Adjust pointers 5.735ms
[59.180s][info][gc,phases,start] GC(1295) Phase 4: Move objects
[59.204s][info][gc,phases      ] GC(1295) Phase 4: Move objects 24.394ms
[59.204s][info][gc,heap        ] GC(1295) DefNew: 157148K(157248K)->8227K(157248K) Eden: 139776K(139776K)->8227K(139776K) From: 17372K(17472K)->0K(17472K)
[59.204s][info][gc,heap        ] GC(1295) Tenured: 349391K(349568K)->349544K(349568K)
[59.204s][info][gc,metaspace   ] GC(1295) Metaspace: 31055K(31360K)->31055K(31360K) NonClass: 27801K(27904K)->27801K(27904K) Class: 3254K(3456K)->3254K(3456K)
[59.204s][info][gc             ] GC(1295) Pause Full (Allocation Failure) 494M->349M(494M) 44.411ms
[59.204s][info][gc,cpu         ] GC(1295) User=0.05s Sys=0.00s Real=0.05s
[59.212s][info][gc,start       ] GC(1296) Pause Full (Allocation Failure)
[59.212s][info][gc,phases,start] GC(1296) Phase 1: Mark live objects
[59.221s][info][gc,phases      ] GC(1296) Phase 1: Mark live objects 9.181ms
[59.221s][info][gc,phases,start] GC(1296) Phase 2: Compute new object addresses
[59.226s][info][gc,phases      ] GC(1296) Phase 2: Compute new object addresses 4.797ms
[59.226s][info][gc,phases,start] GC(1296) Phase 3: Adjust pointers
[59.232s][info][gc,phases      ] GC(1296) Phase 3: Adjust pointers 6.215ms
[59.232s][info][gc,phases,start] GC(1296) Phase 4: Move objects
[59.236s][info][gc,phases      ] GC(1296) Phase 4: Move objects 4.296ms
[59.237s][info][gc,heap        ] GC(1296) DefNew: 157025K(157248K)->30202K(157248K) Eden: 139776K(139776K)->30202K(139776K) From: 17249K(17472K)->0K(17472K)
[59.237s][info][gc,heap        ] GC(1296) Tenured: 349544K(349568K)->349517K(349568K)
[59.237s][info][gc,metaspace   ] GC(1296) Metaspace: 31055K(31360K)->31055K(31360K) NonClass: 27801K(27904K)->27801K(27904K) Class: 3254K(3456K)->3254K(3456K)
[59.237s][info][gc             ] GC(1296) Pause Full (Allocation Failure) 494M->370M(494M) 24.905ms
[59.237s][info][gc,cpu         ] GC(1296) User=0.02s Sys=0.01s Real=0.02s
[59.247s][info][gc,start       ] GC(1297) Pause Full (Allocation Failure)
[59.247s][info][gc,phases,start] GC(1297) Phase 1: Mark live objects
[59.257s][info][gc,phases      ] GC(1297) Phase 1: Mark live objects 9.753ms
[59.257s][info][gc,phases,start] GC(1297) Phase 2: Compute new object addresses
[59.261s][info][gc,phases      ] GC(1297) Phase 2: Compute new object addresses 4.620ms
[59.261s][info][gc,phases,start] GC(1297) Phase 3: Adjust pointers
[59.268s][info][gc,phases      ] GC(1297) Phase 3: Adjust pointers 6.621ms
[59.268s][info][gc,phases,start] GC(1297) Phase 4: Move objects
[59.296s][info][gc,phases      ] GC(1297) Phase 4: Move objects 28.033ms
[59.296s][info][gc,heap        ] GC(1297) DefNew: 157154K(157248K)->27286K(157248K) Eden: 139776K(139776K)->27286K(139776K) From: 17378K(17472K)->0K(17472K)
[59.296s][info][gc,heap        ] GC(1297) Tenured: 349517K(349568K)->349337K(349568K)
[59.296s][info][gc,metaspace   ] GC(1297) Metaspace: 31055K(31360K)->31055K(31360K) NonClass: 27801K(27904K)->27801K(27904K) Class: 3254K(3456K)->3254K(3456K)
[59.296s][info][gc             ] GC(1297) Pause Full (Allocation Failure) 494M->367M(494M) 49.475ms
[59.296s][info][gc,cpu         ] GC(1297) User=0.05s Sys=0.00s Real=0.05s
[59.307s][info][gc,start       ] GC(1298) Pause Full (Allocation Failure)
[59.307s][info][gc,phases,start] GC(1298) Phase 1: Mark live objects
[59.315s][info][gc,phases      ] GC(1298) Phase 1: Mark live objects 8.665ms
[59.315s][info][gc,phases,start] GC(1298) Phase 2: Compute new object addresses
[59.320s][info][gc,phases      ] GC(1298) Phase 2: Compute new object addresses 4.297ms
[59.320s][info][gc,phases,start] GC(1298) Phase 3: Adjust pointers
[59.326s][info][gc,phases      ] GC(1298) Phase 3: Adjust pointers 6.177ms
[59.326s][info][gc,phases,start] GC(1298) Phase 4: Move objects
[59.350s][info][gc,phases      ] GC(1298) Phase 4: Move objects 24.065ms
[59.350s][info][gc,heap        ] GC(1298) DefNew: 156392K(157248K)->22148K(157248K) Eden: 139776K(139776K)->22148K(139776K) From: 16616K(17472K)->0K(17472K)
[59.350s][info][gc,heap        ] GC(1298) Tenured: 349337K(349568K)->348996K(349568K)
[59.350s][info][gc,metaspace   ] GC(1298) Metaspace: 31055K(31360K)->31055K(31360K) NonClass: 27801K(27904K)->27801K(27904K) Class: 3254K(3456K)->3254K(3456K)
[59.350s][info][gc             ] GC(1298) Pause Full (Allocation Failure) 493M->362M(494M) 43.704ms
[59.350s][info][gc,cpu         ] GC(1298) User=0.04s Sys=0.00s Real=0.05s
[59.361s][info][gc,start       ] GC(1299) Pause Full (Allocation Failure)
[59.361s][info][gc,phases,start] GC(1299) Phase 1: Mark live objects
[59.370s][info][gc,phases      ] GC(1299) Phase 1: Mark live objects 8.926ms
[59.370s][info][gc,phases,start] GC(1299) Phase 2: Compute new object addresses
[59.375s][info][gc,phases      ] GC(1299) Phase 2: Compute new object addresses 4.694ms
[59.375s][info][gc,phases,start] GC(1299) Phase 3: Adjust pointers
[59.380s][info][gc,phases      ] GC(1299) Phase 3: Adjust pointers 5.842ms
[59.380s][info][gc,phases,start] GC(1299) Phase 4: Move objects
[59.405s][info][gc,phases      ] GC(1299) Phase 4: Move objects 24.951ms
[59.406s][info][gc,heap        ] GC(1299) DefNew: 156966K(157248K)->2853K(157248K) Eden: 139776K(139776K)->2853K(139776K) From: 17190K(17472K)->0K(17472K)
[59.406s][info][gc,heap        ] GC(1299) Tenured: 349508K(349568K)->349369K(349568K)
[59.406s][info][gc,metaspace   ] GC(1299) Metaspace: 31055K(31360K)->31055K(31360K) NonClass: 27801K(27904K)->27801K(27904K) Class: 3254K(3456K)->3254K(3456K)
[59.406s][info][gc             ] GC(1299) Pause Full (Allocation Failure) 494M->343M(494M) 44.825ms
[59.406s][info][gc,cpu         ] GC(1299) User=0.04s Sys=0.00s Real=0.05s
[59.417s][info][gc,start       ] GC(1300) Pause Full (Allocation Failure)
[59.417s][info][gc,phases,start] GC(1300) Phase 1: Mark live objects
[59.426s][info][gc,phases      ] GC(1300) Phase 1: Mark live objects 8.406ms
[59.426s][info][gc,phases,start] GC(1300) Phase 2: Compute new object addresses
[59.430s][info][gc,phases      ] GC(1300) Phase 2: Compute new object addresses 4.629ms
[59.430s][info][gc,phases,start] GC(1300) Phase 3: Adjust pointers
[59.436s][info][gc,phases      ] GC(1300) Phase 3: Adjust pointers 5.683ms
[59.436s][info][gc,phases,start] GC(1300) Phase 4: Move objects
[59.455s][info][gc,phases      ] GC(1300) Phase 4: Move objects 18.643ms
[59.455s][info][gc,heap        ] GC(1300) DefNew: 157248K(157248K)->21092K(157248K) Eden: 139776K(139776K)->21092K(139776K) From: 17472K(17472K)->0K(17472K)
[59.455s][info][gc,heap        ] GC(1300) Tenured: 349381K(349568K)->349529K(349568K)
[59.455s][info][gc,metaspace   ] GC(1300) Metaspace: 31055K(31360K)->31055K(31360K) NonClass: 27801K(27904K)->27801K(27904K) Class: 3254K(3456K)->3254K(3456K)
[59.455s][info][gc             ] GC(1300) Pause Full (Allocation Failure) 494M->361M(494M) 37.788ms
[59.455s][info][gc,cpu         ] GC(1300) User=0.04s Sys=0.00s Real=0.04s
[59.466s][info][gc,start       ] GC(1301) Pause Full (Allocation Failure)
[59.466s][info][gc,phases,start] GC(1301) Phase 1: Mark live objects
[59.476s][info][gc,phases      ] GC(1301) Phase 1: Mark live objects 10.605ms
[59.476s][info][gc,phases,start] GC(1301) Phase 2: Compute new object addresses
[59.481s][info][gc,phases      ] GC(1301) Phase 2: Compute new object addresses 4.600ms
[59.481s][info][gc,phases,start] GC(1301) Phase 3: Adjust pointers
[59.487s][info][gc,phases      ] GC(1301) Phase 3: Adjust pointers 6.262ms
[59.487s][info][gc,phases,start] GC(1301) Phase 4: Move objects
[59.512s][info][gc,phases      ] GC(1301) Phase 4: Move objects 24.471ms
[59.512s][info][gc,heap        ] GC(1301) DefNew: 156510K(157248K)->17246K(157248K) Eden: 139776K(139776K)->17246K(139776K) From: 16734K(17472K)->0K(17472K)
[59.512s][info][gc,heap        ] GC(1301) Tenured: 349529K(349568K)->349356K(349568K)
[59.512s][info][gc,metaspace   ] GC(1301) Metaspace: 31055K(31360K)->31055K(31360K) NonClass: 27801K(27904K)->27801K(27904K) Class: 3254K(3456K)->3254K(3456K)
[59.512s][info][gc             ] GC(1301) Pause Full (Allocation Failure) 494M->358M(494M) 46.364ms
[59.512s][info][gc,cpu         ] GC(1301) User=0.05s Sys=0.00s Real=0.05s
[59.519s][info][gc,start       ] GC(1302) Pause Full (Allocation Failure)
[59.519s][info][gc,phases,start] GC(1302) Phase 1: Mark live objects
[59.528s][info][gc,phases      ] GC(1302) Phase 1: Mark live objects 9.186ms
[59.528s][info][gc,phases,start] GC(1302) Phase 2: Compute new object addresses
[59.533s][info][gc,phases      ] GC(1302) Phase 2: Compute new object addresses 4.514ms
[59.533s][info][gc,phases,start] GC(1302) Phase 3: Adjust pointers
[59.538s][info][gc,phases      ] GC(1302) Phase 3: Adjust pointers 5.859ms
[59.538s][info][gc,phases,start] GC(1302) Phase 4: Move objects
[59.564s][info][gc,phases      ] GC(1302) Phase 4: Move objects 25.671ms
[59.564s][info][gc,heap        ] GC(1302) DefNew: 157018K(157248K)->11831K(157248K) Eden: 139776K(139776K)->11831K(139776K) From: 17242K(17472K)->0K(17472K)
[59.564s][info][gc,heap        ] GC(1302) Tenured: 349356K(349568K)->349389K(349568K)
[59.564s][info][gc,metaspace   ] GC(1302) Metaspace: 31055K(31360K)->31055K(31360K) NonClass: 27801K(27904K)->27801K(27904K) Class: 3254K(3456K)->3254K(3456K)
[59.564s][info][gc             ] GC(1302) Pause Full (Allocation Failure) 494M->352M(494M) 45.671ms
[59.564s][info][gc,cpu         ] GC(1302) User=0.05s Sys=0.00s Real=0.05s
[59.575s][info][gc,start       ] GC(1303) Pause Full (Allocation Failure)
[59.575s][info][gc,phases,start] GC(1303) Phase 1: Mark live objects
[59.584s][info][gc,phases      ] GC(1303) Phase 1: Mark live objects 8.779ms
[59.584s][info][gc,phases,start] GC(1303) Phase 2: Compute new object addresses
[59.588s][info][gc,phases      ] GC(1303) Phase 2: Compute new object addresses 4.449ms
[59.588s][info][gc,phases,start] GC(1303) Phase 3: Adjust pointers
[59.594s][info][gc,phases      ] GC(1303) Phase 3: Adjust pointers 5.615ms
[59.594s][info][gc,phases,start] GC(1303) Phase 4: Move objects
[59.619s][info][gc,phases      ] GC(1303) Phase 4: Move objects 24.447ms
[59.619s][info][gc,heap        ] GC(1303) DefNew: 157045K(157248K)->4886K(157248K) Eden: 139776K(139776K)->4886K(139776K) From: 17269K(17472K)->0K(17472K)
[59.619s][info][gc,heap        ] GC(1303) Tenured: 349389K(349568K)->349539K(349568K)
[59.619s][info][gc,metaspace   ] GC(1303) Metaspace: 31055K(31360K)->31055K(31360K) NonClass: 27801K(27904K)->27801K(27904K) Class: 3254K(3456K)->3254K(3456K)
[59.619s][info][gc             ] GC(1303) Pause Full (Allocation Failure) 494M->346M(494M) 43.712ms
[59.619s][info][gc,cpu         ] GC(1303) User=0.04s Sys=0.00s Real=0.04s
[59.627s][info][gc,start       ] GC(1304) Pause Full (Allocation Failure)
[59.627s][info][gc,phases,start] GC(1304) Phase 1: Mark live objects
[59.636s][info][gc,phases      ] GC(1304) Phase 1: Mark live objects 9.439ms
[59.637s][info][gc,phases,start] GC(1304) Phase 2: Compute new object addresses
[59.641s][info][gc,phases      ] GC(1304) Phase 2: Compute new object addresses 4.615ms
[59.641s][info][gc,phases,start] GC(1304) Phase 3: Adjust pointers
[59.647s][info][gc,phases      ] GC(1304) Phase 3: Adjust pointers 6.026ms
[59.647s][info][gc,phases,start] GC(1304) Phase 4: Move objects
[59.650s][info][gc,phases      ] GC(1304) Phase 4: Move objects 2.549ms
[59.650s][info][gc,heap        ] GC(1304) DefNew: 157088K(157248K)->29451K(157248K) Eden: 139776K(139776K)->29451K(139776K) From: 17312K(17472K)->0K(17472K)
[59.650s][info][gc,heap        ] GC(1304) Tenured: 349539K(349568K)->349539K(349568K)
[59.650s][info][gc,metaspace   ] GC(1304) Metaspace: 31055K(31360K)->31055K(31360K) NonClass: 27801K(27904K)->27801K(27904K) Class: 3254K(3456K)->3254K(3456K)
[59.650s][info][gc             ] GC(1304) Pause Full (Allocation Failure) 494M->370M(494M) 23.079ms
[59.650s][info][gc,cpu         ] GC(1304) User=0.03s Sys=0.00s Real=0.02s
[59.658s][info][gc,start       ] GC(1305) Pause Full (Allocation Failure)
[59.658s][info][gc,phases,start] GC(1305) Phase 1: Mark live objects
[59.666s][info][gc,phases      ] GC(1305) Phase 1: Mark live objects 8.695ms
[59.666s][info][gc,phases,start] GC(1305) Phase 2: Compute new object addresses
[59.671s][info][gc,phases      ] GC(1305) Phase 2: Compute new object addresses 4.411ms
[59.671s][info][gc,phases,start] GC(1305) Phase 3: Adjust pointers
[59.677s][info][gc,phases      ] GC(1305) Phase 3: Adjust pointers 5.783ms
[59.677s][info][gc,phases,start] GC(1305) Phase 4: Move objects
[59.700s][info][gc,phases      ] GC(1305) Phase 4: Move objects 23.428ms
[59.700s][info][gc,heap        ] GC(1305) DefNew: 157146K(157248K)->28027K(157248K) Eden: 139776K(139776K)->28027K(139776K) From: 17370K(17472K)->0K(17472K)
[59.700s][info][gc,heap        ] GC(1305) Tenured: 349539K(349568K)->349518K(349568K)
[59.700s][info][gc,metaspace   ] GC(1305) Metaspace: 31055K(31360K)->31055K(31360K) NonClass: 27801K(27904K)->27801K(27904K) Class: 3254K(3456K)->3254K(3456K)
[59.700s][info][gc             ] GC(1305) Pause Full (Allocation Failure) 494M->368M(494M) 42.763ms
[59.700s][info][gc,cpu         ] GC(1305) User=0.04s Sys=0.00s Real=0.04s
[59.711s][info][gc,start       ] GC(1306) Pause Full (Allocation Failure)
[59.711s][info][gc,phases,start] GC(1306) Phase 1: Mark live objects
[59.720s][info][gc,phases      ] GC(1306) Phase 1: Mark live objects 9.020ms
[59.720s][info][gc,phases,start] GC(1306) Phase 2: Compute new object addresses
[59.725s][info][gc,phases      ] GC(1306) Phase 2: Compute new object addresses 4.595ms
[59.725s][info][gc,phases,start] GC(1306) Phase 3: Adjust pointers
[59.731s][info][gc,phases      ] GC(1306) Phase 3: Adjust pointers 6.050ms
[59.731s][info][gc,phases,start] GC(1306) Phase 4: Move objects
[59.755s][info][gc,phases      ] GC(1306) Phase 4: Move objects 24.062ms
[59.755s][info][gc,heap        ] GC(1306) DefNew: 156919K(157248K)->24029K(157248K) Eden: 139776K(139776K)->24029K(139776K) From: 17143K(17472K)->0K(17472K)
[59.755s][info][gc,heap        ] GC(1306) Tenured: 349518K(349568K)->349509K(349568K)
[59.755s][info][gc,metaspace   ] GC(1306) Metaspace: 31055K(31360K)->31055K(31360K) NonClass: 27801K(27904K)->27801K(27904K) Class: 3254K(3456K)->3254K(3456K)
[59.755s][info][gc             ] GC(1306) Pause Full (Allocation Failure) 494M->364M(494M) 44.184ms
[59.755s][info][gc,cpu         ] GC(1306) User=0.05s Sys=0.00s Real=0.04s
[59.766s][info][gc,start       ] GC(1307) Pause Full (Allocation Failure)
[59.766s][info][gc,phases,start] GC(1307) Phase 1: Mark live objects
[59.775s][info][gc,phases      ] GC(1307) Phase 1: Mark live objects 9.049ms
[59.775s][info][gc,phases,start] GC(1307) Phase 2: Compute new object addresses
[59.779s][info][gc,phases      ] GC(1307) Phase 2: Compute new object addresses 4.411ms
[59.779s][info][gc,phases,start] GC(1307) Phase 3: Adjust pointers
[59.785s][info][gc,phases      ] GC(1307) Phase 3: Adjust pointers 5.862ms
[59.785s][info][gc,phases,start] GC(1307) Phase 4: Move objects
[59.810s][info][gc,phases      ] GC(1307) Phase 4: Move objects 25.088ms
[59.810s][info][gc,heap        ] GC(1307) DefNew: 156260K(157248K)->4394K(157248K) Eden: 139776K(139776K)->4394K(139776K) From: 16484K(17472K)->0K(17472K)
[59.810s][info][gc,heap        ] GC(1307) Tenured: 349509K(349568K)->349540K(349568K)
[59.810s][info][gc,metaspace   ] GC(1307) Metaspace: 31055K(31360K)->31055K(31360K) NonClass: 27801K(27904K)->27801K(27904K) Class: 3254K(3456K)->3254K(3456K)
[59.810s][info][gc             ] GC(1307) Pause Full (Allocation Failure) 493M->345M(494M) 44.849ms
[59.810s][info][gc,cpu         ] GC(1307) User=0.04s Sys=0.00s Real=0.05s
[59.822s][info][gc,start       ] GC(1308) Pause Full (Allocation Failure)
[59.822s][info][gc,phases,start] GC(1308) Phase 1: Mark live objects
[59.831s][info][gc,phases      ] GC(1308) Phase 1: Mark live objects 9.557ms
[59.831s][info][gc,phases,start] GC(1308) Phase 2: Compute new object addresses
[59.836s][info][gc,phases      ] GC(1308) Phase 2: Compute new object addresses 4.977ms
[59.836s][info][gc,phases,start] GC(1308) Phase 3: Adjust pointers
[59.843s][info][gc,phases      ] GC(1308) Phase 3: Adjust pointers 6.395ms
[59.843s][info][gc,phases,start] GC(1308) Phase 4: Move objects
[59.859s][info][gc,phases      ] GC(1308) Phase 4: Move objects 16.418ms
[59.860s][info][gc,heap        ] GC(1308) DefNew: 156794K(157248K)->24527K(157248K) Eden: 139776K(139776K)->24527K(139776K) From: 17018K(17472K)->0K(17472K)
[59.860s][info][gc,heap        ] GC(1308) Tenured: 349540K(349568K)->349514K(349568K)
[59.860s][info][gc,metaspace   ] GC(1308) Metaspace: 31055K(31360K)->31055K(31360K) NonClass: 27801K(27904K)->27801K(27904K) Class: 3254K(3456K)->3254K(3456K)
[59.860s][info][gc             ] GC(1308) Pause Full (Allocation Failure) 494M->365M(494M) 37.825ms
[59.860s][info][gc,cpu         ] GC(1308) User=0.04s Sys=0.00s Real=0.04s
[59.873s][info][gc,start       ] GC(1309) Pause Full (Allocation Failure)
[59.873s][info][gc,phases,start] GC(1309) Phase 1: Mark live objects
[59.882s][info][gc,phases      ] GC(1309) Phase 1: Mark live objects 8.634ms
[59.882s][info][gc,phases,start] GC(1309) Phase 2: Compute new object addresses
[59.886s][info][gc,phases      ] GC(1309) Phase 2: Compute new object addresses 4.392ms
[59.886s][info][gc,phases,start] GC(1309) Phase 3: Adjust pointers
[59.892s][info][gc,phases      ] GC(1309) Phase 3: Adjust pointers 5.749ms
[59.892s][info][gc,phases,start] GC(1309) Phase 4: Move objects
[59.917s][info][gc,phases      ] GC(1309) Phase 4: Move objects 24.980ms
[59.917s][info][gc,heap        ] GC(1309) DefNew: 157100K(157248K)->20310K(157248K) Eden: 139776K(139776K)->20310K(139776K) From: 17324K(17472K)->0K(17472K)
[59.917s][info][gc,heap        ] GC(1309) Tenured: 349514K(349568K)->349526K(349568K)
[59.917s][info][gc,metaspace   ] GC(1309) Metaspace: 31055K(31360K)->31055K(31360K) NonClass: 27801K(27904K)->27801K(27904K) Class: 3254K(3456K)->3254K(3456K)
[59.917s][info][gc             ] GC(1309) Pause Full (Allocation Failure) 494M->361M(494M) 44.219ms
[59.917s][info][gc,cpu         ] GC(1309) User=0.04s Sys=0.00s Real=0.04s
[59.927s][info][gc,start       ] GC(1310) Pause Full (Allocation Failure)
[59.927s][info][gc,phases,start] GC(1310) Phase 1: Mark live objects
[59.936s][info][gc,phases      ] GC(1310) Phase 1: Mark live objects 8.879ms
[59.936s][info][gc,phases,start] GC(1310) Phase 2: Compute new object addresses
[59.941s][info][gc,phases      ] GC(1310) Phase 2: Compute new object addresses 4.674ms
[59.941s][info][gc,phases,start] GC(1310) Phase 3: Adjust pointers
[59.947s][info][gc,phases      ] GC(1310) Phase 3: Adjust pointers 6.018ms
[59.947s][info][gc,phases,start] GC(1310) Phase 4: Move objects
[59.972s][info][gc,phases      ] GC(1310) Phase 4: Move objects 24.970ms
[59.972s][info][gc,heap        ] GC(1310) DefNew: 157085K(157248K)->4127K(157248K) Eden: 139776K(139776K)->4127K(139776K) From: 17309K(17472K)->0K(17472K)
[59.972s][info][gc,heap        ] GC(1310) Tenured: 349526K(349568K)->349361K(349568K)
[59.972s][info][gc,metaspace   ] GC(1310) Metaspace: 31055K(31360K)->31055K(31360K) NonClass: 27801K(27904K)->27801K(27904K) Class: 3254K(3456K)->3254K(3456K)
[59.972s][info][gc             ] GC(1310) Pause Full (Allocation Failure) 494M->345M(494M) 44.989ms
[59.972s][info][gc,cpu         ] GC(1310) User=0.05s Sys=0.00s Real=0.05s
[59.986s][info][gc,start       ] GC(1311) Pause Full (Allocation Failure)
[59.986s][info][gc,phases,start] GC(1311) Phase 1: Mark live objects
[59.994s][info][gc,phases      ] GC(1311) Phase 1: Mark live objects 8.658ms
[59.994s][info][gc,phases,start] GC(1311) Phase 2: Compute new object addresses
[59.999s][info][gc,phases      ] GC(1311) Phase 2: Compute new object addresses 4.691ms
[59.999s][info][gc,phases,start] GC(1311) Phase 3: Adjust pointers
[60.005s][info][gc,phases      ] GC(1311) Phase 3: Adjust pointers 6.028ms
[60.005s][info][gc,phases,start] GC(1311) Phase 4: Move objects
[60.030s][info][gc,phases      ] GC(1311) Phase 4: Move objects 24.990ms
[60.030s][info][gc,heap        ] GC(1311) DefNew: 157248K(157248K)->1034K(157248K) Eden: 139776K(139776K)->1034K(139776K) From: 17472K(17472K)->0K(17472K)
[60.030s][info][gc,heap        ] GC(1311) Tenured: 349407K(349568K)->349277K(349568K)
[60.030s][info][gc,metaspace   ] GC(1311) Metaspace: 31055K(31360K)->31055K(31360K) NonClass: 27801K(27904K)->27801K(27904K) Class: 3254K(3456K)->3254K(3456K)
[60.030s][info][gc             ] GC(1311) Pause Full (Allocation Failure) 494M->342M(494M) 44.832ms
[60.030s][info][gc,cpu         ] GC(1311) User=0.04s Sys=0.00s Real=0.05s
[60.041s][info][gc,start       ] GC(1312) Pause Full (Allocation Failure)
[60.041s][info][gc,phases,start] GC(1312) Phase 1: Mark live objects
[60.050s][info][gc,phases      ] GC(1312) Phase 1: Mark live objects 8.928ms
[60.050s][info][gc,phases,start] GC(1312) Phase 2: Compute new object addresses
[60.055s][info][gc,phases      ] GC(1312) Phase 2: Compute new object addresses 4.834ms
[60.055s][info][gc,phases,start] GC(1312) Phase 3: Adjust pointers
[60.061s][info][gc,phases      ] GC(1312) Phase 3: Adjust pointers 6.102ms
[60.061s][info][gc,phases,start] GC(1312) Phase 4: Move objects
[60.077s][info][gc,phases      ] GC(1312) Phase 4: Move objects 15.875ms
[60.077s][info][gc,heap        ] GC(1312) DefNew: 157002K(157248K)->20712K(157248K) Eden: 139776K(139776K)->20712K(139776K) From: 17226K(17472K)->0K(17472K)
[60.077s][info][gc,heap        ] GC(1312) Tenured: 349534K(349568K)->349483K(349568K)
[60.077s][info][gc,metaspace   ] GC(1312) Metaspace: 31055K(31360K)->31055K(31360K) NonClass: 27801K(27904K)->27801K(27904K) Class: 3254K(3456K)->3254K(3456K)
[60.077s][info][gc             ] GC(1312) Pause Full (Allocation Failure) 494M->361M(494M) 36.148ms
[60.077s][info][gc,cpu         ] GC(1312) User=0.03s Sys=0.00s Real=0.04s
[60.084s][info][gc,start       ] GC(1313) Pause Full (Allocation Failure)
[60.084s][info][gc,phases,start] GC(1313) Phase 1: Mark live objects
[60.093s][info][gc,phases      ] GC(1313) Phase 1: Mark live objects 9.538ms
[60.093s][info][gc,phases,start] GC(1313) Phase 2: Compute new object addresses
[60.098s][info][gc,phases      ] GC(1313) Phase 2: Compute new object addresses 4.449ms
[60.098s][info][gc,phases,start] GC(1313) Phase 3: Adjust pointers
[60.104s][info][gc,phases      ] GC(1313) Phase 3: Adjust pointers 6.191ms
[60.104s][info][gc,phases,start] GC(1313) Phase 4: Move objects
[60.127s][info][gc,phases      ] GC(1313) Phase 4: Move objects 23.077ms
[60.127s][info][gc,heap        ] GC(1313) DefNew: 157247K(157248K)->26522K(157248K) Eden: 139776K(139776K)->26522K(139776K) From: 17471K(17472K)->0K(17472K)
[60.127s][info][gc,heap        ] GC(1313) Tenured: 349483K(349568K)->349344K(349568K)
[60.127s][info][gc,metaspace   ] GC(1313) Metaspace: 31055K(31360K)->31055K(31360K) NonClass: 27801K(27904K)->27801K(27904K) Class: 3254K(3456K)->3254K(3456K)
[60.127s][info][gc             ] GC(1313) Pause Full (Allocation Failure) 494M->367M(494M) 43.708ms
[60.127s][info][gc,cpu         ] GC(1313) User=0.05s Sys=0.00s Real=0.04s
[60.138s][info][gc,start       ] GC(1314) Pause Full (Allocation Failure)
[60.138s][info][gc,phases,start] GC(1314) Phase 1: Mark live objects
[60.147s][info][gc,phases      ] GC(1314) Phase 1: Mark live objects 9.000ms
[60.147s][info][gc,phases,start] GC(1314) Phase 2: Compute new object addresses
[60.151s][info][gc,phases      ] GC(1314) Phase 2: Compute new object addresses 4.612ms
[60.151s][info][gc,phases,start] GC(1314) Phase 3: Adjust pointers
[60.157s][info][gc,phases      ] GC(1314) Phase 3: Adjust pointers 5.975ms
[60.157s][info][gc,phases,start] GC(1314) Phase 4: Move objects
[60.181s][info][gc,phases      ] GC(1314) Phase 4: Move objects 24.049ms
[60.182s][info][gc,heap        ] GC(1314) DefNew: 157128K(157248K)->23761K(157248K) Eden: 139776K(139776K)->23761K(139776K) From: 17352K(17472K)->0K(17472K)
[60.182s][info][gc,heap        ] GC(1314) Tenured: 349344K(349568K)->348733K(349568K)
[60.182s][info][gc,metaspace   ] GC(1314) Metaspace: 31055K(31360K)->31055K(31360K) NonClass: 27801K(27904K)->27801K(27904K) Class: 3254K(3456K)->3254K(3456K)
[60.182s][info][gc             ] GC(1314) Pause Full (Allocation Failure) 494M->363M(494M) 44.079ms
[60.182s][info][gc,cpu         ] GC(1314) User=0.04s Sys=0.00s Real=0.04s
[60.192s][info][gc,start       ] GC(1315) Pause Full (Allocation Failure)
[60.192s][info][gc,phases,start] GC(1315) Phase 1: Mark live objects
[60.201s][info][gc,phases      ] GC(1315) Phase 1: Mark live objects 9.126ms
[60.201s][info][gc,phases,start] GC(1315) Phase 2: Compute new object addresses
[60.206s][info][gc,phases      ] GC(1315) Phase 2: Compute new object addresses 4.406ms
[60.206s][info][gc,phases,start] GC(1315) Phase 3: Adjust pointers
[60.212s][info][gc,phases      ] GC(1315) Phase 3: Adjust pointers 6.280ms
[60.212s][info][gc,phases,start] GC(1315) Phase 4: Move objects
[60.238s][info][gc,phases      ] GC(1315) Phase 4: Move objects 25.917ms
[60.238s][info][gc,heap        ] GC(1315) DefNew: 157071K(157248K)->8256K(157248K) Eden: 139776K(139776K)->8256K(139776K) From: 17295K(17472K)->0K(17472K)
[60.238s][info][gc,heap        ] GC(1315) Tenured: 348733K(349568K)->349351K(349568K)
[60.238s][info][gc,metaspace   ] GC(1315) Metaspace: 31055K(31360K)->31055K(31360K) NonClass: 27801K(27904K)->27801K(27904K) Class: 3254K(3456K)->3254K(3456K)
[60.238s][info][gc             ] GC(1315) Pause Full (Allocation Failure) 493M->349M(494M) 46.198ms
[60.238s][info][gc,cpu         ] GC(1315) User=0.04s Sys=0.01s Real=0.04s
[60.247s][info][gc,start       ] GC(1316) Pause Full (Allocation Failure)
[60.247s][info][gc,phases,start] GC(1316) Phase 1: Mark live objects
[60.257s][info][gc,phases      ] GC(1316) Phase 1: Mark live objects 9.355ms
[60.257s][info][gc,phases,start] GC(1316) Phase 2: Compute new object addresses
[60.261s][info][gc,phases      ] GC(1316) Phase 2: Compute new object addresses 4.777ms
[60.261s][info][gc,phases,start] GC(1316) Phase 3: Adjust pointers
[60.268s][info][gc,phases      ] GC(1316) Phase 3: Adjust pointers 6.259ms
[60.268s][info][gc,phases,start] GC(1316) Phase 4: Move objects
[60.273s][info][gc,phases      ] GC(1316) Phase 4: Move objects 4.932ms
[60.273s][info][gc,heap        ] GC(1316) DefNew: 157164K(157248K)->33412K(157248K) Eden: 139776K(139776K)->33412K(139776K) From: 17388K(17472K)->0K(17472K)
[60.273s][info][gc,heap        ] GC(1316) Tenured: 349351K(349568K)->349521K(349568K)
[60.273s][info][gc,metaspace   ] GC(1316) Metaspace: 31055K(31360K)->31055K(31360K) NonClass: 27801K(27904K)->27801K(27904K) Class: 3254K(3456K)->3254K(3456K)
[60.273s][info][gc             ] GC(1316) Pause Full (Allocation Failure) 494M->373M(494M) 25.898ms
[60.273s][info][gc,cpu         ] GC(1316) User=0.03s Sys=0.00s Real=0.03s
[60.284s][info][gc,start       ] GC(1317) Pause Full (Allocation Failure)
[60.284s][info][gc,phases,start] GC(1317) Phase 1: Mark live objects
[60.295s][info][gc,phases      ] GC(1317) Phase 1: Mark live objects 10.840ms
[60.295s][info][gc,phases,start] GC(1317) Phase 2: Compute new object addresses
[60.299s][info][gc,phases      ] GC(1317) Phase 2: Compute new object addresses 4.819ms
[60.299s][info][gc,phases,start] GC(1317) Phase 3: Adjust pointers
[60.306s][info][gc,phases      ] GC(1317) Phase 3: Adjust pointers 6.536ms
[60.306s][info][gc,phases,start] GC(1317) Phase 4: Move objects
[60.329s][info][gc,phases      ] GC(1317) Phase 4: Move objects 23.384ms
[60.330s][info][gc,heap        ] GC(1317) DefNew: 156714K(157248K)->28635K(157248K) Eden: 139776K(139776K)->28635K(139776K) From: 16938K(17472K)->0K(17472K)
[60.330s][info][gc,heap        ] GC(1317) Tenured: 349521K(349568K)->349511K(349568K)
[60.330s][info][gc,metaspace   ] GC(1317) Metaspace: 31055K(31360K)->31055K(31360K) NonClass: 27801K(27904K)->27801K(27904K) Class: 3254K(3456K)->3254K(3456K)
[60.330s][info][gc             ] GC(1317) Pause Full (Allocation Failure) 494M->369M(494M) 46.018ms
[60.330s][info][gc,cpu         ] GC(1317) User=0.05s Sys=0.00s Real=0.04s
[60.340s][info][gc,start       ] GC(1318) Pause Full (Allocation Failure)
[60.340s][info][gc,phases,start] GC(1318) Phase 1: Mark live objects
[60.349s][info][gc,phases      ] GC(1318) Phase 1: Mark live objects 8.825ms
[60.349s][info][gc,phases,start] GC(1318) Phase 2: Compute new object addresses
[60.354s][info][gc,phases      ] GC(1318) Phase 2: Compute new object addresses 4.290ms
[60.354s][info][gc,phases,start] GC(1318) Phase 3: Adjust pointers
[60.359s][info][gc,phases      ] GC(1318) Phase 3: Adjust pointers 5.653ms
[60.359s][info][gc,phases,start] GC(1318) Phase 4: Move objects
[60.385s][info][gc,phases      ] GC(1318) Phase 4: Move objects 25.387ms
[60.385s][info][gc,heap        ] GC(1318) DefNew: 156899K(157248K)->10035K(157248K) Eden: 139776K(139776K)->10035K(139776K) From: 17123K(17472K)->0K(17472K)
[60.385s][info][gc,heap        ] GC(1318) Tenured: 349511K(349568K)->349525K(349568K)
[60.385s][info][gc,metaspace   ] GC(1318) Metaspace: 31055K(31360K)->31055K(31360K) NonClass: 27801K(27904K)->27801K(27904K) Class: 3254K(3456K)->3254K(3456K)
[60.385s][info][gc             ] GC(1318) Pause Full (Allocation Failure) 494M->351M(494M) 44.688ms
[60.385s][info][gc,cpu         ] GC(1318) User=0.04s Sys=0.00s Real=0.05s
[60.396s][info][gc,start       ] GC(1319) Pause Full (Allocation Failure)
[60.396s][info][gc,phases,start] GC(1319) Phase 1: Mark live objects
[60.405s][info][gc,phases      ] GC(1319) Phase 1: Mark live objects 9.425ms
[60.405s][info][gc,phases,start] GC(1319) Phase 2: Compute new object addresses
[60.410s][info][gc,phases      ] GC(1319) Phase 2: Compute new object addresses 4.845ms
[60.410s][info][gc,phases,start] GC(1319) Phase 3: Adjust pointers
[60.416s][info][gc,phases      ] GC(1319) Phase 3: Adjust pointers 6.022ms
[60.416s][info][gc,phases,start] GC(1319) Phase 4: Move objects
[60.440s][info][gc,phases      ] GC(1319) Phase 4: Move objects 23.907ms
[60.440s][info][gc,heap        ] GC(1319) DefNew: 156553K(157248K)->13132K(157248K) Eden: 139776K(139776K)->13132K(139776K) From: 16777K(17472K)->0K(17472K)
[60.440s][info][gc,heap        ] GC(1319) Tenured: 349525K(349568K)->349352K(349568K)
[60.440s][info][gc,metaspace   ] GC(1319) Metaspace: 31055K(31360K)->31055K(31360K) NonClass: 27801K(27904K)->27801K(27904K) Class: 3254K(3456K)->3254K(3456K)
[60.440s][info][gc             ] GC(1319) Pause Full (Allocation Failure) 494M->353M(494M) 44.628ms
[60.440s][info][gc,cpu         ] GC(1319) User=0.05s Sys=0.00s Real=0.04s
[60.451s][info][gc,start       ] GC(1320) Pause Full (Allocation Failure)
[60.451s][info][gc,phases,start] GC(1320) Phase 1: Mark live objects
[60.461s][info][gc,phases      ] GC(1320) Phase 1: Mark live objects 9.488ms
[60.461s][info][gc,phases,start] GC(1320) Phase 2: Compute new object addresses
[60.465s][info][gc,phases      ] GC(1320) Phase 2: Compute new object addresses 4.814ms
[60.465s][info][gc,phases,start] GC(1320) Phase 3: Adjust pointers
[60.472s][info][gc,phases      ] GC(1320) Phase 3: Adjust pointers 6.240ms
[60.472s][info][gc,phases,start] GC(1320) Phase 4: Move objects
[60.491s][info][gc,phases      ] GC(1320) Phase 4: Move objects 18.999ms
[60.491s][info][gc,heap        ] GC(1320) DefNew: 157041K(157248K)->31640K(157248K) Eden: 139776K(139776K)->31640K(139776K) From: 17265K(17472K)->0K(17472K)
[60.491s][info][gc,heap        ] GC(1320) Tenured: 349352K(349568K)->349515K(349568K)
[60.491s][info][gc,metaspace   ] GC(1320) Metaspace: 31055K(31360K)->31055K(31360K) NonClass: 27801K(27904K)->27801K(27904K) Class: 3254K(3456K)->3254K(3456K)
[60.491s][info][gc             ] GC(1320) Pause Full (Allocation Failure) 494M->372M(494M) 40.105ms
[60.491s][info][gc,cpu         ] GC(1320) User=0.04s Sys=0.00s Real=0.04s
[60.498s][info][gc,start       ] GC(1321) Pause Full (Allocation Failure)
[60.498s][info][gc,phases,start] GC(1321) Phase 1: Mark live objects
[60.508s][info][gc,phases      ] GC(1321) Phase 1: Mark live objects 9.804ms
[60.508s][info][gc,phases,start] GC(1321) Phase 2: Compute new object addresses
[60.513s][info][gc,phases      ] GC(1321) Phase 2: Compute new object addresses 4.973ms
[60.513s][info][gc,phases,start] GC(1321) Phase 3: Adjust pointers
[60.520s][info][gc,phases      ] GC(1321) Phase 3: Adjust pointers 7.321ms
[60.520s][info][gc,phases,start] GC(1321) Phase 4: Move objects
[60.548s][info][gc,phases      ] GC(1321) Phase 4: Move objects 28.217ms
[60.549s][info][gc,heap        ] GC(1321) DefNew: 157106K(157248K)->36851K(157248K) Eden: 139776K(139776K)->36851K(139776K) From: 17330K(17472K)->0K(17472K)
[60.549s][info][gc,heap        ] GC(1321) Tenured: 349515K(349568K)->349514K(349568K)
[60.549s][info][gc,metaspace   ] GC(1321) Metaspace: 31055K(31360K)->31055K(31360K) NonClass: 27801K(27904K)->27801K(27904K) Class: 3254K(3456K)->3254K(3456K)
[60.549s][info][gc             ] GC(1321) Pause Full (Allocation Failure) 494M->377M(494M) 50.798ms
[60.549s][info][gc,cpu         ] GC(1321) User=0.05s Sys=0.00s Real=0.05s
[60.560s][info][gc,start       ] GC(1322) Pause Full (Allocation Failure)
[60.560s][info][gc,phases,start] GC(1322) Phase 1: Mark live objects
[60.569s][info][gc,phases      ] GC(1322) Phase 1: Mark live objects 9.070ms
[60.569s][info][gc,phases,start] GC(1322) Phase 2: Compute new object addresses
[60.574s][info][gc,phases      ] GC(1322) Phase 2: Compute new object addresses 4.691ms
[60.574s][info][gc,phases,start] GC(1322) Phase 3: Adjust pointers
[60.580s][info][gc,phases      ] GC(1322) Phase 3: Adjust pointers 6.315ms
[60.580s][info][gc,phases,start] GC(1322) Phase 4: Move objects
[60.611s][info][gc,phases      ] GC(1322) Phase 4: Move objects 30.516ms
[60.611s][info][gc,heap        ] GC(1322) DefNew: 156971K(157248K)->32914K(157248K) Eden: 139776K(139776K)->32914K(139776K) From: 17195K(17472K)->0K(17472K)
[60.611s][info][gc,heap        ] GC(1322) Tenured: 349514K(349568K)->349516K(349568K)
[60.611s][info][gc,metaspace   ] GC(1322) Metaspace: 31055K(31360K)->31055K(31360K) NonClass: 27801K(27904K)->27801K(27904K) Class: 3254K(3456K)->3254K(3456K)
[60.611s][info][gc             ] GC(1322) Pause Full (Allocation Failure) 494M->373M(494M) 51.046ms
[60.611s][info][gc,cpu         ] GC(1322) User=0.05s Sys=0.00s Real=0.06s
[60.622s][info][gc,start       ] GC(1323) Pause Full (Allocation Failure)
[60.622s][info][gc,phases,start] GC(1323) Phase 1: Mark live objects
[60.632s][info][gc,phases      ] GC(1323) Phase 1: Mark live objects 10.054ms
[60.632s][info][gc,phases,start] GC(1323) Phase 2: Compute new object addresses
[60.637s][info][gc,phases      ] GC(1323) Phase 2: Compute new object addresses 5.354ms
[60.637s][info][gc,phases,start] GC(1323) Phase 3: Adjust pointers
[60.644s][info][gc,phases      ] GC(1323) Phase 3: Adjust pointers 6.488ms
[60.644s][info][gc,phases,start] GC(1323) Phase 4: Move objects
[60.672s][info][gc,phases      ] GC(1323) Phase 4: Move objects 28.597ms
[60.673s][info][gc,heap        ] GC(1323) DefNew: 156400K(157248K)->12856K(157248K) Eden: 139776K(139776K)->12856K(139776K) From: 16624K(17472K)->0K(17472K)
[60.673s][info][gc,heap        ] GC(1323) Tenured: 349516K(349568K)->349351K(349568K)
[60.673s][info][gc,metaspace   ] GC(1323) Metaspace: 31055K(31360K)->31055K(31360K) NonClass: 27801K(27904K)->27801K(27904K) Class: 3254K(3456K)->3254K(3456K)
[60.673s][info][gc             ] GC(1323) Pause Full (Allocation Failure) 494M->353M(494M) 50.995ms
[60.673s][info][gc,cpu         ] GC(1323) User=0.05s Sys=0.00s Real=0.06s
[60.681s][info][gc,start       ] GC(1324) Pause Full (Allocation Failure)
[60.681s][info][gc,phases,start] GC(1324) Phase 1: Mark live objects
[60.691s][info][gc,phases      ] GC(1324) Phase 1: Mark live objects 9.433ms
[60.691s][info][gc,phases,start] GC(1324) Phase 2: Compute new object addresses
[60.696s][info][gc,phases      ] GC(1324) Phase 2: Compute new object addresses 4.700ms
[60.696s][info][gc,phases,start] GC(1324) Phase 3: Adjust pointers
[60.702s][info][gc,phases      ] GC(1324) Phase 3: Adjust pointers 6.236ms
[60.702s][info][gc,phases,start] GC(1324) Phase 4: Move objects
[60.706s][info][gc,phases      ] GC(1324) Phase 4: Move objects 3.950ms
[60.706s][info][gc,heap        ] GC(1324) DefNew: 157177K(157248K)->36277K(157248K) Eden: 139776K(139776K)->36277K(139776K) From: 17401K(17472K)->0K(17472K)
[60.706s][info][gc,heap        ] GC(1324) Tenured: 349351K(349568K)->349328K(349568K)
[60.706s][info][gc,metaspace   ] GC(1324) Metaspace: 31055K(31360K)->31055K(31360K) NonClass: 27801K(27904K)->27801K(27904K) Class: 3254K(3456K)->3254K(3456K)
[60.706s][info][gc             ] GC(1324) Pause Full (Allocation Failure) 494M->376M(494M) 24.770ms
[60.706s][info][gc,cpu         ] GC(1324) User=0.03s Sys=0.00s Real=0.03s
[60.717s][info][gc,start       ] GC(1325) Pause Full (Allocation Failure)
[60.717s][info][gc,phases,start] GC(1325) Phase 1: Mark live objects
[60.726s][info][gc,phases      ] GC(1325) Phase 1: Mark live objects 9.216ms
[60.726s][info][gc,phases,start] GC(1325) Phase 2: Compute new object addresses
[60.731s][info][gc,phases      ] GC(1325) Phase 2: Compute new object addresses 4.622ms
[60.731s][info][gc,phases,start] GC(1325) Phase 3: Adjust pointers
[60.737s][info][gc,phases      ] GC(1325) Phase 3: Adjust pointers 5.826ms
[60.737s][info][gc,phases,start] GC(1325) Phase 4: Move objects
[60.760s][info][gc,phases      ] GC(1325) Phase 4: Move objects 23.635ms
[60.760s][info][gc,heap        ] GC(1325) DefNew: 156689K(157248K)->30868K(157248K) Eden: 139776K(139776K)->30868K(139776K) From: 16913K(17472K)->0K(17472K)
[60.760s][info][gc,heap        ] GC(1325) Tenured: 349328K(349568K)->349511K(349568K)
[60.760s][info][gc,metaspace   ] GC(1325) Metaspace: 31055K(31360K)->31055K(31360K) NonClass: 27801K(27904K)->27801K(27904K) Class: 3254K(3456K)->3254K(3456K)
[60.761s][info][gc             ] GC(1325) Pause Full (Allocation Failure) 494M->371M(494M) 43.798ms
[60.761s][info][gc,cpu         ] GC(1325) User=0.04s Sys=0.00s Real=0.04s
[60.771s][info][gc,start       ] GC(1326) Pause Full (Allocation Failure)
[60.771s][info][gc,phases,start] GC(1326) Phase 1: Mark live objects
[60.780s][info][gc,phases      ] GC(1326) Phase 1: Mark live objects 9.483ms
[60.780s][info][gc,phases,start] GC(1326) Phase 2: Compute new object addresses
[60.785s][info][gc,phases      ] GC(1326) Phase 2: Compute new object addresses 4.563ms
[60.785s][info][gc,phases,start] GC(1326) Phase 3: Adjust pointers
[60.791s][info][gc,phases      ] GC(1326) Phase 3: Adjust pointers 6.024ms
[60.791s][info][gc,phases,start] GC(1326) Phase 4: Move objects
[60.817s][info][gc,phases      ] GC(1326) Phase 4: Move objects 26.258ms
[60.817s][info][gc,heap        ] GC(1326) DefNew: 157111K(157248K)->16329K(157248K) Eden: 139776K(139776K)->16329K(139776K) From: 17335K(17472K)->0K(17472K)
[60.817s][info][gc,heap        ] GC(1326) Tenured: 349511K(349568K)->349469K(349568K)
[60.817s][info][gc,metaspace   ] GC(1326) Metaspace: 31055K(31360K)->31055K(31360K) NonClass: 27801K(27904K)->27801K(27904K) Class: 3254K(3456K)->3254K(3456K)
[60.817s][info][gc             ] GC(1326) Pause Full (Allocation Failure) 494M->357M(494M) 46.746ms
[60.817s][info][gc,cpu         ] GC(1326) User=0.05s Sys=0.00s Real=0.04s
[60.828s][info][gc,start       ] GC(1327) Pause Full (Allocation Failure)
[60.828s][info][gc,phases,start] GC(1327) Phase 1: Mark live objects
[60.837s][info][gc,phases      ] GC(1327) Phase 1: Mark live objects 9.199ms
[60.837s][info][gc,phases,start] GC(1327) Phase 2: Compute new object addresses
[60.842s][info][gc,phases      ] GC(1327) Phase 2: Compute new object addresses 4.767ms
[60.842s][info][gc,phases,start] GC(1327) Phase 3: Adjust pointers
[60.849s][info][gc,phases      ] GC(1327) Phase 3: Adjust pointers 7.163ms
[60.849s][info][gc,phases,start] GC(1327) Phase 4: Move objects
[60.877s][info][gc,phases      ] GC(1327) Phase 4: Move objects 28.208ms
[60.877s][info][gc,heap        ] GC(1327) DefNew: 157063K(157248K)->18553K(157248K) Eden: 139776K(139776K)->18553K(139776K) From: 17287K(17472K)->0K(17472K)
[60.877s][info][gc,heap        ] GC(1327) Tenured: 349469K(349568K)->349348K(349568K)
[60.877s][info][gc,metaspace   ] GC(1327) Metaspace: 31055K(31360K)->31055K(31360K) NonClass: 27801K(27904K)->27801K(27904K) Class: 3254K(3456K)->3254K(3456K)
[60.878s][info][gc             ] GC(1327) Pause Full (Allocation Failure) 494M->359M(494M) 49.801ms
[60.878s][info][gc,cpu         ] GC(1327) User=0.05s Sys=0.00s Real=0.05s
[60.889s][info][gc,start       ] GC(1328) Pause Full (Allocation Failure)
[60.889s][info][gc,phases,start] GC(1328) Phase 1: Mark live objects
[60.900s][info][gc,phases      ] GC(1328) Phase 1: Mark live objects 10.714ms
[60.900s][info][gc,phases,start] GC(1328) Phase 2: Compute new object addresses
[60.905s][info][gc,phases      ] GC(1328) Phase 2: Compute new object addresses 4.444ms
[60.905s][info][gc,phases,start] GC(1328) Phase 3: Adjust pointers
[60.911s][info][gc,phases      ] GC(1328) Phase 3: Adjust pointers 6.183ms
[60.911s][info][gc,phases,start] GC(1328) Phase 4: Move objects
[60.928s][info][gc,phases      ] GC(1328) Phase 4: Move objects 17.643ms
[60.929s][info][gc,heap        ] GC(1328) DefNew: 157153K(157248K)->36506K(157248K) Eden: 139776K(139776K)->36506K(139776K) From: 17377K(17472K)->0K(17472K)
[60.929s][info][gc,heap        ] GC(1328) Tenured: 349348K(349568K)->349511K(349568K)
[60.929s][info][gc,metaspace   ] GC(1328) Metaspace: 31055K(31360K)->31055K(31360K) NonClass: 27801K(27904K)->27801K(27904K) Class: 3254K(3456K)->3254K(3456K)
[60.929s][info][gc             ] GC(1328) Pause Full (Allocation Failure) 494M->376M(494M) 39.581ms
[60.929s][info][gc,cpu         ] GC(1328) User=0.04s Sys=0.00s Real=0.04s
[60.939s][info][gc,start       ] GC(1329) Pause Full (Allocation Failure)
[60.939s][info][gc,phases,start] GC(1329) Phase 1: Mark live objects
[60.950s][info][gc,phases      ] GC(1329) Phase 1: Mark live objects 10.537ms
[60.950s][info][gc,phases,start] GC(1329) Phase 2: Compute new object addresses
[60.955s][info][gc,phases      ] GC(1329) Phase 2: Compute new object addresses 5.236ms
[60.955s][info][gc,phases,start] GC(1329) Phase 3: Adjust pointers
[60.962s][info][gc,phases      ] GC(1329) Phase 3: Adjust pointers 6.668ms
[60.962s][info][gc,phases,start] GC(1329) Phase 4: Move objects
[60.991s][info][gc,phases      ] GC(1329) Phase 4: Move objects 28.998ms
[60.991s][info][gc,heap        ] GC(1329) DefNew: 157130K(157248K)->32498K(157248K) Eden: 139776K(139776K)->32498K(139776K) From: 17354K(17472K)->0K(17472K)
[60.991s][info][gc,heap        ] GC(1329) Tenured: 349511K(349568K)->349510K(349568K)
[60.991s][info][gc,metaspace   ] GC(1329) Metaspace: 31055K(31360K)->31055K(31360K) NonClass: 27801K(27904K)->27801K(27904K) Class: 3254K(3456K)->3254K(3456K)
[60.991s][info][gc             ] GC(1329) Pause Full (Allocation Failure) 494M->373M(494M) 51.936ms
[60.991s][info][gc,cpu         ] GC(1329) User=0.05s Sys=0.00s Real=0.06s
[61.002s][info][gc,start       ] GC(1330) Pause Full (Allocation Failure)
[61.002s][info][gc,phases,start] GC(1330) Phase 1: Mark live objects
[61.012s][info][gc,phases      ] GC(1330) Phase 1: Mark live objects 10.158ms
[61.012s][info][gc,phases,start] GC(1330) Phase 2: Compute new object addresses
[61.017s][info][gc,phases      ] GC(1330) Phase 2: Compute new object addresses 4.763ms
[61.017s][info][gc,phases,start] GC(1330) Phase 3: Adjust pointers
[61.024s][info][gc,phases      ] GC(1330) Phase 3: Adjust pointers 7.400ms
[61.024s][info][gc,phases,start] GC(1330) Phase 4: Move objects
[61.052s][info][gc,phases      ] GC(1330) Phase 4: Move objects 28.042ms
[61.053s][info][gc,heap        ] GC(1330) DefNew: 156852K(157248K)->15959K(157248K) Eden: 139776K(139776K)->15959K(139776K) From: 17076K(17472K)->0K(17472K)
[61.053s][info][gc,heap        ] GC(1330) Tenured: 349510K(349568K)->349519K(349568K)
[61.053s][info][gc,metaspace   ] GC(1330) Metaspace: 31055K(31360K)->31055K(31360K) NonClass: 27801K(27904K)->27801K(27904K) Class: 3254K(3456K)->3254K(3456K)
[61.053s][info][gc             ] GC(1330) Pause Full (Allocation Failure) 494M->356M(494M) 50.852ms
[61.053s][info][gc,cpu         ] GC(1330) User=0.05s Sys=0.00s Real=0.06s
[61.063s][info][gc,start       ] GC(1331) Pause Full (Allocation Failure)
[61.063s][info][gc,phases,start] GC(1331) Phase 1: Mark live objects
[61.075s][info][gc,phases      ] GC(1331) Phase 1: Mark live objects 11.331ms
[61.075s][info][gc,phases,start] GC(1331) Phase 2: Compute new object addresses
[61.080s][info][gc,phases      ] GC(1331) Phase 2: Compute new object addresses 4.974ms
[61.080s][info][gc,phases,start] GC(1331) Phase 3: Adjust pointers
[61.086s][info][gc,phases      ] GC(1331) Phase 3: Adjust pointers 6.422ms
[61.086s][info][gc,phases,start] GC(1331) Phase 4: Move objects
[61.115s][info][gc,phases      ] GC(1331) Phase 4: Move objects 29.044ms
[61.115s][info][gc,heap        ] GC(1331) DefNew: 156855K(157248K)->19642K(157248K) Eden: 139776K(139776K)->19642K(139776K) From: 17079K(17472K)->0K(17472K)
[61.115s][info][gc,heap        ] GC(1331) Tenured: 349519K(349568K)->349508K(349568K)
[61.115s][info][gc,metaspace   ] GC(1331) Metaspace: 31055K(31360K)->31055K(31360K) NonClass: 27801K(27904K)->27801K(27904K) Class: 3254K(3456K)->3254K(3456K)
[61.116s][info][gc             ] GC(1331) Pause Full (Allocation Failure) 494M->360M(494M) 52.306ms
[61.116s][info][gc,cpu         ] GC(1331) User=0.05s Sys=0.00s Real=0.05s
[61.126s][info][gc,start       ] GC(1332) Pause Full (Allocation Failure)
[61.126s][info][gc,phases,start] GC(1332) Phase 1: Mark live objects
[61.136s][info][gc,phases      ] GC(1332) Phase 1: Mark live objects 9.412ms
[61.136s][info][gc,phases,start] GC(1332) Phase 2: Compute new object addresses
[61.141s][info][gc,phases      ] GC(1332) Phase 2: Compute new object addresses 4.794ms
[61.141s][info][gc,phases,start] GC(1332) Phase 3: Adjust pointers
[61.149s][info][gc,phases      ] GC(1332) Phase 3: Adjust pointers 8.168ms
[61.149s][info][gc,phases,start] GC(1332) Phase 4: Move objects
[61.166s][info][gc,phases      ] GC(1332) Phase 4: Move objects 17.320ms
[61.166s][info][gc,heap        ] GC(1332) DefNew: 156315K(157248K)->38523K(157248K) Eden: 139776K(139776K)->38523K(139776K) From: 16539K(17472K)->0K(17472K)
[61.166s][info][gc,heap        ] GC(1332) Tenured: 349508K(349568K)->349414K(349568K)
[61.167s][info][gc,metaspace   ] GC(1332) Metaspace: 31055K(31360K)->31055K(31360K) NonClass: 27801K(27904K)->27801K(27904K) Class: 3254K(3456K)->3254K(3456K)
[61.167s][info][gc             ] GC(1332) Pause Full (Allocation Failure) 493M->378M(494M) 40.226ms
[61.167s][info][gc,cpu         ] GC(1332) User=0.04s Sys=0.00s Real=0.04s
[61.176s][info][gc,start       ] GC(1333) Pause Full (Allocation Failure)
[61.176s][info][gc,phases,start] GC(1333) Phase 1: Mark live objects
[61.187s][info][gc,phases      ] GC(1333) Phase 1: Mark live objects 10.850ms
[61.187s][info][gc,phases,start] GC(1333) Phase 2: Compute new object addresses
[61.192s][info][gc,phases      ] GC(1333) Phase 2: Compute new object addresses 4.746ms
[61.192s][info][gc,phases,start] GC(1333) Phase 3: Adjust pointers
[61.198s][info][gc,phases      ] GC(1333) Phase 3: Adjust pointers 6.409ms
[61.198s][info][gc,phases,start] GC(1333) Phase 4: Move objects
[61.225s][info][gc,phases      ] GC(1333) Phase 4: Move objects 26.486ms
[61.225s][info][gc,heap        ] GC(1333) DefNew: 157082K(157248K)->38836K(157248K) Eden: 139776K(139776K)->38836K(139776K) From: 17306K(17472K)->0K(17472K)
[61.225s][info][gc,heap        ] GC(1333) Tenured: 349414K(349568K)->349513K(349568K)
[61.225s][info][gc,metaspace   ] GC(1333) Metaspace: 31055K(31360K)->31055K(31360K) NonClass: 27801K(27904K)->27801K(27904K) Class: 3254K(3456K)->3254K(3456K)
[61.225s][info][gc             ] GC(1333) Pause Full (Allocation Failure) 494M->379M(494M) 48.986ms
[61.225s][info][gc,cpu         ] GC(1333) User=0.05s Sys=0.00s Real=0.05s
[61.236s][info][gc,start       ] GC(1334) Pause Full (Allocation Failure)
[61.236s][info][gc,phases,start] GC(1334) Phase 1: Mark live objects
[61.250s][info][gc,phases      ] GC(1334) Phase 1: Mark live objects 13.876ms
[61.250s][info][gc,phases,start] GC(1334) Phase 2: Compute new object addresses
[61.254s][info][gc,phases      ] GC(1334) Phase 2: Compute new object addresses 4.757ms
[61.255s][info][gc,phases,start] GC(1334) Phase 3: Adjust pointers
[61.264s][info][gc,phases      ] GC(1334) Phase 3: Adjust pointers 9.127ms
[61.264s][info][gc,phases,start] GC(1334) Phase 4: Move objects
[61.295s][info][gc,phases      ] GC(1334) Phase 4: Move objects 30.996ms
[61.295s][info][gc,heap        ] GC(1334) DefNew: 156788K(157248K)->32494K(157248K) Eden: 139776K(139776K)->32494K(139776K) From: 17012K(17472K)->0K(17472K)
[61.295s][info][gc,heap        ] GC(1334) Tenured: 349513K(349568K)->349513K(349568K)
[61.295s][info][gc,metaspace   ] GC(1334) Metaspace: 31056K(31360K)->31056K(31360K) NonClass: 27801K(27904K)->27801K(27904K) Class: 3254K(3456K)->3254K(3456K)
[61.295s][info][gc             ] GC(1334) Pause Full (Allocation Failure) 494M->373M(494M) 59.261ms
[61.295s][info][gc,cpu         ] GC(1334) User=0.09s Sys=0.00s Real=0.06s
[61.308s][info][gc,start       ] GC(1335) Pause Full (Allocation Failure)
[61.308s][info][gc,phases,start] GC(1335) Phase 1: Mark live objects
[61.318s][info][gc,phases      ] GC(1335) Phase 1: Mark live objects 10.869ms
[61.319s][info][gc,phases,start] GC(1335) Phase 2: Compute new object addresses
[61.323s][info][gc,phases      ] GC(1335) Phase 2: Compute new object addresses 4.681ms
[61.323s][info][gc,phases,start] GC(1335) Phase 3: Adjust pointers
[61.330s][info][gc,phases      ] GC(1335) Phase 3: Adjust pointers 6.392ms
[61.330s][info][gc,phases,start] GC(1335) Phase 4: Move objects
[61.356s][info][gc,phases      ] GC(1335) Phase 4: Move objects 26.408ms
[61.356s][info][gc,heap        ] GC(1335) DefNew: 157019K(157248K)->17988K(157248K) Eden: 139776K(139776K)->17988K(139776K) From: 17243K(17472K)->0K(17472K)
[61.356s][info][gc,heap        ] GC(1335) Tenured: 349513K(349568K)->349528K(349568K)
[61.356s][info][gc,metaspace   ] GC(1335) Metaspace: 31056K(31360K)->31056K(31360K) NonClass: 27801K(27904K)->27801K(27904K) Class: 3254K(3456K)->3254K(3456K)
[61.356s][info][gc             ] GC(1335) Pause Full (Allocation Failure) 494M->358M(494M) 48.863ms
[61.356s][info][gc,cpu         ] GC(1335) User=0.05s Sys=0.00s Real=0.05s
[61.369s][info][gc,start       ] GC(1336) Pause Full (Allocation Failure)
[61.369s][info][gc,phases,start] GC(1336) Phase 1: Mark live objects
[61.378s][info][gc,phases      ] GC(1336) Phase 1: Mark live objects 8.817ms
[61.378s][info][gc,phases,start] GC(1336) Phase 2: Compute new object addresses
[61.383s][info][gc,phases      ] GC(1336) Phase 2: Compute new object addresses 4.658ms
[61.383s][info][gc,phases,start] GC(1336) Phase 3: Adjust pointers
[61.389s][info][gc,phases      ] GC(1336) Phase 3: Adjust pointers 5.784ms
[61.389s][info][gc,phases,start] GC(1336) Phase 4: Move objects
[61.392s][info][gc,phases      ] GC(1336) Phase 4: Move objects 3.110ms
[61.392s][info][gc,heap        ] GC(1336) DefNew: 157087K(157248K)->37656K(157248K) Eden: 139776K(139776K)->37656K(139776K) From: 17311K(17472K)->0K(17472K)
[61.392s][info][gc,heap        ] GC(1336) Tenured: 349528K(349568K)->349528K(349568K)
[61.392s][info][gc,metaspace   ] GC(1336) Metaspace: 31056K(31360K)->31056K(31360K) NonClass: 27801K(27904K)->27801K(27904K) Class: 3254K(3456K)->3254K(3456K)
[61.392s][info][gc             ] GC(1336) Pause Full (Allocation Failure) 494M->378M(494M) 22.722ms
[61.392s][info][gc,cpu         ] GC(1336) User=0.03s Sys=0.00s Real=0.03s
[61.403s][info][gc,start       ] GC(1337) Pause Full (Allocation Failure)
[61.403s][info][gc,phases,start] GC(1337) Phase 1: Mark live objects
[61.412s][info][gc,phases      ] GC(1337) Phase 1: Mark live objects 9.366ms
[61.412s][info][gc,phases,start] GC(1337) Phase 2: Compute new object addresses
[61.416s][info][gc,phases      ] GC(1337) Phase 2: Compute new object addresses 4.508ms
[61.417s][info][gc,phases,start] GC(1337) Phase 3: Adjust pointers
[61.422s][info][gc,phases      ] GC(1337) Phase 3: Adjust pointers 5.915ms
[61.422s][info][gc,phases,start] GC(1337) Phase 4: Move objects
[61.446s][info][gc,phases      ] GC(1337) Phase 4: Move objects 23.958ms
[61.447s][info][gc,heap        ] GC(1337) DefNew: 156722K(157248K)->35276K(157248K) Eden: 139776K(139776K)->35276K(139776K) From: 16946K(17472K)->0K(17472K)
[61.447s][info][gc,heap        ] GC(1337) Tenured: 349528K(349568K)->349325K(349568K)
[61.447s][info][gc,metaspace   ] GC(1337) Metaspace: 31056K(31360K)->31056K(31360K) NonClass: 27801K(27904K)->27801K(27904K) Class: 3254K(3456K)->3254K(3456K)
[61.447s][info][gc             ] GC(1337) Pause Full (Allocation Failure) 494M->375M(494M) 44.166ms
[61.447s][info][gc,cpu         ] GC(1337) User=0.04s Sys=0.00s Real=0.04s
[61.453s][info][gc,start       ] GC(1338) Pause Full (Allocation Failure)
[61.453s][info][gc,phases,start] GC(1338) Phase 1: Mark live objects
[61.462s][info][gc,phases      ] GC(1338) Phase 1: Mark live objects 9.146ms
[61.462s][info][gc,phases,start] GC(1338) Phase 2: Compute new object addresses
[61.467s][info][gc,phases      ] GC(1338) Phase 2: Compute new object addresses 4.186ms
[61.467s][info][gc,phases,start] GC(1338) Phase 3: Adjust pointers
[61.472s][info][gc,phases      ] GC(1338) Phase 3: Adjust pointers 5.795ms
[61.473s][info][gc,phases,start] GC(1338) Phase 4: Move objects
[61.498s][info][gc,phases      ] GC(1338) Phase 4: Move objects 25.418ms
[61.498s][info][gc,heap        ] GC(1338) DefNew: 157016K(157248K)->37314K(157248K) Eden: 139775K(139776K)->37314K(139776K) From: 17240K(17472K)->0K(17472K)
[61.498s][info][gc,heap        ] GC(1338) Tenured: 349325K(349568K)->349511K(349568K)
[61.498s][info][gc,metaspace   ] GC(1338) Metaspace: 31056K(31360K)->31056K(31360K) NonClass: 27802K(27904K)->27802K(27904K) Class: 3254K(3456K)->3254K(3456K)
[61.498s][info][gc             ] GC(1338) Pause Full (Allocation Failure) 494M->377M(494M) 45.066ms
[61.498s][info][gc,cpu         ] GC(1338) User=0.04s Sys=0.00s Real=0.04s
[61.508s][info][gc,start       ] GC(1339) Pause Full (Allocation Failure)
[61.508s][info][gc,phases,start] GC(1339) Phase 1: Mark live objects
[61.518s][info][gc,phases      ] GC(1339) Phase 1: Mark live objects 10.289ms
[61.518s][info][gc,phases,start] GC(1339) Phase 2: Compute new object addresses
[61.524s][info][gc,phases      ] GC(1339) Phase 2: Compute new object addresses 5.743ms
[61.524s][info][gc,phases,start] GC(1339) Phase 3: Adjust pointers
[61.531s][info][gc,phases      ] GC(1339) Phase 3: Adjust pointers 6.558ms
[61.531s][info][gc,phases,start] GC(1339) Phase 4: Move objects
[61.559s][info][gc,phases      ] GC(1339) Phase 4: Move objects 28.150ms
[61.559s][info][gc,heap        ] GC(1339) DefNew: 157243K(157248K)->19657K(157248K) Eden: 139776K(139776K)->19657K(139776K) From: 17467K(17472K)->0K(17472K)
[61.559s][info][gc,heap        ] GC(1339) Tenured: 349511K(349568K)->348967K(349568K)
[61.559s][info][gc,metaspace   ] GC(1339) Metaspace: 31056K(31360K)->31056K(31360K) NonClass: 27802K(27904K)->27802K(27904K) Class: 3254K(3456K)->3254K(3456K)
[61.559s][info][gc             ] GC(1339) Pause Full (Allocation Failure) 494M->359M(494M) 51.182ms
[61.559s][info][gc,cpu         ] GC(1339) User=0.05s Sys=0.00s Real=0.05s
[61.570s][info][gc,start       ] GC(1340) Pause Full (Allocation Failure)
[61.570s][info][gc,phases,start] GC(1340) Phase 1: Mark live objects
[61.579s][info][gc,phases      ] GC(1340) Phase 1: Mark live objects 9.546ms
[61.579s][info][gc,phases,start] GC(1340) Phase 2: Compute new object addresses
[61.584s][info][gc,phases      ] GC(1340) Phase 2: Compute new object addresses 4.578ms
[61.584s][info][gc,phases,start] GC(1340) Phase 3: Adjust pointers
[61.590s][info][gc,phases      ] GC(1340) Phase 3: Adjust pointers 5.949ms
[61.590s][info][gc,phases,start] GC(1340) Phase 4: Move objects
[61.609s][info][gc,phases      ] GC(1340) Phase 4: Move objects 18.548ms
[61.609s][info][gc,heap        ] GC(1340) DefNew: 157099K(157248K)->34463K(157248K) Eden: 139776K(139776K)->34463K(139776K) From: 17323K(17472K)->0K(17472K)
[61.609s][info][gc,heap        ] GC(1340) Tenured: 349479K(349568K)->349507K(349568K)
[61.609s][info][gc,metaspace   ] GC(1340) Metaspace: 31056K(31360K)->31056K(31360K) NonClass: 27802K(27904K)->27802K(27904K) Class: 3254K(3456K)->3254K(3456K)
[61.609s][info][gc             ] GC(1340) Pause Full (Allocation Failure) 494M->374M(494M) 39.072ms
[61.609s][info][gc,cpu         ] GC(1340) User=0.04s Sys=0.00s Real=0.04s
[61.616s][info][gc,start       ] GC(1341) Pause Full (Allocation Failure)
[61.616s][info][gc,phases,start] GC(1341) Phase 1: Mark live objects
[61.625s][info][gc,phases      ] GC(1341) Phase 1: Mark live objects 9.745ms
[61.626s][info][gc,phases,start] GC(1341) Phase 2: Compute new object addresses
[61.630s][info][gc,phases      ] GC(1341) Phase 2: Compute new object addresses 4.601ms
[61.630s][info][gc,phases,start] GC(1341) Phase 3: Adjust pointers
[61.636s][info][gc,phases      ] GC(1341) Phase 3: Adjust pointers 5.854ms
[61.636s][info][gc,phases,start] GC(1341) Phase 4: Move objects
[61.660s][info][gc,phases      ] GC(1341) Phase 4: Move objects 24.151ms
[61.660s][info][gc,heap        ] GC(1341) DefNew: 156993K(157248K)->38144K(157248K) Eden: 139776K(139776K)->38144K(139776K) From: 17217K(17472K)->0K(17472K)
[61.660s][info][gc,heap        ] GC(1341) Tenured: 349507K(349568K)->349509K(349568K)
[61.660s][info][gc,metaspace   ] GC(1341) Metaspace: 31056K(31360K)->31056K(31360K) NonClass: 27802K(27904K)->27802K(27904K) Class: 3254K(3456K)->3254K(3456K)
[61.661s][info][gc             ] GC(1341) Pause Full (Allocation Failure) 494M->378M(494M) 44.823ms
[61.661s][info][gc,cpu         ] GC(1341) User=0.05s Sys=0.00s Real=0.04s
[61.671s][info][gc,start       ] GC(1342) Pause Full (Allocation Failure)
[61.671s][info][gc,phases,start] GC(1342) Phase 1: Mark live objects
[61.680s][info][gc,phases      ] GC(1342) Phase 1: Mark live objects 8.872ms
[61.680s][info][gc,phases,start] GC(1342) Phase 2: Compute new object addresses
[61.684s][info][gc,phases      ] GC(1342) Phase 2: Compute new object addresses 4.203ms
[61.684s][info][gc,phases,start] GC(1342) Phase 3: Adjust pointers
[61.690s][info][gc,phases      ] GC(1342) Phase 3: Adjust pointers 5.884ms
[61.690s][info][gc,phases,start] GC(1342) Phase 4: Move objects
[61.717s][info][gc,phases      ] GC(1342) Phase 4: Move objects 26.675ms
[61.717s][info][gc,heap        ] GC(1342) DefNew: 157137K(157248K)->33429K(157248K) Eden: 139776K(139776K)->33429K(139776K) From: 17361K(17472K)->0K(17472K)
[61.717s][info][gc,heap        ] GC(1342) Tenured: 349509K(349568K)->349510K(349568K)
[61.717s][info][gc,metaspace   ] GC(1342) Metaspace: 31056K(31360K)->31056K(31360K) NonClass: 27802K(27904K)->27802K(27904K) Class: 3254K(3456K)->3254K(3456K)
[61.717s][info][gc             ] GC(1342) Pause Full (Allocation Failure) 494M->373M(494M) 46.060ms
[61.717s][info][gc,cpu         ] GC(1342) User=0.04s Sys=0.00s Real=0.04s
[61.726s][info][gc,start       ] GC(1343) Pause Full (Allocation Failure)
[61.726s][info][gc,phases,start] GC(1343) Phase 1: Mark live objects
[61.737s][info][gc,phases      ] GC(1343) Phase 1: Mark live objects 10.578ms
[61.737s][info][gc,phases,start] GC(1343) Phase 2: Compute new object addresses
[61.742s][info][gc,phases      ] GC(1343) Phase 2: Compute new object addresses 4.825ms
[61.742s][info][gc,phases,start] GC(1343) Phase 3: Adjust pointers
[61.748s][info][gc,phases      ] GC(1343) Phase 3: Adjust pointers 6.572ms
[61.748s][info][gc,phases,start] GC(1343) Phase 4: Move objects
[61.777s][info][gc,phases      ] GC(1343) Phase 4: Move objects 28.463ms
[61.777s][info][gc,heap        ] GC(1343) DefNew: 156995K(157248K)->22514K(157248K) Eden: 139776K(139776K)->22514K(139776K) From: 17219K(17472K)->0K(17472K)
[61.777s][info][gc,heap        ] GC(1343) Tenured: 349510K(349568K)->348691K(349568K)
[61.777s][info][gc,metaspace   ] GC(1343) Metaspace: 31056K(31360K)->31056K(31360K) NonClass: 27802K(27904K)->27802K(27904K) Class: 3254K(3456K)->3254K(3456K)
[61.777s][info][gc             ] GC(1343) Pause Full (Allocation Failure) 494M->362M(494M) 50.915ms
[61.777s][info][gc,cpu         ] GC(1343) User=0.05s Sys=0.00s Real=0.05s
[61.787s][info][gc,start       ] GC(1344) Pause Full (Allocation Failure)
[61.788s][info][gc,phases,start] GC(1344) Phase 1: Mark live objects
[61.797s][info][gc,phases      ] GC(1344) Phase 1: Mark live objects 9.215ms
[61.797s][info][gc,phases,start] GC(1344) Phase 2: Compute new object addresses
[61.801s][info][gc,phases      ] GC(1344) Phase 2: Compute new object addresses 4.286ms
[61.801s][info][gc,phases,start] GC(1344) Phase 3: Adjust pointers
[61.807s][info][gc,phases      ] GC(1344) Phase 3: Adjust pointers 5.872ms
[61.807s][info][gc,phases,start] GC(1344) Phase 4: Move objects
[61.823s][info][gc,phases      ] GC(1344) Phase 4: Move objects 15.963ms
[61.823s][info][gc,heap        ] GC(1344) DefNew: 156825K(157248K)->37326K(157248K) Eden: 139776K(139776K)->37326K(139776K) From: 17049K(17472K)->0K(17472K)
[61.823s][info][gc,heap        ] GC(1344) Tenured: 348691K(349568K)->349324K(349568K)
[61.823s][info][gc,metaspace   ] GC(1344) Metaspace: 31056K(31360K)->31056K(31360K) NonClass: 27802K(27904K)->27802K(27904K) Class: 3254K(3456K)->3254K(3456K)
[61.823s][info][gc             ] GC(1344) Pause Full (Allocation Failure) 493M->377M(494M) 35.802ms
[61.823s][info][gc,cpu         ] GC(1344) User=0.02s Sys=0.02s Real=0.04s
[61.834s][info][gc,start       ] GC(1345) Pause Full (Allocation Failure)
[61.835s][info][gc,phases,start] GC(1345) Phase 1: Mark live objects
[61.844s][info][gc,phases      ] GC(1345) Phase 1: Mark live objects 9.075ms
[61.844s][info][gc,phases,start] GC(1345) Phase 2: Compute new object addresses
[61.848s][info][gc,phases      ] GC(1345) Phase 2: Compute new object addresses 4.231ms
[61.848s][info][gc,phases,start] GC(1345) Phase 3: Adjust pointers
[61.854s][info][gc,phases      ] GC(1345) Phase 3: Adjust pointers 5.756ms
[61.854s][info][gc,phases,start] GC(1345) Phase 4: Move objects
[61.878s][info][gc,phases      ] GC(1345) Phase 4: Move objects 24.501ms
[61.878s][info][gc,heap        ] GC(1345) DefNew: 157216K(157248K)->35239K(157248K) Eden: 139776K(139776K)->35239K(139776K) From: 17440K(17472K)->0K(17472K)
[61.878s][info][gc,heap        ] GC(1345) Tenured: 349324K(349568K)->349509K(349568K)
[61.878s][info][gc,metaspace   ] GC(1345) Metaspace: 31056K(31360K)->31056K(31360K) NonClass: 27802K(27904K)->27802K(27904K) Class: 3254K(3456K)->3254K(3456K)
[61.878s][info][gc             ] GC(1345) Pause Full (Allocation Failure) 494M->375M(494M) 44.027ms
[61.878s][info][gc,cpu         ] GC(1345) User=0.04s Sys=0.00s Real=0.04s
[61.888s][info][gc,start       ] GC(1346) Pause Full (Allocation Failure)
[61.888s][info][gc,phases,start] GC(1346) Phase 1: Mark live objects
[61.897s][info][gc,phases      ] GC(1346) Phase 1: Mark live objects 9.319ms
[61.897s][info][gc,phases,start] GC(1346) Phase 2: Compute new object addresses
[61.902s][info][gc,phases      ] GC(1346) Phase 2: Compute new object addresses 4.420ms
[61.902s][info][gc,phases,start] GC(1346) Phase 3: Adjust pointers
[61.908s][info][gc,phases      ] GC(1346) Phase 3: Adjust pointers 5.934ms
[61.908s][info][gc,phases,start] GC(1346) Phase 4: Move objects
[61.934s][info][gc,phases      ] GC(1346) Phase 4: Move objects 26.241ms
[61.934s][info][gc,heap        ] GC(1346) DefNew: 157029K(157248K)->29150K(157248K) Eden: 139776K(139776K)->29150K(139776K) From: 17253K(17472K)->0K(17472K)
[61.934s][info][gc,heap        ] GC(1346) Tenured: 349509K(349568K)->349508K(349568K)
[61.934s][info][gc,metaspace   ] GC(1346) Metaspace: 31056K(31360K)->31056K(31360K) NonClass: 27802K(27904K)->27802K(27904K) Class: 3254K(3456K)->3254K(3456K)
[61.934s][info][gc             ] GC(1346) Pause Full (Allocation Failure) 494M->369M(494M) 46.339ms
[61.934s][info][gc,cpu         ] GC(1346) User=0.04s Sys=0.01s Real=0.05s
[61.945s][info][gc,start       ] GC(1347) Pause Full (Allocation Failure)
[61.945s][info][gc,phases,start] GC(1347) Phase 1: Mark live objects
[61.955s][info][gc,phases      ] GC(1347) Phase 1: Mark live objects 10.824ms
[61.956s][info][gc,phases,start] GC(1347) Phase 2: Compute new object addresses
[61.960s][info][gc,phases      ] GC(1347) Phase 2: Compute new object addresses 4.584ms
[61.960s][info][gc,phases,start] GC(1347) Phase 3: Adjust pointers
[61.966s][info][gc,phases      ] GC(1347) Phase 3: Adjust pointers 6.292ms
[61.967s][info][gc,phases,start] GC(1347) Phase 4: Move objects
[61.997s][info][gc,phases      ] GC(1347) Phase 4: Move objects 30.849ms
[61.998s][info][gc,heap        ] GC(1347) DefNew: 157180K(157248K)->17747K(157248K) Eden: 139776K(139776K)->17747K(139776K) From: 17404K(17472K)->0K(17472K)
[61.998s][info][gc,heap        ] GC(1347) Tenured: 349508K(349568K)->349515K(349568K)
[61.998s][info][gc,metaspace   ] GC(1347) Metaspace: 31056K(31360K)->31056K(31360K) NonClass: 27802K(27904K)->27802K(27904K) Class: 3254K(3456K)->3254K(3456K)
[61.998s][info][gc             ] GC(1347) Pause Full (Allocation Failure) 494M->358M(494M) 53.158ms
[61.998s][info][gc,cpu         ] GC(1347) User=0.05s Sys=0.00s Real=0.05s
[62.014s][info][gc,start       ] GC(1348) Pause Full (Allocation Failure)
[62.014s][info][gc,phases,start] GC(1348) Phase 1: Mark live objects
[62.025s][info][gc,phases      ] GC(1348) Phase 1: Mark live objects 10.596ms
[62.025s][info][gc,phases,start] GC(1348) Phase 2: Compute new object addresses
[62.030s][info][gc,phases      ] GC(1348) Phase 2: Compute new object addresses 5.663ms
[62.030s][info][gc,phases,start] GC(1348) Phase 3: Adjust pointers
[62.038s][info][gc,phases      ] GC(1348) Phase 3: Adjust pointers 7.549ms
[62.038s][info][gc,phases,start] GC(1348) Phase 4: Move objects
[62.062s][info][gc,phases      ] GC(1348) Phase 4: Move objects 23.814ms
[62.062s][info][gc,heap        ] GC(1348) DefNew: 157000K(157248K)->30171K(157248K) Eden: 139776K(139776K)->30171K(139776K) From: 17224K(17472K)->0K(17472K)
[62.062s][info][gc,heap        ] GC(1348) Tenured: 349515K(349568K)->349510K(349568K)
[62.062s][info][gc,metaspace   ] GC(1348) Metaspace: 31056K(31360K)->31056K(31360K) NonClass: 27802K(27904K)->27802K(27904K) Class: 3254K(3456K)->3254K(3456K)
[62.062s][info][gc             ] GC(1348) Pause Full (Allocation Failure) 494M->370M(494M) 48.162ms
[62.062s][info][gc,cpu         ] GC(1348) User=0.04s Sys=0.01s Real=0.05s
[62.068s][info][gc,start       ] GC(1349) Pause Full (Allocation Failure)
[62.069s][info][gc,phases,start] GC(1349) Phase 1: Mark live objects
[62.079s][info][gc,phases      ] GC(1349) Phase 1: Mark live objects 10.162ms
[62.079s][info][gc,phases,start] GC(1349) Phase 2: Compute new object addresses
[62.084s][info][gc,phases      ] GC(1349) Phase 2: Compute new object addresses 5.056ms
[62.084s][info][gc,phases,start] GC(1349) Phase 3: Adjust pointers
[62.091s][info][gc,phases      ] GC(1349) Phase 3: Adjust pointers 7.055ms
[62.091s][info][gc,phases,start] GC(1349) Phase 4: Move objects
[62.117s][info][gc,phases      ] GC(1349) Phase 4: Move objects 25.841ms
[62.117s][info][gc,heap        ] GC(1349) DefNew: 156998K(157248K)->29612K(157248K) Eden: 139776K(139776K)->29612K(139776K) From: 17222K(17472K)->0K(17472K)
[62.117s][info][gc,heap        ] GC(1349) Tenured: 349510K(349568K)->349330K(349568K)
[62.117s][info][gc,metaspace   ] GC(1349) Metaspace: 31056K(31360K)->31056K(31360K) NonClass: 27802K(27904K)->27802K(27904K) Class: 3254K(3456K)->3254K(3456K)
[62.117s][info][gc             ] GC(1349) Pause Full (Allocation Failure) 494M->370M(494M) 48.605ms
[62.117s][info][gc,cpu         ] GC(1349) User=0.05s Sys=0.00s Real=0.05s
[62.128s][info][gc,start       ] GC(1350) Pause Full (Allocation Failure)
[62.128s][info][gc,phases,start] GC(1350) Phase 1: Mark live objects
[62.137s][info][gc,phases      ] GC(1350) Phase 1: Mark live objects 9.459ms
[62.137s][info][gc,phases,start] GC(1350) Phase 2: Compute new object addresses
[62.144s][info][gc,phases      ] GC(1350) Phase 2: Compute new object addresses 6.083ms
[62.144s][info][gc,phases,start] GC(1350) Phase 3: Adjust pointers
[62.151s][info][gc,phases      ] GC(1350) Phase 3: Adjust pointers 6.994ms
[62.151s][info][gc,phases,start] GC(1350) Phase 4: Move objects
[62.190s][info][gc,phases      ] GC(1350) Phase 4: Move objects 38.832ms
[62.190s][info][gc,heap        ] GC(1350) DefNew: 156596K(157248K)->24780K(157248K) Eden: 139776K(139776K)->24780K(139776K) From: 16820K(17472K)->0K(17472K)
[62.190s][info][gc,heap        ] GC(1350) Tenured: 349330K(349568K)->349510K(349568K)
[62.190s][info][gc,metaspace   ] GC(1350) Metaspace: 31056K(31360K)->31056K(31360K) NonClass: 27802K(27904K)->27802K(27904K) Class: 3254K(3456K)->3254K(3456K)
[62.190s][info][gc             ] GC(1350) Pause Full (Allocation Failure) 494M->365M(494M) 62.001ms
[62.190s][info][gc,cpu         ] GC(1350) User=0.07s Sys=0.00s Real=0.06s
[62.204s][info][gc,start       ] GC(1351) Pause Full (Allocation Failure)
[62.204s][info][gc,phases,start] GC(1351) Phase 1: Mark live objects
[62.217s][info][gc,phases      ] GC(1351) Phase 1: Mark live objects 13.379ms
[62.217s][info][gc,phases,start] GC(1351) Phase 2: Compute new object addresses
[62.222s][info][gc,phases      ] GC(1351) Phase 2: Compute new object addresses 4.565ms
[62.222s][info][gc,phases,start] GC(1351) Phase 3: Adjust pointers
[62.228s][info][gc,phases      ] GC(1351) Phase 3: Adjust pointers 6.338ms
[62.228s][info][gc,phases,start] GC(1351) Phase 4: Move objects
[62.257s][info][gc,phases      ] GC(1351) Phase 4: Move objects 28.403ms
[62.257s][info][gc,heap        ] GC(1351) DefNew: 157013K(157248K)->10804K(157248K) Eden: 139776K(139776K)->10804K(139776K) From: 17237K(17472K)->0K(17472K)
[62.257s][info][gc,heap        ] GC(1351) Tenured: 349510K(349568K)->349375K(349568K)
[62.257s][info][gc,metaspace   ] GC(1351) Metaspace: 31056K(31360K)->31056K(31360K) NonClass: 27802K(27904K)->27802K(27904K) Class: 3254K(3456K)->3254K(3456K)
[62.257s][info][gc             ] GC(1351) Pause Full (Allocation Failure) 494M->351M(494M) 53.236ms
[62.257s][info][gc,cpu         ] GC(1351) User=0.05s Sys=0.00s Real=0.05s
[62.269s][info][gc,start       ] GC(1352) Pause Full (Allocation Failure)
[62.269s][info][gc,phases,start] GC(1352) Phase 1: Mark live objects
[62.278s][info][gc,phases      ] GC(1352) Phase 1: Mark live objects 9.734ms
[62.279s][info][gc,phases,start] GC(1352) Phase 2: Compute new object addresses
[62.284s][info][gc,phases      ] GC(1352) Phase 2: Compute new object addresses 5.411ms
[62.284s][info][gc,phases,start] GC(1352) Phase 3: Adjust pointers
[62.291s][info][gc,phases      ] GC(1352) Phase 3: Adjust pointers 7.020ms
[62.291s][info][gc,phases,start] GC(1352) Phase 4: Move objects
[62.294s][info][gc,phases      ] GC(1352) Phase 4: Move objects 3.375ms
[62.295s][info][gc,heap        ] GC(1352) DefNew: 157156K(157248K)->32675K(157248K) Eden: 139776K(139776K)->32675K(139776K) From: 17380K(17472K)->0K(17472K)
[62.295s][info][gc,heap        ] GC(1352) Tenured: 349375K(349568K)->349375K(349568K)
[62.295s][info][gc,metaspace   ] GC(1352) Metaspace: 31056K(31360K)->31056K(31360K) NonClass: 27802K(27904K)->27802K(27904K) Class: 3254K(3456K)->3254K(3456K)
[62.295s][info][gc             ] GC(1352) Pause Full (Allocation Failure) 494M->373M(494M) 26.040ms
[62.295s][info][gc,cpu         ] GC(1352) User=0.03s Sys=0.00s Real=0.03s
[62.302s][info][gc,start       ] GC(1353) Pause Full (Allocation Failure)
[62.302s][info][gc,phases,start] GC(1353) Phase 1: Mark live objects
[62.315s][info][gc,phases      ] GC(1353) Phase 1: Mark live objects 12.491ms
[62.315s][info][gc,phases,start] GC(1353) Phase 2: Compute new object addresses
[62.320s][info][gc,phases      ] GC(1353) Phase 2: Compute new object addresses 5.245ms
[62.320s][info][gc,phases,start] GC(1353) Phase 3: Adjust pointers
[62.327s][info][gc,phases      ] GC(1353) Phase 3: Adjust pointers 6.644ms
[62.327s][info][gc,phases,start] GC(1353) Phase 4: Move objects
[62.350s][info][gc,phases      ] GC(1353) Phase 4: Move objects 23.362ms
[62.350s][info][gc,heap        ] GC(1353) DefNew: 156887K(157248K)->34821K(157248K) Eden: 139776K(139776K)->34821K(139776K) From: 17111K(17472K)->0K(17472K)
[62.350s][info][gc,heap        ] GC(1353) Tenured: 349375K(349568K)->349473K(349568K)
[62.350s][info][gc,metaspace   ] GC(1353) Metaspace: 31056K(31360K)->31056K(31360K) NonClass: 27802K(27904K)->27802K(27904K) Class: 3254K(3456K)->3254K(3456K)
[62.350s][info][gc             ] GC(1353) Pause Full (Allocation Failure) 494M->375M(494M) 48.232ms
[62.350s][info][gc,cpu         ] GC(1353) User=0.05s Sys=0.00s Real=0.06s
[62.368s][info][gc,start       ] GC(1354) Pause Full (Allocation Failure)
[62.368s][info][gc,phases,start] GC(1354) Phase 1: Mark live objects
[62.378s][info][gc,phases      ] GC(1354) Phase 1: Mark live objects 9.204ms
[62.378s][info][gc,phases,start] GC(1354) Phase 2: Compute new object addresses
[62.382s][info][gc,phases      ] GC(1354) Phase 2: Compute new object addresses 4.248ms
[62.382s][info][gc,phases,start] GC(1354) Phase 3: Adjust pointers
[62.387s][info][gc,phases      ] GC(1354) Phase 3: Adjust pointers 5.547ms
[62.388s][info][gc,phases,start] GC(1354) Phase 4: Move objects
[62.418s][info][gc,phases      ] GC(1354) Phase 4: Move objects 30.502ms
[62.418s][info][gc,heap        ] GC(1354) DefNew: 157248K(157248K)->5671K(157248K) Eden: 139776K(139776K)->5671K(139776K) From: 17472K(17472K)->0K(17472K)
[62.418s][info][gc,heap        ] GC(1354) Tenured: 349568K(349568K)->349372K(349568K)
[62.418s][info][gc,metaspace   ] GC(1354) Metaspace: 31056K(31360K)->31056K(31360K) NonClass: 27802K(27904K)->27802K(27904K) Class: 3254K(3456K)->3254K(3456K)
[62.418s][info][gc             ] GC(1354) Pause Full (Allocation Failure) 494M->346M(494M) 50.018ms
[62.418s][info][gc,cpu         ] GC(1354) User=0.05s Sys=0.00s Real=0.05s
[62.429s][info][gc,start       ] GC(1355) Pause Full (Allocation Failure)
[62.429s][info][gc,phases,start] GC(1355) Phase 1: Mark live objects
[62.440s][info][gc,phases      ] GC(1355) Phase 1: Mark live objects 10.639ms
[62.440s][info][gc,phases,start] GC(1355) Phase 2: Compute new object addresses
[62.445s][info][gc,phases      ] GC(1355) Phase 2: Compute new object addresses 4.791ms
[62.445s][info][gc,phases,start] GC(1355) Phase 3: Adjust pointers
[62.451s][info][gc,phases      ] GC(1355) Phase 3: Adjust pointers 6.278ms
[62.451s][info][gc,phases,start] GC(1355) Phase 4: Move objects
[62.475s][info][gc,phases      ] GC(1355) Phase 4: Move objects 24.488ms
[62.476s][info][gc,heap        ] GC(1355) DefNew: 157036K(157248K)->11308K(157248K) Eden: 139776K(139776K)->11308K(139776K) From: 17260K(17472K)->0K(17472K)
[62.476s][info][gc,heap        ] GC(1355) Tenured: 349372K(349568K)->349529K(349568K)
[62.476s][info][gc,metaspace   ] GC(1355) Metaspace: 31056K(31360K)->31056K(31360K) NonClass: 27802K(27904K)->27802K(27904K) Class: 3254K(3456K)->3254K(3456K)
[62.476s][info][gc             ] GC(1355) Pause Full (Allocation Failure) 494M->352M(494M) 46.667ms
[62.476s][info][gc,cpu         ] GC(1355) User=0.05s Sys=0.00s Real=0.05s
[62.486s][info][gc,start       ] GC(1356) Pause Full (Allocation Failure)
[62.486s][info][gc,phases,start] GC(1356) Phase 1: Mark live objects
[62.497s][info][gc,phases      ] GC(1356) Phase 1: Mark live objects 10.739ms
[62.497s][info][gc,phases,start] GC(1356) Phase 2: Compute new object addresses
[62.503s][info][gc,phases      ] GC(1356) Phase 2: Compute new object addresses 5.748ms
[62.503s][info][gc,phases,start] GC(1356) Phase 3: Adjust pointers
[62.510s][info][gc,phases      ] GC(1356) Phase 3: Adjust pointers 7.322ms
[62.510s][info][gc,phases,start] GC(1356) Phase 4: Move objects
[62.514s][info][gc,phases      ] GC(1356) Phase 4: Move objects 3.630ms
[62.514s][info][gc,heap        ] GC(1356) DefNew: 156714K(157248K)->34295K(157248K) Eden: 139776K(139776K)->34295K(139776K) From: 16938K(17472K)->0K(17472K)
[62.514s][info][gc,heap        ] GC(1356) Tenured: 349529K(349568K)->349529K(349568K)
[62.514s][info][gc,metaspace   ] GC(1356) Metaspace: 31056K(31360K)->31056K(31360K) NonClass: 27802K(27904K)->27802K(27904K) Class: 3254K(3456K)->3254K(3456K)
[62.514s][info][gc             ] GC(1356) Pause Full (Allocation Failure) 494M->374M(494M) 28.006ms
[62.514s][info][gc,cpu         ] GC(1356) User=0.03s Sys=0.00s Real=0.03s
[62.525s][info][gc,start       ] GC(1357) Pause Full (Allocation Failure)
[62.525s][info][gc,phases,start] GC(1357) Phase 1: Mark live objects
[62.538s][info][gc,phases      ] GC(1357) Phase 1: Mark live objects 12.924ms
[62.538s][info][gc,phases,start] GC(1357) Phase 2: Compute new object addresses
[62.544s][info][gc,phases      ] GC(1357) Phase 2: Compute new object addresses 6.067ms
[62.545s][info][gc,phases,start] GC(1357) Phase 3: Adjust pointers
[62.553s][info][gc,phases      ] GC(1357) Phase 3: Adjust pointers 8.456ms
[62.553s][info][gc,phases,start] GC(1357) Phase 4: Move objects
[62.581s][info][gc,phases      ] GC(1357) Phase 4: Move objects 28.099ms
[62.581s][info][gc,heap        ] GC(1357) DefNew: 156561K(157248K)->32911K(157248K) Eden: 139776K(139776K)->32911K(139776K) From: 16785K(17472K)->0K(17472K)
[62.581s][info][gc,heap        ] GC(1357) Tenured: 349529K(349568K)->349509K(349568K)
[62.581s][info][gc,metaspace   ] GC(1357) Metaspace: 31056K(31360K)->31056K(31360K) NonClass: 27802K(27904K)->27802K(27904K) Class: 3254K(3456K)->3254K(3456K)
[62.581s][info][gc             ] GC(1357) Pause Full (Allocation Failure) 494M->373M(494M) 56.106ms
[62.581s][info][gc,cpu         ] GC(1357) User=0.06s Sys=0.00s Real=0.05s
[62.592s][info][gc,start       ] GC(1358) Pause Full (Allocation Failure)
[62.592s][info][gc,phases,start] GC(1358) Phase 1: Mark live objects
[62.605s][info][gc,phases      ] GC(1358) Phase 1: Mark live objects 12.457ms
[62.605s][info][gc,phases,start] GC(1358) Phase 2: Compute new object addresses
[62.611s][info][gc,phases      ] GC(1358) Phase 2: Compute new object addresses 6.439ms
[62.611s][info][gc,phases,start] GC(1358) Phase 3: Adjust pointers
[62.620s][info][gc,phases      ] GC(1358) Phase 3: Adjust pointers 8.565ms
[62.620s][info][gc,phases,start] GC(1358) Phase 4: Move objects
[62.653s][info][gc,phases      ] GC(1358) Phase 4: Move objects 33.148ms
[62.653s][info][gc,heap        ] GC(1358) DefNew: 156661K(157248K)->22993K(157248K) Eden: 139776K(139776K)->22993K(139776K) From: 16885K(17472K)->0K(17472K)
[62.653s][info][gc,heap        ] GC(1358) Tenured: 349509K(349568K)->349496K(349568K)
[62.653s][info][gc,metaspace   ] GC(1358) Metaspace: 31056K(31360K)->31056K(31360K) NonClass: 27802K(27904K)->27802K(27904K) Class: 3254K(3456K)->3254K(3456K)
[62.653s][info][gc             ] GC(1358) Pause Full (Allocation Failure) 494M->363M(494M) 61.260ms
[62.653s][info][gc,cpu         ] GC(1358) User=0.06s Sys=0.00s Real=0.06s
[62.663s][info][gc,start       ] GC(1359) Pause Full (Allocation Failure)
[62.663s][info][gc,phases,start] GC(1359) Phase 1: Mark live objects
[62.676s][info][gc,phases      ] GC(1359) Phase 1: Mark live objects 12.979ms
[62.676s][info][gc,phases,start] GC(1359) Phase 2: Compute new object addresses
[62.682s][info][gc,phases      ] GC(1359) Phase 2: Compute new object addresses 6.013ms
[62.682s][info][gc,phases,start] GC(1359) Phase 3: Adjust pointers
[62.690s][info][gc,phases      ] GC(1359) Phase 3: Adjust pointers 7.486ms
[62.690s][info][gc,phases,start] GC(1359) Phase 4: Move objects
[62.723s][info][gc,phases      ] GC(1359) Phase 4: Move objects 33.007ms
[62.723s][info][gc,heap        ] GC(1359) DefNew: 156992K(157248K)->13660K(157248K) Eden: 139776K(139776K)->13660K(139776K) From: 17216K(17472K)->0K(17472K)
[62.723s][info][gc,heap        ] GC(1359) Tenured: 349496K(349568K)->349342K(349568K)
[62.723s][info][gc,metaspace   ] GC(1359) Metaspace: 31056K(31360K)->31056K(31360K) NonClass: 27802K(27904K)->27802K(27904K) Class: 3254K(3456K)->3254K(3456K)
[62.723s][info][gc             ] GC(1359) Pause Full (Allocation Failure) 494M->354M(494M) 60.051ms
[62.723s][info][gc,cpu         ] GC(1359) User=0.06s Sys=0.00s Real=0.06s
[62.734s][info][gc,start       ] GC(1360) Pause Full (Allocation Failure)
[62.734s][info][gc,phases,start] GC(1360) Phase 1: Mark live objects
[62.747s][info][gc,phases      ] GC(1360) Phase 1: Mark live objects 13.018ms
[62.747s][info][gc,phases,start] GC(1360) Phase 2: Compute new object addresses
[62.753s][info][gc,phases      ] GC(1360) Phase 2: Compute new object addresses 6.119ms
[62.753s][info][gc,phases,start] GC(1360) Phase 3: Adjust pointers
[62.762s][info][gc,phases      ] GC(1360) Phase 3: Adjust pointers 8.438ms
[62.762s][info][gc,phases,start] GC(1360) Phase 4: Move objects
[62.782s][info][gc,phases      ] GC(1360) Phase 4: Move objects 19.652ms
[62.782s][info][gc,heap        ] GC(1360) DefNew: 156273K(157248K)->29325K(157248K) Eden: 139776K(139776K)->29325K(139776K) From: 16497K(17472K)->0K(17472K)
[62.782s][info][gc,heap        ] GC(1360) Tenured: 349342K(349568K)->349506K(349568K)
[62.782s][info][gc,metaspace   ] GC(1360) Metaspace: 31057K(31360K)->31057K(31360K) NonClass: 27802K(27904K)->27802K(27904K) Class: 3254K(3456K)->3254K(3456K)
[62.782s][info][gc             ] GC(1360) Pause Full (Allocation Failure) 493M->369M(494M) 47.859ms
[62.782s][info][gc,cpu         ] GC(1360) User=0.05s Sys=0.00s Real=0.04s
[62.793s][info][gc,start       ] GC(1361) Pause Full (Allocation Failure)
[62.793s][info][gc,phases,start] GC(1361) Phase 1: Mark live objects
[62.805s][info][gc,phases      ] GC(1361) Phase 1: Mark live objects 12.022ms
[62.805s][info][gc,phases,start] GC(1361) Phase 2: Compute new object addresses
[62.811s][info][gc,phases      ] GC(1361) Phase 2: Compute new object addresses 5.651ms
[62.811s][info][gc,phases,start] GC(1361) Phase 3: Adjust pointers
[62.818s][info][gc,phases      ] GC(1361) Phase 3: Adjust pointers 7.181ms
[62.818s][info][gc,phases,start] GC(1361) Phase 4: Move objects
[62.845s][info][gc,phases      ] GC(1361) Phase 4: Move objects 26.439ms
[62.845s][info][gc,heap        ] GC(1361) DefNew: 156994K(157248K)->28674K(157248K) Eden: 139776K(139776K)->28674K(139776K) From: 17218K(17472K)->0K(17472K)
[62.845s][info][gc,heap        ] GC(1361) Tenured: 349506K(349568K)->349470K(349568K)
[62.845s][info][gc,metaspace   ] GC(1361) Metaspace: 31057K(31360K)->31057K(31360K) NonClass: 27802K(27904K)->27802K(27904K) Class: 3254K(3456K)->3254K(3456K)
[62.845s][info][gc             ] GC(1361) Pause Full (Allocation Failure) 494M->369M(494M) 51.946ms
[62.845s][info][gc,cpu         ] GC(1361) User=0.05s Sys=0.00s Real=0.05s
[62.856s][info][gc,start       ] GC(1362) Pause Full (Allocation Failure)
[62.856s][info][gc,phases,start] GC(1362) Phase 1: Mark live objects
[62.866s][info][gc,phases      ] GC(1362) Phase 1: Mark live objects 9.782ms
[62.866s][info][gc,phases,start] GC(1362) Phase 2: Compute new object addresses
[62.870s][info][gc,phases      ] GC(1362) Phase 2: Compute new object addresses 4.478ms
[62.870s][info][gc,phases,start] GC(1362) Phase 3: Adjust pointers
[62.876s][info][gc,phases      ] GC(1362) Phase 3: Adjust pointers 6.148ms
[62.876s][info][gc,phases,start] GC(1362) Phase 4: Move objects
[62.902s][info][gc,phases      ] GC(1362) Phase 4: Move objects 25.382ms
[62.902s][info][gc,heap        ] GC(1362) DefNew: 156444K(157248K)->7232K(157248K) Eden: 139776K(139776K)->7232K(139776K) From: 16668K(17472K)->0K(17472K)
[62.902s][info][gc,heap        ] GC(1362) Tenured: 349470K(349568K)->349360K(349568K)
[62.902s][info][gc,metaspace   ] GC(1362) Metaspace: 31057K(31360K)->31057K(31360K) NonClass: 27802K(27904K)->27802K(27904K) Class: 3254K(3456K)->3254K(3456K)
[62.902s][info][gc             ] GC(1362) Pause Full (Allocation Failure) 494M->348M(494M) 46.224ms
[62.902s][info][gc,cpu         ] GC(1362) User=0.05s Sys=0.00s Real=0.04s
[62.914s][info][gc,start       ] GC(1363) Pause Full (Allocation Failure)
[62.914s][info][gc,phases,start] GC(1363) Phase 1: Mark live objects
[62.923s][info][gc,phases      ] GC(1363) Phase 1: Mark live objects 9.121ms
[62.923s][info][gc,phases,start] GC(1363) Phase 2: Compute new object addresses
[62.928s][info][gc,phases      ] GC(1363) Phase 2: Compute new object addresses 4.820ms
[62.928s][info][gc,phases,start] GC(1363) Phase 3: Adjust pointers
[62.933s][info][gc,phases      ] GC(1363) Phase 3: Adjust pointers 5.835ms
[62.934s][info][gc,phases,start] GC(1363) Phase 4: Move objects
[62.958s][info][gc,phases      ] GC(1363) Phase 4: Move objects 24.449ms
[62.958s][info][gc,heap        ] GC(1363) DefNew: 156622K(157248K)->9527K(157248K) Eden: 139776K(139776K)->9527K(139776K) From: 16846K(17472K)->0K(17472K)
[62.958s][info][gc,heap        ] GC(1363) Tenured: 349360K(349568K)->349530K(349568K)
[62.958s][info][gc,metaspace   ] GC(1363) Metaspace: 31057K(31360K)->31057K(31360K) NonClass: 27802K(27904K)->27802K(27904K) Class: 3254K(3456K)->3254K(3456K)
[62.958s][info][gc             ] GC(1363) Pause Full (Allocation Failure) 494M->350M(494M) 44.646ms
[62.958s][info][gc,cpu         ] GC(1363) User=0.05s Sys=0.00s Real=0.04s
[62.968s][info][gc,start       ] GC(1364) Pause Full (Allocation Failure)
[62.968s][info][gc,phases,start] GC(1364) Phase 1: Mark live objects
[62.978s][info][gc,phases      ] GC(1364) Phase 1: Mark live objects 9.911ms
[62.978s][info][gc,phases,start] GC(1364) Phase 2: Compute new object addresses
[62.983s][info][gc,phases      ] GC(1364) Phase 2: Compute new object addresses 4.651ms
[62.983s][info][gc,phases,start] GC(1364) Phase 3: Adjust pointers
[62.989s][info][gc,phases      ] GC(1364) Phase 3: Adjust pointers 6.243ms
[62.989s][info][gc,phases,start] GC(1364) Phase 4: Move objects
[63.007s][info][gc,phases      ] GC(1364) Phase 4: Move objects 18.048ms
[63.008s][info][gc,heap        ] GC(1364) DefNew: 157074K(157248K)->30432K(157248K) Eden: 139776K(139776K)->30432K(139776K) From: 17298K(17472K)->0K(17472K)
[63.008s][info][gc,heap        ] GC(1364) Tenured: 349530K(349568K)->349504K(349568K)
[63.008s][info][gc,metaspace   ] GC(1364) Metaspace: 31057K(31360K)->31057K(31360K) NonClass: 27802K(27904K)->27802K(27904K) Class: 3254K(3456K)->3254K(3456K)
[63.008s][info][gc             ] GC(1364) Pause Full (Allocation Failure) 494M->371M(494M) 39.351ms
[63.008s][info][gc,cpu         ] GC(1364) User=0.04s Sys=0.00s Real=0.04s
[63.018s][info][gc,start       ] GC(1365) Pause Full (Allocation Failure)
[63.018s][info][gc,phases,start] GC(1365) Phase 1: Mark live objects
[63.030s][info][gc,phases      ] GC(1365) Phase 1: Mark live objects 12.018ms
[63.030s][info][gc,phases,start] GC(1365) Phase 2: Compute new object addresses
[63.035s][info][gc,phases      ] GC(1365) Phase 2: Compute new object addresses 5.266ms
[63.036s][info][gc,phases,start] GC(1365) Phase 3: Adjust pointers
[63.043s][info][gc,phases      ] GC(1365) Phase 3: Adjust pointers 7.183ms
[63.043s][info][gc,phases,start] GC(1365) Phase 4: Move objects
[63.073s][info][gc,phases      ] GC(1365) Phase 4: Move objects 30.159ms
[63.073s][info][gc,heap        ] GC(1365) DefNew: 156829K(157248K)->30130K(157248K) Eden: 139776K(139776K)->30130K(139776K) From: 17053K(17472K)->0K(17472K)
[63.073s][info][gc,heap        ] GC(1365) Tenured: 349504K(349568K)->349326K(349568K)
[63.073s][info][gc,metaspace   ] GC(1365) Metaspace: 31057K(31360K)->31057K(31360K) NonClass: 27802K(27904K)->27802K(27904K) Class: 3254K(3456K)->3254K(3456K)
[63.073s][info][gc             ] GC(1365) Pause Full (Allocation Failure) 494M->370M(494M) 55.184ms
[63.073s][info][gc,cpu         ] GC(1365) User=0.05s Sys=0.00s Real=0.06s
[63.084s][info][gc,start       ] GC(1366) Pause Full (Allocation Failure)
[63.084s][info][gc,phases,start] GC(1366) Phase 1: Mark live objects
[63.094s][info][gc,phases      ] GC(1366) Phase 1: Mark live objects 9.819ms
[63.094s][info][gc,phases,start] GC(1366) Phase 2: Compute new object addresses
[63.098s][info][gc,phases      ] GC(1366) Phase 2: Compute new object addresses 4.205ms
[63.098s][info][gc,phases,start] GC(1366) Phase 3: Adjust pointers
[63.104s][info][gc,phases      ] GC(1366) Phase 3: Adjust pointers 5.844ms
[63.104s][info][gc,phases,start] GC(1366) Phase 4: Move objects
[63.130s][info][gc,phases      ] GC(1366) Phase 4: Move objects 26.392ms
[63.131s][info][gc,heap        ] GC(1366) DefNew: 156636K(157248K)->11834K(157248K) Eden: 139776K(139776K)->11834K(139776K) From: 16860K(17472K)->0K(17472K)
[63.131s][info][gc,heap        ] GC(1366) Tenured: 349326K(349568K)->349519K(349568K)
[63.131s][info][gc,metaspace   ] GC(1366) Metaspace: 31057K(31360K)->31057K(31360K) NonClass: 27802K(27904K)->27802K(27904K) Class: 3254K(3456K)->3254K(3456K)
[63.131s][info][gc             ] GC(1366) Pause Full (Allocation Failure) 494M->352M(494M) 46.738ms
[63.131s][info][gc,cpu         ] GC(1366) User=0.04s Sys=0.00s Real=0.05s
[63.138s][info][gc,start       ] GC(1367) Pause Full (Allocation Failure)
[63.138s][info][gc,phases,start] GC(1367) Phase 1: Mark live objects
[63.148s][info][gc,phases      ] GC(1367) Phase 1: Mark live objects 9.796ms
[63.148s][info][gc,phases,start] GC(1367) Phase 2: Compute new object addresses
[63.152s][info][gc,phases      ] GC(1367) Phase 2: Compute new object addresses 4.629ms
[63.152s][info][gc,phases,start] GC(1367) Phase 3: Adjust pointers
[63.158s][info][gc,phases      ] GC(1367) Phase 3: Adjust pointers 5.975ms
[63.158s][info][gc,phases,start] GC(1367) Phase 4: Move objects
[63.183s][info][gc,phases      ] GC(1367) Phase 4: Move objects 24.537ms
[63.183s][info][gc,heap        ] GC(1367) DefNew: 157055K(157248K)->20391K(157248K) Eden: 139776K(139776K)->20391K(139776K) From: 17279K(17472K)->0K(17472K)
[63.183s][info][gc,heap        ] GC(1367) Tenured: 349519K(349568K)->348741K(349568K)
[63.183s][info][gc,metaspace   ] GC(1367) Metaspace: 31057K(31360K)->31057K(31360K) NonClass: 27802K(27904K)->27802K(27904K) Class: 3254K(3456K)->3254K(3456K)
[63.183s][info][gc             ] GC(1367) Pause Full (Allocation Failure) 494M->360M(494M) 45.392ms
[63.183s][info][gc,cpu         ] GC(1367) User=0.04s Sys=0.00s Real=0.05s
[63.190s][info][gc,start       ] GC(1368) Pause Full (Allocation Failure)
[63.190s][info][gc,phases,start] GC(1368) Phase 1: Mark live objects
[63.201s][info][gc,phases      ] GC(1368) Phase 1: Mark live objects 10.217ms
[63.201s][info][gc,phases,start] GC(1368) Phase 2: Compute new object addresses
[63.205s][info][gc,phases      ] GC(1368) Phase 2: Compute new object addresses 4.643ms
[63.205s][info][gc,phases,start] GC(1368) Phase 3: Adjust pointers
[63.213s][info][gc,phases      ] GC(1368) Phase 3: Adjust pointers 7.142ms
[63.213s][info][gc,phases,start] GC(1368) Phase 4: Move objects
[63.217s][info][gc,phases      ] GC(1368) Phase 4: Move objects 4.076ms
[63.217s][info][gc,heap        ] GC(1368) DefNew: 157032K(157248K)->41493K(157248K) Eden: 139776K(139776K)->41493K(139776K) From: 17256K(17472K)->0K(17472K)
[63.217s][info][gc,heap        ] GC(1368) Tenured: 349253K(349568K)->349513K(349568K)
[63.217s][info][gc,metaspace   ] GC(1368) Metaspace: 31057K(31360K)->31057K(31360K) NonClass: 27802K(27904K)->27802K(27904K) Class: 3254K(3456K)->3254K(3456K)
[63.217s][info][gc             ] GC(1368) Pause Full (Allocation Failure) 494M->381M(494M) 26.573ms
[63.217s][info][gc,cpu         ] GC(1368) User=0.02s Sys=0.00s Real=0.02s
[63.226s][info][gc,start       ] GC(1369) Pause Full (Allocation Failure)
[63.226s][info][gc,phases,start] GC(1369) Phase 1: Mark live objects
[63.236s][info][gc,phases      ] GC(1369) Phase 1: Mark live objects 9.706ms
[63.236s][info][gc,phases,start] GC(1369) Phase 2: Compute new object addresses
[63.240s][info][gc,phases      ] GC(1369) Phase 2: Compute new object addresses 4.746ms
[63.240s][info][gc,phases,start] GC(1369) Phase 3: Adjust pointers
[63.249s][info][gc,phases      ] GC(1369) Phase 3: Adjust pointers 8.064ms
[63.249s][info][gc,phases,start] GC(1369) Phase 4: Move objects
[63.274s][info][gc,phases      ] GC(1369) Phase 4: Move objects 25.920ms
[63.275s][info][gc,heap        ] GC(1369) DefNew: 157247K(157248K)->39074K(157248K) Eden: 139776K(139776K)->39074K(139776K) From: 17471K(17472K)->0K(17472K)
[63.275s][info][gc,heap        ] GC(1369) Tenured: 349567K(349568K)->349509K(349568K)
[63.275s][info][gc,metaspace   ] GC(1369) Metaspace: 31057K(31360K)->31057K(31360K) NonClass: 27802K(27904K)->27802K(27904K) Class: 3254K(3456K)->3254K(3456K)
[63.275s][info][gc             ] GC(1369) Pause Full (Allocation Failure) 494M->379M(494M) 48.957ms
[63.275s][info][gc,cpu         ] GC(1369) User=0.04s Sys=0.00s Real=0.05s
[63.285s][info][gc,start       ] GC(1370) Pause Full (Allocation Failure)
[63.285s][info][gc,phases,start] GC(1370) Phase 1: Mark live objects
[63.296s][info][gc,phases      ] GC(1370) Phase 1: Mark live objects 10.792ms
[63.296s][info][gc,phases,start] GC(1370) Phase 2: Compute new object addresses
[63.301s][info][gc,phases      ] GC(1370) Phase 2: Compute new object addresses 4.974ms
[63.301s][info][gc,phases,start] GC(1370) Phase 3: Adjust pointers
[63.308s][info][gc,phases      ] GC(1370) Phase 3: Adjust pointers 6.839ms
[63.308s][info][gc,phases,start] GC(1370) Phase 4: Move objects
[63.350s][info][gc,phases      ] GC(1370) Phase 4: Move objects 41.854ms
[63.350s][info][gc,heap        ] GC(1370) DefNew: 157110K(157248K)->38178K(157248K) Eden: 139776K(139776K)->38178K(139776K) From: 17334K(17472K)->0K(17472K)
[63.350s][info][gc,heap        ] GC(1370) Tenured: 349509K(349568K)->349464K(349568K)
[63.350s][info][gc,metaspace   ] GC(1370) Metaspace: 31057K(31360K)->31057K(31360K) NonClass: 27802K(27904K)->27802K(27904K) Class: 3254K(3456K)->3254K(3456K)
[63.350s][info][gc             ] GC(1370) Pause Full (Allocation Failure) 494M->378M(494M) 64.997ms
[63.350s][info][gc,cpu         ] GC(1370) User=0.06s Sys=0.00s Real=0.07s
[63.361s][info][gc,start       ] GC(1371) Pause Full (Allocation Failure)
[63.361s][info][gc,phases,start] GC(1371) Phase 1: Mark live objects
[63.371s][info][gc,phases      ] GC(1371) Phase 1: Mark live objects 9.911ms
[63.371s][info][gc,phases,start] GC(1371) Phase 2: Compute new object addresses
[63.375s][info][gc,phases      ] GC(1371) Phase 2: Compute new object addresses 4.421ms
[63.375s][info][gc,phases,start] GC(1371) Phase 3: Adjust pointers
[63.381s][info][gc,phases      ] GC(1371) Phase 3: Adjust pointers 5.982ms
[63.381s][info][gc,phases,start] GC(1371) Phase 4: Move objects
[63.415s][info][gc,phases      ] GC(1371) Phase 4: Move objects 33.517ms
[63.415s][info][gc,heap        ] GC(1371) DefNew: 156565K(157248K)->20846K(157248K) Eden: 139776K(139776K)->20846K(139776K) From: 16789K(17472K)->0K(17472K)
[63.415s][info][gc,heap        ] GC(1371) Tenured: 349464K(349568K)->348723K(349568K)
[63.415s][info][gc,metaspace   ] GC(1371) Metaspace: 31057K(31360K)->31057K(31360K) NonClass: 27802K(27904K)->27802K(27904K) Class: 3254K(3456K)->3254K(3456K)
[63.415s][info][gc             ] GC(1371) Pause Full (Allocation Failure) 494M->360M(494M) 54.366ms
[63.415s][info][gc,cpu         ] GC(1371) User=0.05s Sys=0.00s Real=0.06s
[63.435s][info][gc,start       ] GC(1372) Pause Full (Allocation Failure)
[63.435s][info][gc,phases,start] GC(1372) Phase 1: Mark live objects
[63.445s][info][gc,phases      ] GC(1372) Phase 1: Mark live objects 10.510ms
[63.445s][info][gc,phases,start] GC(1372) Phase 2: Compute new object addresses
[63.450s][info][gc,phases      ] GC(1372) Phase 2: Compute new object addresses 5.357ms
[63.451s][info][gc,phases,start] GC(1372) Phase 3: Adjust pointers
[63.458s][info][gc,phases      ] GC(1372) Phase 3: Adjust pointers 7.140ms
[63.458s][info][gc,phases,start] GC(1372) Phase 4: Move objects
[63.487s][info][gc,phases      ] GC(1372) Phase 4: Move objects 28.894ms
[63.487s][info][gc,heap        ] GC(1372) DefNew: 157169K(157248K)->38417K(157248K) Eden: 139776K(139776K)->38417K(139776K) From: 17393K(17472K)->0K(17472K)
[63.487s][info][gc,heap        ] GC(1372) Tenured: 349492K(349568K)->349499K(349568K)
[63.487s][info][gc,metaspace   ] GC(1372) Metaspace: 31057K(31360K)->31057K(31360K) NonClass: 27802K(27904K)->27802K(27904K) Class: 3254K(3456K)->3254K(3456K)
[63.487s][info][gc             ] GC(1372) Pause Full (Allocation Failure) 494M->378M(494M) 52.440ms
[63.487s][info][gc,cpu         ] GC(1372) User=0.05s Sys=0.00s Real=0.05s
[63.498s][info][gc,start       ] GC(1373) Pause Full (Allocation Failure)
[63.498s][info][gc,phases,start] GC(1373) Phase 1: Mark live objects
[63.509s][info][gc,phases      ] GC(1373) Phase 1: Mark live objects 11.584ms
[63.509s][info][gc,phases,start] GC(1373) Phase 2: Compute new object addresses
[63.514s][info][gc,phases      ] GC(1373) Phase 2: Compute new object addresses 4.991ms
[63.514s][info][gc,phases,start] GC(1373) Phase 3: Adjust pointers
[63.522s][info][gc,phases      ] GC(1373) Phase 3: Adjust pointers 7.497ms
[63.522s][info][gc,phases,start] GC(1373) Phase 4: Move objects
[63.556s][info][gc,phases      ] GC(1373) Phase 4: Move objects 34.069ms
[63.556s][info][gc,heap        ] GC(1373) DefNew: 156904K(157248K)->34718K(157248K) Eden: 139776K(139776K)->34718K(139776K) From: 17128K(17472K)->0K(17472K)
[63.556s][info][gc,heap        ] GC(1373) Tenured: 349499K(349568K)->349504K(349568K)
[63.556s][info][gc,metaspace   ] GC(1373) Metaspace: 31057K(31360K)->31057K(31360K) NonClass: 27802K(27904K)->27802K(27904K) Class: 3254K(3456K)->3254K(3456K)
[63.556s][info][gc             ] GC(1373) Pause Full (Allocation Failure) 494M->375M(494M) 58.733ms
[63.556s][info][gc,cpu         ] GC(1373) User=0.06s Sys=0.00s Real=0.06s
[63.567s][info][gc,start       ] GC(1374) Pause Full (Allocation Failure)
[63.567s][info][gc,phases,start] GC(1374) Phase 1: Mark live objects
[63.577s][info][gc,phases      ] GC(1374) Phase 1: Mark live objects 10.385ms
[63.577s][info][gc,phases,start] GC(1374) Phase 2: Compute new object addresses
[63.583s][info][gc,phases      ] GC(1374) Phase 2: Compute new object addresses 5.367ms
[63.583s][info][gc,phases,start] GC(1374) Phase 3: Adjust pointers
[63.590s][info][gc,phases      ] GC(1374) Phase 3: Adjust pointers 7.366ms
[63.590s][info][gc,phases,start] GC(1374) Phase 4: Move objects
[63.620s][info][gc,phases      ] GC(1374) Phase 4: Move objects 29.762ms
[63.620s][info][gc,heap        ] GC(1374) DefNew: 156790K(157248K)->33800K(157248K) Eden: 139776K(139776K)->33800K(139776K) From: 17014K(17472K)->0K(17472K)
[63.620s][info][gc,heap        ] GC(1374) Tenured: 349504K(349568K)->349495K(349568K)
[63.620s][info][gc,metaspace   ] GC(1374) Metaspace: 31057K(31360K)->31057K(31360K) NonClass: 27802K(27904K)->27802K(27904K) Class: 3254K(3456K)->3254K(3456K)
[63.620s][info][gc             ] GC(1374) Pause Full (Allocation Failure) 494M->374M(494M) 53.346ms
[63.620s][info][gc,cpu         ] GC(1374) User=0.06s Sys=0.00s Real=0.05s
[63.631s][info][gc,start       ] GC(1375) Pause Full (Allocation Failure)
[63.631s][info][gc,phases,start] GC(1375) Phase 1: Mark live objects
[63.641s][info][gc,phases      ] GC(1375) Phase 1: Mark live objects 9.715ms
[63.641s][info][gc,phases,start] GC(1375) Phase 2: Compute new object addresses
[63.645s][info][gc,phases      ] GC(1375) Phase 2: Compute new object addresses 4.231ms
[63.645s][info][gc,phases,start] GC(1375) Phase 3: Adjust pointers
[63.651s][info][gc,phases      ] GC(1375) Phase 3: Adjust pointers 5.827ms
[63.651s][info][gc,phases,start] GC(1375) Phase 4: Move objects
[63.677s][info][gc,phases      ] GC(1375) Phase 4: Move objects 25.746ms
[63.677s][info][gc,heap        ] GC(1375) DefNew: 156921K(157248K)->13650K(157248K) Eden: 139776K(139776K)->13650K(139776K) From: 17145K(17472K)->0K(17472K)
[63.677s][info][gc,heap        ] GC(1375) Tenured: 349495K(349568K)->349517K(349568K)
[63.677s][info][gc,metaspace   ] GC(1375) Metaspace: 31057K(31360K)->31057K(31360K) NonClass: 27802K(27904K)->27802K(27904K) Class: 3254K(3456K)->3254K(3456K)
[63.677s][info][gc             ] GC(1375) Pause Full (Allocation Failure) 494M->354M(494M) 45.948ms
[63.677s][info][gc,cpu         ] GC(1375) User=0.04s Sys=0.00s Real=0.04s
[63.687s][info][gc,start       ] GC(1376) Pause Full (Allocation Failure)
[63.687s][info][gc,phases,start] GC(1376) Phase 1: Mark live objects
[63.698s][info][gc,phases      ] GC(1376) Phase 1: Mark live objects 10.660ms
[63.698s][info][gc,phases,start] GC(1376) Phase 2: Compute new object addresses
[63.704s][info][gc,phases      ] GC(1376) Phase 2: Compute new object addresses 5.344ms
[63.704s][info][gc,phases,start] GC(1376) Phase 3: Adjust pointers
[63.710s][info][gc,phases      ] GC(1376) Phase 3: Adjust pointers 6.909ms
[63.711s][info][gc,phases,start] GC(1376) Phase 4: Move objects
[63.727s][info][gc,phases      ] GC(1376) Phase 4: Move objects 16.422ms
[63.727s][info][gc,heap        ] GC(1376) DefNew: 156293K(157248K)->33310K(157248K) Eden: 139776K(139776K)->33310K(139776K) From: 16517K(17472K)->0K(17472K)
[63.727s][info][gc,heap        ] GC(1376) Tenured: 349517K(349568K)->349462K(349568K)
[63.727s][info][gc,metaspace   ] GC(1376) Metaspace: 31057K(31360K)->31057K(31360K) NonClass: 27802K(27904K)->27802K(27904K) Class: 3254K(3456K)->3254K(3456K)
[63.727s][info][gc             ] GC(1376) Pause Full (Allocation Failure) 493M->373M(494M) 39.818ms
[63.727s][info][gc,cpu         ] GC(1376) User=0.04s Sys=0.00s Real=0.04s
[63.736s][info][gc,start       ] GC(1377) Pause Full (Allocation Failure)
[63.736s][info][gc,phases,start] GC(1377) Phase 1: Mark live objects
[63.746s][info][gc,phases      ] GC(1377) Phase 1: Mark live objects 9.866ms
[63.746s][info][gc,phases,start] GC(1377) Phase 2: Compute new object addresses
[63.750s][info][gc,phases      ] GC(1377) Phase 2: Compute new object addresses 4.504ms
[63.750s][info][gc,phases,start] GC(1377) Phase 3: Adjust pointers
[63.757s][info][gc,phases      ] GC(1377) Phase 3: Adjust pointers 6.339ms
[63.757s][info][gc,phases,start] GC(1377) Phase 4: Move objects
[63.781s][info][gc,phases      ] GC(1377) Phase 4: Move objects 24.423ms
[63.781s][info][gc,heap        ] GC(1377) DefNew: 157170K(157248K)->34996K(157248K) Eden: 139776K(139776K)->34996K(139776K) From: 17394K(17472K)->0K(17472K)
[63.781s][info][gc,heap        ] GC(1377) Tenured: 349462K(349568K)->349325K(349568K)
[63.781s][info][gc,metaspace   ] GC(1377) Metaspace: 31057K(31360K)->31057K(31360K) NonClass: 27802K(27904K)->27802K(27904K) Class: 3254K(3456K)->3254K(3456K)
[63.781s][info][gc             ] GC(1377) Pause Full (Allocation Failure) 494M->375M(494M) 45.590ms
[63.781s][info][gc,cpu         ] GC(1377) User=0.04s Sys=0.00s Real=0.04s
[63.788s][info][gc,start       ] GC(1378) Pause Full (Allocation Failure)
[63.788s][info][gc,phases,start] GC(1378) Phase 1: Mark live objects
[63.800s][info][gc,phases      ] GC(1378) Phase 1: Mark live objects 11.648ms
[63.800s][info][gc,phases,start] GC(1378) Phase 2: Compute new object addresses
[63.804s][info][gc,phases      ] GC(1378) Phase 2: Compute new object addresses 4.765ms
[63.804s][info][gc,phases,start] GC(1378) Phase 3: Adjust pointers
[63.810s][info][gc,phases      ] GC(1378) Phase 3: Adjust pointers 6.022ms
[63.811s][info][gc,phases,start] GC(1378) Phase 4: Move objects
[63.834s][info][gc,phases      ] GC(1378) Phase 4: Move objects 23.839ms
[63.835s][info][gc,heap        ] GC(1378) DefNew: 157062K(157248K)->34451K(157248K) Eden: 139776K(139776K)->34451K(139776K) From: 17286K(17472K)->0K(17472K)
[63.835s][info][gc,heap        ] GC(1378) Tenured: 349325K(349568K)->349505K(349568K)
[63.835s][info][gc,metaspace   ] GC(1378) Metaspace: 31057K(31360K)->31057K(31360K) NonClass: 27802K(27904K)->27802K(27904K) Class: 3254K(3456K)->3254K(3456K)
[63.835s][info][gc             ] GC(1378) Pause Full (Allocation Failure) 494M->374M(494M) 46.686ms
[63.835s][info][gc,cpu         ] GC(1378) User=0.05s Sys=0.00s Real=0.05s
[63.843s][info][gc,start       ] GC(1379) Pause Full (Allocation Failure)
[63.843s][info][gc,phases,start] GC(1379) Phase 1: Mark live objects
[63.852s][info][gc,phases      ] GC(1379) Phase 1: Mark live objects 9.703ms
[63.852s][info][gc,phases,start] GC(1379) Phase 2: Compute new object addresses
[63.857s][info][gc,phases      ] GC(1379) Phase 2: Compute new object addresses 4.578ms
[63.857s][info][gc,phases,start] GC(1379) Phase 3: Adjust pointers
[63.863s][info][gc,phases      ] GC(1379) Phase 3: Adjust pointers 6.095ms
[63.863s][info][gc,phases,start] GC(1379) Phase 4: Move objects
[63.889s][info][gc,phases      ] GC(1379) Phase 4: Move objects 26.090ms
[63.889s][info][gc,heap        ] GC(1379) DefNew: 157238K(157248K)->15723K(157248K) Eden: 139776K(139776K)->15723K(139776K) From: 17462K(17472K)->0K(17472K)
[63.889s][info][gc,heap        ] GC(1379) Tenured: 349505K(349568K)->349567K(349568K)
[63.889s][info][gc,metaspace   ] GC(1379) Metaspace: 31057K(31360K)->31057K(31360K) NonClass: 27802K(27904K)->27802K(27904K) Class: 3254K(3456K)->3254K(3456K)
[63.889s][info][gc             ] GC(1379) Pause Full (Allocation Failure) 494M->356M(494M) 46.873ms
[63.889s][info][gc,cpu         ] GC(1379) User=0.04s Sys=0.00s Real=0.04s
[63.900s][info][gc,start       ] GC(1380) Pause Full (Allocation Failure)
[63.901s][info][gc,phases,start] GC(1380) Phase 1: Mark live objects
[63.910s][info][gc,phases      ] GC(1380) Phase 1: Mark live objects 9.288ms
[63.910s][info][gc,phases,start] GC(1380) Phase 2: Compute new object addresses
[63.914s][info][gc,phases      ] GC(1380) Phase 2: Compute new object addresses 4.516ms
[63.914s][info][gc,phases,start] GC(1380) Phase 3: Adjust pointers
[63.920s][info][gc,phases      ] GC(1380) Phase 3: Adjust pointers 6.105ms
[63.921s][info][gc,phases,start] GC(1380) Phase 4: Move objects
[63.940s][info][gc,phases      ] GC(1380) Phase 4: Move objects 19.031ms
[63.940s][info][gc,heap        ] GC(1380) DefNew: 156315K(157248K)->27535K(157248K) Eden: 139776K(139776K)->27535K(139776K) From: 16539K(17472K)->0K(17472K)
[63.940s][info][gc,heap        ] GC(1380) Tenured: 349567K(349568K)->349502K(349568K)
[63.940s][info][gc,metaspace   ] GC(1380) Metaspace: 31057K(31360K)->31057K(31360K) NonClass: 27802K(27904K)->27802K(27904K) Class: 3254K(3456K)->3254K(3456K)
[63.940s][info][gc             ] GC(1380) Pause Full (Allocation Failure) 494M->368M(494M) 39.370ms
[63.940s][info][gc,cpu         ] GC(1380) User=0.04s Sys=0.00s Real=0.04s
[63.952s][info][gc,start       ] GC(1381) Pause Full (Allocation Failure)
[63.952s][info][gc,phases,start] GC(1381) Phase 1: Mark live objects
[63.962s][info][gc,phases      ] GC(1381) Phase 1: Mark live objects 9.308ms
[63.962s][info][gc,phases,start] GC(1381) Phase 2: Compute new object addresses
[63.966s][info][gc,phases      ] GC(1381) Phase 2: Compute new object addresses 4.455ms
[63.966s][info][gc,phases,start] GC(1381) Phase 3: Adjust pointers
[63.972s][info][gc,phases      ] GC(1381) Phase 3: Adjust pointers 5.801ms
[63.972s][info][gc,phases,start] GC(1381) Phase 4: Move objects
[63.996s][info][gc,phases      ] GC(1381) Phase 4: Move objects 23.993ms
[63.996s][info][gc,heap        ] GC(1381) DefNew: 157008K(157248K)->28248K(157248K) Eden: 139776K(139776K)->28248K(139776K) From: 17232K(17472K)->0K(17472K)
[63.996s][info][gc,heap        ] GC(1381) Tenured: 349502K(349568K)->349507K(349568K)
[63.996s][info][gc,metaspace   ] GC(1381) Metaspace: 31057K(31360K)->31057K(31360K) NonClass: 27802K(27904K)->27802K(27904K) Class: 3254K(3456K)->3254K(3456K)
[63.996s][info][gc             ] GC(1381) Pause Full (Allocation Failure) 494M->368M(494M) 43.970ms
[63.996s][info][gc,cpu         ] GC(1381) User=0.05s Sys=0.00s Real=0.04s
[64.004s][info][gc,start       ] GC(1382) Pause Full (Allocation Failure)
[64.004s][info][gc,phases,start] GC(1382) Phase 1: Mark live objects
[64.015s][info][gc,phases      ] GC(1382) Phase 1: Mark live objects 11.374ms
[64.015s][info][gc,phases,start] GC(1382) Phase 2: Compute new object addresses
[64.022s][info][gc,phases      ] GC(1382) Phase 2: Compute new object addresses 6.414ms
[64.022s][info][gc,phases,start] GC(1382) Phase 3: Adjust pointers
[64.030s][info][gc,phases      ] GC(1382) Phase 3: Adjust pointers 7.802ms
[64.030s][info][gc,phases,start] GC(1382) Phase 4: Move objects
[64.054s][info][gc,phases      ] GC(1382) Phase 4: Move objects 24.109ms
[64.054s][info][gc,heap        ] GC(1382) DefNew: 157029K(157248K)->30952K(157248K) Eden: 139776K(139776K)->30952K(139776K) From: 17253K(17472K)->0K(17472K)
[64.054s][info][gc,heap        ] GC(1382) Tenured: 349507K(349568K)->349502K(349568K)
[64.054s][info][gc,metaspace   ] GC(1382) Metaspace: 31057K(31360K)->31057K(31360K) NonClass: 27802K(27904K)->27802K(27904K) Class: 3254K(3456K)->3254K(3456K)
[64.054s][info][gc             ] GC(1382) Pause Full (Allocation Failure) 494M->371M(494M) 50.245ms
[64.054s][info][gc,cpu         ] GC(1382) User=0.05s Sys=0.00s Real=0.05s
[64.065s][info][gc,start       ] GC(1383) Pause Full (Allocation Failure)
[64.065s][info][gc,phases,start] GC(1383) Phase 1: Mark live objects
[64.076s][info][gc,phases      ] GC(1383) Phase 1: Mark live objects 10.467ms
[64.076s][info][gc,phases,start] GC(1383) Phase 2: Compute new object addresses
[64.081s][info][gc,phases      ] GC(1383) Phase 2: Compute new object addresses 4.780ms
[64.081s][info][gc,phases,start] GC(1383) Phase 3: Adjust pointers
[64.087s][info][gc,phases      ] GC(1383) Phase 3: Adjust pointers 6.518ms
[64.087s][info][gc,phases,start] GC(1383) Phase 4: Move objects
[64.115s][info][gc,phases      ] GC(1383) Phase 4: Move objects 27.570ms
[64.115s][info][gc,heap        ] GC(1383) DefNew: 157122K(157248K)->10548K(157248K) Eden: 139776K(139776K)->10548K(139776K) From: 17346K(17472K)->0K(17472K)
[64.115s][info][gc,heap        ] GC(1383) Tenured: 349502K(349568K)->349375K(349568K)
[64.115s][info][gc,metaspace   ] GC(1383) Metaspace: 31057K(31360K)->31057K(31360K) NonClass: 27802K(27904K)->27802K(27904K) Class: 3254K(3456K)->3254K(3456K)
[64.115s][info][gc             ] GC(1383) Pause Full (Allocation Failure) 494M->351M(494M) 49.784ms
[64.115s][info][gc,cpu         ] GC(1383) User=0.05s Sys=0.00s Real=0.05s
[64.125s][info][gc,start       ] GC(1384) Pause Full (Allocation Failure)
[64.125s][info][gc,phases,start] GC(1384) Phase 1: Mark live objects
[64.134s][info][gc,phases      ] GC(1384) Phase 1: Mark live objects 9.510ms
[64.134s][info][gc,phases,start] GC(1384) Phase 2: Compute new object addresses
[64.139s][info][gc,phases      ] GC(1384) Phase 2: Compute new object addresses 4.676ms
[64.139s][info][gc,phases,start] GC(1384) Phase 3: Adjust pointers
[64.146s][info][gc,phases      ] GC(1384) Phase 3: Adjust pointers 6.711ms
[64.146s][info][gc,phases,start] GC(1384) Phase 4: Move objects
[64.163s][info][gc,phases      ] GC(1384) Phase 4: Move objects 16.810ms
[64.163s][info][gc,heap        ] GC(1384) DefNew: 157011K(157248K)->28808K(157248K) Eden: 139776K(139776K)->28808K(139776K) From: 17235K(17472K)->0K(17472K)
[64.163s][info][gc,heap        ] GC(1384) Tenured: 349375K(349568K)->349498K(349568K)
[64.163s][info][gc,metaspace   ] GC(1384) Metaspace: 31057K(31360K)->31057K(31360K) NonClass: 27802K(27904K)->27802K(27904K) Class: 3254K(3456K)->3254K(3456K)
[64.163s][info][gc             ] GC(1384) Pause Full (Allocation Failure) 494M->369M(494M) 38.191ms
[64.163s][info][gc,cpu         ] GC(1384) User=0.04s Sys=0.00s Real=0.04s
[64.179s][info][gc,start       ] GC(1385) Pause Full (Allocation Failure)
[64.179s][info][gc,phases,start] GC(1385) Phase 1: Mark live objects
[64.188s][info][gc,phases      ] GC(1385) Phase 1: Mark live objects 9.253ms
[64.188s][info][gc,phases,start] GC(1385) Phase 2: Compute new object addresses
[64.193s][info][gc,phases      ] GC(1385) Phase 2: Compute new object addresses 4.775ms
[64.193s][info][gc,phases,start] GC(1385) Phase 3: Adjust pointers
[64.200s][info][gc,phases      ] GC(1385) Phase 3: Adjust pointers 6.567ms
[64.200s][info][gc,phases,start] GC(1385) Phase 4: Move objects
[64.225s][info][gc,phases      ] GC(1385) Phase 4: Move objects 24.677ms
[64.225s][info][gc,heap        ] GC(1385) DefNew: 157007K(157248K)->22501K(157248K) Eden: 139775K(139776K)->22501K(139776K) From: 17231K(17472K)->0K(17472K)
[64.225s][info][gc,heap        ] GC(1385) Tenured: 349498K(349568K)->349470K(349568K)
[64.225s][info][gc,metaspace   ] GC(1385) Metaspace: 31057K(31360K)->31057K(31360K) NonClass: 27802K(27904K)->27802K(27904K) Class: 3254K(3456K)->3254K(3456K)
[64.225s][info][gc             ] GC(1385) Pause Full (Allocation Failure) 494M->363M(494M) 45.721ms
[64.225s][info][gc,cpu         ] GC(1385) User=0.04s Sys=0.00s Real=0.05s
[64.236s][info][gc,start       ] GC(1386) Pause Full (Allocation Failure)
[64.236s][info][gc,phases,start] GC(1386) Phase 1: Mark live objects
[64.246s][info][gc,phases      ] GC(1386) Phase 1: Mark live objects 10.609ms
[64.246s][info][gc,phases,start] GC(1386) Phase 2: Compute new object addresses
[64.252s][info][gc,phases      ] GC(1386) Phase 2: Compute new object addresses 5.227ms
[64.252s][info][gc,phases,start] GC(1386) Phase 3: Adjust pointers
[64.259s][info][gc,phases      ] GC(1386) Phase 3: Adjust pointers 7.261ms
[64.259s][info][gc,phases,start] GC(1386) Phase 4: Move objects
[64.286s][info][gc,phases      ] GC(1386) Phase 4: Move objects 26.697ms
[64.286s][info][gc,heap        ] GC(1386) DefNew: 157003K(157248K)->0K(157248K) Eden: 139776K(139776K)->0K(139776K) From: 17227K(17472K)->0K(17472K)
[64.286s][info][gc,heap        ] GC(1386) Tenured: 349470K(349568K)->349401K(349568K)
[64.286s][info][gc,metaspace   ] GC(1386) Metaspace: 31062K(31360K)->31062K(31360K) NonClass: 27808K(27904K)->27808K(27904K) Class: 3254K(3456K)->3254K(3456K)
[64.286s][info][gc             ] GC(1386) Pause Full (Allocation Failure) 494M->341M(494M) 50.307ms
[64.286s][info][gc,cpu         ] GC(1386) User=0.05s Sys=0.01s Real=0.05s
[64.293s][info][gc,start       ] GC(1387) Pause Young (Allocation Failure)
[64.293s][info][gc             ] GC(1387) Pause Young (Allocation Failure) 477M->477M(494M) 0.194ms
[64.294s][info][gc,cpu         ] GC(1387) User=0.00s Sys=0.00s Real=0.00s
[64.294s][info][gc,start       ] GC(1388) Pause Full (Allocation Failure)
[64.294s][info][gc,phases,start] GC(1388) Phase 1: Mark live objects
[64.304s][info][gc,phases      ] GC(1388) Phase 1: Mark live objects 10.440ms
[64.304s][info][gc,phases,start] GC(1388) Phase 2: Compute new object addresses
[64.309s][info][gc,phases      ] GC(1388) Phase 2: Compute new object addresses 5.290ms
[64.309s][info][gc,phases,start] GC(1388) Phase 3: Adjust pointers
[64.317s][info][gc,phases      ] GC(1388) Phase 3: Adjust pointers 7.294ms
[64.317s][info][gc,phases,start] GC(1388) Phase 4: Move objects
[64.341s][info][gc,phases      ] GC(1388) Phase 4: Move objects 24.044ms
[64.341s][info][gc,heap        ] GC(1388) DefNew: 139776K(157248K)->5992K(157248K) Eden: 139776K(139776K)->5992K(139776K) From: 0K(17472K)->0K(17472K)
[64.341s][info][gc,heap        ] GC(1388) Tenured: 349401K(349568K)->349526K(349568K)
[64.341s][info][gc,metaspace   ] GC(1388) Metaspace: 31062K(31360K)->31062K(31360K) NonClass: 27808K(27904K)->27808K(27904K) Class: 3254K(3456K)->3254K(3456K)
[64.341s][info][gc             ] GC(1388) Pause Full (Allocation Failure) 477M->347M(494M) 47.557ms
[64.341s][info][gc,cpu         ] GC(1388) User=0.06s Sys=0.00s Real=0.04s
[64.352s][info][gc,start       ] GC(1389) Pause Full (Allocation Failure)
[64.353s][info][gc,phases,start] GC(1389) Phase 1: Mark live objects
[64.362s][info][gc,phases      ] GC(1389) Phase 1: Mark live objects 9.886ms
[64.362s][info][gc,phases,start] GC(1389) Phase 2: Compute new object addresses
[64.368s][info][gc,phases      ] GC(1389) Phase 2: Compute new object addresses 5.046ms
[64.368s][info][gc,phases,start] GC(1389) Phase 3: Adjust pointers
[64.374s][info][gc,phases      ] GC(1389) Phase 3: Adjust pointers 6.720ms
[64.374s][info][gc,phases,start] GC(1389) Phase 4: Move objects
[64.392s][info][gc,phases      ] GC(1389) Phase 4: Move objects 17.398ms
[64.392s][info][gc,heap        ] GC(1389) DefNew: 157248K(157248K)->22900K(157248K) Eden: 139776K(139776K)->22900K(139776K) From: 17472K(17472K)->0K(17472K)
[64.392s][info][gc,heap        ] GC(1389) Tenured: 349538K(349568K)->349352K(349568K)
[64.392s][info][gc,metaspace   ] GC(1389) Metaspace: 31062K(31360K)->31062K(31360K) NonClass: 27808K(27904K)->27808K(27904K) Class: 3254K(3456K)->3254K(3456K)
[64.392s][info][gc             ] GC(1389) Pause Full (Allocation Failure) 494M->363M(494M) 39.488ms
[64.392s][info][gc,cpu         ] GC(1389) User=0.04s Sys=0.00s Real=0.04s
[64.403s][info][gc,start       ] GC(1390) Pause Full (Allocation Failure)
[64.403s][info][gc,phases,start] GC(1390) Phase 1: Mark live objects
[64.413s][info][gc,phases      ] GC(1390) Phase 1: Mark live objects 9.840ms
[64.413s][info][gc,phases,start] GC(1390) Phase 2: Compute new object addresses
[64.418s][info][gc,phases      ] GC(1390) Phase 2: Compute new object addresses 5.366ms
[64.418s][info][gc,phases,start] GC(1390) Phase 3: Adjust pointers
[64.425s][info][gc,phases      ] GC(1390) Phase 3: Adjust pointers 7.009ms
[64.425s][info][gc,phases,start] GC(1390) Phase 4: Move objects
[64.452s][info][gc,phases      ] GC(1390) Phase 4: Move objects 26.580ms
[64.452s][info][gc,heap        ] GC(1390) DefNew: 157248K(157248K)->22728K(157248K) Eden: 139776K(139776K)->22728K(139776K) From: 17472K(17472K)->0K(17472K)
[64.452s][info][gc,heap        ] GC(1390) Tenured: 349357K(349568K)->348723K(349568K)
[64.452s][info][gc,metaspace   ] GC(1390) Metaspace: 31062K(31360K)->31062K(31360K) NonClass: 27808K(27904K)->27808K(27904K) Class: 3254K(3456K)->3254K(3456K)
[64.452s][info][gc             ] GC(1390) Pause Full (Allocation Failure) 494M->362M(494M) 49.330ms
[64.452s][info][gc,cpu         ] GC(1390) User=0.04s Sys=0.00s Real=0.05s
[64.468s][info][gc,start       ] GC(1391) Pause Full (Allocation Failure)
[64.468s][info][gc,phases,start] GC(1391) Phase 1: Mark live objects
[64.479s][info][gc,phases      ] GC(1391) Phase 1: Mark live objects 11.003ms
[64.479s][info][gc,phases,start] GC(1391) Phase 2: Compute new object addresses
[64.484s][info][gc,phases      ] GC(1391) Phase 2: Compute new object addresses 5.331ms
[64.484s][info][gc,phases,start] GC(1391) Phase 3: Adjust pointers
[64.491s][info][gc,phases      ] GC(1391) Phase 3: Adjust pointers 7.223ms
[64.491s][info][gc,phases,start] GC(1391) Phase 4: Move objects
[64.518s][info][gc,phases      ] GC(1391) Phase 4: Move objects 26.443ms
[64.518s][info][gc,heap        ] GC(1391) DefNew: 157138K(157248K)->1049K(157248K) Eden: 139776K(139776K)->1049K(139776K) From: 17362K(17472K)->0K(17472K)
[64.518s][info][gc,heap        ] GC(1391) Tenured: 349492K(349568K)->349112K(349568K)
[64.518s][info][gc,metaspace   ] GC(1391) Metaspace: 31062K(31360K)->31062K(31360K) NonClass: 27808K(27904K)->27808K(27904K) Class: 3254K(3456K)->3254K(3456K)
[64.518s][info][gc             ] GC(1391) Pause Full (Allocation Failure) 494M->341M(494M) 50.513ms
[64.518s][info][gc,cpu         ] GC(1391) User=0.05s Sys=0.00s Real=0.05s
[64.529s][info][gc,start       ] GC(1392) Pause Full (Allocation Failure)
[64.529s][info][gc,phases,start] GC(1392) Phase 1: Mark live objects
[64.540s][info][gc,phases      ] GC(1392) Phase 1: Mark live objects 11.458ms
[64.541s][info][gc,phases,start] GC(1392) Phase 2: Compute new object addresses
[64.548s][info][gc,phases      ] GC(1392) Phase 2: Compute new object addresses 7.198ms
[64.548s][info][gc,phases,start] GC(1392) Phase 3: Adjust pointers
[64.555s][info][gc,phases      ] GC(1392) Phase 3: Adjust pointers 7.390ms
[64.555s][info][gc,phases,start] GC(1392) Phase 4: Move objects
[64.582s][info][gc,phases      ] GC(1392) Phase 4: Move objects 26.307ms
[64.582s][info][gc,heap        ] GC(1392) DefNew: 157079K(157248K)->0K(157248K) Eden: 139776K(139776K)->0K(139776K) From: 17303K(17472K)->0K(17472K)
[64.582s][info][gc,heap        ] GC(1392) Tenured: 349112K(349568K)->349373K(349568K)
[64.582s][info][gc,metaspace   ] GC(1392) Metaspace: 31062K(31360K)->31062K(31360K) NonClass: 27808K(27904K)->27808K(27904K) Class: 3254K(3456K)->3254K(3456K)
[64.582s][info][gc             ] GC(1392) Pause Full (Allocation Failure) 494M->341M(494M) 52.855ms
[64.582s][info][gc,cpu         ] GC(1392) User=0.05s Sys=0.00s Real=0.05s
[64.589s][info][gc,start       ] GC(1393) Pause Young (Allocation Failure)
[64.589s][info][gc             ] GC(1393) Pause Young (Allocation Failure) 477M->477M(494M) 0.060ms
[64.589s][info][gc,cpu         ] GC(1393) User=0.00s Sys=0.00s Real=0.00s
[64.589s][info][gc,start       ] GC(1394) Pause Full (Allocation Failure)
[64.589s][info][gc,phases,start] GC(1394) Phase 1: Mark live objects
[64.598s][info][gc,phases      ] GC(1394) Phase 1: Mark live objects 9.372ms
[64.598s][info][gc,phases,start] GC(1394) Phase 2: Compute new object addresses
[64.603s][info][gc,phases      ] GC(1394) Phase 2: Compute new object addresses 5.028ms
[64.603s][info][gc,phases,start] GC(1394) Phase 3: Adjust pointers
[64.610s][info][gc,phases      ] GC(1394) Phase 3: Adjust pointers 6.447ms
[64.610s][info][gc,phases,start] GC(1394) Phase 4: Move objects
[64.614s][info][gc,phases      ] GC(1394) Phase 4: Move objects 3.810ms
[64.614s][info][gc,heap        ] GC(1394) DefNew: 139714K(157248K)->25241K(157248K) Eden: 139714K(139776K)->25241K(139776K) From: 0K(17472K)->0K(17472K)
[64.614s][info][gc,heap        ] GC(1394) Tenured: 349373K(349568K)->349328K(349568K)
[64.614s][info][gc,metaspace   ] GC(1394) Metaspace: 31062K(31360K)->31062K(31360K) NonClass: 27808K(27904K)->27808K(27904K) Class: 3254K(3456K)->3254K(3456K)
[64.614s][info][gc             ] GC(1394) Pause Full (Allocation Failure) 477M->365M(494M) 25.207ms
[64.614s][info][gc,cpu         ] GC(1394) User=0.03s Sys=0.00s Real=0.03s
[64.628s][info][gc,start       ] GC(1395) Pause Full (Allocation Failure)
[64.628s][info][gc,phases,start] GC(1395) Phase 1: Mark live objects
[64.638s][info][gc,phases      ] GC(1395) Phase 1: Mark live objects 9.065ms
[64.638s][info][gc,phases,start] GC(1395) Phase 2: Compute new object addresses
[64.643s][info][gc,phases      ] GC(1395) Phase 2: Compute new object addresses 5.575ms
[64.643s][info][gc,phases,start] GC(1395) Phase 3: Adjust pointers
[64.651s][info][gc,phases      ] GC(1395) Phase 3: Adjust pointers 7.275ms
[64.651s][info][gc,phases,start] GC(1395) Phase 4: Move objects
[64.676s][info][gc,phases      ] GC(1395) Phase 4: Move objects 25.859ms
[64.677s][info][gc,heap        ] GC(1395) DefNew: 157209K(157248K)->17755K(157248K) Eden: 139776K(139776K)->17755K(139776K) From: 17433K(17472K)->0K(17472K)
[64.677s][info][gc,heap        ] GC(1395) Tenured: 349328K(349568K)->349512K(349568K)
[64.677s][info][gc,metaspace   ] GC(1395) Metaspace: 31062K(31360K)->31062K(31360K) NonClass: 27808K(27904K)->27808K(27904K) Class: 3254K(3456K)->3254K(3456K)
[64.677s][info][gc             ] GC(1395) Pause Full (Allocation Failure) 494M->358M(494M) 48.260ms
[64.677s][info][gc,cpu         ] GC(1395) User=0.05s Sys=0.00s Real=0.05s
[64.688s][info][gc,start       ] GC(1396) Pause Full (Allocation Failure)
[64.688s][info][gc,phases,start] GC(1396) Phase 1: Mark live objects
[64.699s][info][gc,phases      ] GC(1396) Phase 1: Mark live objects 11.548ms
[64.699s][info][gc,phases,start] GC(1396) Phase 2: Compute new object addresses
[64.705s][info][gc,phases      ] GC(1396) Phase 2: Compute new object addresses 5.598ms
[64.705s][info][gc,phases,start] GC(1396) Phase 3: Adjust pointers
[64.712s][info][gc,phases      ] GC(1396) Phase 3: Adjust pointers 6.940ms
[64.712s][info][gc,phases,start] GC(1396) Phase 4: Move objects
[64.742s][info][gc,phases      ] GC(1396) Phase 4: Move objects 29.872ms
[64.742s][info][gc,heap        ] GC(1396) DefNew: 156344K(157248K)->0K(157248K) Eden: 139776K(139776K)->0K(139776K) From: 16568K(17472K)->0K(17472K)
[64.742s][info][gc,heap        ] GC(1396) Tenured: 349512K(349568K)->346557K(349568K)
[64.742s][info][gc,metaspace   ] GC(1396) Metaspace: 31062K(31360K)->31062K(31360K) NonClass: 27808K(27904K)->27808K(27904K) Class: 3254K(3456K)->3254K(3456K)
[64.742s][info][gc             ] GC(1396) Pause Full (Allocation Failure) 494M->338M(494M) 54.632ms
[64.742s][info][gc,cpu         ] GC(1396) User=0.05s Sys=0.00s Real=0.06s
[64.749s][info][gc,start       ] GC(1397) Pause Young (Allocation Failure)
[64.749s][info][gc             ] GC(1397) Pause Young (Allocation Failure) 474M->474M(494M) 0.076ms
[64.749s][info][gc,cpu         ] GC(1397) User=0.00s Sys=0.00s Real=0.00s
[64.749s][info][gc,start       ] GC(1398) Pause Full (Allocation Failure)
[64.749s][info][gc,phases,start] GC(1398) Phase 1: Mark live objects
[64.762s][info][gc,phases      ] GC(1398) Phase 1: Mark live objects 12.242ms
[64.762s][info][gc,phases,start] GC(1398) Phase 2: Compute new object addresses
[64.768s][info][gc,phases      ] GC(1398) Phase 2: Compute new object addresses 6.269ms
[64.768s][info][gc,phases,start] GC(1398) Phase 3: Adjust pointers
[64.776s][info][gc,phases      ] GC(1398) Phase 3: Adjust pointers 8.262ms
[64.776s][info][gc,phases,start] GC(1398) Phase 4: Move objects
[64.803s][info][gc,phases      ] GC(1398) Phase 4: Move objects 26.123ms
[64.803s][info][gc,heap        ] GC(1398) DefNew: 139776K(157248K)->3593K(157248K) Eden: 139776K(139776K)->3593K(139776K) From: 0K(17472K)->0K(17472K)
[64.803s][info][gc,heap        ] GC(1398) Tenured: 346557K(349568K)->349343K(349568K)
[64.803s][info][gc,metaspace   ] GC(1398) Metaspace: 31062K(31360K)->31062K(31360K) NonClass: 27808K(27904K)->27808K(27904K) Class: 3254K(3456K)->3254K(3456K)
[64.803s][info][gc             ] GC(1398) Pause Full (Allocation Failure) 474M->344M(494M) 53.602ms
[64.803s][info][gc,cpu         ] GC(1398) User=0.05s Sys=0.00s Real=0.06s
[64.815s][info][gc,start       ] GC(1399) Pause Full (Allocation Failure)
[64.815s][info][gc,phases,start] GC(1399) Phase 1: Mark live objects
[64.825s][info][gc,phases      ] GC(1399) Phase 1: Mark live objects 9.739ms
[64.825s][info][gc,phases,start] GC(1399) Phase 2: Compute new object addresses
[64.830s][info][gc,phases      ] GC(1399) Phase 2: Compute new object addresses 5.490ms
[64.831s][info][gc,phases,start] GC(1399) Phase 3: Adjust pointers
[64.837s][info][gc,phases      ] GC(1399) Phase 3: Adjust pointers 6.454ms
[64.837s][info][gc,phases,start] GC(1399) Phase 4: Move objects
[64.861s][info][gc,phases      ] GC(1399) Phase 4: Move objects 24.349ms
[64.862s][info][gc,heap        ] GC(1399) DefNew: 157246K(157248K)->19048K(157248K) Eden: 139776K(139776K)->19048K(139776K) From: 17470K(17472K)->0K(17472K)
[64.862s][info][gc,heap        ] GC(1399) Tenured: 349343K(349568K)->349351K(349568K)
[64.862s][info][gc,metaspace   ] GC(1399) Metaspace: 31062K(31360K)->31062K(31360K) NonClass: 27808K(27904K)->27808K(27904K) Class: 3254K(3456K)->3254K(3456K)
[64.862s][info][gc             ] GC(1399) Pause Full (Allocation Failure) 494M->359M(494M) 46.512ms
[64.862s][info][gc,cpu         ] GC(1399) User=0.05s Sys=0.00s Real=0.04s
[64.872s][info][gc,start       ] GC(1400) Pause Full (Allocation Failure)
[64.872s][info][gc,phases,start] GC(1400) Phase 1: Mark live objects
[64.885s][info][gc,phases      ] GC(1400) Phase 1: Mark live objects 12.282ms
[64.885s][info][gc,phases,start] GC(1400) Phase 2: Compute new object addresses
[64.890s][info][gc,phases      ] GC(1400) Phase 2: Compute new object addresses 5.358ms
[64.890s][info][gc,phases,start] GC(1400) Phase 3: Adjust pointers
[64.899s][info][gc,phases      ] GC(1400) Phase 3: Adjust pointers 8.615ms
[64.899s][info][gc,phases,start] GC(1400) Phase 4: Move objects
[64.930s][info][gc,phases      ] GC(1400) Phase 4: Move objects 30.665ms
[64.930s][info][gc,heap        ] GC(1400) DefNew: 156565K(157248K)->16719K(157248K) Eden: 139776K(139776K)->16719K(139776K) From: 16789K(17472K)->0K(17472K)
[64.930s][info][gc,heap        ] GC(1400) Tenured: 349351K(349568K)->349465K(349568K)
[64.930s][info][gc,metaspace   ] GC(1400) Metaspace: 31062K(31360K)->31062K(31360K) NonClass: 27808K(27904K)->27808K(27904K) Class: 3254K(3456K)->3254K(3456K)
[64.930s][info][gc             ] GC(1400) Pause Full (Allocation Failure) 494M->357M(494M) 57.496ms
[64.930s][info][gc,cpu         ] GC(1400) User=0.05s Sys=0.00s Real=0.05s
[64.940s][info][gc,start       ] GC(1401) Pause Full (Allocation Failure)
[64.940s][info][gc,phases,start] GC(1401) Phase 1: Mark live objects
[64.952s][info][gc,phases      ] GC(1401) Phase 1: Mark live objects 11.175ms
[64.952s][info][gc,phases,start] GC(1401) Phase 2: Compute new object addresses
[64.957s][info][gc,phases      ] GC(1401) Phase 2: Compute new object addresses 5.150ms
[64.957s][info][gc,phases,start] GC(1401) Phase 3: Adjust pointers
[64.964s][info][gc,phases      ] GC(1401) Phase 3: Adjust pointers 7.390ms
[64.964s][info][gc,phases,start] GC(1401) Phase 4: Move objects
[64.991s][info][gc,phases      ] GC(1401) Phase 4: Move objects 26.673ms
[64.991s][info][gc,heap        ] GC(1401) DefNew: 157070K(157248K)->9794K(157248K) Eden: 139776K(139776K)->9794K(139776K) From: 17294K(17472K)->0K(17472K)
[64.991s][info][gc,heap        ] GC(1401) Tenured: 349465K(349568K)->349346K(349568K)
[64.991s][info][gc,metaspace   ] GC(1401) Metaspace: 31062K(31360K)->31062K(31360K) NonClass: 27808K(27904K)->27808K(27904K) Class: 3254K(3456K)->3254K(3456K)
[64.991s][info][gc             ] GC(1401) Pause Full (Allocation Failure) 494M->350M(494M) 50.911ms
[64.991s][info][gc,cpu         ] GC(1401) User=0.06s Sys=0.00s Real=0.06s
[65.002s][info][gc,start       ] GC(1402) Pause Full (Allocation Failure)
[65.002s][info][gc,phases,start] GC(1402) Phase 1: Mark live objects
[65.012s][info][gc,phases      ] GC(1402) Phase 1: Mark live objects 9.897ms
[65.012s][info][gc,phases,start] GC(1402) Phase 2: Compute new object addresses
[65.017s][info][gc,phases      ] GC(1402) Phase 2: Compute new object addresses 5.242ms
[65.017s][info][gc,phases,start] GC(1402) Phase 3: Adjust pointers
[65.024s][info][gc,phases      ] GC(1402) Phase 3: Adjust pointers 7.035ms
[65.024s][info][gc,phases,start] GC(1402) Phase 4: Move objects
[65.055s][info][gc,phases      ] GC(1402) Phase 4: Move objects 30.931ms
[65.055s][info][gc,heap        ] GC(1402) DefNew: 156298K(157248K)->0K(157248K) Eden: 139776K(139776K)->0K(139776K) From: 16522K(17472K)->0K(17472K)
[65.055s][info][gc,heap        ] GC(1402) Tenured: 349346K(349568K)->349423K(349568K)
[65.055s][info][gc,metaspace   ] GC(1402) Metaspace: 31062K(31360K)->31062K(31360K) NonClass: 27808K(27904K)->27808K(27904K) Class: 3254K(3456K)->3254K(3456K)
[65.055s][info][gc             ] GC(1402) Pause Full (Allocation Failure) 493M->341M(494M) 53.691ms
[65.055s][info][gc,cpu         ] GC(1402) User=0.05s Sys=0.00s Real=0.06s
[65.062s][info][gc,start       ] GC(1403) Pause Young (Allocation Failure)
[65.062s][info][gc             ] GC(1403) Pause Young (Allocation Failure) 477M->477M(494M) 0.074ms
[65.062s][info][gc,cpu         ] GC(1403) User=0.00s Sys=0.00s Real=0.00s
[65.062s][info][gc,start       ] GC(1404) Pause Full (Allocation Failure)
[65.062s][info][gc,phases,start] GC(1404) Phase 1: Mark live objects
[65.074s][info][gc,phases      ] GC(1404) Phase 1: Mark live objects 11.891ms
[65.074s][info][gc,phases,start] GC(1404) Phase 2: Compute new object addresses
[65.080s][info][gc,phases      ] GC(1404) Phase 2: Compute new object addresses 5.475ms
[65.080s][info][gc,phases,start] GC(1404) Phase 3: Adjust pointers
[65.088s][info][gc,phases      ] GC(1404) Phase 3: Adjust pointers 7.856ms
[65.088s][info][gc,phases,start] GC(1404) Phase 4: Move objects
[65.093s][info][gc,phases      ] GC(1404) Phase 4: Move objects 5.081ms
[65.093s][info][gc,heap        ] GC(1404) DefNew: 139776K(157248K)->24441K(157248K) Eden: 139776K(139776K)->24441K(139776K) From: 0K(17472K)->0K(17472K)
[65.093s][info][gc,heap        ] GC(1404) Tenured: 349423K(349568K)->348555K(349568K)
[65.093s][info][gc,metaspace   ] GC(1404) Metaspace: 31062K(31360K)->31062K(31360K) NonClass: 27808K(27904K)->27808K(27904K) Class: 3254K(3456K)->3254K(3456K)
[65.093s][info][gc             ] GC(1404) Pause Full (Allocation Failure) 477M->364M(494M) 30.789ms
[65.093s][info][gc,cpu         ] GC(1404) User=0.03s Sys=0.00s Real=0.03s
[65.104s][info][gc,start       ] GC(1405) Pause Full (Allocation Failure)
[65.104s][info][gc,phases,start] GC(1405) Phase 1: Mark live objects
[65.114s][info][gc,phases      ] GC(1405) Phase 1: Mark live objects 9.422ms
[65.114s][info][gc,phases,start] GC(1405) Phase 2: Compute new object addresses
[65.119s][info][gc,phases      ] GC(1405) Phase 2: Compute new object addresses 4.696ms
[65.119s][info][gc,phases,start] GC(1405) Phase 3: Adjust pointers
[65.125s][info][gc,phases      ] GC(1405) Phase 3: Adjust pointers 6.249ms
[65.125s][info][gc,phases,start] GC(1405) Phase 4: Move objects
[65.149s][info][gc,phases      ] GC(1405) Phase 4: Move objects 23.633ms
[65.149s][info][gc,heap        ] GC(1405) DefNew: 156419K(157248K)->18013K(157248K) Eden: 139776K(139776K)->18013K(139776K) From: 16643K(17472K)->0K(17472K)
[65.149s][info][gc,heap        ] GC(1405) Tenured: 348555K(349568K)->349511K(349568K)
[65.149s][info][gc,metaspace   ] GC(1405) Metaspace: 31062K(31360K)->31062K(31360K) NonClass: 27808K(27904K)->27808K(27904K) Class: 3254K(3456K)->3254K(3456K)
[65.149s][info][gc             ] GC(1405) Pause Full (Allocation Failure) 493M->358M(494M) 44.483ms
[65.149s][info][gc,cpu         ] GC(1405) User=0.05s Sys=0.00s Real=0.04s
[65.159s][info][gc,start       ] GC(1406) Pause Full (Allocation Failure)
[65.159s][info][gc,phases,start] GC(1406) Phase 1: Mark live objects
[65.168s][info][gc,phases      ] GC(1406) Phase 1: Mark live objects 8.956ms
[65.168s][info][gc,phases,start] GC(1406) Phase 2: Compute new object addresses
[65.173s][info][gc,phases      ] GC(1406) Phase 2: Compute new object addresses 4.595ms
[65.173s][info][gc,phases,start] GC(1406) Phase 3: Adjust pointers
[65.179s][info][gc,phases      ] GC(1406) Phase 3: Adjust pointers 5.919ms
[65.179s][info][gc,phases,start] GC(1406) Phase 4: Move objects
[65.203s][info][gc,phases      ] GC(1406) Phase 4: Move objects 24.207ms
[65.203s][info][gc,heap        ] GC(1406) DefNew: 157058K(157248K)->16691K(157248K) Eden: 139776K(139776K)->16691K(139776K) From: 17282K(17472K)->0K(17472K)
[65.203s][info][gc,heap        ] GC(1406) Tenured: 349511K(349568K)->349372K(349568K)
[65.203s][info][gc,metaspace   ] GC(1406) Metaspace: 31062K(31360K)->31062K(31360K) NonClass: 27808K(27904K)->27808K(27904K) Class: 3254K(3456K)->3254K(3456K)
[65.203s][info][gc             ] GC(1406) Pause Full (Allocation Failure) 494M->357M(494M) 44.143ms
[65.203s][info][gc,cpu         ] GC(1406) User=0.04s Sys=0.00s Real=0.05s
[65.214s][info][gc,start       ] GC(1407) Pause Full (Allocation Failure)
[65.214s][info][gc,phases,start] GC(1407) Phase 1: Mark live objects
[65.224s][info][gc,phases      ] GC(1407) Phase 1: Mark live objects 10.315ms
[65.224s][info][gc,phases,start] GC(1407) Phase 2: Compute new object addresses
[65.229s][info][gc,phases      ] GC(1407) Phase 2: Compute new object addresses 4.549ms
[65.229s][info][gc,phases,start] GC(1407) Phase 3: Adjust pointers
[65.235s][info][gc,phases      ] GC(1407) Phase 3: Adjust pointers 6.106ms
[65.235s][info][gc,phases,start] GC(1407) Phase 4: Move objects
[65.260s][info][gc,phases      ] GC(1407) Phase 4: Move objects 24.689ms
[65.260s][info][gc,heap        ] GC(1407) DefNew: 157248K(157248K)->257K(157248K) Eden: 139776K(139776K)->257K(139776K) From: 17472K(17472K)->0K(17472K)
[65.260s][info][gc,heap        ] GC(1407) Tenured: 349428K(349568K)->349534K(349568K)
[65.260s][info][gc,metaspace   ] GC(1407) Metaspace: 31062K(31360K)->31062K(31360K) NonClass: 27808K(27904K)->27808K(27904K) Class: 3254K(3456K)->3254K(3456K)
[65.260s][info][gc             ] GC(1407) Pause Full (Allocation Failure) 494M->341M(494M) 46.137ms
[65.260s][info][gc,cpu         ] GC(1407) User=0.04s Sys=0.00s Real=0.04s
[65.275s][info][gc,start       ] GC(1408) Pause Full (Allocation Failure)
[65.275s][info][gc,phases,start] GC(1408) Phase 1: Mark live objects
[65.285s][info][gc,phases      ] GC(1408) Phase 1: Mark live objects 9.722ms
[65.285s][info][gc,phases,start] GC(1408) Phase 2: Compute new object addresses
[65.290s][info][gc,phases      ] GC(1408) Phase 2: Compute new object addresses 5.291ms
[65.290s][info][gc,phases,start] GC(1408) Phase 3: Adjust pointers
[65.297s][info][gc,phases      ] GC(1408) Phase 3: Adjust pointers 6.695ms
[65.297s][info][gc,phases,start] GC(1408) Phase 4: Move objects
[65.317s][info][gc,phases      ] GC(1408) Phase 4: Move objects 20.278ms
[65.318s][info][gc,heap        ] GC(1408) DefNew: 157248K(157248K)->14926K(157248K) Eden: 139776K(139776K)->14926K(139776K) From: 17472K(17472K)->0K(17472K)
[65.318s][info][gc,heap        ] GC(1408) Tenured: 349568K(349568K)->349354K(349568K)
[65.318s][info][gc,metaspace   ] GC(1408) Metaspace: 31063K(31360K)->31063K(31360K) NonClass: 27808K(27904K)->27808K(27904K) Class: 3254K(3456K)->3254K(3456K)
[65.318s][info][gc             ] GC(1408) Pause Full (Allocation Failure) 494M->355M(494M) 42.466ms
[65.318s][info][gc,cpu         ] GC(1408) User=0.04s Sys=0.00s Real=0.04s
[65.328s][info][gc,start       ] GC(1409) Pause Full (Allocation Failure)
[65.328s][info][gc,phases,start] GC(1409) Phase 1: Mark live objects
[65.338s][info][gc,phases      ] GC(1409) Phase 1: Mark live objects 9.674ms
[65.338s][info][gc,phases,start] GC(1409) Phase 2: Compute new object addresses
[65.343s][info][gc,phases      ] GC(1409) Phase 2: Compute new object addresses 4.863ms
[65.343s][info][gc,phases,start] GC(1409) Phase 3: Adjust pointers
[65.349s][info][gc,phases      ] GC(1409) Phase 3: Adjust pointers 6.382ms
[65.349s][info][gc,phases,start] GC(1409) Phase 4: Move objects
[65.374s][info][gc,phases      ] GC(1409) Phase 4: Move objects 24.666ms
[65.374s][info][gc,heap        ] GC(1409) DefNew: 156295K(157248K)->0K(157248K) Eden: 139776K(139776K)->0K(139776K) From: 16519K(17472K)->0K(17472K)
[65.374s][info][gc,heap        ] GC(1409) Tenured: 349354K(349568K)->347322K(349568K)
[65.374s][info][gc,metaspace   ] GC(1409) Metaspace: 31063K(31360K)->31063K(31360K) NonClass: 27808K(27904K)->27808K(27904K) Class: 3254K(3456K)->3254K(3456K)
[65.374s][info][gc             ] GC(1409) Pause Full (Allocation Failure) 493M->339M(494M) 46.045ms
[65.374s][info][gc,cpu         ] GC(1409) User=0.04s Sys=0.00s Real=0.05s
[65.381s][info][gc,start       ] GC(1410) Pause Young (Allocation Failure)
[65.381s][info][gc             ] GC(1410) Pause Young (Allocation Failure) 475M->475M(494M) 0.235ms
[65.381s][info][gc,cpu         ] GC(1410) User=0.00s Sys=0.00s Real=0.00s
[65.381s][info][gc,start       ] GC(1411) Pause Full (Allocation Failure)
[65.381s][info][gc,phases,start] GC(1411) Phase 1: Mark live objects
[65.392s][info][gc,phases      ] GC(1411) Phase 1: Mark live objects 10.275ms
[65.392s][info][gc,phases,start] GC(1411) Phase 2: Compute new object addresses
[65.397s][info][gc,phases      ] GC(1411) Phase 2: Compute new object addresses 5.267ms
[65.397s][info][gc,phases,start] GC(1411) Phase 3: Adjust pointers
[65.404s][info][gc,phases      ] GC(1411) Phase 3: Adjust pointers 7.136ms
[65.404s][info][gc,phases,start] GC(1411) Phase 4: Move objects
[65.421s][info][gc,phases      ] GC(1411) Phase 4: Move objects 16.993ms
[65.421s][info][gc,heap        ] GC(1411) DefNew: 139707K(157248K)->19845K(157248K) Eden: 139707K(139776K)->19845K(139776K) From: 0K(17472K)->0K(17472K)
[65.421s][info][gc,heap        ] GC(1411) Tenured: 347322K(349568K)->349567K(349568K)
[65.421s][info][gc,metaspace   ] GC(1411) Metaspace: 31063K(31360K)->31063K(31360K) NonClass: 27808K(27904K)->27808K(27904K) Class: 3254K(3456K)->3254K(3456K)
[65.421s][info][gc             ] GC(1411) Pause Full (Allocation Failure) 475M->360M(494M) 40.127ms
[65.422s][info][gc,cpu         ] GC(1411) User=0.04s Sys=0.00s Real=0.04s
[65.434s][info][gc,start       ] GC(1412) Pause Full (Allocation Failure)
[65.434s][info][gc,phases,start] GC(1412) Phase 1: Mark live objects
[65.443s][info][gc,phases      ] GC(1412) Phase 1: Mark live objects 9.258ms
[65.443s][info][gc,phases,start] GC(1412) Phase 2: Compute new object addresses
[65.448s][info][gc,phases      ] GC(1412) Phase 2: Compute new object addresses 4.595ms
[65.448s][info][gc,phases,start] GC(1412) Phase 3: Adjust pointers
[65.455s][info][gc,phases      ] GC(1412) Phase 3: Adjust pointers 6.570ms
[65.455s][info][gc,phases,start] GC(1412) Phase 4: Move objects
[65.487s][info][gc,phases      ] GC(1412) Phase 4: Move objects 32.646ms
[65.488s][info][gc,heap        ] GC(1412) DefNew: 157056K(157248K)->0K(157248K) Eden: 139776K(139776K)->0K(139776K) From: 17280K(17472K)->0K(17472K)
[65.488s][info][gc,heap        ] GC(1412) Tenured: 349567K(349568K)->346727K(349568K)
[65.488s][info][gc,metaspace   ] GC(1412) Metaspace: 31063K(31360K)->31063K(31360K) NonClass: 27808K(27904K)->27808K(27904K) Class: 3254K(3456K)->3254K(3456K)
[65.488s][info][gc             ] GC(1412) Pause Full (Allocation Failure) 494M->338M(494M) 53.529ms
[65.488s][info][gc,cpu         ] GC(1412) User=0.05s Sys=0.00s Real=0.05s
[65.496s][info][gc,start       ] GC(1413) Pause Young (Allocation Failure)
[65.496s][info][gc             ] GC(1413) Pause Young (Allocation Failure) 475M->475M(494M) 0.065ms
[65.496s][info][gc,cpu         ] GC(1413) User=0.00s Sys=0.00s Real=0.00s
[65.496s][info][gc,start       ] GC(1414) Pause Full (Allocation Failure)
[65.496s][info][gc,phases,start] GC(1414) Phase 1: Mark live objects
[65.507s][info][gc,phases      ] GC(1414) Phase 1: Mark live objects 10.244ms
[65.507s][info][gc,phases,start] GC(1414) Phase 2: Compute new object addresses
[65.512s][info][gc,phases      ] GC(1414) Phase 2: Compute new object addresses 5.022ms
[65.512s][info][gc,phases,start] GC(1414) Phase 3: Adjust pointers
[65.518s][info][gc,phases      ] GC(1414) Phase 3: Adjust pointers 6.536ms
[65.518s][info][gc,phases,start] GC(1414) Phase 4: Move objects
[65.521s][info][gc,phases      ] GC(1414) Phase 4: Move objects 3.118ms
[65.522s][info][gc,heap        ] GC(1414) DefNew: 139776K(157248K)->17844K(157248K) Eden: 139776K(139776K)->17844K(139776K) From: 0K(17472K)->0K(17472K)
[65.522s][info][gc,heap        ] GC(1414) Tenured: 346727K(349568K)->349543K(349568K)
[65.522s][info][gc,metaspace   ] GC(1414) Metaspace: 31063K(31360K)->31063K(31360K) NonClass: 27808K(27904K)->27808K(27904K) Class: 3254K(3456K)->3254K(3456K)
[65.522s][info][gc             ] GC(1414) Pause Full (Allocation Failure) 475M->358M(494M) 25.265ms
[65.522s][info][gc,cpu         ] GC(1414) User=0.03s Sys=0.00s Real=0.02s
[65.528s][info][gc,start       ] GC(1415) Pause Full (Allocation Failure)
[65.528s][info][gc,phases,start] GC(1415) Phase 1: Mark live objects
[65.537s][info][gc,phases      ] GC(1415) Phase 1: Mark live objects 9.601ms
[65.537s][info][gc,phases,start] GC(1415) Phase 2: Compute new object addresses
[65.542s][info][gc,phases      ] GC(1415) Phase 2: Compute new object addresses 4.585ms
[65.542s][info][gc,phases,start] GC(1415) Phase 3: Adjust pointers
[65.548s][info][gc,phases      ] GC(1415) Phase 3: Adjust pointers 6.194ms
[65.548s][info][gc,phases,start] GC(1415) Phase 4: Move objects
[65.572s][info][gc,phases      ] GC(1415) Phase 4: Move objects 23.210ms
[65.572s][info][gc,heap        ] GC(1415) DefNew: 157239K(157248K)->22622K(157248K) Eden: 139776K(139776K)->22622K(139776K) From: 17463K(17472K)->0K(17472K)
[65.572s][info][gc,heap        ] GC(1415) Tenured: 349543K(349568K)->348733K(349568K)
[65.572s][info][gc,metaspace   ] GC(1415) Metaspace: 31063K(31360K)->31063K(31360K) NonClass: 27808K(27904K)->27808K(27904K) Class: 3254K(3456K)->3254K(3456K)
[65.572s][info][gc             ] GC(1415) Pause Full (Allocation Failure) 494M->362M(494M) 44.070ms
[65.572s][info][gc,cpu         ] GC(1415) User=0.04s Sys=0.00s Real=0.05s
[65.582s][info][gc,start       ] GC(1416) Pause Full (Allocation Failure)
[65.583s][info][gc,phases,start] GC(1416) Phase 1: Mark live objects
[65.592s][info][gc,phases      ] GC(1416) Phase 1: Mark live objects 9.535ms
[65.592s][info][gc,phases,start] GC(1416) Phase 2: Compute new object addresses
[65.598s][info][gc,phases      ] GC(1416) Phase 2: Compute new object addresses 5.534ms
[65.598s][info][gc,phases,start] GC(1416) Phase 3: Adjust pointers
[65.605s][info][gc,phases      ] GC(1416) Phase 3: Adjust pointers 7.544ms
[65.605s][info][gc,phases,start] GC(1416) Phase 4: Move objects
[65.630s][info][gc,phases      ] GC(1416) Phase 4: Move objects 24.755ms
[65.630s][info][gc,heap        ] GC(1416) DefNew: 156607K(157248K)->1574K(157248K) Eden: 139776K(139776K)->1574K(139776K) From: 16831K(17472K)->0K(17472K)
[65.630s][info][gc,heap        ] GC(1416) Tenured: 348733K(349568K)->349345K(349568K)
[65.630s][info][gc,metaspace   ] GC(1416) Metaspace: 31063K(31360K)->31063K(31360K) NonClass: 27808K(27904K)->27808K(27904K) Class: 3254K(3456K)->3254K(3456K)
[65.630s][info][gc             ] GC(1416) Pause Full (Allocation Failure) 493M->342M(494M) 47.864ms
[65.630s][info][gc,cpu         ] GC(1416) User=0.05s Sys=0.01s Real=0.05s
[65.641s][info][gc,start       ] GC(1417) Pause Full (Allocation Failure)
[65.641s][info][gc,phases,start] GC(1417) Phase 1: Mark live objects
[65.651s][info][gc,phases      ] GC(1417) Phase 1: Mark live objects 9.888ms
[65.651s][info][gc,phases,start] GC(1417) Phase 2: Compute new object addresses
[65.656s][info][gc,phases      ] GC(1417) Phase 2: Compute new object addresses 5.088ms
[65.656s][info][gc,phases,start] GC(1417) Phase 3: Adjust pointers
[65.662s][info][gc,phases      ] GC(1417) Phase 3: Adjust pointers 6.582ms
[65.662s][info][gc,phases,start] GC(1417) Phase 4: Move objects
[65.686s][info][gc,phases      ] GC(1417) Phase 4: Move objects 23.199ms
[65.686s][info][gc,heap        ] GC(1417) DefNew: 156475K(157248K)->1800K(157248K) Eden: 139776K(139776K)->1800K(139776K) From: 16699K(17472K)->0K(17472K)
[65.686s][info][gc,heap        ] GC(1417) Tenured: 349345K(349568K)->349526K(349568K)
[65.686s][info][gc,metaspace   ] GC(1417) Metaspace: 31063K(31360K)->31063K(31360K) NonClass: 27808K(27904K)->27808K(27904K) Class: 3254K(3456K)->3254K(3456K)
[65.686s][info][gc             ] GC(1417) Pause Full (Allocation Failure) 493M->343M(494M) 45.205ms
[65.686s][info][gc,cpu         ] GC(1417) User=0.05s Sys=0.00s Real=0.05s
[65.697s][info][gc,start       ] GC(1418) Pause Full (Allocation Failure)
[65.697s][info][gc,phases,start] GC(1418) Phase 1: Mark live objects
[65.706s][info][gc,phases      ] GC(1418) Phase 1: Mark live objects 9.317ms
[65.706s][info][gc,phases,start] GC(1418) Phase 2: Compute new object addresses
[65.711s][info][gc,phases      ] GC(1418) Phase 2: Compute new object addresses 5.037ms
[65.711s][info][gc,phases,start] GC(1418) Phase 3: Adjust pointers
[65.717s][info][gc,phases      ] GC(1418) Phase 3: Adjust pointers 6.321ms
[65.717s][info][gc,phases,start] GC(1418) Phase 4: Move objects
[65.735s][info][gc,phases      ] GC(1418) Phase 4: Move objects 17.883ms
[65.736s][info][gc,heap        ] GC(1418) DefNew: 156709K(157248K)->22238K(157248K) Eden: 139776K(139776K)->22238K(139776K) From: 16933K(17472K)->0K(17472K)
[65.736s][info][gc,heap        ] GC(1418) Tenured: 349526K(349568K)->349490K(349568K)
[65.736s][info][gc,metaspace   ] GC(1418) Metaspace: 31063K(31360K)->31063K(31360K) NonClass: 27808K(27904K)->27808K(27904K) Class: 3254K(3456K)->3254K(3456K)
[65.736s][info][gc             ] GC(1418) Pause Full (Allocation Failure) 494M->363M(494M) 39.026ms
[65.736s][info][gc,cpu         ] GC(1418) User=0.05s Sys=0.00s Real=0.04s
[65.743s][info][gc,start       ] GC(1419) Pause Full (Allocation Failure)
[65.743s][info][gc,phases,start] GC(1419) Phase 1: Mark live objects
[65.752s][info][gc,phases      ] GC(1419) Phase 1: Mark live objects 9.371ms
[65.752s][info][gc,phases,start] GC(1419) Phase 2: Compute new object addresses
[65.757s][info][gc,phases      ] GC(1419) Phase 2: Compute new object addresses 4.628ms
[65.757s][info][gc,phases,start] GC(1419) Phase 3: Adjust pointers
[65.763s][info][gc,phases      ] GC(1419) Phase 3: Adjust pointers 6.105ms
[65.763s][info][gc,phases,start] GC(1419) Phase 4: Move objects
[65.787s][info][gc,phases      ] GC(1419) Phase 4: Move objects 23.516ms
[65.787s][info][gc,heap        ] GC(1419) DefNew: 156992K(157248K)->24709K(157248K) Eden: 139776K(139776K)->24709K(139776K) From: 17216K(17472K)->0K(17472K)
[65.787s][info][gc,heap        ] GC(1419) Tenured: 349490K(349568K)->349487K(349568K)
[65.787s][info][gc,metaspace   ] GC(1419) Metaspace: 31063K(31360K)->31063K(31360K) NonClass: 27808K(27904K)->27808K(27904K) Class: 3254K(3456K)->3254K(3456K)
[65.787s][info][gc             ] GC(1419) Pause Full (Allocation Failure) 494M->365M(494M) 44.072ms
[65.787s][info][gc,cpu         ] GC(1419) User=0.05s Sys=0.00s Real=0.04s
[65.798s][info][gc,start       ] GC(1420) Pause Full (Allocation Failure)
[65.798s][info][gc,phases,start] GC(1420) Phase 1: Mark live objects
[65.808s][info][gc,phases      ] GC(1420) Phase 1: Mark live objects 9.705ms
[65.808s][info][gc,phases,start] GC(1420) Phase 2: Compute new object addresses
[65.812s][info][gc,phases      ] GC(1420) Phase 2: Compute new object addresses 4.464ms
[65.812s][info][gc,phases,start] GC(1420) Phase 3: Adjust pointers
[65.818s][info][gc,phases      ] GC(1420) Phase 3: Adjust pointers 5.942ms
[65.818s][info][gc,phases,start] GC(1420) Phase 4: Move objects
[65.842s][info][gc,phases      ] GC(1420) Phase 4: Move objects 24.184ms
[65.842s][info][gc,heap        ] GC(1420) DefNew: 156579K(157248K)->3074K(157248K) Eden: 139776K(139776K)->3074K(139776K) From: 16803K(17472K)->0K(17472K)
[65.842s][info][gc,heap        ] GC(1420) Tenured: 349487K(349568K)->349364K(349568K)
[65.842s][info][gc,metaspace   ] GC(1420) Metaspace: 31063K(31360K)->31063K(31360K) NonClass: 27808K(27904K)->27808K(27904K) Class: 3254K(3456K)->3254K(3456K)
[65.842s][info][gc             ] GC(1420) Pause Full (Allocation Failure) 494M->344M(494M) 44.720ms
[65.842s][info][gc,cpu         ] GC(1420) User=0.07s Sys=0.00s Real=0.05s
[65.853s][info][gc,start       ] GC(1421) Pause Full (Allocation Failure)
[65.853s][info][gc,phases,start] GC(1421) Phase 1: Mark live objects
[65.862s][info][gc,phases      ] GC(1421) Phase 1: Mark live objects 8.678ms
[65.862s][info][gc,phases,start] GC(1421) Phase 2: Compute new object addresses
[65.866s][info][gc,phases      ] GC(1421) Phase 2: Compute new object addresses 4.543ms
[65.866s][info][gc,phases,start] GC(1421) Phase 3: Adjust pointers
[65.872s][info][gc,phases      ] GC(1421) Phase 3: Adjust pointers 5.780ms
[65.872s][info][gc,phases,start] GC(1421) Phase 4: Move objects
[65.896s][info][gc,phases      ] GC(1421) Phase 4: Move objects 24.190ms
[65.897s][info][gc,heap        ] GC(1421) DefNew: 156244K(157248K)->3338K(157248K) Eden: 139775K(139776K)->3338K(139776K) From: 16468K(17472K)->0K(17472K)
[65.897s][info][gc,heap        ] GC(1421) Tenured: 349364K(349568K)->349527K(349568K)
[65.897s][info][gc,metaspace   ] GC(1421) Metaspace: 31063K(31360K)->31063K(31360K) NonClass: 27808K(27904K)->27808K(27904K) Class: 3254K(3456K)->3254K(3456K)
[65.897s][info][gc             ] GC(1421) Pause Full (Allocation Failure) 493M->344M(494M) 43.625ms
[65.897s][info][gc,cpu         ] GC(1421) User=0.05s Sys=0.00s Real=0.04s
[65.907s][info][gc,start       ] GC(1422) Pause Full (Allocation Failure)
[65.907s][info][gc,phases,start] GC(1422) Phase 1: Mark live objects
[65.917s][info][gc,phases      ] GC(1422) Phase 1: Mark live objects 9.733ms
[65.917s][info][gc,phases,start] GC(1422) Phase 2: Compute new object addresses
[65.922s][info][gc,phases      ] GC(1422) Phase 2: Compute new object addresses 5.168ms
[65.922s][info][gc,phases,start] GC(1422) Phase 3: Adjust pointers
[65.929s][info][gc,phases      ] GC(1422) Phase 3: Adjust pointers 6.273ms
[65.929s][info][gc,phases,start] GC(1422) Phase 4: Move objects
[65.945s][info][gc,phases      ] GC(1422) Phase 4: Move objects 16.468ms
[65.945s][info][gc,heap        ] GC(1422) DefNew: 156542K(157248K)->20669K(157248K) Eden: 139776K(139776K)->20669K(139776K) From: 16766K(17472K)->0K(17472K)
[65.945s][info][gc,heap        ] GC(1422) Tenured: 349527K(349568K)->349510K(349568K)
[65.945s][info][gc,metaspace   ] GC(1422) Metaspace: 31063K(31360K)->31063K(31360K) NonClass: 27808K(27904K)->27808K(27904K) Class: 3254K(3456K)->3254K(3456K)
[65.945s][info][gc             ] GC(1422) Pause Full (Allocation Failure) 494M->361M(494M) 38.228ms
[65.945s][info][gc,cpu         ] GC(1422) User=0.03s Sys=0.00s Real=0.04s
[65.958s][info][gc,start       ] GC(1423) Pause Full (Allocation Failure)
[65.958s][info][gc,phases,start] GC(1423) Phase 1: Mark live objects
[65.969s][info][gc,phases      ] GC(1423) Phase 1: Mark live objects 10.109ms
[65.969s][info][gc,phases,start] GC(1423) Phase 2: Compute new object addresses
[65.973s][info][gc,phases      ] GC(1423) Phase 2: Compute new object addresses 4.465ms
[65.973s][info][gc,phases,start] GC(1423) Phase 3: Adjust pointers
[65.979s][info][gc,phases      ] GC(1423) Phase 3: Adjust pointers 6.124ms
[65.979s][info][gc,phases,start] GC(1423) Phase 4: Move objects
[66.005s][info][gc,phases      ] GC(1423) Phase 4: Move objects 25.915ms
[66.005s][info][gc,heap        ] GC(1423) DefNew: 156550K(157248K)->18525K(157248K) Eden: 139776K(139776K)->18525K(139776K) From: 16774K(17472K)->0K(17472K)
[66.005s][info][gc,heap        ] GC(1423) Tenured: 349510K(349568K)->349504K(349568K)
[66.006s][info][gc,metaspace   ] GC(1423) Metaspace: 31063K(31360K)->31063K(31360K) NonClass: 27808K(27904K)->27808K(27904K) Class: 3254K(3456K)->3254K(3456K)
[66.006s][info][gc             ] GC(1423) Pause Full (Allocation Failure) 494M->359M(494M) 47.124ms
[66.006s][info][gc,cpu         ] GC(1423) User=0.05s Sys=0.00s Real=0.05s
[66.018s][info][gc,start       ] GC(1424) Pause Full (Allocation Failure)
[66.018s][info][gc,phases,start] GC(1424) Phase 1: Mark live objects
[66.027s][info][gc,phases      ] GC(1424) Phase 1: Mark live objects 9.596ms
[66.027s][info][gc,phases,start] GC(1424) Phase 2: Compute new object addresses
[66.033s][info][gc,phases      ] GC(1424) Phase 2: Compute new object addresses 5.751ms
[66.033s][info][gc,phases,start] GC(1424) Phase 3: Adjust pointers
[66.041s][info][gc,phases      ] GC(1424) Phase 3: Adjust pointers 7.506ms
[66.041s][info][gc,phases,start] GC(1424) Phase 4: Move objects
[66.068s][info][gc,phases      ] GC(1424) Phase 4: Move objects 26.738ms
[66.068s][info][gc,heap        ] GC(1424) DefNew: 156990K(157248K)->2567K(157248K) Eden: 139776K(139776K)->2567K(139776K) From: 17214K(17472K)->0K(17472K)
[66.068s][info][gc,heap        ] GC(1424) Tenured: 349504K(349568K)->349510K(349568K)
[66.068s][info][gc,metaspace   ] GC(1424) Metaspace: 31063K(31360K)->31063K(31360K) NonClass: 27808K(27904K)->27808K(27904K) Class: 3254K(3456K)->3254K(3456K)
[66.068s][info][gc             ] GC(1424) Pause Full (Allocation Failure) 494M->343M(494M) 50.071ms
[66.068s][info][gc,cpu         ] GC(1424) User=0.05s Sys=0.00s Real=0.05s
[66.079s][info][gc,start       ] GC(1425) Pause Full (Allocation Failure)
[66.079s][info][gc,phases,start] GC(1425) Phase 1: Mark live objects
[66.089s][info][gc,phases      ] GC(1425) Phase 1: Mark live objects 9.412ms
[66.089s][info][gc,phases,start] GC(1425) Phase 2: Compute new object addresses
[66.094s][info][gc,phases      ] GC(1425) Phase 2: Compute new object addresses 4.696ms
[66.094s][info][gc,phases,start] GC(1425) Phase 3: Adjust pointers
[66.100s][info][gc,phases      ] GC(1425) Phase 3: Adjust pointers 6.031ms
[66.100s][info][gc,phases,start] GC(1425) Phase 4: Move objects
[66.124s][info][gc,phases      ] GC(1425) Phase 4: Move objects 24.505ms
[66.124s][info][gc,heap        ] GC(1425) DefNew: 156818K(157248K)->5644K(157248K) Eden: 139776K(139776K)->5644K(139776K) From: 17042K(17472K)->0K(17472K)
[66.124s][info][gc,heap        ] GC(1425) Tenured: 349510K(349568K)->349490K(349568K)
[66.124s][info][gc,metaspace   ] GC(1425) Metaspace: 31063K(31360K)->31063K(31360K) NonClass: 27809K(27904K)->27809K(27904K) Class: 3254K(3456K)->3254K(3456K)
[66.124s][info][gc             ] GC(1425) Pause Full (Allocation Failure) 494M->346M(494M) 45.127ms
[66.124s][info][gc,cpu         ] GC(1425) User=0.05s Sys=0.00s Real=0.05s
[66.134s][info][gc,start       ] GC(1426) Pause Full (Allocation Failure)
[66.134s][info][gc,phases,start] GC(1426) Phase 1: Mark live objects
[66.144s][info][gc,phases      ] GC(1426) Phase 1: Mark live objects 9.557ms
[66.144s][info][gc,phases,start] GC(1426) Phase 2: Compute new object addresses
[66.149s][info][gc,phases      ] GC(1426) Phase 2: Compute new object addresses 4.920ms
[66.149s][info][gc,phases,start] GC(1426) Phase 3: Adjust pointers
[66.155s][info][gc,phases      ] GC(1426) Phase 3: Adjust pointers 6.569ms
[66.155s][info][gc,phases,start] GC(1426) Phase 4: Move objects
[66.173s][info][gc,phases      ] GC(1426) Phase 4: Move objects 17.949ms
[66.174s][info][gc,heap        ] GC(1426) DefNew: 157248K(157248K)->23813K(157248K) Eden: 139776K(139776K)->23813K(139776K) From: 17472K(17472K)->0K(17472K)
[66.174s][info][gc,heap        ] GC(1426) Tenured: 349496K(349568K)->349178K(349568K)
[66.174s][info][gc,metaspace   ] GC(1426) Metaspace: 31063K(31360K)->31063K(31360K) NonClass: 27809K(27904K)->27809K(27904K) Class: 3254K(3456K)->3254K(3456K)
[66.174s][info][gc             ] GC(1426) Pause Full (Allocation Failure) 494M->364M(494M) 39.482ms
[66.174s][info][gc,cpu         ] GC(1426) User=0.03s Sys=0.01s Real=0.04s
[66.184s][info][gc,start       ] GC(1427) Pause Full (Allocation Failure)
[66.184s][info][gc,phases,start] GC(1427) Phase 1: Mark live objects
[66.193s][info][gc,phases      ] GC(1427) Phase 1: Mark live objects 9.076ms
[66.193s][info][gc,phases,start] GC(1427) Phase 2: Compute new object addresses
[66.198s][info][gc,phases      ] GC(1427) Phase 2: Compute new object addresses 4.540ms
[66.198s][info][gc,phases,start] GC(1427) Phase 3: Adjust pointers
[66.204s][info][gc,phases      ] GC(1427) Phase 3: Adjust pointers 6.610ms
[66.204s][info][gc,phases,start] GC(1427) Phase 4: Move objects
[66.228s][info][gc,phases      ] GC(1427) Phase 4: Move objects 23.089ms
[66.228s][info][gc,heap        ] GC(1427) DefNew: 157099K(157248K)->18279K(157248K) Eden: 139776K(139776K)->18279K(139776K) From: 17323K(17472K)->0K(17472K)
[66.228s][info][gc,heap        ] GC(1427) Tenured: 349178K(349568K)->349490K(349568K)
[66.228s][info][gc,metaspace   ] GC(1427) Metaspace: 31063K(31360K)->31063K(31360K) NonClass: 27809K(27904K)->27809K(27904K) Class: 3254K(3456K)->3254K(3456K)
[66.228s][info][gc             ] GC(1427) Pause Full (Allocation Failure) 494M->359M(494M) 43.758ms
[66.228s][info][gc,cpu         ] GC(1427) User=0.04s Sys=0.00s Real=0.04s
[66.239s][info][gc,start       ] GC(1428) Pause Full (Allocation Failure)
[66.239s][info][gc,phases,start] GC(1428) Phase 1: Mark live objects
[66.248s][info][gc,phases      ] GC(1428) Phase 1: Mark live objects 9.538ms
[66.248s][info][gc,phases,start] GC(1428) Phase 2: Compute new object addresses
[66.253s][info][gc,phases      ] GC(1428) Phase 2: Compute new object addresses 4.710ms
[66.253s][info][gc,phases,start] GC(1428) Phase 3: Adjust pointers
[66.259s][info][gc,phases      ] GC(1428) Phase 3: Adjust pointers 6.244ms
[66.259s][info][gc,phases,start] GC(1428) Phase 4: Move objects
[66.285s][info][gc,phases      ] GC(1428) Phase 4: Move objects 25.908ms
[66.285s][info][gc,heap        ] GC(1428) DefNew: 156526K(157248K)->18029K(157248K) Eden: 139776K(139776K)->18029K(139776K) From: 16750K(17472K)->0K(17472K)
[66.285s][info][gc,heap        ] GC(1428) Tenured: 349490K(349568K)->349326K(349568K)
[66.285s][info][gc,metaspace   ] GC(1428) Metaspace: 31063K(31360K)->31063K(31360K) NonClass: 27809K(27904K)->27809K(27904K) Class: 3254K(3456K)->3254K(3456K)
[66.285s][info][gc             ] GC(1428) Pause Full (Allocation Failure) 494M->358M(494M) 46.843ms
[66.285s][info][gc,cpu         ] GC(1428) User=0.05s Sys=0.00s Real=0.05s
[66.296s][info][gc,start       ] GC(1429) Pause Full (Allocation Failure)
[66.296s][info][gc,phases,start] GC(1429) Phase 1: Mark live objects
[66.305s][info][gc,phases      ] GC(1429) Phase 1: Mark live objects 9.540ms
[66.305s][info][gc,phases,start] GC(1429) Phase 2: Compute new object addresses
[66.310s][info][gc,phases      ] GC(1429) Phase 2: Compute new object addresses 4.714ms
[66.310s][info][gc,phases,start] GC(1429) Phase 3: Adjust pointers
[66.316s][info][gc,phases      ] GC(1429) Phase 3: Adjust pointers 5.861ms
[66.316s][info][gc,phases,start] GC(1429) Phase 4: Move objects
[66.342s][info][gc,phases      ] GC(1429) Phase 4: Move objects 25.603ms
[66.342s][info][gc,heap        ] GC(1429) DefNew: 156579K(157248K)->1559K(157248K) Eden: 139776K(139776K)->1559K(139776K) From: 16803K(17472K)->0K(17472K)
[66.342s][info][gc,heap        ] GC(1429) Tenured: 349326K(349568K)->349317K(349568K)
[66.342s][info][gc,metaspace   ] GC(1429) Metaspace: 31063K(31360K)->31063K(31360K) NonClass: 27809K(27904K)->27809K(27904K) Class: 3254K(3456K)->3254K(3456K)
[66.342s][info][gc             ] GC(1429) Pause Full (Allocation Failure) 494M->342M(494M) 46.108ms
[66.342s][info][gc,cpu         ] GC(1429) User=0.04s Sys=0.00s Real=0.04s
[66.352s][info][gc,start       ] GC(1430) Pause Full (Allocation Failure)
[66.352s][info][gc,phases,start] GC(1430) Phase 1: Mark live objects
[66.362s][info][gc,phases      ] GC(1430) Phase 1: Mark live objects 9.679ms
[66.362s][info][gc,phases,start] GC(1430) Phase 2: Compute new object addresses
[66.367s][info][gc,phases      ] GC(1430) Phase 2: Compute new object addresses 4.989ms
[66.367s][info][gc,phases,start] GC(1430) Phase 3: Adjust pointers
[66.373s][info][gc,phases      ] GC(1430) Phase 3: Adjust pointers 6.268ms
[66.373s][info][gc,phases,start] GC(1430) Phase 4: Move objects
[66.391s][info][gc,phases      ] GC(1430) Phase 4: Move objects 17.934ms
[66.392s][info][gc,heap        ] GC(1430) DefNew: 157248K(157248K)->18535K(157248K) Eden: 139776K(139776K)->18535K(139776K) From: 17472K(17472K)->0K(17472K)
[66.392s][info][gc,heap        ] GC(1430) Tenured: 349345K(349568K)->349334K(349568K)
[66.392s][info][gc,metaspace   ] GC(1430) Metaspace: 31063K(31360K)->31063K(31360K) NonClass: 27809K(27904K)->27809K(27904K) Class: 3254K(3456K)->3254K(3456K)
[66.392s][info][gc             ] GC(1430) Pause Full (Allocation Failure) 494M->359M(494M) 39.399ms
[66.392s][info][gc,cpu         ] GC(1430) User=0.04s Sys=0.00s Real=0.04s
[66.402s][info][gc,start       ] GC(1431) Pause Full (Allocation Failure)
[66.402s][info][gc,phases,start] GC(1431) Phase 1: Mark live objects
[66.412s][info][gc,phases      ] GC(1431) Phase 1: Mark live objects 10.014ms
[66.412s][info][gc,phases,start] GC(1431) Phase 2: Compute new object addresses
[66.417s][info][gc,phases      ] GC(1431) Phase 2: Compute new object addresses 4.868ms
[66.417s][info][gc,phases,start] GC(1431) Phase 3: Adjust pointers
[66.424s][info][gc,phases      ] GC(1431) Phase 3: Adjust pointers 6.833ms
[66.424s][info][gc,phases,start] GC(1431) Phase 4: Move objects
[66.448s][info][gc,phases      ] GC(1431) Phase 4: Move objects 23.771ms
[66.448s][info][gc,heap        ] GC(1431) DefNew: 156330K(157248K)->18532K(157248K) Eden: 139775K(139776K)->18532K(139776K) From: 16554K(17472K)->0K(17472K)
[66.448s][info][gc,heap        ] GC(1431) Tenured: 349334K(349568K)->349492K(349568K)
[66.448s][info][gc,metaspace   ] GC(1431) Metaspace: 31063K(31360K)->31063K(31360K) NonClass: 27809K(27904K)->27809K(27904K) Class: 3254K(3456K)->3254K(3456K)
[66.448s][info][gc             ] GC(1431) Pause Full (Allocation Failure) 493M->359M(494M) 45.947ms
[66.448s][info][gc,cpu         ] GC(1431) User=0.05s Sys=0.00s Real=0.05s
[66.455s][info][gc,start       ] GC(1432) Pause Full (Allocation Failure)
[66.455s][info][gc,phases,start] GC(1432) Phase 1: Mark live objects
[66.465s][info][gc,phases      ] GC(1432) Phase 1: Mark live objects 10.385ms
[66.465s][info][gc,phases,start] GC(1432) Phase 2: Compute new object addresses
[66.470s][info][gc,phases      ] GC(1432) Phase 2: Compute new object addresses 5.106ms
[66.470s][info][gc,phases,start] GC(1432) Phase 3: Adjust pointers
[66.477s][info][gc,phases      ] GC(1432) Phase 3: Adjust pointers 6.630ms
[66.477s][info][gc,phases,start] GC(1432) Phase 4: Move objects
[66.502s][info][gc,phases      ] GC(1432) Phase 4: Move objects 25.492ms
[66.503s][info][gc,heap        ] GC(1432) DefNew: 157002K(157248K)->21276K(157248K) Eden: 139776K(139776K)->21276K(139776K) From: 17226K(17472K)->0K(17472K)
[66.503s][info][gc,heap        ] GC(1432) Tenured: 349492K(349568K)->349403K(349568K)
[66.503s][info][gc,metaspace   ] GC(1432) Metaspace: 31063K(31360K)->31063K(31360K) NonClass: 27809K(27904K)->27809K(27904K) Class: 3254K(3456K)->3254K(3456K)
[66.503s][info][gc             ] GC(1432) Pause Full (Allocation Failure) 494M->361M(494M) 48.094ms
[66.503s][info][gc,cpu         ] GC(1432) User=0.04s Sys=0.00s Real=0.05s
[66.513s][info][gc,start       ] GC(1433) Pause Full (Allocation Failure)
[66.513s][info][gc,phases,start] GC(1433) Phase 1: Mark live objects
[66.522s][info][gc,phases      ] GC(1433) Phase 1: Mark live objects 8.945ms
[66.522s][info][gc,phases,start] GC(1433) Phase 2: Compute new object addresses
[66.527s][info][gc,phases      ] GC(1433) Phase 2: Compute new object addresses 4.716ms
[66.527s][info][gc,phases,start] GC(1433) Phase 3: Adjust pointers
[66.533s][info][gc,phases      ] GC(1433) Phase 3: Adjust pointers 6.371ms
[66.533s][info][gc,phases,start] GC(1433) Phase 4: Move objects
[66.559s][info][gc,phases      ] GC(1433) Phase 4: Move objects 25.859ms
[66.560s][info][gc,heap        ] GC(1433) DefNew: 157068K(157248K)->2844K(157248K) Eden: 139776K(139776K)->2844K(139776K) From: 17292K(17472K)->0K(17472K)
[66.560s][info][gc,heap        ] GC(1433) Tenured: 349403K(349568K)->349519K(349568K)
[66.560s][info][gc,metaspace   ] GC(1433) Metaspace: 31063K(31360K)->31063K(31360K) NonClass: 27809K(27904K)->27809K(27904K) Class: 3254K(3456K)->3254K(3456K)
[66.560s][info][gc             ] GC(1433) Pause Full (Allocation Failure) 494M->344M(494M) 46.386ms
[66.560s][info][gc,cpu         ] GC(1433) User=0.05s Sys=0.00s Real=0.04s
[66.567s][info][gc,start       ] GC(1434) Pause Full (Allocation Failure)
[66.567s][info][gc,phases,start] GC(1434) Phase 1: Mark live objects
[66.578s][info][gc,phases      ] GC(1434) Phase 1: Mark live objects 10.319ms
[66.578s][info][gc,phases,start] GC(1434) Phase 2: Compute new object addresses
[66.583s][info][gc,phases      ] GC(1434) Phase 2: Compute new object addresses 5.523ms
[66.583s][info][gc,phases,start] GC(1434) Phase 3: Adjust pointers
[66.590s][info][gc,phases      ] GC(1434) Phase 3: Adjust pointers 6.904ms
[66.590s][info][gc,phases,start] GC(1434) Phase 4: Move objects
[66.613s][info][gc,phases      ] GC(1434) Phase 4: Move objects 22.652ms
[66.613s][info][gc,heap        ] GC(1434) DefNew: 157075K(157248K)->27358K(157248K) Eden: 139776K(139776K)->27358K(139776K) From: 17299K(17472K)->0K(17472K)
[66.613s][info][gc,heap        ] GC(1434) Tenured: 349519K(349568K)->348969K(349568K)
[66.613s][info][gc,metaspace   ] GC(1434) Metaspace: 31063K(31360K)->31063K(31360K) NonClass: 27809K(27904K)->27809K(27904K) Class: 3254K(3456K)->3254K(3456K)
[66.613s][info][gc             ] GC(1434) Pause Full (Allocation Failure) 494M->367M(494M) 45.999ms
[66.613s][info][gc,cpu         ] GC(1434) User=0.04s Sys=0.00s Real=0.05s
[66.623s][info][gc,start       ] GC(1435) Pause Full (Allocation Failure)
[66.623s][info][gc,phases,start] GC(1435) Phase 1: Mark live objects
[66.636s][info][gc,phases      ] GC(1435) Phase 1: Mark live objects 13.058ms
[66.636s][info][gc,phases,start] GC(1435) Phase 2: Compute new object addresses
[66.641s][info][gc,phases      ] GC(1435) Phase 2: Compute new object addresses 5.160ms
[66.641s][info][gc,phases,start] GC(1435) Phase 3: Adjust pointers
[66.649s][info][gc,phases      ] GC(1435) Phase 3: Adjust pointers 8.012ms
[66.649s][info][gc,phases,start] GC(1435) Phase 4: Move objects
[66.686s][info][gc,phases      ] GC(1435) Phase 4: Move objects 36.399ms
[66.686s][info][gc,heap        ] GC(1435) DefNew: 157248K(157248K)->24190K(157248K) Eden: 139776K(139776K)->24190K(139776K) From: 17472K(17472K)->0K(17472K)
[66.686s][info][gc,heap        ] GC(1435) Tenured: 349230K(349568K)->349488K(349568K)
[66.686s][info][gc,metaspace   ] GC(1435) Metaspace: 31063K(31360K)->31063K(31360K) NonClass: 27809K(27904K)->27809K(27904K) Class: 3254K(3456K)->3254K(3456K)
[66.686s][info][gc             ] GC(1435) Pause Full (Allocation Failure) 494M->364M(494M) 63.372ms
[66.686s][info][gc,cpu         ] GC(1435) User=0.06s Sys=0.00s Real=0.06s
[66.697s][info][gc,start       ] GC(1436) Pause Full (Allocation Failure)
[66.698s][info][gc,phases,start] GC(1436) Phase 1: Mark live objects
[66.713s][info][gc,phases      ] GC(1436) Phase 1: Mark live objects 15.662ms
[66.713s][info][gc,phases,start] GC(1436) Phase 2: Compute new object addresses
[66.720s][info][gc,phases      ] GC(1436) Phase 2: Compute new object addresses 6.560ms
[66.720s][info][gc,phases,start] GC(1436) Phase 3: Adjust pointers
[66.728s][info][gc,phases      ] GC(1436) Phase 3: Adjust pointers 8.444ms
[66.728s][info][gc,phases,start] GC(1436) Phase 4: Move objects
[66.762s][info][gc,phases      ] GC(1436) Phase 4: Move objects 33.653ms
[66.762s][info][gc,heap        ] GC(1436) DefNew: 156859K(157248K)->4120K(157248K) Eden: 139776K(139776K)->4120K(139776K) From: 17083K(17472K)->0K(17472K)
[66.762s][info][gc,heap        ] GC(1436) Tenured: 349488K(349568K)->349343K(349568K)
[66.762s][info][gc,metaspace   ] GC(1436) Metaspace: 31063K(31360K)->31063K(31360K) NonClass: 27809K(27904K)->27809K(27904K) Class: 3254K(3456K)->3254K(3456K)
[66.762s][info][gc             ] GC(1436) Pause Full (Allocation Failure) 494M->345M(494M) 64.930ms
[66.762s][info][gc,cpu         ] GC(1436) User=0.07s Sys=0.00s Real=0.07s
[66.770s][info][gc,start       ] GC(1437) Pause Full (Allocation Failure)
[66.770s][info][gc,phases,start] GC(1437) Phase 1: Mark live objects
[66.781s][info][gc,phases      ] GC(1437) Phase 1: Mark live objects 10.535ms
[66.781s][info][gc,phases,start] GC(1437) Phase 2: Compute new object addresses
[66.786s][info][gc,phases      ] GC(1437) Phase 2: Compute new object addresses 5.367ms
[66.786s][info][gc,phases,start] GC(1437) Phase 3: Adjust pointers
[66.793s][info][gc,phases      ] GC(1437) Phase 3: Adjust pointers 6.687ms
[66.793s][info][gc,phases,start] GC(1437) Phase 4: Move objects
[66.818s][info][gc,phases      ] GC(1437) Phase 4: Move objects 25.125ms
[66.818s][info][gc,heap        ] GC(1437) DefNew: 157046K(157248K)->12867K(157248K) Eden: 139776K(139776K)->12867K(139776K) From: 17270K(17472K)->0K(17472K)
[66.818s][info][gc,heap        ] GC(1437) Tenured: 349343K(349568K)->349360K(349568K)
[66.818s][info][gc,metaspace   ] GC(1437) Metaspace: 31063K(31360K)->31063K(31360K) NonClass: 27809K(27904K)->27809K(27904K) Class: 3254K(3456K)->3254K(3456K)
[66.818s][info][gc             ] GC(1437) Pause Full (Allocation Failure) 494M->353M(494M) 48.208ms
[66.818s][info][gc,cpu         ] GC(1437) User=0.05s Sys=0.00s Real=0.04s
[66.829s][info][gc,start       ] GC(1438) Pause Full (Allocation Failure)
[66.829s][info][gc,phases,start] GC(1438) Phase 1: Mark live objects
[66.838s][info][gc,phases      ] GC(1438) Phase 1: Mark live objects 9.430ms
[66.838s][info][gc,phases,start] GC(1438) Phase 2: Compute new object addresses
[66.843s][info][gc,phases      ] GC(1438) Phase 2: Compute new object addresses 4.979ms
[66.843s][info][gc,phases,start] GC(1438) Phase 3: Adjust pointers
[66.850s][info][gc,phases      ] GC(1438) Phase 3: Adjust pointers 6.480ms
[66.850s][info][gc,phases,start] GC(1438) Phase 4: Move objects
[66.869s][info][gc,phases      ] GC(1438) Phase 4: Move objects 19.075ms
[66.869s][info][gc,heap        ] GC(1438) DefNew: 156977K(157248K)->30442K(157248K) Eden: 139776K(139776K)->30442K(139776K) From: 17201K(17472K)->0K(17472K)
[66.869s][info][gc,heap        ] GC(1438) Tenured: 349360K(349568K)->349488K(349568K)
[66.869s][info][gc,metaspace   ] GC(1438) Metaspace: 31063K(31360K)->31063K(31360K) NonClass: 27809K(27904K)->27809K(27904K) Class: 3254K(3456K)->3254K(3456K)
[66.869s][info][gc             ] GC(1438) Pause Full (Allocation Failure) 494M->371M(494M) 40.471ms
[66.869s][info][gc,cpu         ] GC(1438) User=0.04s Sys=0.00s Real=0.04s
[66.881s][info][gc,start       ] GC(1439) Pause Full (Allocation Failure)
[66.881s][info][gc,phases,start] GC(1439) Phase 1: Mark live objects
[66.890s][info][gc,phases      ] GC(1439) Phase 1: Mark live objects 9.210ms
[66.890s][info][gc,phases,start] GC(1439) Phase 2: Compute new object addresses
[66.895s][info][gc,phases      ] GC(1439) Phase 2: Compute new object addresses 4.762ms
[66.895s][info][gc,phases,start] GC(1439) Phase 3: Adjust pointers
[66.902s][info][gc,phases      ] GC(1439) Phase 3: Adjust pointers 6.697ms
[66.902s][info][gc,phases,start] GC(1439) Phase 4: Move objects
[66.926s][info][gc,phases      ] GC(1439) Phase 4: Move objects 24.065ms
[66.926s][info][gc,heap        ] GC(1439) DefNew: 157120K(157248K)->26490K(157248K) Eden: 139776K(139776K)->26490K(139776K) From: 17344K(17472K)->0K(17472K)
[66.926s][info][gc,heap        ] GC(1439) Tenured: 349488K(349568K)->349492K(349568K)
[66.926s][info][gc,metaspace   ] GC(1439) Metaspace: 31063K(31360K)->31063K(31360K) NonClass: 27809K(27904K)->27809K(27904K) Class: 3254K(3456K)->3254K(3456K)
[66.926s][info][gc             ] GC(1439) Pause Full (Allocation Failure) 494M->367M(494M) 45.218ms
[66.926s][info][gc,cpu         ] GC(1439) User=0.04s Sys=0.00s Real=0.05s
[66.939s][info][gc,start       ] GC(1440) Pause Full (Allocation Failure)
[66.939s][info][gc,phases,start] GC(1440) Phase 1: Mark live objects
[66.948s][info][gc,phases      ] GC(1440) Phase 1: Mark live objects 9.313ms
[66.948s][info][gc,phases,start] GC(1440) Phase 2: Compute new object addresses
[66.952s][info][gc,phases      ] GC(1440) Phase 2: Compute new object addresses 4.476ms
[66.953s][info][gc,phases,start] GC(1440) Phase 3: Adjust pointers
[66.958s][info][gc,phases      ] GC(1440) Phase 3: Adjust pointers 5.929ms
[66.958s][info][gc,phases,start] GC(1440) Phase 4: Move objects
[66.983s][info][gc,phases      ] GC(1440) Phase 4: Move objects 24.117ms
[66.983s][info][gc,heap        ] GC(1440) DefNew: 157121K(157248K)->24042K(157248K) Eden: 139776K(139776K)->24042K(139776K) From: 17345K(17472K)->0K(17472K)
[66.983s][info][gc,heap        ] GC(1440) Tenured: 349492K(349568K)->349452K(349568K)
[66.983s][info][gc,metaspace   ] GC(1440) Metaspace: 31063K(31360K)->31063K(31360K) NonClass: 27809K(27904K)->27809K(27904K) Class: 3254K(3456K)->3254K(3456K)
[66.983s][info][gc             ] GC(1440) Pause Full (Allocation Failure) 494M->364M(494M) 44.248ms
[66.983s][info][gc,cpu         ] GC(1440) User=0.04s Sys=0.00s Real=0.05s
[66.990s][info][gc,start       ] GC(1441) Pause Full (Allocation Failure)
[66.990s][info][gc,phases,start] GC(1441) Phase 1: Mark live objects
[67.000s][info][gc,phases      ] GC(1441) Phase 1: Mark live objects 9.882ms
[67.000s][info][gc,phases,start] GC(1441) Phase 2: Compute new object addresses
[67.005s][info][gc,phases      ] GC(1441) Phase 2: Compute new object addresses 4.665ms
[67.005s][info][gc,phases,start] GC(1441) Phase 3: Adjust pointers
[67.011s][info][gc,phases      ] GC(1441) Phase 3: Adjust pointers 6.517ms
[67.011s][info][gc,phases,start] GC(1441) Phase 4: Move objects
[67.037s][info][gc,phases      ] GC(1441) Phase 4: Move objects 25.434ms
[67.037s][info][gc,heap        ] GC(1441) DefNew: 157062K(157248K)->12616K(157248K) Eden: 139776K(139776K)->12616K(139776K) From: 17286K(17472K)->0K(17472K)
[67.037s][info][gc,heap        ] GC(1441) Tenured: 349452K(349568K)->349343K(349568K)
[67.037s][info][gc,metaspace   ] GC(1441) Metaspace: 31063K(31360K)->31063K(31360K) NonClass: 27809K(27904K)->27809K(27904K) Class: 3254K(3456K)->3254K(3456K)
[67.037s][info][gc             ] GC(1441) Pause Full (Allocation Failure) 494M->353M(494M) 46.953ms
[67.037s][info][gc,cpu         ] GC(1441) User=0.04s Sys=0.00s Real=0.05s
[67.045s][info][gc,start       ] GC(1442) Pause Full (Allocation Failure)
[67.045s][info][gc,phases,start] GC(1442) Phase 1: Mark live objects
[67.055s][info][gc,phases      ] GC(1442) Phase 1: Mark live objects 9.811ms
[67.055s][info][gc,phases,start] GC(1442) Phase 2: Compute new object addresses
[67.060s][info][gc,phases      ] GC(1442) Phase 2: Compute new object addresses 4.681ms
[67.060s][info][gc,phases,start] GC(1442) Phase 3: Adjust pointers
[67.066s][info][gc,phases      ] GC(1442) Phase 3: Adjust pointers 5.847ms
[67.066s][info][gc,phases,start] GC(1442) Phase 4: Move objects
[67.083s][info][gc,phases      ] GC(1442) Phase 4: Move objects 17.346ms
[67.083s][info][gc,heap        ] GC(1442) DefNew: 157016K(157248K)->31878K(157248K) Eden: 139776K(139776K)->31878K(139776K) From: 17240K(17472K)->0K(17472K)
[67.083s][info][gc,heap        ] GC(1442) Tenured: 349343K(349568K)->349493K(349568K)
[67.083s][info][gc,metaspace   ] GC(1442) Metaspace: 31063K(31360K)->31063K(31360K) NonClass: 27809K(27904K)->27809K(27904K) Class: 3254K(3456K)->3254K(3456K)
[67.083s][info][gc             ] GC(1442) Pause Full (Allocation Failure) 494M->372M(494M) 38.107ms
[67.083s][info][gc,cpu         ] GC(1442) User=0.04s Sys=0.00s Real=0.04s
[67.089s][info][gc,start       ] GC(1443) Pause Full (Allocation Failure)
[67.089s][info][gc,phases,start] GC(1443) Phase 1: Mark live objects
[67.099s][info][gc,phases      ] GC(1443) Phase 1: Mark live objects 9.308ms
[67.099s][info][gc,phases,start] GC(1443) Phase 2: Compute new object addresses
[67.103s][info][gc,phases      ] GC(1443) Phase 2: Compute new object addresses 4.572ms
[67.103s][info][gc,phases,start] GC(1443) Phase 3: Adjust pointers
[67.109s][info][gc,phases      ] GC(1443) Phase 3: Adjust pointers 6.157ms
[67.110s][info][gc,phases,start] GC(1443) Phase 4: Move objects
[67.135s][info][gc,phases      ] GC(1443) Phase 4: Move objects 25.310ms
[67.135s][info][gc,heap        ] GC(1443) DefNew: 156762K(157248K)->30438K(157248K) Eden: 139776K(139776K)->30438K(139776K) From: 16986K(17472K)->0K(17472K)
[67.135s][info][gc,heap        ] GC(1443) Tenured: 349493K(349568K)->349492K(349568K)
[67.135s][info][gc,metaspace   ] GC(1443) Metaspace: 31063K(31360K)->31063K(31360K) NonClass: 27809K(27904K)->27809K(27904K) Class: 3254K(3456K)->3254K(3456K)
[67.135s][info][gc             ] GC(1443) Pause Full (Allocation Failure) 494M->371M(494M) 45.836ms
[67.135s][info][gc,cpu         ] GC(1443) User=0.05s Sys=0.00s Real=0.05s
[67.146s][info][gc,start       ] GC(1444) Pause Full (Allocation Failure)
[67.146s][info][gc,phases,start] GC(1444) Phase 1: Mark live objects
[67.155s][info][gc,phases      ] GC(1444) Phase 1: Mark live objects 8.790ms
[67.155s][info][gc,phases,start] GC(1444) Phase 2: Compute new object addresses
[67.159s][info][gc,phases      ] GC(1444) Phase 2: Compute new object addresses 4.288ms
[67.159s][info][gc,phases,start] GC(1444) Phase 3: Adjust pointers
[67.165s][info][gc,phases      ] GC(1444) Phase 3: Adjust pointers 5.875ms
[67.165s][info][gc,phases,start] GC(1444) Phase 4: Move objects
[67.190s][info][gc,phases      ] GC(1444) Phase 4: Move objects 24.644ms
[67.190s][info][gc,heap        ] GC(1444) DefNew: 157208K(157248K)->22659K(157248K) Eden: 139776K(139776K)->22659K(139776K) From: 17432K(17472K)->0K(17472K)
[67.190s][info][gc,heap        ] GC(1444) Tenured: 349492K(349568K)->349492K(349568K)
[67.190s][info][gc,metaspace   ] GC(1444) Metaspace: 31063K(31360K)->31063K(31360K) NonClass: 27809K(27904K)->27809K(27904K) Class: 3254K(3456K)->3254K(3456K)
[67.190s][info][gc             ] GC(1444) Pause Full (Allocation Failure) 494M->363M(494M) 44.044ms
[67.190s][info][gc,cpu         ] GC(1444) User=0.04s Sys=0.00s Real=0.04s
[67.200s][info][gc,start       ] GC(1445) Pause Full (Allocation Failure)
[67.201s][info][gc,phases,start] GC(1445) Phase 1: Mark live objects
[67.210s][info][gc,phases      ] GC(1445) Phase 1: Mark live objects 9.532ms
[67.210s][info][gc,phases,start] GC(1445) Phase 2: Compute new object addresses
[67.215s][info][gc,phases      ] GC(1445) Phase 2: Compute new object addresses 4.725ms
[67.215s][info][gc,phases,start] GC(1445) Phase 3: Adjust pointers
[67.221s][info][gc,phases      ] GC(1445) Phase 3: Adjust pointers 6.274ms
[67.221s][info][gc,phases,start] GC(1445) Phase 4: Move objects
[67.247s][info][gc,phases      ] GC(1445) Phase 4: Move objects 26.028ms
[67.247s][info][gc,heap        ] GC(1445) DefNew: 157080K(157248K)->6710K(157248K) Eden: 139776K(139776K)->6710K(139776K) From: 17304K(17472K)->0K(17472K)
[67.247s][info][gc,heap        ] GC(1445) Tenured: 349492K(349568K)->349329K(349568K)
[67.247s][info][gc,metaspace   ] GC(1445) Metaspace: 31063K(31360K)->31063K(31360K) NonClass: 27809K(27904K)->27809K(27904K) Class: 3254K(3456K)->3254K(3456K)
[67.247s][info][gc             ] GC(1445) Pause Full (Allocation Failure) 494M->347M(494M) 46.980ms
[67.247s][info][gc,cpu         ] GC(1445) User=0.04s Sys=0.00s Real=0.05s
[67.258s][info][gc,start       ] GC(1446) Pause Full (Allocation Failure)
[67.258s][info][gc,phases,start] GC(1446) Phase 1: Mark live objects
[67.268s][info][gc,phases      ] GC(1446) Phase 1: Mark live objects 9.673ms
[67.268s][info][gc,phases,start] GC(1446) Phase 2: Compute new object addresses
[67.273s][info][gc,phases      ] GC(1446) Phase 2: Compute new object addresses 4.905ms
[67.273s][info][gc,phases,start] GC(1446) Phase 3: Adjust pointers
[67.280s][info][gc,phases      ] GC(1446) Phase 3: Adjust pointers 6.564ms
[67.280s][info][gc,phases,start] GC(1446) Phase 4: Move objects
[67.299s][info][gc,phases      ] GC(1446) Phase 4: Move objects 18.961ms
[67.299s][info][gc,heap        ] GC(1446) DefNew: 156537K(157248K)->24774K(157248K) Eden: 139776K(139776K)->24774K(139776K) From: 16761K(17472K)->0K(17472K)
[67.299s][info][gc,heap        ] GC(1446) Tenured: 349329K(349568K)->349447K(349568K)
[67.299s][info][gc,metaspace   ] GC(1446) Metaspace: 31063K(31360K)->31063K(31360K) NonClass: 27809K(27904K)->27809K(27904K) Class: 3254K(3456K)->3254K(3456K)
[67.299s][info][gc             ] GC(1446) Pause Full (Allocation Failure) 494M->365M(494M) 40.607ms
[67.299s][info][gc,cpu         ] GC(1446) User=0.04s Sys=0.00s Real=0.04s
[67.308s][info][gc,start       ] GC(1447) Pause Full (Allocation Failure)
[67.308s][info][gc,phases,start] GC(1447) Phase 1: Mark live objects
[67.321s][info][gc,phases      ] GC(1447) Phase 1: Mark live objects 13.200ms
[67.321s][info][gc,phases,start] GC(1447) Phase 2: Compute new object addresses
[67.326s][info][gc,phases      ] GC(1447) Phase 2: Compute new object addresses 4.996ms
[67.326s][info][gc,phases,start] GC(1447) Phase 3: Adjust pointers
[67.333s][info][gc,phases      ] GC(1447) Phase 3: Adjust pointers 6.805ms
[67.333s][info][gc,phases,start] GC(1447) Phase 4: Move objects
[67.360s][info][gc,phases      ] GC(1447) Phase 4: Move objects 27.591ms
[67.361s][info][gc,heap        ] GC(1447) DefNew: 156938K(157248K)->27383K(157248K) Eden: 139776K(139776K)->27383K(139776K) From: 17162K(17472K)->0K(17472K)
[67.361s][info][gc,heap        ] GC(1447) Tenured: 349447K(349568K)->349452K(349568K)
[67.361s][info][gc,metaspace   ] GC(1447) Metaspace: 31063K(31360K)->31063K(31360K) NonClass: 27809K(27904K)->27809K(27904K) Class: 3254K(3456K)->3254K(3456K)
[67.361s][info][gc             ] GC(1447) Pause Full (Allocation Failure) 494M->368M(494M) 53.107ms
[67.361s][info][gc,cpu         ] GC(1447) User=0.05s Sys=0.00s Real=0.05s
[67.371s][info][gc,start       ] GC(1448) Pause Full (Allocation Failure)
[67.371s][info][gc,phases,start] GC(1448) Phase 1: Mark live objects
[67.381s][info][gc,phases      ] GC(1448) Phase 1: Mark live objects 9.605ms
[67.381s][info][gc,phases,start] GC(1448) Phase 2: Compute new object addresses
[67.386s][info][gc,phases      ] GC(1448) Phase 2: Compute new object addresses 4.556ms
[67.386s][info][gc,phases,start] GC(1448) Phase 3: Adjust pointers
[67.392s][info][gc,phases      ] GC(1448) Phase 3: Adjust pointers 5.895ms
[67.392s][info][gc,phases,start] GC(1448) Phase 4: Move objects
[67.415s][info][gc,phases      ] GC(1448) Phase 4: Move objects 23.404ms
[67.415s][info][gc,heap        ] GC(1448) DefNew: 156594K(157248K)->20075K(157248K) Eden: 139776K(139776K)->20075K(139776K) From: 16818K(17472K)->0K(17472K)
[67.415s][info][gc,heap        ] GC(1448) Tenured: 349452K(349568K)->349497K(349568K)
[67.415s][info][gc,metaspace   ] GC(1448) Metaspace: 31063K(31360K)->31063K(31360K) NonClass: 27809K(27904K)->27809K(27904K) Class: 3254K(3456K)->3254K(3456K)
[67.415s][info][gc             ] GC(1448) Pause Full (Allocation Failure) 494M->360M(494M) 43.902ms
[67.415s][info][gc,cpu         ] GC(1448) User=0.04s Sys=0.00s Real=0.04s
[67.428s][info][gc,start       ] GC(1449) Pause Full (Allocation Failure)
[67.428s][info][gc,phases,start] GC(1449) Phase 1: Mark live objects
[67.437s][info][gc,phases      ] GC(1449) Phase 1: Mark live objects 9.085ms
[67.437s][info][gc,phases,start] GC(1449) Phase 2: Compute new object addresses
[67.442s][info][gc,phases      ] GC(1449) Phase 2: Compute new object addresses 4.680ms
[67.442s][info][gc,phases,start] GC(1449) Phase 3: Adjust pointers
[67.448s][info][gc,phases      ] GC(1449) Phase 3: Adjust pointers 6.406ms
[67.448s][info][gc,phases,start] GC(1449) Phase 4: Move objects
[67.473s][info][gc,phases      ] GC(1449) Phase 4: Move objects 25.144ms
[67.474s][info][gc,heap        ] GC(1449) DefNew: 156257K(157248K)->2067K(157248K) Eden: 139776K(139776K)->2067K(139776K) From: 16481K(17472K)->0K(17472K)
[67.474s][info][gc,heap        ] GC(1449) Tenured: 349497K(349568K)->349346K(349568K)
[67.474s][info][gc,metaspace   ] GC(1449) Metaspace: 31063K(31360K)->31063K(31360K) NonClass: 27809K(27904K)->27809K(27904K) Class: 3254K(3456K)->3254K(3456K)
[67.474s][info][gc             ] GC(1449) Pause Full (Allocation Failure) 493M->343M(494M) 45.813ms
[67.474s][info][gc,cpu         ] GC(1449) User=0.05s Sys=0.00s Real=0.05s
[67.484s][info][gc,start       ] GC(1450) Pause Full (Allocation Failure)
[67.484s][info][gc,phases,start] GC(1450) Phase 1: Mark live objects
[67.494s][info][gc,phases      ] GC(1450) Phase 1: Mark live objects 9.502ms
[67.494s][info][gc,phases,start] GC(1450) Phase 2: Compute new object addresses
[67.498s][info][gc,phases      ] GC(1450) Phase 2: Compute new object addresses 4.530ms
[67.498s][info][gc,phases,start] GC(1450) Phase 3: Adjust pointers
[67.504s][info][gc,phases      ] GC(1450) Phase 3: Adjust pointers 5.914ms
[67.504s][info][gc,phases,start] GC(1450) Phase 4: Move objects
[67.522s][info][gc,phases      ] GC(1450) Phase 4: Move objects 17.778ms
[67.522s][info][gc,heap        ] GC(1450) DefNew: 156541K(157248K)->21351K(157248K) Eden: 139776K(139776K)->21351K(139776K) From: 16765K(17472K)->0K(17472K)
[67.522s][info][gc,heap        ] GC(1450) Tenured: 349346K(349568K)->349491K(349568K)
[67.522s][info][gc,metaspace   ] GC(1450) Metaspace: 31063K(31360K)->31063K(31360K) NonClass: 27809K(27904K)->27809K(27904K) Class: 3254K(3456K)->3254K(3456K)
[67.522s][info][gc             ] GC(1450) Pause Full (Allocation Failure) 494M->362M(494M) 38.244ms
[67.522s][info][gc,cpu         ] GC(1450) User=0.04s Sys=0.00s Real=0.04s
[67.533s][info][gc,start       ] GC(1451) Pause Full (Allocation Failure)
[67.533s][info][gc,phases,start] GC(1451) Phase 1: Mark live objects
[67.542s][info][gc,phases      ] GC(1451) Phase 1: Mark live objects 9.489ms
[67.542s][info][gc,phases,start] GC(1451) Phase 2: Compute new object addresses
[67.547s][info][gc,phases      ] GC(1451) Phase 2: Compute new object addresses 4.667ms
[67.547s][info][gc,phases,start] GC(1451) Phase 3: Adjust pointers
[67.553s][info][gc,phases      ] GC(1451) Phase 3: Adjust pointers 6.191ms
[67.553s][info][gc,phases,start] GC(1451) Phase 4: Move objects
[67.576s][info][gc,phases      ] GC(1451) Phase 4: Move objects 22.586ms
[67.576s][info][gc,heap        ] GC(1451) DefNew: 156822K(157248K)->22995K(157248K) Eden: 139776K(139776K)->22995K(139776K) From: 17046K(17472K)->0K(17472K)
[67.576s][info][gc,heap        ] GC(1451) Tenured: 349491K(349568K)->348965K(349568K)
[67.576s][info][gc,metaspace   ] GC(1451) Metaspace: 31063K(31360K)->31063K(31360K) NonClass: 27809K(27904K)->27809K(27904K) Class: 3254K(3456K)->3254K(3456K)
[67.576s][info][gc             ] GC(1451) Pause Full (Allocation Failure) 494M->363M(494M) 43.360ms
[67.576s][info][gc,cpu         ] GC(1451) User=0.04s Sys=0.00s Real=0.04s
[67.584s][info][gc,start       ] GC(1452) Pause Full (Allocation Failure)
[67.584s][info][gc,phases,start] GC(1452) Phase 1: Mark live objects
[67.593s][info][gc,phases      ] GC(1452) Phase 1: Mark live objects 8.876ms
[67.593s][info][gc,phases,start] GC(1452) Phase 2: Compute new object addresses
[67.598s][info][gc,phases      ] GC(1452) Phase 2: Compute new object addresses 4.486ms
[67.598s][info][gc,phases,start] GC(1452) Phase 3: Adjust pointers
[67.604s][info][gc,phases      ] GC(1452) Phase 3: Adjust pointers 5.946ms
[67.604s][info][gc,phases,start] GC(1452) Phase 4: Move objects
[67.627s][info][gc,phases      ] GC(1452) Phase 4: Move objects 22.792ms
[67.627s][info][gc,heap        ] GC(1452) DefNew: 157176K(157248K)->26747K(157248K) Eden: 139776K(139776K)->26747K(139776K) From: 17400K(17472K)->0K(17472K)
[67.627s][info][gc,heap        ] GC(1452) Tenured: 349477K(349568K)->349487K(349568K)
[67.627s][info][gc,metaspace   ] GC(1452) Metaspace: 31063K(31360K)->31063K(31360K) NonClass: 27809K(27904K)->27809K(27904K) Class: 3254K(3456K)->3254K(3456K)
[67.627s][info][gc             ] GC(1452) Pause Full (Allocation Failure) 494M->367M(494M) 42.552ms
[67.627s][info][gc,cpu         ] GC(1452) User=0.05s Sys=0.00s Real=0.04s
[67.635s][info][gc,start       ] GC(1453) Pause Full (Allocation Failure)
[67.635s][info][gc,phases,start] GC(1453) Phase 1: Mark live objects
[67.644s][info][gc,phases      ] GC(1453) Phase 1: Mark live objects 9.223ms
[67.644s][info][gc,phases,start] GC(1453) Phase 2: Compute new object addresses
[67.649s][info][gc,phases      ] GC(1453) Phase 2: Compute new object addresses 4.485ms
[67.649s][info][gc,phases,start] GC(1453) Phase 3: Adjust pointers
[67.655s][info][gc,phases      ] GC(1453) Phase 3: Adjust pointers 5.874ms
[67.655s][info][gc,phases,start] GC(1453) Phase 4: Move objects
[67.680s][info][gc,phases      ] GC(1453) Phase 4: Move objects 24.908ms
[67.680s][info][gc,heap        ] GC(1453) DefNew: 157195K(157248K)->9016K(157248K) Eden: 139776K(139776K)->9016K(139776K) From: 17419K(17472K)->0K(17472K)
[67.680s][info][gc,heap        ] GC(1453) Tenured: 349487K(349568K)->349323K(349568K)
[67.680s][info][gc,metaspace   ] GC(1453) Metaspace: 31063K(31360K)->31063K(31360K) NonClass: 27809K(27904K)->27809K(27904K) Class: 3254K(3456K)->3254K(3456K)
[67.680s][info][gc             ] GC(1453) Pause Full (Allocation Failure) 494M->349M(494M) 44.902ms
[67.680s][info][gc,cpu         ] GC(1453) User=0.04s Sys=0.00s Real=0.04s
[67.691s][info][gc,start       ] GC(1454) Pause Full (Allocation Failure)
[67.691s][info][gc,phases,start] GC(1454) Phase 1: Mark live objects
[67.700s][info][gc,phases      ] GC(1454) Phase 1: Mark live objects 8.719ms
[67.700s][info][gc,phases,start] GC(1454) Phase 2: Compute new object addresses
[67.704s][info][gc,phases      ] GC(1454) Phase 2: Compute new object addresses 4.491ms
[67.704s][info][gc,phases,start] GC(1454) Phase 3: Adjust pointers
[67.710s][info][gc,phases      ] GC(1454) Phase 3: Adjust pointers 5.837ms
[67.710s][info][gc,phases,start] GC(1454) Phase 4: Move objects
[67.728s][info][gc,phases      ] GC(1454) Phase 4: Move objects 18.021ms
[67.728s][info][gc,heap        ] GC(1454) DefNew: 156817K(157248K)->23923K(157248K) Eden: 139776K(139776K)->23923K(139776K) From: 17041K(17472K)->0K(17472K)
[67.728s][info][gc,heap        ] GC(1454) Tenured: 349323K(349568K)->349498K(349568K)
[67.728s][info][gc,metaspace   ] GC(1454) Metaspace: 31063K(31360K)->31063K(31360K) NonClass: 27809K(27904K)->27809K(27904K) Class: 3254K(3456K)->3254K(3456K)
[67.728s][info][gc             ] GC(1454) Pause Full (Allocation Failure) 494M->364M(494M) 37.515ms
[67.728s][info][gc,cpu         ] GC(1454) User=0.03s Sys=0.00s Real=0.03s
[67.735s][info][gc,start       ] GC(1455) Pause Full (Allocation Failure)
[67.735s][info][gc,phases,start] GC(1455) Phase 1: Mark live objects
[67.744s][info][gc,phases      ] GC(1455) Phase 1: Mark live objects 9.528ms
[67.744s][info][gc,phases,start] GC(1455) Phase 2: Compute new object addresses
[67.749s][info][gc,phases      ] GC(1455) Phase 2: Compute new object addresses 4.626ms
[67.749s][info][gc,phases,start] GC(1455) Phase 3: Adjust pointers
[67.755s][info][gc,phases      ] GC(1455) Phase 3: Adjust pointers 6.270ms
[67.755s][info][gc,phases,start] GC(1455) Phase 4: Move objects
[67.778s][info][gc,phases      ] GC(1455) Phase 4: Move objects 22.947ms
[67.778s][info][gc,heap        ] GC(1455) DefNew: 157004K(157248K)->29658K(157248K) Eden: 139776K(139776K)->29658K(139776K) From: 17228K(17472K)->0K(17472K)
[67.778s][info][gc,heap        ] GC(1455) Tenured: 349498K(349568K)->349495K(349568K)
[67.778s][info][gc,metaspace   ] GC(1455) Metaspace: 31063K(31360K)->31063K(31360K) NonClass: 27809K(27904K)->27809K(27904K) Class: 3254K(3456K)->3254K(3456K)
[67.778s][info][gc             ] GC(1455) Pause Full (Allocation Failure) 494M->370M(494M) 43.861ms
[67.778s][info][gc,cpu         ] GC(1455) User=0.05s Sys=0.00s Real=0.04s
[67.790s][info][gc,start       ] GC(1456) Pause Full (Allocation Failure)
[67.790s][info][gc,phases,start] GC(1456) Phase 1: Mark live objects
[67.800s][info][gc,phases      ] GC(1456) Phase 1: Mark live objects 9.562ms
[67.800s][info][gc,phases,start] GC(1456) Phase 2: Compute new object addresses
[67.804s][info][gc,phases      ] GC(1456) Phase 2: Compute new object addresses 4.298ms
[67.804s][info][gc,phases,start] GC(1456) Phase 3: Adjust pointers
[67.810s][info][gc,phases      ] GC(1456) Phase 3: Adjust pointers 5.852ms
[67.810s][info][gc,phases,start] GC(1456) Phase 4: Move objects
[67.833s][info][gc,phases      ] GC(1456) Phase 4: Move objects 23.410ms
[67.833s][info][gc,heap        ] GC(1456) DefNew: 157061K(157248K)->22133K(157248K) Eden: 139776K(139776K)->22133K(139776K) From: 17285K(17472K)->0K(17472K)
[67.833s][info][gc,heap        ] GC(1456) Tenured: 349495K(349568K)->349486K(349568K)
[67.833s][info][gc,metaspace   ] GC(1456) Metaspace: 31063K(31360K)->31063K(31360K) NonClass: 27809K(27904K)->27809K(27904K) Class: 3254K(3456K)->3254K(3456K)
[67.833s][info][gc             ] GC(1456) Pause Full (Allocation Failure) 494M->362M(494M) 43.576ms
[67.833s][info][gc,cpu         ] GC(1456) User=0.04s Sys=0.00s Real=0.05s
[67.844s][info][gc,start       ] GC(1457) Pause Full (Allocation Failure)
[67.844s][info][gc,phases,start] GC(1457) Phase 1: Mark live objects
[67.853s][info][gc,phases      ] GC(1457) Phase 1: Mark live objects 9.245ms
[67.853s][info][gc,phases,start] GC(1457) Phase 2: Compute new object addresses
[67.858s][info][gc,phases      ] GC(1457) Phase 2: Compute new object addresses 4.764ms
[67.858s][info][gc,phases,start] GC(1457) Phase 3: Adjust pointers
[67.864s][info][gc,phases      ] GC(1457) Phase 3: Adjust pointers 6.054ms
[67.864s][info][gc,phases,start] GC(1457) Phase 4: Move objects
[67.888s][info][gc,phases      ] GC(1457) Phase 4: Move objects 24.107ms
[67.888s][info][gc,heap        ] GC(1457) DefNew: 156858K(157248K)->3877K(157248K) Eden: 139776K(139776K)->3877K(139776K) From: 17082K(17472K)->0K(17472K)
[67.889s][info][gc,heap        ] GC(1457) Tenured: 349486K(349568K)->349341K(349568K)
[67.889s][info][gc,metaspace   ] GC(1457) Metaspace: 31063K(31360K)->31063K(31360K) NonClass: 27809K(27904K)->27809K(27904K) Class: 3254K(3456K)->3254K(3456K)
[67.889s][info][gc             ] GC(1457) Pause Full (Allocation Failure) 494M->344M(494M) 44.592ms
[67.889s][info][gc,cpu         ] GC(1457) User=0.04s Sys=0.00s Real=0.04s
[67.899s][info][gc,start       ] GC(1458) Pause Full (Allocation Failure)
[67.899s][info][gc,phases,start] GC(1458) Phase 1: Mark live objects
[67.909s][info][gc,phases      ] GC(1458) Phase 1: Mark live objects 9.612ms
[67.909s][info][gc,phases,start] GC(1458) Phase 2: Compute new object addresses
[67.914s][info][gc,phases      ] GC(1458) Phase 2: Compute new object addresses 4.857ms
[67.914s][info][gc,phases,start] GC(1458) Phase 3: Adjust pointers
[67.920s][info][gc,phases      ] GC(1458) Phase 3: Adjust pointers 6.194ms
[67.920s][info][gc,phases,start] GC(1458) Phase 4: Move objects
[67.938s][info][gc,phases      ] GC(1458) Phase 4: Move objects 18.205ms
[67.938s][info][gc,heap        ] GC(1458) DefNew: 156757K(157248K)->25692K(157248K) Eden: 139776K(139776K)->25692K(139776K) From: 16981K(17472K)->0K(17472K)
[67.938s][info][gc,heap        ] GC(1458) Tenured: 349341K(349568K)->349225K(349568K)
[67.938s][info][gc,metaspace   ] GC(1458) Metaspace: 31063K(31360K)->31063K(31360K) NonClass: 27809K(27904K)->27809K(27904K) Class: 3254K(3456K)->3254K(3456K)
[67.938s][info][gc             ] GC(1458) Pause Full (Allocation Failure) 494M->366M(494M) 39.381ms
[67.938s][info][gc,cpu         ] GC(1458) User=0.04s Sys=0.00s Real=0.04s
[67.949s][info][gc,start       ] GC(1459) Pause Full (Allocation Failure)
[67.949s][info][gc,phases,start] GC(1459) Phase 1: Mark live objects
[67.958s][info][gc,phases      ] GC(1459) Phase 1: Mark live objects 8.915ms
[67.958s][info][gc,phases,start] GC(1459) Phase 2: Compute new object addresses
[67.962s][info][gc,phases      ] GC(1459) Phase 2: Compute new object addresses 4.420ms
[67.962s][info][gc,phases,start] GC(1459) Phase 3: Adjust pointers
[67.969s][info][gc,phases      ] GC(1459) Phase 3: Adjust pointers 6.373ms
[67.969s][info][gc,phases,start] GC(1459) Phase 4: Move objects
[67.991s][info][gc,phases      ] GC(1459) Phase 4: Move objects 22.397ms
[67.991s][info][gc,heap        ] GC(1459) DefNew: 156677K(157248K)->22822K(157248K) Eden: 139776K(139776K)->22822K(139776K) From: 16901K(17472K)->0K(17472K)
[67.991s][info][gc,heap        ] GC(1459) Tenured: 349225K(349568K)->348628K(349568K)
[67.991s][info][gc,metaspace   ] GC(1459) Metaspace: 31063K(31360K)->31063K(31360K) NonClass: 27809K(27904K)->27809K(27904K) Class: 3254K(3456K)->3254K(3456K)
[67.991s][info][gc             ] GC(1459) Pause Full (Allocation Failure) 494M->362M(494M) 42.522ms
[67.991s][info][gc,cpu         ] GC(1459) User=0.04s Sys=0.00s Real=0.05s
[68.007s][info][gc,start       ] GC(1460) Pause Full (Allocation Failure)
[68.007s][info][gc,phases,start] GC(1460) Phase 1: Mark live objects
[68.016s][info][gc,phases      ] GC(1460) Phase 1: Mark live objects 9.525ms
[68.016s][info][gc,phases,start] GC(1460) Phase 2: Compute new object addresses
[68.021s][info][gc,phases      ] GC(1460) Phase 2: Compute new object addresses 4.506ms
[68.021s][info][gc,phases,start] GC(1460) Phase 3: Adjust pointers
[68.027s][info][gc,phases      ] GC(1460) Phase 3: Adjust pointers 5.972ms
[68.027s][info][gc,phases,start] GC(1460) Phase 4: Move objects
[68.050s][info][gc,phases      ] GC(1460) Phase 4: Move objects 23.514ms
[68.051s][info][gc,heap        ] GC(1460) DefNew: 157118K(157248K)->20846K(157248K) Eden: 139776K(139776K)->20846K(139776K) From: 17342K(17472K)->0K(17472K)
[68.051s][info][gc,heap        ] GC(1460) Tenured: 348628K(349568K)->349485K(349568K)
[68.051s][info][gc,metaspace   ] GC(1460) Metaspace: 31063K(31360K)->31063K(31360K) NonClass: 27809K(27904K)->27809K(27904K) Class: 3254K(3456K)->3254K(3456K)
[68.051s][info][gc             ] GC(1460) Pause Full (Allocation Failure) 493M->361M(494M) 43.992ms
[68.051s][info][gc,cpu         ] GC(1460) User=0.05s Sys=0.00s Real=0.05s
[68.061s][info][gc,start       ] GC(1461) Pause Full (Allocation Failure)
[68.061s][info][gc,phases,start] GC(1461) Phase 1: Mark live objects
[68.071s][info][gc,phases      ] GC(1461) Phase 1: Mark live objects 9.468ms
[68.071s][info][gc,phases,start] GC(1461) Phase 2: Compute new object addresses
[68.075s][info][gc,phases      ] GC(1461) Phase 2: Compute new object addresses 4.777ms
[68.075s][info][gc,phases,start] GC(1461) Phase 3: Adjust pointers
[68.082s][info][gc,phases      ] GC(1461) Phase 3: Adjust pointers 6.304ms
[68.082s][info][gc,phases,start] GC(1461) Phase 4: Move objects
[68.106s][info][gc,phases      ] GC(1461) Phase 4: Move objects 24.626ms
[68.107s][info][gc,heap        ] GC(1461) DefNew: 157050K(157248K)->5672K(157248K) Eden: 139776K(139776K)->5672K(139776K) From: 17274K(17472K)->0K(17472K)
[68.107s][info][gc,heap        ] GC(1461) Tenured: 349485K(349568K)->349319K(349568K)
[68.107s][info][gc,metaspace   ] GC(1461) Metaspace: 31063K(31360K)->31063K(31360K) NonClass: 27809K(27904K)->27809K(27904K) Class: 3254K(3456K)->3254K(3456K)
[68.107s][info][gc             ] GC(1461) Pause Full (Allocation Failure) 494M->346M(494M) 45.606ms
[68.107s][info][gc,cpu         ] GC(1461) User=0.05s Sys=0.00s Real=0.05s
[68.117s][info][gc,start       ] GC(1462) Pause Full (Allocation Failure)
[68.117s][info][gc,phases,start] GC(1462) Phase 1: Mark live objects
[68.127s][info][gc,phases      ] GC(1462) Phase 1: Mark live objects 9.988ms
[68.127s][info][gc,phases,start] GC(1462) Phase 2: Compute new object addresses
[68.132s][info][gc,phases      ] GC(1462) Phase 2: Compute new object addresses 4.630ms
[68.132s][info][gc,phases,start] GC(1462) Phase 3: Adjust pointers
[68.138s][info][gc,phases      ] GC(1462) Phase 3: Adjust pointers 6.224ms
[68.138s][info][gc,phases,start] GC(1462) Phase 4: Move objects
[68.155s][info][gc,phases      ] GC(1462) Phase 4: Move objects 16.840ms
[68.155s][info][gc,heap        ] GC(1462) DefNew: 156902K(157248K)->26252K(157248K) Eden: 139776K(139776K)->26252K(139776K) From: 17126K(17472K)->0K(17472K)
[68.155s][info][gc,heap        ] GC(1462) Tenured: 349319K(349568K)->348710K(349568K)
[68.155s][info][gc,metaspace   ] GC(1462) Metaspace: 31063K(31360K)->31063K(31360K) NonClass: 27809K(27904K)->27809K(27904K) Class: 3254K(3456K)->3254K(3456K)
[68.155s][info][gc             ] GC(1462) Pause Full (Allocation Failure) 494M->366M(494M) 38.099ms
[68.155s][info][gc,cpu         ] GC(1462) User=0.04s Sys=0.00s Real=0.04s
[68.166s][info][gc,start       ] GC(1463) Pause Full (Allocation Failure)
[68.166s][info][gc,phases,start] GC(1463) Phase 1: Mark live objects
[68.176s][info][gc,phases      ] GC(1463) Phase 1: Mark live objects 10.541ms
[68.176s][info][gc,phases,start] GC(1463) Phase 2: Compute new object addresses
[68.181s][info][gc,phases      ] GC(1463) Phase 2: Compute new object addresses 4.793ms
[68.181s][info][gc,phases,start] GC(1463) Phase 3: Adjust pointers
[68.188s][info][gc,phases      ] GC(1463) Phase 3: Adjust pointers 6.673ms
[68.188s][info][gc,phases,start] GC(1463) Phase 4: Move objects
[68.213s][info][gc,phases      ] GC(1463) Phase 4: Move objects 24.717ms
[68.213s][info][gc,heap        ] GC(1463) DefNew: 157248K(157248K)->23768K(157248K) Eden: 139776K(139776K)->23768K(139776K) From: 17472K(17472K)->0K(17472K)
[68.213s][info][gc,heap        ] GC(1463) Tenured: 349257K(349568K)->349482K(349568K)
[68.213s][info][gc,metaspace   ] GC(1463) Metaspace: 31063K(31360K)->31063K(31360K) NonClass: 27809K(27904K)->27809K(27904K) Class: 3254K(3456K)->3254K(3456K)
[68.213s][info][gc             ] GC(1463) Pause Full (Allocation Failure) 494M->364M(494M) 47.240ms
[68.213s][info][gc,cpu         ] GC(1463) User=0.05s Sys=0.00s Real=0.05s
[68.224s][info][gc,start       ] GC(1464) Pause Full (Allocation Failure)
[68.224s][info][gc,phases,start] GC(1464) Phase 1: Mark live objects
[68.233s][info][gc,phases      ] GC(1464) Phase 1: Mark live objects 9.520ms
[68.233s][info][gc,phases,start] GC(1464) Phase 2: Compute new object addresses
[68.238s][info][gc,phases      ] GC(1464) Phase 2: Compute new object addresses 4.418ms
[68.238s][info][gc,phases,start] GC(1464) Phase 3: Adjust pointers
[68.244s][info][gc,phases      ] GC(1464) Phase 3: Adjust pointers 6.222ms
[68.244s][info][gc,phases,start] GC(1464) Phase 4: Move objects
[68.268s][info][gc,phases      ] GC(1464) Phase 4: Move objects 23.509ms
[68.268s][info][gc,heap        ] GC(1464) DefNew: 157042K(157248K)->22650K(157248K) Eden: 139776K(139776K)->22650K(139776K) From: 17266K(17472K)->0K(17472K)
[68.268s][info][gc,heap        ] GC(1464) Tenured: 349482K(349568K)->349322K(349568K)
[68.268s][info][gc,metaspace   ] GC(1464) Metaspace: 31063K(31360K)->31063K(31360K) NonClass: 27809K(27904K)->27809K(27904K) Class: 3254K(3456K)->3254K(3456K)
[68.268s][info][gc             ] GC(1464) Pause Full (Allocation Failure) 494M->363M(494M) 44.141ms
[68.268s][info][gc,cpu         ] GC(1464) User=0.04s Sys=0.00s Real=0.04s
[68.279s][info][gc,start       ] GC(1465) Pause Full (Allocation Failure)
[68.279s][info][gc,phases,start] GC(1465) Phase 1: Mark live objects
[68.290s][info][gc,phases      ] GC(1465) Phase 1: Mark live objects 11.685ms
[68.290s][info][gc,phases,start] GC(1465) Phase 2: Compute new object addresses
[68.296s][info][gc,phases      ] GC(1465) Phase 2: Compute new object addresses 5.731ms
[68.296s][info][gc,phases,start] GC(1465) Phase 3: Adjust pointers
[68.303s][info][gc,phases      ] GC(1465) Phase 3: Adjust pointers 6.845ms
[68.303s][info][gc,phases,start] GC(1465) Phase 4: Move objects
[68.332s][info][gc,phases      ] GC(1465) Phase 4: Move objects 28.499ms
[68.332s][info][gc,heap        ] GC(1465) DefNew: 157044K(157248K)->3860K(157248K) Eden: 139776K(139776K)->3860K(139776K) From: 17268K(17472K)->0K(17472K)
[68.332s][info][gc,heap        ] GC(1465) Tenured: 349322K(349568K)->349334K(349568K)
[68.332s][info][gc,metaspace   ] GC(1465) Metaspace: 31063K(31360K)->31063K(31360K) NonClass: 27809K(27904K)->27809K(27904K) Class: 3254K(3456K)->3254K(3456K)
[68.332s][info][gc             ] GC(1465) Pause Full (Allocation Failure) 494M->344M(494M) 53.290ms
[68.332s][info][gc,cpu         ] GC(1465) User=0.06s Sys=0.00s Real=0.06s
[68.342s][info][gc,start       ] GC(1466) Pause Full (Allocation Failure)
[68.342s][info][gc,phases,start] GC(1466) Phase 1: Mark live objects
[68.352s][info][gc,phases      ] GC(1466) Phase 1: Mark live objects 9.558ms
[68.352s][info][gc,phases,start] GC(1466) Phase 2: Compute new object addresses
[68.357s][info][gc,phases      ] GC(1466) Phase 2: Compute new object addresses 4.842ms
[68.357s][info][gc,phases,start] GC(1466) Phase 3: Adjust pointers
[68.363s][info][gc,phases      ] GC(1466) Phase 3: Adjust pointers 6.210ms
[68.363s][info][gc,phases,start] GC(1466) Phase 4: Move objects
[68.382s][info][gc,phases      ] GC(1466) Phase 4: Move objects 18.683ms
[68.382s][info][gc,heap        ] GC(1466) DefNew: 156508K(157248K)->23678K(157248K) Eden: 139776K(139776K)->23678K(139776K) From: 16732K(17472K)->0K(17472K)
[68.382s][info][gc,heap        ] GC(1466) Tenured: 349334K(349568K)->348962K(349568K)
[68.382s][info][gc,metaspace   ] GC(1466) Metaspace: 31063K(31360K)->31063K(31360K) NonClass: 27809K(27904K)->27809K(27904K) Class: 3254K(3456K)->3254K(3456K)
[68.382s][info][gc             ] GC(1466) Pause Full (Allocation Failure) 493M->363M(494M) 39.748ms
[68.382s][info][gc,cpu         ] GC(1466) User=0.04s Sys=0.00s Real=0.03s
[68.391s][info][gc,start       ] GC(1467) Pause Full (Allocation Failure)
[68.391s][info][gc,phases,start] GC(1467) Phase 1: Mark live objects
[68.400s][info][gc,phases      ] GC(1467) Phase 1: Mark live objects 8.918ms
[68.400s][info][gc,phases,start] GC(1467) Phase 2: Compute new object addresses
[68.405s][info][gc,phases      ] GC(1467) Phase 2: Compute new object addresses 4.637ms
[68.405s][info][gc,phases,start] GC(1467) Phase 3: Adjust pointers
[68.411s][info][gc,phases      ] GC(1467) Phase 3: Adjust pointers 6.142ms
[68.411s][info][gc,phases,start] GC(1467) Phase 4: Move objects
[68.435s][info][gc,phases      ] GC(1467) Phase 4: Move objects 24.112ms
[68.436s][info][gc,heap        ] GC(1467) DefNew: 157231K(157248K)->27104K(157248K) Eden: 139776K(139776K)->27104K(139776K) From: 17455K(17472K)->0K(17472K)
[68.436s][info][gc,heap        ] GC(1467) Tenured: 349475K(349568K)->349482K(349568K)
[68.436s][info][gc,metaspace   ] GC(1467) Metaspace: 31063K(31360K)->31063K(31360K) NonClass: 27809K(27904K)->27809K(27904K) Class: 3254K(3456K)->3254K(3456K)
[68.436s][info][gc             ] GC(1467) Pause Full (Allocation Failure) 494M->367M(494M) 44.238ms
[68.436s][info][gc,cpu         ] GC(1467) User=0.05s Sys=0.00s Real=0.04s
[68.444s][info][gc,start       ] GC(1468) Pause Full (Allocation Failure)
[68.444s][info][gc,phases,start] GC(1468) Phase 1: Mark live objects
[68.454s][info][gc,phases      ] GC(1468) Phase 1: Mark live objects 10.293ms
[68.454s][info][gc,phases,start] GC(1468) Phase 2: Compute new object addresses
[68.459s][info][gc,phases      ] GC(1468) Phase 2: Compute new object addresses 4.755ms
[68.459s][info][gc,phases,start] GC(1468) Phase 3: Adjust pointers
[68.467s][info][gc,phases      ] GC(1468) Phase 3: Adjust pointers 8.089ms
[68.467s][info][gc,phases,start] GC(1468) Phase 4: Move objects
[68.491s][info][gc,phases      ] GC(1468) Phase 4: Move objects 23.781ms
[68.491s][info][gc,heap        ] GC(1468) DefNew: 157248K(157248K)->28540K(157248K) Eden: 139776K(139776K)->28540K(139776K) From: 17472K(17472K)->0K(17472K)
[68.491s][info][gc,heap        ] GC(1468) Tenured: 349494K(349568K)->349494K(349568K)
[68.491s][info][gc,metaspace   ] GC(1468) Metaspace: 31063K(31360K)->31063K(31360K) NonClass: 27809K(27904K)->27809K(27904K) Class: 3254K(3456K)->3254K(3456K)
[68.491s][info][gc             ] GC(1468) Pause Full (Allocation Failure) 494M->369M(494M) 47.425ms
[68.491s][info][gc,cpu         ] GC(1468) User=0.04s Sys=0.01s Real=0.05s
[68.502s][info][gc,start       ] GC(1469) Pause Full (Allocation Failure)
[68.502s][info][gc,phases,start] GC(1469) Phase 1: Mark live objects
[68.512s][info][gc,phases      ] GC(1469) Phase 1: Mark live objects 10.203ms
[68.512s][info][gc,phases,start] GC(1469) Phase 2: Compute new object addresses
[68.517s][info][gc,phases      ] GC(1469) Phase 2: Compute new object addresses 4.852ms
[68.517s][info][gc,phases,start] GC(1469) Phase 3: Adjust pointers
[68.524s][info][gc,phases      ] GC(1469) Phase 3: Adjust pointers 6.524ms
[68.524s][info][gc,phases,start] GC(1469) Phase 4: Move objects
[68.551s][info][gc,phases      ] GC(1469) Phase 4: Move objects 26.903ms
[68.551s][info][gc,heap        ] GC(1469) DefNew: 157168K(157248K)->7474K(157248K) Eden: 139776K(139776K)->7474K(139776K) From: 17392K(17472K)->0K(17472K)
[68.551s][info][gc,heap        ] GC(1469) Tenured: 349494K(349568K)->349330K(349568K)
[68.551s][info][gc,metaspace   ] GC(1469) Metaspace: 31063K(31360K)->31063K(31360K) NonClass: 27809K(27904K)->27809K(27904K) Class: 3254K(3456K)->3254K(3456K)
[68.551s][info][gc             ] GC(1469) Pause Full (Allocation Failure) 494M->348M(494M) 49.005ms
[68.551s][info][gc,cpu         ] GC(1469) User=0.05s Sys=0.00s Real=0.06s
[68.562s][info][gc,start       ] GC(1470) Pause Full (Allocation Failure)
[68.562s][info][gc,phases,start] GC(1470) Phase 1: Mark live objects
[68.571s][info][gc,phases      ] GC(1470) Phase 1: Mark live objects 9.504ms
[68.571s][info][gc,phases,start] GC(1470) Phase 2: Compute new object addresses
[68.576s][info][gc,phases      ] GC(1470) Phase 2: Compute new object addresses 4.620ms
[68.576s][info][gc,phases,start] GC(1470) Phase 3: Adjust pointers
[68.582s][info][gc,phases      ] GC(1470) Phase 3: Adjust pointers 6.055ms
[68.582s][info][gc,phases,start] GC(1470) Phase 4: Move objects
[68.600s][info][gc,phases      ] GC(1470) Phase 4: Move objects 18.226ms
[68.600s][info][gc,heap        ] GC(1470) DefNew: 156563K(157248K)->28038K(157248K) Eden: 139776K(139776K)->28038K(139776K) From: 16787K(17472K)->0K(17472K)
[68.601s][info][gc,heap        ] GC(1470) Tenured: 349330K(349568K)->349485K(349568K)
[68.601s][info][gc,metaspace   ] GC(1470) Metaspace: 31063K(31360K)->31063K(31360K) NonClass: 27809K(27904K)->27809K(27904K) Class: 3254K(3456K)->3254K(3456K)
[68.601s][info][gc             ] GC(1470) Pause Full (Allocation Failure) 494M->368M(494M) 38.918ms
[68.601s][info][gc,cpu         ] GC(1470) User=0.04s Sys=0.00s Real=0.04s
[68.611s][info][gc,start       ] GC(1471) Pause Full (Allocation Failure)
[68.611s][info][gc,phases,start] GC(1471) Phase 1: Mark live objects
[68.621s][info][gc,phases      ] GC(1471) Phase 1: Mark live objects 10.177ms
[68.621s][info][gc,phases,start] GC(1471) Phase 2: Compute new object addresses
[68.627s][info][gc,phases      ] GC(1471) Phase 2: Compute new object addresses 5.569ms
[68.627s][info][gc,phases,start] GC(1471) Phase 3: Adjust pointers
[68.633s][info][gc,phases      ] GC(1471) Phase 3: Adjust pointers 6.166ms
[68.633s][info][gc,phases,start] GC(1471) Phase 4: Move objects
[68.657s][info][gc,phases      ] GC(1471) Phase 4: Move objects 24.125ms
[68.657s][info][gc,heap        ] GC(1471) DefNew: 157115K(157248K)->28420K(157248K) Eden: 139776K(139776K)->28420K(139776K) From: 17339K(17472K)->0K(17472K)
[68.657s][info][gc,heap        ] GC(1471) Tenured: 349485K(349568K)->349451K(349568K)
[68.657s][info][gc,metaspace   ] GC(1471) Metaspace: 31063K(31360K)->31063K(31360K) NonClass: 27809K(27904K)->27809K(27904K) Class: 3254K(3456K)->3254K(3456K)
[68.657s][info][gc             ] GC(1471) Pause Full (Allocation Failure) 494M->369M(494M) 46.520ms
[68.657s][info][gc,cpu         ] GC(1471) User=0.05s Sys=0.00s Real=0.04s
[68.665s][info][gc,start       ] GC(1472) Pause Full (Allocation Failure)
[68.666s][info][gc,phases,start] GC(1472) Phase 1: Mark live objects
[68.675s][info][gc,phases      ] GC(1472) Phase 1: Mark live objects 9.625ms
[68.675s][info][gc,phases,start] GC(1472) Phase 2: Compute new object addresses
[68.680s][info][gc,phases      ] GC(1472) Phase 2: Compute new object addresses 4.630ms
[68.680s][info][gc,phases,start] GC(1472) Phase 3: Adjust pointers
[68.686s][info][gc,phases      ] GC(1472) Phase 3: Adjust pointers 6.311ms
[68.686s][info][gc,phases,start] GC(1472) Phase 4: Move objects
[68.711s][info][gc,phases      ] GC(1472) Phase 4: Move objects 25.080ms
[68.712s][info][gc,heap        ] GC(1472) DefNew: 157207K(157248K)->29825K(157248K) Eden: 139776K(139776K)->29825K(139776K) From: 17431K(17472K)->0K(17472K)
[68.712s][info][gc,heap        ] GC(1472) Tenured: 349451K(349568K)->349487K(349568K)
[68.712s][info][gc,metaspace   ] GC(1472) Metaspace: 31063K(31360K)->31063K(31360K) NonClass: 27809K(27904K)->27809K(27904K) Class: 3254K(3456K)->3254K(3456K)
[68.712s][info][gc             ] GC(1472) Pause Full (Allocation Failure) 494M->370M(494M) 46.096ms
[68.712s][info][gc,cpu         ] GC(1472) User=0.05s Sys=0.00s Real=0.05s
[68.720s][info][gc,start       ] GC(1473) Pause Full (Allocation Failure)
[68.720s][info][gc,phases,start] GC(1473) Phase 1: Mark live objects
[68.730s][info][gc,phases      ] GC(1473) Phase 1: Mark live objects 10.036ms
[68.730s][info][gc,phases,start] GC(1473) Phase 2: Compute new object addresses
[68.736s][info][gc,phases      ] GC(1473) Phase 2: Compute new object addresses 5.261ms
[68.736s][info][gc,phases,start] GC(1473) Phase 3: Adjust pointers
[68.743s][info][gc,phases      ] GC(1473) Phase 3: Adjust pointers 7.251ms
[68.743s][info][gc,phases,start] GC(1473) Phase 4: Move objects
[68.769s][info][gc,phases      ] GC(1473) Phase 4: Move objects 25.941ms
[68.769s][info][gc,heap        ] GC(1473) DefNew: 157185K(157248K)->12107K(157248K) Eden: 139776K(139776K)->12107K(139776K) From: 17409K(17472K)->0K(17472K)
[68.769s][info][gc,heap        ] GC(1473) Tenured: 349487K(349568K)->349567K(349568K)
[68.769s][info][gc,metaspace   ] GC(1473) Metaspace: 31063K(31360K)->31063K(31360K) NonClass: 27809K(27904K)->27809K(27904K) Class: 3254K(3456K)->3254K(3456K)
[68.769s][info][gc             ] GC(1473) Pause Full (Allocation Failure) 494M->353M(494M) 48.979ms
[68.769s][info][gc,cpu         ] GC(1473) User=0.05s Sys=0.00s Real=0.05s
[68.780s][info][gc,start       ] GC(1474) Pause Full (Allocation Failure)
[68.780s][info][gc,phases,start] GC(1474) Phase 1: Mark live objects
[68.790s][info][gc,phases      ] GC(1474) Phase 1: Mark live objects 9.677ms
[68.790s][info][gc,phases,start] GC(1474) Phase 2: Compute new object addresses
[68.795s][info][gc,phases      ] GC(1474) Phase 2: Compute new object addresses 4.894ms
[68.795s][info][gc,phases,start] GC(1474) Phase 3: Adjust pointers
[68.801s][info][gc,phases      ] GC(1474) Phase 3: Adjust pointers 6.267ms
[68.801s][info][gc,phases,start] GC(1474) Phase 4: Move objects
[68.819s][info][gc,phases      ] GC(1474) Phase 4: Move objects 17.604ms
[68.819s][info][gc,heap        ] GC(1474) DefNew: 156789K(157248K)->28062K(157248K) Eden: 139776K(139776K)->28062K(139776K) From: 17013K(17472K)->0K(17472K)
[68.819s][info][gc,heap        ] GC(1474) Tenured: 349567K(349568K)->349483K(349568K)
[68.819s][info][gc,metaspace   ] GC(1474) Metaspace: 31063K(31360K)->31063K(31360K) NonClass: 27809K(27904K)->27809K(27904K) Class: 3254K(3456K)->3254K(3456K)
[68.819s][info][gc             ] GC(1474) Pause Full (Allocation Failure) 494M->368M(494M) 38.940ms
[68.819s][info][gc,cpu         ] GC(1474) User=0.03s Sys=0.00s Real=0.04s
[68.826s][info][gc,start       ] GC(1475) Pause Full (Allocation Failure)
[68.826s][info][gc,phases,start] GC(1475) Phase 1: Mark live objects
[68.836s][info][gc,phases      ] GC(1475) Phase 1: Mark live objects 9.844ms
[68.836s][info][gc,phases,start] GC(1475) Phase 2: Compute new object addresses
[68.841s][info][gc,phases      ] GC(1475) Phase 2: Compute new object addresses 4.807ms
[68.841s][info][gc,phases,start] GC(1475) Phase 3: Adjust pointers
[68.847s][info][gc,phases      ] GC(1475) Phase 3: Adjust pointers 6.641ms
[68.847s][info][gc,phases,start] GC(1475) Phase 4: Move objects
[68.871s][info][gc,phases      ] GC(1475) Phase 4: Move objects 23.847ms
[68.871s][info][gc,heap        ] GC(1475) DefNew: 157003K(157248K)->33008K(157248K) Eden: 139776K(139776K)->33008K(139776K) From: 17227K(17472K)->0K(17472K)
[68.872s][info][gc,heap        ] GC(1475) Tenured: 349483K(349568K)->349479K(349568K)
[68.872s][info][gc,metaspace   ] GC(1475) Metaspace: 31063K(31360K)->31063K(31360K) NonClass: 27809K(27904K)->27809K(27904K) Class: 3254K(3456K)->3254K(3456K)
[68.872s][info][gc             ] GC(1475) Pause Full (Allocation Failure) 494M->373M(494M) 45.617ms
[68.872s][info][gc,cpu         ] GC(1475) User=0.05s Sys=0.00s Real=0.05s
[68.880s][info][gc,start       ] GC(1476) Pause Full (Allocation Failure)
[68.880s][info][gc,phases,start] GC(1476) Phase 1: Mark live objects
[68.889s][info][gc,phases      ] GC(1476) Phase 1: Mark live objects 8.770ms
[68.889s][info][gc,phases,start] GC(1476) Phase 2: Compute new object addresses
[68.893s][info][gc,phases      ] GC(1476) Phase 2: Compute new object addresses 4.187ms
[68.893s][info][gc,phases,start] GC(1476) Phase 3: Adjust pointers
[68.899s][info][gc,phases      ] GC(1476) Phase 3: Adjust pointers 5.695ms
[68.899s][info][gc,phases,start] GC(1476) Phase 4: Move objects
[68.923s][info][gc,phases      ] GC(1476) Phase 4: Move objects 24.218ms
[68.923s][info][gc,heap        ] GC(1476) DefNew: 157009K(157248K)->32138K(157248K) Eden: 139776K(139776K)->32138K(139776K) From: 17233K(17472K)->0K(17472K)
[68.923s][info][gc,heap        ] GC(1476) Tenured: 349479K(349568K)->349487K(349568K)
[68.923s][info][gc,metaspace   ] GC(1476) Metaspace: 31063K(31360K)->31063K(31360K) NonClass: 27809K(27904K)->27809K(27904K) Class: 3254K(3456K)->3254K(3456K)
[68.923s][info][gc             ] GC(1476) Pause Full (Allocation Failure) 494M->372M(494M) 43.294ms
[68.923s][info][gc,cpu         ] GC(1476) User=0.04s Sys=0.00s Real=0.05s
[68.934s][info][gc,start       ] GC(1477) Pause Full (Allocation Failure)
[68.934s][info][gc,phases,start] GC(1477) Phase 1: Mark live objects
[68.944s][info][gc,phases      ] GC(1477) Phase 1: Mark live objects 9.507ms
[68.944s][info][gc,phases,start] GC(1477) Phase 2: Compute new object addresses
[68.948s][info][gc,phases      ] GC(1477) Phase 2: Compute new object addresses 4.518ms
[68.948s][info][gc,phases,start] GC(1477) Phase 3: Adjust pointers
[68.954s][info][gc,phases      ] GC(1477) Phase 3: Adjust pointers 6.153ms
[68.954s][info][gc,phases,start] GC(1477) Phase 4: Move objects
[68.980s][info][gc,phases      ] GC(1477) Phase 4: Move objects 25.970ms
[68.980s][info][gc,heap        ] GC(1477) DefNew: 157132K(157248K)->11584K(157248K) Eden: 139776K(139776K)->11584K(139776K) From: 17356K(17472K)->0K(17472K)
[68.981s][info][gc,heap        ] GC(1477) Tenured: 349487K(349568K)->349329K(349568K)
[68.981s][info][gc,metaspace   ] GC(1477) Metaspace: 31063K(31360K)->31063K(31360K) NonClass: 27809K(27904K)->27809K(27904K) Class: 3254K(3456K)->3254K(3456K)
[68.981s][info][gc             ] GC(1477) Pause Full (Allocation Failure) 494M->352M(494M) 46.614ms
[68.981s][info][gc,cpu         ] GC(1477) User=0.05s Sys=0.00s Real=0.04s
[68.988s][info][gc,start       ] GC(1478) Pause Full (Allocation Failure)
[68.988s][info][gc,phases,start] GC(1478) Phase 1: Mark live objects
[68.998s][info][gc,phases      ] GC(1478) Phase 1: Mark live objects 10.189ms
[68.998s][info][gc,phases,start] GC(1478) Phase 2: Compute new object addresses
[69.003s][info][gc,phases      ] GC(1478) Phase 2: Compute new object addresses 4.919ms
[69.003s][info][gc,phases,start] GC(1478) Phase 3: Adjust pointers
[69.009s][info][gc,phases      ] GC(1478) Phase 3: Adjust pointers 6.173ms
[69.009s][info][gc,phases,start] GC(1478) Phase 4: Move objects
[69.026s][info][gc,phases      ] GC(1478) Phase 4: Move objects 16.893ms
[69.027s][info][gc,heap        ] GC(1478) DefNew: 156739K(157248K)->33424K(157248K) Eden: 139776K(139776K)->33424K(139776K) From: 16963K(17472K)->0K(17472K)
[69.027s][info][gc,heap        ] GC(1478) Tenured: 349329K(349568K)->349483K(349568K)
[69.027s][info][gc,metaspace   ] GC(1478) Metaspace: 31063K(31360K)->31063K(31360K) NonClass: 27809K(27904K)->27809K(27904K) Class: 3254K(3456K)->3254K(3456K)
[69.027s][info][gc             ] GC(1478) Pause Full (Allocation Failure) 494M->373M(494M) 38.676ms
[69.027s][info][gc,cpu         ] GC(1478) User=0.04s Sys=0.00s Real=0.04s
[69.033s][info][gc,start       ] GC(1479) Pause Full (Allocation Failure)
[69.033s][info][gc,phases,start] GC(1479) Phase 1: Mark live objects
[69.042s][info][gc,phases      ] GC(1479) Phase 1: Mark live objects 9.557ms
[69.042s][info][gc,phases,start] GC(1479) Phase 2: Compute new object addresses
[69.047s][info][gc,phases      ] GC(1479) Phase 2: Compute new object addresses 4.463ms
[69.047s][info][gc,phases,start] GC(1479) Phase 3: Adjust pointers
[69.053s][info][gc,phases      ] GC(1479) Phase 3: Adjust pointers 5.830ms
[69.053s][info][gc,phases,start] GC(1479) Phase 4: Move objects
[69.077s][info][gc,phases      ] GC(1479) Phase 4: Move objects 24.439ms
[69.077s][info][gc,heap        ] GC(1479) DefNew: 157031K(157248K)->34287K(157248K) Eden: 139776K(139776K)->34287K(139776K) From: 17255K(17472K)->0K(17472K)
[69.078s][info][gc,heap        ] GC(1479) Tenured: 349483K(349568K)->349490K(349568K)
[69.078s][info][gc,metaspace   ] GC(1479) Metaspace: 31063K(31360K)->31063K(31360K) NonClass: 27809K(27904K)->27809K(27904K) Class: 3254K(3456K)->3254K(3456K)
[69.078s][info][gc             ] GC(1479) Pause Full (Allocation Failure) 494M->374M(494M) 44.763ms
[69.078s][info][gc,cpu         ] GC(1479) User=0.04s Sys=0.00s Real=0.04s
[69.090s][info][gc,start       ] GC(1480) Pause Full (Allocation Failure)
[69.090s][info][gc,phases,start] GC(1480) Phase 1: Mark live objects
[69.100s][info][gc,phases      ] GC(1480) Phase 1: Mark live objects 9.132ms
[69.100s][info][gc,phases,start] GC(1480) Phase 2: Compute new object addresses
[69.104s][info][gc,phases      ] GC(1480) Phase 2: Compute new object addresses 4.558ms
[69.104s][info][gc,phases,start] GC(1480) Phase 3: Adjust pointers
[69.113s][info][gc,phases      ] GC(1480) Phase 3: Adjust pointers 8.514ms
[69.113s][info][gc,phases,start] GC(1480) Phase 4: Move objects
[69.140s][info][gc,phases      ] GC(1480) Phase 4: Move objects 26.929ms
[69.140s][info][gc,heap        ] GC(1480) DefNew: 157248K(157248K)->9248K(157248K) Eden: 139776K(139776K)->9248K(139776K) From: 17472K(17472K)->0K(17472K)
[69.140s][info][gc,heap        ] GC(1480) Tenured: 349567K(349568K)->349514K(349568K)
[69.140s][info][gc,metaspace   ] GC(1480) Metaspace: 31063K(31360K)->31063K(31360K) NonClass: 27809K(27904K)->27809K(27904K) Class: 3254K(3456K)->3254K(3456K)
[69.140s][info][gc             ] GC(1480) Pause Full (Allocation Failure) 494M->350M(494M) 49.661ms
[69.140s][info][gc,cpu         ] GC(1480) User=0.04s Sys=0.00s Real=0.04s
[69.154s][info][gc,start       ] GC(1481) Pause Full (Allocation Failure)
[69.154s][info][gc,phases,start] GC(1481) Phase 1: Mark live objects
[69.164s][info][gc,phases      ] GC(1481) Phase 1: Mark live objects 9.818ms
[69.164s][info][gc,phases,start] GC(1481) Phase 2: Compute new object addresses
[69.169s][info][gc,phases      ] GC(1481) Phase 2: Compute new object addresses 5.061ms
[69.169s][info][gc,phases,start] GC(1481) Phase 3: Adjust pointers
[69.176s][info][gc,phases      ] GC(1481) Phase 3: Adjust pointers 6.796ms
[69.176s][info][gc,phases,start] GC(1481) Phase 4: Move objects
[69.201s][info][gc,phases      ] GC(1481) Phase 4: Move objects 25.663ms
[69.201s][info][gc,heap        ] GC(1481) DefNew: 157094K(157248K)->8229K(157248K) Eden: 139776K(139776K)->8229K(139776K) From: 17318K(17472K)->0K(17472K)
[69.201s][info][gc,heap        ] GC(1481) Tenured: 349514K(349568K)->349344K(349568K)
[69.202s][info][gc,metaspace   ] GC(1481) Metaspace: 31063K(31360K)->31063K(31360K) NonClass: 27809K(27904K)->27809K(27904K) Class: 3254K(3456K)->3254K(3456K)
[69.202s][info][gc             ] GC(1481) Pause Full (Allocation Failure) 494M->349M(494M) 47.876ms
[69.202s][info][gc,cpu         ] GC(1481) User=0.05s Sys=0.00s Real=0.04s
[69.215s][info][gc,start       ] GC(1482) Pause Full (Allocation Failure)
[69.215s][info][gc,phases,start] GC(1482) Phase 1: Mark live objects
[69.224s][info][gc,phases      ] GC(1482) Phase 1: Mark live objects 9.159ms
[69.225s][info][gc,phases,start] GC(1482) Phase 2: Compute new object addresses
[69.229s][info][gc,phases      ] GC(1482) Phase 2: Compute new object addresses 4.553ms
[69.229s][info][gc,phases,start] GC(1482) Phase 3: Adjust pointers
[69.235s][info][gc,phases      ] GC(1482) Phase 3: Adjust pointers 6.045ms
[69.235s][info][gc,phases,start] GC(1482) Phase 4: Move objects
[69.255s][info][gc,phases      ] GC(1482) Phase 4: Move objects 20.073ms
[69.256s][info][gc,heap        ] GC(1482) DefNew: 157201K(157248K)->21857K(157248K) Eden: 139776K(139776K)->21857K(139776K) From: 17425K(17472K)->0K(17472K)
[69.256s][info][gc,heap        ] GC(1482) Tenured: 349344K(349568K)->349492K(349568K)
[69.256s][info][gc,metaspace   ] GC(1482) Metaspace: 31063K(31360K)->31063K(31360K) NonClass: 27809K(27904K)->27809K(27904K) Class: 3254K(3456K)->3254K(3456K)
[69.256s][info][gc             ] GC(1482) Pause Full (Allocation Failure) 494M->362M(494M) 40.263ms
[69.256s][info][gc,cpu         ] GC(1482) User=0.04s Sys=0.00s Real=0.04s
[69.263s][info][gc,start       ] GC(1483) Pause Full (Allocation Failure)
[69.264s][info][gc,phases,start] GC(1483) Phase 1: Mark live objects
[69.273s][info][gc,phases      ] GC(1483) Phase 1: Mark live objects 9.666ms
[69.273s][info][gc,phases,start] GC(1483) Phase 2: Compute new object addresses
[69.278s][info][gc,phases      ] GC(1483) Phase 2: Compute new object addresses 4.817ms
[69.278s][info][gc,phases,start] GC(1483) Phase 3: Adjust pointers
[69.286s][info][gc,phases      ] GC(1483) Phase 3: Adjust pointers 7.940ms
[69.286s][info][gc,phases,start] GC(1483) Phase 4: Move objects
[69.315s][info][gc,phases      ] GC(1483) Phase 4: Move objects 29.137ms
[69.316s][info][gc,heap        ] GC(1483) DefNew: 157057K(157248K)->26106K(157248K) Eden: 139776K(139776K)->26106K(139776K) From: 17281K(17472K)->0K(17472K)
[69.316s][info][gc,heap        ] GC(1483) Tenured: 349492K(349568K)->348671K(349568K)
[69.316s][info][gc,metaspace   ] GC(1483) Metaspace: 31063K(31360K)->31063K(31360K) NonClass: 27809K(27904K)->27809K(27904K) Class: 3254K(3456K)->3254K(3456K)
[69.316s][info][gc             ] GC(1483) Pause Full (Allocation Failure) 494M->365M(494M) 52.141ms
[69.316s][info][gc,cpu         ] GC(1483) User=0.05s Sys=0.00s Real=0.05s
[69.322s][info][gc,start       ] GC(1484) Pause Full (Allocation Failure)
[69.322s][info][gc,phases,start] GC(1484) Phase 1: Mark live objects
[69.333s][info][gc,phases      ] GC(1484) Phase 1: Mark live objects 10.643ms
[69.333s][info][gc,phases,start] GC(1484) Phase 2: Compute new object addresses
[69.338s][info][gc,phases      ] GC(1484) Phase 2: Compute new object addresses 5.185ms
[69.338s][info][gc,phases,start] GC(1484) Phase 3: Adjust pointers
[69.345s][info][gc,phases      ] GC(1484) Phase 3: Adjust pointers 6.393ms
[69.345s][info][gc,phases,start] GC(1484) Phase 4: Move objects
[69.369s][info][gc,phases      ] GC(1484) Phase 4: Move objects 24.435ms
[69.369s][info][gc,heap        ] GC(1484) DefNew: 157247K(157248K)->24182K(157248K) Eden: 139776K(139776K)->24182K(139776K) From: 17471K(17472K)->0K(17472K)
[69.369s][info][gc,heap        ] GC(1484) Tenured: 349439K(349568K)->348704K(349568K)
[69.369s][info][gc,metaspace   ] GC(1484) Metaspace: 31063K(31360K)->31063K(31360K) NonClass: 27809K(27904K)->27809K(27904K) Class: 3254K(3456K)->3254K(3456K)
[69.369s][info][gc             ] GC(1484) Pause Full (Allocation Failure) 494M->364M(494M) 47.173ms
[69.369s][info][gc,cpu         ] GC(1484) User=0.05s Sys=0.00s Real=0.05s
[69.380s][info][gc,start       ] GC(1485) Pause Full (Allocation Failure)
[69.380s][info][gc,phases,start] GC(1485) Phase 1: Mark live objects
[69.391s][info][gc,phases      ] GC(1485) Phase 1: Mark live objects 11.080ms
[69.392s][info][gc,phases,start] GC(1485) Phase 2: Compute new object addresses
[69.396s][info][gc,phases      ] GC(1485) Phase 2: Compute new object addresses 4.958ms
[69.397s][info][gc,phases,start] GC(1485) Phase 3: Adjust pointers
[69.403s][info][gc,phases      ] GC(1485) Phase 3: Adjust pointers 6.453ms
[69.403s][info][gc,phases,start] GC(1485) Phase 4: Move objects
[69.428s][info][gc,phases      ] GC(1485) Phase 4: Move objects 25.379ms
[69.429s][info][gc,heap        ] GC(1485) DefNew: 156587K(157248K)->7209K(157248K) Eden: 139776K(139776K)->7209K(139776K) From: 16811K(17472K)->0K(17472K)
[69.429s][info][gc,heap        ] GC(1485) Tenured: 348704K(349568K)->349342K(349568K)
[69.429s][info][gc,metaspace   ] GC(1485) Metaspace: 31063K(31360K)->31063K(31360K) NonClass: 27809K(27904K)->27809K(27904K) Class: 3254K(3456K)->3254K(3456K)
[69.429s][info][gc             ] GC(1485) Pause Full (Allocation Failure) 493M->348M(494M) 48.356ms
[69.429s][info][gc,cpu         ] GC(1485) User=0.04s Sys=0.00s Real=0.05s
[69.436s][info][gc,start       ] GC(1486) Pause Full (Allocation Failure)
[69.436s][info][gc,phases,start] GC(1486) Phase 1: Mark live objects
[69.446s][info][gc,phases      ] GC(1486) Phase 1: Mark live objects 9.736ms
[69.446s][info][gc,phases,start] GC(1486) Phase 2: Compute new object addresses
[69.451s][info][gc,phases      ] GC(1486) Phase 2: Compute new object addresses 4.825ms
[69.451s][info][gc,phases,start] GC(1486) Phase 3: Adjust pointers
[69.457s][info][gc,phases      ] GC(1486) Phase 3: Adjust pointers 6.475ms
[69.457s][info][gc,phases,start] GC(1486) Phase 4: Move objects
[69.462s][info][gc,phases      ] GC(1486) Phase 4: Move objects 4.382ms
[69.462s][info][gc,heap        ] GC(1486) DefNew: 157029K(157248K)->31109K(157248K) Eden: 139776K(139776K)->31109K(139776K) From: 17253K(17472K)->0K(17472K)
[69.462s][info][gc,heap        ] GC(1486) Tenured: 349342K(349568K)->349492K(349568K)
[69.462s][info][gc,metaspace   ] GC(1486) Metaspace: 31063K(31360K)->31063K(31360K) NonClass: 27809K(27904K)->27809K(27904K) Class: 3254K(3456K)->3254K(3456K)
[69.462s][info][gc             ] GC(1486) Pause Full (Allocation Failure) 494M->371M(494M) 25.884ms
[69.462s][info][gc,cpu         ] GC(1486) User=0.03s Sys=0.00s Real=0.02s
[69.469s][info][gc,start       ] GC(1487) Pause Full (Allocation Failure)
[69.469s][info][gc,phases,start] GC(1487) Phase 1: Mark live objects
[69.479s][info][gc,phases      ] GC(1487) Phase 1: Mark live objects 9.450ms
[69.479s][info][gc,phases,start] GC(1487) Phase 2: Compute new object addresses
[69.483s][info][gc,phases      ] GC(1487) Phase 2: Compute new object addresses 4.682ms
[69.484s][info][gc,phases,start] GC(1487) Phase 3: Adjust pointers
[69.491s][info][gc,phases      ] GC(1487) Phase 3: Adjust pointers 7.074ms
[69.491s][info][gc,phases,start] GC(1487) Phase 4: Move objects
[69.517s][info][gc,phases      ] GC(1487) Phase 4: Move objects 26.509ms
[69.517s][info][gc,heap        ] GC(1487) DefNew: 157106K(157248K)->30943K(157248K) Eden: 139776K(139776K)->30943K(139776K) From: 17330K(17472K)->0K(17472K)
[69.517s][info][gc,heap        ] GC(1487) Tenured: 349492K(349568K)->349486K(349568K)
[69.517s][info][gc,metaspace   ] GC(1487) Metaspace: 31063K(31360K)->31063K(31360K) NonClass: 27809K(27904K)->27809K(27904K) Class: 3254K(3456K)->3254K(3456K)
[69.517s][info][gc             ] GC(1487) Pause Full (Allocation Failure) 494M->371M(494M) 48.165ms
[69.517s][info][gc,cpu         ] GC(1487) User=0.05s Sys=0.00s Real=0.05s
[69.524s][info][gc,start       ] GC(1488) Pause Full (Allocation Failure)
[69.524s][info][gc,phases,start] GC(1488) Phase 1: Mark live objects
[69.534s][info][gc,phases      ] GC(1488) Phase 1: Mark live objects 9.674ms
[69.534s][info][gc,phases,start] GC(1488) Phase 2: Compute new object addresses
[69.538s][info][gc,phases      ] GC(1488) Phase 2: Compute new object addresses 4.605ms
[69.538s][info][gc,phases,start] GC(1488) Phase 3: Adjust pointers
[69.545s][info][gc,phases      ] GC(1488) Phase 3: Adjust pointers 6.454ms
[69.545s][info][gc,phases,start] GC(1488) Phase 4: Move objects
[69.572s][info][gc,phases      ] GC(1488) Phase 4: Move objects 27.214ms
[69.572s][info][gc,heap        ] GC(1488) DefNew: 157025K(157248K)->15695K(157248K) Eden: 139776K(139776K)->15695K(139776K) From: 17249K(17472K)->0K(17472K)
[69.572s][info][gc,heap        ] GC(1488) Tenured: 349486K(349568K)->349347K(349568K)
[69.572s][info][gc,metaspace   ] GC(1488) Metaspace: 31063K(31360K)->31063K(31360K) NonClass: 27809K(27904K)->27809K(27904K) Class: 3254K(3456K)->3254K(3456K)
[69.572s][info][gc             ] GC(1488) Pause Full (Allocation Failure) 494M->356M(494M) 48.449ms
[69.572s][info][gc,cpu         ] GC(1488) User=0.05s Sys=0.00s Real=0.05s
[69.582s][info][gc,start       ] GC(1489) Pause Full (Allocation Failure)
[69.582s][info][gc,phases,start] GC(1489) Phase 1: Mark live objects
[69.593s][info][gc,phases      ] GC(1489) Phase 1: Mark live objects 10.525ms
[69.593s][info][gc,phases,start] GC(1489) Phase 2: Compute new object addresses
[69.598s][info][gc,phases      ] GC(1489) Phase 2: Compute new object addresses 5.091ms
[69.598s][info][gc,phases,start] GC(1489) Phase 3: Adjust pointers
[69.605s][info][gc,phases      ] GC(1489) Phase 3: Adjust pointers 6.798ms
[69.605s][info][gc,phases,start] GC(1489) Phase 4: Move objects
[69.630s][info][gc,phases      ] GC(1489) Phase 4: Move objects 24.830ms
[69.630s][info][gc,heap        ] GC(1489) DefNew: 157022K(157248K)->15955K(157248K) Eden: 139776K(139776K)->15955K(139776K) From: 17246K(17472K)->0K(17472K)
[69.630s][info][gc,heap        ] GC(1489) Tenured: 349347K(349568K)->349489K(349568K)
[69.630s][info][gc,metaspace   ] GC(1489) Metaspace: 31063K(31360K)->31063K(31360K) NonClass: 27809K(27904K)->27809K(27904K) Class: 3254K(3456K)->3254K(3456K)
[69.630s][info][gc             ] GC(1489) Pause Full (Allocation Failure) 494M->356M(494M) 47.749ms
[69.630s][info][gc,cpu         ] GC(1489) User=0.05s Sys=0.00s Real=0.04s
[69.637s][info][gc,start       ] GC(1490) Pause Full (Allocation Failure)
[69.637s][info][gc,phases,start] GC(1490) Phase 1: Mark live objects
[69.647s][info][gc,phases      ] GC(1490) Phase 1: Mark live objects 9.407ms
[69.647s][info][gc,phases,start] GC(1490) Phase 2: Compute new object addresses
[69.651s][info][gc,phases      ] GC(1490) Phase 2: Compute new object addresses 4.760ms
[69.651s][info][gc,phases,start] GC(1490) Phase 3: Adjust pointers
[69.658s][info][gc,phases      ] GC(1490) Phase 3: Adjust pointers 6.157ms
[69.658s][info][gc,phases,start] GC(1490) Phase 4: Move objects
[69.675s][info][gc,phases      ] GC(1490) Phase 4: Move objects 17.133ms
[69.675s][info][gc,heap        ] GC(1490) DefNew: 157247K(157248K)->36340K(157248K) Eden: 139776K(139776K)->36340K(139776K) From: 17471K(17472K)->0K(17472K)
[69.675s][info][gc,heap        ] GC(1490) Tenured: 349490K(349568K)->349483K(349568K)
[69.675s][info][gc,metaspace   ] GC(1490) Metaspace: 31063K(31360K)->31063K(31360K) NonClass: 27809K(27904K)->27809K(27904K) Class: 3254K(3456K)->3254K(3456K)
[69.675s][info][gc             ] GC(1490) Pause Full (Allocation Failure) 494M->376M(494M) 37.911ms
[69.675s][info][gc,cpu         ] GC(1490) User=0.04s Sys=0.00s Real=0.04s
[69.681s][info][gc,start       ] GC(1491) Pause Full (Allocation Failure)
[69.682s][info][gc,phases,start] GC(1491) Phase 1: Mark live objects
[69.692s][info][gc,phases      ] GC(1491) Phase 1: Mark live objects 10.282ms
[69.692s][info][gc,phases,start] GC(1491) Phase 2: Compute new object addresses
[69.696s][info][gc,phases      ] GC(1491) Phase 2: Compute new object addresses 4.505ms
[69.696s][info][gc,phases,start] GC(1491) Phase 3: Adjust pointers
[69.703s][info][gc,phases      ] GC(1491) Phase 3: Adjust pointers 6.287ms
[69.703s][info][gc,phases,start] GC(1491) Phase 4: Move objects
[69.727s][info][gc,phases      ] GC(1491) Phase 4: Move objects 24.555ms
[69.727s][info][gc,heap        ] GC(1491) DefNew: 157065K(157248K)->35732K(157248K) Eden: 139776K(139776K)->35732K(139776K) From: 17289K(17472K)->0K(17472K)
[69.728s][info][gc,heap        ] GC(1491) Tenured: 349483K(349568K)->349484K(349568K)
[69.728s][info][gc,metaspace   ] GC(1491) Metaspace: 31063K(31360K)->31063K(31360K) NonClass: 27809K(27904K)->27809K(27904K) Class: 3254K(3456K)->3254K(3456K)
[69.728s][info][gc             ] GC(1491) Pause Full (Allocation Failure) 494M->376M(494M) 46.122ms
[69.728s][info][gc,cpu         ] GC(1491) User=0.05s Sys=0.00s Real=0.05s
[69.734s][info][gc,start       ] GC(1492) Pause Full (Allocation Failure)
[69.734s][info][gc,phases,start] GC(1492) Phase 1: Mark live objects
[69.747s][info][gc,phases      ] GC(1492) Phase 1: Mark live objects 13.267ms
[69.747s][info][gc,phases,start] GC(1492) Phase 2: Compute new object addresses
[69.752s][info][gc,phases      ] GC(1492) Phase 2: Compute new object addresses 4.779ms
[69.752s][info][gc,phases,start] GC(1492) Phase 3: Adjust pointers
[69.759s][info][gc,phases      ] GC(1492) Phase 3: Adjust pointers 6.471ms
[69.759s][info][gc,phases,start] GC(1492) Phase 4: Move objects
[69.784s][info][gc,phases      ] GC(1492) Phase 4: Move objects 25.355ms
[69.784s][info][gc,heap        ] GC(1492) DefNew: 157007K(157248K)->35336K(157248K) Eden: 139776K(139776K)->35336K(139776K) From: 17231K(17472K)->0K(17472K)
[69.784s][info][gc,heap        ] GC(1492) Tenured: 349484K(349568K)->349444K(349568K)
[69.784s][info][gc,metaspace   ] GC(1492) Metaspace: 31063K(31360K)->31063K(31360K) NonClass: 27809K(27904K)->27809K(27904K) Class: 3254K(3456K)->3254K(3456K)
[69.784s][info][gc             ] GC(1492) Pause Full (Allocation Failure) 494M->375M(494M) 50.356ms
[69.784s][info][gc,cpu         ] GC(1492) User=0.05s Sys=0.00s Real=0.05s
[69.795s][info][gc,start       ] GC(1493) Pause Full (Allocation Failure)
[69.795s][info][gc,phases,start] GC(1493) Phase 1: Mark live objects
[69.806s][info][gc,phases      ] GC(1493) Phase 1: Mark live objects 10.520ms
[69.806s][info][gc,phases,start] GC(1493) Phase 2: Compute new object addresses
[69.810s][info][gc,phases      ] GC(1493) Phase 2: Compute new object addresses 4.781ms
[69.810s][info][gc,phases,start] GC(1493) Phase 3: Adjust pointers
[69.818s][info][gc,phases      ] GC(1493) Phase 3: Adjust pointers 7.122ms
[69.818s][info][gc,phases,start] GC(1493) Phase 4: Move objects
[69.843s][info][gc,phases      ] GC(1493) Phase 4: Move objects 25.771ms
[69.844s][info][gc,heap        ] GC(1493) DefNew: 157101K(157248K)->12630K(157248K) Eden: 139776K(139776K)->12630K(139776K) From: 17325K(17472K)->0K(17472K)
[69.844s][info][gc,heap        ] GC(1493) Tenured: 349444K(349568K)->349325K(349568K)
[69.844s][info][gc,metaspace   ] GC(1493) Metaspace: 31063K(31360K)->31063K(31360K) NonClass: 27809K(27904K)->27809K(27904K) Class: 3254K(3456K)->3254K(3456K)
[69.844s][info][gc             ] GC(1493) Pause Full (Allocation Failure) 494M->353M(494M) 48.711ms
[69.844s][info][gc,cpu         ] GC(1493) User=0.05s Sys=0.00s Real=0.05s
[69.854s][info][gc,start       ] GC(1494) Pause Full (Allocation Failure)
[69.854s][info][gc,phases,start] GC(1494) Phase 1: Mark live objects
[69.864s][info][gc,phases      ] GC(1494) Phase 1: Mark live objects 9.504ms
[69.864s][info][gc,phases,start] GC(1494) Phase 2: Compute new object addresses
[69.869s][info][gc,phases      ] GC(1494) Phase 2: Compute new object addresses 5.236ms
[69.869s][info][gc,phases,start] GC(1494) Phase 3: Adjust pointers
[69.876s][info][gc,phases      ] GC(1494) Phase 3: Adjust pointers 7.082ms
[69.876s][info][gc,phases,start] GC(1494) Phase 4: Move objects
[69.895s][info][gc,phases      ] GC(1494) Phase 4: Move objects 18.272ms
[69.895s][info][gc,heap        ] GC(1494) DefNew: 157057K(157248K)->28545K(157248K) Eden: 139776K(139776K)->28545K(139776K) From: 17281K(17472K)->0K(17472K)
[69.895s][info][gc,heap        ] GC(1494) Tenured: 349325K(349568K)->349482K(349568K)
[69.895s][info][gc,metaspace   ] GC(1494) Metaspace: 31063K(31360K)->31063K(31360K) NonClass: 27809K(27904K)->27809K(27904K) Class: 3254K(3456K)->3254K(3456K)
[69.895s][info][gc             ] GC(1494) Pause Full (Allocation Failure) 494M->369M(494M) 40.582ms
[69.895s][info][gc,cpu         ] GC(1494) User=0.04s Sys=0.00s Real=0.04s
[69.905s][info][gc,start       ] GC(1495) Pause Full (Allocation Failure)
[69.905s][info][gc,phases,start] GC(1495) Phase 1: Mark live objects
[69.915s][info][gc,phases      ] GC(1495) Phase 1: Mark live objects 9.687ms
[69.915s][info][gc,phases,start] GC(1495) Phase 2: Compute new object addresses
[69.920s][info][gc,phases      ] GC(1495) Phase 2: Compute new object addresses 4.686ms
[69.920s][info][gc,phases,start] GC(1495) Phase 3: Adjust pointers
[69.926s][info][gc,phases      ] GC(1495) Phase 3: Adjust pointers 6.362ms
[69.926s][info][gc,phases,start] GC(1495) Phase 4: Move objects
[69.950s][info][gc,phases      ] GC(1495) Phase 4: Move objects 24.124ms
[69.951s][info][gc,heap        ] GC(1495) DefNew: 156527K(157248K)->27116K(157248K) Eden: 139776K(139776K)->27116K(139776K) From: 16751K(17472K)->0K(17472K)
[69.951s][info][gc,heap        ] GC(1495) Tenured: 349482K(349568K)->349477K(349568K)
[69.951s][info][gc,metaspace   ] GC(1495) Metaspace: 31063K(31360K)->31063K(31360K) NonClass: 27809K(27904K)->27809K(27904K) Class: 3254K(3456K)->3254K(3456K)
[69.951s][info][gc             ] GC(1495) Pause Full (Allocation Failure) 494M->367M(494M) 45.356ms
[69.951s][info][gc,cpu         ] GC(1495) User=0.04s Sys=0.00s Real=0.05s
[69.957s][info][gc,start       ] GC(1496) Pause Full (Allocation Failure)
[69.957s][info][gc,phases,start] GC(1496) Phase 1: Mark live objects
[69.968s][info][gc,phases      ] GC(1496) Phase 1: Mark live objects 10.623ms
[69.968s][info][gc,phases,start] GC(1496) Phase 2: Compute new object addresses
[69.973s][info][gc,phases      ] GC(1496) Phase 2: Compute new object addresses 4.957ms
[69.973s][info][gc,phases,start] GC(1496) Phase 3: Adjust pointers
[69.979s][info][gc,phases      ] GC(1496) Phase 3: Adjust pointers 6.377ms
[69.979s][info][gc,phases,start] GC(1496) Phase 4: Move objects
[70.006s][info][gc,phases      ] GC(1496) Phase 4: Move objects 27.065ms
[70.006s][info][gc,heap        ] GC(1496) DefNew: 157020K(157248K)->14985K(157248K) Eden: 139776K(139776K)->14985K(139776K) From: 17244K(17472K)->0K(17472K)
[70.007s][info][gc,heap        ] GC(1496) Tenured: 349477K(349568K)->349501K(349568K)
[70.007s][info][gc,metaspace   ] GC(1496) Metaspace: 31063K(31360K)->31063K(31360K) NonClass: 27809K(27904K)->27809K(27904K) Class: 3254K(3456K)->3254K(3456K)
[70.007s][info][gc             ] GC(1496) Pause Full (Allocation Failure) 494M->355M(494M) 49.546ms
[70.007s][info][gc,cpu         ] GC(1496) User=0.05s Sys=0.00s Real=0.05s
[70.014s][info][gc,start       ] GC(1497) Pause Full (Allocation Failure)
[70.014s][info][gc,phases,start] GC(1497) Phase 1: Mark live objects
[70.024s][info][gc,phases      ] GC(1497) Phase 1: Mark live objects 9.578ms
[70.024s][info][gc,phases,start] GC(1497) Phase 2: Compute new object addresses
[70.028s][info][gc,phases      ] GC(1497) Phase 2: Compute new object addresses 4.625ms
[70.028s][info][gc,phases,start] GC(1497) Phase 3: Adjust pointers
[70.035s][info][gc,phases      ] GC(1497) Phase 3: Adjust pointers 6.835ms
[70.035s][info][gc,phases,start] GC(1497) Phase 4: Move objects
[70.060s][info][gc,phases      ] GC(1497) Phase 4: Move objects 25.021ms
[70.060s][info][gc,heap        ] GC(1497) DefNew: 157001K(157248K)->17249K(157248K) Eden: 139776K(139776K)->17249K(139776K) From: 17225K(17472K)->0K(17472K)
[70.060s][info][gc,heap        ] GC(1497) Tenured: 349501K(349568K)->349330K(349568K)
[70.060s][info][gc,metaspace   ] GC(1497) Metaspace: 31063K(31360K)->31063K(31360K) NonClass: 27809K(27904K)->27809K(27904K) Class: 3254K(3456K)->3254K(3456K)
[70.060s][info][gc             ] GC(1497) Pause Full (Allocation Failure) 494M->357M(494M) 46.521ms
[70.060s][info][gc,cpu         ] GC(1497) User=0.05s Sys=0.00s Real=0.04s
[70.069s][info][gc,start       ] GC(1498) Pause Full (Allocation Failure)
[70.069s][info][gc,phases,start] GC(1498) Phase 1: Mark live objects
[70.078s][info][gc,phases      ] GC(1498) Phase 1: Mark live objects 9.599ms
[70.078s][info][gc,phases,start] GC(1498) Phase 2: Compute new object addresses
[70.084s][info][gc,phases      ] GC(1498) Phase 2: Compute new object addresses 5.253ms
[70.084s][info][gc,phases,start] GC(1498) Phase 3: Adjust pointers
[70.090s][info][gc,phases      ] GC(1498) Phase 3: Adjust pointers 6.549ms
[70.090s][info][gc,phases,start] GC(1498) Phase 4: Move objects
[70.106s][info][gc,phases      ] GC(1498) Phase 4: Move objects 16.326ms
[70.107s][info][gc,heap        ] GC(1498) DefNew: 156864K(157248K)->33284K(157248K) Eden: 139776K(139776K)->33284K(139776K) From: 17088K(17472K)->0K(17472K)
[70.107s][info][gc,heap        ] GC(1498) Tenured: 349330K(349568K)->349444K(349568K)
[70.107s][info][gc,metaspace   ] GC(1498) Metaspace: 31063K(31360K)->31063K(31360K) NonClass: 27809K(27904K)->27809K(27904K) Class: 3254K(3456K)->3254K(3456K)
[70.107s][info][gc             ] GC(1498) Pause Full (Allocation Failure) 494M->373M(494M) 38.198ms
[70.107s][info][gc,cpu         ] GC(1498) User=0.04s Sys=0.00s Real=0.04s
[70.116s][info][gc,start       ] GC(1499) Pause Full (Allocation Failure)
[70.116s][info][gc,phases,start] GC(1499) Phase 1: Mark live objects
[70.127s][info][gc,phases      ] GC(1499) Phase 1: Mark live objects 10.464ms
[70.127s][info][gc,phases,start] GC(1499) Phase 2: Compute new object addresses
[70.132s][info][gc,phases      ] GC(1499) Phase 2: Compute new object addresses 4.509ms
[70.132s][info][gc,phases,start] GC(1499) Phase 3: Adjust pointers
[70.138s][info][gc,phases      ] GC(1499) Phase 3: Adjust pointers 6.289ms
[70.138s][info][gc,phases,start] GC(1499) Phase 4: Move objects
[70.162s][info][gc,phases      ] GC(1499) Phase 4: Move objects 24.265ms
[70.162s][info][gc,heap        ] GC(1499) DefNew: 157200K(157248K)->31341K(157248K) Eden: 139776K(139776K)->31341K(139776K) From: 17424K(17472K)->0K(17472K)
[70.162s][info][gc,heap        ] GC(1499) Tenured: 349444K(349568K)->349370K(349568K)
[70.162s][info][gc,metaspace   ] GC(1499) Metaspace: 31063K(31360K)->31063K(31360K) NonClass: 27809K(27904K)->27809K(27904K) Class: 3254K(3456K)->3254K(3456K)
[70.162s][info][gc             ] GC(1499) Pause Full (Allocation Failure) 494M->371M(494M) 46.010ms
[70.162s][info][gc,cpu         ] GC(1499) User=0.05s Sys=0.00s Real=0.05s
[70.169s][info][gc,start       ] GC(1500) Pause Full (Allocation Failure)
[70.169s][info][gc,phases,start] GC(1500) Phase 1: Mark live objects
[70.178s][info][gc,phases      ] GC(1500) Phase 1: Mark live objects 9.798ms
[70.178s][info][gc,phases,start] GC(1500) Phase 2: Compute new object addresses
[70.183s][info][gc,phases      ] GC(1500) Phase 2: Compute new object addresses 4.596ms
[70.183s][info][gc,phases,start] GC(1500) Phase 3: Adjust pointers
[70.190s][info][gc,phases      ] GC(1500) Phase 3: Adjust pointers 6.457ms
[70.190s][info][gc,phases,start] GC(1500) Phase 4: Move objects
[70.215s][info][gc,phases      ] GC(1500) Phase 4: Move objects 25.377ms
[70.215s][info][gc,heap        ] GC(1500) DefNew: 157025K(157248K)->29321K(157248K) Eden: 139776K(139776K)->29321K(139776K) From: 17249K(17472K)->0K(17472K)
[70.215s][info][gc,heap        ] GC(1500) Tenured: 349370K(349568K)->349478K(349568K)
[70.215s][info][gc,metaspace   ] GC(1500) Metaspace: 31063K(31360K)->31063K(31360K) NonClass: 27809K(27904K)->27809K(27904K) Class: 3254K(3456K)->3254K(3456K)
[70.215s][info][gc             ] GC(1500) Pause Full (Allocation Failure) 494M->369M(494M) 46.711ms
[70.215s][info][gc,cpu         ] GC(1500) User=0.05s Sys=0.00s Real=0.05s
[70.223s][info][gc,start       ] GC(1501) Pause Full (Allocation Failure)
[70.223s][info][gc,phases,start] GC(1501) Phase 1: Mark live objects
[70.233s][info][gc,phases      ] GC(1501) Phase 1: Mark live objects 10.240ms
[70.233s][info][gc,phases,start] GC(1501) Phase 2: Compute new object addresses
[70.238s][info][gc,phases      ] GC(1501) Phase 2: Compute new object addresses 4.731ms
[70.238s][info][gc,phases,start] GC(1501) Phase 3: Adjust pointers
[70.244s][info][gc,phases      ] GC(1501) Phase 3: Adjust pointers 6.403ms
[70.244s][info][gc,phases,start] GC(1501) Phase 4: Move objects
[70.271s][info][gc,phases      ] GC(1501) Phase 4: Move objects 26.125ms
[70.271s][info][gc,heap        ] GC(1501) DefNew: 157108K(157248K)->15442K(157248K) Eden: 139776K(139776K)->15442K(139776K) From: 17332K(17472K)->0K(17472K)
[70.271s][info][gc,heap        ] GC(1501) Tenured: 349478K(349568K)->349314K(349568K)
[70.271s][info][gc,metaspace   ] GC(1501) Metaspace: 31063K(31360K)->31063K(31360K) NonClass: 27809K(27904K)->27809K(27904K) Class: 3254K(3456K)->3254K(3456K)
[70.271s][info][gc             ] GC(1501) Pause Full (Allocation Failure) 494M->356M(494M) 47.988ms
[70.271s][info][gc,cpu         ] GC(1501) User=0.05s Sys=0.00s Real=0.05s
[70.281s][info][gc,start       ] GC(1502) Pause Full (Allocation Failure)
[70.281s][info][gc,phases,start] GC(1502) Phase 1: Mark live objects
[70.291s][info][gc,phases      ] GC(1502) Phase 1: Mark live objects 9.981ms
[70.291s][info][gc,phases,start] GC(1502) Phase 2: Compute new object addresses
[70.297s][info][gc,phases      ] GC(1502) Phase 2: Compute new object addresses 5.194ms
[70.297s][info][gc,phases,start] GC(1502) Phase 3: Adjust pointers
[70.303s][info][gc,phases      ] GC(1502) Phase 3: Adjust pointers 6.423ms
[70.303s][info][gc,phases,start] GC(1502) Phase 4: Move objects
[70.322s][info][gc,phases      ] GC(1502) Phase 4: Move objects 18.578ms
[70.322s][info][gc,heap        ] GC(1502) DefNew: 157248K(157248K)->30081K(157248K) Eden: 139776K(139776K)->30081K(139776K) From: 17472K(17472K)->0K(17472K)
[70.322s][info][gc,heap        ] GC(1502) Tenured: 349363K(349568K)->349491K(349568K)
[70.322s][info][gc,metaspace   ] GC(1502) Metaspace: 31063K(31360K)->31063K(31360K) NonClass: 27809K(27904K)->27809K(27904K) Class: 3254K(3456K)->3254K(3456K)
[70.322s][info][gc             ] GC(1502) Pause Full (Allocation Failure) 494M->370M(494M) 40.715ms
[70.322s][info][gc,cpu         ] GC(1502) User=0.04s Sys=0.00s Real=0.04s
[70.328s][info][gc,start       ] GC(1503) Pause Full (Allocation Failure)
[70.328s][info][gc,phases,start] GC(1503) Phase 1: Mark live objects
[70.340s][info][gc,phases      ] GC(1503) Phase 1: Mark live objects 11.965ms
[70.340s][info][gc,phases,start] GC(1503) Phase 2: Compute new object addresses
[70.345s][info][gc,phases      ] GC(1503) Phase 2: Compute new object addresses 4.723ms
[70.345s][info][gc,phases,start] GC(1503) Phase 3: Adjust pointers
[70.351s][info][gc,phases      ] GC(1503) Phase 3: Adjust pointers 6.380ms
[70.351s][info][gc,phases,start] GC(1503) Phase 4: Move objects
[70.375s][info][gc,phases      ] GC(1503) Phase 4: Move objects 23.380ms
[70.375s][info][gc,heap        ] GC(1503) DefNew: 157007K(157248K)->35040K(157248K) Eden: 139776K(139776K)->35040K(139776K) From: 17231K(17472K)->0K(17472K)
[70.375s][info][gc,heap        ] GC(1503) Tenured: 349491K(349568K)->349486K(349568K)
[70.375s][info][gc,metaspace   ] GC(1503) Metaspace: 31063K(31360K)->31063K(31360K) NonClass: 27809K(27904K)->27809K(27904K) Class: 3254K(3456K)->3254K(3456K)
[70.375s][info][gc             ] GC(1503) Pause Full (Allocation Failure) 494M->375M(494M) 46.898ms
[70.375s][info][gc,cpu         ] GC(1503) User=0.05s Sys=0.00s Real=0.05s
[70.386s][info][gc,start       ] GC(1504) Pause Full (Allocation Failure)
[70.386s][info][gc,phases,start] GC(1504) Phase 1: Mark live objects
[70.395s][info][gc,phases      ] GC(1504) Phase 1: Mark live objects 9.017ms
[70.395s][info][gc,phases,start] GC(1504) Phase 2: Compute new object addresses
[70.399s][info][gc,phases      ] GC(1504) Phase 2: Compute new object addresses 4.116ms
[70.399s][info][gc,phases,start] GC(1504) Phase 3: Adjust pointers
[70.405s][info][gc,phases      ] GC(1504) Phase 3: Adjust pointers 5.716ms
[70.405s][info][gc,phases,start] GC(1504) Phase 4: Move objects
[70.430s][info][gc,phases      ] GC(1504) Phase 4: Move objects 25.162ms
[70.430s][info][gc,heap        ] GC(1504) DefNew: 157151K(157248K)->28069K(157248K) Eden: 139776K(139776K)->28069K(139776K) From: 17375K(17472K)->0K(17472K)
[70.430s][info][gc,heap        ] GC(1504) Tenured: 349486K(349568K)->349563K(349568K)
[70.430s][info][gc,metaspace   ] GC(1504) Metaspace: 31063K(31360K)->31063K(31360K) NonClass: 27809K(27904K)->27809K(27904K) Class: 3254K(3456K)->3254K(3456K)
[70.431s][info][gc             ] GC(1504) Pause Full (Allocation Failure) 494M->368M(494M) 44.475ms
[70.431s][info][gc,cpu         ] GC(1504) User=0.04s Sys=0.00s Real=0.05s
[70.440s][info][gc,start       ] GC(1505) Pause Full (Allocation Failure)
[70.440s][info][gc,phases,start] GC(1505) Phase 1: Mark live objects
[70.449s][info][gc,phases      ] GC(1505) Phase 1: Mark live objects 9.088ms
[70.449s][info][gc,phases,start] GC(1505) Phase 2: Compute new object addresses
[70.454s][info][gc,phases      ] GC(1505) Phase 2: Compute new object addresses 4.671ms
[70.454s][info][gc,phases,start] GC(1505) Phase 3: Adjust pointers
[70.461s][info][gc,phases      ] GC(1505) Phase 3: Adjust pointers 6.511ms
[70.461s][info][gc,phases,start] GC(1505) Phase 4: Move objects
[70.492s][info][gc,phases      ] GC(1505) Phase 4: Move objects 31.431ms
[70.492s][info][gc,heap        ] GC(1505) DefNew: 157151K(157248K)->14163K(157248K) Eden: 139776K(139776K)->14163K(139776K) From: 17375K(17472K)->0K(17472K)
[70.492s][info][gc,heap        ] GC(1505) Tenured: 349563K(349568K)->349491K(349568K)
[70.492s][info][gc,metaspace   ] GC(1505) Metaspace: 31063K(31360K)->31063K(31360K) NonClass: 27809K(27904K)->27809K(27904K) Class: 3254K(3456K)->3254K(3456K)
[70.492s][info][gc             ] GC(1505) Pause Full (Allocation Failure) 494M->355M(494M) 52.184ms
[70.492s][info][gc,cpu         ] GC(1505) User=0.05s Sys=0.00s Real=0.06s
[70.500s][info][gc,start       ] GC(1506) Pause Full (Allocation Failure)
[70.500s][info][gc,phases,start] GC(1506) Phase 1: Mark live objects
[70.510s][info][gc,phases      ] GC(1506) Phase 1: Mark live objects 9.870ms
[70.510s][info][gc,phases,start] GC(1506) Phase 2: Compute new object addresses
[70.515s][info][gc,phases      ] GC(1506) Phase 2: Compute new object addresses 5.015ms
[70.515s][info][gc,phases,start] GC(1506) Phase 3: Adjust pointers
[70.522s][info][gc,phases      ] GC(1506) Phase 3: Adjust pointers 6.594ms
[70.522s][info][gc,phases,start] GC(1506) Phase 4: Move objects
[70.526s][info][gc,phases      ] GC(1506) Phase 4: Move objects 4.280ms
[70.526s][info][gc,heap        ] GC(1506) DefNew: 157034K(157248K)->39914K(157248K) Eden: 139776K(139776K)->39914K(139776K) From: 17258K(17472K)->0K(17472K)
[70.526s][info][gc,heap        ] GC(1506) Tenured: 349491K(349568K)->349470K(349568K)
[70.526s][info][gc,metaspace   ] GC(1506) Metaspace: 31063K(31360K)->31063K(31360K) NonClass: 27809K(27904K)->27809K(27904K) Class: 3254K(3456K)->3254K(3456K)
[70.526s][info][gc             ] GC(1506) Pause Full (Allocation Failure) 494M->380M(494M) 26.233ms
[70.526s][info][gc,cpu         ] GC(1506) User=0.02s Sys=0.00s Real=0.03s
[70.538s][info][gc,start       ] GC(1507) Pause Full (Allocation Failure)
[70.538s][info][gc,phases,start] GC(1507) Phase 1: Mark live objects
[70.547s][info][gc,phases      ] GC(1507) Phase 1: Mark live objects 8.774ms
[70.547s][info][gc,phases,start] GC(1507) Phase 2: Compute new object addresses
[70.551s][info][gc,phases      ] GC(1507) Phase 2: Compute new object addresses 4.243ms
[70.551s][info][gc,phases,start] GC(1507) Phase 3: Adjust pointers
[70.557s][info][gc,phases      ] GC(1507) Phase 3: Adjust pointers 6.246ms
[70.557s][info][gc,phases,start] GC(1507) Phase 4: Move objects
[70.582s][info][gc,phases      ] GC(1507) Phase 4: Move objects 25.058ms
[70.583s][info][gc,heap        ] GC(1507) DefNew: 157023K(157248K)->31411K(157248K) Eden: 139776K(139776K)->31411K(139776K) From: 17247K(17472K)->0K(17472K)
[70.583s][info][gc,heap        ] GC(1507) Tenured: 349470K(349568K)->349559K(349568K)
[70.583s][info][gc,metaspace   ] GC(1507) Metaspace: 31063K(31360K)->31063K(31360K) NonClass: 27809K(27904K)->27809K(27904K) Class: 3254K(3456K)->3254K(3456K)
[70.583s][info][gc             ] GC(1507) Pause Full (Allocation Failure) 494M->372M(494M) 44.748ms
[70.583s][info][gc,cpu         ] GC(1507) User=0.04s Sys=0.00s Real=0.05s
[70.591s][info][gc,start       ] GC(1508) Pause Full (Allocation Failure)
[70.591s][info][gc,phases,start] GC(1508) Phase 1: Mark live objects
[70.600s][info][gc,phases      ] GC(1508) Phase 1: Mark live objects 9.030ms
[70.600s][info][gc,phases,start] GC(1508) Phase 2: Compute new object addresses
[70.605s][info][gc,phases      ] GC(1508) Phase 2: Compute new object addresses 4.249ms
[70.605s][info][gc,phases,start] GC(1508) Phase 3: Adjust pointers
[70.610s][info][gc,phases      ] GC(1508) Phase 3: Adjust pointers 5.838ms
[70.611s][info][gc,phases,start] GC(1508) Phase 4: Move objects
[70.636s][info][gc,phases      ] GC(1508) Phase 4: Move objects 25.307ms
[70.636s][info][gc,heap        ] GC(1508) DefNew: 157041K(157248K)->33165K(157248K) Eden: 139776K(139776K)->33165K(139776K) From: 17265K(17472K)->0K(17472K)
[70.636s][info][gc,heap        ] GC(1508) Tenured: 349559K(349568K)->349485K(349568K)
[70.636s][info][gc,metaspace   ] GC(1508) Metaspace: 31063K(31360K)->31063K(31360K) NonClass: 27809K(27904K)->27809K(27904K) Class: 3254K(3456K)->3254K(3456K)
[70.636s][info][gc             ] GC(1508) Pause Full (Allocation Failure) 494M->373M(494M) 44.910ms
[70.636s][info][gc,cpu         ] GC(1508) User=0.04s Sys=0.00s Real=0.04s
[70.647s][info][gc,start       ] GC(1509) Pause Full (Allocation Failure)
[70.647s][info][gc,phases,start] GC(1509) Phase 1: Mark live objects
[70.656s][info][gc,phases      ] GC(1509) Phase 1: Mark live objects 9.550ms
[70.656s][info][gc,phases,start] GC(1509) Phase 2: Compute new object addresses
[70.661s][info][gc,phases      ] GC(1509) Phase 2: Compute new object addresses 4.581ms
[70.661s][info][gc,phases,start] GC(1509) Phase 3: Adjust pointers
[70.667s][info][gc,phases      ] GC(1509) Phase 3: Adjust pointers 6.157ms
[70.667s][info][gc,phases,start] GC(1509) Phase 4: Move objects
[70.692s][info][gc,phases      ] GC(1509) Phase 4: Move objects 25.305ms
[70.693s][info][gc,heap        ] GC(1509) DefNew: 156269K(157248K)->10835K(157248K) Eden: 139776K(139776K)->10835K(139776K) From: 16493K(17472K)->0K(17472K)
[70.693s][info][gc,heap        ] GC(1509) Tenured: 349485K(349568K)->349312K(349568K)
[70.693s][info][gc,metaspace   ] GC(1509) Metaspace: 31063K(31360K)->31063K(31360K) NonClass: 27809K(27904K)->27809K(27904K) Class: 3254K(3456K)->3254K(3456K)
[70.693s][info][gc             ] GC(1509) Pause Full (Allocation Failure) 493M->351M(494M) 46.028ms
[70.693s][info][gc,cpu         ] GC(1509) User=0.04s Sys=0.00s Real=0.05s
[70.703s][info][gc,start       ] GC(1510) Pause Full (Allocation Failure)
[70.704s][info][gc,phases,start] GC(1510) Phase 1: Mark live objects
[70.712s][info][gc,phases      ] GC(1510) Phase 1: Mark live objects 8.954ms
[70.713s][info][gc,phases,start] GC(1510) Phase 2: Compute new object addresses
[70.717s][info][gc,phases      ] GC(1510) Phase 2: Compute new object addresses 4.475ms
[70.717s][info][gc,phases,start] GC(1510) Phase 3: Adjust pointers
[70.724s][info][gc,phases      ] GC(1510) Phase 3: Adjust pointers 6.758ms
[70.724s][info][gc,phases,start] GC(1510) Phase 4: Move objects
[70.740s][info][gc,phases      ] GC(1510) Phase 4: Move objects 16.030ms
[70.740s][info][gc,heap        ] GC(1510) DefNew: 157018K(157248K)->32136K(157248K) Eden: 139776K(139776K)->32136K(139776K) From: 17242K(17472K)->0K(17472K)
[70.740s][info][gc,heap        ] GC(1510) Tenured: 349312K(349568K)->349480K(349568K)
[70.740s][info][gc,metaspace   ] GC(1510) Metaspace: 31063K(31360K)->31063K(31360K) NonClass: 27809K(27904K)->27809K(27904K) Class: 3254K(3456K)->3254K(3456K)
[70.740s][info][gc             ] GC(1510) Pause Full (Allocation Failure) 494M->372M(494M) 36.663ms
[70.740s][info][gc,cpu         ] GC(1510) User=0.04s Sys=0.00s Real=0.03s
[70.752s][info][gc,start       ] GC(1511) Pause Full (Allocation Failure)
[70.752s][info][gc,phases,start] GC(1511) Phase 1: Mark live objects
[70.761s][info][gc,phases      ] GC(1511) Phase 1: Mark live objects 9.242ms
[70.761s][info][gc,phases,start] GC(1511) Phase 2: Compute new object addresses
[70.766s][info][gc,phases      ] GC(1511) Phase 2: Compute new object addresses 4.550ms
[70.766s][info][gc,phases,start] GC(1511) Phase 3: Adjust pointers
[70.772s][info][gc,phases      ] GC(1511) Phase 3: Adjust pointers 6.319ms
[70.772s][info][gc,phases,start] GC(1511) Phase 4: Move objects
[70.795s][info][gc,phases      ] GC(1511) Phase 4: Move objects 22.555ms
[70.795s][info][gc,heap        ] GC(1511) DefNew: 157193K(157248K)->29424K(157248K) Eden: 139776K(139776K)->29424K(139776K) From: 17417K(17472K)->0K(17472K)
[70.795s][info][gc,heap        ] GC(1511) Tenured: 349480K(349568K)->349474K(349568K)
[70.795s][info][gc,metaspace   ] GC(1511) Metaspace: 31063K(31360K)->31063K(31360K) NonClass: 27809K(27904K)->27809K(27904K) Class: 3254K(3456K)->3254K(3456K)
[70.795s][info][gc             ] GC(1511) Pause Full (Allocation Failure) 494M->370M(494M) 43.154ms
[70.795s][info][gc,cpu         ] GC(1511) User=0.04s Sys=0.00s Real=0.04s
[70.805s][info][gc,start       ] GC(1512) Pause Full (Allocation Failure)
[70.805s][info][gc,phases,start] GC(1512) Phase 1: Mark live objects
[70.815s][info][gc,phases      ] GC(1512) Phase 1: Mark live objects 9.431ms
[70.815s][info][gc,phases,start] GC(1512) Phase 2: Compute new object addresses
[70.819s][info][gc,phases      ] GC(1512) Phase 2: Compute new object addresses 4.460ms
[70.819s][info][gc,phases,start] GC(1512) Phase 3: Adjust pointers
[70.826s][info][gc,phases      ] GC(1512) Phase 3: Adjust pointers 6.246ms
[70.826s][info][gc,phases,start] GC(1512) Phase 4: Move objects
[70.849s][info][gc,phases      ] GC(1512) Phase 4: Move objects 23.163ms
[70.849s][info][gc,heap        ] GC(1512) DefNew: 157068K(157248K)->27143K(157248K) Eden: 139776K(139776K)->27143K(139776K) From: 17292K(17472K)->0K(17472K)
[70.849s][info][gc,heap        ] GC(1512) Tenured: 349474K(349568K)->349484K(349568K)
[70.849s][info][gc,metaspace   ] GC(1512) Metaspace: 31063K(31360K)->31063K(31360K) NonClass: 27809K(27904K)->27809K(27904K) Class: 3254K(3456K)->3254K(3456K)
[70.849s][info][gc             ] GC(1512) Pause Full (Allocation Failure) 494M->367M(494M) 43.818ms
[70.849s][info][gc,cpu         ] GC(1512) User=0.04s Sys=0.00s Real=0.04s
[70.857s][info][gc,start       ] GC(1513) Pause Full (Allocation Failure)
[70.857s][info][gc,phases,start] GC(1513) Phase 1: Mark live objects
[70.868s][info][gc,phases      ] GC(1513) Phase 1: Mark live objects 10.084ms
[70.868s][info][gc,phases,start] GC(1513) Phase 2: Compute new object addresses
[70.872s][info][gc,phases      ] GC(1513) Phase 2: Compute new object addresses 4.503ms
[70.872s][info][gc,phases,start] GC(1513) Phase 3: Adjust pointers
[70.878s][info][gc,phases      ] GC(1513) Phase 3: Adjust pointers 6.182ms
[70.878s][info][gc,phases,start] GC(1513) Phase 4: Move objects
[70.904s][info][gc,phases      ] GC(1513) Phase 4: Move objects 25.896ms
[70.904s][info][gc,heap        ] GC(1513) DefNew: 157123K(157248K)->12103K(157248K) Eden: 139776K(139776K)->12103K(139776K) From: 17347K(17472K)->0K(17472K)
[70.904s][info][gc,heap        ] GC(1513) Tenured: 349484K(349568K)->349567K(349568K)
[70.904s][info][gc,metaspace   ] GC(1513) Metaspace: 31063K(31360K)->31063K(31360K) NonClass: 27809K(27904K)->27809K(27904K) Class: 3254K(3456K)->3254K(3456K)
[70.904s][info][gc             ] GC(1513) Pause Full (Allocation Failure) 494M->353M(494M) 47.145ms
[70.904s][info][gc,cpu         ] GC(1513) User=0.05s Sys=0.00s Real=0.05s
[70.912s][info][gc,start       ] GC(1514) Pause Full (Allocation Failure)
[70.912s][info][gc,phases,start] GC(1514) Phase 1: Mark live objects
[70.922s][info][gc,phases      ] GC(1514) Phase 1: Mark live objects 9.360ms
[70.922s][info][gc,phases,start] GC(1514) Phase 2: Compute new object addresses
[70.926s][info][gc,phases      ] GC(1514) Phase 2: Compute new object addresses 4.556ms
[70.926s][info][gc,phases,start] GC(1514) Phase 3: Adjust pointers
[70.932s][info][gc,phases      ] GC(1514) Phase 3: Adjust pointers 5.989ms
[70.932s][info][gc,phases,start] GC(1514) Phase 4: Move objects
[70.936s][info][gc,phases      ] GC(1514) Phase 4: Move objects 4.090ms
[70.937s][info][gc,heap        ] GC(1514) DefNew: 157088K(157248K)->33977K(157248K) Eden: 139776K(139776K)->33977K(139776K) From: 17312K(17472K)->0K(17472K)
[70.937s][info][gc,heap        ] GC(1514) Tenured: 349567K(349568K)->349553K(349568K)
[70.937s][info][gc,metaspace   ] GC(1514) Metaspace: 31063K(31360K)->31063K(31360K) NonClass: 27809K(27904K)->27809K(27904K) Class: 3254K(3456K)->3254K(3456K)
[70.937s][info][gc             ] GC(1514) Pause Full (Allocation Failure) 494M->374M(494M) 24.464ms
[70.937s][info][gc,cpu         ] GC(1514) User=0.02s Sys=0.00s Real=0.02s
[70.947s][info][gc,start       ] GC(1515) Pause Full (Allocation Failure)
[70.947s][info][gc,phases,start] GC(1515) Phase 1: Mark live objects
[70.956s][info][gc,phases      ] GC(1515) Phase 1: Mark live objects 9.096ms
[70.956s][info][gc,phases,start] GC(1515) Phase 2: Compute new object addresses
[70.961s][info][gc,phases      ] GC(1515) Phase 2: Compute new object addresses 4.646ms
[70.961s][info][gc,phases,start] GC(1515) Phase 3: Adjust pointers
[70.967s][info][gc,phases      ] GC(1515) Phase 3: Adjust pointers 6.518ms
[70.967s][info][gc,phases,start] GC(1515) Phase 4: Move objects
[70.992s][info][gc,phases      ] GC(1515) Phase 4: Move objects 24.113ms
[70.992s][info][gc,heap        ] GC(1515) DefNew: 156640K(157248K)->27267K(157248K) Eden: 139776K(139776K)->27267K(139776K) From: 16864K(17472K)->0K(17472K)
[70.992s][info][gc,heap        ] GC(1515) Tenured: 349553K(349568K)->349476K(349568K)
[70.992s][info][gc,metaspace   ] GC(1515) Metaspace: 31063K(31360K)->31063K(31360K) NonClass: 27809K(27904K)->27809K(27904K) Class: 3254K(3456K)->3254K(3456K)
[70.992s][info][gc             ] GC(1515) Pause Full (Allocation Failure) 494M->367M(494M) 44.802ms
[70.992s][info][gc,cpu         ] GC(1515) User=0.05s Sys=0.00s Real=0.05s
[70.999s][info][gc,start       ] GC(1516) Pause Full (Allocation Failure)
[70.999s][info][gc,phases,start] GC(1516) Phase 1: Mark live objects
[71.012s][info][gc,phases      ] GC(1516) Phase 1: Mark live objects 12.685ms
[71.012s][info][gc,phases,start] GC(1516) Phase 2: Compute new object addresses
[71.017s][info][gc,phases      ] GC(1516) Phase 2: Compute new object addresses 4.777ms
[71.017s][info][gc,phases,start] GC(1516) Phase 3: Adjust pointers
[71.023s][info][gc,phases      ] GC(1516) Phase 3: Adjust pointers 6.167ms
[71.023s][info][gc,phases,start] GC(1516) Phase 4: Move objects
[71.047s][info][gc,phases      ] GC(1516) Phase 4: Move objects 24.431ms
[71.047s][info][gc,heap        ] GC(1516) DefNew: 157068K(157248K)->30731K(157248K) Eden: 139776K(139776K)->30731K(139776K) From: 17292K(17472K)->0K(17472K)
[71.048s][info][gc,heap        ] GC(1516) Tenured: 349476K(349568K)->349441K(349568K)
[71.048s][info][gc,metaspace   ] GC(1516) Metaspace: 31063K(31360K)->31063K(31360K) NonClass: 27809K(27904K)->27809K(27904K) Class: 3254K(3456K)->3254K(3456K)
[71.048s][info][gc             ] GC(1516) Pause Full (Allocation Failure) 494M->371M(494M) 48.545ms
[71.048s][info][gc,cpu         ] GC(1516) User=0.05s Sys=0.00s Real=0.05s
[71.057s][info][gc,start       ] GC(1517) Pause Full (Allocation Failure)
[71.057s][info][gc,phases,start] GC(1517) Phase 1: Mark live objects
[71.066s][info][gc,phases      ] GC(1517) Phase 1: Mark live objects 8.955ms
[71.066s][info][gc,phases,start] GC(1517) Phase 2: Compute new object addresses
[71.070s][info][gc,phases      ] GC(1517) Phase 2: Compute new object addresses 4.288ms
[71.070s][info][gc,phases,start] GC(1517) Phase 3: Adjust pointers
[71.076s][info][gc,phases      ] GC(1517) Phase 3: Adjust pointers 6.070ms
[71.076s][info][gc,phases,start] GC(1517) Phase 4: Move objects
[71.103s][info][gc,phases      ] GC(1517) Phase 4: Move objects 26.618ms
[71.103s][info][gc,heap        ] GC(1517) DefNew: 157248K(157248K)->12604K(157248K) Eden: 139776K(139776K)->12604K(139776K) From: 17472K(17472K)->0K(17472K)
[71.103s][info][gc,heap        ] GC(1517) Tenured: 349442K(349568K)->349490K(349568K)
[71.103s][info][gc,metaspace   ] GC(1517) Metaspace: 31063K(31360K)->31063K(31360K) NonClass: 27809K(27904K)->27809K(27904K) Class: 3254K(3456K)->3254K(3456K)
[71.103s][info][gc             ] GC(1517) Pause Full (Allocation Failure) 494M->353M(494M) 46.379ms
[71.103s][info][gc,cpu         ] GC(1517) User=0.05s Sys=0.00s Real=0.05s
[71.110s][info][gc,start       ] GC(1518) Pause Young (GCLocker Initiated GC)
[71.110s][info][gc,heap        ] GC(1518) DefNew: 157019K(157248K)->157019K(157248K) Eden: 139776K(139776K)->139776K(139776K) From: 17243K(17472K)->17243K(17472K)
[71.110s][info][gc,heap        ] GC(1518) Tenured: 349490K(349568K)->349490K(349568K)
[71.110s][info][gc,metaspace   ] GC(1518) Metaspace: 31063K(31360K)->31063K(31360K) NonClass: 27809K(27904K)->27809K(27904K) Class: 3254K(3456K)->3254K(3456K)
[71.110s][info][gc             ] GC(1518) Pause Young (GCLocker Initiated GC) 494M->494M(494M) 0.072ms
[71.110s][info][gc,cpu         ] GC(1518) User=0.00s Sys=0.00s Real=0.00s
[71.110s][info][gc,start       ] GC(1519) Pause Full (GCLocker Initiated GC)
[71.110s][info][gc,phases,start] GC(1519) Phase 1: Mark live objects
[71.120s][info][gc,phases      ] GC(1519) Phase 1: Mark live objects 9.119ms
[71.120s][info][gc,phases,start] GC(1519) Phase 2: Compute new object addresses
[71.124s][info][gc,phases      ] GC(1519) Phase 2: Compute new object addresses 4.822ms
[71.124s][info][gc,phases,start] GC(1519) Phase 3: Adjust pointers
[71.131s][info][gc,phases      ] GC(1519) Phase 3: Adjust pointers 6.099ms
[71.131s][info][gc,phases,start] GC(1519) Phase 4: Move objects
[71.135s][info][gc,phases      ] GC(1519) Phase 4: Move objects 4.168ms
[71.135s][info][gc,heap        ] GC(1519) DefNew: 157019K(157248K)->35305K(157248K) Eden: 139776K(139776K)->35305K(139776K) From: 17243K(17472K)->0K(17472K)
[71.135s][info][gc,heap        ] GC(1519) Tenured: 349490K(349568K)->349478K(349568K)
[71.135s][info][gc,metaspace   ] GC(1519) Metaspace: 31063K(31360K)->31063K(31360K) NonClass: 27809K(27904K)->27809K(27904K) Class: 3254K(3456K)->3254K(3456K)
[71.135s][info][gc             ] GC(1519) Pause Full (GCLocker Initiated GC) 494M->375M(494M) 24.577ms
[71.135s][info][gc,cpu         ] GC(1519) User=0.02s Sys=0.00s Real=0.02s
[71.142s][info][gc,start       ] GC(1520) Pause Full (Allocation Failure)
[71.142s][info][gc,phases,start] GC(1520) Phase 1: Mark live objects
[71.151s][info][gc,phases      ] GC(1520) Phase 1: Mark live objects 9.268ms
[71.151s][info][gc,phases,start] GC(1520) Phase 2: Compute new object addresses
[71.155s][info][gc,phases      ] GC(1520) Phase 2: Compute new object addresses 4.210ms
[71.155s][info][gc,phases,start] GC(1520) Phase 3: Adjust pointers
[71.161s][info][gc,phases      ] GC(1520) Phase 3: Adjust pointers 5.860ms
[71.161s][info][gc,phases,start] GC(1520) Phase 4: Move objects
[71.183s][info][gc,phases      ] GC(1520) Phase 4: Move objects 22.143ms
[71.184s][info][gc,heap        ] GC(1520) DefNew: 157058K(157248K)->35519K(157248K) Eden: 139776K(139776K)->35519K(139776K) From: 17282K(17472K)->0K(17472K)
[71.184s][info][gc,heap        ] GC(1520) Tenured: 349478K(349568K)->349558K(349568K)
[71.184s][info][gc,metaspace   ] GC(1520) Metaspace: 31063K(31360K)->31063K(31360K) NonClass: 27809K(27904K)->27809K(27904K) Class: 3254K(3456K)->3254K(3456K)
[71.184s][info][gc             ] GC(1520) Pause Full (Allocation Failure) 494M->376M(494M) 41.907ms
[71.184s][info][gc,cpu         ] GC(1520) User=0.04s Sys=0.00s Real=0.05s
[71.194s][info][gc,start       ] GC(1521) Pause Full (Allocation Failure)
[71.194s][info][gc,phases,start] GC(1521) Phase 1: Mark live objects
[71.203s][info][gc,phases      ] GC(1521) Phase 1: Mark live objects 9.083ms
[71.203s][info][gc,phases,start] GC(1521) Phase 2: Compute new object addresses
[71.208s][info][gc,phases      ] GC(1521) Phase 2: Compute new object addresses 4.393ms
[71.208s][info][gc,phases,start] GC(1521) Phase 3: Adjust pointers
[71.213s][info][gc,phases      ] GC(1521) Phase 3: Adjust pointers 5.847ms
[71.214s][info][gc,phases,start] GC(1521) Phase 4: Move objects
[71.237s][info][gc,phases      ] GC(1521) Phase 4: Move objects 23.817ms
[71.238s][info][gc,heap        ] GC(1521) DefNew: 156977K(157248K)->29459K(157248K) Eden: 139776K(139776K)->29459K(139776K) From: 17201K(17472K)->0K(17472K)
[71.238s][info][gc,heap        ] GC(1521) Tenured: 349558K(349568K)->349476K(349568K)
[71.238s][info][gc,metaspace   ] GC(1521) Metaspace: 31063K(31360K)->31063K(31360K) NonClass: 27809K(27904K)->27809K(27904K) Class: 3254K(3456K)->3254K(3456K)
[71.238s][info][gc             ] GC(1521) Pause Full (Allocation Failure) 494M->370M(494M) 43.572ms
[71.238s][info][gc,cpu         ] GC(1521) User=0.04s Sys=0.00s Real=0.04s
[71.246s][info][gc,start       ] GC(1522) Pause Full (Allocation Failure)
[71.246s][info][gc,phases,start] GC(1522) Phase 1: Mark live objects
[71.256s][info][gc,phases      ] GC(1522) Phase 1: Mark live objects 9.713ms
[71.256s][info][gc,phases,start] GC(1522) Phase 2: Compute new object addresses
[71.261s][info][gc,phases      ] GC(1522) Phase 2: Compute new object addresses 4.575ms
[71.261s][info][gc,phases,start] GC(1522) Phase 3: Adjust pointers
[71.267s][info][gc,phases      ] GC(1522) Phase 3: Adjust pointers 6.378ms
[71.267s][info][gc,phases,start] GC(1522) Phase 4: Move objects
[71.298s][info][gc,phases      ] GC(1522) Phase 4: Move objects 30.385ms
[71.298s][info][gc,heap        ] GC(1522) DefNew: 157231K(157248K)->18000K(157248K) Eden: 139776K(139776K)->18000K(139776K) From: 17455K(17472K)->0K(17472K)
[71.298s][info][gc,heap        ] GC(1522) Tenured: 349476K(349568K)->349314K(349568K)
[71.298s][info][gc,metaspace   ] GC(1522) Metaspace: 31095K(31424K)->31095K(31424K) NonClass: 27840K(27968K)->27840K(27968K) Class: 3254K(3456K)->3254K(3456K)
[71.298s][info][gc             ] GC(1522) Pause Full (Allocation Failure) 494M->358M(494M) 51.562ms
[71.298s][info][gc,cpu         ] GC(1522) User=0.05s Sys=0.00s Real=0.05s
[71.308s][info][gc,start       ] GC(1523) Pause Full (Allocation Failure)
[71.308s][info][gc,phases,start] GC(1523) Phase 1: Mark live objects
[71.318s][info][gc,phases      ] GC(1523) Phase 1: Mark live objects 10.031ms
[71.318s][info][gc,phases,start] GC(1523) Phase 2: Compute new object addresses
[71.323s][info][gc,phases      ] GC(1523) Phase 2: Compute new object addresses 4.802ms
[71.323s][info][gc,phases,start] GC(1523) Phase 3: Adjust pointers
[71.329s][info][gc,phases      ] GC(1523) Phase 3: Adjust pointers 6.153ms
[71.330s][info][gc,phases,start] GC(1523) Phase 4: Move objects
[71.346s][info][gc,phases      ] GC(1523) Phase 4: Move objects 16.420ms
[71.346s][info][gc,heap        ] GC(1523) DefNew: 156849K(157248K)->30864K(157248K) Eden: 139776K(139776K)->30864K(139776K) From: 17073K(17472K)->0K(17472K)
[71.346s][info][gc,heap        ] GC(1523) Tenured: 349314K(349568K)->349480K(349568K)
[71.346s][info][gc,metaspace   ] GC(1523) Metaspace: 31095K(31424K)->31095K(31424K) NonClass: 27840K(27968K)->27840K(27968K) Class: 3254K(3456K)->3254K(3456K)
[71.346s][info][gc             ] GC(1523) Pause Full (Allocation Failure) 494M->371M(494M) 37.921ms
[71.346s][info][gc,cpu         ] GC(1523) User=0.03s Sys=0.00s Real=0.04s
[71.357s][info][gc,start       ] GC(1524) Pause Full (Allocation Failure)
[71.357s][info][gc,phases,start] GC(1524) Phase 1: Mark live objects
[71.366s][info][gc,phases      ] GC(1524) Phase 1: Mark live objects 9.443ms
[71.367s][info][gc,phases,start] GC(1524) Phase 2: Compute new object addresses
[71.371s][info][gc,phases      ] GC(1524) Phase 2: Compute new object addresses 4.586ms
[71.371s][info][gc,phases,start] GC(1524) Phase 3: Adjust pointers
[71.377s][info][gc,phases      ] GC(1524) Phase 3: Adjust pointers 6.031ms
[71.377s][info][gc,phases,start] GC(1524) Phase 4: Move objects
[71.399s][info][gc,phases      ] GC(1524) Phase 4: Move objects 22.030ms
[71.399s][info][gc,heap        ] GC(1524) DefNew: 156468K(157248K)->33760K(157248K) Eden: 139776K(139776K)->33760K(139776K) From: 16692K(17472K)->0K(17472K)
[71.399s][info][gc,heap        ] GC(1524) Tenured: 349480K(349568K)->349478K(349568K)
[71.399s][info][gc,metaspace   ] GC(1524) Metaspace: 31095K(31424K)->31095K(31424K) NonClass: 27840K(27968K)->27840K(27968K) Class: 3254K(3456K)->3254K(3456K)
[71.399s][info][gc             ] GC(1524) Pause Full (Allocation Failure) 494M->374M(494M) 42.527ms
[71.400s][info][gc,cpu         ] GC(1524) User=0.04s Sys=0.00s Real=0.04s
[71.408s][info][gc,start       ] GC(1525) Pause Full (Allocation Failure)
[71.408s][info][gc,phases,start] GC(1525) Phase 1: Mark live objects
[71.418s][info][gc,phases      ] GC(1525) Phase 1: Mark live objects 9.233ms
[71.418s][info][gc,phases,start] GC(1525) Phase 2: Compute new object addresses
[71.422s][info][gc,phases      ] GC(1525) Phase 2: Compute new object addresses 4.327ms
[71.422s][info][gc,phases,start] GC(1525) Phase 3: Adjust pointers
[71.428s][info][gc,phases      ] GC(1525) Phase 3: Adjust pointers 6.248ms
[71.428s][info][gc,phases,start] GC(1525) Phase 4: Move objects
[71.453s][info][gc,phases      ] GC(1525) Phase 4: Move objects 24.460ms
[71.453s][info][gc,heap        ] GC(1525) DefNew: 157050K(157248K)->34811K(157248K) Eden: 139776K(139776K)->34811K(139776K) From: 17274K(17472K)->0K(17472K)
[71.453s][info][gc,heap        ] GC(1525) Tenured: 349478K(349568K)->349482K(349568K)
[71.453s][info][gc,metaspace   ] GC(1525) Metaspace: 31095K(31424K)->31095K(31424K) NonClass: 27840K(27968K)->27840K(27968K) Class: 3254K(3456K)->3254K(3456K)
[71.453s][info][gc             ] GC(1525) Pause Full (Allocation Failure) 494M->375M(494M) 44.704ms
[71.453s][info][gc,cpu         ] GC(1525) User=0.04s Sys=0.01s Real=0.05s
[71.464s][info][gc,start       ] GC(1526) Pause Full (Allocation Failure)
[71.464s][info][gc,phases,start] GC(1526) Phase 1: Mark live objects
[71.474s][info][gc,phases      ] GC(1526) Phase 1: Mark live objects 9.747ms
[71.474s][info][gc,phases,start] GC(1526) Phase 2: Compute new object addresses
[71.478s][info][gc,phases      ] GC(1526) Phase 2: Compute new object addresses 4.345ms
[71.478s][info][gc,phases,start] GC(1526) Phase 3: Adjust pointers
[71.485s][info][gc,phases      ] GC(1526) Phase 3: Adjust pointers 7.341ms
[71.485s][info][gc,phases,start] GC(1526) Phase 4: Move objects
[71.512s][info][gc,phases      ] GC(1526) Phase 4: Move objects 26.644ms
[71.512s][info][gc,heap        ] GC(1526) DefNew: 156967K(157248K)->14399K(157248K) Eden: 139776K(139776K)->14399K(139776K) From: 17191K(17472K)->0K(17472K)
[71.512s][info][gc,heap        ] GC(1526) Tenured: 349482K(349568K)->349508K(349568K)
[71.512s][info][gc,metaspace   ] GC(1526) Metaspace: 31095K(31424K)->31095K(31424K) NonClass: 27840K(27968K)->27840K(27968K) Class: 3254K(3456K)->3254K(3456K)
[71.512s][info][gc             ] GC(1526) Pause Full (Allocation Failure) 494M->355M(494M) 48.525ms
[71.512s][info][gc,cpu         ] GC(1526) User=0.05s Sys=0.00s Real=0.05s
[71.523s][info][gc,start       ] GC(1527) Pause Full (Allocation Failure)
[71.523s][info][gc,phases,start] GC(1527) Phase 1: Mark live objects
[71.533s][info][gc,phases      ] GC(1527) Phase 1: Mark live objects 9.520ms
[71.533s][info][gc,phases,start] GC(1527) Phase 2: Compute new object addresses
[71.538s][info][gc,phases      ] GC(1527) Phase 2: Compute new object addresses 5.101ms
[71.538s][info][gc,phases,start] GC(1527) Phase 3: Adjust pointers
[71.545s][info][gc,phases      ] GC(1527) Phase 3: Adjust pointers 6.913ms
[71.545s][info][gc,phases,start] GC(1527) Phase 4: Move objects
[71.563s][info][gc,phases      ] GC(1527) Phase 4: Move objects 18.390ms
[71.564s][info][gc,heap        ] GC(1527) DefNew: 156387K(157248K)->31762K(157248K) Eden: 139776K(139776K)->31762K(139776K) From: 16611K(17472K)->0K(17472K)
[71.564s][info][gc,heap        ] GC(1527) Tenured: 349508K(349568K)->349441K(349568K)
[71.564s][info][gc,metaspace   ] GC(1527) Metaspace: 31095K(31424K)->31095K(31424K) NonClass: 27840K(27968K)->27840K(27968K) Class: 3254K(3456K)->3254K(3456K)
[71.564s][info][gc             ] GC(1527) Pause Full (Allocation Failure) 494M->372M(494M) 40.412ms
[71.564s][info][gc,cpu         ] GC(1527) User=0.04s Sys=0.00s Real=0.04s
[71.576s][info][gc,start       ] GC(1528) Pause Full (Allocation Failure)
[71.576s][info][gc,phases,start] GC(1528) Phase 1: Mark live objects
[71.586s][info][gc,phases      ] GC(1528) Phase 1: Mark live objects 10.443ms
[71.586s][info][gc,phases,start] GC(1528) Phase 2: Compute new object addresses
[71.591s][info][gc,phases      ] GC(1528) Phase 2: Compute new object addresses 4.422ms
[71.591s][info][gc,phases,start] GC(1528) Phase 3: Adjust pointers
[71.598s][info][gc,phases      ] GC(1528) Phase 3: Adjust pointers 6.814ms
[71.598s][info][gc,phases,start] GC(1528) Phase 4: Move objects
[71.623s][info][gc,phases      ] GC(1528) Phase 4: Move objects 24.917ms
[71.623s][info][gc,heap        ] GC(1528) DefNew: 157248K(157248K)->29058K(157248K) Eden: 139776K(139776K)->29058K(139776K) From: 17472K(17472K)->0K(17472K)
[71.623s][info][gc,heap        ] GC(1528) Tenured: 349463K(349568K)->349481K(349568K)
[71.623s][info][gc,metaspace   ] GC(1528) Metaspace: 31095K(31424K)->31095K(31424K) NonClass: 27840K(27968K)->27840K(27968K) Class: 3254K(3456K)->3254K(3456K)
[71.623s][info][gc             ] GC(1528) Pause Full (Allocation Failure) 494M->369M(494M) 47.105ms
[71.623s][info][gc,cpu         ] GC(1528) User=0.05s Sys=0.00s Real=0.05s
[71.637s][info][gc,start       ] GC(1529) Pause Full (Allocation Failure)
[71.637s][info][gc,phases,start] GC(1529) Phase 1: Mark live objects
[71.647s][info][gc,phases      ] GC(1529) Phase 1: Mark live objects 9.832ms
[71.647s][info][gc,phases,start] GC(1529) Phase 2: Compute new object addresses
[71.652s][info][gc,phases      ] GC(1529) Phase 2: Compute new object addresses 4.680ms
[71.652s][info][gc,phases,start] GC(1529) Phase 3: Adjust pointers
[71.658s][info][gc,phases      ] GC(1529) Phase 3: Adjust pointers 6.235ms
[71.658s][info][gc,phases,start] GC(1529) Phase 4: Move objects
[71.683s][info][gc,phases      ] GC(1529) Phase 4: Move objects 25.105ms
[71.683s][info][gc,heap        ] GC(1529) DefNew: 157129K(157248K)->6699K(157248K) Eden: 139776K(139776K)->6699K(139776K) From: 17353K(17472K)->0K(17472K)
[71.683s][info][gc,heap        ] GC(1529) Tenured: 349481K(349568K)->349338K(349568K)
[71.683s][info][gc,metaspace   ] GC(1529) Metaspace: 31095K(31424K)->31095K(31424K) NonClass: 27840K(27968K)->27840K(27968K) Class: 3254K(3456K)->3254K(3456K)
[71.683s][info][gc             ] GC(1529) Pause Full (Allocation Failure) 494M->347M(494M) 46.326ms
[71.683s][info][gc,cpu         ] GC(1529) User=0.05s Sys=0.00s Real=0.05s
[71.694s][info][gc,start       ] GC(1530) Pause Full (Allocation Failure)
[71.694s][info][gc,phases,start] GC(1530) Phase 1: Mark live objects
[71.703s][info][gc,phases      ] GC(1530) Phase 1: Mark live objects 9.127ms
[71.703s][info][gc,phases,start] GC(1530) Phase 2: Compute new object addresses
[71.708s][info][gc,phases      ] GC(1530) Phase 2: Compute new object addresses 4.852ms
[71.708s][info][gc,phases,start] GC(1530) Phase 3: Adjust pointers
[71.715s][info][gc,phases      ] GC(1530) Phase 3: Adjust pointers 7.168ms
[71.715s][info][gc,phases,start] GC(1530) Phase 4: Move objects
[71.739s][info][gc,phases      ] GC(1530) Phase 4: Move objects 24.089ms
[71.740s][info][gc,heap        ] GC(1530) DefNew: 156773K(157248K)->6175K(157248K) Eden: 139776K(139776K)->6175K(139776K) From: 16997K(17472K)->0K(17472K)
[71.740s][info][gc,heap        ] GC(1530) Tenured: 349338K(349568K)->349498K(349568K)
[71.740s][info][gc,metaspace   ] GC(1530) Metaspace: 31095K(31424K)->31095K(31424K) NonClass: 27840K(27968K)->27840K(27968K) Class: 3254K(3456K)->3254K(3456K)
[71.740s][info][gc             ] GC(1530) Pause Full (Allocation Failure) 494M->347M(494M) 45.723ms
[71.740s][info][gc,cpu         ] GC(1530) User=0.04s Sys=0.00s Real=0.04s
[71.747s][info][gc,start       ] GC(1531) Pause Full (Allocation Failure)
[71.747s][info][gc,phases,start] GC(1531) Phase 1: Mark live objects
[71.757s][info][gc,phases      ] GC(1531) Phase 1: Mark live objects 9.634ms
[71.757s][info][gc,phases,start] GC(1531) Phase 2: Compute new object addresses
[71.762s][info][gc,phases      ] GC(1531) Phase 2: Compute new object addresses 5.157ms
[71.762s][info][gc,phases,start] GC(1531) Phase 3: Adjust pointers
[71.769s][info][gc,phases      ] GC(1531) Phase 3: Adjust pointers 6.697ms
[71.769s][info][gc,phases,start] GC(1531) Phase 4: Move objects
[71.773s][info][gc,phases      ] GC(1531) Phase 4: Move objects 4.545ms
[71.773s][info][gc,heap        ] GC(1531) DefNew: 157011K(157248K)->31463K(157248K) Eden: 139776K(139776K)->31463K(139776K) From: 17235K(17472K)->0K(17472K)
[71.773s][info][gc,heap        ] GC(1531) Tenured: 349498K(349568K)->349472K(349568K)
[71.773s][info][gc,metaspace   ] GC(1531) Metaspace: 31095K(31424K)->31095K(31424K) NonClass: 27840K(27968K)->27840K(27968K) Class: 3254K(3456K)->3254K(3456K)
[71.773s][info][gc             ] GC(1531) Pause Full (Allocation Failure) 494M->372M(494M) 26.510ms
[71.773s][info][gc,cpu         ] GC(1531) User=0.03s Sys=0.00s Real=0.03s
[71.779s][info][gc,start       ] GC(1532) Pause Full (Allocation Failure)
[71.780s][info][gc,phases,start] GC(1532) Phase 1: Mark live objects
[71.790s][info][gc,phases      ] GC(1532) Phase 1: Mark live objects 10.146ms
[71.790s][info][gc,phases,start] GC(1532) Phase 2: Compute new object addresses
[71.794s][info][gc,phases      ] GC(1532) Phase 2: Compute new object addresses 4.520ms
[71.794s][info][gc,phases,start] GC(1532) Phase 3: Adjust pointers
[71.801s][info][gc,phases      ] GC(1532) Phase 3: Adjust pointers 6.378ms
[71.801s][info][gc,phases,start] GC(1532) Phase 4: Move objects
[71.823s][info][gc,phases      ] GC(1532) Phase 4: Move objects 22.690ms
[71.824s][info][gc,heap        ] GC(1532) DefNew: 157020K(157248K)->33721K(157248K) Eden: 139776K(139776K)->33721K(139776K) From: 17244K(17472K)->0K(17472K)
[71.824s][info][gc,heap        ] GC(1532) Tenured: 349472K(349568K)->349554K(349568K)
[71.824s][info][gc,metaspace   ] GC(1532) Metaspace: 31095K(31424K)->31095K(31424K) NonClass: 27840K(27968K)->27840K(27968K) Class: 3254K(3456K)->3254K(3456K)
[71.824s][info][gc             ] GC(1532) Pause Full (Allocation Failure) 494M->374M(494M) 44.345ms
[71.824s][info][gc,cpu         ] GC(1532) User=0.04s Sys=0.00s Real=0.05s
[71.834s][info][gc,start       ] GC(1533) Pause Full (Allocation Failure)
[71.834s][info][gc,phases,start] GC(1533) Phase 1: Mark live objects
[71.844s][info][gc,phases      ] GC(1533) Phase 1: Mark live objects 9.577ms
[71.844s][info][gc,phases,start] GC(1533) Phase 2: Compute new object addresses
[71.849s][info][gc,phases      ] GC(1533) Phase 2: Compute new object addresses 4.771ms
[71.849s][info][gc,phases,start] GC(1533) Phase 3: Adjust pointers
[71.855s][info][gc,phases      ] GC(1533) Phase 3: Adjust pointers 6.586ms
[71.855s][info][gc,phases,start] GC(1533) Phase 4: Move objects
[71.881s][info][gc,phases      ] GC(1533) Phase 4: Move objects 25.271ms
[71.881s][info][gc,heap        ] GC(1533) DefNew: 156275K(157248K)->10815K(157248K) Eden: 139776K(139776K)->10815K(139776K) From: 16499K(17472K)->0K(17472K)
[71.881s][info][gc,heap        ] GC(1533) Tenured: 349554K(349568K)->349564K(349568K)
[71.881s][info][gc,metaspace   ] GC(1533) Metaspace: 31095K(31424K)->31095K(31424K) NonClass: 27840K(27968K)->27840K(27968K) Class: 3254K(3456K)->3254K(3456K)
[71.881s][info][gc             ] GC(1533) Pause Full (Allocation Failure) 493M->351M(494M) 46.653ms
[71.881s][info][gc,cpu         ] GC(1533) User=0.05s Sys=0.00s Real=0.04s
[71.888s][info][gc,start       ] GC(1534) Pause Full (Allocation Failure)
[71.888s][info][gc,phases,start] GC(1534) Phase 1: Mark live objects
[71.898s][info][gc,phases      ] GC(1534) Phase 1: Mark live objects 9.597ms
[71.898s][info][gc,phases,start] GC(1534) Phase 2: Compute new object addresses
[71.903s][info][gc,phases      ] GC(1534) Phase 2: Compute new object addresses 4.827ms
[71.903s][info][gc,phases,start] GC(1534) Phase 3: Adjust pointers
[71.909s][info][gc,phases      ] GC(1534) Phase 3: Adjust pointers 6.406ms
[71.909s][info][gc,phases,start] GC(1534) Phase 4: Move objects
[71.932s][info][gc,phases      ] GC(1534) Phase 4: Move objects 23.451ms
[71.933s][info][gc,heap        ] GC(1534) DefNew: 156994K(157248K)->18533K(157248K) Eden: 139776K(139776K)->18533K(139776K) From: 17218K(17472K)->0K(17472K)
[71.933s][info][gc,heap        ] GC(1534) Tenured: 349564K(349568K)->349315K(349568K)
[71.933s][info][gc,metaspace   ] GC(1534) Metaspace: 31095K(31424K)->31095K(31424K) NonClass: 27840K(27968K)->27840K(27968K) Class: 3254K(3456K)->3254K(3456K)
[71.933s][info][gc             ] GC(1534) Pause Full (Allocation Failure) 494M->359M(494M) 44.726ms
[71.933s][info][gc,cpu         ] GC(1534) User=0.04s Sys=0.00s Real=0.05s
[71.944s][info][gc,start       ] GC(1535) Pause Full (Allocation Failure)
[71.944s][info][gc,phases,start] GC(1535) Phase 1: Mark live objects
[71.953s][info][gc,phases      ] GC(1535) Phase 1: Mark live objects 9.399ms
[71.953s][info][gc,phases,start] GC(1535) Phase 2: Compute new object addresses
[71.958s][info][gc,phases      ] GC(1535) Phase 2: Compute new object addresses 4.485ms
[71.958s][info][gc,phases,start] GC(1535) Phase 3: Adjust pointers
[71.964s][info][gc,phases      ] GC(1535) Phase 3: Adjust pointers 6.122ms
[71.964s][info][gc,phases,start] GC(1535) Phase 4: Move objects
[71.981s][info][gc,phases      ] GC(1535) Phase 4: Move objects 16.735ms
[71.981s][info][gc,heap        ] GC(1535) DefNew: 157150K(157248K)->33432K(157248K) Eden: 139776K(139776K)->33432K(139776K) From: 17374K(17472K)->0K(17472K)
[71.981s][info][gc,heap        ] GC(1535) Tenured: 349315K(349568K)->349475K(349568K)
[71.981s][info][gc,metaspace   ] GC(1535) Metaspace: 31095K(31424K)->31095K(31424K) NonClass: 27840K(27968K)->27840K(27968K) Class: 3254K(3456K)->3254K(3456K)
[71.981s][info][gc             ] GC(1535) Pause Full (Allocation Failure) 494M->373M(494M) 37.232ms
[71.981s][info][gc,cpu         ] GC(1535) User=0.03s Sys=0.00s Real=0.03s
[71.992s][info][gc,start       ] GC(1536) Pause Young (GCLocker Initiated GC)
[71.992s][info][gc,heap        ] GC(1536) DefNew: 157157K(157248K)->157157K(157248K) Eden: 139776K(139776K)->139776K(139776K) From: 17381K(17472K)->17381K(17472K)
[71.992s][info][gc,heap        ] GC(1536) Tenured: 349475K(349568K)->349475K(349568K)
[71.992s][info][gc,metaspace   ] GC(1536) Metaspace: 31095K(31424K)->31095K(31424K) NonClass: 27840K(27968K)->27840K(27968K) Class: 3254K(3456K)->3254K(3456K)
[71.992s][info][gc             ] GC(1536) Pause Young (GCLocker Initiated GC) 494M->494M(494M) 0.067ms
[71.992s][info][gc,cpu         ] GC(1536) User=0.00s Sys=0.00s Real=0.00s
[71.992s][info][gc,start       ] GC(1537) Pause Full (GCLocker Initiated GC)
[71.992s][info][gc,phases,start] GC(1537) Phase 1: Mark live objects
[72.003s][info][gc,phases      ] GC(1537) Phase 1: Mark live objects 10.824ms
[72.003s][info][gc,phases,start] GC(1537) Phase 2: Compute new object addresses
[72.007s][info][gc,phases      ] GC(1537) Phase 2: Compute new object addresses 4.824ms
[72.007s][info][gc,phases,start] GC(1537) Phase 3: Adjust pointers
[72.014s][info][gc,phases      ] GC(1537) Phase 3: Adjust pointers 6.446ms
[72.014s][info][gc,phases,start] GC(1537) Phase 4: Move objects
[72.039s][info][gc,phases      ] GC(1537) Phase 4: Move objects 24.716ms
[72.039s][info][gc,heap        ] GC(1537) DefNew: 157157K(157248K)->32527K(157248K) Eden: 139776K(139776K)->32527K(139776K) From: 17381K(17472K)->0K(17472K)
[72.039s][info][gc,heap        ] GC(1537) Tenured: 349475K(349568K)->349440K(349568K)
[72.039s][info][gc,metaspace   ] GC(1537) Metaspace: 31095K(31424K)->31095K(31424K) NonClass: 27840K(27968K)->27840K(27968K) Class: 3254K(3456K)->3254K(3456K)
[72.039s][info][gc             ] GC(1537) Pause Full (GCLocker Initiated GC) 494M->373M(494M) 47.223ms
[72.039s][info][gc,cpu         ] GC(1537) User=0.04s Sys=0.00s Real=0.04s
[72.046s][info][gc,start       ] GC(1538) Pause Full (Allocation Failure)
[72.046s][info][gc,phases,start] GC(1538) Phase 1: Mark live objects
[72.055s][info][gc,phases      ] GC(1538) Phase 1: Mark live objects 9.507ms
[72.055s][info][gc,phases,start] GC(1538) Phase 2: Compute new object addresses
[72.060s][info][gc,phases      ] GC(1538) Phase 2: Compute new object addresses 4.497ms
[72.060s][info][gc,phases,start] GC(1538) Phase 3: Adjust pointers
[72.066s][info][gc,phases      ] GC(1538) Phase 3: Adjust pointers 6.123ms
[72.066s][info][gc,phases,start] GC(1538) Phase 4: Move objects
[72.092s][info][gc,phases      ] GC(1538) Phase 4: Move objects 25.688ms
[72.092s][info][gc,heap        ] GC(1538) DefNew: 157087K(157248K)->18522K(157248K) Eden: 139776K(139776K)->18522K(139776K) From: 17311K(17472K)->0K(17472K)
[72.092s][info][gc,heap        ] GC(1538) Tenured: 349440K(349568K)->349477K(349568K)
[72.092s][info][gc,metaspace   ] GC(1538) Metaspace: 31095K(31424K)->31095K(31424K) NonClass: 27840K(27968K)->27840K(27968K) Class: 3254K(3456K)->3254K(3456K)
[72.092s][info][gc             ] GC(1538) Pause Full (Allocation Failure) 494M->359M(494M) 46.266ms
[72.092s][info][gc,cpu         ] GC(1538) User=0.04s Sys=0.00s Real=0.05s
[72.103s][info][gc,start       ] GC(1539) Pause Full (Allocation Failure)
[72.103s][info][gc,phases,start] GC(1539) Phase 1: Mark live objects
[72.112s][info][gc,phases      ] GC(1539) Phase 1: Mark live objects 9.757ms
[72.112s][info][gc,phases,start] GC(1539) Phase 2: Compute new object addresses
[72.117s][info][gc,phases      ] GC(1539) Phase 2: Compute new object addresses 4.808ms
[72.117s][info][gc,phases,start] GC(1539) Phase 3: Adjust pointers
[72.123s][info][gc,phases      ] GC(1539) Phase 3: Adjust pointers 6.193ms
[72.123s][info][gc,phases,start] GC(1539) Phase 4: Move objects
[72.148s][info][gc,phases      ] GC(1539) Phase 4: Move objects 24.356ms
[72.148s][info][gc,heap        ] GC(1539) DefNew: 157135K(157248K)->17372K(157248K) Eden: 139776K(139776K)->17372K(139776K) From: 17359K(17472K)->0K(17472K)
[72.148s][info][gc,heap        ] GC(1539) Tenured: 349477K(349568K)->349425K(349568K)
[72.148s][info][gc,metaspace   ] GC(1539) Metaspace: 31095K(31424K)->31095K(31424K) NonClass: 27840K(27968K)->27840K(27968K) Class: 3254K(3456K)->3254K(3456K)
[72.148s][info][gc             ] GC(1539) Pause Full (Allocation Failure) 494M->358M(494M) 45.560ms
[72.148s][info][gc,cpu         ] GC(1539) User=0.05s Sys=0.00s Real=0.04s
[72.155s][info][gc,start       ] GC(1540) Pause Full (Allocation Failure)
[72.155s][info][gc,phases,start] GC(1540) Phase 1: Mark live objects
[72.165s][info][gc,phases      ] GC(1540) Phase 1: Mark live objects 10.068ms
[72.165s][info][gc,phases,start] GC(1540) Phase 2: Compute new object addresses
[72.170s][info][gc,phases      ] GC(1540) Phase 2: Compute new object addresses 4.846ms
[72.170s][info][gc,phases,start] GC(1540) Phase 3: Adjust pointers
[72.177s][info][gc,phases      ] GC(1540) Phase 3: Adjust pointers 7.094ms
[72.177s][info][gc,phases,start] GC(1540) Phase 4: Move objects
[72.181s][info][gc,phases      ] GC(1540) Phase 4: Move objects 4.368ms
[72.181s][info][gc,heap        ] GC(1540) DefNew: 157001K(157248K)->40390K(157248K) Eden: 139776K(139776K)->40390K(139776K) From: 17225K(17472K)->0K(17472K)
[72.181s][info][gc,heap        ] GC(1540) Tenured: 349425K(349568K)->349555K(349568K)
[72.181s][info][gc,metaspace   ] GC(1540) Metaspace: 31095K(31424K)->31095K(31424K) NonClass: 27840K(27968K)->27840K(27968K) Class: 3254K(3456K)->3254K(3456K)
[72.181s][info][gc             ] GC(1540) Pause Full (Allocation Failure) 494M->380M(494M) 26.895ms
[72.181s][info][gc,cpu         ] GC(1540) User=0.03s Sys=0.00s Real=0.02s
[72.192s][info][gc,start       ] GC(1541) Pause Full (Allocation Failure)
[72.192s][info][gc,phases,start] GC(1541) Phase 1: Mark live objects
[72.202s][info][gc,phases      ] GC(1541) Phase 1: Mark live objects 10.210ms
[72.203s][info][gc,phases,start] GC(1541) Phase 2: Compute new object addresses
[72.207s][info][gc,phases      ] GC(1541) Phase 2: Compute new object addresses 4.579ms
[72.207s][info][gc,phases,start] GC(1541) Phase 3: Adjust pointers
[72.214s][info][gc,phases      ] GC(1541) Phase 3: Adjust pointers 6.380ms
[72.214s][info][gc,phases,start] GC(1541) Phase 4: Move objects
[72.237s][info][gc,phases      ] GC(1541) Phase 4: Move objects 23.622ms
[72.237s][info][gc,heap        ] GC(1541) DefNew: 156289K(157248K)->34199K(157248K) Eden: 139776K(139776K)->34199K(139776K) From: 16513K(17472K)->0K(17472K)
[72.237s][info][gc,heap        ] GC(1541) Tenured: 349555K(349568K)->349477K(349568K)
[72.237s][info][gc,metaspace   ] GC(1541) Metaspace: 31095K(31424K)->31095K(31424K) NonClass: 27840K(27968K)->27840K(27968K) Class: 3254K(3456K)->3254K(3456K)
[72.237s][info][gc             ] GC(1541) Pause Full (Allocation Failure) 493M->374M(494M) 45.239ms
[72.237s][info][gc,cpu         ] GC(1541) User=0.05s Sys=0.00s Real=0.04s
[72.248s][info][gc,start       ] GC(1542) Pause Full (Allocation Failure)
[72.248s][info][gc,phases,start] GC(1542) Phase 1: Mark live objects
[72.258s][info][gc,phases      ] GC(1542) Phase 1: Mark live objects 9.977ms
[72.258s][info][gc,phases,start] GC(1542) Phase 2: Compute new object addresses
[72.263s][info][gc,phases      ] GC(1542) Phase 2: Compute new object addresses 4.898ms
[72.263s][info][gc,phases,start] GC(1542) Phase 3: Adjust pointers
[72.270s][info][gc,phases      ] GC(1542) Phase 3: Adjust pointers 6.584ms
[72.270s][info][gc,phases,start] GC(1542) Phase 4: Move objects
[72.299s][info][gc,phases      ] GC(1542) Phase 4: Move objects 29.401ms
[72.299s][info][gc,heap        ] GC(1542) DefNew: 156871K(157248K)->20693K(157248K) Eden: 139776K(139776K)->20693K(139776K) From: 17095K(17472K)->0K(17472K)
[72.299s][info][gc,heap        ] GC(1542) Tenured: 349477K(349568K)->349484K(349568K)
[72.299s][info][gc,metaspace   ] GC(1542) Metaspace: 31102K(31424K)->31102K(31424K) NonClass: 27848K(27968K)->27848K(27968K) Class: 3254K(3456K)->3254K(3456K)
[72.299s][info][gc             ] GC(1542) Pause Full (Allocation Failure) 494M->361M(494M) 51.329ms
[72.299s][info][gc,cpu         ] GC(1542) User=0.06s Sys=0.00s Real=0.05s
[72.307s][info][gc,start       ] GC(1543) Pause Full (Allocation Failure)
[72.307s][info][gc,phases,start] GC(1543) Phase 1: Mark live objects
[72.319s][info][gc,phases      ] GC(1543) Phase 1: Mark live objects 11.956ms
[72.319s][info][gc,phases,start] GC(1543) Phase 2: Compute new object addresses
[72.324s][info][gc,phases      ] GC(1543) Phase 2: Compute new object addresses 4.668ms
[72.324s][info][gc,phases,start] GC(1543) Phase 3: Adjust pointers
[72.330s][info][gc,phases      ] GC(1543) Phase 3: Adjust pointers 6.167ms
[72.330s][info][gc,phases,start] GC(1543) Phase 4: Move objects
[72.358s][info][gc,phases      ] GC(1543) Phase 4: Move objects 27.918ms
[72.358s][info][gc,heap        ] GC(1543) DefNew: 157014K(157248K)->23186K(157248K) Eden: 139776K(139776K)->23186K(139776K) From: 17238K(17472K)->0K(17472K)
[72.358s][info][gc,heap        ] GC(1543) Tenured: 349484K(349568K)->348545K(349568K)
[72.358s][info][gc,metaspace   ] GC(1543) Metaspace: 31102K(31424K)->31102K(31424K) NonClass: 27848K(27968K)->27848K(27968K) Class: 3254K(3456K)->3254K(3456K)
[72.358s][info][gc             ] GC(1543) Pause Full (Allocation Failure) 494M->363M(494M) 51.182ms
[72.358s][info][gc,cpu         ] GC(1543) User=0.05s Sys=0.00s Real=0.05s
[72.369s][info][gc,start       ] GC(1544) Pause Full (Allocation Failure)
[72.369s][info][gc,phases,start] GC(1544) Phase 1: Mark live objects
[72.379s][info][gc,phases      ] GC(1544) Phase 1: Mark live objects 10.310ms
[72.379s][info][gc,phases,start] GC(1544) Phase 2: Compute new object addresses
[72.384s][info][gc,phases      ] GC(1544) Phase 2: Compute new object addresses 4.780ms
[72.384s][info][gc,phases,start] GC(1544) Phase 3: Adjust pointers
[72.390s][info][gc,phases      ] GC(1544) Phase 3: Adjust pointers 6.329ms
[72.390s][info][gc,phases,start] GC(1544) Phase 4: Move objects
[72.408s][info][gc,phases      ] GC(1544) Phase 4: Move objects 17.975ms
[72.409s][info][gc,heap        ] GC(1544) DefNew: 157247K(157248K)->33295K(157248K) Eden: 139776K(139776K)->33295K(139776K) From: 17471K(17472K)->0K(17472K)
[72.409s][info][gc,heap        ] GC(1544) Tenured: 348545K(349568K)->349463K(349568K)
[72.409s][info][gc,metaspace   ] GC(1544) Metaspace: 31102K(31424K)->31102K(31424K) NonClass: 27848K(27968K)->27848K(27968K) Class: 3254K(3456K)->3254K(3456K)
[72.409s][info][gc             ] GC(1544) Pause Full (Allocation Failure) 493M->373M(494M) 39.856ms
[72.409s][info][gc,cpu         ] GC(1544) User=0.04s Sys=0.00s Real=0.04s
[72.416s][info][gc,start       ] GC(1545) Pause Full (Allocation Failure)
[72.416s][info][gc,phases,start] GC(1545) Phase 1: Mark live objects
[72.426s][info][gc,phases      ] GC(1545) Phase 1: Mark live objects 9.789ms
[72.426s][info][gc,phases,start] GC(1545) Phase 2: Compute new object addresses
[72.430s][info][gc,phases      ] GC(1545) Phase 2: Compute new object addresses 4.440ms
[72.430s][info][gc,phases,start] GC(1545) Phase 3: Adjust pointers
[72.436s][info][gc,phases      ] GC(1545) Phase 3: Adjust pointers 6.354ms
[72.437s][info][gc,phases,start] GC(1545) Phase 4: Move objects
[72.461s][info][gc,phases      ] GC(1545) Phase 4: Move objects 24.065ms
[72.461s][info][gc,heap        ] GC(1545) DefNew: 157127K(157248K)->38447K(157248K) Eden: 139776K(139776K)->38447K(139776K) From: 17351K(17472K)->0K(17472K)
[72.461s][info][gc,heap        ] GC(1545) Tenured: 349463K(349568K)->349460K(349568K)
[72.461s][info][gc,metaspace   ] GC(1545) Metaspace: 31102K(31424K)->31102K(31424K) NonClass: 27848K(27968K)->27848K(27968K) Class: 3254K(3456K)->3254K(3456K)
[72.461s][info][gc             ] GC(1545) Pause Full (Allocation Failure) 494M->378M(494M) 45.160ms
[72.461s][info][gc,cpu         ] GC(1545) User=0.04s Sys=0.01s Real=0.04s
[72.472s][info][gc,start       ] GC(1546) Pause Full (Allocation Failure)
[72.472s][info][gc,phases,start] GC(1546) Phase 1: Mark live objects
[72.481s][info][gc,phases      ] GC(1546) Phase 1: Mark live objects 9.711ms
[72.481s][info][gc,phases,start] GC(1546) Phase 2: Compute new object addresses
[72.486s][info][gc,phases      ] GC(1546) Phase 2: Compute new object addresses 4.598ms
[72.486s][info][gc,phases,start] GC(1546) Phase 3: Adjust pointers
[72.493s][info][gc,phases      ] GC(1546) Phase 3: Adjust pointers 6.363ms
[72.493s][info][gc,phases,start] GC(1546) Phase 4: Move objects
[72.521s][info][gc,phases      ] GC(1546) Phase 4: Move objects 28.563ms
[72.521s][info][gc,heap        ] GC(1546) DefNew: 156452K(157248K)->20598K(157248K) Eden: 139776K(139776K)->20598K(139776K) From: 16676K(17472K)->0K(17472K)
[72.521s][info][gc,heap        ] GC(1546) Tenured: 349460K(349568K)->349503K(349568K)
[72.521s][info][gc,metaspace   ] GC(1546) Metaspace: 31102K(31424K)->31102K(31424K) NonClass: 27848K(27968K)->27848K(27968K) Class: 3254K(3456K)->3254K(3456K)
[72.521s][info][gc             ] GC(1546) Pause Full (Allocation Failure) 494M->361M(494M) 49.764ms
[72.521s][info][gc,cpu         ] GC(1546) User=0.05s Sys=0.00s Real=0.04s
[72.531s][info][gc,start       ] GC(1547) Pause Full (Allocation Failure)
[72.531s][info][gc,phases,start] GC(1547) Phase 1: Mark live objects
[72.540s][info][gc,phases      ] GC(1547) Phase 1: Mark live objects 8.898ms
[72.540s][info][gc,phases,start] GC(1547) Phase 2: Compute new object addresses
[72.545s][info][gc,phases      ] GC(1547) Phase 2: Compute new object addresses 4.484ms
[72.545s][info][gc,phases,start] GC(1547) Phase 3: Adjust pointers
[72.551s][info][gc,phases      ] GC(1547) Phase 3: Adjust pointers 6.141ms
[72.551s][info][gc,phases,start] GC(1547) Phase 4: Move objects
[72.577s][info][gc,phases      ] GC(1547) Phase 4: Move objects 25.675ms
[72.577s][info][gc,heap        ] GC(1547) DefNew: 157016K(157248K)->18026K(157248K) Eden: 139776K(139776K)->18026K(139776K) From: 17240K(17472K)->0K(17472K)
[72.577s][info][gc,heap        ] GC(1547) Tenured: 349503K(349568K)->349312K(349568K)
[72.577s][info][gc,metaspace   ] GC(1547) Metaspace: 31102K(31424K)->31102K(31424K) NonClass: 27848K(27968K)->27848K(27968K) Class: 3254K(3456K)->3254K(3456K)
[72.577s][info][gc             ] GC(1547) Pause Full (Allocation Failure) 494M->358M(494M) 45.620ms
[72.577s][info][gc,cpu         ] GC(1547) User=0.05s Sys=0.00s Real=0.04s
[72.584s][info][gc,start       ] GC(1548) Pause Young (GCLocker Initiated GC)
[72.584s][info][gc,heap        ] GC(1548) DefNew: 157225K(157248K)->157225K(157248K) Eden: 139776K(139776K)->139776K(139776K) From: 17449K(17472K)->17449K(17472K)
[72.584s][info][gc,heap        ] GC(1548) Tenured: 349312K(349568K)->349312K(349568K)
[72.584s][info][gc,metaspace   ] GC(1548) Metaspace: 31102K(31424K)->31102K(31424K) NonClass: 27848K(27968K)->27848K(27968K) Class: 3254K(3456K)->3254K(3456K)
[72.584s][info][gc             ] GC(1548) Pause Young (GCLocker Initiated GC) 494M->494M(494M) 0.070ms
[72.584s][info][gc,cpu         ] GC(1548) User=0.00s Sys=0.00s Real=0.00s
[72.584s][info][gc,start       ] GC(1549) Pause Full (GCLocker Initiated GC)
[72.584s][info][gc,phases,start] GC(1549) Phase 1: Mark live objects
[72.594s][info][gc,phases      ] GC(1549) Phase 1: Mark live objects 9.673ms
[72.594s][info][gc,phases,start] GC(1549) Phase 2: Compute new object addresses
[72.598s][info][gc,phases      ] GC(1549) Phase 2: Compute new object addresses 4.645ms
[72.598s][info][gc,phases,start] GC(1549) Phase 3: Adjust pointers
[72.604s][info][gc,phases      ] GC(1549) Phase 3: Adjust pointers 6.033ms
[72.604s][info][gc,phases,start] GC(1549) Phase 4: Move objects
[72.609s][info][gc,phases      ] GC(1549) Phase 4: Move objects 4.192ms
[72.609s][info][gc,heap        ] GC(1549) DefNew: 157225K(157248K)->39844K(157248K) Eden: 139776K(139776K)->39844K(139776K) From: 17449K(17472K)->0K(17472K)
[72.609s][info][gc,heap        ] GC(1549) Tenured: 349312K(349568K)->349489K(349568K)
[72.609s][info][gc,metaspace   ] GC(1549) Metaspace: 31102K(31424K)->31102K(31424K) NonClass: 27848K(27968K)->27848K(27968K) Class: 3254K(3456K)->3254K(3456K)
[72.609s][info][gc             ] GC(1549) Pause Full (GCLocker Initiated GC) 494M->380M(494M) 24.914ms
[72.609s][info][gc,cpu         ] GC(1549) User=0.03s Sys=0.00s Real=0.02s
[72.619s][info][gc,start       ] GC(1550) Pause Full (Allocation Failure)
[72.619s][info][gc,phases,start] GC(1550) Phase 1: Mark live objects
[72.628s][info][gc,phases      ] GC(1550) Phase 1: Mark live objects 8.930ms
[72.628s][info][gc,phases,start] GC(1550) Phase 2: Compute new object addresses
[72.632s][info][gc,phases      ] GC(1550) Phase 2: Compute new object addresses 4.061ms
[72.632s][info][gc,phases,start] GC(1550) Phase 3: Adjust pointers
[72.638s][info][gc,phases      ] GC(1550) Phase 3: Adjust pointers 5.640ms
[72.638s][info][gc,phases,start] GC(1550) Phase 4: Move objects
[72.661s][info][gc,phases      ] GC(1550) Phase 4: Move objects 23.093ms
[72.661s][info][gc,heap        ] GC(1550) DefNew: 157178K(157248K)->34719K(157248K) Eden: 139776K(139776K)->34719K(139776K) From: 17402K(17472K)->0K(17472K)
[72.661s][info][gc,heap        ] GC(1550) Tenured: 349489K(349568K)->349499K(349568K)
[72.661s][info][gc,metaspace   ] GC(1550) Metaspace: 31102K(31424K)->31102K(31424K) NonClass: 27848K(27968K)->27848K(27968K) Class: 3254K(3456K)->3254K(3456K)
[72.661s][info][gc             ] GC(1550) Pause Full (Allocation Failure) 494M->375M(494M) 42.148ms
[72.662s][info][gc,cpu         ] GC(1550) User=0.04s Sys=0.01s Real=0.04s
[72.672s][info][gc,start       ] GC(1551) Pause Full (Allocation Failure)
[72.672s][info][gc,phases,start] GC(1551) Phase 1: Mark live objects
[72.682s][info][gc,phases      ] GC(1551) Phase 1: Mark live objects 9.729ms
[72.682s][info][gc,phases,start] GC(1551) Phase 2: Compute new object addresses
[72.686s][info][gc,phases      ] GC(1551) Phase 2: Compute new object addresses 4.373ms
[72.686s][info][gc,phases,start] GC(1551) Phase 3: Adjust pointers
[72.692s][info][gc,phases      ] GC(1551) Phase 3: Adjust pointers 5.827ms
[72.692s][info][gc,phases,start] GC(1551) Phase 4: Move objects
[72.717s][info][gc,phases      ] GC(1551) Phase 4: Move objects 25.038ms
[72.717s][info][gc,heap        ] GC(1551) DefNew: 157247K(157248K)->14174K(157248K) Eden: 139776K(139776K)->14174K(139776K) From: 17471K(17472K)->0K(17472K)
[72.717s][info][gc,heap        ] GC(1551) Tenured: 349566K(349568K)->349567K(349568K)
[72.717s][info][gc,metaspace   ] GC(1551) Metaspace: 31102K(31424K)->31102K(31424K) NonClass: 27848K(27968K)->27848K(27968K) Class: 3254K(3456K)->3254K(3456K)
[72.717s][info][gc             ] GC(1551) Pause Full (Allocation Failure) 494M->355M(494M) 45.395ms
[72.717s][info][gc,cpu         ] GC(1551) User=0.05s Sys=0.00s Real=0.04s
[72.728s][info][gc,start       ] GC(1552) Pause Full (Allocation Failure)
[72.728s][info][gc,phases,start] GC(1552) Phase 1: Mark live objects
[72.738s][info][gc,phases      ] GC(1552) Phase 1: Mark live objects 9.374ms
[72.738s][info][gc,phases,start] GC(1552) Phase 2: Compute new object addresses
[72.742s][info][gc,phases      ] GC(1552) Phase 2: Compute new object addresses 4.821ms
[72.742s][info][gc,phases,start] GC(1552) Phase 3: Adjust pointers
[72.749s][info][gc,phases      ] GC(1552) Phase 3: Adjust pointers 6.605ms
[72.749s][info][gc,phases,start] GC(1552) Phase 4: Move objects
[72.774s][info][gc,phases      ] GC(1552) Phase 4: Move objects 24.697ms
[72.774s][info][gc,heap        ] GC(1552) DefNew: 156553K(157248K)->18016K(157248K) Eden: 139776K(139776K)->18016K(139776K) From: 16777K(17472K)->0K(17472K)
[72.774s][info][gc,heap        ] GC(1552) Tenured: 349567K(349568K)->349353K(349568K)
[72.774s][info][gc,metaspace   ] GC(1552) Metaspace: 31102K(31424K)->31102K(31424K) NonClass: 27848K(27968K)->27848K(27968K) Class: 3254K(3456K)->3254K(3456K)
[72.774s][info][gc             ] GC(1552) Pause Full (Allocation Failure) 494M->358M(494M) 45.959ms
[72.774s][info][gc,cpu         ] GC(1552) User=0.05s Sys=0.00s Real=0.05s
[72.785s][info][gc,start       ] GC(1553) Pause Full (Allocation Failure)
[72.785s][info][gc,phases,start] GC(1553) Phase 1: Mark live objects
[72.794s][info][gc,phases      ] GC(1553) Phase 1: Mark live objects 9.446ms
[72.794s][info][gc,phases,start] GC(1553) Phase 2: Compute new object addresses
[72.799s][info][gc,phases      ] GC(1553) Phase 2: Compute new object addresses 4.368ms
[72.799s][info][gc,phases,start] GC(1553) Phase 3: Adjust pointers
[72.805s][info][gc,phases      ] GC(1553) Phase 3: Adjust pointers 5.877ms
[72.805s][info][gc,phases,start] GC(1553) Phase 4: Move objects
[72.822s][info][gc,phases      ] GC(1553) Phase 4: Move objects 17.845ms
[72.823s][info][gc,heap        ] GC(1553) DefNew: 157085K(157248K)->37021K(157248K) Eden: 139776K(139776K)->37021K(139776K) From: 17309K(17472K)->0K(17472K)
[72.823s][info][gc,heap        ] GC(1553) Tenured: 349353K(349568K)->349496K(349568K)
[72.823s][info][gc,metaspace   ] GC(1553) Metaspace: 31102K(31424K)->31102K(31424K) NonClass: 27848K(27968K)->27848K(27968K) Class: 3254K(3456K)->3254K(3456K)
[72.823s][info][gc             ] GC(1553) Pause Full (Allocation Failure) 494M->377M(494M) 37.961ms
[72.823s][info][gc,cpu         ] GC(1553) User=0.04s Sys=0.00s Real=0.04s
[72.833s][info][gc,start       ] GC(1554) Pause Full (Allocation Failure)
[72.833s][info][gc,phases,start] GC(1554) Phase 1: Mark live objects
[72.843s][info][gc,phases      ] GC(1554) Phase 1: Mark live objects 9.437ms
[72.843s][info][gc,phases,start] GC(1554) Phase 2: Compute new object addresses
[72.847s][info][gc,phases      ] GC(1554) Phase 2: Compute new object addresses 4.424ms
[72.847s][info][gc,phases,start] GC(1554) Phase 3: Adjust pointers
[72.853s][info][gc,phases      ] GC(1554) Phase 3: Adjust pointers 6.111ms
[72.853s][info][gc,phases,start] GC(1554) Phase 4: Move objects
[72.877s][info][gc,phases      ] GC(1554) Phase 4: Move objects 23.300ms
[72.877s][info][gc,heap        ] GC(1554) DefNew: 156652K(157248K)->31504K(157248K) Eden: 139776K(139776K)->31504K(139776K) From: 16876K(17472K)->0K(17472K)
[72.877s][info][gc,heap        ] GC(1554) Tenured: 349496K(349568K)->349456K(349568K)
[72.877s][info][gc,metaspace   ] GC(1554) Metaspace: 31102K(31424K)->31102K(31424K) NonClass: 27848K(27968K)->27848K(27968K) Class: 3254K(3456K)->3254K(3456K)
[72.877s][info][gc             ] GC(1554) Pause Full (Allocation Failure) 494M->372M(494M) 43.677ms
[72.877s][info][gc,cpu         ] GC(1554) User=0.04s Sys=0.00s Real=0.04s
[72.888s][info][gc,start       ] GC(1555) Pause Full (Allocation Failure)
[72.888s][info][gc,phases,start] GC(1555) Phase 1: Mark live objects
[72.897s][info][gc,phases      ] GC(1555) Phase 1: Mark live objects 9.135ms
[72.897s][info][gc,phases,start] GC(1555) Phase 2: Compute new object addresses
[72.901s][info][gc,phases      ] GC(1555) Phase 2: Compute new object addresses 4.237ms
[72.901s][info][gc,phases,start] GC(1555) Phase 3: Adjust pointers
[72.907s][info][gc,phases      ] GC(1555) Phase 3: Adjust pointers 5.861ms
[72.907s][info][gc,phases,start] GC(1555) Phase 4: Move objects
[72.931s][info][gc,phases      ] GC(1555) Phase 4: Move objects 23.526ms
[72.931s][info][gc,heap        ] GC(1555) DefNew: 157166K(157248K)->29354K(157248K) Eden: 139776K(139776K)->29354K(139776K) From: 17390K(17472K)->0K(17472K)
[72.931s][info][gc,heap        ] GC(1555) Tenured: 349456K(349568K)->349312K(349568K)
[72.931s][info][gc,metaspace   ] GC(1555) Metaspace: 31102K(31424K)->31102K(31424K) NonClass: 27848K(27968K)->27848K(27968K) Class: 3254K(3456K)->3254K(3456K)
[72.931s][info][gc             ] GC(1555) Pause Full (Allocation Failure) 494M->369M(494M) 43.197ms
[72.931s][info][gc,cpu         ] GC(1555) User=0.04s Sys=0.00s Real=0.05s
[72.938s][info][gc,start       ] GC(1556) Pause Full (Allocation Failure)
[72.938s][info][gc,phases,start] GC(1556) Phase 1: Mark live objects
[72.949s][info][gc,phases      ] GC(1556) Phase 1: Mark live objects 10.482ms
[72.949s][info][gc,phases,start] GC(1556) Phase 2: Compute new object addresses
[72.953s][info][gc,phases      ] GC(1556) Phase 2: Compute new object addresses 4.241ms
[72.953s][info][gc,phases,start] GC(1556) Phase 3: Adjust pointers
[72.959s][info][gc,phases      ] GC(1556) Phase 3: Adjust pointers 6.156ms
[72.959s][info][gc,phases,start] GC(1556) Phase 4: Move objects
[72.985s][info][gc,phases      ] GC(1556) Phase 4: Move objects 25.428ms
[72.985s][info][gc,heap        ] GC(1556) DefNew: 157092K(157248K)->25452K(157248K) Eden: 139776K(139776K)->25452K(139776K) From: 17316K(17472K)->0K(17472K)
[72.985s][info][gc,heap        ] GC(1556) Tenured: 349312K(349568K)->349501K(349568K)
[72.985s][info][gc,metaspace   ] GC(1556) Metaspace: 31102K(31424K)->31102K(31424K) NonClass: 27848K(27968K)->27848K(27968K) Class: 3254K(3456K)->3254K(3456K)
[72.985s][info][gc             ] GC(1556) Pause Full (Allocation Failure) 494M->366M(494M) 46.758ms
[72.985s][info][gc,cpu         ] GC(1556) User=0.05s Sys=0.00s Real=0.05s
[72.992s][info][gc,start       ] GC(1557) Pause Full (Allocation Failure)
[72.992s][info][gc,phases,start] GC(1557) Phase 1: Mark live objects
[73.002s][info][gc,phases      ] GC(1557) Phase 1: Mark live objects 10.268ms
[73.002s][info][gc,phases,start] GC(1557) Phase 2: Compute new object addresses
[73.007s][info][gc,phases      ] GC(1557) Phase 2: Compute new object addresses 4.786ms
[73.007s][info][gc,phases,start] GC(1557) Phase 3: Adjust pointers
[73.013s][info][gc,phases      ] GC(1557) Phase 3: Adjust pointers 6.559ms
[73.013s][info][gc,phases,start] GC(1557) Phase 4: Move objects
[73.017s][info][gc,phases      ] GC(1557) Phase 4: Move objects 3.958ms
[73.018s][info][gc,heap        ] GC(1557) DefNew: 157241K(157248K)->45832K(157248K) Eden: 139776K(139776K)->45832K(139776K) From: 17465K(17472K)->0K(17472K)
[73.018s][info][gc,heap        ] GC(1557) Tenured: 349501K(349568K)->349501K(349568K)
[73.018s][info][gc,metaspace   ] GC(1557) Metaspace: 31102K(31424K)->31102K(31424K) NonClass: 27848K(27968K)->27848K(27968K) Class: 3254K(3456K)->3254K(3456K)
[73.018s][info][gc             ] GC(1557) Pause Full (Allocation Failure) 494M->386M(494M) 26.063ms
[73.018s][info][gc,cpu         ] GC(1557) User=0.02s Sys=0.00s Real=0.02s
[73.023s][info][gc,start       ] GC(1558) Pause Full (Allocation Failure)
[73.023s][info][gc,phases,start] GC(1558) Phase 1: Mark live objects
[73.033s][info][gc,phases      ] GC(1558) Phase 1: Mark live objects 9.372ms
[73.033s][info][gc,phases,start] GC(1558) Phase 2: Compute new object addresses
[73.037s][info][gc,phases      ] GC(1558) Phase 2: Compute new object addresses 3.981ms
[73.037s][info][gc,phases,start] GC(1558) Phase 3: Adjust pointers
[73.043s][info][gc,phases      ] GC(1558) Phase 3: Adjust pointers 5.884ms
[73.043s][info][gc,phases,start] GC(1558) Phase 4: Move objects
[73.063s][info][gc,phases      ] GC(1558) Phase 4: Move objects 20.792ms
[73.064s][info][gc,heap        ] GC(1558) DefNew: 157025K(157248K)->54340K(157248K) Eden: 139776K(139776K)->54340K(139776K) From: 17249K(17472K)->0K(17472K)
[73.064s][info][gc,heap        ] GC(1558) Tenured: 349501K(349568K)->349496K(349568K)
[73.064s][info][gc,metaspace   ] GC(1558) Metaspace: 31102K(31424K)->31102K(31424K) NonClass: 27848K(27968K)->27848K(27968K) Class: 3254K(3456K)->3254K(3456K)
[73.064s][info][gc             ] GC(1558) Pause Full (Allocation Failure) 494M->394M(494M) 40.488ms
[73.064s][info][gc,cpu         ] GC(1558) User=0.04s Sys=0.00s Real=0.04s
[73.071s][info][gc,start       ] GC(1559) Pause Full (Allocation Failure)
[73.071s][info][gc,phases,start] GC(1559) Phase 1: Mark live objects
[73.080s][info][gc,phases      ] GC(1559) Phase 1: Mark live objects 9.679ms
[73.080s][info][gc,phases,start] GC(1559) Phase 2: Compute new object addresses
[73.085s][info][gc,phases      ] GC(1559) Phase 2: Compute new object addresses 4.349ms
[73.085s][info][gc,phases,start] GC(1559) Phase 3: Adjust pointers
[73.091s][info][gc,phases      ] GC(1559) Phase 3: Adjust pointers 6.343ms
[73.091s][info][gc,phases,start] GC(1559) Phase 4: Move objects
[73.116s][info][gc,phases      ] GC(1559) Phase 4: Move objects 25.125ms
[73.117s][info][gc,heap        ] GC(1559) DefNew: 157192K(157248K)->51921K(157248K) Eden: 139776K(139776K)->51921K(139776K) From: 17416K(17472K)->0K(17472K)
[73.117s][info][gc,heap        ] GC(1559) Tenured: 349496K(349568K)->349497K(349568K)
[73.117s][info][gc,metaspace   ] GC(1559) Metaspace: 31102K(31424K)->31102K(31424K) NonClass: 27848K(27968K)->27848K(27968K) Class: 3254K(3456K)->3254K(3456K)
[73.117s][info][gc             ] GC(1559) Pause Full (Allocation Failure) 494M->392M(494M) 45.966ms
[73.117s][info][gc,cpu         ] GC(1559) User=0.05s Sys=0.00s Real=0.04s
[73.126s][info][gc,start       ] GC(1560) Pause Full (Allocation Failure)
[73.126s][info][gc,phases,start] GC(1560) Phase 1: Mark live objects
[73.136s][info][gc,phases      ] GC(1560) Phase 1: Mark live objects 9.968ms
[73.136s][info][gc,phases,start] GC(1560) Phase 2: Compute new object addresses
[73.140s][info][gc,phases      ] GC(1560) Phase 2: Compute new object addresses 4.223ms
[73.140s][info][gc,phases,start] GC(1560) Phase 3: Adjust pointers
[73.146s][info][gc,phases      ] GC(1560) Phase 3: Adjust pointers 6.101ms
[73.146s][info][gc,phases,start] GC(1560) Phase 4: Move objects
[73.173s][info][gc,phases      ] GC(1560) Phase 4: Move objects 26.979ms
[73.174s][info][gc,heap        ] GC(1560) DefNew: 157105K(157248K)->32497K(157248K) Eden: 139776K(139776K)->32497K(139776K) From: 17329K(17472K)->0K(17472K)
[73.174s][info][gc,heap        ] GC(1560) Tenured: 349497K(349568K)->349493K(349568K)
[73.174s][info][gc,metaspace   ] GC(1560) Metaspace: 31102K(31424K)->31102K(31424K) NonClass: 27848K(27968K)->27848K(27968K) Class: 3254K(3456K)->3254K(3456K)
[73.174s][info][gc             ] GC(1560) Pause Full (Allocation Failure) 494M->373M(494M) 47.706ms
[73.174s][info][gc,cpu         ] GC(1560) User=0.05s Sys=0.00s Real=0.05s
[73.184s][info][gc,start       ] GC(1561) Pause Full (Allocation Failure)
[73.184s][info][gc,phases,start] GC(1561) Phase 1: Mark live objects
[73.193s][info][gc,phases      ] GC(1561) Phase 1: Mark live objects 8.838ms
[73.193s][info][gc,phases,start] GC(1561) Phase 2: Compute new object addresses
[73.197s][info][gc,phases      ] GC(1561) Phase 2: Compute new object addresses 4.194ms
[73.197s][info][gc,phases,start] GC(1561) Phase 3: Adjust pointers
[73.203s][info][gc,phases      ] GC(1561) Phase 3: Adjust pointers 6.247ms
[73.203s][info][gc,phases,start] GC(1561) Phase 4: Move objects
[73.221s][info][gc,phases      ] GC(1561) Phase 4: Move objects 17.882ms
[73.222s][info][gc,heap        ] GC(1561) DefNew: 156792K(157248K)->47556K(157248K) Eden: 139776K(139776K)->47556K(139776K) From: 17016K(17472K)->0K(17472K)
[73.222s][info][gc,heap        ] GC(1561) Tenured: 349493K(349568K)->349497K(349568K)
[73.222s][info][gc,metaspace   ] GC(1561) Metaspace: 31102K(31424K)->31102K(31424K) NonClass: 27848K(27968K)->27848K(27968K) Class: 3254K(3456K)->3254K(3456K)
[73.222s][info][gc             ] GC(1561) Pause Full (Allocation Failure) 494M->387M(494M) 37.607ms
[73.222s][info][gc,cpu         ] GC(1561) User=0.04s Sys=0.00s Real=0.03s
[73.231s][info][gc,start       ] GC(1562) Pause Full (Allocation Failure)
[73.231s][info][gc,phases,start] GC(1562) Phase 1: Mark live objects
[73.241s][info][gc,phases      ] GC(1562) Phase 1: Mark live objects 9.425ms
[73.241s][info][gc,phases,start] GC(1562) Phase 2: Compute new object addresses
[73.245s][info][gc,phases      ] GC(1562) Phase 2: Compute new object addresses 4.303ms
[73.245s][info][gc,phases,start] GC(1562) Phase 3: Adjust pointers
[73.251s][info][gc,phases      ] GC(1562) Phase 3: Adjust pointers 5.829ms
[73.251s][info][gc,phases,start] GC(1562) Phase 4: Move objects
[73.277s][info][gc,phases      ] GC(1562) Phase 4: Move objects 25.909ms
[73.277s][info][gc,heap        ] GC(1562) DefNew: 157156K(157248K)->33377K(157248K) Eden: 139776K(139776K)->33377K(139776K) From: 17380K(17472K)->0K(17472K)
[73.277s][info][gc,heap        ] GC(1562) Tenured: 349497K(349568K)->349460K(349568K)
[73.277s][info][gc,metaspace   ] GC(1562) Metaspace: 31102K(31424K)->31102K(31424K) NonClass: 27848K(27968K)->27848K(27968K) Class: 3254K(3456K)->3254K(3456K)
[73.277s][info][gc             ] GC(1562) Pause Full (Allocation Failure) 494M->373M(494M) 45.905ms
[73.277s][info][gc,cpu         ] GC(1562) User=0.04s Sys=0.00s Real=0.04s
[73.291s][info][gc,start       ] GC(1563) Pause Full (Allocation Failure)
[73.292s][info][gc,phases,start] GC(1563) Phase 1: Mark live objects
[73.302s][info][gc,phases      ] GC(1563) Phase 1: Mark live objects 10.024ms
[73.302s][info][gc,phases,start] GC(1563) Phase 2: Compute new object addresses
[73.306s][info][gc,phases      ] GC(1563) Phase 2: Compute new object addresses 4.435ms
[73.306s][info][gc,phases,start] GC(1563) Phase 3: Adjust pointers
[73.312s][info][gc,phases      ] GC(1563) Phase 3: Adjust pointers 6.222ms
[73.312s][info][gc,phases,start] GC(1563) Phase 4: Move objects
[73.340s][info][gc,phases      ] GC(1563) Phase 4: Move objects 28.106ms
[73.341s][info][gc,heap        ] GC(1563) DefNew: 157218K(157248K)->38569K(157248K) Eden: 139776K(139776K)->38569K(139776K) From: 17442K(17472K)->0K(17472K)
[73.341s][info][gc,heap        ] GC(1563) Tenured: 349460K(349568K)->349456K(349568K)
[73.341s][info][gc,metaspace   ] GC(1563) Metaspace: 31102K(31424K)->31102K(31424K) NonClass: 27848K(27968K)->27848K(27968K) Class: 3254K(3456K)->3254K(3456K)
[73.341s][info][gc             ] GC(1563) Pause Full (Allocation Failure) 494M->378M(494M) 49.303ms
[73.341s][info][gc,cpu         ] GC(1563) User=0.05s Sys=0.00s Real=0.04s
[73.351s][info][gc,start       ] GC(1564) Pause Full (Allocation Failure)
[73.351s][info][gc,phases,start] GC(1564) Phase 1: Mark live objects
[73.361s][info][gc,phases      ] GC(1564) Phase 1: Mark live objects 9.314ms
[73.361s][info][gc,phases,start] GC(1564) Phase 2: Compute new object addresses
[73.365s][info][gc,phases      ] GC(1564) Phase 2: Compute new object addresses 4.513ms
[73.365s][info][gc,phases,start] GC(1564) Phase 3: Adjust pointers
[73.372s][info][gc,phases      ] GC(1564) Phase 3: Adjust pointers 6.254ms
[73.372s][info][gc,phases,start] GC(1564) Phase 4: Move objects
[73.398s][info][gc,phases      ] GC(1564) Phase 4: Move objects 26.181ms
[73.398s][info][gc,heap        ] GC(1564) DefNew: 156429K(157248K)->18163K(157248K) Eden: 139776K(139776K)->18163K(139776K) From: 16653K(17472K)->0K(17472K)
[73.398s][info][gc,heap        ] GC(1564) Tenured: 349456K(349568K)->348673K(349568K)
[73.398s][info][gc,metaspace   ] GC(1564) Metaspace: 31102K(31424K)->31102K(31424K) NonClass: 27848K(27968K)->27848K(27968K) Class: 3254K(3456K)->3254K(3456K)
[73.398s][info][gc             ] GC(1564) Pause Full (Allocation Failure) 494M->358M(494M) 46.704ms
[73.398s][info][gc,cpu         ] GC(1564) User=0.05s Sys=0.00s Real=0.04s
[73.408s][info][gc,start       ] GC(1565) Pause Full (Allocation Failure)
[73.408s][info][gc,phases,start] GC(1565) Phase 1: Mark live objects
[73.418s][info][gc,phases      ] GC(1565) Phase 1: Mark live objects 9.714ms
[73.418s][info][gc,phases,start] GC(1565) Phase 2: Compute new object addresses
[73.423s][info][gc,phases      ] GC(1565) Phase 2: Compute new object addresses 4.522ms
[73.423s][info][gc,phases,start] GC(1565) Phase 3: Adjust pointers
[73.429s][info][gc,phases      ] GC(1565) Phase 3: Adjust pointers 6.238ms
[73.429s][info][gc,phases,start] GC(1565) Phase 4: Move objects
[73.446s][info][gc,phases      ] GC(1565) Phase 4: Move objects 16.978ms
[73.446s][info][gc,heap        ] GC(1565) DefNew: 156881K(157248K)->37319K(157248K) Eden: 139776K(139776K)->37319K(139776K) From: 17105K(17472K)->0K(17472K)
[73.446s][info][gc,heap        ] GC(1565) Tenured: 348673K(349568K)->349458K(349568K)
[73.446s][info][gc,metaspace   ] GC(1565) Metaspace: 31102K(31424K)->31102K(31424K) NonClass: 27848K(27968K)->27848K(27968K) Class: 3254K(3456K)->3254K(3456K)
[73.446s][info][gc             ] GC(1565) Pause Full (Allocation Failure) 493M->377M(494M) 37.942ms
[73.446s][info][gc,cpu         ] GC(1565) User=0.03s Sys=0.01s Real=0.04s
[73.457s][info][gc,start       ] GC(1566) Pause Full (Allocation Failure)
[73.457s][info][gc,phases,start] GC(1566) Phase 1: Mark live objects
[73.466s][info][gc,phases      ] GC(1566) Phase 1: Mark live objects 9.253ms
[73.466s][info][gc,phases,start] GC(1566) Phase 2: Compute new object addresses
[73.471s][info][gc,phases      ] GC(1566) Phase 2: Compute new object addresses 4.588ms
[73.471s][info][gc,phases,start] GC(1566) Phase 3: Adjust pointers
[73.477s][info][gc,phases      ] GC(1566) Phase 3: Adjust pointers 6.306ms
[73.477s][info][gc,phases,start] GC(1566) Phase 4: Move objects
[73.506s][info][gc,phases      ] GC(1566) Phase 4: Move objects 28.691ms
[73.506s][info][gc,heap        ] GC(1566) DefNew: 156676K(157248K)->31219K(157248K) Eden: 139776K(139776K)->31219K(139776K) From: 16900K(17472K)->0K(17472K)
[73.506s][info][gc,heap        ] GC(1566) Tenured: 349458K(349568K)->349498K(349568K)
[73.506s][info][gc,metaspace   ] GC(1566) Metaspace: 31102K(31424K)->31102K(31424K) NonClass: 27848K(27968K)->27848K(27968K) Class: 3254K(3456K)->3254K(3456K)
[73.506s][info][gc             ] GC(1566) Pause Full (Allocation Failure) 494M->371M(494M) 49.332ms
[73.506s][info][gc,cpu         ] GC(1566) User=0.05s Sys=0.00s Real=0.05s
[73.517s][info][gc,start       ] GC(1567) Pause Full (Allocation Failure)
[73.517s][info][gc,phases,start] GC(1567) Phase 1: Mark live objects
[73.526s][info][gc,phases      ] GC(1567) Phase 1: Mark live objects 9.480ms
[73.526s][info][gc,phases,start] GC(1567) Phase 2: Compute new object addresses
[73.531s][info][gc,phases      ] GC(1567) Phase 2: Compute new object addresses 4.470ms
[73.531s][info][gc,phases,start] GC(1567) Phase 3: Adjust pointers
[73.537s][info][gc,phases      ] GC(1567) Phase 3: Adjust pointers 6.358ms
[73.537s][info][gc,phases,start] GC(1567) Phase 4: Move objects
[73.563s][info][gc,phases      ] GC(1567) Phase 4: Move objects 25.273ms
[73.563s][info][gc,heap        ] GC(1567) DefNew: 156832K(157248K)->18300K(157248K) Eden: 139776K(139776K)->18300K(139776K) From: 17056K(17472K)->0K(17472K)
[73.563s][info][gc,heap        ] GC(1567) Tenured: 349498K(349568K)->349334K(349568K)
[73.563s][info][gc,metaspace   ] GC(1567) Metaspace: 31102K(31424K)->31102K(31424K) NonClass: 27848K(27968K)->27848K(27968K) Class: 3254K(3456K)->3254K(3456K)
[73.563s][info][gc             ] GC(1567) Pause Full (Allocation Failure) 494M->359M(494M) 46.013ms
[73.563s][info][gc,cpu         ] GC(1567) User=0.04s Sys=0.00s Real=0.05s
[73.573s][info][gc,start       ] GC(1568) Pause Full (Allocation Failure)
[73.573s][info][gc,phases,start] GC(1568) Phase 1: Mark live objects
[73.583s][info][gc,phases      ] GC(1568) Phase 1: Mark live objects 9.517ms
[73.583s][info][gc,phases,start] GC(1568) Phase 2: Compute new object addresses
[73.587s][info][gc,phases      ] GC(1568) Phase 2: Compute new object addresses 4.521ms
[73.587s][info][gc,phases,start] GC(1568) Phase 3: Adjust pointers
[73.594s][info][gc,phases      ] GC(1568) Phase 3: Adjust pointers 6.262ms
[73.594s][info][gc,phases,start] GC(1568) Phase 4: Move objects
[73.619s][info][gc,phases      ] GC(1568) Phase 4: Move objects 25.804ms
[73.620s][info][gc,heap        ] GC(1568) DefNew: 156573K(157248K)->14922K(157248K) Eden: 139776K(139776K)->14922K(139776K) From: 16797K(17472K)->0K(17472K)
[73.620s][info][gc,heap        ] GC(1568) Tenured: 349334K(349568K)->349502K(349568K)
[73.620s][info][gc,metaspace   ] GC(1568) Metaspace: 31102K(31424K)->31102K(31424K) NonClass: 27848K(27968K)->27848K(27968K) Class: 3254K(3456K)->3254K(3456K)
[73.620s][info][gc             ] GC(1568) Pause Full (Allocation Failure) 494M->355M(494M) 46.573ms
[73.620s][info][gc,cpu         ] GC(1568) User=0.04s Sys=0.01s Real=0.04s
[73.630s][info][gc,start       ] GC(1569) Pause Full (Allocation Failure)
[73.630s][info][gc,phases,start] GC(1569) Phase 1: Mark live objects
[73.639s][info][gc,phases      ] GC(1569) Phase 1: Mark live objects 9.244ms
[73.639s][info][gc,phases,start] GC(1569) Phase 2: Compute new object addresses
[73.644s][info][gc,phases      ] GC(1569) Phase 2: Compute new object addresses 4.661ms
[73.644s][info][gc,phases,start] GC(1569) Phase 3: Adjust pointers
[73.650s][info][gc,phases      ] GC(1569) Phase 3: Adjust pointers 6.132ms
[73.650s][info][gc,phases,start] GC(1569) Phase 4: Move objects
[73.667s][info][gc,phases      ] GC(1569) Phase 4: Move objects 17.457ms
[73.667s][info][gc,heap        ] GC(1569) DefNew: 157073K(157248K)->35315K(157248K) Eden: 139775K(139776K)->35315K(139776K) From: 17297K(17472K)->0K(17472K)
[73.667s][info][gc,heap        ] GC(1569) Tenured: 349502K(349568K)->349495K(349568K)
[73.667s][info][gc,metaspace   ] GC(1569) Metaspace: 31102K(31424K)->31102K(31424K) NonClass: 27848K(27968K)->27848K(27968K) Class: 3254K(3456K)->3254K(3456K)
[73.667s][info][gc             ] GC(1569) Pause Full (Allocation Failure) 494M->375M(494M) 37.936ms
[73.667s][info][gc,cpu         ] GC(1569) User=0.04s Sys=0.00s Real=0.04s
[73.674s][info][gc,start       ] GC(1570) Pause Full (Allocation Failure)
[73.674s][info][gc,phases,start] GC(1570) Phase 1: Mark live objects
[73.683s][info][gc,phases      ] GC(1570) Phase 1: Mark live objects 9.447ms
[73.683s][info][gc,phases,start] GC(1570) Phase 2: Compute new object addresses
[73.688s][info][gc,phases      ] GC(1570) Phase 2: Compute new object addresses 4.148ms
[73.688s][info][gc,phases,start] GC(1570) Phase 3: Adjust pointers
[73.694s][info][gc,phases      ] GC(1570) Phase 3: Adjust pointers 6.063ms
[73.694s][info][gc,phases,start] GC(1570) Phase 4: Move objects
[73.717s][info][gc,phases      ] GC(1570) Phase 4: Move objects 22.840ms
[73.717s][info][gc,heap        ] GC(1570) DefNew: 157021K(157248K)->38856K(157248K) Eden: 139776K(139776K)->38856K(139776K) From: 17245K(17472K)->0K(17472K)
[73.717s][info][gc,heap        ] GC(1570) Tenured: 349495K(349568K)->349316K(349568K)
[73.717s][info][gc,metaspace   ] GC(1570) Metaspace: 31102K(31424K)->31102K(31424K) NonClass: 27848K(27968K)->27848K(27968K) Class: 3254K(3456K)->3254K(3456K)
[73.717s][info][gc             ] GC(1570) Pause Full (Allocation Failure) 494M->379M(494M) 42.957ms
[73.717s][info][gc,cpu         ] GC(1570) User=0.04s Sys=0.00s Real=0.04s
[73.724s][info][gc,start       ] GC(1571) Pause Full (Allocation Failure)
[73.724s][info][gc,phases,start] GC(1571) Phase 1: Mark live objects
[73.734s][info][gc,phases      ] GC(1571) Phase 1: Mark live objects 9.731ms
[73.734s][info][gc,phases,start] GC(1571) Phase 2: Compute new object addresses
[73.739s][info][gc,phases      ] GC(1571) Phase 2: Compute new object addresses 5.442ms
[73.739s][info][gc,phases,start] GC(1571) Phase 3: Adjust pointers
[73.746s][info][gc,phases      ] GC(1571) Phase 3: Adjust pointers 6.971ms
[73.746s][info][gc,phases,start] GC(1571) Phase 4: Move objects
[73.772s][info][gc,phases      ] GC(1571) Phase 4: Move objects 25.524ms
[73.772s][info][gc,heap        ] GC(1571) DefNew: 157125K(157248K)->18799K(157248K) Eden: 139776K(139776K)->18799K(139776K) From: 17349K(17472K)->0K(17472K)
[73.772s][info][gc,heap        ] GC(1571) Tenured: 349316K(349568K)->349472K(349568K)
[73.772s][info][gc,metaspace   ] GC(1571) Metaspace: 31102K(31424K)->31102K(31424K) NonClass: 27848K(27968K)->27848K(27968K) Class: 3254K(3456K)->3254K(3456K)
[73.772s][info][gc             ] GC(1571) Pause Full (Allocation Failure) 494M->359M(494M) 48.129ms
[73.772s][info][gc,cpu         ] GC(1571) User=0.05s Sys=0.00s Real=0.05s
[73.783s][info][gc,start       ] GC(1572) Pause Full (Allocation Failure)
[73.783s][info][gc,phases,start] GC(1572) Phase 1: Mark live objects
[73.792s][info][gc,phases      ] GC(1572) Phase 1: Mark live objects 9.085ms
[73.792s][info][gc,phases,start] GC(1572) Phase 2: Compute new object addresses
[73.797s][info][gc,phases      ] GC(1572) Phase 2: Compute new object addresses 5.400ms
[73.797s][info][gc,phases,start] GC(1572) Phase 3: Adjust pointers
[73.805s][info][gc,phases      ] GC(1572) Phase 3: Adjust pointers 7.922ms
[73.805s][info][gc,phases,start] GC(1572) Phase 4: Move objects
[73.833s][info][gc,phases      ] GC(1572) Phase 4: Move objects 27.560ms
[73.833s][info][gc,heap        ] GC(1572) DefNew: 156849K(157248K)->14944K(157248K) Eden: 139776K(139776K)->14944K(139776K) From: 17073K(17472K)->0K(17472K)
[73.833s][info][gc,heap        ] GC(1572) Tenured: 349472K(349568K)->349338K(349568K)
[73.833s][info][gc,metaspace   ] GC(1572) Metaspace: 31102K(31424K)->31102K(31424K) NonClass: 27848K(27968K)->27848K(27968K) Class: 3254K(3456K)->3254K(3456K)
[73.833s][info][gc             ] GC(1572) Pause Full (Allocation Failure) 494M->355M(494M) 50.503ms
[73.833s][info][gc,cpu         ] GC(1572) User=0.05s Sys=0.00s Real=0.05s
[73.844s][info][gc,start       ] GC(1573) Pause Full (Allocation Failure)
[73.844s][info][gc,phases,start] GC(1573) Phase 1: Mark live objects
[73.853s][info][gc,phases      ] GC(1573) Phase 1: Mark live objects 8.972ms
[73.853s][info][gc,phases,start] GC(1573) Phase 2: Compute new object addresses
[73.857s][info][gc,phases      ] GC(1573) Phase 2: Compute new object addresses 4.451ms
[73.857s][info][gc,phases,start] GC(1573) Phase 3: Adjust pointers
[73.863s][info][gc,phases      ] GC(1573) Phase 3: Adjust pointers 5.929ms
[73.863s][info][gc,phases,start] GC(1573) Phase 4: Move objects
[73.866s][info][gc,phases      ] GC(1573) Phase 4: Move objects 3.049ms
[73.866s][info][gc,heap        ] GC(1573) DefNew: 156526K(157248K)->36005K(157248K) Eden: 139776K(139776K)->36005K(139776K) From: 16750K(17472K)->0K(17472K)
[73.866s][info][gc,heap        ] GC(1573) Tenured: 349338K(349568K)->349338K(349568K)
[73.866s][info][gc,metaspace   ] GC(1573) Metaspace: 31102K(31424K)->31102K(31424K) NonClass: 27848K(27968K)->27848K(27968K) Class: 3254K(3456K)->3254K(3456K)
[73.866s][info][gc             ] GC(1573) Pause Full (Allocation Failure) 494M->376M(494M) 22.773ms
[73.866s][info][gc,cpu         ] GC(1573) User=0.03s Sys=0.00s Real=0.02s
[73.877s][info][gc,start       ] GC(1574) Pause Full (Allocation Failure)
[73.877s][info][gc,phases,start] GC(1574) Phase 1: Mark live objects
[73.886s][info][gc,phases      ] GC(1574) Phase 1: Mark live objects 8.760ms
[73.886s][info][gc,phases,start] GC(1574) Phase 2: Compute new object addresses
[73.890s][info][gc,phases      ] GC(1574) Phase 2: Compute new object addresses 4.457ms
[73.890s][info][gc,phases,start] GC(1574) Phase 3: Adjust pointers
[73.896s][info][gc,phases      ] GC(1574) Phase 3: Adjust pointers 5.727ms
[73.896s][info][gc,phases,start] GC(1574) Phase 4: Move objects
[73.919s][info][gc,phases      ] GC(1574) Phase 4: Move objects 23.367ms
[73.920s][info][gc,heap        ] GC(1574) DefNew: 156361K(157248K)->36003K(157248K) Eden: 139776K(139776K)->36003K(139776K) From: 16585K(17472K)->0K(17472K)
[73.920s][info][gc,heap        ] GC(1574) Tenured: 349338K(349568K)->349494K(349568K)
[73.920s][info][gc,metaspace   ] GC(1574) Metaspace: 31102K(31424K)->31102K(31424K) NonClass: 27848K(27968K)->27848K(27968K) Class: 3254K(3456K)->3254K(3456K)
[73.920s][info][gc             ] GC(1574) Pause Full (Allocation Failure) 493M->376M(494M) 42.733ms
[73.920s][info][gc,cpu         ] GC(1574) User=0.04s Sys=0.00s Real=0.04s
[73.930s][info][gc,start       ] GC(1575) Pause Full (Allocation Failure)
[73.930s][info][gc,phases,start] GC(1575) Phase 1: Mark live objects
[73.939s][info][gc,phases      ] GC(1575) Phase 1: Mark live objects 9.189ms
[73.939s][info][gc,phases,start] GC(1575) Phase 2: Compute new object addresses
[73.944s][info][gc,phases      ] GC(1575) Phase 2: Compute new object addresses 4.572ms
[73.944s][info][gc,phases,start] GC(1575) Phase 3: Adjust pointers
[73.950s][info][gc,phases      ] GC(1575) Phase 3: Adjust pointers 6.402ms
[73.950s][info][gc,phases,start] GC(1575) Phase 4: Move objects
[73.976s][info][gc,phases      ] GC(1575) Phase 4: Move objects 26.204ms
[73.977s][info][gc,heap        ] GC(1575) DefNew: 157248K(157248K)->35571K(157248K) Eden: 139776K(139776K)->35571K(139776K) From: 17472K(17472K)->0K(17472K)
[73.977s][info][gc,heap        ] GC(1575) Tenured: 349568K(349568K)->349499K(349568K)
[73.977s][info][gc,metaspace   ] GC(1575) Metaspace: 31102K(31424K)->31102K(31424K) NonClass: 27848K(27968K)->27848K(27968K) Class: 3254K(3456K)->3254K(3456K)
[73.977s][info][gc             ] GC(1575) Pause Full (Allocation Failure) 494M->376M(494M) 46.809ms
[73.977s][info][gc,cpu         ] GC(1575) User=0.05s Sys=0.00s Real=0.05s
[73.985s][info][gc,start       ] GC(1576) Pause Full (Allocation Failure)
[73.985s][info][gc,phases,start] GC(1576) Phase 1: Mark live objects
[73.995s][info][gc,phases      ] GC(1576) Phase 1: Mark live objects 9.829ms
[73.995s][info][gc,phases,start] GC(1576) Phase 2: Compute new object addresses
[73.999s][info][gc,phases      ] GC(1576) Phase 2: Compute new object addresses 4.209ms
[73.999s][info][gc,phases,start] GC(1576) Phase 3: Adjust pointers
[74.006s][info][gc,phases      ] GC(1576) Phase 3: Adjust pointers 6.432ms
[74.006s][info][gc,phases,start] GC(1576) Phase 4: Move objects
[74.033s][info][gc,phases      ] GC(1576) Phase 4: Move objects 27.360ms
[74.033s][info][gc,heap        ] GC(1576) DefNew: 157248K(157248K)->20080K(157248K) Eden: 139776K(139776K)->20080K(139776K) From: 17472K(17472K)->0K(17472K)
[74.033s][info][gc,heap        ] GC(1576) Tenured: 349509K(349568K)->348707K(349568K)
[74.033s][info][gc,metaspace   ] GC(1576) Metaspace: 31102K(31424K)->31102K(31424K) NonClass: 27848K(27968K)->27848K(27968K) Class: 3254K(3456K)->3254K(3456K)
[74.033s][info][gc             ] GC(1576) Pause Full (Allocation Failure) 494M->360M(494M) 48.421ms
[74.033s][info][gc,cpu         ] GC(1576) User=0.05s Sys=0.00s Real=0.05s
[74.046s][info][gc,start       ] GC(1577) Pause Full (Allocation Failure)
[74.046s][info][gc,phases,start] GC(1577) Phase 1: Mark live objects
[74.056s][info][gc,phases      ] GC(1577) Phase 1: Mark live objects 10.013ms
[74.057s][info][gc,phases,start] GC(1577) Phase 2: Compute new object addresses
[74.061s][info][gc,phases      ] GC(1577) Phase 2: Compute new object addresses 4.780ms
[74.061s][info][gc,phases,start] GC(1577) Phase 3: Adjust pointers
[74.068s][info][gc,phases      ] GC(1577) Phase 3: Adjust pointers 6.709ms
[74.068s][info][gc,phases,start] GC(1577) Phase 4: Move objects
[74.088s][info][gc,phases      ] GC(1577) Phase 4: Move objects 19.434ms
[74.088s][info][gc,heap        ] GC(1577) DefNew: 157200K(157248K)->37383K(157248K) Eden: 139776K(139776K)->37383K(139776K) From: 17424K(17472K)->0K(17472K)
[74.088s][info][gc,heap        ] GC(1577) Tenured: 349475K(349568K)->349493K(349568K)
[74.088s][info][gc,metaspace   ] GC(1577) Metaspace: 31102K(31424K)->31102K(31424K) NonClass: 27848K(27968K)->27848K(27968K) Class: 3254K(3456K)->3254K(3456K)
[74.088s][info][gc             ] GC(1577) Pause Full (Allocation Failure) 494M->377M(494M) 41.428ms
[74.088s][info][gc,cpu         ] GC(1577) User=0.05s Sys=0.00s Real=0.04s
[74.097s][info][gc,start       ] GC(1578) Pause Full (Allocation Failure)
[74.098s][info][gc,phases,start] GC(1578) Phase 1: Mark live objects
[74.108s][info][gc,phases      ] GC(1578) Phase 1: Mark live objects 10.102ms
[74.108s][info][gc,phases,start] GC(1578) Phase 2: Compute new object addresses
[74.112s][info][gc,phases      ] GC(1578) Phase 2: Compute new object addresses 4.730ms
[74.112s][info][gc,phases,start] GC(1578) Phase 3: Adjust pointers
[74.121s][info][gc,phases      ] GC(1578) Phase 3: Adjust pointers 8.391ms
[74.121s][info][gc,phases,start] GC(1578) Phase 4: Move objects
[74.146s][info][gc,phases      ] GC(1578) Phase 4: Move objects 25.213ms
[74.146s][info][gc,heap        ] GC(1578) DefNew: 157179K(157248K)->37809K(157248K) Eden: 139776K(139776K)->37809K(139776K) From: 17403K(17472K)->0K(17472K)
[74.146s][info][gc,heap        ] GC(1578) Tenured: 349493K(349568K)->349492K(349568K)
[74.146s][info][gc,metaspace   ] GC(1578) Metaspace: 31102K(31424K)->31102K(31424K) NonClass: 27848K(27968K)->27848K(27968K) Class: 3254K(3456K)->3254K(3456K)
[74.146s][info][gc             ] GC(1578) Pause Full (Allocation Failure) 494M->378M(494M) 48.971ms
[74.146s][info][gc,cpu         ] GC(1578) User=0.06s Sys=0.00s Real=0.05s
[74.157s][info][gc,start       ] GC(1579) Pause Full (Allocation Failure)
[74.157s][info][gc,phases,start] GC(1579) Phase 1: Mark live objects
[74.168s][info][gc,phases      ] GC(1579) Phase 1: Mark live objects 11.297ms
[74.169s][info][gc,phases,start] GC(1579) Phase 2: Compute new object addresses
[74.174s][info][gc,phases      ] GC(1579) Phase 2: Compute new object addresses 5.132ms
[74.174s][info][gc,phases,start] GC(1579) Phase 3: Adjust pointers
[74.181s][info][gc,phases      ] GC(1579) Phase 3: Adjust pointers 7.634ms
[74.181s][info][gc,phases,start] GC(1579) Phase 4: Move objects
[74.207s][info][gc,phases      ] GC(1579) Phase 4: Move objects 25.850ms
[74.207s][info][gc,heap        ] GC(1579) DefNew: 157097K(157248K)->28420K(157248K) Eden: 139776K(139776K)->28420K(139776K) From: 17321K(17472K)->0K(17472K)
[74.207s][info][gc,heap        ] GC(1579) Tenured: 349492K(349568K)->349456K(349568K)
[74.207s][info][gc,metaspace   ] GC(1579) Metaspace: 31102K(31424K)->31102K(31424K) NonClass: 27848K(27968K)->27848K(27968K) Class: 3254K(3456K)->3254K(3456K)
[74.207s][info][gc             ] GC(1579) Pause Full (Allocation Failure) 494M->369M(494M) 50.382ms
[74.208s][info][gc,cpu         ] GC(1579) User=0.05s Sys=0.00s Real=0.05s
[74.220s][info][gc,start       ] GC(1580) Pause Full (Allocation Failure)
[74.220s][info][gc,phases,start] GC(1580) Phase 1: Mark live objects
[74.230s][info][gc,phases      ] GC(1580) Phase 1: Mark live objects 10.056ms
[74.230s][info][gc,phases,start] GC(1580) Phase 2: Compute new object addresses
[74.234s][info][gc,phases      ] GC(1580) Phase 2: Compute new object addresses 4.665ms
[74.235s][info][gc,phases,start] GC(1580) Phase 3: Adjust pointers
[74.241s][info][gc,phases      ] GC(1580) Phase 3: Adjust pointers 6.440ms
[74.241s][info][gc,phases,start] GC(1580) Phase 4: Move objects
[74.266s][info][gc,phases      ] GC(1580) Phase 4: Move objects 25.298ms
[74.267s][info][gc,heap        ] GC(1580) DefNew: 157013K(157248K)->13657K(157248K) Eden: 139776K(139776K)->13657K(139776K) From: 17237K(17472K)->0K(17472K)
[74.267s][info][gc,heap        ] GC(1580) Tenured: 349456K(349568K)->349327K(349568K)
[74.267s][info][gc,metaspace   ] GC(1580) Metaspace: 31102K(31424K)->31102K(31424K) NonClass: 27848K(27968K)->27848K(27968K) Class: 3254K(3456K)->3254K(3456K)
[74.267s][info][gc             ] GC(1580) Pause Full (Allocation Failure) 494M->354M(494M) 46.934ms
[74.267s][info][gc,cpu         ] GC(1580) User=0.05s Sys=0.00s Real=0.05s
[74.277s][info][gc,start       ] GC(1581) Pause Full (Allocation Failure)
[74.277s][info][gc,phases,start] GC(1581) Phase 1: Mark live objects
[74.287s][info][gc,phases      ] GC(1581) Phase 1: Mark live objects 9.805ms
[74.287s][info][gc,phases,start] GC(1581) Phase 2: Compute new object addresses
[74.292s][info][gc,phases      ] GC(1581) Phase 2: Compute new object addresses 5.078ms
[74.292s][info][gc,phases,start] GC(1581) Phase 3: Adjust pointers
[74.299s][info][gc,phases      ] GC(1581) Phase 3: Adjust pointers 6.575ms
[74.299s][info][gc,phases,start] GC(1581) Phase 4: Move objects
[74.320s][info][gc,phases      ] GC(1581) Phase 4: Move objects 21.129ms
[74.320s][info][gc,heap        ] GC(1581) DefNew: 157073K(157248K)->30856K(157248K) Eden: 139776K(139776K)->30856K(139776K) From: 17297K(17472K)->0K(17472K)
[74.320s][info][gc,heap        ] GC(1581) Tenured: 349327K(349568K)->349496K(349568K)
[74.320s][info][gc,metaspace   ] GC(1581) Metaspace: 31102K(31424K)->31102K(31424K) NonClass: 27848K(27968K)->27848K(27968K) Class: 3254K(3456K)->3254K(3456K)
[74.320s][info][gc             ] GC(1581) Pause Full (Allocation Failure) 494M->371M(494M) 43.090ms
[74.320s][info][gc,cpu         ] GC(1581) User=0.04s Sys=0.00s Real=0.04s
[74.326s][info][gc,start       ] GC(1582) Pause Full (Allocation Failure)
[74.327s][info][gc,phases,start] GC(1582) Phase 1: Mark live objects
[74.337s][info][gc,phases      ] GC(1582) Phase 1: Mark live objects 10.567ms
[74.337s][info][gc,phases,start] GC(1582) Phase 2: Compute new object addresses
[74.342s][info][gc,phases      ] GC(1582) Phase 2: Compute new object addresses 5.192ms
[74.342s][info][gc,phases,start] GC(1582) Phase 3: Adjust pointers
[74.350s][info][gc,phases      ] GC(1582) Phase 3: Adjust pointers 7.578ms
[74.350s][info][gc,phases,start] GC(1582) Phase 4: Move objects
[74.377s][info][gc,phases      ] GC(1582) Phase 4: Move objects 27.264ms
[74.378s][info][gc,heap        ] GC(1582) DefNew: 156992K(157248K)->34022K(157248K) Eden: 139776K(139776K)->34022K(139776K) From: 17216K(17472K)->0K(17472K)
[74.378s][info][gc,heap        ] GC(1582) Tenured: 349496K(349568K)->349485K(349568K)
[74.378s][info][gc,metaspace   ] GC(1582) Metaspace: 31102K(31424K)->31102K(31424K) NonClass: 27848K(27968K)->27848K(27968K) Class: 3254K(3456K)->3254K(3456K)
[74.378s][info][gc             ] GC(1582) Pause Full (Allocation Failure) 494M->374M(494M) 51.211ms
[74.378s][info][gc,cpu         ] GC(1582) User=0.05s Sys=0.00s Real=0.05s
[74.384s][info][gc,start       ] GC(1583) Pause Full (Allocation Failure)
[74.385s][info][gc,phases,start] GC(1583) Phase 1: Mark live objects
[74.395s][info][gc,phases      ] GC(1583) Phase 1: Mark live objects 10.379ms
[74.395s][info][gc,phases,start] GC(1583) Phase 2: Compute new object addresses
[74.399s][info][gc,phases      ] GC(1583) Phase 2: Compute new object addresses 4.470ms
[74.399s][info][gc,phases,start] GC(1583) Phase 3: Adjust pointers
[74.406s][info][gc,phases      ] GC(1583) Phase 3: Adjust pointers 6.401ms
[74.406s][info][gc,phases,start] GC(1583) Phase 4: Move objects
[74.434s][info][gc,phases      ] GC(1583) Phase 4: Move objects 27.949ms
[74.434s][info][gc,heap        ] GC(1583) DefNew: 157246K(157248K)->16994K(157248K) Eden: 139776K(139776K)->16994K(139776K) From: 17470K(17472K)->0K(17472K)
[74.434s][info][gc,heap        ] GC(1583) Tenured: 349485K(349568K)->349341K(349568K)
[74.434s][info][gc,metaspace   ] GC(1583) Metaspace: 31102K(31424K)->31102K(31424K) NonClass: 27848K(27968K)->27848K(27968K) Class: 3254K(3456K)->3254K(3456K)
[74.434s][info][gc             ] GC(1583) Pause Full (Allocation Failure) 494M->357M(494M) 49.648ms
[74.434s][info][gc,cpu         ] GC(1583) User=0.05s Sys=0.00s Real=0.05s
[74.445s][info][gc,start       ] GC(1584) Pause Full (Allocation Failure)
[74.445s][info][gc,phases,start] GC(1584) Phase 1: Mark live objects
[74.455s][info][gc,phases      ] GC(1584) Phase 1: Mark live objects 9.651ms
[74.455s][info][gc,phases,start] GC(1584) Phase 2: Compute new object addresses
[74.460s][info][gc,phases      ] GC(1584) Phase 2: Compute new object addresses 4.933ms
[74.460s][info][gc,phases,start] GC(1584) Phase 3: Adjust pointers
[74.466s][info][gc,phases      ] GC(1584) Phase 3: Adjust pointers 6.557ms
[74.467s][info][gc,phases,start] GC(1584) Phase 4: Move objects
[74.493s][info][gc,phases      ] GC(1584) Phase 4: Move objects 26.704ms
[74.494s][info][gc,heap        ] GC(1584) DefNew: 156876K(157248K)->10557K(157248K) Eden: 139776K(139776K)->10557K(139776K) From: 17100K(17472K)->0K(17472K)
[74.494s][info][gc,heap        ] GC(1584) Tenured: 349341K(349568K)->349342K(349568K)
[74.494s][info][gc,metaspace   ] GC(1584) Metaspace: 31102K(31424K)->31102K(31424K) NonClass: 27848K(27968K)->27848K(27968K) Class: 3254K(3456K)->3254K(3456K)
[74.494s][info][gc             ] GC(1584) Pause Full (Allocation Failure) 494M->351M(494M) 48.414ms
[74.494s][info][gc,cpu         ] GC(1584) User=0.05s Sys=0.00s Real=0.05s
[74.507s][info][gc,start       ] GC(1585) Pause Full (Allocation Failure)
[74.507s][info][gc,phases,start] GC(1585) Phase 1: Mark live objects
[74.517s][info][gc,phases      ] GC(1585) Phase 1: Mark live objects 10.035ms
[74.517s][info][gc,phases,start] GC(1585) Phase 2: Compute new object addresses
[74.522s][info][gc,phases      ] GC(1585) Phase 2: Compute new object addresses 4.999ms
[74.522s][info][gc,phases,start] GC(1585) Phase 3: Adjust pointers
[74.529s][info][gc,phases      ] GC(1585) Phase 3: Adjust pointers 6.477ms
[74.529s][info][gc,phases,start] GC(1585) Phase 4: Move objects
[74.549s][info][gc,phases      ] GC(1585) Phase 4: Move objects 20.815ms
[74.550s][info][gc,heap        ] GC(1585) DefNew: 157137K(157248K)->27799K(157248K) Eden: 139776K(139776K)->27799K(139776K) From: 17361K(17472K)->0K(17472K)
[74.550s][info][gc,heap        ] GC(1585) Tenured: 349342K(349568K)->349493K(349568K)
[74.550s][info][gc,metaspace   ] GC(1585) Metaspace: 31102K(31424K)->31102K(31424K) NonClass: 27848K(27968K)->27848K(27968K) Class: 3254K(3456K)->3254K(3456K)
[74.550s][info][gc             ] GC(1585) Pause Full (Allocation Failure) 494M->368M(494M) 42.794ms
[74.550s][info][gc,cpu         ] GC(1585) User=0.04s Sys=0.00s Real=0.04s
[74.560s][info][gc,start       ] GC(1586) Pause Full (Allocation Failure)
[74.560s][info][gc,phases,start] GC(1586) Phase 1: Mark live objects
[74.570s][info][gc,phases      ] GC(1586) Phase 1: Mark live objects 10.234ms
[74.570s][info][gc,phases,start] GC(1586) Phase 2: Compute new object addresses
[74.575s][info][gc,phases      ] GC(1586) Phase 2: Compute new object addresses 4.847ms
[74.575s][info][gc,phases,start] GC(1586) Phase 3: Adjust pointers
[74.582s][info][gc,phases      ] GC(1586) Phase 3: Adjust pointers 6.600ms
[74.582s][info][gc,phases,start] GC(1586) Phase 4: Move objects
[74.608s][info][gc,phases      ] GC(1586) Phase 4: Move objects 25.750ms
[74.608s][info][gc,heap        ] GC(1586) DefNew: 157104K(157248K)->24306K(157248K) Eden: 139776K(139776K)->24306K(139776K) From: 17328K(17472K)->0K(17472K)
[74.608s][info][gc,heap        ] GC(1586) Tenured: 349493K(349568K)->349458K(349568K)
[74.608s][info][gc,metaspace   ] GC(1586) Metaspace: 31102K(31424K)->31102K(31424K) NonClass: 27848K(27968K)->27848K(27968K) Class: 3254K(3456K)->3254K(3456K)
[74.608s][info][gc             ] GC(1586) Pause Full (Allocation Failure) 494M->365M(494M) 47.964ms
[74.608s][info][gc,cpu         ] GC(1586) User=0.05s Sys=0.00s Real=0.05s
[74.627s][info][gc,start       ] GC(1587) Pause Full (Allocation Failure)
[74.627s][info][gc,phases,start] GC(1587) Phase 1: Mark live objects
[74.637s][info][gc,phases      ] GC(1587) Phase 1: Mark live objects 9.939ms
[74.637s][info][gc,phases,start] GC(1587) Phase 2: Compute new object addresses
[74.641s][info][gc,phases      ] GC(1587) Phase 2: Compute new object addresses 4.546ms
[74.641s][info][gc,phases,start] GC(1587) Phase 3: Adjust pointers
[74.648s][info][gc,phases      ] GC(1587) Phase 3: Adjust pointers 6.264ms
[74.648s][info][gc,phases,start] GC(1587) Phase 4: Move objects
[74.673s][info][gc,phases      ] GC(1587) Phase 4: Move objects 25.464ms
[74.673s][info][gc,heap        ] GC(1587) DefNew: 157147K(157248K)->17746K(157248K) Eden: 139776K(139776K)->17746K(139776K) From: 17371K(17472K)->0K(17472K)
[74.673s][info][gc,heap        ] GC(1587) Tenured: 349458K(349568K)->349495K(349568K)
[74.673s][info][gc,metaspace   ] GC(1587) Metaspace: 31102K(31424K)->31102K(31424K) NonClass: 27848K(27968K)->27848K(27968K) Class: 3254K(3456K)->3254K(3456K)
[74.673s][info][gc             ] GC(1587) Pause Full (Allocation Failure) 494M->358M(494M) 46.756ms
[74.673s][info][gc,cpu         ] GC(1587) User=0.05s Sys=0.00s Real=0.05s
[74.680s][info][gc,start       ] GC(1588) Pause Full (Allocation Failure)
[74.680s][info][gc,phases,start] GC(1588) Phase 1: Mark live objects
[74.693s][info][gc,phases      ] GC(1588) Phase 1: Mark live objects 12.486ms
[74.693s][info][gc,phases,start] GC(1588) Phase 2: Compute new object addresses
[74.698s][info][gc,phases      ] GC(1588) Phase 2: Compute new object addresses 5.171ms
[74.698s][info][gc,phases,start] GC(1588) Phase 3: Adjust pointers
[74.705s][info][gc,phases      ] GC(1588) Phase 3: Adjust pointers 6.547ms
[74.705s][info][gc,phases,start] GC(1588) Phase 4: Move objects
[74.732s][info][gc,phases      ] GC(1588) Phase 4: Move objects 27.070ms
[74.732s][info][gc,heap        ] GC(1588) DefNew: 157031K(157248K)->15189K(157248K) Eden: 139776K(139776K)->15189K(139776K) From: 17255K(17472K)->0K(17472K)
[74.732s][info][gc,heap        ] GC(1588) Tenured: 349495K(349568K)->349323K(349568K)
[74.732s][info][gc,metaspace   ] GC(1588) Metaspace: 31102K(31424K)->31102K(31424K) NonClass: 27848K(27968K)->27848K(27968K) Class: 3254K(3456K)->3254K(3456K)
[74.732s][info][gc             ] GC(1588) Pause Full (Allocation Failure) 494M->355M(494M) 51.748ms
[74.732s][info][gc,cpu         ] GC(1588) User=0.05s Sys=0.00s Real=0.06s
[74.744s][info][gc,start       ] GC(1589) Pause Full (Allocation Failure)
[74.744s][info][gc,phases,start] GC(1589) Phase 1: Mark live objects
[74.753s][info][gc,phases      ] GC(1589) Phase 1: Mark live objects 9.283ms
[74.753s][info][gc,phases,start] GC(1589) Phase 2: Compute new object addresses
[74.758s][info][gc,phases      ] GC(1589) Phase 2: Compute new object addresses 4.592ms
[74.758s][info][gc,phases,start] GC(1589) Phase 3: Adjust pointers
[74.764s][info][gc,phases      ] GC(1589) Phase 3: Adjust pointers 6.192ms
[74.764s][info][gc,phases,start] GC(1589) Phase 4: Move objects
[74.785s][info][gc,phases      ] GC(1589) Phase 4: Move objects 20.853ms
[74.785s][info][gc,heap        ] GC(1589) DefNew: 157247K(157248K)->31628K(157248K) Eden: 139776K(139776K)->31628K(139776K) From: 17471K(17472K)->0K(17472K)
[74.785s][info][gc,heap        ] GC(1589) Tenured: 349329K(349568K)->349494K(349568K)
[74.785s][info][gc,metaspace   ] GC(1589) Metaspace: 31102K(31424K)->31102K(31424K) NonClass: 27848K(27968K)->27848K(27968K) Class: 3254K(3456K)->3254K(3456K)
[74.785s][info][gc             ] GC(1589) Pause Full (Allocation Failure) 494M->372M(494M) 41.367ms
[74.785s][info][gc,cpu         ] GC(1589) User=0.04s Sys=0.00s Real=0.04s
[74.795s][info][gc,start       ] GC(1590) Pause Full (Allocation Failure)
[74.795s][info][gc,phases,start] GC(1590) Phase 1: Mark live objects
[74.805s][info][gc,phases      ] GC(1590) Phase 1: Mark live objects 9.647ms
[74.805s][info][gc,phases,start] GC(1590) Phase 2: Compute new object addresses
[74.810s][info][gc,phases      ] GC(1590) Phase 2: Compute new object addresses 4.500ms
[74.810s][info][gc,phases,start] GC(1590) Phase 3: Adjust pointers
[74.816s][info][gc,phases      ] GC(1590) Phase 3: Adjust pointers 6.276ms
[74.816s][info][gc,phases,start] GC(1590) Phase 4: Move objects
[74.841s][info][gc,phases      ] GC(1590) Phase 4: Move objects 24.975ms
[74.841s][info][gc,heap        ] GC(1590) DefNew: 157177K(157248K)->29416K(157248K) Eden: 139776K(139776K)->29416K(139776K) From: 17401K(17472K)->0K(17472K)
[74.841s][info][gc,heap        ] GC(1590) Tenured: 349494K(349568K)->349484K(349568K)
[74.841s][info][gc,metaspace   ] GC(1590) Metaspace: 31102K(31424K)->31102K(31424K) NonClass: 27848K(27968K)->27848K(27968K) Class: 3254K(3456K)->3254K(3456K)
[74.841s][info][gc             ] GC(1590) Pause Full (Allocation Failure) 494M->370M(494M) 45.847ms
[74.841s][info][gc,cpu         ] GC(1590) User=0.04s Sys=0.00s Real=0.04s
[74.852s][info][gc,start       ] GC(1591) Pause Full (Allocation Failure)
[74.852s][info][gc,phases,start] GC(1591) Phase 1: Mark live objects
[74.861s][info][gc,phases      ] GC(1591) Phase 1: Mark live objects 9.609ms
[74.861s][info][gc,phases,start] GC(1591) Phase 2: Compute new object addresses
[74.866s][info][gc,phases      ] GC(1591) Phase 2: Compute new object addresses 4.311ms
[74.866s][info][gc,phases,start] GC(1591) Phase 3: Adjust pointers
[74.872s][info][gc,phases      ] GC(1591) Phase 3: Adjust pointers 6.174ms
[74.872s][info][gc,phases,start] GC(1591) Phase 4: Move objects
[74.896s][info][gc,phases      ] GC(1591) Phase 4: Move objects 24.462ms
[74.897s][info][gc,heap        ] GC(1591) DefNew: 156622K(157248K)->18024K(157248K) Eden: 139776K(139776K)->18024K(139776K) From: 16846K(17472K)->0K(17472K)
[74.897s][info][gc,heap        ] GC(1591) Tenured: 349484K(349568K)->349481K(349568K)
[74.897s][info][gc,metaspace   ] GC(1591) Metaspace: 31102K(31424K)->31102K(31424K) NonClass: 27848K(27968K)->27848K(27968K) Class: 3254K(3456K)->3254K(3456K)
[74.897s][info][gc             ] GC(1591) Pause Full (Allocation Failure) 494M->358M(494M) 45.025ms
[74.897s][info][gc,cpu         ] GC(1591) User=0.04s Sys=0.01s Real=0.04s
[74.907s][info][gc,start       ] GC(1592) Pause Full (Allocation Failure)
[74.907s][info][gc,phases,start] GC(1592) Phase 1: Mark live objects
[74.917s][info][gc,phases      ] GC(1592) Phase 1: Mark live objects 10.171ms
[74.917s][info][gc,phases,start] GC(1592) Phase 2: Compute new object addresses
[74.923s][info][gc,phases      ] GC(1592) Phase 2: Compute new object addresses 5.213ms
[74.923s][info][gc,phases,start] GC(1592) Phase 3: Adjust pointers
[74.929s][info][gc,phases      ] GC(1592) Phase 3: Adjust pointers 6.762ms
[74.929s][info][gc,phases,start] GC(1592) Phase 4: Move objects
[74.953s][info][gc,phases      ] GC(1592) Phase 4: Move objects 23.825ms
[74.954s][info][gc,heap        ] GC(1592) DefNew: 157086K(157248K)->5150K(157248K) Eden: 139776K(139776K)->5150K(139776K) From: 17310K(17472K)->0K(17472K)
[74.954s][info][gc,heap        ] GC(1592) Tenured: 349481K(349568K)->349353K(349568K)
[74.954s][info][gc,metaspace   ] GC(1592) Metaspace: 31102K(31424K)->31102K(31424K) NonClass: 27848K(27968K)->27848K(27968K) Class: 3254K(3456K)->3254K(3456K)
[74.954s][info][gc             ] GC(1592) Pause Full (Allocation Failure) 494M->346M(494M) 46.441ms
[74.954s][info][gc,cpu         ] GC(1592) User=0.04s Sys=0.00s Real=0.05s
[74.962s][info][gc,start       ] GC(1593) Pause Full (Allocation Failure)
[74.962s][info][gc,phases,start] GC(1593) Phase 1: Mark live objects
[74.971s][info][gc,phases      ] GC(1593) Phase 1: Mark live objects 9.245ms
[74.971s][info][gc,phases,start] GC(1593) Phase 2: Compute new object addresses
[74.976s][info][gc,phases      ] GC(1593) Phase 2: Compute new object addresses 4.785ms
[74.976s][info][gc,phases,start] GC(1593) Phase 3: Adjust pointers
[74.982s][info][gc,phases      ] GC(1593) Phase 3: Adjust pointers 6.077ms
[74.982s][info][gc,phases,start] GC(1593) Phase 4: Move objects
[74.997s][info][gc,phases      ] GC(1593) Phase 4: Move objects 14.723ms
[74.997s][info][gc,heap        ] GC(1593) DefNew: 157019K(157248K)->29576K(157248K) Eden: 139776K(139776K)->29576K(139776K) From: 17243K(17472K)->0K(17472K)
[74.997s][info][gc,heap        ] GC(1593) Tenured: 349353K(349568K)->349488K(349568K)
[74.997s][info][gc,metaspace   ] GC(1593) Metaspace: 31102K(31424K)->31102K(31424K) NonClass: 27848K(27968K)->27848K(27968K) Class: 3254K(3456K)->3254K(3456K)
[74.997s][info][gc             ] GC(1593) Pause Full (Allocation Failure) 494M->370M(494M) 35.272ms
[74.997s][info][gc,cpu         ] GC(1593) User=0.03s Sys=0.00s Real=0.04s
[75.003s][info][gc,start       ] GC(1594) Pause Full (Allocation Failure)
[75.003s][info][gc,phases,start] GC(1594) Phase 1: Mark live objects
[75.014s][info][gc,phases      ] GC(1594) Phase 1: Mark live objects 10.953ms
[75.014s][info][gc,phases,start] GC(1594) Phase 2: Compute new object addresses
[75.019s][info][gc,phases      ] GC(1594) Phase 2: Compute new object addresses 4.441ms
[75.019s][info][gc,phases,start] GC(1594) Phase 3: Adjust pointers
[75.025s][info][gc,phases      ] GC(1594) Phase 3: Adjust pointers 6.016ms
[75.025s][info][gc,phases,start] GC(1594) Phase 4: Move objects
[75.047s][info][gc,phases      ] GC(1594) Phase 4: Move objects 22.087ms
[75.047s][info][gc,heap        ] GC(1594) DefNew: 157016K(157248K)->31366K(157248K) Eden: 139776K(139776K)->31366K(139776K) From: 17240K(17472K)->0K(17472K)
[75.047s][info][gc,heap        ] GC(1594) Tenured: 349488K(349568K)->349492K(349568K)
[75.047s][info][gc,metaspace   ] GC(1594) Metaspace: 31102K(31424K)->31102K(31424K) NonClass: 27848K(27968K)->27848K(27968K) Class: 3254K(3456K)->3254K(3456K)
[75.047s][info][gc             ] GC(1594) Pause Full (Allocation Failure) 494M->371M(494M) 43.954ms
[75.047s][info][gc,cpu         ] GC(1594) User=0.05s Sys=0.00s Real=0.04s
[75.058s][info][gc,start       ] GC(1595) Pause Full (Allocation Failure)
[75.058s][info][gc,phases,start] GC(1595) Phase 1: Mark live objects
[75.067s][info][gc,phases      ] GC(1595) Phase 1: Mark live objects 9.261ms
[75.067s][info][gc,phases,start] GC(1595) Phase 2: Compute new object addresses
[75.072s][info][gc,phases      ] GC(1595) Phase 2: Compute new object addresses 4.674ms
[75.072s][info][gc,phases,start] GC(1595) Phase 3: Adjust pointers
[75.078s][info][gc,phases      ] GC(1595) Phase 3: Adjust pointers 6.105ms
[75.078s][info][gc,phases,start] GC(1595) Phase 4: Move objects
[75.101s][info][gc,phases      ] GC(1595) Phase 4: Move objects 23.183ms
[75.101s][info][gc,heap        ] GC(1595) DefNew: 157176K(157248K)->26336K(157248K) Eden: 139776K(139776K)->26336K(139776K) From: 17400K(17472K)->0K(17472K)
[75.101s][info][gc,heap        ] GC(1595) Tenured: 349492K(349568K)->349485K(349568K)
[75.101s][info][gc,metaspace   ] GC(1595) Metaspace: 31102K(31424K)->31102K(31424K) NonClass: 27848K(27968K)->27848K(27968K) Class: 3254K(3456K)->3254K(3456K)
[75.102s][info][gc             ] GC(1595) Pause Full (Allocation Failure) 494M->367M(494M) 43.643ms
[75.102s][info][gc,cpu         ] GC(1595) User=0.04s Sys=0.00s Real=0.04s
[75.112s][info][gc,start       ] GC(1596) Pause Full (Allocation Failure)
[75.112s][info][gc,phases,start] GC(1596) Phase 1: Mark live objects
[75.121s][info][gc,phases      ] GC(1596) Phase 1: Mark live objects 9.079ms
[75.121s][info][gc,phases,start] GC(1596) Phase 2: Compute new object addresses
[75.126s][info][gc,phases      ] GC(1596) Phase 2: Compute new object addresses 4.385ms
[75.126s][info][gc,phases,start] GC(1596) Phase 3: Adjust pointers
[75.132s][info][gc,phases      ] GC(1596) Phase 3: Adjust pointers 6.144ms
[75.132s][info][gc,phases,start] GC(1596) Phase 4: Move objects
[75.156s][info][gc,phases      ] GC(1596) Phase 4: Move objects 24.400ms
[75.156s][info][gc,heap        ] GC(1596) DefNew: 157098K(157248K)->7988K(157248K) Eden: 139776K(139776K)->7988K(139776K) From: 17322K(17472K)->0K(17472K)
[75.157s][info][gc,heap        ] GC(1596) Tenured: 349485K(349568K)->349505K(349568K)
[75.157s][info][gc,metaspace   ] GC(1596) Metaspace: 31102K(31424K)->31102K(31424K) NonClass: 27848K(27968K)->27848K(27968K) Class: 3254K(3456K)->3254K(3456K)
[75.157s][info][gc             ] GC(1596) Pause Full (Allocation Failure) 494M->349M(494M) 44.547ms
[75.157s][info][gc,cpu         ] GC(1596) User=0.04s Sys=0.00s Real=0.04s
[75.165s][info][gc,start       ] GC(1597) Pause Full (Allocation Failure)
[75.165s][info][gc,phases,start] GC(1597) Phase 1: Mark live objects
[75.175s][info][gc,phases      ] GC(1597) Phase 1: Mark live objects 9.480ms
[75.175s][info][gc,phases,start] GC(1597) Phase 2: Compute new object addresses
[75.180s][info][gc,phases      ] GC(1597) Phase 2: Compute new object addresses 4.795ms
[75.180s][info][gc,phases,start] GC(1597) Phase 3: Adjust pointers
[75.186s][info][gc,phases      ] GC(1597) Phase 3: Adjust pointers 6.092ms
[75.186s][info][gc,phases,start] GC(1597) Phase 4: Move objects
[75.190s][info][gc,phases      ] GC(1597) Phase 4: Move objects 4.198ms
[75.190s][info][gc,heap        ] GC(1597) DefNew: 157247K(157248K)->30688K(157248K) Eden: 139776K(139776K)->30688K(139776K) From: 17471K(17472K)->0K(17472K)
[75.190s][info][gc,heap        ] GC(1597) Tenured: 349506K(349568K)->349489K(349568K)
[75.190s][info][gc,metaspace   ] GC(1597) Metaspace: 31102K(31424K)->31102K(31424K) NonClass: 27848K(27968K)->27848K(27968K) Class: 3254K(3456K)->3254K(3456K)
[75.190s][info][gc             ] GC(1597) Pause Full (Allocation Failure) 494M->371M(494M) 24.995ms
[75.190s][info][gc,cpu         ] GC(1597) User=0.03s Sys=0.00s Real=0.03s
[75.199s][info][gc,start       ] GC(1598) Pause Full (Allocation Failure)
[75.199s][info][gc,phases,start] GC(1598) Phase 1: Mark live objects
[75.208s][info][gc,phases      ] GC(1598) Phase 1: Mark live objects 9.367ms
[75.208s][info][gc,phases,start] GC(1598) Phase 2: Compute new object addresses
[75.213s][info][gc,phases      ] GC(1598) Phase 2: Compute new object addresses 4.402ms
[75.213s][info][gc,phases,start] GC(1598) Phase 3: Adjust pointers
[75.219s][info][gc,phases      ] GC(1598) Phase 3: Adjust pointers 6.446ms
[75.219s][info][gc,phases,start] GC(1598) Phase 4: Move objects
[75.242s][info][gc,phases      ] GC(1598) Phase 4: Move objects 22.814ms
[75.242s][info][gc,heap        ] GC(1598) DefNew: 156987K(157248K)->32173K(157248K) Eden: 139776K(139776K)->32173K(139776K) From: 17211K(17472K)->0K(17472K)
[75.242s][info][gc,heap        ] GC(1598) Tenured: 349489K(349568K)->349316K(349568K)
[75.242s][info][gc,metaspace   ] GC(1598) Metaspace: 31102K(31424K)->31102K(31424K) NonClass: 27848K(27968K)->27848K(27968K) Class: 3254K(3456K)->3254K(3456K)
[75.242s][info][gc             ] GC(1598) Pause Full (Allocation Failure) 494M->372M(494M) 43.591ms
[75.242s][info][gc,cpu         ] GC(1598) User=0.04s Sys=0.00s Real=0.05s
[75.252s][info][gc,start       ] GC(1599) Pause Full (Allocation Failure)
[75.252s][info][gc,phases,start] GC(1599) Phase 1: Mark live objects
[75.264s][info][gc,phases      ] GC(1599) Phase 1: Mark live objects 12.366ms
[75.264s][info][gc,phases,start] GC(1599) Phase 2: Compute new object addresses
[75.269s][info][gc,phases      ] GC(1599) Phase 2: Compute new object addresses 4.721ms
[75.269s][info][gc,phases,start] GC(1599) Phase 3: Adjust pointers
[75.276s][info][gc,phases      ] GC(1599) Phase 3: Adjust pointers 6.688ms
[75.276s][info][gc,phases,start] GC(1599) Phase 4: Move objects
[75.303s][info][gc,phases      ] GC(1599) Phase 4: Move objects 27.044ms
[75.303s][info][gc,heap        ] GC(1599) DefNew: 157088K(157248K)->29113K(157248K) Eden: 139776K(139776K)->29113K(139776K) From: 17312K(17472K)->0K(17472K)
[75.303s][info][gc,heap        ] GC(1599) Tenured: 349316K(349568K)->349454K(349568K)
[75.303s][info][gc,metaspace   ] GC(1599) Metaspace: 31102K(31424K)->31102K(31424K) NonClass: 27848K(27968K)->27848K(27968K) Class: 3254K(3456K)->3254K(3456K)
[75.303s][info][gc             ] GC(1599) Pause Full (Allocation Failure) 494M->369M(494M) 51.281ms
[75.303s][info][gc,cpu         ] GC(1599) User=0.05s Sys=0.00s Real=0.05s
[75.316s][info][gc,start       ] GC(1600) Pause Full (Allocation Failure)
[75.316s][info][gc,phases,start] GC(1600) Phase 1: Mark live objects
[75.326s][info][gc,phases      ] GC(1600) Phase 1: Mark live objects 9.801ms
[75.326s][info][gc,phases,start] GC(1600) Phase 2: Compute new object addresses
[75.331s][info][gc,phases      ] GC(1600) Phase 2: Compute new object addresses 4.761ms
[75.331s][info][gc,phases,start] GC(1600) Phase 3: Adjust pointers
[75.337s][info][gc,phases      ] GC(1600) Phase 3: Adjust pointers 6.500ms
[75.337s][info][gc,phases,start] GC(1600) Phase 4: Move objects
[75.366s][info][gc,phases      ] GC(1600) Phase 4: Move objects 28.885ms
[75.366s][info][gc,heap        ] GC(1600) DefNew: 157096K(157248K)->7968K(157248K) Eden: 139776K(139776K)->7968K(139776K) From: 17320K(17472K)->0K(17472K)
[75.366s][info][gc,heap        ] GC(1600) Tenured: 349454K(349568K)->349351K(349568K)
[75.366s][info][gc,metaspace   ] GC(1600) Metaspace: 31102K(31424K)->31102K(31424K) NonClass: 27848K(27968K)->27848K(27968K) Class: 3254K(3456K)->3254K(3456K)
[75.366s][info][gc             ] GC(1600) Pause Full (Allocation Failure) 494M->348M(494M) 50.458ms
[75.366s][info][gc,cpu         ] GC(1600) User=0.04s Sys=0.01s Real=0.05s
[75.377s][info][gc,start       ] GC(1601) Pause Full (Allocation Failure)
[75.377s][info][gc,phases,start] GC(1601) Phase 1: Mark live objects
[75.390s][info][gc,phases      ] GC(1601) Phase 1: Mark live objects 12.765ms
[75.390s][info][gc,phases,start] GC(1601) Phase 2: Compute new object addresses
[75.395s][info][gc,phases      ] GC(1601) Phase 2: Compute new object addresses 5.223ms
[75.395s][info][gc,phases,start] GC(1601) Phase 3: Adjust pointers
[75.402s][info][gc,phases      ] GC(1601) Phase 3: Adjust pointers 6.971ms
[75.402s][info][gc,phases,start] GC(1601) Phase 4: Move objects
[75.419s][info][gc,phases      ] GC(1601) Phase 4: Move objects 16.535ms
[75.419s][info][gc,heap        ] GC(1601) DefNew: 156843K(157248K)->25455K(157248K) Eden: 139776K(139776K)->25455K(139776K) From: 17067K(17472K)->0K(17472K)
[75.419s][info][gc,heap        ] GC(1601) Tenured: 349351K(349568K)->349499K(349568K)
[75.419s][info][gc,metaspace   ] GC(1601) Metaspace: 31102K(31424K)->31102K(31424K) NonClass: 27848K(27968K)->27848K(27968K) Class: 3254K(3456K)->3254K(3456K)
[75.419s][info][gc             ] GC(1601) Pause Full (Allocation Failure) 494M->366M(494M) 41.965ms
[75.419s][info][gc,cpu         ] GC(1601) User=0.04s Sys=0.00s Real=0.04s
[75.430s][info][gc,start       ] GC(1602) Pause Full (Allocation Failure)
[75.430s][info][gc,phases,start] GC(1602) Phase 1: Mark live objects
[75.439s][info][gc,phases      ] GC(1602) Phase 1: Mark live objects 9.567ms
[75.439s][info][gc,phases,start] GC(1602) Phase 2: Compute new object addresses
[75.444s][info][gc,phases      ] GC(1602) Phase 2: Compute new object addresses 4.678ms
[75.444s][info][gc,phases,start] GC(1602) Phase 3: Adjust pointers
[75.450s][info][gc,phases      ] GC(1602) Phase 3: Adjust pointers 6.142ms
[75.450s][info][gc,phases,start] GC(1602) Phase 4: Move objects
[75.475s][info][gc,phases      ] GC(1602) Phase 4: Move objects 24.427ms
[75.475s][info][gc,heap        ] GC(1602) DefNew: 157140K(157248K)->23259K(157248K) Eden: 139776K(139776K)->23259K(139776K) From: 17364K(17472K)->0K(17472K)
[75.475s][info][gc,heap        ] GC(1602) Tenured: 349499K(349568K)->349482K(349568K)
[75.475s][info][gc,metaspace   ] GC(1602) Metaspace: 31102K(31424K)->31102K(31424K) NonClass: 27848K(27968K)->27848K(27968K) Class: 3254K(3456K)->3254K(3456K)
[75.475s][info][gc             ] GC(1602) Pause Full (Allocation Failure) 494M->364M(494M) 45.252ms
[75.475s][info][gc,cpu         ] GC(1602) User=0.05s Sys=0.00s Real=0.05s
[75.486s][info][gc,start       ] GC(1603) Pause Full (Allocation Failure)
[75.486s][info][gc,phases,start] GC(1603) Phase 1: Mark live objects
[75.496s][info][gc,phases      ] GC(1603) Phase 1: Mark live objects 10.263ms
[75.496s][info][gc,phases,start] GC(1603) Phase 2: Compute new object addresses
[75.500s][info][gc,phases      ] GC(1603) Phase 2: Compute new object addresses 4.387ms
[75.500s][info][gc,phases,start] GC(1603) Phase 3: Adjust pointers
[75.508s][info][gc,phases      ] GC(1603) Phase 3: Adjust pointers 7.791ms
[75.508s][info][gc,phases,start] GC(1603) Phase 4: Move objects
[75.532s][info][gc,phases      ] GC(1603) Phase 4: Move objects 23.461ms
[75.532s][info][gc,heap        ] GC(1603) DefNew: 157119K(157248K)->24184K(157248K) Eden: 139776K(139776K)->24184K(139776K) From: 17343K(17472K)->0K(17472K)
[75.532s][info][gc,heap        ] GC(1603) Tenured: 349482K(349568K)->348716K(349568K)
[75.532s][info][gc,metaspace   ] GC(1603) Metaspace: 31102K(31424K)->31102K(31424K) NonClass: 27848K(27968K)->27848K(27968K) Class: 3254K(3456K)->3254K(3456K)
[75.532s][info][gc             ] GC(1603) Pause Full (Allocation Failure) 494M->364M(494M) 46.385ms
[75.532s][info][gc,cpu         ] GC(1603) User=0.05s Sys=0.00s Real=0.05s
[75.541s][info][gc,start       ] GC(1604) Pause Full (Allocation Failure)
[75.541s][info][gc,phases,start] GC(1604) Phase 1: Mark live objects
[75.550s][info][gc,phases      ] GC(1604) Phase 1: Mark live objects 9.568ms
[75.550s][info][gc,phases,start] GC(1604) Phase 2: Compute new object addresses
[75.555s][info][gc,phases      ] GC(1604) Phase 2: Compute new object addresses 4.783ms
[75.555s][info][gc,phases,start] GC(1604) Phase 3: Adjust pointers
[75.561s][info][gc,phases      ] GC(1604) Phase 3: Adjust pointers 6.231ms
[75.561s][info][gc,phases,start] GC(1604) Phase 4: Move objects
[75.585s][info][gc,phases      ] GC(1604) Phase 4: Move objects 24.042ms
[75.586s][info][gc,heap        ] GC(1604) DefNew: 157216K(157248K)->9278K(157248K) Eden: 139776K(139776K)->9278K(139776K) From: 17440K(17472K)->0K(17472K)
[75.586s][info][gc,heap        ] GC(1604) Tenured: 349485K(349568K)->349337K(349568K)
[75.586s][info][gc,metaspace   ] GC(1604) Metaspace: 31102K(31424K)->31102K(31424K) NonClass: 27848K(27968K)->27848K(27968K) Class: 3254K(3456K)->3254K(3456K)
[75.586s][info][gc             ] GC(1604) Pause Full (Allocation Failure) 494M->350M(494M) 45.042ms
[75.586s][info][gc,cpu         ] GC(1604) User=0.05s Sys=0.00s Real=0.05s
[75.596s][info][gc,start       ] GC(1605) Pause Full (Allocation Failure)
[75.596s][info][gc,phases,start] GC(1605) Phase 1: Mark live objects
[75.605s][info][gc,phases      ] GC(1605) Phase 1: Mark live objects 9.222ms
[75.605s][info][gc,phases,start] GC(1605) Phase 2: Compute new object addresses
[75.610s][info][gc,phases      ] GC(1605) Phase 2: Compute new object addresses 5.140ms
[75.610s][info][gc,phases,start] GC(1605) Phase 3: Adjust pointers
[75.617s][info][gc,phases      ] GC(1605) Phase 3: Adjust pointers 6.929ms
[75.617s][info][gc,phases,start] GC(1605) Phase 4: Move objects
[75.633s][info][gc,phases      ] GC(1605) Phase 4: Move objects 15.484ms
[75.633s][info][gc,heap        ] GC(1605) DefNew: 157033K(157248K)->27271K(157248K) Eden: 139776K(139776K)->27271K(139776K) From: 17257K(17472K)->0K(17472K)
[75.633s][info][gc,heap        ] GC(1605) Tenured: 349337K(349568K)->349483K(349568K)
[75.633s][info][gc,metaspace   ] GC(1605) Metaspace: 31102K(31424K)->31102K(31424K) NonClass: 27848K(27968K)->27848K(27968K) Class: 3254K(3456K)->3254K(3456K)
[75.633s][info][gc             ] GC(1605) Pause Full (Allocation Failure) 494M->367M(494M) 37.195ms
[75.633s][info][gc,cpu         ] GC(1605) User=0.04s Sys=0.00s Real=0.04s
[75.643s][info][gc,start       ] GC(1606) Pause Full (Allocation Failure)
[75.643s][info][gc,phases,start] GC(1606) Phase 1: Mark live objects
[75.653s][info][gc,phases      ] GC(1606) Phase 1: Mark live objects 9.171ms
[75.653s][info][gc,phases,start] GC(1606) Phase 2: Compute new object addresses
[75.657s][info][gc,phases      ] GC(1606) Phase 2: Compute new object addresses 4.430ms
[75.657s][info][gc,phases,start] GC(1606) Phase 3: Adjust pointers
[75.663s][info][gc,phases      ] GC(1606) Phase 3: Adjust pointers 5.887ms
[75.663s][info][gc,phases,start] GC(1606) Phase 4: Move objects
[75.686s][info][gc,phases      ] GC(1606) Phase 4: Move objects 22.456ms
[75.686s][info][gc,heap        ] GC(1606) DefNew: 157061K(157248K)->28380K(157248K) Eden: 139776K(139776K)->28380K(139776K) From: 17285K(17472K)->0K(17472K)
[75.686s][info][gc,heap        ] GC(1606) Tenured: 349483K(349568K)->349494K(349568K)
[75.686s][info][gc,metaspace   ] GC(1606) Metaspace: 31102K(31424K)->31102K(31424K) NonClass: 27848K(27968K)->27848K(27968K) Class: 3254K(3456K)->3254K(3456K)
[75.686s][info][gc             ] GC(1606) Pause Full (Allocation Failure) 494M->369M(494M) 42.357ms
[75.686s][info][gc,cpu         ] GC(1606) User=0.04s Sys=0.00s Real=0.04s
[75.693s][info][gc,start       ] GC(1607) Pause Full (Allocation Failure)
[75.693s][info][gc,phases,start] GC(1607) Phase 1: Mark live objects
[75.704s][info][gc,phases      ] GC(1607) Phase 1: Mark live objects 11.306ms
[75.704s][info][gc,phases,start] GC(1607) Phase 2: Compute new object addresses
[75.708s][info][gc,phases      ] GC(1607) Phase 2: Compute new object addresses 4.225ms
[75.708s][info][gc,phases,start] GC(1607) Phase 3: Adjust pointers
[75.714s][info][gc,phases      ] GC(1607) Phase 3: Adjust pointers 5.773ms
[75.714s][info][gc,phases,start] GC(1607) Phase 4: Move objects
[75.737s][info][gc,phases      ] GC(1607) Phase 4: Move objects 22.832ms
[75.737s][info][gc,heap        ] GC(1607) DefNew: 157056K(157248K)->32907K(157248K) Eden: 139776K(139776K)->32907K(139776K) From: 17280K(17472K)->0K(17472K)
[75.737s][info][gc,heap        ] GC(1607) Tenured: 349494K(349568K)->349488K(349568K)
[75.737s][info][gc,metaspace   ] GC(1607) Metaspace: 31102K(31424K)->31102K(31424K) NonClass: 27848K(27968K)->27848K(27968K) Class: 3254K(3456K)->3254K(3456K)
[75.737s][info][gc             ] GC(1607) Pause Full (Allocation Failure) 494M->373M(494M) 44.587ms
[75.737s][info][gc,cpu         ] GC(1607) User=0.04s Sys=0.00s Real=0.04s
[75.744s][info][gc,start       ] GC(1608) Pause Full (Allocation Failure)
[75.745s][info][gc,phases,start] GC(1608) Phase 1: Mark live objects
[75.754s][info][gc,phases      ] GC(1608) Phase 1: Mark live objects 9.883ms
[75.754s][info][gc,phases,start] GC(1608) Phase 2: Compute new object addresses
[75.759s][info][gc,phases      ] GC(1608) Phase 2: Compute new object addresses 4.693ms
[75.759s][info][gc,phases,start] GC(1608) Phase 3: Adjust pointers
[75.765s][info][gc,phases      ] GC(1608) Phase 3: Adjust pointers 6.175ms
[75.765s][info][gc,phases,start] GC(1608) Phase 4: Move objects
[75.793s][info][gc,phases      ] GC(1608) Phase 4: Move objects 27.145ms
[75.793s][info][gc,heap        ] GC(1608) DefNew: 157106K(157248K)->15447K(157248K) Eden: 139776K(139776K)->15447K(139776K) From: 17330K(17472K)->0K(17472K)
[75.793s][info][gc,heap        ] GC(1608) Tenured: 349488K(349568K)->349319K(349568K)
[75.793s][info][gc,metaspace   ] GC(1608) Metaspace: 31102K(31424K)->31102K(31424K) NonClass: 27848K(27968K)->27848K(27968K) Class: 3254K(3456K)->3254K(3456K)
[75.793s][info][gc             ] GC(1608) Pause Full (Allocation Failure) 494M->356M(494M) 48.381ms
[75.793s][info][gc,cpu         ] GC(1608) User=0.05s Sys=0.00s Real=0.05s
[75.804s][info][gc,start       ] GC(1609) Pause Full (Allocation Failure)
[75.804s][info][gc,phases,start] GC(1609) Phase 1: Mark live objects
[75.813s][info][gc,phases      ] GC(1609) Phase 1: Mark live objects 9.152ms
[75.813s][info][gc,phases,start] GC(1609) Phase 2: Compute new object addresses
[75.818s][info][gc,phases      ] GC(1609) Phase 2: Compute new object addresses 4.646ms
[75.818s][info][gc,phases,start] GC(1609) Phase 3: Adjust pointers
[75.824s][info][gc,phases      ] GC(1609) Phase 3: Adjust pointers 6.301ms
[75.824s][info][gc,phases,start] GC(1609) Phase 4: Move objects
[75.841s][info][gc,phases      ] GC(1609) Phase 4: Move objects 16.848ms
[75.841s][info][gc,heap        ] GC(1609) DefNew: 157154K(157248K)->31892K(157248K) Eden: 139776K(139776K)->31892K(139776K) From: 17378K(17472K)->0K(17472K)
[75.841s][info][gc,heap        ] GC(1609) Tenured: 349319K(349568K)->349487K(349568K)
[75.841s][info][gc,metaspace   ] GC(1609) Metaspace: 31102K(31424K)->31102K(31424K) NonClass: 27848K(27968K)->27848K(27968K) Class: 3254K(3456K)->3254K(3456K)
[75.841s][info][gc             ] GC(1609) Pause Full (Allocation Failure) 494M->372M(494M) 37.398ms
[75.841s][info][gc,cpu         ] GC(1609) User=0.04s Sys=0.00s Real=0.03s
[75.852s][info][gc,start       ] GC(1610) Pause Full (Allocation Failure)
[75.852s][info][gc,phases,start] GC(1610) Phase 1: Mark live objects
[75.861s][info][gc,phases      ] GC(1610) Phase 1: Mark live objects 9.320ms
[75.861s][info][gc,phases,start] GC(1610) Phase 2: Compute new object addresses
[75.866s][info][gc,phases      ] GC(1610) Phase 2: Compute new object addresses 4.448ms
[75.866s][info][gc,phases,start] GC(1610) Phase 3: Adjust pointers
[75.872s][info][gc,phases      ] GC(1610) Phase 3: Adjust pointers 6.248ms
[75.872s][info][gc,phases,start] GC(1610) Phase 4: Move objects
[75.893s][info][gc,phases      ] GC(1610) Phase 4: Move objects 20.910ms
[75.893s][info][gc,heap        ] GC(1610) DefNew: 157166K(157248K)->29415K(157248K) Eden: 139776K(139776K)->29415K(139776K) From: 17390K(17472K)->0K(17472K)
[75.893s][info][gc,heap        ] GC(1610) Tenured: 349487K(349568K)->349487K(349568K)
[75.893s][info][gc,metaspace   ] GC(1610) Metaspace: 31102K(31424K)->31102K(31424K) NonClass: 27848K(27968K)->27848K(27968K) Class: 3254K(3456K)->3254K(3456K)
[75.893s][info][gc             ] GC(1610) Pause Full (Allocation Failure) 494M->370M(494M) 41.367ms
[75.893s][info][gc,cpu         ] GC(1610) User=0.04s Sys=0.00s Real=0.04s
[75.904s][info][gc,start       ] GC(1611) Pause Full (Allocation Failure)
[75.904s][info][gc,phases,start] GC(1611) Phase 1: Mark live objects
[75.913s][info][gc,phases      ] GC(1611) Phase 1: Mark live objects 9.114ms
[75.913s][info][gc,phases,start] GC(1611) Phase 2: Compute new object addresses
[75.917s][info][gc,phases      ] GC(1611) Phase 2: Compute new object addresses 4.417ms
[75.917s][info][gc,phases,start] GC(1611) Phase 3: Adjust pointers
[75.924s][info][gc,phases      ] GC(1611) Phase 3: Adjust pointers 6.197ms
[75.924s][info][gc,phases,start] GC(1611) Phase 4: Move objects
[75.947s][info][gc,phases      ] GC(1611) Phase 4: Move objects 23.041ms
[75.947s][info][gc,heap        ] GC(1611) DefNew: 156637K(157248K)->30604K(157248K) Eden: 139776K(139776K)->30604K(139776K) From: 16861K(17472K)->0K(17472K)
[75.947s][info][gc,heap        ] GC(1611) Tenured: 349487K(349568K)->349487K(349568K)
[75.947s][info][gc,metaspace   ] GC(1611) Metaspace: 31102K(31424K)->31102K(31424K) NonClass: 27848K(27968K)->27848K(27968K) Class: 3254K(3456K)->3254K(3456K)
[75.947s][info][gc             ] GC(1611) Pause Full (Allocation Failure) 494M->371M(494M) 43.260ms
[75.947s][info][gc,cpu         ] GC(1611) User=0.04s Sys=0.00s Real=0.04s
[75.958s][info][gc,start       ] GC(1612) Pause Full (Allocation Failure)
[75.958s][info][gc,phases,start] GC(1612) Phase 1: Mark live objects
[75.967s][info][gc,phases      ] GC(1612) Phase 1: Mark live objects 9.411ms
[75.967s][info][gc,phases,start] GC(1612) Phase 2: Compute new object addresses
[75.972s][info][gc,phases      ] GC(1612) Phase 2: Compute new object addresses 4.579ms
[75.972s][info][gc,phases,start] GC(1612) Phase 3: Adjust pointers
[75.978s][info][gc,phases      ] GC(1612) Phase 3: Adjust pointers 6.056ms
[75.978s][info][gc,phases,start] GC(1612) Phase 4: Move objects
[76.005s][info][gc,phases      ] GC(1612) Phase 4: Move objects 27.542ms
[76.006s][info][gc,heap        ] GC(1612) DefNew: 156376K(157248K)->13910K(157248K) Eden: 139776K(139776K)->13910K(139776K) From: 16600K(17472K)->0K(17472K)
[76.006s][info][gc,heap        ] GC(1612) Tenured: 349487K(349568K)->349318K(349568K)
[76.006s][info][gc,metaspace   ] GC(1612) Metaspace: 31102K(31424K)->31102K(31424K) NonClass: 27848K(27968K)->27848K(27968K) Class: 3254K(3456K)->3254K(3456K)
[76.006s][info][gc             ] GC(1612) Pause Full (Allocation Failure) 494M->354M(494M) 48.073ms
[76.006s][info][gc,cpu         ] GC(1612) User=0.05s Sys=0.00s Real=0.05s
[76.013s][info][gc,start       ] GC(1613) Pause Full (Allocation Failure)
[76.013s][info][gc,phases,start] GC(1613) Phase 1: Mark live objects
[76.023s][info][gc,phases      ] GC(1613) Phase 1: Mark live objects 9.251ms
[76.023s][info][gc,phases,start] GC(1613) Phase 2: Compute new object addresses
[76.027s][info][gc,phases      ] GC(1613) Phase 2: Compute new object addresses 4.534ms
[76.027s][info][gc,phases,start] GC(1613) Phase 3: Adjust pointers
[76.033s][info][gc,phases      ] GC(1613) Phase 3: Adjust pointers 5.835ms
[76.033s][info][gc,phases,start] GC(1613) Phase 4: Move objects
[76.037s][info][gc,phases      ] GC(1613) Phase 4: Move objects 3.403ms
[76.037s][info][gc,heap        ] GC(1613) DefNew: 157082K(157248K)->40401K(157248K) Eden: 139776K(139776K)->40401K(139776K) From: 17306K(17472K)->0K(17472K)
[76.037s][info][gc,heap        ] GC(1613) Tenured: 349318K(349568K)->349316K(349568K)
[76.037s][info][gc,metaspace   ] GC(1613) Metaspace: 31102K(31424K)->31102K(31424K) NonClass: 27848K(27968K)->27848K(27968K) Class: 3254K(3456K)->3254K(3456K)
[76.037s][info][gc             ] GC(1613) Pause Full (Allocation Failure) 494M->380M(494M) 23.417ms
[76.037s][info][gc,cpu         ] GC(1613) User=0.02s Sys=0.00s Real=0.02s
[76.043s][info][gc,start       ] GC(1614) Pause Full (Allocation Failure)
[76.043s][info][gc,phases,start] GC(1614) Phase 1: Mark live objects
[76.053s][info][gc,phases      ] GC(1614) Phase 1: Mark live objects 10.209ms
[76.053s][info][gc,phases,start] GC(1614) Phase 2: Compute new object addresses
[76.057s][info][gc,phases      ] GC(1614) Phase 2: Compute new object addresses 4.494ms
[76.058s][info][gc,phases,start] GC(1614) Phase 3: Adjust pointers
[76.064s][info][gc,phases      ] GC(1614) Phase 3: Adjust pointers 6.269ms
[76.064s][info][gc,phases,start] GC(1614) Phase 4: Move objects
[76.085s][info][gc,phases      ] GC(1614) Phase 4: Move objects 21.531ms
[76.086s][info][gc,heap        ] GC(1614) DefNew: 157247K(157248K)->42276K(157248K) Eden: 139776K(139776K)->42276K(139776K) From: 17471K(17472K)->0K(17472K)
[76.086s][info][gc,heap        ] GC(1614) Tenured: 349316K(349568K)->349445K(349568K)
[76.086s][info][gc,metaspace   ] GC(1614) Metaspace: 31102K(31424K)->31102K(31424K) NonClass: 27848K(27968K)->27848K(27968K) Class: 3254K(3456K)->3254K(3456K)
[76.086s][info][gc             ] GC(1614) Pause Full (Allocation Failure) 494M->382M(494M) 42.955ms
[76.086s][info][gc,cpu         ] GC(1614) User=0.04s Sys=0.00s Real=0.04s
[76.091s][info][gc,start       ] GC(1615) Pause Full (Allocation Failure)
[76.091s][info][gc,phases,start] GC(1615) Phase 1: Mark live objects
[76.100s][info][gc,phases      ] GC(1615) Phase 1: Mark live objects 8.997ms
[76.100s][info][gc,phases,start] GC(1615) Phase 2: Compute new object addresses
[76.104s][info][gc,phases      ] GC(1615) Phase 2: Compute new object addresses 3.970ms
[76.104s][info][gc,phases,start] GC(1615) Phase 3: Adjust pointers
[76.110s][info][gc,phases      ] GC(1615) Phase 3: Adjust pointers 5.668ms
[76.110s][info][gc,phases,start] GC(1615) Phase 4: Move objects
[76.134s][info][gc,phases      ] GC(1615) Phase 4: Move objects 24.246ms
[76.135s][info][gc,heap        ] GC(1615) DefNew: 157019K(157248K)->42301K(157248K) Eden: 139776K(139776K)->42301K(139776K) From: 17243K(17472K)->0K(17472K)
[76.135s][info][gc,heap        ] GC(1615) Tenured: 349445K(349568K)->349447K(349568K)
[76.135s][info][gc,metaspace   ] GC(1615) Metaspace: 31102K(31424K)->31102K(31424K) NonClass: 27848K(27968K)->27848K(27968K) Class: 3254K(3456K)->3254K(3456K)
[76.135s][info][gc             ] GC(1615) Pause Full (Allocation Failure) 494M->382M(494M) 43.270ms
[76.135s][info][gc,cpu         ] GC(1615) User=0.04s Sys=0.01s Real=0.04s
[76.145s][info][gc,start       ] GC(1616) Pause Full (Allocation Failure)
[76.145s][info][gc,phases,start] GC(1616) Phase 1: Mark live objects
[76.154s][info][gc,phases      ] GC(1616) Phase 1: Mark live objects 9.685ms
[76.155s][info][gc,phases,start] GC(1616) Phase 2: Compute new object addresses
[76.159s][info][gc,phases      ] GC(1616) Phase 2: Compute new object addresses 4.419ms
[76.159s][info][gc,phases,start] GC(1616) Phase 3: Adjust pointers
[76.165s][info][gc,phases      ] GC(1616) Phase 3: Adjust pointers 6.105ms
[76.165s][info][gc,phases,start] GC(1616) Phase 4: Move objects
[76.192s][info][gc,phases      ] GC(1616) Phase 4: Move objects 27.104ms
[76.192s][info][gc,heap        ] GC(1616) DefNew: 156863K(157248K)->20622K(157248K) Eden: 139776K(139776K)->20622K(139776K) From: 17087K(17472K)->0K(17472K)
[76.192s][info][gc,heap        ] GC(1616) Tenured: 349447K(349568K)->348701K(349568K)
[76.192s][info][gc,metaspace   ] GC(1616) Metaspace: 31102K(31424K)->31102K(31424K) NonClass: 27848K(27968K)->27848K(27968K) Class: 3254K(3456K)->3254K(3456K)
[76.192s][info][gc             ] GC(1616) Pause Full (Allocation Failure) 494M->360M(494M) 47.756ms
[76.193s][info][gc,cpu         ] GC(1616) User=0.05s Sys=0.00s Real=0.05s
[76.203s][info][gc,start       ] GC(1617) Pause Full (Allocation Failure)
[76.203s][info][gc,phases,start] GC(1617) Phase 1: Mark live objects
[76.214s][info][gc,phases      ] GC(1617) Phase 1: Mark live objects 10.605ms
[76.214s][info][gc,phases,start] GC(1617) Phase 2: Compute new object addresses
[76.219s][info][gc,phases      ] GC(1617) Phase 2: Compute new object addresses 4.822ms
[76.219s][info][gc,phases,start] GC(1617) Phase 3: Adjust pointers
[76.226s][info][gc,phases      ] GC(1617) Phase 3: Adjust pointers 7.268ms
[76.226s][info][gc,phases,start] GC(1617) Phase 4: Move objects
[76.248s][info][gc,phases      ] GC(1617) Phase 4: Move objects 21.376ms
[76.248s][info][gc,heap        ] GC(1617) DefNew: 156582K(157248K)->36592K(157248K) Eden: 139776K(139776K)->36592K(139776K) From: 16806K(17472K)->0K(17472K)
[76.248s][info][gc,heap        ] GC(1617) Tenured: 348701K(349568K)->349483K(349568K)
[76.248s][info][gc,metaspace   ] GC(1617) Metaspace: 31102K(31424K)->31102K(31424K) NonClass: 27848K(27968K)->27848K(27968K) Class: 3254K(3456K)->3254K(3456K)
[76.248s][info][gc             ] GC(1617) Pause Full (Allocation Failure) 493M->377M(494M) 44.591ms
[76.248s][info][gc,cpu         ] GC(1617) User=0.05s Sys=0.00s Real=0.04s
[76.258s][info][gc,start       ] GC(1618) Pause Full (Allocation Failure)
[76.258s][info][gc,phases,start] GC(1618) Phase 1: Mark live objects
[76.270s][info][gc,phases      ] GC(1618) Phase 1: Mark live objects 11.937ms
[76.270s][info][gc,phases,start] GC(1618) Phase 2: Compute new object addresses
[76.275s][info][gc,phases      ] GC(1618) Phase 2: Compute new object addresses 5.102ms
[76.275s][info][gc,phases,start] GC(1618) Phase 3: Adjust pointers
[76.283s][info][gc,phases      ] GC(1618) Phase 3: Adjust pointers 7.776ms
[76.283s][info][gc,phases,start] GC(1618) Phase 4: Move objects
[76.313s][info][gc,phases      ] GC(1618) Phase 4: Move objects 29.261ms
[76.313s][info][gc,heap        ] GC(1618) DefNew: 156843K(157248K)->34203K(157248K) Eden: 139776K(139776K)->34203K(139776K) From: 17067K(17472K)->0K(17472K)
[76.313s][info][gc,heap        ] GC(1618) Tenured: 349483K(349568K)->349487K(349568K)
[76.313s][info][gc,metaspace   ] GC(1618) Metaspace: 31103K(31424K)->31103K(31424K) NonClass: 27849K(27968K)->27849K(27968K) Class: 3254K(3456K)->3254K(3456K)
[76.313s][info][gc             ] GC(1618) Pause Full (Allocation Failure) 494M->374M(494M) 54.589ms
[76.313s][info][gc,cpu         ] GC(1618) User=0.06s Sys=0.00s Real=0.06s
[76.320s][info][gc,start       ] GC(1619) Pause Full (Allocation Failure)
[76.320s][info][gc,phases,start] GC(1619) Phase 1: Mark live objects
[76.331s][info][gc,phases      ] GC(1619) Phase 1: Mark live objects 10.654ms
[76.331s][info][gc,phases,start] GC(1619) Phase 2: Compute new object addresses
[76.337s][info][gc,phases      ] GC(1619) Phase 2: Compute new object addresses 5.788ms
[76.337s][info][gc,phases,start] GC(1619) Phase 3: Adjust pointers
[76.344s][info][gc,phases      ] GC(1619) Phase 3: Adjust pointers 6.724ms
[76.344s][info][gc,phases,start] GC(1619) Phase 4: Move objects
[76.372s][info][gc,phases      ] GC(1619) Phase 4: Move objects 27.911ms
[76.372s][info][gc,heap        ] GC(1619) DefNew: 157149K(157248K)->37890K(157248K) Eden: 139776K(139776K)->37890K(139776K) From: 17373K(17472K)->0K(17472K)
[76.372s][info][gc,heap        ] GC(1619) Tenured: 349487K(349568K)->349482K(349568K)
[76.372s][info][gc,metaspace   ] GC(1619) Metaspace: 31103K(31424K)->31103K(31424K) NonClass: 27849K(27968K)->27849K(27968K) Class: 3254K(3456K)->3254K(3456K)
[76.372s][info][gc             ] GC(1619) Pause Full (Allocation Failure) 494M->378M(494M) 51.560ms
[76.372s][info][gc,cpu         ] GC(1619) User=0.06s Sys=0.00s Real=0.06s
[76.383s][info][gc,start       ] GC(1620) Pause Full (Allocation Failure)
[76.383s][info][gc,phases,start] GC(1620) Phase 1: Mark live objects
[76.393s][info][gc,phases      ] GC(1620) Phase 1: Mark live objects 10.087ms
[76.393s][info][gc,phases,start] GC(1620) Phase 2: Compute new object addresses
[76.398s][info][gc,phases      ] GC(1620) Phase 2: Compute new object addresses 5.057ms
[76.398s][info][gc,phases,start] GC(1620) Phase 3: Adjust pointers
[76.406s][info][gc,phases      ] GC(1620) Phase 3: Adjust pointers 7.608ms
[76.406s][info][gc,phases,start] GC(1620) Phase 4: Move objects
[76.431s][info][gc,phases      ] GC(1620) Phase 4: Move objects 25.361ms
[76.431s][info][gc,heap        ] GC(1620) DefNew: 157186K(157248K)->16191K(157248K) Eden: 139776K(139776K)->16191K(139776K) From: 17410K(17472K)->0K(17472K)
[76.431s][info][gc,heap        ] GC(1620) Tenured: 349482K(349568K)->349511K(349568K)
[76.431s][info][gc,metaspace   ] GC(1620) Metaspace: 31103K(31424K)->31103K(31424K) NonClass: 27849K(27968K)->27849K(27968K) Class: 3254K(3456K)->3254K(3456K)
[76.431s][info][gc             ] GC(1620) Pause Full (Allocation Failure) 494M->357M(494M) 48.612ms
[76.431s][info][gc,cpu         ] GC(1620) User=0.05s Sys=0.00s Real=0.05s
[76.439s][info][gc,start       ] GC(1621) Pause Full (Allocation Failure)
[76.439s][info][gc,phases,start] GC(1621) Phase 1: Mark live objects
[76.448s][info][gc,phases      ] GC(1621) Phase 1: Mark live objects 9.217ms
[76.448s][info][gc,phases,start] GC(1621) Phase 2: Compute new object addresses
[76.453s][info][gc,phases      ] GC(1621) Phase 2: Compute new object addresses 4.926ms
[76.453s][info][gc,phases,start] GC(1621) Phase 3: Adjust pointers
[76.459s][info][gc,phases      ] GC(1621) Phase 3: Adjust pointers 6.326ms
[76.459s][info][gc,phases,start] GC(1621) Phase 4: Move objects
[76.463s][info][gc,phases      ] GC(1621) Phase 4: Move objects 3.505ms
[76.463s][info][gc,heap        ] GC(1621) DefNew: 157103K(157248K)->38645K(157248K) Eden: 139776K(139776K)->38645K(139776K) From: 17327K(17472K)->0K(17472K)
[76.463s][info][gc,heap        ] GC(1621) Tenured: 349511K(349568K)->349511K(349568K)
[76.463s][info][gc,metaspace   ] GC(1621) Metaspace: 31103K(31424K)->31103K(31424K) NonClass: 27849K(27968K)->27849K(27968K) Class: 3254K(3456K)->3254K(3456K)
[76.463s][info][gc             ] GC(1621) Pause Full (Allocation Failure) 494M->379M(494M) 24.378ms
[76.463s][info][gc,cpu         ] GC(1621) User=0.02s Sys=0.00s Real=0.03s
[76.476s][info][gc,start       ] GC(1622) Pause Full (Allocation Failure)
[76.476s][info][gc,phases,start] GC(1622) Phase 1: Mark live objects
[76.485s][info][gc,phases      ] GC(1622) Phase 1: Mark live objects 9.146ms
[76.485s][info][gc,phases,start] GC(1622) Phase 2: Compute new object addresses
[76.490s][info][gc,phases      ] GC(1622) Phase 2: Compute new object addresses 4.959ms
[76.490s][info][gc,phases,start] GC(1622) Phase 3: Adjust pointers
[76.498s][info][gc,phases      ] GC(1622) Phase 3: Adjust pointers 7.767ms
[76.498s][info][gc,phases,start] GC(1622) Phase 4: Move objects
[76.522s][info][gc,phases      ] GC(1622) Phase 4: Move objects 24.497ms
[76.523s][info][gc,heap        ] GC(1622) DefNew: 156418K(157248K)->31418K(157248K) Eden: 139776K(139776K)->31418K(139776K) From: 16642K(17472K)->0K(17472K)
[76.523s][info][gc,heap        ] GC(1622) Tenured: 349511K(349568K)->349567K(349568K)
[76.523s][info][gc,metaspace   ] GC(1622) Metaspace: 31103K(31424K)->31103K(31424K) NonClass: 27849K(27968K)->27849K(27968K) Class: 3254K(3456K)->3254K(3456K)
[76.523s][info][gc             ] GC(1622) Pause Full (Allocation Failure) 494M->372M(494M) 46.868ms
[76.523s][info][gc,cpu         ] GC(1622) User=0.04s Sys=0.00s Real=0.05s
[76.529s][info][gc,start       ] GC(1623) Pause Full (Allocation Failure)
[76.529s][info][gc,phases,start] GC(1623) Phase 1: Mark live objects
[76.539s][info][gc,phases      ] GC(1623) Phase 1: Mark live objects 10.115ms
[76.539s][info][gc,phases,start] GC(1623) Phase 2: Compute new object addresses
[76.544s][info][gc,phases      ] GC(1623) Phase 2: Compute new object addresses 4.568ms
[76.544s][info][gc,phases,start] GC(1623) Phase 3: Adjust pointers
[76.550s][info][gc,phases      ] GC(1623) Phase 3: Adjust pointers 5.924ms
[76.550s][info][gc,phases,start] GC(1623) Phase 4: Move objects
[76.573s][info][gc,phases      ] GC(1623) Phase 4: Move objects 23.193ms
[76.573s][info][gc,heap        ] GC(1623) DefNew: 157247K(157248K)->36247K(157248K) Eden: 139776K(139776K)->36247K(139776K) From: 17471K(17472K)->0K(17472K)
[76.573s][info][gc,heap        ] GC(1623) Tenured: 349567K(349568K)->349487K(349568K)
[76.573s][info][gc,metaspace   ] GC(1623) Metaspace: 31103K(31424K)->31103K(31424K) NonClass: 27849K(27968K)->27849K(27968K) Class: 3254K(3456K)->3254K(3456K)
[76.573s][info][gc             ] GC(1623) Pause Full (Allocation Failure) 494M->376M(494M) 44.229ms
[76.573s][info][gc,cpu         ] GC(1623) User=0.04s Sys=0.00s Real=0.05s
[76.584s][info][gc,start       ] GC(1624) Pause Full (Allocation Failure)
[76.584s][info][gc,phases,start] GC(1624) Phase 1: Mark live objects
[76.593s][info][gc,phases      ] GC(1624) Phase 1: Mark live objects 8.792ms
[76.593s][info][gc,phases,start] GC(1624) Phase 2: Compute new object addresses
[76.597s][info][gc,phases      ] GC(1624) Phase 2: Compute new object addresses 4.335ms
[76.597s][info][gc,phases,start] GC(1624) Phase 3: Adjust pointers
[76.603s][info][gc,phases      ] GC(1624) Phase 3: Adjust pointers 5.770ms
[76.603s][info][gc,phases,start] GC(1624) Phase 4: Move objects
[76.628s][info][gc,phases      ] GC(1624) Phase 4: Move objects 25.357ms
[76.628s][info][gc,heap        ] GC(1624) DefNew: 156657K(157248K)->15201K(157248K) Eden: 139776K(139776K)->15201K(139776K) From: 16881K(17472K)->0K(17472K)
[76.628s][info][gc,heap        ] GC(1624) Tenured: 349487K(349568K)->349566K(349568K)
[76.628s][info][gc,metaspace   ] GC(1624) Metaspace: 31103K(31424K)->31103K(31424K) NonClass: 27849K(27968K)->27849K(27968K) Class: 3254K(3456K)->3254K(3456K)
[76.629s][info][gc             ] GC(1624) Pause Full (Allocation Failure) 494M->356M(494M) 44.727ms
[76.629s][info][gc,cpu         ] GC(1624) User=0.04s Sys=0.00s Real=0.04s
[76.639s][info][gc,start       ] GC(1625) Pause Full (Allocation Failure)
[76.639s][info][gc,phases,start] GC(1625) Phase 1: Mark live objects
[76.649s][info][gc,phases      ] GC(1625) Phase 1: Mark live objects 9.342ms
[76.649s][info][gc,phases,start] GC(1625) Phase 2: Compute new object addresses
[76.653s][info][gc,phases      ] GC(1625) Phase 2: Compute new object addresses 4.490ms
[76.653s][info][gc,phases,start] GC(1625) Phase 3: Adjust pointers
[76.659s][info][gc,phases      ] GC(1625) Phase 3: Adjust pointers 6.017ms
[76.659s][info][gc,phases,start] GC(1625) Phase 4: Move objects
[76.672s][info][gc,phases      ] GC(1625) Phase 4: Move objects 12.493ms
[76.672s][info][gc,heap        ] GC(1625) DefNew: 157082K(157248K)->35478K(157248K) Eden: 139776K(139776K)->35478K(139776K) From: 17306K(17472K)->0K(17472K)
[76.672s][info][gc,heap        ] GC(1625) Tenured: 349566K(349568K)->349489K(349568K)
[76.672s][info][gc,metaspace   ] GC(1625) Metaspace: 31103K(31424K)->31103K(31424K) NonClass: 27849K(27968K)->27849K(27968K) Class: 3254K(3456K)->3254K(3456K)
[76.672s][info][gc             ] GC(1625) Pause Full (Allocation Failure) 494M->375M(494M) 32.800ms
[76.672s][info][gc,cpu         ] GC(1625) User=0.04s Sys=0.00s Real=0.04s
[76.680s][info][gc,start       ] GC(1626) Pause Full (Allocation Failure)
[76.680s][info][gc,phases,start] GC(1626) Phase 1: Mark live objects
[76.689s][info][gc,phases      ] GC(1626) Phase 1: Mark live objects 9.086ms
[76.689s][info][gc,phases,start] GC(1626) Phase 2: Compute new object addresses
[76.694s][info][gc,phases      ] GC(1626) Phase 2: Compute new object addresses 4.490ms
[76.694s][info][gc,phases,start] GC(1626) Phase 3: Adjust pointers
[76.700s][info][gc,phases      ] GC(1626) Phase 3: Adjust pointers 6.279ms
[76.700s][info][gc,phases,start] GC(1626) Phase 4: Move objects
[76.723s][info][gc,phases      ] GC(1626) Phase 4: Move objects 22.733ms
[76.723s][info][gc,heap        ] GC(1626) DefNew: 156993K(157248K)->36858K(157248K) Eden: 139776K(139776K)->36858K(139776K) From: 17217K(17472K)->0K(17472K)
[76.723s][info][gc,heap        ] GC(1626) Tenured: 349489K(349568K)->349482K(349568K)
[76.723s][info][gc,metaspace   ] GC(1626) Metaspace: 31103K(31424K)->31103K(31424K) NonClass: 27849K(27968K)->27849K(27968K) Class: 3254K(3456K)->3254K(3456K)
[76.723s][info][gc             ] GC(1626) Pause Full (Allocation Failure) 494M->377M(494M) 43.015ms
[76.723s][info][gc,cpu         ] GC(1626) User=0.05s Sys=0.00s Real=0.05s
[76.732s][info][gc,start       ] GC(1627) Pause Full (Allocation Failure)
[76.732s][info][gc,phases,start] GC(1627) Phase 1: Mark live objects
[76.741s][info][gc,phases      ] GC(1627) Phase 1: Mark live objects 9.622ms
[76.741s][info][gc,phases,start] GC(1627) Phase 2: Compute new object addresses
[76.746s][info][gc,phases      ] GC(1627) Phase 2: Compute new object addresses 4.126ms
[76.746s][info][gc,phases,start] GC(1627) Phase 3: Adjust pointers
[76.751s][info][gc,phases      ] GC(1627) Phase 3: Adjust pointers 5.784ms
[76.751s][info][gc,phases,start] GC(1627) Phase 4: Move objects
[76.775s][info][gc,phases      ] GC(1627) Phase 4: Move objects 23.256ms
[76.775s][info][gc,heap        ] GC(1627) DefNew: 157230K(157248K)->36250K(157248K) Eden: 139776K(139776K)->36250K(139776K) From: 17454K(17472K)->0K(17472K)
[76.775s][info][gc,heap        ] GC(1627) Tenured: 349482K(349568K)->349485K(349568K)
[76.775s][info][gc,metaspace   ] GC(1627) Metaspace: 31103K(31424K)->31103K(31424K) NonClass: 27849K(27968K)->27849K(27968K) Class: 3254K(3456K)->3254K(3456K)
[76.775s][info][gc             ] GC(1627) Pause Full (Allocation Failure) 494M->376M(494M) 43.212ms
[76.775s][info][gc,cpu         ] GC(1627) User=0.04s Sys=0.00s Real=0.04s
[76.784s][info][gc,start       ] GC(1628) Pause Full (Allocation Failure)
[76.784s][info][gc,phases,start] GC(1628) Phase 1: Mark live objects
[76.794s][info][gc,phases      ] GC(1628) Phase 1: Mark live objects 9.837ms
[76.794s][info][gc,phases,start] GC(1628) Phase 2: Compute new object addresses
[76.799s][info][gc,phases      ] GC(1628) Phase 2: Compute new object addresses 4.845ms
[76.799s][info][gc,phases,start] GC(1628) Phase 3: Adjust pointers
[76.807s][info][gc,phases      ] GC(1628) Phase 3: Adjust pointers 7.908ms
[76.807s][info][gc,phases,start] GC(1628) Phase 4: Move objects
[76.833s][info][gc,phases      ] GC(1628) Phase 4: Move objects 25.856ms
[76.833s][info][gc,heap        ] GC(1628) DefNew: 157028K(157248K)->18904K(157248K) Eden: 139775K(139776K)->18904K(139776K) From: 17252K(17472K)->0K(17472K)
[76.833s][info][gc,heap        ] GC(1628) Tenured: 349485K(349568K)->349471K(349568K)
[76.833s][info][gc,metaspace   ] GC(1628) Metaspace: 31103K(31424K)->31103K(31424K) NonClass: 27849K(27968K)->27849K(27968K) Class: 3254K(3456K)->3254K(3456K)
[76.833s][info][gc             ] GC(1628) Pause Full (Allocation Failure) 494M->359M(494M) 48.933ms
[76.833s][info][gc,cpu         ] GC(1628) User=0.05s Sys=0.00s Real=0.05s
[76.840s][info][gc,start       ] GC(1629) Pause Full (Allocation Failure)
[76.840s][info][gc,phases,start] GC(1629) Phase 1: Mark live objects
[76.850s][info][gc,phases      ] GC(1629) Phase 1: Mark live objects 10.130ms
[76.850s][info][gc,phases,start] GC(1629) Phase 2: Compute new object addresses
[76.855s][info][gc,phases      ] GC(1629) Phase 2: Compute new object addresses 4.964ms
[76.855s][info][gc,phases,start] GC(1629) Phase 3: Adjust pointers
[76.862s][info][gc,phases      ] GC(1629) Phase 3: Adjust pointers 6.572ms
[76.862s][info][gc,phases,start] GC(1629) Phase 4: Move objects
[76.866s][info][gc,phases      ] GC(1629) Phase 4: Move objects 3.774ms
[76.866s][info][gc,heap        ] GC(1629) DefNew: 157247K(157248K)->39189K(157248K) Eden: 139776K(139776K)->39189K(139776K) From: 17471K(17472K)->0K(17472K)
[76.866s][info][gc,heap        ] GC(1629) Tenured: 349474K(349568K)->349484K(349568K)
[76.866s][info][gc,metaspace   ] GC(1629) Metaspace: 31103K(31424K)->31103K(31424K) NonClass: 27849K(27968K)->27849K(27968K) Class: 3254K(3456K)->3254K(3456K)
[76.866s][info][gc             ] GC(1629) Pause Full (Allocation Failure) 494M->379M(494M) 25.893ms
[76.866s][info][gc,cpu         ] GC(1629) User=0.03s Sys=0.00s Real=0.03s
[76.877s][info][gc,start       ] GC(1630) Pause Full (Allocation Failure)
[76.877s][info][gc,phases,start] GC(1630) Phase 1: Mark live objects
[76.886s][info][gc,phases      ] GC(1630) Phase 1: Mark live objects 8.934ms
[76.886s][info][gc,phases,start] GC(1630) Phase 2: Compute new object addresses
[76.890s][info][gc,phases      ] GC(1630) Phase 2: Compute new object addresses 4.158ms
[76.890s][info][gc,phases,start] GC(1630) Phase 3: Adjust pointers
[76.896s][info][gc,phases      ] GC(1630) Phase 3: Adjust pointers 5.711ms
[76.896s][info][gc,phases,start] GC(1630) Phase 4: Move objects
[76.918s][info][gc,phases      ] GC(1630) Phase 4: Move objects 22.469ms
[76.918s][info][gc,heap        ] GC(1630) DefNew: 156894K(157248K)->34237K(157248K) Eden: 139776K(139776K)->34237K(139776K) From: 17118K(17472K)->0K(17472K)
[76.918s][info][gc,heap        ] GC(1630) Tenured: 349484K(349568K)->349448K(349568K)
[76.918s][info][gc,metaspace   ] GC(1630) Metaspace: 31103K(31424K)->31103K(31424K) NonClass: 27849K(27968K)->27849K(27968K) Class: 3254K(3456K)->3254K(3456K)
[76.918s][info][gc             ] GC(1630) Pause Full (Allocation Failure) 494M->374M(494M) 41.729ms
[76.918s][info][gc,cpu         ] GC(1630) User=0.04s Sys=0.00s Real=0.04s
[76.925s][info][gc,start       ] GC(1631) Pause Full (Allocation Failure)
[76.925s][info][gc,phases,start] GC(1631) Phase 1: Mark live objects
[76.934s][info][gc,phases      ] GC(1631) Phase 1: Mark live objects 9.692ms
[76.934s][info][gc,phases,start] GC(1631) Phase 2: Compute new object addresses
[76.939s][info][gc,phases      ] GC(1631) Phase 2: Compute new object addresses 4.267ms
[76.939s][info][gc,phases,start] GC(1631) Phase 3: Adjust pointers
[76.945s][info][gc,phases      ] GC(1631) Phase 3: Adjust pointers 6.166ms
[76.945s][info][gc,phases,start] GC(1631) Phase 4: Move objects
[76.968s][info][gc,phases      ] GC(1631) Phase 4: Move objects 23.274ms
[76.969s][info][gc,heap        ] GC(1631) DefNew: 157070K(157248K)->37889K(157248K) Eden: 139776K(139776K)->37889K(139776K) From: 17294K(17472K)->0K(17472K)
[76.969s][info][gc,heap        ] GC(1631) Tenured: 349448K(349568K)->349480K(349568K)
[76.969s][info][gc,metaspace   ] GC(1631) Metaspace: 31103K(31424K)->31103K(31424K) NonClass: 27849K(27968K)->27849K(27968K) Class: 3254K(3456K)->3254K(3456K)
[76.969s][info][gc             ] GC(1631) Pause Full (Allocation Failure) 494M->378M(494M) 43.840ms
[76.969s][info][gc,cpu         ] GC(1631) User=0.04s Sys=0.00s Real=0.04s
[76.976s][info][gc,start       ] GC(1632) Pause Full (Allocation Failure)
[76.976s][info][gc,phases,start] GC(1632) Phase 1: Mark live objects
[76.986s][info][gc,phases      ] GC(1632) Phase 1: Mark live objects 9.870ms
[76.986s][info][gc,phases,start] GC(1632) Phase 2: Compute new object addresses
[76.991s][info][gc,phases      ] GC(1632) Phase 2: Compute new object addresses 4.522ms
[76.991s][info][gc,phases,start] GC(1632) Phase 3: Adjust pointers
[76.997s][info][gc,phases      ] GC(1632) Phase 3: Adjust pointers 6.248ms
[76.997s][info][gc,phases,start] GC(1632) Phase 4: Move objects
[77.023s][info][gc,phases      ] GC(1632) Phase 4: Move objects 25.916ms
[77.023s][info][gc,heap        ] GC(1632) DefNew: 157196K(157248K)->20593K(157248K) Eden: 139776K(139776K)->20593K(139776K) From: 17420K(17472K)->0K(17472K)
[77.023s][info][gc,heap        ] GC(1632) Tenured: 349480K(349568K)->348698K(349568K)
[77.023s][info][gc,metaspace   ] GC(1632) Metaspace: 31103K(31424K)->31103K(31424K) NonClass: 27849K(27968K)->27849K(27968K) Class: 3254K(3456K)->3254K(3456K)
[77.023s][info][gc             ] GC(1632) Pause Full (Allocation Failure) 494M->360M(494M) 47.001ms
[77.023s][info][gc,cpu         ] GC(1632) User=0.04s Sys=0.00s Real=0.05s
[77.034s][info][gc,start       ] GC(1633) Pause Full (Allocation Failure)
[77.034s][info][gc,phases,start] GC(1633) Phase 1: Mark live objects
[77.043s][info][gc,phases      ] GC(1633) Phase 1: Mark live objects 9.677ms
[77.043s][info][gc,phases,start] GC(1633) Phase 2: Compute new object addresses
[77.048s][info][gc,phases      ] GC(1633) Phase 2: Compute new object addresses 4.911ms
[77.048s][info][gc,phases,start] GC(1633) Phase 3: Adjust pointers
[77.055s][info][gc,phases      ] GC(1633) Phase 3: Adjust pointers 6.525ms
[77.055s][info][gc,phases,start] GC(1633) Phase 4: Move objects
[77.070s][info][gc,phases      ] GC(1633) Phase 4: Move objects 14.798ms
[77.070s][info][gc,heap        ] GC(1633) DefNew: 156301K(157248K)->36338K(157248K) Eden: 139776K(139776K)->36338K(139776K) From: 16525K(17472K)->0K(17472K)
[77.070s][info][gc,heap        ] GC(1633) Tenured: 348698K(349568K)->349484K(349568K)
[77.070s][info][gc,metaspace   ] GC(1633) Metaspace: 31103K(31424K)->31103K(31424K) NonClass: 27849K(27968K)->27849K(27968K) Class: 3254K(3456K)->3254K(3456K)
[77.070s][info][gc             ] GC(1633) Pause Full (Allocation Failure) 493M->376M(494M) 36.336ms
[77.070s][info][gc,cpu         ] GC(1633) User=0.03s Sys=0.00s Real=0.03s
[77.076s][info][gc,start       ] GC(1634) Pause Full (Allocation Failure)
[77.076s][info][gc,phases,start] GC(1634) Phase 1: Mark live objects
[77.086s][info][gc,phases      ] GC(1634) Phase 1: Mark live objects 9.770ms
[77.086s][info][gc,phases,start] GC(1634) Phase 2: Compute new object addresses
[77.091s][info][gc,phases      ] GC(1634) Phase 2: Compute new object addresses 4.428ms
[77.091s][info][gc,phases,start] GC(1634) Phase 3: Adjust pointers
[77.097s][info][gc,phases      ] GC(1634) Phase 3: Adjust pointers 6.214ms
[77.097s][info][gc,phases,start] GC(1634) Phase 4: Move objects
[77.120s][info][gc,phases      ] GC(1634) Phase 4: Move objects 22.663ms
[77.120s][info][gc,heap        ] GC(1634) DefNew: 157039K(157248K)->40349K(157248K) Eden: 139776K(139776K)->40349K(139776K) From: 17263K(17472K)->0K(17472K)
[77.120s][info][gc,heap        ] GC(1634) Tenured: 349484K(349568K)->349354K(349568K)
[77.120s][info][gc,metaspace   ] GC(1634) Metaspace: 31103K(31424K)->31103K(31424K) NonClass: 27849K(27968K)->27849K(27968K) Class: 3254K(3456K)->3254K(3456K)
[77.120s][info][gc             ] GC(1634) Pause Full (Allocation Failure) 494M->380M(494M) 43.557ms
[77.120s][info][gc,cpu         ] GC(1634) User=0.05s Sys=0.00s Real=0.04s
[77.131s][info][gc,start       ] GC(1635) Pause Full (Allocation Failure)
[77.131s][info][gc,phases,start] GC(1635) Phase 1: Mark live objects
[77.139s][info][gc,phases      ] GC(1635) Phase 1: Mark live objects 8.786ms
[77.139s][info][gc,phases,start] GC(1635) Phase 2: Compute new object addresses
[77.144s][info][gc,phases      ] GC(1635) Phase 2: Compute new object addresses 4.134ms
[77.144s][info][gc,phases,start] GC(1635) Phase 3: Adjust pointers
[77.149s][info][gc,phases      ] GC(1635) Phase 3: Adjust pointers 5.862ms
[77.149s][info][gc,phases,start] GC(1635) Phase 4: Move objects
[77.172s][info][gc,phases      ] GC(1635) Phase 4: Move objects 23.008ms
[77.173s][info][gc,heap        ] GC(1635) DefNew: 157162K(157248K)->35487K(157248K) Eden: 139776K(139776K)->35487K(139776K) From: 17386K(17472K)->0K(17472K)
[77.173s][info][gc,heap        ] GC(1635) Tenured: 349354K(349568K)->349485K(349568K)
[77.173s][info][gc,metaspace   ] GC(1635) Metaspace: 31103K(31424K)->31103K(31424K) NonClass: 27849K(27968K)->27849K(27968K) Class: 3254K(3456K)->3254K(3456K)
[77.173s][info][gc             ] GC(1635) Pause Full (Allocation Failure) 494M->375M(494M) 42.216ms
[77.173s][info][gc,cpu         ] GC(1635) User=0.04s Sys=0.00s Real=0.04s
[77.184s][info][gc,start       ] GC(1636) Pause Full (Allocation Failure)
[77.184s][info][gc,phases,start] GC(1636) Phase 1: Mark live objects
[77.193s][info][gc,phases      ] GC(1636) Phase 1: Mark live objects 9.374ms
[77.193s][info][gc,phases,start] GC(1636) Phase 2: Compute new object addresses
[77.198s][info][gc,phases      ] GC(1636) Phase 2: Compute new object addresses 4.413ms
[77.198s][info][gc,phases,start] GC(1636) Phase 3: Adjust pointers
[77.204s][info][gc,phases      ] GC(1636) Phase 3: Adjust pointers 6.122ms
[77.204s][info][gc,phases,start] GC(1636) Phase 4: Move objects
[77.230s][info][gc,phases      ] GC(1636) Phase 4: Move objects 25.505ms
[77.230s][info][gc,heap        ] GC(1636) DefNew: 157174K(157248K)->18271K(157248K) Eden: 139776K(139776K)->18271K(139776K) From: 17398K(17472K)->0K(17472K)
[77.230s][info][gc,heap        ] GC(1636) Tenured: 349485K(349568K)->349567K(349568K)
[77.230s][info][gc,metaspace   ] GC(1636) Metaspace: 31103K(31424K)->31103K(31424K) NonClass: 27849K(27968K)->27849K(27968K) Class: 3254K(3456K)->3254K(3456K)
[77.230s][info][gc             ] GC(1636) Pause Full (Allocation Failure) 494M->359M(494M) 45.871ms
[77.230s][info][gc,cpu         ] GC(1636) User=0.04s Sys=0.00s Real=0.04s
[77.241s][info][gc,start       ] GC(1637) Pause Full (Allocation Failure)
[77.241s][info][gc,phases,start] GC(1637) Phase 1: Mark live objects
[77.251s][info][gc,phases      ] GC(1637) Phase 1: Mark live objects 9.651ms
[77.251s][info][gc,phases,start] GC(1637) Phase 2: Compute new object addresses
[77.255s][info][gc,phases      ] GC(1637) Phase 2: Compute new object addresses 4.696ms
[77.255s][info][gc,phases,start] GC(1637) Phase 3: Adjust pointers
[77.262s][info][gc,phases      ] GC(1637) Phase 3: Adjust pointers 6.725ms
[77.262s][info][gc,phases,start] GC(1637) Phase 4: Move objects
[77.265s][info][gc,phases      ] GC(1637) Phase 4: Move objects 3.301ms
[77.266s][info][gc,heap        ] GC(1637) DefNew: 157090K(157248K)->37075K(157248K) Eden: 139776K(139776K)->37075K(139776K) From: 17314K(17472K)->0K(17472K)
[77.266s][info][gc,heap        ] GC(1637) Tenured: 349567K(349568K)->349567K(349568K)
[77.266s][info][gc,metaspace   ] GC(1637) Metaspace: 31103K(31424K)->31103K(31424K) NonClass: 27849K(27968K)->27849K(27968K) Class: 3254K(3456K)->3254K(3456K)
[77.266s][info][gc             ] GC(1637) Pause Full (Allocation Failure) 494M->377M(494M) 24.798ms
[77.266s][info][gc,cpu         ] GC(1637) User=0.03s Sys=0.00s Real=0.03s
[77.276s][info][gc,start       ] GC(1638) Pause Full (Allocation Failure)
[77.276s][info][gc,phases,start] GC(1638) Phase 1: Mark live objects
[77.289s][info][gc,phases      ] GC(1638) Phase 1: Mark live objects 12.801ms
[77.289s][info][gc,phases,start] GC(1638) Phase 2: Compute new object addresses
[77.293s][info][gc,phases      ] GC(1638) Phase 2: Compute new object addresses 4.378ms
[77.294s][info][gc,phases,start] GC(1638) Phase 3: Adjust pointers
[77.300s][info][gc,phases      ] GC(1638) Phase 3: Adjust pointers 6.250ms
[77.300s][info][gc,phases,start] GC(1638) Phase 4: Move objects
[77.326s][info][gc,phases      ] GC(1638) Phase 4: Move objects 25.378ms
[77.326s][info][gc,heap        ] GC(1638) DefNew: 157201K(157248K)->35998K(157248K) Eden: 139776K(139776K)->35998K(139776K) From: 17425K(17472K)->0K(17472K)
[77.326s][info][gc,heap        ] GC(1638) Tenured: 349567K(349568K)->349487K(349568K)
[77.326s][info][gc,metaspace   ] GC(1638) Metaspace: 31103K(31424K)->31103K(31424K) NonClass: 27849K(27968K)->27849K(27968K) Class: 3254K(3456K)->3254K(3456K)
[77.326s][info][gc             ] GC(1638) Pause Full (Allocation Failure) 494M->376M(494M) 49.660ms
[77.326s][info][gc,cpu         ] GC(1638) User=0.05s Sys=0.00s Real=0.05s
[77.337s][info][gc,start       ] GC(1639) Pause Full (Allocation Failure)
[77.337s][info][gc,phases,start] GC(1639) Phase 1: Mark live objects
[77.347s][info][gc,phases      ] GC(1639) Phase 1: Mark live objects 9.894ms
[77.347s][info][gc,phases,start] GC(1639) Phase 2: Compute new object addresses
[77.352s][info][gc,phases      ] GC(1639) Phase 2: Compute new object addresses 4.622ms
[77.352s][info][gc,phases,start] GC(1639) Phase 3: Adjust pointers
[77.358s][info][gc,phases      ] GC(1639) Phase 3: Adjust pointers 6.361ms
[77.358s][info][gc,phases,start] GC(1639) Phase 4: Move objects
[77.382s][info][gc,phases      ] GC(1639) Phase 4: Move objects 23.663ms
[77.382s][info][gc,heap        ] GC(1639) DefNew: 156292K(157248K)->35842K(157248K) Eden: 139776K(139776K)->35842K(139776K) From: 16516K(17472K)->0K(17472K)
[77.382s][info][gc,heap        ] GC(1639) Tenured: 349487K(349568K)->349479K(349568K)
[77.382s][info][gc,metaspace   ] GC(1639) Metaspace: 31103K(31424K)->31103K(31424K) NonClass: 27849K(27968K)->27849K(27968K) Class: 3254K(3456K)->3254K(3456K)
[77.382s][info][gc             ] GC(1639) Pause Full (Allocation Failure) 493M->376M(494M) 45.020ms
[77.382s][info][gc,cpu         ] GC(1639) User=0.04s Sys=0.01s Real=0.04s
[77.392s][info][gc,start       ] GC(1640) Pause Full (Allocation Failure)
[77.392s][info][gc,phases,start] GC(1640) Phase 1: Mark live objects
[77.401s][info][gc,phases      ] GC(1640) Phase 1: Mark live objects 9.228ms
[77.401s][info][gc,phases,start] GC(1640) Phase 2: Compute new object addresses
[77.405s][info][gc,phases      ] GC(1640) Phase 2: Compute new object addresses 4.226ms
[77.405s][info][gc,phases,start] GC(1640) Phase 3: Adjust pointers
[77.411s][info][gc,phases      ] GC(1640) Phase 3: Adjust pointers 6.224ms
[77.411s][info][gc,phases,start] GC(1640) Phase 4: Move objects
[77.441s][info][gc,phases      ] GC(1640) Phase 4: Move objects 29.410ms
[77.441s][info][gc,heap        ] GC(1640) DefNew: 156865K(157248K)->23428K(157248K) Eden: 139776K(139776K)->23428K(139776K) From: 17089K(17472K)->0K(17472K)
[77.441s][info][gc,heap        ] GC(1640) Tenured: 349479K(349568K)->349312K(349568K)
[77.441s][info][gc,metaspace   ] GC(1640) Metaspace: 31103K(31424K)->31103K(31424K) NonClass: 27849K(27968K)->27849K(27968K) Class: 3254K(3456K)->3254K(3456K)
[77.441s][info][gc             ] GC(1640) Pause Full (Allocation Failure) 494M->364M(494M) 49.512ms
[77.441s][info][gc,cpu         ] GC(1640) User=0.05s Sys=0.00s Real=0.04s
[77.452s][info][gc,start       ] GC(1641) Pause Full (Allocation Failure)
[77.452s][info][gc,phases,start] GC(1641) Phase 1: Mark live objects
[77.461s][info][gc,phases      ] GC(1641) Phase 1: Mark live objects 9.146ms
[77.461s][info][gc,phases,start] GC(1641) Phase 2: Compute new object addresses
[77.465s][info][gc,phases      ] GC(1641) Phase 2: Compute new object addresses 4.421ms
[77.465s][info][gc,phases,start] GC(1641) Phase 3: Adjust pointers
[77.471s][info][gc,phases      ] GC(1641) Phase 3: Adjust pointers 5.961ms
[77.471s][info][gc,phases,start] GC(1641) Phase 4: Move objects
[77.485s][info][gc,phases      ] GC(1641) Phase 4: Move objects 13.575ms
[77.485s][info][gc,heap        ] GC(1641) DefNew: 157095K(157248K)->39424K(157248K) Eden: 139776K(139776K)->39424K(139776K) From: 17319K(17472K)->0K(17472K)
[77.485s][info][gc,heap        ] GC(1641) Tenured: 349312K(349568K)->349474K(349568K)
[77.485s][info][gc,metaspace   ] GC(1641) Metaspace: 31103K(31424K)->31103K(31424K) NonClass: 27849K(27968K)->27849K(27968K) Class: 3254K(3456K)->3254K(3456K)
[77.485s][info][gc             ] GC(1641) Pause Full (Allocation Failure) 494M->379M(494M) 33.553ms
[77.485s][info][gc,cpu         ] GC(1641) User=0.03s Sys=0.00s Real=0.03s
[77.496s][info][gc,start       ] GC(1642) Pause Full (Allocation Failure)
[77.496s][info][gc,phases,start] GC(1642) Phase 1: Mark live objects
[77.506s][info][gc,phases      ] GC(1642) Phase 1: Mark live objects 9.612ms
[77.506s][info][gc,phases,start] GC(1642) Phase 2: Compute new object addresses
[77.510s][info][gc,phases      ] GC(1642) Phase 2: Compute new object addresses 4.513ms
[77.510s][info][gc,phases,start] GC(1642) Phase 3: Adjust pointers
[77.516s][info][gc,phases      ] GC(1642) Phase 3: Adjust pointers 6.205ms
[77.516s][info][gc,phases,start] GC(1642) Phase 4: Move objects
[77.539s][info][gc,phases      ] GC(1642) Phase 4: Move objects 22.204ms
[77.539s][info][gc,heap        ] GC(1642) DefNew: 157166K(157248K)->35602K(157248K) Eden: 139776K(139776K)->35602K(139776K) From: 17390K(17472K)->0K(17472K)
[77.539s][info][gc,heap        ] GC(1642) Tenured: 349474K(349568K)->349476K(349568K)
[77.539s][info][gc,metaspace   ] GC(1642) Metaspace: 31103K(31424K)->31103K(31424K) NonClass: 27849K(27968K)->27849K(27968K) Class: 3254K(3456K)->3254K(3456K)
[77.539s][info][gc             ] GC(1642) Pause Full (Allocation Failure) 494M->376M(494M) 43.108ms
[77.539s][info][gc,cpu         ] GC(1642) User=0.03s Sys=0.00s Real=0.04s
[77.549s][info][gc,start       ] GC(1643) Pause Full (Allocation Failure)
[77.549s][info][gc,phases,start] GC(1643) Phase 1: Mark live objects
[77.558s][info][gc,phases      ] GC(1643) Phase 1: Mark live objects 8.988ms
[77.559s][info][gc,phases,start] GC(1643) Phase 2: Compute new object addresses
[77.563s][info][gc,phases      ] GC(1643) Phase 2: Compute new object addresses 4.316ms
[77.563s][info][gc,phases,start] GC(1643) Phase 3: Adjust pointers
[77.569s][info][gc,phases      ] GC(1643) Phase 3: Adjust pointers 5.944ms
[77.569s][info][gc,phases,start] GC(1643) Phase 4: Move objects
[77.592s][info][gc,phases      ] GC(1643) Phase 4: Move objects 23.142ms
[77.592s][info][gc,heap        ] GC(1643) DefNew: 156315K(157248K)->35494K(157248K) Eden: 139776K(139776K)->35494K(139776K) From: 16539K(17472K)->0K(17472K)
[77.592s][info][gc,heap        ] GC(1643) Tenured: 349476K(349568K)->349485K(349568K)
[77.592s][info][gc,metaspace   ] GC(1643) Metaspace: 31103K(31424K)->31103K(31424K) NonClass: 27849K(27968K)->27849K(27968K) Class: 3254K(3456K)->3254K(3456K)
[77.592s][info][gc             ] GC(1643) Pause Full (Allocation Failure) 493M->375M(494M) 42.826ms
[77.592s][info][gc,cpu         ] GC(1643) User=0.04s Sys=0.00s Real=0.05s
[77.600s][info][gc,start       ] GC(1644) Pause Full (Allocation Failure)
[77.600s][info][gc,phases,start] GC(1644) Phase 1: Mark live objects
[77.609s][info][gc,phases      ] GC(1644) Phase 1: Mark live objects 9.648ms
[77.609s][info][gc,phases,start] GC(1644) Phase 2: Compute new object addresses
[77.614s][info][gc,phases      ] GC(1644) Phase 2: Compute new object addresses 4.456ms
[77.614s][info][gc,phases,start] GC(1644) Phase 3: Adjust pointers
[77.620s][info][gc,phases      ] GC(1644) Phase 3: Adjust pointers 5.971ms
[77.620s][info][gc,phases,start] GC(1644) Phase 4: Move objects
[77.646s][info][gc,phases      ] GC(1644) Phase 4: Move objects 26.499ms
[77.647s][info][gc,heap        ] GC(1644) DefNew: 157153K(157248K)->21752K(157248K) Eden: 139776K(139776K)->21752K(139776K) From: 17377K(17472K)->0K(17472K)
[77.647s][info][gc,heap        ] GC(1644) Tenured: 349485K(349568K)->349175K(349568K)
[77.647s][info][gc,metaspace   ] GC(1644) Metaspace: 31103K(31424K)->31103K(31424K) NonClass: 27849K(27968K)->27849K(27968K) Class: 3254K(3456K)->3254K(3456K)
[77.647s][info][gc             ] GC(1644) Pause Full (Allocation Failure) 494M->362M(494M) 47.048ms
[77.647s][info][gc,cpu         ] GC(1644) User=0.05s Sys=0.00s Real=0.05s
[77.654s][info][gc,start       ] GC(1645) Pause Full (Allocation Failure)
[77.654s][info][gc,phases,start] GC(1645) Phase 1: Mark live objects
[77.664s][info][gc,phases      ] GC(1645) Phase 1: Mark live objects 9.880ms
[77.664s][info][gc,phases,start] GC(1645) Phase 2: Compute new object addresses
[77.668s][info][gc,phases      ] GC(1645) Phase 2: Compute new object addresses 4.798ms
[77.669s][info][gc,phases,start] GC(1645) Phase 3: Adjust pointers
[77.675s][info][gc,phases      ] GC(1645) Phase 3: Adjust pointers 6.748ms
[77.675s][info][gc,phases,start] GC(1645) Phase 4: Move objects
[77.679s][info][gc,phases      ] GC(1645) Phase 4: Move objects 4.035ms
[77.680s][info][gc,heap        ] GC(1645) DefNew: 157085K(157248K)->41540K(157248K) Eden: 139776K(139776K)->41540K(139776K) From: 17309K(17472K)->0K(17472K)
[77.680s][info][gc,heap        ] GC(1645) Tenured: 349431K(349568K)->349442K(349568K)
[77.680s][info][gc,metaspace   ] GC(1645) Metaspace: 31103K(31424K)->31103K(31424K) NonClass: 27849K(27968K)->27849K(27968K) Class: 3254K(3456K)->3254K(3456K)
[77.680s][info][gc             ] GC(1645) Pause Full (Allocation Failure) 494M->381M(494M) 25.948ms
[77.680s][info][gc,cpu         ] GC(1645) User=0.02s Sys=0.00s Real=0.02s
[77.690s][info][gc,start       ] GC(1646) Pause Full (Allocation Failure)
[77.690s][info][gc,phases,start] GC(1646) Phase 1: Mark live objects
[77.699s][info][gc,phases      ] GC(1646) Phase 1: Mark live objects 8.940ms
[77.699s][info][gc,phases,start] GC(1646) Phase 2: Compute new object addresses
[77.703s][info][gc,phases      ] GC(1646) Phase 2: Compute new object addresses 4.350ms
[77.703s][info][gc,phases,start] GC(1646) Phase 3: Adjust pointers
[77.710s][info][gc,phases      ] GC(1646) Phase 3: Adjust pointers 6.481ms
[77.710s][info][gc,phases,start] GC(1646) Phase 4: Move objects
[77.732s][info][gc,phases      ] GC(1646) Phase 4: Move objects 22.434ms
[77.733s][info][gc,heap        ] GC(1646) DefNew: 157191K(157248K)->38066K(157248K) Eden: 139776K(139776K)->38066K(139776K) From: 17415K(17472K)->0K(17472K)
[77.733s][info][gc,heap        ] GC(1646) Tenured: 349442K(349568K)->349480K(349568K)
[77.733s][info][gc,metaspace   ] GC(1646) Metaspace: 31103K(31424K)->31103K(31424K) NonClass: 27849K(27968K)->27849K(27968K) Class: 3254K(3456K)->3254K(3456K)
[77.733s][info][gc             ] GC(1646) Pause Full (Allocation Failure) 494M->378M(494M) 42.689ms
[77.733s][info][gc,cpu         ] GC(1646) User=0.04s Sys=0.00s Real=0.05s
[77.743s][info][gc,start       ] GC(1647) Pause Full (Allocation Failure)
[77.743s][info][gc,phases,start] GC(1647) Phase 1: Mark live objects
[77.753s][info][gc,phases      ] GC(1647) Phase 1: Mark live objects 9.955ms
[77.753s][info][gc,phases,start] GC(1647) Phase 2: Compute new object addresses
[77.758s][info][gc,phases      ] GC(1647) Phase 2: Compute new object addresses 4.916ms
[77.758s][info][gc,phases,start] GC(1647) Phase 3: Adjust pointers
[77.765s][info][gc,phases      ] GC(1647) Phase 3: Adjust pointers 6.365ms
[77.765s][info][gc,phases,start] GC(1647) Phase 4: Move objects
[77.789s][info][gc,phases      ] GC(1647) Phase 4: Move objects 23.701ms
[77.789s][info][gc,heap        ] GC(1647) DefNew: 156623K(157248K)->35601K(157248K) Eden: 139776K(139776K)->35601K(139776K) From: 16847K(17472K)->0K(17472K)
[77.789s][info][gc,heap        ] GC(1647) Tenured: 349480K(349568K)->349474K(349568K)
[77.789s][info][gc,metaspace   ] GC(1647) Metaspace: 31103K(31424K)->31103K(31424K) NonClass: 27849K(27968K)->27849K(27968K) Class: 3254K(3456K)->3254K(3456K)
[77.789s][info][gc             ] GC(1647) Pause Full (Allocation Failure) 494M->376M(494M) 45.416ms
[77.789s][info][gc,cpu         ] GC(1647) User=0.04s Sys=0.00s Real=0.04s
[77.800s][info][gc,start       ] GC(1648) Pause Full (Allocation Failure)
[77.800s][info][gc,phases,start] GC(1648) Phase 1: Mark live objects
[77.809s][info][gc,phases      ] GC(1648) Phase 1: Mark live objects 9.406ms
[77.809s][info][gc,phases,start] GC(1648) Phase 2: Compute new object addresses
[77.814s][info][gc,phases      ] GC(1648) Phase 2: Compute new object addresses 4.912ms
[77.814s][info][gc,phases,start] GC(1648) Phase 3: Adjust pointers
[77.822s][info][gc,phases      ] GC(1648) Phase 3: Adjust pointers 7.169ms
[77.822s][info][gc,phases,start] GC(1648) Phase 4: Move objects
[77.847s][info][gc,phases      ] GC(1648) Phase 4: Move objects 25.092ms
[77.847s][info][gc,heap        ] GC(1648) DefNew: 156463K(157248K)->18518K(157248K) Eden: 139776K(139776K)->18518K(139776K) From: 16687K(17472K)->0K(17472K)
[77.847s][info][gc,heap        ] GC(1648) Tenured: 349474K(349568K)->348986K(349568K)
[77.847s][info][gc,metaspace   ] GC(1648) Metaspace: 31103K(31424K)->31103K(31424K) NonClass: 27849K(27968K)->27849K(27968K) Class: 3254K(3456K)->3254K(3456K)
[77.847s][info][gc             ] GC(1648) Pause Full (Allocation Failure) 494M->358M(494M) 47.041ms
[77.847s][info][gc,cpu         ] GC(1648) User=0.04s Sys=0.00s Real=0.05s
[77.858s][info][gc,start       ] GC(1649) Pause Full (Allocation Failure)
[77.858s][info][gc,phases,start] GC(1649) Phase 1: Mark live objects
[77.868s][info][gc,phases      ] GC(1649) Phase 1: Mark live objects 9.923ms
[77.868s][info][gc,phases,start] GC(1649) Phase 2: Compute new object addresses
[77.872s][info][gc,phases      ] GC(1649) Phase 2: Compute new object addresses 4.683ms
[77.872s][info][gc,phases,start] GC(1649) Phase 3: Adjust pointers
[77.879s][info][gc,phases      ] GC(1649) Phase 3: Adjust pointers 6.688ms
[77.879s][info][gc,phases,start] GC(1649) Phase 4: Move objects
[77.895s][info][gc,phases      ] GC(1649) Phase 4: Move objects 16.057ms
[77.895s][info][gc,heap        ] GC(1649) DefNew: 157077K(157248K)->34561K(157248K) Eden: 139776K(139776K)->34561K(139776K) From: 17301K(17472K)->0K(17472K)
[77.895s][info][gc,heap        ] GC(1649) Tenured: 348986K(349568K)->349473K(349568K)
[77.895s][info][gc,metaspace   ] GC(1649) Metaspace: 31103K(31424K)->31103K(31424K) NonClass: 27849K(27968K)->27849K(27968K) Class: 3254K(3456K)->3254K(3456K)
[77.895s][info][gc             ] GC(1649) Pause Full (Allocation Failure) 494M->375M(494M) 37.776ms
[77.895s][info][gc,cpu         ] GC(1649) User=0.04s Sys=0.00s Real=0.04s
[77.908s][info][gc,start       ] GC(1650) Pause Full (Allocation Failure)
[77.908s][info][gc,phases,start] GC(1650) Phase 1: Mark live objects
[77.918s][info][gc,phases      ] GC(1650) Phase 1: Mark live objects 10.820ms
[77.918s][info][gc,phases,start] GC(1650) Phase 2: Compute new object addresses
[77.923s][info][gc,phases      ] GC(1650) Phase 2: Compute new object addresses 4.829ms
[77.923s][info][gc,phases,start] GC(1650) Phase 3: Adjust pointers
[77.930s][info][gc,phases      ] GC(1650) Phase 3: Adjust pointers 6.902ms
[77.930s][info][gc,phases,start] GC(1650) Phase 4: Move objects
[77.954s][info][gc,phases      ] GC(1650) Phase 4: Move objects 23.725ms
[77.954s][info][gc,heap        ] GC(1650) DefNew: 157168K(157248K)->30611K(157248K) Eden: 139776K(139776K)->30611K(139776K) From: 17392K(17472K)->0K(17472K)
[77.954s][info][gc,heap        ] GC(1650) Tenured: 349473K(349568K)->349481K(349568K)
[77.954s][info][gc,metaspace   ] GC(1650) Metaspace: 31103K(31424K)->31103K(31424K) NonClass: 27849K(27968K)->27849K(27968K) Class: 3254K(3456K)->3254K(3456K)
[77.954s][info][gc             ] GC(1650) Pause Full (Allocation Failure) 494M->371M(494M) 46.785ms
[77.954s][info][gc,cpu         ] GC(1650) User=0.05s Sys=0.00s Real=0.05s
[77.965s][info][gc,start       ] GC(1651) Pause Full (Allocation Failure)
[77.965s][info][gc,phases,start] GC(1651) Phase 1: Mark live objects
[77.975s][info][gc,phases      ] GC(1651) Phase 1: Mark live objects 9.525ms
[77.975s][info][gc,phases,start] GC(1651) Phase 2: Compute new object addresses
[77.979s][info][gc,phases      ] GC(1651) Phase 2: Compute new object addresses 4.744ms
[77.979s][info][gc,phases,start] GC(1651) Phase 3: Adjust pointers
[77.986s][info][gc,phases      ] GC(1651) Phase 3: Adjust pointers 6.788ms
[77.986s][info][gc,phases,start] GC(1651) Phase 4: Move objects
[78.014s][info][gc,phases      ] GC(1651) Phase 4: Move objects 27.631ms
[78.014s][info][gc,heap        ] GC(1651) DefNew: 157025K(157248K)->33290K(157248K) Eden: 139776K(139776K)->33290K(139776K) From: 17249K(17472K)->0K(17472K)
[78.014s][info][gc,heap        ] GC(1651) Tenured: 349481K(349568K)->349443K(349568K)
[78.014s][info][gc,metaspace   ] GC(1651) Metaspace: 31103K(31424K)->31103K(31424K) NonClass: 27849K(27968K)->27849K(27968K) Class: 3254K(3456K)->3254K(3456K)
[78.014s][info][gc             ] GC(1651) Pause Full (Allocation Failure) 494M->373M(494M) 49.331ms
[78.014s][info][gc,cpu         ] GC(1651) User=0.05s Sys=0.00s Real=0.05s
[78.025s][info][gc,start       ] GC(1652) Pause Full (Allocation Failure)
[78.025s][info][gc,phases,start] GC(1652) Phase 1: Mark live objects
[78.035s][info][gc,phases      ] GC(1652) Phase 1: Mark live objects 10.776ms
[78.035s][info][gc,phases,start] GC(1652) Phase 2: Compute new object addresses
[78.041s][info][gc,phases      ] GC(1652) Phase 2: Compute new object addresses 5.165ms
[78.041s][info][gc,phases,start] GC(1652) Phase 3: Adjust pointers
[78.048s][info][gc,phases      ] GC(1652) Phase 3: Adjust pointers 7.709ms
[78.048s][info][gc,phases,start] GC(1652) Phase 4: Move objects
[78.079s][info][gc,phases      ] GC(1652) Phase 4: Move objects 30.534ms
[78.079s][info][gc,heap        ] GC(1652) DefNew: 156456K(157248K)->17787K(157248K) Eden: 139776K(139776K)->17787K(139776K) From: 16680K(17472K)->0K(17472K)
[78.079s][info][gc,heap        ] GC(1652) Tenured: 349443K(349568K)->349312K(349568K)
[78.079s][info][gc,metaspace   ] GC(1652) Metaspace: 31103K(31424K)->31103K(31424K) NonClass: 27849K(27968K)->27849K(27968K) Class: 3254K(3456K)->3254K(3456K)
[78.079s][info][gc             ] GC(1652) Pause Full (Allocation Failure) 494M->358M(494M) 54.673ms
[78.079s][info][gc,cpu         ] GC(1652) User=0.06s Sys=0.00s Real=0.05s
[78.090s][info][gc,start       ] GC(1653) Pause Full (Allocation Failure)
[78.090s][info][gc,phases,start] GC(1653) Phase 1: Mark live objects
[78.101s][info][gc,phases      ] GC(1653) Phase 1: Mark live objects 11.408ms
[78.101s][info][gc,phases,start] GC(1653) Phase 2: Compute new object addresses
[78.106s][info][gc,phases      ] GC(1653) Phase 2: Compute new object addresses 4.963ms
[78.106s][info][gc,phases,start] GC(1653) Phase 3: Adjust pointers
[78.113s][info][gc,phases      ] GC(1653) Phase 3: Adjust pointers 6.257ms
[78.113s][info][gc,phases,start] GC(1653) Phase 4: Move objects
[78.126s][info][gc,phases      ] GC(1653) Phase 4: Move objects 12.935ms
[78.126s][info][gc,heap        ] GC(1653) DefNew: 156471K(157248K)->34291K(157248K) Eden: 139776K(139776K)->34291K(139776K) From: 16695K(17472K)->0K(17472K)
[78.126s][info][gc,heap        ] GC(1653) Tenured: 349312K(349568K)->349474K(349568K)
[78.126s][info][gc,metaspace   ] GC(1653) Metaspace: 31103K(31424K)->31103K(31424K) NonClass: 27849K(27968K)->27849K(27968K) Class: 3254K(3456K)->3254K(3456K)
[78.126s][info][gc             ] GC(1653) Pause Full (Allocation Failure) 493M->374M(494M) 36.018ms
[78.126s][info][gc,cpu         ] GC(1653) User=0.04s Sys=0.00s Real=0.04s
[78.132s][info][gc,start       ] GC(1654) Pause Full (Allocation Failure)
[78.132s][info][gc,phases,start] GC(1654) Phase 1: Mark live objects
[78.144s][info][gc,phases      ] GC(1654) Phase 1: Mark live objects 11.914ms
[78.144s][info][gc,phases,start] GC(1654) Phase 2: Compute new object addresses
[78.149s][info][gc,phases      ] GC(1654) Phase 2: Compute new object addresses 4.359ms
[78.149s][info][gc,phases,start] GC(1654) Phase 3: Adjust pointers
[78.155s][info][gc,phases      ] GC(1654) Phase 3: Adjust pointers 6.451ms
[78.155s][info][gc,phases,start] GC(1654) Phase 4: Move objects
[78.176s][info][gc,phases      ] GC(1654) Phase 4: Move objects 21.337ms
[78.177s][info][gc,heap        ] GC(1654) DefNew: 157028K(157248K)->37905K(157248K) Eden: 139776K(139776K)->37905K(139776K) From: 17252K(17472K)->0K(17472K)
[78.177s][info][gc,heap        ] GC(1654) Tenured: 349474K(349568K)->349474K(349568K)
[78.177s][info][gc,metaspace   ] GC(1654) Metaspace: 31103K(31424K)->31103K(31424K) NonClass: 27849K(27968K)->27849K(27968K) Class: 3254K(3456K)->3254K(3456K)
[78.177s][info][gc             ] GC(1654) Pause Full (Allocation Failure) 494M->378M(494M) 44.567ms
[78.177s][info][gc,cpu         ] GC(1654) User=0.04s Sys=0.00s Real=0.04s
[78.187s][info][gc,start       ] GC(1655) Pause Full (Allocation Failure)
[78.187s][info][gc,phases,start] GC(1655) Phase 1: Mark live objects
[78.196s][info][gc,phases      ] GC(1655) Phase 1: Mark live objects 8.871ms
[78.196s][info][gc,phases,start] GC(1655) Phase 2: Compute new object addresses
[78.201s][info][gc,phases      ] GC(1655) Phase 2: Compute new object addresses 4.582ms
[78.201s][info][gc,phases,start] GC(1655) Phase 3: Adjust pointers
[78.207s][info][gc,phases      ] GC(1655) Phase 3: Adjust pointers 6.390ms
[78.207s][info][gc,phases,start] GC(1655) Phase 4: Move objects
[78.232s][info][gc,phases      ] GC(1655) Phase 4: Move objects 25.048ms
[78.233s][info][gc,heap        ] GC(1655) DefNew: 156375K(157248K)->31708K(157248K) Eden: 139776K(139776K)->31708K(139776K) From: 16599K(17472K)->0K(17472K)
[78.233s][info][gc,heap        ] GC(1655) Tenured: 349474K(349568K)->349474K(349568K)
[78.233s][info][gc,metaspace   ] GC(1655) Metaspace: 31103K(31424K)->31103K(31424K) NonClass: 27849K(27968K)->27849K(27968K) Class: 3254K(3456K)->3254K(3456K)
[78.233s][info][gc             ] GC(1655) Pause Full (Allocation Failure) 493M->372M(494M) 45.311ms
[78.233s][info][gc,cpu         ] GC(1655) User=0.05s Sys=0.00s Real=0.05s
[78.243s][info][gc,start       ] GC(1656) Pause Full (Allocation Failure)
[78.243s][info][gc,phases,start] GC(1656) Phase 1: Mark live objects
[78.253s][info][gc,phases      ] GC(1656) Phase 1: Mark live objects 10.160ms
[78.253s][info][gc,phases,start] GC(1656) Phase 2: Compute new object addresses
[78.259s][info][gc,phases      ] GC(1656) Phase 2: Compute new object addresses 5.760ms
[78.259s][info][gc,phases,start] GC(1656) Phase 3: Adjust pointers
[78.267s][info][gc,phases      ] GC(1656) Phase 3: Adjust pointers 8.067ms
[78.267s][info][gc,phases,start] GC(1656) Phase 4: Move objects
[78.297s][info][gc,phases      ] GC(1656) Phase 4: Move objects 29.982ms
[78.297s][info][gc,heap        ] GC(1656) DefNew: 156265K(157248K)->16230K(157248K) Eden: 139776K(139776K)->16230K(139776K) From: 16489K(17472K)->0K(17472K)
[78.297s][info][gc,heap        ] GC(1656) Tenured: 349474K(349568K)->349562K(349568K)
[78.297s][info][gc,metaspace   ] GC(1656) Metaspace: 31103K(31424K)->31103K(31424K) NonClass: 27849K(27968K)->27849K(27968K) Class: 3254K(3456K)->3254K(3456K)
[78.297s][info][gc             ] GC(1656) Pause Full (Allocation Failure) 493M->357M(494M) 54.449ms
[78.297s][info][gc,cpu         ] GC(1656) User=0.05s Sys=0.00s Real=0.05s
[78.308s][info][gc,start       ] GC(1657) Pause Full (Allocation Failure)
[78.308s][info][gc,phases,start] GC(1657) Phase 1: Mark live objects
[78.317s][info][gc,phases      ] GC(1657) Phase 1: Mark live objects 9.454ms
[78.317s][info][gc,phases,start] GC(1657) Phase 2: Compute new object addresses
[78.322s][info][gc,phases      ] GC(1657) Phase 2: Compute new object addresses 4.858ms
[78.322s][info][gc,phases,start] GC(1657) Phase 3: Adjust pointers
[78.329s][info][gc,phases      ] GC(1657) Phase 3: Adjust pointers 6.622ms
[78.329s][info][gc,phases,start] GC(1657) Phase 4: Move objects
[78.342s][info][gc,phases      ] GC(1657) Phase 4: Move objects 12.888ms
[78.342s][info][gc,heap        ] GC(1657) DefNew: 156804K(157248K)->34200K(157248K) Eden: 139776K(139776K)->34200K(139776K) From: 17028K(17472K)->0K(17472K)
[78.342s][info][gc,heap        ] GC(1657) Tenured: 349562K(349568K)->349478K(349568K)
[78.342s][info][gc,metaspace   ] GC(1657) Metaspace: 31103K(31424K)->31103K(31424K) NonClass: 27849K(27968K)->27849K(27968K) Class: 3254K(3456K)->3254K(3456K)
[78.342s][info][gc             ] GC(1657) Pause Full (Allocation Failure) 494M->374M(494M) 34.295ms
[78.342s][info][gc,cpu         ] GC(1657) User=0.03s Sys=0.00s Real=0.03s
[78.351s][info][gc,start       ] GC(1658) Pause Full (Allocation Failure)
[78.351s][info][gc,phases,start] GC(1658) Phase 1: Mark live objects
[78.363s][info][gc,phases      ] GC(1658) Phase 1: Mark live objects 11.837ms
[78.363s][info][gc,phases,start] GC(1658) Phase 2: Compute new object addresses
[78.368s][info][gc,phases      ] GC(1658) Phase 2: Compute new object addresses 4.878ms
[78.368s][info][gc,phases,start] GC(1658) Phase 3: Adjust pointers
[78.374s][info][gc,phases      ] GC(1658) Phase 3: Adjust pointers 6.613ms
[78.374s][info][gc,phases,start] GC(1658) Phase 4: Move objects
[78.398s][info][gc,phases      ] GC(1658) Phase 4: Move objects 23.374ms
[78.398s][info][gc,heap        ] GC(1658) DefNew: 157173K(157248K)->35601K(157248K) Eden: 139776K(139776K)->35601K(139776K) From: 17397K(17472K)->0K(17472K)
[78.398s][info][gc,heap        ] GC(1658) Tenured: 349478K(349568K)->349441K(349568K)
[78.398s][info][gc,metaspace   ] GC(1658) Metaspace: 31103K(31424K)->31103K(31424K) NonClass: 27849K(27968K)->27849K(27968K) Class: 3254K(3456K)->3254K(3456K)
[78.398s][info][gc             ] GC(1658) Pause Full (Allocation Failure) 494M->376M(494M) 47.167ms
[78.398s][info][gc,cpu         ] GC(1658) User=0.04s Sys=0.00s Real=0.04s
[78.409s][info][gc,start       ] GC(1659) Pause Full (Allocation Failure)
[78.409s][info][gc,phases,start] GC(1659) Phase 1: Mark live objects
[78.419s][info][gc,phases      ] GC(1659) Phase 1: Mark live objects 10.186ms
[78.419s][info][gc,phases,start] GC(1659) Phase 2: Compute new object addresses
[78.424s][info][gc,phases      ] GC(1659) Phase 2: Compute new object addresses 4.767ms
[78.424s][info][gc,phases,start] GC(1659) Phase 3: Adjust pointers
[78.431s][info][gc,phases      ] GC(1659) Phase 3: Adjust pointers 6.949ms
[78.431s][info][gc,phases,start] GC(1659) Phase 4: Move objects
[78.455s][info][gc,phases      ] GC(1659) Phase 4: Move objects 24.025ms
[78.455s][info][gc,heap        ] GC(1659) DefNew: 156640K(157248K)->24227K(157248K) Eden: 139776K(139776K)->24227K(139776K) From: 16864K(17472K)->0K(17472K)
[78.455s][info][gc,heap        ] GC(1659) Tenured: 349441K(349568K)->349555K(349568K)
[78.455s][info][gc,metaspace   ] GC(1659) Metaspace: 31103K(31424K)->31103K(31424K) NonClass: 27849K(27968K)->27849K(27968K) Class: 3254K(3456K)->3254K(3456K)
[78.455s][info][gc             ] GC(1659) Pause Full (Allocation Failure) 494M->365M(494M) 46.369ms
[78.455s][info][gc,cpu         ] GC(1659) User=0.05s Sys=0.00s Real=0.05s
[78.465s][info][gc,start       ] GC(1660) Pause Full (Allocation Failure)
[78.465s][info][gc,phases,start] GC(1660) Phase 1: Mark live objects
[78.474s][info][gc,phases      ] GC(1660) Phase 1: Mark live objects 8.912ms
[78.474s][info][gc,phases,start] GC(1660) Phase 2: Compute new object addresses
[78.479s][info][gc,phases      ] GC(1660) Phase 2: Compute new object addresses 4.348ms
[78.479s][info][gc,phases,start] GC(1660) Phase 3: Adjust pointers
[78.484s][info][gc,phases      ] GC(1660) Phase 3: Adjust pointers 5.664ms
[78.484s][info][gc,phases,start] GC(1660) Phase 4: Move objects
[78.509s][info][gc,phases      ] GC(1660) Phase 4: Move objects 24.826ms
[78.509s][info][gc,heap        ] GC(1660) DefNew: 157179K(157248K)->11679K(157248K) Eden: 139776K(139776K)->11679K(139776K) From: 17403K(17472K)->0K(17472K)
[78.509s][info][gc,heap        ] GC(1660) Tenured: 349555K(349568K)->349474K(349568K)
[78.509s][info][gc,metaspace   ] GC(1660) Metaspace: 31103K(31424K)->31103K(31424K) NonClass: 27849K(27968K)->27849K(27968K) Class: 3254K(3456K)->3254K(3456K)
[78.509s][info][gc             ] GC(1660) Pause Full (Allocation Failure) 494M->352M(494M) 44.153ms
[78.509s][info][gc,cpu         ] GC(1660) User=0.04s Sys=0.00s Real=0.04s
[78.520s][info][gc,start       ] GC(1661) Pause Full (Allocation Failure)
[78.520s][info][gc,phases,start] GC(1661) Phase 1: Mark live objects
[78.530s][info][gc,phases      ] GC(1661) Phase 1: Mark live objects 9.955ms
[78.530s][info][gc,phases,start] GC(1661) Phase 2: Compute new object addresses
[78.535s][info][gc,phases      ] GC(1661) Phase 2: Compute new object addresses 4.609ms
[78.535s][info][gc,phases,start] GC(1661) Phase 3: Adjust pointers
[78.541s][info][gc,phases      ] GC(1661) Phase 3: Adjust pointers 6.024ms
[78.541s][info][gc,phases,start] GC(1661) Phase 4: Move objects
[78.556s][info][gc,phases      ] GC(1661) Phase 4: Move objects 14.914ms
[78.556s][info][gc,heap        ] GC(1661) DefNew: 156570K(157248K)->25772K(157248K) Eden: 139776K(139776K)->25772K(139776K) From: 16794K(17472K)->0K(17472K)
[78.556s][info][gc,heap        ] GC(1661) Tenured: 349474K(349568K)->349557K(349568K)
[78.556s][info][gc,metaspace   ] GC(1661) Metaspace: 31103K(31424K)->31103K(31424K) NonClass: 27849K(27968K)->27849K(27968K) Class: 3254K(3456K)->3254K(3456K)
[78.556s][info][gc             ] GC(1661) Pause Full (Allocation Failure) 494M->366M(494M) 35.968ms
[78.556s][info][gc,cpu         ] GC(1661) User=0.04s Sys=0.00s Real=0.04s
[78.567s][info][gc,start       ] GC(1662) Pause Full (Allocation Failure)
[78.567s][info][gc,phases,start] GC(1662) Phase 1: Mark live objects
[78.576s][info][gc,phases      ] GC(1662) Phase 1: Mark live objects 9.646ms
[78.577s][info][gc,phases,start] GC(1662) Phase 2: Compute new object addresses
[78.583s][info][gc,phases      ] GC(1662) Phase 2: Compute new object addresses 6.435ms
[78.583s][info][gc,phases,start] GC(1662) Phase 3: Adjust pointers
[78.591s][info][gc,phases      ] GC(1662) Phase 3: Adjust pointers 7.454ms
[78.591s][info][gc,phases,start] GC(1662) Phase 4: Move objects
[78.616s][info][gc,phases      ] GC(1662) Phase 4: Move objects 25.328ms
[78.616s][info][gc,heap        ] GC(1662) DefNew: 157010K(157248K)->27530K(157248K) Eden: 139776K(139776K)->27530K(139776K) From: 17234K(17472K)->0K(17472K)
[78.616s][info][gc,heap        ] GC(1662) Tenured: 349557K(349568K)->349479K(349568K)
[78.616s][info][gc,metaspace   ] GC(1662) Metaspace: 31103K(31424K)->31103K(31424K) NonClass: 27849K(27968K)->27849K(27968K) Class: 3254K(3456K)->3254K(3456K)
[78.616s][info][gc             ] GC(1662) Pause Full (Allocation Failure) 494M->368M(494M) 49.428ms
[78.616s][info][gc,cpu         ] GC(1662) User=0.05s Sys=0.00s Real=0.05s
[78.623s][info][gc,start       ] GC(1663) Pause Full (Allocation Failure)
[78.623s][info][gc,phases,start] GC(1663) Phase 1: Mark live objects
[78.633s][info][gc,phases      ] GC(1663) Phase 1: Mark live objects 10.448ms
[78.633s][info][gc,phases,start] GC(1663) Phase 2: Compute new object addresses
[78.638s][info][gc,phases      ] GC(1663) Phase 2: Compute new object addresses 5.014ms
[78.638s][info][gc,phases,start] GC(1663) Phase 3: Adjust pointers
[78.645s][info][gc,phases      ] GC(1663) Phase 3: Adjust pointers 7.027ms
[78.645s][info][gc,phases,start] GC(1663) Phase 4: Move objects
[78.672s][info][gc,phases      ] GC(1663) Phase 4: Move objects 26.520ms
[78.672s][info][gc,heap        ] GC(1663) DefNew: 157030K(157248K)->21972K(157248K) Eden: 139776K(139776K)->21972K(139776K) From: 17254K(17472K)->0K(17472K)
[78.672s][info][gc,heap        ] GC(1663) Tenured: 349479K(349568K)->348948K(349568K)
[78.672s][info][gc,metaspace   ] GC(1663) Metaspace: 31103K(31424K)->31103K(31424K) NonClass: 27849K(27968K)->27849K(27968K) Class: 3254K(3456K)->3254K(3456K)
[78.672s][info][gc             ] GC(1663) Pause Full (Allocation Failure) 494M->362M(494M) 49.564ms
[78.672s][info][gc,cpu         ] GC(1663) User=0.05s Sys=0.00s Real=0.05s
[78.683s][info][gc,start       ] GC(1664) Pause Full (Allocation Failure)
[78.683s][info][gc,phases,start] GC(1664) Phase 1: Mark live objects
[78.693s][info][gc,phases      ] GC(1664) Phase 1: Mark live objects 9.960ms
[78.693s][info][gc,phases,start] GC(1664) Phase 2: Compute new object addresses
[78.698s][info][gc,phases      ] GC(1664) Phase 2: Compute new object addresses 5.038ms
[78.698s][info][gc,phases,start] GC(1664) Phase 3: Adjust pointers
[78.705s][info][gc,phases      ] GC(1664) Phase 3: Adjust pointers 6.576ms
[78.705s][info][gc,phases,start] GC(1664) Phase 4: Move objects
[78.730s][info][gc,phases      ] GC(1664) Phase 4: Move objects 24.705ms
[78.730s][info][gc,heap        ] GC(1664) DefNew: 157139K(157248K)->9304K(157248K) Eden: 139776K(139776K)->9304K(139776K) From: 17363K(17472K)->0K(17472K)
[78.730s][info][gc,heap        ] GC(1664) Tenured: 349461K(349568K)->349500K(349568K)
[78.730s][info][gc,metaspace   ] GC(1664) Metaspace: 31103K(31424K)->31103K(31424K) NonClass: 27849K(27968K)->27849K(27968K) Class: 3254K(3456K)->3254K(3456K)
[78.730s][info][gc             ] GC(1664) Pause Full (Allocation Failure) 494M->350M(494M) 46.740ms
[78.730s][info][gc,cpu         ] GC(1664) User=0.05s Sys=0.00s Real=0.04s
[78.741s][info][gc,start       ] GC(1665) Pause Full (Allocation Failure)
[78.741s][info][gc,phases,start] GC(1665) Phase 1: Mark live objects
[78.751s][info][gc,phases      ] GC(1665) Phase 1: Mark live objects 10.131ms
[78.751s][info][gc,phases,start] GC(1665) Phase 2: Compute new object addresses
[78.757s][info][gc,phases      ] GC(1665) Phase 2: Compute new object addresses 5.269ms
[78.757s][info][gc,phases,start] GC(1665) Phase 3: Adjust pointers
[78.764s][info][gc,phases      ] GC(1665) Phase 3: Adjust pointers 6.770ms
[78.764s][info][gc,phases,start] GC(1665) Phase 4: Move objects
[78.777s][info][gc,phases      ] GC(1665) Phase 4: Move objects 13.634ms
[78.777s][info][gc,heap        ] GC(1665) DefNew: 156822K(157248K)->31504K(157248K) Eden: 139776K(139776K)->31504K(139776K) From: 17046K(17472K)->0K(17472K)
[78.777s][info][gc,heap        ] GC(1665) Tenured: 349500K(349568K)->349435K(349568K)
[78.777s][info][gc,metaspace   ] GC(1665) Metaspace: 31103K(31424K)->31103K(31424K) NonClass: 27849K(27968K)->27849K(27968K) Class: 3254K(3456K)->3254K(3456K)
[78.777s][info][gc             ] GC(1665) Pause Full (Allocation Failure) 494M->372M(494M) 36.219ms
[78.777s][info][gc,cpu         ] GC(1665) User=0.04s Sys=0.00s Real=0.04s
[78.788s][info][gc,start       ] GC(1666) Pause Full (Allocation Failure)
[78.788s][info][gc,phases,start] GC(1666) Phase 1: Mark live objects
[78.797s][info][gc,phases      ] GC(1666) Phase 1: Mark live objects 9.344ms
[78.797s][info][gc,phases,start] GC(1666) Phase 2: Compute new object addresses
[78.802s][info][gc,phases      ] GC(1666) Phase 2: Compute new object addresses 4.357ms
[78.802s][info][gc,phases,start] GC(1666) Phase 3: Adjust pointers
[78.808s][info][gc,phases      ] GC(1666) Phase 3: Adjust pointers 6.563ms
[78.808s][info][gc,phases,start] GC(1666) Phase 4: Move objects
[78.836s][info][gc,phases      ] GC(1666) Phase 4: Move objects 28.117ms
[78.837s][info][gc,heap        ] GC(1666) DefNew: 157074K(157248K)->28808K(157248K) Eden: 139776K(139776K)->28808K(139776K) From: 17298K(17472K)->0K(17472K)
[78.837s][info][gc,heap        ] GC(1666) Tenured: 349435K(349568K)->349479K(349568K)
[78.837s][info][gc,metaspace   ] GC(1666) Metaspace: 31103K(31424K)->31103K(31424K) NonClass: 27849K(27968K)->27849K(27968K) Class: 3254K(3456K)->3254K(3456K)
[78.837s][info][gc             ] GC(1666) Pause Full (Allocation Failure) 494M->369M(494M) 48.846ms
[78.837s][info][gc,cpu         ] GC(1666) User=0.05s Sys=0.00s Real=0.05s
[78.848s][info][gc,start       ] GC(1667) Pause Full (Allocation Failure)
[78.848s][info][gc,phases,start] GC(1667) Phase 1: Mark live objects
[78.858s][info][gc,phases      ] GC(1667) Phase 1: Mark live objects 10.824ms
[78.859s][info][gc,phases,start] GC(1667) Phase 2: Compute new object addresses
[78.863s][info][gc,phases      ] GC(1667) Phase 2: Compute new object addresses 4.936ms
[78.863s][info][gc,phases,start] GC(1667) Phase 3: Adjust pointers
[78.870s][info][gc,phases      ] GC(1667) Phase 3: Adjust pointers 6.830ms
[78.870s][info][gc,phases,start] GC(1667) Phase 4: Move objects
[78.894s][info][gc,phases      ] GC(1667) Phase 4: Move objects 23.900ms
[78.894s][info][gc,heap        ] GC(1667) DefNew: 156800K(157248K)->29412K(157248K) Eden: 139776K(139776K)->29412K(139776K) From: 17024K(17472K)->0K(17472K)
[78.895s][info][gc,heap        ] GC(1667) Tenured: 349479K(349568K)->349473K(349568K)
[78.895s][info][gc,metaspace   ] GC(1667) Metaspace: 31103K(31424K)->31103K(31424K) NonClass: 27849K(27968K)->27849K(27968K) Class: 3254K(3456K)->3254K(3456K)
[78.895s][info][gc             ] GC(1667) Pause Full (Allocation Failure) 494M->370M(494M) 46.975ms
[78.895s][info][gc,cpu         ] GC(1667) User=0.04s Sys=0.00s Real=0.05s
[78.905s][info][gc,start       ] GC(1668) Pause Full (Allocation Failure)
[78.905s][info][gc,phases,start] GC(1668) Phase 1: Mark live objects
[78.915s][info][gc,phases      ] GC(1668) Phase 1: Mark live objects 9.904ms
[78.915s][info][gc,phases,start] GC(1668) Phase 2: Compute new object addresses
[78.920s][info][gc,phases      ] GC(1668) Phase 2: Compute new object addresses 5.097ms
[78.920s][info][gc,phases,start] GC(1668) Phase 3: Adjust pointers
[78.928s][info][gc,phases      ] GC(1668) Phase 3: Adjust pointers 7.849ms
[78.928s][info][gc,phases,start] GC(1668) Phase 4: Move objects
[78.955s][info][gc,phases      ] GC(1668) Phase 4: Move objects 26.807ms
[78.955s][info][gc,heap        ] GC(1668) DefNew: 156279K(157248K)->10037K(157248K) Eden: 139776K(139776K)->10037K(139776K) From: 16503K(17472K)->0K(17472K)
[78.955s][info][gc,heap        ] GC(1668) Tenured: 349473K(349568K)->349494K(349568K)
[78.955s][info][gc,metaspace   ] GC(1668) Metaspace: 31103K(31424K)->31103K(31424K) NonClass: 27849K(27968K)->27849K(27968K) Class: 3254K(3456K)->3254K(3456K)
[78.955s][info][gc             ] GC(1668) Pause Full (Allocation Failure) 493M->351M(494M) 50.168ms
[78.955s][info][gc,cpu         ] GC(1668) User=0.05s Sys=0.00s Real=0.05s
[78.966s][info][gc,start       ] GC(1669) Pause Full (Allocation Failure)
[78.966s][info][gc,phases,start] GC(1669) Phase 1: Mark live objects
[78.975s][info][gc,phases      ] GC(1669) Phase 1: Mark live objects 9.220ms
[78.975s][info][gc,phases,start] GC(1669) Phase 2: Compute new object addresses
[78.983s][info][gc,phases      ] GC(1669) Phase 2: Compute new object addresses 7.776ms
[78.983s][info][gc,phases,start] GC(1669) Phase 3: Adjust pointers
[78.992s][info][gc,phases      ] GC(1669) Phase 3: Adjust pointers 9.704ms
[78.992s][info][gc,phases,start] GC(1669) Phase 4: Move objects
[79.010s][info][gc,phases      ] GC(1669) Phase 4: Move objects 17.495ms
[79.010s][info][gc,heap        ] GC(1669) DefNew: 157032K(157248K)->27869K(157248K) Eden: 139776K(139776K)->27869K(139776K) From: 17256K(17472K)->0K(17472K)
[79.010s][info][gc,heap        ] GC(1669) Tenured: 349494K(349568K)->349476K(349568K)
[79.010s][info][gc,metaspace   ] GC(1669) Metaspace: 31103K(31424K)->31103K(31424K) NonClass: 27849K(27968K)->27849K(27968K) Class: 3254K(3456K)->3254K(3456K)
[79.010s][info][gc             ] GC(1669) Pause Full (Allocation Failure) 494M->368M(494M) 44.795ms
[79.010s][info][gc,cpu         ] GC(1669) User=0.05s Sys=0.00s Real=0.05s
[79.024s][info][gc,start       ] GC(1670) Pause Full (Allocation Failure)
[79.025s][info][gc,phases,start] GC(1670) Phase 1: Mark live objects
[79.034s][info][gc,phases      ] GC(1670) Phase 1: Mark live objects 9.934ms
[79.035s][info][gc,phases,start] GC(1670) Phase 2: Compute new object addresses
[79.039s][info][gc,phases      ] GC(1670) Phase 2: Compute new object addresses 4.478ms
[79.039s][info][gc,phases,start] GC(1670) Phase 3: Adjust pointers
[79.046s][info][gc,phases      ] GC(1670) Phase 3: Adjust pointers 6.495ms
[79.046s][info][gc,phases,start] GC(1670) Phase 4: Move objects
[79.072s][info][gc,phases      ] GC(1670) Phase 4: Move objects 26.608ms
[79.072s][info][gc,heap        ] GC(1670) DefNew: 157225K(157248K)->24449K(157248K) Eden: 139776K(139776K)->24449K(139776K) From: 17449K(17472K)->0K(17472K)
[79.072s][info][gc,heap        ] GC(1670) Tenured: 349476K(349568K)->349472K(349568K)
[79.072s][info][gc,metaspace   ] GC(1670) Metaspace: 31103K(31424K)->31103K(31424K) NonClass: 27849K(27968K)->27849K(27968K) Class: 3254K(3456K)->3254K(3456K)
[79.072s][info][gc             ] GC(1670) Pause Full (Allocation Failure) 494M->365M(494M) 48.007ms
[79.073s][info][gc,cpu         ] GC(1670) User=0.04s Sys=0.00s Real=0.05s
[79.083s][info][gc,start       ] GC(1671) Pause Full (Allocation Failure)
[79.083s][info][gc,phases,start] GC(1671) Phase 1: Mark live objects
[79.094s][info][gc,phases      ] GC(1671) Phase 1: Mark live objects 10.453ms
[79.094s][info][gc,phases,start] GC(1671) Phase 2: Compute new object addresses
[79.099s][info][gc,phases      ] GC(1671) Phase 2: Compute new object addresses 5.467ms
[79.099s][info][gc,phases,start] GC(1671) Phase 3: Adjust pointers
[79.107s][info][gc,phases      ] GC(1671) Phase 3: Adjust pointers 7.927ms
[79.107s][info][gc,phases,start] GC(1671) Phase 4: Move objects
[79.132s][info][gc,phases      ] GC(1671) Phase 4: Move objects 25.316ms
[79.133s][info][gc,heap        ] GC(1671) DefNew: 157061K(157248K)->26074K(157248K) Eden: 139776K(139776K)->26074K(139776K) From: 17285K(17472K)->0K(17472K)
[79.133s][info][gc,heap        ] GC(1671) Tenured: 349472K(349568K)->349473K(349568K)
[79.133s][info][gc,metaspace   ] GC(1671) Metaspace: 31103K(31424K)->31103K(31424K) NonClass: 27849K(27968K)->27849K(27968K) Class: 3254K(3456K)->3254K(3456K)
[79.133s][info][gc             ] GC(1671) Pause Full (Allocation Failure) 494M->366M(494M) 49.680ms
[79.133s][info][gc,cpu         ] GC(1671) User=0.05s Sys=0.00s Real=0.05s
[79.141s][info][gc,start       ] GC(1672) Pause Full (Allocation Failure)
[79.141s][info][gc,phases,start] GC(1672) Phase 1: Mark live objects
[79.152s][info][gc,phases      ] GC(1672) Phase 1: Mark live objects 11.086ms
[79.152s][info][gc,phases,start] GC(1672) Phase 2: Compute new object addresses
[79.157s][info][gc,phases      ] GC(1672) Phase 2: Compute new object addresses 5.040ms
[79.158s][info][gc,phases,start] GC(1672) Phase 3: Adjust pointers
[79.165s][info][gc,phases      ] GC(1672) Phase 3: Adjust pointers 7.555ms
[79.165s][info][gc,phases,start] GC(1672) Phase 4: Move objects
[79.195s][info][gc,phases      ] GC(1672) Phase 4: Move objects 29.895ms
[79.195s][info][gc,heap        ] GC(1672) DefNew: 157206K(157248K)->9795K(157248K) Eden: 139776K(139776K)->9795K(139776K) From: 17430K(17472K)->0K(17472K)
[79.195s][info][gc,heap        ] GC(1672) Tenured: 349473K(349568K)->349335K(349568K)
[79.195s][info][gc,metaspace   ] GC(1672) Metaspace: 31103K(31424K)->31103K(31424K) NonClass: 27849K(27968K)->27849K(27968K) Class: 3254K(3456K)->3254K(3456K)
[79.195s][info][gc             ] GC(1672) Pause Full (Allocation Failure) 494M->350M(494M) 54.099ms
[79.195s][info][gc,cpu         ] GC(1672) User=0.05s Sys=0.00s Real=0.06s
[79.206s][info][gc,start       ] GC(1673) Pause Full (Allocation Failure)
[79.206s][info][gc,phases,start] GC(1673) Phase 1: Mark live objects
[79.220s][info][gc,phases      ] GC(1673) Phase 1: Mark live objects 13.831ms
[79.220s][info][gc,phases,start] GC(1673) Phase 2: Compute new object addresses
[79.226s][info][gc,phases      ] GC(1673) Phase 2: Compute new object addresses 5.783ms
[79.226s][info][gc,phases,start] GC(1673) Phase 3: Adjust pointers
[79.235s][info][gc,phases      ] GC(1673) Phase 3: Adjust pointers 9.579ms
[79.235s][info][gc,phases,start] GC(1673) Phase 4: Move objects
[79.256s][info][gc,phases      ] GC(1673) Phase 4: Move objects 20.422ms
[79.256s][info][gc,heap        ] GC(1673) DefNew: 157248K(157248K)->25595K(157248K) Eden: 139776K(139776K)->25595K(139776K) From: 17472K(17472K)->0K(17472K)
[79.256s][info][gc,heap        ] GC(1673) Tenured: 349336K(349568K)->348694K(349568K)
[79.256s][info][gc,metaspace   ] GC(1673) Metaspace: 31103K(31424K)->31103K(31424K) NonClass: 27849K(27968K)->27849K(27968K) Class: 3254K(3456K)->3254K(3456K)
[79.256s][info][gc             ] GC(1673) Pause Full (Allocation Failure) 494M->365M(494M) 50.215ms
[79.256s][info][gc,cpu         ] GC(1673) User=0.05s Sys=0.00s Real=0.05s
[79.273s][info][gc,start       ] GC(1674) Pause Full (Allocation Failure)
[79.273s][info][gc,phases,start] GC(1674) Phase 1: Mark live objects
[79.288s][info][gc,phases      ] GC(1674) Phase 1: Mark live objects 14.800ms
[79.288s][info][gc,phases,start] GC(1674) Phase 2: Compute new object addresses
[79.294s][info][gc,phases      ] GC(1674) Phase 2: Compute new object addresses 5.840ms
[79.294s][info][gc,phases,start] GC(1674) Phase 3: Adjust pointers
[79.305s][info][gc,phases      ] GC(1674) Phase 3: Adjust pointers 10.829ms
[79.305s][info][gc,phases,start] GC(1674) Phase 4: Move objects
[79.344s][info][gc,phases      ] GC(1674) Phase 4: Move objects 39.643ms
[79.345s][info][gc,heap        ] GC(1674) DefNew: 157247K(157248K)->1034K(157248K) Eden: 139776K(139776K)->1034K(139776K) From: 17471K(17472K)->0K(17472K)
[79.345s][info][gc,heap        ] GC(1674) Tenured: 349568K(349568K)->349347K(349568K)
[79.345s][info][gc,metaspace   ] GC(1674) Metaspace: 31103K(31424K)->31103K(31424K) NonClass: 27849K(27968K)->27849K(27968K) Class: 3254K(3456K)->3254K(3456K)
[79.345s][info][gc             ] GC(1674) Pause Full (Allocation Failure) 494M->342M(494M) 71.768ms
[79.345s][info][gc,cpu         ] GC(1674) User=0.07s Sys=0.00s Real=0.07s
[79.354s][info][gc,start       ] GC(1675) Pause Full (Allocation Failure)
[79.354s][info][gc,phases,start] GC(1675) Phase 1: Mark live objects
[79.370s][info][gc,phases      ] GC(1675) Phase 1: Mark live objects 15.632ms
[79.370s][info][gc,phases,start] GC(1675) Phase 2: Compute new object addresses
[79.376s][info][gc,phases      ] GC(1675) Phase 2: Compute new object addresses 6.653ms
[79.376s][info][gc,phases,start] GC(1675) Phase 3: Adjust pointers
[79.386s][info][gc,phases      ] GC(1675) Phase 3: Adjust pointers 9.564ms
[79.386s][info][gc,phases,start] GC(1675) Phase 4: Move objects
[79.402s][info][gc,phases      ] GC(1675) Phase 4: Move objects 16.132ms
[79.402s][info][gc,heap        ] GC(1675) DefNew: 157012K(157248K)->24708K(157248K) Eden: 139776K(139776K)->24708K(139776K) From: 17236K(17472K)->0K(17472K)
[79.402s][info][gc,heap        ] GC(1675) Tenured: 349347K(349568K)->348685K(349568K)
[79.402s][info][gc,metaspace   ] GC(1675) Metaspace: 31103K(31424K)->31103K(31424K) NonClass: 27849K(27968K)->27849K(27968K) Class: 3254K(3456K)->3254K(3456K)
[79.402s][info][gc             ] GC(1675) Pause Full (Allocation Failure) 494M->364M(494M) 48.603ms
[79.403s][info][gc,cpu         ] GC(1675) User=0.05s Sys=0.00s Real=0.05s
[79.413s][info][gc,start       ] GC(1676) Pause Full (Allocation Failure)
[79.413s][info][gc,phases,start] GC(1676) Phase 1: Mark live objects
[79.430s][info][gc,phases      ] GC(1676) Phase 1: Mark live objects 16.361ms
[79.430s][info][gc,phases,start] GC(1676) Phase 2: Compute new object addresses
[79.437s][info][gc,phases      ] GC(1676) Phase 2: Compute new object addresses 7.520ms
[79.437s][info][gc,phases,start] GC(1676) Phase 3: Adjust pointers
[79.448s][info][gc,phases      ] GC(1676) Phase 3: Adjust pointers 10.803ms
[79.448s][info][gc,phases,start] GC(1676) Phase 4: Move objects
[79.487s][info][gc,phases      ] GC(1676) Phase 4: Move objects 38.751ms
[79.487s][info][gc,heap        ] GC(1676) DefNew: 156462K(157248K)->4100K(157248K) Eden: 139776K(139776K)->4100K(139776K) From: 16686K(17472K)->0K(17472K)
[79.487s][info][gc,heap        ] GC(1676) Tenured: 348685K(349568K)->348838K(349568K)
[79.487s][info][gc,metaspace   ] GC(1676) Metaspace: 31103K(31424K)->31103K(31424K) NonClass: 27849K(27968K)->27849K(27968K) Class: 3254K(3456K)->3254K(3456K)
[79.487s][info][gc             ] GC(1676) Pause Full (Allocation Failure) 493M->344M(494M) 74.104ms
[79.487s][info][gc,cpu         ] GC(1676) User=0.07s Sys=0.00s Real=0.07s
[79.500s][info][gc,start       ] GC(1677) Pause Full (Allocation Failure)
[79.500s][info][gc,phases,start] GC(1677) Phase 1: Mark live objects
[79.516s][info][gc,phases      ] GC(1677) Phase 1: Mark live objects 15.309ms
[79.516s][info][gc,phases,start] GC(1677) Phase 2: Compute new object addresses
[79.522s][info][gc,phases      ] GC(1677) Phase 2: Compute new object addresses 6.461ms
[79.522s][info][gc,phases,start] GC(1677) Phase 3: Adjust pointers
[79.530s][info][gc,phases      ] GC(1677) Phase 3: Adjust pointers 7.635ms
[79.530s][info][gc,phases,start] GC(1677) Phase 4: Move objects
[79.541s][info][gc,phases      ] GC(1677) Phase 4: Move objects 11.282ms
[79.541s][info][gc,heap        ] GC(1677) DefNew: 157242K(157248K)->22403K(157248K) Eden: 139776K(139776K)->22403K(139776K) From: 17466K(17472K)->0K(17472K)
[79.541s][info][gc,heap        ] GC(1677) Tenured: 348838K(349568K)->349317K(349568K)
[79.541s][info][gc,metaspace   ] GC(1677) Metaspace: 31103K(31424K)->31103K(31424K) NonClass: 27849K(27968K)->27849K(27968K) Class: 3254K(3456K)->3254K(3456K)
[79.541s][info][gc             ] GC(1677) Pause Full (Allocation Failure) 494M->363M(494M) 41.246ms
[79.542s][info][gc,cpu         ] GC(1677) User=0.05s Sys=0.00s Real=0.04s
[79.552s][info][gc,start       ] GC(1678) Pause Full (Allocation Failure)
[79.552s][info][gc,phases,start] GC(1678) Phase 1: Mark live objects
[79.561s][info][gc,phases      ] GC(1678) Phase 1: Mark live objects 9.082ms
[79.562s][info][gc,phases,start] GC(1678) Phase 2: Compute new object addresses
[79.566s][info][gc,phases      ] GC(1678) Phase 2: Compute new object addresses 4.586ms
[79.566s][info][gc,phases,start] GC(1678) Phase 3: Adjust pointers
[79.572s][info][gc,phases      ] GC(1678) Phase 3: Adjust pointers 6.239ms
[79.572s][info][gc,phases,start] GC(1678) Phase 4: Move objects
[79.596s][info][gc,phases      ] GC(1678) Phase 4: Move objects 23.704ms
[79.596s][info][gc,heap        ] GC(1678) DefNew: 157126K(157248K)->3587K(157248K) Eden: 139776K(139776K)->3587K(139776K) From: 17350K(17472K)->0K(17472K)
[79.596s][info][gc,heap        ] GC(1678) Tenured: 349317K(349568K)->349274K(349568K)
[79.596s][info][gc,metaspace   ] GC(1678) Metaspace: 31103K(31424K)->31103K(31424K) NonClass: 27849K(27968K)->27849K(27968K) Class: 3254K(3456K)->3254K(3456K)
[79.596s][info][gc             ] GC(1678) Pause Full (Allocation Failure) 494M->344M(494M) 44.081ms
[79.596s][info][gc,cpu         ] GC(1678) User=0.04s Sys=0.01s Real=0.04s
[79.605s][info][gc,start       ] GC(1679) Pause Full (Allocation Failure)
[79.605s][info][gc,phases,start] GC(1679) Phase 1: Mark live objects
[79.614s][info][gc,phases      ] GC(1679) Phase 1: Mark live objects 9.550ms
[79.614s][info][gc,phases,start] GC(1679) Phase 2: Compute new object addresses
[79.620s][info][gc,phases      ] GC(1679) Phase 2: Compute new object addresses 5.686ms
[79.620s][info][gc,phases,start] GC(1679) Phase 3: Adjust pointers
[79.627s][info][gc,phases      ] GC(1679) Phase 3: Adjust pointers 6.865ms
[79.627s][info][gc,phases,start] GC(1679) Phase 4: Move objects
[79.636s][info][gc,phases      ] GC(1679) Phase 4: Move objects 8.902ms
[79.636s][info][gc,heap        ] GC(1679) DefNew: 157070K(157248K)->26850K(157248K) Eden: 139776K(139776K)->26850K(139776K) From: 17294K(17472K)->0K(17472K)
[79.636s][info][gc,heap        ] GC(1679) Tenured: 349531K(349568K)->348953K(349568K)
[79.636s][info][gc,metaspace   ] GC(1679) Metaspace: 31103K(31424K)->31103K(31424K) NonClass: 27849K(27968K)->27849K(27968K) Class: 3254K(3456K)->3254K(3456K)
[79.636s][info][gc             ] GC(1679) Pause Full (Allocation Failure) 494M->366M(494M) 31.462ms
[79.636s][info][gc,cpu         ] GC(1679) User=0.03s Sys=0.00s Real=0.03s
[79.647s][info][gc,start       ] GC(1680) Pause Full (Allocation Failure)
[79.647s][info][gc,phases,start] GC(1680) Phase 1: Mark live objects
[79.656s][info][gc,phases      ] GC(1680) Phase 1: Mark live objects 8.975ms
[79.656s][info][gc,phases,start] GC(1680) Phase 2: Compute new object addresses
[79.660s][info][gc,phases      ] GC(1680) Phase 2: Compute new object addresses 4.376ms
[79.660s][info][gc,phases,start] GC(1680) Phase 3: Adjust pointers
[79.667s][info][gc,phases      ] GC(1680) Phase 3: Adjust pointers 6.102ms
[79.667s][info][gc,phases,start] GC(1680) Phase 4: Move objects
[79.691s][info][gc,phases      ] GC(1680) Phase 4: Move objects 24.545ms
[79.691s][info][gc,heap        ] GC(1680) DefNew: 156902K(157248K)->4632K(157248K) Eden: 139776K(139776K)->4632K(139776K) From: 17126K(17472K)->0K(17472K)
[79.691s][info][gc,heap        ] GC(1680) Tenured: 348953K(349568K)->349500K(349568K)
[79.691s][info][gc,metaspace   ] GC(1680) Metaspace: 31103K(31424K)->31103K(31424K) NonClass: 27849K(27968K)->27849K(27968K) Class: 3254K(3456K)->3254K(3456K)
[79.691s][info][gc             ] GC(1680) Pause Full (Allocation Failure) 493M->345M(494M) 44.440ms
[79.691s][info][gc,cpu         ] GC(1680) User=0.05s Sys=0.00s Real=0.05s
[79.699s][info][gc,start       ] GC(1681) Pause Full (Allocation Failure)
[79.699s][info][gc,phases,start] GC(1681) Phase 1: Mark live objects
[79.709s][info][gc,phases      ] GC(1681) Phase 1: Mark live objects 10.695ms
[79.709s][info][gc,phases,start] GC(1681) Phase 2: Compute new object addresses
[79.714s][info][gc,phases      ] GC(1681) Phase 2: Compute new object addresses 4.920ms
[79.714s][info][gc,phases,start] GC(1681) Phase 3: Adjust pointers
[79.721s][info][gc,phases      ] GC(1681) Phase 3: Adjust pointers 6.269ms
[79.721s][info][gc,phases,start] GC(1681) Phase 4: Move objects
[79.725s][info][gc,phases      ] GC(1681) Phase 4: Move objects 4.122ms
[79.725s][info][gc,heap        ] GC(1681) DefNew: 157024K(157248K)->29191K(157248K) Eden: 139776K(139776K)->29191K(139776K) From: 17248K(17472K)->0K(17472K)
[79.725s][info][gc,heap        ] GC(1681) Tenured: 349500K(349568K)->349470K(349568K)
[79.725s][info][gc,metaspace   ] GC(1681) Metaspace: 31103K(31424K)->31103K(31424K) NonClass: 27849K(27968K)->27849K(27968K) Class: 3254K(3456K)->3254K(3456K)
[79.725s][info][gc             ] GC(1681) Pause Full (Allocation Failure) 494M->369M(494M) 26.428ms
[79.725s][info][gc,cpu         ] GC(1681) User=0.03s Sys=0.01s Real=0.03s
[79.736s][info][gc,start       ] GC(1682) Pause Full (Allocation Failure)
[79.736s][info][gc,phases,start] GC(1682) Phase 1: Mark live objects
[79.745s][info][gc,phases      ] GC(1682) Phase 1: Mark live objects 9.811ms
[79.745s][info][gc,phases,start] GC(1682) Phase 2: Compute new object addresses
[79.751s][info][gc,phases      ] GC(1682) Phase 2: Compute new object addresses 5.308ms
[79.751s][info][gc,phases,start] GC(1682) Phase 3: Adjust pointers
[79.758s][info][gc,phases      ] GC(1682) Phase 3: Adjust pointers 7.153ms
[79.758s][info][gc,phases,start] GC(1682) Phase 4: Move objects
[79.784s][info][gc,phases      ] GC(1682) Phase 4: Move objects 26.363ms
[79.785s][info][gc,heap        ] GC(1682) DefNew: 156436K(157248K)->25822K(157248K) Eden: 139776K(139776K)->25822K(139776K) From: 16660K(17472K)->0K(17472K)
[79.785s][info][gc,heap        ] GC(1682) Tenured: 349470K(349568K)->349472K(349568K)
[79.785s][info][gc,metaspace   ] GC(1682) Metaspace: 31103K(31424K)->31103K(31424K) NonClass: 27849K(27968K)->27849K(27968K) Class: 3254K(3456K)->3254K(3456K)
[79.785s][info][gc             ] GC(1682) Pause Full (Allocation Failure) 494M->366M(494M) 49.082ms
[79.785s][info][gc,cpu         ] GC(1682) User=0.05s Sys=0.00s Real=0.05s
[79.796s][info][gc,start       ] GC(1683) Pause Full (Allocation Failure)
[79.796s][info][gc,phases,start] GC(1683) Phase 1: Mark live objects
[79.806s][info][gc,phases      ] GC(1683) Phase 1: Mark live objects 10.069ms
[79.806s][info][gc,phases,start] GC(1683) Phase 2: Compute new object addresses
[79.812s][info][gc,phases      ] GC(1683) Phase 2: Compute new object addresses 5.828ms
[79.812s][info][gc,phases,start] GC(1683) Phase 3: Adjust pointers
[79.819s][info][gc,phases      ] GC(1683) Phase 3: Adjust pointers 7.350ms
[79.819s][info][gc,phases,start] GC(1683) Phase 4: Move objects
[79.847s][info][gc,phases      ] GC(1683) Phase 4: Move objects 27.568ms
[79.847s][info][gc,heap        ] GC(1683) DefNew: 156610K(157248K)->24543K(157248K) Eden: 139776K(139776K)->24543K(139776K) From: 16834K(17472K)->0K(17472K)
[79.847s][info][gc,heap        ] GC(1683) Tenured: 349472K(349568K)->349471K(349568K)
[79.847s][info][gc,metaspace   ] GC(1683) Metaspace: 31103K(31424K)->31103K(31424K) NonClass: 27849K(27968K)->27849K(27968K) Class: 3254K(3456K)->3254K(3456K)
[79.847s][info][gc             ] GC(1683) Pause Full (Allocation Failure) 494M->365M(494M) 51.294ms
[79.847s][info][gc,cpu         ] GC(1683) User=0.05s Sys=0.00s Real=0.05s
[79.860s][info][gc,start       ] GC(1684) Pause Full (Allocation Failure)
[79.860s][info][gc,phases,start] GC(1684) Phase 1: Mark live objects
[79.869s][info][gc,phases      ] GC(1684) Phase 1: Mark live objects 9.005ms
[79.869s][info][gc,phases,start] GC(1684) Phase 2: Compute new object addresses
[79.873s][info][gc,phases      ] GC(1684) Phase 2: Compute new object addresses 4.617ms
[79.873s][info][gc,phases,start] GC(1684) Phase 3: Adjust pointers
[79.880s][info][gc,phases      ] GC(1684) Phase 3: Adjust pointers 6.662ms
[79.880s][info][gc,phases,start] GC(1684) Phase 4: Move objects
[79.905s][info][gc,phases      ] GC(1684) Phase 4: Move objects 24.648ms
[79.905s][info][gc,heap        ] GC(1684) DefNew: 156637K(157248K)->8767K(157248K) Eden: 139776K(139776K)->8767K(139776K) From: 16861K(17472K)->0K(17472K)
[79.905s][info][gc,heap        ] GC(1684) Tenured: 349471K(349568K)->349481K(349568K)
[79.905s][info][gc,metaspace   ] GC(1684) Metaspace: 31103K(31424K)->31103K(31424K) NonClass: 27849K(27968K)->27849K(27968K) Class: 3254K(3456K)->3254K(3456K)
[79.905s][info][gc             ] GC(1684) Pause Full (Allocation Failure) 494M->349M(494M) 45.390ms
[79.905s][info][gc,cpu         ] GC(1684) User=0.04s Sys=0.00s Real=0.05s
[79.912s][info][gc,start       ] GC(1685) Pause Full (Allocation Failure)
[79.913s][info][gc,phases,start] GC(1685) Phase 1: Mark live objects
[79.922s][info][gc,phases      ] GC(1685) Phase 1: Mark live objects 9.350ms
[79.922s][info][gc,phases,start] GC(1685) Phase 2: Compute new object addresses
[79.927s][info][gc,phases      ] GC(1685) Phase 2: Compute new object addresses 4.629ms
[79.927s][info][gc,phases,start] GC(1685) Phase 3: Adjust pointers
[79.933s][info][gc,phases      ] GC(1685) Phase 3: Adjust pointers 5.927ms
[79.933s][info][gc,phases,start] GC(1685) Phase 4: Move objects
[79.937s][info][gc,phases      ] GC(1685) Phase 4: Move objects 4.447ms
[79.937s][info][gc,heap        ] GC(1685) DefNew: 157053K(157248K)->32229K(157248K) Eden: 139776K(139776K)->32229K(139776K) From: 17277K(17472K)->0K(17472K)
[79.937s][info][gc,heap        ] GC(1685) Tenured: 349481K(349568K)->349474K(349568K)
[79.937s][info][gc,metaspace   ] GC(1685) Metaspace: 31103K(31424K)->31103K(31424K) NonClass: 27849K(27968K)->27849K(27968K) Class: 3254K(3456K)->3254K(3456K)
[79.937s][info][gc             ] GC(1685) Pause Full (Allocation Failure) 494M->372M(494M) 24.816ms
[79.937s][info][gc,cpu         ] GC(1685) User=0.03s Sys=0.00s Real=0.02s
[79.947s][info][gc,start       ] GC(1686) Pause Full (Allocation Failure)
[79.947s][info][gc,phases,start] GC(1686) Phase 1: Mark live objects
[79.956s][info][gc,phases      ] GC(1686) Phase 1: Mark live objects 9.270ms
[79.956s][info][gc,phases,start] GC(1686) Phase 2: Compute new object addresses
[79.961s][info][gc,phases      ] GC(1686) Phase 2: Compute new object addresses 4.405ms
[79.961s][info][gc,phases,start] GC(1686) Phase 3: Adjust pointers
[79.967s][info][gc,phases      ] GC(1686) Phase 3: Adjust pointers 6.192ms
[79.967s][info][gc,phases,start] GC(1686) Phase 4: Move objects
[79.994s][info][gc,phases      ] GC(1686) Phase 4: Move objects 26.405ms
[79.994s][info][gc,heap        ] GC(1686) DefNew: 157093K(157248K)->28820K(157248K) Eden: 139776K(139776K)->28820K(139776K) From: 17317K(17472K)->0K(17472K)
[79.994s][info][gc,heap        ] GC(1686) Tenured: 349474K(349568K)->349471K(349568K)
[79.994s][info][gc,metaspace   ] GC(1686) Metaspace: 31103K(31424K)->31103K(31424K) NonClass: 27849K(27968K)->27849K(27968K) Class: 3254K(3456K)->3254K(3456K)
[79.994s][info][gc             ] GC(1686) Pause Full (Allocation Failure) 494M->369M(494M) 46.761ms
[79.994s][info][gc,cpu         ] GC(1686) User=0.05s Sys=0.00s Real=0.05s
[80.004s][info][gc,start       ] GC(1687) Pause Full (Allocation Failure)
[80.004s][info][gc,phases,start] GC(1687) Phase 1: Mark live objects
[80.021s][info][gc,phases      ] GC(1687) Phase 1: Mark live objects 16.227ms
[80.021s][info][gc,phases,start] GC(1687) Phase 2: Compute new object addresses
[80.027s][info][gc,phases      ] GC(1687) Phase 2: Compute new object addresses 6.266ms
[80.027s][info][gc,phases,start] GC(1687) Phase 3: Adjust pointers
[80.037s][info][gc,phases      ] GC(1687) Phase 3: Adjust pointers 9.423ms
[80.037s][info][gc,phases,start] GC(1687) Phase 4: Move objects
[80.072s][info][gc,phases      ] GC(1687) Phase 4: Move objects 34.979ms
[80.072s][info][gc,heap        ] GC(1687) DefNew: 157236K(157248K)->24047K(157248K) Eden: 139776K(139776K)->24047K(139776K) From: 17460K(17472K)->0K(17472K)
[80.072s][info][gc,heap        ] GC(1687) Tenured: 349471K(349568K)->349436K(349568K)
[80.072s][info][gc,metaspace   ] GC(1687) Metaspace: 31103K(31424K)->31103K(31424K) NonClass: 27849K(27968K)->27849K(27968K) Class: 3254K(3456K)->3254K(3456K)
[80.072s][info][gc             ] GC(1687) Pause Full (Allocation Failure) 494M->364M(494M) 67.514ms
[80.072s][info][gc,cpu         ] GC(1687) User=0.07s Sys=0.00s Real=0.07s
[80.082s][info][gc,start       ] GC(1688) Pause Full (Allocation Failure)
[80.082s][info][gc,phases,start] GC(1688) Phase 1: Mark live objects
[80.097s][info][gc,phases      ] GC(1688) Phase 1: Mark live objects 14.685ms
[80.097s][info][gc,phases,start] GC(1688) Phase 2: Compute new object addresses
[80.104s][info][gc,phases      ] GC(1688) Phase 2: Compute new object addresses 6.634ms
[80.104s][info][gc,phases,start] GC(1688) Phase 3: Adjust pointers
[80.113s][info][gc,phases      ] GC(1688) Phase 3: Adjust pointers 8.993ms
[80.113s][info][gc,phases,start] GC(1688) Phase 4: Move objects
[80.151s][info][gc,phases      ] GC(1688) Phase 4: Move objects 38.174ms
[80.151s][info][gc,heap        ] GC(1688) DefNew: 156578K(157248K)->6954K(157248K) Eden: 139776K(139776K)->6954K(139776K) From: 16802K(17472K)->0K(17472K)
[80.152s][info][gc,heap        ] GC(1688) Tenured: 349436K(349568K)->349345K(349568K)
[80.152s][info][gc,metaspace   ] GC(1688) Metaspace: 31103K(31424K)->31103K(31424K) NonClass: 27849K(27968K)->27849K(27968K) Class: 3254K(3456K)->3254K(3456K)
[80.152s][info][gc             ] GC(1688) Pause Full (Allocation Failure) 494M->347M(494M) 69.129ms
[80.152s][info][gc,cpu         ] GC(1688) User=0.06s Sys=0.00s Real=0.07s
[80.162s][info][gc,start       ] GC(1689) Pause Full (Allocation Failure)
[80.162s][info][gc,phases,start] GC(1689) Phase 1: Mark live objects
[80.177s][info][gc,phases      ] GC(1689) Phase 1: Mark live objects 14.499ms
[80.177s][info][gc,phases,start] GC(1689) Phase 2: Compute new object addresses
[80.184s][info][gc,phases      ] GC(1689) Phase 2: Compute new object addresses 7.023ms
[80.184s][info][gc,phases,start] GC(1689) Phase 3: Adjust pointers
[80.193s][info][gc,phases      ] GC(1689) Phase 3: Adjust pointers 9.293ms
[80.193s][info][gc,phases,start] GC(1689) Phase 4: Move objects
[80.208s][info][gc,phases      ] GC(1689) Phase 4: Move objects 14.191ms
[80.208s][info][gc,heap        ] GC(1689) DefNew: 156716K(157248K)->25736K(157248K) Eden: 139776K(139776K)->25736K(139776K) From: 16940K(17472K)->0K(17472K)
[80.208s][info][gc,heap        ] GC(1689) Tenured: 349345K(349568K)->349468K(349568K)
[80.208s][info][gc,metaspace   ] GC(1689) Metaspace: 31103K(31424K)->31103K(31424K) NonClass: 27849K(27968K)->27849K(27968K) Class: 3254K(3456K)->3254K(3456K)
[80.208s][info][gc             ] GC(1689) Pause Full (Allocation Failure) 494M->366M(494M) 45.672ms
[80.208s][info][gc,cpu         ] GC(1689) User=0.04s Sys=0.00s Real=0.04s
[80.215s][info][gc,start       ] GC(1690) Pause Full (Allocation Failure)
[80.215s][info][gc,phases,start] GC(1690) Phase 1: Mark live objects
[80.225s][info][gc,phases      ] GC(1690) Phase 1: Mark live objects 10.312ms
[80.225s][info][gc,phases,start] GC(1690) Phase 2: Compute new object addresses
[80.230s][info][gc,phases      ] GC(1690) Phase 2: Compute new object addresses 4.671ms
[80.230s][info][gc,phases,start] GC(1690) Phase 3: Adjust pointers
[80.237s][info][gc,phases      ] GC(1690) Phase 3: Adjust pointers 6.970ms
[80.237s][info][gc,phases,start] GC(1690) Phase 4: Move objects
[80.262s][info][gc,phases      ] GC(1690) Phase 4: Move objects 24.628ms
[80.262s][info][gc,heap        ] GC(1690) DefNew: 157022K(157248K)->29670K(157248K) Eden: 139776K(139776K)->29670K(139776K) From: 17246K(17472K)->0K(17472K)
[80.262s][info][gc,heap        ] GC(1690) Tenured: 349468K(349568K)->349467K(349568K)
[80.262s][info][gc,metaspace   ] GC(1690) Metaspace: 31103K(31424K)->31103K(31424K) NonClass: 27849K(27968K)->27849K(27968K) Class: 3254K(3456K)->3254K(3456K)
[80.262s][info][gc             ] GC(1690) Pause Full (Allocation Failure) 494M->370M(494M) 47.037ms
[80.262s][info][gc,cpu         ] GC(1690) User=0.05s Sys=0.00s Real=0.04s
[80.273s][info][gc,start       ] GC(1691) Pause Full (Allocation Failure)
[80.273s][info][gc,phases,start] GC(1691) Phase 1: Mark live objects
[80.290s][info][gc,phases      ] GC(1691) Phase 1: Mark live objects 16.680ms
[80.290s][info][gc,phases,start] GC(1691) Phase 2: Compute new object addresses
[80.295s][info][gc,phases      ] GC(1691) Phase 2: Compute new object addresses 5.143ms
[80.295s][info][gc,phases,start] GC(1691) Phase 3: Adjust pointers
[80.304s][info][gc,phases      ] GC(1691) Phase 3: Adjust pointers 8.738ms
[80.304s][info][gc,phases,start] GC(1691) Phase 4: Move objects
[80.334s][info][gc,phases      ] GC(1691) Phase 4: Move objects 29.700ms
[80.334s][info][gc,heap        ] GC(1691) DefNew: 157033K(157248K)->27261K(157248K) Eden: 139776K(139776K)->27261K(139776K) From: 17257K(17472K)->0K(17472K)
[80.334s][info][gc,heap        ] GC(1691) Tenured: 349467K(349568K)->349474K(349568K)
[80.334s][info][gc,metaspace   ] GC(1691) Metaspace: 31103K(31424K)->31103K(31424K) NonClass: 27849K(27968K)->27849K(27968K) Class: 3254K(3456K)->3254K(3456K)
[80.334s][info][gc             ] GC(1691) Pause Full (Allocation Failure) 494M->367M(494M) 60.945ms
[80.334s][info][gc,cpu         ] GC(1691) User=0.06s Sys=0.00s Real=0.06s
[80.342s][info][gc,start       ] GC(1692) Pause Full (Allocation Failure)
[80.342s][info][gc,phases,start] GC(1692) Phase 1: Mark live objects
[80.353s][info][gc,phases      ] GC(1692) Phase 1: Mark live objects 11.480ms
[80.353s][info][gc,phases,start] GC(1692) Phase 2: Compute new object addresses
[80.359s][info][gc,phases      ] GC(1692) Phase 2: Compute new object addresses 5.463ms
[80.359s][info][gc,phases,start] GC(1692) Phase 3: Adjust pointers
[80.366s][info][gc,phases      ] GC(1692) Phase 3: Adjust pointers 7.077ms
[80.366s][info][gc,phases,start] GC(1692) Phase 4: Move objects
[80.397s][info][gc,phases      ] GC(1692) Phase 4: Move objects 31.072ms
[80.397s][info][gc,heap        ] GC(1692) DefNew: 157059K(157248K)->13124K(157248K) Eden: 139776K(139776K)->13124K(139776K) From: 17283K(17472K)->0K(17472K)
[80.397s][info][gc,heap        ] GC(1692) Tenured: 349474K(349568K)->349564K(349568K)
[80.397s][info][gc,metaspace   ] GC(1692) Metaspace: 31103K(31424K)->31103K(31424K) NonClass: 27849K(27968K)->27849K(27968K) Class: 3254K(3456K)->3254K(3456K)
[80.397s][info][gc             ] GC(1692) Pause Full (Allocation Failure) 494M->354M(494M) 55.642ms
[80.397s][info][gc,cpu         ] GC(1692) User=0.06s Sys=0.00s Real=0.06s
[80.405s][info][gc,start       ] GC(1693) Pause Full (Allocation Failure)
[80.405s][info][gc,phases,start] GC(1693) Phase 1: Mark live objects
[80.416s][info][gc,phases      ] GC(1693) Phase 1: Mark live objects 10.521ms
[80.416s][info][gc,phases,start] GC(1693) Phase 2: Compute new object addresses
[80.421s][info][gc,phases      ] GC(1693) Phase 2: Compute new object addresses 5.144ms
[80.421s][info][gc,phases,start] GC(1693) Phase 3: Adjust pointers
[80.428s][info][gc,phases      ] GC(1693) Phase 3: Adjust pointers 6.781ms
[80.428s][info][gc,phases,start] GC(1693) Phase 4: Move objects
[80.432s][info][gc,phases      ] GC(1693) Phase 4: Move objects 4.157ms
[80.432s][info][gc,heap        ] GC(1693) DefNew: 157023K(157248K)->33676K(157248K) Eden: 139776K(139776K)->33676K(139776K) From: 17247K(17472K)->0K(17472K)
[80.432s][info][gc,heap        ] GC(1693) Tenured: 349564K(349568K)->349473K(349568K)
[80.432s][info][gc,metaspace   ] GC(1693) Metaspace: 31103K(31424K)->31103K(31424K) NonClass: 27849K(27968K)->27849K(27968K) Class: 3254K(3456K)->3254K(3456K)
[80.432s][info][gc             ] GC(1693) Pause Full (Allocation Failure) 494M->374M(494M) 27.070ms
[80.432s][info][gc,cpu         ] GC(1693) User=0.03s Sys=0.00s Real=0.03s
[80.443s][info][gc,start       ] GC(1694) Pause Full (Allocation Failure)
[80.443s][info][gc,phases,start] GC(1694) Phase 1: Mark live objects
[80.453s][info][gc,phases      ] GC(1694) Phase 1: Mark live objects 9.662ms
[80.453s][info][gc,phases,start] GC(1694) Phase 2: Compute new object addresses
[80.459s][info][gc,phases      ] GC(1694) Phase 2: Compute new object addresses 5.814ms
[80.459s][info][gc,phases,start] GC(1694) Phase 3: Adjust pointers
[80.466s][info][gc,phases      ] GC(1694) Phase 3: Adjust pointers 7.337ms
[80.466s][info][gc,phases,start] GC(1694) Phase 4: Move objects
[80.491s][info][gc,phases      ] GC(1694) Phase 4: Move objects 24.315ms
[80.491s][info][gc,heap        ] GC(1694) DefNew: 156913K(157248K)->27108K(157248K) Eden: 139776K(139776K)->27108K(139776K) From: 17137K(17472K)->0K(17472K)
[80.491s][info][gc,heap        ] GC(1694) Tenured: 349473K(349568K)->349469K(349568K)
[80.491s][info][gc,metaspace   ] GC(1694) Metaspace: 31103K(31424K)->31103K(31424K) NonClass: 27849K(27968K)->27849K(27968K) Class: 3254K(3456K)->3254K(3456K)
[80.491s][info][gc             ] GC(1694) Pause Full (Allocation Failure) 494M->367M(494M) 47.612ms
[80.491s][info][gc,cpu         ] GC(1694) User=0.05s Sys=0.00s Real=0.05s
[80.502s][info][gc,start       ] GC(1695) Pause Full (Allocation Failure)
[80.502s][info][gc,phases,start] GC(1695) Phase 1: Mark live objects
[80.512s][info][gc,phases      ] GC(1695) Phase 1: Mark live objects 9.553ms
[80.512s][info][gc,phases,start] GC(1695) Phase 2: Compute new object addresses
[80.516s][info][gc,phases      ] GC(1695) Phase 2: Compute new object addresses 4.476ms
[80.516s][info][gc,phases,start] GC(1695) Phase 3: Adjust pointers
[80.524s][info][gc,phases      ] GC(1695) Phase 3: Adjust pointers 7.778ms
[80.524s][info][gc,phases,start] GC(1695) Phase 4: Move objects
[80.551s][info][gc,phases      ] GC(1695) Phase 4: Move objects 26.816ms
[80.551s][info][gc,heap        ] GC(1695) DefNew: 156595K(157248K)->14661K(157248K) Eden: 139776K(139776K)->14661K(139776K) From: 16819K(17472K)->0K(17472K)
[80.551s][info][gc,heap        ] GC(1695) Tenured: 349469K(349568K)->349335K(349568K)
[80.551s][info][gc,metaspace   ] GC(1695) Metaspace: 31103K(31424K)->31103K(31424K) NonClass: 27849K(27968K)->27849K(27968K) Class: 3254K(3456K)->3254K(3456K)
[80.551s][info][gc             ] GC(1695) Pause Full (Allocation Failure) 494M->355M(494M) 49.092ms
[80.551s][info][gc,cpu         ] GC(1695) User=0.05s Sys=0.00s Real=0.06s
[80.560s][info][gc,start       ] GC(1696) Pause Full (Allocation Failure)
[80.561s][info][gc,phases,start] GC(1696) Phase 1: Mark live objects
[80.570s][info][gc,phases      ] GC(1696) Phase 1: Mark live objects 9.552ms
[80.570s][info][gc,phases,start] GC(1696) Phase 2: Compute new object addresses
[80.575s][info][gc,phases      ] GC(1696) Phase 2: Compute new object addresses 4.710ms
[80.575s][info][gc,phases,start] GC(1696) Phase 3: Adjust pointers
[80.581s][info][gc,phases      ] GC(1696) Phase 3: Adjust pointers 6.296ms
[80.581s][info][gc,phases,start] GC(1696) Phase 4: Move objects
[80.607s][info][gc,phases      ] GC(1696) Phase 4: Move objects 25.366ms
[80.607s][info][gc,heap        ] GC(1696) DefNew: 156997K(157248K)->18010K(157248K) Eden: 139776K(139776K)->18010K(139776K) From: 17221K(17472K)->0K(17472K)
[80.607s][info][gc,heap        ] GC(1696) Tenured: 349335K(349568K)->349491K(349568K)
[80.607s][info][gc,metaspace   ] GC(1696) Metaspace: 31103K(31424K)->31103K(31424K) NonClass: 27849K(27968K)->27849K(27968K) Class: 3254K(3456K)->3254K(3456K)
[80.607s][info][gc             ] GC(1696) Pause Full (Allocation Failure) 494M->358M(494M) 46.416ms
[80.607s][info][gc,cpu         ] GC(1696) User=0.04s Sys=0.01s Real=0.05s
[80.618s][info][gc,start       ] GC(1697) Pause Full (Allocation Failure)
[80.618s][info][gc,phases,start] GC(1697) Phase 1: Mark live objects
[80.629s][info][gc,phases      ] GC(1697) Phase 1: Mark live objects 10.861ms
[80.629s][info][gc,phases,start] GC(1697) Phase 2: Compute new object addresses
[80.635s][info][gc,phases      ] GC(1697) Phase 2: Compute new object addresses 5.899ms
[80.635s][info][gc,phases,start] GC(1697) Phase 3: Adjust pointers
[80.644s][info][gc,phases      ] GC(1697) Phase 3: Adjust pointers 9.071ms
[80.644s][info][gc,phases,start] GC(1697) Phase 4: Move objects
[80.660s][info][gc,phases      ] GC(1697) Phase 4: Move objects 15.703ms
[80.660s][info][gc,heap        ] GC(1697) DefNew: 156873K(157248K)->37531K(157248K) Eden: 139776K(139776K)->37531K(139776K) From: 17097K(17472K)->0K(17472K)
[80.660s][info][gc,heap        ] GC(1697) Tenured: 349491K(349568K)->349471K(349568K)
[80.660s][info][gc,metaspace   ] GC(1697) Metaspace: 31103K(31424K)->31103K(31424K) NonClass: 27849K(27968K)->27849K(27968K) Class: 3254K(3456K)->3254K(3456K)
[80.660s][info][gc             ] GC(1697) Pause Full (Allocation Failure) 494M->377M(494M) 42.193ms
[80.660s][info][gc,cpu         ] GC(1697) User=0.05s Sys=0.00s Real=0.04s
[80.666s][info][gc,start       ] GC(1698) Pause Full (Allocation Failure)
[80.666s][info][gc,phases,start] GC(1698) Phase 1: Mark live objects
[80.678s][info][gc,phases      ] GC(1698) Phase 1: Mark live objects 11.258ms
[80.678s][info][gc,phases,start] GC(1698) Phase 2: Compute new object addresses
[80.683s][info][gc,phases      ] GC(1698) Phase 2: Compute new object addresses 5.468ms
[80.683s][info][gc,phases,start] GC(1698) Phase 3: Adjust pointers
[80.693s][info][gc,phases      ] GC(1698) Phase 3: Adjust pointers 9.335ms
[80.693s][info][gc,phases,start] GC(1698) Phase 4: Move objects
[80.728s][info][gc,phases      ] GC(1698) Phase 4: Move objects 35.625ms
[80.729s][info][gc,heap        ] GC(1698) DefNew: 156832K(157248K)->41502K(157248K) Eden: 139776K(139776K)->41502K(139776K) From: 17056K(17472K)->0K(17472K)
[80.729s][info][gc,heap        ] GC(1698) Tenured: 349471K(349568K)->349439K(349568K)
[80.729s][info][gc,metaspace   ] GC(1698) Metaspace: 31103K(31424K)->31103K(31424K) NonClass: 27849K(27968K)->27849K(27968K) Class: 3254K(3456K)->3254K(3456K)
[80.729s][info][gc             ] GC(1698) Pause Full (Allocation Failure) 494M->381M(494M) 62.295ms
[80.729s][info][gc,cpu         ] GC(1698) User=0.07s Sys=0.00s Real=0.06s
[80.749s][info][gc,start       ] GC(1699) Pause Full (Allocation Failure)
[80.749s][info][gc,phases,start] GC(1699) Phase 1: Mark live objects
[80.759s][info][gc,phases      ] GC(1699) Phase 1: Mark live objects 10.288ms
[80.759s][info][gc,phases,start] GC(1699) Phase 2: Compute new object addresses
[80.764s][info][gc,phases      ] GC(1699) Phase 2: Compute new object addresses 4.125ms
[80.764s][info][gc,phases,start] GC(1699) Phase 3: Adjust pointers
[80.769s][info][gc,phases      ] GC(1699) Phase 3: Adjust pointers 5.896ms
[80.770s][info][gc,phases,start] GC(1699) Phase 4: Move objects
[80.804s][info][gc,phases      ] GC(1699) Phase 4: Move objects 34.125ms
[80.804s][info][gc,heap        ] GC(1699) DefNew: 157002K(157248K)->27048K(157248K) Eden: 139776K(139776K)->27048K(139776K) From: 17226K(17472K)->0K(17472K)
[80.804s][info][gc,heap        ] GC(1699) Tenured: 349439K(349568K)->349548K(349568K)
[80.804s][info][gc,metaspace   ] GC(1699) Metaspace: 31103K(31424K)->31103K(31424K) NonClass: 27849K(27968K)->27849K(27968K) Class: 3254K(3456K)->3254K(3456K)
[80.804s][info][gc             ] GC(1699) Pause Full (Allocation Failure) 494M->367M(494M) 55.306ms
[80.804s][info][gc,cpu         ] GC(1699) User=0.06s Sys=0.00s Real=0.06s
[80.814s][info][gc,start       ] GC(1700) Pause Full (Allocation Failure)
[80.814s][info][gc,phases,start] GC(1700) Phase 1: Mark live objects
[80.825s][info][gc,phases      ] GC(1700) Phase 1: Mark live objects 10.152ms
[80.825s][info][gc,phases,start] GC(1700) Phase 2: Compute new object addresses
[80.829s][info][gc,phases      ] GC(1700) Phase 2: Compute new object addresses 4.864ms
[80.829s][info][gc,phases,start] GC(1700) Phase 3: Adjust pointers
[80.838s][info][gc,phases      ] GC(1700) Phase 3: Adjust pointers 8.976ms
[80.839s][info][gc,phases,start] GC(1700) Phase 4: Move objects
[80.868s][info][gc,phases      ] GC(1700) Phase 4: Move objects 29.759ms
[80.868s][info][gc,heap        ] GC(1700) DefNew: 156852K(157248K)->23242K(157248K) Eden: 139776K(139776K)->23242K(139776K) From: 17076K(17472K)->0K(17472K)
[80.869s][info][gc,heap        ] GC(1700) Tenured: 349548K(349568K)->348691K(349568K)
[80.869s][info][gc,metaspace   ] GC(1700) Metaspace: 31103K(31424K)->31103K(31424K) NonClass: 27849K(27968K)->27849K(27968K) Class: 3254K(3456K)->3254K(3456K)
[80.869s][info][gc             ] GC(1700) Pause Full (Allocation Failure) 494M->363M(494M) 54.357ms
[80.869s][info][gc,cpu         ] GC(1700) User=0.05s Sys=0.01s Real=0.05s
[80.879s][info][gc,start       ] GC(1701) Pause Full (Allocation Failure)
[80.879s][info][gc,phases,start] GC(1701) Phase 1: Mark live objects
[80.889s][info][gc,phases      ] GC(1701) Phase 1: Mark live objects 9.892ms
[80.889s][info][gc,phases,start] GC(1701) Phase 2: Compute new object addresses
[80.894s][info][gc,phases      ] GC(1701) Phase 2: Compute new object addresses 4.791ms
[80.894s][info][gc,phases,start] GC(1701) Phase 3: Adjust pointers
[80.901s][info][gc,phases      ] GC(1701) Phase 3: Adjust pointers 6.483ms
[80.901s][info][gc,phases,start] GC(1701) Phase 4: Move objects
[80.905s][info][gc,phases      ] GC(1701) Phase 4: Move objects 4.156ms
[80.905s][info][gc,heap        ] GC(1701) DefNew: 156797K(157248K)->41499K(157248K) Eden: 139776K(139776K)->41499K(139776K) From: 17021K(17472K)->0K(17472K)
[80.905s][info][gc,heap        ] GC(1701) Tenured: 348691K(349568K)->349466K(349568K)
[80.905s][info][gc,metaspace   ] GC(1701) Metaspace: 31103K(31424K)->31103K(31424K) NonClass: 27849K(27968K)->27849K(27968K) Class: 3254K(3456K)->3254K(3456K)
[80.905s][info][gc             ] GC(1701) Pause Full (Allocation Failure) 493M->381M(494M) 25.783ms
[80.905s][info][gc,cpu         ] GC(1701) User=0.03s Sys=0.00s Real=0.03s
[80.912s][info][gc,start       ] GC(1702) Pause Full (Allocation Failure)
[80.912s][info][gc,phases,start] GC(1702) Phase 1: Mark live objects
[80.921s][info][gc,phases      ] GC(1702) Phase 1: Mark live objects 9.701ms
[80.921s][info][gc,phases,start] GC(1702) Phase 2: Compute new object addresses
[80.926s][info][gc,phases      ] GC(1702) Phase 2: Compute new object addresses 4.841ms
[80.926s][info][gc,phases,start] GC(1702) Phase 3: Adjust pointers
[80.934s][info][gc,phases      ] GC(1702) Phase 3: Adjust pointers 7.393ms
[80.934s][info][gc,phases,start] GC(1702) Phase 4: Move objects
[80.959s][info][gc,phases      ] GC(1702) Phase 4: Move objects 25.637ms
[80.960s][info][gc,heap        ] GC(1702) DefNew: 157124K(157248K)->45791K(157248K) Eden: 139776K(139776K)->45791K(139776K) From: 17348K(17472K)->0K(17472K)
[80.960s][info][gc,heap        ] GC(1702) Tenured: 349466K(349568K)->349464K(349568K)
[80.960s][info][gc,metaspace   ] GC(1702) Metaspace: 31103K(31424K)->31103K(31424K) NonClass: 27849K(27968K)->27849K(27968K) Class: 3254K(3456K)->3254K(3456K)
[80.960s][info][gc             ] GC(1702) Pause Full (Allocation Failure) 494M->385M(494M) 48.084ms
[80.960s][info][gc,cpu         ] GC(1702) User=0.05s Sys=0.00s Real=0.04s
[80.966s][info][gc,start       ] GC(1703) Pause Full (Allocation Failure)
[80.966s][info][gc,phases,start] GC(1703) Phase 1: Mark live objects
[80.976s][info][gc,phases      ] GC(1703) Phase 1: Mark live objects 9.795ms
[80.976s][info][gc,phases,start] GC(1703) Phase 2: Compute new object addresses
[80.980s][info][gc,phases      ] GC(1703) Phase 2: Compute new object addresses 4.372ms
[80.980s][info][gc,phases,start] GC(1703) Phase 3: Adjust pointers
[80.988s][info][gc,phases      ] GC(1703) Phase 3: Adjust pointers 8.127ms
[80.989s][info][gc,phases,start] GC(1703) Phase 4: Move objects
[81.018s][info][gc,phases      ] GC(1703) Phase 4: Move objects 29.397ms
[81.018s][info][gc,heap        ] GC(1703) DefNew: 157126K(157248K)->29156K(157248K) Eden: 139776K(139776K)->29156K(139776K) From: 17350K(17472K)->0K(17472K)
[81.018s][info][gc,heap        ] GC(1703) Tenured: 349464K(349568K)->349462K(349568K)
[81.018s][info][gc,metaspace   ] GC(1703) Metaspace: 31103K(31424K)->31103K(31424K) NonClass: 27849K(27968K)->27849K(27968K) Class: 3254K(3456K)->3254K(3456K)
[81.018s][info][gc             ] GC(1703) Pause Full (Allocation Failure) 494M->369M(494M) 52.337ms
[81.018s][info][gc,cpu         ] GC(1703) User=0.05s Sys=0.00s Real=0.05s
[81.027s][info][gc,start       ] GC(1704) Pause Full (Allocation Failure)
[81.027s][info][gc,phases,start] GC(1704) Phase 1: Mark live objects
[81.038s][info][gc,phases      ] GC(1704) Phase 1: Mark live objects 10.871ms
[81.038s][info][gc,phases,start] GC(1704) Phase 2: Compute new object addresses
[81.043s][info][gc,phases      ] GC(1704) Phase 2: Compute new object addresses 4.860ms
[81.043s][info][gc,phases,start] GC(1704) Phase 3: Adjust pointers
[81.050s][info][gc,phases      ] GC(1704) Phase 3: Adjust pointers 7.574ms
[81.050s][info][gc,phases,start] GC(1704) Phase 4: Move objects
[81.080s][info][gc,phases      ] GC(1704) Phase 4: Move objects 29.645ms
[81.080s][info][gc,heap        ] GC(1704) DefNew: 157235K(157248K)->31366K(157248K) Eden: 139776K(139776K)->31366K(139776K) From: 17459K(17472K)->0K(17472K)
[81.080s][info][gc,heap        ] GC(1704) Tenured: 349462K(349568K)->349468K(349568K)
[81.080s][info][gc,metaspace   ] GC(1704) Metaspace: 31103K(31424K)->31103K(31424K) NonClass: 27849K(27968K)->27849K(27968K) Class: 3254K(3456K)->3254K(3456K)
[81.080s][info][gc             ] GC(1704) Pause Full (Allocation Failure) 494M->371M(494M) 53.472ms
[81.080s][info][gc,cpu         ] GC(1704) User=0.05s Sys=0.00s Real=0.05s
[81.091s][info][gc,start       ] GC(1705) Pause Full (Allocation Failure)
[81.091s][info][gc,phases,start] GC(1705) Phase 1: Mark live objects
[81.101s][info][gc,phases      ] GC(1705) Phase 1: Mark live objects 9.596ms
[81.101s][info][gc,phases,start] GC(1705) Phase 2: Compute new object addresses
[81.105s][info][gc,phases      ] GC(1705) Phase 2: Compute new object addresses 4.536ms
[81.105s][info][gc,phases,start] GC(1705) Phase 3: Adjust pointers
[81.112s][info][gc,phases      ] GC(1705) Phase 3: Adjust pointers 6.714ms
[81.112s][info][gc,phases,start] GC(1705) Phase 4: Move objects
[81.125s][info][gc,phases      ] GC(1705) Phase 4: Move objects 13.506ms
[81.126s][info][gc,heap        ] GC(1705) DefNew: 157137K(157248K)->46143K(157248K) Eden: 139776K(139776K)->46143K(139776K) From: 17361K(17472K)->0K(17472K)
[81.126s][info][gc,heap        ] GC(1705) Tenured: 349468K(349568K)->349430K(349568K)
[81.126s][info][gc,metaspace   ] GC(1705) Metaspace: 31103K(31424K)->31103K(31424K) NonClass: 27849K(27968K)->27849K(27968K) Class: 3254K(3456K)->3254K(3456K)
[81.126s][info][gc             ] GC(1705) Pause Full (Allocation Failure) 494M->386M(494M) 34.850ms
[81.126s][info][gc,cpu         ] GC(1705) User=0.03s Sys=0.00s Real=0.03s
[81.136s][info][gc,start       ] GC(1706) Pause Full (Allocation Failure)
[81.136s][info][gc,phases,start] GC(1706) Phase 1: Mark live objects
[81.146s][info][gc,phases      ] GC(1706) Phase 1: Mark live objects 9.804ms
[81.146s][info][gc,phases,start] GC(1706) Phase 2: Compute new object addresses
[81.150s][info][gc,phases      ] GC(1706) Phase 2: Compute new object addresses 4.515ms
[81.151s][info][gc,phases,start] GC(1706) Phase 3: Adjust pointers
[81.157s][info][gc,phases      ] GC(1706) Phase 3: Adjust pointers 6.818ms
[81.157s][info][gc,phases,start] GC(1706) Phase 4: Move objects
[81.183s][info][gc,phases      ] GC(1706) Phase 4: Move objects 25.533ms
[81.183s][info][gc,heap        ] GC(1706) DefNew: 156722K(157248K)->43349K(157248K) Eden: 139776K(139776K)->43349K(139776K) From: 16946K(17472K)->0K(17472K)
[81.183s][info][gc,heap        ] GC(1706) Tenured: 349430K(349568K)->349433K(349568K)
[81.183s][info][gc,metaspace   ] GC(1706) Metaspace: 31103K(31424K)->31103K(31424K) NonClass: 27849K(27968K)->27849K(27968K) Class: 3254K(3456K)->3254K(3456K)
[81.183s][info][gc             ] GC(1706) Pause Full (Allocation Failure) 494M->383M(494M) 47.155ms
[81.183s][info][gc,cpu         ] GC(1706) User=0.05s Sys=0.00s Real=0.05s
[81.194s][info][gc,start       ] GC(1707) Pause Full (Allocation Failure)
[81.194s][info][gc,phases,start] GC(1707) Phase 1: Mark live objects
[81.204s][info][gc,phases      ] GC(1707) Phase 1: Mark live objects 9.482ms
[81.204s][info][gc,phases,start] GC(1707) Phase 2: Compute new object addresses
[81.208s][info][gc,phases      ] GC(1707) Phase 2: Compute new object addresses 4.742ms
[81.209s][info][gc,phases,start] GC(1707) Phase 3: Adjust pointers
[81.215s][info][gc,phases      ] GC(1707) Phase 3: Adjust pointers 6.730ms
[81.215s][info][gc,phases,start] GC(1707) Phase 4: Move objects
[81.242s][info][gc,phases      ] GC(1707) Phase 4: Move objects 26.518ms
[81.242s][info][gc,heap        ] GC(1707) DefNew: 156482K(157248K)->38926K(157248K) Eden: 139776K(139776K)->38926K(139776K) From: 16706K(17472K)->0K(17472K)
[81.242s][info][gc,heap        ] GC(1707) Tenured: 349433K(349568K)->349469K(349568K)
[81.242s][info][gc,metaspace   ] GC(1707) Metaspace: 31103K(31424K)->31103K(31424K) NonClass: 27849K(27968K)->27849K(27968K) Class: 3254K(3456K)->3254K(3456K)
[81.242s][info][gc             ] GC(1707) Pause Full (Allocation Failure) 494M->379M(494M) 47.957ms
[81.242s][info][gc,cpu         ] GC(1707) User=0.04s Sys=0.01s Real=0.04s
[81.248s][info][gc,start       ] GC(1708) Pause Full (Allocation Failure)
[81.248s][info][gc,phases,start] GC(1708) Phase 1: Mark live objects
[81.258s][info][gc,phases      ] GC(1708) Phase 1: Mark live objects 10.199ms
[81.259s][info][gc,phases,start] GC(1708) Phase 2: Compute new object addresses
[81.264s][info][gc,phases      ] GC(1708) Phase 2: Compute new object addresses 5.208ms
[81.264s][info][gc,phases,start] GC(1708) Phase 3: Adjust pointers
[81.271s][info][gc,phases      ] GC(1708) Phase 3: Adjust pointers 7.411ms
[81.271s][info][gc,phases,start] GC(1708) Phase 4: Move objects
[81.304s][info][gc,phases      ] GC(1708) Phase 4: Move objects 32.291ms
[81.304s][info][gc,heap        ] GC(1708) DefNew: 157004K(157248K)->25464K(157248K) Eden: 139776K(139776K)->25464K(139776K) From: 17228K(17472K)->0K(17472K)
[81.304s][info][gc,heap        ] GC(1708) Tenured: 349469K(349568K)->349466K(349568K)
[81.304s][info][gc,metaspace   ] GC(1708) Metaspace: 31103K(31424K)->31103K(31424K) NonClass: 27849K(27968K)->27849K(27968K) Class: 3254K(3456K)->3254K(3456K)
[81.304s][info][gc             ] GC(1708) Pause Full (Allocation Failure) 494M->366M(494M) 55.617ms
[81.304s][info][gc,cpu         ] GC(1708) User=0.06s Sys=0.00s Real=0.06s
[81.314s][info][gc,start       ] GC(1709) Pause Full (Allocation Failure)
[81.314s][info][gc,phases,start] GC(1709) Phase 1: Mark live objects
[81.324s][info][gc,phases      ] GC(1709) Phase 1: Mark live objects 9.742ms
[81.324s][info][gc,phases,start] GC(1709) Phase 2: Compute new object addresses
[81.329s][info][gc,phases      ] GC(1709) Phase 2: Compute new object addresses 4.824ms
[81.329s][info][gc,phases,start] GC(1709) Phase 3: Adjust pointers
[81.336s][info][gc,phases      ] GC(1709) Phase 3: Adjust pointers 6.455ms
[81.336s][info][gc,phases,start] GC(1709) Phase 4: Move objects
[81.346s][info][gc,phases      ] GC(1709) Phase 4: Move objects 9.880ms
[81.346s][info][gc,heap        ] GC(1709) DefNew: 157042K(157248K)->44322K(157248K) Eden: 139776K(139776K)->44322K(139776K) From: 17266K(17472K)->0K(17472K)
[81.346s][info][gc,heap        ] GC(1709) Tenured: 349466K(349568K)->349460K(349568K)
[81.346s][info][gc,metaspace   ] GC(1709) Metaspace: 31103K(31424K)->31103K(31424K) NonClass: 27849K(27968K)->27849K(27968K) Class: 3254K(3456K)->3254K(3456K)
[81.346s][info][gc             ] GC(1709) Pause Full (Allocation Failure) 494M->384M(494M) 31.465ms
[81.346s][info][gc,cpu         ] GC(1709) User=0.03s Sys=0.00s Real=0.03s
[81.357s][info][gc,start       ] GC(1710) Pause Full (Allocation Failure)
[81.357s][info][gc,phases,start] GC(1710) Phase 1: Mark live objects
[81.366s][info][gc,phases      ] GC(1710) Phase 1: Mark live objects 9.553ms
[81.366s][info][gc,phases,start] GC(1710) Phase 2: Compute new object addresses
[81.371s][info][gc,phases      ] GC(1710) Phase 2: Compute new object addresses 4.610ms
[81.371s][info][gc,phases,start] GC(1710) Phase 3: Adjust pointers
[81.377s][info][gc,phases      ] GC(1710) Phase 3: Adjust pointers 6.330ms
[81.377s][info][gc,phases,start] GC(1710) Phase 4: Move objects
[81.403s][info][gc,phases      ] GC(1710) Phase 4: Move objects 25.432ms
[81.403s][info][gc,heap        ] GC(1710) DefNew: 156701K(157248K)->38314K(157248K) Eden: 139776K(139776K)->38314K(139776K) From: 16925K(17472K)->0K(17472K)
[81.403s][info][gc,heap        ] GC(1710) Tenured: 349460K(349568K)->349471K(349568K)
[81.403s][info][gc,metaspace   ] GC(1710) Metaspace: 31103K(31424K)->31103K(31424K) NonClass: 27849K(27968K)->27849K(27968K) Class: 3254K(3456K)->3254K(3456K)
[81.403s][info][gc             ] GC(1710) Pause Full (Allocation Failure) 494M->378M(494M) 46.382ms
[81.403s][info][gc,cpu         ] GC(1710) User=0.05s Sys=0.00s Real=0.05s
[81.417s][info][gc,start       ] GC(1711) Pause Full (Allocation Failure)
[81.417s][info][gc,phases,start] GC(1711) Phase 1: Mark live objects
[81.427s][info][gc,phases      ] GC(1711) Phase 1: Mark live objects 10.199ms
[81.427s][info][gc,phases,start] GC(1711) Phase 2: Compute new object addresses
[81.432s][info][gc,phases      ] GC(1711) Phase 2: Compute new object addresses 4.635ms
[81.432s][info][gc,phases,start] GC(1711) Phase 3: Adjust pointers
[81.438s][info][gc,phases      ] GC(1711) Phase 3: Adjust pointers 6.350ms
[81.438s][info][gc,phases,start] GC(1711) Phase 4: Move objects
[81.463s][info][gc,phases      ] GC(1711) Phase 4: Move objects 24.681ms
[81.463s][info][gc,heap        ] GC(1711) DefNew: 157174K(157248K)->15722K(157248K) Eden: 139776K(139776K)->15722K(139776K) From: 17398K(17472K)->0K(17472K)
[81.463s][info][gc,heap        ] GC(1711) Tenured: 349471K(349568K)->349553K(349568K)
[81.463s][info][gc,metaspace   ] GC(1711) Metaspace: 31103K(31424K)->31103K(31424K) NonClass: 27849K(27968K)->27849K(27968K) Class: 3254K(3456K)->3254K(3456K)
[81.463s][info][gc             ] GC(1711) Pause Full (Allocation Failure) 494M->356M(494M) 46.285ms
[81.463s][info][gc,cpu         ] GC(1711) User=0.05s Sys=0.00s Real=0.05s
[81.473s][info][gc,start       ] GC(1712) Pause Full (Allocation Failure)
[81.474s][info][gc,phases,start] GC(1712) Phase 1: Mark live objects
[81.484s][info][gc,phases      ] GC(1712) Phase 1: Mark live objects 10.457ms
[81.484s][info][gc,phases,start] GC(1712) Phase 2: Compute new object addresses
[81.489s][info][gc,phases      ] GC(1712) Phase 2: Compute new object addresses 5.146ms
[81.489s][info][gc,phases,start] GC(1712) Phase 3: Adjust pointers
[81.497s][info][gc,phases      ] GC(1712) Phase 3: Adjust pointers 7.686ms
[81.497s][info][gc,phases,start] GC(1712) Phase 4: Move objects
[81.522s][info][gc,phases      ] GC(1712) Phase 4: Move objects 25.105ms
[81.522s][info][gc,heap        ] GC(1712) DefNew: 157007K(157248K)->17867K(157248K) Eden: 139776K(139776K)->17867K(139776K) From: 17231K(17472K)->0K(17472K)
[81.522s][info][gc,heap        ] GC(1712) Tenured: 349553K(349568K)->349438K(349568K)
[81.522s][info][gc,metaspace   ] GC(1712) Metaspace: 31103K(31424K)->31103K(31424K) NonClass: 27849K(27968K)->27849K(27968K) Class: 3254K(3456K)->3254K(3456K)
[81.522s][info][gc             ] GC(1712) Pause Full (Allocation Failure) 494M->358M(494M) 48.922ms
[81.522s][info][gc,cpu         ] GC(1712) User=0.05s Sys=0.01s Real=0.05s
[81.532s][info][gc,start       ] GC(1713) Pause Full (Allocation Failure)
[81.532s][info][gc,phases,start] GC(1713) Phase 1: Mark live objects
[81.545s][info][gc,phases      ] GC(1713) Phase 1: Mark live objects 12.867ms
[81.545s][info][gc,phases,start] GC(1713) Phase 2: Compute new object addresses
[81.550s][info][gc,phases      ] GC(1713) Phase 2: Compute new object addresses 5.066ms
[81.550s][info][gc,phases,start] GC(1713) Phase 3: Adjust pointers
[81.558s][info][gc,phases      ] GC(1713) Phase 3: Adjust pointers 8.054ms
[81.558s][info][gc,phases,start] GC(1713) Phase 4: Move objects
[81.568s][info][gc,phases      ] GC(1713) Phase 4: Move objects 10.136ms
[81.568s][info][gc,heap        ] GC(1713) DefNew: 156973K(157248K)->38188K(157248K) Eden: 139776K(139776K)->38188K(139776K) From: 17197K(17472K)->0K(17472K)
[81.568s][info][gc,heap        ] GC(1713) Tenured: 349438K(349568K)->349431K(349568K)
[81.568s][info][gc,metaspace   ] GC(1713) Metaspace: 31103K(31424K)->31103K(31424K) NonClass: 27849K(27968K)->27849K(27968K) Class: 3254K(3456K)->3254K(3456K)
[81.568s][info][gc             ] GC(1713) Pause Full (Allocation Failure) 494M->378M(494M) 36.762ms
[81.568s][info][gc,cpu         ] GC(1713) User=0.03s Sys=0.00s Real=0.03s
[81.580s][info][gc,start       ] GC(1714) Pause Full (Allocation Failure)
[81.580s][info][gc,phases,start] GC(1714) Phase 1: Mark live objects
[81.591s][info][gc,phases      ] GC(1714) Phase 1: Mark live objects 11.108ms
[81.592s][info][gc,phases,start] GC(1714) Phase 2: Compute new object addresses
[81.597s][info][gc,phases      ] GC(1714) Phase 2: Compute new object addresses 4.985ms
[81.597s][info][gc,phases,start] GC(1714) Phase 3: Adjust pointers
[81.604s][info][gc,phases      ] GC(1714) Phase 3: Adjust pointers 7.798ms
[81.604s][info][gc,phases,start] GC(1714) Phase 4: Move objects
[81.633s][info][gc,phases      ] GC(1714) Phase 4: Move objects 28.755ms
[81.633s][info][gc,heap        ] GC(1714) DefNew: 156984K(157248K)->33942K(157248K) Eden: 139776K(139776K)->33942K(139776K) From: 17208K(17472K)->0K(17472K)
[81.633s][info][gc,heap        ] GC(1714) Tenured: 349431K(349568K)->349473K(349568K)
[81.633s][info][gc,metaspace   ] GC(1714) Metaspace: 31103K(31424K)->31103K(31424K) NonClass: 27849K(27968K)->27849K(27968K) Class: 3254K(3456K)->3254K(3456K)
[81.633s][info][gc             ] GC(1714) Pause Full (Allocation Failure) 494M->374M(494M) 53.195ms
[81.634s][info][gc,cpu         ] GC(1714) User=0.05s Sys=0.00s Real=0.06s
[81.648s][info][gc,start       ] GC(1715) Pause Full (Allocation Failure)
[81.648s][info][gc,phases,start] GC(1715) Phase 1: Mark live objects
[81.660s][info][gc,phases      ] GC(1715) Phase 1: Mark live objects 12.033ms
[81.660s][info][gc,phases,start] GC(1715) Phase 2: Compute new object addresses
[81.666s][info][gc,phases      ] GC(1715) Phase 2: Compute new object addresses 5.370ms
[81.666s][info][gc,phases,start] GC(1715) Phase 3: Adjust pointers
[81.674s][info][gc,phases      ] GC(1715) Phase 3: Adjust pointers 8.080ms
[81.674s][info][gc,phases,start] GC(1715) Phase 4: Move objects
[81.702s][info][gc,phases      ] GC(1715) Phase 4: Move objects 27.946ms
[81.702s][info][gc,heap        ] GC(1715) DefNew: 156924K(157248K)->30686K(157248K) Eden: 139776K(139776K)->30686K(139776K) From: 17148K(17472K)->0K(17472K)
[81.702s][info][gc,heap        ] GC(1715) Tenured: 349473K(349568K)->349473K(349568K)
[81.702s][info][gc,metaspace   ] GC(1715) Metaspace: 31103K(31424K)->31103K(31424K) NonClass: 27849K(27968K)->27849K(27968K) Class: 3254K(3456K)->3254K(3456K)
[81.702s][info][gc             ] GC(1715) Pause Full (Allocation Failure) 494M->371M(494M) 54.041ms
[81.702s][info][gc,cpu         ] GC(1715) User=0.05s Sys=0.00s Real=0.06s
[81.713s][info][gc,start       ] GC(1716) Pause Full (Allocation Failure)
[81.713s][info][gc,phases,start] GC(1716) Phase 1: Mark live objects
[81.724s][info][gc,phases      ] GC(1716) Phase 1: Mark live objects 11.494ms
[81.724s][info][gc,phases,start] GC(1716) Phase 2: Compute new object addresses
[81.729s][info][gc,phases      ] GC(1716) Phase 2: Compute new object addresses 4.903ms
[81.729s][info][gc,phases,start] GC(1716) Phase 3: Adjust pointers
[81.736s][info][gc,phases      ] GC(1716) Phase 3: Adjust pointers 7.005ms
[81.736s][info][gc,phases,start] GC(1716) Phase 4: Move objects
[81.767s][info][gc,phases      ] GC(1716) Phase 4: Move objects 30.904ms
[81.767s][info][gc,heap        ] GC(1716) DefNew: 156836K(157248K)->10838K(157248K) Eden: 139776K(139776K)->10838K(139776K) From: 17060K(17472K)->0K(17472K)
[81.767s][info][gc,heap        ] GC(1716) Tenured: 349473K(349568K)->349321K(349568K)
[81.767s][info][gc,metaspace   ] GC(1716) Metaspace: 31103K(31424K)->31103K(31424K) NonClass: 27849K(27968K)->27849K(27968K) Class: 3254K(3456K)->3254K(3456K)
[81.768s][info][gc             ] GC(1716) Pause Full (Allocation Failure) 494M->351M(494M) 54.855ms
[81.768s][info][gc,cpu         ] GC(1716) User=0.06s Sys=0.00s Real=0.05s
[81.778s][info][gc,start       ] GC(1717) Pause Full (Allocation Failure)
[81.778s][info][gc,phases,start] GC(1717) Phase 1: Mark live objects
[81.791s][info][gc,phases      ] GC(1717) Phase 1: Mark live objects 13.042ms
[81.791s][info][gc,phases,start] GC(1717) Phase 2: Compute new object addresses
[81.797s][info][gc,phases      ] GC(1717) Phase 2: Compute new object addresses 6.096ms
[81.797s][info][gc,phases,start] GC(1717) Phase 3: Adjust pointers
[81.805s][info][gc,phases      ] GC(1717) Phase 3: Adjust pointers 7.861ms
[81.805s][info][gc,phases,start] GC(1717) Phase 4: Move objects
[81.811s][info][gc,phases      ] GC(1717) Phase 4: Move objects 5.276ms
[81.811s][info][gc,heap        ] GC(1717) DefNew: 156258K(157248K)->34783K(157248K) Eden: 139776K(139776K)->34783K(139776K) From: 16482K(17472K)->0K(17472K)
[81.811s][info][gc,heap        ] GC(1717) Tenured: 349321K(349568K)->349554K(349568K)
[81.811s][info][gc,metaspace   ] GC(1717) Metaspace: 31103K(31424K)->31103K(31424K) NonClass: 27849K(27968K)->27849K(27968K) Class: 3254K(3456K)->3254K(3456K)
[81.811s][info][gc             ] GC(1717) Pause Full (Allocation Failure) 493M->375M(494M) 33.026ms
[81.811s][info][gc,cpu         ] GC(1717) User=0.03s Sys=0.00s Real=0.04s
[81.822s][info][gc,start       ] GC(1718) Pause Full (Allocation Failure)
[81.822s][info][gc,phases,start] GC(1718) Phase 1: Mark live objects
[81.833s][info][gc,phases      ] GC(1718) Phase 1: Mark live objects 11.506ms
[81.833s][info][gc,phases,start] GC(1718) Phase 2: Compute new object addresses
[81.838s][info][gc,phases      ] GC(1718) Phase 2: Compute new object addresses 5.301ms
[81.839s][info][gc,phases,start] GC(1718) Phase 3: Adjust pointers
[81.846s][info][gc,phases      ] GC(1718) Phase 3: Adjust pointers 7.927ms
[81.846s][info][gc,phases,start] GC(1718) Phase 4: Move objects
[81.875s][info][gc,phases      ] GC(1718) Phase 4: Move objects 28.564ms
[81.875s][info][gc,heap        ] GC(1718) DefNew: 157069K(157248K)->34543K(157248K) Eden: 139776K(139776K)->34543K(139776K) From: 17293K(17472K)->0K(17472K)
[81.875s][info][gc,heap        ] GC(1718) Tenured: 349554K(349568K)->349471K(349568K)
[81.875s][info][gc,metaspace   ] GC(1718) Metaspace: 31103K(31424K)->31103K(31424K) NonClass: 27849K(27968K)->27849K(27968K) Class: 3254K(3456K)->3254K(3456K)
[81.875s][info][gc             ] GC(1718) Pause Full (Allocation Failure) 494M->375M(494M) 53.795ms
[81.875s][info][gc,cpu         ] GC(1718) User=0.06s Sys=0.00s Real=0.06s
[81.886s][info][gc,start       ] GC(1719) Pause Full (Allocation Failure)
[81.886s][info][gc,phases,start] GC(1719) Phase 1: Mark live objects
[81.896s][info][gc,phases      ] GC(1719) Phase 1: Mark live objects 9.922ms
[81.896s][info][gc,phases,start] GC(1719) Phase 2: Compute new object addresses
[81.901s][info][gc,phases      ] GC(1719) Phase 2: Compute new object addresses 5.317ms
[81.901s][info][gc,phases,start] GC(1719) Phase 3: Adjust pointers
[81.908s][info][gc,phases      ] GC(1719) Phase 3: Adjust pointers 7.049ms
[81.908s][info][gc,phases,start] GC(1719) Phase 4: Move objects
[81.939s][info][gc,phases      ] GC(1719) Phase 4: Move objects 30.389ms
[81.939s][info][gc,heap        ] GC(1719) DefNew: 156631K(157248K)->17506K(157248K) Eden: 139776K(139776K)->17506K(139776K) From: 16855K(17472K)->0K(17472K)
[81.939s][info][gc,heap        ] GC(1719) Tenured: 349471K(349568K)->349469K(349568K)
[81.939s][info][gc,metaspace   ] GC(1719) Metaspace: 31103K(31424K)->31103K(31424K) NonClass: 27849K(27968K)->27849K(27968K) Class: 3254K(3456K)->3254K(3456K)
[81.939s][info][gc             ] GC(1719) Pause Full (Allocation Failure) 494M->358M(494M) 53.207ms
[81.939s][info][gc,cpu         ] GC(1719) User=0.05s Sys=0.00s Real=0.05s
[81.949s][info][gc,start       ] GC(1720) Pause Full (Allocation Failure)
[81.949s][info][gc,phases,start] GC(1720) Phase 1: Mark live objects
[81.960s][info][gc,phases      ] GC(1720) Phase 1: Mark live objects 10.789ms
[81.960s][info][gc,phases,start] GC(1720) Phase 2: Compute new object addresses
[81.966s][info][gc,phases      ] GC(1720) Phase 2: Compute new object addresses 5.409ms
[81.966s][info][gc,phases,start] GC(1720) Phase 3: Adjust pointers
[81.973s][info][gc,phases      ] GC(1720) Phase 3: Adjust pointers 7.273ms
[81.973s][info][gc,phases,start] GC(1720) Phase 4: Move objects
[82.005s][info][gc,phases      ] GC(1720) Phase 4: Move objects 31.869ms
[82.005s][info][gc,heap        ] GC(1720) DefNew: 156998K(157248K)->16828K(157248K) Eden: 139776K(139776K)->16828K(139776K) From: 17222K(17472K)->0K(17472K)
[82.005s][info][gc,heap        ] GC(1720) Tenured: 349469K(349568K)->349459K(349568K)
[82.005s][info][gc,metaspace   ] GC(1720) Metaspace: 31103K(31424K)->31103K(31424K) NonClass: 27849K(27968K)->27849K(27968K) Class: 3254K(3456K)->3254K(3456K)
[82.005s][info][gc             ] GC(1720) Pause Full (Allocation Failure) 494M->357M(494M) 55.987ms
[82.005s][info][gc,cpu         ] GC(1720) User=0.06s Sys=0.00s Real=0.06s
[82.016s][info][gc,start       ] GC(1721) Pause Full (Allocation Failure)
[82.016s][info][gc,phases,start] GC(1721) Phase 1: Mark live objects
[82.026s][info][gc,phases      ] GC(1721) Phase 1: Mark live objects 10.258ms
[82.026s][info][gc,phases,start] GC(1721) Phase 2: Compute new object addresses
[82.031s][info][gc,phases      ] GC(1721) Phase 2: Compute new object addresses 4.893ms
[82.031s][info][gc,phases,start] GC(1721) Phase 3: Adjust pointers
[82.037s][info][gc,phases      ] GC(1721) Phase 3: Adjust pointers 6.407ms
[82.037s][info][gc,phases,start] GC(1721) Phase 4: Move objects
[82.041s][info][gc,phases      ] GC(1721) Phase 4: Move objects 3.648ms
[82.041s][info][gc,heap        ] GC(1721) DefNew: 156766K(157248K)->40897K(157248K) Eden: 139776K(139776K)->40897K(139776K) From: 16990K(17472K)->0K(17472K)
[82.041s][info][gc,heap        ] GC(1721) Tenured: 349459K(349568K)->349472K(349568K)
[82.041s][info][gc,metaspace   ] GC(1721) Metaspace: 31103K(31424K)->31103K(31424K) NonClass: 27849K(27968K)->27849K(27968K) Class: 3254K(3456K)->3254K(3456K)
[82.041s][info][gc             ] GC(1721) Pause Full (Allocation Failure) 494M->381M(494M) 25.640ms
[82.041s][info][gc,cpu         ] GC(1721) User=0.02s Sys=0.00s Real=0.02s
[82.052s][info][gc,start       ] GC(1722) Pause Full (Allocation Failure)
[82.052s][info][gc,phases,start] GC(1722) Phase 1: Mark live objects
[82.063s][info][gc,phases      ] GC(1722) Phase 1: Mark live objects 10.905ms
[82.063s][info][gc,phases,start] GC(1722) Phase 2: Compute new object addresses
[82.069s][info][gc,phases      ] GC(1722) Phase 2: Compute new object addresses 6.072ms
[82.069s][info][gc,phases,start] GC(1722) Phase 3: Adjust pointers
[82.077s][info][gc,phases      ] GC(1722) Phase 3: Adjust pointers 8.217ms
[82.077s][info][gc,phases,start] GC(1722) Phase 4: Move objects
[82.107s][info][gc,phases      ] GC(1722) Phase 4: Move objects 29.951ms
[82.108s][info][gc,heap        ] GC(1722) DefNew: 156928K(157248K)->40975K(157248K) Eden: 139776K(139776K)->40975K(139776K) From: 17152K(17472K)->0K(17472K)
[82.108s][info][gc,heap        ] GC(1722) Tenured: 349472K(349568K)->349464K(349568K)
[82.108s][info][gc,metaspace   ] GC(1722) Metaspace: 31103K(31424K)->31103K(31424K) NonClass: 27849K(27968K)->27849K(27968K) Class: 3254K(3456K)->3254K(3456K)
[82.108s][info][gc             ] GC(1722) Pause Full (Allocation Failure) 494M->381M(494M) 55.699ms
[82.108s][info][gc,cpu         ] GC(1722) User=0.06s Sys=0.00s Real=0.05s
[82.126s][info][gc,start       ] GC(1723) Pause Full (Allocation Failure)
[82.126s][info][gc,phases,start] GC(1723) Phase 1: Mark live objects
[82.140s][info][gc,phases      ] GC(1723) Phase 1: Mark live objects 13.471ms
[82.140s][info][gc,phases,start] GC(1723) Phase 2: Compute new object addresses
[82.146s][info][gc,phases      ] GC(1723) Phase 2: Compute new object addresses 6.049ms
[82.146s][info][gc,phases,start] GC(1723) Phase 3: Adjust pointers
[82.155s][info][gc,phases      ] GC(1723) Phase 3: Adjust pointers 9.411ms
[82.155s][info][gc,phases,start] GC(1723) Phase 4: Move objects
[82.191s][info][gc,phases      ] GC(1723) Phase 4: Move objects 35.137ms
[82.191s][info][gc,heap        ] GC(1723) DefNew: 157165K(157248K)->21374K(157248K) Eden: 139776K(139776K)->21374K(139776K) From: 17389K(17472K)->0K(17472K)
[82.191s][info][gc,heap        ] GC(1723) Tenured: 349464K(349568K)->349553K(349568K)
[82.191s][info][gc,metaspace   ] GC(1723) Metaspace: 31103K(31424K)->31103K(31424K) NonClass: 27849K(27968K)->27849K(27968K) Class: 3254K(3456K)->3254K(3456K)
[82.191s][info][gc             ] GC(1723) Pause Full (Allocation Failure) 494M->362M(494M) 64.868ms
[82.191s][info][gc,cpu         ] GC(1723) User=0.07s Sys=0.00s Real=0.07s
[82.256s][info][gc,start       ] GC(1724) Pause Full (Allocation Failure)
[82.256s][info][gc,phases,start] GC(1724) Phase 1: Mark live objects
[82.266s][info][gc,phases      ] GC(1724) Phase 1: Mark live objects 10.710ms
[82.266s][info][gc,phases,start] GC(1724) Phase 2: Compute new object addresses
[82.271s][info][gc,phases      ] GC(1724) Phase 2: Compute new object addresses 5.048ms
[82.271s][info][gc,phases,start] GC(1724) Phase 3: Adjust pointers
[82.279s][info][gc,phases      ] GC(1724) Phase 3: Adjust pointers 7.703ms
[82.279s][info][gc,phases,start] GC(1724) Phase 4: Move objects
[82.310s][info][gc,phases      ] GC(1724) Phase 4: Move objects 30.454ms
[82.310s][info][gc,heap        ] GC(1724) DefNew: 157102K(157248K)->26501K(157248K) Eden: 139776K(139776K)->26501K(139776K) From: 17326K(17472K)->0K(17472K)
[82.310s][info][gc,heap        ] GC(1724) Tenured: 349553K(349568K)->349462K(349568K)
[82.310s][info][gc,metaspace   ] GC(1724) Metaspace: 31103K(31424K)->31103K(31424K) NonClass: 27849K(27968K)->27849K(27968K) Class: 3254K(3456K)->3254K(3456K)
[82.310s][info][gc             ] GC(1724) Pause Full (Allocation Failure) 494M->367M(494M) 54.484ms
[82.310s][info][gc,cpu         ] GC(1724) User=0.06s Sys=0.00s Real=0.05s
[82.321s][info][gc,start       ] GC(1725) Pause Full (Allocation Failure)
[82.321s][info][gc,phases,start] GC(1725) Phase 1: Mark live objects
[82.332s][info][gc,phases      ] GC(1725) Phase 1: Mark live objects 11.580ms
[82.332s][info][gc,phases,start] GC(1725) Phase 2: Compute new object addresses
[82.337s][info][gc,phases      ] GC(1725) Phase 2: Compute new object addresses 5.055ms
[82.337s][info][gc,phases,start] GC(1725) Phase 3: Adjust pointers
[82.345s][info][gc,phases      ] GC(1725) Phase 3: Adjust pointers 7.772ms
[82.345s][info][gc,phases,start] GC(1725) Phase 4: Move objects
[82.357s][info][gc,phases      ] GC(1725) Phase 4: Move objects 11.814ms
[82.357s][info][gc,heap        ] GC(1725) DefNew: 156813K(157248K)->42762K(157248K) Eden: 139776K(139776K)->42762K(139776K) From: 17037K(17472K)->0K(17472K)
[82.357s][info][gc,heap        ] GC(1725) Tenured: 349462K(349568K)->349461K(349568K)
[82.357s][info][gc,metaspace   ] GC(1725) Metaspace: 31103K(31424K)->31103K(31424K) NonClass: 27849K(27968K)->27849K(27968K) Class: 3254K(3456K)->3254K(3456K)
[82.357s][info][gc             ] GC(1725) Pause Full (Allocation Failure) 494M->383M(494M) 36.794ms
[82.357s][info][gc,cpu         ] GC(1725) User=0.03s Sys=0.00s Real=0.04s
[82.366s][info][gc,start       ] GC(1726) Pause Full (Allocation Failure)
[82.366s][info][gc,phases,start] GC(1726) Phase 1: Mark live objects
[82.377s][info][gc,phases      ] GC(1726) Phase 1: Mark live objects 11.020ms
[82.377s][info][gc,phases,start] GC(1726) Phase 2: Compute new object addresses
[82.383s][info][gc,phases      ] GC(1726) Phase 2: Compute new object addresses 6.045ms
[82.383s][info][gc,phases,start] GC(1726) Phase 3: Adjust pointers
[82.390s][info][gc,phases      ] GC(1726) Phase 3: Adjust pointers 7.249ms
[82.390s][info][gc,phases,start] GC(1726) Phase 4: Move objects
[82.416s][info][gc,phases      ] GC(1726) Phase 4: Move objects 25.941ms
[82.416s][info][gc,heap        ] GC(1726) DefNew: 157156K(157248K)->42525K(157248K) Eden: 139776K(139776K)->42525K(139776K) From: 17380K(17472K)->0K(17472K)
[82.416s][info][gc,heap        ] GC(1726) Tenured: 349461K(349568K)->349463K(349568K)
[82.416s][info][gc,metaspace   ] GC(1726) Metaspace: 31103K(31424K)->31103K(31424K) NonClass: 27849K(27968K)->27849K(27968K) Class: 3254K(3456K)->3254K(3456K)
[82.416s][info][gc             ] GC(1726) Pause Full (Allocation Failure) 494M->382M(494M) 50.776ms
[82.416s][info][gc,cpu         ] GC(1726) User=0.05s Sys=0.00s Real=0.05s
[82.423s][info][gc,start       ] GC(1727) Pause Full (Allocation Failure)
[82.423s][info][gc,phases,start] GC(1727) Phase 1: Mark live objects
[82.432s][info][gc,phases      ] GC(1727) Phase 1: Mark live objects 9.679ms
[82.432s][info][gc,phases,start] GC(1727) Phase 2: Compute new object addresses
[82.437s][info][gc,phases      ] GC(1727) Phase 2: Compute new object addresses 4.719ms
[82.437s][info][gc,phases,start] GC(1727) Phase 3: Adjust pointers
[82.444s][info][gc,phases      ] GC(1727) Phase 3: Adjust pointers 6.622ms
[82.444s][info][gc,phases,start] GC(1727) Phase 4: Move objects
[82.471s][info][gc,phases      ] GC(1727) Phase 4: Move objects 26.701ms
[82.471s][info][gc,heap        ] GC(1727) DefNew: 157080K(157248K)->36508K(157248K) Eden: 139776K(139776K)->36508K(139776K) From: 17304K(17472K)->0K(17472K)
[82.471s][info][gc,heap        ] GC(1727) Tenured: 349463K(349568K)->349466K(349568K)
[82.471s][info][gc,metaspace   ] GC(1727) Metaspace: 31103K(31424K)->31103K(31424K) NonClass: 27849K(27968K)->27849K(27968K) Class: 3254K(3456K)->3254K(3456K)
[82.471s][info][gc             ] GC(1727) Pause Full (Allocation Failure) 494M->376M(494M) 48.212ms
[82.471s][info][gc,cpu         ] GC(1727) User=0.05s Sys=0.00s Real=0.05s
[82.482s][info][gc,start       ] GC(1728) Pause Full (Allocation Failure)
[82.482s][info][gc,phases,start] GC(1728) Phase 1: Mark live objects
[82.492s][info][gc,phases      ] GC(1728) Phase 1: Mark live objects 10.250ms
[82.492s][info][gc,phases,start] GC(1728) Phase 2: Compute new object addresses
[82.497s][info][gc,phases      ] GC(1728) Phase 2: Compute new object addresses 4.854ms
[82.497s][info][gc,phases,start] GC(1728) Phase 3: Adjust pointers
[82.505s][info][gc,phases      ] GC(1728) Phase 3: Adjust pointers 7.920ms
[82.505s][info][gc,phases,start] GC(1728) Phase 4: Move objects
[82.535s][info][gc,phases      ] GC(1728) Phase 4: Move objects 30.426ms
[82.536s][info][gc,heap        ] GC(1728) DefNew: 157160K(157248K)->18676K(157248K) Eden: 139776K(139776K)->18676K(139776K) From: 17384K(17472K)->0K(17472K)
[82.536s][info][gc,heap        ] GC(1728) Tenured: 349466K(349568K)->349162K(349568K)
[82.536s][info][gc,metaspace   ] GC(1728) Metaspace: 31103K(31424K)->31103K(31424K) NonClass: 27849K(27968K)->27849K(27968K) Class: 3254K(3456K)->3254K(3456K)
[82.536s][info][gc             ] GC(1728) Pause Full (Allocation Failure) 494M->359M(494M) 54.031ms
[82.536s][info][gc,cpu         ] GC(1728) User=0.06s Sys=0.00s Real=0.06s
[82.544s][info][gc,start       ] GC(1729) Pause Full (Allocation Failure)
[82.544s][info][gc,phases,start] GC(1729) Phase 1: Mark live objects
[82.555s][info][gc,phases      ] GC(1729) Phase 1: Mark live objects 10.644ms
[82.555s][info][gc,phases,start] GC(1729) Phase 2: Compute new object addresses
[82.560s][info][gc,phases      ] GC(1729) Phase 2: Compute new object addresses 4.760ms
[82.560s][info][gc,phases,start] GC(1729) Phase 3: Adjust pointers
[82.567s][info][gc,phases      ] GC(1729) Phase 3: Adjust pointers 6.958ms
[82.567s][info][gc,phases,start] GC(1729) Phase 4: Move objects
[82.571s][info][gc,phases      ] GC(1729) Phase 4: Move objects 3.968ms
[82.571s][info][gc,heap        ] GC(1729) DefNew: 156956K(157248K)->42195K(157248K) Eden: 139776K(139776K)->42195K(139776K) From: 17180K(17472K)->0K(17472K)
[82.571s][info][gc,heap        ] GC(1729) Tenured: 349162K(349568K)->349426K(349568K)
[82.571s][info][gc,metaspace   ] GC(1729) Metaspace: 31103K(31424K)->31103K(31424K) NonClass: 27849K(27968K)->27849K(27968K) Class: 3254K(3456K)->3254K(3456K)
[82.571s][info][gc             ] GC(1729) Pause Full (Allocation Failure) 494M->382M(494M) 26.795ms
[82.571s][info][gc,cpu         ] GC(1729) User=0.02s Sys=0.00s Real=0.03s
[82.578s][info][gc,start       ] GC(1730) Pause Young (GCLocker Initiated GC)
[82.578s][info][gc,heap        ] GC(1730) DefNew: 157020K(157248K)->157020K(157248K) Eden: 139776K(139776K)->139776K(139776K) From: 17244K(17472K)->17244K(17472K)
[82.578s][info][gc,heap        ] GC(1730) Tenured: 349426K(349568K)->349426K(349568K)
[82.578s][info][gc,metaspace   ] GC(1730) Metaspace: 31103K(31424K)->31103K(31424K) NonClass: 27849K(27968K)->27849K(27968K) Class: 3254K(3456K)->3254K(3456K)
[82.578s][info][gc             ] GC(1730) Pause Young (GCLocker Initiated GC) 494M->494M(494M) 0.104ms
[82.578s][info][gc,cpu         ] GC(1730) User=0.00s Sys=0.00s Real=0.00s
[82.578s][info][gc,start       ] GC(1731) Pause Full (GCLocker Initiated GC)
[82.578s][info][gc,phases,start] GC(1731) Phase 1: Mark live objects
[82.588s][info][gc,phases      ] GC(1731) Phase 1: Mark live objects 10.008ms
[82.588s][info][gc,phases,start] GC(1731) Phase 2: Compute new object addresses
[82.593s][info][gc,phases      ] GC(1731) Phase 2: Compute new object addresses 5.398ms
[82.593s][info][gc,phases,start] GC(1731) Phase 3: Adjust pointers
[82.601s][info][gc,phases      ] GC(1731) Phase 3: Adjust pointers 7.531ms
[82.601s][info][gc,phases,start] GC(1731) Phase 4: Move objects
[82.626s][info][gc,phases      ] GC(1731) Phase 4: Move objects 25.052ms
[82.626s][info][gc,heap        ] GC(1731) DefNew: 157020K(157248K)->44055K(157248K) Eden: 139776K(139776K)->44055K(139776K) From: 17244K(17472K)->0K(17472K)
[82.626s][info][gc,heap        ] GC(1731) Tenured: 349426K(349568K)->349457K(349568K)
[82.626s][info][gc,metaspace   ] GC(1731) Metaspace: 31103K(31424K)->31103K(31424K) NonClass: 27849K(27968K)->27849K(27968K) Class: 3254K(3456K)->3254K(3456K)
[82.626s][info][gc             ] GC(1731) Pause Full (GCLocker Initiated GC) 494M->384M(494M) 48.599ms
[82.626s][info][gc,cpu         ] GC(1731) User=0.05s Sys=0.00s Real=0.05s
[82.636s][info][gc,start       ] GC(1732) Pause Full (Allocation Failure)
[82.636s][info][gc,phases,start] GC(1732) Phase 1: Mark live objects
[82.646s][info][gc,phases      ] GC(1732) Phase 1: Mark live objects 10.289ms
[82.646s][info][gc,phases,start] GC(1732) Phase 2: Compute new object addresses
[82.651s][info][gc,phases      ] GC(1732) Phase 2: Compute new object addresses 4.179ms
[82.651s][info][gc,phases,start] GC(1732) Phase 3: Adjust pointers
[82.657s][info][gc,phases      ] GC(1732) Phase 3: Adjust pointers 6.149ms
[82.657s][info][gc,phases,start] GC(1732) Phase 4: Move objects
[82.682s][info][gc,phases      ] GC(1732) Phase 4: Move objects 25.599ms
[82.683s][info][gc,heap        ] GC(1732) DefNew: 156912K(157248K)->23151K(157248K) Eden: 139776K(139776K)->23151K(139776K) From: 17136K(17472K)->0K(17472K)
[82.683s][info][gc,heap        ] GC(1732) Tenured: 349457K(349568K)->349202K(349568K)
[82.683s][info][gc,metaspace   ] GC(1732) Metaspace: 31103K(31424K)->31103K(31424K) NonClass: 27849K(27968K)->27849K(27968K) Class: 3254K(3456K)->3254K(3456K)
[82.683s][info][gc             ] GC(1732) Pause Full (Allocation Failure) 494M->363M(494M) 46.668ms
[82.683s][info][gc,cpu         ] GC(1732) User=0.04s Sys=0.00s Real=0.05s
[82.690s][info][gc,start       ] GC(1733) Pause Full (Allocation Failure)
[82.690s][info][gc,phases,start] GC(1733) Phase 1: Mark live objects
[82.700s][info][gc,phases      ] GC(1733) Phase 1: Mark live objects 9.587ms
[82.700s][info][gc,phases,start] GC(1733) Phase 2: Compute new object addresses
[82.704s][info][gc,phases      ] GC(1733) Phase 2: Compute new object addresses 4.697ms
[82.704s][info][gc,phases,start] GC(1733) Phase 3: Adjust pointers
[82.714s][info][gc,phases      ] GC(1733) Phase 3: Adjust pointers 9.643ms
[82.714s][info][gc,phases,start] GC(1733) Phase 4: Move objects
[82.739s][info][gc,phases      ] GC(1733) Phase 4: Move objects 24.639ms
[82.739s][info][gc,heap        ] GC(1733) DefNew: 157109K(157248K)->26081K(157248K) Eden: 139776K(139776K)->26081K(139776K) From: 17333K(17472K)->0K(17472K)
[82.739s][info][gc,heap        ] GC(1733) Tenured: 349458K(349568K)->349453K(349568K)
[82.739s][info][gc,metaspace   ] GC(1733) Metaspace: 31103K(31424K)->31103K(31424K) NonClass: 27849K(27968K)->27849K(27968K) Class: 3254K(3456K)->3254K(3456K)
[82.739s][info][gc             ] GC(1733) Pause Full (Allocation Failure) 494M->366M(494M) 49.112ms
[82.739s][info][gc,cpu         ] GC(1733) User=0.05s Sys=0.00s Real=0.05s
[82.748s][info][gc,start       ] GC(1734) Pause Full (Allocation Failure)
[82.748s][info][gc,phases,start] GC(1734) Phase 1: Mark live objects
[82.758s][info][gc,phases      ] GC(1734) Phase 1: Mark live objects 9.748ms
[82.758s][info][gc,phases,start] GC(1734) Phase 2: Compute new object addresses
[82.763s][info][gc,phases      ] GC(1734) Phase 2: Compute new object addresses 5.161ms
[82.763s][info][gc,phases,start] GC(1734) Phase 3: Adjust pointers
[82.770s][info][gc,phases      ] GC(1734) Phase 3: Adjust pointers 7.302ms
[82.771s][info][gc,phases,start] GC(1734) Phase 4: Move objects
[82.780s][info][gc,phases      ] GC(1734) Phase 4: Move objects 9.269ms
[82.780s][info][gc,heap        ] GC(1734) DefNew: 156966K(157248K)->44484K(157248K) Eden: 139776K(139776K)->44484K(139776K) From: 17190K(17472K)->0K(17472K)
[82.780s][info][gc,heap        ] GC(1734) Tenured: 349453K(349568K)->349567K(349568K)
[82.780s][info][gc,metaspace   ] GC(1734) Metaspace: 31103K(31424K)->31103K(31424K) NonClass: 27849K(27968K)->27849K(27968K) Class: 3254K(3456K)->3254K(3456K)
[82.780s][info][gc             ] GC(1734) Pause Full (Allocation Failure) 494M->384M(494M) 31.932ms
[82.780s][info][gc,cpu         ] GC(1734) User=0.04s Sys=0.00s Real=0.03s
[82.788s][info][gc,start       ] GC(1735) Pause Full (Allocation Failure)
[82.788s][info][gc,phases,start] GC(1735) Phase 1: Mark live objects
[82.798s][info][gc,phases      ] GC(1735) Phase 1: Mark live objects 10.362ms
[82.798s][info][gc,phases,start] GC(1735) Phase 2: Compute new object addresses
[82.803s][info][gc,phases      ] GC(1735) Phase 2: Compute new object addresses 4.740ms
[82.803s][info][gc,phases,start] GC(1735) Phase 3: Adjust pointers
[82.810s][info][gc,phases      ] GC(1735) Phase 3: Adjust pointers 7.420ms
[82.810s][info][gc,phases,start] GC(1735) Phase 4: Move objects
[82.835s][info][gc,phases      ] GC(1735) Phase 4: Move objects 24.875ms
[82.835s][info][gc,heap        ] GC(1735) DefNew: 157128K(157248K)->44074K(157248K) Eden: 139776K(139776K)->44074K(139776K) From: 17352K(17472K)->0K(17472K)
[82.835s][info][gc,heap        ] GC(1735) Tenured: 349567K(349568K)->349427K(349568K)
[82.835s][info][gc,metaspace   ] GC(1735) Metaspace: 31103K(31424K)->31103K(31424K) NonClass: 27849K(27968K)->27849K(27968K) Class: 3254K(3456K)->3254K(3456K)
[82.835s][info][gc             ] GC(1735) Pause Full (Allocation Failure) 494M->384M(494M) 47.850ms
[82.835s][info][gc,cpu         ] GC(1735) User=0.05s Sys=0.00s Real=0.05s
[82.844s][info][gc,start       ] GC(1736) Pause Full (Allocation Failure)
[82.844s][info][gc,phases,start] GC(1736) Phase 1: Mark live objects
[82.854s][info][gc,phases      ] GC(1736) Phase 1: Mark live objects 9.792ms
[82.854s][info][gc,phases,start] GC(1736) Phase 2: Compute new object addresses
[82.859s][info][gc,phases      ] GC(1736) Phase 2: Compute new object addresses 4.781ms
[82.859s][info][gc,phases,start] GC(1736) Phase 3: Adjust pointers
[82.867s][info][gc,phases      ] GC(1736) Phase 3: Adjust pointers 7.641ms
[82.867s][info][gc,phases,start] GC(1736) Phase 4: Move objects
[82.892s][info][gc,phases      ] GC(1736) Phase 4: Move objects 25.527ms
[82.893s][info][gc,heap        ] GC(1736) DefNew: 157015K(157248K)->24733K(157248K) Eden: 139776K(139776K)->24733K(139776K) From: 17239K(17472K)->0K(17472K)
[82.893s][info][gc,heap        ] GC(1736) Tenured: 349427K(349568K)->349540K(349568K)
[82.893s][info][gc,metaspace   ] GC(1736) Metaspace: 31103K(31424K)->31103K(31424K) NonClass: 27849K(27968K)->27849K(27968K) Class: 3254K(3456K)->3254K(3456K)
[82.893s][info][gc             ] GC(1736) Pause Full (Allocation Failure) 494M->365M(494M) 48.238ms
[82.893s][info][gc,cpu         ] GC(1736) User=0.05s Sys=0.00s Real=0.05s
[82.903s][info][gc,start       ] GC(1737) Pause Full (Allocation Failure)
[82.903s][info][gc,phases,start] GC(1737) Phase 1: Mark live objects
[82.913s][info][gc,phases      ] GC(1737) Phase 1: Mark live objects 9.861ms
[82.913s][info][gc,phases,start] GC(1737) Phase 2: Compute new object addresses
[82.919s][info][gc,phases      ] GC(1737) Phase 2: Compute new object addresses 5.295ms
[82.919s][info][gc,phases,start] GC(1737) Phase 3: Adjust pointers
[82.925s][info][gc,phases      ] GC(1737) Phase 3: Adjust pointers 6.574ms
[82.925s][info][gc,phases,start] GC(1737) Phase 4: Move objects
[82.949s][info][gc,phases      ] GC(1737) Phase 4: Move objects 24.176ms
[82.950s][info][gc,heap        ] GC(1737) DefNew: 156666K(157248K)->23205K(157248K) Eden: 139776K(139776K)->23205K(139776K) From: 16890K(17472K)->0K(17472K)
[82.950s][info][gc,heap        ] GC(1737) Tenured: 349540K(349568K)->349467K(349568K)
[82.950s][info][gc,metaspace   ] GC(1737) Metaspace: 31103K(31424K)->31103K(31424K) NonClass: 27849K(27968K)->27849K(27968K) Class: 3254K(3456K)->3254K(3456K)
[82.950s][info][gc             ] GC(1737) Pause Full (Allocation Failure) 494M->363M(494M) 46.400ms
[82.950s][info][gc,cpu         ] GC(1737) User=0.05s Sys=0.00s Real=0.04s
[82.958s][info][gc,start       ] GC(1738) Pause Full (Allocation Failure)
[82.958s][info][gc,phases,start] GC(1738) Phase 1: Mark live objects
[82.967s][info][gc,phases      ] GC(1738) Phase 1: Mark live objects 8.877ms
[82.967s][info][gc,phases,start] GC(1738) Phase 2: Compute new object addresses
[82.971s][info][gc,phases      ] GC(1738) Phase 2: Compute new object addresses 4.204ms
[82.971s][info][gc,phases,start] GC(1738) Phase 3: Adjust pointers
[82.977s][info][gc,phases      ] GC(1738) Phase 3: Adjust pointers 5.914ms
[82.977s][info][gc,phases,start] GC(1738) Phase 4: Move objects
[82.981s][info][gc,phases      ] GC(1738) Phase 4: Move objects 3.664ms
[82.981s][info][gc,heap        ] GC(1738) DefNew: 157241K(157248K)->44292K(157248K) Eden: 139776K(139776K)->44292K(139776K) From: 17465K(17472K)->0K(17472K)
[82.981s][info][gc,heap        ] GC(1738) Tenured: 349467K(349568K)->349467K(349568K)
[82.981s][info][gc,metaspace   ] GC(1738) Metaspace: 31103K(31424K)->31103K(31424K) NonClass: 27849K(27968K)->27849K(27968K) Class: 3254K(3456K)->3254K(3456K)
[82.981s][info][gc             ] GC(1738) Pause Full (Allocation Failure) 494M->384M(494M) 23.099ms
[82.981s][info][gc,cpu         ] GC(1738) User=0.02s Sys=0.01s Real=0.02s
[82.992s][info][gc,start       ] GC(1739) Pause Full (Allocation Failure)
[82.992s][info][gc,phases,start] GC(1739) Phase 1: Mark live objects
[83.001s][info][gc,phases      ] GC(1739) Phase 1: Mark live objects 9.871ms
[83.002s][info][gc,phases,start] GC(1739) Phase 2: Compute new object addresses
[83.006s][info][gc,phases      ] GC(1739) Phase 2: Compute new object addresses 4.501ms
[83.006s][info][gc,phases,start] GC(1739) Phase 3: Adjust pointers
[83.013s][info][gc,phases      ] GC(1739) Phase 3: Adjust pointers 6.475ms
[83.013s][info][gc,phases,start] GC(1739) Phase 4: Move objects
[83.036s][info][gc,phases      ] GC(1739) Phase 4: Move objects 23.042ms
[83.036s][info][gc,heap        ] GC(1739) DefNew: 156988K(157248K)->37060K(157248K) Eden: 139776K(139776K)->37060K(139776K) From: 17212K(17472K)->0K(17472K)
[83.036s][info][gc,heap        ] GC(1739) Tenured: 349467K(349568K)->349542K(349568K)
[83.036s][info][gc,metaspace   ] GC(1739) Metaspace: 31103K(31424K)->31103K(31424K) NonClass: 27849K(27968K)->27849K(27968K) Class: 3254K(3456K)->3254K(3456K)
[83.036s][info][gc             ] GC(1739) Pause Full (Allocation Failure) 494M->377M(494M) 44.425ms
[83.036s][info][gc,cpu         ] GC(1739) User=0.05s Sys=0.00s Real=0.04s
[83.048s][info][gc,start       ] GC(1740) Pause Full (Allocation Failure)
[83.048s][info][gc,phases,start] GC(1740) Phase 1: Mark live objects
[83.057s][info][gc,phases      ] GC(1740) Phase 1: Mark live objects 9.754ms
[83.057s][info][gc,phases,start] GC(1740) Phase 2: Compute new object addresses
[83.065s][info][gc,phases      ] GC(1740) Phase 2: Compute new object addresses 7.404ms
[83.065s][info][gc,phases,start] GC(1740) Phase 3: Adjust pointers
[83.074s][info][gc,phases      ] GC(1740) Phase 3: Adjust pointers 9.344ms
[83.074s][info][gc,phases,start] GC(1740) Phase 4: Move objects
[83.099s][info][gc,phases      ] GC(1740) Phase 4: Move objects 24.846ms
[83.100s][info][gc,heap        ] GC(1740) DefNew: 157193K(157248K)->34796K(157248K) Eden: 139776K(139776K)->34796K(139776K) From: 17417K(17472K)->0K(17472K)
[83.100s][info][gc,heap        ] GC(1740) Tenured: 349542K(349568K)->349462K(349568K)
[83.100s][info][gc,metaspace   ] GC(1740) Metaspace: 31103K(31424K)->31103K(31424K) NonClass: 27849K(27968K)->27849K(27968K) Class: 3254K(3456K)->3254K(3456K)
[83.100s][info][gc             ] GC(1740) Pause Full (Allocation Failure) 494M->375M(494M) 52.211ms
[83.100s][info][gc,cpu         ] GC(1740) User=0.05s Sys=0.00s Real=0.05s
[83.110s][info][gc,start       ] GC(1741) Pause Full (Allocation Failure)
[83.110s][info][gc,phases,start] GC(1741) Phase 1: Mark live objects
[83.120s][info][gc,phases      ] GC(1741) Phase 1: Mark live objects 10.097ms
[83.120s][info][gc,phases,start] GC(1741) Phase 2: Compute new object addresses
[83.125s][info][gc,phases      ] GC(1741) Phase 2: Compute new object addresses 4.711ms
[83.125s][info][gc,phases,start] GC(1741) Phase 3: Adjust pointers
[83.133s][info][gc,phases      ] GC(1741) Phase 3: Adjust pointers 7.772ms
[83.133s][info][gc,phases,start] GC(1741) Phase 4: Move objects
[83.159s][info][gc,phases      ] GC(1741) Phase 4: Move objects 26.096ms
[83.159s][info][gc,heap        ] GC(1741) DefNew: 156624K(157248K)->16235K(157248K) Eden: 139776K(139776K)->16235K(139776K) From: 16848K(17472K)->0K(17472K)
[83.159s][info][gc,heap        ] GC(1741) Tenured: 349462K(349568K)->349556K(349568K)
[83.159s][info][gc,metaspace   ] GC(1741) Metaspace: 31103K(31424K)->31103K(31424K) NonClass: 27849K(27968K)->27849K(27968K) Class: 3254K(3456K)->3254K(3456K)
[83.159s][info][gc             ] GC(1741) Pause Full (Allocation Failure) 494M->357M(494M) 49.185ms
[83.159s][info][gc,cpu         ] GC(1741) User=0.05s Sys=0.00s Real=0.04s
[83.170s][info][gc,start       ] GC(1742) Pause Full (Allocation Failure)
[83.170s][info][gc,phases,start] GC(1742) Phase 1: Mark live objects
[83.179s][info][gc,phases      ] GC(1742) Phase 1: Mark live objects 9.228ms
[83.179s][info][gc,phases,start] GC(1742) Phase 2: Compute new object addresses
[83.184s][info][gc,phases      ] GC(1742) Phase 2: Compute new object addresses 4.670ms
[83.184s][info][gc,phases,start] GC(1742) Phase 3: Adjust pointers
[83.190s][info][gc,phases      ] GC(1742) Phase 3: Adjust pointers 6.152ms
[83.190s][info][gc,phases,start] GC(1742) Phase 4: Move objects
[83.201s][info][gc,phases      ] GC(1742) Phase 4: Move objects 10.695ms
[83.201s][info][gc,heap        ] GC(1742) DefNew: 157204K(157248K)->36764K(157248K) Eden: 139776K(139776K)->36764K(139776K) From: 17428K(17472K)->0K(17472K)
[83.201s][info][gc,heap        ] GC(1742) Tenured: 349556K(349568K)->349461K(349568K)
[83.201s][info][gc,metaspace   ] GC(1742) Metaspace: 31103K(31424K)->31103K(31424K) NonClass: 27849K(27968K)->27849K(27968K) Class: 3254K(3456K)->3254K(3456K)
[83.201s][info][gc             ] GC(1742) Pause Full (Allocation Failure) 494M->377M(494M) 31.208ms
[83.201s][info][gc,cpu         ] GC(1742) User=0.03s Sys=0.00s Real=0.03s
[83.211s][info][gc,start       ] GC(1743) Pause Full (Allocation Failure)
[83.211s][info][gc,phases,start] GC(1743) Phase 1: Mark live objects
[83.220s][info][gc,phases      ] GC(1743) Phase 1: Mark live objects 8.964ms
[83.220s][info][gc,phases,start] GC(1743) Phase 2: Compute new object addresses
[83.226s][info][gc,phases      ] GC(1743) Phase 2: Compute new object addresses 5.474ms
[83.226s][info][gc,phases,start] GC(1743) Phase 3: Adjust pointers
[83.233s][info][gc,phases      ] GC(1743) Phase 3: Adjust pointers 7.335ms
[83.233s][info][gc,phases,start] GC(1743) Phase 4: Move objects
[83.258s][info][gc,phases      ] GC(1743) Phase 4: Move objects 24.438ms
[83.258s][info][gc,heap        ] GC(1743) DefNew: 157248K(157248K)->32030K(157248K) Eden: 139776K(139776K)->32030K(139776K) From: 17472K(17472K)->0K(17472K)
[83.258s][info][gc,heap        ] GC(1743) Tenured: 349567K(349568K)->349435K(349568K)
[83.258s][info][gc,metaspace   ] GC(1743) Metaspace: 31103K(31424K)->31103K(31424K) NonClass: 27849K(27968K)->27849K(27968K) Class: 3254K(3456K)->3254K(3456K)
[83.258s][info][gc             ] GC(1743) Pause Full (Allocation Failure) 494M->372M(494M) 46.729ms
[83.258s][info][gc,cpu         ] GC(1743) User=0.04s Sys=0.00s Real=0.04s
[83.273s][info][gc,start       ] GC(1744) Pause Full (Allocation Failure)
[83.273s][info][gc,phases,start] GC(1744) Phase 1: Mark live objects
[83.283s][info][gc,phases      ] GC(1744) Phase 1: Mark live objects 9.324ms
[83.283s][info][gc,phases,start] GC(1744) Phase 2: Compute new object addresses
[83.287s][info][gc,phases      ] GC(1744) Phase 2: Compute new object addresses 4.411ms
[83.287s][info][gc,phases,start] GC(1744) Phase 3: Adjust pointers
[83.294s][info][gc,phases      ] GC(1744) Phase 3: Adjust pointers 6.361ms
[83.294s][info][gc,phases,start] GC(1744) Phase 4: Move objects
[83.321s][info][gc,phases      ] GC(1744) Phase 4: Move objects 27.757ms
[83.322s][info][gc,heap        ] GC(1744) DefNew: 157100K(157248K)->21349K(157248K) Eden: 139776K(139776K)->21349K(139776K) From: 17324K(17472K)->0K(17472K)
[83.322s][info][gc,heap        ] GC(1744) Tenured: 349435K(349568K)->349477K(349568K)
[83.322s][info][gc,metaspace   ] GC(1744) Metaspace: 31103K(31424K)->31103K(31424K) NonClass: 27849K(27968K)->27849K(27968K) Class: 3254K(3456K)->3254K(3456K)
[83.322s][info][gc             ] GC(1744) Pause Full (Allocation Failure) 494M->362M(494M) 48.425ms
[83.322s][info][gc,cpu         ] GC(1744) User=0.05s Sys=0.00s Real=0.04s
[83.333s][info][gc,start       ] GC(1745) Pause Full (Allocation Failure)
[83.333s][info][gc,phases,start] GC(1745) Phase 1: Mark live objects
[83.342s][info][gc,phases      ] GC(1745) Phase 1: Mark live objects 9.545ms
[83.342s][info][gc,phases,start] GC(1745) Phase 2: Compute new object addresses
[83.347s][info][gc,phases      ] GC(1745) Phase 2: Compute new object addresses 4.819ms
[83.347s][info][gc,phases,start] GC(1745) Phase 3: Adjust pointers
[83.354s][info][gc,phases      ] GC(1745) Phase 3: Adjust pointers 6.692ms
[83.354s][info][gc,phases,start] GC(1745) Phase 4: Move objects
[83.379s][info][gc,phases      ] GC(1745) Phase 4: Move objects 25.517ms
[83.380s][info][gc,heap        ] GC(1745) DefNew: 156388K(157248K)->15421K(157248K) Eden: 139776K(139776K)->15421K(139776K) From: 16612K(17472K)->0K(17472K)
[83.380s][info][gc,heap        ] GC(1745) Tenured: 349477K(349568K)->349568K(349568K)
[83.380s][info][gc,metaspace   ] GC(1745) Metaspace: 31103K(31424K)->31103K(31424K) NonClass: 27849K(27968K)->27849K(27968K) Class: 3254K(3456K)->3254K(3456K)
[83.380s][info][gc             ] GC(1745) Pause Full (Allocation Failure) 494M->356M(494M) 47.021ms
[83.380s][info][gc,cpu         ] GC(1745) User=0.04s Sys=0.00s Real=0.04s
[83.388s][info][gc,start       ] GC(1746) Pause Full (Allocation Failure)
[83.388s][info][gc,phases,start] GC(1746) Phase 1: Mark live objects
[83.398s][info][gc,phases      ] GC(1746) Phase 1: Mark live objects 9.501ms
[83.398s][info][gc,phases,start] GC(1746) Phase 2: Compute new object addresses
[83.402s][info][gc,phases      ] GC(1746) Phase 2: Compute new object addresses 4.640ms
[83.402s][info][gc,phases,start] GC(1746) Phase 3: Adjust pointers
[83.409s][info][gc,phases      ] GC(1746) Phase 3: Adjust pointers 6.869ms
[83.409s][info][gc,phases,start] GC(1746) Phase 4: Move objects
[83.420s][info][gc,phases      ] GC(1746) Phase 4: Move objects 10.880ms
[83.420s][info][gc,heap        ] GC(1746) DefNew: 157139K(157248K)->36798K(157248K) Eden: 139776K(139776K)->36798K(139776K) From: 17363K(17472K)->0K(17472K)
[83.420s][info][gc,heap        ] GC(1746) Tenured: 349568K(349568K)->349539K(349568K)
[83.420s][info][gc,metaspace   ] GC(1746) Metaspace: 31103K(31424K)->31103K(31424K) NonClass: 27849K(27968K)->27849K(27968K) Class: 3254K(3456K)->3254K(3456K)
[83.420s][info][gc             ] GC(1746) Pause Full (Allocation Failure) 494M->377M(494M) 32.323ms
[83.420s][info][gc,cpu         ] GC(1746) User=0.03s Sys=0.00s Real=0.03s
[83.431s][info][gc,start       ] GC(1747) Pause Full (Allocation Failure)
[83.431s][info][gc,phases,start] GC(1747) Phase 1: Mark live objects
[83.440s][info][gc,phases      ] GC(1747) Phase 1: Mark live objects 9.412ms
[83.440s][info][gc,phases,start] GC(1747) Phase 2: Compute new object addresses
[83.445s][info][gc,phases      ] GC(1747) Phase 2: Compute new object addresses 4.530ms
[83.445s][info][gc,phases,start] GC(1747) Phase 3: Adjust pointers
[83.451s][info][gc,phases      ] GC(1747) Phase 3: Adjust pointers 6.319ms
[83.451s][info][gc,phases,start] GC(1747) Phase 4: Move objects
[83.475s][info][gc,phases      ] GC(1747) Phase 4: Move objects 23.274ms
[83.475s][info][gc,heap        ] GC(1747) DefNew: 157117K(157248K)->33853K(157248K) Eden: 139776K(139776K)->33853K(139776K) From: 17341K(17472K)->0K(17472K)
[83.475s][info][gc,heap        ] GC(1747) Tenured: 349539K(349568K)->349463K(349568K)
[83.475s][info][gc,metaspace   ] GC(1747) Metaspace: 31103K(31424K)->31103K(31424K) NonClass: 27849K(27968K)->27849K(27968K) Class: 3254K(3456K)->3254K(3456K)
[83.475s][info][gc             ] GC(1747) Pause Full (Allocation Failure) 494M->374M(494M) 44.000ms
[83.475s][info][gc,cpu         ] GC(1747) User=0.04s Sys=0.00s Real=0.04s
[83.485s][info][gc,start       ] GC(1748) Pause Full (Allocation Failure)
[83.486s][info][gc,phases,start] GC(1748) Phase 1: Mark live objects
[83.496s][info][gc,phases      ] GC(1748) Phase 1: Mark live objects 10.240ms
[83.496s][info][gc,phases,start] GC(1748) Phase 2: Compute new object addresses
[83.501s][info][gc,phases      ] GC(1748) Phase 2: Compute new object addresses 4.889ms
[83.501s][info][gc,phases,start] GC(1748) Phase 3: Adjust pointers
[83.508s][info][gc,phases      ] GC(1748) Phase 3: Adjust pointers 6.907ms
[83.508s][info][gc,phases,start] GC(1748) Phase 4: Move objects
[83.535s][info][gc,phases      ] GC(1748) Phase 4: Move objects 27.684ms
[83.536s][info][gc,heap        ] GC(1748) DefNew: 156391K(157248K)->17151K(157248K) Eden: 139776K(139776K)->17151K(139776K) From: 16615K(17472K)->0K(17472K)
[83.536s][info][gc,heap        ] GC(1748) Tenured: 349463K(349568K)->349391K(349568K)
[83.536s][info][gc,metaspace   ] GC(1748) Metaspace: 31103K(31424K)->31103K(31424K) NonClass: 27849K(27968K)->27849K(27968K) Class: 3254K(3456K)->3254K(3456K)
[83.536s][info][gc             ] GC(1748) Pause Full (Allocation Failure) 493M->357M(494M) 50.223ms
[83.536s][info][gc,cpu         ] GC(1748) User=0.05s Sys=0.00s Real=0.05s
[83.543s][info][gc,start       ] GC(1749) Pause Full (Allocation Failure)
[83.543s][info][gc,phases,start] GC(1749) Phase 1: Mark live objects
[83.552s][info][gc,phases      ] GC(1749) Phase 1: Mark live objects 9.709ms
[83.552s][info][gc,phases,start] GC(1749) Phase 2: Compute new object addresses
[83.557s][info][gc,phases      ] GC(1749) Phase 2: Compute new object addresses 5.003ms
[83.558s][info][gc,phases,start] GC(1749) Phase 3: Adjust pointers
[83.564s][info][gc,phases      ] GC(1749) Phase 3: Adjust pointers 6.546ms
[83.564s][info][gc,phases,start] GC(1749) Phase 4: Move objects
[83.587s][info][gc,phases      ] GC(1749) Phase 4: Move objects 23.225ms
[83.588s][info][gc,heap        ] GC(1749) DefNew: 157018K(157248K)->21364K(157248K) Eden: 139776K(139776K)->21364K(139776K) From: 17242K(17472K)->0K(17472K)
[83.588s][info][gc,heap        ] GC(1749) Tenured: 349391K(349568K)->349447K(349568K)
[83.588s][info][gc,metaspace   ] GC(1749) Metaspace: 31103K(31424K)->31103K(31424K) NonClass: 27849K(27968K)->27849K(27968K) Class: 3254K(3456K)->3254K(3456K)
[83.588s][info][gc             ] GC(1749) Pause Full (Allocation Failure) 494M->362M(494M) 44.933ms
[83.588s][info][gc,cpu         ] GC(1749) User=0.05s Sys=0.00s Real=0.04s
[83.598s][info][gc,start       ] GC(1750) Pause Full (Allocation Failure)
[83.598s][info][gc,phases,start] GC(1750) Phase 1: Mark live objects
[83.608s][info][gc,phases      ] GC(1750) Phase 1: Mark live objects 9.525ms
[83.608s][info][gc,phases,start] GC(1750) Phase 2: Compute new object addresses
[83.612s][info][gc,phases      ] GC(1750) Phase 2: Compute new object addresses 4.795ms
[83.612s][info][gc,phases,start] GC(1750) Phase 3: Adjust pointers
[83.619s][info][gc,phases      ] GC(1750) Phase 3: Adjust pointers 6.503ms
[83.619s][info][gc,phases,start] GC(1750) Phase 4: Move objects
[83.632s][info][gc,phases      ] GC(1750) Phase 4: Move objects 12.513ms
[83.632s][info][gc,heap        ] GC(1750) DefNew: 156287K(157248K)->37414K(157248K) Eden: 139776K(139776K)->37414K(139776K) From: 16511K(17472K)->0K(17472K)
[83.632s][info][gc,heap        ] GC(1750) Tenured: 349447K(349568K)->349423K(349568K)
[83.632s][info][gc,metaspace   ] GC(1750) Metaspace: 31103K(31424K)->31103K(31424K) NonClass: 27849K(27968K)->27849K(27968K) Class: 3254K(3456K)->3254K(3456K)
[83.632s][info][gc             ] GC(1750) Pause Full (Allocation Failure) 493M->377M(494M) 33.821ms
[83.632s][info][gc,cpu         ] GC(1750) User=0.03s Sys=0.00s Real=0.04s
[83.640s][info][gc,start       ] GC(1751) Pause Full (Allocation Failure)
[83.640s][info][gc,phases,start] GC(1751) Phase 1: Mark live objects
[83.650s][info][gc,phases      ] GC(1751) Phase 1: Mark live objects 9.465ms
[83.650s][info][gc,phases,start] GC(1751) Phase 2: Compute new object addresses
[83.655s][info][gc,phases      ] GC(1751) Phase 2: Compute new object addresses 5.017ms
[83.655s][info][gc,phases,start] GC(1751) Phase 3: Adjust pointers
[83.662s][info][gc,phases      ] GC(1751) Phase 3: Adjust pointers 7.451ms
[83.663s][info][gc,phases,start] GC(1751) Phase 4: Move objects
[83.687s][info][gc,phases      ] GC(1751) Phase 4: Move objects 24.800ms
[83.688s][info][gc,heap        ] GC(1751) DefNew: 157022K(157248K)->40356K(157248K) Eden: 139776K(139776K)->40356K(139776K) From: 17246K(17472K)->0K(17472K)
[83.688s][info][gc,heap        ] GC(1751) Tenured: 349423K(349568K)->349465K(349568K)
[83.688s][info][gc,metaspace   ] GC(1751) Metaspace: 31103K(31424K)->31103K(31424K) NonClass: 27849K(27968K)->27849K(27968K) Class: 3254K(3456K)->3254K(3456K)
[83.688s][info][gc             ] GC(1751) Pause Full (Allocation Failure) 494M->380M(494M) 47.198ms
[83.688s][info][gc,cpu         ] GC(1751) User=0.04s Sys=0.00s Real=0.05s
[83.698s][info][gc,start       ] GC(1752) Pause Full (Allocation Failure)
[83.698s][info][gc,phases,start] GC(1752) Phase 1: Mark live objects
[83.709s][info][gc,phases      ] GC(1752) Phase 1: Mark live objects 11.056ms
[83.709s][info][gc,phases,start] GC(1752) Phase 2: Compute new object addresses
[83.714s][info][gc,phases      ] GC(1752) Phase 2: Compute new object addresses 4.910ms
[83.714s][info][gc,phases,start] GC(1752) Phase 3: Adjust pointers
[83.725s][info][gc,phases      ] GC(1752) Phase 3: Adjust pointers 10.160ms
[83.725s][info][gc,phases,start] GC(1752) Phase 4: Move objects
[83.753s][info][gc,phases      ] GC(1752) Phase 4: Move objects 27.906ms
[83.753s][info][gc,heap        ] GC(1752) DefNew: 156610K(157248K)->19911K(157248K) Eden: 139776K(139776K)->19911K(139776K) From: 16834K(17472K)->0K(17472K)
[83.753s][info][gc,heap        ] GC(1752) Tenured: 349465K(349568K)->349190K(349568K)
[83.753s][info][gc,metaspace   ] GC(1752) Metaspace: 31103K(31424K)->31103K(31424K) NonClass: 27849K(27968K)->27849K(27968K) Class: 3254K(3456K)->3254K(3456K)
[83.753s][info][gc             ] GC(1752) Pause Full (Allocation Failure) 494M->360M(494M) 54.544ms
[83.753s][info][gc,cpu         ] GC(1752) User=0.05s Sys=0.00s Real=0.06s
[83.763s][info][gc,start       ] GC(1753) Pause Full (Allocation Failure)
[83.763s][info][gc,phases,start] GC(1753) Phase 1: Mark live objects
[83.774s][info][gc,phases      ] GC(1753) Phase 1: Mark live objects 10.763ms
[83.774s][info][gc,phases,start] GC(1753) Phase 2: Compute new object addresses
[83.779s][info][gc,phases      ] GC(1753) Phase 2: Compute new object addresses 4.695ms
[83.779s][info][gc,phases,start] GC(1753) Phase 3: Adjust pointers
[83.785s][info][gc,phases      ] GC(1753) Phase 3: Adjust pointers 6.493ms
[83.785s][info][gc,phases,start] GC(1753) Phase 4: Move objects
[83.810s][info][gc,phases      ] GC(1753) Phase 4: Move objects 24.969ms
[83.810s][info][gc,heap        ] GC(1753) DefNew: 157248K(157248K)->21142K(157248K) Eden: 139776K(139776K)->21142K(139776K) From: 17472K(17472K)->0K(17472K)
[83.811s][info][gc,heap        ] GC(1753) Tenured: 349515K(349568K)->349537K(349568K)
[83.811s][info][gc,metaspace   ] GC(1753) Metaspace: 31103K(31424K)->31103K(31424K) NonClass: 27849K(27968K)->27849K(27968K) Class: 3254K(3456K)->3254K(3456K)
[83.811s][info][gc             ] GC(1753) Pause Full (Allocation Failure) 494M->361M(494M) 47.601ms
[83.811s][info][gc,cpu         ] GC(1753) User=0.05s Sys=0.00s Real=0.05s
[83.821s][info][gc,start       ] GC(1754) Pause Full (Allocation Failure)
[83.821s][info][gc,phases,start] GC(1754) Phase 1: Mark live objects
[83.833s][info][gc,phases      ] GC(1754) Phase 1: Mark live objects 11.138ms
[83.833s][info][gc,phases,start] GC(1754) Phase 2: Compute new object addresses
[83.838s][info][gc,phases      ] GC(1754) Phase 2: Compute new object addresses 4.874ms
[83.838s][info][gc,phases,start] GC(1754) Phase 3: Adjust pointers
[83.844s][info][gc,phases      ] GC(1754) Phase 3: Adjust pointers 6.571ms
[83.844s][info][gc,phases,start] GC(1754) Phase 4: Move objects
[83.859s][info][gc,phases      ] GC(1754) Phase 4: Move objects 14.781ms
[83.859s][info][gc,heap        ] GC(1754) DefNew: 156488K(157248K)->38072K(157248K) Eden: 139776K(139776K)->38072K(139776K) From: 16712K(17472K)->0K(17472K)
[83.859s][info][gc,heap        ] GC(1754) Tenured: 349537K(349568K)->349461K(349568K)
[83.859s][info][gc,metaspace   ] GC(1754) Metaspace: 31103K(31424K)->31103K(31424K) NonClass: 27849K(27968K)->27849K(27968K) Class: 3254K(3456K)->3254K(3456K)
[83.859s][info][gc             ] GC(1754) Pause Full (Allocation Failure) 494M->378M(494M) 37.873ms
[83.859s][info][gc,cpu         ] GC(1754) User=0.04s Sys=0.00s Real=0.04s
[83.870s][info][gc,start       ] GC(1755) Pause Full (Allocation Failure)
[83.870s][info][gc,phases,start] GC(1755) Phase 1: Mark live objects
[83.880s][info][gc,phases      ] GC(1755) Phase 1: Mark live objects 10.513ms
[83.880s][info][gc,phases,start] GC(1755) Phase 2: Compute new object addresses
[83.885s][info][gc,phases      ] GC(1755) Phase 2: Compute new object addresses 4.991ms
[83.885s][info][gc,phases,start] GC(1755) Phase 3: Adjust pointers
[83.892s][info][gc,phases      ] GC(1755) Phase 3: Adjust pointers 7.090ms
[83.892s][info][gc,phases,start] GC(1755) Phase 4: Move objects
[83.916s][info][gc,phases      ] GC(1755) Phase 4: Move objects 23.753ms
[83.916s][info][gc,heap        ] GC(1755) DefNew: 156981K(157248K)->38397K(157248K) Eden: 139776K(139776K)->38397K(139776K) From: 17205K(17472K)->0K(17472K)
[83.916s][info][gc,heap        ] GC(1755) Tenured: 349461K(349568K)->349451K(349568K)
[83.916s][info][gc,metaspace   ] GC(1755) Metaspace: 31103K(31424K)->31103K(31424K) NonClass: 27849K(27968K)->27849K(27968K) Class: 3254K(3456K)->3254K(3456K)
[83.916s][info][gc             ] GC(1755) Pause Full (Allocation Failure) 494M->378M(494M) 46.858ms
[83.916s][info][gc,cpu         ] GC(1755) User=0.05s Sys=0.00s Real=0.05s
[83.927s][info][gc,start       ] GC(1756) Pause Full (Allocation Failure)
[83.927s][info][gc,phases,start] GC(1756) Phase 1: Mark live objects
[83.938s][info][gc,phases      ] GC(1756) Phase 1: Mark live objects 11.269ms
[83.938s][info][gc,phases,start] GC(1756) Phase 2: Compute new object addresses
[83.944s][info][gc,phases      ] GC(1756) Phase 2: Compute new object addresses 5.245ms
[83.944s][info][gc,phases,start] GC(1756) Phase 3: Adjust pointers
[83.952s][info][gc,phases      ] GC(1756) Phase 3: Adjust pointers 7.928ms
[83.952s][info][gc,phases,start] GC(1756) Phase 4: Move objects
[83.991s][info][gc,phases      ] GC(1756) Phase 4: Move objects 38.980ms
[83.991s][info][gc,heap        ] GC(1756) DefNew: 156898K(157248K)->18282K(157248K) Eden: 139776K(139776K)->18282K(139776K) From: 17122K(17472K)->0K(17472K)
[83.991s][info][gc,heap        ] GC(1756) Tenured: 349451K(349568K)->349554K(349568K)
[83.991s][info][gc,metaspace   ] GC(1756) Metaspace: 31103K(31424K)->31103K(31424K) NonClass: 27849K(27968K)->27849K(27968K) Class: 3254K(3456K)->3254K(3456K)
[83.991s][info][gc             ] GC(1756) Pause Full (Allocation Failure) 494M->359M(494M) 64.071ms
[83.991s][info][gc,cpu         ] GC(1756) User=0.07s Sys=0.00s Real=0.07s
[84.003s][info][gc,start       ] GC(1757) Pause Full (Allocation Failure)
[84.003s][info][gc,phases,start] GC(1757) Phase 1: Mark live objects
[84.016s][info][gc,phases      ] GC(1757) Phase 1: Mark live objects 12.643ms
[84.016s][info][gc,phases,start] GC(1757) Phase 2: Compute new object addresses
[84.021s][info][gc,phases      ] GC(1757) Phase 2: Compute new object addresses 5.081ms
[84.021s][info][gc,phases,start] GC(1757) Phase 3: Adjust pointers
[84.028s][info][gc,phases      ] GC(1757) Phase 3: Adjust pointers 6.748ms
[84.028s][info][gc,phases,start] GC(1757) Phase 4: Move objects
[84.051s][info][gc,phases      ] GC(1757) Phase 4: Move objects 23.337ms
[84.051s][info][gc,heap        ] GC(1757) DefNew: 157004K(157248K)->18614K(157248K) Eden: 139776K(139776K)->18614K(139776K) From: 17228K(17472K)->0K(17472K)
[84.051s][info][gc,heap        ] GC(1757) Tenured: 349554K(349568K)->349442K(349568K)
[84.051s][info][gc,metaspace   ] GC(1757) Metaspace: 31103K(31424K)->31103K(31424K) NonClass: 27849K(27968K)->27849K(27968K) Class: 3254K(3456K)->3254K(3456K)
[84.051s][info][gc             ] GC(1757) Pause Full (Allocation Failure) 494M->359M(494M) 48.315ms
[84.051s][info][gc,cpu         ] GC(1757) User=0.05s Sys=0.00s Real=0.05s
[84.062s][info][gc,start       ] GC(1758) Pause Full (Allocation Failure)
[84.062s][info][gc,phases,start] GC(1758) Phase 1: Mark live objects
[84.071s][info][gc,phases      ] GC(1758) Phase 1: Mark live objects 8.903ms
[84.071s][info][gc,phases,start] GC(1758) Phase 2: Compute new object addresses
[84.076s][info][gc,phases      ] GC(1758) Phase 2: Compute new object addresses 4.493ms
[84.076s][info][gc,phases,start] GC(1758) Phase 3: Adjust pointers
[84.082s][info][gc,phases      ] GC(1758) Phase 3: Adjust pointers 6.089ms
[84.082s][info][gc,phases,start] GC(1758) Phase 4: Move objects
[84.094s][info][gc,phases      ] GC(1758) Phase 4: Move objects 12.373ms
[84.094s][info][gc,heap        ] GC(1758) DefNew: 156870K(157248K)->33324K(157248K) Eden: 139776K(139776K)->33324K(139776K) From: 17094K(17472K)->0K(17472K)
[84.094s][info][gc,heap        ] GC(1758) Tenured: 349442K(349568K)->349421K(349568K)
[84.094s][info][gc,metaspace   ] GC(1758) Metaspace: 31103K(31424K)->31103K(31424K) NonClass: 27849K(27968K)->27849K(27968K) Class: 3254K(3456K)->3254K(3456K)
[84.094s][info][gc             ] GC(1758) Pause Full (Allocation Failure) 494M->373M(494M) 32.321ms
[84.094s][info][gc,cpu         ] GC(1758) User=0.03s Sys=0.01s Real=0.04s
[84.105s][info][gc,start       ] GC(1759) Pause Full (Allocation Failure)
[84.105s][info][gc,phases,start] GC(1759) Phase 1: Mark live objects
[84.114s][info][gc,phases      ] GC(1759) Phase 1: Mark live objects 9.265ms
[84.114s][info][gc,phases,start] GC(1759) Phase 2: Compute new object addresses
[84.118s][info][gc,phases      ] GC(1759) Phase 2: Compute new object addresses 4.147ms
[84.118s][info][gc,phases,start] GC(1759) Phase 3: Adjust pointers
[84.125s][info][gc,phases      ] GC(1759) Phase 3: Adjust pointers 6.316ms
[84.125s][info][gc,phases,start] GC(1759) Phase 4: Move objects
[84.149s][info][gc,phases      ] GC(1759) Phase 4: Move objects 24.469ms
[84.149s][info][gc,heap        ] GC(1759) DefNew: 156898K(157248K)->31123K(157248K) Eden: 139776K(139776K)->31123K(139776K) From: 17122K(17472K)->0K(17472K)
[84.149s][info][gc,heap        ] GC(1759) Tenured: 349421K(349568K)->349461K(349568K)
[84.149s][info][gc,metaspace   ] GC(1759) Metaspace: 31103K(31424K)->31103K(31424K) NonClass: 27849K(27968K)->27849K(27968K) Class: 3254K(3456K)->3254K(3456K)
[84.149s][info][gc             ] GC(1759) Pause Full (Allocation Failure) 494M->371M(494M) 44.652ms
[84.149s][info][gc,cpu         ] GC(1759) User=0.04s Sys=0.00s Real=0.04s
[84.157s][info][gc,start       ] GC(1760) Pause Young (GCLocker Initiated GC)
[84.157s][info][gc,heap        ] GC(1760) DefNew: 157141K(157248K)->157141K(157248K) Eden: 139776K(139776K)->139776K(139776K) From: 17365K(17472K)->17365K(17472K)
[84.157s][info][gc,heap        ] GC(1760) Tenured: 349461K(349568K)->349461K(349568K)
[84.157s][info][gc,metaspace   ] GC(1760) Metaspace: 31103K(31424K)->31103K(31424K) NonClass: 27849K(27968K)->27849K(27968K) Class: 3254K(3456K)->3254K(3456K)
[84.157s][info][gc             ] GC(1760) Pause Young (GCLocker Initiated GC) 494M->494M(494M) 0.130ms
[84.157s][info][gc,cpu         ] GC(1760) User=0.00s Sys=0.00s Real=0.00s
[84.157s][info][gc,start       ] GC(1761) Pause Full (GCLocker Initiated GC)
[84.158s][info][gc,phases,start] GC(1761) Phase 1: Mark live objects
[84.167s][info][gc,phases      ] GC(1761) Phase 1: Mark live objects 9.353ms
[84.167s][info][gc,phases,start] GC(1761) Phase 2: Compute new object addresses
[84.171s][info][gc,phases      ] GC(1761) Phase 2: Compute new object addresses 4.554ms
[84.172s][info][gc,phases,start] GC(1761) Phase 3: Adjust pointers
[84.178s][info][gc,phases      ] GC(1761) Phase 3: Adjust pointers 6.393ms
[84.178s][info][gc,phases,start] GC(1761) Phase 4: Move objects
[84.202s][info][gc,phases      ] GC(1761) Phase 4: Move objects 24.335ms
[84.203s][info][gc,heap        ] GC(1761) DefNew: 157141K(157248K)->32484K(157248K) Eden: 139776K(139776K)->32484K(139776K) From: 17365K(17472K)->0K(17472K)
[84.203s][info][gc,heap        ] GC(1761) Tenured: 349461K(349568K)->349462K(349568K)
[84.203s][info][gc,metaspace   ] GC(1761) Metaspace: 31103K(31424K)->31103K(31424K) NonClass: 27849K(27968K)->27849K(27968K) Class: 3254K(3456K)->3254K(3456K)
[84.203s][info][gc             ] GC(1761) Pause Full (GCLocker Initiated GC) 494M->372M(494M) 45.062ms
[84.203s][info][gc,cpu         ] GC(1761) User=0.05s Sys=0.00s Real=0.05s
[84.213s][info][gc,start       ] GC(1762) Pause Full (Allocation Failure)
[84.213s][info][gc,phases,start] GC(1762) Phase 1: Mark live objects
[84.224s][info][gc,phases      ] GC(1762) Phase 1: Mark live objects 10.734ms
[84.224s][info][gc,phases,start] GC(1762) Phase 2: Compute new object addresses
[84.229s][info][gc,phases      ] GC(1762) Phase 2: Compute new object addresses 4.820ms
[84.229s][info][gc,phases,start] GC(1762) Phase 3: Adjust pointers
[84.236s][info][gc,phases      ] GC(1762) Phase 3: Adjust pointers 6.778ms
[84.236s][info][gc,phases,start] GC(1762) Phase 4: Move objects
[84.262s][info][gc,phases      ] GC(1762) Phase 4: Move objects 25.838ms
[84.262s][info][gc,heap        ] GC(1762) DefNew: 156862K(157248K)->14151K(157248K) Eden: 139776K(139776K)->14151K(139776K) From: 17086K(17472K)->0K(17472K)
[84.262s][info][gc,heap        ] GC(1762) Tenured: 349462K(349568K)->349331K(349568K)
[84.262s][info][gc,metaspace   ] GC(1762) Metaspace: 31103K(31424K)->31103K(31424K) NonClass: 27849K(27968K)->27849K(27968K) Class: 3254K(3456K)->3254K(3456K)
[84.262s][info][gc             ] GC(1762) Pause Full (Allocation Failure) 494M->354M(494M) 48.672ms
[84.262s][info][gc,cpu         ] GC(1762) User=0.04s Sys=0.00s Real=0.04s
[84.273s][info][gc,start       ] GC(1763) Pause Full (Allocation Failure)
[84.273s][info][gc,phases,start] GC(1763) Phase 1: Mark live objects
[84.286s][info][gc,phases      ] GC(1763) Phase 1: Mark live objects 13.193ms
[84.286s][info][gc,phases,start] GC(1763) Phase 2: Compute new object addresses
[84.292s][info][gc,phases      ] GC(1763) Phase 2: Compute new object addresses 5.822ms
[84.292s][info][gc,phases,start] GC(1763) Phase 3: Adjust pointers
[84.300s][info][gc,phases      ] GC(1763) Phase 3: Adjust pointers 8.365ms
[84.300s][info][gc,phases,start] GC(1763) Phase 4: Move objects
[84.319s][info][gc,phases      ] GC(1763) Phase 4: Move objects 18.682ms
[84.319s][info][gc,heap        ] GC(1763) DefNew: 156858K(157248K)->30185K(157248K) Eden: 139776K(139776K)->30185K(139776K) From: 17082K(17472K)->0K(17472K)
[84.319s][info][gc,heap        ] GC(1763) Tenured: 349331K(349568K)->349458K(349568K)
[84.319s][info][gc,metaspace   ] GC(1763) Metaspace: 31103K(31424K)->31103K(31424K) NonClass: 27849K(27968K)->27849K(27968K) Class: 3254K(3456K)->3254K(3456K)
[84.319s][info][gc             ] GC(1763) Pause Full (Allocation Failure) 494M->370M(494M) 46.612ms
[84.319s][info][gc,cpu         ] GC(1763) User=0.04s Sys=0.00s Real=0.04s
[84.328s][info][gc,start       ] GC(1764) Pause Full (Allocation Failure)
[84.329s][info][gc,phases,start] GC(1764) Phase 1: Mark live objects
[84.340s][info][gc,phases      ] GC(1764) Phase 1: Mark live objects 11.008ms
[84.340s][info][gc,phases,start] GC(1764) Phase 2: Compute new object addresses
[84.344s][info][gc,phases      ] GC(1764) Phase 2: Compute new object addresses 4.626ms
[84.344s][info][gc,phases,start] GC(1764) Phase 3: Adjust pointers
[84.351s][info][gc,phases      ] GC(1764) Phase 3: Adjust pointers 6.646ms
[84.351s][info][gc,phases,start] GC(1764) Phase 4: Move objects
[84.375s][info][gc,phases      ] GC(1764) Phase 4: Move objects 24.160ms
[84.375s][info][gc,heap        ] GC(1764) DefNew: 157062K(157248K)->31158K(157248K) Eden: 139776K(139776K)->31158K(139776K) From: 17286K(17472K)->0K(17472K)
[84.375s][info][gc,heap        ] GC(1764) Tenured: 349458K(349568K)->349535K(349568K)
[84.375s][info][gc,metaspace   ] GC(1764) Metaspace: 31103K(31424K)->31103K(31424K) NonClass: 27849K(27968K)->27849K(27968K) Class: 3254K(3456K)->3254K(3456K)
[84.375s][info][gc             ] GC(1764) Pause Full (Allocation Failure) 494M->371M(494M) 46.948ms
[84.375s][info][gc,cpu         ] GC(1764) User=0.05s Sys=0.00s Real=0.05s
[84.386s][info][gc,start       ] GC(1765) Pause Full (Allocation Failure)
[84.386s][info][gc,phases,start] GC(1765) Phase 1: Mark live objects
[84.397s][info][gc,phases      ] GC(1765) Phase 1: Mark live objects 11.071ms
[84.397s][info][gc,phases,start] GC(1765) Phase 2: Compute new object addresses
[84.403s][info][gc,phases      ] GC(1765) Phase 2: Compute new object addresses 5.838ms
[84.403s][info][gc,phases,start] GC(1765) Phase 3: Adjust pointers
[84.412s][info][gc,phases      ] GC(1765) Phase 3: Adjust pointers 8.629ms
[84.412s][info][gc,phases,start] GC(1765) Phase 4: Move objects
[84.443s][info][gc,phases      ] GC(1765) Phase 4: Move objects 31.668ms
[84.444s][info][gc,heap        ] GC(1765) DefNew: 157060K(157248K)->10622K(157248K) Eden: 139776K(139776K)->10622K(139776K) From: 17284K(17472K)->0K(17472K)
[84.444s][info][gc,heap        ] GC(1765) Tenured: 349535K(349568K)->349487K(349568K)
[84.444s][info][gc,metaspace   ] GC(1765) Metaspace: 31103K(31424K)->31103K(31424K) NonClass: 27849K(27968K)->27849K(27968K) Class: 3254K(3456K)->3254K(3456K)
[84.444s][info][gc             ] GC(1765) Pause Full (Allocation Failure) 494M->351M(494M) 57.771ms
[84.444s][info][gc,cpu         ] GC(1765) User=0.05s Sys=0.00s Real=0.06s
[84.455s][info][gc,start       ] GC(1766) Pause Full (Allocation Failure)
[84.455s][info][gc,phases,start] GC(1766) Phase 1: Mark live objects
[84.466s][info][gc,phases      ] GC(1766) Phase 1: Mark live objects 10.688ms
[84.466s][info][gc,phases,start] GC(1766) Phase 2: Compute new object addresses
[84.472s][info][gc,phases      ] GC(1766) Phase 2: Compute new object addresses 5.338ms
[84.472s][info][gc,phases,start] GC(1766) Phase 3: Adjust pointers
[84.479s][info][gc,phases      ] GC(1766) Phase 3: Adjust pointers 6.958ms
[84.479s][info][gc,phases,start] GC(1766) Phase 4: Move objects
[84.505s][info][gc,phases      ] GC(1766) Phase 4: Move objects 26.202ms
[84.505s][info][gc,heap        ] GC(1766) DefNew: 157027K(157248K)->11049K(157248K) Eden: 139776K(139776K)->11049K(139776K) From: 17251K(17472K)->0K(17472K)
[84.505s][info][gc,heap        ] GC(1766) Tenured: 349487K(349568K)->349486K(349568K)
[84.505s][info][gc,metaspace   ] GC(1766) Metaspace: 31103K(31424K)->31103K(31424K) NonClass: 27849K(27968K)->27849K(27968K) Class: 3254K(3456K)->3254K(3456K)
[84.505s][info][gc             ] GC(1766) Pause Full (Allocation Failure) 494M->352M(494M) 49.785ms
[84.505s][info][gc,cpu         ] GC(1766) User=0.04s Sys=0.00s Real=0.05s
[84.513s][info][gc,start       ] GC(1767) Pause Full (Allocation Failure)
[84.514s][info][gc,phases,start] GC(1767) Phase 1: Mark live objects
[84.526s][info][gc,phases      ] GC(1767) Phase 1: Mark live objects 12.006ms
[84.526s][info][gc,phases,start] GC(1767) Phase 2: Compute new object addresses
[84.531s][info][gc,phases      ] GC(1767) Phase 2: Compute new object addresses 5.788ms
[84.531s][info][gc,phases,start] GC(1767) Phase 3: Adjust pointers
[84.539s][info][gc,phases      ] GC(1767) Phase 3: Adjust pointers 7.564ms
[84.539s][info][gc,phases,start] GC(1767) Phase 4: Move objects
[84.555s][info][gc,phases      ] GC(1767) Phase 4: Move objects 15.676ms
[84.555s][info][gc,heap        ] GC(1767) DefNew: 157114K(157248K)->32541K(157248K) Eden: 139776K(139776K)->32541K(139776K) From: 17338K(17472K)->0K(17472K)
[84.555s][info][gc,heap        ] GC(1767) Tenured: 349486K(349568K)->349421K(349568K)
[84.555s][info][gc,metaspace   ] GC(1767) Metaspace: 31103K(31424K)->31103K(31424K) NonClass: 27849K(27968K)->27849K(27968K) Class: 3254K(3456K)->3254K(3456K)
[84.555s][info][gc             ] GC(1767) Pause Full (Allocation Failure) 494M->373M(494M) 41.568ms
[84.555s][info][gc,cpu         ] GC(1767) User=0.04s Sys=0.00s Real=0.04s
[84.566s][info][gc,start       ] GC(1768) Pause Full (Allocation Failure)
[84.566s][info][gc,phases,start] GC(1768) Phase 1: Mark live objects
[84.575s][info][gc,phases      ] GC(1768) Phase 1: Mark live objects 9.087ms
[84.575s][info][gc,phases,start] GC(1768) Phase 2: Compute new object addresses
[84.579s][info][gc,phases      ] GC(1768) Phase 2: Compute new object addresses 4.395ms
[84.579s][info][gc,phases,start] GC(1768) Phase 3: Adjust pointers
[84.585s][info][gc,phases      ] GC(1768) Phase 3: Adjust pointers 5.984ms
[84.585s][info][gc,phases,start] GC(1768) Phase 4: Move objects
[84.609s][info][gc,phases      ] GC(1768) Phase 4: Move objects 23.196ms
[84.609s][info][gc,heap        ] GC(1768) DefNew: 157135K(157248K)->25486K(157248K) Eden: 139776K(139776K)->25486K(139776K) From: 17359K(17472K)->0K(17472K)
[84.609s][info][gc,heap        ] GC(1768) Tenured: 349421K(349568K)->349464K(349568K)
[84.609s][info][gc,metaspace   ] GC(1768) Metaspace: 31103K(31424K)->31103K(31424K) NonClass: 27849K(27968K)->27849K(27968K) Class: 3254K(3456K)->3254K(3456K)
[84.609s][info][gc             ] GC(1768) Pause Full (Allocation Failure) 494M->366M(494M) 43.133ms
[84.609s][info][gc,cpu         ] GC(1768) User=0.04s Sys=0.00s Real=0.04s
[84.616s][info][gc,start       ] GC(1769) Pause Full (Allocation Failure)
[84.616s][info][gc,phases,start] GC(1769) Phase 1: Mark live objects
[84.626s][info][gc,phases      ] GC(1769) Phase 1: Mark live objects 10.432ms
[84.626s][info][gc,phases,start] GC(1769) Phase 2: Compute new object addresses
[84.631s][info][gc,phases      ] GC(1769) Phase 2: Compute new object addresses 4.577ms
[84.631s][info][gc,phases,start] GC(1769) Phase 3: Adjust pointers
[84.638s][info][gc,phases      ] GC(1769) Phase 3: Adjust pointers 7.026ms
[84.638s][info][gc,phases,start] GC(1769) Phase 4: Move objects
[84.663s][info][gc,phases      ] GC(1769) Phase 4: Move objects 24.873ms
[84.663s][info][gc,heap        ] GC(1769) DefNew: 157018K(157248K)->13125K(157248K) Eden: 139776K(139776K)->13125K(139776K) From: 17242K(17472K)->0K(17472K)
[84.663s][info][gc,heap        ] GC(1769) Tenured: 349464K(349568K)->349550K(349568K)
[84.663s][info][gc,metaspace   ] GC(1769) Metaspace: 31103K(31424K)->31103K(31424K) NonClass: 27849K(27968K)->27849K(27968K) Class: 3254K(3456K)->3254K(3456K)
[84.663s][info][gc             ] GC(1769) Pause Full (Allocation Failure) 494M->354M(494M) 47.552ms
[84.663s][info][gc,cpu         ] GC(1769) User=0.05s Sys=0.00s Real=0.05s
[84.674s][info][gc,start       ] GC(1770) Pause Full (Allocation Failure)
[84.674s][info][gc,phases,start] GC(1770) Phase 1: Mark live objects
[84.685s][info][gc,phases      ] GC(1770) Phase 1: Mark live objects 10.517ms
[84.685s][info][gc,phases,start] GC(1770) Phase 2: Compute new object addresses
[84.690s][info][gc,phases      ] GC(1770) Phase 2: Compute new object addresses 4.876ms
[84.690s][info][gc,phases,start] GC(1770) Phase 3: Adjust pointers
[84.696s][info][gc,phases      ] GC(1770) Phase 3: Adjust pointers 6.426ms
[84.696s][info][gc,phases,start] GC(1770) Phase 4: Move objects
[84.720s][info][gc,phases      ] GC(1770) Phase 4: Move objects 23.607ms
[84.720s][info][gc,heap        ] GC(1770) DefNew: 156636K(157248K)->9503K(157248K) Eden: 139776K(139776K)->9503K(139776K) From: 16860K(17472K)->0K(17472K)
[84.720s][info][gc,heap        ] GC(1770) Tenured: 349550K(349568K)->349492K(349568K)
[84.720s][info][gc,metaspace   ] GC(1770) Metaspace: 31103K(31424K)->31103K(31424K) NonClass: 27849K(27968K)->27849K(27968K) Class: 3254K(3456K)->3254K(3456K)
[84.720s][info][gc             ] GC(1770) Pause Full (Allocation Failure) 494M->350M(494M) 45.953ms
[84.720s][info][gc,cpu         ] GC(1770) User=0.04s Sys=0.00s Real=0.04s
[84.731s][info][gc,start       ] GC(1771) Pause Full (Allocation Failure)
[84.731s][info][gc,phases,start] GC(1771) Phase 1: Mark live objects
[84.741s][info][gc,phases      ] GC(1771) Phase 1: Mark live objects 10.169ms
[84.741s][info][gc,phases,start] GC(1771) Phase 2: Compute new object addresses
[84.746s][info][gc,phases      ] GC(1771) Phase 2: Compute new object addresses 5.386ms
[84.746s][info][gc,phases,start] GC(1771) Phase 3: Adjust pointers
[84.753s][info][gc,phases      ] GC(1771) Phase 3: Adjust pointers 6.507ms
[84.753s][info][gc,phases,start] GC(1771) Phase 4: Move objects
[84.767s][info][gc,phases      ] GC(1771) Phase 4: Move objects 13.721ms
[84.767s][info][gc,heap        ] GC(1771) DefNew: 156833K(157248K)->29666K(157248K) Eden: 139776K(139776K)->29666K(139776K) From: 17057K(17472K)->0K(17472K)
[84.767s][info][gc,heap        ] GC(1771) Tenured: 349492K(349568K)->349461K(349568K)
[84.767s][info][gc,metaspace   ] GC(1771) Metaspace: 31103K(31424K)->31103K(31424K) NonClass: 27849K(27968K)->27849K(27968K) Class: 3254K(3456K)->3254K(3456K)
[84.767s][info][gc             ] GC(1771) Pause Full (Allocation Failure) 494M->370M(494M) 36.241ms
[84.767s][info][gc,cpu         ] GC(1771) User=0.04s Sys=0.00s Real=0.03s
[84.779s][info][gc,start       ] GC(1772) Pause Full (Allocation Failure)
[84.780s][info][gc,phases,start] GC(1772) Phase 1: Mark live objects
[84.790s][info][gc,phases      ] GC(1772) Phase 1: Mark live objects 10.348ms
[84.790s][info][gc,phases,start] GC(1772) Phase 2: Compute new object addresses
[84.795s][info][gc,phases      ] GC(1772) Phase 2: Compute new object addresses 5.191ms
[84.795s][info][gc,phases,start] GC(1772) Phase 3: Adjust pointers
[84.802s][info][gc,phases      ] GC(1772) Phase 3: Adjust pointers 6.710ms
[84.802s][info][gc,phases,start] GC(1772) Phase 4: Move objects
[84.824s][info][gc,phases      ] GC(1772) Phase 4: Move objects 22.062ms
[84.824s][info][gc,heap        ] GC(1772) DefNew: 156612K(157248K)->25212K(157248K) Eden: 139776K(139776K)->25212K(139776K) From: 16836K(17472K)->0K(17472K)
[84.824s][info][gc,heap        ] GC(1772) Tenured: 349461K(349568K)->349463K(349568K)
[84.824s][info][gc,metaspace   ] GC(1772) Metaspace: 31103K(31424K)->31103K(31424K) NonClass: 27849K(27968K)->27849K(27968K) Class: 3254K(3456K)->3254K(3456K)
[84.824s][info][gc             ] GC(1772) Pause Full (Allocation Failure) 494M->365M(494M) 44.805ms
[84.824s][info][gc,cpu         ] GC(1772) User=0.04s Sys=0.00s Real=0.05s
[84.831s][info][gc,start       ] GC(1773) Pause Full (Allocation Failure)
[84.831s][info][gc,phases,start] GC(1773) Phase 1: Mark live objects
[84.840s][info][gc,phases      ] GC(1773) Phase 1: Mark live objects 9.570ms
[84.840s][info][gc,phases,start] GC(1773) Phase 2: Compute new object addresses
[84.845s][info][gc,phases      ] GC(1773) Phase 2: Compute new object addresses 4.698ms
[84.845s][info][gc,phases,start] GC(1773) Phase 3: Adjust pointers
[84.852s][info][gc,phases      ] GC(1773) Phase 3: Adjust pointers 6.391ms
[84.852s][info][gc,phases,start] GC(1773) Phase 4: Move objects
[84.875s][info][gc,phases      ] GC(1773) Phase 4: Move objects 23.806ms
[84.876s][info][gc,heap        ] GC(1773) DefNew: 156772K(157248K)->15252K(157248K) Eden: 139776K(139776K)->15252K(139776K) From: 16996K(17472K)->0K(17472K)
[84.876s][info][gc,heap        ] GC(1773) Tenured: 349463K(349568K)->349473K(349568K)
[84.876s][info][gc,metaspace   ] GC(1773) Metaspace: 31103K(31424K)->31103K(31424K) NonClass: 27849K(27968K)->27849K(27968K) Class: 3254K(3456K)->3254K(3456K)
[84.876s][info][gc             ] GC(1773) Pause Full (Allocation Failure) 494M->356M(494M) 44.898ms
[84.876s][info][gc,cpu         ] GC(1773) User=0.04s Sys=0.00s Real=0.04s
[84.882s][info][gc,start       ] GC(1774) Pause Full (Allocation Failure)
[84.882s][info][gc,phases,start] GC(1774) Phase 1: Mark live objects
[84.892s][info][gc,phases      ] GC(1774) Phase 1: Mark live objects 9.679ms
[84.892s][info][gc,phases,start] GC(1774) Phase 2: Compute new object addresses
[84.897s][info][gc,phases      ] GC(1774) Phase 2: Compute new object addresses 4.493ms
[84.897s][info][gc,phases,start] GC(1774) Phase 3: Adjust pointers
[84.903s][info][gc,phases      ] GC(1774) Phase 3: Adjust pointers 6.180ms
[84.903s][info][gc,phases,start] GC(1774) Phase 4: Move objects
[84.928s][info][gc,phases      ] GC(1774) Phase 4: Move objects 24.685ms
[84.928s][info][gc,heap        ] GC(1774) DefNew: 156992K(157248K)->16448K(157248K) Eden: 139776K(139776K)->16448K(139776K) From: 17216K(17472K)->0K(17472K)
[84.928s][info][gc,heap        ] GC(1774) Tenured: 349473K(349568K)->349470K(349568K)
[84.928s][info][gc,metaspace   ] GC(1774) Metaspace: 31103K(31424K)->31103K(31424K) NonClass: 27849K(27968K)->27849K(27968K) Class: 3254K(3456K)->3254K(3456K)
[84.928s][info][gc             ] GC(1774) Pause Full (Allocation Failure) 494M->357M(494M) 45.504ms
[84.928s][info][gc,cpu         ] GC(1774) User=0.04s Sys=0.00s Real=0.04s
[84.938s][info][gc,start       ] GC(1775) Pause Full (Allocation Failure)
[84.938s][info][gc,phases,start] GC(1775) Phase 1: Mark live objects
[84.948s][info][gc,phases      ] GC(1775) Phase 1: Mark live objects 9.500ms
[84.948s][info][gc,phases,start] GC(1775) Phase 2: Compute new object addresses
[84.953s][info][gc,phases      ] GC(1775) Phase 2: Compute new object addresses 5.122ms
[84.953s][info][gc,phases,start] GC(1775) Phase 3: Adjust pointers
[84.962s][info][gc,phases      ] GC(1775) Phase 3: Adjust pointers 8.332ms
[84.962s][info][gc,phases,start] GC(1775) Phase 4: Move objects
[84.978s][info][gc,phases      ] GC(1775) Phase 4: Move objects 16.784ms
[84.979s][info][gc,heap        ] GC(1775) DefNew: 157112K(157248K)->34042K(157248K) Eden: 139776K(139776K)->34042K(139776K) From: 17336K(17472K)->0K(17472K)
[84.979s][info][gc,heap        ] GC(1775) Tenured: 349470K(349568K)->349454K(349568K)
[84.979s][info][gc,metaspace   ] GC(1775) Metaspace: 31103K(31424K)->31103K(31424K) NonClass: 27849K(27968K)->27849K(27968K) Class: 3254K(3456K)->3254K(3456K)
[84.979s][info][gc             ] GC(1775) Pause Full (Allocation Failure) 494M->374M(494M) 40.245ms
[84.979s][info][gc,cpu         ] GC(1775) User=0.04s Sys=0.00s Real=0.04s
[84.984s][info][gc,start       ] GC(1776) Pause Full (Allocation Failure)
[84.984s][info][gc,phases,start] GC(1776) Phase 1: Mark live objects
[84.994s][info][gc,phases      ] GC(1776) Phase 1: Mark live objects 9.898ms
[84.994s][info][gc,phases,start] GC(1776) Phase 2: Compute new object addresses
[84.999s][info][gc,phases      ] GC(1776) Phase 2: Compute new object addresses 4.524ms
[84.999s][info][gc,phases,start] GC(1776) Phase 3: Adjust pointers
[85.005s][info][gc,phases      ] GC(1776) Phase 3: Adjust pointers 6.444ms
[85.005s][info][gc,phases,start] GC(1776) Phase 4: Move objects
[85.027s][info][gc,phases      ] GC(1776) Phase 4: Move objects 21.609ms
[85.027s][info][gc,heap        ] GC(1776) DefNew: 157038K(157248K)->35006K(157248K) Eden: 139775K(139776K)->35006K(139776K) From: 17262K(17472K)->0K(17472K)
[85.027s][info][gc,heap        ] GC(1776) Tenured: 349454K(349568K)->349536K(349568K)
[85.027s][info][gc,metaspace   ] GC(1776) Metaspace: 31103K(31424K)->31103K(31424K) NonClass: 27849K(27968K)->27849K(27968K) Class: 3254K(3456K)->3254K(3456K)
[85.027s][info][gc             ] GC(1776) Pause Full (Allocation Failure) 494M->375M(494M) 42.937ms
[85.027s][info][gc,cpu         ] GC(1776) User=0.05s Sys=0.00s Real=0.04s
[85.038s][info][gc,start       ] GC(1777) Pause Full (Allocation Failure)
[85.038s][info][gc,phases,start] GC(1777) Phase 1: Mark live objects
[85.047s][info][gc,phases      ] GC(1777) Phase 1: Mark live objects 9.566ms
[85.047s][info][gc,phases,start] GC(1777) Phase 2: Compute new object addresses
[85.052s][info][gc,phases      ] GC(1777) Phase 2: Compute new object addresses 4.467ms
[85.052s][info][gc,phases,start] GC(1777) Phase 3: Adjust pointers
[85.058s][info][gc,phases      ] GC(1777) Phase 3: Adjust pointers 6.270ms
[85.058s][info][gc,phases,start] GC(1777) Phase 4: Move objects
[85.082s][info][gc,phases      ] GC(1777) Phase 4: Move objects 23.376ms
[85.082s][info][gc,heap        ] GC(1777) DefNew: 156674K(157248K)->12792K(157248K) Eden: 139776K(139776K)->12792K(139776K) From: 16898K(17472K)->0K(17472K)
[85.082s][info][gc,heap        ] GC(1777) Tenured: 349536K(349568K)->349469K(349568K)
[85.082s][info][gc,metaspace   ] GC(1777) Metaspace: 31103K(31424K)->31103K(31424K) NonClass: 27849K(27968K)->27849K(27968K) Class: 3254K(3456K)->3254K(3456K)
[85.082s][info][gc             ] GC(1777) Pause Full (Allocation Failure) 494M->353M(494M) 44.142ms
[85.082s][info][gc,cpu         ] GC(1777) User=0.04s Sys=0.00s Real=0.04s
[85.093s][info][gc,start       ] GC(1778) Pause Full (Allocation Failure)
[85.093s][info][gc,phases,start] GC(1778) Phase 1: Mark live objects
[85.102s][info][gc,phases      ] GC(1778) Phase 1: Mark live objects 9.663ms
[85.103s][info][gc,phases,start] GC(1778) Phase 2: Compute new object addresses
[85.108s][info][gc,phases      ] GC(1778) Phase 2: Compute new object addresses 5.031ms
[85.108s][info][gc,phases,start] GC(1778) Phase 3: Adjust pointers
[85.114s][info][gc,phases      ] GC(1778) Phase 3: Adjust pointers 6.101ms
[85.114s][info][gc,phases,start] GC(1778) Phase 4: Move objects
[85.136s][info][gc,phases      ] GC(1778) Phase 4: Move objects 22.672ms
[85.137s][info][gc,heap        ] GC(1778) DefNew: 156266K(157248K)->13132K(157248K) Eden: 139776K(139776K)->13132K(139776K) From: 16490K(17472K)->0K(17472K)
[85.137s][info][gc,heap        ] GC(1778) Tenured: 349469K(349568K)->349561K(349568K)
[85.137s][info][gc,metaspace   ] GC(1778) Metaspace: 31103K(31424K)->31103K(31424K) NonClass: 27849K(27968K)->27849K(27968K) Class: 3254K(3456K)->3254K(3456K)
[85.137s][info][gc             ] GC(1778) Pause Full (Allocation Failure) 493M->354M(494M) 43.892ms
[85.137s][info][gc,cpu         ] GC(1778) User=0.04s Sys=0.00s Real=0.04s
[85.147s][info][gc,start       ] GC(1779) Pause Full (Allocation Failure)
[85.147s][info][gc,phases,start] GC(1779) Phase 1: Mark live objects
[85.156s][info][gc,phases      ] GC(1779) Phase 1: Mark live objects 9.166ms
[85.156s][info][gc,phases,start] GC(1779) Phase 2: Compute new object addresses
[85.161s][info][gc,phases      ] GC(1779) Phase 2: Compute new object addresses 5.182ms
[85.161s][info][gc,phases,start] GC(1779) Phase 3: Adjust pointers
[85.169s][info][gc,phases      ] GC(1779) Phase 3: Adjust pointers 7.142ms
[85.169s][info][gc,phases,start] GC(1779) Phase 4: Move objects
[85.181s][info][gc,phases      ] GC(1779) Phase 4: Move objects 12.496ms
[85.181s][info][gc,heap        ] GC(1779) DefNew: 157092K(157248K)->32401K(157248K) Eden: 139776K(139776K)->32401K(139776K) From: 17316K(17472K)->0K(17472K)
[85.181s][info][gc,heap        ] GC(1779) Tenured: 349561K(349568K)->349459K(349568K)
[85.181s][info][gc,metaspace   ] GC(1779) Metaspace: 31103K(31424K)->31103K(31424K) NonClass: 27849K(27968K)->27849K(27968K) Class: 3254K(3456K)->3254K(3456K)
[85.181s][info][gc             ] GC(1779) Pause Full (Allocation Failure) 494M->372M(494M) 34.437ms
[85.181s][info][gc,cpu         ] GC(1779) User=0.04s Sys=0.00s Real=0.03s
[85.200s][info][gc,start       ] GC(1780) Pause Full (Allocation Failure)
[85.200s][info][gc,phases,start] GC(1780) Phase 1: Mark live objects
[85.210s][info][gc,phases      ] GC(1780) Phase 1: Mark live objects 9.513ms
[85.210s][info][gc,phases,start] GC(1780) Phase 2: Compute new object addresses
[85.215s][info][gc,phases      ] GC(1780) Phase 2: Compute new object addresses 5.011ms
[85.215s][info][gc,phases,start] GC(1780) Phase 3: Adjust pointers
[85.221s][info][gc,phases      ] GC(1780) Phase 3: Adjust pointers 6.122ms
[85.221s][info][gc,phases,start] GC(1780) Phase 4: Move objects
[85.243s][info][gc,phases      ] GC(1780) Phase 4: Move objects 22.036ms
[85.243s][info][gc,heap        ] GC(1780) DefNew: 157177K(157248K)->24321K(157248K) Eden: 139776K(139776K)->24321K(139776K) From: 17401K(17472K)->0K(17472K)
[85.243s][info][gc,heap        ] GC(1780) Tenured: 349459K(349568K)->349416K(349568K)
[85.243s][info][gc,metaspace   ] GC(1780) Metaspace: 31103K(31424K)->31103K(31424K) NonClass: 27849K(27968K)->27849K(27968K) Class: 3254K(3456K)->3254K(3456K)
[85.243s][info][gc             ] GC(1780) Pause Full (Allocation Failure) 494M->364M(494M) 43.137ms
[85.243s][info][gc,cpu         ] GC(1780) User=0.04s Sys=0.00s Real=0.05s
[85.254s][info][gc,start       ] GC(1781) Pause Full (Allocation Failure)
[85.254s][info][gc,phases,start] GC(1781) Phase 1: Mark live objects
[85.263s][info][gc,phases      ] GC(1781) Phase 1: Mark live objects 9.603ms
[85.263s][info][gc,phases,start] GC(1781) Phase 2: Compute new object addresses
[85.268s][info][gc,phases      ] GC(1781) Phase 2: Compute new object addresses 4.718ms
[85.268s][info][gc,phases,start] GC(1781) Phase 3: Adjust pointers
[85.275s][info][gc,phases      ] GC(1781) Phase 3: Adjust pointers 6.516ms
[85.275s][info][gc,phases,start] GC(1781) Phase 4: Move objects
[85.299s][info][gc,phases      ] GC(1781) Phase 4: Move objects 24.576ms
[85.299s][info][gc,heap        ] GC(1781) DefNew: 156533K(157248K)->2837K(157248K) Eden: 139776K(139776K)->2837K(139776K) From: 16757K(17472K)->0K(17472K)
[85.299s][info][gc,heap        ] GC(1781) Tenured: 349416K(349568K)->349478K(349568K)
[85.299s][info][gc,metaspace   ] GC(1781) Metaspace: 31103K(31424K)->31103K(31424K) NonClass: 27849K(27968K)->27849K(27968K) Class: 3254K(3456K)->3254K(3456K)
[85.299s][info][gc             ] GC(1781) Pause Full (Allocation Failure) 494M->344M(494M) 45.924ms
[85.299s][info][gc,cpu         ] GC(1781) User=0.05s Sys=0.00s Real=0.04s
[85.310s][info][gc,start       ] GC(1782) Pause Full (Allocation Failure)
[85.310s][info][gc,phases,start] GC(1782) Phase 1: Mark live objects
[85.321s][info][gc,phases      ] GC(1782) Phase 1: Mark live objects 10.421ms
[85.321s][info][gc,phases,start] GC(1782) Phase 2: Compute new object addresses
[85.326s][info][gc,phases      ] GC(1782) Phase 2: Compute new object addresses 5.215ms
[85.326s][info][gc,phases,start] GC(1782) Phase 3: Adjust pointers
[85.332s][info][gc,phases      ] GC(1782) Phase 3: Adjust pointers 6.693ms
[85.333s][info][gc,phases,start] GC(1782) Phase 4: Move objects
[85.353s][info][gc,phases      ] GC(1782) Phase 4: Move objects 20.888ms
[85.354s][info][gc,heap        ] GC(1782) DefNew: 156480K(157248K)->5674K(157248K) Eden: 139776K(139776K)->5674K(139776K) From: 16704K(17472K)->0K(17472K)
[85.354s][info][gc,heap        ] GC(1782) Tenured: 349478K(349568K)->349322K(349568K)
[85.354s][info][gc,metaspace   ] GC(1782) Metaspace: 31103K(31424K)->31103K(31424K) NonClass: 27849K(27968K)->27849K(27968K) Class: 3254K(3456K)->3254K(3456K)
[85.354s][info][gc             ] GC(1782) Pause Full (Allocation Failure) 494M->346M(494M) 43.669ms
[85.354s][info][gc,cpu         ] GC(1782) User=0.05s Sys=0.00s Real=0.05s
[85.364s][info][gc,start       ] GC(1783) Pause Full (Allocation Failure)
[85.364s][info][gc,phases,start] GC(1783) Phase 1: Mark live objects
[85.373s][info][gc,phases      ] GC(1783) Phase 1: Mark live objects 8.578ms
[85.373s][info][gc,phases,start] GC(1783) Phase 2: Compute new object addresses
[85.377s][info][gc,phases      ] GC(1783) Phase 2: Compute new object addresses 4.578ms
[85.377s][info][gc,phases,start] GC(1783) Phase 3: Adjust pointers
[85.384s][info][gc,phases      ] GC(1783) Phase 3: Adjust pointers 6.215ms
[85.384s][info][gc,phases,start] GC(1783) Phase 4: Move objects
[85.396s][info][gc,phases      ] GC(1783) Phase 4: Move objects 12.830ms
[85.397s][info][gc,heap        ] GC(1783) DefNew: 156709K(157248K)->26506K(157248K) Eden: 139776K(139776K)->26506K(139776K) From: 16933K(17472K)->0K(17472K)
[85.397s][info][gc,heap        ] GC(1783) Tenured: 349322K(349568K)->349449K(349568K)
[85.397s][info][gc,metaspace   ] GC(1783) Metaspace: 31103K(31424K)->31103K(31424K) NonClass: 27849K(27968K)->27849K(27968K) Class: 3254K(3456K)->3254K(3456K)
[85.397s][info][gc             ] GC(1783) Pause Full (Allocation Failure) 494M->367M(494M) 32.636ms
[85.397s][info][gc,cpu         ] GC(1783) User=0.03s Sys=0.00s Real=0.03s
[85.409s][info][gc,start       ] GC(1784) Pause Full (Allocation Failure)
[85.409s][info][gc,phases,start] GC(1784) Phase 1: Mark live objects
[85.418s][info][gc,phases      ] GC(1784) Phase 1: Mark live objects 9.603ms
[85.418s][info][gc,phases,start] GC(1784) Phase 2: Compute new object addresses
[85.423s][info][gc,phases      ] GC(1784) Phase 2: Compute new object addresses 4.891ms
[85.423s][info][gc,phases,start] GC(1784) Phase 3: Adjust pointers
[85.430s][info][gc,phases      ] GC(1784) Phase 3: Adjust pointers 6.542ms
[85.430s][info][gc,phases,start] GC(1784) Phase 4: Move objects
[85.453s][info][gc,phases      ] GC(1784) Phase 4: Move objects 23.080ms
[85.453s][info][gc,heap        ] GC(1784) DefNew: 157212K(157248K)->25558K(157248K) Eden: 139776K(139776K)->25558K(139776K) From: 17436K(17472K)->0K(17472K)
[85.453s][info][gc,heap        ] GC(1784) Tenured: 349449K(349568K)->349455K(349568K)
[85.453s][info][gc,metaspace   ] GC(1784) Metaspace: 31103K(31424K)->31103K(31424K) NonClass: 27849K(27968K)->27849K(27968K) Class: 3254K(3456K)->3254K(3456K)
[85.453s][info][gc             ] GC(1784) Pause Full (Allocation Failure) 494M->366M(494M) 44.548ms
[85.453s][info][gc,cpu         ] GC(1784) User=0.04s Sys=0.00s Real=0.05s
[85.463s][info][gc,start       ] GC(1785) Pause Full (Allocation Failure)
[85.463s][info][gc,phases,start] GC(1785) Phase 1: Mark live objects
[85.473s][info][gc,phases      ] GC(1785) Phase 1: Mark live objects 10.292ms
[85.473s][info][gc,phases,start] GC(1785) Phase 2: Compute new object addresses
[85.478s][info][gc,phases      ] GC(1785) Phase 2: Compute new object addresses 4.527ms
[85.478s][info][gc,phases,start] GC(1785) Phase 3: Adjust pointers
[85.484s][info][gc,phases      ] GC(1785) Phase 3: Adjust pointers 5.825ms
[85.484s][info][gc,phases,start] GC(1785) Phase 4: Move objects
[85.506s][info][gc,phases      ] GC(1785) Phase 4: Move objects 22.326ms
[85.506s][info][gc,heap        ] GC(1785) DefNew: 157153K(157248K)->25218K(157248K) Eden: 139776K(139776K)->25218K(139776K) From: 17377K(17472K)->0K(17472K)
[85.506s][info][gc,heap        ] GC(1785) Tenured: 349455K(349568K)->349450K(349568K)
[85.506s][info][gc,metaspace   ] GC(1785) Metaspace: 31103K(31424K)->31103K(31424K) NonClass: 27849K(27968K)->27849K(27968K) Class: 3254K(3456K)->3254K(3456K)
[85.507s][info][gc             ] GC(1785) Pause Full (Allocation Failure) 494M->365M(494M) 43.445ms
[85.507s][info][gc,cpu         ] GC(1785) User=0.05s Sys=0.00s Real=0.04s
[85.517s][info][gc,start       ] GC(1786) Pause Full (Allocation Failure)
[85.517s][info][gc,phases,start] GC(1786) Phase 1: Mark live objects
[85.526s][info][gc,phases      ] GC(1786) Phase 1: Mark live objects 9.273ms
[85.526s][info][gc,phases,start] GC(1786) Phase 2: Compute new object addresses
[85.531s][info][gc,phases      ] GC(1786) Phase 2: Compute new object addresses 4.703ms
[85.531s][info][gc,phases,start] GC(1786) Phase 3: Adjust pointers
[85.538s][info][gc,phases      ] GC(1786) Phase 3: Adjust pointers 6.617ms
[85.538s][info][gc,phases,start] GC(1786) Phase 4: Move objects
[85.561s][info][gc,phases      ] GC(1786) Phase 4: Move objects 22.896ms
[85.561s][info][gc,heap        ] GC(1786) DefNew: 156342K(157248K)->6439K(157248K) Eden: 139776K(139776K)->6439K(139776K) From: 16566K(17472K)->0K(17472K)
[85.561s][info][gc,heap        ] GC(1786) Tenured: 349450K(349568K)->349567K(349568K)
[85.561s][info][gc,metaspace   ] GC(1786) Metaspace: 31103K(31424K)->31103K(31424K) NonClass: 27849K(27968K)->27849K(27968K) Class: 3254K(3456K)->3254K(3456K)
[85.561s][info][gc             ] GC(1786) Pause Full (Allocation Failure) 493M->347M(494M) 43.903ms
[85.561s][info][gc,cpu         ] GC(1786) User=0.04s Sys=0.00s Real=0.04s
[85.572s][info][gc,start       ] GC(1787) Pause Full (Allocation Failure)
[85.572s][info][gc,phases,start] GC(1787) Phase 1: Mark live objects
[85.582s][info][gc,phases      ] GC(1787) Phase 1: Mark live objects 9.464ms
[85.582s][info][gc,phases,start] GC(1787) Phase 2: Compute new object addresses
[85.587s][info][gc,phases      ] GC(1787) Phase 2: Compute new object addresses 5.184ms
[85.587s][info][gc,phases,start] GC(1787) Phase 3: Adjust pointers
[85.593s][info][gc,phases      ] GC(1787) Phase 3: Adjust pointers 6.483ms
[85.593s][info][gc,phases,start] GC(1787) Phase 4: Move objects
[85.606s][info][gc,phases      ] GC(1787) Phase 4: Move objects 12.446ms
[85.606s][info][gc,heap        ] GC(1787) DefNew: 157017K(157248K)->28558K(157248K) Eden: 139776K(139776K)->28558K(139776K) From: 17241K(17472K)->0K(17472K)
[85.606s][info][gc,heap        ] GC(1787) Tenured: 349567K(349568K)->349452K(349568K)
[85.606s][info][gc,metaspace   ] GC(1787) Metaspace: 31103K(31424K)->31103K(31424K) NonClass: 27849K(27968K)->27849K(27968K) Class: 3254K(3456K)->3254K(3456K)
[85.606s][info][gc             ] GC(1787) Pause Full (Allocation Failure) 494M->369M(494M) 34.046ms
[85.606s][info][gc,cpu         ] GC(1787) User=0.03s Sys=0.00s Real=0.03s
[85.615s][info][gc,start       ] GC(1788) Pause Full (Allocation Failure)
[85.615s][info][gc,phases,start] GC(1788) Phase 1: Mark live objects
[85.624s][info][gc,phases      ] GC(1788) Phase 1: Mark live objects 9.314ms
[85.624s][info][gc,phases,start] GC(1788) Phase 2: Compute new object addresses
[85.629s][info][gc,phases      ] GC(1788) Phase 2: Compute new object addresses 4.536ms
[85.629s][info][gc,phases,start] GC(1788) Phase 3: Adjust pointers
[85.635s][info][gc,phases      ] GC(1788) Phase 3: Adjust pointers 6.389ms
[85.635s][info][gc,phases,start] GC(1788) Phase 4: Move objects
[85.656s][info][gc,phases      ] GC(1788) Phase 4: Move objects 20.703ms
[85.656s][info][gc,heap        ] GC(1788) DefNew: 157236K(157248K)->28922K(157248K) Eden: 139776K(139776K)->28922K(139776K) From: 17460K(17472K)->0K(17472K)
[85.656s][info][gc,heap        ] GC(1788) Tenured: 349452K(349568K)->349418K(349568K)
[85.656s][info][gc,metaspace   ] GC(1788) Metaspace: 31103K(31424K)->31103K(31424K) NonClass: 27849K(27968K)->27849K(27968K) Class: 3254K(3456K)->3254K(3456K)
[85.656s][info][gc             ] GC(1788) Pause Full (Allocation Failure) 494M->369M(494M) 41.360ms
[85.656s][info][gc,cpu         ] GC(1788) User=0.04s Sys=0.00s Real=0.04s
[85.667s][info][gc,start       ] GC(1789) Pause Full (Allocation Failure)
[85.667s][info][gc,phases,start] GC(1789) Phase 1: Mark live objects
[85.676s][info][gc,phases      ] GC(1789) Phase 1: Mark live objects 9.115ms
[85.676s][info][gc,phases,start] GC(1789) Phase 2: Compute new object addresses
[85.681s][info][gc,phases      ] GC(1789) Phase 2: Compute new object addresses 4.443ms
[85.681s][info][gc,phases,start] GC(1789) Phase 3: Adjust pointers
[85.687s][info][gc,phases      ] GC(1789) Phase 3: Adjust pointers 5.972ms
[85.687s][info][gc,phases,start] GC(1789) Phase 4: Move objects
[85.709s][info][gc,phases      ] GC(1789) Phase 4: Move objects 22.189ms
[85.709s][info][gc,heap        ] GC(1789) DefNew: 157192K(157248K)->25750K(157248K) Eden: 139776K(139776K)->25750K(139776K) From: 17416K(17472K)->0K(17472K)
[85.709s][info][gc,heap        ] GC(1789) Tenured: 349418K(349568K)->349538K(349568K)
[85.709s][info][gc,metaspace   ] GC(1789) Metaspace: 31103K(31424K)->31103K(31424K) NonClass: 27849K(27968K)->27849K(27968K) Class: 3254K(3456K)->3254K(3456K)
[85.709s][info][gc             ] GC(1789) Pause Full (Allocation Failure) 494M->366M(494M) 42.151ms
[85.709s][info][gc,cpu         ] GC(1789) User=0.04s Sys=0.00s Real=0.04s
[85.720s][info][gc,start       ] GC(1790) Pause Full (Allocation Failure)
[85.720s][info][gc,phases,start] GC(1790) Phase 1: Mark live objects
[85.729s][info][gc,phases      ] GC(1790) Phase 1: Mark live objects 9.345ms
[85.729s][info][gc,phases,start] GC(1790) Phase 2: Compute new object addresses
[85.733s][info][gc,phases      ] GC(1790) Phase 2: Compute new object addresses 4.377ms
[85.733s][info][gc,phases,start] GC(1790) Phase 3: Adjust pointers
[85.739s][info][gc,phases      ] GC(1790) Phase 3: Adjust pointers 5.825ms
[85.739s][info][gc,phases,start] GC(1790) Phase 4: Move objects
[85.762s][info][gc,phases      ] GC(1790) Phase 4: Move objects 22.755ms
[85.762s][info][gc,heap        ] GC(1790) DefNew: 157103K(157248K)->7726K(157248K) Eden: 139776K(139776K)->7726K(139776K) From: 17327K(17472K)->0K(17472K)
[85.762s][info][gc,heap        ] GC(1790) Tenured: 349538K(349568K)->349478K(349568K)
[85.762s][info][gc,metaspace   ] GC(1790) Metaspace: 31103K(31424K)->31103K(31424K) NonClass: 27849K(27968K)->27849K(27968K) Class: 3254K(3456K)->3254K(3456K)
[85.762s][info][gc             ] GC(1790) Pause Full (Allocation Failure) 494M->348M(494M) 42.784ms
[85.762s][info][gc,cpu         ] GC(1790) User=0.05s Sys=0.00s Real=0.05s
[85.773s][info][gc,start       ] GC(1791) Pause Full (Allocation Failure)
[85.773s][info][gc,phases,start] GC(1791) Phase 1: Mark live objects
[85.783s][info][gc,phases      ] GC(1791) Phase 1: Mark live objects 9.586ms
[85.783s][info][gc,phases,start] GC(1791) Phase 2: Compute new object addresses
[85.788s][info][gc,phases      ] GC(1791) Phase 2: Compute new object addresses 4.912ms
[85.788s][info][gc,phases,start] GC(1791) Phase 3: Adjust pointers
[85.794s][info][gc,phases      ] GC(1791) Phase 3: Adjust pointers 6.218ms
[85.794s][info][gc,phases,start] GC(1791) Phase 4: Move objects
[85.808s][info][gc,phases      ] GC(1791) Phase 4: Move objects 14.211ms
[85.808s][info][gc,heap        ] GC(1791) DefNew: 156526K(157248K)->28401K(157248K) Eden: 139776K(139776K)->28401K(139776K) From: 16750K(17472K)->0K(17472K)
[85.808s][info][gc,heap        ] GC(1791) Tenured: 349478K(349568K)->349448K(349568K)
[85.808s][info][gc,metaspace   ] GC(1791) Metaspace: 31103K(31424K)->31103K(31424K) NonClass: 27849K(27968K)->27849K(27968K) Class: 3254K(3456K)->3254K(3456K)
[85.808s][info][gc             ] GC(1791) Pause Full (Allocation Failure) 494M->368M(494M) 35.423ms
[85.808s][info][gc,cpu         ] GC(1791) User=0.04s Sys=0.00s Real=0.03s
[85.819s][info][gc,start       ] GC(1792) Pause Full (Allocation Failure)
[85.819s][info][gc,phases,start] GC(1792) Phase 1: Mark live objects
[85.828s][info][gc,phases      ] GC(1792) Phase 1: Mark live objects 9.137ms
[85.828s][info][gc,phases,start] GC(1792) Phase 2: Compute new object addresses
[85.832s][info][gc,phases      ] GC(1792) Phase 2: Compute new object addresses 4.264ms
[85.832s][info][gc,phases,start] GC(1792) Phase 3: Adjust pointers
[85.838s][info][gc,phases      ] GC(1792) Phase 3: Adjust pointers 6.002ms
[85.838s][info][gc,phases,start] GC(1792) Phase 4: Move objects
[85.859s][info][gc,phases      ] GC(1792) Phase 4: Move objects 20.252ms
[85.859s][info][gc,heap        ] GC(1792) DefNew: 156628K(157248K)->29327K(157248K) Eden: 139776K(139776K)->29327K(139776K) From: 16852K(17472K)->0K(17472K)
[85.859s][info][gc,heap        ] GC(1792) Tenured: 349448K(349568K)->349459K(349568K)
[85.859s][info][gc,metaspace   ] GC(1792) Metaspace: 31103K(31424K)->31103K(31424K) NonClass: 27849K(27968K)->27849K(27968K) Class: 3254K(3456K)->3254K(3456K)
[85.859s][info][gc             ] GC(1792) Pause Full (Allocation Failure) 494M->369M(494M) 40.099ms
[85.859s][info][gc,cpu         ] GC(1792) User=0.04s Sys=0.00s Real=0.04s
[85.865s][info][gc,start       ] GC(1793) Pause Full (Allocation Failure)
[85.865s][info][gc,phases,start] GC(1793) Phase 1: Mark live objects
[85.875s][info][gc,phases      ] GC(1793) Phase 1: Mark live objects 9.902ms
[85.875s][info][gc,phases,start] GC(1793) Phase 2: Compute new object addresses
[85.880s][info][gc,phases      ] GC(1793) Phase 2: Compute new object addresses 4.753ms
[85.880s][info][gc,phases,start] GC(1793) Phase 3: Adjust pointers
[85.886s][info][gc,phases      ] GC(1793) Phase 3: Adjust pointers 6.374ms
[85.886s][info][gc,phases,start] GC(1793) Phase 4: Move objects
[85.908s][info][gc,phases      ] GC(1793) Phase 4: Move objects 21.720ms
[85.908s][info][gc,heap        ] GC(1793) DefNew: 157014K(157248K)->35294K(157248K) Eden: 139776K(139776K)->35294K(139776K) From: 17238K(17472K)->0K(17472K)
[85.908s][info][gc,heap        ] GC(1793) Tenured: 349459K(349568K)->349458K(349568K)
[85.908s][info][gc,metaspace   ] GC(1793) Metaspace: 31103K(31424K)->31103K(31424K) NonClass: 27849K(27968K)->27849K(27968K) Class: 3254K(3456K)->3254K(3456K)
[85.908s][info][gc             ] GC(1793) Pause Full (Allocation Failure) 494M->375M(494M) 43.203ms
[85.908s][info][gc,cpu         ] GC(1793) User=0.04s Sys=0.00s Real=0.04s
[85.919s][info][gc,start       ] GC(1794) Pause Full (Allocation Failure)
[85.919s][info][gc,phases,start] GC(1794) Phase 1: Mark live objects
[85.929s][info][gc,phases      ] GC(1794) Phase 1: Mark live objects 9.380ms
[85.929s][info][gc,phases,start] GC(1794) Phase 2: Compute new object addresses
[85.933s][info][gc,phases      ] GC(1794) Phase 2: Compute new object addresses 4.178ms
[85.933s][info][gc,phases,start] GC(1794) Phase 3: Adjust pointers
[85.939s][info][gc,phases      ] GC(1794) Phase 3: Adjust pointers 5.974ms
[85.939s][info][gc,phases,start] GC(1794) Phase 4: Move objects
[85.963s][info][gc,phases      ] GC(1794) Phase 4: Move objects 23.661ms
[85.963s][info][gc,heap        ] GC(1794) DefNew: 157193K(157248K)->14404K(157248K) Eden: 139776K(139776K)->14404K(139776K) From: 17417K(17472K)->0K(17472K)
[85.963s][info][gc,heap        ] GC(1794) Tenured: 349458K(349568K)->349313K(349568K)
[85.963s][info][gc,metaspace   ] GC(1794) Metaspace: 31103K(31424K)->31103K(31424K) NonClass: 27849K(27968K)->27849K(27968K) Class: 3254K(3456K)->3254K(3456K)
[85.963s][info][gc             ] GC(1794) Pause Full (Allocation Failure) 494M->355M(494M) 43.604ms
[85.963s][info][gc,cpu         ] GC(1794) User=0.04s Sys=0.00s Real=0.05s
[85.974s][info][gc,start       ] GC(1795) Pause Full (Allocation Failure)
[85.974s][info][gc,phases,start] GC(1795) Phase 1: Mark live objects
[85.983s][info][gc,phases      ] GC(1795) Phase 1: Mark live objects 8.845ms
[85.983s][info][gc,phases,start] GC(1795) Phase 2: Compute new object addresses
[85.987s][info][gc,phases      ] GC(1795) Phase 2: Compute new object addresses 4.494ms
[85.987s][info][gc,phases,start] GC(1795) Phase 3: Adjust pointers
[85.993s][info][gc,phases      ] GC(1795) Phase 3: Adjust pointers 6.091ms
[85.993s][info][gc,phases,start] GC(1795) Phase 4: Move objects
[85.996s][info][gc,phases      ] GC(1795) Phase 4: Move objects 3.072ms
[85.997s][info][gc,heap        ] GC(1795) DefNew: 156659K(157248K)->32162K(157248K) Eden: 139776K(139776K)->32162K(139776K) From: 16883K(17472K)->0K(17472K)
[85.997s][info][gc,heap        ] GC(1795) Tenured: 349313K(349568K)->349313K(349568K)
[85.997s][info][gc,metaspace   ] GC(1795) Metaspace: 31103K(31424K)->31103K(31424K) NonClass: 27849K(27968K)->27849K(27968K) Class: 3254K(3456K)->3254K(3456K)
[85.997s][info][gc             ] GC(1795) Pause Full (Allocation Failure) 494M->372M(494M) 22.939ms
[85.997s][info][gc,cpu         ] GC(1795) User=0.02s Sys=0.00s Real=0.02s
[86.002s][info][gc,start       ] GC(1796) Pause Full (Allocation Failure)
[86.003s][info][gc,phases,start] GC(1796) Phase 1: Mark live objects
[86.012s][info][gc,phases      ] GC(1796) Phase 1: Mark live objects 9.556ms
[86.012s][info][gc,phases,start] GC(1796) Phase 2: Compute new object addresses
[86.016s][info][gc,phases      ] GC(1796) Phase 2: Compute new object addresses 4.296ms
[86.016s][info][gc,phases,start] GC(1796) Phase 3: Adjust pointers
[86.022s][info][gc,phases      ] GC(1796) Phase 3: Adjust pointers 6.027ms
[86.022s][info][gc,phases,start] GC(1796) Phase 4: Move objects
[86.044s][info][gc,phases      ] GC(1796) Phase 4: Move objects 21.166ms
[86.044s][info][gc,heap        ] GC(1796) DefNew: 156742K(157248K)->39977K(157248K) Eden: 139776K(139776K)->39977K(139776K) From: 16966K(17472K)->0K(17472K)
[86.044s][info][gc,heap        ] GC(1796) Tenured: 349313K(349568K)->349412K(349568K)
[86.044s][info][gc,metaspace   ] GC(1796) Metaspace: 31103K(31424K)->31103K(31424K) NonClass: 27849K(27968K)->27849K(27968K) Class: 3254K(3456K)->3254K(3456K)
[86.044s][info][gc             ] GC(1796) Pause Full (Allocation Failure) 494M->380M(494M) 41.486ms
[86.044s][info][gc,cpu         ] GC(1796) User=0.04s Sys=0.00s Real=0.04s
[86.055s][info][gc,start       ] GC(1797) Pause Full (Allocation Failure)
[86.056s][info][gc,phases,start] GC(1797) Phase 1: Mark live objects
[86.064s][info][gc,phases      ] GC(1797) Phase 1: Mark live objects 8.788ms
[86.064s][info][gc,phases,start] GC(1797) Phase 2: Compute new object addresses
[86.069s][info][gc,phases      ] GC(1797) Phase 2: Compute new object addresses 4.188ms
[86.069s][info][gc,phases,start] GC(1797) Phase 3: Adjust pointers
[86.074s][info][gc,phases      ] GC(1797) Phase 3: Adjust pointers 5.776ms
[86.074s][info][gc,phases,start] GC(1797) Phase 4: Move objects
[86.096s][info][gc,phases      ] GC(1797) Phase 4: Move objects 21.973ms
[86.097s][info][gc,heap        ] GC(1797) DefNew: 157027K(157248K)->32670K(157248K) Eden: 139776K(139776K)->32670K(139776K) From: 17251K(17472K)->0K(17472K)
[86.097s][info][gc,heap        ] GC(1797) Tenured: 349412K(349568K)->349454K(349568K)
[86.097s][info][gc,metaspace   ] GC(1797) Metaspace: 31103K(31424K)->31103K(31424K) NonClass: 27849K(27968K)->27849K(27968K) Class: 3254K(3456K)->3254K(3456K)
[86.097s][info][gc             ] GC(1797) Pause Full (Allocation Failure) 494M->373M(494M) 41.157ms
[86.097s][info][gc,cpu         ] GC(1797) User=0.04s Sys=0.00s Real=0.04s
[86.107s][info][gc,start       ] GC(1798) Pause Full (Allocation Failure)
[86.107s][info][gc,phases,start] GC(1798) Phase 1: Mark live objects
[86.116s][info][gc,phases      ] GC(1798) Phase 1: Mark live objects 8.823ms
[86.116s][info][gc,phases,start] GC(1798) Phase 2: Compute new object addresses
[86.121s][info][gc,phases      ] GC(1798) Phase 2: Compute new object addresses 4.934ms
[86.121s][info][gc,phases,start] GC(1798) Phase 3: Adjust pointers
[86.127s][info][gc,phases      ] GC(1798) Phase 3: Adjust pointers 6.071ms
[86.127s][info][gc,phases,start] GC(1798) Phase 4: Move objects
[86.151s][info][gc,phases      ] GC(1798) Phase 4: Move objects 23.172ms
[86.151s][info][gc,heap        ] GC(1798) DefNew: 156367K(157248K)->12618K(157248K) Eden: 139776K(139776K)->12618K(139776K) From: 16591K(17472K)->0K(17472K)
[86.151s][info][gc,heap        ] GC(1798) Tenured: 349454K(349568K)->349548K(349568K)
[86.151s][info][gc,metaspace   ] GC(1798) Metaspace: 31103K(31424K)->31103K(31424K) NonClass: 27849K(27968K)->27849K(27968K) Class: 3254K(3456K)->3254K(3456K)
[86.151s][info][gc             ] GC(1798) Pause Full (Allocation Failure) 493M->353M(494M) 43.466ms
[86.151s][info][gc,cpu         ] GC(1798) User=0.04s Sys=0.00s Real=0.05s
[86.163s][info][gc,start       ] GC(1799) Pause Full (Allocation Failure)
[86.163s][info][gc,phases,start] GC(1799) Phase 1: Mark live objects
[86.172s][info][gc,phases      ] GC(1799) Phase 1: Mark live objects 9.239ms
[86.172s][info][gc,phases,start] GC(1799) Phase 2: Compute new object addresses
[86.177s][info][gc,phases      ] GC(1799) Phase 2: Compute new object addresses 4.751ms
[86.177s][info][gc,phases,start] GC(1799) Phase 3: Adjust pointers
[86.183s][info][gc,phases      ] GC(1799) Phase 3: Adjust pointers 6.217ms
[86.183s][info][gc,phases,start] GC(1799) Phase 4: Move objects
[86.196s][info][gc,phases      ] GC(1799) Phase 4: Move objects 13.246ms
[86.197s][info][gc,heap        ] GC(1799) DefNew: 157179K(157248K)->31113K(157248K) Eden: 139776K(139776K)->31113K(139776K) From: 17403K(17472K)->0K(17472K)
[86.197s][info][gc,heap        ] GC(1799) Tenured: 349548K(349568K)->349452K(349568K)
[86.197s][info][gc,metaspace   ] GC(1799) Metaspace: 31103K(31424K)->31103K(31424K) NonClass: 27849K(27968K)->27849K(27968K) Class: 3254K(3456K)->3254K(3456K)
[86.197s][info][gc             ] GC(1799) Pause Full (Allocation Failure) 494M->371M(494M) 33.900ms
[86.197s][info][gc,cpu         ] GC(1799) User=0.05s Sys=0.00s Real=0.03s
[86.207s][info][gc,start       ] GC(1800) Pause Full (Allocation Failure)
[86.207s][info][gc,phases,start] GC(1800) Phase 1: Mark live objects
[86.216s][info][gc,phases      ] GC(1800) Phase 1: Mark live objects 8.628ms
[86.216s][info][gc,phases,start] GC(1800) Phase 2: Compute new object addresses
[86.220s][info][gc,phases      ] GC(1800) Phase 2: Compute new object addresses 4.304ms
[86.220s][info][gc,phases,start] GC(1800) Phase 3: Adjust pointers
[86.226s][info][gc,phases      ] GC(1800) Phase 3: Adjust pointers 5.800ms
[86.226s][info][gc,phases,start] GC(1800) Phase 4: Move objects
[86.246s][info][gc,phases      ] GC(1800) Phase 4: Move objects 20.609ms
[86.247s][info][gc,heap        ] GC(1800) DefNew: 156834K(157248K)->29933K(157248K) Eden: 139776K(139776K)->29933K(139776K) From: 17058K(17472K)->0K(17472K)
[86.247s][info][gc,heap        ] GC(1800) Tenured: 349452K(349568K)->349447K(349568K)
[86.247s][info][gc,metaspace   ] GC(1800) Metaspace: 31103K(31424K)->31103K(31424K) NonClass: 27849K(27968K)->27849K(27968K) Class: 3254K(3456K)->3254K(3456K)
[86.247s][info][gc             ] GC(1800) Pause Full (Allocation Failure) 494M->370M(494M) 39.816ms
[86.247s][info][gc,cpu         ] GC(1800) User=0.04s Sys=0.00s Real=0.04s
[86.258s][info][gc,start       ] GC(1801) Pause Full (Allocation Failure)
[86.258s][info][gc,phases,start] GC(1801) Phase 1: Mark live objects
[86.268s][info][gc,phases      ] GC(1801) Phase 1: Mark live objects 9.398ms
[86.268s][info][gc,phases,start] GC(1801) Phase 2: Compute new object addresses
[86.273s][info][gc,phases      ] GC(1801) Phase 2: Compute new object addresses 4.798ms
[86.273s][info][gc,phases,start] GC(1801) Phase 3: Adjust pointers
[86.280s][info][gc,phases      ] GC(1801) Phase 3: Adjust pointers 7.016ms
[86.280s][info][gc,phases,start] GC(1801) Phase 4: Move objects
[86.303s][info][gc,phases      ] GC(1801) Phase 4: Move objects 22.774ms
[86.303s][info][gc,heap        ] GC(1801) DefNew: 157150K(157248K)->28285K(157248K) Eden: 139776K(139776K)->28285K(139776K) From: 17374K(17472K)->0K(17472K)
[86.303s][info][gc,heap        ] GC(1801) Tenured: 349447K(349568K)->349453K(349568K)
[86.303s][info][gc,metaspace   ] GC(1801) Metaspace: 31103K(31424K)->31103K(31424K) NonClass: 27849K(27968K)->27849K(27968K) Class: 3254K(3456K)->3254K(3456K)
[86.303s][info][gc             ] GC(1801) Pause Full (Allocation Failure) 494M->368M(494M) 44.508ms
[86.303s][info][gc,cpu         ] GC(1801) User=0.04s Sys=0.00s Real=0.05s
[86.311s][info][gc,start       ] GC(1802) Pause Full (Allocation Failure)
[86.311s][info][gc,phases,start] GC(1802) Phase 1: Mark live objects
[86.323s][info][gc,phases      ] GC(1802) Phase 1: Mark live objects 12.064ms
[86.323s][info][gc,phases,start] GC(1802) Phase 2: Compute new object addresses
[86.328s][info][gc,phases      ] GC(1802) Phase 2: Compute new object addresses 4.890ms
[86.328s][info][gc,phases,start] GC(1802) Phase 3: Adjust pointers
[86.335s][info][gc,phases      ] GC(1802) Phase 3: Adjust pointers 6.218ms
[86.335s][info][gc,phases,start] GC(1802) Phase 4: Move objects
[86.358s][info][gc,phases      ] GC(1802) Phase 4: Move objects 23.118ms
[86.358s][info][gc,heap        ] GC(1802) DefNew: 156960K(157248K)->12615K(157248K) Eden: 139776K(139776K)->12615K(139776K) From: 17184K(17472K)->0K(17472K)
[86.358s][info][gc,heap        ] GC(1802) Tenured: 349453K(349568K)->349542K(349568K)
[86.358s][info][gc,metaspace   ] GC(1802) Metaspace: 31103K(31424K)->31103K(31424K) NonClass: 27849K(27968K)->27849K(27968K) Class: 3254K(3456K)->3254K(3456K)
[86.358s][info][gc             ] GC(1802) Pause Full (Allocation Failure) 494M->353M(494M) 46.731ms
[86.358s][info][gc,cpu         ] GC(1802) User=0.05s Sys=0.00s Real=0.04s
[86.367s][info][gc,start       ] GC(1803) Pause Full (Allocation Failure)
[86.367s][info][gc,phases,start] GC(1803) Phase 1: Mark live objects
[86.377s][info][gc,phases      ] GC(1803) Phase 1: Mark live objects 9.211ms
[86.377s][info][gc,phases,start] GC(1803) Phase 2: Compute new object addresses
[86.382s][info][gc,phases      ] GC(1803) Phase 2: Compute new object addresses 5.297ms
[86.382s][info][gc,phases,start] GC(1803) Phase 3: Adjust pointers
[86.389s][info][gc,phases      ] GC(1803) Phase 3: Adjust pointers 7.014ms
[86.389s][info][gc,phases,start] GC(1803) Phase 4: Move objects
[86.402s][info][gc,phases      ] GC(1803) Phase 4: Move objects 13.208ms
[86.402s][info][gc,heap        ] GC(1803) DefNew: 157069K(157248K)->31891K(157248K) Eden: 139776K(139776K)->31891K(139776K) From: 17293K(17472K)->0K(17472K)
[86.403s][info][gc,heap        ] GC(1803) Tenured: 349542K(349568K)->349452K(349568K)
[86.403s][info][gc,metaspace   ] GC(1803) Metaspace: 31103K(31424K)->31103K(31424K) NonClass: 27849K(27968K)->27849K(27968K) Class: 3254K(3456K)->3254K(3456K)
[86.403s][info][gc             ] GC(1803) Pause Full (Allocation Failure) 494M->372M(494M) 35.226ms
[86.403s][info][gc,cpu         ] GC(1803) User=0.04s Sys=0.00s Real=0.04s
[86.413s][info][gc,start       ] GC(1804) Pause Full (Allocation Failure)
[86.414s][info][gc,phases,start] GC(1804) Phase 1: Mark live objects
[86.423s][info][gc,phases      ] GC(1804) Phase 1: Mark live objects 9.081ms
[86.423s][info][gc,phases,start] GC(1804) Phase 2: Compute new object addresses
[86.427s][info][gc,phases      ] GC(1804) Phase 2: Compute new object addresses 4.589ms
[86.427s][info][gc,phases,start] GC(1804) Phase 3: Adjust pointers
[86.434s][info][gc,phases      ] GC(1804) Phase 3: Adjust pointers 6.683ms
[86.434s][info][gc,phases,start] GC(1804) Phase 4: Move objects
[86.457s][info][gc,phases      ] GC(1804) Phase 4: Move objects 23.161ms
[86.457s][info][gc,heap        ] GC(1804) DefNew: 156822K(157248K)->28696K(157248K) Eden: 139776K(139776K)->28696K(139776K) From: 17046K(17472K)->0K(17472K)
[86.457s][info][gc,heap        ] GC(1804) Tenured: 349452K(349568K)->349413K(349568K)
[86.457s][info][gc,metaspace   ] GC(1804) Metaspace: 31103K(31424K)->31103K(31424K) NonClass: 27849K(27968K)->27849K(27968K) Class: 3254K(3456K)->3254K(3456K)
[86.457s][info][gc             ] GC(1804) Pause Full (Allocation Failure) 494M->369M(494M) 43.978ms
[86.457s][info][gc,cpu         ] GC(1804) User=0.04s Sys=0.00s Real=0.04s
[86.468s][info][gc,start       ] GC(1805) Pause Full (Allocation Failure)
[86.468s][info][gc,phases,start] GC(1805) Phase 1: Mark live objects
[86.477s][info][gc,phases      ] GC(1805) Phase 1: Mark live objects 9.151ms
[86.477s][info][gc,phases,start] GC(1805) Phase 2: Compute new object addresses
[86.482s][info][gc,phases      ] GC(1805) Phase 2: Compute new object addresses 4.816ms
[86.482s][info][gc,phases,start] GC(1805) Phase 3: Adjust pointers
[86.490s][info][gc,phases      ] GC(1805) Phase 3: Adjust pointers 7.852ms
[86.490s][info][gc,phases,start] GC(1805) Phase 4: Move objects
[86.513s][info][gc,phases      ] GC(1805) Phase 4: Move objects 23.524ms
[86.513s][info][gc,heap        ] GC(1805) DefNew: 156378K(157248K)->28316K(157248K) Eden: 139776K(139776K)->28316K(139776K) From: 16602K(17472K)->0K(17472K)
[86.513s][info][gc,heap        ] GC(1805) Tenured: 349413K(349568K)->349449K(349568K)
[86.513s][info][gc,metaspace   ] GC(1805) Metaspace: 31103K(31424K)->31103K(31424K) NonClass: 27849K(27968K)->27849K(27968K) Class: 3254K(3456K)->3254K(3456K)
[86.514s][info][gc             ] GC(1805) Pause Full (Allocation Failure) 493M->368M(494M) 45.857ms
[86.514s][info][gc,cpu         ] GC(1805) User=0.04s Sys=0.00s Real=0.05s
[86.521s][info][gc,start       ] GC(1806) Pause Full (Allocation Failure)
[86.521s][info][gc,phases,start] GC(1806) Phase 1: Mark live objects
[86.530s][info][gc,phases      ] GC(1806) Phase 1: Mark live objects 9.147ms
[86.530s][info][gc,phases,start] GC(1806) Phase 2: Compute new object addresses
[86.535s][info][gc,phases      ] GC(1806) Phase 2: Compute new object addresses 4.993ms
[86.535s][info][gc,phases,start] GC(1806) Phase 3: Adjust pointers
[86.542s][info][gc,phases      ] GC(1806) Phase 3: Adjust pointers 7.173ms
[86.542s][info][gc,phases,start] GC(1806) Phase 4: Move objects
[86.565s][info][gc,phases      ] GC(1806) Phase 4: Move objects 23.393ms
[86.566s][info][gc,heap        ] GC(1806) DefNew: 157121K(157248K)->12616K(157248K) Eden: 139776K(139776K)->12616K(139776K) From: 17345K(17472K)->0K(17472K)
[86.566s][info][gc,heap        ] GC(1806) Tenured: 349449K(349568K)->349541K(349568K)
[86.566s][info][gc,metaspace   ] GC(1806) Metaspace: 31103K(31424K)->31103K(31424K) NonClass: 27849K(27968K)->27849K(27968K) Class: 3254K(3456K)->3254K(3456K)
[86.566s][info][gc             ] GC(1806) Pause Full (Allocation Failure) 494M->353M(494M) 45.131ms
[86.566s][info][gc,cpu         ] GC(1806) User=0.05s Sys=0.00s Real=0.05s
[86.576s][info][gc,start       ] GC(1807) Pause Full (Allocation Failure)
[86.576s][info][gc,phases,start] GC(1807) Phase 1: Mark live objects
[86.586s][info][gc,phases      ] GC(1807) Phase 1: Mark live objects 9.401ms
[86.586s][info][gc,phases,start] GC(1807) Phase 2: Compute new object addresses
[86.591s][info][gc,phases      ] GC(1807) Phase 2: Compute new object addresses 4.775ms
[86.591s][info][gc,phases,start] GC(1807) Phase 3: Adjust pointers
[86.597s][info][gc,phases      ] GC(1807) Phase 3: Adjust pointers 5.875ms
[86.597s][info][gc,phases,start] GC(1807) Phase 4: Move objects
[86.611s][info][gc,phases      ] GC(1807) Phase 4: Move objects 13.951ms
[86.611s][info][gc,heap        ] GC(1807) DefNew: 156843K(157248K)->26240K(157248K) Eden: 139776K(139776K)->26240K(139776K) From: 17067K(17472K)->0K(17472K)
[86.611s][info][gc,heap        ] GC(1807) Tenured: 349541K(349568K)->349453K(349568K)
[86.611s][info][gc,metaspace   ] GC(1807) Metaspace: 31103K(31424K)->31103K(31424K) NonClass: 27849K(27968K)->27849K(27968K) Class: 3254K(3456K)->3254K(3456K)
[86.611s][info][gc             ] GC(1807) Pause Full (Allocation Failure) 494M->366M(494M) 34.457ms
[86.611s][info][gc,cpu         ] GC(1807) User=0.03s Sys=0.00s Real=0.04s
[86.622s][info][gc,start       ] GC(1808) Pause Full (Allocation Failure)
[86.622s][info][gc,phases,start] GC(1808) Phase 1: Mark live objects
[86.631s][info][gc,phases      ] GC(1808) Phase 1: Mark live objects 8.924ms
[86.631s][info][gc,phases,start] GC(1808) Phase 2: Compute new object addresses
[86.635s][info][gc,phases      ] GC(1808) Phase 2: Compute new object addresses 4.393ms
[86.635s][info][gc,phases,start] GC(1808) Phase 3: Adjust pointers
[86.641s][info][gc,phases      ] GC(1808) Phase 3: Adjust pointers 5.771ms
[86.641s][info][gc,phases,start] GC(1808) Phase 4: Move objects
[86.661s][info][gc,phases      ] GC(1808) Phase 4: Move objects 20.263ms
[86.662s][info][gc,heap        ] GC(1808) DefNew: 157174K(157248K)->27858K(157248K) Eden: 139776K(139776K)->27858K(139776K) From: 17398K(17472K)->0K(17472K)
[86.662s][info][gc,heap        ] GC(1808) Tenured: 349453K(349568K)->349455K(349568K)
[86.662s][info][gc,metaspace   ] GC(1808) Metaspace: 31103K(31424K)->31103K(31424K) NonClass: 27849K(27968K)->27849K(27968K) Class: 3254K(3456K)->3254K(3456K)
[86.662s][info][gc             ] GC(1808) Pause Full (Allocation Failure) 494M->368M(494M) 39.792ms
[86.662s][info][gc,cpu         ] GC(1808) User=0.04s Sys=0.00s Real=0.04s
[86.672s][info][gc,start       ] GC(1809) Pause Full (Allocation Failure)
[86.672s][info][gc,phases,start] GC(1809) Phase 1: Mark live objects
[86.682s][info][gc,phases      ] GC(1809) Phase 1: Mark live objects 9.208ms
[86.682s][info][gc,phases,start] GC(1809) Phase 2: Compute new object addresses
[86.686s][info][gc,phases      ] GC(1809) Phase 2: Compute new object addresses 4.173ms
[86.686s][info][gc,phases,start] GC(1809) Phase 3: Adjust pointers
[86.692s][info][gc,phases      ] GC(1809) Phase 3: Adjust pointers 5.802ms
[86.692s][info][gc,phases,start] GC(1809) Phase 4: Move objects
[86.715s][info][gc,phases      ] GC(1809) Phase 4: Move objects 22.791ms
[86.715s][info][gc,heap        ] GC(1809) DefNew: 157151K(157248K)->29098K(157248K) Eden: 139776K(139776K)->29098K(139776K) From: 17375K(17472K)->0K(17472K)
[86.715s][info][gc,heap        ] GC(1809) Tenured: 349455K(349568K)->349529K(349568K)
[86.715s][info][gc,metaspace   ] GC(1809) Metaspace: 31103K(31424K)->31103K(31424K) NonClass: 27849K(27968K)->27849K(27968K) Class: 3254K(3456K)->3254K(3456K)
[86.715s][info][gc             ] GC(1809) Pause Full (Allocation Failure) 494M->369M(494M) 42.495ms
[86.715s][info][gc,cpu         ] GC(1809) User=0.05s Sys=0.00s Real=0.04s
[86.725s][info][gc,start       ] GC(1810) Pause Full (Allocation Failure)
[86.726s][info][gc,phases,start] GC(1810) Phase 1: Mark live objects
[86.735s][info][gc,phases      ] GC(1810) Phase 1: Mark live objects 9.911ms
[86.736s][info][gc,phases,start] GC(1810) Phase 2: Compute new object addresses
[86.741s][info][gc,phases      ] GC(1810) Phase 2: Compute new object addresses 5.779ms
[86.741s][info][gc,phases,start] GC(1810) Phase 3: Adjust pointers
[86.752s][info][gc,phases      ] GC(1810) Phase 3: Adjust pointers 11.026ms
[86.752s][info][gc,phases,start] GC(1810) Phase 4: Move objects
[86.781s][info][gc,phases      ] GC(1810) Phase 4: Move objects 28.296ms
[86.781s][info][gc,heap        ] GC(1810) DefNew: 157202K(157248K)->8769K(157248K) Eden: 139776K(139776K)->8769K(139776K) From: 17426K(17472K)->0K(17472K)
[86.781s][info][gc,heap        ] GC(1810) Tenured: 349529K(349568K)->349471K(349568K)
[86.781s][info][gc,metaspace   ] GC(1810) Metaspace: 31103K(31424K)->31103K(31424K) NonClass: 27849K(27968K)->27849K(27968K) Class: 3254K(3456K)->3254K(3456K)
[86.781s][info][gc             ] GC(1810) Pause Full (Allocation Failure) 494M->349M(494M) 55.528ms
[86.781s][info][gc,cpu         ] GC(1810) User=0.07s Sys=0.00s Real=0.05s
[86.792s][info][gc,start       ] GC(1811) Pause Full (Allocation Failure)
[86.792s][info][gc,phases,start] GC(1811) Phase 1: Mark live objects
[86.802s][info][gc,phases      ] GC(1811) Phase 1: Mark live objects 9.505ms
[86.802s][info][gc,phases,start] GC(1811) Phase 2: Compute new object addresses
[86.807s][info][gc,phases      ] GC(1811) Phase 2: Compute new object addresses 5.074ms
[86.807s][info][gc,phases,start] GC(1811) Phase 3: Adjust pointers
[86.813s][info][gc,phases      ] GC(1811) Phase 3: Adjust pointers 6.228ms
[86.813s][info][gc,phases,start] GC(1811) Phase 4: Move objects
[86.826s][info][gc,phases      ] GC(1811) Phase 4: Move objects 13.166ms
[86.826s][info][gc,heap        ] GC(1811) DefNew: 156572K(157248K)->26889K(157248K) Eden: 139776K(139776K)->26889K(139776K) From: 16796K(17472K)->0K(17472K)
[86.826s][info][gc,heap        ] GC(1811) Tenured: 349471K(349568K)->349414K(349568K)
[86.826s][info][gc,metaspace   ] GC(1811) Metaspace: 31103K(31424K)->31103K(31424K) NonClass: 27849K(27968K)->27849K(27968K) Class: 3254K(3456K)->3254K(3456K)
[86.826s][info][gc             ] GC(1811) Pause Full (Allocation Failure) 494M->367M(494M) 34.388ms
[86.826s][info][gc,cpu         ] GC(1811) User=0.03s Sys=0.00s Real=0.03s
[86.839s][info][gc,start       ] GC(1812) Pause Full (Allocation Failure)
[86.839s][info][gc,phases,start] GC(1812) Phase 1: Mark live objects
[86.849s][info][gc,phases      ] GC(1812) Phase 1: Mark live objects 9.648ms
[86.849s][info][gc,phases,start] GC(1812) Phase 2: Compute new object addresses
[86.854s][info][gc,phases      ] GC(1812) Phase 2: Compute new object addresses 5.180ms
[86.854s][info][gc,phases,start] GC(1812) Phase 3: Adjust pointers
[86.861s][info][gc,phases      ] GC(1812) Phase 3: Adjust pointers 6.803ms
[86.861s][info][gc,phases,start] GC(1812) Phase 4: Move objects
[86.882s][info][gc,phases      ] GC(1812) Phase 4: Move objects 21.557ms
[86.883s][info][gc,heap        ] GC(1812) DefNew: 156500K(157248K)->25214K(157248K) Eden: 139776K(139776K)->25214K(139776K) From: 16724K(17472K)->0K(17472K)
[86.883s][info][gc,heap        ] GC(1812) Tenured: 349414K(349568K)->349454K(349568K)
[86.883s][info][gc,metaspace   ] GC(1812) Metaspace: 31103K(31424K)->31103K(31424K) NonClass: 27849K(27968K)->27849K(27968K) Class: 3254K(3456K)->3254K(3456K)
[86.883s][info][gc             ] GC(1812) Pause Full (Allocation Failure) 494M->365M(494M) 43.698ms
[86.883s][info][gc,cpu         ] GC(1812) User=0.05s Sys=0.00s Real=0.05s
[86.894s][info][gc,start       ] GC(1813) Pause Full (Allocation Failure)
[86.894s][info][gc,phases,start] GC(1813) Phase 1: Mark live objects
[86.904s][info][gc,phases      ] GC(1813) Phase 1: Mark live objects 9.981ms
[86.904s][info][gc,phases,start] GC(1813) Phase 2: Compute new object addresses
[86.908s][info][gc,phases      ] GC(1813) Phase 2: Compute new object addresses 4.746ms
[86.908s][info][gc,phases,start] GC(1813) Phase 3: Adjust pointers
[86.915s][info][gc,phases      ] GC(1813) Phase 3: Adjust pointers 6.247ms
[86.915s][info][gc,phases,start] GC(1813) Phase 4: Move objects
[86.936s][info][gc,phases      ] GC(1813) Phase 4: Move objects 21.179ms
[86.936s][info][gc,heap        ] GC(1813) DefNew: 157244K(157248K)->26326K(157248K) Eden: 139776K(139776K)->26326K(139776K) From: 17468K(17472K)->0K(17472K)
[86.936s][info][gc,heap        ] GC(1813) Tenured: 349454K(349568K)->349452K(349568K)
[86.936s][info][gc,metaspace   ] GC(1813) Metaspace: 31103K(31424K)->31103K(31424K) NonClass: 27849K(27968K)->27849K(27968K) Class: 3254K(3456K)->3254K(3456K)
[86.936s][info][gc             ] GC(1813) Pause Full (Allocation Failure) 494M->366M(494M) 42.628ms
[86.936s][info][gc,cpu         ] GC(1813) User=0.05s Sys=0.00s Real=0.04s
[86.946s][info][gc,start       ] GC(1814) Pause Full (Allocation Failure)
[86.947s][info][gc,phases,start] GC(1814) Phase 1: Mark live objects
[86.956s][info][gc,phases      ] GC(1814) Phase 1: Mark live objects 9.221ms
[86.956s][info][gc,phases,start] GC(1814) Phase 2: Compute new object addresses
[86.960s][info][gc,phases      ] GC(1814) Phase 2: Compute new object addresses 4.551ms
[86.960s][info][gc,phases,start] GC(1814) Phase 3: Adjust pointers
[86.967s][info][gc,phases      ] GC(1814) Phase 3: Adjust pointers 6.288ms
[86.967s][info][gc,phases,start] GC(1814) Phase 4: Move objects
[86.990s][info][gc,phases      ] GC(1814) Phase 4: Move objects 22.915ms
[86.990s][info][gc,heap        ] GC(1814) DefNew: 156646K(157248K)->8497K(157248K) Eden: 139776K(139776K)->8497K(139776K) From: 16870K(17472K)->0K(17472K)
[86.990s][info][gc,heap        ] GC(1814) Tenured: 349452K(349568K)->349463K(349568K)
[86.990s][info][gc,metaspace   ] GC(1814) Metaspace: 31103K(31424K)->31103K(31424K) NonClass: 27849K(27968K)->27849K(27968K) Class: 3254K(3456K)->3254K(3456K)
[86.990s][info][gc             ] GC(1814) Pause Full (Allocation Failure) 494M->349M(494M) 43.415ms
[86.990s][info][gc,cpu         ] GC(1814) User=0.04s Sys=0.00s Real=0.04s
[87.001s][info][gc,start       ] GC(1815) Pause Full (Allocation Failure)
[87.001s][info][gc,phases,start] GC(1815) Phase 1: Mark live objects
[87.010s][info][gc,phases      ] GC(1815) Phase 1: Mark live objects 9.209ms
[87.010s][info][gc,phases,start] GC(1815) Phase 2: Compute new object addresses
[87.015s][info][gc,phases      ] GC(1815) Phase 2: Compute new object addresses 4.653ms
[87.015s][info][gc,phases,start] GC(1815) Phase 3: Adjust pointers
[87.020s][info][gc,phases      ] GC(1815) Phase 3: Adjust pointers 5.768ms
[87.020s][info][gc,phases,start] GC(1815) Phase 4: Move objects
[87.024s][info][gc,phases      ] GC(1815) Phase 4: Move objects 3.925ms
[87.025s][info][gc,heap        ] GC(1815) DefNew: 156818K(157248K)->29665K(157248K) Eden: 139776K(139776K)->29665K(139776K) From: 17042K(17472K)->0K(17472K)
[87.025s][info][gc,heap        ] GC(1815) Tenured: 349463K(349568K)->349449K(349568K)
[87.025s][info][gc,metaspace   ] GC(1815) Metaspace: 31103K(31424K)->31103K(31424K) NonClass: 27849K(27968K)->27849K(27968K) Class: 3254K(3456K)->3254K(3456K)
[87.025s][info][gc             ] GC(1815) Pause Full (Allocation Failure) 494M->370M(494M) 23.951ms
[87.025s][info][gc,cpu         ] GC(1815) User=0.02s Sys=0.00s Real=0.03s
[87.035s][info][gc,start       ] GC(1816) Pause Full (Allocation Failure)
[87.035s][info][gc,phases,start] GC(1816) Phase 1: Mark live objects
[87.044s][info][gc,phases      ] GC(1816) Phase 1: Mark live objects 8.924ms
[87.044s][info][gc,phases,start] GC(1816) Phase 2: Compute new object addresses
[87.048s][info][gc,phases      ] GC(1816) Phase 2: Compute new object addresses 4.352ms
[87.048s][info][gc,phases,start] GC(1816) Phase 3: Adjust pointers
[87.055s][info][gc,phases      ] GC(1816) Phase 3: Adjust pointers 7.287ms
[87.055s][info][gc,phases,start] GC(1816) Phase 4: Move objects
[87.076s][info][gc,phases      ] GC(1816) Phase 4: Move objects 20.824ms
[87.076s][info][gc,heap        ] GC(1816) DefNew: 157141K(157248K)->29566K(157248K) Eden: 139776K(139776K)->29566K(139776K) From: 17365K(17472K)->0K(17472K)
[87.076s][info][gc,heap        ] GC(1816) Tenured: 349449K(349568K)->349451K(349568K)
[87.076s][info][gc,metaspace   ] GC(1816) Metaspace: 31103K(31424K)->31103K(31424K) NonClass: 27849K(27968K)->27849K(27968K) Class: 3254K(3456K)->3254K(3456K)
[87.076s][info][gc             ] GC(1816) Pause Full (Allocation Failure) 494M->370M(494M) 41.868ms
[87.077s][info][gc,cpu         ] GC(1816) User=0.04s Sys=0.00s Real=0.04s
[87.083s][info][gc,start       ] GC(1817) Pause Full (Allocation Failure)
[87.083s][info][gc,phases,start] GC(1817) Phase 1: Mark live objects
[87.092s][info][gc,phases      ] GC(1817) Phase 1: Mark live objects 9.150ms
[87.092s][info][gc,phases,start] GC(1817) Phase 2: Compute new object addresses
[87.096s][info][gc,phases      ] GC(1817) Phase 2: Compute new object addresses 4.391ms
[87.096s][info][gc,phases,start] GC(1817) Phase 3: Adjust pointers
[87.102s][info][gc,phases      ] GC(1817) Phase 3: Adjust pointers 5.837ms
[87.102s][info][gc,phases,start] GC(1817) Phase 4: Move objects
[87.123s][info][gc,phases      ] GC(1817) Phase 4: Move objects 20.891ms
[87.123s][info][gc,heap        ] GC(1817) DefNew: 157039K(157248K)->32786K(157248K) Eden: 139776K(139776K)->32786K(139776K) From: 17263K(17472K)->0K(17472K)
[87.123s][info][gc,heap        ] GC(1817) Tenured: 349451K(349568K)->349413K(349568K)
[87.123s][info][gc,metaspace   ] GC(1817) Metaspace: 31103K(31424K)->31103K(31424K) NonClass: 27849K(27968K)->27849K(27968K) Class: 3254K(3456K)->3254K(3456K)
[87.123s][info][gc             ] GC(1817) Pause Full (Allocation Failure) 494M->373M(494M) 40.674ms
[87.123s][info][gc,cpu         ] GC(1817) User=0.04s Sys=0.00s Real=0.04s
[87.130s][info][gc,start       ] GC(1818) Pause Full (Allocation Failure)
[87.130s][info][gc,phases,start] GC(1818) Phase 1: Mark live objects
[87.140s][info][gc,phases      ] GC(1818) Phase 1: Mark live objects 9.810ms
[87.140s][info][gc,phases,start] GC(1818) Phase 2: Compute new object addresses
[87.144s][info][gc,phases      ] GC(1818) Phase 2: Compute new object addresses 4.337ms
[87.144s][info][gc,phases,start] GC(1818) Phase 3: Adjust pointers
[87.150s][info][gc,phases      ] GC(1818) Phase 3: Adjust pointers 5.912ms
[87.150s][info][gc,phases,start] GC(1818) Phase 4: Move objects
[87.175s][info][gc,phases      ] GC(1818) Phase 4: Move objects 24.260ms
[87.175s][info][gc,heap        ] GC(1818) DefNew: 156820K(157248K)->16966K(157248K) Eden: 139776K(139776K)->16966K(139776K) From: 17044K(17472K)->0K(17472K)
[87.175s][info][gc,heap        ] GC(1818) Tenured: 349413K(349568K)->349463K(349568K)
[87.175s][info][gc,metaspace   ] GC(1818) Metaspace: 31103K(31424K)->31103K(31424K) NonClass: 27849K(27968K)->27849K(27968K) Class: 3254K(3456K)->3254K(3456K)
[87.175s][info][gc             ] GC(1818) Pause Full (Allocation Failure) 494M->357M(494M) 44.741ms
[87.175s][info][gc,cpu         ] GC(1818) User=0.04s Sys=0.00s Real=0.05s
[87.182s][info][gc,start       ] GC(1819) Pause Full (Allocation Failure)
[87.182s][info][gc,phases,start] GC(1819) Phase 1: Mark live objects
[87.192s][info][gc,phases      ] GC(1819) Phase 1: Mark live objects 9.661ms
[87.192s][info][gc,phases,start] GC(1819) Phase 2: Compute new object addresses
[87.197s][info][gc,phases      ] GC(1819) Phase 2: Compute new object addresses 4.734ms
[87.197s][info][gc,phases,start] GC(1819) Phase 3: Adjust pointers
[87.203s][info][gc,phases      ] GC(1819) Phase 3: Adjust pointers 6.193ms
[87.203s][info][gc,phases,start] GC(1819) Phase 4: Move objects
[87.207s][info][gc,phases      ] GC(1819) Phase 4: Move objects 4.181ms
[87.208s][info][gc,heap        ] GC(1819) DefNew: 157110K(157248K)->37365K(157248K) Eden: 139776K(139776K)->37365K(139776K) From: 17334K(17472K)->0K(17472K)
[87.208s][info][gc,heap        ] GC(1819) Tenured: 349463K(349568K)->349450K(349568K)
[87.208s][info][gc,metaspace   ] GC(1819) Metaspace: 31103K(31424K)->31103K(31424K) NonClass: 27849K(27968K)->27849K(27968K) Class: 3254K(3456K)->3254K(3456K)
[87.208s][info][gc             ] GC(1819) Pause Full (Allocation Failure) 494M->377M(494M) 25.185ms
[87.208s][info][gc,cpu         ] GC(1819) User=0.03s Sys=0.00s Real=0.02s
[87.215s][info][gc,start       ] GC(1820) Pause Full (Allocation Failure)
[87.215s][info][gc,phases,start] GC(1820) Phase 1: Mark live objects
[87.225s][info][gc,phases      ] GC(1820) Phase 1: Mark live objects 9.753ms
[87.225s][info][gc,phases,start] GC(1820) Phase 2: Compute new object addresses
[87.229s][info][gc,phases      ] GC(1820) Phase 2: Compute new object addresses 4.233ms
[87.229s][info][gc,phases,start] GC(1820) Phase 3: Adjust pointers
[87.235s][info][gc,phases      ] GC(1820) Phase 3: Adjust pointers 5.842ms
[87.235s][info][gc,phases,start] GC(1820) Phase 4: Move objects
[87.256s][info][gc,phases      ] GC(1820) Phase 4: Move objects 20.681ms
[87.256s][info][gc,heap        ] GC(1820) DefNew: 157203K(157248K)->39074K(157248K) Eden: 139776K(139776K)->39074K(139776K) From: 17427K(17472K)->0K(17472K)
[87.256s][info][gc,heap        ] GC(1820) Tenured: 349450K(349568K)->349448K(349568K)
[87.256s][info][gc,metaspace   ] GC(1820) Metaspace: 31103K(31424K)->31103K(31424K) NonClass: 27849K(27968K)->27849K(27968K) Class: 3254K(3456K)->3254K(3456K)
[87.256s][info][gc             ] GC(1820) Pause Full (Allocation Failure) 494M->379M(494M) 40.925ms
[87.256s][info][gc,cpu         ] GC(1820) User=0.04s Sys=0.00s Real=0.04s
[87.270s][info][gc,start       ] GC(1821) Pause Full (Allocation Failure)
[87.270s][info][gc,phases,start] GC(1821) Phase 1: Mark live objects
[87.281s][info][gc,phases      ] GC(1821) Phase 1: Mark live objects 10.373ms
[87.281s][info][gc,phases,start] GC(1821) Phase 2: Compute new object addresses
[87.286s][info][gc,phases      ] GC(1821) Phase 2: Compute new object addresses 4.817ms
[87.286s][info][gc,phases,start] GC(1821) Phase 3: Adjust pointers
[87.292s][info][gc,phases      ] GC(1821) Phase 3: Adjust pointers 6.577ms
[87.292s][info][gc,phases,start] GC(1821) Phase 4: Move objects
[87.317s][info][gc,phases      ] GC(1821) Phase 4: Move objects 24.224ms
[87.317s][info][gc,heap        ] GC(1821) DefNew: 157203K(157248K)->31495K(157248K) Eden: 139776K(139776K)->31495K(139776K) From: 17427K(17472K)->0K(17472K)
[87.317s][info][gc,heap        ] GC(1821) Tenured: 349448K(349568K)->349416K(349568K)
[87.317s][info][gc,metaspace   ] GC(1821) Metaspace: 31103K(31424K)->31103K(31424K) NonClass: 27849K(27968K)->27849K(27968K) Class: 3254K(3456K)->3254K(3456K)
[87.317s][info][gc             ] GC(1821) Pause Full (Allocation Failure) 494M->371M(494M) 46.446ms
[87.317s][info][gc,cpu         ] GC(1821) User=0.05s Sys=0.00s Real=0.04s
[87.326s][info][gc,start       ] GC(1822) Pause Full (Allocation Failure)
[87.326s][info][gc,phases,start] GC(1822) Phase 1: Mark live objects
[87.336s][info][gc,phases      ] GC(1822) Phase 1: Mark live objects 9.249ms
[87.336s][info][gc,phases,start] GC(1822) Phase 2: Compute new object addresses
[87.340s][info][gc,phases      ] GC(1822) Phase 2: Compute new object addresses 4.304ms
[87.340s][info][gc,phases,start] GC(1822) Phase 3: Adjust pointers
[87.346s][info][gc,phases      ] GC(1822) Phase 3: Adjust pointers 5.641ms
[87.346s][info][gc,phases,start] GC(1822) Phase 4: Move objects
[87.368s][info][gc,phases      ] GC(1822) Phase 4: Move objects 22.592ms
[87.368s][info][gc,heap        ] GC(1822) DefNew: 157007K(157248K)->14146K(157248K) Eden: 139776K(139776K)->14146K(139776K) From: 17231K(17472K)->0K(17472K)
[87.368s][info][gc,heap        ] GC(1822) Tenured: 349416K(349568K)->349461K(349568K)
[87.368s][info][gc,metaspace   ] GC(1822) Metaspace: 31103K(31424K)->31103K(31424K) NonClass: 27849K(27968K)->27849K(27968K) Class: 3254K(3456K)->3254K(3456K)
[87.368s][info][gc             ] GC(1822) Pause Full (Allocation Failure) 494M->355M(494M) 42.193ms
[87.369s][info][gc,cpu         ] GC(1822) User=0.04s Sys=0.00s Real=0.04s
[87.375s][info][gc,start       ] GC(1823) Pause Full (Allocation Failure)
[87.375s][info][gc,phases,start] GC(1823) Phase 1: Mark live objects
[87.384s][info][gc,phases      ] GC(1823) Phase 1: Mark live objects 8.950ms
[87.384s][info][gc,phases,start] GC(1823) Phase 2: Compute new object addresses
[87.389s][info][gc,phases      ] GC(1823) Phase 2: Compute new object addresses 4.534ms
[87.389s][info][gc,phases,start] GC(1823) Phase 3: Adjust pointers
[87.395s][info][gc,phases      ] GC(1823) Phase 3: Adjust pointers 5.840ms
[87.395s][info][gc,phases,start] GC(1823) Phase 4: Move objects
[87.399s][info][gc,phases      ] GC(1823) Phase 4: Move objects 3.981ms
[87.399s][info][gc,heap        ] GC(1823) DefNew: 157010K(157248K)->38655K(157248K) Eden: 139776K(139776K)->38655K(139776K) From: 17234K(17472K)->0K(17472K)
[87.399s][info][gc,heap        ] GC(1823) Tenured: 349461K(349568K)->349439K(349568K)
[87.399s][info][gc,metaspace   ] GC(1823) Metaspace: 31103K(31424K)->31103K(31424K) NonClass: 27849K(27968K)->27849K(27968K) Class: 3254K(3456K)->3254K(3456K)
[87.399s][info][gc             ] GC(1823) Pause Full (Allocation Failure) 494M->378M(494M) 23.772ms
[87.399s][info][gc,cpu         ] GC(1823) User=0.02s Sys=0.00s Real=0.02s
[87.409s][info][gc,start       ] GC(1824) Pause Full (Allocation Failure)
[87.409s][info][gc,phases,start] GC(1824) Phase 1: Mark live objects
[87.418s][info][gc,phases      ] GC(1824) Phase 1: Mark live objects 8.543ms
[87.418s][info][gc,phases,start] GC(1824) Phase 2: Compute new object addresses
[87.422s][info][gc,phases      ] GC(1824) Phase 2: Compute new object addresses 4.032ms
[87.422s][info][gc,phases,start] GC(1824) Phase 3: Adjust pointers
[87.428s][info][gc,phases      ] GC(1824) Phase 3: Adjust pointers 5.926ms
[87.428s][info][gc,phases,start] GC(1824) Phase 4: Move objects
[87.448s][info][gc,phases      ] GC(1824) Phase 4: Move objects 19.864ms
[87.448s][info][gc,heap        ] GC(1824) DefNew: 157055K(157248K)->34221K(157248K) Eden: 139776K(139776K)->34221K(139776K) From: 17279K(17472K)->0K(17472K)
[87.448s][info][gc,heap        ] GC(1824) Tenured: 349439K(349568K)->349446K(349568K)
[87.448s][info][gc,metaspace   ] GC(1824) Metaspace: 31103K(31424K)->31103K(31424K) NonClass: 27849K(27968K)->27849K(27968K) Class: 3254K(3456K)->3254K(3456K)
[87.448s][info][gc             ] GC(1824) Pause Full (Allocation Failure) 494M->374M(494M) 38.784ms
[87.448s][info][gc,cpu         ] GC(1824) User=0.03s Sys=0.00s Real=0.04s
[87.459s][info][gc,start       ] GC(1825) Pause Full (Allocation Failure)
[87.459s][info][gc,phases,start] GC(1825) Phase 1: Mark live objects
[87.468s][info][gc,phases      ] GC(1825) Phase 1: Mark live objects 9.115ms
[87.468s][info][gc,phases,start] GC(1825) Phase 2: Compute new object addresses
[87.472s][info][gc,phases      ] GC(1825) Phase 2: Compute new object addresses 4.551ms
[87.473s][info][gc,phases,start] GC(1825) Phase 3: Adjust pointers
[87.479s][info][gc,phases      ] GC(1825) Phase 3: Adjust pointers 6.307ms
[87.479s][info][gc,phases,start] GC(1825) Phase 4: Move objects
[87.503s][info][gc,phases      ] GC(1825) Phase 4: Move objects 24.193ms
[87.503s][info][gc,heap        ] GC(1825) DefNew: 156858K(157248K)->33780K(157248K) Eden: 139776K(139776K)->33780K(139776K) From: 17082K(17472K)->0K(17472K)
[87.503s][info][gc,heap        ] GC(1825) Tenured: 349446K(349568K)->349450K(349568K)
[87.503s][info][gc,metaspace   ] GC(1825) Metaspace: 31103K(31424K)->31103K(31424K) NonClass: 27849K(27968K)->27849K(27968K) Class: 3254K(3456K)->3254K(3456K)
[87.503s][info][gc             ] GC(1825) Pause Full (Allocation Failure) 494M->374M(494M) 44.607ms
[87.503s][info][gc,cpu         ] GC(1825) User=0.04s Sys=0.00s Real=0.05s
[87.514s][info][gc,start       ] GC(1826) Pause Full (Allocation Failure)
[87.514s][info][gc,phases,start] GC(1826) Phase 1: Mark live objects
[87.523s][info][gc,phases      ] GC(1826) Phase 1: Mark live objects 9.440ms
[87.523s][info][gc,phases,start] GC(1826) Phase 2: Compute new object addresses
[87.528s][info][gc,phases      ] GC(1826) Phase 2: Compute new object addresses 4.548ms
[87.528s][info][gc,phases,start] GC(1826) Phase 3: Adjust pointers
[87.534s][info][gc,phases      ] GC(1826) Phase 3: Adjust pointers 6.561ms
[87.535s][info][gc,phases,start] GC(1826) Phase 4: Move objects
[87.559s][info][gc,phases      ] GC(1826) Phase 4: Move objects 24.156ms
[87.559s][info][gc,heap        ] GC(1826) DefNew: 157218K(157248K)->14412K(157248K) Eden: 139776K(139776K)->14412K(139776K) From: 17442K(17472K)->0K(17472K)
[87.559s][info][gc,heap        ] GC(1826) Tenured: 349450K(349568K)->349457K(349568K)
[87.559s][info][gc,metaspace   ] GC(1826) Metaspace: 31103K(31424K)->31103K(31424K) NonClass: 27849K(27968K)->27849K(27968K) Class: 3254K(3456K)->3254K(3456K)
[87.559s][info][gc             ] GC(1826) Pause Full (Allocation Failure) 494M->355M(494M) 45.249ms
[87.559s][info][gc,cpu         ] GC(1826) User=0.04s Sys=0.00s Real=0.04s
[87.570s][info][gc,start       ] GC(1827) Pause Full (Allocation Failure)
[87.570s][info][gc,phases,start] GC(1827) Phase 1: Mark live objects
[87.580s][info][gc,phases      ] GC(1827) Phase 1: Mark live objects 9.959ms
[87.580s][info][gc,phases,start] GC(1827) Phase 2: Compute new object addresses
[87.584s][info][gc,phases      ] GC(1827) Phase 2: Compute new object addresses 4.880ms
[87.585s][info][gc,phases,start] GC(1827) Phase 3: Adjust pointers
[87.591s][info][gc,phases      ] GC(1827) Phase 3: Adjust pointers 6.339ms
[87.591s][info][gc,phases,start] GC(1827) Phase 4: Move objects
[87.607s][info][gc,phases      ] GC(1827) Phase 4: Move objects 15.706ms
[87.607s][info][gc,heap        ] GC(1827) DefNew: 156575K(157248K)->34031K(157248K) Eden: 139776K(139776K)->34031K(139776K) From: 16799K(17472K)->0K(17472K)
[87.607s][info][gc,heap        ] GC(1827) Tenured: 349457K(349568K)->349451K(349568K)
[87.607s][info][gc,metaspace   ] GC(1827) Metaspace: 31103K(31424K)->31103K(31424K) NonClass: 27849K(27968K)->27849K(27968K) Class: 3254K(3456K)->3254K(3456K)
[87.607s][info][gc             ] GC(1827) Pause Full (Allocation Failure) 494M->374M(494M) 37.309ms
[87.607s][info][gc,cpu         ] GC(1827) User=0.04s Sys=0.00s Real=0.04s
[87.614s][info][gc,start       ] GC(1828) Pause Full (Allocation Failure)
[87.614s][info][gc,phases,start] GC(1828) Phase 1: Mark live objects
[87.622s][info][gc,phases      ] GC(1828) Phase 1: Mark live objects 8.880ms
[87.622s][info][gc,phases,start] GC(1828) Phase 2: Compute new object addresses
[87.627s][info][gc,phases      ] GC(1828) Phase 2: Compute new object addresses 4.020ms
[87.627s][info][gc,phases,start] GC(1828) Phase 3: Adjust pointers
[87.632s][info][gc,phases      ] GC(1828) Phase 3: Adjust pointers 5.600ms
[87.632s][info][gc,phases,start] GC(1828) Phase 4: Move objects
[87.653s][info][gc,phases      ] GC(1828) Phase 4: Move objects 20.759ms
[87.653s][info][gc,heap        ] GC(1828) DefNew: 157001K(157248K)->36246K(157248K) Eden: 139776K(139776K)->36246K(139776K) From: 17225K(17472K)->0K(17472K)
[87.653s][info][gc,heap        ] GC(1828) Tenured: 349451K(349568K)->349450K(349568K)
[87.653s][info][gc,metaspace   ] GC(1828) Metaspace: 31103K(31424K)->31103K(31424K) NonClass: 27849K(27968K)->27849K(27968K) Class: 3254K(3456K)->3254K(3456K)
[87.653s][info][gc             ] GC(1828) Pause Full (Allocation Failure) 494M->376M(494M) 39.689ms
[87.653s][info][gc,cpu         ] GC(1828) User=0.04s Sys=0.00s Real=0.04s
[87.664s][info][gc,start       ] GC(1829) Pause Full (Allocation Failure)
[87.664s][info][gc,phases,start] GC(1829) Phase 1: Mark live objects
[87.673s][info][gc,phases      ] GC(1829) Phase 1: Mark live objects 8.837ms
[87.673s][info][gc,phases,start] GC(1829) Phase 2: Compute new object addresses
[87.677s][info][gc,phases      ] GC(1829) Phase 2: Compute new object addresses 4.136ms
[87.677s][info][gc,phases,start] GC(1829) Phase 3: Adjust pointers
[87.682s][info][gc,phases      ] GC(1829) Phase 3: Adjust pointers 5.685ms
[87.682s][info][gc,phases,start] GC(1829) Phase 4: Move objects
[87.706s][info][gc,phases      ] GC(1829) Phase 4: Move objects 23.291ms
[87.706s][info][gc,heap        ] GC(1829) DefNew: 156822K(157248K)->15700K(157248K) Eden: 139776K(139776K)->15700K(139776K) From: 17046K(17472K)->0K(17472K)
[87.706s][info][gc,heap        ] GC(1829) Tenured: 349450K(349568K)->349412K(349568K)
[87.706s][info][gc,metaspace   ] GC(1829) Metaspace: 31103K(31424K)->31103K(31424K) NonClass: 27849K(27968K)->27849K(27968K) Class: 3254K(3456K)->3254K(3456K)
[87.706s][info][gc             ] GC(1829) Pause Full (Allocation Failure) 494M->356M(494M) 42.361ms
[87.706s][info][gc,cpu         ] GC(1829) User=0.04s Sys=0.00s Real=0.04s
[87.717s][info][gc,start       ] GC(1830) Pause Full (Allocation Failure)
[87.717s][info][gc,phases,start] GC(1830) Phase 1: Mark live objects
[87.727s][info][gc,phases      ] GC(1830) Phase 1: Mark live objects 9.426ms
[87.727s][info][gc,phases,start] GC(1830) Phase 2: Compute new object addresses
[87.732s][info][gc,phases      ] GC(1830) Phase 2: Compute new object addresses 4.879ms
[87.732s][info][gc,phases,start] GC(1830) Phase 3: Adjust pointers
[87.738s][info][gc,phases      ] GC(1830) Phase 3: Adjust pointers 6.515ms
[87.738s][info][gc,phases,start] GC(1830) Phase 4: Move objects
[87.761s][info][gc,phases      ] GC(1830) Phase 4: Move objects 23.151ms
[87.762s][info][gc,heap        ] GC(1830) DefNew: 157106K(157248K)->17213K(157248K) Eden: 139776K(139776K)->17213K(139776K) From: 17330K(17472K)->0K(17472K)
[87.762s][info][gc,heap        ] GC(1830) Tenured: 349412K(349568K)->349552K(349568K)
[87.762s][info][gc,metaspace   ] GC(1830) Metaspace: 31103K(31424K)->31103K(31424K) NonClass: 27849K(27968K)->27849K(27968K) Class: 3254K(3456K)->3254K(3456K)
