[0.002s][info][gc] Using Serial
[0.003s][info][gc,init] Version: 17.0.18+8-Ubuntu-124.04.1 (release)
[0.003s][info][gc,init] CPUs: 28 total, 28 available
[0.003s][info][gc,init] Memory: 15989M
[0.003s][info][gc,init] Large Page Support: Disabled
[0.003s][info][gc,init] NUMA Support: Disabled
[0.003s][info][gc,init] Compressed Oops: Enabled (32-bit)
[0.003s][info][gc,init] Heap Min Capacity: 512M
[0.003s][info][gc,init] Heap Initial Capacity: 512M
[0.003s][info][gc,init] Heap Max Capacity: 512M
[0.003s][info][gc,init] Pre-touch: Disabled
[0.008s][info][gc,metaspace] CDS archive(s) mapped at: [0x00007c1ed0000000-0x00007c1ed0bca000-0x00007c1ed0bca000), size 12361728, SharedBaseAddress: 0x00007c1ed0000000, ArchiveRelocationMode: 1.
[0.008s][info][gc,metaspace] Compressed class space mapped at: 0x00007c1ed1000000-0x00007c1f11000000, reserved size: 1073741824
[0.009s][info][gc,metaspace] Narrow klass base: 0x00007c1ed0000000, Narrow klass shift: 0, Narrow klass range: 0x100000000
[0.458s][info][gc,start    ] GC(0) Pause Young (Allocation Failure)
[0.466s][info][gc,heap     ] GC(0) DefNew: 139278K(157248K)->8861K(157248K) Eden: 139278K(139776K)->0K(139776K) From: 0K(17472K)->8861K(17472K)
[0.466s][info][gc,heap     ] GC(0) Tenured: 0K(349568K)->0K(349568K)
[0.466s][info][gc,metaspace] GC(0) Metaspace: 14454K(14656K)->14454K(14656K) NonClass: 12849K(12928K)->12849K(12928K) Class: 1605K(1728K)->1605K(1728K)
[0.466s][info][gc          ] GC(0) Pause Young (Allocation Failure) 136M->8M(494M) 8.902ms
[0.466s][info][gc,cpu      ] GC(0) User=0.00s Sys=0.00s Real=0.01s
[0.643s][info][gc,start    ] GC(1) Pause Young (Allocation Failure)
[0.662s][info][gc,heap     ] GC(1) DefNew: 148232K(157248K)->11859K(157248K) Eden: 139370K(139776K)->0K(139776K) From: 8861K(17472K)->11859K(17472K)
[0.662s][info][gc,heap     ] GC(1) Tenured: 0K(349568K)->4710K(349568K)
[0.662s][info][gc,metaspace] GC(1) Metaspace: 20258K(20544K)->20258K(20544K) NonClass: 18156K(18304K)->18156K(18304K) Class: 2102K(2240K)->2102K(2240K)
[0.662s][info][gc          ] GC(1) Pause Young (Allocation Failure) 144M->16M(494M) 19.064ms
[0.662s][info][gc,cpu      ] GC(1) User=0.01s Sys=0.01s Real=0.02s
[0.684s][info][gc,start    ] GC(2) Pause Full (Metadata GC Threshold)
[0.684s][info][gc,phases,start] GC(2) Phase 1: Mark live objects
[0.691s][info][gc,phases      ] GC(2) Phase 1: Mark live objects 7.395ms
[0.691s][info][gc,phases,start] GC(2) Phase 2: Compute new object addresses
[0.693s][info][gc,phases      ] GC(2) Phase 2: Compute new object addresses 1.442ms
[0.693s][info][gc,phases,start] GC(2) Phase 3: Adjust pointers
[0.696s][info][gc,phases      ] GC(2) Phase 3: Adjust pointers 3.527ms
[0.696s][info][gc,phases,start] GC(2) Phase 4: Move objects
[0.705s][info][gc,phases      ] GC(2) Phase 4: Move objects 8.750ms
[0.705s][info][gc,heap        ] GC(2) DefNew: 31662K(157248K)->0K(157248K) Eden: 19802K(139776K)->0K(139776K) From: 11859K(17472K)->0K(17472K)
[0.705s][info][gc,heap        ] GC(2) Tenured: 4710K(349568K)->17748K(349568K)
[0.705s][info][gc,metaspace   ] GC(2) Metaspace: 21254K(21504K)->21197K(21504K) NonClass: 19085K(19200K)->19043K(19200K) Class: 2169K(2304K)->2153K(2304K)
[0.705s][info][gc             ] GC(2) Pause Full (Metadata GC Threshold) 35M->17M(494M) 21.773ms
[0.705s][info][gc,cpu         ] GC(2) User=0.01s Sys=0.01s Real=0.03s
[0.834s][info][gc,start       ] GC(3) Pause Young (Allocation Failure)
[0.845s][info][gc,heap        ] GC(3) DefNew: 139737K(157248K)->17471K(157248K) Eden: 139737K(139776K)->0K(139776K) From: 0K(17472K)->17471K(17472K)
[0.845s][info][gc,heap        ] GC(3) Tenured: 17748K(349568K)->17810K(349568K)
[0.845s][info][gc,metaspace   ] GC(3) Metaspace: 24676K(25024K)->24676K(25024K) NonClass: 21968K(22144K)->21968K(22144K) Class: 2708K(2880K)->2708K(2880K)
[0.845s][info][gc             ] GC(3) Pause Young (Allocation Failure) 153M->34M(494M) 10.626ms
[0.845s][info][gc,cpu         ] GC(3) User=0.00s Sys=0.01s Real=0.02s
[0.866s][info][gc,start       ] GC(4) Pause Young (Allocation Failure)
[0.885s][info][gc,heap        ] GC(4) DefNew: 156768K(157248K)->17341K(157248K) Eden: 139296K(139776K)->0K(139776K) From: 17471K(17472K)->17341K(17472K)
[0.885s][info][gc,heap        ] GC(4) Tenured: 17810K(349568K)->34735K(349568K)
[0.885s][info][gc,metaspace   ] GC(4) Metaspace: 24821K(25152K)->24821K(25152K) NonClass: 22096K(22272K)->22096K(22272K) Class: 2725K(2880K)->2725K(2880K)
[0.885s][info][gc             ] GC(4) Pause Young (Allocation Failure) 170M->50M(494M) 18.480ms
[0.885s][info][gc,cpu         ] GC(4) User=0.02s Sys=0.02s Real=0.02s
[0.932s][info][gc,start       ] GC(5) Pause Young (Allocation Failure)
[0.935s][info][gc,heap        ] GC(5) DefNew: 157000K(157248K)->9046K(157248K) Eden: 139659K(139776K)->0K(139776K) From: 17341K(17472K)->9046K(17472K)
[0.935s][info][gc,heap        ] GC(5) Tenured: 34735K(349568K)->35849K(349568K)
[0.935s][info][gc,metaspace   ] GC(5) Metaspace: 25279K(25664K)->25279K(25664K) NonClass: 22504K(22720K)->22504K(22720K) Class: 2774K(2944K)->2774K(2944K)
[0.935s][info][gc             ] GC(5) Pause Young (Allocation Failure) 187M->43M(494M) 3.575ms
[0.935s][info][gc,cpu         ] GC(5) User=0.01s Sys=0.00s Real=0.00s
[0.967s][info][gc,start       ] GC(6) Pause Young (Allocation Failure)
[0.970s][info][gc,heap        ] GC(6) DefNew: 148822K(157248K)->14390K(157248K) Eden: 139776K(139776K)->0K(139776K) From: 9046K(17472K)->14390K(17472K)
[0.970s][info][gc,heap        ] GC(6) Tenured: 35849K(349568K)->36686K(349568K)
[0.970s][info][gc,metaspace   ] GC(6) Metaspace: 25414K(25792K)->25414K(25792K) NonClass: 22639K(22848K)->22639K(22848K) Class: 2775K(2944K)->2775K(2944K)
[0.970s][info][gc             ] GC(6) Pause Young (Allocation Failure) 180M->49M(494M) 2.965ms
[0.970s][info][gc,cpu         ] GC(6) User=0.01s Sys=0.00s Real=0.00s
[0.981s][info][gc,start       ] GC(7) Pause Young (Allocation Failure)
[0.985s][info][gc,heap        ] GC(7) DefNew: 154107K(157248K)->17233K(157248K) Eden: 139717K(139776K)->0K(139776K) From: 14390K(17472K)->17233K(17472K)
[0.985s][info][gc,heap        ] GC(7) Tenured: 36686K(349568K)->39508K(349568K)
[0.985s][info][gc,metaspace   ] GC(7) Metaspace: 25491K(25856K)->25491K(25856K) NonClass: 22716K(22912K)->22716K(22912K) Class: 2775K(2944K)->2775K(2944K)
[0.985s][info][gc             ] GC(7) Pause Young (Allocation Failure) 186M->55M(494M) 4.148ms
[0.985s][info][gc,cpu         ] GC(7) User=0.00s Sys=0.00s Real=0.01s
[0.993s][info][gc,start       ] GC(8) Pause Young (Allocation Failure)
[1.005s][info][gc,heap        ] GC(8) DefNew: 157009K(157248K)->17265K(157248K) Eden: 139776K(139776K)->0K(139776K) From: 17233K(17472K)->17265K(17472K)
[1.005s][info][gc,heap        ] GC(8) Tenured: 39508K(349568K)->50789K(349568K)
[1.005s][info][gc,metaspace   ] GC(8) Metaspace: 25541K(25856K)->25541K(25856K) NonClass: 22765K(22912K)->22765K(22912K) Class: 2775K(2944K)->2775K(2944K)
[1.005s][info][gc             ] GC(8) Pause Young (Allocation Failure) 191M->66M(494M) 11.799ms
[1.005s][info][gc,cpu         ] GC(8) User=0.01s Sys=0.01s Real=0.02s
[1.013s][info][gc,start       ] GC(9) Pause Young (Allocation Failure)
[1.022s][info][gc,heap        ] GC(9) DefNew: 157041K(157248K)->17267K(157248K) Eden: 139776K(139776K)->0K(139776K) From: 17265K(17472K)->17267K(17472K)
[1.022s][info][gc,heap        ] GC(9) Tenured: 50789K(349568K)->61054K(349568K)
[1.022s][info][gc,metaspace   ] GC(9) Metaspace: 25575K(25984K)->25575K(25984K) NonClass: 22800K(23040K)->22800K(23040K) Class: 2775K(2944K)->2775K(2944K)
[1.022s][info][gc             ] GC(9) Pause Young (Allocation Failure) 202M->76M(494M) 8.637ms
[1.022s][info][gc,cpu         ] GC(9) User=0.01s Sys=0.00s Real=0.01s
[1.030s][info][gc,start       ] GC(10) Pause Young (Allocation Failure)
[1.041s][info][gc,heap        ] GC(10) DefNew: 156870K(157248K)->17268K(157248K) Eden: 139602K(139776K)->0K(139776K) From: 17267K(17472K)->17268K(17472K)
[1.041s][info][gc,heap        ] GC(10) Tenured: 61054K(349568K)->71586K(349568K)
[1.041s][info][gc,metaspace   ] GC(10) Metaspace: 25662K(26048K)->25662K(26048K) NonClass: 22887K(23104K)->22887K(23104K) Class: 2775K(2944K)->2775K(2944K)
[1.041s][info][gc             ] GC(10) Pause Young (Allocation Failure) 212M->86M(494M) 10.630ms
[1.041s][info][gc,cpu         ] GC(10) User=0.01s Sys=0.01s Real=0.01s
[1.049s][info][gc,start       ] GC(11) Pause Young (Allocation Failure)
[1.061s][info][gc,heap        ] GC(11) DefNew: 157044K(157248K)->17270K(157248K) Eden: 139776K(139776K)->0K(139776K) From: 17268K(17472K)->17270K(17472K)
[1.061s][info][gc,heap        ] GC(11) Tenured: 71586K(349568K)->86482K(349568K)
[1.061s][info][gc,metaspace   ] GC(11) Metaspace: 25711K(26048K)->25711K(26048K) NonClass: 22935K(23104K)->22935K(23104K) Class: 2775K(2944K)->2775K(2944K)
[1.061s][info][gc             ] GC(11) Pause Young (Allocation Failure) 223M->101M(494M) 12.321ms
[1.061s][info][gc,cpu         ] GC(11) User=0.00s Sys=0.01s Real=0.01s
[1.069s][info][gc,start       ] GC(12) Pause Young (Allocation Failure)
[1.082s][info][gc,heap        ] GC(12) DefNew: 157030K(157248K)->17268K(157248K) Eden: 139759K(139776K)->0K(139776K) From: 17270K(17472K)->17268K(17472K)
[1.082s][info][gc,heap        ] GC(12) Tenured: 86482K(349568K)->101637K(349568K)
[1.082s][info][gc,metaspace   ] GC(12) Metaspace: 25752K(26112K)->25752K(26112K) NonClass: 22977K(23168K)->22977K(23168K) Class: 2775K(2944K)->2775K(2944K)
[1.082s][info][gc             ] GC(12) Pause Young (Allocation Failure) 237M->116M(494M) 13.352ms
[1.082s][info][gc,cpu         ] GC(12) User=0.01s Sys=0.01s Real=0.01s
[1.090s][info][gc,start       ] GC(13) Pause Young (Allocation Failure)
[1.102s][info][gc,heap        ] GC(13) DefNew: 157010K(157248K)->17272K(157248K) Eden: 139741K(139776K)->0K(139776K) From: 17268K(17472K)->17272K(17472K)
[1.102s][info][gc,heap        ] GC(13) Tenured: 101637K(349568K)->115772K(349568K)
[1.102s][info][gc,metaspace   ] GC(13) Metaspace: 25770K(26112K)->25770K(26112K) NonClass: 22994K(23168K)->22994K(23168K) Class: 2775K(2944K)->2775K(2944K)
[1.102s][info][gc             ] GC(13) Pause Young (Allocation Failure) 252M->129M(494M) 11.618ms
[1.102s][info][gc,cpu         ] GC(13) User=0.00s Sys=0.01s Real=0.01s
[1.109s][info][gc,start       ] GC(14) Pause Young (Allocation Failure)
[1.117s][info][gc,heap        ] GC(14) DefNew: 157048K(157248K)->17271K(157248K) Eden: 139775K(139776K)->0K(139776K) From: 17272K(17472K)->17271K(17472K)
[1.117s][info][gc,heap        ] GC(14) Tenured: 115772K(349568K)->130679K(349568K)
[1.117s][info][gc,metaspace   ] GC(14) Metaspace: 25771K(26112K)->25771K(26112K) NonClass: 22996K(23168K)->22996K(23168K) Class: 2775K(2944K)->2775K(2944K)
[1.117s][info][gc             ] GC(14) Pause Young (Allocation Failure) 266M->144M(494M) 7.831ms
[1.117s][info][gc,cpu         ] GC(14) User=0.01s Sys=0.01s Real=0.01s
[1.124s][info][gc,start       ] GC(15) Pause Young (Allocation Failure)
[1.134s][info][gc,heap        ] GC(15) DefNew: 157039K(157248K)->17273K(157248K) Eden: 139767K(139776K)->0K(139776K) From: 17271K(17472K)->17273K(17472K)
[1.134s][info][gc,heap        ] GC(15) Tenured: 130679K(349568K)->146868K(349568K)
[1.134s][info][gc,metaspace   ] GC(15) Metaspace: 25778K(26112K)->25778K(26112K) NonClass: 23003K(23168K)->23003K(23168K) Class: 2775K(2944K)->2775K(2944K)
[1.134s][info][gc             ] GC(15) Pause Young (Allocation Failure) 280M->160M(494M) 9.521ms
[1.134s][info][gc,cpu         ] GC(15) User=0.00s Sys=0.00s Real=0.00s
[1.141s][info][gc,start       ] GC(16) Pause Young (Allocation Failure)
[1.154s][info][gc,heap        ] GC(16) DefNew: 156849K(157248K)->17271K(157248K) Eden: 139576K(139776K)->0K(139776K) From: 17273K(17472K)->17271K(17472K)
[1.154s][info][gc,heap        ] GC(16) Tenured: 146868K(349568K)->164342K(349568K)
[1.154s][info][gc,metaspace   ] GC(16) Metaspace: 25779K(26112K)->25779K(26112K) NonClass: 23003K(23168K)->23003K(23168K) Class: 2775K(2944K)->2775K(2944K)
[1.154s][info][gc             ] GC(16) Pause Young (Allocation Failure) 296M->177M(494M) 12.383ms
[1.154s][info][gc,cpu         ] GC(16) User=0.00s Sys=0.02s Real=0.01s
[1.161s][info][gc,start       ] GC(17) Pause Young (Allocation Failure)
[1.173s][info][gc,heap        ] GC(17) DefNew: 156848K(157248K)->17274K(157248K) Eden: 139577K(139776K)->0K(139776K) From: 17271K(17472K)->17274K(17472K)
[1.173s][info][gc,heap        ] GC(17) Tenured: 164342K(349568K)->183098K(349568K)
[1.173s][info][gc,metaspace   ] GC(17) Metaspace: 25779K(26112K)->25779K(26112K) NonClass: 23003K(23168K)->23003K(23168K) Class: 2775K(2944K)->2775K(2944K)
[1.173s][info][gc             ] GC(17) Pause Young (Allocation Failure) 313M->195M(494M) 12.599ms
[1.173s][info][gc,cpu         ] GC(17) User=0.01s Sys=0.00s Real=0.01s
[1.180s][info][gc,start       ] GC(18) Pause Young (Allocation Failure)
[1.192s][info][gc,heap        ] GC(18) DefNew: 156875K(157248K)->17271K(157248K) Eden: 139601K(139776K)->0K(139776K) From: 17274K(17472K)->17271K(17472K)
[1.192s][info][gc,heap        ] GC(18) Tenured: 183098K(349568K)->201094K(349568K)
[1.192s][info][gc,metaspace   ] GC(18) Metaspace: 25779K(26112K)->25779K(26112K) NonClass: 23003K(23168K)->23003K(23168K) Class: 2775K(2944K)->2775K(2944K)
[1.192s][info][gc             ] GC(18) Pause Young (Allocation Failure) 332M->213M(494M) 11.923ms
[1.192s][info][gc,cpu         ] GC(18) User=0.01s Sys=0.01s Real=0.01s
[1.198s][info][gc,start       ] GC(19) Pause Young (Allocation Failure)
[1.214s][info][gc,heap        ] GC(19) DefNew: 156969K(157248K)->17270K(157248K) Eden: 139698K(139776K)->0K(139776K) From: 17271K(17472K)->17270K(17472K)
[1.214s][info][gc,heap        ] GC(19) Tenured: 201094K(349568K)->221396K(349568K)
[1.214s][info][gc,metaspace   ] GC(19) Metaspace: 25779K(26112K)->25779K(26112K) NonClass: 23003K(23168K)->23003K(23168K) Class: 2775K(2944K)->2775K(2944K)
[1.214s][info][gc             ] GC(19) Pause Young (Allocation Failure) 349M->233M(494M) 16.039ms
[1.214s][info][gc,cpu         ] GC(19) User=0.02s Sys=0.02s Real=0.01s
[1.222s][info][gc,start       ] GC(20) Pause Young (Allocation Failure)
[1.235s][info][gc,heap        ] GC(20) DefNew: 156909K(157248K)->17272K(157248K) Eden: 139638K(139776K)->0K(139776K) From: 17270K(17472K)->17272K(17472K)
[1.235s][info][gc,heap        ] GC(20) Tenured: 221396K(349568K)->240672K(349568K)
[1.235s][info][gc,metaspace   ] GC(20) Metaspace: 25779K(26112K)->25779K(26112K) NonClass: 23003K(23168K)->23003K(23168K) Class: 2775K(2944K)->2775K(2944K)
[1.235s][info][gc             ] GC(20) Pause Young (Allocation Failure) 369M->251M(494M) 13.409ms
[1.235s][info][gc,cpu         ] GC(20) User=0.00s Sys=0.02s Real=0.01s
[1.242s][info][gc,start       ] GC(21) Pause Young (Allocation Failure)
[1.255s][info][gc,heap        ] GC(21) DefNew: 156877K(157248K)->17271K(157248K) Eden: 139605K(139776K)->0K(139776K) From: 17272K(17472K)->17271K(17472K)
[1.255s][info][gc,heap        ] GC(21) Tenured: 240672K(349568K)->259947K(349568K)
[1.255s][info][gc,metaspace   ] GC(21) Metaspace: 25779K(26112K)->25779K(26112K) NonClass: 23003K(23168K)->23003K(23168K) Class: 2775K(2944K)->2775K(2944K)
[1.255s][info][gc             ] GC(21) Pause Young (Allocation Failure) 388M->270M(494M) 13.342ms
[1.255s][info][gc,cpu         ] GC(21) User=0.03s Sys=0.01s Real=0.01s
[1.262s][info][gc,start       ] GC(22) Pause Young (Allocation Failure)
[1.276s][info][gc,heap        ] GC(22) DefNew: 157047K(157248K)->17273K(157248K) Eden: 139776K(139776K)->0K(139776K) From: 17271K(17472K)->17273K(17472K)
[1.276s][info][gc,heap        ] GC(22) Tenured: 259947K(349568K)->279482K(349568K)
[1.276s][info][gc,metaspace   ] GC(22) Metaspace: 25779K(26112K)->25779K(26112K) NonClass: 23003K(23168K)->23003K(23168K) Class: 2775K(2944K)->2775K(2944K)
[1.276s][info][gc             ] GC(22) Pause Young (Allocation Failure) 407M->289M(494M) 13.228ms
[1.276s][info][gc,cpu         ] GC(22) User=0.01s Sys=0.01s Real=0.01s
[1.283s][info][gc,start       ] GC(23) Pause Young (Allocation Failure)
[1.297s][info][gc,heap        ] GC(23) DefNew: 156813K(157248K)->17275K(157248K) Eden: 139539K(139776K)->0K(139776K) From: 17273K(17472K)->17275K(17472K)
[1.297s][info][gc,heap        ] GC(23) Tenured: 279482K(349568K)->299530K(349568K)
[1.297s][info][gc,metaspace   ] GC(23) Metaspace: 25779K(26112K)->25779K(26112K) NonClass: 23004K(23168K)->23004K(23168K) Class: 2775K(2944K)->2775K(2944K)
[1.297s][info][gc             ] GC(23) Pause Young (Allocation Failure) 426M->309M(494M) 14.336ms
[1.297s][info][gc,cpu         ] GC(23) User=0.02s Sys=0.02s Real=0.02s
[1.304s][info][gc,start       ] GC(24) Pause Young (GCLocker Initiated GC)
[1.319s][info][gc,heap        ] GC(24) DefNew: 157051K(157248K)->17275K(157248K) Eden: 139776K(139776K)->0K(139776K) From: 17275K(17472K)->17275K(17472K)
[1.319s][info][gc,heap        ] GC(24) Tenured: 299786K(349568K)->320603K(349568K)
[1.319s][info][gc,metaspace   ] GC(24) Metaspace: 25779K(26112K)->25779K(26112K) NonClass: 23004K(23168K)->23004K(23168K) Class: 2775K(2944K)->2775K(2944K)
[1.319s][info][gc             ] GC(24) Pause Young (GCLocker Initiated GC) 446M->329M(494M) 14.610ms
[1.319s][info][gc,cpu         ] GC(24) User=0.01s Sys=0.02s Real=0.01s
[1.326s][info][gc,start       ] GC(25) Pause Young (Allocation Failure)
[1.326s][info][gc             ] GC(25) Pause Young (Allocation Failure) 466M->466M(494M) 0.073ms
[1.326s][info][gc,cpu         ] GC(25) User=0.00s Sys=0.00s Real=0.00s
[1.326s][info][gc,start       ] GC(26) Pause Full (Allocation Failure)
[1.326s][info][gc,phases,start] GC(26) Phase 1: Mark live objects
[1.336s][info][gc,phases      ] GC(26) Phase 1: Mark live objects 9.466ms
[1.336s][info][gc,phases,start] GC(26) Phase 2: Compute new object addresses
[1.339s][info][gc,phases      ] GC(26) Phase 2: Compute new object addresses 3.679ms
[1.339s][info][gc,phases,start] GC(26) Phase 3: Adjust pointers
[1.344s][info][gc,phases      ] GC(26) Phase 3: Adjust pointers 4.958ms
[1.344s][info][gc,phases,start] GC(26) Phase 4: Move objects
[1.352s][info][gc,phases      ] GC(26) Phase 4: Move objects 7.409ms
[1.352s][info][gc,heap        ] GC(26) DefNew: 157051K(157248K)->0K(157248K) Eden: 139775K(139776K)->0K(139776K) From: 17275K(17472K)->0K(17472K)
[1.352s][info][gc,heap        ] GC(26) Tenured: 320859K(349568K)->110153K(349568K)
[1.352s][info][gc,metaspace   ] GC(26) Metaspace: 25779K(26112K)->25601K(26112K) NonClass: 23004K(23168K)->22877K(23168K) Class: 2775K(2944K)->2724K(2944K)
[1.352s][info][gc             ] GC(26) Pause Full (Allocation Failure) 466M->107M(494M) 25.977ms
[1.352s][info][gc,cpu         ] GC(26) User=0.02s Sys=0.00s Real=0.02s
[1.359s][info][gc,start       ] GC(27) Pause Young (Allocation Failure)
[1.363s][info][gc,heap        ] GC(27) DefNew: 139714K(157248K)->17273K(157248K) Eden: 139714K(139776K)->0K(139776K) From: 0K(17472K)->17273K(17472K)
[1.363s][info][gc,heap        ] GC(27) Tenured: 110153K(349568K)->121426K(349568K)
[1.363s][info][gc,metaspace   ] GC(27) Metaspace: 25601K(26112K)->25601K(26112K) NonClass: 22877K(23168K)->22877K(23168K) Class: 2724K(2944K)->2724K(2944K)
[1.363s][info][gc             ] GC(27) Pause Young (Allocation Failure) 244M->135M(494M) 4.049ms
[1.363s][info][gc,cpu         ] GC(27) User=0.00s Sys=0.00s Real=0.00s
[1.370s][info][gc,start       ] GC(28) Pause Young (Allocation Failure)
[1.374s][info][gc,heap        ] GC(28) DefNew: 156833K(157248K)->17260K(157248K) Eden: 139559K(139776K)->0K(139776K) From: 17273K(17472K)->17260K(17472K)
[1.374s][info][gc,heap        ] GC(28) Tenured: 121426K(349568K)->141740K(349568K)
[1.374s][info][gc,metaspace   ] GC(28) Metaspace: 25601K(26112K)->25601K(26112K) NonClass: 22877K(23168K)->22877K(23168K) Class: 2724K(2944K)->2724K(2944K)
[1.374s][info][gc             ] GC(28) Pause Young (Allocation Failure) 271M->155M(494M) 4.202ms
[1.374s][info][gc,cpu         ] GC(28) User=0.01s Sys=0.00s Real=0.00s
[1.381s][info][gc,start       ] GC(29) Pause Young (Allocation Failure)
[1.386s][info][gc,heap        ] GC(29) DefNew: 156903K(157248K)->17264K(157248K) Eden: 139643K(139776K)->0K(139776K) From: 17260K(17472K)->17264K(17472K)
[1.386s][info][gc,heap        ] GC(29) Tenured: 141740K(349568K)->161791K(349568K)
[1.386s][info][gc,metaspace   ] GC(29) Metaspace: 25603K(26112K)->25603K(26112K) NonClass: 22879K(23168K)->22879K(23168K) Class: 2724K(2944K)->2724K(2944K)
[1.386s][info][gc             ] GC(29) Pause Young (Allocation Failure) 291M->174M(494M) 5.018ms
[1.386s][info][gc,cpu         ] GC(29) User=0.00s Sys=0.00s Real=0.01s
[1.392s][info][gc,start       ] GC(30) Pause Young (Allocation Failure)
[1.397s][info][gc,heap        ] GC(30) DefNew: 156839K(157248K)->17262K(157248K) Eden: 139575K(139776K)->0K(139776K) From: 17264K(17472K)->17262K(17472K)
[1.397s][info][gc,heap        ] GC(30) Tenured: 161791K(349568K)->181845K(349568K)
[1.397s][info][gc,metaspace   ] GC(30) Metaspace: 25603K(26112K)->25603K(26112K) NonClass: 22879K(23168K)->22879K(23168K) Class: 2724K(2944K)->2724K(2944K)
[1.397s][info][gc             ] GC(30) Pause Young (Allocation Failure) 311M->194M(494M) 4.560ms
[1.397s][info][gc,cpu         ] GC(30) User=0.00s Sys=0.00s Real=0.01s
[1.404s][info][gc,start       ] GC(31) Pause Young (Allocation Failure)
[1.409s][info][gc,heap        ] GC(31) DefNew: 156905K(157248K)->17246K(157248K) Eden: 139642K(139776K)->0K(139776K) From: 17262K(17472K)->17246K(17472K)
[1.409s][info][gc,heap        ] GC(31) Tenured: 181845K(349568K)->202423K(349568K)
[1.409s][info][gc,metaspace   ] GC(31) Metaspace: 25603K(26112K)->25603K(26112K) NonClass: 22879K(23168K)->22879K(23168K) Class: 2724K(2944K)->2724K(2944K)
[1.409s][info][gc             ] GC(31) Pause Young (Allocation Failure) 330M->214M(494M) 4.549ms
[1.409s][info][gc,cpu         ] GC(31) User=0.01s Sys=0.00s Real=0.00s
[1.416s][info][gc,start       ] GC(32) Pause Young (Allocation Failure)
[1.420s][info][gc,heap        ] GC(32) DefNew: 157022K(157248K)->17263K(157248K) Eden: 139776K(139776K)->0K(139776K) From: 17246K(17472K)->17263K(17472K)
[1.421s][info][gc,heap        ] GC(32) Tenured: 202423K(349568K)->221959K(349568K)
[1.421s][info][gc,metaspace   ] GC(32) Metaspace: 25603K(26112K)->25603K(26112K) NonClass: 22879K(23168K)->22879K(23168K) Class: 2724K(2944K)->2724K(2944K)
[1.421s][info][gc             ] GC(32) Pause Young (Allocation Failure) 351M->233M(494M) 4.418ms
[1.421s][info][gc,cpu         ] GC(32) User=0.01s Sys=0.00s Real=0.00s
[1.428s][info][gc,start       ] GC(33) Pause Young (Allocation Failure)
[1.432s][info][gc,heap        ] GC(33) DefNew: 156944K(157248K)->17262K(157248K) Eden: 139681K(139776K)->0K(139776K) From: 17263K(17472K)->17262K(17472K)
[1.432s][info][gc,heap        ] GC(33) Tenured: 221959K(349568K)->242526K(349568K)
[1.432s][info][gc,metaspace   ] GC(33) Metaspace: 25603K(26112K)->25603K(26112K) NonClass: 22879K(23168K)->22879K(23168K) Class: 2724K(2944K)->2724K(2944K)
[1.432s][info][gc             ] GC(33) Pause Young (Allocation Failure) 370M->253M(494M) 4.672ms
[1.432s][info][gc,cpu         ] GC(33) User=0.01s Sys=0.01s Real=0.00s
[1.440s][info][gc,start       ] GC(34) Pause Young (Allocation Failure)
[1.445s][info][gc,heap        ] GC(34) DefNew: 157038K(157248K)->17261K(157248K) Eden: 139776K(139776K)->0K(139776K) From: 17262K(17472K)->17261K(17472K)
[1.445s][info][gc,heap        ] GC(34) Tenured: 242526K(349568K)->263094K(349568K)
[1.445s][info][gc,metaspace   ] GC(34) Metaspace: 25603K(26112K)->25603K(26112K) NonClass: 22879K(23168K)->22879K(23168K) Class: 2724K(2944K)->2724K(2944K)
[1.445s][info][gc             ] GC(34) Pause Young (Allocation Failure) 390M->273M(494M) 4.470ms
[1.445s][info][gc,cpu         ] GC(34) User=0.01s Sys=0.00s Real=0.01s
[1.452s][info][gc,start       ] GC(35) Pause Young (Allocation Failure)
[1.456s][info][gc,heap        ] GC(35) DefNew: 157037K(157248K)->17258K(157248K) Eden: 139776K(139776K)->0K(139776K) From: 17261K(17472K)->17258K(17472K)
[1.456s][info][gc,heap        ] GC(35) Tenured: 263094K(349568K)->283664K(349568K)
[1.456s][info][gc,metaspace   ] GC(35) Metaspace: 25603K(26112K)->25603K(26112K) NonClass: 22879K(23168K)->22879K(23168K) Class: 2724K(2944K)->2724K(2944K)
[1.456s][info][gc             ] GC(35) Pause Young (Allocation Failure) 410M->293M(494M) 4.272ms
[1.456s][info][gc,cpu         ] GC(35) User=0.01s Sys=0.00s Real=0.01s
[1.462s][info][gc,start       ] GC(36) Pause Young (Allocation Failure)
[1.466s][info][gc,heap        ] GC(36) DefNew: 156881K(157248K)->17259K(157248K) Eden: 139622K(139776K)->0K(139776K) From: 17258K(17472K)->17259K(17472K)
[1.466s][info][gc,heap        ] GC(36) Tenured: 283664K(349568K)->303207K(349568K)
[1.466s][info][gc,metaspace   ] GC(36) Metaspace: 25603K(26112K)->25603K(26112K) NonClass: 22879K(23168K)->22879K(23168K) Class: 2724K(2944K)->2724K(2944K)
[1.466s][info][gc             ] GC(36) Pause Young (Allocation Failure) 430M->312M(494M) 4.180ms
[1.466s][info][gc,cpu         ] GC(36) User=0.02s Sys=0.00s Real=0.01s
[1.472s][info][gc,start       ] GC(37) Pause Young (Allocation Failure)
[1.478s][info][gc,heap        ] GC(37) DefNew: 157035K(157248K)->17262K(157248K) Eden: 139776K(139776K)->0K(139776K) From: 17259K(17472K)->17262K(17472K)
[1.478s][info][gc,heap        ] GC(37) Tenured: 303207K(349568K)->324284K(349568K)
[1.478s][info][gc,metaspace   ] GC(37) Metaspace: 25603K(26112K)->25603K(26112K) NonClass: 22879K(23168K)->22879K(23168K) Class: 2724K(2944K)->2724K(2944K)
[1.478s][info][gc             ] GC(37) Pause Young (Allocation Failure) 449M->333M(494M) 5.854ms
[1.478s][info][gc,cpu         ] GC(37) User=0.01s Sys=0.00s Real=0.01s
[1.486s][info][gc,start       ] GC(38) Pause Young (Allocation Failure)
[1.486s][info][gc             ] GC(38) Pause Young (Allocation Failure) 470M->470M(494M) 0.075ms
[1.486s][info][gc,cpu         ] GC(38) User=0.00s Sys=0.00s Real=0.00s
[1.486s][info][gc,start       ] GC(39) Pause Full (Allocation Failure)
[1.486s][info][gc,phases,start] GC(39) Phase 1: Mark live objects
[1.493s][info][gc,phases      ] GC(39) Phase 1: Mark live objects 7.673ms
[1.493s][info][gc,phases,start] GC(39) Phase 2: Compute new object addresses
[1.498s][info][gc,phases      ] GC(39) Phase 2: Compute new object addresses 4.376ms
[1.498s][info][gc,phases,start] GC(39) Phase 3: Adjust pointers
[1.503s][info][gc,phases      ] GC(39) Phase 3: Adjust pointers 5.071ms
[1.503s][info][gc,phases,start] GC(39) Phase 4: Move objects
[1.518s][info][gc,phases      ] GC(39) Phase 4: Move objects 15.357ms
[1.518s][info][gc,heap        ] GC(39) DefNew: 157038K(157248K)->0K(157248K) Eden: 139776K(139776K)->0K(139776K) From: 17262K(17472K)->0K(17472K)
[1.518s][info][gc,heap        ] GC(39) Tenured: 324284K(349568K)->202396K(349568K)
[1.518s][info][gc,metaspace   ] GC(39) Metaspace: 25603K(26112K)->25603K(26112K) NonClass: 22879K(23168K)->22879K(23168K) Class: 2724K(2944K)->2724K(2944K)
[1.518s][info][gc             ] GC(39) Pause Full (Allocation Failure) 470M->197M(494M) 32.775ms
[1.518s][info][gc,cpu         ] GC(39) User=0.05s Sys=0.00s Real=0.03s
[1.526s][info][gc,start       ] GC(40) Pause Young (Allocation Failure)
[1.529s][info][gc,heap        ] GC(40) DefNew: 139775K(157248K)->17274K(157248K) Eden: 139775K(139776K)->0K(139776K) From: 0K(17472K)->17274K(17472K)
[1.529s][info][gc,heap        ] GC(40) Tenured: 202396K(349568K)->212388K(349568K)
[1.529s][info][gc,metaspace   ] GC(40) Metaspace: 25603K(26112K)->25603K(26112K) NonClass: 22879K(23168K)->22879K(23168K) Class: 2724K(2944K)->2724K(2944K)
[1.529s][info][gc             ] GC(40) Pause Young (Allocation Failure) 334M->224M(494M) 3.579ms
[1.529s][info][gc,cpu         ] GC(40) User=0.01s Sys=0.00s Real=0.00s
[1.536s][info][gc,start       ] GC(41) Pause Young (Allocation Failure)
[1.541s][info][gc,heap        ] GC(41) DefNew: 157050K(157248K)->17267K(157248K) Eden: 139776K(139776K)->0K(139776K) From: 17274K(17472K)->17267K(17472K)
[1.541s][info][gc,heap        ] GC(41) Tenured: 212388K(349568K)->233467K(349568K)
[1.541s][info][gc,metaspace   ] GC(41) Metaspace: 25603K(26112K)->25603K(26112K) NonClass: 22879K(23168K)->22879K(23168K) Class: 2724K(2944K)->2724K(2944K)
[1.541s][info][gc             ] GC(41) Pause Young (Allocation Failure) 360M->244M(494M) 4.738ms
[1.541s][info][gc,cpu         ] GC(41) User=0.01s Sys=0.00s Real=0.00s
[1.547s][info][gc,start       ] GC(42) Pause Young (Allocation Failure)
[1.551s][info][gc,heap        ] GC(42) DefNew: 157024K(157248K)->17261K(157248K) Eden: 139757K(139776K)->0K(139776K) From: 17267K(17472K)->17261K(17472K)
[1.551s][info][gc,heap        ] GC(42) Tenured: 233467K(349568K)->253268K(349568K)
[1.551s][info][gc,metaspace   ] GC(42) Metaspace: 25603K(26112K)->25603K(26112K) NonClass: 22879K(23168K)->22879K(23168K) Class: 2724K(2944K)->2724K(2944K)
[1.551s][info][gc             ] GC(42) Pause Young (Allocation Failure) 381M->264M(494M) 4.201ms
[1.551s][info][gc,cpu         ] GC(42) User=0.02s Sys=0.00s Real=0.00s
[1.558s][info][gc,start       ] GC(43) Pause Young (Allocation Failure)
[1.562s][info][gc,heap        ] GC(43) DefNew: 157037K(157248K)->17263K(157248K) Eden: 139776K(139776K)->0K(139776K) From: 17261K(17472K)->17263K(17472K)
[1.562s][info][gc,heap        ] GC(43) Tenured: 253268K(349568K)->273575K(349568K)
[1.562s][info][gc,metaspace   ] GC(43) Metaspace: 25603K(26112K)->25603K(26112K) NonClass: 22879K(23168K)->22879K(23168K) Class: 2724K(2944K)->2724K(2944K)
[1.562s][info][gc             ] GC(43) Pause Young (Allocation Failure) 400M->284M(494M) 4.188ms
[1.562s][info][gc,cpu         ] GC(43) User=0.01s Sys=0.00s Real=0.00s
[1.568s][info][gc,start       ] GC(44) Pause Young (Allocation Failure)
[1.572s][info][gc,heap        ] GC(44) DefNew: 157039K(157248K)->17262K(157248K) Eden: 139776K(139776K)->0K(139776K) From: 17263K(17472K)->17262K(17472K)
[1.572s][info][gc,heap        ] GC(44) Tenured: 273575K(349568K)->293883K(349568K)
[1.572s][info][gc,metaspace   ] GC(44) Metaspace: 25603K(26112K)->25603K(26112K) NonClass: 22879K(23168K)->22879K(23168K) Class: 2724K(2944K)->2724K(2944K)
[1.572s][info][gc             ] GC(44) Pause Young (Allocation Failure) 420M->303M(494M) 4.314ms
[1.572s][info][gc,cpu         ] GC(44) User=0.01s Sys=0.00s Real=0.00s
[1.578s][info][gc,start       ] GC(45) Pause Young (Allocation Failure)
[1.583s][info][gc,heap        ] GC(45) DefNew: 156886K(157248K)->17262K(157248K) Eden: 139623K(139776K)->0K(139776K) From: 17262K(17472K)->17262K(17472K)
[1.583s][info][gc,heap        ] GC(45) Tenured: 293883K(349568K)->313679K(349568K)
[1.583s][info][gc,metaspace   ] GC(45) Metaspace: 25603K(26112K)->25603K(26112K) NonClass: 22879K(23168K)->22879K(23168K) Class: 2724K(2944K)->2724K(2944K)
[1.583s][info][gc             ] GC(45) Pause Young (Allocation Failure) 440M->323M(494M) 4.415ms
[1.583s][info][gc,cpu         ] GC(45) User=0.01s Sys=0.00s Real=0.00s
[1.589s][info][gc,start       ] GC(46) Pause Young (Allocation Failure)
[1.599s][info][gc,heap        ] GC(46) DefNew: 157016K(157248K)->17268K(157248K) Eden: 139754K(139776K)->0K(139776K) From: 17262K(17472K)->17268K(17472K)
[1.599s][info][gc,heap        ] GC(46) Tenured: 313679K(349568K)->333726K(349568K)
[1.599s][info][gc,metaspace   ] GC(46) Metaspace: 25603K(26112K)->25603K(26112K) NonClass: 22879K(23168K)->22879K(23168K) Class: 2724K(2944K)->2724K(2944K)
[1.599s][info][gc             ] GC(46) Pause Young (Allocation Failure) 459M->342M(494M) 9.895ms
[1.599s][info][gc,cpu         ] GC(46) User=0.02s Sys=0.01s Real=0.01s
[1.606s][info][gc,start       ] GC(47) Pause Young (Allocation Failure)
[1.606s][info][gc             ] GC(47) Pause Young (Allocation Failure) 479M->479M(494M) 0.082ms
[1.606s][info][gc,cpu         ] GC(47) User=0.00s Sys=0.00s Real=0.00s
[1.606s][info][gc,start       ] GC(48) Pause Full (Allocation Failure)
[1.606s][info][gc,phases,start] GC(48) Phase 1: Mark live objects
[1.614s][info][gc,phases      ] GC(48) Phase 1: Mark live objects 7.814ms
[1.614s][info][gc,phases,start] GC(48) Phase 2: Compute new object addresses
[1.621s][info][gc,phases      ] GC(48) Phase 2: Compute new object addresses 6.525ms
[1.621s][info][gc,phases,start] GC(48) Phase 3: Adjust pointers
[1.630s][info][gc,phases      ] GC(48) Phase 3: Adjust pointers 9.160ms
[1.630s][info][gc,phases,start] GC(48) Phase 4: Move objects
[1.660s][info][gc,phases      ] GC(48) Phase 4: Move objects 29.553ms
[1.660s][info][gc,heap        ] GC(48) DefNew: 157038K(157248K)->0K(157248K) Eden: 139770K(139776K)->0K(139776K) From: 17268K(17472K)->0K(17472K)
[1.660s][info][gc,heap        ] GC(48) Tenured: 333726K(349568K)->235121K(349568K)
[1.660s][info][gc,metaspace   ] GC(48) Metaspace: 25603K(26112K)->25603K(26112K) NonClass: 22879K(23168K)->22879K(23168K) Class: 2724K(2944K)->2724K(2944K)
[1.660s][info][gc             ] GC(48) Pause Full (Allocation Failure) 479M->229M(494M) 53.624ms
[1.660s][info][gc,cpu         ] GC(48) User=0.13s Sys=0.00s Real=0.05s
[1.667s][info][gc,start       ] GC(49) Pause Young (Allocation Failure)
[1.670s][info][gc,heap        ] GC(49) DefNew: 139688K(157248K)->17269K(157248K) Eden: 139688K(139776K)->0K(139776K) From: 0K(17472K)->17269K(17472K)
[1.670s][info][gc,heap        ] GC(49) Tenured: 235121K(349568K)->245882K(349568K)
[1.670s][info][gc,metaspace   ] GC(49) Metaspace: 25603K(26112K)->25603K(26112K) NonClass: 22879K(23168K)->22879K(23168K) Class: 2724K(2944K)->2724K(2944K)
[1.670s][info][gc             ] GC(49) Pause Young (Allocation Failure) 366M->256M(494M) 3.750ms
[1.670s][info][gc,cpu         ] GC(49) User=0.02s Sys=0.00s Real=0.00s
[1.677s][info][gc,start       ] GC(50) Pause Young (Allocation Failure)
[1.683s][info][gc,heap        ] GC(50) DefNew: 156895K(157248K)->17253K(157248K) Eden: 139625K(139776K)->0K(139776K) From: 17269K(17472K)->17253K(17472K)
[1.683s][info][gc,heap        ] GC(50) Tenured: 245882K(349568K)->266709K(349568K)
[1.683s][info][gc,metaspace   ] GC(50) Metaspace: 25603K(26112K)->25603K(26112K) NonClass: 22879K(23168K)->22879K(23168K) Class: 2724K(2944K)->2724K(2944K)
[1.683s][info][gc             ] GC(50) Pause Young (Allocation Failure) 393M->277M(494M) 5.654ms
[1.683s][info][gc,cpu         ] GC(50) User=0.01s Sys=0.00s Real=0.00s
[1.689s][info][gc,start       ] GC(51) Pause Young (Allocation Failure)
[1.699s][info][gc,heap        ] GC(51) DefNew: 157029K(157248K)->17267K(157248K) Eden: 139776K(139776K)->0K(139776K) From: 17253K(17472K)->17267K(17472K)
[1.699s][info][gc,heap        ] GC(51) Tenured: 266709K(349568K)->286503K(349568K)
[1.699s][info][gc,metaspace   ] GC(51) Metaspace: 25603K(26112K)->25603K(26112K) NonClass: 22879K(23168K)->22879K(23168K) Class: 2724K(2944K)->2724K(2944K)
[1.699s][info][gc             ] GC(51) Pause Young (Allocation Failure) 413M->296M(494M) 9.766ms
[1.699s][info][gc,cpu         ] GC(51) User=0.02s Sys=0.00s Real=0.01s
[1.705s][info][gc,start       ] GC(52) Pause Young (Allocation Failure)
[1.712s][info][gc,heap        ] GC(52) DefNew: 156990K(157248K)->17272K(157248K) Eden: 139723K(139776K)->0K(139776K) From: 17267K(17472K)->17272K(17472K)
[1.712s][info][gc,heap        ] GC(52) Tenured: 286503K(349568K)->306551K(349568K)
[1.712s][info][gc,metaspace   ] GC(52) Metaspace: 25603K(26112K)->25603K(26112K) NonClass: 22879K(23168K)->22879K(23168K) Class: 2724K(2944K)->2724K(2944K)
[1.712s][info][gc             ] GC(52) Pause Young (Allocation Failure) 433M->316M(494M) 6.909ms
[1.712s][info][gc,cpu         ] GC(52) User=0.03s Sys=0.00s Real=0.00s
[1.718s][info][gc,start       ] GC(53) Pause Young (Allocation Failure)
[1.723s][info][gc,heap        ] GC(53) DefNew: 157002K(157248K)->17268K(157248K) Eden: 139730K(139776K)->0K(139776K) From: 17272K(17472K)->17268K(17472K)
[1.723s][info][gc,heap        ] GC(53) Tenured: 306551K(349568K)->326858K(349568K)
[1.723s][info][gc,metaspace   ] GC(53) Metaspace: 25603K(26112K)->25603K(26112K) NonClass: 22879K(23168K)->22879K(23168K) Class: 2724K(2944K)->2724K(2944K)
[1.723s][info][gc             ] GC(53) Pause Young (Allocation Failure) 452M->336M(494M) 5.062ms
[1.723s][info][gc,cpu         ] GC(53) User=0.01s Sys=0.00s Real=0.00s
[1.730s][info][gc,start       ] GC(54) Pause Young (Allocation Failure)
[1.730s][info][gc             ] GC(54) Pause Young (Allocation Failure) 472M->472M(494M) 0.076ms
[1.730s][info][gc,cpu         ] GC(54) User=0.00s Sys=0.01s Real=0.00s
[1.730s][info][gc,start       ] GC(55) Pause Full (Allocation Failure)
[1.730s][info][gc,phases,start] GC(55) Phase 1: Mark live objects
[1.738s][info][gc,phases      ] GC(55) Phase 1: Mark live objects 7.789ms
[1.738s][info][gc,phases,start] GC(55) Phase 2: Compute new object addresses
[1.742s][info][gc,phases      ] GC(55) Phase 2: Compute new object addresses 4.015ms
[1.742s][info][gc,phases,start] GC(55) Phase 3: Adjust pointers
[1.747s][info][gc,phases      ] GC(55) Phase 3: Adjust pointers 4.948ms
[1.747s][info][gc,phases,start] GC(55) Phase 4: Move objects
[1.771s][info][gc,phases      ] GC(55) Phase 4: Move objects 23.297ms
[1.771s][info][gc,heap        ] GC(55) DefNew: 157044K(157248K)->0K(157248K) Eden: 139776K(139776K)->0K(139776K) From: 17268K(17472K)->0K(17472K)
[1.771s][info][gc,heap        ] GC(55) Tenured: 326858K(349568K)->272378K(349568K)
[1.771s][info][gc,metaspace   ] GC(55) Metaspace: 25603K(26112K)->25603K(26112K) NonClass: 22879K(23168K)->22879K(23168K) Class: 2724K(2944K)->2724K(2944K)
[1.771s][info][gc             ] GC(55) Pause Full (Allocation Failure) 472M->265M(494M) 40.409ms
[1.771s][info][gc,cpu         ] GC(55) User=0.08s Sys=0.00s Real=0.04s
[1.780s][info][gc,start       ] GC(56) Pause Young (Allocation Failure)
[1.784s][info][gc,heap        ] GC(56) DefNew: 139776K(157248K)->17287K(157248K) Eden: 139776K(139776K)->0K(139776K) From: 0K(17472K)->17287K(17472K)
[1.784s][info][gc,heap        ] GC(56) Tenured: 272378K(349568K)->285700K(349568K)
[1.784s][info][gc,metaspace   ] GC(56) Metaspace: 25798K(26240K)->25798K(26240K) NonClass: 23059K(23296K)->23059K(23296K) Class: 2739K(2944K)->2739K(2944K)
[1.784s][info][gc             ] GC(56) Pause Young (Allocation Failure) 402M->295M(494M) 4.135ms
[1.784s][info][gc,cpu         ] GC(56) User=0.01s Sys=0.00s Real=0.01s
[1.795s][info][gc,start       ] GC(57) Pause Young (Allocation Failure)
[1.801s][info][gc,heap        ] GC(57) DefNew: 157063K(157248K)->17472K(157248K) Eden: 139776K(139776K)->0K(139776K) From: 17287K(17472K)->17472K(17472K)
[1.801s][info][gc,heap        ] GC(57) Tenured: 285700K(349568K)->303471K(349568K)
[1.801s][info][gc,metaspace   ] GC(57) Metaspace: 25923K(26304K)->25923K(26304K) NonClass: 23162K(23360K)->23162K(23360K) Class: 2760K(2944K)->2760K(2944K)
[1.801s][info][gc             ] GC(57) Pause Young (Allocation Failure) 432M->313M(494M) 6.003ms
[1.801s][info][gc,cpu         ] GC(57) User=0.02s Sys=0.00s Real=0.01s
[1.809s][info][gc,start       ] GC(58) Pause Young (Allocation Failure)
[1.815s][info][gc,heap        ] GC(58) DefNew: 157182K(157248K)->17286K(157248K) Eden: 139710K(139776K)->0K(139776K) From: 17472K(17472K)->17286K(17472K)
[1.816s][info][gc,heap        ] GC(58) Tenured: 303471K(349568K)->325519K(349568K)
[1.816s][info][gc,metaspace   ] GC(58) Metaspace: 26099K(26432K)->26099K(26432K) NonClass: 23304K(23488K)->23304K(23488K) Class: 2795K(2944K)->2795K(2944K)
[1.816s][info][gc             ] GC(58) Pause Young (Allocation Failure) 449M->334M(494M) 6.126ms
[1.816s][info][gc,cpu         ] GC(58) User=0.02s Sys=0.01s Real=0.00s
[1.823s][info][gc,start       ] GC(59) Pause Young (Allocation Failure)
[1.824s][info][gc             ] GC(59) Pause Young (Allocation Failure) 471M->471M(494M) 0.115ms
[1.824s][info][gc,cpu         ] GC(59) User=0.00s Sys=0.00s Real=0.00s
[1.824s][info][gc,start       ] GC(60) Pause Full (Allocation Failure)
[1.824s][info][gc,phases,start] GC(60) Phase 1: Mark live objects
[1.833s][info][gc,phases      ] GC(60) Phase 1: Mark live objects 9.355ms
[1.833s][info][gc,phases,start] GC(60) Phase 2: Compute new object addresses
[1.838s][info][gc,phases      ] GC(60) Phase 2: Compute new object addresses 4.488ms
[1.838s][info][gc,phases,start] GC(60) Phase 3: Adjust pointers
[1.844s][info][gc,phases      ] GC(60) Phase 3: Adjust pointers 6.008ms
[1.844s][info][gc,phases,start] GC(60) Phase 4: Move objects
[1.875s][info][gc,phases      ] GC(60) Phase 4: Move objects 31.351ms
[1.875s][info][gc,heap        ] GC(60) DefNew: 157062K(157248K)->0K(157248K) Eden: 139776K(139776K)->0K(139776K) From: 17286K(17472K)->0K(17472K)
[1.875s][info][gc,heap        ] GC(60) Tenured: 326031K(349568K)->309618K(349568K)
[1.875s][info][gc,metaspace   ] GC(60) Metaspace: 26173K(26496K)->26173K(26496K) NonClass: 23368K(23552K)->23368K(23552K) Class: 2804K(2944K)->2804K(2944K)
[1.875s][info][gc             ] GC(60) Pause Full (Allocation Failure) 471M->302M(494M) 51.712ms
[1.875s][info][gc,cpu         ] GC(60) User=0.09s Sys=0.00s Real=0.05s
[1.882s][info][gc,start       ] GC(61) Pause Young (Allocation Failure)
[1.886s][info][gc,heap        ] GC(61) DefNew: 139776K(157248K)->17354K(157248K) Eden: 139776K(139776K)->0K(139776K) From: 0K(17472K)->17354K(17472K)
[1.887s][info][gc,heap        ] GC(61) Tenured: 309618K(349568K)->322172K(349568K)
[1.887s][info][gc,metaspace   ] GC(61) Metaspace: 26188K(26496K)->26188K(26496K) NonClass: 23383K(23552K)->23383K(23552K) Class: 2805K(2944K)->2805K(2944K)
[1.887s][info][gc             ] GC(61) Pause Young (Allocation Failure) 438M->331M(494M) 4.396ms
[1.887s][info][gc,cpu         ] GC(61) User=0.02s Sys=0.00s Real=0.01s
[1.894s][info][gc,start       ] GC(62) Pause Young (Allocation Failure)
[1.902s][info][gc,heap        ] GC(62) DefNew: 157130K(157248K)->17296K(157248K) Eden: 139776K(139776K)->0K(139776K) From: 17354K(17472K)->17296K(17472K)
[1.902s][info][gc,heap        ] GC(62) Tenured: 322172K(349568K)->341797K(349568K)
[1.902s][info][gc,metaspace   ] GC(62) Metaspace: 26198K(26560K)->26198K(26560K) NonClass: 23392K(23616K)->23392K(23616K) Class: 2805K(2944K)->2805K(2944K)
[1.902s][info][gc             ] GC(62) Pause Young (Allocation Failure) 468M->350M(494M) 7.601ms
[1.902s][info][gc,cpu         ] GC(62) User=0.02s Sys=0.00s Real=0.01s
[1.909s][info][gc,start       ] GC(63) Pause Young (Allocation Failure)
[1.909s][info][gc             ] GC(63) Pause Young (Allocation Failure) 487M->487M(494M) 0.068ms
[1.909s][info][gc,cpu         ] GC(63) User=0.00s Sys=0.00s Real=0.00s
[1.909s][info][gc,start       ] GC(64) Pause Full (Allocation Failure)
[1.909s][info][gc,phases,start] GC(64) Phase 1: Mark live objects
[1.919s][info][gc,phases      ] GC(64) Phase 1: Mark live objects 10.242ms
[1.919s][info][gc,phases,start] GC(64) Phase 2: Compute new object addresses
[1.923s][info][gc,phases      ] GC(64) Phase 2: Compute new object addresses 4.081ms
[1.923s][info][gc,phases,start] GC(64) Phase 3: Adjust pointers
[1.929s][info][gc,phases      ] GC(64) Phase 3: Adjust pointers 5.685ms
[1.929s][info][gc,phases,start] GC(64) Phase 4: Move objects
[1.956s][info][gc,phases      ] GC(64) Phase 4: Move objects 27.191ms
[1.956s][info][gc,heap        ] GC(64) DefNew: 157072K(157248K)->0K(157248K) Eden: 139776K(139776K)->0K(139776K) From: 17296K(17472K)->0K(17472K)
[1.956s][info][gc,heap        ] GC(64) Tenured: 341797K(349568K)->329063K(349568K)
[1.956s][info][gc,metaspace   ] GC(64) Metaspace: 26222K(26560K)->26222K(26560K) NonClass: 23415K(23616K)->23415K(23616K) Class: 2807K(2944K)->2807K(2944K)
[1.956s][info][gc             ] GC(64) Pause Full (Allocation Failure) 487M->321M(494M) 47.579ms
[1.956s][info][gc,cpu         ] GC(64) User=0.05s Sys=0.00s Real=0.05s
[1.963s][info][gc,start       ] GC(65) Pause Young (Allocation Failure)
[1.963s][info][gc             ] GC(65) Pause Young (Allocation Failure) 457M->457M(494M) 0.075ms
[1.963s][info][gc,cpu         ] GC(65) User=0.00s Sys=0.00s Real=0.00s
[1.963s][info][gc,start       ] GC(66) Pause Full (Allocation Failure)
[1.963s][info][gc,phases,start] GC(66) Phase 1: Mark live objects
[1.972s][info][gc,phases      ] GC(66) Phase 1: Mark live objects 8.760ms
[1.972s][info][gc,phases,start] GC(66) Phase 2: Compute new object addresses
[1.976s][info][gc,phases      ] GC(66) Phase 2: Compute new object addresses 4.147ms
[1.976s][info][gc,phases,start] GC(66) Phase 3: Adjust pointers
[1.982s][info][gc,phases      ] GC(66) Phase 3: Adjust pointers 5.979ms
[1.982s][info][gc,phases,start] GC(66) Phase 4: Move objects
[2.012s][info][gc,phases      ] GC(66) Phase 4: Move objects 29.726ms
[2.012s][info][gc,heap        ] GC(66) DefNew: 139608K(157248K)->0K(157248K) Eden: 139608K(139776K)->0K(139776K) From: 0K(17472K)->0K(17472K)
[2.012s][info][gc,heap        ] GC(66) Tenured: 329063K(349568K)->315534K(349568K)
[2.012s][info][gc,metaspace   ] GC(66) Metaspace: 26245K(26560K)->26245K(26560K) NonClass: 23438K(23616K)->23438K(23616K) Class: 2807K(2944K)->2807K(2944K)
[2.012s][info][gc             ] GC(66) Pause Full (Allocation Failure) 457M->308M(494M) 48.974ms
[2.012s][info][gc,cpu         ] GC(66) User=0.08s Sys=0.00s Real=0.05s
[2.020s][info][gc,start       ] GC(67) Pause Young (Allocation Failure)
[2.024s][info][gc,heap        ] GC(67) DefNew: 140160K(157248K)->17379K(157248K) Eden: 139647K(139776K)->0K(139776K) From: 512K(17472K)->17379K(17472K)
[2.024s][info][gc,heap        ] GC(67) Tenured: 315534K(349568K)->328601K(349568K)
[2.024s][info][gc,metaspace   ] GC(67) Metaspace: 26268K(26624K)->26268K(26624K) NonClass: 23459K(23680K)->23459K(23680K) Class: 2808K(2944K)->2808K(2944K)
[2.024s][info][gc             ] GC(67) Pause Young (Allocation Failure) 445M->337M(494M) 4.177ms
[2.024s][info][gc,cpu         ] GC(67) User=0.02s Sys=0.00s Real=0.01s
[2.030s][info][gc,start       ] GC(68) Pause Young (Allocation Failure)
[2.031s][info][gc             ] GC(68) Pause Young (Allocation Failure) 474M->474M(494M) 0.078ms
[2.031s][info][gc,cpu         ] GC(68) User=0.00s Sys=0.00s Real=0.00s
[2.031s][info][gc,start       ] GC(69) Pause Full (Allocation Failure)
[2.031s][info][gc,phases,start] GC(69) Phase 1: Mark live objects
[2.039s][info][gc,phases      ] GC(69) Phase 1: Mark live objects 8.527ms
[2.039s][info][gc,phases,start] GC(69) Phase 2: Compute new object addresses
[2.043s][info][gc,phases      ] GC(69) Phase 2: Compute new object addresses 4.305ms
[2.043s][info][gc,phases,start] GC(69) Phase 3: Adjust pointers
[2.049s][info][gc,phases      ] GC(69) Phase 3: Adjust pointers 5.569ms
[2.049s][info][gc,phases,start] GC(69) Phase 4: Move objects
[2.075s][info][gc,phases      ] GC(69) Phase 4: Move objects 26.089ms
[2.075s][info][gc,heap        ] GC(69) DefNew: 157155K(157248K)->0K(157248K) Eden: 139776K(139776K)->0K(139776K) From: 17379K(17472K)->0K(17472K)
[2.075s][info][gc,heap        ] GC(69) Tenured: 328601K(349568K)->344444K(349568K)
[2.075s][info][gc,metaspace   ] GC(69) Metaspace: 26321K(26624K)->26321K(26624K) NonClass: 23508K(23680K)->23508K(23680K) Class: 2812K(2944K)->2812K(2944K)
[2.075s][info][gc             ] GC(69) Pause Full (Allocation Failure) 474M->336M(494M) 44.866ms
[2.075s][info][gc,cpu         ] GC(69) User=0.08s Sys=0.01s Real=0.04s
[2.082s][info][gc,start       ] GC(70) Pause Young (Allocation Failure)
[2.082s][info][gc             ] GC(70) Pause Young (Allocation Failure) 472M->472M(494M) 0.064ms
[2.082s][info][gc,cpu         ] GC(70) User=0.00s Sys=0.00s Real=0.00s
[2.082s][info][gc,start       ] GC(71) Pause Full (Allocation Failure)
[2.082s][info][gc,phases,start] GC(71) Phase 1: Mark live objects
[2.090s][info][gc,phases      ] GC(71) Phase 1: Mark live objects 8.014ms
[2.090s][info][gc,phases,start] GC(71) Phase 2: Compute new object addresses
[2.094s][info][gc,phases      ] GC(71) Phase 2: Compute new object addresses 4.130ms
[2.094s][info][gc,phases,start] GC(71) Phase 3: Adjust pointers
[2.100s][info][gc,phases      ] GC(71) Phase 3: Adjust pointers 5.526ms
[2.100s][info][gc,phases,start] GC(71) Phase 4: Move objects
[2.126s][info][gc,phases      ] GC(71) Phase 4: Move objects 25.970ms
[2.126s][info][gc,heap        ] GC(71) DefNew: 139704K(157248K)->0K(157248K) Eden: 139704K(139776K)->0K(139776K) From: 0K(17472K)->0K(17472K)
[2.126s][info][gc,heap        ] GC(71) Tenured: 344444K(349568K)->345978K(349568K)
[2.126s][info][gc,metaspace   ] GC(71) Metaspace: 26370K(26688K)->26370K(26688K) NonClass: 23553K(23744K)->23553K(23744K) Class: 2816K(2944K)->2816K(2944K)
[2.126s][info][gc             ] GC(71) Pause Full (Allocation Failure) 472M->337M(494M) 44.024ms
[2.126s][info][gc,cpu         ] GC(71) User=0.05s Sys=0.00s Real=0.05s
[2.133s][info][gc,start       ] GC(72) Pause Young (Allocation Failure)
[2.133s][info][gc             ] GC(72) Pause Young (Allocation Failure) 474M->474M(494M) 0.058ms
[2.133s][info][gc,cpu         ] GC(72) User=0.00s Sys=0.00s Real=0.00s
[2.133s][info][gc,start       ] GC(73) Pause Full (Allocation Failure)
[2.133s][info][gc,phases,start] GC(73) Phase 1: Mark live objects
[2.141s][info][gc,phases      ] GC(73) Phase 1: Mark live objects 8.061ms
[2.141s][info][gc,phases,start] GC(73) Phase 2: Compute new object addresses
[2.145s][info][gc,phases      ] GC(73) Phase 2: Compute new object addresses 3.999ms
[2.145s][info][gc,phases,start] GC(73) Phase 3: Adjust pointers
[2.150s][info][gc,phases      ] GC(73) Phase 3: Adjust pointers 5.229ms
[2.150s][info][gc,phases,start] GC(73) Phase 4: Move objects
[2.177s][info][gc,phases      ] GC(73) Phase 4: Move objects 26.927ms
[2.177s][info][gc,heap        ] GC(73) DefNew: 139727K(157248K)->0K(157248K) Eden: 139727K(139776K)->0K(139776K) From: 0K(17472K)->0K(17472K)
[2.177s][info][gc,heap        ] GC(73) Tenured: 345978K(349568K)->331095K(349568K)
[2.177s][info][gc,metaspace   ] GC(73) Metaspace: 26410K(26688K)->26410K(26688K) NonClass: 23585K(23744K)->23585K(23744K) Class: 2824K(2944K)->2824K(2944K)
[2.177s][info][gc             ] GC(73) Pause Full (Allocation Failure) 474M->323M(494M) 44.545ms
[2.177s][info][gc,cpu         ] GC(73) User=0.05s Sys=0.00s Real=0.05s
[2.185s][info][gc,start       ] GC(74) Pause Young (Allocation Failure)
[2.185s][info][gc             ] GC(74) Pause Young (Allocation Failure) 459M->459M(494M) 0.063ms
[2.185s][info][gc,cpu         ] GC(74) User=0.00s Sys=0.00s Real=0.00s
[2.185s][info][gc,start       ] GC(75) Pause Full (Allocation Failure)
[2.185s][info][gc,phases,start] GC(75) Phase 1: Mark live objects
[2.193s][info][gc,phases      ] GC(75) Phase 1: Mark live objects 8.269ms
[2.193s][info][gc,phases,start] GC(75) Phase 2: Compute new object addresses
[2.197s][info][gc,phases      ] GC(75) Phase 2: Compute new object addresses 3.983ms
[2.197s][info][gc,phases,start] GC(75) Phase 3: Adjust pointers
[2.203s][info][gc,phases      ] GC(75) Phase 3: Adjust pointers 5.731ms
[2.203s][info][gc,phases,start] GC(75) Phase 4: Move objects
[2.230s][info][gc,phases      ] GC(75) Phase 4: Move objects 27.638ms
[2.231s][info][gc,heap        ] GC(75) DefNew: 139632K(157248K)->0K(157248K) Eden: 139632K(139776K)->0K(139776K) From: 0K(17472K)->0K(17472K)
[2.231s][info][gc,heap        ] GC(75) Tenured: 331095K(349568K)->336506K(349568K)
[2.231s][info][gc,metaspace   ] GC(75) Metaspace: 26438K(26752K)->26438K(26752K) NonClass: 23611K(23808K)->23611K(23808K) Class: 2827K(2944K)->2827K(2944K)
[2.231s][info][gc             ] GC(75) Pause Full (Allocation Failure) 459M->328M(494M) 45.966ms
[2.231s][info][gc,cpu         ] GC(75) User=0.04s Sys=0.00s Real=0.04s
[2.238s][info][gc,start       ] GC(76) Pause Young (Allocation Failure)
[2.238s][info][gc             ] GC(76) Pause Young (Allocation Failure) 465M->465M(494M) 0.096ms
[2.238s][info][gc,cpu         ] GC(76) User=0.00s Sys=0.00s Real=0.00s
[2.238s][info][gc,start       ] GC(77) Pause Full (Allocation Failure)
[2.238s][info][gc,phases,start] GC(77) Phase 1: Mark live objects
[2.247s][info][gc,phases      ] GC(77) Phase 1: Mark live objects 8.980ms
[2.247s][info][gc,phases,start] GC(77) Phase 2: Compute new object addresses
[2.251s][info][gc,phases      ] GC(77) Phase 2: Compute new object addresses 4.231ms
[2.251s][info][gc,phases,start] GC(77) Phase 3: Adjust pointers
[2.257s][info][gc,phases      ] GC(77) Phase 3: Adjust pointers 5.394ms
[2.257s][info][gc,phases,start] GC(77) Phase 4: Move objects
[2.279s][info][gc,phases      ] GC(77) Phase 4: Move objects 22.202ms
[2.279s][info][gc,heap        ] GC(77) DefNew: 139776K(157248K)->7195K(157248K) Eden: 139776K(139776K)->7195K(139776K) From: 0K(17472K)->0K(17472K)
[2.279s][info][gc,heap        ] GC(77) Tenured: 336506K(349568K)->349376K(349568K)
[2.279s][info][gc,metaspace   ] GC(77) Metaspace: 26459K(26752K)->26459K(26752K) NonClass: 23631K(23808K)->23631K(23808K) Class: 2827K(2944K)->2827K(2944K)
[2.279s][info][gc             ] GC(77) Pause Full (Allocation Failure) 465M->348M(494M) 41.191ms
[2.279s][info][gc,cpu         ] GC(77) User=0.05s Sys=0.00s Real=0.04s
[2.290s][info][gc,start       ] GC(78) Pause Full (Allocation Failure)
[2.290s][info][gc,phases,start] GC(78) Phase 1: Mark live objects
[2.299s][info][gc,phases      ] GC(78) Phase 1: Mark live objects 9.030ms
[2.299s][info][gc,phases,start] GC(78) Phase 2: Compute new object addresses
[2.304s][info][gc,phases      ] GC(78) Phase 2: Compute new object addresses 4.662ms
[2.304s][info][gc,phases,start] GC(78) Phase 3: Adjust pointers
[2.310s][info][gc,phases      ] GC(78) Phase 3: Adjust pointers 5.929ms
[2.310s][info][gc,phases,start] GC(78) Phase 4: Move objects
[2.338s][info][gc,phases      ] GC(78) Phase 4: Move objects 28.033ms
[2.338s][info][gc,heap        ] GC(78) DefNew: 157067K(157248K)->0K(157248K) Eden: 139776K(139776K)->0K(139776K) From: 17291K(17472K)->0K(17472K)
[2.338s][info][gc,heap        ] GC(78) Tenured: 349376K(349568K)->349409K(349568K)
[2.338s][info][gc,metaspace   ] GC(78) Metaspace: 26465K(26752K)->26465K(26752K) NonClass: 23636K(23808K)->23636K(23808K) Class: 2828K(2944K)->2828K(2944K)
[2.338s][info][gc             ] GC(78) Pause Full (Allocation Failure) 494M->341M(494M) 48.099ms
[2.338s][info][gc,cpu         ] GC(78) User=0.07s Sys=0.00s Real=0.05s
[2.345s][info][gc,start       ] GC(79) Pause Young (Allocation Failure)
[2.345s][info][gc             ] GC(79) Pause Young (Allocation Failure) 477M->477M(494M) 0.069ms
[2.345s][info][gc,cpu         ] GC(79) User=0.00s Sys=0.00s Real=0.00s
[2.345s][info][gc,start       ] GC(80) Pause Full (Allocation Failure)
[2.345s][info][gc,phases,start] GC(80) Phase 1: Mark live objects
[2.354s][info][gc,phases      ] GC(80) Phase 1: Mark live objects 8.807ms
[2.354s][info][gc,phases,start] GC(80) Phase 2: Compute new object addresses
[2.358s][info][gc,phases      ] GC(80) Phase 2: Compute new object addresses 4.160ms
[2.358s][info][gc,phases,start] GC(80) Phase 3: Adjust pointers
[2.364s][info][gc,phases      ] GC(80) Phase 3: Adjust pointers 5.932ms
[2.364s][info][gc,phases,start] GC(80) Phase 4: Move objects
[2.390s][info][gc,phases      ] GC(80) Phase 4: Move objects 26.376ms
[2.391s][info][gc,heap        ] GC(80) DefNew: 139604K(157248K)->21625K(157248K) Eden: 139604K(139776K)->21625K(139776K) From: 0K(17472K)->0K(17472K)
[2.391s][info][gc,heap        ] GC(80) Tenured: 349409K(349568K)->349342K(349568K)
[2.391s][info][gc,metaspace   ] GC(80) Metaspace: 26508K(26816K)->26508K(26816K) NonClass: 23674K(23872K)->23674K(23872K) Class: 2833K(2944K)->2833K(2944K)
[2.391s][info][gc             ] GC(80) Pause Full (Allocation Failure) 477M->362M(494M) 45.670ms
[2.391s][info][gc,cpu         ] GC(80) User=0.05s Sys=0.00s Real=0.04s
[2.415s][info][gc,start       ] GC(81) Pause Full (Allocation Failure)
[2.415s][info][gc,phases,start] GC(81) Phase 1: Mark live objects
[2.424s][info][gc,phases      ] GC(81) Phase 1: Mark live objects 9.310ms
[2.424s][info][gc,phases,start] GC(81) Phase 2: Compute new object addresses
[2.429s][info][gc,phases      ] GC(81) Phase 2: Compute new object addresses 4.948ms
[2.429s][info][gc,phases,start] GC(81) Phase 3: Adjust pointers
[2.435s][info][gc,phases      ] GC(81) Phase 3: Adjust pointers 6.064ms
[2.435s][info][gc,phases,start] GC(81) Phase 4: Move objects
[2.465s][info][gc,phases      ] GC(81) Phase 4: Move objects 29.334ms
[2.465s][info][gc,heap        ] GC(81) DefNew: 157132K(157248K)->0K(157248K) Eden: 139776K(139776K)->0K(139776K) From: 17356K(17472K)->0K(17472K)
[2.465s][info][gc,heap        ] GC(81) Tenured: 349342K(349568K)->339733K(349568K)
[2.465s][info][gc,metaspace   ] GC(81) Metaspace: 26624K(26880K)->26624K(26880K) NonClass: 23774K(23936K)->23774K(23936K) Class: 2849K(2944K)->2849K(2944K)
[2.465s][info][gc             ] GC(81) Pause Full (Allocation Failure) 494M->331M(494M) 50.190ms
[2.465s][info][gc,cpu         ] GC(81) User=0.07s Sys=0.00s Real=0.06s
[2.472s][info][gc,start       ] GC(82) Pause Young (Allocation Failure)
[2.472s][info][gc             ] GC(82) Pause Young (Allocation Failure) 468M->468M(494M) 0.063ms
[2.472s][info][gc,cpu         ] GC(82) User=0.00s Sys=0.00s Real=0.00s
[2.472s][info][gc,start       ] GC(83) Pause Full (Allocation Failure)
[2.472s][info][gc,phases,start] GC(83) Phase 1: Mark live objects
[2.481s][info][gc,phases      ] GC(83) Phase 1: Mark live objects 8.535ms
[2.481s][info][gc,phases,start] GC(83) Phase 2: Compute new object addresses
[2.485s][info][gc,phases      ] GC(83) Phase 2: Compute new object addresses 4.191ms
[2.485s][info][gc,phases,start] GC(83) Phase 3: Adjust pointers
[2.491s][info][gc,phases      ] GC(83) Phase 3: Adjust pointers 5.479ms
[2.491s][info][gc,phases,start] GC(83) Phase 4: Move objects
[2.493s][info][gc,phases      ] GC(83) Phase 4: Move objects 2.644ms
[2.493s][info][gc,heap        ] GC(83) DefNew: 140106K(157248K)->12868K(157248K) Eden: 139776K(139776K)->12868K(139776K) From: 330K(17472K)->0K(17472K)
[2.493s][info][gc,heap        ] GC(83) Tenured: 339733K(349568K)->349512K(349568K)
[2.493s][info][gc,metaspace   ] GC(83) Metaspace: 26643K(26880K)->26643K(26880K) NonClass: 23788K(23936K)->23788K(23936K) Class: 2854K(2944K)->2854K(2944K)
[2.493s][info][gc             ] GC(83) Pause Full (Allocation Failure) 468M->353M(494M) 21.166ms
[2.493s][info][gc,cpu         ] GC(83) User=0.02s Sys=0.00s Real=0.02s
[2.500s][info][gc,start       ] GC(84) Pause Full (Allocation Failure)
[2.500s][info][gc,phases,start] GC(84) Phase 1: Mark live objects
[2.509s][info][gc,phases      ] GC(84) Phase 1: Mark live objects 8.503ms
[2.509s][info][gc,phases,start] GC(84) Phase 2: Compute new object addresses
[2.513s][info][gc,phases      ] GC(84) Phase 2: Compute new object addresses 4.082ms
[2.513s][info][gc,phases,start] GC(84) Phase 3: Adjust pointers
[2.519s][info][gc,phases      ] GC(84) Phase 3: Adjust pointers 6.000ms
[2.519s][info][gc,phases,start] GC(84) Phase 4: Move objects
[2.547s][info][gc,phases      ] GC(84) Phase 4: Move objects 27.861ms
[2.547s][info][gc,heap        ] GC(84) DefNew: 157030K(157248K)->15945K(157248K) Eden: 139776K(139776K)->15945K(139776K) From: 17254K(17472K)->0K(17472K)
[2.547s][info][gc,heap        ] GC(84) Tenured: 349512K(349568K)->349513K(349568K)
[2.547s][info][gc,metaspace   ] GC(84) Metaspace: 26655K(26880K)->26655K(26880K) NonClass: 23800K(23936K)->23800K(23936K) Class: 2855K(2944K)->2855K(2944K)
[2.547s][info][gc             ] GC(84) Pause Full (Allocation Failure) 494M->356M(494M) 46.861ms
[2.547s][info][gc,cpu         ] GC(84) User=0.05s Sys=0.00s Real=0.05s
[2.558s][info][gc,start       ] GC(85) Pause Full (Allocation Failure)
[2.558s][info][gc,phases,start] GC(85) Phase 1: Mark live objects
[2.567s][info][gc,phases      ] GC(85) Phase 1: Mark live objects 8.469ms
[2.567s][info][gc,phases,start] GC(85) Phase 2: Compute new object addresses
[2.571s][info][gc,phases      ] GC(85) Phase 2: Compute new object addresses 4.330ms
[2.571s][info][gc,phases,start] GC(85) Phase 3: Adjust pointers
[2.577s][info][gc,phases      ] GC(85) Phase 3: Adjust pointers 6.021ms
[2.577s][info][gc,phases,start] GC(85) Phase 4: Move objects
[2.607s][info][gc,phases      ] GC(85) Phase 4: Move objects 30.133ms
[2.607s][info][gc,heap        ] GC(85) DefNew: 156827K(157248K)->11585K(157248K) Eden: 139776K(139776K)->11585K(139776K) From: 17051K(17472K)->0K(17472K)
[2.607s][info][gc,heap        ] GC(85) Tenured: 349513K(349568K)->349551K(349568K)
[2.607s][info][gc,metaspace   ] GC(85) Metaspace: 26679K(27008K)->26679K(27008K) NonClass: 23820K(24000K)->23820K(24000K) Class: 2858K(3008K)->2858K(3008K)
[2.607s][info][gc             ] GC(85) Pause Full (Allocation Failure) 494M->352M(494M) 49.390ms
[2.607s][info][gc,cpu         ] GC(85) User=0.11s Sys=0.00s Real=0.05s
[2.620s][info][gc,start       ] GC(86) Pause Full (Allocation Failure)
[2.621s][info][gc,phases,start] GC(86) Phase 1: Mark live objects
[2.629s][info][gc,phases      ] GC(86) Phase 1: Mark live objects 8.897ms
[2.629s][info][gc,phases,start] GC(86) Phase 2: Compute new object addresses
[2.634s][info][gc,phases      ] GC(86) Phase 2: Compute new object addresses 4.467ms
[2.634s][info][gc,phases,start] GC(86) Phase 3: Adjust pointers
[2.640s][info][gc,phases      ] GC(86) Phase 3: Adjust pointers 6.253ms
[2.640s][info][gc,phases,start] GC(86) Phase 4: Move objects
[2.671s][info][gc,phases      ] GC(86) Phase 4: Move objects 30.463ms
[2.671s][info][gc,heap        ] GC(86) DefNew: 157177K(157248K)->0K(157248K) Eden: 139776K(139776K)->0K(139776K) From: 17401K(17472K)->0K(17472K)
[2.671s][info][gc,heap        ] GC(86) Tenured: 349551K(349568K)->347539K(349568K)
[2.671s][info][gc,metaspace   ] GC(86) Metaspace: 26710K(27008K)->26710K(27008K) NonClass: 23847K(24000K)->23847K(24000K) Class: 2862K(3008K)->2862K(3008K)
[2.671s][info][gc             ] GC(86) Pause Full (Allocation Failure) 494M->339M(494M) 50.540ms
[2.671s][info][gc,cpu         ] GC(86) User=0.06s Sys=0.00s Real=0.05s
[2.678s][info][gc,start       ] GC(87) Pause Young (Allocation Failure)
[2.678s][info][gc             ] GC(87) Pause Young (Allocation Failure) 475M->475M(494M) 0.070ms
[2.678s][info][gc,cpu         ] GC(87) User=0.00s Sys=0.00s Real=0.00s
[2.678s][info][gc,start       ] GC(88) Pause Full (Allocation Failure)
[2.678s][info][gc,phases,start] GC(88) Phase 1: Mark live objects
[2.686s][info][gc,phases      ] GC(88) Phase 1: Mark live objects 8.521ms
[2.687s][info][gc,phases,start] GC(88) Phase 2: Compute new object addresses
[2.691s][info][gc,phases      ] GC(88) Phase 2: Compute new object addresses 4.106ms
[2.691s][info][gc,phases,start] GC(88) Phase 3: Adjust pointers
[2.696s][info][gc,phases      ] GC(88) Phase 3: Adjust pointers 5.503ms
[2.696s][info][gc,phases,start] GC(88) Phase 4: Move objects
[2.699s][info][gc,phases      ] GC(88) Phase 4: Move objects 2.369ms
[2.699s][info][gc,heap        ] GC(88) DefNew: 139776K(157248K)->20341K(157248K) Eden: 139776K(139776K)->20341K(139776K) From: 0K(17472K)->0K(17472K)
[2.699s][info][gc,heap        ] GC(88) Tenured: 347539K(349568K)->349342K(349568K)
[2.699s][info][gc,metaspace   ] GC(88) Metaspace: 26729K(27008K)->26729K(27008K) NonClass: 23864K(24000K)->23864K(24000K) Class: 2865K(3008K)->2865K(3008K)
[2.699s][info][gc             ] GC(88) Pause Full (Allocation Failure) 475M->361M(494M) 20.815ms
[2.699s][info][gc,cpu         ] GC(88) User=0.03s Sys=0.00s Real=0.02s
[2.708s][info][gc,start       ] GC(89) Pause Full (Allocation Failure)
[2.708s][info][gc,phases,start] GC(89) Phase 1: Mark live objects
[2.716s][info][gc,phases      ] GC(89) Phase 1: Mark live objects 8.590ms
[2.716s][info][gc,phases,start] GC(89) Phase 2: Compute new object addresses
[2.721s][info][gc,phases      ] GC(89) Phase 2: Compute new object addresses 4.175ms
[2.721s][info][gc,phases,start] GC(89) Phase 3: Adjust pointers
[2.726s][info][gc,phases      ] GC(89) Phase 3: Adjust pointers 5.438ms
[2.726s][info][gc,phases,start] GC(89) Phase 4: Move objects
[2.753s][info][gc,phases      ] GC(89) Phase 4: Move objects 27.359ms
[2.754s][info][gc,heap        ] GC(89) DefNew: 157052K(157248K)->19586K(157248K) Eden: 139776K(139776K)->19586K(139776K) From: 17276K(17472K)->0K(17472K)
[2.754s][info][gc,heap        ] GC(89) Tenured: 349342K(349568K)->349565K(349568K)
[2.754s][info][gc,metaspace   ] GC(89) Metaspace: 26751K(27072K)->26751K(27072K) NonClass: 23884K(24064K)->23884K(24064K) Class: 2867K(3008K)->2867K(3008K)
[2.754s][info][gc             ] GC(89) Pause Full (Allocation Failure) 494M->360M(494M) 46.061ms
[2.754s][info][gc,cpu         ] GC(89) User=0.06s Sys=0.00s Real=0.04s
[2.764s][info][gc,start       ] GC(90) Pause Full (Allocation Failure)
[2.764s][info][gc,phases,start] GC(90) Phase 1: Mark live objects
[2.774s][info][gc,phases      ] GC(90) Phase 1: Mark live objects 9.221ms
[2.774s][info][gc,phases,start] GC(90) Phase 2: Compute new object addresses
[2.778s][info][gc,phases      ] GC(90) Phase 2: Compute new object addresses 4.337ms
[2.778s][info][gc,phases,start] GC(90) Phase 3: Adjust pointers
[2.785s][info][gc,phases      ] GC(90) Phase 3: Adjust pointers 6.964ms
[2.785s][info][gc,phases,start] GC(90) Phase 4: Move objects
[2.816s][info][gc,phases      ] GC(90) Phase 4: Move objects 30.809ms
[2.816s][info][gc,heap        ] GC(90) DefNew: 157247K(157248K)->25984K(157248K) Eden: 139776K(139776K)->25984K(139776K) From: 17471K(17472K)->0K(17472K)
[2.816s][info][gc,heap        ] GC(90) Tenured: 349565K(349568K)->349343K(349568K)
[2.816s][info][gc,metaspace   ] GC(90) Metaspace: 26751K(27072K)->26751K(27072K) NonClass: 23884K(24064K)->23884K(24064K) Class: 2867K(3008K)->2867K(3008K)
[2.816s][info][gc             ] GC(90) Pause Full (Allocation Failure) 494M->366M(494M) 51.787ms
[2.816s][info][gc,cpu         ] GC(90) User=0.13s Sys=0.00s Real=0.05s
[2.829s][info][gc,start       ] GC(91) Pause Full (Allocation Failure)
[2.829s][info][gc,phases,start] GC(91) Phase 1: Mark live objects
[2.837s][info][gc,phases      ] GC(91) Phase 1: Mark live objects 8.561ms
[2.838s][info][gc,phases,start] GC(91) Phase 2: Compute new object addresses
[2.842s][info][gc,phases      ] GC(91) Phase 2: Compute new object addresses 3.968ms
[2.842s][info][gc,phases,start] GC(91) Phase 3: Adjust pointers
[2.847s][info][gc,phases      ] GC(91) Phase 3: Adjust pointers 5.578ms
[2.847s][info][gc,phases,start] GC(91) Phase 4: Move objects
[2.877s][info][gc,phases      ] GC(91) Phase 4: Move objects 30.179ms
[2.878s][info][gc,heap        ] GC(91) DefNew: 157247K(157248K)->5126K(157248K) Eden: 139776K(139776K)->5126K(139776K) From: 17471K(17472K)->0K(17472K)
[2.878s][info][gc,heap        ] GC(91) Tenured: 349371K(349568K)->349436K(349568K)
[2.878s][info][gc,metaspace   ] GC(91) Metaspace: 26771K(27072K)->26771K(27072K) NonClass: 23899K(24064K)->23899K(24064K) Class: 2871K(3008K)->2871K(3008K)
[2.878s][info][gc             ] GC(91) Pause Full (Allocation Failure) 494M->346M(494M) 48.781ms
[2.878s][info][gc,cpu         ] GC(91) User=0.06s Sys=0.01s Real=0.05s
[2.897s][info][gc,start       ] GC(92) Pause Full (Allocation Failure)
[2.897s][info][gc,phases,start] GC(92) Phase 1: Mark live objects
[2.906s][info][gc,phases      ] GC(92) Phase 1: Mark live objects 9.059ms
[2.906s][info][gc,phases,start] GC(92) Phase 2: Compute new object addresses
[2.910s][info][gc,phases      ] GC(92) Phase 2: Compute new object addresses 4.470ms
[2.910s][info][gc,phases,start] GC(92) Phase 3: Adjust pointers
[2.916s][info][gc,phases      ] GC(92) Phase 3: Adjust pointers 5.487ms
[2.916s][info][gc,phases,start] GC(92) Phase 4: Move objects
[2.940s][info][gc,phases      ] GC(92) Phase 4: Move objects 24.256ms
[2.940s][info][gc,heap        ] GC(92) DefNew: 157141K(157248K)->18033K(157248K) Eden: 139776K(139776K)->18033K(139776K) From: 17365K(17472K)->0K(17472K)
[2.940s][info][gc,heap        ] GC(92) Tenured: 349436K(349568K)->349410K(349568K)
[2.940s][info][gc,metaspace   ] GC(92) Metaspace: 26876K(27136K)->26876K(27136K) NonClass: 23994K(24128K)->23994K(24128K) Class: 2882K(3008K)->2882K(3008K)
[2.940s][info][gc             ] GC(92) Pause Full (Allocation Failure) 494M->358M(494M) 43.768ms
[2.940s][info][gc,cpu         ] GC(92) User=0.06s Sys=0.00s Real=0.04s
[2.951s][info][gc,start       ] GC(93) Pause Full (Allocation Failure)
[2.951s][info][gc,phases,start] GC(93) Phase 1: Mark live objects
[2.961s][info][gc,phases      ] GC(93) Phase 1: Mark live objects 9.228ms
[2.961s][info][gc,phases,start] GC(93) Phase 2: Compute new object addresses
[2.965s][info][gc,phases      ] GC(93) Phase 2: Compute new object addresses 3.995ms
[2.965s][info][gc,phases,start] GC(93) Phase 3: Adjust pointers
[2.970s][info][gc,phases      ] GC(93) Phase 3: Adjust pointers 5.412ms
[2.970s][info][gc,phases,start] GC(93) Phase 4: Move objects
[2.997s][info][gc,phases      ] GC(93) Phase 4: Move objects 27.202ms
[2.998s][info][gc,heap        ] GC(93) DefNew: 156285K(157248K)->15467K(157248K) Eden: 139776K(139776K)->15467K(139776K) From: 16509K(17472K)->0K(17472K)
[2.998s][info][gc,heap        ] GC(93) Tenured: 349410K(349568K)->349480K(349568K)
[2.998s][info][gc,metaspace   ] GC(93) Metaspace: 26966K(27264K)->26966K(27264K) NonClass: 24071K(24256K)->24071K(24256K) Class: 2895K(3008K)->2895K(3008K)
[2.998s][info][gc             ] GC(93) Pause Full (Allocation Failure) 493M->356M(494M) 46.295ms
[2.998s][info][gc,cpu         ] GC(93) User=0.05s Sys=0.00s Real=0.05s
[3.008s][info][gc,start       ] GC(94) Pause Full (Allocation Failure)
[3.008s][info][gc,phases,start] GC(94) Phase 1: Mark live objects
[3.018s][info][gc,phases      ] GC(94) Phase 1: Mark live objects 9.699ms
[3.018s][info][gc,phases,start] GC(94) Phase 2: Compute new object addresses
[3.022s][info][gc,phases      ] GC(94) Phase 2: Compute new object addresses 4.181ms
[3.022s][info][gc,phases,start] GC(94) Phase 3: Adjust pointers
[3.028s][info][gc,phases      ] GC(94) Phase 3: Adjust pointers 5.758ms
[3.028s][info][gc,phases,start] GC(94) Phase 4: Move objects
[3.056s][info][gc,phases      ] GC(94) Phase 4: Move objects 27.385ms
[3.056s][info][gc,heap        ] GC(94) DefNew: 156466K(157248K)->19069K(157248K) Eden: 139776K(139776K)->19069K(139776K) From: 16690K(17472K)->0K(17472K)
[3.056s][info][gc,heap        ] GC(94) Tenured: 349480K(349568K)->349485K(349568K)
[3.056s][info][gc,metaspace   ] GC(94) Metaspace: 26986K(27264K)->26986K(27264K) NonClass: 24089K(24256K)->24089K(24256K) Class: 2897K(3008K)->2897K(3008K)
[3.056s][info][gc             ] GC(94) Pause Full (Allocation Failure) 494M->359M(494M) 47.485ms
[3.056s][info][gc,cpu         ] GC(94) User=0.08s Sys=0.00s Real=0.05s
[3.066s][info][gc,start       ] GC(95) Pause Full (Allocation Failure)
[3.067s][info][gc,phases,start] GC(95) Phase 1: Mark live objects
[3.076s][info][gc,phases      ] GC(95) Phase 1: Mark live objects 9.473ms
[3.076s][info][gc,phases,start] GC(95) Phase 2: Compute new object addresses
[3.080s][info][gc,phases      ] GC(95) Phase 2: Compute new object addresses 4.340ms
[3.080s][info][gc,phases,start] GC(95) Phase 3: Adjust pointers
[3.087s][info][gc,phases      ] GC(95) Phase 3: Adjust pointers 6.202ms
[3.087s][info][gc,phases,start] GC(95) Phase 4: Move objects
[3.116s][info][gc,phases      ] GC(95) Phase 4: Move objects 29.264ms
[3.116s][info][gc,heap        ] GC(95) DefNew: 156574K(157248K)->0K(157248K) Eden: 139776K(139776K)->0K(139776K) From: 16798K(17472K)->0K(17472K)
[3.116s][info][gc,heap        ] GC(95) Tenured: 349485K(349568K)->349221K(349568K)
[3.116s][info][gc,metaspace   ] GC(95) Metaspace: 27019K(27264K)->27019K(27264K) NonClass: 24120K(24256K)->24120K(24256K) Class: 2899K(3008K)->2899K(3008K)
[3.116s][info][gc             ] GC(95) Pause Full (Allocation Failure) 494M->341M(494M) 49.928ms
[3.116s][info][gc,cpu         ] GC(95) User=0.10s Sys=0.00s Real=0.05s
[3.124s][info][gc,start       ] GC(96) Pause Young (Allocation Failure)
[3.124s][info][gc             ] GC(96) Pause Young (Allocation Failure) 477M->477M(494M) 0.071ms
[3.124s][info][gc,cpu         ] GC(96) User=0.00s Sys=0.00s Real=0.00s
[3.124s][info][gc,start       ] GC(97) Pause Full (Allocation Failure)
[3.124s][info][gc,phases,start] GC(97) Phase 1: Mark live objects
[3.133s][info][gc,phases      ] GC(97) Phase 1: Mark live objects 9.534ms
[3.133s][info][gc,phases,start] GC(97) Phase 2: Compute new object addresses
[3.137s][info][gc,phases      ] GC(97) Phase 2: Compute new object addresses 4.260ms
[3.138s][info][gc,phases,start] GC(97) Phase 3: Adjust pointers
[3.143s][info][gc,phases      ] GC(97) Phase 3: Adjust pointers 5.939ms
[3.144s][info][gc,phases,start] GC(97) Phase 4: Move objects
[3.148s][info][gc,phases      ] GC(97) Phase 4: Move objects 4.134ms
[3.148s][info][gc,heap        ] GC(97) DefNew: 139776K(157248K)->25846K(157248K) Eden: 139776K(139776K)->25846K(139776K) From: 0K(17472K)->0K(17472K)
[3.148s][info][gc,heap        ] GC(97) Tenured: 349221K(349568K)->348635K(349568K)
[3.148s][info][gc,metaspace   ] GC(97) Metaspace: 27044K(27328K)->27044K(27328K) NonClass: 24144K(24320K)->24144K(24320K) Class: 2900K(3008K)->2900K(3008K)
[3.148s][info][gc             ] GC(97) Pause Full (Allocation Failure) 477M->365M(494M) 24.337ms
[3.148s][info][gc,cpu         ] GC(97) User=0.07s Sys=0.00s Real=0.03s
[3.159s][info][gc,start       ] GC(98) Pause Full (Allocation Failure)
[3.159s][info][gc,phases,start] GC(98) Phase 1: Mark live objects
[3.168s][info][gc,phases      ] GC(98) Phase 1: Mark live objects 9.278ms
[3.168s][info][gc,phases,start] GC(98) Phase 2: Compute new object addresses
[3.173s][info][gc,phases      ] GC(98) Phase 2: Compute new object addresses 4.505ms
[3.173s][info][gc,phases,start] GC(98) Phase 3: Adjust pointers
[3.178s][info][gc,phases      ] GC(98) Phase 3: Adjust pointers 5.835ms
[3.178s][info][gc,phases,start] GC(98) Phase 4: Move objects
[3.206s][info][gc,phases      ] GC(98) Phase 4: Move objects 27.612ms
[3.206s][info][gc,heap        ] GC(98) DefNew: 157152K(157248K)->19193K(157248K) Eden: 139776K(139776K)->19193K(139776K) From: 17376K(17472K)->0K(17472K)
[3.206s][info][gc,heap        ] GC(98) Tenured: 348635K(349568K)->349324K(349568K)
[3.206s][info][gc,metaspace   ] GC(98) Metaspace: 27089K(27328K)->27089K(27328K) NonClass: 24188K(24320K)->24188K(24320K) Class: 2900K(3008K)->2900K(3008K)
[3.206s][info][gc             ] GC(98) Pause Full (Allocation Failure) 493M->359M(494M) 47.687ms
[3.206s][info][gc,cpu         ] GC(98) User=0.07s Sys=0.00s Real=0.05s
[3.213s][info][gc,start       ] GC(99) Pause Full (Allocation Failure)
[3.214s][info][gc,phases,start] GC(99) Phase 1: Mark live objects
[3.223s][info][gc,phases      ] GC(99) Phase 1: Mark live objects 9.234ms
[3.223s][info][gc,phases,start] GC(99) Phase 2: Compute new object addresses
[3.227s][info][gc,phases      ] GC(99) Phase 2: Compute new object addresses 4.312ms
[3.227s][info][gc,phases,start] GC(99) Phase 3: Adjust pointers
[3.233s][info][gc,phases      ] GC(99) Phase 3: Adjust pointers 6.159ms
[3.233s][info][gc,phases,start] GC(99) Phase 4: Move objects
[3.261s][info][gc,phases      ] GC(99) Phase 4: Move objects 27.756ms
[3.261s][info][gc,heap        ] GC(99) DefNew: 157248K(157248K)->23395K(157248K) Eden: 139776K(139776K)->23395K(139776K) From: 17472K(17472K)->0K(17472K)
[3.261s][info][gc,heap        ] GC(99) Tenured: 349326K(349568K)->348638K(349568K)
[3.261s][info][gc,metaspace   ] GC(99) Metaspace: 27127K(27392K)->27127K(27392K) NonClass: 24225K(24384K)->24225K(24384K) Class: 2902K(3008K)->2902K(3008K)
[3.261s][info][gc             ] GC(99) Pause Full (Allocation Failure) 494M->363M(494M) 47.931ms
[3.261s][info][gc,cpu         ] GC(99) User=0.05s Sys=0.00s Real=0.05s
[3.273s][info][gc,start       ] GC(100) Pause Full (Allocation Failure)
[3.273s][info][gc,phases,start] GC(100) Phase 1: Mark live objects
[3.281s][info][gc,phases      ] GC(100) Phase 1: Mark live objects 8.693ms
[3.282s][info][gc,phases,start] GC(100) Phase 2: Compute new object addresses
[3.286s][info][gc,phases      ] GC(100) Phase 2: Compute new object addresses 4.357ms
[3.286s][info][gc,phases,start] GC(100) Phase 3: Adjust pointers
[3.292s][info][gc,phases      ] GC(100) Phase 3: Adjust pointers 6.287ms
[3.292s][info][gc,phases,start] GC(100) Phase 4: Move objects
[3.323s][info][gc,phases      ] GC(100) Phase 4: Move objects 30.901ms
[3.323s][info][gc,heap        ] GC(100) DefNew: 156298K(157248K)->4138K(157248K) Eden: 139776K(139776K)->4138K(139776K) From: 16522K(17472K)->0K(17472K)
[3.323s][info][gc,heap        ] GC(100) Tenured: 348638K(349568K)->349561K(349568K)
[3.323s][info][gc,metaspace   ] GC(100) Metaspace: 27150K(27392K)->27150K(27392K) NonClass: 24248K(24384K)->24248K(24384K) Class: 2902K(3008K)->2902K(3008K)
[3.323s][info][gc             ] GC(100) Pause Full (Allocation Failure) 493M->345M(494M) 50.651ms
[3.323s][info][gc,cpu         ] GC(100) User=0.06s Sys=0.00s Real=0.05s
[3.334s][info][gc,start       ] GC(101) Pause Full (Allocation Failure)
[3.334s][info][gc,phases,start] GC(101) Phase 1: Mark live objects
[3.343s][info][gc,phases      ] GC(101) Phase 1: Mark live objects 8.979ms
[3.343s][info][gc,phases,start] GC(101) Phase 2: Compute new object addresses
[3.348s][info][gc,phases      ] GC(101) Phase 2: Compute new object addresses 4.522ms
[3.348s][info][gc,phases,start] GC(101) Phase 3: Adjust pointers
[3.354s][info][gc,phases      ] GC(101) Phase 3: Adjust pointers 6.322ms
[3.354s][info][gc,phases,start] GC(101) Phase 4: Move objects
[3.378s][info][gc,phases      ] GC(101) Phase 4: Move objects 23.860ms
[3.378s][info][gc,heap        ] GC(101) DefNew: 156790K(157248K)->23023K(157248K) Eden: 139776K(139776K)->23023K(139776K) From: 17014K(17472K)->0K(17472K)
[3.378s][info][gc,heap        ] GC(101) Tenured: 349561K(349568K)->349374K(349568K)
[3.378s][info][gc,metaspace   ] GC(101) Metaspace: 27160K(27392K)->27160K(27392K) NonClass: 24256K(24384K)->24256K(24384K) Class: 2904K(3008K)->2904K(3008K)
[3.378s][info][gc             ] GC(101) Pause Full (Allocation Failure) 494M->363M(494M) 44.194ms
[3.378s][info][gc,cpu         ] GC(101) User=0.05s Sys=0.00s Real=0.05s
[3.386s][info][gc,start       ] GC(102) Pause Full (Allocation Failure)
[3.386s][info][gc,phases,start] GC(102) Phase 1: Mark live objects
[3.396s][info][gc,phases      ] GC(102) Phase 1: Mark live objects 10.520ms
[3.396s][info][gc,phases,start] GC(102) Phase 2: Compute new object addresses
[3.401s][info][gc,phases      ] GC(102) Phase 2: Compute new object addresses 4.618ms
[3.401s][info][gc,phases,start] GC(102) Phase 3: Adjust pointers
[3.408s][info][gc,phases      ] GC(102) Phase 3: Adjust pointers 6.646ms
[3.408s][info][gc,phases,start] GC(102) Phase 4: Move objects
[3.439s][info][gc,phases      ] GC(102) Phase 4: Move objects 31.273ms
[3.439s][info][gc,heap        ] GC(102) DefNew: 157139K(157248K)->34939K(157248K) Eden: 139776K(139776K)->34939K(139776K) From: 17363K(17472K)->0K(17472K)
[3.439s][info][gc,heap        ] GC(102) Tenured: 349374K(349568K)->349167K(349568K)
[3.439s][info][gc,metaspace   ] GC(102) Metaspace: 27222K(27456K)->27222K(27456K) NonClass: 24316K(24448K)->24316K(24448K) Class: 2905K(3008K)->2905K(3008K)
[3.439s][info][gc             ] GC(102) Pause Full (Allocation Failure) 494M->375M(494M) 53.627ms
[3.439s][info][gc,cpu         ] GC(102) User=0.06s Sys=0.00s Real=0.05s
[3.449s][info][gc,start       ] GC(103) Pause Full (Allocation Failure)
[3.449s][info][gc,phases,start] GC(103) Phase 1: Mark live objects
[3.458s][info][gc,phases      ] GC(103) Phase 1: Mark live objects 9.126ms
[3.458s][info][gc,phases,start] GC(103) Phase 2: Compute new object addresses
[3.463s][info][gc,phases      ] GC(103) Phase 2: Compute new object addresses 4.231ms
[3.463s][info][gc,phases,start] GC(103) Phase 3: Adjust pointers
[3.469s][info][gc,phases      ] GC(103) Phase 3: Adjust pointers 6.386ms
[3.469s][info][gc,phases,start] GC(103) Phase 4: Move objects
[3.498s][info][gc,phases      ] GC(103) Phase 4: Move objects 28.780ms
[3.498s][info][gc,heap        ] GC(103) DefNew: 157115K(157248K)->33193K(157248K) Eden: 139776K(139776K)->33193K(139776K) From: 17339K(17472K)->0K(17472K)
[3.498s][info][gc,heap        ] GC(103) Tenured: 349423K(349568K)->349398K(349568K)
[3.498s][info][gc,metaspace   ] GC(103) Metaspace: 27228K(27456K)->27228K(27456K) NonClass: 24320K(24448K)->24320K(24448K) Class: 2907K(3008K)->2907K(3008K)
[3.498s][info][gc             ] GC(103) Pause Full (Allocation Failure) 494M->373M(494M) 49.068ms
[3.498s][info][gc,cpu         ] GC(103) User=0.05s Sys=0.00s Real=0.05s
[3.507s][info][gc,start       ] GC(104) Pause Full (Allocation Failure)
[3.507s][info][gc,phases,start] GC(104) Phase 1: Mark live objects
[3.517s][info][gc,phases      ] GC(104) Phase 1: Mark live objects 9.682ms
[3.517s][info][gc,phases,start] GC(104) Phase 2: Compute new object addresses
[3.521s][info][gc,phases      ] GC(104) Phase 2: Compute new object addresses 4.238ms
[3.521s][info][gc,phases,start] GC(104) Phase 3: Adjust pointers
[3.528s][info][gc,phases      ] GC(104) Phase 3: Adjust pointers 6.256ms
[3.528s][info][gc,phases,start] GC(104) Phase 4: Move objects
[3.559s][info][gc,phases      ] GC(104) Phase 4: Move objects 31.741ms
[3.560s][info][gc,heap        ] GC(104) DefNew: 156913K(157248K)->17416K(157248K) Eden: 139776K(139776K)->17416K(139776K) From: 17137K(17472K)->0K(17472K)
[3.560s][info][gc,heap        ] GC(104) Tenured: 349398K(349568K)->349460K(349568K)
[3.560s][info][gc,metaspace   ] GC(104) Metaspace: 27228K(27456K)->27228K(27456K) NonClass: 24320K(24448K)->24320K(24448K) Class: 2907K(3008K)->2907K(3008K)
[3.560s][info][gc             ] GC(104) Pause Full (Allocation Failure) 494M->358M(494M) 52.345ms
[3.560s][info][gc,cpu         ] GC(104) User=0.10s Sys=0.00s Real=0.05s
[3.573s][info][gc,start       ] GC(105) Pause Full (Allocation Failure)
[3.573s][info][gc,phases,start] GC(105) Phase 1: Mark live objects
[3.582s][info][gc,phases      ] GC(105) Phase 1: Mark live objects 8.857ms
[3.582s][info][gc,phases,start] GC(105) Phase 2: Compute new object addresses
[3.586s][info][gc,phases      ] GC(105) Phase 2: Compute new object addresses 4.592ms
[3.586s][info][gc,phases,start] GC(105) Phase 3: Adjust pointers
[3.592s][info][gc,phases      ] GC(105) Phase 3: Adjust pointers 6.115ms
[3.592s][info][gc,phases,start] GC(105) Phase 4: Move objects
[3.617s][info][gc,phases      ] GC(105) Phase 4: Move objects 24.883ms
[3.618s][info][gc,heap        ] GC(105) DefNew: 157229K(157248K)->31666K(157248K) Eden: 139776K(139776K)->31666K(139776K) From: 17453K(17472K)->0K(17472K)
[3.618s][info][gc,heap        ] GC(105) Tenured: 349460K(349568K)->349401K(349568K)
[3.618s][info][gc,metaspace   ] GC(105) Metaspace: 27302K(27520K)->27302K(27520K) NonClass: 24391K(24512K)->24391K(24512K) Class: 2910K(3008K)->2910K(3008K)
[3.618s][info][gc             ] GC(105) Pause Full (Allocation Failure) 494M->372M(494M) 44.925ms
[3.618s][info][gc,cpu         ] GC(105) User=0.07s Sys=0.00s Real=0.05s
[3.675s][info][gc,start       ] GC(106) Pause Full (Allocation Failure)
[3.675s][info][gc,phases,start] GC(106) Phase 1: Mark live objects
[3.682s][info][gc,phases      ] GC(106) Phase 1: Mark live objects 7.106ms
[3.682s][info][gc,phases,start] GC(106) Phase 2: Compute new object addresses
[3.686s][info][gc,phases      ] GC(106) Phase 2: Compute new object addresses 3.871ms
[3.686s][info][gc,phases,start] GC(106) Phase 3: Adjust pointers
[3.690s][info][gc,phases      ] GC(106) Phase 3: Adjust pointers 4.131ms
[3.691s][info][gc,phases,start] GC(106) Phase 4: Move objects
[3.718s][info][gc,phases      ] GC(106) Phase 4: Move objects 26.978ms
[3.718s][info][gc,heap        ] GC(106) DefNew: 156969K(157248K)->17834K(157248K) Eden: 139776K(139776K)->17834K(139776K) From: 17193K(17472K)->0K(17472K)
[3.719s][info][gc,heap        ] GC(106) Tenured: 349401K(349568K)->349403K(349568K)
[3.719s][info][gc,metaspace   ] GC(106) Metaspace: 27356K(27584K)->27356K(27584K) NonClass: 24433K(24576K)->24433K(24576K) Class: 2922K(3008K)->2922K(3008K)
[3.719s][info][gc             ] GC(106) Pause Full (Allocation Failure) 494M->358M(494M) 43.315ms
[3.719s][info][gc,cpu         ] GC(106) User=0.07s Sys=0.00s Real=0.05s
[3.752s][info][gc,start       ] GC(107) Pause Full (Allocation Failure)
[3.752s][info][gc,phases,start] GC(107) Phase 1: Mark live objects
[3.759s][info][gc,phases      ] GC(107) Phase 1: Mark live objects 6.982ms
[3.759s][info][gc,phases,start] GC(107) Phase 2: Compute new object addresses
[3.763s][info][gc,phases      ] GC(107) Phase 2: Compute new object addresses 4.670ms
[3.763s][info][gc,phases,start] GC(107) Phase 3: Adjust pointers
[3.768s][info][gc,phases      ] GC(107) Phase 3: Adjust pointers 4.566ms
[3.768s][info][gc,phases,start] GC(107) Phase 4: Move objects
[3.797s][info][gc,phases      ] GC(107) Phase 4: Move objects 29.139ms
[3.799s][info][gc,heap        ] GC(107) DefNew: 156995K(157248K)->0K(157248K) Eden: 139776K(139776K)->0K(139776K) From: 17219K(17472K)->0K(17472K)
[3.799s][info][gc,heap        ] GC(107) Tenured: 349403K(349568K)->347211K(349568K)
[3.799s][info][gc,metaspace   ] GC(107) Metaspace: 27501K(27776K)->27501K(27776K) NonClass: 24571K(24704K)->24571K(24704K) Class: 2930K(3072K)->2930K(3072K)
[3.799s][info][gc             ] GC(107) Pause Full (Allocation Failure) 494M->339M(494M) 47.444ms
[3.799s][info][gc,cpu         ] GC(107) User=0.06s Sys=0.00s Real=0.05s
[3.813s][info][gc,start       ] GC(108) Pause Young (Allocation Failure)
[3.813s][info][gc             ] GC(108) Pause Young (Allocation Failure) 475M->475M(494M) 0.062ms
[3.813s][info][gc,cpu         ] GC(108) User=0.00s Sys=0.00s Real=0.00s
[3.813s][info][gc,start       ] GC(109) Pause Full (Allocation Failure)
[3.813s][info][gc,phases,start] GC(109) Phase 1: Mark live objects
[3.819s][info][gc,phases      ] GC(109) Phase 1: Mark live objects 6.087ms
[3.819s][info][gc,phases,start] GC(109) Phase 2: Compute new object addresses
[3.823s][info][gc,phases      ] GC(109) Phase 2: Compute new object addresses 4.193ms
[3.823s][info][gc,phases,start] GC(109) Phase 3: Adjust pointers
[3.828s][info][gc,phases      ] GC(109) Phase 3: Adjust pointers 4.381ms
[3.828s][info][gc,phases,start] GC(109) Phase 4: Move objects
[3.857s][info][gc,phases      ] GC(109) Phase 4: Move objects 29.385ms
[3.858s][info][gc,heap        ] GC(109) DefNew: 139669K(157248K)->0K(157248K) Eden: 139669K(139776K)->0K(139776K) From: 0K(17472K)->0K(17472K)
[3.858s][info][gc,heap        ] GC(109) Tenured: 347211K(349568K)->323313K(349568K)
[3.858s][info][gc,metaspace   ] GC(109) Metaspace: 27503K(27776K)->27503K(27776K) NonClass: 24572K(24704K)->24572K(24704K) Class: 2930K(3072K)->2930K(3072K)
[3.858s][info][gc             ] GC(109) Pause Full (Allocation Failure) 475M->315M(494M) 45.147ms
[3.858s][info][gc,cpu         ] GC(109) User=0.09s Sys=0.00s Real=0.05s
[3.873s][info][gc,start       ] GC(110) Pause Young (Allocation Failure)
[3.876s][info][gc,heap        ] GC(110) DefNew: 140032K(157248K)->17274K(157248K) Eden: 139776K(139776K)->0K(139776K) From: 256K(17472K)->17274K(17472K)
[3.876s][info][gc,heap        ] GC(110) Tenured: 323313K(349568K)->332281K(349568K)
[3.876s][info][gc,metaspace   ] GC(110) Metaspace: 27504K(27776K)->27504K(27776K) NonClass: 24574K(24704K)->24574K(24704K) Class: 2930K(3072K)->2930K(3072K)
[3.876s][info][gc             ] GC(110) Pause Young (Allocation Failure) 452M->341M(494M) 3.411ms
[3.876s][info][gc,cpu         ] GC(110) User=0.00s Sys=0.00s Real=0.01s
[3.890s][info][gc,start       ] GC(111) Pause Young (Allocation Failure)
[3.899s][info][gc,promotion   ] GC(111) Promotion failed
[3.899s][info][gc             ] GC(111) Pause Young (Allocation Failure) 477M->494M(494M) 8.879ms
[3.899s][info][gc,cpu         ] GC(111) User=0.03s Sys=0.00s Real=0.01s
[3.899s][info][gc,start       ] GC(112) Pause Full (Allocation Failure)
[3.899s][info][gc,phases,start] GC(112) Phase 1: Mark live objects
[3.906s][info][gc,phases      ] GC(112) Phase 1: Mark live objects 6.734ms
[3.906s][info][gc,phases,start] GC(112) Phase 2: Compute new object addresses
[3.911s][info][gc,phases      ] GC(112) Phase 2: Compute new object addresses 4.373ms
[3.911s][info][gc,phases,start] GC(112) Phase 3: Adjust pointers
[3.914s][info][gc,phases      ] GC(112) Phase 3: Adjust pointers 3.909ms
[3.914s][info][gc,phases,start] GC(112) Phase 4: Move objects
[3.940s][info][gc,phases      ] GC(112) Phase 4: Move objects 25.702ms
[3.941s][info][gc,heap        ] GC(112) DefNew: 156867K(157248K)->0K(157248K) Eden: 139593K(139776K)->0K(139776K) From: 17274K(17472K)->0K(17472K)
[3.941s][info][gc,heap        ] GC(112) Tenured: 332281K(349568K)->337705K(349568K)
[3.941s][info][gc,metaspace   ] GC(112) Metaspace: 27506K(27776K)->27506K(27776K) NonClass: 24575K(24704K)->24575K(24704K) Class: 2930K(3072K)->2930K(3072K)
[3.941s][info][gc             ] GC(112) Pause Full (Allocation Failure) 494M->329M(494M) 41.927ms
[3.941s][info][gc,cpu         ] GC(112) User=0.04s Sys=0.00s Real=0.04s
[3.956s][info][gc,start       ] GC(113) Pause Young (Allocation Failure)
[3.956s][info][gc             ] GC(113) Pause Young (Allocation Failure) 466M->466M(494M) 0.065ms
[3.956s][info][gc,cpu         ] GC(113) User=0.00s Sys=0.00s Real=0.00s
[3.956s][info][gc,start       ] GC(114) Pause Full (Allocation Failure)
[3.956s][info][gc,phases,start] GC(114) Phase 1: Mark live objects
[3.962s][info][gc,phases      ] GC(114) Phase 1: Mark live objects 6.072ms
[3.962s][info][gc,phases,start] GC(114) Phase 2: Compute new object addresses
[3.966s][info][gc,phases      ] GC(114) Phase 2: Compute new object addresses 3.914ms
[3.966s][info][gc,phases,start] GC(114) Phase 3: Adjust pointers
[3.970s][info][gc,phases      ] GC(114) Phase 3: Adjust pointers 3.713ms
[3.970s][info][gc,phases,start] GC(114) Phase 4: Move objects
[3.995s][info][gc,phases      ] GC(114) Phase 4: Move objects 25.011ms
[3.996s][info][gc,heap        ] GC(114) DefNew: 139776K(157248K)->0K(157248K) Eden: 139776K(139776K)->0K(139776K) From: 0K(17472K)->0K(17472K)
[3.996s][info][gc,heap        ] GC(114) Tenured: 337705K(349568K)->322544K(349568K)
[3.996s][info][gc,metaspace   ] GC(114) Metaspace: 27506K(27776K)->27506K(27776K) NonClass: 24575K(24704K)->24575K(24704K) Class: 2930K(3072K)->2930K(3072K)
[3.996s][info][gc             ] GC(114) Pause Full (Allocation Failure) 466M->314M(494M) 39.806ms
[3.996s][info][gc,cpu         ] GC(114) User=0.04s Sys=0.00s Real=0.04s
[4.011s][info][gc,start       ] GC(115) Pause Young (Allocation Failure)
[4.015s][info][gc,heap        ] GC(115) DefNew: 139684K(157248K)->17274K(157248K) Eden: 139684K(139776K)->0K(139776K) From: 0K(17472K)->17274K(17472K)
[4.015s][info][gc,heap        ] GC(115) Tenured: 322544K(349568K)->333048K(349568K)
[4.015s][info][gc,metaspace   ] GC(115) Metaspace: 27506K(27776K)->27506K(27776K) NonClass: 24575K(24704K)->24575K(24704K) Class: 2930K(3072K)->2930K(3072K)
[4.015s][info][gc             ] GC(115) Pause Young (Allocation Failure) 451M->342M(494M) 3.157ms
[4.015s][info][gc,cpu         ] GC(115) User=0.00s Sys=0.00s Real=0.00s
[4.028s][info][gc,start       ] GC(116) Pause Young (Allocation Failure)
[4.028s][info][gc             ] GC(116) Pause Young (Allocation Failure) 478M->478M(494M) 0.068ms
[4.028s][info][gc,cpu         ] GC(116) User=0.01s Sys=0.00s Real=0.00s
[4.028s][info][gc,start       ] GC(117) Pause Full (Allocation Failure)
[4.028s][info][gc,phases,start] GC(117) Phase 1: Mark live objects
[4.034s][info][gc,phases      ] GC(117) Phase 1: Mark live objects 5.915ms
[4.034s][info][gc,phases,start] GC(117) Phase 2: Compute new object addresses
[4.038s][info][gc,phases      ] GC(117) Phase 2: Compute new object addresses 3.850ms
[4.038s][info][gc,phases,start] GC(117) Phase 3: Adjust pointers
[4.041s][info][gc,phases      ] GC(117) Phase 3: Adjust pointers 3.682ms
[4.041s][info][gc,phases,start] GC(117) Phase 4: Move objects
[4.065s][info][gc,phases      ] GC(117) Phase 4: Move objects 23.850ms
[4.066s][info][gc,heap        ] GC(117) DefNew: 156892K(157248K)->0K(157248K) Eden: 139617K(139776K)->0K(139776K) From: 17274K(17472K)->0K(17472K)
[4.066s][info][gc,heap        ] GC(117) Tenured: 333048K(349568K)->325374K(349568K)
[4.066s][info][gc,metaspace   ] GC(117) Metaspace: 27507K(27776K)->27507K(27776K) NonClass: 24576K(24704K)->24576K(24704K) Class: 2930K(3072K)->2930K(3072K)
[4.066s][info][gc             ] GC(117) Pause Full (Allocation Failure) 478M->317M(494M) 38.405ms
[4.066s][info][gc,cpu         ] GC(117) User=0.03s Sys=0.00s Real=0.04s
[4.079s][info][gc,start       ] GC(118) Pause Young (Allocation Failure)
[4.082s][info][gc,heap        ] GC(118) DefNew: 139776K(157248K)->17272K(157248K) Eden: 139776K(139776K)->0K(139776K) From: 0K(17472K)->17272K(17472K)
[4.083s][info][gc,heap        ] GC(118) Tenured: 325374K(349568K)->335366K(349568K)
[4.083s][info][gc,metaspace   ] GC(118) Metaspace: 27507K(27776K)->27507K(27776K) NonClass: 24576K(24704K)->24576K(24704K) Class: 2930K(3072K)->2930K(3072K)
[4.083s][info][gc             ] GC(118) Pause Young (Allocation Failure) 454M->344M(494M) 3.324ms
[4.083s][info][gc,cpu         ] GC(118) User=0.00s Sys=0.00s Real=0.00s
[4.097s][info][gc,start       ] GC(119) Pause Young (Allocation Failure)
[4.097s][info][gc             ] GC(119) Pause Young (Allocation Failure) 480M->480M(494M) 0.063ms
[4.097s][info][gc,cpu         ] GC(119) User=0.00s Sys=0.00s Real=0.00s
[4.097s][info][gc,start       ] GC(120) Pause Full (Allocation Failure)
[4.097s][info][gc,phases,start] GC(120) Phase 1: Mark live objects
[4.102s][info][gc,phases      ] GC(120) Phase 1: Mark live objects 5.857ms
[4.102s][info][gc,phases,start] GC(120) Phase 2: Compute new object addresses
[4.106s][info][gc,phases      ] GC(120) Phase 2: Compute new object addresses 3.927ms
[4.106s][info][gc,phases,start] GC(120) Phase 3: Adjust pointers
[4.110s][info][gc,phases      ] GC(120) Phase 3: Adjust pointers 3.747ms
[4.110s][info][gc,phases,start] GC(120) Phase 4: Move objects
[4.135s][info][gc,phases      ] GC(120) Phase 4: Move objects 24.461ms
[4.136s][info][gc,heap        ] GC(120) DefNew: 157011K(157248K)->0K(157248K) Eden: 139739K(139776K)->0K(139776K) From: 17272K(17472K)->0K(17472K)
[4.136s][info][gc,heap        ] GC(120) Tenured: 335366K(349568K)->311241K(349568K)
[4.136s][info][gc,metaspace   ] GC(120) Metaspace: 27507K(27776K)->27507K(27776K) NonClass: 24576K(24704K)->24576K(24704K) Class: 2930K(3072K)->2930K(3072K)
[4.136s][info][gc             ] GC(120) Pause Full (Allocation Failure) 480M->303M(494M) 39.060ms
[4.136s][info][gc,cpu         ] GC(120) User=0.04s Sys=0.00s Real=0.03s
[4.149s][info][gc,start       ] GC(121) Pause Young (Allocation Failure)
[4.152s][info][gc,heap        ] GC(121) DefNew: 139776K(157248K)->17275K(157248K) Eden: 139776K(139776K)->0K(139776K) From: 0K(17472K)->17275K(17472K)
[4.152s][info][gc,heap        ] GC(121) Tenured: 311241K(349568K)->319952K(349568K)
[4.152s][info][gc,metaspace   ] GC(121) Metaspace: 27507K(27776K)->27507K(27776K) NonClass: 24576K(24704K)->24576K(24704K) Class: 2930K(3072K)->2930K(3072K)
[4.152s][info][gc             ] GC(121) Pause Young (Allocation Failure) 440M->329M(494M) 3.428ms
[4.152s][info][gc,cpu         ] GC(121) User=0.01s Sys=0.00s Real=0.00s
[4.166s][info][gc,start       ] GC(122) Pause Young (Allocation Failure)
[4.172s][info][gc,heap        ] GC(122) DefNew: 156986K(157248K)->17270K(157248K) Eden: 139711K(139776K)->0K(139776K) From: 17275K(17472K)->17270K(17472K)
[4.172s][info][gc,heap        ] GC(122) Tenured: 319952K(349568K)->340515K(349568K)
[4.172s][info][gc,metaspace   ] GC(122) Metaspace: 27515K(27776K)->27515K(27776K) NonClass: 24585K(24704K)->24585K(24704K) Class: 2930K(3072K)->2930K(3072K)
[4.172s][info][gc             ] GC(122) Pause Young (Allocation Failure) 465M->349M(494M) 5.515ms
[4.172s][info][gc,cpu         ] GC(122) User=0.03s Sys=0.00s Real=0.00s
[4.187s][info][gc,start       ] GC(123) Pause Young (Allocation Failure)
[4.187s][info][gc             ] GC(123) Pause Young (Allocation Failure) 485M->485M(494M) 0.077ms
[4.187s][info][gc,cpu         ] GC(123) User=0.00s Sys=0.00s Real=0.00s
[4.187s][info][gc,start       ] GC(124) Pause Full (Allocation Failure)
[4.187s][info][gc,phases,start] GC(124) Phase 1: Mark live objects
[4.194s][info][gc,phases      ] GC(124) Phase 1: Mark live objects 6.623ms
[4.194s][info][gc,phases,start] GC(124) Phase 2: Compute new object addresses
[4.198s][info][gc,phases      ] GC(124) Phase 2: Compute new object addresses 4.671ms
[4.198s][info][gc,phases,start] GC(124) Phase 3: Adjust pointers
[4.203s][info][gc,phases      ] GC(124) Phase 3: Adjust pointers 4.638ms
[4.203s][info][gc,phases,start] GC(124) Phase 4: Move objects
[4.226s][info][gc,phases      ] GC(124) Phase 4: Move objects 23.064ms
[4.227s][info][gc,heap        ] GC(124) DefNew: 156927K(157248K)->0K(157248K) Eden: 139657K(139776K)->0K(139776K) From: 17270K(17472K)->0K(17472K)
[4.227s][info][gc,heap        ] GC(124) Tenured: 340515K(349568K)->326145K(349568K)
[4.227s][info][gc,metaspace   ] GC(124) Metaspace: 27516K(27776K)->27516K(27776K) NonClass: 24586K(24704K)->24586K(24704K) Class: 2930K(3072K)->2930K(3072K)
[4.227s][info][gc             ] GC(124) Pause Full (Allocation Failure) 485M->318M(494M) 40.103ms
[4.227s][info][gc,cpu         ] GC(124) User=0.10s Sys=0.00s Real=0.04s
[4.240s][info][gc,start       ] GC(125) Pause Young (Allocation Failure)
[4.243s][info][gc,heap        ] GC(125) DefNew: 139728K(157248K)->17273K(157248K) Eden: 139728K(139776K)->0K(139776K) From: 0K(17472K)->17273K(17472K)
[4.243s][info][gc,heap        ] GC(125) Tenured: 326145K(349568K)->334344K(349568K)
[4.243s][info][gc,metaspace   ] GC(125) Metaspace: 27516K(27776K)->27516K(27776K) NonClass: 24586K(24704K)->24586K(24704K) Class: 2930K(3072K)->2930K(3072K)
[4.243s][info][gc             ] GC(125) Pause Young (Allocation Failure) 454M->343M(494M) 3.073ms
[4.243s][info][gc,cpu         ] GC(125) User=0.01s Sys=0.00s Real=0.00s
[4.256s][info][gc,start       ] GC(126) Pause Young (Allocation Failure)
[4.256s][info][gc             ] GC(126) Pause Young (Allocation Failure) 479M->479M(494M) 0.057ms
[4.256s][info][gc,cpu         ] GC(126) User=0.00s Sys=0.00s Real=0.00s
[4.256s][info][gc,start       ] GC(127) Pause Full (Allocation Failure)
[4.256s][info][gc,phases,start] GC(127) Phase 1: Mark live objects
[4.262s][info][gc,phases      ] GC(127) Phase 1: Mark live objects 6.598ms
[4.262s][info][gc,phases,start] GC(127) Phase 2: Compute new object addresses
[4.267s][info][gc,phases      ] GC(127) Phase 2: Compute new object addresses 4.584ms
[4.267s][info][gc,phases,start] GC(127) Phase 3: Adjust pointers
[4.271s][info][gc,phases      ] GC(127) Phase 3: Adjust pointers 4.262ms
[4.271s][info][gc,phases,start] GC(127) Phase 4: Move objects
[4.295s][info][gc,phases      ] GC(127) Phase 4: Move objects 23.171ms
[4.295s][info][gc,heap        ] GC(127) DefNew: 156820K(157248K)->0K(157248K) Eden: 139547K(139776K)->0K(139776K) From: 17273K(17472K)->0K(17472K)
[4.295s][info][gc,heap        ] GC(127) Tenured: 334344K(349568K)->325628K(349568K)
[4.295s][info][gc,metaspace   ] GC(127) Metaspace: 27516K(27776K)->27516K(27776K) NonClass: 24586K(24704K)->24586K(24704K) Class: 2930K(3072K)->2930K(3072K)
[4.295s][info][gc             ] GC(127) Pause Full (Allocation Failure) 479M->317M(494M) 39.744ms
[4.295s][info][gc,cpu         ] GC(127) User=0.04s Sys=0.01s Real=0.04s
[4.308s][info][gc,start       ] GC(128) Pause Young (Allocation Failure)
[4.313s][info][gc,heap        ] GC(128) DefNew: 139611K(157248K)->17271K(157248K) Eden: 139611K(139776K)->0K(139776K) From: 0K(17472K)->17271K(17472K)
[4.313s][info][gc,heap        ] GC(128) Tenured: 325628K(349568K)->335364K(349568K)
[4.313s][info][gc,metaspace   ] GC(128) Metaspace: 27518K(27776K)->27518K(27776K) NonClass: 24588K(24704K)->24588K(24704K) Class: 2930K(3072K)->2930K(3072K)
[4.313s][info][gc             ] GC(128) Pause Young (Allocation Failure) 454M->344M(494M) 5.279ms
[4.313s][info][gc,cpu         ] GC(128) User=0.01s Sys=0.00s Real=0.00s
[4.327s][info][gc,start       ] GC(129) Pause Young (Allocation Failure)
[4.327s][info][gc             ] GC(129) Pause Young (Allocation Failure) 480M->480M(494M) 0.081ms
[4.327s][info][gc,cpu         ] GC(129) User=0.01s Sys=0.00s Real=0.00s
[4.327s][info][gc,start       ] GC(130) Pause Full (Allocation Failure)
[4.327s][info][gc,phases,start] GC(130) Phase 1: Mark live objects
[4.335s][info][gc,phases      ] GC(130) Phase 1: Mark live objects 7.346ms
[4.335s][info][gc,phases,start] GC(130) Phase 2: Compute new object addresses
[4.339s][info][gc,phases      ] GC(130) Phase 2: Compute new object addresses 4.543ms
[4.339s][info][gc,phases,start] GC(130) Phase 3: Adjust pointers
[4.344s][info][gc,phases      ] GC(130) Phase 3: Adjust pointers 4.432ms
[4.344s][info][gc,phases,start] GC(130) Phase 4: Move objects
[4.367s][info][gc,phases      ] GC(130) Phase 4: Move objects 23.103ms
[4.368s][info][gc,heap        ] GC(130) DefNew: 157047K(157248K)->0K(157248K) Eden: 139776K(139776K)->0K(139776K) From: 17271K(17472K)->0K(17472K)
[4.368s][info][gc,heap        ] GC(130) Tenured: 335364K(349568K)->325379K(349568K)
[4.368s][info][gc,metaspace   ] GC(130) Metaspace: 27528K(27776K)->27528K(27776K) NonClass: 24597K(24704K)->24597K(24704K) Class: 2930K(3072K)->2930K(3072K)
[4.368s][info][gc             ] GC(130) Pause Full (Allocation Failure) 480M->317M(494M) 40.535ms
[4.368s][info][gc,cpu         ] GC(130) User=0.08s Sys=0.00s Real=0.04s
[4.381s][info][gc,start       ] GC(131) Pause Young (Allocation Failure)
[4.384s][info][gc,heap        ] GC(131) DefNew: 139731K(157248K)->17273K(157248K) Eden: 139731K(139776K)->0K(139776K) From: 0K(17472K)->17273K(17472K)
[4.384s][info][gc,heap        ] GC(131) Tenured: 325379K(349568K)->334089K(349568K)
[4.384s][info][gc,metaspace   ] GC(131) Metaspace: 27528K(27776K)->27528K(27776K) NonClass: 24597K(24704K)->24597K(24704K) Class: 2930K(3072K)->2930K(3072K)
[4.384s][info][gc             ] GC(131) Pause Young (Allocation Failure) 454M->343M(494M) 3.283ms
[4.384s][info][gc,cpu         ] GC(131) User=0.01s Sys=0.00s Real=0.01s
[4.395s][info][gc,start       ] GC(132) Pause Young (Allocation Failure)
[4.395s][info][gc             ] GC(132) Pause Young (Allocation Failure) 479M->479M(494M) 0.065ms
[4.395s][info][gc,cpu         ] GC(132) User=0.00s Sys=0.00s Real=0.00s
[4.395s][info][gc,start       ] GC(133) Pause Full (Allocation Failure)
[4.395s][info][gc,phases,start] GC(133) Phase 1: Mark live objects
[4.402s][info][gc,phases      ] GC(133) Phase 1: Mark live objects 6.574ms
[4.402s][info][gc,phases,start] GC(133) Phase 2: Compute new object addresses
[4.406s][info][gc,phases      ] GC(133) Phase 2: Compute new object addresses 4.088ms
[4.406s][info][gc,phases,start] GC(133) Phase 3: Adjust pointers
[4.411s][info][gc,phases      ] GC(133) Phase 3: Adjust pointers 4.734ms
[4.411s][info][gc,phases,start] GC(133) Phase 4: Move objects
[4.439s][info][gc,phases      ] GC(133) Phase 4: Move objects 28.192ms
[4.440s][info][gc,heap        ] GC(133) DefNew: 157049K(157248K)->0K(157248K) Eden: 139776K(139776K)->0K(139776K) From: 17273K(17472K)->0K(17472K)
[4.440s][info][gc,heap        ] GC(133) Tenured: 334089K(349568K)->316857K(349568K)
[4.440s][info][gc,metaspace   ] GC(133) Metaspace: 27528K(27776K)->27528K(27776K) NonClass: 24597K(24704K)->24597K(24704K) Class: 2930K(3072K)->2930K(3072K)
[4.440s][info][gc             ] GC(133) Pause Full (Allocation Failure) 479M->309M(494M) 44.842ms
[4.440s][info][gc,cpu         ] GC(133) User=0.06s Sys=0.00s Real=0.05s
[4.456s][info][gc,start       ] GC(134) Pause Young (Allocation Failure)
[4.460s][info][gc,heap        ] GC(134) DefNew: 139539K(157248K)->17277K(157248K) Eden: 139539K(139776K)->0K(139776K) From: 0K(17472K)->17277K(17472K)
[4.460s][info][gc,heap        ] GC(134) Tenured: 316857K(349568K)->325311K(349568K)
[4.460s][info][gc,metaspace   ] GC(134) Metaspace: 27528K(27776K)->27528K(27776K) NonClass: 24597K(24704K)->24597K(24704K) Class: 2930K(3072K)->2930K(3072K)
[4.460s][info][gc             ] GC(134) Pause Young (Allocation Failure) 445M->334M(494M) 3.559ms
[4.460s][info][gc,cpu         ] GC(134) User=0.00s Sys=0.00s Real=0.00s
[4.475s][info][gc,start       ] GC(135) Pause Young (Allocation Failure)
[4.479s][info][gc,heap        ] GC(135) DefNew: 156934K(157248K)->17266K(157248K) Eden: 139657K(139776K)->0K(139776K) From: 17277K(17472K)->17266K(17472K)
[4.479s][info][gc,heap        ] GC(135) Tenured: 325311K(349568K)->344852K(349568K)
[4.479s][info][gc,metaspace   ] GC(135) Metaspace: 27528K(27776K)->27528K(27776K) NonClass: 24597K(24704K)->24597K(24704K) Class: 2930K(3072K)->2930K(3072K)
[4.479s][info][gc             ] GC(135) Pause Young (Allocation Failure) 470M->353M(494M) 4.684ms
[4.479s][info][gc,cpu         ] GC(135) User=0.01s Sys=0.00s Real=0.01s
[4.496s][info][gc,start       ] GC(136) Pause Young (Allocation Failure)
[4.496s][info][gc             ] GC(136) Pause Young (Allocation Failure) 490M->490M(494M) 0.066ms
[4.496s][info][gc,cpu         ] GC(136) User=0.00s Sys=0.00s Real=0.00s
[4.496s][info][gc,start       ] GC(137) Pause Full (Allocation Failure)
[4.496s][info][gc,phases,start] GC(137) Phase 1: Mark live objects
[4.503s][info][gc,phases      ] GC(137) Phase 1: Mark live objects 6.647ms
[4.503s][info][gc,phases,start] GC(137) Phase 2: Compute new object addresses
[4.508s][info][gc,phases      ] GC(137) Phase 2: Compute new object addresses 4.565ms
[4.508s][info][gc,phases,start] GC(137) Phase 3: Adjust pointers
[4.512s][info][gc,phases      ] GC(137) Phase 3: Adjust pointers 4.632ms
[4.512s][info][gc,phases,start] GC(137) Phase 4: Move objects
[4.536s][info][gc,phases      ] GC(137) Phase 4: Move objects 23.452ms
[4.537s][info][gc,heap        ] GC(137) DefNew: 157035K(157248K)->0K(157248K) Eden: 139768K(139776K)->0K(139776K) From: 17266K(17472K)->0K(17472K)
[4.537s][info][gc,heap        ] GC(137) Tenured: 344852K(349568K)->327900K(349568K)
[4.537s][info][gc,metaspace   ] GC(137) Metaspace: 27528K(27776K)->27528K(27776K) NonClass: 24597K(24704K)->24597K(24704K) Class: 2930K(3072K)->2930K(3072K)
[4.537s][info][gc             ] GC(137) Pause Full (Allocation Failure) 490M->320M(494M) 40.334ms
[4.537s][info][gc,cpu         ] GC(137) User=0.04s Sys=0.01s Real=0.04s
[4.549s][info][gc,start       ] GC(138) Pause Young (Allocation Failure)
[4.549s][info][gc             ] GC(138) Pause Young (Allocation Failure) 456M->456M(494M) 0.069ms
[4.549s][info][gc,cpu         ] GC(138) User=0.00s Sys=0.00s Real=0.00s
[4.549s][info][gc,start       ] GC(139) Pause Full (Allocation Failure)
[4.549s][info][gc,phases,start] GC(139) Phase 1: Mark live objects
[4.556s][info][gc,phases      ] GC(139) Phase 1: Mark live objects 7.262ms
[4.556s][info][gc,phases,start] GC(139) Phase 2: Compute new object addresses
[4.560s][info][gc,phases      ] GC(139) Phase 2: Compute new object addresses 4.059ms
[4.560s][info][gc,phases,start] GC(139) Phase 3: Adjust pointers
[4.565s][info][gc,phases      ] GC(139) Phase 3: Adjust pointers 4.138ms
[4.565s][info][gc,phases,start] GC(139) Phase 4: Move objects
[4.587s][info][gc,phases      ] GC(139) Phase 4: Move objects 22.345ms
[4.588s][info][gc,heap        ] GC(139) DefNew: 139634K(157248K)->0K(157248K) Eden: 139634K(139776K)->0K(139776K) From: 0K(17472K)->0K(17472K)
[4.588s][info][gc,heap        ] GC(139) Tenured: 327900K(349568K)->325574K(349568K)
[4.588s][info][gc,metaspace   ] GC(139) Metaspace: 27528K(27776K)->27528K(27776K) NonClass: 24597K(24704K)->24597K(24704K) Class: 2930K(3072K)->2930K(3072K)
[4.588s][info][gc             ] GC(139) Pause Full (Allocation Failure) 456M->317M(494M) 38.857ms
[4.588s][info][gc,cpu         ] GC(139) User=0.04s Sys=0.00s Real=0.04s
[4.600s][info][gc,start       ] GC(140) Pause Young (Allocation Failure)
[4.604s][info][gc,heap        ] GC(140) DefNew: 139587K(157248K)->17273K(157248K) Eden: 139587K(139776K)->0K(139776K) From: 0K(17472K)->17273K(17472K)
[4.604s][info][gc,heap        ] GC(140) Tenured: 325574K(349568K)->335053K(349568K)
[4.604s][info][gc,metaspace   ] GC(140) Metaspace: 27528K(27776K)->27528K(27776K) NonClass: 24597K(24704K)->24597K(24704K) Class: 2930K(3072K)->2930K(3072K)
[4.604s][info][gc             ] GC(140) Pause Young (Allocation Failure) 454M->344M(494M) 3.416ms
[4.604s][info][gc,cpu         ] GC(140) User=0.02s Sys=0.00s Real=0.01s
[4.618s][info][gc,start       ] GC(141) Pause Young (Allocation Failure)
[4.619s][info][gc             ] GC(141) Pause Young (Allocation Failure) 480M->480M(494M) 0.078ms
[4.619s][info][gc,cpu         ] GC(141) User=0.00s Sys=0.00s Real=0.00s
[4.619s][info][gc,start       ] GC(142) Pause Full (Allocation Failure)
[4.619s][info][gc,phases,start] GC(142) Phase 1: Mark live objects
[4.629s][info][gc,phases      ] GC(142) Phase 1: Mark live objects 9.941ms
[4.629s][info][gc,phases,start] GC(142) Phase 2: Compute new object addresses
[4.634s][info][gc,phases      ] GC(142) Phase 2: Compute new object addresses 5.026ms
[4.634s][info][gc,phases,start] GC(142) Phase 3: Adjust pointers
[4.639s][info][gc,phases      ] GC(142) Phase 3: Adjust pointers 5.372ms
[4.639s][info][gc,phases,start] GC(142) Phase 4: Move objects
[4.664s][info][gc,phases      ] GC(142) Phase 4: Move objects 24.787ms
[4.665s][info][gc,heap        ] GC(142) DefNew: 157049K(157248K)->0K(157248K) Eden: 139776K(139776K)->0K(139776K) From: 17273K(17472K)->0K(17472K)
[4.665s][info][gc,heap        ] GC(142) Tenured: 335053K(349568K)->304012K(349568K)
[4.665s][info][gc,metaspace   ] GC(142) Metaspace: 27528K(27776K)->27528K(27776K) NonClass: 24597K(24704K)->24597K(24704K) Class: 2930K(3072K)->2930K(3072K)
[4.665s][info][gc             ] GC(142) Pause Full (Allocation Failure) 480M->296M(494M) 46.243ms
[4.665s][info][gc,cpu         ] GC(142) User=0.11s Sys=0.00s Real=0.05s
[4.679s][info][gc,start       ] GC(143) Pause Young (Allocation Failure)
[4.682s][info][gc,heap        ] GC(143) DefNew: 139550K(157248K)->17294K(157248K) Eden: 139550K(139776K)->0K(139776K) From: 0K(17472K)->17294K(17472K)
[4.682s][info][gc,heap        ] GC(143) Tenured: 304012K(349568K)->312979K(349568K)
[4.682s][info][gc,metaspace   ] GC(143) Metaspace: 27706K(27968K)->27706K(27968K) NonClass: 24759K(24896K)->24759K(24896K) Class: 2946K(3072K)->2946K(3072K)
[4.682s][info][gc             ] GC(143) Pause Young (Allocation Failure) 433M->322M(494M) 3.559ms
[4.682s][info][gc,cpu         ] GC(143) User=0.02s Sys=0.00s Real=0.00s
[4.697s][info][gc,start       ] GC(144) Pause Young (Allocation Failure)
[4.702s][info][gc,heap        ] GC(144) DefNew: 157070K(157248K)->17282K(157248K) Eden: 139776K(139776K)->0K(139776K) From: 17294K(17472K)->17282K(17472K)
[4.702s][info][gc,heap        ] GC(144) Tenured: 312979K(349568K)->332798K(349568K)
[4.702s][info][gc,metaspace   ] GC(144) Metaspace: 27884K(28096K)->27884K(28096K) NonClass: 24914K(25024K)->24914K(25024K) Class: 2970K(3072K)->2970K(3072K)
[4.702s][info][gc             ] GC(144) Pause Young (Allocation Failure) 459M->341M(494M) 5.417ms
[4.702s][info][gc,cpu         ] GC(144) User=0.01s Sys=0.00s Real=0.00s
[4.718s][info][gc,start       ] GC(145) Pause Young (Allocation Failure)
[4.718s][info][gc             ] GC(145) Pause Young (Allocation Failure) 478M->478M(494M) 0.073ms
[4.718s][info][gc,cpu         ] GC(145) User=0.00s Sys=0.00s Real=0.00s
[4.718s][info][gc,start       ] GC(146) Pause Full (Allocation Failure)
[4.718s][info][gc,phases,start] GC(146) Phase 1: Mark live objects
[4.725s][info][gc,phases      ] GC(146) Phase 1: Mark live objects 7.024ms
[4.725s][info][gc,phases,start] GC(146) Phase 2: Compute new object addresses
[4.730s][info][gc,phases      ] GC(146) Phase 2: Compute new object addresses 4.274ms
[4.730s][info][gc,phases,start] GC(146) Phase 3: Adjust pointers
[4.735s][info][gc,phases      ] GC(146) Phase 3: Adjust pointers 4.786ms
[4.735s][info][gc,phases,start] GC(146) Phase 4: Move objects
[4.763s][info][gc,phases      ] GC(146) Phase 4: Move objects 28.067ms
[4.764s][info][gc,heap        ] GC(146) DefNew: 156867K(157248K)->0K(157248K) Eden: 139585K(139776K)->0K(139776K) From: 17282K(17472K)->0K(17472K)
[4.764s][info][gc,heap        ] GC(146) Tenured: 332798K(349568K)->303305K(349568K)
[4.764s][info][gc,metaspace   ] GC(146) Metaspace: 27979K(28224K)->27979K(28224K) NonClass: 24996K(25152K)->24996K(25152K) Class: 2982K(3072K)->2982K(3072K)
[4.764s][info][gc             ] GC(146) Pause Full (Allocation Failure) 478M->296M(494M) 45.446ms
[4.764s][info][gc,cpu         ] GC(146) User=0.05s Sys=0.00s Real=0.05s
[4.776s][info][gc,start       ] GC(147) Pause Young (Allocation Failure)
[4.780s][info][gc,heap        ] GC(147) DefNew: 139776K(157248K)->17290K(157248K) Eden: 139776K(139776K)->0K(139776K) From: 0K(17472K)->17290K(17472K)
[4.780s][info][gc,heap        ] GC(147) Tenured: 303305K(349568K)->311504K(349568K)
[4.780s][info][gc,metaspace   ] GC(147) Metaspace: 28147K(28352K)->28147K(28352K) NonClass: 25143K(25280K)->25143K(25280K) Class: 3004K(3072K)->3004K(3072K)
[4.780s][info][gc             ] GC(147) Pause Young (Allocation Failure) 432M->321M(494M) 3.547ms
[4.780s][info][gc,cpu         ] GC(147) User=0.01s Sys=0.00s Real=0.00s
[4.792s][info][gc,start       ] GC(148) Pause Young (Allocation Failure)
[4.797s][info][gc,heap        ] GC(148) DefNew: 157066K(157248K)->17289K(157248K) Eden: 139776K(139776K)->0K(139776K) From: 17290K(17472K)->17289K(17472K)
[4.797s][info][gc,heap        ] GC(148) Tenured: 311504K(349568K)->331573K(349568K)
[4.797s][info][gc,metaspace   ] GC(148) Metaspace: 28389K(28672K)->28389K(28672K) NonClass: 25354K(25472K)->25354K(25472K) Class: 3035K(3200K)->3035K(3200K)
[4.797s][info][gc             ] GC(148) Pause Young (Allocation Failure) 457M->340M(494M) 5.398ms
[4.797s][info][gc,cpu         ] GC(148) User=0.01s Sys=0.00s Real=0.01s
[4.812s][info][gc,start       ] GC(149) Pause Young (Allocation Failure)
[4.812s][info][gc             ] GC(149) Pause Young (Allocation Failure) 477M->477M(494M) 0.074ms
[4.812s][info][gc,cpu         ] GC(149) User=0.00s Sys=0.00s Real=0.00s
[4.812s][info][gc,start       ] GC(150) Pause Full (Allocation Failure)
[4.812s][info][gc,phases,start] GC(150) Phase 1: Mark live objects
[4.821s][info][gc,phases      ] GC(150) Phase 1: Mark live objects 8.652ms
[4.821s][info][gc,phases,start] GC(150) Phase 2: Compute new object addresses
[4.827s][info][gc,phases      ] GC(150) Phase 2: Compute new object addresses 5.832ms
[4.827s][info][gc,phases,start] GC(150) Phase 3: Adjust pointers
[4.832s][info][gc,phases      ] GC(150) Phase 3: Adjust pointers 5.065ms
[4.832s][info][gc,phases,start] GC(150) Phase 4: Move objects
[4.855s][info][gc,phases      ] GC(150) Phase 4: Move objects 22.921ms
[4.856s][info][gc,heap        ] GC(150) DefNew: 156962K(157248K)->0K(157248K) Eden: 139672K(139776K)->0K(139776K) From: 17289K(17472K)->0K(17472K)
[4.856s][info][gc,heap        ] GC(150) Tenured: 331573K(349568K)->321861K(349568K)
[4.856s][info][gc,metaspace   ] GC(150) Metaspace: 28486K(28736K)->28486K(28736K) NonClass: 25438K(25536K)->25438K(25536K) Class: 3048K(3200K)->3048K(3200K)
[4.856s][info][gc             ] GC(150) Pause Full (Allocation Failure) 477M->314M(494M) 43.596ms
[4.856s][info][gc,cpu         ] GC(150) User=0.05s Sys=0.00s Real=0.05s
[4.868s][info][gc,start       ] GC(151) Pause Young (Allocation Failure)
[4.872s][info][gc,heap        ] GC(151) DefNew: 139776K(157248K)->17320K(157248K) Eden: 139776K(139776K)->0K(139776K) From: 0K(17472K)->17320K(17472K)
[4.872s][info][gc,heap        ] GC(151) Tenured: 321861K(349568K)->330316K(349568K)
[4.872s][info][gc,metaspace   ] GC(151) Metaspace: 28629K(28864K)->28629K(28864K) NonClass: 25562K(25664K)->25562K(25664K) Class: 3066K(3200K)->3066K(3200K)
[4.872s][info][gc             ] GC(151) Pause Young (Allocation Failure) 450M->339M(494M) 3.742ms
[4.872s][info][gc,cpu         ] GC(151) User=0.00s Sys=0.00s Real=0.00s
[4.887s][info][gc,start       ] GC(152) Pause Young (Allocation Failure)
[4.887s][info][gc             ] GC(152) Pause Young (Allocation Failure) 475M->475M(494M) 0.071ms
[4.887s][info][gc,cpu         ] GC(152) User=0.00s Sys=0.00s Real=0.00s
[4.887s][info][gc,start       ] GC(153) Pause Full (Allocation Failure)
[4.887s][info][gc,phases,start] GC(153) Phase 1: Mark live objects
[4.895s][info][gc,phases      ] GC(153) Phase 1: Mark live objects 7.634ms
[4.895s][info][gc,phases,start] GC(153) Phase 2: Compute new object addresses
[4.900s][info][gc,phases      ] GC(153) Phase 2: Compute new object addresses 4.958ms
[4.900s][info][gc,phases,start] GC(153) Phase 3: Adjust pointers
[4.905s][info][gc,phases      ] GC(153) Phase 3: Adjust pointers 4.904ms
[4.905s][info][gc,phases,start] GC(153) Phase 4: Move objects
[4.929s][info][gc,phases      ] GC(153) Phase 4: Move objects 23.932ms
[4.930s][info][gc,heap        ] GC(153) DefNew: 157096K(157248K)->0K(157248K) Eden: 139776K(139776K)->0K(139776K) From: 17320K(17472K)->0K(17472K)
[4.930s][info][gc,heap        ] GC(153) Tenured: 330316K(349568K)->301894K(349568K)
[4.930s][info][gc,metaspace   ] GC(153) Metaspace: 28749K(29120K)->28749K(29120K) NonClass: 25666K(25856K)->25666K(25856K) Class: 3083K(3264K)->3083K(3264K)
[4.930s][info][gc             ] GC(153) Pause Full (Allocation Failure) 475M->294M(494M) 42.562ms
[4.930s][info][gc,cpu         ] GC(153) User=0.05s Sys=0.00s Real=0.04s
[4.945s][info][gc,start       ] GC(154) Pause Young (Allocation Failure)
[4.949s][info][gc,heap        ] GC(154) DefNew: 139776K(157248K)->17327K(157248K) Eden: 139776K(139776K)->0K(139776K) From: 0K(17472K)->17327K(17472K)
[4.949s][info][gc,heap        ] GC(154) Tenured: 301894K(349568K)->309836K(349568K)
[4.949s][info][gc,metaspace   ] GC(154) Metaspace: 28938K(29248K)->28938K(29248K) NonClass: 25825K(25984K)->25825K(25984K) Class: 3113K(3264K)->3113K(3264K)
[4.949s][info][gc             ] GC(154) Pause Young (Allocation Failure) 431M->319M(494M) 3.719ms
[4.949s][info][gc,cpu         ] GC(154) User=0.01s Sys=0.00s Real=0.00s
[4.963s][info][gc,start       ] GC(155) Pause Young (Allocation Failure)
[4.970s][info][gc,heap        ] GC(155) DefNew: 156895K(157248K)->17360K(157248K) Eden: 139568K(139776K)->0K(139776K) From: 17327K(17472K)->17360K(17472K)
[4.970s][info][gc,heap        ] GC(155) Tenured: 309836K(349568K)->330190K(349568K)
[4.970s][info][gc,metaspace   ] GC(155) Metaspace: 29020K(29312K)->29020K(29312K) NonClass: 25893K(26048K)->25893K(26048K) Class: 3126K(3264K)->3126K(3264K)
[4.970s][info][gc             ] GC(155) Pause Young (Allocation Failure) 455M->339M(494M) 6.605ms
[4.970s][info][gc,cpu         ] GC(155) User=0.02s Sys=0.00s Real=0.01s
[4.987s][info][gc,start       ] GC(156) Pause Young (Allocation Failure)
[4.988s][info][gc             ] GC(156) Pause Young (Allocation Failure) 475M->475M(494M) 0.078ms
[4.988s][info][gc,cpu         ] GC(156) User=0.00s Sys=0.00s Real=0.00s
[4.988s][info][gc,start       ] GC(157) Pause Full (Allocation Failure)
[4.988s][info][gc,phases,start] GC(157) Phase 1: Mark live objects
[4.997s][info][gc,phases      ] GC(157) Phase 1: Mark live objects 9.239ms
[4.997s][info][gc,phases,start] GC(157) Phase 2: Compute new object addresses
[5.002s][info][gc,phases      ] GC(157) Phase 2: Compute new object addresses 5.402ms
[5.002s][info][gc,phases,start] GC(157) Phase 3: Adjust pointers
[5.007s][info][gc,phases      ] GC(157) Phase 3: Adjust pointers 5.114ms
[5.007s][info][gc,phases,start] GC(157) Phase 4: Move objects
[5.034s][info][gc,phases      ] GC(157) Phase 4: Move objects 26.693ms
[5.035s][info][gc,heap        ] GC(157) DefNew: 156794K(157248K)->0K(157248K) Eden: 139434K(139776K)->0K(139776K) From: 17360K(17472K)->0K(17472K)
[5.035s][info][gc,heap        ] GC(157) Tenured: 330190K(349568K)->306727K(349568K)
[5.035s][info][gc,metaspace   ] GC(157) Metaspace: 29083K(29376K)->29083K(29376K) NonClass: 25951K(26112K)->25951K(26112K) Class: 3131K(3264K)->3131K(3264K)
[5.035s][info][gc             ] GC(157) Pause Full (Allocation Failure) 475M->299M(494M) 47.671ms
[5.035s][info][gc,cpu         ] GC(157) User=0.08s Sys=0.00s Real=0.04s
[5.048s][info][gc,start       ] GC(158) Pause Young (Allocation Failure)
[5.051s][info][gc,heap        ] GC(158) DefNew: 139705K(157248K)->17307K(157248K) Eden: 139705K(139776K)->0K(139776K) From: 0K(17472K)->17307K(17472K)
[5.051s][info][gc,heap        ] GC(158) Tenured: 306727K(349568K)->315694K(349568K)
[5.051s][info][gc,metaspace   ] GC(158) Metaspace: 29123K(29440K)->29123K(29440K) NonClass: 25988K(26176K)->25988K(26176K) Class: 3135K(3264K)->3135K(3264K)
[5.051s][info][gc             ] GC(158) Pause Young (Allocation Failure) 435M->325M(494M) 3.170ms
[5.051s][info][gc,cpu         ] GC(158) User=0.00s Sys=0.00s Real=0.00s
[5.066s][info][gc,start       ] GC(159) Pause Young (Allocation Failure)
[5.073s][info][gc,heap        ] GC(159) DefNew: 156852K(157248K)->17268K(157248K) Eden: 139544K(139776K)->0K(139776K) From: 17307K(17472K)->17268K(17472K)
[5.073s][info][gc,heap        ] GC(159) Tenured: 315694K(349568K)->335523K(349568K)
[5.073s][info][gc,metaspace   ] GC(159) Metaspace: 29137K(29440K)->29137K(29440K) NonClass: 26001K(26176K)->26001K(26176K) Class: 3135K(3264K)->3135K(3264K)
[5.073s][info][gc             ] GC(159) Pause Young (Allocation Failure) 461M->344M(494M) 7.151ms
[5.073s][info][gc,cpu         ] GC(159) User=0.02s Sys=0.00s Real=0.00s
[5.093s][info][gc,start       ] GC(160) Pause Young (Allocation Failure)
[5.093s][info][gc             ] GC(160) Pause Young (Allocation Failure) 480M->480M(494M) 0.101ms
[5.093s][info][gc,cpu         ] GC(160) User=0.00s Sys=0.00s Real=0.00s
[5.093s][info][gc,start       ] GC(161) Pause Full (Allocation Failure)
[5.093s][info][gc,phases,start] GC(161) Phase 1: Mark live objects
[5.102s][info][gc,phases      ] GC(161) Phase 1: Mark live objects 8.637ms
[5.102s][info][gc,phases,start] GC(161) Phase 2: Compute new object addresses
[5.106s][info][gc,phases      ] GC(161) Phase 2: Compute new object addresses 4.306ms
[5.106s][info][gc,phases,start] GC(161) Phase 3: Adjust pointers
[5.111s][info][gc,phases      ] GC(161) Phase 3: Adjust pointers 5.000ms
[5.111s][info][gc,phases,start] GC(161) Phase 4: Move objects
[5.137s][info][gc,phases      ] GC(161) Phase 4: Move objects 25.230ms
[5.137s][info][gc,heap        ] GC(161) DefNew: 156764K(157248K)->0K(157248K) Eden: 139495K(139776K)->0K(139776K) From: 17268K(17472K)->0K(17472K)
[5.137s][info][gc,heap        ] GC(161) Tenured: 335523K(349568K)->291087K(349568K)
[5.137s][info][gc,metaspace   ] GC(161) Metaspace: 29137K(29440K)->29137K(29440K) NonClass: 26001K(26176K)->26001K(26176K) Class: 3135K(3264K)->3135K(3264K)
[5.138s][info][gc             ] GC(161) Pause Full (Allocation Failure) 480M->284M(494M) 44.317ms
[5.138s][info][gc,cpu         ] GC(161) User=0.06s Sys=0.00s Real=0.05s
[5.151s][info][gc,start       ] GC(162) Pause Young (Allocation Failure)
[5.154s][info][gc,heap        ] GC(162) DefNew: 139653K(157248K)->17272K(157248K) Eden: 139653K(139776K)->0K(139776K) From: 0K(17472K)->17272K(17472K)
[5.154s][info][gc,heap        ] GC(162) Tenured: 291087K(349568K)->299286K(349568K)
[5.154s][info][gc,metaspace   ] GC(162) Metaspace: 29140K(29440K)->29140K(29440K) NonClass: 26004K(26176K)->26004K(26176K) Class: 3135K(3264K)->3135K(3264K)
[5.154s][info][gc             ] GC(162) Pause Young (Allocation Failure) 420M->309M(494M) 3.281ms
[5.154s][info][gc,cpu         ] GC(162) User=0.01s Sys=0.00s Real=0.00s
[5.168s][info][gc,start       ] GC(163) Pause Young (Allocation Failure)
[5.173s][info][gc,heap        ] GC(163) DefNew: 156871K(157248K)->17265K(157248K) Eden: 139599K(139776K)->0K(139776K) From: 17272K(17472K)->17265K(17472K)
[5.173s][info][gc,heap        ] GC(163) Tenured: 299286K(349568K)->319338K(349568K)
[5.173s][info][gc,metaspace   ] GC(163) Metaspace: 29140K(29440K)->29140K(29440K) NonClass: 26004K(26176K)->26004K(26176K) Class: 3135K(3264K)->3135K(3264K)
[5.173s][info][gc             ] GC(163) Pause Young (Allocation Failure) 445M->328M(494M) 5.435ms
[5.173s][info][gc,cpu         ] GC(163) User=0.02s Sys=0.00s Real=0.00s
[5.186s][info][gc,start       ] GC(164) Pause Young (Allocation Failure)
[5.191s][info][gc,heap        ] GC(164) DefNew: 157041K(157248K)->17269K(157248K) Eden: 139776K(139776K)->0K(139776K) From: 17265K(17472K)->17269K(17472K)
[5.191s][info][gc,heap        ] GC(164) Tenured: 319338K(349568K)->339387K(349568K)
[5.191s][info][gc,metaspace   ] GC(164) Metaspace: 29140K(29440K)->29140K(29440K) NonClass: 26004K(26176K)->26004K(26176K) Class: 3135K(3264K)->3135K(3264K)
[5.191s][info][gc             ] GC(164) Pause Young (Allocation Failure) 465M->348M(494M) 5.160ms
[5.191s][info][gc,cpu         ] GC(164) User=0.02s Sys=0.00s Real=0.00s
[5.206s][info][gc,start       ] GC(165) Pause Young (Allocation Failure)
[5.206s][info][gc             ] GC(165) Pause Young (Allocation Failure) 484M->484M(494M) 0.079ms
[5.206s][info][gc,cpu         ] GC(165) User=0.00s Sys=0.00s Real=0.00s
[5.206s][info][gc,start       ] GC(166) Pause Full (Allocation Failure)
[5.206s][info][gc,phases,start] GC(166) Phase 1: Mark live objects
[5.215s][info][gc,phases      ] GC(166) Phase 1: Mark live objects 8.937ms
[5.215s][info][gc,phases,start] GC(166) Phase 2: Compute new object addresses
[5.220s][info][gc,phases      ] GC(166) Phase 2: Compute new object addresses 4.921ms
[5.220s][info][gc,phases,start] GC(166) Phase 3: Adjust pointers
[5.227s][info][gc,phases      ] GC(166) Phase 3: Adjust pointers 6.839ms
[5.227s][info][gc,phases,start] GC(166) Phase 4: Move objects
[5.250s][info][gc,phases      ] GC(166) Phase 4: Move objects 22.627ms
[5.251s][info][gc,heap        ] GC(166) DefNew: 156907K(157248K)->0K(157248K) Eden: 139638K(139776K)->0K(139776K) From: 17269K(17472K)->0K(17472K)
[5.251s][info][gc,heap        ] GC(166) Tenured: 339387K(349568K)->307262K(349568K)
[5.251s][info][gc,metaspace   ] GC(166) Metaspace: 29140K(29440K)->29140K(29440K) NonClass: 26004K(26176K)->26004K(26176K) Class: 3135K(3264K)->3135K(3264K)
[5.251s][info][gc             ] GC(166) Pause Full (Allocation Failure) 484M->300M(494M) 44.658ms
[5.251s][info][gc,cpu         ] GC(166) User=0.05s Sys=0.00s Real=0.04s
[5.263s][info][gc,start       ] GC(167) Pause Young (Allocation Failure)
[5.267s][info][gc,heap        ] GC(167) DefNew: 139726K(157248K)->17272K(157248K) Eden: 139726K(139776K)->0K(139776K) From: 0K(17472K)->17272K(17472K)
[5.267s][info][gc,heap        ] GC(167) Tenured: 307262K(349568K)->315461K(349568K)
[5.267s][info][gc,metaspace   ] GC(167) Metaspace: 29141K(29440K)->29141K(29440K) NonClass: 26006K(26176K)->26006K(26176K) Class: 3135K(3264K)->3135K(3264K)
[5.267s][info][gc             ] GC(167) Pause Young (Allocation Failure) 436M->324M(494M) 3.626ms
[5.267s][info][gc,cpu         ] GC(167) User=0.01s Sys=0.01s Real=0.01s
[5.279s][info][gc,start       ] GC(168) Pause Young (Allocation Failure)
[5.283s][info][gc,heap        ] GC(168) DefNew: 157048K(157248K)->17266K(157248K) Eden: 139776K(139776K)->0K(139776K) From: 17272K(17472K)->17266K(17472K)
[5.283s][info][gc,heap        ] GC(168) Tenured: 315461K(349568K)->336539K(349568K)
[5.283s][info][gc,metaspace   ] GC(168) Metaspace: 29141K(29440K)->29141K(29440K) NonClass: 26006K(26176K)->26006K(26176K) Class: 3135K(3264K)->3135K(3264K)
[5.283s][info][gc             ] GC(168) Pause Young (Allocation Failure) 461M->345M(494M) 4.759ms
[5.283s][info][gc,cpu         ] GC(168) User=0.01s Sys=0.00s Real=0.00s
[5.295s][info][gc,start       ] GC(169) Pause Young (Allocation Failure)
[5.296s][info][gc             ] GC(169) Pause Young (Allocation Failure) 481M->481M(494M) 0.081ms
[5.296s][info][gc,cpu         ] GC(169) User=0.00s Sys=0.00s Real=0.00s
[5.296s][info][gc,start       ] GC(170) Pause Full (Allocation Failure)
[5.296s][info][gc,phases,start] GC(170) Phase 1: Mark live objects
[5.303s][info][gc,phases      ] GC(170) Phase 1: Mark live objects 7.561ms
[5.303s][info][gc,phases,start] GC(170) Phase 2: Compute new object addresses
[5.308s][info][gc,phases      ] GC(170) Phase 2: Compute new object addresses 4.407ms
[5.308s][info][gc,phases,start] GC(170) Phase 3: Adjust pointers
[5.314s][info][gc,phases      ] GC(170) Phase 3: Adjust pointers 6.301ms
[5.314s][info][gc,phases,start] GC(170) Phase 4: Move objects
[5.336s][info][gc,phases      ] GC(170) Phase 4: Move objects 21.858ms
[5.337s][info][gc,heap        ] GC(170) DefNew: 156896K(157248K)->0K(157248K) Eden: 139630K(139776K)->0K(139776K) From: 17266K(17472K)->0K(17472K)
[5.337s][info][gc,heap        ] GC(170) Tenured: 336539K(349568K)->304434K(349568K)
[5.337s][info][gc,metaspace   ] GC(170) Metaspace: 29141K(29440K)->29141K(29440K) NonClass: 26006K(26176K)->26006K(26176K) Class: 3135K(3264K)->3135K(3264K)
[5.337s][info][gc             ] GC(170) Pause Full (Allocation Failure) 481M->297M(494M) 41.325ms
[5.337s][info][gc,cpu         ] GC(170) User=0.05s Sys=0.00s Real=0.05s
[5.350s][info][gc,start       ] GC(171) Pause Young (Allocation Failure)
[5.353s][info][gc,heap        ] GC(171) DefNew: 139541K(157248K)->17272K(157248K) Eden: 139541K(139776K)->0K(139776K) From: 0K(17472K)->17272K(17472K)
[5.353s][info][gc,heap        ] GC(171) Tenured: 304434K(349568K)->312889K(349568K)
[5.353s][info][gc,metaspace   ] GC(171) Metaspace: 29141K(29440K)->29141K(29440K) NonClass: 26006K(26176K)->26006K(26176K) Class: 3135K(3264K)->3135K(3264K)
[5.353s][info][gc             ] GC(171) Pause Young (Allocation Failure) 433M->322M(494M) 3.573ms
[5.353s][info][gc,cpu         ] GC(171) User=0.02s Sys=0.00s Real=0.00s
[5.366s][info][gc,start       ] GC(172) Pause Young (Allocation Failure)
[5.371s][info][gc,heap        ] GC(172) DefNew: 157048K(157248K)->17263K(157248K) Eden: 139776K(139776K)->0K(139776K) From: 17272K(17472K)->17263K(17472K)
[5.371s][info][gc,heap        ] GC(172) Tenured: 312889K(349568K)->333458K(349568K)
[5.371s][info][gc,metaspace   ] GC(172) Metaspace: 29143K(29440K)->29143K(29440K) NonClass: 26007K(26176K)->26007K(26176K) Class: 3135K(3264K)->3135K(3264K)
[5.371s][info][gc             ] GC(172) Pause Young (Allocation Failure) 458M->342M(494M) 4.813ms
[5.371s][info][gc,cpu         ] GC(172) User=0.01s Sys=0.00s Real=0.00s
[5.384s][info][gc,start       ] GC(173) Pause Young (Allocation Failure)
[5.384s][info][gc             ] GC(173) Pause Young (Allocation Failure) 479M->479M(494M) 0.068ms
[5.384s][info][gc,cpu         ] GC(173) User=0.00s Sys=0.00s Real=0.00s
[5.384s][info][gc,start       ] GC(174) Pause Full (Allocation Failure)
[5.384s][info][gc,phases,start] GC(174) Phase 1: Mark live objects
[5.393s][info][gc,phases      ] GC(174) Phase 1: Mark live objects 8.393ms
[5.393s][info][gc,phases,start] GC(174) Phase 2: Compute new object addresses
[5.398s][info][gc,phases      ] GC(174) Phase 2: Compute new object addresses 5.755ms
[5.398s][info][gc,phases,start] GC(174) Phase 3: Adjust pointers
[5.404s][info][gc,phases      ] GC(174) Phase 3: Adjust pointers 5.870ms
[5.404s][info][gc,phases,start] GC(174) Phase 4: Move objects
[5.429s][info][gc,phases      ] GC(174) Phase 4: Move objects 24.216ms
[5.430s][info][gc,heap        ] GC(174) DefNew: 157039K(157248K)->0K(157248K) Eden: 139776K(139776K)->0K(139776K) From: 17263K(17472K)->0K(17472K)
[5.430s][info][gc,heap        ] GC(174) Tenured: 333458K(349568K)->307003K(349568K)
[5.430s][info][gc,metaspace   ] GC(174) Metaspace: 29143K(29440K)->29143K(29440K) NonClass: 26007K(26176K)->26007K(26176K) Class: 3135K(3264K)->3135K(3264K)
[5.430s][info][gc             ] GC(174) Pause Full (Allocation Failure) 479M->299M(494M) 45.440ms
[5.430s][info][gc,cpu         ] GC(174) User=0.06s Sys=0.00s Real=0.04s
[5.442s][info][gc,start       ] GC(175) Pause Young (Allocation Failure)
[5.446s][info][gc,heap        ] GC(175) DefNew: 139776K(157248K)->17259K(157248K) Eden: 139776K(139776K)->0K(139776K) From: 0K(17472K)->17259K(17472K)
[5.446s][info][gc,heap        ] GC(175) Tenured: 307003K(349568K)->323144K(349568K)
[5.446s][info][gc,metaspace   ] GC(175) Metaspace: 29143K(29440K)->29143K(29440K) NonClass: 26007K(26176K)->26007K(26176K) Class: 3135K(3264K)->3135K(3264K)
[5.446s][info][gc             ] GC(175) Pause Young (Allocation Failure) 436M->332M(494M) 4.158ms
[5.446s][info][gc,cpu         ] GC(175) User=0.01s Sys=0.00s Real=0.01s
[5.461s][info][gc,start       ] GC(176) Pause Young (Allocation Failure)
[5.461s][info][gc             ] GC(176) Pause Young (Allocation Failure) 468M->468M(494M) 0.064ms
[5.461s][info][gc,cpu         ] GC(176) User=0.01s Sys=0.00s Real=0.00s
[5.461s][info][gc,start       ] GC(177) Pause Full (Allocation Failure)
[5.461s][info][gc,phases,start] GC(177) Phase 1: Mark live objects
[5.469s][info][gc,phases      ] GC(177) Phase 1: Mark live objects 8.077ms
[5.469s][info][gc,phases,start] GC(177) Phase 2: Compute new object addresses
[5.474s][info][gc,phases      ] GC(177) Phase 2: Compute new object addresses 4.544ms
[5.474s][info][gc,phases,start] GC(177) Phase 3: Adjust pointers
[5.479s][info][gc,phases      ] GC(177) Phase 3: Adjust pointers 5.273ms
[5.479s][info][gc,phases,start] GC(177) Phase 4: Move objects
[5.502s][info][gc,phases      ] GC(177) Phase 4: Move objects 23.008ms
[5.503s][info][gc,heap        ] GC(177) DefNew: 157035K(157248K)->0K(157248K) Eden: 139776K(139776K)->0K(139776K) From: 17259K(17472K)->0K(17472K)
[5.503s][info][gc,heap        ] GC(177) Tenured: 323144K(349568K)->296960K(349568K)
[5.503s][info][gc,metaspace   ] GC(177) Metaspace: 29143K(29440K)->29143K(29440K) NonClass: 26007K(26176K)->26007K(26176K) Class: 3135K(3264K)->3135K(3264K)
[5.503s][info][gc             ] GC(177) Pause Full (Allocation Failure) 468M->290M(494M) 42.038ms
[5.503s][info][gc,cpu         ] GC(177) User=0.04s Sys=0.00s Real=0.04s
[5.515s][info][gc,start       ] GC(178) Pause Young (Allocation Failure)
[5.519s][info][gc,heap        ] GC(178) DefNew: 139417K(157248K)->17272K(157248K) Eden: 139417K(139776K)->0K(139776K) From: 0K(17472K)->17272K(17472K)
[5.519s][info][gc,heap        ] GC(178) Tenured: 296960K(349568K)->307465K(349568K)
[5.519s][info][gc,metaspace   ] GC(178) Metaspace: 29143K(29440K)->29143K(29440K) NonClass: 26007K(26176K)->26007K(26176K) Class: 3135K(3264K)->3135K(3264K)
[5.519s][info][gc             ] GC(178) Pause Young (Allocation Failure) 426M->317M(494M) 4.047ms
[5.519s][info][gc,cpu         ] GC(178) User=0.02s Sys=0.00s Real=0.01s
[5.534s][info][gc,start       ] GC(179) Pause Young (Allocation Failure)
[5.539s][info][gc,heap        ] GC(179) DefNew: 156834K(157248K)->17274K(157248K) Eden: 139562K(139776K)->0K(139776K) From: 17272K(17472K)->17274K(17472K)
[5.539s][info][gc,heap        ] GC(179) Tenured: 307465K(349568K)->324695K(349568K)
[5.539s][info][gc,metaspace   ] GC(179) Metaspace: 29143K(29440K)->29143K(29440K) NonClass: 26007K(26176K)->26007K(26176K) Class: 3135K(3264K)->3135K(3264K)
[5.539s][info][gc             ] GC(179) Pause Young (Allocation Failure) 453M->333M(494M) 4.642ms
[5.539s][info][gc,cpu         ] GC(179) User=0.02s Sys=0.00s Real=0.01s
[5.554s][info][gc,start       ] GC(180) Pause Young (Allocation Failure)
[5.554s][info][gc             ] GC(180) Pause Young (Allocation Failure) 470M->470M(494M) 0.081ms
[5.554s][info][gc,cpu         ] GC(180) User=0.00s Sys=0.00s Real=0.00s
[5.554s][info][gc,start       ] GC(181) Pause Full (Allocation Failure)
[5.554s][info][gc,phases,start] GC(181) Phase 1: Mark live objects
[5.563s][info][gc,phases      ] GC(181) Phase 1: Mark live objects 8.460ms
[5.563s][info][gc,phases,start] GC(181) Phase 2: Compute new object addresses
[5.568s][info][gc,phases      ] GC(181) Phase 2: Compute new object addresses 5.464ms
[5.569s][info][gc,phases,start] GC(181) Phase 3: Adjust pointers
[5.576s][info][gc,phases      ] GC(181) Phase 3: Adjust pointers 7.437ms
[5.576s][info][gc,phases,start] GC(181) Phase 4: Move objects
[5.599s][info][gc,phases      ] GC(181) Phase 4: Move objects 23.259ms
[5.600s][info][gc,heap        ] GC(181) DefNew: 157009K(157248K)->0K(157248K) Eden: 139734K(139776K)->0K(139776K) From: 17274K(17472K)->0K(17472K)
[5.600s][info][gc,heap        ] GC(181) Tenured: 324695K(349568K)->308515K(349568K)
[5.600s][info][gc,metaspace   ] GC(181) Metaspace: 29143K(29440K)->29143K(29440K) NonClass: 26007K(26176K)->26007K(26176K) Class: 3135K(3264K)->3135K(3264K)
[5.600s][info][gc             ] GC(181) Pause Full (Allocation Failure) 470M->301M(494M) 45.898ms
[5.600s][info][gc,cpu         ] GC(181) User=0.16s Sys=0.00s Real=0.05s
[5.610s][info][gc,start       ] GC(182) Pause Young (Allocation Failure)
[5.616s][info][gc,heap        ] GC(182) DefNew: 139776K(157248K)->17269K(157248K) Eden: 139776K(139776K)->0K(139776K) From: 0K(17472K)->17269K(17472K)
[5.616s][info][gc,heap        ] GC(182) Tenured: 308515K(349568K)->318251K(349568K)
[5.616s][info][gc,metaspace   ] GC(182) Metaspace: 29147K(29440K)->29147K(29440K) NonClass: 26011K(26176K)->26011K(26176K) Class: 3135K(3264K)->3135K(3264K)
[5.616s][info][gc             ] GC(182) Pause Young (Allocation Failure) 437M->327M(494M) 6.530ms
[5.616s][info][gc,cpu         ] GC(182) User=0.03s Sys=0.00s Real=0.01s
[5.624s][info][gc,start       ] GC(183) Pause Young (Allocation Failure)
[5.631s][info][gc,heap        ] GC(183) DefNew: 157045K(157248K)->17264K(157248K) Eden: 139776K(139776K)->0K(139776K) From: 17269K(17472K)->17264K(17472K)
[5.631s][info][gc,heap        ] GC(183) Tenured: 318251K(349568K)->338817K(349568K)
[5.631s][info][gc,metaspace   ] GC(183) Metaspace: 29147K(29440K)->29147K(29440K) NonClass: 26011K(26176K)->26011K(26176K) Class: 3135K(3264K)->3135K(3264K)
[5.631s][info][gc             ] GC(183) Pause Young (Allocation Failure) 464M->347M(494M) 6.308ms
[5.631s][info][gc,cpu         ] GC(183) User=0.01s Sys=0.00s Real=0.00s
[5.637s][info][gc,start       ] GC(184) Pause Young (Allocation Failure)
[5.637s][info][gc             ] GC(184) Pause Young (Allocation Failure) 484M->484M(494M) 0.066ms
[5.637s][info][gc,cpu         ] GC(184) User=0.00s Sys=0.00s Real=0.00s
[5.637s][info][gc,start       ] GC(185) Pause Full (Allocation Failure)
[5.637s][info][gc,phases,start] GC(185) Phase 1: Mark live objects
[5.645s][info][gc,phases      ] GC(185) Phase 1: Mark live objects 7.754ms
[5.645s][info][gc,phases,start] GC(185) Phase 2: Compute new object addresses
[5.650s][info][gc,phases      ] GC(185) Phase 2: Compute new object addresses 4.503ms
[5.650s][info][gc,phases,start] GC(185) Phase 3: Adjust pointers
[5.655s][info][gc,phases      ] GC(185) Phase 3: Adjust pointers 5.195ms
[5.655s][info][gc,phases,start] GC(185) Phase 4: Move objects
[5.677s][info][gc,phases      ] GC(185) Phase 4: Move objects 21.654ms
[5.678s][info][gc,heap        ] GC(185) DefNew: 156947K(157248K)->0K(157248K) Eden: 139682K(139776K)->0K(139776K) From: 17264K(17472K)->0K(17472K)
[5.678s][info][gc,heap        ] GC(185) Tenured: 338817K(349568K)->326757K(349568K)
[5.678s][info][gc,metaspace   ] GC(185) Metaspace: 29147K(29440K)->29147K(29440K) NonClass: 26011K(26176K)->26011K(26176K) Class: 3135K(3264K)->3135K(3264K)
[5.678s][info][gc             ] GC(185) Pause Full (Allocation Failure) 484M->319M(494M) 40.191ms
[5.678s][info][gc,cpu         ] GC(185) User=0.06s Sys=0.00s Real=0.04s
[5.684s][info][gc,start       ] GC(186) Pause Young (Allocation Failure)
[5.684s][info][gc             ] GC(186) Pause Young (Allocation Failure) 455M->455M(494M) 0.066ms
[5.684s][info][gc,cpu         ] GC(186) User=0.00s Sys=0.00s Real=0.00s
[5.684s][info][gc,start       ] GC(187) Pause Full (Allocation Failure)
[5.684s][info][gc,phases,start] GC(187) Phase 1: Mark live objects
[5.692s][info][gc,phases      ] GC(187) Phase 1: Mark live objects 7.816ms
[5.692s][info][gc,phases,start] GC(187) Phase 2: Compute new object addresses
[5.696s][info][gc,phases      ] GC(187) Phase 2: Compute new object addresses 4.336ms
[5.697s][info][gc,phases,start] GC(187) Phase 3: Adjust pointers
[5.701s][info][gc,phases      ] GC(187) Phase 3: Adjust pointers 4.923ms
[5.701s][info][gc,phases,start] GC(187) Phase 4: Move objects
[5.723s][info][gc,phases      ] GC(187) Phase 4: Move objects 21.304ms
[5.724s][info][gc,heap        ] GC(187) DefNew: 139773K(157248K)->0K(157248K) Eden: 139773K(139776K)->0K(139776K) From: 0K(17472K)->0K(17472K)
[5.724s][info][gc,heap        ] GC(187) Tenured: 326757K(349568K)->329584K(349568K)
[5.724s][info][gc,metaspace   ] GC(187) Metaspace: 29147K(29440K)->29147K(29440K) NonClass: 26011K(26176K)->26011K(26176K) Class: 3135K(3264K)->3135K(3264K)
[5.724s][info][gc             ] GC(187) Pause Full (Allocation Failure) 455M->321M(494M) 39.524ms
[5.724s][info][gc,cpu         ] GC(187) User=0.04s Sys=0.00s Real=0.04s
[5.731s][info][gc,start       ] GC(188) Pause Young (Allocation Failure)
[5.731s][info][gc             ] GC(188) Pause Young (Allocation Failure) 458M->458M(494M) 0.069ms
[5.731s][info][gc,cpu         ] GC(188) User=0.00s Sys=0.00s Real=0.00s
[5.731s][info][gc,start       ] GC(189) Pause Full (Allocation Failure)
[5.731s][info][gc,phases,start] GC(189) Phase 1: Mark live objects
[5.739s][info][gc,phases      ] GC(189) Phase 1: Mark live objects 8.092ms
[5.739s][info][gc,phases,start] GC(189) Phase 2: Compute new object addresses
[5.743s][info][gc,phases      ] GC(189) Phase 2: Compute new object addresses 4.333ms
[5.743s][info][gc,phases,start] GC(189) Phase 3: Adjust pointers
[5.748s][info][gc,phases      ] GC(189) Phase 3: Adjust pointers 4.894ms
[5.748s][info][gc,phases,start] GC(189) Phase 4: Move objects
[5.772s][info][gc,phases      ] GC(189) Phase 4: Move objects 23.840ms
[5.773s][info][gc,heap        ] GC(189) DefNew: 139776K(157248K)->0K(157248K) Eden: 139776K(139776K)->0K(139776K) From: 0K(17472K)->0K(17472K)
[5.773s][info][gc,heap        ] GC(189) Tenured: 329584K(349568K)->314688K(349568K)
[5.773s][info][gc,metaspace   ] GC(189) Metaspace: 29148K(29440K)->29148K(29440K) NonClass: 26012K(26176K)->26012K(26176K) Class: 3135K(3264K)->3135K(3264K)
[5.773s][info][gc             ] GC(189) Pause Full (Allocation Failure) 458M->307M(494M) 42.331ms
[5.773s][info][gc,cpu         ] GC(189) User=0.05s Sys=0.00s Real=0.04s
[5.780s][info][gc,start       ] GC(190) Pause Young (Allocation Failure)
[5.783s][info][gc,heap        ] GC(190) DefNew: 139776K(157248K)->17270K(157248K) Eden: 139776K(139776K)->0K(139776K) From: 0K(17472K)->17270K(17472K)
[5.783s][info][gc,heap        ] GC(190) Tenured: 314688K(349568K)->325961K(349568K)
[5.783s][info][gc,metaspace   ] GC(190) Metaspace: 29148K(29440K)->29148K(29440K) NonClass: 26012K(26176K)->26012K(26176K) Class: 3135K(3264K)->3135K(3264K)
[5.783s][info][gc             ] GC(190) Pause Young (Allocation Failure) 443M->335M(494M) 3.586ms
[5.783s][info][gc,cpu         ] GC(190) User=0.00s Sys=0.00s Real=0.00s
[5.790s][info][gc,start       ] GC(191) Pause Young (Allocation Failure)
[5.790s][info][gc             ] GC(191) Pause Young (Allocation Failure) 471M->471M(494M) 0.089ms
[5.790s][info][gc,cpu         ] GC(191) User=0.00s Sys=0.00s Real=0.00s
[5.790s][info][gc,start       ] GC(192) Pause Full (Allocation Failure)
[5.790s][info][gc,phases,start] GC(192) Phase 1: Mark live objects
[5.798s][info][gc,phases      ] GC(192) Phase 1: Mark live objects 7.816ms
[5.798s][info][gc,phases,start] GC(192) Phase 2: Compute new object addresses
[5.802s][info][gc,phases      ] GC(192) Phase 2: Compute new object addresses 4.450ms
[5.802s][info][gc,phases,start] GC(192) Phase 3: Adjust pointers
[5.807s][info][gc,phases      ] GC(192) Phase 3: Adjust pointers 5.052ms
[5.807s][info][gc,phases,start] GC(192) Phase 4: Move objects
[5.827s][info][gc,phases      ] GC(192) Phase 4: Move objects 19.934ms
[5.828s][info][gc,heap        ] GC(192) DefNew: 157046K(157248K)->0K(157248K) Eden: 139776K(139776K)->0K(139776K) From: 17270K(17472K)->0K(17472K)
[5.828s][info][gc,heap        ] GC(192) Tenured: 325961K(349568K)->346281K(349568K)
[5.828s][info][gc,metaspace   ] GC(192) Metaspace: 29148K(29440K)->29148K(29440K) NonClass: 26012K(26176K)->26012K(26176K) Class: 3135K(3264K)->3135K(3264K)
[5.828s][info][gc             ] GC(192) Pause Full (Allocation Failure) 471M->338M(494M) 38.533ms
[5.828s][info][gc,cpu         ] GC(192) User=0.05s Sys=0.00s Real=0.04s
[5.835s][info][gc,start       ] GC(193) Pause Young (Allocation Failure)
[5.835s][info][gc             ] GC(193) Pause Young (Allocation Failure) 474M->474M(494M) 0.072ms
[5.835s][info][gc,cpu         ] GC(193) User=0.00s Sys=0.00s Real=0.00s
[5.835s][info][gc,start       ] GC(194) Pause Full (Allocation Failure)
[5.835s][info][gc,phases,start] GC(194) Phase 1: Mark live objects
[5.845s][info][gc,phases      ] GC(194) Phase 1: Mark live objects 9.510ms
[5.845s][info][gc,phases,start] GC(194) Phase 2: Compute new object addresses
[5.849s][info][gc,phases      ] GC(194) Phase 2: Compute new object addresses 4.536ms
[5.850s][info][gc,phases,start] GC(194) Phase 3: Adjust pointers
[5.855s][info][gc,phases      ] GC(194) Phase 3: Adjust pointers 5.249ms
[5.855s][info][gc,phases,start] GC(194) Phase 4: Move objects
[5.877s][info][gc,phases      ] GC(194) Phase 4: Move objects 22.327ms
[5.878s][info][gc,heap        ] GC(194) DefNew: 139776K(157248K)->0K(157248K) Eden: 139776K(139776K)->0K(139776K) From: 0K(17472K)->0K(17472K)
[5.878s][info][gc,heap        ] GC(194) Tenured: 346281K(349568K)->346530K(349568K)
[5.878s][info][gc,metaspace   ] GC(194) Metaspace: 29148K(29440K)->29148K(29440K) NonClass: 26012K(26176K)->26012K(26176K) Class: 3135K(3264K)->3135K(3264K)
[5.878s][info][gc             ] GC(194) Pause Full (Allocation Failure) 474M->338M(494M) 42.872ms
[5.878s][info][gc,cpu         ] GC(194) User=0.05s Sys=0.00s Real=0.05s
[5.885s][info][gc,start       ] GC(195) Pause Young (Allocation Failure)
[5.885s][info][gc             ] GC(195) Pause Young (Allocation Failure) 474M->474M(494M) 0.075ms
[5.885s][info][gc,cpu         ] GC(195) User=0.00s Sys=0.00s Real=0.00s
[5.885s][info][gc,start       ] GC(196) Pause Full (Allocation Failure)
[5.885s][info][gc,phases,start] GC(196) Phase 1: Mark live objects
[5.893s][info][gc,phases      ] GC(196) Phase 1: Mark live objects 7.916ms
[5.893s][info][gc,phases,start] GC(196) Phase 2: Compute new object addresses
[5.897s][info][gc,phases      ] GC(196) Phase 2: Compute new object addresses 4.327ms
[5.897s][info][gc,phases,start] GC(196) Phase 3: Adjust pointers
[5.902s][info][gc,phases      ] GC(196) Phase 3: Adjust pointers 4.753ms
[5.902s][info][gc,phases,start] GC(196) Phase 4: Move objects
[5.924s][info][gc,phases      ] GC(196) Phase 4: Move objects 21.437ms
[5.925s][info][gc,heap        ] GC(196) DefNew: 139776K(157248K)->769K(157248K) Eden: 139776K(139776K)->769K(139776K) From: 0K(17472K)->0K(17472K)
[5.925s][info][gc,heap        ] GC(196) Tenured: 346530K(349568K)->349366K(349568K)
[5.925s][info][gc,metaspace   ] GC(196) Metaspace: 29148K(29440K)->29148K(29440K) NonClass: 26012K(26176K)->26012K(26176K) Class: 3135K(3264K)->3135K(3264K)
[5.925s][info][gc             ] GC(196) Pause Full (Allocation Failure) 474M->341M(494M) 39.574ms
[5.925s][info][gc,cpu         ] GC(196) User=0.04s Sys=0.00s Real=0.04s
[5.936s][info][gc,start       ] GC(197) Pause Full (Allocation Failure)
[5.936s][info][gc,phases,start] GC(197) Phase 1: Mark live objects
[5.944s][info][gc,phases      ] GC(197) Phase 1: Mark live objects 7.918ms
[5.944s][info][gc,phases,start] GC(197) Phase 2: Compute new object addresses
[5.949s][info][gc,phases      ] GC(197) Phase 2: Compute new object addresses 4.814ms
[5.949s][info][gc,phases,start] GC(197) Phase 3: Adjust pointers
[5.955s][info][gc,phases      ] GC(197) Phase 3: Adjust pointers 5.636ms
[5.955s][info][gc,phases,start] GC(197) Phase 4: Move objects
[5.981s][info][gc,phases      ] GC(197) Phase 4: Move objects 26.241ms
[5.982s][info][gc,heap        ] GC(197) DefNew: 157183K(157248K)->0K(157248K) Eden: 139776K(139776K)->0K(139776K) From: 17407K(17472K)->0K(17472K)
[5.982s][info][gc,heap        ] GC(197) Tenured: 349366K(349568K)->334982K(349568K)
[5.982s][info][gc,metaspace   ] GC(197) Metaspace: 29148K(29440K)->29148K(29440K) NonClass: 26012K(26176K)->26012K(26176K) Class: 3135K(3264K)->3135K(3264K)
[5.982s][info][gc             ] GC(197) Pause Full (Allocation Failure) 494M->327M(494M) 45.925ms
[5.982s][info][gc,cpu         ] GC(197) User=0.08s Sys=0.01s Real=0.04s
[5.989s][info][gc,start       ] GC(198) Pause Young (Allocation Failure)
[5.989s][info][gc             ] GC(198) Pause Young (Allocation Failure) 463M->463M(494M) 0.076ms
[5.989s][info][gc,cpu         ] GC(198) User=0.00s Sys=0.00s Real=0.00s
[5.989s][info][gc,start       ] GC(199) Pause Full (Allocation Failure)
[5.989s][info][gc,phases,start] GC(199) Phase 1: Mark live objects
[5.997s][info][gc,phases      ] GC(199) Phase 1: Mark live objects 7.651ms
[5.997s][info][gc,phases,start] GC(199) Phase 2: Compute new object addresses
[6.002s][info][gc,phases      ] GC(199) Phase 2: Compute new object addresses 4.365ms
[6.002s][info][gc,phases,start] GC(199) Phase 3: Adjust pointers
[6.007s][info][gc,phases      ] GC(199) Phase 3: Adjust pointers 4.968ms
[6.007s][info][gc,phases,start] GC(199) Phase 4: Move objects
[6.018s][info][gc,phases      ] GC(199) Phase 4: Move objects 11.728ms
[6.019s][info][gc,heap        ] GC(199) DefNew: 139776K(157248K)->6415K(157248K) Eden: 139776K(139776K)->6415K(139776K) From: 0K(17472K)->0K(17472K)
[6.019s][info][gc,heap        ] GC(199) Tenured: 334982K(349568K)->349370K(349568K)
[6.019s][info][gc,metaspace   ] GC(199) Metaspace: 29148K(29440K)->29148K(29440K) NonClass: 26012K(26176K)->26012K(26176K) Class: 3135K(3264K)->3135K(3264K)
[6.019s][info][gc             ] GC(199) Pause Full (Allocation Failure) 463M->347M(494M) 29.735ms
[6.019s][info][gc,cpu         ] GC(199) User=0.04s Sys=0.00s Real=0.03s
[6.026s][info][gc,start       ] GC(200) Pause Full (Allocation Failure)
[6.026s][info][gc,phases,start] GC(200) Phase 1: Mark live objects
[6.034s][info][gc,phases      ] GC(200) Phase 1: Mark live objects 7.713ms
[6.034s][info][gc,phases,start] GC(200) Phase 2: Compute new object addresses
[6.038s][info][gc,phases      ] GC(200) Phase 2: Compute new object addresses 4.680ms
[6.038s][info][gc,phases,start] GC(200) Phase 3: Adjust pointers
[6.043s][info][gc,phases      ] GC(200) Phase 3: Adjust pointers 5.009ms
[6.044s][info][gc,phases,start] GC(200) Phase 4: Move objects
[6.065s][info][gc,phases      ] GC(200) Phase 4: Move objects 21.891ms
[6.066s][info][gc,heap        ] GC(200) DefNew: 157015K(157248K)->9247K(157248K) Eden: 139776K(139776K)->9247K(139776K) From: 17239K(17472K)->0K(17472K)
[6.066s][info][gc,heap        ] GC(200) Tenured: 349370K(349568K)->349362K(349568K)
[6.066s][info][gc,metaspace   ] GC(200) Metaspace: 29153K(29440K)->29153K(29440K) NonClass: 26018K(26176K)->26018K(26176K) Class: 3135K(3264K)->3135K(3264K)
[6.066s][info][gc             ] GC(200) Pause Full (Allocation Failure) 494M->350M(494M) 40.396ms
[6.066s][info][gc,cpu         ] GC(200) User=0.05s Sys=0.00s Real=0.04s
[6.077s][info][gc,start       ] GC(201) Pause Full (Allocation Failure)
[6.077s][info][gc,phases,start] GC(201) Phase 1: Mark live objects
[6.085s][info][gc,phases      ] GC(201) Phase 1: Mark live objects 7.927ms
[6.085s][info][gc,phases,start] GC(201) Phase 2: Compute new object addresses
[6.090s][info][gc,phases      ] GC(201) Phase 2: Compute new object addresses 4.653ms
[6.090s][info][gc,phases,start] GC(201) Phase 3: Adjust pointers
[6.095s][info][gc,phases      ] GC(201) Phase 3: Adjust pointers 5.433ms
[6.095s][info][gc,phases,start] GC(201) Phase 4: Move objects
[6.122s][info][gc,phases      ] GC(201) Phase 4: Move objects 26.072ms
[6.122s][info][gc,heap        ] GC(201) DefNew: 156504K(157248K)->7200K(157248K) Eden: 139776K(139776K)->7200K(139776K) From: 16728K(17472K)->0K(17472K)
[6.122s][info][gc,heap        ] GC(201) Tenured: 349362K(349568K)->349419K(349568K)
[6.122s][info][gc,metaspace   ] GC(201) Metaspace: 29174K(29440K)->29174K(29440K) NonClass: 26035K(26176K)->26035K(26176K) Class: 3138K(3264K)->3138K(3264K)
[6.123s][info][gc             ] GC(201) Pause Full (Allocation Failure) 494M->348M(494M) 45.243ms
[6.123s][info][gc,cpu         ] GC(201) User=0.04s Sys=0.00s Real=0.04s
[6.138s][info][gc,start       ] GC(202) Pause Full (Allocation Failure)
[6.138s][info][gc,phases,start] GC(202) Phase 1: Mark live objects
[6.147s][info][gc,phases      ] GC(202) Phase 1: Mark live objects 8.968ms
[6.147s][info][gc,phases,start] GC(202) Phase 2: Compute new object addresses
[6.151s][info][gc,phases      ] GC(202) Phase 2: Compute new object addresses 4.499ms
[6.151s][info][gc,phases,start] GC(202) Phase 3: Adjust pointers
[6.157s][info][gc,phases      ] GC(202) Phase 3: Adjust pointers 5.379ms
[6.157s][info][gc,phases,start] GC(202) Phase 4: Move objects
[6.188s][info][gc,phases      ] GC(202) Phase 4: Move objects 30.686ms
[6.188s][info][gc,heap        ] GC(202) DefNew: 157051K(157248K)->0K(157248K) Eden: 139776K(139776K)->0K(139776K) From: 17275K(17472K)->0K(17472K)
[6.188s][info][gc,heap        ] GC(202) Tenured: 349419K(349568K)->348950K(349568K)
[6.188s][info][gc,metaspace   ] GC(202) Metaspace: 29209K(29504K)->29209K(29504K) NonClass: 26066K(26240K)->26066K(26240K) Class: 3143K(3264K)->3143K(3264K)
[6.189s][info][gc             ] GC(202) Pause Full (Allocation Failure) 494M->340M(494M) 50.657ms
[6.189s][info][gc,cpu         ] GC(202) User=0.06s Sys=0.00s Real=0.05s
[6.196s][info][gc,start       ] GC(203) Pause Young (Allocation Failure)
[6.196s][info][gc             ] GC(203) Pause Young (Allocation Failure) 477M->477M(494M) 0.132ms
[6.196s][info][gc,cpu         ] GC(203) User=0.01s Sys=0.00s Real=0.01s
[6.196s][info][gc,start       ] GC(204) Pause Full (Allocation Failure)
[6.196s][info][gc,phases,start] GC(204) Phase 1: Mark live objects
[6.204s][info][gc,phases      ] GC(204) Phase 1: Mark live objects 7.957ms
[6.204s][info][gc,phases,start] GC(204) Phase 2: Compute new object addresses
[6.208s][info][gc,phases      ] GC(204) Phase 2: Compute new object addresses 4.338ms
[6.208s][info][gc,phases,start] GC(204) Phase 3: Adjust pointers
[6.215s][info][gc,phases      ] GC(204) Phase 3: Adjust pointers 7.212ms
[6.215s][info][gc,phases,start] GC(204) Phase 4: Move objects
[6.218s][info][gc,phases      ] GC(204) Phase 4: Move objects 2.541ms
[6.219s][info][gc,heap        ] GC(204) DefNew: 139537K(157248K)->20849K(157248K) Eden: 139537K(139776K)->20849K(139776K) From: 0K(17472K)->0K(17472K)
[6.219s][info][gc,heap        ] GC(204) Tenured: 348950K(349568K)->349466K(349568K)
[6.219s][info][gc,metaspace   ] GC(204) Metaspace: 29226K(29568K)->29226K(29568K) NonClass: 26079K(26240K)->26079K(26240K) Class: 3146K(3328K)->3146K(3328K)
[6.219s][info][gc             ] GC(204) Pause Full (Allocation Failure) 477M->361M(494M) 23.133ms
[6.219s][info][gc,cpu         ] GC(204) User=0.02s Sys=0.00s Real=0.02s
[6.230s][info][gc,start       ] GC(205) Pause Full (Allocation Failure)
[6.230s][info][gc,phases,start] GC(205) Phase 1: Mark live objects
[6.237s][info][gc,phases      ] GC(205) Phase 1: Mark live objects 7.355ms
[6.237s][info][gc,phases,start] GC(205) Phase 2: Compute new object addresses
[6.241s][info][gc,phases      ] GC(205) Phase 2: Compute new object addresses 4.337ms
[6.242s][info][gc,phases,start] GC(205) Phase 3: Adjust pointers
[6.247s][info][gc,phases      ] GC(205) Phase 3: Adjust pointers 5.001ms
[6.247s][info][gc,phases,start] GC(205) Phase 4: Move objects
[6.269s][info][gc,phases      ] GC(205) Phase 4: Move objects 22.826ms
[6.270s][info][gc,heap        ] GC(205) DefNew: 157130K(157248K)->17789K(157248K) Eden: 139776K(139776K)->17789K(139776K) From: 17354K(17472K)->0K(17472K)
[6.270s][info][gc,heap        ] GC(205) Tenured: 349466K(349568K)->349450K(349568K)
[6.270s][info][gc,metaspace   ] GC(205) Metaspace: 29255K(29568K)->29255K(29568K) NonClass: 26103K(26240K)->26103K(26240K) Class: 3152K(3328K)->3152K(3328K)
[6.270s][info][gc             ] GC(205) Pause Full (Allocation Failure) 494M->358M(494M) 40.633ms
[6.270s][info][gc,cpu         ] GC(205) User=0.05s Sys=0.00s Real=0.04s
[6.281s][info][gc,start       ] GC(206) Pause Full (Allocation Failure)
[6.281s][info][gc,phases,start] GC(206) Phase 1: Mark live objects
[6.290s][info][gc,phases      ] GC(206) Phase 1: Mark live objects 8.868ms
[6.290s][info][gc,phases,start] GC(206) Phase 2: Compute new object addresses
[6.295s][info][gc,phases      ] GC(206) Phase 2: Compute new object addresses 4.416ms
[6.295s][info][gc,phases,start] GC(206) Phase 3: Adjust pointers
[6.300s][info][gc,phases      ] GC(206) Phase 3: Adjust pointers 5.252ms
[6.300s][info][gc,phases,start] GC(206) Phase 4: Move objects
[6.324s][info][gc,phases      ] GC(206) Phase 4: Move objects 24.167ms
[6.325s][info][gc,heap        ] GC(206) DefNew: 157061K(157248K)->15182K(157248K) Eden: 139776K(139776K)->15182K(139776K) From: 17285K(17472K)->0K(17472K)
[6.325s][info][gc,heap        ] GC(206) Tenured: 349450K(349568K)->349431K(349568K)
[6.325s][info][gc,metaspace   ] GC(206) Metaspace: 29285K(29632K)->29285K(29632K) NonClass: 26132K(26304K)->26132K(26304K) Class: 3152K(3328K)->3152K(3328K)
[6.325s][info][gc             ] GC(206) Pause Full (Allocation Failure) 494M->356M(494M) 43.844ms
[6.325s][info][gc,cpu         ] GC(206) User=0.05s Sys=0.00s Real=0.05s
[6.333s][info][gc,start       ] GC(207) Pause Full (Allocation Failure)
[6.333s][info][gc,phases,start] GC(207) Phase 1: Mark live objects
[6.341s][info][gc,phases      ] GC(207) Phase 1: Mark live objects 8.330ms
[6.341s][info][gc,phases,start] GC(207) Phase 2: Compute new object addresses
[6.346s][info][gc,phases      ] GC(207) Phase 2: Compute new object addresses 4.928ms
[6.346s][info][gc,phases,start] GC(207) Phase 3: Adjust pointers
[6.351s][info][gc,phases      ] GC(207) Phase 3: Adjust pointers 5.057ms
[6.351s][info][gc,phases,start] GC(207) Phase 4: Move objects
[6.378s][info][gc,phases      ] GC(207) Phase 4: Move objects 27.011ms
[6.379s][info][gc,heap        ] GC(207) DefNew: 157001K(157248K)->6422K(157248K) Eden: 139776K(139776K)->6422K(139776K) From: 17225K(17472K)->0K(17472K)
[6.379s][info][gc,heap        ] GC(207) Tenured: 349431K(349568K)->349444K(349568K)
[6.380s][info][gc,metaspace   ] GC(207) Metaspace: 29285K(29632K)->29285K(29632K) NonClass: 26132K(26304K)->26132K(26304K) Class: 3152K(3328K)->3152K(3328K)
[6.380s][info][gc             ] GC(207) Pause Full (Allocation Failure) 494M->347M(494M) 46.624ms
[6.380s][info][gc,cpu         ] GC(207) User=0.06s Sys=0.00s Real=0.05s
[6.390s][info][gc,start       ] GC(208) Pause Full (Allocation Failure)
[6.390s][info][gc,phases,start] GC(208) Phase 1: Mark live objects
[6.398s][info][gc,phases      ] GC(208) Phase 1: Mark live objects 8.129ms
[6.398s][info][gc,phases,start] GC(208) Phase 2: Compute new object addresses
[6.403s][info][gc,phases      ] GC(208) Phase 2: Compute new object addresses 4.492ms
[6.403s][info][gc,phases,start] GC(208) Phase 3: Adjust pointers
[6.409s][info][gc,phases      ] GC(208) Phase 3: Adjust pointers 5.741ms
[6.409s][info][gc,phases,start] GC(208) Phase 4: Move objects
[6.413s][info][gc,phases      ] GC(208) Phase 4: Move objects 3.999ms
[6.414s][info][gc,heap        ] GC(208) DefNew: 156643K(157248K)->28544K(157248K) Eden: 139776K(139776K)->28544K(139776K) From: 16867K(17472K)->0K(17472K)
[6.414s][info][gc,heap        ] GC(208) Tenured: 349444K(349568K)->349415K(349568K)
[6.414s][info][gc,metaspace   ] GC(208) Metaspace: 29285K(29632K)->29285K(29632K) NonClass: 26132K(26304K)->26132K(26304K) Class: 3152K(3328K)->3152K(3328K)
[6.414s][info][gc             ] GC(208) Pause Full (Allocation Failure) 494M->369M(494M) 23.567ms
[6.414s][info][gc,cpu         ] GC(208) User=0.06s Sys=0.00s Real=0.02s
[6.425s][info][gc,start       ] GC(209) Pause Full (Allocation Failure)
[6.425s][info][gc,phases,start] GC(209) Phase 1: Mark live objects
[6.432s][info][gc,phases      ] GC(209) Phase 1: Mark live objects 7.589ms
[6.432s][info][gc,phases,start] GC(209) Phase 2: Compute new object addresses
[6.437s][info][gc,phases      ] GC(209) Phase 2: Compute new object addresses 4.294ms
[6.437s][info][gc,phases,start] GC(209) Phase 3: Adjust pointers
[6.441s][info][gc,phases      ] GC(209) Phase 3: Adjust pointers 4.923ms
[6.442s][info][gc,phases,start] GC(209) Phase 4: Move objects
[6.466s][info][gc,phases      ] GC(209) Phase 4: Move objects 24.462ms
[6.467s][info][gc,heap        ] GC(209) DefNew: 157144K(157248K)->25207K(157248K) Eden: 139776K(139776K)->25207K(139776K) From: 17368K(17472K)->0K(17472K)
[6.467s][info][gc,heap        ] GC(209) Tenured: 349415K(349568K)->349415K(349568K)
[6.467s][info][gc,metaspace   ] GC(209) Metaspace: 29285K(29632K)->29285K(29632K) NonClass: 26132K(26304K)->26132K(26304K) Class: 3152K(3328K)->3152K(3328K)
[6.467s][info][gc             ] GC(209) Pause Full (Allocation Failure) 494M->365M(494M) 42.518ms
[6.467s][info][gc,cpu         ] GC(209) User=0.05s Sys=0.00s Real=0.04s
[6.477s][info][gc,start       ] GC(210) Pause Full (Allocation Failure)
[6.478s][info][gc,phases,start] GC(210) Phase 1: Mark live objects
[6.486s][info][gc,phases      ] GC(210) Phase 1: Mark live objects 8.042ms
[6.486s][info][gc,phases,start] GC(210) Phase 2: Compute new object addresses
[6.490s][info][gc,phases      ] GC(210) Phase 2: Compute new object addresses 3.954ms
[6.490s][info][gc,phases,start] GC(210) Phase 3: Adjust pointers
[6.495s][info][gc,phases      ] GC(210) Phase 3: Adjust pointers 5.458ms
[6.495s][info][gc,phases,start] GC(210) Phase 4: Move objects
[6.521s][info][gc,phases      ] GC(210) Phase 4: Move objects 25.882ms
[6.522s][info][gc,heap        ] GC(210) DefNew: 156375K(157248K)->31857K(157248K) Eden: 139776K(139776K)->31857K(139776K) From: 16599K(17472K)->0K(17472K)
[6.522s][info][gc,heap        ] GC(210) Tenured: 349415K(349568K)->348903K(349568K)
[6.522s][info][gc,metaspace   ] GC(210) Metaspace: 29285K(29632K)->29285K(29632K) NonClass: 26132K(26304K)->26132K(26304K) Class: 3152K(3328K)->3152K(3328K)
[6.522s][info][gc             ] GC(210) Pause Full (Allocation Failure) 493M->371M(494M) 44.446ms
[6.522s][info][gc,cpu         ] GC(210) User=0.05s Sys=0.00s Real=0.04s
[6.532s][info][gc,start       ] GC(211) Pause Full (Allocation Failure)
[6.533s][info][gc,phases,start] GC(211) Phase 1: Mark live objects
[6.540s][info][gc,phases      ] GC(211) Phase 1: Mark live objects 7.794ms
[6.540s][info][gc,phases,start] GC(211) Phase 2: Compute new object addresses
[6.545s][info][gc,phases      ] GC(211) Phase 2: Compute new object addresses 4.218ms
[6.545s][info][gc,phases,start] GC(211) Phase 3: Adjust pointers
[6.550s][info][gc,phases      ] GC(211) Phase 3: Adjust pointers 5.364ms
[6.550s][info][gc,phases,start] GC(211) Phase 4: Move objects
[6.578s][info][gc,phases      ] GC(211) Phase 4: Move objects 27.671ms
[6.579s][info][gc,heap        ] GC(211) DefNew: 156673K(157248K)->11062K(157248K) Eden: 139775K(139776K)->11062K(139776K) From: 16897K(17472K)->0K(17472K)
[6.579s][info][gc,heap        ] GC(211) Tenured: 348903K(349568K)->349397K(349568K)
[6.579s][info][gc,metaspace   ] GC(211) Metaspace: 29285K(29632K)->29285K(29632K) NonClass: 26132K(26304K)->26132K(26304K) Class: 3152K(3328K)->3152K(3328K)
[6.579s][info][gc             ] GC(211) Pause Full (Allocation Failure) 493M->352M(494M) 46.251ms
[6.579s][info][gc,cpu         ] GC(211) User=0.05s Sys=0.00s Real=0.05s
[6.589s][info][gc,start       ] GC(212) Pause Full (Allocation Failure)
[6.589s][info][gc,phases,start] GC(212) Phase 1: Mark live objects
[6.597s][info][gc,phases      ] GC(212) Phase 1: Mark live objects 7.643ms
[6.597s][info][gc,phases,start] GC(212) Phase 2: Compute new object addresses
[6.601s][info][gc,phases      ] GC(212) Phase 2: Compute new object addresses 4.372ms
[6.601s][info][gc,phases,start] GC(212) Phase 3: Adjust pointers
[6.607s][info][gc,phases      ] GC(212) Phase 3: Adjust pointers 5.419ms
[6.607s][info][gc,phases,start] GC(212) Phase 4: Move objects
[6.626s][info][gc,phases      ] GC(212) Phase 4: Move objects 18.841ms
[6.627s][info][gc,heap        ] GC(212) DefNew: 156280K(157248K)->28800K(157248K) Eden: 139776K(139776K)->28800K(139776K) From: 16504K(17472K)->0K(17472K)
[6.627s][info][gc,heap        ] GC(212) Tenured: 349397K(349568K)->349387K(349568K)
[6.627s][info][gc,metaspace   ] GC(212) Metaspace: 29286K(29632K)->29286K(29632K) NonClass: 26133K(26304K)->26133K(26304K) Class: 3152K(3328K)->3152K(3328K)
[6.627s][info][gc             ] GC(212) Pause Full (Allocation Failure) 493M->369M(494M) 37.392ms
[6.627s][info][gc,cpu         ] GC(212) User=0.09s Sys=0.00s Real=0.04s
[6.637s][info][gc,start       ] GC(213) Pause Full (Allocation Failure)
[6.637s][info][gc,phases,start] GC(213) Phase 1: Mark live objects
[6.645s][info][gc,phases      ] GC(213) Phase 1: Mark live objects 7.538ms
[6.645s][info][gc,phases,start] GC(213) Phase 2: Compute new object addresses
[6.649s][info][gc,phases      ] GC(213) Phase 2: Compute new object addresses 4.180ms
[6.649s][info][gc,phases,start] GC(213) Phase 3: Adjust pointers
[6.654s][info][gc,phases      ] GC(213) Phase 3: Adjust pointers 5.355ms
[6.655s][info][gc,phases,start] GC(213) Phase 4: Move objects
[6.679s][info][gc,phases      ] GC(213) Phase 4: Move objects 24.420ms
[6.680s][info][gc,heap        ] GC(213) DefNew: 157143K(157248K)->24951K(157248K) Eden: 139776K(139776K)->24951K(139776K) From: 17367K(17472K)->0K(17472K)
[6.680s][info][gc,heap        ] GC(213) Tenured: 349387K(349568K)->349385K(349568K)
[6.680s][info][gc,metaspace   ] GC(213) Metaspace: 29286K(29632K)->29286K(29632K) NonClass: 26133K(26304K)->26133K(26304K) Class: 3152K(3328K)->3152K(3328K)
[6.680s][info][gc             ] GC(213) Pause Full (Allocation Failure) 494M->365M(494M) 42.661ms
[6.680s][info][gc,cpu         ] GC(213) User=0.05s Sys=0.00s Real=0.04s
[6.691s][info][gc,start       ] GC(214) Pause Full (Allocation Failure)
[6.691s][info][gc,phases,start] GC(214) Phase 1: Mark live objects
[6.700s][info][gc,phases      ] GC(214) Phase 1: Mark live objects 9.483ms
[6.700s][info][gc,phases,start] GC(214) Phase 2: Compute new object addresses
[6.705s][info][gc,phases      ] GC(214) Phase 2: Compute new object addresses 4.467ms
[6.705s][info][gc,phases,start] GC(214) Phase 3: Adjust pointers
[6.710s][info][gc,phases      ] GC(214) Phase 3: Adjust pointers 5.340ms
[6.710s][info][gc,phases,start] GC(214) Phase 4: Move objects
[6.739s][info][gc,phases      ] GC(214) Phase 4: Move objects 28.983ms
[6.740s][info][gc,heap        ] GC(214) DefNew: 156343K(157248K)->19555K(157248K) Eden: 139776K(139776K)->19555K(139776K) From: 16567K(17472K)->0K(17472K)
[6.740s][info][gc,heap        ] GC(214) Tenured: 349385K(349568K)->349394K(349568K)
[6.740s][info][gc,metaspace   ] GC(214) Metaspace: 29286K(29632K)->29286K(29632K) NonClass: 26133K(26304K)->26133K(26304K) Class: 3152K(3328K)->3152K(3328K)
[6.740s][info][gc             ] GC(214) Pause Full (Allocation Failure) 493M->360M(494M) 49.591ms
[6.740s][info][gc,cpu         ] GC(214) User=0.09s Sys=0.00s Real=0.05s
[6.748s][info][gc,start       ] GC(215) Pause Full (Allocation Failure)
[6.748s][info][gc,phases,start] GC(215) Phase 1: Mark live objects
[6.756s][info][gc,phases      ] GC(215) Phase 1: Mark live objects 8.420ms
[6.756s][info][gc,phases,start] GC(215) Phase 2: Compute new object addresses
[6.761s][info][gc,phases      ] GC(215) Phase 2: Compute new object addresses 4.609ms
[6.761s][info][gc,phases,start] GC(215) Phase 3: Adjust pointers
[6.767s][info][gc,phases      ] GC(215) Phase 3: Adjust pointers 6.073ms
[6.767s][info][gc,phases,start] GC(215) Phase 4: Move objects
[6.797s][info][gc,phases      ] GC(215) Phase 4: Move objects 29.970ms
[6.798s][info][gc,heap        ] GC(215) DefNew: 157060K(157248K)->10280K(157248K) Eden: 139776K(139776K)->10280K(139776K) From: 17284K(17472K)->0K(17472K)
[6.798s][info][gc,heap        ] GC(215) Tenured: 349394K(349568K)->349406K(349568K)
[6.798s][info][gc,metaspace   ] GC(215) Metaspace: 29286K(29632K)->29286K(29632K) NonClass: 26133K(26304K)->26133K(26304K) Class: 3152K(3328K)->3152K(3328K)
[6.798s][info][gc             ] GC(215) Pause Full (Allocation Failure) 494M->351M(494M) 50.318ms
[6.798s][info][gc,cpu         ] GC(215) User=0.05s Sys=0.00s Real=0.05s
[6.806s][info][gc,start       ] GC(216) Pause Full (Allocation Failure)
[6.806s][info][gc,phases,start] GC(216) Phase 1: Mark live objects
[6.820s][info][gc,phases      ] GC(216) Phase 1: Mark live objects 13.334ms
[6.820s][info][gc,phases,start] GC(216) Phase 2: Compute new object addresses
[6.824s][info][gc,phases      ] GC(216) Phase 2: Compute new object addresses 4.875ms
[6.825s][info][gc,phases,start] GC(216) Phase 3: Adjust pointers
[6.830s][info][gc,phases      ] GC(216) Phase 3: Adjust pointers 5.685ms
[6.830s][info][gc,phases,start] GC(216) Phase 4: Move objects
[6.853s][info][gc,phases      ] GC(216) Phase 4: Move objects 22.792ms
[6.854s][info][gc,heap        ] GC(216) DefNew: 157031K(157248K)->30591K(157248K) Eden: 139776K(139776K)->30591K(139776K) From: 17255K(17472K)->0K(17472K)
[6.854s][info][gc,heap        ] GC(216) Tenured: 349406K(349568K)->349386K(349568K)
[6.854s][info][gc,metaspace   ] GC(216) Metaspace: 29286K(29632K)->29286K(29632K) NonClass: 26133K(26304K)->26133K(26304K) Class: 3152K(3328K)->3152K(3328K)
[6.854s][info][gc             ] GC(216) Pause Full (Allocation Failure) 494M->371M(494M) 48.078ms
[6.854s][info][gc,cpu         ] GC(216) User=0.06s Sys=0.00s Real=0.04s
[6.865s][info][gc,start       ] GC(217) Pause Full (Allocation Failure)
[6.865s][info][gc,phases,start] GC(217) Phase 1: Mark live objects
[6.873s][info][gc,phases      ] GC(217) Phase 1: Mark live objects 7.848ms
[6.873s][info][gc,phases,start] GC(217) Phase 2: Compute new object addresses
[6.877s][info][gc,phases      ] GC(217) Phase 2: Compute new object addresses 4.124ms
[6.877s][info][gc,phases,start] GC(217) Phase 3: Adjust pointers
[6.882s][info][gc,phases      ] GC(217) Phase 3: Adjust pointers 5.155ms
[6.882s][info][gc,phases,start] GC(217) Phase 4: Move objects
[6.906s][info][gc,phases      ] GC(217) Phase 4: Move objects 23.671ms
[6.907s][info][gc,heap        ] GC(217) DefNew: 156410K(157248K)->26515K(157248K) Eden: 139776K(139776K)->26515K(139776K) From: 16634K(17472K)->0K(17472K)
[6.907s][info][gc,heap        ] GC(217) Tenured: 349386K(349568K)->349387K(349568K)
[6.907s][info][gc,metaspace   ] GC(217) Metaspace: 29316K(29632K)->29316K(29632K) NonClass: 26156K(26304K)->26156K(26304K) Class: 3160K(3328K)->3160K(3328K)
[6.907s][info][gc             ] GC(217) Pause Full (Allocation Failure) 493M->367M(494M) 41.927ms
[6.907s][info][gc,cpu         ] GC(217) User=0.04s Sys=0.00s Real=0.04s
[6.916s][info][gc,start       ] GC(218) Pause Full (Allocation Failure)
[6.916s][info][gc,phases,start] GC(218) Phase 1: Mark live objects
[6.924s][info][gc,phases      ] GC(218) Phase 1: Mark live objects 8.217ms
[6.924s][info][gc,phases,start] GC(218) Phase 2: Compute new object addresses
[6.928s][info][gc,phases      ] GC(218) Phase 2: Compute new object addresses 4.129ms
[6.928s][info][gc,phases,start] GC(218) Phase 3: Adjust pointers
[6.933s][info][gc,phases      ] GC(218) Phase 3: Adjust pointers 4.966ms
[6.933s][info][gc,phases,start] GC(218) Phase 4: Move objects
[6.957s][info][gc,phases      ] GC(218) Phase 4: Move objects 24.023ms
[6.958s][info][gc,heap        ] GC(218) DefNew: 156792K(157248K)->30618K(157248K) Eden: 139776K(139776K)->30618K(139776K) From: 17016K(17472K)->0K(17472K)
[6.958s][info][gc,heap        ] GC(218) Tenured: 349387K(349568K)->349399K(349568K)
[6.958s][info][gc,metaspace   ] GC(218) Metaspace: 29346K(29696K)->29346K(29696K) NonClass: 26180K(26368K)->26180K(26368K) Class: 3165K(3328K)->3165K(3328K)
[6.958s][info][gc             ] GC(218) Pause Full (Allocation Failure) 494M->371M(494M) 42.486ms
[6.958s][info][gc,cpu         ] GC(218) User=0.05s Sys=0.00s Real=0.05s
[6.968s][info][gc,start       ] GC(219) Pause Full (Allocation Failure)
[6.968s][info][gc,phases,start] GC(219) Phase 1: Mark live objects
[6.976s][info][gc,phases      ] GC(219) Phase 1: Mark live objects 7.996ms
[6.976s][info][gc,phases,start] GC(219) Phase 2: Compute new object addresses
[6.980s][info][gc,phases      ] GC(219) Phase 2: Compute new object addresses 4.308ms
[6.980s][info][gc,phases,start] GC(219) Phase 3: Adjust pointers
[6.986s][info][gc,phases      ] GC(219) Phase 3: Adjust pointers 5.714ms
[6.986s][info][gc,phases,start] GC(219) Phase 4: Move objects
[7.018s][info][gc,phases      ] GC(219) Phase 4: Move objects 31.505ms
[7.019s][info][gc,heap        ] GC(219) DefNew: 156906K(157248K)->11591K(157248K) Eden: 139776K(139776K)->11591K(139776K) From: 17130K(17472K)->0K(17472K)
[7.019s][info][gc,heap        ] GC(219) Tenured: 349399K(349568K)->349419K(349568K)
[7.019s][info][gc,metaspace   ] GC(219) Metaspace: 29359K(29696K)->29359K(29696K) NonClass: 26188K(26368K)->26188K(26368K) Class: 3170K(3328K)->3170K(3328K)
[7.019s][info][gc             ] GC(219) Pause Full (Allocation Failure) 494M->352M(494M) 50.936ms
[7.019s][info][gc,cpu         ] GC(219) User=0.09s Sys=0.00s Real=0.05s
[7.029s][info][gc,start       ] GC(220) Pause Full (Allocation Failure)
[7.029s][info][gc,phases,start] GC(220) Phase 1: Mark live objects
[7.038s][info][gc,phases      ] GC(220) Phase 1: Mark live objects 8.141ms
[7.038s][info][gc,phases,start] GC(220) Phase 2: Compute new object addresses
[7.042s][info][gc,phases      ] GC(220) Phase 2: Compute new object addresses 4.414ms
[7.042s][info][gc,phases,start] GC(220) Phase 3: Adjust pointers
[7.047s][info][gc,phases      ] GC(220) Phase 3: Adjust pointers 5.016ms
[7.047s][info][gc,phases,start] GC(220) Phase 4: Move objects
[7.065s][info][gc,phases      ] GC(220) Phase 4: Move objects 17.872ms
[7.066s][info][gc,heap        ] GC(220) DefNew: 157248K(157248K)->30349K(157248K) Eden: 139776K(139776K)->30349K(139776K) From: 17472K(17472K)->0K(17472K)
[7.066s][info][gc,heap        ] GC(220) Tenured: 349538K(349568K)->349427K(349568K)
[7.066s][info][gc,metaspace   ] GC(220) Metaspace: 29409K(29760K)->29409K(29760K) NonClass: 26228K(26432K)->26228K(26432K) Class: 3180K(3328K)->3180K(3328K)
[7.066s][info][gc             ] GC(220) Pause Full (Allocation Failure) 494M->370M(494M) 36.642ms
[7.066s][info][gc,cpu         ] GC(220) User=0.04s Sys=0.00s Real=0.04s
[7.077s][info][gc,start       ] GC(221) Pause Full (Allocation Failure)
[7.077s][info][gc,phases,start] GC(221) Phase 1: Mark live objects
[7.086s][info][gc,phases      ] GC(221) Phase 1: Mark live objects 8.688ms
[7.086s][info][gc,phases,start] GC(221) Phase 2: Compute new object addresses
[7.090s][info][gc,phases      ] GC(221) Phase 2: Compute new object addresses 4.699ms
[7.090s][info][gc,phases,start] GC(221) Phase 3: Adjust pointers
[7.096s][info][gc,phases      ] GC(221) Phase 3: Adjust pointers 5.776ms
[7.096s][info][gc,phases,start] GC(221) Phase 4: Move objects
[7.125s][info][gc,phases      ] GC(221) Phase 4: Move objects 28.949ms
[7.126s][info][gc,heap        ] GC(221) DefNew: 156603K(157248K)->28123K(157248K) Eden: 139776K(139776K)->28123K(139776K) From: 16827K(17472K)->0K(17472K)
[7.126s][info][gc,heap        ] GC(221) Tenured: 349427K(349568K)->349421K(349568K)
[7.126s][info][gc,metaspace   ] GC(221) Metaspace: 29474K(29760K)->29474K(29760K) NonClass: 26289K(26432K)->26289K(26432K) Class: 3184K(3328K)->3184K(3328K)
[7.126s][info][gc             ] GC(221) Pause Full (Allocation Failure) 494M->368M(494M) 49.313ms
[7.126s][info][gc,cpu         ] GC(221) User=0.05s Sys=0.00s Real=0.05s
[7.137s][info][gc,start       ] GC(222) Pause Full (Allocation Failure)
[7.137s][info][gc,phases,start] GC(222) Phase 1: Mark live objects
[7.148s][info][gc,phases      ] GC(222) Phase 1: Mark live objects 11.315ms
[7.148s][info][gc,phases,start] GC(222) Phase 2: Compute new object addresses
[7.153s][info][gc,phases      ] GC(222) Phase 2: Compute new object addresses 4.755ms
[7.153s][info][gc,phases,start] GC(222) Phase 3: Adjust pointers
[7.159s][info][gc,phases      ] GC(222) Phase 3: Adjust pointers 6.001ms
[7.159s][info][gc,phases,start] GC(222) Phase 4: Move objects
[7.186s][info][gc,phases      ] GC(222) Phase 4: Move objects 26.594ms
[7.187s][info][gc,heap        ] GC(222) DefNew: 156671K(157248K)->24476K(157248K) Eden: 139776K(139776K)->24476K(139776K) From: 16895K(17472K)->0K(17472K)
[7.187s][info][gc,heap        ] GC(222) Tenured: 349421K(349568K)->349430K(349568K)
[7.187s][info][gc,metaspace   ] GC(222) Metaspace: 29555K(29888K)->29553K(29888K) NonClass: 26352K(26560K)->26350K(26560K) Class: 3203K(3328K)->3202K(3328K)
[7.187s][info][gc             ] GC(222) Pause Full (Allocation Failure) 494M->365M(494M) 49.835ms
[7.187s][info][gc,cpu         ] GC(222) User=0.08s Sys=0.00s Real=0.05s
[7.197s][info][gc,start       ] GC(223) Pause Full (Allocation Failure)
[7.197s][info][gc,phases,start] GC(223) Phase 1: Mark live objects
[7.207s][info][gc,phases      ] GC(223) Phase 1: Mark live objects 9.864ms
[7.207s][info][gc,phases,start] GC(223) Phase 2: Compute new object addresses
[7.212s][info][gc,phases      ] GC(223) Phase 2: Compute new object addresses 4.332ms
[7.212s][info][gc,phases,start] GC(223) Phase 3: Adjust pointers
[7.217s][info][gc,phases      ] GC(223) Phase 3: Adjust pointers 5.646ms
[7.217s][info][gc,phases,start] GC(223) Phase 4: Move objects
[7.248s][info][gc,phases      ] GC(223) Phase 4: Move objects 30.767ms
[7.249s][info][gc,heap        ] GC(223) DefNew: 157050K(157248K)->9781K(157248K) Eden: 139776K(139776K)->9781K(139776K) From: 17274K(17472K)->0K(17472K)
[7.249s][info][gc,heap        ] GC(223) Tenured: 349430K(349568K)->349477K(349568K)
[7.249s][info][gc,metaspace   ] GC(223) Metaspace: 29580K(29888K)->29580K(29888K) NonClass: 26372K(26560K)->26372K(26560K) Class: 3208K(3328K)->3208K(3328K)
[7.249s][info][gc             ] GC(223) Pause Full (Allocation Failure) 494M->350M(494M) 51.754ms
[7.249s][info][gc,cpu         ] GC(223) User=0.07s Sys=0.00s Real=0.05s
[7.260s][info][gc,start       ] GC(224) Pause Full (Allocation Failure)
[7.260s][info][gc,phases,start] GC(224) Phase 1: Mark live objects
[7.269s][info][gc,phases      ] GC(224) Phase 1: Mark live objects 8.670ms
[7.269s][info][gc,phases,start] GC(224) Phase 2: Compute new object addresses
[7.273s][info][gc,phases      ] GC(224) Phase 2: Compute new object addresses 4.622ms
[7.273s][info][gc,phases,start] GC(224) Phase 3: Adjust pointers
[7.279s][info][gc,phases      ] GC(224) Phase 3: Adjust pointers 5.432ms
[7.279s][info][gc,phases,start] GC(224) Phase 4: Move objects
[7.296s][info][gc,phases      ] GC(224) Phase 4: Move objects 17.321ms
[7.297s][info][gc,heap        ] GC(224) DefNew: 156806K(157248K)->25482K(157248K) Eden: 139776K(139776K)->25482K(139776K) From: 17030K(17472K)->0K(17472K)
[7.297s][info][gc,heap        ] GC(224) Tenured: 349477K(349568K)->349459K(349568K)
[7.297s][info][gc,metaspace   ] GC(224) Metaspace: 29585K(29952K)->29585K(29952K) NonClass: 26376K(26560K)->26376K(26560K) Class: 3209K(3392K)->3209K(3392K)
[7.297s][info][gc             ] GC(224) Pause Full (Allocation Failure) 494M->366M(494M) 37.220ms
[7.297s][info][gc,cpu         ] GC(224) User=0.04s Sys=0.00s Real=0.04s
[7.308s][info][gc,start       ] GC(225) Pause Full (Allocation Failure)
[7.308s][info][gc,phases,start] GC(225) Phase 1: Mark live objects
[7.316s][info][gc,phases      ] GC(225) Phase 1: Mark live objects 8.327ms
[7.316s][info][gc,phases,start] GC(225) Phase 2: Compute new object addresses
[7.320s][info][gc,phases      ] GC(225) Phase 2: Compute new object addresses 4.231ms
[7.320s][info][gc,phases,start] GC(225) Phase 3: Adjust pointers
[7.326s][info][gc,phases      ] GC(225) Phase 3: Adjust pointers 5.247ms
[7.326s][info][gc,phases,start] GC(225) Phase 4: Move objects
[7.350s][info][gc,phases      ] GC(225) Phase 4: Move objects 24.171ms
[7.351s][info][gc,heap        ] GC(225) DefNew: 157248K(157248K)->28311K(157248K) Eden: 139776K(139776K)->28311K(139776K) From: 17472K(17472K)->0K(17472K)
[7.351s][info][gc,heap        ] GC(225) Tenured: 349513K(349568K)->349475K(349568K)
[7.351s][info][gc,metaspace   ] GC(225) Metaspace: 29591K(29952K)->29591K(29952K) NonClass: 26382K(26560K)->26382K(26560K) Class: 3209K(3392K)->3209K(3392K)
[7.351s][info][gc             ] GC(225) Pause Full (Allocation Failure) 494M->368M(494M) 43.181ms
[7.351s][info][gc,cpu         ] GC(225) User=0.06s Sys=0.00s Real=0.04s
[7.361s][info][gc,start       ] GC(226) Pause Full (Allocation Failure)
[7.361s][info][gc,phases,start] GC(226) Phase 1: Mark live objects
[7.370s][info][gc,phases      ] GC(226) Phase 1: Mark live objects 8.498ms
[7.370s][info][gc,phases,start] GC(226) Phase 2: Compute new object addresses
[7.374s][info][gc,phases      ] GC(226) Phase 2: Compute new object addresses 4.194ms
[7.374s][info][gc,phases,start] GC(226) Phase 3: Adjust pointers
[7.379s][info][gc,phases      ] GC(226) Phase 3: Adjust pointers 5.151ms
[7.379s][info][gc,phases,start] GC(226) Phase 4: Move objects
[7.406s][info][gc,phases      ] GC(226) Phase 4: Move objects 26.746ms
[7.407s][info][gc,heap        ] GC(226) DefNew: 157247K(157248K)->20855K(157248K) Eden: 139776K(139776K)->20855K(139776K) From: 17471K(17472K)->0K(17472K)
[7.407s][info][gc,heap        ] GC(226) Tenured: 349563K(349568K)->349231K(349568K)
[7.407s][info][gc,metaspace   ] GC(226) Metaspace: 29631K(30016K)->29631K(30016K) NonClass: 26416K(26624K)->26416K(26624K) Class: 3214K(3392K)->3214K(3392K)
[7.407s][info][gc             ] GC(226) Pause Full (Allocation Failure) 494M->361M(494M) 45.754ms
[7.407s][info][gc,cpu         ] GC(226) User=0.06s Sys=0.00s Real=0.05s
[7.414s][info][gc,start       ] GC(227) Pause Full (Allocation Failure)
[7.414s][info][gc,phases,start] GC(227) Phase 1: Mark live objects
[7.423s][info][gc,phases      ] GC(227) Phase 1: Mark live objects 8.318ms
[7.423s][info][gc,phases,start] GC(227) Phase 2: Compute new object addresses
[7.427s][info][gc,phases      ] GC(227) Phase 2: Compute new object addresses 4.337ms
[7.427s][info][gc,phases,start] GC(227) Phase 3: Adjust pointers
[7.433s][info][gc,phases      ] GC(227) Phase 3: Adjust pointers 5.570ms
[7.433s][info][gc,phases,start] GC(227) Phase 4: Move objects
[7.463s][info][gc,phases      ] GC(227) Phase 4: Move objects 30.755ms
[7.464s][info][gc,heap        ] GC(227) DefNew: 157247K(157248K)->15934K(157248K) Eden: 139776K(139776K)->15934K(139776K) From: 17471K(17472K)->0K(17472K)
[7.464s][info][gc,heap        ] GC(227) Tenured: 349505K(349568K)->349525K(349568K)
[7.464s][info][gc,metaspace   ] GC(227) Metaspace: 29664K(30016K)->29664K(30016K) NonClass: 26446K(26624K)->26446K(26624K) Class: 3218K(3392K)->3218K(3392K)
[7.464s][info][gc             ] GC(227) Pause Full (Allocation Failure) 494M->356M(494M) 50.118ms
[7.464s][info][gc,cpu         ] GC(227) User=0.05s Sys=0.00s Real=0.06s
[7.475s][info][gc,start       ] GC(228) Pause Full (Allocation Failure)
[7.475s][info][gc,phases,start] GC(228) Phase 1: Mark live objects
[7.483s][info][gc,phases      ] GC(228) Phase 1: Mark live objects 8.113ms
[7.483s][info][gc,phases,start] GC(228) Phase 2: Compute new object addresses
[7.488s][info][gc,phases      ] GC(228) Phase 2: Compute new object addresses 4.458ms
[7.488s][info][gc,phases,start] GC(228) Phase 3: Adjust pointers
[7.494s][info][gc,phases      ] GC(228) Phase 3: Adjust pointers 5.838ms
[7.494s][info][gc,phases,start] GC(228) Phase 4: Move objects
[7.513s][info][gc,phases      ] GC(228) Phase 4: Move objects 19.493ms
[7.514s][info][gc,heap        ] GC(228) DefNew: 156873K(157248K)->43155K(157248K) Eden: 139776K(139776K)->43155K(139776K) From: 17097K(17472K)->0K(17472K)
[7.514s][info][gc,heap        ] GC(228) Tenured: 349525K(349568K)->349504K(349568K)
[7.514s][info][gc,metaspace   ] GC(228) Metaspace: 29680K(30016K)->29680K(30016K) NonClass: 26461K(26624K)->26461K(26624K) Class: 3218K(3392K)->3218K(3392K)
[7.514s][info][gc             ] GC(228) Pause Full (Allocation Failure) 494M->383M(494M) 39.193ms
[7.514s][info][gc,cpu         ] GC(228) User=0.06s Sys=0.01s Real=0.04s
[7.520s][info][gc,start       ] GC(229) Pause Full (Allocation Failure)
[7.520s][info][gc,phases,start] GC(229) Phase 1: Mark live objects
[7.529s][info][gc,phases      ] GC(229) Phase 1: Mark live objects 8.447ms
[7.529s][info][gc,phases,start] GC(229) Phase 2: Compute new object addresses
[7.533s][info][gc,phases      ] GC(229) Phase 2: Compute new object addresses 4.087ms
[7.533s][info][gc,phases,start] GC(229) Phase 3: Adjust pointers
[7.539s][info][gc,phases      ] GC(229) Phase 3: Adjust pointers 5.519ms
[7.539s][info][gc,phases,start] GC(229) Phase 4: Move objects
[7.566s][info][gc,phases      ] GC(229) Phase 4: Move objects 26.977ms
[7.566s][info][gc,heap        ] GC(229) DefNew: 157048K(157248K)->44190K(157248K) Eden: 139776K(139776K)->44190K(139776K) From: 17272K(17472K)->0K(17472K)
[7.566s][info][gc,heap        ] GC(229) Tenured: 349504K(349568K)->349508K(349568K)
[7.566s][info][gc,metaspace   ] GC(229) Metaspace: 29712K(30080K)->29712K(30080K) NonClass: 26487K(26688K)->26487K(26688K) Class: 3224K(3392K)->3224K(3392K)
[7.567s][info][gc             ] GC(229) Pause Full (Allocation Failure) 494M->384M(494M) 46.177ms
[7.567s][info][gc,cpu         ] GC(229) User=0.05s Sys=0.00s Real=0.05s
[7.578s][info][gc,start       ] GC(230) Pause Full (Allocation Failure)
[7.578s][info][gc,phases,start] GC(230) Phase 1: Mark live objects
[7.587s][info][gc,phases      ] GC(230) Phase 1: Mark live objects 9.194ms
[7.587s][info][gc,phases,start] GC(230) Phase 2: Compute new object addresses
[7.592s][info][gc,phases      ] GC(230) Phase 2: Compute new object addresses 4.339ms
[7.592s][info][gc,phases,start] GC(230) Phase 3: Adjust pointers
[7.597s][info][gc,phases      ] GC(230) Phase 3: Adjust pointers 5.706ms
[7.598s][info][gc,phases,start] GC(230) Phase 4: Move objects
[7.624s][info][gc,phases      ] GC(230) Phase 4: Move objects 26.854ms
[7.625s][info][gc,heap        ] GC(230) DefNew: 157184K(157248K)->33500K(157248K) Eden: 139776K(139776K)->33500K(139776K) From: 17408K(17472K)->0K(17472K)
[7.625s][info][gc,heap        ] GC(230) Tenured: 349508K(349568K)->349473K(349568K)
[7.625s][info][gc,metaspace   ] GC(230) Metaspace: 29740K(30080K)->29740K(30080K) NonClass: 26511K(26688K)->26511K(26688K) Class: 3228K(3392K)->3228K(3392K)
[7.625s][info][gc             ] GC(230) Pause Full (Allocation Failure) 494M->373M(494M) 47.223ms
[7.625s][info][gc,cpu         ] GC(230) User=0.04s Sys=0.01s Real=0.05s
[7.634s][info][gc,start       ] GC(231) Pause Full (Allocation Failure)
[7.634s][info][gc,phases,start] GC(231) Phase 1: Mark live objects
[7.643s][info][gc,phases      ] GC(231) Phase 1: Mark live objects 8.771ms
[7.643s][info][gc,phases,start] GC(231) Phase 2: Compute new object addresses
[7.647s][info][gc,phases      ] GC(231) Phase 2: Compute new object addresses 4.260ms
[7.647s][info][gc,phases,start] GC(231) Phase 3: Adjust pointers
[7.654s][info][gc,phases      ] GC(231) Phase 3: Adjust pointers 6.215ms
[7.654s][info][gc,phases,start] GC(231) Phase 4: Move objects
[7.686s][info][gc,phases      ] GC(231) Phase 4: Move objects 32.434ms
[7.687s][info][gc,heap        ] GC(231) DefNew: 157246K(157248K)->22524K(157248K) Eden: 139776K(139776K)->22524K(139776K) From: 17470K(17472K)->0K(17472K)
[7.687s][info][gc,heap        ] GC(231) Tenured: 349473K(349568K)->348993K(349568K)
[7.687s][info][gc,metaspace   ] GC(231) Metaspace: 29778K(30144K)->29778K(30144K) NonClass: 26550K(26752K)->26550K(26752K) Class: 3228K(3392K)->3228K(3392K)
[7.687s][info][gc             ] GC(231) Pause Full (Allocation Failure) 494M->362M(494M) 52.769ms
[7.687s][info][gc,cpu         ] GC(231) User=0.06s Sys=0.00s Real=0.06s
[7.701s][info][gc,start       ] GC(232) Pause Full (Allocation Failure)
[7.701s][info][gc,phases,start] GC(232) Phase 1: Mark live objects
[7.710s][info][gc,phases      ] GC(232) Phase 1: Mark live objects 8.657ms
[7.710s][info][gc,phases,start] GC(232) Phase 2: Compute new object addresses
[7.714s][info][gc,phases      ] GC(232) Phase 2: Compute new object addresses 4.302ms
[7.714s][info][gc,phases,start] GC(232) Phase 3: Adjust pointers
[7.719s][info][gc,phases      ] GC(232) Phase 3: Adjust pointers 5.471ms
[7.719s][info][gc,phases,start] GC(232) Phase 4: Move objects
[7.739s][info][gc,phases      ] GC(232) Phase 4: Move objects 20.017ms
[7.740s][info][gc,heap        ] GC(232) DefNew: 157092K(157248K)->38124K(157248K) Eden: 139776K(139776K)->38124K(139776K) From: 17316K(17472K)->0K(17472K)
[7.741s][info][gc,heap        ] GC(232) Tenured: 349505K(349568K)->349518K(349568K)
[7.741s][info][gc,metaspace   ] GC(232) Metaspace: 29818K(30144K)->29818K(30144K) NonClass: 26586K(26752K)->26586K(26752K) Class: 3232K(3392K)->3232K(3392K)
[7.741s][info][gc             ] GC(232) Pause Full (Allocation Failure) 494M->378M(494M) 39.743ms
[7.741s][info][gc,cpu         ] GC(232) User=0.04s Sys=0.00s Real=0.04s
[7.751s][info][gc,start       ] GC(233) Pause Full (Allocation Failure)
[7.751s][info][gc,phases,start] GC(233) Phase 1: Mark live objects
[7.759s][info][gc,phases      ] GC(233) Phase 1: Mark live objects 7.794ms
[7.759s][info][gc,phases,start] GC(233) Phase 2: Compute new object addresses
[7.764s][info][gc,phases      ] GC(233) Phase 2: Compute new object addresses 4.490ms
[7.764s][info][gc,phases,start] GC(233) Phase 3: Adjust pointers
[7.769s][info][gc,phases      ] GC(233) Phase 3: Adjust pointers 5.206ms
[7.769s][info][gc,phases,start] GC(233) Phase 4: Move objects
[7.793s][info][gc,phases      ] GC(233) Phase 4: Move objects 24.211ms
[7.794s][info][gc,heap        ] GC(233) DefNew: 156447K(157248K)->32638K(157248K) Eden: 139776K(139776K)->32638K(139776K) From: 16671K(17472K)->0K(17472K)
[7.794s][info][gc,heap        ] GC(233) Tenured: 349518K(349568K)->349367K(349568K)
[7.794s][info][gc,metaspace   ] GC(233) Metaspace: 29878K(30208K)->29878K(30208K) NonClass: 26639K(26816K)->26639K(26816K) Class: 3238K(3392K)->3238K(3392K)
[7.794s][info][gc             ] GC(233) Pause Full (Allocation Failure) 494M->373M(494M) 42.819ms
[7.794s][info][gc,cpu         ] GC(233) User=0.08s Sys=0.01s Real=0.04s
[7.801s][info][gc,start       ] GC(234) Pause Full (Allocation Failure)
[7.801s][info][gc,phases,start] GC(234) Phase 1: Mark live objects
[7.810s][info][gc,phases      ] GC(234) Phase 1: Mark live objects 8.896ms
[7.810s][info][gc,phases,start] GC(234) Phase 2: Compute new object addresses
[7.814s][info][gc,phases      ] GC(234) Phase 2: Compute new object addresses 4.338ms
[7.814s][info][gc,phases,start] GC(234) Phase 3: Adjust pointers
[7.820s][info][gc,phases      ] GC(234) Phase 3: Adjust pointers 5.552ms
[7.820s][info][gc,phases,start] GC(234) Phase 4: Move objects
[7.843s][info][gc,phases      ] GC(234) Phase 4: Move objects 23.833ms
[7.844s][info][gc,heap        ] GC(234) DefNew: 156997K(157248K)->35754K(157248K) Eden: 139776K(139776K)->35754K(139776K) From: 17221K(17472K)->0K(17472K)
[7.844s][info][gc,heap        ] GC(234) Tenured: 349367K(349568K)->349330K(349568K)
[7.844s][info][gc,metaspace   ] GC(234) Metaspace: 29926K(30272K)->29926K(30272K) NonClass: 26683K(26880K)->26683K(26880K) Class: 3243K(3392K)->3243K(3392K)
[7.844s][info][gc             ] GC(234) Pause Full (Allocation Failure) 494M->376M(494M) 43.761ms
[7.844s][info][gc,cpu         ] GC(234) User=0.05s Sys=0.00s Real=0.05s
[7.855s][info][gc,start       ] GC(235) Pause Full (Allocation Failure)
[7.855s][info][gc,phases,start] GC(235) Phase 1: Mark live objects
[7.864s][info][gc,phases      ] GC(235) Phase 1: Mark live objects 8.514ms
[7.864s][info][gc,phases,start] GC(235) Phase 2: Compute new object addresses
[7.868s][info][gc,phases      ] GC(235) Phase 2: Compute new object addresses 4.039ms
[7.868s][info][gc,phases,start] GC(235) Phase 3: Adjust pointers
[7.873s][info][gc,phases      ] GC(235) Phase 3: Adjust pointers 5.622ms
[7.873s][info][gc,phases,start] GC(235) Phase 4: Move objects
[7.905s][info][gc,phases      ] GC(235) Phase 4: Move objects 31.244ms
[7.905s][info][gc,heap        ] GC(235) DefNew: 157247K(157248K)->13888K(157248K) Eden: 139776K(139776K)->13888K(139776K) From: 17471K(17472K)->0K(17472K)
[7.905s][info][gc,heap        ] GC(235) Tenured: 349455K(349568K)->349373K(349568K)
[7.905s][info][gc,metaspace   ] GC(235) Metaspace: 30006K(30336K)->30006K(30336K) NonClass: 26754K(26944K)->26754K(26944K) Class: 3251K(3392K)->3251K(3392K)
[7.905s][info][gc             ] GC(235) Pause Full (Allocation Failure) 494M->354M(494M) 50.502ms
[7.905s][info][gc,cpu         ] GC(235) User=0.06s Sys=0.00s Real=0.06s
[7.916s][info][gc,start       ] GC(236) Pause Full (Allocation Failure)
[7.916s][info][gc,phases,start] GC(236) Phase 1: Mark live objects
[7.925s][info][gc,phases      ] GC(236) Phase 1: Mark live objects 8.903ms
[7.925s][info][gc,phases,start] GC(236) Phase 2: Compute new object addresses
[7.929s][info][gc,phases      ] GC(236) Phase 2: Compute new object addresses 4.463ms
[7.929s][info][gc,phases,start] GC(236) Phase 3: Adjust pointers
[7.935s][info][gc,phases      ] GC(236) Phase 3: Adjust pointers 5.569ms
[7.935s][info][gc,phases,start] GC(236) Phase 4: Move objects
[7.939s][info][gc,phases      ] GC(236) Phase 4: Move objects 3.633ms
[7.940s][info][gc,heap        ] GC(236) DefNew: 157114K(157248K)->36265K(157248K) Eden: 139776K(139776K)->36265K(139776K) From: 17338K(17472K)->0K(17472K)
[7.940s][info][gc,heap        ] GC(236) Tenured: 349373K(349568K)->349355K(349568K)
[7.940s][info][gc,metaspace   ] GC(236) Metaspace: 30048K(30336K)->30048K(30336K) NonClass: 26792K(26944K)->26792K(26944K) Class: 3256K(3392K)->3256K(3392K)
[7.940s][info][gc             ] GC(236) Pause Full (Allocation Failure) 494M->376M(494M) 23.683ms
[7.940s][info][gc,cpu         ] GC(236) User=0.03s Sys=0.00s Real=0.02s
[7.950s][info][gc,start       ] GC(237) Pause Full (Allocation Failure)
[7.950s][info][gc,phases,start] GC(237) Phase 1: Mark live objects
[7.960s][info][gc,phases      ] GC(237) Phase 1: Mark live objects 10.144ms
[7.961s][info][gc,phases,start] GC(237) Phase 2: Compute new object addresses
[7.966s][info][gc,phases      ] GC(237) Phase 2: Compute new object addresses 5.299ms
[7.966s][info][gc,phases,start] GC(237) Phase 3: Adjust pointers
[7.972s][info][gc,phases      ] GC(237) Phase 3: Adjust pointers 6.375ms
[7.972s][info][gc,phases,start] GC(237) Phase 4: Move objects
[7.996s][info][gc,phases      ] GC(237) Phase 4: Move objects 24.110ms
[7.997s][info][gc,heap        ] GC(237) DefNew: 157152K(157248K)->32171K(157248K) Eden: 139776K(139776K)->32171K(139776K) From: 17376K(17472K)->0K(17472K)
[7.997s][info][gc,heap        ] GC(237) Tenured: 349355K(349568K)->349352K(349568K)
[7.997s][info][gc,metaspace   ] GC(237) Metaspace: 30078K(30400K)->30078K(30400K) NonClass: 26820K(27008K)->26820K(27008K) Class: 3258K(3392K)->3258K(3392K)
[7.997s][info][gc             ] GC(237) Pause Full (Allocation Failure) 494M->372M(494M) 47.115ms
[7.997s][info][gc,cpu         ] GC(237) User=0.07s Sys=0.00s Real=0.05s
[8.007s][info][gc,start       ] GC(238) Pause Full (Allocation Failure)
[8.008s][info][gc,phases,start] GC(238) Phase 1: Mark live objects
[8.017s][info][gc,phases      ] GC(238) Phase 1: Mark live objects 9.011ms
[8.017s][info][gc,phases,start] GC(238) Phase 2: Compute new object addresses
[8.021s][info][gc,phases      ] GC(238) Phase 2: Compute new object addresses 4.117ms
[8.021s][info][gc,phases,start] GC(238) Phase 3: Adjust pointers
[8.026s][info][gc,phases      ] GC(238) Phase 3: Adjust pointers 5.475ms
[8.026s][info][gc,phases,start] GC(238) Phase 4: Move objects
[8.050s][info][gc,phases      ] GC(238) Phase 4: Move objects 24.047ms
[8.051s][info][gc,heap        ] GC(238) DefNew: 157029K(157248K)->37822K(157248K) Eden: 139776K(139776K)->37822K(139776K) From: 17253K(17472K)->0K(17472K)
[8.051s][info][gc,heap        ] GC(238) Tenured: 349352K(349568K)->349363K(349568K)
[8.051s][info][gc,metaspace   ] GC(238) Metaspace: 30128K(30400K)->30128K(30400K) NonClass: 26869K(27008K)->26869K(27008K) Class: 3258K(3392K)->3258K(3392K)
[8.051s][info][gc             ] GC(238) Pause Full (Allocation Failure) 494M->378M(494M) 43.681ms
[8.051s][info][gc,cpu         ] GC(238) User=0.05s Sys=0.00s Real=0.04s
[8.062s][info][gc,start       ] GC(239) Pause Full (Allocation Failure)
[8.062s][info][gc,phases,start] GC(239) Phase 1: Mark live objects
[8.070s][info][gc,phases      ] GC(239) Phase 1: Mark live objects 8.222ms
[8.070s][info][gc,phases,start] GC(239) Phase 2: Compute new object addresses
[8.074s][info][gc,phases      ] GC(239) Phase 2: Compute new object addresses 4.012ms
[8.074s][info][gc,phases,start] GC(239) Phase 3: Adjust pointers
[8.080s][info][gc,phases      ] GC(239) Phase 3: Adjust pointers 5.748ms
[8.080s][info][gc,phases,start] GC(239) Phase 4: Move objects
[8.111s][info][gc,phases      ] GC(239) Phase 4: Move objects 31.437ms
[8.112s][info][gc,heap        ] GC(239) DefNew: 156534K(157248K)->17283K(157248K) Eden: 139776K(139776K)->17283K(139776K) From: 16758K(17472K)->0K(17472K)
[8.112s][info][gc,heap        ] GC(239) Tenured: 349363K(349568K)->349371K(349568K)
[8.112s][info][gc,metaspace   ] GC(239) Metaspace: 30155K(30464K)->30155K(30464K) NonClass: 26896K(27072K)->26896K(27072K) Class: 3258K(3392K)->3258K(3392K)
[8.112s][info][gc             ] GC(239) Pause Full (Allocation Failure) 494M->358M(494M) 50.504ms
[8.112s][info][gc,cpu         ] GC(239) User=0.06s Sys=0.00s Real=0.05s
[8.123s][info][gc,start       ] GC(240) Pause Full (Allocation Failure)
[8.123s][info][gc,phases,start] GC(240) Phase 1: Mark live objects
[8.132s][info][gc,phases      ] GC(240) Phase 1: Mark live objects 8.838ms
[8.132s][info][gc,phases,start] GC(240) Phase 2: Compute new object addresses
[8.136s][info][gc,phases      ] GC(240) Phase 2: Compute new object addresses 4.429ms
[8.136s][info][gc,phases,start] GC(240) Phase 3: Adjust pointers
[8.142s][info][gc,phases      ] GC(240) Phase 3: Adjust pointers 5.708ms
[8.142s][info][gc,phases,start] GC(240) Phase 4: Move objects
[8.158s][info][gc,phases      ] GC(240) Phase 4: Move objects 16.449ms
[8.159s][info][gc,heap        ] GC(240) DefNew: 156535K(157248K)->35802K(157248K) Eden: 139776K(139776K)->35802K(139776K) From: 16759K(17472K)->0K(17472K)
[8.159s][info][gc,heap        ] GC(240) Tenured: 349371K(349568K)->349396K(349568K)
[8.159s][info][gc,metaspace   ] GC(240) Metaspace: 30174K(30464K)->30174K(30464K) NonClass: 26916K(27072K)->26916K(27072K) Class: 3258K(3392K)->3258K(3392K)
[8.159s][info][gc             ] GC(240) Pause Full (Allocation Failure) 494M->376M(494M) 36.554ms
[8.159s][info][gc,cpu         ] GC(240) User=0.04s Sys=0.00s Real=0.04s
[8.170s][info][gc,start       ] GC(241) Pause Full (Allocation Failure)
[8.170s][info][gc,phases,start] GC(241) Phase 1: Mark live objects
[8.180s][info][gc,phases      ] GC(241) Phase 1: Mark live objects 10.020ms
[8.180s][info][gc,phases,start] GC(241) Phase 2: Compute new object addresses
[8.184s][info][gc,phases      ] GC(241) Phase 2: Compute new object addresses 4.076ms
[8.184s][info][gc,phases,start] GC(241) Phase 3: Adjust pointers
[8.190s][info][gc,phases      ] GC(241) Phase 3: Adjust pointers 5.577ms
[8.190s][info][gc,phases,start] GC(241) Phase 4: Move objects
[8.216s][info][gc,phases      ] GC(241) Phase 4: Move objects 26.363ms
[8.217s][info][gc,heap        ] GC(241) DefNew: 156884K(157248K)->30660K(157248K) Eden: 139776K(139776K)->30660K(139776K) From: 17108K(17472K)->0K(17472K)
[8.217s][info][gc,heap        ] GC(241) Tenured: 349396K(349568K)->349412K(349568K)
[8.217s][info][gc,metaspace   ] GC(241) Metaspace: 30190K(30464K)->30190K(30464K) NonClass: 26932K(27072K)->26932K(27072K) Class: 3258K(3392K)->3258K(3392K)
[8.217s][info][gc             ] GC(241) Pause Full (Allocation Failure) 494M->371M(494M) 47.221ms
[8.217s][info][gc,cpu         ] GC(241) User=0.06s Sys=0.01s Real=0.05s
[8.230s][info][gc,start       ] GC(242) Pause Full (Allocation Failure)
[8.230s][info][gc,phases,start] GC(242) Phase 1: Mark live objects
[8.239s][info][gc,phases      ] GC(242) Phase 1: Mark live objects 8.807ms
[8.239s][info][gc,phases,start] GC(242) Phase 2: Compute new object addresses
[8.243s][info][gc,phases      ] GC(242) Phase 2: Compute new object addresses 4.398ms
[8.243s][info][gc,phases,start] GC(242) Phase 3: Adjust pointers
[8.249s][info][gc,phases      ] GC(242) Phase 3: Adjust pointers 5.760ms
[8.249s][info][gc,phases,start] GC(242) Phase 4: Move objects
[8.273s][info][gc,phases      ] GC(242) Phase 4: Move objects 24.006ms
[8.274s][info][gc,heap        ] GC(242) DefNew: 156752K(157248K)->29363K(157248K) Eden: 139776K(139776K)->29363K(139776K) From: 16976K(17472K)->0K(17472K)
[8.274s][info][gc,heap        ] GC(242) Tenured: 349412K(349568K)->349452K(349568K)
[8.274s][info][gc,metaspace   ] GC(242) Metaspace: 30236K(30528K)->30236K(30528K) NonClass: 26977K(27136K)->26977K(27136K) Class: 3258K(3392K)->3258K(3392K)
[8.274s][info][gc             ] GC(242) Pause Full (Allocation Failure) 494M->369M(494M) 43.983ms
[8.274s][info][gc,cpu         ] GC(242) User=0.05s Sys=0.00s Real=0.04s
[8.280s][info][gc,start       ] GC(243) Pause Full (Allocation Failure)
[8.280s][info][gc,phases,start] GC(243) Phase 1: Mark live objects
[8.289s][info][gc,phases      ] GC(243) Phase 1: Mark live objects 9.027ms
[8.289s][info][gc,phases,start] GC(243) Phase 2: Compute new object addresses
[8.294s][info][gc,phases      ] GC(243) Phase 2: Compute new object addresses 4.397ms
[8.294s][info][gc,phases,start] GC(243) Phase 3: Adjust pointers
[8.300s][info][gc,phases      ] GC(243) Phase 3: Adjust pointers 6.469ms
[8.300s][info][gc,phases,start] GC(243) Phase 4: Move objects
[8.328s][info][gc,phases      ] GC(243) Phase 4: Move objects 27.579ms
[8.329s][info][gc,heap        ] GC(243) DefNew: 157052K(157248K)->18541K(157248K) Eden: 139776K(139776K)->18541K(139776K) From: 17276K(17472K)->0K(17472K)
[8.329s][info][gc,heap        ] GC(243) Tenured: 349452K(349568K)->349482K(349568K)
[8.329s][info][gc,metaspace   ] GC(243) Metaspace: 30236K(30528K)->30236K(30528K) NonClass: 26977K(27136K)->26977K(27136K) Class: 3258K(3392K)->3258K(3392K)
[8.329s][info][gc             ] GC(243) Pause Full (Allocation Failure) 494M->359M(494M) 48.645ms
[8.329s][info][gc,cpu         ] GC(243) User=0.04s Sys=0.00s Real=0.05s
[8.340s][info][gc,start       ] GC(244) Pause Full (Allocation Failure)
[8.340s][info][gc,phases,start] GC(244) Phase 1: Mark live objects
[8.349s][info][gc,phases      ] GC(244) Phase 1: Mark live objects 8.572ms
[8.349s][info][gc,phases,start] GC(244) Phase 2: Compute new object addresses
[8.353s][info][gc,phases      ] GC(244) Phase 2: Compute new object addresses 4.482ms
[8.353s][info][gc,phases,start] GC(244) Phase 3: Adjust pointers
[8.359s][info][gc,phases      ] GC(244) Phase 3: Adjust pointers 5.592ms
[8.359s][info][gc,phases,start] GC(244) Phase 4: Move objects
[8.362s][info][gc,phases      ] GC(244) Phase 4: Move objects 3.329ms
[8.363s][info][gc,heap        ] GC(244) DefNew: 156328K(157248K)->33985K(157248K) Eden: 139776K(139776K)->33985K(139776K) From: 16552K(17472K)->0K(17472K)
[8.363s][info][gc,heap        ] GC(244) Tenured: 349482K(349568K)->349502K(349568K)
[8.363s][info][gc,metaspace   ] GC(244) Metaspace: 30303K(30656K)->30303K(30656K) NonClass: 27041K(27264K)->27041K(27264K) Class: 3262K(3392K)->3262K(3392K)
[8.363s][info][gc             ] GC(244) Pause Full (Allocation Failure) 493M->374M(494M) 22.954ms
[8.363s][info][gc,cpu         ] GC(244) User=0.03s Sys=0.00s Real=0.02s
[8.375s][info][gc,start       ] GC(245) Pause Full (Allocation Failure)
[8.375s][info][gc,phases,start] GC(245) Phase 1: Mark live objects
[8.384s][info][gc,phases      ] GC(245) Phase 1: Mark live objects 8.940ms
[8.384s][info][gc,phases,start] GC(245) Phase 2: Compute new object addresses
[8.389s][info][gc,phases      ] GC(245) Phase 2: Compute new object addresses 5.255ms
[8.389s][info][gc,phases,start] GC(245) Phase 3: Adjust pointers
[8.396s][info][gc,phases      ] GC(245) Phase 3: Adjust pointers 6.489ms
[8.396s][info][gc,phases,start] GC(245) Phase 4: Move objects
[8.418s][info][gc,phases      ] GC(245) Phase 4: Move objects 21.901ms
[8.419s][info][gc,heap        ] GC(245) DefNew: 157103K(157248K)->40782K(157248K) Eden: 139776K(139776K)->40782K(139776K) From: 17327K(17472K)->0K(17472K)
[8.419s][info][gc,heap        ] GC(245) Tenured: 349502K(349568K)->349500K(349568K)
[8.419s][info][gc,metaspace   ] GC(245) Metaspace: 30308K(30656K)->30308K(30656K) NonClass: 27046K(27264K)->27046K(27264K) Class: 3262K(3392K)->3262K(3392K)
[8.419s][info][gc             ] GC(245) Pause Full (Allocation Failure) 494M->381M(494M) 43.623ms
[8.419s][info][gc,cpu         ] GC(245) User=0.06s Sys=0.00s Real=0.05s
[8.425s][info][gc,start       ] GC(246) Pause Full (Allocation Failure)
[8.425s][info][gc,phases,start] GC(246) Phase 1: Mark live objects
[8.433s][info][gc,phases      ] GC(246) Phase 1: Mark live objects 8.610ms
[8.433s][info][gc,phases,start] GC(246) Phase 2: Compute new object addresses
[8.437s][info][gc,phases      ] GC(246) Phase 2: Compute new object addresses 4.004ms
[8.437s][info][gc,phases,start] GC(246) Phase 3: Adjust pointers
[8.443s][info][gc,phases      ] GC(246) Phase 3: Adjust pointers 5.352ms
[8.443s][info][gc,phases,start] GC(246) Phase 4: Move objects
[8.466s][info][gc,phases      ] GC(246) Phase 4: Move objects 23.494ms
[8.467s][info][gc,heap        ] GC(246) DefNew: 157002K(157248K)->42333K(157248K) Eden: 139776K(139776K)->42333K(139776K) From: 17226K(17472K)->0K(17472K)
[8.467s][info][gc,heap        ] GC(246) Tenured: 349500K(349568K)->349521K(349568K)
[8.467s][info][gc,metaspace   ] GC(246) Metaspace: 30326K(30656K)->30326K(30656K) NonClass: 27062K(27264K)->27062K(27264K) Class: 3264K(3392K)->3264K(3392K)
[8.467s][info][gc             ] GC(246) Pause Full (Allocation Failure) 494M->382M(494M) 42.528ms
[8.467s][info][gc,cpu         ] GC(246) User=0.04s Sys=0.00s Real=0.04s
[8.477s][info][gc,start       ] GC(247) Pause Full (Allocation Failure)
[8.477s][info][gc,phases,start] GC(247) Phase 1: Mark live objects
[8.486s][info][gc,phases      ] GC(247) Phase 1: Mark live objects 9.011ms
[8.486s][info][gc,phases,start] GC(247) Phase 2: Compute new object addresses
[8.490s][info][gc,phases      ] GC(247) Phase 2: Compute new object addresses 4.053ms
[8.490s][info][gc,phases,start] GC(247) Phase 3: Adjust pointers
[8.496s][info][gc,phases      ] GC(247) Phase 3: Adjust pointers 6.222ms
[8.496s][info][gc,phases,start] GC(247) Phase 4: Move objects
[8.529s][info][gc,phases      ] GC(247) Phase 4: Move objects 32.901ms
[8.530s][info][gc,heap        ] GC(247) DefNew: 156752K(157248K)->31367K(157248K) Eden: 139776K(139776K)->31367K(139776K) From: 16976K(17472K)->0K(17472K)
[8.530s][info][gc,heap        ] GC(247) Tenured: 349521K(349568K)->349435K(349568K)
[8.530s][info][gc,metaspace   ] GC(247) Metaspace: 30344K(30656K)->30344K(30656K) NonClass: 27078K(27264K)->27078K(27264K) Class: 3266K(3392K)->3266K(3392K)
[8.530s][info][gc             ] GC(247) Pause Full (Allocation Failure) 494M->371M(494M) 53.249ms
[8.530s][info][gc,cpu         ] GC(247) User=0.06s Sys=0.01s Real=0.05s
[8.541s][info][gc,start       ] GC(248) Pause Full (Allocation Failure)
[8.541s][info][gc,phases,start] GC(248) Phase 1: Mark live objects
[8.550s][info][gc,phases      ] GC(248) Phase 1: Mark live objects 8.982ms
[8.550s][info][gc,phases,start] GC(248) Phase 2: Compute new object addresses
[8.554s][info][gc,phases      ] GC(248) Phase 2: Compute new object addresses 4.419ms
[8.554s][info][gc,phases,start] GC(248) Phase 3: Adjust pointers
[8.560s][info][gc,phases      ] GC(248) Phase 3: Adjust pointers 6.045ms
[8.560s][info][gc,phases,start] GC(248) Phase 4: Move objects
[8.565s][info][gc,phases      ] GC(248) Phase 4: Move objects 4.259ms
[8.565s][info][gc,heap        ] GC(248) DefNew: 157193K(157248K)->49365K(157248K) Eden: 139776K(139776K)->49365K(139776K) From: 17417K(17472K)->0K(17472K)
[8.565s][info][gc,heap        ] GC(248) Tenured: 349435K(349568K)->349435K(349568K)
[8.565s][info][gc,metaspace   ] GC(248) Metaspace: 30382K(30720K)->30382K(30720K) NonClass: 27115K(27328K)->27115K(27328K) Class: 3267K(3392K)->3267K(3392K)
[8.565s][info][gc             ] GC(248) Pause Full (Allocation Failure) 494M->389M(494M) 24.775ms
[8.565s][info][gc,cpu         ] GC(248) User=0.03s Sys=0.00s Real=0.03s
[8.574s][info][gc,start       ] GC(249) Pause Full (Allocation Failure)
[8.574s][info][gc,phases,start] GC(249) Phase 1: Mark live objects
[8.583s][info][gc,phases      ] GC(249) Phase 1: Mark live objects 8.838ms
[8.583s][info][gc,phases,start] GC(249) Phase 2: Compute new object addresses
[8.587s][info][gc,phases      ] GC(249) Phase 2: Compute new object addresses 4.243ms
[8.587s][info][gc,phases,start] GC(249) Phase 3: Adjust pointers
[8.593s][info][gc,phases      ] GC(249) Phase 3: Adjust pointers 5.987ms
[8.593s][info][gc,phases,start] GC(249) Phase 4: Move objects
[8.617s][info][gc,phases      ] GC(249) Phase 4: Move objects 23.513ms
[8.618s][info][gc,heap        ] GC(249) DefNew: 156997K(157248K)->47844K(157248K) Eden: 139776K(139776K)->47844K(139776K) From: 17221K(17472K)->0K(17472K)
[8.618s][info][gc,heap        ] GC(249) Tenured: 349435K(349568K)->349427K(349568K)
[8.618s][info][gc,metaspace   ] GC(249) Metaspace: 30395K(30720K)->30395K(30720K) NonClass: 27128K(27328K)->27128K(27328K) Class: 3267K(3392K)->3267K(3392K)
[8.618s][info][gc             ] GC(249) Pause Full (Allocation Failure) 494M->387M(494M) 43.709ms
[8.618s][info][gc,cpu         ] GC(249) User=0.04s Sys=0.00s Real=0.05s
[8.628s][info][gc,start       ] GC(250) Pause Full (Allocation Failure)
[8.629s][info][gc,phases,start] GC(250) Phase 1: Mark live objects
[8.637s][info][gc,phases      ] GC(250) Phase 1: Mark live objects 8.921ms
[8.637s][info][gc,phases,start] GC(250) Phase 2: Compute new object addresses
[8.642s][info][gc,phases      ] GC(250) Phase 2: Compute new object addresses 4.156ms
[8.642s][info][gc,phases,start] GC(250) Phase 3: Adjust pointers
[8.648s][info][gc,phases      ] GC(250) Phase 3: Adjust pointers 6.117ms
[8.648s][info][gc,phases,start] GC(250) Phase 4: Move objects
[8.673s][info][gc,phases      ] GC(250) Phase 4: Move objects 25.042ms
[8.674s][info][gc,heap        ] GC(250) DefNew: 157197K(157248K)->42198K(157248K) Eden: 139776K(139776K)->42198K(139776K) From: 17421K(17472K)->0K(17472K)
[8.674s][info][gc,heap        ] GC(250) Tenured: 349427K(349568K)->349438K(349568K)
[8.674s][info][gc,metaspace   ] GC(250) Metaspace: 30416K(30720K)->30416K(30720K) NonClass: 27149K(27328K)->27149K(27328K) Class: 3267K(3392K)->3267K(3392K)
[8.674s][info][gc             ] GC(250) Pause Full (Allocation Failure) 494M->382M(494M) 45.266ms
[8.674s][info][gc,cpu         ] GC(250) User=0.04s Sys=0.00s Real=0.04s
[8.684s][info][gc,start       ] GC(251) Pause Full (Allocation Failure)
[8.685s][info][gc,phases,start] GC(251) Phase 1: Mark live objects
[8.693s][info][gc,phases      ] GC(251) Phase 1: Mark live objects 8.579ms
[8.693s][info][gc,phases,start] GC(251) Phase 2: Compute new object addresses
[8.697s][info][gc,phases      ] GC(251) Phase 2: Compute new object addresses 4.010ms
[8.697s][info][gc,phases,start] GC(251) Phase 3: Adjust pointers
[8.703s][info][gc,phases      ] GC(251) Phase 3: Adjust pointers 5.952ms
[8.703s][info][gc,phases,start] GC(251) Phase 4: Move objects
[8.733s][info][gc,phases      ] GC(251) Phase 4: Move objects 30.062ms
[8.734s][info][gc,heap        ] GC(251) DefNew: 157129K(157248K)->20349K(157248K) Eden: 139776K(139776K)->20349K(139776K) From: 17353K(17472K)->0K(17472K)
[8.734s][info][gc,heap        ] GC(251) Tenured: 349438K(349568K)->349461K(349568K)
[8.734s][info][gc,metaspace   ] GC(251) Metaspace: 30421K(30720K)->30421K(30720K) NonClass: 27154K(27328K)->27154K(27328K) Class: 3267K(3392K)->3267K(3392K)
[8.734s][info][gc             ] GC(251) Pause Full (Allocation Failure) 494M->361M(494M) 49.624ms
[8.734s][info][gc,cpu         ] GC(251) User=0.05s Sys=0.00s Real=0.04s
[8.745s][info][gc,start       ] GC(252) Pause Full (Allocation Failure)
[8.745s][info][gc,phases,start] GC(252) Phase 1: Mark live objects
[8.753s][info][gc,phases      ] GC(252) Phase 1: Mark live objects 8.704ms
[8.753s][info][gc,phases,start] GC(252) Phase 2: Compute new object addresses
[8.758s][info][gc,phases      ] GC(252) Phase 2: Compute new object addresses 4.394ms
[8.758s][info][gc,phases,start] GC(252) Phase 3: Adjust pointers
[8.763s][info][gc,phases      ] GC(252) Phase 3: Adjust pointers 5.551ms
[8.764s][info][gc,phases,start] GC(252) Phase 4: Move objects
[8.781s][info][gc,phases      ] GC(252) Phase 4: Move objects 17.365ms
[8.782s][info][gc,heap        ] GC(252) DefNew: 156560K(157248K)->37798K(157248K) Eden: 139776K(139776K)->37798K(139776K) From: 16784K(17472K)->0K(17472K)
[8.782s][info][gc,heap        ] GC(252) Tenured: 349461K(349568K)->349426K(349568K)
[8.782s][info][gc,metaspace   ] GC(252) Metaspace: 30422K(30720K)->30422K(30720K) NonClass: 27154K(27328K)->27154K(27328K) Class: 3267K(3392K)->3267K(3392K)
[8.782s][info][gc             ] GC(252) Pause Full (Allocation Failure) 494M->378M(494M) 37.049ms
[8.782s][info][gc,cpu         ] GC(252) User=0.04s Sys=0.00s Real=0.03s
[8.790s][info][gc,start       ] GC(253) Pause Full (Allocation Failure)
[8.790s][info][gc,phases,start] GC(253) Phase 1: Mark live objects
[8.800s][info][gc,phases      ] GC(253) Phase 1: Mark live objects 9.555ms
[8.800s][info][gc,phases,start] GC(253) Phase 2: Compute new object addresses
[8.804s][info][gc,phases      ] GC(253) Phase 2: Compute new object addresses 4.710ms
[8.804s][info][gc,phases,start] GC(253) Phase 3: Adjust pointers
[8.811s][info][gc,phases      ] GC(253) Phase 3: Adjust pointers 6.145ms
[8.811s][info][gc,phases,start] GC(253) Phase 4: Move objects
[8.834s][info][gc,phases      ] GC(253) Phase 4: Move objects 23.342ms
[8.835s][info][gc,heap        ] GC(253) DefNew: 157197K(157248K)->40132K(157248K) Eden: 139776K(139776K)->40132K(139776K) From: 17421K(17472K)->0K(17472K)
[8.835s][info][gc,heap        ] GC(253) Tenured: 349426K(349568K)->349378K(349568K)
[8.835s][info][gc,metaspace   ] GC(253) Metaspace: 30422K(30720K)->30422K(30720K) NonClass: 27154K(27328K)->27154K(27328K) Class: 3267K(3392K)->3267K(3392K)
[8.835s][info][gc             ] GC(253) Pause Full (Allocation Failure) 494M->380M(494M) 44.886ms
[8.835s][info][gc,cpu         ] GC(253) User=0.05s Sys=0.00s Real=0.04s
[8.841s][info][gc,start       ] GC(254) Pause Full (Allocation Failure)
[8.841s][info][gc,phases,start] GC(254) Phase 1: Mark live objects
[8.850s][info][gc,phases      ] GC(254) Phase 1: Mark live objects 9.348ms
[8.850s][info][gc,phases,start] GC(254) Phase 2: Compute new object addresses
[8.855s][info][gc,phases      ] GC(254) Phase 2: Compute new object addresses 4.925ms
[8.855s][info][gc,phases,start] GC(254) Phase 3: Adjust pointers
[8.862s][info][gc,phases      ] GC(254) Phase 3: Adjust pointers 6.090ms
[8.862s][info][gc,phases,start] GC(254) Phase 4: Move objects
[8.886s][info][gc,phases      ] GC(254) Phase 4: Move objects 24.817ms
[8.887s][info][gc,heap        ] GC(254) DefNew: 156997K(157248K)->36320K(157248K) Eden: 139776K(139776K)->36320K(139776K) From: 17221K(17472K)->0K(17472K)
[8.887s][info][gc,heap        ] GC(254) Tenured: 349378K(349568K)->349466K(349568K)
[8.887s][info][gc,metaspace   ] GC(254) Metaspace: 30423K(30720K)->30423K(30720K) NonClass: 27155K(27328K)->27155K(27328K) Class: 3267K(3392K)->3267K(3392K)
[8.887s][info][gc             ] GC(254) Pause Full (Allocation Failure) 494M->376M(494M) 46.307ms
[8.887s][info][gc,cpu         ] GC(254) User=0.05s Sys=0.00s Real=0.05s
[8.898s][info][gc,start       ] GC(255) Pause Full (Allocation Failure)
[8.898s][info][gc,phases,start] GC(255) Phase 1: Mark live objects
[8.907s][info][gc,phases      ] GC(255) Phase 1: Mark live objects 8.988ms
[8.907s][info][gc,phases,start] GC(255) Phase 2: Compute new object addresses
[8.912s][info][gc,phases      ] GC(255) Phase 2: Compute new object addresses 4.540ms
[8.912s][info][gc,phases,start] GC(255) Phase 3: Adjust pointers
[8.917s][info][gc,phases      ] GC(255) Phase 3: Adjust pointers 5.501ms
[8.917s][info][gc,phases,start] GC(255) Phase 4: Move objects
[8.942s][info][gc,phases      ] GC(255) Phase 4: Move objects 24.670ms
[8.943s][info][gc,heap        ] GC(255) DefNew: 156422K(157248K)->20871K(157248K) Eden: 139776K(139776K)->20871K(139776K) From: 16646K(17472K)->0K(17472K)
[8.943s][info][gc,heap        ] GC(255) Tenured: 349466K(349568K)->349185K(349568K)
[8.943s][info][gc,metaspace   ] GC(255) Metaspace: 30425K(30720K)->30425K(30720K) NonClass: 27157K(27328K)->27157K(27328K) Class: 3267K(3392K)->3267K(3392K)
[8.943s][info][gc             ] GC(255) Pause Full (Allocation Failure) 494M->361M(494M) 44.770ms
[8.943s][info][gc,cpu         ] GC(255) User=0.07s Sys=0.00s Real=0.04s
[8.953s][info][gc,start       ] GC(256) Pause Full (Allocation Failure)
[8.953s][info][gc,phases,start] GC(256) Phase 1: Mark live objects
[8.962s][info][gc,phases      ] GC(256) Phase 1: Mark live objects 8.555ms
[8.962s][info][gc,phases,start] GC(256) Phase 2: Compute new object addresses
[8.966s][info][gc,phases      ] GC(256) Phase 2: Compute new object addresses 4.354ms
[8.966s][info][gc,phases,start] GC(256) Phase 3: Adjust pointers
[8.972s][info][gc,phases      ] GC(256) Phase 3: Adjust pointers 5.613ms
[8.972s][info][gc,phases,start] GC(256) Phase 4: Move objects
[8.989s][info][gc,phases      ] GC(256) Phase 4: Move objects 17.404ms
[8.990s][info][gc,heap        ] GC(256) DefNew: 157023K(157248K)->36305K(157248K) Eden: 139776K(139776K)->36305K(139776K) From: 17247K(17472K)->0K(17472K)
[8.990s][info][gc,heap        ] GC(256) Tenured: 349185K(349568K)->349454K(349568K)
[8.990s][info][gc,metaspace   ] GC(256) Metaspace: 30425K(30720K)->30425K(30720K) NonClass: 27158K(27328K)->27158K(27328K) Class: 3267K(3392K)->3267K(3392K)
[8.990s][info][gc             ] GC(256) Pause Full (Allocation Failure) 494M->376M(494M) 37.055ms
[8.990s][info][gc,cpu         ] GC(256) User=0.04s Sys=0.00s Real=0.04s
[9.001s][info][gc,start       ] GC(257) Pause Full (Allocation Failure)
[9.001s][info][gc,phases,start] GC(257) Phase 1: Mark live objects
[9.010s][info][gc,phases      ] GC(257) Phase 1: Mark live objects 9.020ms
[9.010s][info][gc,phases,start] GC(257) Phase 2: Compute new object addresses
[9.014s][info][gc,phases      ] GC(257) Phase 2: Compute new object addresses 4.264ms
[9.014s][info][gc,phases,start] GC(257) Phase 3: Adjust pointers
[9.020s][info][gc,phases      ] GC(257) Phase 3: Adjust pointers 5.847ms
[9.020s][info][gc,phases,start] GC(257) Phase 4: Move objects
[9.043s][info][gc,phases      ] GC(257) Phase 4: Move objects 22.914ms
[9.044s][info][gc,heap        ] GC(257) DefNew: 156925K(157248K)->35740K(157248K) Eden: 139775K(139776K)->35740K(139776K) From: 17149K(17472K)->0K(17472K)
[9.044s][info][gc,heap        ] GC(257) Tenured: 349454K(349568K)->349387K(349568K)
[9.044s][info][gc,metaspace   ] GC(257) Metaspace: 30425K(30720K)->30425K(30720K) NonClass: 27158K(27328K)->27158K(27328K) Class: 3267K(3392K)->3267K(3392K)
[9.044s][info][gc             ] GC(257) Pause Full (Allocation Failure) 494M->376M(494M) 43.195ms
[9.044s][info][gc,cpu         ] GC(257) User=0.06s Sys=0.01s Real=0.05s
[9.055s][info][gc,start       ] GC(258) Pause Full (Allocation Failure)
[9.055s][info][gc,phases,start] GC(258) Phase 1: Mark live objects
[9.065s][info][gc,phases      ] GC(258) Phase 1: Mark live objects 9.740ms
[9.065s][info][gc,phases,start] GC(258) Phase 2: Compute new object addresses
[9.070s][info][gc,phases      ] GC(258) Phase 2: Compute new object addresses 4.925ms
[9.070s][info][gc,phases,start] GC(258) Phase 3: Adjust pointers
[9.077s][info][gc,phases      ] GC(258) Phase 3: Adjust pointers 7.008ms
[9.077s][info][gc,phases,start] GC(258) Phase 4: Move objects
[9.100s][info][gc,phases      ] GC(258) Phase 4: Move objects 23.100ms
[9.101s][info][gc,heap        ] GC(258) DefNew: 156838K(157248K)->34293K(157248K) Eden: 139776K(139776K)->34293K(139776K) From: 17062K(17472K)->0K(17472K)
[9.101s][info][gc,heap        ] GC(258) Tenured: 349387K(349568K)->349563K(349568K)
[9.101s][info][gc,metaspace   ] GC(258) Metaspace: 30425K(30720K)->30425K(30720K) NonClass: 27158K(27328K)->27158K(27328K) Class: 3267K(3392K)->3267K(3392K)
[9.101s][info][gc             ] GC(258) Pause Full (Allocation Failure) 494M->374M(494M) 45.943ms
[9.101s][info][gc,cpu         ] GC(258) User=0.06s Sys=0.00s Real=0.05s
[9.114s][info][gc,start       ] GC(259) Pause Full (Allocation Failure)
[9.114s][info][gc,phases,start] GC(259) Phase 1: Mark live objects
[9.123s][info][gc,phases      ] GC(259) Phase 1: Mark live objects 8.989ms
[9.123s][info][gc,phases,start] GC(259) Phase 2: Compute new object addresses
[9.128s][info][gc,phases      ] GC(259) Phase 2: Compute new object addresses 4.620ms
[9.128s][info][gc,phases,start] GC(259) Phase 3: Adjust pointers
[9.134s][info][gc,phases      ] GC(259) Phase 3: Adjust pointers 6.174ms
[9.134s][info][gc,phases,start] GC(259) Phase 4: Move objects
[9.165s][info][gc,phases      ] GC(259) Phase 4: Move objects 31.095ms
[9.166s][info][gc,heap        ] GC(259) DefNew: 157247K(157248K)->15083K(157248K) Eden: 139776K(139776K)->15083K(139776K) From: 17471K(17472K)->0K(17472K)
[9.166s][info][gc,heap        ] GC(259) Tenured: 349565K(349568K)->349488K(349568K)
[9.166s][info][gc,metaspace   ] GC(259) Metaspace: 30443K(30784K)->30443K(30784K) NonClass: 27174K(27328K)->27174K(27328K) Class: 3268K(3456K)->3268K(3456K)
[9.166s][info][gc             ] GC(259) Pause Full (Allocation Failure) 494M->356M(494M) 52.035ms
[9.166s][info][gc,cpu         ] GC(259) User=0.06s Sys=0.00s Real=0.06s
[9.177s][info][gc,start       ] GC(260) Pause Full (Allocation Failure)
[9.177s][info][gc,phases,start] GC(260) Phase 1: Mark live objects
[9.187s][info][gc,phases      ] GC(260) Phase 1: Mark live objects 10.338ms
[9.187s][info][gc,phases,start] GC(260) Phase 2: Compute new object addresses
[9.193s][info][gc,phases      ] GC(260) Phase 2: Compute new object addresses 6.026ms
[9.193s][info][gc,phases,start] GC(260) Phase 3: Adjust pointers
[9.200s][info][gc,phases      ] GC(260) Phase 3: Adjust pointers 6.578ms
[9.200s][info][gc,phases,start] GC(260) Phase 4: Move objects
[9.217s][info][gc,phases      ] GC(260) Phase 4: Move objects 16.719ms
[9.218s][info][gc,heap        ] GC(260) DefNew: 157094K(157248K)->30058K(157248K) Eden: 139776K(139776K)->30058K(139776K) From: 17318K(17472K)->0K(17472K)
[9.218s][info][gc,heap        ] GC(260) Tenured: 349488K(349568K)->349516K(349568K)
[9.218s][info][gc,metaspace   ] GC(260) Metaspace: 30447K(30784K)->30447K(30784K) NonClass: 27178K(27328K)->27178K(27328K) Class: 3268K(3456K)->3268K(3456K)
[9.218s][info][gc             ] GC(260) Pause Full (Allocation Failure) 494M->370M(494M) 40.877ms
[9.218s][info][gc,cpu         ] GC(260) User=0.05s Sys=0.00s Real=0.04s
[9.228s][info][gc,start       ] GC(261) Pause Full (Allocation Failure)
[9.228s][info][gc,phases,start] GC(261) Phase 1: Mark live objects
[9.237s][info][gc,phases      ] GC(261) Phase 1: Mark live objects 9.016ms
[9.238s][info][gc,phases,start] GC(261) Phase 2: Compute new object addresses
[9.242s][info][gc,phases      ] GC(261) Phase 2: Compute new object addresses 4.403ms
[9.242s][info][gc,phases,start] GC(261) Phase 3: Adjust pointers
[9.248s][info][gc,phases      ] GC(261) Phase 3: Adjust pointers 5.809ms
[9.248s][info][gc,phases,start] GC(261) Phase 4: Move objects
[9.271s][info][gc,phases      ] GC(261) Phase 4: Move objects 23.181ms
[9.272s][info][gc,heap        ] GC(261) DefNew: 157075K(157248K)->31393K(157248K) Eden: 139776K(139776K)->31393K(139776K) From: 17299K(17472K)->0K(17472K)
[9.272s][info][gc,heap        ] GC(261) Tenured: 349516K(349568K)->349476K(349568K)
[9.272s][info][gc,metaspace   ] GC(261) Metaspace: 30447K(30784K)->30447K(30784K) NonClass: 27179K(27328K)->27179K(27328K) Class: 3268K(3456K)->3268K(3456K)
[9.272s][info][gc             ] GC(261) Pause Full (Allocation Failure) 494M->371M(494M) 43.463ms
[9.272s][info][gc,cpu         ] GC(261) User=0.04s Sys=0.00s Real=0.04s
[9.285s][info][gc,start       ] GC(262) Pause Full (Allocation Failure)
[9.285s][info][gc,phases,start] GC(262) Phase 1: Mark live objects
[9.293s][info][gc,phases      ] GC(262) Phase 1: Mark live objects 8.373ms
[9.293s][info][gc,phases,start] GC(262) Phase 2: Compute new object addresses
[9.297s][info][gc,phases      ] GC(262) Phase 2: Compute new object addresses 4.137ms
[9.297s][info][gc,phases,start] GC(262) Phase 3: Adjust pointers
[9.304s][info][gc,phases      ] GC(262) Phase 3: Adjust pointers 6.115ms
[9.304s][info][gc,phases,start] GC(262) Phase 4: Move objects
[9.328s][info][gc,phases      ] GC(262) Phase 4: Move objects 24.259ms
[9.329s][info][gc,heap        ] GC(262) DefNew: 157020K(157248K)->28829K(157248K) Eden: 139776K(139776K)->28829K(139776K) From: 17244K(17472K)->0K(17472K)
[9.329s][info][gc,heap        ] GC(262) Tenured: 349476K(349568K)->349489K(349568K)
[9.329s][info][gc,metaspace   ] GC(262) Metaspace: 30457K(30784K)->30457K(30784K) NonClass: 27188K(27328K)->27188K(27328K) Class: 3268K(3456K)->3268K(3456K)
[9.329s][info][gc             ] GC(262) Pause Full (Allocation Failure) 494M->369M(494M) 43.943ms
[9.329s][info][gc,cpu         ] GC(262) User=0.06s Sys=0.00s Real=0.04s
[9.339s][info][gc,start       ] GC(263) Pause Full (Allocation Failure)
[9.339s][info][gc,phases,start] GC(263) Phase 1: Mark live objects
[9.348s][info][gc,phases      ] GC(263) Phase 1: Mark live objects 8.981ms
[9.348s][info][gc,phases,start] GC(263) Phase 2: Compute new object addresses
[9.353s][info][gc,phases      ] GC(263) Phase 2: Compute new object addresses 4.347ms
[9.353s][info][gc,phases,start] GC(263) Phase 3: Adjust pointers
[9.358s][info][gc,phases      ] GC(263) Phase 3: Adjust pointers 5.803ms
[9.359s][info][gc,phases,start] GC(263) Phase 4: Move objects
[9.383s][info][gc,phases      ] GC(263) Phase 4: Move objects 24.382ms
[9.384s][info][gc,heap        ] GC(263) DefNew: 157167K(157248K)->7857K(157248K) Eden: 139776K(139776K)->7857K(139776K) From: 17391K(17472K)->0K(17472K)
[9.384s][info][gc,heap        ] GC(263) Tenured: 349489K(349568K)->349379K(349568K)
[9.384s][info][gc,metaspace   ] GC(263) Metaspace: 30457K(30784K)->30457K(30784K) NonClass: 27188K(27328K)->27188K(27328K) Class: 3268K(3456K)->3268K(3456K)
[9.384s][info][gc             ] GC(263) Pause Full (Allocation Failure) 494M->348M(494M) 44.586ms
[9.384s][info][gc,cpu         ] GC(263) User=0.04s Sys=0.00s Real=0.05s
[9.394s][info][gc,start       ] GC(264) Pause Full (Allocation Failure)
[9.394s][info][gc,phases,start] GC(264) Phase 1: Mark live objects
[9.403s][info][gc,phases      ] GC(264) Phase 1: Mark live objects 9.091ms
[9.403s][info][gc,phases,start] GC(264) Phase 2: Compute new object addresses
[9.408s][info][gc,phases      ] GC(264) Phase 2: Compute new object addresses 4.761ms
[9.408s][info][gc,phases,start] GC(264) Phase 3: Adjust pointers
[9.414s][info][gc,phases      ] GC(264) Phase 3: Adjust pointers 5.909ms
[9.414s][info][gc,phases,start] GC(264) Phase 4: Move objects
[9.430s][info][gc,phases      ] GC(264) Phase 4: Move objects 15.855ms
[9.431s][info][gc,heap        ] GC(264) DefNew: 156230K(157248K)->30414K(157248K) Eden: 139775K(139776K)->30414K(139776K) From: 16454K(17472K)->0K(17472K)
[9.431s][info][gc,heap        ] GC(264) Tenured: 349379K(349568K)->349315K(349568K)
[9.431s][info][gc,metaspace   ] GC(264) Metaspace: 30457K(30784K)->30457K(30784K) NonClass: 27188K(27328K)->27188K(27328K) Class: 3268K(3456K)->3268K(3456K)
[9.431s][info][gc             ] GC(264) Pause Full (Allocation Failure) 493M->370M(494M) 36.656ms
[9.431s][info][gc,cpu         ] GC(264) User=0.05s Sys=0.00s Real=0.04s
[9.438s][info][gc,start       ] GC(265) Pause Full (Allocation Failure)
[9.438s][info][gc,phases,start] GC(265) Phase 1: Mark live objects
[9.447s][info][gc,phases      ] GC(265) Phase 1: Mark live objects 9.188ms
[9.447s][info][gc,phases,start] GC(265) Phase 2: Compute new object addresses
[9.451s][info][gc,phases      ] GC(265) Phase 2: Compute new object addresses 4.130ms
[9.451s][info][gc,phases,start] GC(265) Phase 3: Adjust pointers
[9.457s][info][gc,phases      ] GC(265) Phase 3: Adjust pointers 5.658ms
[9.457s][info][gc,phases,start] GC(265) Phase 4: Move objects
[9.479s][info][gc,phases      ] GC(265) Phase 4: Move objects 22.219ms
[9.480s][info][gc,heap        ] GC(265) DefNew: 157003K(157248K)->34186K(157248K) Eden: 139776K(139776K)->34186K(139776K) From: 17227K(17472K)->0K(17472K)
[9.480s][info][gc,heap        ] GC(265) Tenured: 349315K(349568K)->349504K(349568K)
[9.480s][info][gc,metaspace   ] GC(265) Metaspace: 30457K(30784K)->30457K(30784K) NonClass: 27188K(27328K)->27188K(27328K) Class: 3268K(3456K)->3268K(3456K)
[9.480s][info][gc             ] GC(265) Pause Full (Allocation Failure) 494M->374M(494M) 42.263ms
[9.480s][info][gc,cpu         ] GC(265) User=0.05s Sys=0.00s Real=0.04s
[9.486s][info][gc,start       ] GC(266) Pause Full (Allocation Failure)
[9.486s][info][gc,phases,start] GC(266) Phase 1: Mark live objects
[9.495s][info][gc,phases      ] GC(266) Phase 1: Mark live objects 9.351ms
[9.495s][info][gc,phases,start] GC(266) Phase 2: Compute new object addresses
[9.499s][info][gc,phases      ] GC(266) Phase 2: Compute new object addresses 4.169ms
[9.499s][info][gc,phases,start] GC(266) Phase 3: Adjust pointers
[9.506s][info][gc,phases      ] GC(266) Phase 3: Adjust pointers 6.404ms
[9.506s][info][gc,phases,start] GC(266) Phase 4: Move objects
[9.530s][info][gc,phases      ] GC(266) Phase 4: Move objects 23.969ms
[9.531s][info][gc,heap        ] GC(266) DefNew: 156997K(157248K)->45760K(157248K) Eden: 139776K(139776K)->45760K(139776K) From: 17221K(17472K)->0K(17472K)
[9.531s][info][gc,heap        ] GC(266) Tenured: 349504K(349568K)->349476K(349568K)
[9.531s][info][gc,metaspace   ] GC(266) Metaspace: 30457K(30784K)->30457K(30784K) NonClass: 27188K(27328K)->27188K(27328K) Class: 3268K(3456K)->3268K(3456K)
[9.531s][info][gc             ] GC(266) Pause Full (Allocation Failure) 494M->385M(494M) 45.022ms
[9.531s][info][gc,cpu         ] GC(266) User=0.05s Sys=0.00s Real=0.04s
[9.537s][info][gc,start       ] GC(267) Pause Full (Allocation Failure)
[9.537s][info][gc,phases,start] GC(267) Phase 1: Mark live objects
[9.546s][info][gc,phases      ] GC(267) Phase 1: Mark live objects 8.979ms
[9.546s][info][gc,phases,start] GC(267) Phase 2: Compute new object addresses
[9.550s][info][gc,phases      ] GC(267) Phase 2: Compute new object addresses 4.089ms
[9.550s][info][gc,phases,start] GC(267) Phase 3: Adjust pointers
[9.557s][info][gc,phases      ] GC(267) Phase 3: Adjust pointers 6.309ms
[9.557s][info][gc,phases,start] GC(267) Phase 4: Move objects
[9.583s][info][gc,phases      ] GC(267) Phase 4: Move objects 25.979ms
[9.584s][info][gc,heap        ] GC(267) DefNew: 157150K(157248K)->27514K(157248K) Eden: 139776K(139776K)->27514K(139776K) From: 17374K(17472K)->0K(17472K)
[9.584s][info][gc,heap        ] GC(267) Tenured: 349476K(349568K)->349362K(349568K)
[9.584s][info][gc,metaspace   ] GC(267) Metaspace: 30457K(30784K)->30457K(30784K) NonClass: 27189K(27328K)->27189K(27328K) Class: 3268K(3456K)->3268K(3456K)
[9.584s][info][gc             ] GC(267) Pause Full (Allocation Failure) 494M->368M(494M) 46.647ms
[9.584s][info][gc,cpu         ] GC(267) User=0.04s Sys=0.00s Real=0.04s
[9.600s][info][gc,start       ] GC(268) Pause Full (Allocation Failure)
[9.600s][info][gc,phases,start] GC(268) Phase 1: Mark live objects
[9.609s][info][gc,phases      ] GC(268) Phase 1: Mark live objects 9.072ms
[9.609s][info][gc,phases,start] GC(268) Phase 2: Compute new object addresses
[9.614s][info][gc,phases      ] GC(268) Phase 2: Compute new object addresses 4.439ms
[9.614s][info][gc,phases,start] GC(268) Phase 3: Adjust pointers
[9.620s][info][gc,phases      ] GC(268) Phase 3: Adjust pointers 6.122ms
[9.620s][info][gc,phases,start] GC(268) Phase 4: Move objects
[9.641s][info][gc,phases      ] GC(268) Phase 4: Move objects 20.956ms
[9.642s][info][gc,heap        ] GC(268) DefNew: 157078K(157248K)->38024K(157248K) Eden: 139776K(139776K)->38024K(139776K) From: 17302K(17472K)->0K(17472K)
[9.642s][info][gc,heap        ] GC(268) Tenured: 349362K(349568K)->349534K(349568K)
[9.642s][info][gc,metaspace   ] GC(268) Metaspace: 30457K(30784K)->30457K(30784K) NonClass: 27189K(27328K)->27189K(27328K) Class: 3268K(3456K)->3268K(3456K)
[9.642s][info][gc             ] GC(268) Pause Full (Allocation Failure) 494M->378M(494M) 41.772ms
[9.642s][info][gc,cpu         ] GC(268) User=0.04s Sys=0.00s Real=0.04s
[9.652s][info][gc,start       ] GC(269) Pause Full (Allocation Failure)
[9.652s][info][gc,phases,start] GC(269) Phase 1: Mark live objects
[9.661s][info][gc,phases      ] GC(269) Phase 1: Mark live objects 9.176ms
[9.661s][info][gc,phases,start] GC(269) Phase 2: Compute new object addresses
[9.666s][info][gc,phases      ] GC(269) Phase 2: Compute new object addresses 4.430ms
[9.666s][info][gc,phases,start] GC(269) Phase 3: Adjust pointers
[9.673s][info][gc,phases      ] GC(269) Phase 3: Adjust pointers 7.324ms
[9.673s][info][gc,phases,start] GC(269) Phase 4: Move objects
[9.698s][info][gc,phases      ] GC(269) Phase 4: Move objects 24.204ms
[9.698s][info][gc,heap        ] GC(269) DefNew: 156390K(157248K)->34812K(157248K) Eden: 139776K(139776K)->34812K(139776K) From: 16614K(17472K)->0K(17472K)
[9.698s][info][gc,heap        ] GC(269) Tenured: 349534K(349568K)->349343K(349568K)
[9.698s][info][gc,metaspace   ] GC(269) Metaspace: 30458K(30784K)->30458K(30784K) NonClass: 27189K(27328K)->27189K(27328K) Class: 3268K(3456K)->3268K(3456K)
[9.698s][info][gc             ] GC(269) Pause Full (Allocation Failure) 494M->375M(494M) 46.182ms
[9.698s][info][gc,cpu         ] GC(269) User=0.04s Sys=0.00s Real=0.05s
[9.709s][info][gc,start       ] GC(270) Pause Full (Allocation Failure)
[9.709s][info][gc,phases,start] GC(270) Phase 1: Mark live objects
[9.718s][info][gc,phases      ] GC(270) Phase 1: Mark live objects 9.183ms
[9.718s][info][gc,phases,start] GC(270) Phase 2: Compute new object addresses
[9.722s][info][gc,phases      ] GC(270) Phase 2: Compute new object addresses 4.294ms
[9.722s][info][gc,phases,start] GC(270) Phase 3: Adjust pointers
[9.728s][info][gc,phases      ] GC(270) Phase 3: Adjust pointers 5.898ms
[9.728s][info][gc,phases,start] GC(270) Phase 4: Move objects
[9.751s][info][gc,phases      ] GC(270) Phase 4: Move objects 22.385ms
[9.751s][info][gc,heap        ] GC(270) DefNew: 157248K(157248K)->33837K(157248K) Eden: 139776K(139776K)->33837K(139776K) From: 17472K(17472K)->0K(17472K)
[9.751s][info][gc,heap        ] GC(270) Tenured: 349446K(349568K)->349562K(349568K)
[9.751s][info][gc,metaspace   ] GC(270) Metaspace: 30461K(30784K)->30461K(30784K) NonClass: 27192K(27328K)->27192K(27328K) Class: 3268K(3456K)->3268K(3456K)
[9.751s][info][gc             ] GC(270) Pause Full (Allocation Failure) 494M->374M(494M) 42.808ms
[9.751s][info][gc,cpu         ] GC(270) User=0.05s Sys=0.00s Real=0.04s
[9.762s][info][gc,start       ] GC(271) Pause Full (Allocation Failure)
[9.762s][info][gc,phases,start] GC(271) Phase 1: Mark live objects
[9.771s][info][gc,phases      ] GC(271) Phase 1: Mark live objects 9.113ms
[9.771s][info][gc,phases,start] GC(271) Phase 2: Compute new object addresses
[9.775s][info][gc,phases      ] GC(271) Phase 2: Compute new object addresses 4.211ms
[9.775s][info][gc,phases,start] GC(271) Phase 3: Adjust pointers
[9.781s][info][gc,phases      ] GC(271) Phase 3: Adjust pointers 5.795ms
[9.781s][info][gc,phases,start] GC(271) Phase 4: Move objects
[9.806s][info][gc,phases      ] GC(271) Phase 4: Move objects 24.428ms
[9.807s][info][gc,heap        ] GC(271) DefNew: 157009K(157248K)->14182K(157248K) Eden: 139776K(139776K)->14182K(139776K) From: 17233K(17472K)->0K(17472K)
[9.807s][info][gc,heap        ] GC(271) Tenured: 349562K(349568K)->349461K(349568K)
[9.807s][info][gc,metaspace   ] GC(271) Metaspace: 30465K(30784K)->30465K(30784K) NonClass: 27197K(27328K)->27197K(27328K) Class: 3268K(3456K)->3268K(3456K)
[9.807s][info][gc             ] GC(271) Pause Full (Allocation Failure) 494M->355M(494M) 44.674ms
[9.807s][info][gc,cpu         ] GC(271) User=0.04s Sys=0.00s Real=0.05s
[9.817s][info][gc,start       ] GC(272) Pause Full (Allocation Failure)
[9.817s][info][gc,phases,start] GC(272) Phase 1: Mark live objects
[9.828s][info][gc,phases      ] GC(272) Phase 1: Mark live objects 10.548ms
[9.828s][info][gc,phases,start] GC(272) Phase 2: Compute new object addresses
[9.833s][info][gc,phases      ] GC(272) Phase 2: Compute new object addresses 4.829ms
[9.833s][info][gc,phases,start] GC(272) Phase 3: Adjust pointers
[9.839s][info][gc,phases      ] GC(272) Phase 3: Adjust pointers 6.348ms
[9.839s][info][gc,phases,start] GC(272) Phase 4: Move objects
[9.856s][info][gc,phases      ] GC(272) Phase 4: Move objects 17.096ms
[9.857s][info][gc,heap        ] GC(272) DefNew: 156364K(157248K)->32404K(157248K) Eden: 139776K(139776K)->32404K(139776K) From: 16588K(17472K)->0K(17472K)
[9.857s][info][gc,heap        ] GC(272) Tenured: 349461K(349568K)->349364K(349568K)
[9.857s][info][gc,metaspace   ] GC(272) Metaspace: 30465K(30784K)->30465K(30784K) NonClass: 27197K(27328K)->27197K(27328K) Class: 3268K(3456K)->3268K(3456K)
[9.857s][info][gc             ] GC(272) Pause Full (Allocation Failure) 493M->372M(494M) 40.044ms
[9.857s][info][gc,cpu         ] GC(272) User=0.04s Sys=0.00s Real=0.04s
[9.869s][info][gc,start       ] GC(273) Pause Full (Allocation Failure)
[9.869s][info][gc,phases,start] GC(273) Phase 1: Mark live objects
[9.879s][info][gc,phases      ] GC(273) Phase 1: Mark live objects 9.927ms
[9.879s][info][gc,phases,start] GC(273) Phase 2: Compute new object addresses
[9.884s][info][gc,phases      ] GC(273) Phase 2: Compute new object addresses 4.788ms
[9.884s][info][gc,phases,start] GC(273) Phase 3: Adjust pointers
[9.890s][info][gc,phases      ] GC(273) Phase 3: Adjust pointers 6.487ms
[9.890s][info][gc,phases,start] GC(273) Phase 4: Move objects
[9.913s][info][gc,phases      ] GC(273) Phase 4: Move objects 22.784ms
[9.914s][info][gc,heap        ] GC(273) DefNew: 156252K(157248K)->31281K(157248K) Eden: 139776K(139776K)->31281K(139776K) From: 16476K(17472K)->0K(17472K)
[9.914s][info][gc,heap        ] GC(273) Tenured: 349364K(349568K)->349539K(349568K)
[9.914s][info][gc,metaspace   ] GC(273) Metaspace: 30477K(30784K)->30477K(30784K) NonClass: 27208K(27328K)->27208K(27328K) Class: 3269K(3456K)->3269K(3456K)
[9.914s][info][gc             ] GC(273) Pause Full (Allocation Failure) 493M->371M(494M) 45.227ms
[9.914s][info][gc,cpu         ] GC(273) User=0.04s Sys=0.00s Real=0.04s
[9.922s][info][gc,start       ] GC(274) Pause Full (Allocation Failure)
[9.923s][info][gc,phases,start] GC(274) Phase 1: Mark live objects
[9.931s][info][gc,phases      ] GC(274) Phase 1: Mark live objects 8.682ms
[9.931s][info][gc,phases,start] GC(274) Phase 2: Compute new object addresses
[9.935s][info][gc,phases      ] GC(274) Phase 2: Compute new object addresses 4.150ms
[9.935s][info][gc,phases,start] GC(274) Phase 3: Adjust pointers
[9.941s][info][gc,phases      ] GC(274) Phase 3: Adjust pointers 5.728ms
[9.941s][info][gc,phases,start] GC(274) Phase 4: Move objects
[9.964s][info][gc,phases      ] GC(274) Phase 4: Move objects 22.427ms
[9.964s][info][gc,heap        ] GC(274) DefNew: 156922K(157248K)->32550K(157248K) Eden: 139776K(139776K)->32550K(139776K) From: 17146K(17472K)->0K(17472K)
[9.964s][info][gc,heap        ] GC(274) Tenured: 349539K(349568K)->349567K(349568K)
[9.964s][info][gc,metaspace   ] GC(274) Metaspace: 30477K(30784K)->30477K(30784K) NonClass: 27208K(27328K)->27208K(27328K) Class: 3269K(3456K)->3269K(3456K)
[9.964s][info][gc             ] GC(274) Pause Full (Allocation Failure) 494M->373M(494M) 42.012ms
[9.964s][info][gc,cpu         ] GC(274) User=0.05s Sys=0.00s Real=0.05s
[9.980s][info][gc,start       ] GC(275) Pause Full (Allocation Failure)
[9.980s][info][gc,phases,start] GC(275) Phase 1: Mark live objects
[9.989s][info][gc,phases      ] GC(275) Phase 1: Mark live objects 8.976ms
[9.989s][info][gc,phases,start] GC(275) Phase 2: Compute new object addresses
[9.994s][info][gc,phases      ] GC(275) Phase 2: Compute new object addresses 4.407ms
[9.994s][info][gc,phases,start] GC(275) Phase 3: Adjust pointers
[10.001s][info][gc,phases      ] GC(275) Phase 3: Adjust pointers 6.778ms
[10.001s][info][gc,phases,start] GC(275) Phase 4: Move objects
[10.032s][info][gc,phases      ] GC(275) Phase 4: Move objects 31.141ms
[10.033s][info][gc,heap        ] GC(275) DefNew: 156740K(157248K)->8763K(157248K) Eden: 139776K(139776K)->8763K(139776K) From: 16964K(17472K)->0K(17472K)
[10.033s][info][gc,heap        ] GC(275) Tenured: 349567K(349568K)->349486K(349568K)
[10.033s][info][gc,metaspace   ] GC(275) Metaspace: 30477K(30784K)->30477K(30784K) NonClass: 27208K(27328K)->27208K(27328K) Class: 3269K(3456K)->3269K(3456K)
[10.033s][info][gc             ] GC(275) Pause Full (Allocation Failure) 494M->349M(494M) 52.350ms
[10.033s][info][gc,cpu         ] GC(275) User=0.05s Sys=0.00s Real=0.05s
[10.045s][info][gc,start       ] GC(276) Pause Full (Allocation Failure)
[10.045s][info][gc,phases,start] GC(276) Phase 1: Mark live objects
[10.054s][info][gc,phases      ] GC(276) Phase 1: Mark live objects 8.409ms
[10.054s][info][gc,phases,start] GC(276) Phase 2: Compute new object addresses
[10.058s][info][gc,phases      ] GC(276) Phase 2: Compute new object addresses 4.360ms
[10.058s][info][gc,phases,start] GC(276) Phase 3: Adjust pointers
[10.064s][info][gc,phases      ] GC(276) Phase 3: Adjust pointers 5.462ms
[10.064s][info][gc,phases,start] GC(276) Phase 4: Move objects
[10.080s][info][gc,phases      ] GC(276) Phase 4: Move objects 16.590ms
[10.081s][info][gc,heap        ] GC(276) DefNew: 156644K(157248K)->26342K(157248K) Eden: 139776K(139776K)->26342K(139776K) From: 16868K(17472K)->0K(17472K)
[10.081s][info][gc,heap        ] GC(276) Tenured: 349486K(349568K)->349535K(349568K)
[10.081s][info][gc,metaspace   ] GC(276) Metaspace: 30478K(30784K)->30478K(30784K) NonClass: 27209K(27328K)->27209K(27328K) Class: 3269K(3456K)->3269K(3456K)
[10.081s][info][gc             ] GC(276) Pause Full (Allocation Failure) 494M->367M(494M) 35.892ms
[10.081s][info][gc,cpu         ] GC(276) User=0.04s Sys=0.00s Real=0.03s
[10.090s][info][gc,start       ] GC(277) Pause Full (Allocation Failure)
[10.090s][info][gc,phases,start] GC(277) Phase 1: Mark live objects
[10.100s][info][gc,phases      ] GC(277) Phase 1: Mark live objects 10.025ms
[10.100s][info][gc,phases,start] GC(277) Phase 2: Compute new object addresses
[10.105s][info][gc,phases      ] GC(277) Phase 2: Compute new object addresses 4.685ms
[10.105s][info][gc,phases,start] GC(277) Phase 3: Adjust pointers
[10.111s][info][gc,phases      ] GC(277) Phase 3: Adjust pointers 6.277ms
[10.111s][info][gc,phases,start] GC(277) Phase 4: Move objects
[10.136s][info][gc,phases      ] GC(277) Phase 4: Move objects 24.804ms
[10.137s][info][gc,heap        ] GC(277) DefNew: 157082K(157248K)->29793K(157248K) Eden: 139776K(139776K)->29793K(139776K) From: 17306K(17472K)->0K(17472K)
[10.137s][info][gc,heap        ] GC(277) Tenured: 349535K(349568K)->349543K(349568K)
[10.137s][info][gc,metaspace   ] GC(277) Metaspace: 30487K(30848K)->30487K(30848K) NonClass: 27216K(27392K)->27216K(27392K) Class: 3270K(3456K)->3270K(3456K)
[10.137s][info][gc             ] GC(277) Pause Full (Allocation Failure) 494M->370M(494M) 47.429ms
[10.137s][info][gc,cpu         ] GC(277) User=0.05s Sys=0.00s Real=0.05s
[10.148s][info][gc,start       ] GC(278) Pause Full (Allocation Failure)
[10.148s][info][gc,phases,start] GC(278) Phase 1: Mark live objects
[10.158s][info][gc,phases      ] GC(278) Phase 1: Mark live objects 9.270ms
[10.158s][info][gc,phases,start] GC(278) Phase 2: Compute new object addresses
[10.162s][info][gc,phases      ] GC(278) Phase 2: Compute new object addresses 4.377ms
[10.162s][info][gc,phases,start] GC(278) Phase 3: Adjust pointers
[10.168s][info][gc,phases      ] GC(278) Phase 3: Adjust pointers 6.079ms
[10.168s][info][gc,phases,start] GC(278) Phase 4: Move objects
[10.191s][info][gc,phases      ] GC(278) Phase 4: Move objects 22.771ms
[10.192s][info][gc,heap        ] GC(278) DefNew: 156876K(157248K)->24196K(157248K) Eden: 139776K(139776K)->24196K(139776K) From: 17100K(17472K)->0K(17472K)
[10.192s][info][gc,heap        ] GC(278) Tenured: 349543K(349568K)->349435K(349568K)
[10.192s][info][gc,metaspace   ] GC(278) Metaspace: 30487K(30848K)->30487K(30848K) NonClass: 27217K(27392K)->27217K(27392K) Class: 3270K(3456K)->3270K(3456K)
[10.192s][info][gc             ] GC(278) Pause Full (Allocation Failure) 494M->364M(494M) 43.644ms
[10.192s][info][gc,cpu         ] GC(278) User=0.05s Sys=0.00s Real=0.04s
[10.199s][info][gc,start       ] GC(279) Pause Full (Allocation Failure)
[10.199s][info][gc,phases,start] GC(279) Phase 1: Mark live objects
[10.208s][info][gc,phases      ] GC(279) Phase 1: Mark live objects 9.358ms
[10.208s][info][gc,phases,start] GC(279) Phase 2: Compute new object addresses
[10.213s][info][gc,phases      ] GC(279) Phase 2: Compute new object addresses 4.260ms
[10.213s][info][gc,phases,start] GC(279) Phase 3: Adjust pointers
[10.219s][info][gc,phases      ] GC(279) Phase 3: Adjust pointers 6.534ms
[10.219s][info][gc,phases,start] GC(279) Phase 4: Move objects
[10.248s][info][gc,phases      ] GC(279) Phase 4: Move objects 29.066ms
[10.249s][info][gc,heap        ] GC(279) DefNew: 157007K(157248K)->15945K(157248K) Eden: 139776K(139776K)->15945K(139776K) From: 17231K(17472K)->0K(17472K)
[10.249s][info][gc,heap        ] GC(279) Tenured: 349435K(349568K)->349479K(349568K)
[10.249s][info][gc,metaspace   ] GC(279) Metaspace: 30489K(30848K)->30489K(30848K) NonClass: 27219K(27392K)->27219K(27392K) Class: 3270K(3456K)->3270K(3456K)
[10.249s][info][gc             ] GC(279) Pause Full (Allocation Failure) 494M->356M(494M) 50.346ms
[10.249s][info][gc,cpu         ] GC(279) User=0.07s Sys=0.00s Real=0.05s
[10.260s][info][gc,start       ] GC(280) Pause Full (Allocation Failure)
[10.260s][info][gc,phases,start] GC(280) Phase 1: Mark live objects
[10.268s][info][gc,phases      ] GC(280) Phase 1: Mark live objects 8.362ms
[10.268s][info][gc,phases,start] GC(280) Phase 2: Compute new object addresses
[10.273s][info][gc,phases      ] GC(280) Phase 2: Compute new object addresses 4.403ms
[10.273s][info][gc,phases,start] GC(280) Phase 3: Adjust pointers
[10.278s][info][gc,phases      ] GC(280) Phase 3: Adjust pointers 5.607ms
[10.278s][info][gc,phases,start] GC(280) Phase 4: Move objects
[10.293s][info][gc,phases      ] GC(280) Phase 4: Move objects 14.416ms
[10.294s][info][gc,heap        ] GC(280) DefNew: 157097K(157248K)->28303K(157248K) Eden: 139776K(139776K)->28303K(139776K) From: 17321K(17472K)->0K(17472K)
[10.294s][info][gc,heap        ] GC(280) Tenured: 349479K(349568K)->349326K(349568K)
[10.294s][info][gc,metaspace   ] GC(280) Metaspace: 30489K(30848K)->30489K(30848K) NonClass: 27219K(27392K)->27219K(27392K) Class: 3270K(3456K)->3270K(3456K)
[10.294s][info][gc             ] GC(280) Pause Full (Allocation Failure) 494M->368M(494M) 33.809ms
[10.294s][info][gc,cpu         ] GC(280) User=0.03s Sys=0.00s Real=0.03s
[10.301s][info][gc,start       ] GC(281) Pause Full (Allocation Failure)
[10.301s][info][gc,phases,start] GC(281) Phase 1: Mark live objects
[10.311s][info][gc,phases      ] GC(281) Phase 1: Mark live objects 10.121ms
[10.311s][info][gc,phases,start] GC(281) Phase 2: Compute new object addresses
[10.315s][info][gc,phases      ] GC(281) Phase 2: Compute new object addresses 4.483ms
[10.315s][info][gc,phases,start] GC(281) Phase 3: Adjust pointers
[10.321s][info][gc,phases      ] GC(281) Phase 3: Adjust pointers 5.931ms
[10.321s][info][gc,phases,start] GC(281) Phase 4: Move objects
[10.342s][info][gc,phases      ] GC(281) Phase 4: Move objects 20.354ms
[10.342s][info][gc,heap        ] GC(281) DefNew: 157032K(157248K)->34613K(157248K) Eden: 139776K(139776K)->34613K(139776K) From: 17256K(17472K)->0K(17472K)
[10.343s][info][gc,heap        ] GC(281) Tenured: 349326K(349568K)->349546K(349568K)
[10.343s][info][gc,metaspace   ] GC(281) Metaspace: 30490K(30848K)->30490K(30848K) NonClass: 27219K(27392K)->27219K(27392K) Class: 3270K(3456K)->3270K(3456K)
[10.343s][info][gc             ] GC(281) Pause Full (Allocation Failure) 494M->375M(494M) 41.949ms
[10.343s][info][gc,cpu         ] GC(281) User=0.04s Sys=0.00s Real=0.04s
[10.353s][info][gc,start       ] GC(282) Pause Full (Allocation Failure)
[10.353s][info][gc,phases,start] GC(282) Phase 1: Mark live objects
[10.362s][info][gc,phases      ] GC(282) Phase 1: Mark live objects 8.823ms
[10.362s][info][gc,phases,start] GC(282) Phase 2: Compute new object addresses
[10.367s][info][gc,phases      ] GC(282) Phase 2: Compute new object addresses 4.428ms
[10.367s][info][gc,phases,start] GC(282) Phase 3: Adjust pointers
[10.373s][info][gc,phases      ] GC(282) Phase 3: Adjust pointers 5.902ms
[10.373s][info][gc,phases,start] GC(282) Phase 4: Move objects
[10.394s][info][gc,phases      ] GC(282) Phase 4: Move objects 21.381ms
[10.395s][info][gc,heap        ] GC(282) DefNew: 156943K(157248K)->28908K(157248K) Eden: 139776K(139776K)->28908K(139776K) From: 17167K(17472K)->0K(17472K)
[10.395s][info][gc,heap        ] GC(282) Tenured: 349546K(349568K)->349385K(349568K)
[10.395s][info][gc,metaspace   ] GC(282) Metaspace: 30490K(30848K)->30490K(30848K) NonClass: 27219K(27392K)->27219K(27392K) Class: 3270K(3456K)->3270K(3456K)
[10.395s][info][gc             ] GC(282) Pause Full (Allocation Failure) 494M->369M(494M) 41.534ms
[10.395s][info][gc,cpu         ] GC(282) User=0.05s Sys=0.00s Real=0.04s
[10.405s][info][gc,start       ] GC(283) Pause Full (Allocation Failure)
[10.405s][info][gc,phases,start] GC(283) Phase 1: Mark live objects
[10.414s][info][gc,phases      ] GC(283) Phase 1: Mark live objects 8.791ms
[10.414s][info][gc,phases,start] GC(283) Phase 2: Compute new object addresses
[10.419s][info][gc,phases      ] GC(283) Phase 2: Compute new object addresses 4.351ms
[10.419s][info][gc,phases,start] GC(283) Phase 3: Adjust pointers
[10.424s][info][gc,phases      ] GC(283) Phase 3: Adjust pointers 5.658ms
[10.424s][info][gc,phases,start] GC(283) Phase 4: Move objects
[10.447s][info][gc,phases      ] GC(283) Phase 4: Move objects 22.758ms
[10.448s][info][gc,heap        ] GC(283) DefNew: 156855K(157248K)->11836K(157248K) Eden: 139776K(139776K)->11836K(139776K) From: 17079K(17472K)->0K(17472K)
[10.448s][info][gc,heap        ] GC(283) Tenured: 349385K(349568K)->349381K(349568K)
[10.448s][info][gc,metaspace   ] GC(283) Metaspace: 30490K(30848K)->30490K(30848K) NonClass: 27220K(27392K)->27220K(27392K) Class: 3270K(3456K)->3270K(3456K)
[10.448s][info][gc             ] GC(283) Pause Full (Allocation Failure) 494M->352M(494M) 42.685ms
[10.448s][info][gc,cpu         ] GC(283) User=0.05s Sys=0.00s Real=0.04s
[10.459s][info][gc,start       ] GC(284) Pause Full (Allocation Failure)
[10.459s][info][gc,phases,start] GC(284) Phase 1: Mark live objects
[10.467s][info][gc,phases      ] GC(284) Phase 1: Mark live objects 8.628ms
[10.467s][info][gc,phases,start] GC(284) Phase 2: Compute new object addresses
[10.473s][info][gc,phases      ] GC(284) Phase 2: Compute new object addresses 5.448ms
[10.473s][info][gc,phases,start] GC(284) Phase 3: Adjust pointers
[10.479s][info][gc,phases      ] GC(284) Phase 3: Adjust pointers 5.939ms
[10.479s][info][gc,phases,start] GC(284) Phase 4: Move objects
[10.493s][info][gc,phases      ] GC(284) Phase 4: Move objects 14.409ms
[10.494s][info][gc,heap        ] GC(284) DefNew: 156838K(157248K)->29739K(157248K) Eden: 139776K(139776K)->29739K(139776K) From: 17062K(17472K)->0K(17472K)
[10.494s][info][gc,heap        ] GC(284) Tenured: 349381K(349568K)->349543K(349568K)
[10.494s][info][gc,metaspace   ] GC(284) Metaspace: 30494K(30848K)->30494K(30848K) NonClass: 27223K(27392K)->27223K(27392K) Class: 3270K(3456K)->3270K(3456K)
[10.494s][info][gc             ] GC(284) Pause Full (Allocation Failure) 494M->370M(494M) 35.531ms
[10.494s][info][gc,cpu         ] GC(284) User=0.03s Sys=0.00s Real=0.03s
[10.505s][info][gc,start       ] GC(285) Pause Full (Allocation Failure)
[10.505s][info][gc,phases,start] GC(285) Phase 1: Mark live objects
[10.514s][info][gc,phases      ] GC(285) Phase 1: Mark live objects 9.179ms
[10.514s][info][gc,phases,start] GC(285) Phase 2: Compute new object addresses
[10.518s][info][gc,phases      ] GC(285) Phase 2: Compute new object addresses 4.292ms
[10.518s][info][gc,phases,start] GC(285) Phase 3: Adjust pointers
[10.525s][info][gc,phases      ] GC(285) Phase 3: Adjust pointers 6.382ms
[10.525s][info][gc,phases,start] GC(285) Phase 4: Move objects
[10.546s][info][gc,phases      ] GC(285) Phase 4: Move objects 21.432ms
[10.547s][info][gc,heap        ] GC(285) DefNew: 156361K(157248K)->38558K(157248K) Eden: 139776K(139776K)->38558K(139776K) From: 16585K(17472K)->0K(17472K)
[10.547s][info][gc,heap        ] GC(285) Tenured: 349543K(349568K)->349449K(349568K)
[10.547s][info][gc,metaspace   ] GC(285) Metaspace: 30494K(30848K)->30494K(30848K) NonClass: 27223K(27392K)->27223K(27392K) Class: 3270K(3456K)->3270K(3456K)
[10.547s][info][gc             ] GC(285) Pause Full (Allocation Failure) 494M->378M(494M) 42.392ms
[10.547s][info][gc,cpu         ] GC(285) User=0.04s Sys=0.00s Real=0.04s
[10.558s][info][gc,start       ] GC(286) Pause Full (Allocation Failure)
[10.558s][info][gc,phases,start] GC(286) Phase 1: Mark live objects
[10.567s][info][gc,phases      ] GC(286) Phase 1: Mark live objects 9.487ms
[10.567s][info][gc,phases,start] GC(286) Phase 2: Compute new object addresses
[10.572s][info][gc,phases      ] GC(286) Phase 2: Compute new object addresses 4.674ms
[10.572s][info][gc,phases,start] GC(286) Phase 3: Adjust pointers
[10.579s][info][gc,phases      ] GC(286) Phase 3: Adjust pointers 6.485ms
[10.579s][info][gc,phases,start] GC(286) Phase 4: Move objects
[10.603s][info][gc,phases      ] GC(286) Phase 4: Move objects 24.123ms
[10.604s][info][gc,heap        ] GC(286) DefNew: 156650K(157248K)->37019K(157248K) Eden: 139776K(139776K)->37019K(139776K) From: 16874K(17472K)->0K(17472K)
[10.604s][info][gc,heap        ] GC(286) Tenured: 349449K(349568K)->349339K(349568K)
[10.604s][info][gc,metaspace   ] GC(286) Metaspace: 30494K(30848K)->30494K(30848K) NonClass: 27223K(27392K)->27223K(27392K) Class: 3270K(3456K)->3270K(3456K)
[10.604s][info][gc             ] GC(286) Pause Full (Allocation Failure) 494M->377M(494M) 46.092ms
[10.604s][info][gc,cpu         ] GC(286) User=0.04s Sys=0.01s Real=0.05s
[10.611s][info][gc,start       ] GC(287) Pause Full (Allocation Failure)
[10.611s][info][gc,phases,start] GC(287) Phase 1: Mark live objects
[10.621s][info][gc,phases      ] GC(287) Phase 1: Mark live objects 9.667ms
[10.621s][info][gc,phases,start] GC(287) Phase 2: Compute new object addresses
[10.625s][info][gc,phases      ] GC(287) Phase 2: Compute new object addresses 4.785ms
[10.626s][info][gc,phases,start] GC(287) Phase 3: Adjust pointers
[10.632s][info][gc,phases      ] GC(287) Phase 3: Adjust pointers 6.551ms
[10.632s][info][gc,phases,start] GC(287) Phase 4: Move objects
[10.657s][info][gc,phases      ] GC(287) Phase 4: Move objects 24.447ms
[10.657s][info][gc,heap        ] GC(287) DefNew: 157094K(157248K)->23308K(157248K) Eden: 139776K(139776K)->23308K(139776K) From: 17318K(17472K)->0K(17472K)
[10.657s][info][gc,heap        ] GC(287) Tenured: 349339K(349568K)->348987K(349568K)
[10.657s][info][gc,metaspace   ] GC(287) Metaspace: 30495K(30848K)->30495K(30848K) NonClass: 27224K(27392K)->27224K(27392K) Class: 3270K(3456K)->3270K(3456K)
[10.657s][info][gc             ] GC(287) Pause Full (Allocation Failure) 494M->363M(494M) 46.549ms
[10.658s][info][gc,cpu         ] GC(287) User=0.04s Sys=0.00s Real=0.05s
[10.668s][info][gc,start       ] GC(288) Pause Full (Allocation Failure)
[10.668s][info][gc,phases,start] GC(288) Phase 1: Mark live objects
[10.678s][info][gc,phases      ] GC(288) Phase 1: Mark live objects 9.624ms
[10.678s][info][gc,phases,start] GC(288) Phase 2: Compute new object addresses
[10.682s][info][gc,phases      ] GC(288) Phase 2: Compute new object addresses 4.392ms
[10.682s][info][gc,phases,start] GC(288) Phase 3: Adjust pointers
[10.688s][info][gc,phases      ] GC(288) Phase 3: Adjust pointers 5.995ms
[10.688s][info][gc,phases,start] GC(288) Phase 4: Move objects
[10.704s][info][gc,phases      ] GC(288) Phase 4: Move objects 15.346ms
[10.705s][info][gc,heap        ] GC(288) DefNew: 156516K(157248K)->37153K(157248K) Eden: 139776K(139776K)->37153K(139776K) From: 16740K(17472K)->0K(17472K)
[10.705s][info][gc,heap        ] GC(288) Tenured: 348987K(349568K)->349567K(349568K)
[10.705s][info][gc,metaspace   ] GC(288) Metaspace: 30495K(30848K)->30495K(30848K) NonClass: 27224K(27392K)->27224K(27392K) Class: 3270K(3456K)->3270K(3456K)
[10.705s][info][gc             ] GC(288) Pause Full (Allocation Failure) 493M->377M(494M) 36.496ms
[10.705s][info][gc,cpu         ] GC(288) User=0.04s Sys=0.00s Real=0.04s
[10.716s][info][gc,start       ] GC(289) Pause Full (Allocation Failure)
[10.716s][info][gc,phases,start] GC(289) Phase 1: Mark live objects
[10.726s][info][gc,phases      ] GC(289) Phase 1: Mark live objects 9.905ms
[10.726s][info][gc,phases,start] GC(289) Phase 2: Compute new object addresses
[10.731s][info][gc,phases      ] GC(289) Phase 2: Compute new object addresses 4.336ms
[10.731s][info][gc,phases,start] GC(289) Phase 3: Adjust pointers
[10.737s][info][gc,phases      ] GC(289) Phase 3: Adjust pointers 6.278ms
[10.737s][info][gc,phases,start] GC(289) Phase 4: Move objects
[10.758s][info][gc,phases      ] GC(289) Phase 4: Move objects 20.880ms
[10.759s][info][gc,heap        ] GC(289) DefNew: 157097K(157248K)->38861K(157248K) Eden: 139776K(139776K)->38861K(139776K) From: 17321K(17472K)->0K(17472K)
[10.759s][info][gc,heap        ] GC(289) Tenured: 349567K(349568K)->349411K(349568K)
[10.759s][info][gc,metaspace   ] GC(289) Metaspace: 30495K(30848K)->30495K(30848K) NonClass: 27224K(27392K)->27224K(27392K) Class: 3270K(3456K)->3270K(3456K)
[10.759s][info][gc             ] GC(289) Pause Full (Allocation Failure) 494M->379M(494M) 42.466ms
[10.759s][info][gc,cpu         ] GC(289) User=0.04s Sys=0.00s Real=0.04s
[10.769s][info][gc,start       ] GC(290) Pause Full (Allocation Failure)
[10.769s][info][gc,phases,start] GC(290) Phase 1: Mark live objects
[10.778s][info][gc,phases      ] GC(290) Phase 1: Mark live objects 9.212ms
[10.778s][info][gc,phases,start] GC(290) Phase 2: Compute new object addresses
[10.783s][info][gc,phases      ] GC(290) Phase 2: Compute new object addresses 4.121ms
[10.783s][info][gc,phases,start] GC(290) Phase 3: Adjust pointers
[10.789s][info][gc,phases      ] GC(290) Phase 3: Adjust pointers 6.078ms
[10.789s][info][gc,phases,start] GC(290) Phase 4: Move objects
[10.812s][info][gc,phases      ] GC(290) Phase 4: Move objects 22.791ms
[10.812s][info][gc,heap        ] GC(290) DefNew: 156904K(157248K)->33942K(157248K) Eden: 139776K(139776K)->33942K(139776K) From: 17128K(17472K)->0K(17472K)
[10.812s][info][gc,heap        ] GC(290) Tenured: 349411K(349568K)->349336K(349568K)
[10.812s][info][gc,metaspace   ] GC(290) Metaspace: 30495K(30848K)->30495K(30848K) NonClass: 27224K(27392K)->27224K(27392K) Class: 3270K(3456K)->3270K(3456K)
[10.812s][info][gc             ] GC(290) Pause Full (Allocation Failure) 494M->374M(494M) 43.327ms
[10.812s][info][gc,cpu         ] GC(290) User=0.05s Sys=0.00s Real=0.04s
[10.819s][info][gc,start       ] GC(291) Pause Full (Allocation Failure)
[10.819s][info][gc,phases,start] GC(291) Phase 1: Mark live objects
[10.830s][info][gc,phases      ] GC(291) Phase 1: Mark live objects 10.194ms
[10.830s][info][gc,phases,start] GC(291) Phase 2: Compute new object addresses
[10.834s][info][gc,phases      ] GC(291) Phase 2: Compute new object addresses 4.828ms
[10.834s][info][gc,phases,start] GC(291) Phase 3: Adjust pointers
[10.842s][info][gc,phases      ] GC(291) Phase 3: Adjust pointers 7.312ms
[10.842s][info][gc,phases,start] GC(291) Phase 4: Move objects
[10.867s][info][gc,phases      ] GC(291) Phase 4: Move objects 25.065ms
[10.868s][info][gc,heap        ] GC(291) DefNew: 157052K(157248K)->23830K(157248K) Eden: 139776K(139776K)->23830K(139776K) From: 17276K(17472K)->0K(17472K)
[10.868s][info][gc,heap        ] GC(291) Tenured: 349336K(349568K)->348727K(349568K)
[10.868s][info][gc,metaspace   ] GC(291) Metaspace: 30496K(30848K)->30496K(30848K) NonClass: 27226K(27392K)->27226K(27392K) Class: 3270K(3456K)->3270K(3456K)
[10.868s][info][gc             ] GC(291) Pause Full (Allocation Failure) 494M->363M(494M) 48.563ms
[10.868s][info][gc,cpu         ] GC(291) User=0.05s Sys=0.00s Real=0.05s
[10.878s][info][gc,start       ] GC(292) Pause Full (Allocation Failure)
[10.878s][info][gc,phases,start] GC(292) Phase 1: Mark live objects
[10.888s][info][gc,phases      ] GC(292) Phase 1: Mark live objects 9.383ms
[10.888s][info][gc,phases,start] GC(292) Phase 2: Compute new object addresses
[10.892s][info][gc,phases      ] GC(292) Phase 2: Compute new object addresses 4.619ms
[10.892s][info][gc,phases,start] GC(292) Phase 3: Adjust pointers
[10.899s][info][gc,phases      ] GC(292) Phase 3: Adjust pointers 6.080ms
[10.899s][info][gc,phases,start] GC(292) Phase 4: Move objects
[10.914s][info][gc,phases      ] GC(292) Phase 4: Move objects 15.603ms
[10.915s][info][gc,heap        ] GC(292) DefNew: 156847K(157248K)->36448K(157248K) Eden: 139776K(139776K)->36448K(139776K) From: 17071K(17472K)->0K(17472K)
[10.915s][info][gc,heap        ] GC(292) Tenured: 348727K(349568K)->349503K(349568K)
[10.915s][info][gc,metaspace   ] GC(292) Metaspace: 30496K(30848K)->30496K(30848K) NonClass: 27226K(27392K)->27226K(27392K) Class: 3270K(3456K)->3270K(3456K)
[10.915s][info][gc             ] GC(292) Pause Full (Allocation Failure) 493M->376M(494M) 36.872ms
[10.915s][info][gc,cpu         ] GC(292) User=0.04s Sys=0.00s Real=0.03s
[10.926s][info][gc,start       ] GC(293) Pause Full (Allocation Failure)
[10.926s][info][gc,phases,start] GC(293) Phase 1: Mark live objects
[10.935s][info][gc,phases      ] GC(293) Phase 1: Mark live objects 8.947ms
[10.935s][info][gc,phases,start] GC(293) Phase 2: Compute new object addresses
[10.939s][info][gc,phases      ] GC(293) Phase 2: Compute new object addresses 4.383ms
[10.939s][info][gc,phases,start] GC(293) Phase 3: Adjust pointers
[10.945s][info][gc,phases      ] GC(293) Phase 3: Adjust pointers 5.873ms
[10.945s][info][gc,phases,start] GC(293) Phase 4: Move objects
[10.966s][info][gc,phases      ] GC(293) Phase 4: Move objects 20.859ms
[10.967s][info][gc,heap        ] GC(293) DefNew: 156879K(157248K)->34199K(157248K) Eden: 139776K(139776K)->34199K(139776K) From: 17103K(17472K)->0K(17472K)
[10.967s][info][gc,heap        ] GC(293) Tenured: 349503K(349568K)->349550K(349568K)
[10.967s][info][gc,metaspace   ] GC(293) Metaspace: 30498K(30848K)->30498K(30848K) NonClass: 27227K(27392K)->27227K(27392K) Class: 3270K(3456K)->3270K(3456K)
[10.967s][info][gc             ] GC(293) Pause Full (Allocation Failure) 494M->374M(494M) 41.109ms
[10.967s][info][gc,cpu         ] GC(293) User=0.04s Sys=0.00s Real=0.04s
[10.977s][info][gc,start       ] GC(294) Pause Full (Allocation Failure)
[10.977s][info][gc,phases,start] GC(294) Phase 1: Mark live objects
[10.987s][info][gc,phases      ] GC(294) Phase 1: Mark live objects 9.295ms
[10.987s][info][gc,phases,start] GC(294) Phase 2: Compute new object addresses
[10.991s][info][gc,phases      ] GC(294) Phase 2: Compute new object addresses 4.276ms
[10.991s][info][gc,phases,start] GC(294) Phase 3: Adjust pointers
[10.997s][info][gc,phases      ] GC(294) Phase 3: Adjust pointers 6.070ms
[10.997s][info][gc,phases,start] GC(294) Phase 4: Move objects
[11.019s][info][gc,phases      ] GC(294) Phase 4: Move objects 21.415ms
[11.020s][info][gc,heap        ] GC(294) DefNew: 156350K(157248K)->30765K(157248K) Eden: 139776K(139776K)->30765K(139776K) From: 16574K(17472K)->0K(17472K)
[11.020s][info][gc,heap        ] GC(294) Tenured: 349550K(349568K)->349510K(349568K)
[11.020s][info][gc,metaspace   ] GC(294) Metaspace: 30513K(30912K)->30513K(30912K) NonClass: 27242K(27456K)->27242K(27456K) Class: 3270K(3456K)->3270K(3456K)
[11.020s][info][gc             ] GC(294) Pause Full (Allocation Failure) 494M->371M(494M) 42.131ms
[11.020s][info][gc,cpu         ] GC(294) User=0.04s Sys=0.00s Real=0.04s
[11.030s][info][gc,start       ] GC(295) Pause Full (Allocation Failure)
[11.030s][info][gc,phases,start] GC(295) Phase 1: Mark live objects
[11.039s][info][gc,phases      ] GC(295) Phase 1: Mark live objects 8.968ms
[11.039s][info][gc,phases,start] GC(295) Phase 2: Compute new object addresses
[11.043s][info][gc,phases      ] GC(295) Phase 2: Compute new object addresses 4.387ms
[11.043s][info][gc,phases,start] GC(295) Phase 3: Adjust pointers
[11.049s][info][gc,phases      ] GC(295) Phase 3: Adjust pointers 5.964ms
[11.049s][info][gc,phases,start] GC(295) Phase 4: Move objects
[11.072s][info][gc,phases      ] GC(295) Phase 4: Move objects 22.591ms
[11.073s][info][gc,heap        ] GC(295) DefNew: 156364K(157248K)->12372K(157248K) Eden: 139776K(139776K)->12372K(139776K) From: 16588K(17472K)->0K(17472K)
[11.073s][info][gc,heap        ] GC(295) Tenured: 349510K(349568K)->349434K(349568K)
[11.073s][info][gc,metaspace   ] GC(295) Metaspace: 30514K(30912K)->30514K(30912K) NonClass: 27243K(27456K)->27243K(27456K) Class: 3270K(3456K)->3270K(3456K)
[11.073s][info][gc             ] GC(295) Pause Full (Allocation Failure) 494M->353M(494M) 42.905ms
[11.073s][info][gc,cpu         ] GC(295) User=0.04s Sys=0.00s Real=0.04s
[11.083s][info][gc,start       ] GC(296) Pause Full (Allocation Failure)
[11.084s][info][gc,phases,start] GC(296) Phase 1: Mark live objects
[11.093s][info][gc,phases      ] GC(296) Phase 1: Mark live objects 9.861ms
[11.093s][info][gc,phases,start] GC(296) Phase 2: Compute new object addresses
[11.098s][info][gc,phases      ] GC(296) Phase 2: Compute new object addresses 4.850ms
[11.098s][info][gc,phases,start] GC(296) Phase 3: Adjust pointers
[11.105s][info][gc,phases      ] GC(296) Phase 3: Adjust pointers 6.525ms
[11.105s][info][gc,phases,start] GC(296) Phase 4: Move objects
[11.119s][info][gc,phases      ] GC(296) Phase 4: Move objects 13.773ms
[11.120s][info][gc,heap        ] GC(296) DefNew: 156815K(157248K)->29841K(157248K) Eden: 139776K(139776K)->29841K(139776K) From: 17039K(17472K)->0K(17472K)
[11.120s][info][gc,heap        ] GC(296) Tenured: 349434K(349568K)->349335K(349568K)
[11.120s][info][gc,metaspace   ] GC(296) Metaspace: 30535K(30912K)->30535K(30912K) NonClass: 27264K(27456K)->27264K(27456K) Class: 3270K(3456K)->3270K(3456K)
[11.120s][info][gc             ] GC(296) Pause Full (Allocation Failure) 494M->370M(494M) 36.219ms
[11.120s][info][gc,cpu         ] GC(296) User=0.04s Sys=0.00s Real=0.04s
[11.126s][info][gc,start       ] GC(297) Pause Full (Allocation Failure)
[11.126s][info][gc,phases,start] GC(297) Phase 1: Mark live objects
[11.137s][info][gc,phases      ] GC(297) Phase 1: Mark live objects 10.529ms
[11.137s][info][gc,phases,start] GC(297) Phase 2: Compute new object addresses
[11.141s][info][gc,phases      ] GC(297) Phase 2: Compute new object addresses 4.652ms
[11.141s][info][gc,phases,start] GC(297) Phase 3: Adjust pointers
[11.147s][info][gc,phases      ] GC(297) Phase 3: Adjust pointers 5.997ms
[11.147s][info][gc,phases,start] GC(297) Phase 4: Move objects
[11.167s][info][gc,phases      ] GC(297) Phase 4: Move objects 19.641ms
[11.168s][info][gc,heap        ] GC(297) DefNew: 157032K(157248K)->34503K(157248K) Eden: 139776K(139776K)->34503K(139776K) From: 17256K(17472K)->0K(17472K)
[11.168s][info][gc,heap        ] GC(297) Tenured: 349335K(349568K)->349511K(349568K)
[11.168s][info][gc,metaspace   ] GC(297) Metaspace: 30535K(30912K)->30535K(30912K) NonClass: 27264K(27456K)->27264K(27456K) Class: 3270K(3456K)->3270K(3456K)
[11.168s][info][gc             ] GC(297) Pause Full (Allocation Failure) 494M->375M(494M) 41.988ms
[11.168s][info][gc,cpu         ] GC(297) User=0.04s Sys=0.00s Real=0.04s
[11.179s][info][gc,start       ] GC(298) Pause Full (Allocation Failure)
[11.179s][info][gc,phases,start] GC(298) Phase 1: Mark live objects
[11.188s][info][gc,phases      ] GC(298) Phase 1: Mark live objects 8.822ms
[11.188s][info][gc,phases,start] GC(298) Phase 2: Compute new object addresses
[11.192s][info][gc,phases      ] GC(298) Phase 2: Compute new object addresses 4.168ms
[11.192s][info][gc,phases,start] GC(298) Phase 3: Adjust pointers
[11.198s][info][gc,phases      ] GC(298) Phase 3: Adjust pointers 5.910ms
[11.198s][info][gc,phases,start] GC(298) Phase 4: Move objects
[11.221s][info][gc,phases      ] GC(298) Phase 4: Move objects 23.302ms
[11.222s][info][gc,heap        ] GC(298) DefNew: 157130K(157248K)->31452K(157248K) Eden: 139776K(139776K)->31452K(139776K) From: 17354K(17472K)->0K(17472K)
[11.222s][info][gc,heap        ] GC(298) Tenured: 349511K(349568K)->349339K(349568K)
[11.222s][info][gc,metaspace   ] GC(298) Metaspace: 30535K(30912K)->30535K(30912K) NonClass: 27264K(27456K)->27264K(27456K) Class: 3270K(3456K)->3270K(3456K)
[11.222s][info][gc             ] GC(298) Pause Full (Allocation Failure) 494M->371M(494M) 43.263ms
[11.222s][info][gc,cpu         ] GC(298) User=0.05s Sys=0.00s Real=0.04s
[11.235s][info][gc,start       ] GC(299) Pause Full (Allocation Failure)
[11.235s][info][gc,phases,start] GC(299) Phase 1: Mark live objects
[11.244s][info][gc,phases      ] GC(299) Phase 1: Mark live objects 9.580ms
[11.244s][info][gc,phases,start] GC(299) Phase 2: Compute new object addresses
[11.249s][info][gc,phases      ] GC(299) Phase 2: Compute new object addresses 4.450ms
[11.249s][info][gc,phases,start] GC(299) Phase 3: Adjust pointers
[11.255s][info][gc,phases      ] GC(299) Phase 3: Adjust pointers 5.970ms
[11.255s][info][gc,phases,start] GC(299) Phase 4: Move objects
[11.277s][info][gc,phases      ] GC(299) Phase 4: Move objects 22.044ms
[11.278s][info][gc,heap        ] GC(299) DefNew: 157065K(157248K)->8235K(157248K) Eden: 139776K(139776K)->8235K(139776K) From: 17289K(17472K)->0K(17472K)
[11.278s][info][gc,heap        ] GC(299) Tenured: 349339K(349568K)->349475K(349568K)
[11.278s][info][gc,metaspace   ] GC(299) Metaspace: 30539K(30912K)->30539K(30912K) NonClass: 27268K(27456K)->27268K(27456K) Class: 3270K(3456K)->3270K(3456K)
[11.278s][info][gc             ] GC(299) Pause Full (Allocation Failure) 494M->349M(494M) 43.135ms
[11.278s][info][gc,cpu         ] GC(299) User=0.05s Sys=0.00s Real=0.05s
[11.289s][info][gc,start       ] GC(300) Pause Full (Allocation Failure)
[11.289s][info][gc,phases,start] GC(300) Phase 1: Mark live objects
[11.298s][info][gc,phases      ] GC(300) Phase 1: Mark live objects 9.535ms
[11.298s][info][gc,phases,start] GC(300) Phase 2: Compute new object addresses
[11.303s][info][gc,phases      ] GC(300) Phase 2: Compute new object addresses 4.610ms
[11.303s][info][gc,phases,start] GC(300) Phase 3: Adjust pointers
[11.309s][info][gc,phases      ] GC(300) Phase 3: Adjust pointers 5.906ms
[11.309s][info][gc,phases,start] GC(300) Phase 4: Move objects
[11.323s][info][gc,phases      ] GC(300) Phase 4: Move objects 13.963ms
[11.324s][info][gc,heap        ] GC(300) DefNew: 156922K(157248K)->24180K(157248K) Eden: 139776K(139776K)->24180K(139776K) From: 17146K(17472K)->0K(17472K)
[11.324s][info][gc,heap        ] GC(300) Tenured: 349475K(349568K)->349340K(349568K)
[11.324s][info][gc,metaspace   ] GC(300) Metaspace: 30539K(30912K)->30539K(30912K) NonClass: 27268K(27456K)->27268K(27456K) Class: 3270K(3456K)->3270K(3456K)
[11.324s][info][gc             ] GC(300) Pause Full (Allocation Failure) 494M->364M(494M) 35.124ms
[11.324s][info][gc,cpu         ] GC(300) User=0.03s Sys=0.00s Real=0.04s
[11.333s][info][gc,start       ] GC(301) Pause Full (Allocation Failure)
[11.333s][info][gc,phases,start] GC(301) Phase 1: Mark live objects
[11.342s][info][gc,phases      ] GC(301) Phase 1: Mark live objects 8.873ms
[11.342s][info][gc,phases,start] GC(301) Phase 2: Compute new object addresses
[11.346s][info][gc,phases      ] GC(301) Phase 2: Compute new object addresses 4.456ms
[11.346s][info][gc,phases,start] GC(301) Phase 3: Adjust pointers
[11.352s][info][gc,phases      ] GC(301) Phase 3: Adjust pointers 6.167ms
[11.352s][info][gc,phases,start] GC(301) Phase 4: Move objects
[11.372s][info][gc,phases      ] GC(301) Phase 4: Move objects 19.850ms
[11.373s][info][gc,heap        ] GC(301) DefNew: 157031K(157248K)->28969K(157248K) Eden: 139776K(139776K)->28969K(139776K) From: 17255K(17472K)->0K(17472K)
[11.373s][info][gc,heap        ] GC(301) Tenured: 349340K(349568K)->349515K(349568K)
[11.373s][info][gc,metaspace   ] GC(301) Metaspace: 30542K(30912K)->30542K(30912K) NonClass: 27272K(27456K)->27272K(27456K) Class: 3270K(3456K)->3270K(3456K)
[11.373s][info][gc             ] GC(301) Pause Full (Allocation Failure) 494M->369M(494M) 40.519ms
[11.373s][info][gc,cpu         ] GC(301) User=0.04s Sys=0.00s Real=0.04s
[11.384s][info][gc,start       ] GC(302) Pause Full (Allocation Failure)
[11.384s][info][gc,phases,start] GC(302) Phase 1: Mark live objects
[11.393s][info][gc,phases      ] GC(302) Phase 1: Mark live objects 9.246ms
[11.393s][info][gc,phases,start] GC(302) Phase 2: Compute new object addresses
[11.398s][info][gc,phases      ] GC(302) Phase 2: Compute new object addresses 4.222ms
[11.398s][info][gc,phases,start] GC(302) Phase 3: Adjust pointers
[11.404s][info][gc,phases      ] GC(302) Phase 3: Adjust pointers 5.872ms
[11.404s][info][gc,phases,start] GC(302) Phase 4: Move objects
[11.423s][info][gc,phases      ] GC(302) Phase 4: Move objects 19.659ms
[11.424s][info][gc,heap        ] GC(302) DefNew: 156872K(157248K)->26007K(157248K) Eden: 139776K(139776K)->26007K(139776K) From: 17096K(17472K)->0K(17472K)
[11.424s][info][gc,heap        ] GC(302) Tenured: 349515K(349568K)->349414K(349568K)
[11.424s][info][gc,metaspace   ] GC(302) Metaspace: 30542K(30912K)->30542K(30912K) NonClass: 27272K(27456K)->27272K(27456K) Class: 3270K(3456K)->3270K(3456K)
[11.424s][info][gc             ] GC(302) Pause Full (Allocation Failure) 494M->366M(494M) 40.028ms
[11.424s][info][gc,cpu         ] GC(302) User=0.04s Sys=0.00s Real=0.04s
[11.435s][info][gc,start       ] GC(303) Pause Full (Allocation Failure)
[11.435s][info][gc,phases,start] GC(303) Phase 1: Mark live objects
[11.443s][info][gc,phases      ] GC(303) Phase 1: Mark live objects 8.397ms
[11.443s][info][gc,phases,start] GC(303) Phase 2: Compute new object addresses
[11.447s][info][gc,phases      ] GC(303) Phase 2: Compute new object addresses 4.093ms
[11.447s][info][gc,phases,start] GC(303) Phase 3: Adjust pointers
[11.453s][info][gc,phases      ] GC(303) Phase 3: Adjust pointers 5.477ms
[11.453s][info][gc,phases,start] GC(303) Phase 4: Move objects
[11.474s][info][gc,phases      ] GC(303) Phase 4: Move objects 21.407ms
[11.475s][info][gc,heap        ] GC(303) DefNew: 156903K(157248K)->6172K(157248K) Eden: 139776K(139776K)->6172K(139776K) From: 17127K(17472K)->0K(17472K)
[11.475s][info][gc,heap        ] GC(303) Tenured: 349414K(349568K)->349363K(349568K)
[11.475s][info][gc,metaspace   ] GC(303) Metaspace: 30542K(30912K)->30542K(30912K) NonClass: 27272K(27456K)->27272K(27456K) Class: 3270K(3456K)->3270K(3456K)
[11.475s][info][gc             ] GC(303) Pause Full (Allocation Failure) 494M->347M(494M) 40.400ms
[11.475s][info][gc,cpu         ] GC(303) User=0.04s Sys=0.00s Real=0.04s
[11.482s][info][gc,start       ] GC(304) Pause Full (Allocation Failure)
[11.482s][info][gc,phases,start] GC(304) Phase 1: Mark live objects
[11.493s][info][gc,phases      ] GC(304) Phase 1: Mark live objects 10.627ms
[11.493s][info][gc,phases,start] GC(304) Phase 2: Compute new object addresses
[11.498s][info][gc,phases      ] GC(304) Phase 2: Compute new object addresses 4.716ms
[11.498s][info][gc,phases,start] GC(304) Phase 3: Adjust pointers
[11.504s][info][gc,phases      ] GC(304) Phase 3: Adjust pointers 5.949ms
[11.504s][info][gc,phases,start] GC(304) Phase 4: Move objects
[11.515s][info][gc,phases      ] GC(304) Phase 4: Move objects 11.819ms
[11.516s][info][gc,heap        ] GC(304) DefNew: 157028K(157248K)->30002K(157248K) Eden: 139776K(139776K)->30002K(139776K) From: 17252K(17472K)->0K(17472K)
[11.516s][info][gc,heap        ] GC(304) Tenured: 349363K(349568K)->349506K(349568K)
[11.516s][info][gc,metaspace   ] GC(304) Metaspace: 30544K(30912K)->30544K(30912K) NonClass: 27273K(27456K)->27273K(27456K) Class: 3270K(3456K)->3270K(3456K)
[11.516s][info][gc             ] GC(304) Pause Full (Allocation Failure) 494M->370M(494M) 34.184ms
[11.516s][info][gc,cpu         ] GC(304) User=0.04s Sys=0.00s Real=0.04s
[11.527s][info][gc,start       ] GC(305) Pause Full (Allocation Failure)
[11.527s][info][gc,phases,start] GC(305) Phase 1: Mark live objects
[11.536s][info][gc,phases      ] GC(305) Phase 1: Mark live objects 8.884ms
[11.536s][info][gc,phases,start] GC(305) Phase 2: Compute new object addresses
[11.540s][info][gc,phases      ] GC(305) Phase 2: Compute new object addresses 4.283ms
[11.540s][info][gc,phases,start] GC(305) Phase 3: Adjust pointers
[11.547s][info][gc,phases      ] GC(305) Phase 3: Adjust pointers 6.152ms
[11.547s][info][gc,phases,start] GC(305) Phase 4: Move objects
[11.567s][info][gc,phases      ] GC(305) Phase 4: Move objects 19.829ms
[11.567s][info][gc,heap        ] GC(305) DefNew: 156669K(157248K)->33139K(157248K) Eden: 139776K(139776K)->33139K(139776K) From: 16893K(17472K)->0K(17472K)
[11.567s][info][gc,heap        ] GC(305) Tenured: 349506K(349568K)->349336K(349568K)
[11.567s][info][gc,metaspace   ] GC(305) Metaspace: 30544K(30912K)->30544K(30912K) NonClass: 27273K(27456K)->27273K(27456K) Class: 3270K(3456K)->3270K(3456K)
[11.567s][info][gc             ] GC(305) Pause Full (Allocation Failure) 494M->373M(494M) 40.265ms
[11.567s][info][gc,cpu         ] GC(305) User=0.05s Sys=0.00s Real=0.04s
[11.578s][info][gc,start       ] GC(306) Pause Full (Allocation Failure)
[11.578s][info][gc,phases,start] GC(306) Phase 1: Mark live objects
[11.587s][info][gc,phases      ] GC(306) Phase 1: Mark live objects 8.679ms
[11.587s][info][gc,phases,start] GC(306) Phase 2: Compute new object addresses
[11.591s][info][gc,phases      ] GC(306) Phase 2: Compute new object addresses 4.401ms
[11.591s][info][gc,phases,start] GC(306) Phase 3: Adjust pointers
[11.597s][info][gc,phases      ] GC(306) Phase 3: Adjust pointers 6.239ms
[11.597s][info][gc,phases,start] GC(306) Phase 4: Move objects
[11.619s][info][gc,phases      ] GC(306) Phase 4: Move objects 21.788ms
[11.620s][info][gc,heap        ] GC(306) DefNew: 156918K(157248K)->32816K(157248K) Eden: 139776K(139776K)->32816K(139776K) From: 17142K(17472K)->0K(17472K)
[11.620s][info][gc,heap        ] GC(306) Tenured: 349336K(349568K)->349478K(349568K)
[11.620s][info][gc,metaspace   ] GC(306) Metaspace: 30545K(30912K)->30545K(30912K) NonClass: 27274K(27456K)->27274K(27456K) Class: 3270K(3456K)->3270K(3456K)
[11.620s][info][gc             ] GC(306) Pause Full (Allocation Failure) 494M->373M(494M) 42.199ms
[11.620s][info][gc,cpu         ] GC(306) User=0.05s Sys=0.00s Real=0.04s
[11.629s][info][gc,start       ] GC(307) Pause Full (Allocation Failure)
[11.630s][info][gc,phases,start] GC(307) Phase 1: Mark live objects
[11.639s][info][gc,phases      ] GC(307) Phase 1: Mark live objects 8.969ms
[11.639s][info][gc,phases,start] GC(307) Phase 2: Compute new object addresses
[11.643s][info][gc,phases      ] GC(307) Phase 2: Compute new object addresses 4.333ms
[11.643s][info][gc,phases,start] GC(307) Phase 3: Adjust pointers
[11.649s][info][gc,phases      ] GC(307) Phase 3: Adjust pointers 6.152ms
[11.649s][info][gc,phases,start] GC(307) Phase 4: Move objects
[11.673s][info][gc,phases      ] GC(307) Phase 4: Move objects 23.482ms
[11.673s][info][gc,heap        ] GC(307) DefNew: 157040K(157248K)->15953K(157248K) Eden: 139776K(139776K)->15953K(139776K) From: 17264K(17472K)->0K(17472K)
[11.673s][info][gc,heap        ] GC(307) Tenured: 349478K(349568K)->349558K(349568K)
[11.673s][info][gc,metaspace   ] GC(307) Metaspace: 30545K(30912K)->30545K(30912K) NonClass: 27274K(27456K)->27274K(27456K) Class: 3270K(3456K)->3270K(3456K)
[11.673s][info][gc             ] GC(307) Pause Full (Allocation Failure) 494M->356M(494M) 43.956ms
[11.673s][info][gc,cpu         ] GC(307) User=0.05s Sys=0.00s Real=0.04s
[11.684s][info][gc,start       ] GC(308) Pause Full (Allocation Failure)
[11.684s][info][gc,phases,start] GC(308) Phase 1: Mark live objects
[11.693s][info][gc,phases      ] GC(308) Phase 1: Mark live objects 8.921ms
[11.693s][info][gc,phases,start] GC(308) Phase 2: Compute new object addresses
[11.698s][info][gc,phases      ] GC(308) Phase 2: Compute new object addresses 4.494ms
[11.698s][info][gc,phases,start] GC(308) Phase 3: Adjust pointers
[11.703s][info][gc,phases      ] GC(308) Phase 3: Adjust pointers 5.809ms
[11.703s][info][gc,phases,start] GC(308) Phase 4: Move objects
[11.716s][info][gc,phases      ] GC(308) Phase 4: Move objects 12.416ms
[11.717s][info][gc,heap        ] GC(308) DefNew: 156600K(157248K)->32069K(157248K) Eden: 139776K(139776K)->32069K(139776K) From: 16824K(17472K)->0K(17472K)
[11.717s][info][gc,heap        ] GC(308) Tenured: 349558K(349568K)->349475K(349568K)
[11.717s][info][gc,metaspace   ] GC(308) Metaspace: 30545K(30912K)->30545K(30912K) NonClass: 27274K(27456K)->27274K(27456K) Class: 3270K(3456K)->3270K(3456K)
[11.717s][info][gc             ] GC(308) Pause Full (Allocation Failure) 494M->372M(494M) 32.713ms
[11.717s][info][gc,cpu         ] GC(308) User=0.03s Sys=0.00s Real=0.03s
[11.723s][info][gc,start       ] GC(309) Pause Full (Allocation Failure)
[11.723s][info][gc,phases,start] GC(309) Phase 1: Mark live objects
[11.732s][info][gc,phases      ] GC(309) Phase 1: Mark live objects 9.021ms
[11.732s][info][gc,phases,start] GC(309) Phase 2: Compute new object addresses
[11.736s][info][gc,phases      ] GC(309) Phase 2: Compute new object addresses 4.187ms
[11.737s][info][gc,phases,start] GC(309) Phase 3: Adjust pointers
[11.742s][info][gc,phases      ] GC(309) Phase 3: Adjust pointers 5.748ms
[11.742s][info][gc,phases,start] GC(309) Phase 4: Move objects
[11.762s][info][gc,phases      ] GC(309) Phase 4: Move objects 19.349ms
[11.762s][info][gc,heap        ] GC(309) DefNew: 157011K(157248K)->33707K(157248K) Eden: 139776K(139776K)->33707K(139776K) From: 17235K(17472K)->0K(17472K)
[11.763s][info][gc,heap        ] GC(309) Tenured: 349475K(349568K)->349378K(349568K)
[11.763s][info][gc,metaspace   ] GC(309) Metaspace: 30545K(30912K)->30545K(30912K) NonClass: 27274K(27456K)->27274K(27456K) Class: 3270K(3456K)->3270K(3456K)
[11.763s][info][gc             ] GC(309) Pause Full (Allocation Failure) 494M->374M(494M) 39.362ms
[11.763s][info][gc,cpu         ] GC(309) User=0.04s Sys=0.00s Real=0.04s
[11.773s][info][gc,start       ] GC(310) Pause Full (Allocation Failure)
[11.773s][info][gc,phases,start] GC(310) Phase 1: Mark live objects
[11.782s][info][gc,phases      ] GC(310) Phase 1: Mark live objects 8.858ms
[11.782s][info][gc,phases,start] GC(310) Phase 2: Compute new object addresses
[11.787s][info][gc,phases      ] GC(310) Phase 2: Compute new object addresses 4.467ms
[11.787s][info][gc,phases,start] GC(310) Phase 3: Adjust pointers
[11.793s][info][gc,phases      ] GC(310) Phase 3: Adjust pointers 6.225ms
[11.793s][info][gc,phases,start] GC(310) Phase 4: Move objects
[11.815s][info][gc,phases      ] GC(310) Phase 4: Move objects 21.944ms
[11.816s][info][gc,heap        ] GC(310) DefNew: 156604K(157248K)->25933K(157248K) Eden: 139776K(139776K)->25933K(139776K) From: 16828K(17472K)->0K(17472K)
[11.816s][info][gc,heap        ] GC(310) Tenured: 349378K(349568K)->349478K(349568K)
[11.816s][info][gc,metaspace   ] GC(310) Metaspace: 30547K(30912K)->30547K(30912K) NonClass: 27276K(27456K)->27276K(27456K) Class: 3270K(3456K)->3270K(3456K)
[11.816s][info][gc             ] GC(310) Pause Full (Allocation Failure) 494M->366M(494M) 42.676ms
[11.816s][info][gc,cpu         ] GC(310) User=0.05s Sys=0.01s Real=0.05s
[11.827s][info][gc,start       ] GC(311) Pause Full (Allocation Failure)
[11.827s][info][gc,phases,start] GC(311) Phase 1: Mark live objects
[11.837s][info][gc,phases      ] GC(311) Phase 1: Mark live objects 9.832ms
[11.837s][info][gc,phases,start] GC(311) Phase 2: Compute new object addresses
[11.841s][info][gc,phases      ] GC(311) Phase 2: Compute new object addresses 4.248ms
[11.841s][info][gc,phases,start] GC(311) Phase 3: Adjust pointers
[11.847s][info][gc,phases      ] GC(311) Phase 3: Adjust pointers 5.762ms
[11.847s][info][gc,phases,start] GC(311) Phase 4: Move objects
[11.868s][info][gc,phases      ] GC(311) Phase 4: Move objects 21.496ms
[11.869s][info][gc,heap        ] GC(311) DefNew: 157240K(157248K)->8508K(157248K) Eden: 139776K(139776K)->8508K(139776K) From: 17464K(17472K)->0K(17472K)
[11.869s][info][gc,heap        ] GC(311) Tenured: 349478K(349568K)->349451K(349568K)
[11.869s][info][gc,metaspace   ] GC(311) Metaspace: 30547K(30912K)->30547K(30912K) NonClass: 27276K(27456K)->27276K(27456K) Class: 3270K(3456K)->3270K(3456K)
[11.869s][info][gc             ] GC(311) Pause Full (Allocation Failure) 494M->349M(494M) 42.377ms
[11.869s][info][gc,cpu         ] GC(311) User=0.04s Sys=0.00s Real=0.04s
[11.876s][info][gc,start       ] GC(312) Pause Full (Allocation Failure)
[11.876s][info][gc,phases,start] GC(312) Phase 1: Mark live objects
[11.886s][info][gc,phases      ] GC(312) Phase 1: Mark live objects 9.509ms
[11.886s][info][gc,phases,start] GC(312) Phase 2: Compute new object addresses
[11.891s][info][gc,phases      ] GC(312) Phase 2: Compute new object addresses 4.710ms
[11.891s][info][gc,phases,start] GC(312) Phase 3: Adjust pointers
[11.897s][info][gc,phases      ] GC(312) Phase 3: Adjust pointers 6.110ms
[11.897s][info][gc,phases,start] GC(312) Phase 4: Move objects
[11.900s][info][gc,phases      ] GC(312) Phase 4: Move objects 2.825ms
[11.900s][info][gc,heap        ] GC(312) DefNew: 156998K(157248K)->34169K(157248K) Eden: 139776K(139776K)->34169K(139776K) From: 17222K(17472K)->0K(17472K)
[11.901s][info][gc,heap        ] GC(312) Tenured: 349451K(349568K)->349451K(349568K)
[11.901s][info][gc,metaspace   ] GC(312) Metaspace: 30548K(30912K)->30548K(30912K) NonClass: 27277K(27456K)->27277K(27456K) Class: 3270K(3456K)->3270K(3456K)
[11.901s][info][gc             ] GC(312) Pause Full (Allocation Failure) 494M->374M(494M) 24.185ms
[11.901s][info][gc,cpu         ] GC(312) User=0.02s Sys=0.01s Real=0.02s
[11.909s][info][gc,start       ] GC(313) Pause Full (Allocation Failure)
[11.909s][info][gc,phases,start] GC(313) Phase 1: Mark live objects
[11.918s][info][gc,phases      ] GC(313) Phase 1: Mark live objects 8.500ms
[11.918s][info][gc,phases,start] GC(313) Phase 2: Compute new object addresses
[11.922s][info][gc,phases      ] GC(313) Phase 2: Compute new object addresses 4.121ms
[11.922s][info][gc,phases,start] GC(313) Phase 3: Adjust pointers
[11.928s][info][gc,phases      ] GC(313) Phase 3: Adjust pointers 5.679ms
[11.928s][info][gc,phases,start] GC(313) Phase 4: Move objects
[11.946s][info][gc,phases      ] GC(313) Phase 4: Move objects 18.553ms
[11.947s][info][gc,heap        ] GC(313) DefNew: 157017K(157248K)->32393K(157248K) Eden: 139776K(139776K)->32393K(139776K) From: 17241K(17472K)->0K(17472K)
[11.947s][info][gc,heap        ] GC(313) Tenured: 349451K(349568K)->349561K(349568K)
[11.947s][info][gc,metaspace   ] GC(313) Metaspace: 30552K(30912K)->30552K(30912K) NonClass: 27281K(27456K)->27281K(27456K) Class: 3270K(3456K)->3270K(3456K)
[11.947s][info][gc             ] GC(313) Pause Full (Allocation Failure) 494M->373M(494M) 37.881ms
[11.947s][info][gc,cpu         ] GC(313) User=0.04s Sys=0.00s Real=0.04s
[11.953s][info][gc,start       ] GC(314) Pause Full (Allocation Failure)
[11.953s][info][gc,phases,start] GC(314) Phase 1: Mark live objects
[11.962s][info][gc,phases      ] GC(314) Phase 1: Mark live objects 8.730ms
[11.962s][info][gc,phases,start] GC(314) Phase 2: Compute new object addresses
[11.966s][info][gc,phases      ] GC(314) Phase 2: Compute new object addresses 3.925ms
[11.966s][info][gc,phases,start] GC(314) Phase 3: Adjust pointers
[11.972s][info][gc,phases      ] GC(314) Phase 3: Adjust pointers 5.684ms
[11.972s][info][gc,phases,start] GC(314) Phase 4: Move objects
[11.991s][info][gc,phases      ] GC(314) Phase 4: Move objects 19.148ms
[11.992s][info][gc,heap        ] GC(314) DefNew: 157229K(157248K)->37273K(157248K) Eden: 139776K(139776K)->37273K(139776K) From: 17453K(17472K)->0K(17472K)
[11.992s][info][gc,heap        ] GC(314) Tenured: 349561K(349568K)->349559K(349568K)
[11.992s][info][gc,metaspace   ] GC(314) Metaspace: 30552K(30912K)->30552K(30912K) NonClass: 27281K(27456K)->27281K(27456K) Class: 3270K(3456K)->3270K(3456K)
[11.992s][info][gc             ] GC(314) Pause Full (Allocation Failure) 494M->377M(494M) 38.635ms
[11.992s][info][gc,cpu         ] GC(314) User=0.04s Sys=0.00s Real=0.04s
[12.002s][info][gc,start       ] GC(315) Pause Full (Allocation Failure)
[12.002s][info][gc,phases,start] GC(315) Phase 1: Mark live objects
[12.011s][info][gc,phases      ] GC(315) Phase 1: Mark live objects 9.191ms
[12.011s][info][gc,phases,start] GC(315) Phase 2: Compute new object addresses
[12.016s][info][gc,phases      ] GC(315) Phase 2: Compute new object addresses 4.467ms
[12.016s][info][gc,phases,start] GC(315) Phase 3: Adjust pointers
[12.022s][info][gc,phases      ] GC(315) Phase 3: Adjust pointers 6.060ms
[12.022s][info][gc,phases,start] GC(315) Phase 4: Move objects
[12.044s][info][gc,phases      ] GC(315) Phase 4: Move objects 22.329ms
[12.045s][info][gc,heap        ] GC(315) DefNew: 157044K(157248K)->17543K(157248K) Eden: 139776K(139776K)->17543K(139776K) From: 17268K(17472K)->0K(17472K)
[12.045s][info][gc,heap        ] GC(315) Tenured: 349559K(349568K)->349348K(349568K)
[12.045s][info][gc,metaspace   ] GC(315) Metaspace: 30569K(30912K)->30569K(30912K) NonClass: 27299K(27456K)->27299K(27456K) Class: 3270K(3456K)->3270K(3456K)
[12.045s][info][gc             ] GC(315) Pause Full (Allocation Failure) 494M->358M(494M) 43.083ms
[12.045s][info][gc,cpu         ] GC(315) User=0.07s Sys=0.00s Real=0.05s
[12.056s][info][gc,start       ] GC(316) Pause Full (Allocation Failure)
[12.056s][info][gc,phases,start] GC(316) Phase 1: Mark live objects
[12.065s][info][gc,phases      ] GC(316) Phase 1: Mark live objects 8.957ms
[12.065s][info][gc,phases,start] GC(316) Phase 2: Compute new object addresses
[12.069s][info][gc,phases      ] GC(316) Phase 2: Compute new object addresses 4.438ms
[12.069s][info][gc,phases,start] GC(316) Phase 3: Adjust pointers
[12.075s][info][gc,phases      ] GC(316) Phase 3: Adjust pointers 5.743ms
[12.075s][info][gc,phases,start] GC(316) Phase 4: Move objects
[12.084s][info][gc,phases      ] GC(316) Phase 4: Move objects 9.001ms
[12.085s][info][gc,heap        ] GC(316) DefNew: 157066K(157248K)->31936K(157248K) Eden: 139776K(139776K)->31936K(139776K) From: 17290K(17472K)->0K(17472K)
[12.085s][info][gc,heap        ] GC(316) Tenured: 349348K(349568K)->349381K(349568K)
[12.085s][info][gc,metaspace   ] GC(316) Metaspace: 30585K(30976K)->30585K(30976K) NonClass: 27315K(27520K)->27315K(27520K) Class: 3270K(3456K)->3270K(3456K)
[12.085s][info][gc             ] GC(316) Pause Full (Allocation Failure) 494M->372M(494M) 29.178ms
[12.085s][info][gc,cpu         ] GC(316) User=0.03s Sys=0.00s Real=0.04s
[12.095s][info][gc,start       ] GC(317) Pause Full (Allocation Failure)
[12.095s][info][gc,phases,start] GC(317) Phase 1: Mark live objects
[12.104s][info][gc,phases      ] GC(317) Phase 1: Mark live objects 8.952ms
[12.104s][info][gc,phases,start] GC(317) Phase 2: Compute new object addresses
[12.108s][info][gc,phases      ] GC(317) Phase 2: Compute new object addresses 4.341ms
[12.108s][info][gc,phases,start] GC(317) Phase 3: Adjust pointers
[12.114s][info][gc,phases      ] GC(317) Phase 3: Adjust pointers 5.972ms
[12.114s][info][gc,phases,start] GC(317) Phase 4: Move objects
[12.135s][info][gc,phases      ] GC(317) Phase 4: Move objects 21.258ms
[12.137s][info][gc,heap        ] GC(317) DefNew: 157014K(157248K)->35736K(157248K) Eden: 139776K(139776K)->35736K(139776K) From: 17238K(17472K)->0K(17472K)
[12.137s][info][gc,heap        ] GC(317) Tenured: 349381K(349568K)->349559K(349568K)
[12.137s][info][gc,metaspace   ] GC(317) Metaspace: 30601K(30976K)->30601K(30976K) NonClass: 27330K(27520K)->27330K(27520K) Class: 3271K(3456K)->3271K(3456K)
[12.137s][info][gc             ] GC(317) Pause Full (Allocation Failure) 494M->376M(494M) 42.367ms
[12.137s][info][gc,cpu         ] GC(317) User=0.04s Sys=0.00s Real=0.05s
[12.147s][info][gc,start       ] GC(318) Pause Full (Allocation Failure)
[12.147s][info][gc,phases,start] GC(318) Phase 1: Mark live objects
[12.156s][info][gc,phases      ] GC(318) Phase 1: Mark live objects 8.957ms
[12.156s][info][gc,phases,start] GC(318) Phase 2: Compute new object addresses
[12.161s][info][gc,phases      ] GC(318) Phase 2: Compute new object addresses 4.107ms
[12.161s][info][gc,phases,start] GC(318) Phase 3: Adjust pointers
[12.166s][info][gc,phases      ] GC(318) Phase 3: Adjust pointers 5.608ms
[12.166s][info][gc,phases,start] GC(318) Phase 4: Move objects
[12.187s][info][gc,phases      ] GC(318) Phase 4: Move objects 20.352ms
[12.187s][info][gc,heap        ] GC(318) DefNew: 157108K(157248K)->33336K(157248K) Eden: 139776K(139776K)->33336K(139776K) From: 17332K(17472K)->0K(17472K)
[12.187s][info][gc,heap        ] GC(318) Tenured: 349559K(349568K)->349479K(349568K)
[12.187s][info][gc,metaspace   ] GC(318) Metaspace: 30612K(30976K)->30612K(30976K) NonClass: 27340K(27520K)->27340K(27520K) Class: 3271K(3456K)->3271K(3456K)
[12.187s][info][gc             ] GC(318) Pause Full (Allocation Failure) 494M->373M(494M) 40.027ms
[12.187s][info][gc,cpu         ] GC(318) User=0.04s Sys=0.00s Real=0.04s
[12.200s][info][gc,start       ] GC(319) Pause Full (Allocation Failure)
[12.200s][info][gc,phases,start] GC(319) Phase 1: Mark live objects
[12.210s][info][gc,phases      ] GC(319) Phase 1: Mark live objects 9.786ms
[12.210s][info][gc,phases,start] GC(319) Phase 2: Compute new object addresses
[12.214s][info][gc,phases      ] GC(319) Phase 2: Compute new object addresses 4.099ms
[12.214s][info][gc,phases,start] GC(319) Phase 3: Adjust pointers
[12.220s][info][gc,phases      ] GC(319) Phase 3: Adjust pointers 6.278ms
[12.221s][info][gc,phases,start] GC(319) Phase 4: Move objects
[12.253s][info][gc,phases      ] GC(319) Phase 4: Move objects 32.367ms
[12.254s][info][gc,heap        ] GC(319) DefNew: 157047K(157248K)->11067K(157248K) Eden: 139776K(139776K)->11067K(139776K) From: 17271K(17472K)->0K(17472K)
[12.254s][info][gc,heap        ] GC(319) Tenured: 349479K(349568K)->349413K(349568K)
[12.254s][info][gc,metaspace   ] GC(319) Metaspace: 30616K(30976K)->30616K(30976K) NonClass: 27344K(27520K)->27344K(27520K) Class: 3271K(3456K)->3271K(3456K)
[12.254s][info][gc             ] GC(319) Pause Full (Allocation Failure) 494M->352M(494M) 53.554ms
[12.254s][info][gc,cpu         ] GC(319) User=0.06s Sys=0.00s Real=0.05s
[12.264s][info][gc,start       ] GC(320) Pause Full (Allocation Failure)
[12.264s][info][gc,phases,start] GC(320) Phase 1: Mark live objects
[12.273s][info][gc,phases      ] GC(320) Phase 1: Mark live objects 8.923ms
[12.273s][info][gc,phases,start] GC(320) Phase 2: Compute new object addresses
[12.278s][info][gc,phases      ] GC(320) Phase 2: Compute new object addresses 4.558ms
[12.278s][info][gc,phases,start] GC(320) Phase 3: Adjust pointers
[12.284s][info][gc,phases      ] GC(320) Phase 3: Adjust pointers 5.815ms
[12.284s][info][gc,phases,start] GC(320) Phase 4: Move objects
[12.300s][info][gc,phases      ] GC(320) Phase 4: Move objects 16.316ms
[12.301s][info][gc,heap        ] GC(320) DefNew: 156341K(157248K)->24703K(157248K) Eden: 139776K(139776K)->24703K(139776K) From: 16565K(17472K)->0K(17472K)
[12.301s][info][gc,heap        ] GC(320) Tenured: 349413K(349568K)->349558K(349568K)
[12.301s][info][gc,metaspace   ] GC(320) Metaspace: 30618K(30976K)->30618K(30976K) NonClass: 27346K(27520K)->27346K(27520K) Class: 3271K(3456K)->3271K(3456K)
[12.301s][info][gc             ] GC(320) Pause Full (Allocation Failure) 493M->365M(494M) 36.707ms
[12.301s][info][gc,cpu         ] GC(320) User=0.04s Sys=0.00s Real=0.03s
[12.312s][info][gc,start       ] GC(321) Pause Full (Allocation Failure)
[12.312s][info][gc,phases,start] GC(321) Phase 1: Mark live objects
[12.322s][info][gc,phases      ] GC(321) Phase 1: Mark live objects 10.071ms
[12.322s][info][gc,phases,start] GC(321) Phase 2: Compute new object addresses
[12.326s][info][gc,phases      ] GC(321) Phase 2: Compute new object addresses 4.589ms
[12.327s][info][gc,phases,start] GC(321) Phase 3: Adjust pointers
[12.333s][info][gc,phases      ] GC(321) Phase 3: Adjust pointers 6.216ms
[12.333s][info][gc,phases,start] GC(321) Phase 4: Move objects
[12.352s][info][gc,phases      ] GC(321) Phase 4: Move objects 19.627ms
[12.353s][info][gc,heap        ] GC(321) DefNew: 156303K(157248K)->23334K(157248K) Eden: 139776K(139776K)->23334K(139776K) From: 16527K(17472K)->0K(17472K)
[12.353s][info][gc,heap        ] GC(321) Tenured: 349558K(349568K)->348963K(349568K)
[12.353s][info][gc,metaspace   ] GC(321) Metaspace: 30618K(30976K)->30618K(30976K) NonClass: 27346K(27520K)->27346K(27520K) Class: 3271K(3456K)->3271K(3456K)
[12.353s][info][gc             ] GC(321) Pause Full (Allocation Failure) 494M->363M(494M) 41.634ms
[12.353s][info][gc,cpu         ] GC(321) User=0.06s Sys=0.00s Real=0.04s
[12.362s][info][gc,start       ] GC(322) Pause Full (Allocation Failure)
[12.362s][info][gc,phases,start] GC(322) Phase 1: Mark live objects
[12.372s][info][gc,phases      ] GC(322) Phase 1: Mark live objects 9.427ms
[12.372s][info][gc,phases,start] GC(322) Phase 2: Compute new object addresses
[12.376s][info][gc,phases      ] GC(322) Phase 2: Compute new object addresses 4.276ms
[12.376s][info][gc,phases,start] GC(322) Phase 3: Adjust pointers
[12.382s][info][gc,phases      ] GC(322) Phase 3: Adjust pointers 5.804ms
[12.382s][info][gc,phases,start] GC(322) Phase 4: Move objects
[12.401s][info][gc,phases      ] GC(322) Phase 4: Move objects 18.528ms
[12.401s][info][gc,heap        ] GC(322) DefNew: 157054K(157248K)->29856K(157248K) Eden: 139776K(139776K)->29856K(139776K) From: 17278K(17472K)->0K(17472K)
[12.401s][info][gc,heap        ] GC(322) Tenured: 349219K(349568K)->349398K(349568K)
[12.401s][info][gc,metaspace   ] GC(322) Metaspace: 30623K(30976K)->30623K(30976K) NonClass: 27351K(27520K)->27351K(27520K) Class: 3271K(3456K)->3271K(3456K)
[12.401s][info][gc             ] GC(322) Pause Full (Allocation Failure) 494M->370M(494M) 39.057ms
[12.401s][info][gc,cpu         ] GC(322) User=0.04s Sys=0.00s Real=0.04s
[12.412s][info][gc,start       ] GC(323) Pause Full (Allocation Failure)
[12.412s][info][gc,phases,start] GC(323) Phase 1: Mark live objects
[12.421s][info][gc,phases      ] GC(323) Phase 1: Mark live objects 8.578ms
[12.421s][info][gc,phases,start] GC(323) Phase 2: Compute new object addresses
[12.425s][info][gc,phases      ] GC(323) Phase 2: Compute new object addresses 4.097ms
[12.425s][info][gc,phases,start] GC(323) Phase 3: Adjust pointers
[12.431s][info][gc,phases      ] GC(323) Phase 3: Adjust pointers 5.843ms
[12.431s][info][gc,phases,start] GC(323) Phase 4: Move objects
[12.459s][info][gc,phases      ] GC(323) Phase 4: Move objects 27.879ms
[12.460s][info][gc,heap        ] GC(323) DefNew: 156430K(157248K)->5913K(157248K) Eden: 139776K(139776K)->5913K(139776K) From: 16654K(17472K)->0K(17472K)
[12.460s][info][gc,heap        ] GC(323) Tenured: 349398K(349568K)->349336K(349568K)
[12.460s][info][gc,metaspace   ] GC(323) Metaspace: 30623K(30976K)->30623K(30976K) NonClass: 27351K(27520K)->27351K(27520K) Class: 3271K(3456K)->3271K(3456K)
[12.460s][info][gc             ] GC(323) Pause Full (Allocation Failure) 493M->346M(494M) 47.404ms
[12.460s][info][gc,cpu         ] GC(323) User=0.04s Sys=0.00s Real=0.05s
[12.467s][info][gc,start       ] GC(324) Pause Full (Allocation Failure)
[12.467s][info][gc,phases,start] GC(324) Phase 1: Mark live objects
[12.476s][info][gc,phases      ] GC(324) Phase 1: Mark live objects 9.425ms
[12.476s][info][gc,phases,start] GC(324) Phase 2: Compute new object addresses
[12.481s][info][gc,phases      ] GC(324) Phase 2: Compute new object addresses 4.767ms
[12.481s][info][gc,phases,start] GC(324) Phase 3: Adjust pointers
[12.487s][info][gc,phases      ] GC(324) Phase 3: Adjust pointers 6.064ms
[12.487s][info][gc,phases,start] GC(324) Phase 4: Move objects
[12.496s][info][gc,phases      ] GC(324) Phase 4: Move objects 8.302ms
[12.496s][info][gc,heap        ] GC(324) DefNew: 157245K(157248K)->30774K(157248K) Eden: 139776K(139776K)->30774K(139776K) From: 17469K(17472K)->0K(17472K)
[12.496s][info][gc,heap        ] GC(324) Tenured: 349336K(349568K)->349477K(349568K)
[12.496s][info][gc,metaspace   ] GC(324) Metaspace: 30633K(30976K)->30633K(30976K) NonClass: 27361K(27520K)->27361K(27520K) Class: 3271K(3456K)->3271K(3456K)
[12.497s][info][gc             ] GC(324) Pause Full (Allocation Failure) 494M->371M(494M) 29.583ms
[12.497s][info][gc,cpu         ] GC(324) User=0.03s Sys=0.00s Real=0.03s
[12.507s][info][gc,start       ] GC(325) Pause Full (Allocation Failure)
[12.507s][info][gc,phases,start] GC(325) Phase 1: Mark live objects
[12.515s][info][gc,phases      ] GC(325) Phase 1: Mark live objects 8.418ms
[12.516s][info][gc,phases,start] GC(325) Phase 2: Compute new object addresses
[12.520s][info][gc,phases      ] GC(325) Phase 2: Compute new object addresses 4.105ms
[12.520s][info][gc,phases,start] GC(325) Phase 3: Adjust pointers
[12.526s][info][gc,phases      ] GC(325) Phase 3: Adjust pointers 6.083ms
[12.526s][info][gc,phases,start] GC(325) Phase 4: Move objects
[12.544s][info][gc,phases      ] GC(325) Phase 4: Move objects 17.936ms
[12.545s][info][gc,heap        ] GC(325) DefNew: 156620K(157248K)->27038K(157248K) Eden: 139776K(139776K)->27038K(139776K) From: 16844K(17472K)->0K(17472K)
[12.545s][info][gc,heap        ] GC(325) Tenured: 349477K(349568K)->349383K(349568K)
[12.545s][info][gc,metaspace   ] GC(325) Metaspace: 30633K(30976K)->30633K(30976K) NonClass: 27361K(27520K)->27361K(27520K) Class: 3271K(3456K)->3271K(3456K)
[12.545s][info][gc             ] GC(325) Pause Full (Allocation Failure) 494M->367M(494M) 37.555ms
[12.545s][info][gc,cpu         ] GC(325) User=0.03s Sys=0.00s Real=0.04s
[12.555s][info][gc,start       ] GC(326) Pause Full (Allocation Failure)
[12.555s][info][gc,phases,start] GC(326) Phase 1: Mark live objects
[12.564s][info][gc,phases      ] GC(326) Phase 1: Mark live objects 8.742ms
[12.564s][info][gc,phases,start] GC(326) Phase 2: Compute new object addresses
[12.568s][info][gc,phases      ] GC(326) Phase 2: Compute new object addresses 4.141ms
[12.568s][info][gc,phases,start] GC(326) Phase 3: Adjust pointers
[12.574s][info][gc,phases      ] GC(326) Phase 3: Adjust pointers 5.752ms
[12.574s][info][gc,phases,start] GC(326) Phase 4: Move objects
[12.593s][info][gc,phases      ] GC(326) Phase 4: Move objects 19.151ms
[12.594s][info][gc,heap        ] GC(326) DefNew: 157158K(157248K)->34676K(157248K) Eden: 139776K(139776K)->34676K(139776K) From: 17382K(17472K)->0K(17472K)
[12.594s][info][gc,heap        ] GC(326) Tenured: 349383K(349568K)->349564K(349568K)
[12.594s][info][gc,metaspace   ] GC(326) Metaspace: 30633K(30976K)->30633K(30976K) NonClass: 27361K(27520K)->27361K(27520K) Class: 3271K(3456K)->3271K(3456K)
[12.594s][info][gc             ] GC(326) Pause Full (Allocation Failure) 494M->375M(494M) 38.801ms
[12.594s][info][gc,cpu         ] GC(326) User=0.03s Sys=0.00s Real=0.04s
[12.610s][info][gc,start       ] GC(327) Pause Full (Allocation Failure)
[12.610s][info][gc,phases,start] GC(327) Phase 1: Mark live objects
[12.619s][info][gc,phases      ] GC(327) Phase 1: Mark live objects 9.059ms
[12.620s][info][gc,phases,start] GC(327) Phase 2: Compute new object addresses
[12.624s][info][gc,phases      ] GC(327) Phase 2: Compute new object addresses 4.370ms
[12.624s][info][gc,phases,start] GC(327) Phase 3: Adjust pointers
[12.630s][info][gc,phases      ] GC(327) Phase 3: Adjust pointers 5.922ms
[12.630s][info][gc,phases,start] GC(327) Phase 4: Move objects
[12.651s][info][gc,phases      ] GC(327) Phase 4: Move objects 21.104ms
[12.652s][info][gc,heap        ] GC(327) DefNew: 156815K(157248K)->10566K(157248K) Eden: 139776K(139776K)->10566K(139776K) From: 17039K(17472K)->0K(17472K)
[12.652s][info][gc,heap        ] GC(327) Tenured: 349564K(349568K)->349356K(349568K)
[12.652s][info][gc,metaspace   ] GC(327) Metaspace: 30633K(30976K)->30633K(30976K) NonClass: 27361K(27520K)->27361K(27520K) Class: 3271K(3456K)->3271K(3456K)
[12.652s][info][gc             ] GC(327) Pause Full (Allocation Failure) 494M->351M(494M) 41.534ms
[12.652s][info][gc,cpu         ] GC(327) User=0.04s Sys=0.00s Real=0.04s
[12.662s][info][gc,start       ] GC(328) Pause Full (Allocation Failure)
[12.663s][info][gc,phases,start] GC(328) Phase 1: Mark live objects
[12.671s][info][gc,phases      ] GC(328) Phase 1: Mark live objects 8.912ms
[12.671s][info][gc,phases,start] GC(328) Phase 2: Compute new object addresses
[12.676s][info][gc,phases      ] GC(328) Phase 2: Compute new object addresses 4.508ms
[12.676s][info][gc,phases,start] GC(328) Phase 3: Adjust pointers
[12.682s][info][gc,phases      ] GC(328) Phase 3: Adjust pointers 6.243ms
[12.682s][info][gc,phases,start] GC(328) Phase 4: Move objects
[12.692s][info][gc,phases      ] GC(328) Phase 4: Move objects 9.520ms
[12.693s][info][gc,heap        ] GC(328) DefNew: 157080K(157248K)->29360K(157248K) Eden: 139776K(139776K)->29360K(139776K) From: 17304K(17472K)->0K(17472K)
[12.693s][info][gc,heap        ] GC(328) Tenured: 349356K(349568K)->349348K(349568K)
[12.693s][info][gc,metaspace   ] GC(328) Metaspace: 30633K(30976K)->30633K(30976K) NonClass: 27361K(27520K)->27361K(27520K) Class: 3271K(3456K)->3271K(3456K)
[12.693s][info][gc             ] GC(328) Pause Full (Allocation Failure) 494M->369M(494M) 30.189ms
[12.693s][info][gc,cpu         ] GC(328) User=0.03s Sys=0.00s Real=0.03s
[12.701s][info][gc,start       ] GC(329) Pause Full (Allocation Failure)
[12.701s][info][gc,phases,start] GC(329) Phase 1: Mark live objects
[12.710s][info][gc,phases      ] GC(329) Phase 1: Mark live objects 8.583ms
[12.710s][info][gc,phases,start] GC(329) Phase 2: Compute new object addresses
[12.714s][info][gc,phases      ] GC(329) Phase 2: Compute new object addresses 4.243ms
[12.714s][info][gc,phases,start] GC(329) Phase 3: Adjust pointers
[12.720s][info][gc,phases      ] GC(329) Phase 3: Adjust pointers 5.606ms
[12.720s][info][gc,phases,start] GC(329) Phase 4: Move objects
[12.738s][info][gc,phases      ] GC(329) Phase 4: Move objects 18.475ms
[12.739s][info][gc,heap        ] GC(329) DefNew: 157247K(157248K)->31280K(157248K) Eden: 139776K(139776K)->31280K(139776K) From: 17471K(17472K)->0K(17472K)
[12.739s][info][gc,heap        ] GC(329) Tenured: 349348K(349568K)->349446K(349568K)
[12.739s][info][gc,metaspace   ] GC(329) Metaspace: 30634K(30976K)->30634K(30976K) NonClass: 27362K(27520K)->27362K(27520K) Class: 3271K(3456K)->3271K(3456K)
[12.739s][info][gc             ] GC(329) Pause Full (Allocation Failure) 494M->371M(494M) 37.859ms
[12.739s][info][gc,cpu         ] GC(329) User=0.03s Sys=0.00s Real=0.04s
[12.750s][info][gc,start       ] GC(330) Pause Full (Allocation Failure)
[12.750s][info][gc,phases,start] GC(330) Phase 1: Mark live objects
[12.759s][info][gc,phases      ] GC(330) Phase 1: Mark live objects 9.387ms
[12.759s][info][gc,phases,start] GC(330) Phase 2: Compute new object addresses
[12.764s][info][gc,phases      ] GC(330) Phase 2: Compute new object addresses 4.334ms
[12.764s][info][gc,phases,start] GC(330) Phase 3: Adjust pointers
[12.770s][info][gc,phases      ] GC(330) Phase 3: Adjust pointers 6.051ms
[12.770s][info][gc,phases,start] GC(330) Phase 4: Move objects
[12.790s][info][gc,phases      ] GC(330) Phase 4: Move objects 20.118ms
[12.791s][info][gc,heap        ] GC(330) DefNew: 156919K(157248K)->28977K(157248K) Eden: 139776K(139776K)->28977K(139776K) From: 17143K(17472K)->0K(17472K)
[12.791s][info][gc,heap        ] GC(330) Tenured: 349446K(349568K)->349449K(349568K)
[12.791s][info][gc,metaspace   ] GC(330) Metaspace: 30634K(30976K)->30634K(30976K) NonClass: 27362K(27520K)->27362K(27520K) Class: 3271K(3456K)->3271K(3456K)
[12.791s][info][gc             ] GC(330) Pause Full (Allocation Failure) 494M->369M(494M) 40.877ms
[12.791s][info][gc,cpu         ] GC(330) User=0.04s Sys=0.00s Real=0.04s
[12.798s][info][gc,start       ] GC(331) Pause Full (Allocation Failure)
[12.798s][info][gc,phases,start] GC(331) Phase 1: Mark live objects
[12.808s][info][gc,phases      ] GC(331) Phase 1: Mark live objects 10.357ms
[12.808s][info][gc,phases,start] GC(331) Phase 2: Compute new object addresses
[12.813s][info][gc,phases      ] GC(331) Phase 2: Compute new object addresses 4.314ms
[12.813s][info][gc,phases,start] GC(331) Phase 3: Adjust pointers
[12.819s][info][gc,phases      ] GC(331) Phase 3: Adjust pointers 6.016ms
[12.819s][info][gc,phases,start] GC(331) Phase 4: Move objects
[12.840s][info][gc,phases      ] GC(331) Phase 4: Move objects 21.679ms
[12.841s][info][gc,heap        ] GC(331) DefNew: 157110K(157248K)->15193K(157248K) Eden: 139776K(139776K)->15193K(139776K) From: 17334K(17472K)->0K(17472K)
[12.841s][info][gc,heap        ] GC(331) Tenured: 349449K(349568K)->349372K(349568K)
[12.841s][info][gc,metaspace   ] GC(331) Metaspace: 30635K(30976K)->30635K(30976K) NonClass: 27363K(27520K)->27363K(27520K) Class: 3271K(3456K)->3271K(3456K)
[12.841s][info][gc             ] GC(331) Pause Full (Allocation Failure) 494M->356M(494M) 43.405ms
[12.841s][info][gc,cpu         ] GC(331) User=0.04s Sys=0.00s Real=0.04s
[12.852s][info][gc,start       ] GC(332) Pause Full (Allocation Failure)
[12.852s][info][gc,phases,start] GC(332) Phase 1: Mark live objects
[12.861s][info][gc,phases      ] GC(332) Phase 1: Mark live objects 9.001ms
[12.861s][info][gc,phases,start] GC(332) Phase 2: Compute new object addresses
[12.866s][info][gc,phases      ] GC(332) Phase 2: Compute new object addresses 4.387ms
[12.866s][info][gc,phases,start] GC(332) Phase 3: Adjust pointers
[12.871s][info][gc,phases      ] GC(332) Phase 3: Adjust pointers 5.675ms
[12.871s][info][gc,phases,start] GC(332) Phase 4: Move objects
[12.886s][info][gc,phases      ] GC(332) Phase 4: Move objects 14.502ms
[12.887s][info][gc,heap        ] GC(332) DefNew: 156309K(157248K)->29846K(157248K) Eden: 139776K(139776K)->29846K(139776K) From: 16533K(17472K)->0K(17472K)
[12.887s][info][gc,heap        ] GC(332) Tenured: 349372K(349568K)->349484K(349568K)
[12.887s][info][gc,metaspace   ] GC(332) Metaspace: 30635K(30976K)->30635K(30976K) NonClass: 27363K(27520K)->27363K(27520K) Class: 3271K(3456K)->3271K(3456K)
[12.887s][info][gc             ] GC(332) Pause Full (Allocation Failure) 493M->370M(494M) 34.619ms
[12.887s][info][gc,cpu         ] GC(332) User=0.03s Sys=0.00s Real=0.04s
[12.894s][info][gc,start       ] GC(333) Pause Full (Allocation Failure)
[12.894s][info][gc,phases,start] GC(333) Phase 1: Mark live objects
[12.903s][info][gc,phases      ] GC(333) Phase 1: Mark live objects 9.281ms
[12.903s][info][gc,phases,start] GC(333) Phase 2: Compute new object addresses
[12.908s][info][gc,phases      ] GC(333) Phase 2: Compute new object addresses 4.596ms
[12.908s][info][gc,phases,start] GC(333) Phase 3: Adjust pointers
[12.914s][info][gc,phases      ] GC(333) Phase 3: Adjust pointers 6.122ms
[12.914s][info][gc,phases,start] GC(333) Phase 4: Move objects
[12.933s][info][gc,phases      ] GC(333) Phase 4: Move objects 18.775ms
[12.934s][info][gc,heap        ] GC(333) DefNew: 157125K(157248K)->34110K(157248K) Eden: 139776K(139776K)->34110K(139776K) From: 17349K(17472K)->0K(17472K)
[12.934s][info][gc,heap        ] GC(333) Tenured: 349484K(349568K)->349446K(349568K)
[12.934s][info][gc,metaspace   ] GC(333) Metaspace: 30635K(30976K)->30635K(30976K) NonClass: 27363K(27520K)->27363K(27520K) Class: 3271K(3456K)->3271K(3456K)
[12.934s][info][gc             ] GC(333) Pause Full (Allocation Failure) 494M->374M(494M) 39.803ms
[12.934s][info][gc,cpu         ] GC(333) User=0.04s Sys=0.00s Real=0.04s
[12.945s][info][gc,start       ] GC(334) Pause Full (Allocation Failure)
[12.945s][info][gc,phases,start] GC(334) Phase 1: Mark live objects
[12.954s][info][gc,phases      ] GC(334) Phase 1: Mark live objects 9.210ms
[12.954s][info][gc,phases,start] GC(334) Phase 2: Compute new object addresses
[12.958s][info][gc,phases      ] GC(334) Phase 2: Compute new object addresses 4.222ms
[12.958s][info][gc,phases,start] GC(334) Phase 3: Adjust pointers
[12.964s][info][gc,phases      ] GC(334) Phase 3: Adjust pointers 5.783ms
[12.964s][info][gc,phases,start] GC(334) Phase 4: Move objects
[12.983s][info][gc,phases      ] GC(334) Phase 4: Move objects 19.312ms
[12.984s][info][gc,heap        ] GC(334) DefNew: 156872K(157248K)->30396K(157248K) Eden: 139776K(139776K)->30396K(139776K) From: 17096K(17472K)->0K(17472K)
[12.984s][info][gc,heap        ] GC(334) Tenured: 349446K(349568K)->349345K(349568K)
[12.984s][info][gc,metaspace   ] GC(334) Metaspace: 30635K(30976K)->30635K(30976K) NonClass: 27363K(27520K)->27363K(27520K) Class: 3271K(3456K)->3271K(3456K)
[12.984s][info][gc             ] GC(334) Pause Full (Allocation Failure) 494M->370M(494M) 39.581ms
[12.984s][info][gc,cpu         ] GC(334) User=0.04s Sys=0.00s Real=0.04s
[12.995s][info][gc,start       ] GC(335) Pause Full (Allocation Failure)
[12.995s][info][gc,phases,start] GC(335) Phase 1: Mark live objects
[13.003s][info][gc,phases      ] GC(335) Phase 1: Mark live objects 8.772ms
[13.003s][info][gc,phases,start] GC(335) Phase 2: Compute new object addresses
[13.008s][info][gc,phases      ] GC(335) Phase 2: Compute new object addresses 4.269ms
[13.008s][info][gc,phases,start] GC(335) Phase 3: Adjust pointers
[13.014s][info][gc,phases      ] GC(335) Phase 3: Adjust pointers 5.755ms
[13.014s][info][gc,phases,start] GC(335) Phase 4: Move objects
[13.038s][info][gc,phases      ] GC(335) Phase 4: Move objects 24.315ms
[13.039s][info][gc,heap        ] GC(335) DefNew: 157086K(157248K)->16451K(157248K) Eden: 139776K(139776K)->16451K(139776K) From: 17310K(17472K)->0K(17472K)
[13.039s][info][gc,heap        ] GC(335) Tenured: 349345K(349568K)->349544K(349568K)
[13.039s][info][gc,metaspace   ] GC(335) Metaspace: 30635K(30976K)->30635K(30976K) NonClass: 27363K(27520K)->27363K(27520K) Class: 3271K(3456K)->3271K(3456K)
[13.039s][info][gc             ] GC(335) Pause Full (Allocation Failure) 494M->357M(494M) 44.139ms
[13.039s][info][gc,cpu         ] GC(335) User=0.04s Sys=0.00s Real=0.05s
[13.046s][info][gc,start       ] GC(336) Pause Full (Allocation Failure)
[13.046s][info][gc,phases,start] GC(336) Phase 1: Mark live objects
[13.055s][info][gc,phases      ] GC(336) Phase 1: Mark live objects 9.034ms
[13.055s][info][gc,phases,start] GC(336) Phase 2: Compute new object addresses
[13.059s][info][gc,phases      ] GC(336) Phase 2: Compute new object addresses 4.427ms
[13.060s][info][gc,phases,start] GC(336) Phase 3: Adjust pointers
[13.066s][info][gc,phases      ] GC(336) Phase 3: Adjust pointers 6.363ms
[13.066s][info][gc,phases,start] GC(336) Phase 4: Move objects
[13.070s][info][gc,phases      ] GC(336) Phase 4: Move objects 3.842ms
[13.071s][info][gc,heap        ] GC(336) DefNew: 157032K(157248K)->37440K(157248K) Eden: 139776K(139776K)->37440K(139776K) From: 17256K(17472K)->0K(17472K)
[13.071s][info][gc,heap        ] GC(336) Tenured: 349544K(349568K)->349529K(349568K)
[13.071s][info][gc,metaspace   ] GC(336) Metaspace: 30635K(30976K)->30635K(30976K) NonClass: 27363K(27520K)->27363K(27520K) Class: 3271K(3456K)->3271K(3456K)
[13.071s][info][gc             ] GC(336) Pause Full (Allocation Failure) 494M->377M(494M) 24.796ms
[13.071s][info][gc,cpu         ] GC(336) User=0.02s Sys=0.00s Real=0.02s
[13.082s][info][gc,start       ] GC(337) Pause Full (Allocation Failure)
[13.082s][info][gc,phases,start] GC(337) Phase 1: Mark live objects
[13.091s][info][gc,phases      ] GC(337) Phase 1: Mark live objects 9.505ms
[13.091s][info][gc,phases,start] GC(337) Phase 2: Compute new object addresses
[13.096s][info][gc,phases      ] GC(337) Phase 2: Compute new object addresses 4.348ms
[13.096s][info][gc,phases,start] GC(337) Phase 3: Adjust pointers
[13.102s][info][gc,phases      ] GC(337) Phase 3: Adjust pointers 6.002ms
[13.102s][info][gc,phases,start] GC(337) Phase 4: Move objects
[13.122s][info][gc,phases      ] GC(337) Phase 4: Move objects 20.299ms
[13.123s][info][gc,heap        ] GC(337) DefNew: 156237K(157248K)->37305K(157248K) Eden: 139776K(139776K)->37305K(139776K) From: 16461K(17472K)->0K(17472K)
[13.123s][info][gc,heap        ] GC(337) Tenured: 349529K(349568K)->349339K(349568K)
[13.123s][info][gc,metaspace   ] GC(337) Metaspace: 30638K(30976K)->30638K(30976K) NonClass: 27367K(27520K)->27367K(27520K) Class: 3271K(3456K)->3271K(3456K)
[13.123s][info][gc             ] GC(337) Pause Full (Allocation Failure) 493M->377M(494M) 41.168ms
[13.123s][info][gc,cpu         ] GC(337) User=0.04s Sys=0.00s Real=0.04s
[13.133s][info][gc,start       ] GC(338) Pause Full (Allocation Failure)
[13.133s][info][gc,phases,start] GC(338) Phase 1: Mark live objects
[13.142s][info][gc,phases      ] GC(338) Phase 1: Mark live objects 8.800ms
[13.142s][info][gc,phases,start] GC(338) Phase 2: Compute new object addresses
[13.146s][info][gc,phases      ] GC(338) Phase 2: Compute new object addresses 3.942ms
[13.146s][info][gc,phases,start] GC(338) Phase 3: Adjust pointers
[13.152s][info][gc,phases      ] GC(338) Phase 3: Adjust pointers 5.621ms
[13.152s][info][gc,phases,start] GC(338) Phase 4: Move objects
[13.171s][info][gc,phases      ] GC(338) Phase 4: Move objects 19.537ms
[13.172s][info][gc,heap        ] GC(338) DefNew: 157045K(157248K)->37830K(157248K) Eden: 139776K(139776K)->37830K(139776K) From: 17269K(17472K)->0K(17472K)
[13.172s][info][gc,heap        ] GC(338) Tenured: 349339K(349568K)->349356K(349568K)
[13.172s][info][gc,metaspace   ] GC(338) Metaspace: 30638K(30976K)->30638K(30976K) NonClass: 27367K(27520K)->27367K(27520K) Class: 3271K(3456K)->3271K(3456K)
[13.172s][info][gc             ] GC(338) Pause Full (Allocation Failure) 494M->378M(494M) 38.998ms
[13.172s][info][gc,cpu         ] GC(338) User=0.04s Sys=0.00s Real=0.04s
[13.180s][info][gc,start       ] GC(339) Pause Full (Allocation Failure)
[13.180s][info][gc,phases,start] GC(339) Phase 1: Mark live objects
[13.189s][info][gc,phases      ] GC(339) Phase 1: Mark live objects 8.565ms
[13.189s][info][gc,phases,start] GC(339) Phase 2: Compute new object addresses
[13.193s][info][gc,phases      ] GC(339) Phase 2: Compute new object addresses 4.199ms
[13.193s][info][gc,phases,start] GC(339) Phase 3: Adjust pointers
[13.199s][info][gc,phases      ] GC(339) Phase 3: Adjust pointers 5.836ms
[13.199s][info][gc,phases,start] GC(339) Phase 4: Move objects
[13.224s][info][gc,phases      ] GC(339) Phase 4: Move objects 24.725ms
[13.224s][info][gc,heap        ] GC(339) DefNew: 157178K(157248K)->18734K(157248K) Eden: 139776K(139776K)->18734K(139776K) From: 17402K(17472K)->0K(17472K)
[13.224s][info][gc,heap        ] GC(339) Tenured: 349356K(349568K)->349425K(349568K)
[13.224s][info][gc,metaspace   ] GC(339) Metaspace: 30638K(30976K)->30638K(30976K) NonClass: 27367K(27520K)->27367K(27520K) Class: 3271K(3456K)->3271K(3456K)
[13.224s][info][gc             ] GC(339) Pause Full (Allocation Failure) 494M->359M(494M) 44.337ms
[13.225s][info][gc,cpu         ] GC(339) User=0.05s Sys=0.00s Real=0.05s
[13.234s][info][gc,start       ] GC(340) Pause Full (Allocation Failure)
[13.234s][info][gc,phases,start] GC(340) Phase 1: Mark live objects
[13.243s][info][gc,phases      ] GC(340) Phase 1: Mark live objects 9.766ms
[13.243s][info][gc,phases,start] GC(340) Phase 2: Compute new object addresses
[13.248s][info][gc,phases      ] GC(340) Phase 2: Compute new object addresses 4.213ms
[13.248s][info][gc,phases,start] GC(340) Phase 3: Adjust pointers
[13.253s][info][gc,phases      ] GC(340) Phase 3: Adjust pointers 5.625ms
[13.253s][info][gc,phases,start] GC(340) Phase 4: Move objects
[13.257s][info][gc,phases      ] GC(340) Phase 4: Move objects 3.374ms
[13.257s][info][gc,heap        ] GC(340) DefNew: 157071K(157248K)->43353K(157248K) Eden: 139776K(139776K)->43353K(139776K) From: 17295K(17472K)->0K(17472K)
[13.257s][info][gc,heap        ] GC(340) Tenured: 349425K(349568K)->349427K(349568K)
[13.257s][info][gc,metaspace   ] GC(340) Metaspace: 30638K(30976K)->30638K(30976K) NonClass: 27367K(27520K)->27367K(27520K) Class: 3271K(3456K)->3271K(3456K)
[13.257s][info][gc             ] GC(340) Pause Full (Allocation Failure) 494M->383M(494M) 23.967ms
[13.257s][info][gc,cpu         ] GC(340) User=0.03s Sys=0.00s Real=0.03s
[13.268s][info][gc,start       ] GC(341) Pause Full (Allocation Failure)
[13.268s][info][gc,phases,start] GC(341) Phase 1: Mark live objects
[13.277s][info][gc,phases      ] GC(341) Phase 1: Mark live objects 8.668ms
[13.277s][info][gc,phases,start] GC(341) Phase 2: Compute new object addresses
[13.281s][info][gc,phases      ] GC(341) Phase 2: Compute new object addresses 3.967ms
[13.281s][info][gc,phases,start] GC(341) Phase 3: Adjust pointers
[13.287s][info][gc,phases      ] GC(341) Phase 3: Adjust pointers 5.781ms
[13.287s][info][gc,phases,start] GC(341) Phase 4: Move objects
[13.305s][info][gc,phases      ] GC(341) Phase 4: Move objects 18.006ms
[13.306s][info][gc,heap        ] GC(341) DefNew: 156995K(157248K)->41653K(157248K) Eden: 139776K(139776K)->41653K(139776K) From: 17219K(17472K)->0K(17472K)
[13.306s][info][gc,heap        ] GC(341) Tenured: 349427K(349568K)->349374K(349568K)
[13.306s][info][gc,metaspace   ] GC(341) Metaspace: 30638K(30976K)->30638K(30976K) NonClass: 27367K(27520K)->27367K(27520K) Class: 3271K(3456K)->3271K(3456K)
[13.306s][info][gc             ] GC(341) Pause Full (Allocation Failure) 494M->381M(494M) 37.468ms
[13.306s][info][gc,cpu         ] GC(341) User=0.03s Sys=0.00s Real=0.04s
[13.316s][info][gc,start       ] GC(342) Pause Full (Allocation Failure)
[13.316s][info][gc,phases,start] GC(342) Phase 1: Mark live objects
[13.325s][info][gc,phases      ] GC(342) Phase 1: Mark live objects 8.947ms
[13.325s][info][gc,phases,start] GC(342) Phase 2: Compute new object addresses
[13.329s][info][gc,phases      ] GC(342) Phase 2: Compute new object addresses 3.989ms
[13.329s][info][gc,phases,start] GC(342) Phase 3: Adjust pointers
[13.335s][info][gc,phases      ] GC(342) Phase 3: Adjust pointers 6.063ms
[13.335s][info][gc,phases,start] GC(342) Phase 4: Move objects
[13.354s][info][gc,phases      ] GC(342) Phase 4: Move objects 18.602ms
[13.355s][info][gc,heap        ] GC(342) DefNew: 156754K(157248K)->38315K(157248K) Eden: 139776K(139776K)->38315K(139776K) From: 16978K(17472K)->0K(17472K)
[13.355s][info][gc,heap        ] GC(342) Tenured: 349374K(349568K)->349525K(349568K)
[13.355s][info][gc,metaspace   ] GC(342) Metaspace: 30639K(30976K)->30639K(30976K) NonClass: 27367K(27520K)->27367K(27520K) Class: 3271K(3456K)->3271K(3456K)
[13.355s][info][gc             ] GC(342) Pause Full (Allocation Failure) 494M->378M(494M) 38.667ms
[13.355s][info][gc,cpu         ] GC(342) User=0.04s Sys=0.00s Real=0.03s
[13.365s][info][gc,start       ] GC(343) Pause Full (Allocation Failure)
[13.365s][info][gc,phases,start] GC(343) Phase 1: Mark live objects
[13.374s][info][gc,phases      ] GC(343) Phase 1: Mark live objects 9.045ms
[13.374s][info][gc,phases,start] GC(343) Phase 2: Compute new object addresses
[13.379s][info][gc,phases      ] GC(343) Phase 2: Compute new object addresses 4.226ms
[13.379s][info][gc,phases,start] GC(343) Phase 3: Adjust pointers
[13.385s][info][gc,phases      ] GC(343) Phase 3: Adjust pointers 5.963ms
[13.385s][info][gc,phases,start] GC(343) Phase 4: Move objects
[13.406s][info][gc,phases      ] GC(343) Phase 4: Move objects 21.160ms
[13.407s][info][gc,heap        ] GC(343) DefNew: 156874K(157248K)->17991K(157248K) Eden: 139776K(139776K)->17991K(139776K) From: 17098K(17472K)->0K(17472K)
[13.407s][info][gc,heap        ] GC(343) Tenured: 349525K(349568K)->349391K(349568K)
[13.407s][info][gc,metaspace   ] GC(343) Metaspace: 30639K(30976K)->30639K(30976K) NonClass: 27367K(27520K)->27367K(27520K) Class: 3271K(3456K)->3271K(3456K)
[13.407s][info][gc             ] GC(343) Pause Full (Allocation Failure) 494M->358M(494M) 41.450ms
[13.407s][info][gc,cpu         ] GC(343) User=0.05s Sys=0.00s Real=0.04s
[13.422s][info][gc,start       ] GC(344) Pause Full (Allocation Failure)
[13.423s][info][gc,phases,start] GC(344) Phase 1: Mark live objects
[13.431s][info][gc,phases      ] GC(344) Phase 1: Mark live objects 8.681ms
[13.431s][info][gc,phases,start] GC(344) Phase 2: Compute new object addresses
[13.436s][info][gc,phases      ] GC(344) Phase 2: Compute new object addresses 4.363ms
[13.436s][info][gc,phases,start] GC(344) Phase 3: Adjust pointers
[13.441s][info][gc,phases      ] GC(344) Phase 3: Adjust pointers 5.847ms
[13.442s][info][gc,phases,start] GC(344) Phase 4: Move objects
[13.457s][info][gc,phases      ] GC(344) Phase 4: Move objects 15.191ms
[13.458s][info][gc,heap        ] GC(344) DefNew: 157248K(157248K)->31353K(157248K) Eden: 139776K(139776K)->31353K(139776K) From: 17472K(17472K)->0K(17472K)
[13.458s][info][gc,heap        ] GC(344) Tenured: 349567K(349568K)->349545K(349568K)
[13.458s][info][gc,metaspace   ] GC(344) Metaspace: 30639K(30976K)->30639K(30976K) NonClass: 27367K(27520K)->27367K(27520K) Class: 3271K(3456K)->3271K(3456K)
[13.458s][info][gc             ] GC(344) Pause Full (Allocation Failure) 494M->371M(494M) 35.224ms
[13.458s][info][gc,cpu         ] GC(344) User=0.04s Sys=0.00s Real=0.04s
[13.468s][info][gc,start       ] GC(345) Pause Full (Allocation Failure)
[13.468s][info][gc,phases,start] GC(345) Phase 1: Mark live objects
[13.478s][info][gc,phases      ] GC(345) Phase 1: Mark live objects 9.322ms
[13.478s][info][gc,phases,start] GC(345) Phase 2: Compute new object addresses
[13.482s][info][gc,phases      ] GC(345) Phase 2: Compute new object addresses 4.465ms
[13.482s][info][gc,phases,start] GC(345) Phase 3: Adjust pointers
[13.489s][info][gc,phases      ] GC(345) Phase 3: Adjust pointers 6.370ms
[13.489s][info][gc,phases,start] GC(345) Phase 4: Move objects
[13.506s][info][gc,phases      ] GC(345) Phase 4: Move objects 16.939ms
[13.506s][info][gc,heap        ] GC(345) DefNew: 156657K(157248K)->31027K(157248K) Eden: 139776K(139776K)->31027K(139776K) From: 16881K(17472K)->0K(17472K)
[13.506s][info][gc,heap        ] GC(345) Tenured: 349545K(349568K)->349446K(349568K)
[13.506s][info][gc,metaspace   ] GC(345) Metaspace: 30639K(30976K)->30639K(30976K) NonClass: 27367K(27520K)->27367K(27520K) Class: 3271K(3456K)->3271K(3456K)
[13.506s][info][gc             ] GC(345) Pause Full (Allocation Failure) 494M->371M(494M) 38.180ms
[13.506s][info][gc,cpu         ] GC(345) User=0.04s Sys=0.00s Real=0.04s
[13.517s][info][gc,start       ] GC(346) Pause Full (Allocation Failure)
[13.517s][info][gc,phases,start] GC(346) Phase 1: Mark live objects
[13.525s][info][gc,phases      ] GC(346) Phase 1: Mark live objects 8.275ms
[13.525s][info][gc,phases,start] GC(346) Phase 2: Compute new object addresses
[13.530s][info][gc,phases      ] GC(346) Phase 2: Compute new object addresses 4.070ms
[13.530s][info][gc,phases,start] GC(346) Phase 3: Adjust pointers
[13.535s][info][gc,phases      ] GC(346) Phase 3: Adjust pointers 5.718ms
[13.535s][info][gc,phases,start] GC(346) Phase 4: Move objects
[13.553s][info][gc,phases      ] GC(346) Phase 4: Move objects 17.891ms
[13.554s][info][gc,heap        ] GC(346) DefNew: 156363K(157248K)->30381K(157248K) Eden: 139776K(139776K)->30381K(139776K) From: 16587K(17472K)->0K(17472K)
[13.554s][info][gc,heap        ] GC(346) Tenured: 349446K(349568K)->349348K(349568K)
[13.554s][info][gc,metaspace   ] GC(346) Metaspace: 30640K(30976K)->30640K(30976K) NonClass: 27368K(27520K)->27368K(27520K) Class: 3271K(3456K)->3271K(3456K)
[13.554s][info][gc             ] GC(346) Pause Full (Allocation Failure) 493M->370M(494M) 36.989ms
[13.554s][info][gc,cpu         ] GC(346) User=0.04s Sys=0.00s Real=0.03s
[13.565s][info][gc,start       ] GC(347) Pause Full (Allocation Failure)
[13.565s][info][gc,phases,start] GC(347) Phase 1: Mark live objects
[13.574s][info][gc,phases      ] GC(347) Phase 1: Mark live objects 9.479ms
[13.574s][info][gc,phases,start] GC(347) Phase 2: Compute new object addresses
[13.579s][info][gc,phases      ] GC(347) Phase 2: Compute new object addresses 4.217ms
[13.579s][info][gc,phases,start] GC(347) Phase 3: Adjust pointers
[13.585s][info][gc,phases      ] GC(347) Phase 3: Adjust pointers 6.512ms
[13.585s][info][gc,phases,start] GC(347) Phase 4: Move objects
[13.606s][info][gc,phases      ] GC(347) Phase 4: Move objects 20.869ms
[13.607s][info][gc,heap        ] GC(347) DefNew: 157174K(157248K)->18542K(157248K) Eden: 139776K(139776K)->18542K(139776K) From: 17398K(17472K)->0K(17472K)
[13.607s][info][gc,heap        ] GC(347) Tenured: 349348K(349568K)->349449K(349568K)
[13.607s][info][gc,metaspace   ] GC(347) Metaspace: 30640K(30976K)->30640K(30976K) NonClass: 27368K(27520K)->27368K(27520K) Class: 3271K(3456K)->3271K(3456K)
[13.607s][info][gc             ] GC(347) Pause Full (Allocation Failure) 494M->359M(494M) 42.173ms
[13.607s][info][gc,cpu         ] GC(347) User=0.04s Sys=0.00s Real=0.04s
[13.618s][info][gc,start       ] GC(348) Pause Full (Allocation Failure)
[13.618s][info][gc,phases,start] GC(348) Phase 1: Mark live objects
[13.628s][info][gc,phases      ] GC(348) Phase 1: Mark live objects 9.857ms
[13.628s][info][gc,phases,start] GC(348) Phase 2: Compute new object addresses
[13.632s][info][gc,phases      ] GC(348) Phase 2: Compute new object addresses 4.371ms
[13.632s][info][gc,phases,start] GC(348) Phase 3: Adjust pointers
[13.638s][info][gc,phases      ] GC(348) Phase 3: Adjust pointers 6.260ms
[13.638s][info][gc,phases,start] GC(348) Phase 4: Move objects
[13.648s][info][gc,phases      ] GC(348) Phase 4: Move objects 9.972ms
[13.649s][info][gc,heap        ] GC(348) DefNew: 156865K(157248K)->36416K(157248K) Eden: 139776K(139776K)->36416K(139776K) From: 17089K(17472K)->0K(17472K)
[13.649s][info][gc,heap        ] GC(348) Tenured: 349449K(349568K)->349412K(349568K)
[13.649s][info][gc,metaspace   ] GC(348) Metaspace: 30640K(30976K)->30640K(30976K) NonClass: 27368K(27520K)->27368K(27520K) Class: 3271K(3456K)->3271K(3456K)
[13.649s][info][gc             ] GC(348) Pause Full (Allocation Failure) 494M->376M(494M) 31.478ms
[13.649s][info][gc,cpu         ] GC(348) User=0.03s Sys=0.00s Real=0.03s
[13.660s][info][gc,start       ] GC(349) Pause Full (Allocation Failure)
[13.660s][info][gc,phases,start] GC(349) Phase 1: Mark live objects
[13.669s][info][gc,phases      ] GC(349) Phase 1: Mark live objects 9.557ms
[13.669s][info][gc,phases,start] GC(349) Phase 2: Compute new object addresses
[13.674s][info][gc,phases      ] GC(349) Phase 2: Compute new object addresses 4.334ms
[13.674s][info][gc,phases,start] GC(349) Phase 3: Adjust pointers
[13.680s][info][gc,phases      ] GC(349) Phase 3: Adjust pointers 6.437ms
[13.680s][info][gc,phases,start] GC(349) Phase 4: Move objects
[13.698s][info][gc,phases      ] GC(349) Phase 4: Move objects 17.688ms
[13.699s][info][gc,heap        ] GC(349) DefNew: 157169K(157248K)->32027K(157248K) Eden: 139776K(139776K)->32027K(139776K) From: 17393K(17472K)->0K(17472K)
[13.699s][info][gc,heap        ] GC(349) Tenured: 349412K(349568K)->349464K(349568K)
[13.699s][info][gc,metaspace   ] GC(349) Metaspace: 30640K(30976K)->30640K(30976K) NonClass: 27368K(27520K)->27368K(27520K) Class: 3271K(3456K)->3271K(3456K)
[13.699s][info][gc             ] GC(349) Pause Full (Allocation Failure) 494M->372M(494M) 39.090ms
[13.699s][info][gc,cpu         ] GC(349) User=0.04s Sys=0.00s Real=0.04s
[13.710s][info][gc,start       ] GC(350) Pause Full (Allocation Failure)
[13.710s][info][gc,phases,start] GC(350) Phase 1: Mark live objects
[13.719s][info][gc,phases      ] GC(350) Phase 1: Mark live objects 8.603ms
[13.719s][info][gc,phases,start] GC(350) Phase 2: Compute new object addresses
[13.723s][info][gc,phases      ] GC(350) Phase 2: Compute new object addresses 4.022ms
[13.723s][info][gc,phases,start] GC(350) Phase 3: Adjust pointers
[13.729s][info][gc,phases      ] GC(350) Phase 3: Adjust pointers 5.717ms
[13.729s][info][gc,phases,start] GC(350) Phase 4: Move objects
[13.746s][info][gc,phases      ] GC(350) Phase 4: Move objects 17.854ms
[13.747s][info][gc,heap        ] GC(350) DefNew: 156677K(157248K)->30346K(157248K) Eden: 139776K(139776K)->30346K(139776K) From: 16901K(17472K)->0K(17472K)
[13.747s][info][gc,heap        ] GC(350) Tenured: 349464K(349568K)->349493K(349568K)
[13.747s][info][gc,metaspace   ] GC(350) Metaspace: 30640K(30976K)->30640K(30976K) NonClass: 27368K(27520K)->27368K(27520K) Class: 3271K(3456K)->3271K(3456K)
[13.747s][info][gc             ] GC(350) Pause Full (Allocation Failure) 494M->370M(494M) 37.230ms
[13.747s][info][gc,cpu         ] GC(350) User=0.04s Sys=0.00s Real=0.04s
[13.758s][info][gc,start       ] GC(351) Pause Full (Allocation Failure)
[13.758s][info][gc,phases,start] GC(351) Phase 1: Mark live objects
[13.768s][info][gc,phases      ] GC(351) Phase 1: Mark live objects 9.705ms
[13.768s][info][gc,phases,start] GC(351) Phase 2: Compute new object addresses
[13.772s][info][gc,phases      ] GC(351) Phase 2: Compute new object addresses 4.477ms
[13.772s][info][gc,phases,start] GC(351) Phase 3: Adjust pointers
[13.778s][info][gc,phases      ] GC(351) Phase 3: Adjust pointers 6.167ms
[13.778s][info][gc,phases,start] GC(351) Phase 4: Move objects
[13.799s][info][gc,phases      ] GC(351) Phase 4: Move objects 20.564ms
[13.800s][info][gc,heap        ] GC(351) DefNew: 156386K(157248K)->11669K(157248K) Eden: 139776K(139776K)->11669K(139776K) From: 16610K(17472K)->0K(17472K)
[13.800s][info][gc,heap        ] GC(351) Tenured: 349493K(349568K)->349499K(349568K)
[13.800s][info][gc,metaspace   ] GC(351) Metaspace: 30648K(30976K)->30648K(30976K) NonClass: 27376K(27520K)->27376K(27520K) Class: 3271K(3456K)->3271K(3456K)
[13.800s][info][gc             ] GC(351) Pause Full (Allocation Failure) 494M->352M(494M) 42.005ms
[13.800s][info][gc,cpu         ] GC(351) User=0.04s Sys=0.00s Real=0.04s
[13.812s][info][gc,start       ] GC(352) Pause Full (Allocation Failure)
[13.812s][info][gc,phases,start] GC(352) Phase 1: Mark live objects
[13.823s][info][gc,phases      ] GC(352) Phase 1: Mark live objects 10.829ms
[13.823s][info][gc,phases,start] GC(352) Phase 2: Compute new object addresses
[13.828s][info][gc,phases      ] GC(352) Phase 2: Compute new object addresses 4.401ms
[13.828s][info][gc,phases,start] GC(352) Phase 3: Adjust pointers
[13.834s][info][gc,phases      ] GC(352) Phase 3: Adjust pointers 5.949ms
[13.834s][info][gc,phases,start] GC(352) Phase 4: Move objects
[13.840s][info][gc,phases      ] GC(352) Phase 4: Move objects 6.143ms
[13.841s][info][gc,heap        ] GC(352) DefNew: 156807K(157248K)->31409K(157248K) Eden: 139776K(139776K)->31409K(139776K) From: 17031K(17472K)->0K(17472K)
[13.841s][info][gc,heap        ] GC(352) Tenured: 349499K(349568K)->349567K(349568K)
[13.841s][info][gc,metaspace   ] GC(352) Metaspace: 30648K(30976K)->30648K(30976K) NonClass: 27376K(27520K)->27376K(27520K) Class: 3271K(3456K)->3271K(3456K)
[13.841s][info][gc             ] GC(352) Pause Full (Allocation Failure) 494M->372M(494M) 28.415ms
[13.841s][info][gc,cpu         ] GC(352) User=0.03s Sys=0.00s Real=0.03s
[13.852s][info][gc,start       ] GC(353) Pause Full (Allocation Failure)
[13.852s][info][gc,phases,start] GC(353) Phase 1: Mark live objects
[13.861s][info][gc,phases      ] GC(353) Phase 1: Mark live objects 8.484ms
[13.861s][info][gc,phases,start] GC(353) Phase 2: Compute new object addresses
[13.865s][info][gc,phases      ] GC(353) Phase 2: Compute new object addresses 4.228ms
[13.865s][info][gc,phases,start] GC(353) Phase 3: Adjust pointers
[13.871s][info][gc,phases      ] GC(353) Phase 3: Adjust pointers 6.013ms
[13.871s][info][gc,phases,start] GC(353) Phase 4: Move objects
[13.889s][info][gc,phases      ] GC(353) Phase 4: Move objects 18.042ms
[13.890s][info][gc,heap        ] GC(353) DefNew: 156861K(157248K)->27033K(157248K) Eden: 139776K(139776K)->27033K(139776K) From: 17085K(17472K)->0K(17472K)
[13.890s][info][gc,heap        ] GC(353) Tenured: 349567K(349568K)->349441K(349568K)
[13.890s][info][gc,metaspace   ] GC(353) Metaspace: 30648K(30976K)->30648K(30976K) NonClass: 27376K(27520K)->27376K(27520K) Class: 3271K(3456K)->3271K(3456K)
[13.890s][info][gc             ] GC(353) Pause Full (Allocation Failure) 494M->367M(494M) 37.835ms
[13.890s][info][gc,cpu         ] GC(353) User=0.04s Sys=0.00s Real=0.04s
[13.897s][info][gc,start       ] GC(354) Pause Full (Allocation Failure)
[13.897s][info][gc,phases,start] GC(354) Phase 1: Mark live objects
[13.907s][info][gc,phases      ] GC(354) Phase 1: Mark live objects 10.115ms
[13.907s][info][gc,phases,start] GC(354) Phase 2: Compute new object addresses
[13.911s][info][gc,phases      ] GC(354) Phase 2: Compute new object addresses 4.309ms
[13.911s][info][gc,phases,start] GC(354) Phase 3: Adjust pointers
[13.917s][info][gc,phases      ] GC(354) Phase 3: Adjust pointers 5.859ms
[13.917s][info][gc,phases,start] GC(354) Phase 4: Move objects
[13.935s][info][gc,phases      ] GC(354) Phase 4: Move objects 17.694ms
[13.936s][info][gc,heap        ] GC(354) DefNew: 157019K(157248K)->32558K(157248K) Eden: 139776K(139776K)->32558K(139776K) From: 17243K(17472K)->0K(17472K)
[13.936s][info][gc,heap        ] GC(354) Tenured: 349441K(349568K)->349412K(349568K)
[13.936s][info][gc,metaspace   ] GC(354) Metaspace: 30648K(30976K)->30648K(30976K) NonClass: 27376K(27520K)->27376K(27520K) Class: 3271K(3456K)->3271K(3456K)
[13.936s][info][gc             ] GC(354) Pause Full (Allocation Failure) 494M->373M(494M) 39.012ms
[13.936s][info][gc,cpu         ] GC(354) User=0.04s Sys=0.00s Real=0.03s
[13.946s][info][gc,start       ] GC(355) Pause Full (Allocation Failure)
[13.946s][info][gc,phases,start] GC(355) Phase 1: Mark live objects
[13.956s][info][gc,phases      ] GC(355) Phase 1: Mark live objects 9.153ms
[13.956s][info][gc,phases,start] GC(355) Phase 2: Compute new object addresses
[13.960s][info][gc,phases      ] GC(355) Phase 2: Compute new object addresses 4.247ms
[13.960s][info][gc,phases,start] GC(355) Phase 3: Adjust pointers
[13.966s][info][gc,phases      ] GC(355) Phase 3: Adjust pointers 5.851ms
[13.966s][info][gc,phases,start] GC(355) Phase 4: Move objects
[13.985s][info][gc,phases      ] GC(355) Phase 4: Move objects 19.023ms
[13.986s][info][gc,heap        ] GC(355) DefNew: 156608K(157248K)->5413K(157248K) Eden: 139776K(139776K)->5413K(139776K) From: 16832K(17472K)->0K(17472K)
[13.986s][info][gc,heap        ] GC(355) Tenured: 349412K(349568K)->349364K(349568K)
[13.986s][info][gc,metaspace   ] GC(355) Metaspace: 30648K(30976K)->30648K(30976K) NonClass: 27376K(27520K)->27376K(27520K) Class: 3271K(3456K)->3271K(3456K)
[13.986s][info][gc             ] GC(355) Pause Full (Allocation Failure) 494M->346M(494M) 39.315ms
[13.986s][info][gc,cpu         ] GC(355) User=0.04s Sys=0.00s Real=0.04s
[13.994s][info][gc,start       ] GC(356) Pause Full (Allocation Failure)
[13.994s][info][gc,phases,start] GC(356) Phase 1: Mark live objects
[14.002s][info][gc,phases      ] GC(356) Phase 1: Mark live objects 8.662ms
[14.003s][info][gc,phases,start] GC(356) Phase 2: Compute new object addresses
[14.007s][info][gc,phases      ] GC(356) Phase 2: Compute new object addresses 4.336ms
[14.007s][info][gc,phases,start] GC(356) Phase 3: Adjust pointers
[14.012s][info][gc,phases      ] GC(356) Phase 3: Adjust pointers 5.560ms
[14.012s][info][gc,phases,start] GC(356) Phase 4: Move objects
[14.018s][info][gc,phases      ] GC(356) Phase 4: Move objects 5.438ms
[14.019s][info][gc,heap        ] GC(356) DefNew: 157012K(157248K)->31619K(157248K) Eden: 139776K(139776K)->31619K(139776K) From: 17236K(17472K)->0K(17472K)
[14.019s][info][gc,heap        ] GC(356) Tenured: 349364K(349568K)->349495K(349568K)
[14.019s][info][gc,metaspace   ] GC(356) Metaspace: 30648K(30976K)->30648K(30976K) NonClass: 27376K(27520K)->27376K(27520K) Class: 3271K(3456K)->3271K(3456K)
[14.019s][info][gc             ] GC(356) Pause Full (Allocation Failure) 494M->372M(494M) 24.938ms
[14.019s][info][gc,cpu         ] GC(356) User=0.03s Sys=0.00s Real=0.03s
[14.025s][info][gc,start       ] GC(357) Pause Full (Allocation Failure)
[14.025s][info][gc,phases,start] GC(357) Phase 1: Mark live objects
[14.034s][info][gc,phases      ] GC(357) Phase 1: Mark live objects 9.311ms
[14.034s][info][gc,phases,start] GC(357) Phase 2: Compute new object addresses
[14.038s][info][gc,phases      ] GC(357) Phase 2: Compute new object addresses 4.159ms
[14.038s][info][gc,phases,start] GC(357) Phase 3: Adjust pointers
[14.044s][info][gc,phases      ] GC(357) Phase 3: Adjust pointers 5.691ms
[14.044s][info][gc,phases,start] GC(357) Phase 4: Move objects
[14.061s][info][gc,phases      ] GC(357) Phase 4: Move objects 16.780ms
[14.062s][info][gc,heap        ] GC(357) DefNew: 156993K(157248K)->32816K(157248K) Eden: 139776K(139776K)->32816K(139776K) From: 17217K(17472K)->0K(17472K)
[14.062s][info][gc,heap        ] GC(357) Tenured: 349495K(349568K)->349409K(349568K)
[14.062s][info][gc,metaspace   ] GC(357) Metaspace: 30648K(30976K)->30648K(30976K) NonClass: 27376K(27520K)->27376K(27520K) Class: 3271K(3456K)->3271K(3456K)
[14.062s][info][gc             ] GC(357) Pause Full (Allocation Failure) 494M->373M(494M) 36.943ms
[14.062s][info][gc,cpu         ] GC(357) User=0.04s Sys=0.00s Real=0.03s
[14.073s][info][gc,start       ] GC(358) Pause Full (Allocation Failure)
[14.073s][info][gc,phases,start] GC(358) Phase 1: Mark live objects
[14.082s][info][gc,phases      ] GC(358) Phase 1: Mark live objects 9.049ms
[14.082s][info][gc,phases,start] GC(358) Phase 2: Compute new object addresses
[14.086s][info][gc,phases      ] GC(358) Phase 2: Compute new object addresses 4.262ms
[14.086s][info][gc,phases,start] GC(358) Phase 3: Adjust pointers
[14.092s][info][gc,phases      ] GC(358) Phase 3: Adjust pointers 6.090ms
[14.092s][info][gc,phases,start] GC(358) Phase 4: Move objects
[14.114s][info][gc,phases      ] GC(358) Phase 4: Move objects 22.076ms
[14.115s][info][gc,heap        ] GC(358) DefNew: 157128K(157248K)->26012K(157248K) Eden: 139776K(139776K)->26012K(139776K) From: 17352K(17472K)->0K(17472K)
[14.115s][info][gc,heap        ] GC(358) Tenured: 349409K(349568K)->349566K(349568K)
[14.115s][info][gc,metaspace   ] GC(358) Metaspace: 30664K(30976K)->30664K(30976K) NonClass: 27392K(27520K)->27392K(27520K) Class: 3271K(3456K)->3271K(3456K)
[14.115s][info][gc             ] GC(358) Pause Full (Allocation Failure) 494M->366M(494M) 42.625ms
[14.115s][info][gc,cpu         ] GC(358) User=0.04s Sys=0.00s Real=0.04s
[14.129s][info][gc,start       ] GC(359) Pause Full (Allocation Failure)
[14.129s][info][gc,phases,start] GC(359) Phase 1: Mark live objects
[14.138s][info][gc,phases      ] GC(359) Phase 1: Mark live objects 8.711ms
[14.138s][info][gc,phases,start] GC(359) Phase 2: Compute new object addresses
[14.142s][info][gc,phases      ] GC(359) Phase 2: Compute new object addresses 4.330ms
[14.142s][info][gc,phases,start] GC(359) Phase 3: Adjust pointers
[14.148s][info][gc,phases      ] GC(359) Phase 3: Adjust pointers 6.145ms
[14.148s][info][gc,phases,start] GC(359) Phase 4: Move objects
[14.167s][info][gc,phases      ] GC(359) Phase 4: Move objects 18.579ms
[14.168s][info][gc,heap        ] GC(359) DefNew: 157097K(157248K)->4375K(157248K) Eden: 139776K(139776K)->4375K(139776K) From: 17321K(17472K)->0K(17472K)
[14.168s][info][gc,heap        ] GC(359) Tenured: 349566K(349568K)->349514K(349568K)
[14.168s][info][gc,metaspace   ] GC(359) Metaspace: 30664K(30976K)->30664K(30976K) NonClass: 27392K(27520K)->27392K(27520K) Class: 3271K(3456K)->3271K(3456K)
[14.168s][info][gc             ] GC(359) Pause Full (Allocation Failure) 494M->345M(494M) 38.788ms
[14.168s][info][gc,cpu         ] GC(359) User=0.03s Sys=0.00s Real=0.04s
[14.179s][info][gc,start       ] GC(360) Pause Full (Allocation Failure)
[14.179s][info][gc,phases,start] GC(360) Phase 1: Mark live objects
[14.189s][info][gc,phases      ] GC(360) Phase 1: Mark live objects 9.798ms
[14.189s][info][gc,phases,start] GC(360) Phase 2: Compute new object addresses
[14.194s][info][gc,phases      ] GC(360) Phase 2: Compute new object addresses 4.927ms
[14.194s][info][gc,phases,start] GC(360) Phase 3: Adjust pointers
[14.200s][info][gc,phases      ] GC(360) Phase 3: Adjust pointers 6.439ms
[14.200s][info][gc,phases,start] GC(360) Phase 4: Move objects
[14.207s][info][gc,phases      ] GC(360) Phase 4: Move objects 7.242ms
[14.208s][info][gc,heap        ] GC(360) DefNew: 156582K(157248K)->23399K(157248K) Eden: 139776K(139776K)->23399K(139776K) From: 16806K(17472K)->0K(17472K)
[14.208s][info][gc,heap        ] GC(360) Tenured: 349514K(349568K)->349338K(349568K)
[14.208s][info][gc,metaspace   ] GC(360) Metaspace: 30664K(30976K)->30664K(30976K) NonClass: 27392K(27520K)->27392K(27520K) Class: 3271K(3456K)->3271K(3456K)
[14.208s][info][gc             ] GC(360) Pause Full (Allocation Failure) 494M->364M(494M) 29.628ms
[14.208s][info][gc,cpu         ] GC(360) User=0.03s Sys=0.00s Real=0.03s
[14.216s][info][gc,start       ] GC(361) Pause Full (Allocation Failure)
[14.216s][info][gc,phases,start] GC(361) Phase 1: Mark live objects
[14.225s][info][gc,phases      ] GC(361) Phase 1: Mark live objects 8.881ms
[14.225s][info][gc,phases,start] GC(361) Phase 2: Compute new object addresses
[14.230s][info][gc,phases      ] GC(361) Phase 2: Compute new object addresses 4.239ms
[14.230s][info][gc,phases,start] GC(361) Phase 3: Adjust pointers
[14.237s][info][gc,phases      ] GC(361) Phase 3: Adjust pointers 6.981ms
[14.237s][info][gc,phases,start] GC(361) Phase 4: Move objects
[14.252s][info][gc,phases      ] GC(361) Phase 4: Move objects 15.417ms
[14.253s][info][gc,heap        ] GC(361) DefNew: 157197K(157248K)->28027K(157248K) Eden: 139776K(139776K)->28027K(139776K) From: 17421K(17472K)->0K(17472K)
[14.253s][info][gc,heap        ] GC(361) Tenured: 349338K(349568K)->349494K(349568K)
[14.253s][info][gc,metaspace   ] GC(361) Metaspace: 30664K(30976K)->30664K(30976K) NonClass: 27392K(27520K)->27392K(27520K) Class: 3271K(3456K)->3271K(3456K)
[14.253s][info][gc             ] GC(361) Pause Full (Allocation Failure) 494M->368M(494M) 36.610ms
[14.253s][info][gc,cpu         ] GC(361) User=0.03s Sys=0.00s Real=0.03s
[14.262s][info][gc,start       ] GC(362) Pause Full (Allocation Failure)
[14.262s][info][gc,phases,start] GC(362) Phase 1: Mark live objects
[14.270s][info][gc,phases      ] GC(362) Phase 1: Mark live objects 8.750ms
[14.270s][info][gc,phases,start] GC(362) Phase 2: Compute new object addresses
[14.275s][info][gc,phases      ] GC(362) Phase 2: Compute new object addresses 4.350ms
[14.275s][info][gc,phases,start] GC(362) Phase 3: Adjust pointers
[14.281s][info][gc,phases      ] GC(362) Phase 3: Adjust pointers 6.113ms
[14.281s][info][gc,phases,start] GC(362) Phase 4: Move objects
[14.299s][info][gc,phases      ] GC(362) Phase 4: Move objects 18.182ms
[14.300s][info][gc,heap        ] GC(362) DefNew: 157211K(157248K)->28968K(157248K) Eden: 139776K(139776K)->28968K(139776K) From: 17435K(17472K)->0K(17472K)
[14.300s][info][gc,heap        ] GC(362) Tenured: 349494K(349568K)->349414K(349568K)
[14.300s][info][gc,metaspace   ] GC(362) Metaspace: 30665K(30976K)->30665K(30976K) NonClass: 27393K(27520K)->27393K(27520K) Class: 3271K(3456K)->3271K(3456K)
[14.300s][info][gc             ] GC(362) Pause Full (Allocation Failure) 494M->369M(494M) 38.531ms
[14.300s][info][gc,cpu         ] GC(362) User=0.04s Sys=0.00s Real=0.04s
[14.311s][info][gc,start       ] GC(363) Pause Full (Allocation Failure)
[14.311s][info][gc,phases,start] GC(363) Phase 1: Mark live objects
[14.321s][info][gc,phases      ] GC(363) Phase 1: Mark live objects 9.385ms
[14.321s][info][gc,phases,start] GC(363) Phase 2: Compute new object addresses
[14.326s][info][gc,phases      ] GC(363) Phase 2: Compute new object addresses 4.587ms
[14.326s][info][gc,phases,start] GC(363) Phase 3: Adjust pointers
[14.332s][info][gc,phases      ] GC(363) Phase 3: Adjust pointers 6.708ms
[14.332s][info][gc,phases,start] GC(363) Phase 4: Move objects
[14.353s][info][gc,phases      ] GC(363) Phase 4: Move objects 20.228ms
[14.353s][info][gc,heap        ] GC(363) DefNew: 157233K(157248K)->9253K(157248K) Eden: 139776K(139776K)->9253K(139776K) From: 17457K(17472K)->0K(17472K)
[14.353s][info][gc,heap        ] GC(363) Tenured: 349414K(349568K)->349371K(349568K)
[14.353s][info][gc,metaspace   ] GC(363) Metaspace: 30666K(30976K)->30666K(30976K) NonClass: 27394K(27520K)->27394K(27520K) Class: 3271K(3456K)->3271K(3456K)
[14.353s][info][gc             ] GC(363) Pause Full (Allocation Failure) 494M->350M(494M) 41.950ms
[14.353s][info][gc,cpu         ] GC(363) User=0.05s Sys=0.00s Real=0.04s
[14.363s][info][gc,start       ] GC(364) Pause Full (Allocation Failure)
[14.363s][info][gc,phases,start] GC(364) Phase 1: Mark live objects
[14.372s][info][gc,phases      ] GC(364) Phase 1: Mark live objects 8.833ms
[14.372s][info][gc,phases,start] GC(364) Phase 2: Compute new object addresses
[14.376s][info][gc,phases      ] GC(364) Phase 2: Compute new object addresses 4.629ms
[14.376s][info][gc,phases,start] GC(364) Phase 3: Adjust pointers
[14.382s][info][gc,phases      ] GC(364) Phase 3: Adjust pointers 6.049ms
[14.382s][info][gc,phases,start] GC(364) Phase 4: Move objects
[14.392s][info][gc,phases      ] GC(364) Phase 4: Move objects 10.114ms
[14.393s][info][gc,heap        ] GC(364) DefNew: 157223K(157248K)->28711K(157248K) Eden: 139776K(139776K)->28711K(139776K) From: 17447K(17472K)->0K(17472K)
[14.393s][info][gc,heap        ] GC(364) Tenured: 349371K(349568K)->349405K(349568K)
[14.393s][info][gc,metaspace   ] GC(364) Metaspace: 30666K(30976K)->30666K(30976K) NonClass: 27394K(27520K)->27394K(27520K) Class: 3271K(3456K)->3271K(3456K)
[14.393s][info][gc             ] GC(364) Pause Full (Allocation Failure) 494M->369M(494M) 30.627ms
[14.393s][info][gc,cpu         ] GC(364) User=0.03s Sys=0.00s Real=0.03s
[14.404s][info][gc,start       ] GC(365) Pause Full (Allocation Failure)
[14.404s][info][gc,phases,start] GC(365) Phase 1: Mark live objects
[14.413s][info][gc,phases      ] GC(365) Phase 1: Mark live objects 9.090ms
[14.413s][info][gc,phases,start] GC(365) Phase 2: Compute new object addresses
[14.418s][info][gc,phases      ] GC(365) Phase 2: Compute new object addresses 4.729ms
[14.418s][info][gc,phases,start] GC(365) Phase 3: Adjust pointers
[14.424s][info][gc,phases      ] GC(365) Phase 3: Adjust pointers 6.171ms
[14.424s][info][gc,phases,start] GC(365) Phase 4: Move objects
[14.440s][info][gc,phases      ] GC(365) Phase 4: Move objects 15.946ms
[14.441s][info][gc,heap        ] GC(365) DefNew: 157152K(157248K)->26536K(157248K) Eden: 139776K(139776K)->26536K(139776K) From: 17376K(17472K)->0K(17472K)
[14.441s][info][gc,heap        ] GC(365) Tenured: 349405K(349568K)->349315K(349568K)
[14.441s][info][gc,metaspace   ] GC(365) Metaspace: 30666K(30976K)->30666K(30976K) NonClass: 27394K(27520K)->27394K(27520K) Class: 3271K(3456K)->3271K(3456K)
[14.441s][info][gc             ] GC(365) Pause Full (Allocation Failure) 494M->367M(494M) 36.969ms
[14.441s][info][gc,cpu         ] GC(365) User=0.04s Sys=0.00s Real=0.04s
[14.451s][info][gc,start       ] GC(366) Pause Full (Allocation Failure)
[14.451s][info][gc,phases,start] GC(366) Phase 1: Mark live objects
[14.460s][info][gc,phases      ] GC(366) Phase 1: Mark live objects 8.858ms
[14.460s][info][gc,phases,start] GC(366) Phase 2: Compute new object addresses
[14.464s][info][gc,phases      ] GC(366) Phase 2: Compute new object addresses 4.244ms
[14.465s][info][gc,phases,start] GC(366) Phase 3: Adjust pointers
[14.470s][info][gc,phases      ] GC(366) Phase 3: Adjust pointers 5.680ms
[14.470s][info][gc,phases,start] GC(366) Phase 4: Move objects
[14.487s][info][gc,phases      ] GC(366) Phase 4: Move objects 16.844ms
[14.488s][info][gc,heap        ] GC(366) DefNew: 156880K(157248K)->21880K(157248K) Eden: 139776K(139776K)->21880K(139776K) From: 17104K(17472K)->0K(17472K)
[14.488s][info][gc,heap        ] GC(366) Tenured: 349315K(349568K)->349491K(349568K)
[14.488s][info][gc,metaspace   ] GC(366) Metaspace: 30666K(30976K)->30666K(30976K) NonClass: 27394K(27520K)->27394K(27520K) Class: 3271K(3456K)->3271K(3456K)
[14.488s][info][gc             ] GC(366) Pause Full (Allocation Failure) 494M->362M(494M) 36.727ms
[14.488s][info][gc,cpu         ] GC(366) User=0.04s Sys=0.00s Real=0.04s
[14.499s][info][gc,start       ] GC(367) Pause Full (Allocation Failure)
[14.499s][info][gc,phases,start] GC(367) Phase 1: Mark live objects
[14.508s][info][gc,phases      ] GC(367) Phase 1: Mark live objects 8.914ms
[14.508s][info][gc,phases,start] GC(367) Phase 2: Compute new object addresses
[14.513s][info][gc,phases      ] GC(367) Phase 2: Compute new object addresses 4.473ms
[14.513s][info][gc,phases,start] GC(367) Phase 3: Adjust pointers
[14.519s][info][gc,phases      ] GC(367) Phase 3: Adjust pointers 6.073ms
[14.519s][info][gc,phases,start] GC(367) Phase 4: Move objects
[14.537s][info][gc,phases      ] GC(367) Phase 4: Move objects 18.364ms
[14.538s][info][gc,heap        ] GC(367) DefNew: 157132K(157248K)->8741K(157248K) Eden: 139776K(139776K)->8741K(139776K) From: 17356K(17472K)->0K(17472K)
[14.538s][info][gc,heap        ] GC(367) Tenured: 349491K(349568K)->349350K(349568K)
[14.538s][info][gc,metaspace   ] GC(367) Metaspace: 30666K(30976K)->30666K(30976K) NonClass: 27394K(27520K)->27394K(27520K) Class: 3271K(3456K)->3271K(3456K)
[14.538s][info][gc             ] GC(367) Pause Full (Allocation Failure) 494M->349M(494M) 38.781ms
[14.538s][info][gc,cpu         ] GC(367) User=0.04s Sys=0.00s Real=0.04s
[14.548s][info][gc,start       ] GC(368) Pause Full (Allocation Failure)
[14.548s][info][gc,phases,start] GC(368) Phase 1: Mark live objects
[14.558s][info][gc,phases      ] GC(368) Phase 1: Mark live objects 9.143ms
[14.558s][info][gc,phases,start] GC(368) Phase 2: Compute new object addresses
[14.562s][info][gc,phases      ] GC(368) Phase 2: Compute new object addresses 4.253ms
[14.562s][info][gc,phases,start] GC(368) Phase 3: Adjust pointers
[14.567s][info][gc,phases      ] GC(368) Phase 3: Adjust pointers 5.541ms
[14.567s][info][gc,phases,start] GC(368) Phase 4: Move objects
[14.576s][info][gc,phases      ] GC(368) Phase 4: Move objects 8.103ms
[14.576s][info][gc,heap        ] GC(368) DefNew: 157097K(157248K)->25987K(157248K) Eden: 139776K(139776K)->25987K(139776K) From: 17321K(17472K)->0K(17472K)
[14.576s][info][gc,heap        ] GC(368) Tenured: 349350K(349568K)->349489K(349568K)
[14.576s][info][gc,metaspace   ] GC(368) Metaspace: 30666K(30976K)->30666K(30976K) NonClass: 27394K(27520K)->27394K(27520K) Class: 3271K(3456K)->3271K(3456K)
[14.576s][info][gc             ] GC(368) Pause Full (Allocation Failure) 494M->366M(494M) 28.063ms
[14.576s][info][gc,cpu         ] GC(368) User=0.02s Sys=0.00s Real=0.03s
[14.582s][info][gc,start       ] GC(369) Pause Full (Allocation Failure)
[14.582s][info][gc,phases,start] GC(369) Phase 1: Mark live objects
[14.591s][info][gc,phases      ] GC(369) Phase 1: Mark live objects 8.898ms
[14.591s][info][gc,phases,start] GC(369) Phase 2: Compute new object addresses
[14.596s][info][gc,phases      ] GC(369) Phase 2: Compute new object addresses 4.188ms
[14.596s][info][gc,phases,start] GC(369) Phase 3: Adjust pointers
[14.602s][info][gc,phases      ] GC(369) Phase 3: Adjust pointers 6.452ms
[14.602s][info][gc,phases,start] GC(369) Phase 4: Move objects
[14.620s][info][gc,phases      ] GC(369) Phase 4: Move objects 18.062ms
[14.621s][info][gc,heap        ] GC(369) DefNew: 157038K(157248K)->40749K(157248K) Eden: 139776K(139776K)->40749K(139776K) From: 17262K(17472K)->0K(17472K)
[14.621s][info][gc,heap        ] GC(369) Tenured: 349489K(349568K)->349409K(349568K)
[14.621s][info][gc,metaspace   ] GC(369) Metaspace: 30666K(30976K)->30666K(30976K) NonClass: 27394K(27520K)->27394K(27520K) Class: 3271K(3456K)->3271K(3456K)
[14.621s][info][gc             ] GC(369) Pause Full (Allocation Failure) 494M->381M(494M) 38.735ms
[14.621s][info][gc,cpu         ] GC(369) User=0.04s Sys=0.00s Real=0.04s
[14.632s][info][gc,start       ] GC(370) Pause Full (Allocation Failure)
[14.632s][info][gc,phases,start] GC(370) Phase 1: Mark live objects
[14.641s][info][gc,phases      ] GC(370) Phase 1: Mark live objects 9.210ms
[14.641s][info][gc,phases,start] GC(370) Phase 2: Compute new object addresses
[14.645s][info][gc,phases      ] GC(370) Phase 2: Compute new object addresses 4.186ms
[14.645s][info][gc,phases,start] GC(370) Phase 3: Adjust pointers
[14.652s][info][gc,phases      ] GC(370) Phase 3: Adjust pointers 6.436ms
[14.652s][info][gc,phases,start] GC(370) Phase 4: Move objects
[14.671s][info][gc,phases      ] GC(370) Phase 4: Move objects 19.331ms
[14.672s][info][gc,heap        ] GC(370) DefNew: 156442K(157248K)->35646K(157248K) Eden: 139776K(139776K)->35646K(139776K) From: 16666K(17472K)->0K(17472K)
[14.672s][info][gc,heap        ] GC(370) Tenured: 349409K(349568K)->349385K(349568K)
[14.672s][info][gc,metaspace   ] GC(370) Metaspace: 30667K(30976K)->30667K(30976K) NonClass: 27395K(27520K)->27395K(27520K) Class: 3271K(3456K)->3271K(3456K)
[14.672s][info][gc             ] GC(370) Pause Full (Allocation Failure) 493M->376M(494M) 40.310ms
[14.672s][info][gc,cpu         ] GC(370) User=0.04s Sys=0.00s Real=0.04s
[14.683s][info][gc,start       ] GC(371) Pause Full (Allocation Failure)
[14.683s][info][gc,phases,start] GC(371) Phase 1: Mark live objects
[14.692s][info][gc,phases      ] GC(371) Phase 1: Mark live objects 9.331ms
[14.692s][info][gc,phases,start] GC(371) Phase 2: Compute new object addresses
[14.696s][info][gc,phases      ] GC(371) Phase 2: Compute new object addresses 4.147ms
[14.696s][info][gc,phases,start] GC(371) Phase 3: Adjust pointers
[14.702s][info][gc,phases      ] GC(371) Phase 3: Adjust pointers 5.825ms
[14.702s][info][gc,phases,start] GC(371) Phase 4: Move objects
[14.721s][info][gc,phases      ] GC(371) Phase 4: Move objects 18.855ms
[14.722s][info][gc,heap        ] GC(371) DefNew: 157215K(157248K)->15984K(157248K) Eden: 139776K(139776K)->15984K(139776K) From: 17439K(17472K)->0K(17472K)
[14.722s][info][gc,heap        ] GC(371) Tenured: 349385K(349568K)->349551K(349568K)
[14.722s][info][gc,metaspace   ] GC(371) Metaspace: 30668K(30976K)->30668K(30976K) NonClass: 27396K(27520K)->27396K(27520K) Class: 3271K(3456K)->3271K(3456K)
[14.722s][info][gc             ] GC(371) Pause Full (Allocation Failure) 494M->356M(494M) 39.169ms
[14.722s][info][gc,cpu         ] GC(371) User=0.04s Sys=0.00s Real=0.04s
[14.729s][info][gc,start       ] GC(372) Pause Full (Allocation Failure)
[14.729s][info][gc,phases,start] GC(372) Phase 1: Mark live objects
[14.738s][info][gc,phases      ] GC(372) Phase 1: Mark live objects 8.927ms
[14.738s][info][gc,phases,start] GC(372) Phase 2: Compute new object addresses
[14.742s][info][gc,phases      ] GC(372) Phase 2: Compute new object addresses 4.395ms
[14.742s][info][gc,phases,start] GC(372) Phase 3: Adjust pointers
[14.748s][info][gc,phases      ] GC(372) Phase 3: Adjust pointers 5.722ms
[14.748s][info][gc,phases,start] GC(372) Phase 4: Move objects
[14.751s][info][gc,phases      ] GC(372) Phase 4: Move objects 3.171ms
[14.752s][info][gc,heap        ] GC(372) DefNew: 157245K(157248K)->40101K(157248K) Eden: 139776K(139776K)->40101K(139776K) From: 17469K(17472K)->0K(17472K)
[14.752s][info][gc,heap        ] GC(372) Tenured: 349551K(349568K)->349551K(349568K)
[14.752s][info][gc,metaspace   ] GC(372) Metaspace: 30668K(30976K)->30668K(30976K) NonClass: 27396K(27520K)->27396K(27520K) Class: 3271K(3456K)->3271K(3456K)
[14.752s][info][gc             ] GC(372) Pause Full (Allocation Failure) 494M->380M(494M) 23.192ms
[14.752s][info][gc,cpu         ] GC(372) User=0.02s Sys=0.00s Real=0.02s
[14.762s][info][gc,start       ] GC(373) Pause Full (Allocation Failure)
[14.762s][info][gc,phases,start] GC(373) Phase 1: Mark live objects
[14.771s][info][gc,phases      ] GC(373) Phase 1: Mark live objects 8.805ms
[14.771s][info][gc,phases,start] GC(373) Phase 2: Compute new object addresses
[14.774s][info][gc,phases      ] GC(373) Phase 2: Compute new object addresses 3.862ms
[14.774s][info][gc,phases,start] GC(373) Phase 3: Adjust pointers
[14.780s][info][gc,phases      ] GC(373) Phase 3: Adjust pointers 5.792ms
[14.780s][info][gc,phases,start] GC(373) Phase 4: Move objects
[14.787s][info][gc,phases      ] GC(373) Phase 4: Move objects 6.274ms
[14.787s][info][gc,heap        ] GC(373) DefNew: 157097K(157248K)->55517K(157248K) Eden: 139776K(139776K)->55517K(139776K) From: 17321K(17472K)->0K(17472K)
[14.787s][info][gc,heap        ] GC(373) Tenured: 349551K(349568K)->349419K(349568K)
[14.787s][info][gc,metaspace   ] GC(373) Metaspace: 30668K(30976K)->30668K(30976K) NonClass: 27396K(27520K)->27396K(27520K) Class: 3271K(3456K)->3271K(3456K)
[14.787s][info][gc             ] GC(373) Pause Full (Allocation Failure) 494M->395M(494M) 25.774ms
[14.787s][info][gc,cpu         ] GC(373) User=0.02s Sys=0.00s Real=0.03s
[14.793s][info][gc,start       ] GC(374) Pause Full (Allocation Failure)
[14.793s][info][gc,phases,start] GC(374) Phase 1: Mark live objects
[14.802s][info][gc,phases      ] GC(374) Phase 1: Mark live objects 9.014ms
[14.802s][info][gc,phases,start] GC(374) Phase 2: Compute new object addresses
[14.807s][info][gc,phases      ] GC(374) Phase 2: Compute new object addresses 4.148ms
[14.807s][info][gc,phases,start] GC(374) Phase 3: Adjust pointers
[14.813s][info][gc,phases      ] GC(374) Phase 3: Adjust pointers 6.134ms
[14.813s][info][gc,phases,start] GC(374) Phase 4: Move objects
[14.829s][info][gc,phases      ] GC(374) Phase 4: Move objects 16.495ms
[14.830s][info][gc,heap        ] GC(374) DefNew: 156870K(157248K)->54652K(157248K) Eden: 139776K(139776K)->54652K(139776K) From: 17094K(17472K)->0K(17472K)
[14.830s][info][gc,heap        ] GC(374) Tenured: 349419K(349568K)->349376K(349568K)
[14.830s][info][gc,metaspace   ] GC(374) Metaspace: 30668K(30976K)->30668K(30976K) NonClass: 27396K(27520K)->27396K(27520K) Class: 3271K(3456K)->3271K(3456K)
[14.830s][info][gc             ] GC(374) Pause Full (Allocation Failure) 494M->394M(494M) 36.863ms
[14.830s][info][gc,cpu         ] GC(374) User=0.04s Sys=0.00s Real=0.04s
[14.841s][info][gc,start       ] GC(375) Pause Full (Allocation Failure)
[14.841s][info][gc,phases,start] GC(375) Phase 1: Mark live objects
[14.850s][info][gc,phases      ] GC(375) Phase 1: Mark live objects 9.045ms
[14.850s][info][gc,phases,start] GC(375) Phase 2: Compute new object addresses
[14.854s][info][gc,phases      ] GC(375) Phase 2: Compute new object addresses 3.819ms
[14.854s][info][gc,phases,start] GC(375) Phase 3: Adjust pointers
[14.860s][info][gc,phases      ] GC(375) Phase 3: Adjust pointers 5.870ms
[14.860s][info][gc,phases,start] GC(375) Phase 4: Move objects
[14.880s][info][gc,phases      ] GC(375) Phase 4: Move objects 20.217ms
[14.881s][info][gc,heap        ] GC(375) DefNew: 156737K(157248K)->28273K(157248K) Eden: 139776K(139776K)->28273K(139776K) From: 16961K(17472K)->0K(17472K)
[14.881s][info][gc,heap        ] GC(375) Tenured: 349376K(349568K)->349321K(349568K)
[14.881s][info][gc,metaspace   ] GC(375) Metaspace: 30668K(30976K)->30668K(30976K) NonClass: 27396K(27520K)->27396K(27520K) Class: 3271K(3456K)->3271K(3456K)
[14.881s][info][gc             ] GC(375) Pause Full (Allocation Failure) 494M->368M(494M) 39.909ms
[14.881s][info][gc,cpu         ] GC(375) User=0.04s Sys=0.00s Real=0.04s
[14.893s][info][gc,start       ] GC(376) Pause Full (Allocation Failure)
[14.893s][info][gc,phases,start] GC(376) Phase 1: Mark live objects
[14.902s][info][gc,phases      ] GC(376) Phase 1: Mark live objects 9.115ms
[14.902s][info][gc,phases,start] GC(376) Phase 2: Compute new object addresses
[14.906s][info][gc,phases      ] GC(376) Phase 2: Compute new object addresses 4.137ms
[14.906s][info][gc,phases,start] GC(376) Phase 3: Adjust pointers
[14.912s][info][gc,phases      ] GC(376) Phase 3: Adjust pointers 5.843ms
[14.912s][info][gc,phases,start] GC(376) Phase 4: Move objects
[14.923s][info][gc,phases      ] GC(376) Phase 4: Move objects 10.874ms
[14.924s][info][gc,heap        ] GC(376) DefNew: 156524K(157248K)->44988K(157248K) Eden: 139776K(139776K)->44988K(139776K) From: 16748K(17472K)->0K(17472K)
[14.924s][info][gc,heap        ] GC(376) Tenured: 349321K(349568K)->349457K(349568K)
[14.924s][info][gc,metaspace   ] GC(376) Metaspace: 30668K(30976K)->30668K(30976K) NonClass: 27396K(27520K)->27396K(27520K) Class: 3271K(3456K)->3271K(3456K)
[14.924s][info][gc             ] GC(376) Pause Full (Allocation Failure) 493M->385M(494M) 31.072ms
[14.924s][info][gc,cpu         ] GC(376) User=0.03s Sys=0.00s Real=0.04s
[14.935s][info][gc,start       ] GC(377) Pause Full (Allocation Failure)
[14.935s][info][gc,phases,start] GC(377) Phase 1: Mark live objects
[14.944s][info][gc,phases      ] GC(377) Phase 1: Mark live objects 9.235ms
[14.944s][info][gc,phases,start] GC(377) Phase 2: Compute new object addresses
[14.948s][info][gc,phases      ] GC(377) Phase 2: Compute new object addresses 4.205ms
[14.948s][info][gc,phases,start] GC(377) Phase 3: Adjust pointers
[14.954s][info][gc,phases      ] GC(377) Phase 3: Adjust pointers 5.907ms
[14.954s][info][gc,phases,start] GC(377) Phase 4: Move objects
[14.971s][info][gc,phases      ] GC(377) Phase 4: Move objects 16.657ms
[14.972s][info][gc,heap        ] GC(377) DefNew: 156784K(157248K)->40017K(157248K) Eden: 139776K(139776K)->40017K(139776K) From: 17008K(17472K)->0K(17472K)
[14.972s][info][gc,heap        ] GC(377) Tenured: 349457K(349568K)->349375K(349568K)
[14.972s][info][gc,metaspace   ] GC(377) Metaspace: 30668K(30976K)->30668K(30976K) NonClass: 27396K(27520K)->27396K(27520K) Class: 3271K(3456K)->3271K(3456K)
[14.972s][info][gc             ] GC(377) Pause Full (Allocation Failure) 494M->380M(494M) 36.972ms
[14.972s][info][gc,cpu         ] GC(377) User=0.04s Sys=0.00s Real=0.04s
[14.982s][info][gc,start       ] GC(378) Pause Full (Allocation Failure)
[14.982s][info][gc,phases,start] GC(378) Phase 1: Mark live objects
[14.991s][info][gc,phases      ] GC(378) Phase 1: Mark live objects 8.721ms
[14.991s][info][gc,phases,start] GC(378) Phase 2: Compute new object addresses
[14.995s][info][gc,phases      ] GC(378) Phase 2: Compute new object addresses 3.856ms
[14.995s][info][gc,phases,start] GC(378) Phase 3: Adjust pointers
[15.000s][info][gc,phases      ] GC(378) Phase 3: Adjust pointers 5.508ms
[15.000s][info][gc,phases,start] GC(378) Phase 4: Move objects
[15.019s][info][gc,phases      ] GC(378) Phase 4: Move objects 18.534ms
[15.020s][info][gc,heap        ] GC(378) DefNew: 156661K(157248K)->34764K(157248K) Eden: 139776K(139776K)->34764K(139776K) From: 16885K(17472K)->0K(17472K)
[15.020s][info][gc,heap        ] GC(378) Tenured: 349375K(349568K)->349411K(349568K)
[15.020s][info][gc,metaspace   ] GC(378) Metaspace: 30668K(30976K)->30668K(30976K) NonClass: 27396K(27520K)->27396K(27520K) Class: 3271K(3456K)->3271K(3456K)
[15.020s][info][gc             ] GC(378) Pause Full (Allocation Failure) 494M->375M(494M) 37.714ms
[15.020s][info][gc,cpu         ] GC(378) User=0.03s Sys=0.00s Real=0.04s
[15.030s][info][gc,start       ] GC(379) Pause Full (Allocation Failure)
[15.031s][info][gc,phases,start] GC(379) Phase 1: Mark live objects
[15.040s][info][gc,phases      ] GC(379) Phase 1: Mark live objects 9.728ms
[15.040s][info][gc,phases,start] GC(379) Phase 2: Compute new object addresses
[15.045s][info][gc,phases      ] GC(379) Phase 2: Compute new object addresses 4.946ms
[15.045s][info][gc,phases,start] GC(379) Phase 3: Adjust pointers
[15.052s][info][gc,phases      ] GC(379) Phase 3: Adjust pointers 6.642ms
[15.052s][info][gc,phases,start] GC(379) Phase 4: Move objects
[15.071s][info][gc,phases      ] GC(379) Phase 4: Move objects 19.113ms
[15.072s][info][gc,heap        ] GC(379) DefNew: 156898K(157248K)->18467K(157248K) Eden: 139776K(139776K)->18467K(139776K) From: 17122K(17472K)->0K(17472K)
[15.072s][info][gc,heap        ] GC(379) Tenured: 349411K(349568K)->349343K(349568K)
[15.072s][info][gc,metaspace   ] GC(379) Metaspace: 30668K(30976K)->30668K(30976K) NonClass: 27396K(27520K)->27396K(27520K) Class: 3271K(3456K)->3271K(3456K)
[15.072s][info][gc             ] GC(379) Pause Full (Allocation Failure) 494M->359M(494M) 41.538ms
[15.072s][info][gc,cpu         ] GC(379) User=0.04s Sys=0.00s Real=0.04s
[15.083s][info][gc,start       ] GC(380) Pause Full (Allocation Failure)
[15.083s][info][gc,phases,start] GC(380) Phase 1: Mark live objects
[15.091s][info][gc,phases      ] GC(380) Phase 1: Mark live objects 8.744ms
[15.091s][info][gc,phases,start] GC(380) Phase 2: Compute new object addresses
[15.096s][info][gc,phases      ] GC(380) Phase 2: Compute new object addresses 4.356ms
[15.096s][info][gc,phases,start] GC(380) Phase 3: Adjust pointers
[15.102s][info][gc,phases      ] GC(380) Phase 3: Adjust pointers 6.106ms
[15.102s][info][gc,phases,start] GC(380) Phase 4: Move objects
[15.111s][info][gc,phases      ] GC(380) Phase 4: Move objects 9.424ms
[15.112s][info][gc,heap        ] GC(380) DefNew: 157248K(157248K)->37150K(157248K) Eden: 139776K(139776K)->37150K(139776K) From: 17472K(17472K)->0K(17472K)
[15.112s][info][gc,heap        ] GC(380) Tenured: 349406K(349568K)->349447K(349568K)
[15.112s][info][gc,metaspace   ] GC(380) Metaspace: 30693K(30976K)->30693K(30976K) NonClass: 27421K(27520K)->27421K(27520K) Class: 3271K(3456K)->3271K(3456K)
[15.112s][info][gc             ] GC(380) Pause Full (Allocation Failure) 494M->377M(494M) 29.788ms
[15.112s][info][gc,cpu         ] GC(380) User=0.03s Sys=0.00s Real=0.03s
[15.123s][info][gc,start       ] GC(381) Pause Full (Allocation Failure)
[15.123s][info][gc,phases,start] GC(381) Phase 1: Mark live objects
[15.134s][info][gc,phases      ] GC(381) Phase 1: Mark live objects 10.447ms
[15.134s][info][gc,phases,start] GC(381) Phase 2: Compute new object addresses
[15.138s][info][gc,phases      ] GC(381) Phase 2: Compute new object addresses 4.241ms
[15.138s][info][gc,phases,start] GC(381) Phase 3: Adjust pointers
[15.144s][info][gc,phases      ] GC(381) Phase 3: Adjust pointers 5.828ms
[15.144s][info][gc,phases,start] GC(381) Phase 4: Move objects
[15.159s][info][gc,phases      ] GC(381) Phase 4: Move objects 15.684ms
[15.160s][info][gc,heap        ] GC(381) DefNew: 156676K(157248K)->33688K(157248K) Eden: 139776K(139776K)->33688K(139776K) From: 16900K(17472K)->0K(17472K)
[15.160s][info][gc,heap        ] GC(381) Tenured: 349447K(349568K)->349456K(349568K)
[15.160s][info][gc,metaspace   ] GC(381) Metaspace: 30693K(30976K)->30693K(30976K) NonClass: 27421K(27520K)->27421K(27520K) Class: 3271K(3456K)->3271K(3456K)
[15.160s][info][gc             ] GC(381) Pause Full (Allocation Failure) 494M->374M(494M) 37.262ms
[15.160s][info][gc,cpu         ] GC(381) User=0.04s Sys=0.00s Real=0.04s
[15.172s][info][gc,start       ] GC(382) Pause Full (Allocation Failure)
[15.172s][info][gc,phases,start] GC(382) Phase 1: Mark live objects
[15.181s][info][gc,phases      ] GC(382) Phase 1: Mark live objects 9.288ms
[15.181s][info][gc,phases,start] GC(382) Phase 2: Compute new object addresses
[15.185s][info][gc,phases      ] GC(382) Phase 2: Compute new object addresses 4.280ms
[15.185s][info][gc,phases,start] GC(382) Phase 3: Adjust pointers
[15.191s][info][gc,phases      ] GC(382) Phase 3: Adjust pointers 5.868ms
[15.191s][info][gc,phases,start] GC(382) Phase 4: Move objects
[15.209s][info][gc,phases      ] GC(382) Phase 4: Move objects 17.844ms
[15.210s][info][gc,heap        ] GC(382) DefNew: 157199K(157248K)->33331K(157248K) Eden: 139776K(139776K)->33331K(139776K) From: 17423K(17472K)->0K(17472K)
[15.210s][info][gc,heap        ] GC(382) Tenured: 349456K(349568K)->349376K(349568K)
[15.210s][info][gc,metaspace   ] GC(382) Metaspace: 30694K(30976K)->30694K(30976K) NonClass: 27422K(27520K)->27422K(27520K) Class: 3271K(3456K)->3271K(3456K)
[15.210s][info][gc             ] GC(382) Pause Full (Allocation Failure) 494M->373M(494M) 38.383ms
[15.210s][info][gc,cpu         ] GC(382) User=0.04s Sys=0.00s Real=0.04s
[15.220s][info][gc,start       ] GC(383) Pause Full (Allocation Failure)
[15.220s][info][gc,phases,start] GC(383) Phase 1: Mark live objects
[15.230s][info][gc,phases      ] GC(383) Phase 1: Mark live objects 9.446ms
[15.230s][info][gc,phases,start] GC(383) Phase 2: Compute new object addresses
[15.235s][info][gc,phases      ] GC(383) Phase 2: Compute new object addresses 5.109ms
[15.235s][info][gc,phases,start] GC(383) Phase 3: Adjust pointers
[15.241s][info][gc,phases      ] GC(383) Phase 3: Adjust pointers 6.110ms
[15.241s][info][gc,phases,start] GC(383) Phase 4: Move objects
[15.260s][info][gc,phases      ] GC(383) Phase 4: Move objects 18.477ms
[15.260s][info][gc,heap        ] GC(383) DefNew: 156668K(157248K)->12096K(157248K) Eden: 139776K(139776K)->12096K(139776K) From: 16892K(17472K)->0K(17472K)
[15.260s][info][gc,heap        ] GC(383) Tenured: 349376K(349568K)->349326K(349568K)
[15.260s][info][gc,metaspace   ] GC(383) Metaspace: 30694K(30976K)->30694K(30976K) NonClass: 27422K(27520K)->27422K(27520K) Class: 3271K(3456K)->3271K(3456K)
[15.260s][info][gc             ] GC(383) Pause Full (Allocation Failure) 494M->352M(494M) 40.175ms
[15.261s][info][gc,cpu         ] GC(383) User=0.04s Sys=0.00s Real=0.04s
[15.271s][info][gc,start       ] GC(384) Pause Full (Allocation Failure)
[15.272s][info][gc,phases,start] GC(384) Phase 1: Mark live objects
[15.280s][info][gc,phases      ] GC(384) Phase 1: Mark live objects 8.701ms
[15.280s][info][gc,phases,start] GC(384) Phase 2: Compute new object addresses
[15.285s][info][gc,phases      ] GC(384) Phase 2: Compute new object addresses 4.363ms
[15.285s][info][gc,phases,start] GC(384) Phase 3: Adjust pointers
[15.290s][info][gc,phases      ] GC(384) Phase 3: Adjust pointers 5.744ms
[15.290s][info][gc,phases,start] GC(384) Phase 4: Move objects
[15.301s][info][gc,phases      ] GC(384) Phase 4: Move objects 10.908ms
[15.302s][info][gc,heap        ] GC(384) DefNew: 156552K(157248K)->31570K(157248K) Eden: 139776K(139776K)->31570K(139776K) From: 16776K(17472K)->0K(17472K)
[15.302s][info][gc,heap        ] GC(384) Tenured: 349326K(349568K)->349377K(349568K)
[15.302s][info][gc,metaspace   ] GC(384) Metaspace: 30713K(31040K)->30713K(31040K) NonClass: 27441K(27584K)->27441K(27584K) Class: 3271K(3456K)->3271K(3456K)
[15.302s][info][gc             ] GC(384) Pause Full (Allocation Failure) 494M->372M(494M) 30.712ms
[15.302s][info][gc,cpu         ] GC(384) User=0.03s Sys=0.00s Real=0.03s
[15.312s][info][gc,start       ] GC(385) Pause Full (Allocation Failure)
[15.312s][info][gc,phases,start] GC(385) Phase 1: Mark live objects
[15.323s][info][gc,phases      ] GC(385) Phase 1: Mark live objects 10.466ms
[15.323s][info][gc,phases,start] GC(385) Phase 2: Compute new object addresses
[15.327s][info][gc,phases      ] GC(385) Phase 2: Compute new object addresses 4.331ms
[15.327s][info][gc,phases,start] GC(385) Phase 3: Adjust pointers
[15.333s][info][gc,phases      ] GC(385) Phase 3: Adjust pointers 5.883ms
[15.333s][info][gc,phases,start] GC(385) Phase 4: Move objects
[15.348s][info][gc,phases      ] GC(385) Phase 4: Move objects 15.275ms
[15.349s][info][gc,heap        ] GC(385) DefNew: 157026K(157248K)->34622K(157248K) Eden: 139776K(139776K)->34622K(139776K) From: 17250K(17472K)->0K(17472K)
[15.349s][info][gc,heap        ] GC(385) Tenured: 349377K(349568K)->349381K(349568K)
[15.349s][info][gc,metaspace   ] GC(385) Metaspace: 30713K(31040K)->30713K(31040K) NonClass: 27441K(27584K)->27441K(27584K) Class: 3271K(3456K)->3271K(3456K)
[15.349s][info][gc             ] GC(385) Pause Full (Allocation Failure) 494M->375M(494M) 37.060ms
[15.349s][info][gc,cpu         ] GC(385) User=0.04s Sys=0.00s Real=0.04s
[15.360s][info][gc,start       ] GC(386) Pause Full (Allocation Failure)
[15.360s][info][gc,phases,start] GC(386) Phase 1: Mark live objects
[15.369s][info][gc,phases      ] GC(386) Phase 1: Mark live objects 8.725ms
[15.369s][info][gc,phases,start] GC(386) Phase 2: Compute new object addresses
[15.373s][info][gc,phases      ] GC(386) Phase 2: Compute new object addresses 4.304ms
[15.373s][info][gc,phases,start] GC(386) Phase 3: Adjust pointers
[15.379s][info][gc,phases      ] GC(386) Phase 3: Adjust pointers 5.754ms
[15.379s][info][gc,phases,start] GC(386) Phase 4: Move objects
[15.395s][info][gc,phases      ] GC(386) Phase 4: Move objects 16.283ms
[15.396s][info][gc,heap        ] GC(386) DefNew: 157103K(157248K)->29063K(157248K) Eden: 139776K(139776K)->29063K(139776K) From: 17327K(17472K)->0K(17472K)
[15.396s][info][gc,heap        ] GC(386) Tenured: 349381K(349568K)->349413K(349568K)
[15.396s][info][gc,metaspace   ] GC(386) Metaspace: 30717K(31040K)->30717K(31040K) NonClass: 27445K(27584K)->27445K(27584K) Class: 3271K(3456K)->3271K(3456K)
[15.396s][info][gc             ] GC(386) Pause Full (Allocation Failure) 494M->369M(494M) 36.154ms
[15.396s][info][gc,cpu         ] GC(386) User=0.04s Sys=0.00s Real=0.04s
[15.406s][info][gc,start       ] GC(387) Pause Full (Allocation Failure)
[15.406s][info][gc,phases,start] GC(387) Phase 1: Mark live objects
[15.416s][info][gc,phases      ] GC(387) Phase 1: Mark live objects 9.577ms
[15.416s][info][gc,phases,start] GC(387) Phase 2: Compute new object addresses
[15.420s][info][gc,phases      ] GC(387) Phase 2: Compute new object addresses 4.478ms
[15.420s][info][gc,phases,start] GC(387) Phase 3: Adjust pointers
[15.426s][info][gc,phases      ] GC(387) Phase 3: Adjust pointers 5.981ms
[15.426s][info][gc,phases,start] GC(387) Phase 4: Move objects
[15.447s][info][gc,phases      ] GC(387) Phase 4: Move objects 20.352ms
[15.448s][info][gc,heap        ] GC(387) DefNew: 156807K(157248K)->12703K(157248K) Eden: 139776K(139776K)->12703K(139776K) From: 17031K(17472K)->0K(17472K)
[15.448s][info][gc,heap        ] GC(387) Tenured: 349413K(349568K)->349450K(349568K)
[15.448s][info][gc,metaspace   ] GC(387) Metaspace: 30718K(31040K)->30718K(31040K) NonClass: 27446K(27584K)->27446K(27584K) Class: 3271K(3456K)->3271K(3456K)
[15.448s][info][gc             ] GC(387) Pause Full (Allocation Failure) 494M->353M(494M) 41.372ms
[15.448s][info][gc,cpu         ] GC(387) User=0.04s Sys=0.00s Real=0.04s
[15.459s][info][gc,start       ] GC(388) Pause Full (Allocation Failure)
[15.459s][info][gc,phases,start] GC(388) Phase 1: Mark live objects
[15.468s][info][gc,phases      ] GC(388) Phase 1: Mark live objects 8.769ms
[15.468s][info][gc,phases,start] GC(388) Phase 2: Compute new object addresses
[15.473s][info][gc,phases      ] GC(388) Phase 2: Compute new object addresses 4.369ms
[15.473s][info][gc,phases,start] GC(388) Phase 3: Adjust pointers
[15.478s][info][gc,phases      ] GC(388) Phase 3: Adjust pointers 5.873ms
[15.478s][info][gc,phases,start] GC(388) Phase 4: Move objects
[15.488s][info][gc,phases      ] GC(388) Phase 4: Move objects 9.746ms
[15.489s][info][gc,heap        ] GC(388) DefNew: 156883K(157248K)->31670K(157248K) Eden: 139776K(139776K)->31670K(139776K) From: 17107K(17472K)->0K(17472K)
[15.489s][info][gc,heap        ] GC(388) Tenured: 349450K(349568K)->349536K(349568K)
[15.489s][info][gc,metaspace   ] GC(388) Metaspace: 30718K(31040K)->30718K(31040K) NonClass: 27446K(27584K)->27446K(27584K) Class: 3271K(3456K)->3271K(3456K)
[15.489s][info][gc             ] GC(388) Pause Full (Allocation Failure) 494M->372M(494M) 29.786ms
[15.489s][info][gc,cpu         ] GC(388) User=0.03s Sys=0.00s Real=0.03s
[15.500s][info][gc,start       ] GC(389) Pause Full (Allocation Failure)
[15.500s][info][gc,phases,start] GC(389) Phase 1: Mark live objects
[15.509s][info][gc,phases      ] GC(389) Phase 1: Mark live objects 8.779ms
[15.509s][info][gc,phases,start] GC(389) Phase 2: Compute new object addresses
[15.513s][info][gc,phases      ] GC(389) Phase 2: Compute new object addresses 4.345ms
[15.513s][info][gc,phases,start] GC(389) Phase 3: Adjust pointers
[15.519s][info][gc,phases      ] GC(389) Phase 3: Adjust pointers 5.730ms
[15.519s][info][gc,phases,start] GC(389) Phase 4: Move objects
[15.534s][info][gc,phases      ] GC(389) Phase 4: Move objects 15.174ms
[15.535s][info][gc,heap        ] GC(389) DefNew: 157238K(157248K)->28657K(157248K) Eden: 139776K(139776K)->28657K(139776K) From: 17462K(17472K)->0K(17472K)
[15.535s][info][gc,heap        ] GC(389) Tenured: 349536K(349568K)->349372K(349568K)
[15.535s][info][gc,metaspace   ] GC(389) Metaspace: 30720K(31040K)->30720K(31040K) NonClass: 27448K(27584K)->27448K(27584K) Class: 3271K(3456K)->3271K(3456K)
[15.535s][info][gc             ] GC(389) Pause Full (Allocation Failure) 494M->369M(494M) 34.995ms
[15.535s][info][gc,cpu         ] GC(389) User=0.03s Sys=0.00s Real=0.03s
[15.541s][info][gc,start       ] GC(390) Pause Full (Allocation Failure)
[15.541s][info][gc,phases,start] GC(390) Phase 1: Mark live objects
[15.550s][info][gc,phases      ] GC(390) Phase 1: Mark live objects 8.814ms
[15.550s][info][gc,phases,start] GC(390) Phase 2: Compute new object addresses
[15.554s][info][gc,phases      ] GC(390) Phase 2: Compute new object addresses 4.195ms
[15.554s][info][gc,phases,start] GC(390) Phase 3: Adjust pointers
[15.560s][info][gc,phases      ] GC(390) Phase 3: Adjust pointers 5.688ms
[15.560s][info][gc,phases,start] GC(390) Phase 4: Move objects
[15.576s][info][gc,phases      ] GC(390) Phase 4: Move objects 16.143ms
[15.577s][info][gc,heap        ] GC(390) DefNew: 157245K(157248K)->33324K(157248K) Eden: 139776K(139776K)->33324K(139776K) From: 17469K(17472K)->0K(17472K)
[15.577s][info][gc,heap        ] GC(390) Tenured: 349372K(349568K)->349378K(349568K)
[15.577s][info][gc,metaspace   ] GC(390) Metaspace: 30720K(31040K)->30720K(31040K) NonClass: 27448K(27584K)->27448K(27584K) Class: 3271K(3456K)->3271K(3456K)
[15.577s][info][gc             ] GC(390) Pause Full (Allocation Failure) 494M->373M(494M) 35.883ms
[15.577s][info][gc,cpu         ] GC(390) User=0.04s Sys=0.00s Real=0.04s
[15.588s][info][gc,start       ] GC(391) Pause Full (Allocation Failure)
[15.588s][info][gc,phases,start] GC(391) Phase 1: Mark live objects
[15.597s][info][gc,phases      ] GC(391) Phase 1: Mark live objects 9.643ms
[15.597s][info][gc,phases,start] GC(391) Phase 2: Compute new object addresses
[15.601s][info][gc,phases      ] GC(391) Phase 2: Compute new object addresses 3.987ms
[15.602s][info][gc,phases,start] GC(391) Phase 3: Adjust pointers
[15.608s][info][gc,phases      ] GC(391) Phase 3: Adjust pointers 6.338ms
[15.608s][info][gc,phases,start] GC(391) Phase 4: Move objects
[15.628s][info][gc,phases      ] GC(391) Phase 4: Move objects 19.978ms
[15.629s][info][gc,heap        ] GC(391) DefNew: 156493K(157248K)->18757K(157248K) Eden: 139776K(139776K)->18757K(139776K) From: 16717K(17472K)->0K(17472K)
[15.629s][info][gc,heap        ] GC(391) Tenured: 349378K(349568K)->349050K(349568K)
[15.629s][info][gc,metaspace   ] GC(391) Metaspace: 30720K(31040K)->30720K(31040K) NonClass: 27448K(27584K)->27448K(27584K) Class: 3271K(3456K)->3271K(3456K)
[15.629s][info][gc             ] GC(391) Pause Full (Allocation Failure) 494M->359M(494M) 40.974ms
[15.629s][info][gc,cpu         ] GC(391) User=0.04s Sys=0.00s Real=0.04s
[15.639s][info][gc,start       ] GC(392) Pause Full (Allocation Failure)
[15.639s][info][gc,phases,start] GC(392) Phase 1: Mark live objects
[15.649s][info][gc,phases      ] GC(392) Phase 1: Mark live objects 9.834ms
[15.649s][info][gc,phases,start] GC(392) Phase 2: Compute new object addresses
[15.654s][info][gc,phases      ] GC(392) Phase 2: Compute new object addresses 4.605ms
[15.654s][info][gc,phases,start] GC(392) Phase 3: Adjust pointers
[15.661s][info][gc,phases      ] GC(392) Phase 3: Adjust pointers 6.712ms
[15.661s][info][gc,phases,start] GC(392) Phase 4: Move objects
[15.673s][info][gc,phases      ] GC(392) Phase 4: Move objects 11.871ms
[15.673s][info][gc,heap        ] GC(392) DefNew: 156866K(157248K)->39053K(157248K) Eden: 139776K(139776K)->39053K(139776K) From: 17090K(17472K)->0K(17472K)
[15.673s][info][gc,heap        ] GC(392) Tenured: 349050K(349568K)->349447K(349568K)
[15.673s][info][gc,metaspace   ] GC(392) Metaspace: 30727K(31040K)->30727K(31040K) NonClass: 27455K(27584K)->27455K(27584K) Class: 3271K(3456K)->3271K(3456K)
[15.673s][info][gc             ] GC(392) Pause Full (Allocation Failure) 494M->379M(494M) 34.120ms
[15.674s][info][gc,cpu         ] GC(392) User=0.04s Sys=0.00s Real=0.03s
[15.684s][info][gc,start       ] GC(393) Pause Full (Allocation Failure)
[15.684s][info][gc,phases,start] GC(393) Phase 1: Mark live objects
[15.695s][info][gc,phases      ] GC(393) Phase 1: Mark live objects 10.682ms
[15.695s][info][gc,phases,start] GC(393) Phase 2: Compute new object addresses
[15.700s][info][gc,phases      ] GC(393) Phase 2: Compute new object addresses 4.604ms
[15.700s][info][gc,phases,start] GC(393) Phase 3: Adjust pointers
[15.706s][info][gc,phases      ] GC(393) Phase 3: Adjust pointers 6.616ms
[15.706s][info][gc,phases,start] GC(393) Phase 4: Move objects
[15.722s][info][gc,phases      ] GC(393) Phase 4: Move objects 15.781ms
[15.723s][info][gc,heap        ] GC(393) DefNew: 156430K(157248K)->36675K(157248K) Eden: 139776K(139776K)->36675K(139776K) From: 16654K(17472K)->0K(17472K)
[15.723s][info][gc,heap        ] GC(393) Tenured: 349447K(349568K)->349342K(349568K)
[15.723s][info][gc,metaspace   ] GC(393) Metaspace: 30752K(31104K)->30752K(31104K) NonClass: 27480K(27648K)->27480K(27648K) Class: 3271K(3456K)->3271K(3456K)
[15.723s][info][gc             ] GC(393) Pause Full (Allocation Failure) 494M->376M(494M) 38.762ms
[15.723s][info][gc,cpu         ] GC(393) User=0.04s Sys=0.00s Real=0.03s
[15.731s][info][gc,start       ] GC(394) Pause Full (Allocation Failure)
[15.731s][info][gc,phases,start] GC(394) Phase 1: Mark live objects
[15.740s][info][gc,phases      ] GC(394) Phase 1: Mark live objects 9.151ms
[15.740s][info][gc,phases,start] GC(394) Phase 2: Compute new object addresses
[15.744s][info][gc,phases      ] GC(394) Phase 2: Compute new object addresses 3.967ms
[15.744s][info][gc,phases,start] GC(394) Phase 3: Adjust pointers
[15.750s][info][gc,phases      ] GC(394) Phase 3: Adjust pointers 6.063ms
[15.750s][info][gc,phases,start] GC(394) Phase 4: Move objects
[15.767s][info][gc,phases      ] GC(394) Phase 4: Move objects 17.150ms
[15.768s][info][gc,heap        ] GC(394) DefNew: 157142K(157248K)->38930K(157248K) Eden: 139776K(139776K)->38930K(139776K) From: 17366K(17472K)->0K(17472K)
[15.768s][info][gc,heap        ] GC(394) Tenured: 349342K(349568K)->349418K(349568K)
[15.768s][info][gc,metaspace   ] GC(394) Metaspace: 30760K(31104K)->30760K(31104K) NonClass: 27488K(27648K)->27488K(27648K) Class: 3271K(3456K)->3271K(3456K)
[15.768s][info][gc             ] GC(394) Pause Full (Allocation Failure) 494M->379M(494M) 37.377ms
[15.768s][info][gc,cpu         ] GC(394) User=0.04s Sys=0.00s Real=0.04s
[15.774s][info][gc,start       ] GC(395) Pause Full (Allocation Failure)
[15.774s][info][gc,phases,start] GC(395) Phase 1: Mark live objects
[15.783s][info][gc,phases      ] GC(395) Phase 1: Mark live objects 8.832ms
[15.783s][info][gc,phases,start] GC(395) Phase 2: Compute new object addresses
[15.787s][info][gc,phases      ] GC(395) Phase 2: Compute new object addresses 4.098ms
[15.787s][info][gc,phases,start] GC(395) Phase 3: Adjust pointers
[15.794s][info][gc,phases      ] GC(395) Phase 3: Adjust pointers 6.871ms
[15.794s][info][gc,phases,start] GC(395) Phase 4: Move objects
[15.814s][info][gc,phases      ] GC(395) Phase 4: Move objects 19.405ms
[15.815s][info][gc,heap        ] GC(395) DefNew: 157025K(157248K)->22913K(157248K) Eden: 139775K(139776K)->22913K(139776K) From: 17249K(17472K)->0K(17472K)
[15.815s][info][gc,heap        ] GC(395) Tenured: 349418K(349568K)->348753K(349568K)
[15.815s][info][gc,metaspace   ] GC(395) Metaspace: 30760K(31104K)->30760K(31104K) NonClass: 27488K(27648K)->27488K(27648K) Class: 3271K(3456K)->3271K(3456K)
[15.815s][info][gc             ] GC(395) Pause Full (Allocation Failure) 494M->362M(494M) 40.411ms
[15.815s][info][gc,cpu         ] GC(395) User=0.04s Sys=0.00s Real=0.04s
[15.824s][info][gc,start       ] GC(396) Pause Full (Allocation Failure)
[15.825s][info][gc,phases,start] GC(396) Phase 1: Mark live objects
[15.835s][info][gc,phases      ] GC(396) Phase 1: Mark live objects 10.583ms
[15.835s][info][gc,phases,start] GC(396) Phase 2: Compute new object addresses
[15.840s][info][gc,phases      ] GC(396) Phase 2: Compute new object addresses 4.823ms
[15.840s][info][gc,phases,start] GC(396) Phase 3: Adjust pointers
[15.846s][info][gc,phases      ] GC(396) Phase 3: Adjust pointers 6.462ms
[15.847s][info][gc,phases,start] GC(396) Phase 4: Move objects
[15.858s][info][gc,phases      ] GC(396) Phase 4: Move objects 11.711ms
[15.859s][info][gc,heap        ] GC(396) DefNew: 157013K(157248K)->38080K(157248K) Eden: 139776K(139776K)->38080K(139776K) From: 17237K(17472K)->0K(17472K)
[15.859s][info][gc,heap        ] GC(396) Tenured: 349521K(349568K)->349343K(349568K)
[15.859s][info][gc,metaspace   ] GC(396) Metaspace: 30760K(31104K)->30760K(31104K) NonClass: 27488K(27648K)->27488K(27648K) Class: 3271K(3456K)->3271K(3456K)
[15.859s][info][gc             ] GC(396) Pause Full (Allocation Failure) 494M->378M(494M) 34.865ms
[15.859s][info][gc,cpu         ] GC(396) User=0.04s Sys=0.00s Real=0.03s
[15.866s][info][gc,start       ] GC(397) Pause Young (GCLocker Initiated GC)
[15.866s][info][gc,heap        ] GC(397) DefNew: 157035K(157248K)->157035K(157248K) Eden: 139776K(139776K)->139776K(139776K) From: 17259K(17472K)->17259K(17472K)
[15.866s][info][gc,heap        ] GC(397) Tenured: 349343K(349568K)->349343K(349568K)
[15.866s][info][gc,metaspace   ] GC(397) Metaspace: 30760K(31104K)->30760K(31104K) NonClass: 27488K(27648K)->27488K(27648K) Class: 3271K(3456K)->3271K(3456K)
[15.866s][info][gc             ] GC(397) Pause Young (GCLocker Initiated GC) 494M->494M(494M) 0.073ms
[15.866s][info][gc,cpu         ] GC(397) User=0.00s Sys=0.00s Real=0.00s
[15.866s][info][gc,start       ] GC(398) Pause Full (GCLocker Initiated GC)
[15.866s][info][gc,phases,start] GC(398) Phase 1: Mark live objects
[15.877s][info][gc,phases      ] GC(398) Phase 1: Mark live objects 10.615ms
[15.877s][info][gc,phases,start] GC(398) Phase 2: Compute new object addresses
[15.882s][info][gc,phases      ] GC(398) Phase 2: Compute new object addresses 4.660ms
[15.882s][info][gc,phases,start] GC(398) Phase 3: Adjust pointers
[15.889s][info][gc,phases      ] GC(398) Phase 3: Adjust pointers 7.271ms
[15.889s][info][gc,phases,start] GC(398) Phase 4: Move objects
[15.906s][info][gc,phases      ] GC(398) Phase 4: Move objects 16.417ms
[15.906s][info][gc,heap        ] GC(398) DefNew: 157035K(157248K)->39739K(157248K) Eden: 139776K(139776K)->39739K(139776K) From: 17259K(17472K)->0K(17472K)
[15.906s][info][gc,heap        ] GC(398) Tenured: 349343K(349568K)->349346K(349568K)
[15.906s][info][gc,metaspace   ] GC(398) Metaspace: 30760K(31104K)->30760K(31104K) NonClass: 27488K(27648K)->27488K(27648K) Class: 3271K(3456K)->3271K(3456K)
[15.906s][info][gc             ] GC(398) Pause Full (GCLocker Initiated GC) 494M->379M(494M) 40.068ms
[15.906s][info][gc,cpu         ] GC(398) User=0.04s Sys=0.00s Real=0.04s
[15.913s][info][gc,start       ] GC(399) Pause Full (Allocation Failure)
[15.913s][info][gc,phases,start] GC(399) Phase 1: Mark live objects
[15.923s][info][gc,phases      ] GC(399) Phase 1: Mark live objects 9.798ms
[15.923s][info][gc,phases,start] GC(399) Phase 2: Compute new object addresses
[15.927s][info][gc,phases      ] GC(399) Phase 2: Compute new object addresses 4.179ms
[15.927s][info][gc,phases,start] GC(399) Phase 3: Adjust pointers
[15.934s][info][gc,phases      ] GC(399) Phase 3: Adjust pointers 6.925ms
[15.934s][info][gc,phases,start] GC(399) Phase 4: Move objects
[15.956s][info][gc,phases      ] GC(399) Phase 4: Move objects 21.030ms
[15.956s][info][gc,heap        ] GC(399) DefNew: 156849K(157248K)->36665K(157248K) Eden: 139776K(139776K)->36665K(139776K) From: 17073K(17472K)->0K(17472K)
[15.956s][info][gc,heap        ] GC(399) Tenured: 349346K(349568K)->349377K(349568K)
[15.956s][info][gc,metaspace   ] GC(399) Metaspace: 30764K(31104K)->30764K(31104K) NonClass: 27493K(27648K)->27493K(27648K) Class: 3271K(3456K)->3271K(3456K)
[15.957s][info][gc             ] GC(399) Pause Full (Allocation Failure) 494M->376M(494M) 43.173ms
[15.957s][info][gc,cpu         ] GC(399) User=0.05s Sys=0.00s Real=0.05s
[15.968s][info][gc,start       ] GC(400) Pause Full (Allocation Failure)
[15.968s][info][gc,phases,start] GC(400) Phase 1: Mark live objects
[15.978s][info][gc,phases      ] GC(400) Phase 1: Mark live objects 10.185ms
[15.978s][info][gc,phases,start] GC(400) Phase 2: Compute new object addresses
[15.983s][info][gc,phases      ] GC(400) Phase 2: Compute new object addresses 5.301ms
[15.984s][info][gc,phases,start] GC(400) Phase 3: Adjust pointers
[15.992s][info][gc,phases      ] GC(400) Phase 3: Adjust pointers 8.482ms
[15.992s][info][gc,phases,start] GC(400) Phase 4: Move objects
[16.016s][info][gc,phases      ] GC(400) Phase 4: Move objects 24.153ms
[16.017s][info][gc,heap        ] GC(400) DefNew: 157158K(157248K)->18255K(157248K) Eden: 139776K(139776K)->18255K(139776K) From: 17382K(17472K)->0K(17472K)
[16.017s][info][gc,heap        ] GC(400) Tenured: 349377K(349568K)->349404K(349568K)
[16.017s][info][gc,metaspace   ] GC(400) Metaspace: 30764K(31104K)->30764K(31104K) NonClass: 27493K(27648K)->27493K(27648K) Class: 3271K(3456K)->3271K(3456K)
[16.017s][info][gc             ] GC(400) Pause Full (Allocation Failure) 494M->359M(494M) 49.333ms
[16.017s][info][gc,cpu         ] GC(400) User=0.05s Sys=0.00s Real=0.05s
[16.028s][info][gc,start       ] GC(401) Pause Full (Allocation Failure)
[16.028s][info][gc,phases,start] GC(401) Phase 1: Mark live objects
[16.039s][info][gc,phases      ] GC(401) Phase 1: Mark live objects 11.210ms
[16.039s][info][gc,phases,start] GC(401) Phase 2: Compute new object addresses
[16.044s][info][gc,phases      ] GC(401) Phase 2: Compute new object addresses 4.696ms
[16.044s][info][gc,phases,start] GC(401) Phase 3: Adjust pointers
[16.051s][info][gc,phases      ] GC(401) Phase 3: Adjust pointers 7.168ms
[16.051s][info][gc,phases,start] GC(401) Phase 4: Move objects
[16.061s][info][gc,phases      ] GC(401) Phase 4: Move objects 9.593ms
[16.062s][info][gc,heap        ] GC(401) DefNew: 156358K(157248K)->33856K(157248K) Eden: 139776K(139776K)->33856K(139776K) From: 16582K(17472K)->0K(17472K)
[16.062s][info][gc,heap        ] GC(401) Tenured: 349404K(349568K)->349339K(349568K)
[16.062s][info][gc,metaspace   ] GC(401) Metaspace: 30765K(31104K)->30765K(31104K) NonClass: 27493K(27648K)->27493K(27648K) Class: 3271K(3456K)->3271K(3456K)
[16.062s][info][gc             ] GC(401) Pause Full (Allocation Failure) 493M->374M(494M) 33.792ms
[16.062s][info][gc,cpu         ] GC(401) User=0.03s Sys=0.00s Real=0.03s
[16.073s][info][gc,start       ] GC(402) Pause Full (Allocation Failure)
[16.073s][info][gc,phases,start] GC(402) Phase 1: Mark live objects
[16.083s][info][gc,phases      ] GC(402) Phase 1: Mark live objects 9.881ms
[16.083s][info][gc,phases,start] GC(402) Phase 2: Compute new object addresses
[16.087s][info][gc,phases      ] GC(402) Phase 2: Compute new object addresses 4.590ms
[16.088s][info][gc,phases,start] GC(402) Phase 3: Adjust pointers
[16.095s][info][gc,phases      ] GC(402) Phase 3: Adjust pointers 7.338ms
[16.095s][info][gc,phases,start] GC(402) Phase 4: Move objects
[16.112s][info][gc,phases      ] GC(402) Phase 4: Move objects 17.451ms
[16.113s][info][gc,heap        ] GC(402) DefNew: 156571K(157248K)->36647K(157248K) Eden: 139776K(139776K)->36647K(139776K) From: 16795K(17472K)->0K(17472K)
[16.113s][info][gc,heap        ] GC(402) Tenured: 349339K(349568K)->349398K(349568K)
[16.113s][info][gc,metaspace   ] GC(402) Metaspace: 30773K(31104K)->30773K(31104K) NonClass: 27501K(27648K)->27501K(27648K) Class: 3271K(3456K)->3271K(3456K)
[16.113s][info][gc             ] GC(402) Pause Full (Allocation Failure) 494M->376M(494M) 40.489ms
[16.113s][info][gc,cpu         ] GC(402) User=0.04s Sys=0.00s Real=0.04s
[16.124s][info][gc,start       ] GC(403) Pause Full (Allocation Failure)
[16.124s][info][gc,phases,start] GC(403) Phase 1: Mark live objects
[16.137s][info][gc,phases      ] GC(403) Phase 1: Mark live objects 12.924ms
[16.137s][info][gc,phases,start] GC(403) Phase 2: Compute new object addresses
[16.142s][info][gc,phases      ] GC(403) Phase 2: Compute new object addresses 5.047ms
[16.142s][info][gc,phases,start] GC(403) Phase 3: Adjust pointers
[16.149s][info][gc,phases      ] GC(403) Phase 3: Adjust pointers 7.204ms
[16.149s][info][gc,phases,start] GC(403) Phase 4: Move objects
[16.169s][info][gc,phases      ] GC(403) Phase 4: Move objects 19.394ms
[16.170s][info][gc,heap        ] GC(403) DefNew: 157055K(157248K)->33941K(157248K) Eden: 139776K(139776K)->33941K(139776K) From: 17279K(17472K)->0K(17472K)
[16.170s][info][gc,heap        ] GC(403) Tenured: 349398K(349568K)->349426K(349568K)
[16.170s][info][gc,metaspace   ] GC(403) Metaspace: 30773K(31104K)->30773K(31104K) NonClass: 27501K(27648K)->27501K(27648K) Class: 3271K(3456K)->3271K(3456K)
[16.170s][info][gc             ] GC(403) Pause Full (Allocation Failure) 494M->374M(494M) 45.874ms
[16.170s][info][gc,cpu         ] GC(403) User=0.04s Sys=0.00s Real=0.04s
[16.180s][info][gc,start       ] GC(404) Pause Full (Allocation Failure)
[16.180s][info][gc,phases,start] GC(404) Phase 1: Mark live objects
[16.190s][info][gc,phases      ] GC(404) Phase 1: Mark live objects 9.701ms
[16.190s][info][gc,phases,start] GC(404) Phase 2: Compute new object addresses
[16.194s][info][gc,phases      ] GC(404) Phase 2: Compute new object addresses 4.582ms
[16.195s][info][gc,phases,start] GC(404) Phase 3: Adjust pointers
[16.201s][info][gc,phases      ] GC(404) Phase 3: Adjust pointers 6.630ms
[16.201s][info][gc,phases,start] GC(404) Phase 4: Move objects
[16.221s][info][gc,phases      ] GC(404) Phase 4: Move objects 20.254ms
[16.222s][info][gc,heap        ] GC(404) DefNew: 156285K(157248K)->14725K(157248K) Eden: 139776K(139776K)->14725K(139776K) From: 16509K(17472K)->0K(17472K)
[16.222s][info][gc,heap        ] GC(404) Tenured: 349426K(349568K)->349449K(349568K)
[16.222s][info][gc,metaspace   ] GC(404) Metaspace: 30773K(31104K)->30773K(31104K) NonClass: 27501K(27648K)->27501K(27648K) Class: 3271K(3456K)->3271K(3456K)
[16.222s][info][gc             ] GC(404) Pause Full (Allocation Failure) 493M->355M(494M) 42.237ms
[16.222s][info][gc,cpu         ] GC(404) User=0.05s Sys=0.00s Real=0.04s
[16.233s][info][gc,start       ] GC(405) Pause Full (Allocation Failure)
[16.233s][info][gc,phases,start] GC(405) Phase 1: Mark live objects
[16.243s][info][gc,phases      ] GC(405) Phase 1: Mark live objects 10.318ms
[16.243s][info][gc,phases,start] GC(405) Phase 2: Compute new object addresses
[16.248s][info][gc,phases      ] GC(405) Phase 2: Compute new object addresses 5.064ms
[16.248s][info][gc,phases,start] GC(405) Phase 3: Adjust pointers
[16.255s][info][gc,phases      ] GC(405) Phase 3: Adjust pointers 6.521ms
[16.255s][info][gc,phases,start] GC(405) Phase 4: Move objects
[16.265s][info][gc,phases      ] GC(405) Phase 4: Move objects 10.142ms
[16.266s][info][gc,heap        ] GC(405) DefNew: 156783K(157248K)->32954K(157248K) Eden: 139776K(139776K)->32954K(139776K) From: 17007K(17472K)->0K(17472K)
[16.266s][info][gc,heap        ] GC(405) Tenured: 349449K(349568K)->349501K(349568K)
[16.266s][info][gc,metaspace   ] GC(405) Metaspace: 30787K(31104K)->30787K(31104K) NonClass: 27515K(27648K)->27515K(27648K) Class: 3271K(3456K)->3271K(3456K)
[16.266s][info][gc             ] GC(405) Pause Full (Allocation Failure) 494M->373M(494M) 33.161ms
[16.266s][info][gc,cpu         ] GC(405) User=0.03s Sys=0.00s Real=0.04s
[16.276s][info][gc,start       ] GC(406) Pause Full (Allocation Failure)
[16.276s][info][gc,phases,start] GC(406) Phase 1: Mark live objects
[16.285s][info][gc,phases      ] GC(406) Phase 1: Mark live objects 9.250ms
[16.285s][info][gc,phases,start] GC(406) Phase 2: Compute new object addresses
[16.290s][info][gc,phases      ] GC(406) Phase 2: Compute new object addresses 4.466ms
[16.290s][info][gc,phases,start] GC(406) Phase 3: Adjust pointers
[16.296s][info][gc,phases      ] GC(406) Phase 3: Adjust pointers 6.149ms
[16.296s][info][gc,phases,start] GC(406) Phase 4: Move objects
[16.311s][info][gc,phases      ] GC(406) Phase 4: Move objects 15.198ms
[16.312s][info][gc,heap        ] GC(406) DefNew: 157088K(157248K)->32404K(157248K) Eden: 139776K(139776K)->32404K(139776K) From: 17312K(17472K)->0K(17472K)
[16.312s][info][gc,heap        ] GC(406) Tenured: 349501K(349568K)->349382K(349568K)
[16.312s][info][gc,metaspace   ] GC(406) Metaspace: 30787K(31104K)->30787K(31104K) NonClass: 27515K(27648K)->27515K(27648K) Class: 3271K(3456K)->3271K(3456K)
[16.312s][info][gc             ] GC(406) Pause Full (Allocation Failure) 494M->372M(494M) 36.149ms
[16.312s][info][gc,cpu         ] GC(406) User=0.04s Sys=0.00s Real=0.03s
[16.322s][info][gc,start       ] GC(407) Pause Full (Allocation Failure)
[16.322s][info][gc,phases,start] GC(407) Phase 1: Mark live objects
[16.332s][info][gc,phases      ] GC(407) Phase 1: Mark live objects 10.299ms
[16.332s][info][gc,phases,start] GC(407) Phase 2: Compute new object addresses
[16.337s][info][gc,phases      ] GC(407) Phase 2: Compute new object addresses 4.408ms
[16.337s][info][gc,phases,start] GC(407) Phase 3: Adjust pointers
[16.343s][info][gc,phases      ] GC(407) Phase 3: Adjust pointers 6.157ms
[16.343s][info][gc,phases,start] GC(407) Phase 4: Move objects
[16.359s][info][gc,phases      ] GC(407) Phase 4: Move objects 15.928ms
[16.360s][info][gc,heap        ] GC(407) DefNew: 157075K(157248K)->32315K(157248K) Eden: 139776K(139776K)->32315K(139776K) From: 17299K(17472K)->0K(17472K)
[16.360s][info][gc,heap        ] GC(407) Tenured: 349382K(349568K)->349342K(349568K)
[16.360s][info][gc,metaspace   ] GC(407) Metaspace: 30787K(31104K)->30787K(31104K) NonClass: 27515K(27648K)->27515K(27648K) Class: 3271K(3456K)->3271K(3456K)
[16.360s][info][gc             ] GC(407) Pause Full (Allocation Failure) 494M->372M(494M) 37.862ms
[16.360s][info][gc,cpu         ] GC(407) User=0.03s Sys=0.01s Real=0.04s
[16.370s][info][gc,start       ] GC(408) Pause Full (Allocation Failure)
[16.370s][info][gc,phases,start] GC(408) Phase 1: Mark live objects
[16.379s][info][gc,phases      ] GC(408) Phase 1: Mark live objects 8.777ms
[16.379s][info][gc,phases,start] GC(408) Phase 2: Compute new object addresses
[16.384s][info][gc,phases      ] GC(408) Phase 2: Compute new object addresses 4.679ms
[16.384s][info][gc,phases,start] GC(408) Phase 3: Adjust pointers
[16.392s][info][gc,phases      ] GC(408) Phase 3: Adjust pointers 8.288ms
[16.392s][info][gc,phases,start] GC(408) Phase 4: Move objects
[16.413s][info][gc,phases      ] GC(408) Phase 4: Move objects 20.524ms
[16.414s][info][gc,heap        ] GC(408) DefNew: 156620K(157248K)->10030K(157248K) Eden: 139776K(139776K)->10030K(139776K) From: 16844K(17472K)->0K(17472K)
[16.414s][info][gc,heap        ] GC(408) Tenured: 349342K(349568K)->349399K(349568K)
[16.414s][info][gc,metaspace   ] GC(408) Metaspace: 30790K(31104K)->30790K(31104K) NonClass: 27519K(27648K)->27519K(27648K) Class: 3271K(3456K)->3271K(3456K)
[16.414s][info][gc             ] GC(408) Pause Full (Allocation Failure) 494M->351M(494M) 43.431ms
[16.414s][info][gc,cpu         ] GC(408) User=0.04s Sys=0.00s Real=0.04s
[16.424s][info][gc,start       ] GC(409) Pause Full (Allocation Failure)
[16.424s][info][gc,phases,start] GC(409) Phase 1: Mark live objects
[16.434s][info][gc,phases      ] GC(409) Phase 1: Mark live objects 9.842ms
[16.434s][info][gc,phases,start] GC(409) Phase 2: Compute new object addresses
[16.439s][info][gc,phases      ] GC(409) Phase 2: Compute new object addresses 5.071ms
[16.439s][info][gc,phases,start] GC(409) Phase 3: Adjust pointers
[16.446s][info][gc,phases      ] GC(409) Phase 3: Adjust pointers 6.859ms
[16.446s][info][gc,phases,start] GC(409) Phase 4: Move objects
[16.456s][info][gc,phases      ] GC(409) Phase 4: Move objects 10.243ms
[16.457s][info][gc,heap        ] GC(409) DefNew: 157030K(157248K)->27428K(157248K) Eden: 139776K(139776K)->27428K(139776K) From: 17254K(17472K)->0K(17472K)
[16.457s][info][gc,heap        ] GC(409) Tenured: 349399K(349568K)->349338K(349568K)
[16.457s][info][gc,metaspace   ] GC(409) Metaspace: 30790K(31104K)->30790K(31104K) NonClass: 27519K(27648K)->27519K(27648K) Class: 3271K(3456K)->3271K(3456K)
[16.457s][info][gc             ] GC(409) Pause Full (Allocation Failure) 494M->367M(494M) 32.985ms
[16.457s][info][gc,cpu         ] GC(409) User=0.03s Sys=0.00s Real=0.03s
[16.468s][info][gc,start       ] GC(410) Pause Full (Allocation Failure)
[16.468s][info][gc,phases,start] GC(410) Phase 1: Mark live objects
[16.477s][info][gc,phases      ] GC(410) Phase 1: Mark live objects 9.185ms
[16.477s][info][gc,phases,start] GC(410) Phase 2: Compute new object addresses
[16.482s][info][gc,phases      ] GC(410) Phase 2: Compute new object addresses 4.775ms
[16.482s][info][gc,phases,start] GC(410) Phase 3: Adjust pointers
[16.488s][info][gc,phases      ] GC(410) Phase 3: Adjust pointers 6.452ms
[16.489s][info][gc,phases,start] GC(410) Phase 4: Move objects
[16.502s][info][gc,phases      ] GC(410) Phase 4: Move objects 13.980ms
[16.503s][info][gc,heap        ] GC(410) DefNew: 157112K(157248K)->24470K(157248K) Eden: 139776K(139776K)->24470K(139776K) From: 17336K(17472K)->0K(17472K)
[16.503s][info][gc,heap        ] GC(410) Tenured: 349338K(349568K)->349500K(349568K)
[16.503s][info][gc,metaspace   ] GC(410) Metaspace: 30790K(31104K)->30790K(31104K) NonClass: 27519K(27648K)->27519K(27648K) Class: 3271K(3456K)->3271K(3456K)
[16.503s][info][gc             ] GC(410) Pause Full (Allocation Failure) 494M->365M(494M) 35.393ms
[16.503s][info][gc,cpu         ] GC(410) User=0.03s Sys=0.00s Real=0.03s
[16.514s][info][gc,start       ] GC(411) Pause Full (Allocation Failure)
[16.514s][info][gc,phases,start] GC(411) Phase 1: Mark live objects
[16.523s][info][gc,phases      ] GC(411) Phase 1: Mark live objects 9.096ms
[16.523s][info][gc,phases,start] GC(411) Phase 2: Compute new object addresses
[16.527s][info][gc,phases      ] GC(411) Phase 2: Compute new object addresses 4.084ms
[16.527s][info][gc,phases,start] GC(411) Phase 3: Adjust pointers
[16.533s][info][gc,phases      ] GC(411) Phase 3: Adjust pointers 5.743ms
[16.533s][info][gc,phases,start] GC(411) Phase 4: Move objects
[16.548s][info][gc,phases      ] GC(411) Phase 4: Move objects 14.808ms
[16.549s][info][gc,heap        ] GC(411) DefNew: 156567K(157248K)->23672K(157248K) Eden: 139776K(139776K)->23672K(139776K) From: 16791K(17472K)->0K(17472K)
[16.549s][info][gc,heap        ] GC(411) Tenured: 349500K(349568K)->349419K(349568K)
[16.549s][info][gc,metaspace   ] GC(411) Metaspace: 30790K(31104K)->30790K(31104K) NonClass: 27519K(27648K)->27519K(27648K) Class: 3271K(3456K)->3271K(3456K)
[16.549s][info][gc             ] GC(411) Pause Full (Allocation Failure) 494M->364M(494M) 34.907ms
[16.549s][info][gc,cpu         ] GC(411) User=0.04s Sys=0.00s Real=0.04s
[16.559s][info][gc,start       ] GC(412) Pause Full (Allocation Failure)
[16.560s][info][gc,phases,start] GC(412) Phase 1: Mark live objects
[16.569s][info][gc,phases      ] GC(412) Phase 1: Mark live objects 9.248ms
[16.569s][info][gc,phases,start] GC(412) Phase 2: Compute new object addresses
[16.573s][info][gc,phases      ] GC(412) Phase 2: Compute new object addresses 4.477ms
[16.573s][info][gc,phases,start] GC(412) Phase 3: Adjust pointers
[16.581s][info][gc,phases      ] GC(412) Phase 3: Adjust pointers 7.241ms
[16.581s][info][gc,phases,start] GC(412) Phase 4: Move objects
[16.599s][info][gc,phases      ] GC(412) Phase 4: Move objects 17.860ms
[16.599s][info][gc,heap        ] GC(412) DefNew: 156342K(157248K)->3074K(157248K) Eden: 139776K(139776K)->3074K(139776K) From: 16566K(17472K)->0K(17472K)
[16.599s][info][gc,heap        ] GC(412) Tenured: 349419K(349568K)->349308K(349568K)
[16.599s][info][gc,metaspace   ] GC(412) Metaspace: 30792K(31104K)->30792K(31104K) NonClass: 27520K(27648K)->27520K(27648K) Class: 3271K(3456K)->3271K(3456K)
[16.599s][info][gc             ] GC(412) Pause Full (Allocation Failure) 493M->344M(494M) 39.904ms
[16.599s][info][gc,cpu         ] GC(412) User=0.04s Sys=0.00s Real=0.04s
[16.610s][info][gc,start       ] GC(413) Pause Full (Allocation Failure)
[16.610s][info][gc,phases,start] GC(413) Phase 1: Mark live objects
[16.623s][info][gc,phases      ] GC(413) Phase 1: Mark live objects 12.541ms
[16.623s][info][gc,phases,start] GC(413) Phase 2: Compute new object addresses
[16.628s][info][gc,phases      ] GC(413) Phase 2: Compute new object addresses 4.995ms
[16.628s][info][gc,phases,start] GC(413) Phase 3: Adjust pointers
[16.635s][info][gc,phases      ] GC(413) Phase 3: Adjust pointers 7.310ms
[16.635s][info][gc,phases,start] GC(413) Phase 4: Move objects
[16.648s][info][gc,phases      ] GC(413) Phase 4: Move objects 13.243ms
[16.649s][info][gc,heap        ] GC(413) DefNew: 156798K(157248K)->31865K(157248K) Eden: 139776K(139776K)->31865K(139776K) From: 17022K(17472K)->0K(17472K)
[16.649s][info][gc,heap        ] GC(413) Tenured: 349308K(349568K)->349155K(349568K)
[16.649s][info][gc,metaspace   ] GC(413) Metaspace: 30792K(31104K)->30792K(31104K) NonClass: 27520K(27648K)->27520K(27648K) Class: 3271K(3456K)->3271K(3456K)
[16.649s][info][gc             ] GC(413) Pause Full (Allocation Failure) 494M->372M(494M) 39.344ms
[16.649s][info][gc,cpu         ] GC(413) User=0.04s Sys=0.00s Real=0.04s
[16.656s][info][gc,start       ] GC(414) Pause Full (Allocation Failure)
[16.656s][info][gc,phases,start] GC(414) Phase 1: Mark live objects
[16.667s][info][gc,phases      ] GC(414) Phase 1: Mark live objects 11.232ms
[16.667s][info][gc,phases,start] GC(414) Phase 2: Compute new object addresses
[16.673s][info][gc,phases      ] GC(414) Phase 2: Compute new object addresses 5.968ms
[16.673s][info][gc,phases,start] GC(414) Phase 3: Adjust pointers
[16.682s][info][gc,phases      ] GC(414) Phase 3: Adjust pointers 8.958ms
[16.682s][info][gc,phases,start] GC(414) Phase 4: Move objects
[16.702s][info][gc,phases      ] GC(414) Phase 4: Move objects 19.540ms
[16.703s][info][gc,heap        ] GC(414) DefNew: 156808K(157248K)->34609K(157248K) Eden: 139776K(139776K)->34609K(139776K) From: 17032K(17472K)->0K(17472K)
[16.703s][info][gc,heap        ] GC(414) Tenured: 349155K(349568K)->349567K(349568K)
[16.703s][info][gc,metaspace   ] GC(414) Metaspace: 30792K(31104K)->30792K(31104K) NonClass: 27520K(27648K)->27520K(27648K) Class: 3271K(3456K)->3271K(3456K)
[16.703s][info][gc             ] GC(414) Pause Full (Allocation Failure) 494M->375M(494M) 46.904ms
[16.703s][info][gc,cpu         ] GC(414) User=0.05s Sys=0.00s Real=0.04s
[16.710s][info][gc,start       ] GC(415) Pause Full (Allocation Failure)
[16.710s][info][gc,phases,start] GC(415) Phase 1: Mark live objects
[16.719s][info][gc,phases      ] GC(415) Phase 1: Mark live objects 9.747ms
[16.719s][info][gc,phases,start] GC(415) Phase 2: Compute new object addresses
[16.724s][info][gc,phases      ] GC(415) Phase 2: Compute new object addresses 4.260ms
[16.724s][info][gc,phases,start] GC(415) Phase 3: Adjust pointers
[16.730s][info][gc,phases      ] GC(415) Phase 3: Adjust pointers 6.064ms
[16.730s][info][gc,phases,start] GC(415) Phase 4: Move objects
[16.745s][info][gc,phases      ] GC(415) Phase 4: Move objects 14.808ms
[16.745s][info][gc,heap        ] GC(415) DefNew: 156998K(157248K)->35518K(157248K) Eden: 139776K(139776K)->35518K(139776K) From: 17222K(17472K)->0K(17472K)
[16.745s][info][gc,heap        ] GC(415) Tenured: 349567K(349568K)->349463K(349568K)
[16.745s][info][gc,metaspace   ] GC(415) Metaspace: 30792K(31104K)->30792K(31104K) NonClass: 27520K(27648K)->27520K(27648K) Class: 3271K(3456K)->3271K(3456K)
[16.745s][info][gc             ] GC(415) Pause Full (Allocation Failure) 494M->375M(494M) 35.935ms
[16.745s][info][gc,cpu         ] GC(415) User=0.04s Sys=0.00s Real=0.04s
[16.752s][info][gc,start       ] GC(416) Pause Full (Allocation Failure)
[16.752s][info][gc,phases,start] GC(416) Phase 1: Mark live objects
[16.761s][info][gc,phases      ] GC(416) Phase 1: Mark live objects 9.792ms
[16.762s][info][gc,phases,start] GC(416) Phase 2: Compute new object addresses
[16.766s][info][gc,phases      ] GC(416) Phase 2: Compute new object addresses 4.006ms
[16.766s][info][gc,phases,start] GC(416) Phase 3: Adjust pointers
[16.772s][info][gc,phases      ] GC(416) Phase 3: Adjust pointers 5.943ms
[16.772s][info][gc,phases,start] GC(416) Phase 4: Move objects
[16.790s][info][gc,phases      ] GC(416) Phase 4: Move objects 18.841ms
[16.791s][info][gc,heap        ] GC(416) DefNew: 157120K(157248K)->18273K(157248K) Eden: 139776K(139776K)->18273K(139776K) From: 17344K(17472K)->0K(17472K)
[16.791s][info][gc,heap        ] GC(416) Tenured: 349463K(349568K)->349382K(349568K)
[16.791s][info][gc,metaspace   ] GC(416) Metaspace: 30792K(31104K)->30792K(31104K) NonClass: 27520K(27648K)->27520K(27648K) Class: 3271K(3456K)->3271K(3456K)
[16.791s][info][gc             ] GC(416) Pause Full (Allocation Failure) 494M->359M(494M) 39.681ms
[16.791s][info][gc,cpu         ] GC(416) User=0.04s Sys=0.00s Real=0.04s
[16.799s][info][gc,start       ] GC(417) Pause Full (Allocation Failure)
[16.799s][info][gc,phases,start] GC(417) Phase 1: Mark live objects
[16.809s][info][gc,phases      ] GC(417) Phase 1: Mark live objects 9.673ms
[16.809s][info][gc,phases,start] GC(417) Phase 2: Compute new object addresses
[16.814s][info][gc,phases      ] GC(417) Phase 2: Compute new object addresses 4.791ms
[16.814s][info][gc,phases,start] GC(417) Phase 3: Adjust pointers
[16.822s][info][gc,phases      ] GC(417) Phase 3: Adjust pointers 8.092ms
[16.822s][info][gc,phases,start] GC(417) Phase 4: Move objects
[16.831s][info][gc,phases      ] GC(417) Phase 4: Move objects 9.510ms
[16.833s][info][gc,heap        ] GC(417) DefNew: 157099K(157248K)->36762K(157248K) Eden: 139776K(139776K)->36762K(139776K) From: 17323K(17472K)->0K(17472K)
[16.833s][info][gc,heap        ] GC(417) Tenured: 349382K(349568K)->349348K(349568K)
[16.833s][info][gc,metaspace   ] GC(417) Metaspace: 30792K(31104K)->30792K(31104K) NonClass: 27520K(27648K)->27520K(27648K) Class: 3271K(3456K)->3271K(3456K)
[16.833s][info][gc             ] GC(417) Pause Full (Allocation Failure) 494M->377M(494M) 33.921ms
[16.833s][info][gc,cpu         ] GC(417) User=0.03s Sys=0.00s Real=0.03s
[16.840s][info][gc,start       ] GC(418) Pause Full (Allocation Failure)
[16.840s][info][gc,phases,start] GC(418) Phase 1: Mark live objects
[16.849s][info][gc,phases      ] GC(418) Phase 1: Mark live objects 9.811ms
[16.849s][info][gc,phases,start] GC(418) Phase 2: Compute new object addresses
[16.854s][info][gc,phases      ] GC(418) Phase 2: Compute new object addresses 4.395ms
[16.854s][info][gc,phases,start] GC(418) Phase 3: Adjust pointers
[16.860s][info][gc,phases      ] GC(418) Phase 3: Adjust pointers 6.376ms
[16.860s][info][gc,phases,start] GC(418) Phase 4: Move objects
[16.875s][info][gc,phases      ] GC(418) Phase 4: Move objects 14.600ms
[16.876s][info][gc,heap        ] GC(418) DefNew: 156996K(157248K)->38489K(157248K) Eden: 139776K(139776K)->38489K(139776K) From: 17220K(17472K)->0K(17472K)
[16.876s][info][gc,heap        ] GC(418) Tenured: 349348K(349568K)->349566K(349568K)
[16.876s][info][gc,metaspace   ] GC(418) Metaspace: 30792K(31104K)->30792K(31104K) NonClass: 27520K(27648K)->27520K(27648K) Class: 3271K(3456K)->3271K(3456K)
[16.876s][info][gc             ] GC(418) Pause Full (Allocation Failure) 494M->378M(494M) 36.293ms
[16.876s][info][gc,cpu         ] GC(418) User=0.03s Sys=0.00s Real=0.04s
[16.886s][info][gc,start       ] GC(419) Pause Full (Allocation Failure)
[16.886s][info][gc,phases,start] GC(419) Phase 1: Mark live objects
[16.896s][info][gc,phases      ] GC(419) Phase 1: Mark live objects 9.947ms
[16.896s][info][gc,phases,start] GC(419) Phase 2: Compute new object addresses
[16.901s][info][gc,phases      ] GC(419) Phase 2: Compute new object addresses 4.654ms
[16.901s][info][gc,phases,start] GC(419) Phase 3: Adjust pointers
[16.908s][info][gc,phases      ] GC(419) Phase 3: Adjust pointers 6.739ms
[16.908s][info][gc,phases,start] GC(419) Phase 4: Move objects
[16.924s][info][gc,phases      ] GC(419) Phase 4: Move objects 15.947ms
[16.925s][info][gc,heap        ] GC(419) DefNew: 156291K(157248K)->32402K(157248K) Eden: 139776K(139776K)->32402K(139776K) From: 16515K(17472K)->0K(17472K)
[16.925s][info][gc,heap        ] GC(419) Tenured: 349566K(349568K)->349389K(349568K)
[16.925s][info][gc,metaspace   ] GC(419) Metaspace: 30792K(31104K)->30792K(31104K) NonClass: 27520K(27648K)->27520K(27648K) Class: 3271K(3456K)->3271K(3456K)
[16.925s][info][gc             ] GC(419) Pause Full (Allocation Failure) 494M->372M(494M) 38.450ms
[16.925s][info][gc,cpu         ] GC(419) User=0.04s Sys=0.00s Real=0.04s
[16.935s][info][gc,start       ] GC(420) Pause Full (Allocation Failure)
[16.935s][info][gc,phases,start] GC(420) Phase 1: Mark live objects
[16.944s][info][gc,phases      ] GC(420) Phase 1: Mark live objects 9.362ms
[16.944s][info][gc,phases,start] GC(420) Phase 2: Compute new object addresses
[16.949s][info][gc,phases      ] GC(420) Phase 2: Compute new object addresses 4.811ms
[16.949s][info][gc,phases,start] GC(420) Phase 3: Adjust pointers
[16.956s][info][gc,phases      ] GC(420) Phase 3: Adjust pointers 6.945ms
[16.956s][info][gc,phases,start] GC(420) Phase 4: Move objects
[16.973s][info][gc,phases      ] GC(420) Phase 4: Move objects 17.425ms
[16.974s][info][gc,heap        ] GC(420) DefNew: 157043K(157248K)->14927K(157248K) Eden: 139776K(139776K)->14927K(139776K) From: 17267K(17472K)->0K(17472K)
[16.974s][info][gc,heap        ] GC(420) Tenured: 349389K(349568K)->349467K(349568K)
[16.974s][info][gc,metaspace   ] GC(420) Metaspace: 30798K(31104K)->30798K(31104K) NonClass: 27527K(27648K)->27527K(27648K) Class: 3271K(3456K)->3271K(3456K)
[16.974s][info][gc             ] GC(420) Pause Full (Allocation Failure) 494M->355M(494M) 39.525ms
[16.974s][info][gc,cpu         ] GC(420) User=0.04s Sys=0.00s Real=0.04s
[16.981s][info][gc,start       ] GC(421) Pause Full (Allocation Failure)
[16.981s][info][gc,phases,start] GC(421) Phase 1: Mark live objects
[16.992s][info][gc,phases      ] GC(421) Phase 1: Mark live objects 11.076ms
[16.992s][info][gc,phases,start] GC(421) Phase 2: Compute new object addresses
[16.997s][info][gc,phases      ] GC(421) Phase 2: Compute new object addresses 4.242ms
[16.997s][info][gc,phases,start] GC(421) Phase 3: Adjust pointers
[17.003s][info][gc,phases      ] GC(421) Phase 3: Adjust pointers 6.095ms
[17.003s][info][gc,phases,start] GC(421) Phase 4: Move objects
[17.006s][info][gc,phases      ] GC(421) Phase 4: Move objects 3.562ms
[17.007s][info][gc,heap        ] GC(421) DefNew: 157030K(157248K)->36023K(157248K) Eden: 139776K(139776K)->36023K(139776K) From: 17254K(17472K)->0K(17472K)
[17.007s][info][gc,heap        ] GC(421) Tenured: 349467K(349568K)->349465K(349568K)
[17.007s][info][gc,metaspace   ] GC(421) Metaspace: 30798K(31104K)->30798K(31104K) NonClass: 27527K(27648K)->27527K(27648K) Class: 3271K(3456K)->3271K(3456K)
[17.007s][info][gc             ] GC(421) Pause Full (Allocation Failure) 494M->376M(494M) 25.970ms
[17.007s][info][gc,cpu         ] GC(421) User=0.03s Sys=0.00s Real=0.03s
[17.017s][info][gc,start       ] GC(422) Pause Full (Allocation Failure)
[17.017s][info][gc,phases,start] GC(422) Phase 1: Mark live objects
[17.026s][info][gc,phases      ] GC(422) Phase 1: Mark live objects 9.048ms
[17.027s][info][gc,phases,start] GC(422) Phase 2: Compute new object addresses
[17.031s][info][gc,phases      ] GC(422) Phase 2: Compute new object addresses 4.623ms
[17.031s][info][gc,phases,start] GC(422) Phase 3: Adjust pointers
[17.038s][info][gc,phases      ] GC(422) Phase 3: Adjust pointers 6.503ms
[17.038s][info][gc,phases,start] GC(422) Phase 4: Move objects
[17.053s][info][gc,phases      ] GC(422) Phase 4: Move objects 15.198ms
[17.054s][info][gc,heap        ] GC(422) DefNew: 157181K(157248K)->32412K(157248K) Eden: 139776K(139776K)->32412K(139776K) From: 17405K(17472K)->0K(17472K)
[17.054s][info][gc,heap        ] GC(422) Tenured: 349465K(349568K)->349348K(349568K)
[17.054s][info][gc,metaspace   ] GC(422) Metaspace: 30798K(31104K)->30798K(31104K) NonClass: 27527K(27648K)->27527K(27648K) Class: 3271K(3456K)->3271K(3456K)
[17.054s][info][gc             ] GC(422) Pause Full (Allocation Failure) 494M->372M(494M) 36.563ms
[17.054s][info][gc,cpu         ] GC(422) User=0.03s Sys=0.00s Real=0.03s
[17.064s][info][gc,start       ] GC(423) Pause Full (Allocation Failure)
[17.065s][info][gc,phases,start] GC(423) Phase 1: Mark live objects
[17.077s][info][gc,phases      ] GC(423) Phase 1: Mark live objects 12.732ms
[17.077s][info][gc,phases,start] GC(423) Phase 2: Compute new object addresses
[17.082s][info][gc,phases      ] GC(423) Phase 2: Compute new object addresses 4.616ms
[17.082s][info][gc,phases,start] GC(423) Phase 3: Adjust pointers
[17.089s][info][gc,phases      ] GC(423) Phase 3: Adjust pointers 6.614ms
[17.089s][info][gc,phases,start] GC(423) Phase 4: Move objects
[17.103s][info][gc,phases      ] GC(423) Phase 4: Move objects 14.582ms
[17.104s][info][gc,heap        ] GC(423) DefNew: 157067K(157248K)->29493K(157248K) Eden: 139776K(139776K)->29493K(139776K) From: 17291K(17472K)->0K(17472K)
[17.104s][info][gc,heap        ] GC(423) Tenured: 349348K(349568K)->349312K(349568K)
[17.104s][info][gc,metaspace   ] GC(423) Metaspace: 30799K(31104K)->30799K(31104K) NonClass: 27527K(27648K)->27527K(27648K) Class: 3271K(3456K)->3271K(3456K)
[17.104s][info][gc             ] GC(423) Pause Full (Allocation Failure) 494M->369M(494M) 39.674ms
[17.104s][info][gc,cpu         ] GC(423) User=0.01s Sys=0.03s Real=0.04s
[17.115s][info][gc,start       ] GC(424) Pause Full (Allocation Failure)
[17.115s][info][gc,phases,start] GC(424) Phase 1: Mark live objects
[17.124s][info][gc,phases      ] GC(424) Phase 1: Mark live objects 9.556ms
[17.124s][info][gc,phases,start] GC(424) Phase 2: Compute new object addresses
[17.129s][info][gc,phases      ] GC(424) Phase 2: Compute new object addresses 4.334ms
[17.129s][info][gc,phases,start] GC(424) Phase 3: Adjust pointers
[17.136s][info][gc,phases      ] GC(424) Phase 3: Adjust pointers 6.989ms
[17.136s][info][gc,phases,start] GC(424) Phase 4: Move objects
[17.165s][info][gc,phases      ] GC(424) Phase 4: Move objects 29.106ms
[17.166s][info][gc,heap        ] GC(424) DefNew: 157098K(157248K)->9520K(157248K) Eden: 139776K(139776K)->9520K(139776K) From: 17322K(17472K)->0K(17472K)
[17.166s][info][gc,heap        ] GC(424) Tenured: 349312K(349568K)->349519K(349568K)
[17.166s][info][gc,metaspace   ] GC(424) Metaspace: 30810K(31104K)->30810K(31104K) NonClass: 27538K(27648K)->27538K(27648K) Class: 3272K(3456K)->3272K(3456K)
[17.166s][info][gc             ] GC(424) Pause Full (Allocation Failure) 494M->350M(494M) 51.177ms
[17.166s][info][gc,cpu         ] GC(424) User=0.05s Sys=0.00s Real=0.06s
[17.176s][info][gc,start       ] GC(425) Pause Full (Allocation Failure)
[17.176s][info][gc,phases,start] GC(425) Phase 1: Mark live objects
[17.187s][info][gc,phases      ] GC(425) Phase 1: Mark live objects 10.408ms
[17.187s][info][gc,phases,start] GC(425) Phase 2: Compute new object addresses
[17.192s][info][gc,phases      ] GC(425) Phase 2: Compute new object addresses 5.226ms
[17.192s][info][gc,phases,start] GC(425) Phase 3: Adjust pointers
[17.199s][info][gc,phases      ] GC(425) Phase 3: Adjust pointers 6.442ms
[17.199s][info][gc,phases,start] GC(425) Phase 4: Move objects
[17.206s][info][gc,phases      ] GC(425) Phase 4: Move objects 7.476ms
[17.207s][info][gc,heap        ] GC(425) DefNew: 156750K(157248K)->27025K(157248K) Eden: 139776K(139776K)->27025K(139776K) From: 16974K(17472K)->0K(17472K)
[17.207s][info][gc,heap        ] GC(425) Tenured: 349519K(349568K)->349347K(349568K)
[17.207s][info][gc,metaspace   ] GC(425) Metaspace: 30810K(31104K)->30810K(31104K) NonClass: 27538K(27648K)->27538K(27648K) Class: 3272K(3456K)->3272K(3456K)
[17.207s][info][gc             ] GC(425) Pause Full (Allocation Failure) 494M->367M(494M) 30.582ms
[17.207s][info][gc,cpu         ] GC(425) User=0.03s Sys=0.00s Real=0.03s
[17.217s][info][gc,start       ] GC(426) Pause Full (Allocation Failure)
[17.217s][info][gc,phases,start] GC(426) Phase 1: Mark live objects
[17.229s][info][gc,phases      ] GC(426) Phase 1: Mark live objects 11.829ms
[17.229s][info][gc,phases,start] GC(426) Phase 2: Compute new object addresses
[17.235s][info][gc,phases      ] GC(426) Phase 2: Compute new object addresses 5.594ms
[17.235s][info][gc,phases,start] GC(426) Phase 3: Adjust pointers
[17.242s][info][gc,phases      ] GC(426) Phase 3: Adjust pointers 7.296ms
[17.242s][info][gc,phases,start] GC(426) Phase 4: Move objects
[17.255s][info][gc,phases      ] GC(426) Phase 4: Move objects 13.191ms
[17.256s][info][gc,heap        ] GC(426) DefNew: 156362K(157248K)->27700K(157248K) Eden: 139776K(139776K)->27700K(139776K) From: 16586K(17472K)->0K(17472K)
[17.256s][info][gc,heap        ] GC(426) Tenured: 349347K(349568K)->349567K(349568K)
[17.256s][info][gc,metaspace   ] GC(426) Metaspace: 30810K(31104K)->30810K(31104K) NonClass: 27538K(27648K)->27538K(27648K) Class: 3272K(3456K)->3272K(3456K)
[17.256s][info][gc             ] GC(426) Pause Full (Allocation Failure) 493M->368M(494M) 38.999ms
[17.256s][info][gc,cpu         ] GC(426) User=0.04s Sys=0.00s Real=0.04s
[17.263s][info][gc,start       ] GC(427) Pause Full (Allocation Failure)
[17.263s][info][gc,phases,start] GC(427) Phase 1: Mark live objects
[17.273s][info][gc,phases      ] GC(427) Phase 1: Mark live objects 10.172ms
[17.273s][info][gc,phases,start] GC(427) Phase 2: Compute new object addresses
[17.278s][info][gc,phases      ] GC(427) Phase 2: Compute new object addresses 4.726ms
[17.278s][info][gc,phases,start] GC(427) Phase 3: Adjust pointers
[17.285s][info][gc,phases      ] GC(427) Phase 3: Adjust pointers 6.457ms
[17.285s][info][gc,phases,start] GC(427) Phase 4: Move objects
[17.298s][info][gc,phases      ] GC(427) Phase 4: Move objects 13.710ms
[17.299s][info][gc,heap        ] GC(427) DefNew: 157023K(157248K)->32180K(157248K) Eden: 139776K(139776K)->32180K(139776K) From: 17247K(17472K)->0K(17472K)
[17.299s][info][gc,heap        ] GC(427) Tenured: 349567K(349568K)->349472K(349568K)
[17.299s][info][gc,metaspace   ] GC(427) Metaspace: 30810K(31104K)->30810K(31104K) NonClass: 27538K(27648K)->27538K(27648K) Class: 3272K(3456K)->3272K(3456K)
[17.299s][info][gc             ] GC(427) Pause Full (Allocation Failure) 494M->372M(494M) 36.200ms
[17.299s][info][gc,cpu         ] GC(427) User=0.04s Sys=0.00s Real=0.04s
[17.310s][info][gc,start       ] GC(428) Pause Full (Allocation Failure)
[17.310s][info][gc,phases,start] GC(428) Phase 1: Mark live objects
[17.321s][info][gc,phases      ] GC(428) Phase 1: Mark live objects 10.764ms
[17.321s][info][gc,phases,start] GC(428) Phase 2: Compute new object addresses
[17.326s][info][gc,phases      ] GC(428) Phase 2: Compute new object addresses 4.943ms
[17.326s][info][gc,phases,start] GC(428) Phase 3: Adjust pointers
[17.333s][info][gc,phases      ] GC(428) Phase 3: Adjust pointers 7.722ms
[17.334s][info][gc,phases,start] GC(428) Phase 4: Move objects
[17.354s][info][gc,phases      ] GC(428) Phase 4: Move objects 20.913ms
[17.355s][info][gc,heap        ] GC(428) DefNew: 156855K(157248K)->7883K(157248K) Eden: 139775K(139776K)->7883K(139776K) From: 17079K(17472K)->0K(17472K)
[17.355s][info][gc,heap        ] GC(428) Tenured: 349472K(349568K)->349330K(349568K)
[17.355s][info][gc,metaspace   ] GC(428) Metaspace: 30821K(31104K)->30821K(31104K) NonClass: 27549K(27648K)->27549K(27648K) Class: 3272K(3456K)->3272K(3456K)
[17.355s][info][gc             ] GC(428) Pause Full (Allocation Failure) 494M->348M(494M) 45.445ms
[17.355s][info][gc,cpu         ] GC(428) User=0.05s Sys=0.00s Real=0.04s
[17.365s][info][gc,start       ] GC(429) Pause Full (Allocation Failure)
[17.365s][info][gc,phases,start] GC(429) Phase 1: Mark live objects
[17.375s][info][gc,phases      ] GC(429) Phase 1: Mark live objects 9.758ms
[17.375s][info][gc,phases,start] GC(429) Phase 2: Compute new object addresses
[17.380s][info][gc,phases      ] GC(429) Phase 2: Compute new object addresses 4.780ms
[17.380s][info][gc,phases,start] GC(429) Phase 3: Adjust pointers
[17.386s][info][gc,phases      ] GC(429) Phase 3: Adjust pointers 6.594ms
[17.386s][info][gc,phases,start] GC(429) Phase 4: Move objects
[17.393s][info][gc,phases      ] GC(429) Phase 4: Move objects 6.860ms
[17.394s][info][gc,heap        ] GC(429) DefNew: 157151K(157248K)->32202K(157248K) Eden: 139776K(139776K)->32202K(139776K) From: 17375K(17472K)->0K(17472K)
[17.394s][info][gc,heap        ] GC(429) Tenured: 349330K(349568K)->349434K(349568K)
[17.394s][info][gc,metaspace   ] GC(429) Metaspace: 30821K(31104K)->30821K(31104K) NonClass: 27549K(27648K)->27549K(27648K) Class: 3272K(3456K)->3272K(3456K)
[17.394s][info][gc             ] GC(429) Pause Full (Allocation Failure) 494M->372M(494M) 29.120ms
[17.394s][info][gc,cpu         ] GC(429) User=0.03s Sys=0.00s Real=0.02s
[17.404s][info][gc,start       ] GC(430) Pause Full (Allocation Failure)
[17.404s][info][gc,phases,start] GC(430) Phase 1: Mark live objects
[17.414s][info][gc,phases      ] GC(430) Phase 1: Mark live objects 10.007ms
[17.414s][info][gc,phases,start] GC(430) Phase 2: Compute new object addresses
[17.419s][info][gc,phases      ] GC(430) Phase 2: Compute new object addresses 4.650ms
[17.419s][info][gc,phases,start] GC(430) Phase 3: Adjust pointers
[17.426s][info][gc,phases      ] GC(430) Phase 3: Adjust pointers 7.028ms
[17.426s][info][gc,phases,start] GC(430) Phase 4: Move objects
[17.441s][info][gc,phases      ] GC(430) Phase 4: Move objects 14.818ms
[17.441s][info][gc,heap        ] GC(430) DefNew: 157027K(157248K)->30850K(157248K) Eden: 139776K(139776K)->30850K(139776K) From: 17251K(17472K)->0K(17472K)
[17.441s][info][gc,heap        ] GC(430) Tenured: 349434K(349568K)->349395K(349568K)
[17.441s][info][gc,metaspace   ] GC(430) Metaspace: 30821K(31104K)->30821K(31104K) NonClass: 27549K(27648K)->27549K(27648K) Class: 3272K(3456K)->3272K(3456K)
[17.441s][info][gc             ] GC(430) Pause Full (Allocation Failure) 494M->371M(494M) 37.642ms
[17.441s][info][gc,cpu         ] GC(430) User=0.03s Sys=0.00s Real=0.03s
[17.451s][info][gc,start       ] GC(431) Pause Full (Allocation Failure)
[17.451s][info][gc,phases,start] GC(431) Phase 1: Mark live objects
[17.460s][info][gc,phases      ] GC(431) Phase 1: Mark live objects 9.782ms
[17.460s][info][gc,phases,start] GC(431) Phase 2: Compute new object addresses
[17.465s][info][gc,phases      ] GC(431) Phase 2: Compute new object addresses 4.583ms
[17.465s][info][gc,phases,start] GC(431) Phase 3: Adjust pointers
[17.472s][info][gc,phases      ] GC(431) Phase 3: Adjust pointers 7.022ms
[17.472s][info][gc,phases,start] GC(431) Phase 4: Move objects
[17.486s][info][gc,phases      ] GC(431) Phase 4: Move objects 13.771ms
[17.487s][info][gc,heap        ] GC(431) DefNew: 157220K(157248K)->32698K(157248K) Eden: 139776K(139776K)->32698K(139776K) From: 17444K(17472K)->0K(17472K)
[17.487s][info][gc,heap        ] GC(431) Tenured: 349395K(349568K)->349567K(349568K)
[17.487s][info][gc,metaspace   ] GC(431) Metaspace: 30827K(31104K)->30827K(31104K) NonClass: 27553K(27648K)->27553K(27648K) Class: 3273K(3456K)->3273K(3456K)
[17.487s][info][gc             ] GC(431) Pause Full (Allocation Failure) 494M->373M(494M) 36.254ms
[17.487s][info][gc,cpu         ] GC(431) User=0.04s Sys=0.00s Real=0.04s
[17.495s][info][gc,start       ] GC(432) Pause Full (Allocation Failure)
[17.495s][info][gc,phases,start] GC(432) Phase 1: Mark live objects
[17.505s][info][gc,phases      ] GC(432) Phase 1: Mark live objects 9.634ms
[17.505s][info][gc,phases,start] GC(432) Phase 2: Compute new object addresses
[17.510s][info][gc,phases      ] GC(432) Phase 2: Compute new object addresses 4.761ms
[17.510s][info][gc,phases,start] GC(432) Phase 3: Adjust pointers
[17.517s][info][gc,phases      ] GC(432) Phase 3: Adjust pointers 7.073ms
[17.517s][info][gc,phases,start] GC(432) Phase 4: Move objects
[17.541s][info][gc,phases      ] GC(432) Phase 4: Move objects 23.737ms
[17.541s][info][gc,heap        ] GC(432) DefNew: 157070K(157248K)->17519K(157248K) Eden: 139775K(139776K)->17519K(139776K) From: 17294K(17472K)->0K(17472K)
[17.541s][info][gc,heap        ] GC(432) Tenured: 349567K(349568K)->349390K(349568K)
[17.541s][info][gc,metaspace   ] GC(432) Metaspace: 30827K(31104K)->30827K(31104K) NonClass: 27553K(27648K)->27553K(27648K) Class: 3273K(3456K)->3273K(3456K)
[17.541s][info][gc             ] GC(432) Pause Full (Allocation Failure) 494M->358M(494M) 46.233ms
[17.541s][info][gc,cpu         ] GC(432) User=0.05s Sys=0.00s Real=0.05s
[17.552s][info][gc,start       ] GC(433) Pause Full (Allocation Failure)
[17.552s][info][gc,phases,start] GC(433) Phase 1: Mark live objects
[17.561s][info][gc,phases      ] GC(433) Phase 1: Mark live objects 8.623ms
[17.561s][info][gc,phases,start] GC(433) Phase 2: Compute new object addresses
[17.565s][info][gc,phases      ] GC(433) Phase 2: Compute new object addresses 4.515ms
[17.565s][info][gc,phases,start] GC(433) Phase 3: Adjust pointers
[17.572s][info][gc,phases      ] GC(433) Phase 3: Adjust pointers 6.565ms
[17.572s][info][gc,phases,start] GC(433) Phase 4: Move objects
[17.581s][info][gc,phases      ] GC(433) Phase 4: Move objects 9.045ms
[17.582s][info][gc,heap        ] GC(433) DefNew: 157152K(157248K)->33456K(157248K) Eden: 139776K(139776K)->33456K(139776K) From: 17376K(17472K)->0K(17472K)
[17.582s][info][gc,heap        ] GC(433) Tenured: 349390K(349568K)->349410K(349568K)
[17.582s][info][gc,metaspace   ] GC(433) Metaspace: 30828K(31168K)->30828K(31168K) NonClass: 27554K(27712K)->27554K(27712K) Class: 3273K(3456K)->3273K(3456K)
[17.582s][info][gc             ] GC(433) Pause Full (Allocation Failure) 494M->373M(494M) 29.761ms
[17.582s][info][gc,cpu         ] GC(433) User=0.03s Sys=0.00s Real=0.03s
[17.589s][info][gc,start       ] GC(434) Pause Full (Allocation Failure)
[17.589s][info][gc,phases,start] GC(434) Phase 1: Mark live objects
[17.599s][info][gc,phases      ] GC(434) Phase 1: Mark live objects 9.699ms
[17.599s][info][gc,phases,start] GC(434) Phase 2: Compute new object addresses
[17.603s][info][gc,phases      ] GC(434) Phase 2: Compute new object addresses 4.192ms
[17.603s][info][gc,phases,start] GC(434) Phase 3: Adjust pointers
[17.609s][info][gc,phases      ] GC(434) Phase 3: Adjust pointers 5.958ms
[17.609s][info][gc,phases,start] GC(434) Phase 4: Move objects
[17.622s][info][gc,phases      ] GC(434) Phase 4: Move objects 12.288ms
[17.622s][info][gc,heap        ] GC(434) DefNew: 157017K(157248K)->35987K(157248K) Eden: 139776K(139776K)->35987K(139776K) From: 17241K(17472K)->0K(17472K)
[17.622s][info][gc,heap        ] GC(434) Tenured: 349410K(349568K)->349323K(349568K)
[17.622s][info][gc,metaspace   ] GC(434) Metaspace: 30829K(31168K)->30829K(31168K) NonClass: 27555K(27712K)->27555K(27712K) Class: 3273K(3456K)->3273K(3456K)
[17.622s][info][gc             ] GC(434) Pause Full (Allocation Failure) 494M->376M(494M) 33.171ms
[17.622s][info][gc,cpu         ] GC(434) User=0.03s Sys=0.00s Real=0.03s
[17.634s][info][gc,start       ] GC(435) Pause Full (Allocation Failure)
[17.634s][info][gc,phases,start] GC(435) Phase 1: Mark live objects
[17.644s][info][gc,phases      ] GC(435) Phase 1: Mark live objects 10.056ms
[17.644s][info][gc,phases,start] GC(435) Phase 2: Compute new object addresses
[17.648s][info][gc,phases      ] GC(435) Phase 2: Compute new object addresses 4.581ms
[17.648s][info][gc,phases,start] GC(435) Phase 3: Adjust pointers
[17.656s][info][gc,phases      ] GC(435) Phase 3: Adjust pointers 7.695ms
[17.656s][info][gc,phases,start] GC(435) Phase 4: Move objects
[17.673s][info][gc,phases      ] GC(435) Phase 4: Move objects 16.767ms
[17.674s][info][gc,heap        ] GC(435) DefNew: 156941K(157248K)->39098K(157248K) Eden: 139775K(139776K)->39098K(139776K) From: 17165K(17472K)->0K(17472K)
[17.674s][info][gc,heap        ] GC(435) Tenured: 349323K(349568K)->349319K(349568K)
[17.674s][info][gc,metaspace   ] GC(435) Metaspace: 30830K(31168K)->30830K(31168K) NonClass: 27556K(27712K)->27556K(27712K) Class: 3273K(3456K)->3273K(3456K)
[17.674s][info][gc             ] GC(435) Pause Full (Allocation Failure) 494M->379M(494M) 40.278ms
[17.674s][info][gc,cpu         ] GC(435) User=0.04s Sys=0.00s Real=0.04s
[17.685s][info][gc,start       ] GC(436) Pause Full (Allocation Failure)
[17.685s][info][gc,phases,start] GC(436) Phase 1: Mark live objects
[17.694s][info][gc,phases      ] GC(436) Phase 1: Mark live objects 9.292ms
[17.694s][info][gc,phases,start] GC(436) Phase 2: Compute new object addresses
[17.698s][info][gc,phases      ] GC(436) Phase 2: Compute new object addresses 4.221ms
[17.698s][info][gc,phases,start] GC(436) Phase 3: Adjust pointers
[17.705s][info][gc,phases      ] GC(436) Phase 3: Adjust pointers 7.093ms
[17.706s][info][gc,phases,start] GC(436) Phase 4: Move objects
[17.737s][info][gc,phases      ] GC(436) Phase 4: Move objects 31.266ms
[17.737s][info][gc,heap        ] GC(436) DefNew: 157184K(157248K)->19090K(157248K) Eden: 139776K(139776K)->19090K(139776K) From: 17408K(17472K)->0K(17472K)
[17.737s][info][gc,heap        ] GC(436) Tenured: 349319K(349568K)->349400K(349568K)
[17.737s][info][gc,metaspace   ] GC(436) Metaspace: 30831K(31168K)->30831K(31168K) NonClass: 27557K(27712K)->27557K(27712K) Class: 3273K(3456K)->3273K(3456K)
[17.737s][info][gc             ] GC(436) Pause Full (Allocation Failure) 494M->359M(494M) 52.496ms
[17.737s][info][gc,cpu         ] GC(436) User=0.06s Sys=0.00s Real=0.05s
[17.747s][info][gc,start       ] GC(437) Pause Full (Allocation Failure)
[17.747s][info][gc,phases,start] GC(437) Phase 1: Mark live objects
[17.756s][info][gc,phases      ] GC(437) Phase 1: Mark live objects 9.039ms
[17.756s][info][gc,phases,start] GC(437) Phase 2: Compute new object addresses
[17.761s][info][gc,phases      ] GC(437) Phase 2: Compute new object addresses 5.244ms
[17.761s][info][gc,phases,start] GC(437) Phase 3: Adjust pointers
[17.768s][info][gc,phases      ] GC(437) Phase 3: Adjust pointers 6.306ms
[17.768s][info][gc,phases,start] GC(437) Phase 4: Move objects
[17.771s][info][gc,phases      ] GC(437) Phase 4: Move objects 3.172ms
[17.771s][info][gc,heap        ] GC(437) DefNew: 157052K(157248K)->40979K(157248K) Eden: 139776K(139776K)->40979K(139776K) From: 17276K(17472K)->0K(17472K)
[17.771s][info][gc,heap        ] GC(437) Tenured: 349400K(349568K)->349400K(349568K)
[17.771s][info][gc,metaspace   ] GC(437) Metaspace: 30831K(31168K)->30831K(31168K) NonClass: 27557K(27712K)->27557K(27712K) Class: 3273K(3456K)->3273K(3456K)
[17.771s][info][gc             ] GC(437) Pause Full (Allocation Failure) 494M->381M(494M) 24.198ms
[17.771s][info][gc,cpu         ] GC(437) User=0.02s Sys=0.00s Real=0.02s
[17.777s][info][gc,start       ] GC(438) Pause Full (Allocation Failure)
[17.777s][info][gc,phases,start] GC(438) Phase 1: Mark live objects
[17.786s][info][gc,phases      ] GC(438) Phase 1: Mark live objects 8.606ms
[17.786s][info][gc,phases,start] GC(438) Phase 2: Compute new object addresses
[17.790s][info][gc,phases      ] GC(438) Phase 2: Compute new object addresses 4.178ms
[17.790s][info][gc,phases,start] GC(438) Phase 3: Adjust pointers
[17.795s][info][gc,phases      ] GC(438) Phase 3: Adjust pointers 5.552ms
[17.795s][info][gc,phases,start] GC(438) Phase 4: Move objects
[17.808s][info][gc,phases      ] GC(438) Phase 4: Move objects 12.504ms
[17.808s][info][gc,heap        ] GC(438) DefNew: 157247K(157248K)->43442K(157248K) Eden: 139776K(139776K)->43442K(139776K) From: 17471K(17472K)->0K(17472K)
[17.808s][info][gc,heap        ] GC(438) Tenured: 349400K(349568K)->349366K(349568K)
[17.808s][info][gc,metaspace   ] GC(438) Metaspace: 30831K(31168K)->30831K(31168K) NonClass: 27557K(27712K)->27557K(27712K) Class: 3273K(3456K)->3273K(3456K)
[17.808s][info][gc             ] GC(438) Pause Full (Allocation Failure) 494M->383M(494M) 31.270ms
[17.808s][info][gc,cpu         ] GC(438) User=0.03s Sys=0.00s Real=0.03s
[17.819s][info][gc,start       ] GC(439) Pause Full (Allocation Failure)
[17.819s][info][gc,phases,start] GC(439) Phase 1: Mark live objects
[17.828s][info][gc,phases      ] GC(439) Phase 1: Mark live objects 9.183ms
[17.828s][info][gc,phases,start] GC(439) Phase 2: Compute new object addresses
[17.832s][info][gc,phases      ] GC(439) Phase 2: Compute new object addresses 4.376ms
[17.832s][info][gc,phases,start] GC(439) Phase 3: Adjust pointers
[17.839s][info][gc,phases      ] GC(439) Phase 3: Adjust pointers 6.185ms
[17.839s][info][gc,phases,start] GC(439) Phase 4: Move objects
[17.855s][info][gc,phases      ] GC(439) Phase 4: Move objects 16.506ms
[17.855s][info][gc,heap        ] GC(439) DefNew: 156657K(157248K)->37973K(157248K) Eden: 139776K(139776K)->37973K(139776K) From: 16881K(17472K)->0K(17472K)
[17.856s][info][gc,heap        ] GC(439) Tenured: 349366K(349568K)->349537K(349568K)
[17.856s][info][gc,metaspace   ] GC(439) Metaspace: 30848K(31168K)->30848K(31168K) NonClass: 27574K(27712K)->27574K(27712K) Class: 3273K(3456K)->3273K(3456K)
[17.856s][info][gc             ] GC(439) Pause Full (Allocation Failure) 494M->378M(494M) 36.742ms
[17.856s][info][gc,cpu         ] GC(439) User=0.04s Sys=0.00s Real=0.03s
[17.872s][info][gc,start       ] GC(440) Pause Full (Allocation Failure)
[17.872s][info][gc,phases,start] GC(440) Phase 1: Mark live objects
[17.882s][info][gc,phases      ] GC(440) Phase 1: Mark live objects 10.412ms
[17.882s][info][gc,phases,start] GC(440) Phase 2: Compute new object addresses
[17.887s][info][gc,phases      ] GC(440) Phase 2: Compute new object addresses 4.774ms
[17.887s][info][gc,phases,start] GC(440) Phase 3: Adjust pointers
[17.896s][info][gc,phases      ] GC(440) Phase 3: Adjust pointers 8.610ms
[17.896s][info][gc,phases,start] GC(440) Phase 4: Move objects
[17.921s][info][gc,phases      ] GC(440) Phase 4: Move objects 24.772ms
[17.921s][info][gc,heap        ] GC(440) DefNew: 157191K(157248K)->20588K(157248K) Eden: 139776K(139776K)->20588K(139776K) From: 17415K(17472K)->0K(17472K)
[17.921s][info][gc,heap        ] GC(440) Tenured: 349537K(349568K)->349482K(349568K)
[17.921s][info][gc,metaspace   ] GC(440) Metaspace: 30848K(31168K)->30848K(31168K) NonClass: 27574K(27712K)->27574K(27712K) Class: 3273K(3456K)->3273K(3456K)
[17.921s][info][gc             ] GC(440) Pause Full (Allocation Failure) 494M->361M(494M) 49.230ms
[17.921s][info][gc,cpu         ] GC(440) User=0.05s Sys=0.00s Real=0.05s
[17.931s][info][gc,start       ] GC(441) Pause Full (Allocation Failure)
[17.932s][info][gc,phases,start] GC(441) Phase 1: Mark live objects
[17.944s][info][gc,phases      ] GC(441) Phase 1: Mark live objects 12.270ms
[17.944s][info][gc,phases,start] GC(441) Phase 2: Compute new object addresses
[17.949s][info][gc,phases      ] GC(441) Phase 2: Compute new object addresses 5.135ms
[17.949s][info][gc,phases,start] GC(441) Phase 3: Adjust pointers
[17.955s][info][gc,phases      ] GC(441) Phase 3: Adjust pointers 6.362ms
[17.955s][info][gc,phases,start] GC(441) Phase 4: Move objects
[17.964s][info][gc,phases      ] GC(441) Phase 4: Move objects 8.343ms
[17.964s][info][gc,heap        ] GC(441) DefNew: 157025K(157248K)->38933K(157248K) Eden: 139776K(139776K)->38933K(139776K) From: 17249K(17472K)->0K(17472K)
[17.964s][info][gc,heap        ] GC(441) Tenured: 349482K(349568K)->349543K(349568K)
[17.964s][info][gc,metaspace   ] GC(441) Metaspace: 30849K(31168K)->30849K(31168K) NonClass: 27575K(27712K)->27575K(27712K) Class: 3273K(3456K)->3273K(3456K)
[17.964s][info][gc             ] GC(441) Pause Full (Allocation Failure) 494M->379M(494M) 32.614ms
[17.964s][info][gc,cpu         ] GC(441) User=0.04s Sys=0.00s Real=0.04s
[17.972s][info][gc,start       ] GC(442) Pause Full (Allocation Failure)
[17.972s][info][gc,phases,start] GC(442) Phase 1: Mark live objects
[17.982s][info][gc,phases      ] GC(442) Phase 1: Mark live objects 9.893ms
[17.982s][info][gc,phases,start] GC(442) Phase 2: Compute new object addresses
[17.987s][info][gc,phases      ] GC(442) Phase 2: Compute new object addresses 4.617ms
[17.987s][info][gc,phases,start] GC(442) Phase 3: Adjust pointers
[17.993s][info][gc,phases      ] GC(442) Phase 3: Adjust pointers 6.498ms
[17.993s][info][gc,phases,start] GC(442) Phase 4: Move objects
[18.006s][info][gc,phases      ] GC(442) Phase 4: Move objects 13.006ms
[18.006s][info][gc,heap        ] GC(442) DefNew: 156997K(157248K)->41015K(157248K) Eden: 139776K(139776K)->41015K(139776K) From: 17221K(17472K)->0K(17472K)
[18.006s][info][gc,heap        ] GC(442) Tenured: 349543K(349568K)->349543K(349568K)
[18.006s][info][gc,metaspace   ] GC(442) Metaspace: 30849K(31168K)->30849K(31168K) NonClass: 27575K(27712K)->27575K(27712K) Class: 3273K(3456K)->3273K(3456K)
[18.007s][info][gc             ] GC(442) Pause Full (Allocation Failure) 494M->381M(494M) 34.506ms
[18.007s][info][gc,cpu         ] GC(442) User=0.03s Sys=0.00s Real=0.04s
[18.016s][info][gc,start       ] GC(443) Pause Full (Allocation Failure)
[18.016s][info][gc,phases,start] GC(443) Phase 1: Mark live objects
[18.025s][info][gc,phases      ] GC(443) Phase 1: Mark live objects 9.107ms
[18.026s][info][gc,phases,start] GC(443) Phase 2: Compute new object addresses
[18.030s][info][gc,phases      ] GC(443) Phase 2: Compute new object addresses 4.244ms
[18.030s][info][gc,phases,start] GC(443) Phase 3: Adjust pointers
[18.036s][info][gc,phases      ] GC(443) Phase 3: Adjust pointers 5.832ms
[18.036s][info][gc,phases,start] GC(443) Phase 4: Move objects
[18.051s][info][gc,phases      ] GC(443) Phase 4: Move objects 15.653ms
[18.052s][info][gc,heap        ] GC(443) DefNew: 157035K(157248K)->35991K(157248K) Eden: 139776K(139776K)->35991K(139776K) From: 17259K(17472K)->0K(17472K)
[18.052s][info][gc,heap        ] GC(443) Tenured: 349543K(349568K)->349325K(349568K)
[18.052s][info][gc,metaspace   ] GC(443) Metaspace: 30849K(31168K)->30849K(31168K) NonClass: 27575K(27712K)->27575K(27712K) Class: 3273K(3456K)->3273K(3456K)
[18.052s][info][gc             ] GC(443) Pause Full (Allocation Failure) 494M->376M(494M) 35.318ms
[18.052s][info][gc,cpu         ] GC(443) User=0.03s Sys=0.00s Real=0.03s
[18.058s][info][gc,start       ] GC(444) Pause Full (Allocation Failure)
[18.058s][info][gc,phases,start] GC(444) Phase 1: Mark live objects
[18.068s][info][gc,phases      ] GC(444) Phase 1: Mark live objects 9.450ms
[18.068s][info][gc,phases,start] GC(444) Phase 2: Compute new object addresses
[18.072s][info][gc,phases      ] GC(444) Phase 2: Compute new object addresses 4.777ms
[18.073s][info][gc,phases,start] GC(444) Phase 3: Adjust pointers
[18.079s][info][gc,phases      ] GC(444) Phase 3: Adjust pointers 6.706ms
[18.079s][info][gc,phases,start] GC(444) Phase 4: Move objects
[18.111s][info][gc,phases      ] GC(444) Phase 4: Move objects 31.784ms
[18.111s][info][gc,heap        ] GC(444) DefNew: 157222K(157248K)->20214K(157248K) Eden: 139776K(139776K)->20214K(139776K) From: 17446K(17472K)->0K(17472K)
[18.111s][info][gc,heap        ] GC(444) Tenured: 349325K(349568K)->348755K(349568K)
[18.111s][info][gc,metaspace   ] GC(444) Metaspace: 30849K(31168K)->30849K(31168K) NonClass: 27575K(27712K)->27575K(27712K) Class: 3273K(3456K)->3273K(3456K)
[18.111s][info][gc             ] GC(444) Pause Full (Allocation Failure) 494M->360M(494M) 53.206ms
[18.111s][info][gc,cpu         ] GC(444) User=0.05s Sys=0.00s Real=0.05s
[18.121s][info][gc,start       ] GC(445) Pause Full (Allocation Failure)
[18.121s][info][gc,phases,start] GC(445) Phase 1: Mark live objects
[18.133s][info][gc,phases      ] GC(445) Phase 1: Mark live objects 12.006ms
[18.133s][info][gc,phases,start] GC(445) Phase 2: Compute new object addresses
[18.138s][info][gc,phases      ] GC(445) Phase 2: Compute new object addresses 4.763ms
[18.138s][info][gc,phases,start] GC(445) Phase 3: Adjust pointers
[18.144s][info][gc,phases      ] GC(445) Phase 3: Adjust pointers 6.317ms
[18.144s][info][gc,phases,start] GC(445) Phase 4: Move objects
[18.154s][info][gc,phases      ] GC(445) Phase 4: Move objects 9.811ms
[18.154s][info][gc,heap        ] GC(445) DefNew: 157216K(157248K)->37279K(157248K) Eden: 139776K(139776K)->37279K(139776K) From: 17440K(17472K)->0K(17472K)
[18.154s][info][gc,heap        ] GC(445) Tenured: 349523K(349568K)->349322K(349568K)
[18.154s][info][gc,metaspace   ] GC(445) Metaspace: 30851K(31168K)->30851K(31168K) NonClass: 27577K(27712K)->27577K(27712K) Class: 3274K(3456K)->3274K(3456K)
[18.154s][info][gc             ] GC(445) Pause Full (Allocation Failure) 494M->377M(494M) 33.427ms
[18.154s][info][gc,cpu         ] GC(445) User=0.04s Sys=0.00s Real=0.03s
[18.165s][info][gc,start       ] GC(446) Pause Full (Allocation Failure)
[18.165s][info][gc,phases,start] GC(446) Phase 1: Mark live objects
[18.175s][info][gc,phases      ] GC(446) Phase 1: Mark live objects 9.706ms
[18.175s][info][gc,phases,start] GC(446) Phase 2: Compute new object addresses
[18.179s][info][gc,phases      ] GC(446) Phase 2: Compute new object addresses 4.705ms
[18.180s][info][gc,phases,start] GC(446) Phase 3: Adjust pointers
[18.188s][info][gc,phases      ] GC(446) Phase 3: Adjust pointers 7.965ms
[18.188s][info][gc,phases,start] GC(446) Phase 4: Move objects
[18.202s][info][gc,phases      ] GC(446) Phase 4: Move objects 14.763ms
[18.203s][info][gc,heap        ] GC(446) DefNew: 157100K(157248K)->34574K(157248K) Eden: 139776K(139776K)->34574K(139776K) From: 17324K(17472K)->0K(17472K)
[18.203s][info][gc,heap        ] GC(446) Tenured: 349322K(349568K)->349541K(349568K)
[18.203s][info][gc,metaspace   ] GC(446) Metaspace: 30851K(31168K)->30851K(31168K) NonClass: 27577K(27712K)->27577K(27712K) Class: 3274K(3456K)->3274K(3456K)
[18.203s][info][gc             ] GC(446) Pause Full (Allocation Failure) 494M->375M(494M) 37.676ms
[18.203s][info][gc,cpu         ] GC(446) User=0.04s Sys=0.00s Real=0.03s
[18.212s][info][gc,start       ] GC(447) Pause Young (GCLocker Initiated GC)
[18.212s][info][gc,heap        ] GC(447) DefNew: 157210K(157248K)->157210K(157248K) Eden: 139776K(139776K)->139776K(139776K) From: 17434K(17472K)->17434K(17472K)
[18.212s][info][gc,heap        ] GC(447) Tenured: 349541K(349568K)->349541K(349568K)
[18.212s][info][gc,metaspace   ] GC(447) Metaspace: 30851K(31168K)->30851K(31168K) NonClass: 27577K(27712K)->27577K(27712K) Class: 3274K(3456K)->3274K(3456K)
[18.212s][info][gc             ] GC(447) Pause Young (GCLocker Initiated GC) 494M->494M(494M) 0.073ms
[18.212s][info][gc,cpu         ] GC(447) User=0.00s Sys=0.00s Real=0.00s
[18.212s][info][gc,start       ] GC(448) Pause Full (GCLocker Initiated GC)
[18.212s][info][gc,phases,start] GC(448) Phase 1: Mark live objects
[18.221s][info][gc,phases      ] GC(448) Phase 1: Mark live objects 9.090ms
[18.221s][info][gc,phases,start] GC(448) Phase 2: Compute new object addresses
[18.226s][info][gc,phases      ] GC(448) Phase 2: Compute new object addresses 4.642ms
[18.226s][info][gc,phases,start] GC(448) Phase 3: Adjust pointers
[18.232s][info][gc,phases      ] GC(448) Phase 3: Adjust pointers 6.320ms
[18.232s][info][gc,phases,start] GC(448) Phase 4: Move objects
[18.250s][info][gc,phases      ] GC(448) Phase 4: Move objects 17.637ms
[18.250s][info][gc,heap        ] GC(448) DefNew: 157210K(157248K)->35867K(157248K) Eden: 139776K(139776K)->35867K(139776K) From: 17434K(17472K)->0K(17472K)
[18.250s][info][gc,heap        ] GC(448) Tenured: 349541K(349568K)->349564K(349568K)
[18.250s][info][gc,metaspace   ] GC(448) Metaspace: 30851K(31168K)->30851K(31168K) NonClass: 27577K(27712K)->27577K(27712K) Class: 3274K(3456K)->3274K(3456K)
[18.250s][info][gc             ] GC(448) Pause Full (GCLocker Initiated GC) 494M->376M(494M) 38.111ms
[18.250s][info][gc,cpu         ] GC(448) User=0.03s Sys=0.00s Real=0.04s
[18.261s][info][gc,start       ] GC(449) Pause Full (Allocation Failure)
[18.262s][info][gc,phases,start] GC(449) Phase 1: Mark live objects
[18.270s][info][gc,phases      ] GC(449) Phase 1: Mark live objects 8.580ms
[18.270s][info][gc,phases,start] GC(449) Phase 2: Compute new object addresses
[18.275s][info][gc,phases      ] GC(449) Phase 2: Compute new object addresses 4.830ms
[18.275s][info][gc,phases,start] GC(449) Phase 3: Adjust pointers
[18.281s][info][gc,phases      ] GC(449) Phase 3: Adjust pointers 6.269ms
[18.281s][info][gc,phases,start] GC(449) Phase 4: Move objects
[18.307s][info][gc,phases      ] GC(449) Phase 4: Move objects 25.264ms
[18.307s][info][gc,heap        ] GC(449) DefNew: 156909K(157248K)->12744K(157248K) Eden: 139776K(139776K)->12744K(139776K) From: 17133K(17472K)->0K(17472K)
[18.307s][info][gc,heap        ] GC(449) Tenured: 349564K(349568K)->349561K(349568K)
[18.307s][info][gc,metaspace   ] GC(449) Metaspace: 30851K(31168K)->30851K(31168K) NonClass: 27577K(27712K)->27577K(27712K) Class: 3274K(3456K)->3274K(3456K)
[18.307s][info][gc             ] GC(449) Pause Full (Allocation Failure) 494M->353M(494M) 45.390ms
[18.307s][info][gc,cpu         ] GC(449) User=0.05s Sys=0.00s Real=0.05s
[18.317s][info][gc,start       ] GC(450) Pause Full (Allocation Failure)
[18.317s][info][gc,phases,start] GC(450) Phase 1: Mark live objects
[18.326s][info][gc,phases      ] GC(450) Phase 1: Mark live objects 8.373ms
[18.326s][info][gc,phases,start] GC(450) Phase 2: Compute new object addresses
[18.330s][info][gc,phases      ] GC(450) Phase 2: Compute new object addresses 4.471ms
[18.330s][info][gc,phases,start] GC(450) Phase 3: Adjust pointers
[18.336s][info][gc,phases      ] GC(450) Phase 3: Adjust pointers 5.745ms
[18.336s][info][gc,phases,start] GC(450) Phase 4: Move objects
[18.344s][info][gc,phases      ] GC(450) Phase 4: Move objects 7.950ms
[18.344s][info][gc,heap        ] GC(450) DefNew: 156768K(157248K)->29974K(157248K) Eden: 139776K(139776K)->29974K(139776K) From: 16992K(17472K)->0K(17472K)
[18.344s][info][gc,heap        ] GC(450) Tenured: 349561K(349568K)->349548K(349568K)
[18.344s][info][gc,metaspace   ] GC(450) Metaspace: 30851K(31168K)->30851K(31168K) NonClass: 27577K(27712K)->27577K(27712K) Class: 3274K(3456K)->3274K(3456K)
[18.344s][info][gc             ] GC(450) Pause Full (Allocation Failure) 494M->370M(494M) 26.978ms
[18.344s][info][gc,cpu         ] GC(450) User=0.03s Sys=0.00s Real=0.03s
[18.351s][info][gc,start       ] GC(451) Pause Full (Allocation Failure)
[18.351s][info][gc,phases,start] GC(451) Phase 1: Mark live objects
[18.359s][info][gc,phases      ] GC(451) Phase 1: Mark live objects 8.387ms
[18.359s][info][gc,phases,start] GC(451) Phase 2: Compute new object addresses
[18.364s][info][gc,phases      ] GC(451) Phase 2: Compute new object addresses 4.596ms
[18.364s][info][gc,phases,start] GC(451) Phase 3: Adjust pointers
[18.370s][info][gc,phases      ] GC(451) Phase 3: Adjust pointers 5.819ms
[18.370s][info][gc,phases,start] GC(451) Phase 4: Move objects
[18.382s][info][gc,phases      ] GC(451) Phase 4: Move objects 11.911ms
[18.382s][info][gc,heap        ] GC(451) DefNew: 157050K(157248K)->34750K(157248K) Eden: 139776K(139776K)->34750K(139776K) From: 17274K(17472K)->0K(17472K)
[18.382s][info][gc,heap        ] GC(451) Tenured: 349548K(349568K)->349400K(349568K)
[18.382s][info][gc,metaspace   ] GC(451) Metaspace: 30851K(31168K)->30851K(31168K) NonClass: 27577K(27712K)->27577K(27712K) Class: 3274K(3456K)->3274K(3456K)
[18.382s][info][gc             ] GC(451) Pause Full (Allocation Failure) 494M->375M(494M) 31.146ms
[18.382s][info][gc,cpu         ] GC(451) User=0.03s Sys=0.00s Real=0.03s
[18.388s][info][gc,start       ] GC(452) Pause Full (Allocation Failure)
[18.389s][info][gc,phases,start] GC(452) Phase 1: Mark live objects
[18.398s][info][gc,phases      ] GC(452) Phase 1: Mark live objects 9.388ms
[18.398s][info][gc,phases,start] GC(452) Phase 2: Compute new object addresses
[18.403s][info][gc,phases      ] GC(452) Phase 2: Compute new object addresses 5.046ms
[18.403s][info][gc,phases,start] GC(452) Phase 3: Adjust pointers
[18.410s][info][gc,phases      ] GC(452) Phase 3: Adjust pointers 6.471ms
[18.410s][info][gc,phases,start] GC(452) Phase 4: Move objects
[18.425s][info][gc,phases      ] GC(452) Phase 4: Move objects 15.199ms
[18.425s][info][gc,heap        ] GC(452) DefNew: 157024K(157248K)->34569K(157248K) Eden: 139776K(139776K)->34569K(139776K) From: 17248K(17472K)->0K(17472K)
[18.425s][info][gc,heap        ] GC(452) Tenured: 349400K(349568K)->349546K(349568K)
[18.425s][info][gc,metaspace   ] GC(452) Metaspace: 30851K(31168K)->30851K(31168K) NonClass: 27577K(27712K)->27577K(27712K) Class: 3274K(3456K)->3274K(3456K)
[18.425s][info][gc             ] GC(452) Pause Full (Allocation Failure) 494M->375M(494M) 36.568ms
[18.425s][info][gc,cpu         ] GC(452) User=0.04s Sys=0.00s Real=0.04s
[18.436s][info][gc,start       ] GC(453) Pause Full (Allocation Failure)
[18.436s][info][gc,phases,start] GC(453) Phase 1: Mark live objects
[18.445s][info][gc,phases      ] GC(453) Phase 1: Mark live objects 8.976ms
[18.445s][info][gc,phases,start] GC(453) Phase 2: Compute new object addresses
[18.449s][info][gc,phases      ] GC(453) Phase 2: Compute new object addresses 4.440ms
[18.449s][info][gc,phases,start] GC(453) Phase 3: Adjust pointers
[18.456s][info][gc,phases      ] GC(453) Phase 3: Adjust pointers 6.881ms
[18.456s][info][gc,phases,start] GC(453) Phase 4: Move objects
[18.473s][info][gc,phases      ] GC(453) Phase 4: Move objects 16.304ms
[18.473s][info][gc,heap        ] GC(453) DefNew: 156866K(157248K)->9289K(157248K) Eden: 139776K(139776K)->9289K(139776K) From: 17090K(17472K)->0K(17472K)
[18.473s][info][gc,heap        ] GC(453) Tenured: 349546K(349568K)->349438K(349568K)
[18.473s][info][gc,metaspace   ] GC(453) Metaspace: 30851K(31168K)->30851K(31168K) NonClass: 27577K(27712K)->27577K(27712K) Class: 3274K(3456K)->3274K(3456K)
[18.473s][info][gc             ] GC(453) Pause Full (Allocation Failure) 494M->350M(494M) 37.045ms
[18.473s][info][gc,cpu         ] GC(453) User=0.04s Sys=0.01s Real=0.04s
[18.480s][info][gc,start       ] GC(454) Pause Full (Allocation Failure)
[18.480s][info][gc,phases,start] GC(454) Phase 1: Mark live objects
[18.488s][info][gc,phases      ] GC(454) Phase 1: Mark live objects 8.000ms
[18.488s][info][gc,phases,start] GC(454) Phase 2: Compute new object addresses
[18.492s][info][gc,phases      ] GC(454) Phase 2: Compute new object addresses 4.154ms
[18.492s][info][gc,phases,start] GC(454) Phase 3: Adjust pointers
[18.497s][info][gc,phases      ] GC(454) Phase 3: Adjust pointers 5.333ms
[18.497s][info][gc,phases,start] GC(454) Phase 4: Move objects
[18.503s][info][gc,phases      ] GC(454) Phase 4: Move objects 5.268ms
[18.503s][info][gc,heap        ] GC(454) DefNew: 157007K(157248K)->34190K(157248K) Eden: 139776K(139776K)->34190K(139776K) From: 17231K(17472K)->0K(17472K)
[18.503s][info][gc,heap        ] GC(454) Tenured: 349438K(349568K)->349327K(349568K)
[18.503s][info][gc,metaspace   ] GC(454) Metaspace: 30851K(31168K)->30851K(31168K) NonClass: 27577K(27712K)->27577K(27712K) Class: 3274K(3456K)->3274K(3456K)
[18.503s][info][gc             ] GC(454) Pause Full (Allocation Failure) 494M->374M(494M) 23.166ms
[18.503s][info][gc,cpu         ] GC(454) User=0.02s Sys=0.00s Real=0.02s
[18.514s][info][gc,start       ] GC(455) Pause Full (Allocation Failure)
[18.514s][info][gc,phases,start] GC(455) Phase 1: Mark live objects
[18.523s][info][gc,phases      ] GC(455) Phase 1: Mark live objects 9.485ms
[18.523s][info][gc,phases,start] GC(455) Phase 2: Compute new object addresses
[18.528s][info][gc,phases      ] GC(455) Phase 2: Compute new object addresses 4.556ms
[18.528s][info][gc,phases,start] GC(455) Phase 3: Adjust pointers
[18.534s][info][gc,phases      ] GC(455) Phase 3: Adjust pointers 6.305ms
[18.534s][info][gc,phases,start] GC(455) Phase 4: Move objects
[18.547s][info][gc,phases      ] GC(455) Phase 4: Move objects 12.594ms
[18.547s][info][gc,heap        ] GC(455) DefNew: 156651K(157248K)->29965K(157248K) Eden: 139776K(139776K)->29965K(139776K) From: 16875K(17472K)->0K(17472K)
[18.547s][info][gc,heap        ] GC(455) Tenured: 349327K(349568K)->349543K(349568K)
[18.547s][info][gc,metaspace   ] GC(455) Metaspace: 30851K(31168K)->30851K(31168K) NonClass: 27577K(27712K)->27577K(27712K) Class: 3274K(3456K)->3274K(3456K)
[18.547s][info][gc             ] GC(455) Pause Full (Allocation Failure) 494M->370M(494M) 33.385ms
[18.547s][info][gc,cpu         ] GC(455) User=0.04s Sys=0.00s Real=0.04s
[18.554s][info][gc,start       ] GC(456) Pause Full (Allocation Failure)
[18.554s][info][gc,phases,start] GC(456) Phase 1: Mark live objects
[18.563s][info][gc,phases      ] GC(456) Phase 1: Mark live objects 9.064ms
[18.563s][info][gc,phases,start] GC(456) Phase 2: Compute new object addresses
[18.568s][info][gc,phases      ] GC(456) Phase 2: Compute new object addresses 4.322ms
[18.568s][info][gc,phases,start] GC(456) Phase 3: Adjust pointers
[18.574s][info][gc,phases      ] GC(456) Phase 3: Adjust pointers 5.952ms
[18.574s][info][gc,phases,start] GC(456) Phase 4: Move objects
[18.588s][info][gc,phases      ] GC(456) Phase 4: Move objects 14.056ms
[18.588s][info][gc,heap        ] GC(456) DefNew: 157054K(157248K)->33470K(157248K) Eden: 139776K(139776K)->33470K(139776K) From: 17278K(17472K)->0K(17472K)
[18.588s][info][gc,heap        ] GC(456) Tenured: 349543K(349568K)->349402K(349568K)
[18.588s][info][gc,metaspace   ] GC(456) Metaspace: 30851K(31168K)->30851K(31168K) NonClass: 27577K(27712K)->27577K(27712K) Class: 3274K(3456K)->3274K(3456K)
[18.588s][info][gc             ] GC(456) Pause Full (Allocation Failure) 494M->373M(494M) 33.867ms
[18.588s][info][gc,cpu         ] GC(456) User=0.03s Sys=0.00s Real=0.04s
[18.596s][info][gc,start       ] GC(457) Pause Full (Allocation Failure)
[18.596s][info][gc,phases,start] GC(457) Phase 1: Mark live objects
[18.605s][info][gc,phases      ] GC(457) Phase 1: Mark live objects 8.991ms
[18.605s][info][gc,phases,start] GC(457) Phase 2: Compute new object addresses
[18.609s][info][gc,phases      ] GC(457) Phase 2: Compute new object addresses 4.571ms
[18.609s][info][gc,phases,start] GC(457) Phase 3: Adjust pointers
[18.615s][info][gc,phases      ] GC(457) Phase 3: Adjust pointers 5.861ms
[18.615s][info][gc,phases,start] GC(457) Phase 4: Move objects
[18.631s][info][gc,phases      ] GC(457) Phase 4: Move objects 16.047ms
[18.632s][info][gc,heap        ] GC(457) DefNew: 157160K(157248K)->15542K(157248K) Eden: 139776K(139776K)->15542K(139776K) From: 17384K(17472K)->0K(17472K)
[18.632s][info][gc,heap        ] GC(457) Tenured: 349402K(349568K)->349557K(349568K)
[18.632s][info][gc,metaspace   ] GC(457) Metaspace: 30851K(31168K)->30851K(31168K) NonClass: 27577K(27712K)->27577K(27712K) Class: 3274K(3456K)->3274K(3456K)
[18.632s][info][gc             ] GC(457) Pause Full (Allocation Failure) 494M->356M(494M) 35.970ms
[18.632s][info][gc,cpu         ] GC(457) User=0.03s Sys=0.00s Real=0.04s
[18.638s][info][gc,start       ] GC(458) Pause Full (Allocation Failure)
[18.638s][info][gc,phases,start] GC(458) Phase 1: Mark live objects
[18.648s][info][gc,phases      ] GC(458) Phase 1: Mark live objects 9.267ms
[18.648s][info][gc,phases,start] GC(458) Phase 2: Compute new object addresses
[18.652s][info][gc,phases      ] GC(458) Phase 2: Compute new object addresses 4.399ms
[18.652s][info][gc,phases,start] GC(458) Phase 3: Adjust pointers
[18.659s][info][gc,phases      ] GC(458) Phase 3: Adjust pointers 7.010ms
[18.659s][info][gc,phases,start] GC(458) Phase 4: Move objects
[18.665s][info][gc,phases      ] GC(458) Phase 4: Move objects 5.572ms
[18.665s][info][gc,heap        ] GC(458) DefNew: 157023K(157248K)->45052K(157248K) Eden: 139776K(139776K)->45052K(139776K) From: 17247K(17472K)->0K(17472K)
[18.665s][info][gc,heap        ] GC(458) Tenured: 349557K(349568K)->349324K(349568K)
[18.665s][info][gc,metaspace   ] GC(458) Metaspace: 30851K(31168K)->30851K(31168K) NonClass: 27577K(27712K)->27577K(27712K) Class: 3274K(3456K)->3274K(3456K)
[18.665s][info][gc             ] GC(458) Pause Full (Allocation Failure) 494M->385M(494M) 26.798ms
[18.665s][info][gc,cpu         ] GC(458) User=0.02s Sys=0.00s Real=0.03s
[18.676s][info][gc,start       ] GC(459) Pause Full (Allocation Failure)
[18.676s][info][gc,phases,start] GC(459) Phase 1: Mark live objects
[18.685s][info][gc,phases      ] GC(459) Phase 1: Mark live objects 8.640ms
[18.685s][info][gc,phases,start] GC(459) Phase 2: Compute new object addresses
[18.689s][info][gc,phases      ] GC(459) Phase 2: Compute new object addresses 4.117ms
[18.689s][info][gc,phases,start] GC(459) Phase 3: Adjust pointers
[18.695s][info][gc,phases      ] GC(459) Phase 3: Adjust pointers 5.977ms
[18.695s][info][gc,phases,start] GC(459) Phase 4: Move objects
[18.709s][info][gc,phases      ] GC(459) Phase 4: Move objects 14.041ms
[18.709s][info][gc,heap        ] GC(459) DefNew: 156435K(157248K)->40112K(157248K) Eden: 139776K(139776K)->40112K(139776K) From: 16659K(17472K)->0K(17472K)
[18.709s][info][gc,heap        ] GC(459) Tenured: 349324K(349568K)->349297K(349568K)
[18.709s][info][gc,metaspace   ] GC(459) Metaspace: 30851K(31168K)->30851K(31168K) NonClass: 27577K(27712K)->27577K(27712K) Class: 3274K(3456K)->3274K(3456K)
[18.709s][info][gc             ] GC(459) Pause Full (Allocation Failure) 493M->380M(494M) 33.232ms
[18.709s][info][gc,cpu         ] GC(459) User=0.03s Sys=0.00s Real=0.03s
[18.715s][info][gc,start       ] GC(460) Pause Full (Allocation Failure)
[18.715s][info][gc,phases,start] GC(460) Phase 1: Mark live objects
[18.724s][info][gc,phases      ] GC(460) Phase 1: Mark live objects 8.948ms
[18.724s][info][gc,phases,start] GC(460) Phase 2: Compute new object addresses
[18.729s][info][gc,phases      ] GC(460) Phase 2: Compute new object addresses 4.807ms
[18.729s][info][gc,phases,start] GC(460) Phase 3: Adjust pointers
[18.736s][info][gc,phases      ] GC(460) Phase 3: Adjust pointers 7.128ms
[18.736s][info][gc,phases,start] GC(460) Phase 4: Move objects
[18.751s][info][gc,phases      ] GC(460) Phase 4: Move objects 14.976ms
[18.751s][info][gc,heap        ] GC(460) DefNew: 157037K(157248K)->44591K(157248K) Eden: 139775K(139776K)->44591K(139776K) From: 17261K(17472K)->0K(17472K)
[18.751s][info][gc,heap        ] GC(460) Tenured: 349553K(349568K)->349509K(349568K)
[18.751s][info][gc,metaspace   ] GC(460) Metaspace: 30851K(31168K)->30851K(31168K) NonClass: 27577K(27712K)->27577K(27712K) Class: 3274K(3456K)->3274K(3456K)
[18.751s][info][gc             ] GC(460) Pause Full (Allocation Failure) 494M->384M(494M) 36.390ms
[18.751s][info][gc,cpu         ] GC(460) User=0.03s Sys=0.00s Real=0.04s
[18.762s][info][gc,start       ] GC(461) Pause Full (Allocation Failure)
[18.762s][info][gc,phases,start] GC(461) Phase 1: Mark live objects
[18.770s][info][gc,phases      ] GC(461) Phase 1: Mark live objects 8.507ms
[18.770s][info][gc,phases,start] GC(461) Phase 2: Compute new object addresses
[18.775s][info][gc,phases      ] GC(461) Phase 2: Compute new object addresses 4.171ms
[18.775s][info][gc,phases,start] GC(461) Phase 3: Adjust pointers
[18.781s][info][gc,phases      ] GC(461) Phase 3: Adjust pointers 5.865ms
[18.781s][info][gc,phases,start] GC(461) Phase 4: Move objects
[18.799s][info][gc,phases      ] GC(461) Phase 4: Move objects 18.260ms
[18.799s][info][gc,heap        ] GC(461) DefNew: 157136K(157248K)->19598K(157248K) Eden: 139776K(139776K)->19598K(139776K) From: 17360K(17472K)->0K(17472K)
[18.799s][info][gc,heap        ] GC(461) Tenured: 349509K(349568K)->349362K(349568K)
[18.799s][info][gc,metaspace   ] GC(461) Metaspace: 30854K(31168K)->30854K(31168K) NonClass: 27579K(27712K)->27579K(27712K) Class: 3274K(3456K)->3274K(3456K)
[18.799s][info][gc             ] GC(461) Pause Full (Allocation Failure) 494M->360M(494M) 37.246ms
[18.799s][info][gc,cpu         ] GC(461) User=0.04s Sys=0.00s Real=0.04s
[18.813s][info][gc,start       ] GC(462) Pause Full (Allocation Failure)
[18.813s][info][gc,phases,start] GC(462) Phase 1: Mark live objects
[18.823s][info][gc,phases      ] GC(462) Phase 1: Mark live objects 9.138ms
[18.823s][info][gc,phases,start] GC(462) Phase 2: Compute new object addresses
[18.828s][info][gc,phases      ] GC(462) Phase 2: Compute new object addresses 5.056ms
[18.828s][info][gc,phases,start] GC(462) Phase 3: Adjust pointers
[18.834s][info][gc,phases      ] GC(462) Phase 3: Adjust pointers 6.266ms
[18.834s][info][gc,phases,start] GC(462) Phase 4: Move objects
[18.840s][info][gc,phases      ] GC(462) Phase 4: Move objects 6.260ms
[18.840s][info][gc,heap        ] GC(462) DefNew: 157004K(157248K)->39605K(157248K) Eden: 139776K(139776K)->39605K(139776K) From: 17228K(17472K)->0K(17472K)
[18.840s][info][gc,heap        ] GC(462) Tenured: 349362K(349568K)->349545K(349568K)
[18.840s][info][gc,metaspace   ] GC(462) Metaspace: 30854K(31168K)->30854K(31168K) NonClass: 27579K(27712K)->27579K(27712K) Class: 3274K(3456K)->3274K(3456K)
[18.840s][info][gc             ] GC(462) Pause Full (Allocation Failure) 494M->380M(494M) 27.175ms
[18.840s][info][gc,cpu         ] GC(462) User=0.02s Sys=0.00s Real=0.03s
[18.851s][info][gc,start       ] GC(463) Pause Full (Allocation Failure)
[18.851s][info][gc,phases,start] GC(463) Phase 1: Mark live objects
[18.860s][info][gc,phases      ] GC(463) Phase 1: Mark live objects 9.145ms
[18.860s][info][gc,phases,start] GC(463) Phase 2: Compute new object addresses
[18.865s][info][gc,phases      ] GC(463) Phase 2: Compute new object addresses 4.727ms
[18.865s][info][gc,phases,start] GC(463) Phase 3: Adjust pointers
[18.871s][info][gc,phases      ] GC(463) Phase 3: Adjust pointers 6.343ms
[18.871s][info][gc,phases,start] GC(463) Phase 4: Move objects
[18.885s][info][gc,phases      ] GC(463) Phase 4: Move objects 13.835ms
[18.885s][info][gc,heap        ] GC(463) DefNew: 156778K(157248K)->37926K(157248K) Eden: 139776K(139776K)->37926K(139776K) From: 17002K(17472K)->0K(17472K)
[18.885s][info][gc,heap        ] GC(463) Tenured: 349545K(349568K)->349509K(349568K)
[18.885s][info][gc,metaspace   ] GC(463) Metaspace: 30854K(31168K)->30854K(31168K) NonClass: 27579K(27712K)->27579K(27712K) Class: 3274K(3456K)->3274K(3456K)
[18.885s][info][gc             ] GC(463) Pause Full (Allocation Failure) 494M->378M(494M) 34.501ms
[18.885s][info][gc,cpu         ] GC(463) User=0.04s Sys=0.00s Real=0.04s
[18.896s][info][gc,start       ] GC(464) Pause Full (Allocation Failure)
[18.896s][info][gc,phases,start] GC(464) Phase 1: Mark live objects
[18.905s][info][gc,phases      ] GC(464) Phase 1: Mark live objects 8.840ms
[18.905s][info][gc,phases,start] GC(464) Phase 2: Compute new object addresses
[18.910s][info][gc,phases      ] GC(464) Phase 2: Compute new object addresses 4.681ms
[18.910s][info][gc,phases,start] GC(464) Phase 3: Adjust pointers
[18.916s][info][gc,phases      ] GC(464) Phase 3: Adjust pointers 6.104ms
[18.916s][info][gc,phases,start] GC(464) Phase 4: Move objects
[18.931s][info][gc,phases      ] GC(464) Phase 4: Move objects 14.837ms
[18.931s][info][gc,heap        ] GC(464) DefNew: 156915K(157248K)->31126K(157248K) Eden: 139776K(139776K)->31126K(139776K) From: 17139K(17472K)->0K(17472K)
[18.931s][info][gc,heap        ] GC(464) Tenured: 349509K(349568K)->349549K(349568K)
[18.931s][info][gc,metaspace   ] GC(464) Metaspace: 30854K(31168K)->30854K(31168K) NonClass: 27579K(27712K)->27579K(27712K) Class: 3274K(3456K)->3274K(3456K)
[18.931s][info][gc             ] GC(464) Pause Full (Allocation Failure) 494M->371M(494M) 34.993ms
[18.931s][info][gc,cpu         ] GC(464) User=0.03s Sys=0.01s Real=0.03s
[18.937s][info][gc,start       ] GC(465) Pause Full (Allocation Failure)
[18.937s][info][gc,phases,start] GC(465) Phase 1: Mark live objects
[18.946s][info][gc,phases      ] GC(465) Phase 1: Mark live objects 9.289ms
[18.946s][info][gc,phases,start] GC(465) Phase 2: Compute new object addresses
[18.951s][info][gc,phases      ] GC(465) Phase 2: Compute new object addresses 4.766ms
[18.951s][info][gc,phases,start] GC(465) Phase 3: Adjust pointers
[18.957s][info][gc,phases      ] GC(465) Phase 3: Adjust pointers 6.295ms
[18.957s][info][gc,phases,start] GC(465) Phase 4: Move objects
[18.977s][info][gc,phases      ] GC(465) Phase 4: Move objects 19.552ms
[18.977s][info][gc,heap        ] GC(465) DefNew: 157052K(157248K)->20912K(157248K) Eden: 139776K(139776K)->20912K(139776K) From: 17276K(17472K)->0K(17472K)
[18.977s][info][gc,heap        ] GC(465) Tenured: 349549K(349568K)->349552K(349568K)
[18.977s][info][gc,metaspace   ] GC(465) Metaspace: 30854K(31168K)->30854K(31168K) NonClass: 27580K(27712K)->27580K(27712K) Class: 3274K(3456K)->3274K(3456K)
[18.977s][info][gc             ] GC(465) Pause Full (Allocation Failure) 494M->361M(494M) 40.368ms
[18.977s][info][gc,cpu         ] GC(465) User=0.04s Sys=0.00s Real=0.04s
[18.988s][info][gc,start       ] GC(466) Pause Full (Allocation Failure)
[18.988s][info][gc,phases,start] GC(466) Phase 1: Mark live objects
[18.996s][info][gc,phases      ] GC(466) Phase 1: Mark live objects 8.098ms
[18.996s][info][gc,phases,start] GC(466) Phase 2: Compute new object addresses
[19.001s][info][gc,phases      ] GC(466) Phase 2: Compute new object addresses 5.545ms
[19.001s][info][gc,phases,start] GC(466) Phase 3: Adjust pointers
[19.008s][info][gc,phases      ] GC(466) Phase 3: Adjust pointers 7.056ms
[19.009s][info][gc,phases,start] GC(466) Phase 4: Move objects
[19.012s][info][gc,phases      ] GC(466) Phase 4: Move objects 3.740ms
[19.012s][info][gc,heap        ] GC(466) DefNew: 156545K(157248K)->37594K(157248K) Eden: 139776K(139776K)->37594K(139776K) From: 16769K(17472K)->0K(17472K)
[19.013s][info][gc,heap        ] GC(466) Tenured: 349552K(349568K)->349346K(349568K)
[19.013s][info][gc,metaspace   ] GC(466) Metaspace: 30854K(31168K)->30854K(31168K) NonClass: 27580K(27712K)->27580K(27712K) Class: 3274K(3456K)->3274K(3456K)
[19.013s][info][gc             ] GC(466) Pause Full (Allocation Failure) 494M->377M(494M) 24.885ms
[19.013s][info][gc,cpu         ] GC(466) User=0.02s Sys=0.00s Real=0.02s
[19.031s][info][gc,start       ] GC(467) Pause Full (Allocation Failure)
[19.031s][info][gc,phases,start] GC(467) Phase 1: Mark live objects
[19.040s][info][gc,phases      ] GC(467) Phase 1: Mark live objects 8.974ms
[19.040s][info][gc,phases,start] GC(467) Phase 2: Compute new object addresses
[19.044s][info][gc,phases      ] GC(467) Phase 2: Compute new object addresses 4.164ms
[19.044s][info][gc,phases,start] GC(467) Phase 3: Adjust pointers
[19.050s][info][gc,phases      ] GC(467) Phase 3: Adjust pointers 5.728ms
[19.050s][info][gc,phases,start] GC(467) Phase 4: Move objects
[19.063s][info][gc,phases      ] GC(467) Phase 4: Move objects 13.256ms
[19.064s][info][gc,heap        ] GC(467) DefNew: 157248K(157248K)->29161K(157248K) Eden: 139776K(139776K)->29161K(139776K) From: 17472K(17472K)->0K(17472K)
[19.064s][info][gc,heap        ] GC(467) Tenured: 349521K(349568K)->349530K(349568K)
[19.064s][info][gc,metaspace   ] GC(467) Metaspace: 30854K(31168K)->30854K(31168K) NonClass: 27580K(27712K)->27580K(27712K) Class: 3274K(3456K)->3274K(3456K)
[19.064s][info][gc             ] GC(467) Pause Full (Allocation Failure) 494M->369M(494M) 32.571ms
[19.064s][info][gc,cpu         ] GC(467) User=0.03s Sys=0.00s Real=0.03s
[19.071s][info][gc,start       ] GC(468) Pause Full (Allocation Failure)
[19.071s][info][gc,phases,start] GC(468) Phase 1: Mark live objects
[19.080s][info][gc,phases      ] GC(468) Phase 1: Mark live objects 8.513ms
[19.080s][info][gc,phases,start] GC(468) Phase 2: Compute new object addresses
[19.084s][info][gc,phases      ] GC(468) Phase 2: Compute new object addresses 4.467ms
[19.084s][info][gc,phases,start] GC(468) Phase 3: Adjust pointers
[19.090s][info][gc,phases      ] GC(468) Phase 3: Adjust pointers 6.157ms
[19.090s][info][gc,phases,start] GC(468) Phase 4: Move objects
[19.105s][info][gc,phases      ] GC(468) Phase 4: Move objects 14.149ms
[19.105s][info][gc,heap        ] GC(468) DefNew: 157138K(157248K)->34313K(157248K) Eden: 139776K(139776K)->34313K(139776K) From: 17362K(17472K)->0K(17472K)
[19.105s][info][gc,heap        ] GC(468) Tenured: 349530K(349568K)->349513K(349568K)
[19.105s][info][gc,metaspace   ] GC(468) Metaspace: 30861K(31168K)->30861K(31168K) NonClass: 27585K(27712K)->27585K(27712K) Class: 3276K(3456K)->3276K(3456K)
[19.105s][info][gc             ] GC(468) Pause Full (Allocation Failure) 494M->374M(494M) 33.736ms
[19.105s][info][gc,cpu         ] GC(468) User=0.04s Sys=0.00s Real=0.04s
[19.115s][info][gc,start       ] GC(469) Pause Full (Allocation Failure)
[19.116s][info][gc,phases,start] GC(469) Phase 1: Mark live objects
[19.124s][info][gc,phases      ] GC(469) Phase 1: Mark live objects 8.458ms
[19.124s][info][gc,phases,start] GC(469) Phase 2: Compute new object addresses
[19.129s][info][gc,phases      ] GC(469) Phase 2: Compute new object addresses 4.678ms
[19.129s][info][gc,phases,start] GC(469) Phase 3: Adjust pointers
[19.136s][info][gc,phases      ] GC(469) Phase 3: Adjust pointers 7.534ms
[19.136s][info][gc,phases,start] GC(469) Phase 4: Move objects
[19.161s][info][gc,phases      ] GC(469) Phase 4: Move objects 24.683ms
[19.161s][info][gc,heap        ] GC(469) DefNew: 156834K(157248K)->13412K(157248K) Eden: 139776K(139776K)->13412K(139776K) From: 17058K(17472K)->0K(17472K)
[19.161s][info][gc,heap        ] GC(469) Tenured: 349513K(349568K)->349388K(349568K)
[19.161s][info][gc,metaspace   ] GC(469) Metaspace: 30861K(31168K)->30861K(31168K) NonClass: 27585K(27712K)->27585K(27712K) Class: 3276K(3456K)->3276K(3456K)
[19.161s][info][gc             ] GC(469) Pause Full (Allocation Failure) 494M->354M(494M) 45.822ms
[19.161s][info][gc,cpu         ] GC(469) User=0.05s Sys=0.00s Real=0.05s
[19.172s][info][gc,start       ] GC(470) Pause Full (Allocation Failure)
[19.172s][info][gc,phases,start] GC(470) Phase 1: Mark live objects
[19.181s][info][gc,phases      ] GC(470) Phase 1: Mark live objects 8.395ms
[19.181s][info][gc,phases,start] GC(470) Phase 2: Compute new object addresses
[19.185s][info][gc,phases      ] GC(470) Phase 2: Compute new object addresses 4.131ms
[19.185s][info][gc,phases,start] GC(470) Phase 3: Adjust pointers
[19.190s][info][gc,phases      ] GC(470) Phase 3: Adjust pointers 5.055ms
[19.190s][info][gc,phases,start] GC(470) Phase 4: Move objects
[19.194s][info][gc,phases      ] GC(470) Phase 4: Move objects 4.362ms
[19.194s][info][gc,heap        ] GC(470) DefNew: 157038K(157248K)->30341K(157248K) Eden: 139776K(139776K)->30341K(139776K) From: 17262K(17472K)->0K(17472K)
[19.194s][info][gc,heap        ] GC(470) Tenured: 349388K(349568K)->349336K(349568K)
[19.194s][info][gc,metaspace   ] GC(470) Metaspace: 30861K(31168K)->30861K(31168K) NonClass: 27585K(27712K)->27585K(27712K) Class: 3276K(3456K)->3276K(3456K)
[19.194s][info][gc             ] GC(470) Pause Full (Allocation Failure) 494M->370M(494M) 22.346ms
[19.194s][info][gc,cpu         ] GC(470) User=0.02s Sys=0.01s Real=0.02s
[19.205s][info][gc,start       ] GC(471) Pause Full (Allocation Failure)
[19.205s][info][gc,phases,start] GC(471) Phase 1: Mark live objects
[19.214s][info][gc,phases      ] GC(471) Phase 1: Mark live objects 8.845ms
[19.214s][info][gc,phases,start] GC(471) Phase 2: Compute new object addresses
[19.218s][info][gc,phases      ] GC(471) Phase 2: Compute new object addresses 4.410ms
[19.218s][info][gc,phases,start] GC(471) Phase 3: Adjust pointers
[19.224s][info][gc,phases      ] GC(471) Phase 3: Adjust pointers 5.776ms
[19.224s][info][gc,phases,start] GC(471) Phase 4: Move objects
[19.237s][info][gc,phases      ] GC(471) Phase 4: Move objects 12.600ms
[19.237s][info][gc,heap        ] GC(471) DefNew: 156332K(157248K)->28673K(157248K) Eden: 139776K(139776K)->28673K(139776K) From: 16556K(17472K)->0K(17472K)
[19.237s][info][gc,heap        ] GC(471) Tenured: 349336K(349568K)->349512K(349568K)
[19.237s][info][gc,metaspace   ] GC(471) Metaspace: 30861K(31168K)->30861K(31168K) NonClass: 27585K(27712K)->27585K(27712K) Class: 3276K(3456K)->3276K(3456K)
[19.237s][info][gc             ] GC(471) Pause Full (Allocation Failure) 493M->369M(494M) 32.078ms
[19.237s][info][gc,cpu         ] GC(471) User=0.03s Sys=0.00s Real=0.03s
[19.247s][info][gc,start       ] GC(472) Pause Full (Allocation Failure)
[19.248s][info][gc,phases,start] GC(472) Phase 1: Mark live objects
[19.258s][info][gc,phases      ] GC(472) Phase 1: Mark live objects 10.106ms
[19.258s][info][gc,phases,start] GC(472) Phase 2: Compute new object addresses
[19.262s][info][gc,phases      ] GC(472) Phase 2: Compute new object addresses 3.974ms
[19.262s][info][gc,phases,start] GC(472) Phase 3: Adjust pointers
[19.267s][info][gc,phases      ] GC(472) Phase 3: Adjust pointers 5.232ms
[19.267s][info][gc,phases,start] GC(472) Phase 4: Move objects
[19.279s][info][gc,phases      ] GC(472) Phase 4: Move objects 11.922ms
[19.279s][info][gc,heap        ] GC(472) DefNew: 156361K(157248K)->26754K(157248K) Eden: 139776K(139776K)->26754K(139776K) From: 16585K(17472K)->0K(17472K)
[19.279s][info][gc,heap        ] GC(472) Tenured: 349512K(349568K)->349549K(349568K)
[19.279s][info][gc,metaspace   ] GC(472) Metaspace: 30861K(31168K)->30861K(31168K) NonClass: 27585K(27712K)->27585K(27712K) Class: 3276K(3456K)->3276K(3456K)
[19.279s][info][gc             ] GC(472) Pause Full (Allocation Failure) 494M->367M(494M) 31.652ms
[19.279s][info][gc,cpu         ] GC(472) User=0.03s Sys=0.00s Real=0.03s
[19.290s][info][gc,start       ] GC(473) Pause Full (Allocation Failure)
[19.290s][info][gc,phases,start] GC(473) Phase 1: Mark live objects
[19.299s][info][gc,phases      ] GC(473) Phase 1: Mark live objects 8.850ms
[19.299s][info][gc,phases,start] GC(473) Phase 2: Compute new object addresses
[19.303s][info][gc,phases      ] GC(473) Phase 2: Compute new object addresses 4.836ms
[19.303s][info][gc,phases,start] GC(473) Phase 3: Adjust pointers
[19.310s][info][gc,phases      ] GC(473) Phase 3: Adjust pointers 6.425ms
[19.310s][info][gc,phases,start] GC(473) Phase 4: Move objects
[19.336s][info][gc,phases      ] GC(473) Phase 4: Move objects 25.675ms
[19.336s][info][gc,heap        ] GC(473) DefNew: 157063K(157248K)->10304K(157248K) Eden: 139776K(139776K)->10304K(139776K) From: 17287K(17472K)->0K(17472K)
[19.336s][info][gc,heap        ] GC(473) Tenured: 349549K(349568K)->349383K(349568K)
[19.336s][info][gc,metaspace   ] GC(473) Metaspace: 30861K(31168K)->30861K(31168K) NonClass: 27585K(27712K)->27585K(27712K) Class: 3276K(3456K)->3276K(3456K)
[19.336s][info][gc             ] GC(473) Pause Full (Allocation Failure) 494M->351M(494M) 46.218ms
[19.336s][info][gc,cpu         ] GC(473) User=0.05s Sys=0.00s Real=0.05s
[19.351s][info][gc,start       ] GC(474) Pause Full (Allocation Failure)
[19.351s][info][gc,phases,start] GC(474) Phase 1: Mark live objects
[19.359s][info][gc,phases      ] GC(474) Phase 1: Mark live objects 7.913ms
[19.359s][info][gc,phases,start] GC(474) Phase 2: Compute new object addresses
[19.363s][info][gc,phases      ] GC(474) Phase 2: Compute new object addresses 4.386ms
[19.363s][info][gc,phases,start] GC(474) Phase 3: Adjust pointers
[19.369s][info][gc,phases      ] GC(474) Phase 3: Adjust pointers 5.408ms
[19.369s][info][gc,phases,start] GC(474) Phase 4: Move objects
[19.372s][info][gc,phases      ] GC(474) Phase 4: Move objects 3.578ms
[19.373s][info][gc,heap        ] GC(474) DefNew: 157135K(157248K)->24947K(157248K) Eden: 139776K(139776K)->24947K(139776K) From: 17359K(17472K)->0K(17472K)
[19.373s][info][gc,heap        ] GC(474) Tenured: 349383K(349568K)->349551K(349568K)
[19.373s][info][gc,metaspace   ] GC(474) Metaspace: 30861K(31168K)->30861K(31168K) NonClass: 27585K(27712K)->27585K(27712K) Class: 3276K(3456K)->3276K(3456K)
[19.373s][info][gc             ] GC(474) Pause Full (Allocation Failure) 494M->365M(494M) 21.718ms
[19.373s][info][gc,cpu         ] GC(474) User=0.02s Sys=0.00s Real=0.02s
[19.382s][info][gc,start       ] GC(475) Pause Full (Allocation Failure)
[19.382s][info][gc,phases,start] GC(475) Phase 1: Mark live objects
[19.391s][info][gc,phases      ] GC(475) Phase 1: Mark live objects 8.941ms
[19.391s][info][gc,phases,start] GC(475) Phase 2: Compute new object addresses
[19.396s][info][gc,phases      ] GC(475) Phase 2: Compute new object addresses 5.032ms
[19.396s][info][gc,phases,start] GC(475) Phase 3: Adjust pointers
[19.403s][info][gc,phases      ] GC(475) Phase 3: Adjust pointers 6.517ms
[19.403s][info][gc,phases,start] GC(475) Phase 4: Move objects
[19.416s][info][gc,phases      ] GC(475) Phase 4: Move objects 12.643ms
[19.416s][info][gc,heap        ] GC(475) DefNew: 156871K(157248K)->26867K(157248K) Eden: 139776K(139776K)->26867K(139776K) From: 17095K(17472K)->0K(17472K)
[19.416s][info][gc,heap        ] GC(475) Tenured: 349551K(349568K)->349515K(349568K)
[19.416s][info][gc,metaspace   ] GC(475) Metaspace: 30861K(31168K)->30861K(31168K) NonClass: 27585K(27712K)->27585K(27712K) Class: 3276K(3456K)->3276K(3456K)
[19.416s][info][gc             ] GC(475) Pause Full (Allocation Failure) 494M->367M(494M) 33.611ms
[19.416s][info][gc,cpu         ] GC(475) User=0.03s Sys=0.00s Real=0.04s
[19.427s][info][gc,start       ] GC(476) Pause Full (Allocation Failure)
[19.427s][info][gc,phases,start] GC(476) Phase 1: Mark live objects
[19.435s][info][gc,phases      ] GC(476) Phase 1: Mark live objects 8.252ms
[19.435s][info][gc,phases,start] GC(476) Phase 2: Compute new object addresses
[19.439s][info][gc,phases      ] GC(476) Phase 2: Compute new object addresses 4.330ms
[19.439s][info][gc,phases,start] GC(476) Phase 3: Adjust pointers
[19.445s][info][gc,phases      ] GC(476) Phase 3: Adjust pointers 6.119ms
[19.445s][info][gc,phases,start] GC(476) Phase 4: Move objects
[19.458s][info][gc,phases      ] GC(476) Phase 4: Move objects 12.353ms
[19.458s][info][gc,heap        ] GC(476) DefNew: 156842K(157248K)->24438K(157248K) Eden: 139776K(139776K)->24438K(139776K) From: 17066K(17472K)->0K(17472K)
[19.458s][info][gc,heap        ] GC(476) Tenured: 349515K(349568K)->349550K(349568K)
[19.458s][info][gc,metaspace   ] GC(476) Metaspace: 30861K(31168K)->30861K(31168K) NonClass: 27585K(27712K)->27585K(27712K) Class: 3276K(3456K)->3276K(3456K)
[19.458s][info][gc             ] GC(476) Pause Full (Allocation Failure) 494M->365M(494M) 31.490ms
[19.458s][info][gc,cpu         ] GC(476) User=0.03s Sys=0.00s Real=0.03s
[19.468s][info][gc,start       ] GC(477) Pause Full (Allocation Failure)
[19.468s][info][gc,phases,start] GC(477) Phase 1: Mark live objects
[19.476s][info][gc,phases      ] GC(477) Phase 1: Mark live objects 8.362ms
[19.476s][info][gc,phases,start] GC(477) Phase 2: Compute new object addresses
[19.481s][info][gc,phases      ] GC(477) Phase 2: Compute new object addresses 4.355ms
[19.481s][info][gc,phases,start] GC(477) Phase 3: Adjust pointers
[19.487s][info][gc,phases      ] GC(477) Phase 3: Adjust pointers 6.200ms
[19.487s][info][gc,phases,start] GC(477) Phase 4: Move objects
[19.513s][info][gc,phases      ] GC(477) Phase 4: Move objects 25.831ms
[19.513s][info][gc,heap        ] GC(477) DefNew: 157005K(157248K)->7222K(157248K) Eden: 139776K(139776K)->7222K(139776K) From: 17229K(17472K)->0K(17472K)
[19.513s][info][gc,heap        ] GC(477) Tenured: 349550K(349568K)->349380K(349568K)
[19.513s][info][gc,metaspace   ] GC(477) Metaspace: 30861K(31168K)->30861K(31168K) NonClass: 27585K(27712K)->27585K(27712K) Class: 3276K(3456K)->3276K(3456K)
[19.513s][info][gc             ] GC(477) Pause Full (Allocation Failure) 494M->348M(494M) 45.224ms
[19.513s][info][gc,cpu         ] GC(477) User=0.05s Sys=0.00s Real=0.04s
[19.524s][info][gc,start       ] GC(478) Pause Full (Allocation Failure)
[19.524s][info][gc,phases,start] GC(478) Phase 1: Mark live objects
[19.532s][info][gc,phases      ] GC(478) Phase 1: Mark live objects 7.847ms
[19.532s][info][gc,phases,start] GC(478) Phase 2: Compute new object addresses
[19.536s][info][gc,phases      ] GC(478) Phase 2: Compute new object addresses 4.205ms
[19.536s][info][gc,phases,start] GC(478) Phase 3: Adjust pointers
[19.541s][info][gc,phases      ] GC(478) Phase 3: Adjust pointers 5.085ms
[19.541s][info][gc,phases,start] GC(478) Phase 4: Move objects
[19.545s][info][gc,phases      ] GC(478) Phase 4: Move objects 3.870ms
[19.545s][info][gc,heap        ] GC(478) DefNew: 157127K(157248K)->25230K(157248K) Eden: 139776K(139776K)->25230K(139776K) From: 17351K(17472K)->0K(17472K)
[19.545s][info][gc,heap        ] GC(478) Tenured: 349380K(349568K)->349544K(349568K)
[19.545s][info][gc,metaspace   ] GC(478) Metaspace: 30861K(31168K)->30861K(31168K) NonClass: 27585K(27712K)->27585K(27712K) Class: 3276K(3456K)->3276K(3456K)
[19.545s][info][gc             ] GC(478) Pause Full (Allocation Failure) 494M->365M(494M) 21.430ms
[19.545s][info][gc,cpu         ] GC(478) User=0.03s Sys=0.00s Real=0.03s
[19.556s][info][gc,start       ] GC(479) Pause Full (Allocation Failure)
[19.556s][info][gc,phases,start] GC(479) Phase 1: Mark live objects
[19.564s][info][gc,phases      ] GC(479) Phase 1: Mark live objects 8.154ms
[19.564s][info][gc,phases,start] GC(479) Phase 2: Compute new object addresses
[19.569s][info][gc,phases      ] GC(479) Phase 2: Compute new object addresses 4.349ms
[19.569s][info][gc,phases,start] GC(479) Phase 3: Adjust pointers
[19.575s][info][gc,phases      ] GC(479) Phase 3: Adjust pointers 5.949ms
[19.575s][info][gc,phases,start] GC(479) Phase 4: Move objects
[19.586s][info][gc,phases      ] GC(479) Phase 4: Move objects 11.104ms
[19.586s][info][gc,heap        ] GC(479) DefNew: 157230K(157248K)->27386K(157248K) Eden: 139776K(139776K)->27386K(139776K) From: 17454K(17472K)->0K(17472K)
[19.586s][info][gc,heap        ] GC(479) Tenured: 349544K(349568K)->349513K(349568K)
[19.586s][info][gc,metaspace   ] GC(479) Metaspace: 30861K(31168K)->30861K(31168K) NonClass: 27585K(27712K)->27585K(27712K) Class: 3276K(3456K)->3276K(3456K)
[19.586s][info][gc             ] GC(479) Pause Full (Allocation Failure) 494M->368M(494M) 30.026ms
[19.586s][info][gc,cpu         ] GC(479) User=0.03s Sys=0.00s Real=0.03s
[19.596s][info][gc,start       ] GC(480) Pause Full (Allocation Failure)
[19.596s][info][gc,phases,start] GC(480) Phase 1: Mark live objects
[19.605s][info][gc,phases      ] GC(480) Phase 1: Mark live objects 8.458ms
[19.605s][info][gc,phases,start] GC(480) Phase 2: Compute new object addresses
[19.609s][info][gc,phases      ] GC(480) Phase 2: Compute new object addresses 4.098ms
[19.609s][info][gc,phases,start] GC(480) Phase 3: Adjust pointers
[19.614s][info][gc,phases      ] GC(480) Phase 3: Adjust pointers 5.269ms
[19.614s][info][gc,phases,start] GC(480) Phase 4: Move objects
[19.627s][info][gc,phases      ] GC(480) Phase 4: Move objects 12.216ms
[19.627s][info][gc,heap        ] GC(480) DefNew: 156567K(157248K)->26522K(157248K) Eden: 139776K(139776K)->26522K(139776K) From: 16791K(17472K)->0K(17472K)
[19.627s][info][gc,heap        ] GC(480) Tenured: 349513K(349568K)->349369K(349568K)
[19.627s][info][gc,metaspace   ] GC(480) Metaspace: 30861K(31168K)->30861K(31168K) NonClass: 27585K(27712K)->27585K(27712K) Class: 3276K(3456K)->3276K(3456K)
[19.627s][info][gc             ] GC(480) Pause Full (Allocation Failure) 494M->367M(494M) 30.455ms
[19.627s][info][gc,cpu         ] GC(480) User=0.03s Sys=0.00s Real=0.03s
[19.634s][info][gc,start       ] GC(481) Pause Full (Allocation Failure)
[19.634s][info][gc,phases,start] GC(481) Phase 1: Mark live objects
[19.642s][info][gc,phases      ] GC(481) Phase 1: Mark live objects 8.164ms
[19.642s][info][gc,phases,start] GC(481) Phase 2: Compute new object addresses
[19.646s][info][gc,phases      ] GC(481) Phase 2: Compute new object addresses 3.928ms
[19.646s][info][gc,phases,start] GC(481) Phase 3: Adjust pointers
[19.651s][info][gc,phases      ] GC(481) Phase 3: Adjust pointers 5.129ms
[19.651s][info][gc,phases,start] GC(481) Phase 4: Move objects
[19.665s][info][gc,phases      ] GC(481) Phase 4: Move objects 14.347ms
[19.666s][info][gc,heap        ] GC(481) DefNew: 157039K(157248K)->17202K(157248K) Eden: 139776K(139776K)->17202K(139776K) From: 17263K(17472K)->0K(17472K)
[19.666s][info][gc,heap        ] GC(481) Tenured: 349369K(349568K)->349314K(349568K)
[19.666s][info][gc,metaspace   ] GC(481) Metaspace: 30861K(31168K)->30861K(31168K) NonClass: 27585K(27712K)->27585K(27712K) Class: 3276K(3456K)->3276K(3456K)
[19.666s][info][gc             ] GC(481) Pause Full (Allocation Failure) 494M->357M(494M) 31.955ms
[19.666s][info][gc,cpu         ] GC(481) User=0.03s Sys=0.00s Real=0.04s
[19.673s][info][gc,start       ] GC(482) Pause Full (Allocation Failure)
[19.673s][info][gc,phases,start] GC(482) Phase 1: Mark live objects
[19.682s][info][gc,phases      ] GC(482) Phase 1: Mark live objects 8.686ms
[19.682s][info][gc,phases,start] GC(482) Phase 2: Compute new object addresses
[19.687s][info][gc,phases      ] GC(482) Phase 2: Compute new object addresses 4.963ms
[19.687s][info][gc,phases,start] GC(482) Phase 3: Adjust pointers
[19.695s][info][gc,phases      ] GC(482) Phase 3: Adjust pointers 8.112ms
[19.695s][info][gc,phases,start] GC(482) Phase 4: Move objects
[19.700s][info][gc,phases      ] GC(482) Phase 4: Move objects 4.951ms
[19.700s][info][gc,heap        ] GC(482) DefNew: 157037K(157248K)->41982K(157248K) Eden: 139776K(139776K)->41982K(139776K) From: 17261K(17472K)->0K(17472K)
[19.700s][info][gc,heap        ] GC(482) Tenured: 349314K(349568K)->349550K(349568K)
[19.700s][info][gc,metaspace   ] GC(482) Metaspace: 30861K(31168K)->30861K(31168K) NonClass: 27585K(27712K)->27585K(27712K) Class: 3276K(3456K)->3276K(3456K)
[19.700s][info][gc             ] GC(482) Pause Full (Allocation Failure) 494M->382M(494M) 27.319ms
[19.700s][info][gc,cpu         ] GC(482) User=0.03s Sys=0.00s Real=0.03s
[19.711s][info][gc,start       ] GC(483) Pause Full (Allocation Failure)
[19.711s][info][gc,phases,start] GC(483) Phase 1: Mark live objects
[19.722s][info][gc,phases      ] GC(483) Phase 1: Mark live objects 10.388ms
[19.722s][info][gc,phases,start] GC(483) Phase 2: Compute new object addresses
[19.726s][info][gc,phases      ] GC(483) Phase 2: Compute new object addresses 4.490ms
[19.726s][info][gc,phases,start] GC(483) Phase 3: Adjust pointers
[19.733s][info][gc,phases      ] GC(483) Phase 3: Adjust pointers 6.442ms
[19.733s][info][gc,phases,start] GC(483) Phase 4: Move objects
[19.745s][info][gc,phases      ] GC(483) Phase 4: Move objects 12.122ms
[19.745s][info][gc,heap        ] GC(483) DefNew: 156808K(157248K)->37902K(157248K) Eden: 139776K(139776K)->37902K(139776K) From: 17032K(17472K)->0K(17472K)
[19.745s][info][gc,heap        ] GC(483) Tenured: 349550K(349568K)->348746K(349568K)
[19.745s][info][gc,metaspace   ] GC(483) Metaspace: 30861K(31168K)->30861K(31168K) NonClass: 27585K(27712K)->27585K(27712K) Class: 3276K(3456K)->3276K(3456K)
[19.745s][info][gc             ] GC(483) Pause Full (Allocation Failure) 494M->377M(494M) 33.930ms
[19.745s][info][gc,cpu         ] GC(483) User=0.04s Sys=0.00s Real=0.04s
[19.751s][info][gc,start       ] GC(484) Pause Full (Allocation Failure)
[19.751s][info][gc,phases,start] GC(484) Phase 1: Mark live objects
[19.760s][info][gc,phases      ] GC(484) Phase 1: Mark live objects 8.914ms
[19.760s][info][gc,phases,start] GC(484) Phase 2: Compute new object addresses
[19.765s][info][gc,phases      ] GC(484) Phase 2: Compute new object addresses 4.474ms
[19.765s][info][gc,phases,start] GC(484) Phase 3: Adjust pointers
[19.771s][info][gc,phases      ] GC(484) Phase 3: Adjust pointers 5.901ms
[19.771s][info][gc,phases,start] GC(484) Phase 4: Move objects
[19.783s][info][gc,phases      ] GC(484) Phase 4: Move objects 12.430ms
[19.784s][info][gc,heap        ] GC(484) DefNew: 157054K(157248K)->43952K(157248K) Eden: 139776K(139776K)->43952K(139776K) From: 17278K(17472K)->0K(17472K)
[19.784s][info][gc,heap        ] GC(484) Tenured: 349514K(349568K)->349514K(349568K)
[19.784s][info][gc,metaspace   ] GC(484) Metaspace: 30861K(31168K)->30861K(31168K) NonClass: 27585K(27712K)->27585K(27712K) Class: 3276K(3456K)->3276K(3456K)
[19.784s][info][gc             ] GC(484) Pause Full (Allocation Failure) 494M->384M(494M) 32.199ms
[19.784s][info][gc,cpu         ] GC(484) User=0.04s Sys=0.00s Real=0.03s
[19.796s][info][gc,start       ] GC(485) Pause Full (Allocation Failure)
[19.796s][info][gc,phases,start] GC(485) Phase 1: Mark live objects
[19.805s][info][gc,phases      ] GC(485) Phase 1: Mark live objects 8.899ms
[19.805s][info][gc,phases,start] GC(485) Phase 2: Compute new object addresses
[19.810s][info][gc,phases      ] GC(485) Phase 2: Compute new object addresses 4.687ms
[19.810s][info][gc,phases,start] GC(485) Phase 3: Adjust pointers
[19.816s][info][gc,phases      ] GC(485) Phase 3: Adjust pointers 6.337ms
[19.816s][info][gc,phases,start] GC(485) Phase 4: Move objects
[19.831s][info][gc,phases      ] GC(485) Phase 4: Move objects 15.271ms
[19.832s][info][gc,heap        ] GC(485) DefNew: 157247K(157248K)->19175K(157248K) Eden: 139776K(139776K)->19175K(139776K) From: 17471K(17472K)->0K(17472K)
[19.832s][info][gc,heap        ] GC(485) Tenured: 349567K(349568K)->349475K(349568K)
[19.832s][info][gc,metaspace   ] GC(485) Metaspace: 30861K(31168K)->30861K(31168K) NonClass: 27585K(27712K)->27585K(27712K) Class: 3276K(3456K)->3276K(3456K)
[19.832s][info][gc             ] GC(485) Pause Full (Allocation Failure) 494M->360M(494M) 35.627ms
[19.832s][info][gc,cpu         ] GC(485) User=0.03s Sys=0.00s Real=0.03s
[19.842s][info][gc,start       ] GC(486) Pause Full (Allocation Failure)
[19.843s][info][gc,phases,start] GC(486) Phase 1: Mark live objects
[19.851s][info][gc,phases      ] GC(486) Phase 1: Mark live objects 8.455ms
[19.851s][info][gc,phases,start] GC(486) Phase 2: Compute new object addresses
[19.855s][info][gc,phases      ] GC(486) Phase 2: Compute new object addresses 4.366ms
[19.855s][info][gc,phases,start] GC(486) Phase 3: Adjust pointers
[19.861s][info][gc,phases      ] GC(486) Phase 3: Adjust pointers 5.478ms
[19.861s][info][gc,phases,start] GC(486) Phase 4: Move objects
[19.865s][info][gc,phases      ] GC(486) Phase 4: Move objects 3.922ms
[19.865s][info][gc,heap        ] GC(486) DefNew: 156774K(157248K)->35735K(157248K) Eden: 139776K(139776K)->35735K(139776K) From: 16998K(17472K)->0K(17472K)
[19.865s][info][gc,heap        ] GC(486) Tenured: 349475K(349568K)->349523K(349568K)
[19.865s][info][gc,metaspace   ] GC(486) Metaspace: 30861K(31168K)->30861K(31168K) NonClass: 27585K(27712K)->27585K(27712K) Class: 3276K(3456K)->3276K(3456K)
[19.865s][info][gc             ] GC(486) Pause Full (Allocation Failure) 494M->376M(494M) 22.634ms
[19.865s][info][gc,cpu         ] GC(486) User=0.03s Sys=0.00s Real=0.03s
[19.871s][info][gc,start       ] GC(487) Pause Full (Allocation Failure)
[19.871s][info][gc,phases,start] GC(487) Phase 1: Mark live objects
[19.880s][info][gc,phases      ] GC(487) Phase 1: Mark live objects 8.889ms
[19.880s][info][gc,phases,start] GC(487) Phase 2: Compute new object addresses
[19.884s][info][gc,phases      ] GC(487) Phase 2: Compute new object addresses 4.580ms
[19.885s][info][gc,phases,start] GC(487) Phase 3: Adjust pointers
[19.891s][info][gc,phases      ] GC(487) Phase 3: Adjust pointers 6.619ms
[19.891s][info][gc,phases,start] GC(487) Phase 4: Move objects
[19.902s][info][gc,phases      ] GC(487) Phase 4: Move objects 11.087ms
[19.902s][info][gc,heap        ] GC(487) DefNew: 157035K(157248K)->39719K(157248K) Eden: 139776K(139776K)->39719K(139776K) From: 17259K(17472K)->0K(17472K)
[19.902s][info][gc,heap        ] GC(487) Tenured: 349523K(349568K)->349477K(349568K)
[19.902s][info][gc,metaspace   ] GC(487) Metaspace: 30861K(31168K)->30861K(31168K) NonClass: 27585K(27712K)->27585K(27712K) Class: 3276K(3456K)->3276K(3456K)
[19.903s][info][gc             ] GC(487) Pause Full (Allocation Failure) 494M->380M(494M) 31.660ms
[19.903s][info][gc,cpu         ] GC(487) User=0.03s Sys=0.00s Real=0.03s
[19.912s][info][gc,start       ] GC(488) Pause Full (Allocation Failure)
[19.912s][info][gc,phases,start] GC(488) Phase 1: Mark live objects
[19.920s][info][gc,phases      ] GC(488) Phase 1: Mark live objects 8.123ms
[19.920s][info][gc,phases,start] GC(488) Phase 2: Compute new object addresses
[19.924s][info][gc,phases      ] GC(488) Phase 2: Compute new object addresses 4.143ms
[19.925s][info][gc,phases,start] GC(488) Phase 3: Adjust pointers
[19.930s][info][gc,phases      ] GC(488) Phase 3: Adjust pointers 5.654ms
[19.930s][info][gc,phases,start] GC(488) Phase 4: Move objects
[19.943s][info][gc,phases      ] GC(488) Phase 4: Move objects 13.020ms
[19.943s][info][gc,heap        ] GC(488) DefNew: 157068K(157248K)->37040K(157248K) Eden: 139776K(139776K)->37040K(139776K) From: 17292K(17472K)->0K(17472K)
[19.943s][info][gc,heap        ] GC(488) Tenured: 349477K(349568K)->349516K(349568K)
[19.943s][info][gc,metaspace   ] GC(488) Metaspace: 30861K(31168K)->30861K(31168K) NonClass: 27585K(27712K)->27585K(27712K) Class: 3276K(3456K)->3276K(3456K)
[19.943s][info][gc             ] GC(488) Pause Full (Allocation Failure) 494M->377M(494M) 31.355ms
[19.943s][info][gc,cpu         ] GC(488) User=0.03s Sys=0.00s Real=0.03s
[19.954s][info][gc,start       ] GC(489) Pause Full (Allocation Failure)
[19.954s][info][gc,phases,start] GC(489) Phase 1: Mark live objects
[19.963s][info][gc,phases      ] GC(489) Phase 1: Mark live objects 8.996ms
[19.963s][info][gc,phases,start] GC(489) Phase 2: Compute new object addresses
[19.968s][info][gc,phases      ] GC(489) Phase 2: Compute new object addresses 4.627ms
[19.968s][info][gc,phases,start] GC(489) Phase 3: Adjust pointers
[19.974s][info][gc,phases      ] GC(489) Phase 3: Adjust pointers 6.020ms
[19.974s][info][gc,phases,start] GC(489) Phase 4: Move objects
[19.990s][info][gc,phases      ] GC(489) Phase 4: Move objects 15.853ms
[19.990s][info][gc,heap        ] GC(489) DefNew: 156645K(157248K)->16714K(157248K) Eden: 139776K(139776K)->16714K(139776K) From: 16869K(17472K)->0K(17472K)
[19.990s][info][gc,heap        ] GC(489) Tenured: 349516K(349568K)->349362K(349568K)
[19.990s][info][gc,metaspace   ] GC(489) Metaspace: 30861K(31168K)->30861K(31168K) NonClass: 27585K(27712K)->27585K(27712K) Class: 3276K(3456K)->3276K(3456K)
[19.990s][info][gc             ] GC(489) Pause Full (Allocation Failure) 494M->357M(494M) 35.940ms
[19.990s][info][gc,cpu         ] GC(489) User=0.04s Sys=0.00s Real=0.04s
[20.000s][info][gc,start       ] GC(490) Pause Full (Allocation Failure)
[20.000s][info][gc,phases,start] GC(490) Phase 1: Mark live objects
[20.009s][info][gc,phases      ] GC(490) Phase 1: Mark live objects 8.761ms
[20.009s][info][gc,phases,start] GC(490) Phase 2: Compute new object addresses
[20.014s][info][gc,phases      ] GC(490) Phase 2: Compute new object addresses 4.657ms
[20.014s][info][gc,phases,start] GC(490) Phase 3: Adjust pointers
[20.020s][info][gc,phases      ] GC(490) Phase 3: Adjust pointers 5.703ms
[20.020s][info][gc,phases,start] GC(490) Phase 4: Move objects
[20.023s][info][gc,phases      ] GC(490) Phase 4: Move objects 3.048ms
[20.023s][info][gc,heap        ] GC(490) DefNew: 157059K(157248K)->34458K(157248K) Eden: 139776K(139776K)->34458K(139776K) From: 17283K(17472K)->0K(17472K)
[20.023s][info][gc,heap        ] GC(490) Tenured: 349362K(349568K)->349521K(349568K)
[20.023s][info][gc,metaspace   ] GC(490) Metaspace: 30861K(31168K)->30861K(31168K) NonClass: 27585K(27712K)->27585K(27712K) Class: 3276K(3456K)->3276K(3456K)
[20.023s][info][gc             ] GC(490) Pause Full (Allocation Failure) 494M->374M(494M) 22.560ms
[20.023s][info][gc,cpu         ] GC(490) User=0.02s Sys=0.00s Real=0.02s
[20.034s][info][gc,start       ] GC(491) Pause Full (Allocation Failure)
[20.034s][info][gc,phases,start] GC(491) Phase 1: Mark live objects
[20.043s][info][gc,phases      ] GC(491) Phase 1: Mark live objects 9.216ms
[20.043s][info][gc,phases,start] GC(491) Phase 2: Compute new object addresses
[20.048s][info][gc,phases      ] GC(491) Phase 2: Compute new object addresses 5.017ms
[20.048s][info][gc,phases,start] GC(491) Phase 3: Adjust pointers
[20.054s][info][gc,phases      ] GC(491) Phase 3: Adjust pointers 6.118ms
[20.054s][info][gc,phases,start] GC(491) Phase 4: Move objects
[20.066s][info][gc,phases      ] GC(491) Phase 4: Move objects 11.881ms
[20.066s][info][gc,heap        ] GC(491) DefNew: 157088K(157248K)->34071K(157248K) Eden: 139776K(139776K)->34071K(139776K) From: 17312K(17472K)->0K(17472K)
[20.067s][info][gc,heap        ] GC(491) Tenured: 349521K(349568K)->349475K(349568K)
[20.067s][info][gc,metaspace   ] GC(491) Metaspace: 30861K(31168K)->30861K(31168K) NonClass: 27585K(27712K)->27585K(27712K) Class: 3276K(3456K)->3276K(3456K)
[20.067s][info][gc             ] GC(491) Pause Full (Allocation Failure) 494M->374M(494M) 32.660ms
[20.067s][info][gc,cpu         ] GC(491) User=0.03s Sys=0.00s Real=0.04s
[20.077s][info][gc,start       ] GC(492) Pause Full (Allocation Failure)
[20.077s][info][gc,phases,start] GC(492) Phase 1: Mark live objects
[20.086s][info][gc,phases      ] GC(492) Phase 1: Mark live objects 8.629ms
[20.086s][info][gc,phases,start] GC(492) Phase 2: Compute new object addresses
[20.090s][info][gc,phases      ] GC(492) Phase 2: Compute new object addresses 4.107ms
[20.090s][info][gc,phases,start] GC(492) Phase 3: Adjust pointers
[20.095s][info][gc,phases      ] GC(492) Phase 3: Adjust pointers 5.578ms
[20.096s][info][gc,phases,start] GC(492) Phase 4: Move objects
[20.108s][info][gc,phases      ] GC(492) Phase 4: Move objects 12.858ms
[20.109s][info][gc,heap        ] GC(492) DefNew: 156407K(157248K)->30603K(157248K) Eden: 139776K(139776K)->30603K(139776K) From: 16631K(17472K)->0K(17472K)
[20.109s][info][gc,heap        ] GC(492) Tenured: 349475K(349568K)->349519K(349568K)
[20.109s][info][gc,metaspace   ] GC(492) Metaspace: 30870K(31168K)->30870K(31168K) NonClass: 27593K(27712K)->27593K(27712K) Class: 3277K(3456K)->3277K(3456K)
[20.109s][info][gc             ] GC(492) Pause Full (Allocation Failure) 494M->371M(494M) 31.643ms
[20.109s][info][gc,cpu         ] GC(492) User=0.03s Sys=0.00s Real=0.03s
[20.114s][info][gc,start       ] GC(493) Pause Full (Allocation Failure)
[20.114s][info][gc,phases,start] GC(493) Phase 1: Mark live objects
[20.123s][info][gc,phases      ] GC(493) Phase 1: Mark live objects 9.032ms
[20.124s][info][gc,phases,start] GC(493) Phase 2: Compute new object addresses
[20.129s][info][gc,phases      ] GC(493) Phase 2: Compute new object addresses 5.110ms
[20.129s][info][gc,phases,start] GC(493) Phase 3: Adjust pointers
[20.135s][info][gc,phases      ] GC(493) Phase 3: Adjust pointers 6.769ms
[20.136s][info][gc,phases,start] GC(493) Phase 4: Move objects
[20.167s][info][gc,phases      ] GC(493) Phase 4: Move objects 31.961ms
[20.168s][info][gc,heap        ] GC(493) DefNew: 157231K(157248K)->18054K(157248K) Eden: 139776K(139776K)->18054K(139776K) From: 17455K(17472K)->0K(17472K)
[20.168s][info][gc,heap        ] GC(493) Tenured: 349519K(349568K)->349568K(349568K)
[20.168s][info][gc,metaspace   ] GC(493) Metaspace: 30870K(31168K)->30870K(31168K) NonClass: 27593K(27712K)->27593K(27712K) Class: 3277K(3456K)->3277K(3456K)
[20.168s][info][gc             ] GC(493) Pause Full (Allocation Failure) 494M->359M(494M) 53.354ms
[20.168s][info][gc,cpu         ] GC(493) User=0.05s Sys=0.00s Real=0.06s
[20.174s][info][gc,start       ] GC(494) Pause Full (Allocation Failure)
[20.174s][info][gc,phases,start] GC(494) Phase 1: Mark live objects
[20.183s][info][gc,phases      ] GC(494) Phase 1: Mark live objects 8.464ms
[20.183s][info][gc,phases,start] GC(494) Phase 2: Compute new object addresses
[20.188s][info][gc,phases      ] GC(494) Phase 2: Compute new object addresses 4.950ms
[20.188s][info][gc,phases,start] GC(494) Phase 3: Adjust pointers
[20.194s][info][gc,phases      ] GC(494) Phase 3: Adjust pointers 6.299ms
[20.194s][info][gc,phases,start] GC(494) Phase 4: Move objects
[20.198s][info][gc,phases      ] GC(494) Phase 4: Move objects 3.702ms
[20.198s][info][gc,heap        ] GC(494) DefNew: 157034K(157248K)->35007K(157248K) Eden: 139775K(139776K)->35007K(139776K) From: 17258K(17472K)->0K(17472K)
[20.198s][info][gc,heap        ] GC(494) Tenured: 349568K(349568K)->349336K(349568K)
[20.198s][info][gc,metaspace   ] GC(494) Metaspace: 30870K(31168K)->30870K(31168K) NonClass: 27593K(27712K)->27593K(27712K) Class: 3277K(3456K)->3277K(3456K)
[20.198s][info][gc             ] GC(494) Pause Full (Allocation Failure) 494M->375M(494M) 23.939ms
[20.198s][info][gc,cpu         ] GC(494) User=0.03s Sys=0.00s Real=0.03s
[20.209s][info][gc,start       ] GC(495) Pause Full (Allocation Failure)
[20.209s][info][gc,phases,start] GC(495) Phase 1: Mark live objects
[20.218s][info][gc,phases      ] GC(495) Phase 1: Mark live objects 9.094ms
[20.218s][info][gc,phases,start] GC(495) Phase 2: Compute new object addresses
[20.223s][info][gc,phases      ] GC(495) Phase 2: Compute new object addresses 4.797ms
[20.223s][info][gc,phases,start] GC(495) Phase 3: Adjust pointers
[20.229s][info][gc,phases      ] GC(495) Phase 3: Adjust pointers 6.394ms
[20.229s][info][gc,phases,start] GC(495) Phase 4: Move objects
[20.240s][info][gc,phases      ] GC(495) Phase 4: Move objects 11.006ms
[20.240s][info][gc,heap        ] GC(495) DefNew: 156852K(157248K)->33548K(157248K) Eden: 139776K(139776K)->33548K(139776K) From: 17076K(17472K)->0K(17472K)
[20.240s][info][gc,heap        ] GC(495) Tenured: 349336K(349568K)->349479K(349568K)
[20.240s][info][gc,metaspace   ] GC(495) Metaspace: 30870K(31168K)->30870K(31168K) NonClass: 27593K(27712K)->27593K(27712K) Class: 3277K(3456K)->3277K(3456K)
[20.240s][info][gc             ] GC(495) Pause Full (Allocation Failure) 494M->374M(494M) 31.716ms
[20.240s][info][gc,cpu         ] GC(495) User=0.03s Sys=0.00s Real=0.03s
[20.247s][info][gc,start       ] GC(496) Pause Full (Allocation Failure)
[20.247s][info][gc,phases,start] GC(496) Phase 1: Mark live objects
[20.256s][info][gc,phases      ] GC(496) Phase 1: Mark live objects 8.699ms
[20.256s][info][gc,phases,start] GC(496) Phase 2: Compute new object addresses
[20.261s][info][gc,phases      ] GC(496) Phase 2: Compute new object addresses 4.508ms
[20.261s][info][gc,phases,start] GC(496) Phase 3: Adjust pointers
[20.267s][info][gc,phases      ] GC(496) Phase 3: Adjust pointers 6.254ms
[20.267s][info][gc,phases,start] GC(496) Phase 4: Move objects
[20.279s][info][gc,phases      ] GC(496) Phase 4: Move objects 12.335ms
[20.280s][info][gc,heap        ] GC(496) DefNew: 157035K(157248K)->36404K(157248K) Eden: 139776K(139776K)->36404K(139776K) From: 17259K(17472K)->0K(17472K)
[20.280s][info][gc,heap        ] GC(496) Tenured: 349479K(349568K)->349477K(349568K)
[20.280s][info][gc,metaspace   ] GC(496) Metaspace: 30870K(31168K)->30870K(31168K) NonClass: 27593K(27712K)->27593K(27712K) Class: 3277K(3456K)->3277K(3456K)
[20.280s][info][gc             ] GC(496) Pause Full (Allocation Failure) 494M->376M(494M) 32.250ms
[20.280s][info][gc,cpu         ] GC(496) User=0.04s Sys=0.00s Real=0.03s
[20.290s][info][gc,start       ] GC(497) Pause Full (Allocation Failure)
[20.290s][info][gc,phases,start] GC(497) Phase 1: Mark live objects
[20.298s][info][gc,phases      ] GC(497) Phase 1: Mark live objects 8.133ms
[20.299s][info][gc,phases,start] GC(497) Phase 2: Compute new object addresses
[20.303s][info][gc,phases      ] GC(497) Phase 2: Compute new object addresses 4.515ms
[20.303s][info][gc,phases,start] GC(497) Phase 3: Adjust pointers
[20.309s][info][gc,phases      ] GC(497) Phase 3: Adjust pointers 5.745ms
[20.309s][info][gc,phases,start] GC(497) Phase 4: Move objects
[20.323s][info][gc,phases      ] GC(497) Phase 4: Move objects 14.431ms
[20.323s][info][gc,heap        ] GC(497) DefNew: 157128K(157248K)->12125K(157248K) Eden: 139776K(139776K)->12125K(139776K) From: 17352K(17472K)->0K(17472K)
[20.323s][info][gc,heap        ] GC(497) Tenured: 349477K(349568K)->349539K(349568K)
[20.324s][info][gc,metaspace   ] GC(497) Metaspace: 30870K(31168K)->30870K(31168K) NonClass: 27593K(27712K)->27593K(27712K) Class: 3277K(3456K)->3277K(3456K)
[20.324s][info][gc             ] GC(497) Pause Full (Allocation Failure) 494M->353M(494M) 33.257ms
[20.324s][info][gc,cpu         ] GC(497) User=0.04s Sys=0.00s Real=0.03s
[20.331s][info][gc,start       ] GC(498) Pause Full (Allocation Failure)
[20.331s][info][gc,phases,start] GC(498) Phase 1: Mark live objects
[20.340s][info][gc,phases      ] GC(498) Phase 1: Mark live objects 8.630ms
[20.340s][info][gc,phases,start] GC(498) Phase 2: Compute new object addresses
[20.344s][info][gc,phases      ] GC(498) Phase 2: Compute new object addresses 4.649ms
[20.344s][info][gc,phases,start] GC(498) Phase 3: Adjust pointers
[20.350s][info][gc,phases      ] GC(498) Phase 3: Adjust pointers 5.460ms
[20.350s][info][gc,phases,start] GC(498) Phase 4: Move objects
[20.353s][info][gc,phases      ] GC(498) Phase 4: Move objects 3.015ms
[20.353s][info][gc,heap        ] GC(498) DefNew: 157018K(157248K)->36634K(157248K) Eden: 139776K(139776K)->36634K(139776K) From: 17242K(17472K)->0K(17472K)
[20.353s][info][gc,heap        ] GC(498) Tenured: 349539K(349568K)->349539K(349568K)
[20.353s][info][gc,metaspace   ] GC(498) Metaspace: 30870K(31168K)->30870K(31168K) NonClass: 27593K(27712K)->27593K(27712K) Class: 3277K(3456K)->3277K(3456K)
[20.353s][info][gc             ] GC(498) Pause Full (Allocation Failure) 494M->377M(494M) 22.110ms
[20.353s][info][gc,cpu         ] GC(498) User=0.03s Sys=0.00s Real=0.02s
[20.361s][info][gc,start       ] GC(499) Pause Full (Allocation Failure)
[20.361s][info][gc,phases,start] GC(499) Phase 1: Mark live objects
[20.369s][info][gc,phases      ] GC(499) Phase 1: Mark live objects 7.914ms
[20.369s][info][gc,phases,start] GC(499) Phase 2: Compute new object addresses
[20.373s][info][gc,phases      ] GC(499) Phase 2: Compute new object addresses 3.962ms
[20.373s][info][gc,phases,start] GC(499) Phase 3: Adjust pointers
[20.378s][info][gc,phases      ] GC(499) Phase 3: Adjust pointers 5.209ms
[20.378s][info][gc,phases,start] GC(499) Phase 4: Move objects
[20.388s][info][gc,phases      ] GC(499) Phase 4: Move objects 10.502ms
[20.389s][info][gc,heap        ] GC(499) DefNew: 156945K(157248K)->36252K(157248K) Eden: 139776K(139776K)->36252K(139776K) From: 17169K(17472K)->0K(17472K)
[20.389s][info][gc,heap        ] GC(499) Tenured: 349539K(349568K)->349516K(349568K)
[20.389s][info][gc,metaspace   ] GC(499) Metaspace: 30870K(31168K)->30870K(31168K) NonClass: 27593K(27712K)->27593K(27712K) Class: 3277K(3456K)->3277K(3456K)
[20.389s][info][gc             ] GC(499) Pause Full (Allocation Failure) 494M->376M(494M) 27.980ms
[20.389s][info][gc,cpu         ] GC(499) User=0.03s Sys=0.00s Real=0.03s
[20.395s][info][gc,start       ] GC(500) Pause Full (Allocation Failure)
[20.395s][info][gc,phases,start] GC(500) Phase 1: Mark live objects
[20.406s][info][gc,phases      ] GC(500) Phase 1: Mark live objects 11.202ms
[20.406s][info][gc,phases,start] GC(500) Phase 2: Compute new object addresses
[20.411s][info][gc,phases      ] GC(500) Phase 2: Compute new object addresses 5.223ms
[20.411s][info][gc,phases,start] GC(500) Phase 3: Adjust pointers
[20.418s][info][gc,phases      ] GC(500) Phase 3: Adjust pointers 6.775ms
[20.418s][info][gc,phases,start] GC(500) Phase 4: Move objects
[20.430s][info][gc,phases      ] GC(500) Phase 4: Move objects 12.039ms
[20.430s][info][gc,heap        ] GC(500) DefNew: 157245K(157248K)->40960K(157248K) Eden: 139776K(139776K)->40960K(139776K) From: 17469K(17472K)->0K(17472K)
[20.430s][info][gc,heap        ] GC(500) Tenured: 349516K(349568K)->349506K(349568K)
[20.431s][info][gc,metaspace   ] GC(500) Metaspace: 30870K(31168K)->30870K(31168K) NonClass: 27593K(27712K)->27593K(27712K) Class: 3277K(3456K)->3277K(3456K)
[20.431s][info][gc             ] GC(500) Pause Full (Allocation Failure) 494M->381M(494M) 35.704ms
[20.431s][info][gc,cpu         ] GC(500) User=0.04s Sys=0.00s Real=0.04s
[20.442s][info][gc,start       ] GC(501) Pause Full (Allocation Failure)
[20.442s][info][gc,phases,start] GC(501) Phase 1: Mark live objects
[20.450s][info][gc,phases      ] GC(501) Phase 1: Mark live objects 8.316ms
[20.450s][info][gc,phases,start] GC(501) Phase 2: Compute new object addresses
[20.455s][info][gc,phases      ] GC(501) Phase 2: Compute new object addresses 4.776ms
[20.455s][info][gc,phases,start] GC(501) Phase 3: Adjust pointers
[20.461s][info][gc,phases      ] GC(501) Phase 3: Adjust pointers 6.092ms
[20.461s][info][gc,phases,start] GC(501) Phase 4: Move objects
[20.480s][info][gc,phases      ] GC(501) Phase 4: Move objects 18.988ms
[20.480s][info][gc,heap        ] GC(501) DefNew: 157243K(157248K)->17993K(157248K) Eden: 139776K(139776K)->17993K(139776K) From: 17467K(17472K)->0K(17472K)
[20.480s][info][gc,heap        ] GC(501) Tenured: 349506K(349568K)->349539K(349568K)
[20.480s][info][gc,metaspace   ] GC(501) Metaspace: 30870K(31168K)->30870K(31168K) NonClass: 27593K(27712K)->27593K(27712K) Class: 3277K(3456K)->3277K(3456K)
[20.480s][info][gc             ] GC(501) Pause Full (Allocation Failure) 494M->358M(494M) 38.624ms
[20.480s][info][gc,cpu         ] GC(501) User=0.04s Sys=0.00s Real=0.04s
[20.487s][info][gc,start       ] GC(502) Pause Full (Allocation Failure)
[20.487s][info][gc,phases,start] GC(502) Phase 1: Mark live objects
[20.497s][info][gc,phases      ] GC(502) Phase 1: Mark live objects 9.144ms
[20.497s][info][gc,phases,start] GC(502) Phase 2: Compute new object addresses
[20.501s][info][gc,phases      ] GC(502) Phase 2: Compute new object addresses 4.790ms
[20.502s][info][gc,phases,start] GC(502) Phase 3: Adjust pointers
[20.508s][info][gc,phases      ] GC(502) Phase 3: Adjust pointers 6.398ms
[20.508s][info][gc,phases,start] GC(502) Phase 4: Move objects
[20.511s][info][gc,phases      ] GC(502) Phase 4: Move objects 3.392ms
[20.512s][info][gc,heap        ] GC(502) DefNew: 157064K(157248K)->37905K(157248K) Eden: 139775K(139776K)->37905K(139776K) From: 17288K(17472K)->0K(17472K)
[20.512s][info][gc,heap        ] GC(502) Tenured: 349539K(349568K)->349539K(349568K)
[20.512s][info][gc,metaspace   ] GC(502) Metaspace: 30870K(31168K)->30870K(31168K) NonClass: 27593K(27712K)->27593K(27712K) Class: 3277K(3456K)->3277K(3456K)
[20.512s][info][gc             ] GC(502) Pause Full (Allocation Failure) 494M->378M(494M) 24.155ms
[20.512s][info][gc,cpu         ] GC(502) User=0.02s Sys=0.00s Real=0.02s
[20.522s][info][gc,start       ] GC(503) Pause Full (Allocation Failure)
[20.522s][info][gc,phases,start] GC(503) Phase 1: Mark live objects
[20.531s][info][gc,phases      ] GC(503) Phase 1: Mark live objects 8.665ms
[20.531s][info][gc,phases,start] GC(503) Phase 2: Compute new object addresses
[20.535s][info][gc,phases      ] GC(503) Phase 2: Compute new object addresses 4.295ms
[20.535s][info][gc,phases,start] GC(503) Phase 3: Adjust pointers
[20.543s][info][gc,phases      ] GC(503) Phase 3: Adjust pointers 7.261ms
[20.543s][info][gc,phases,start] GC(503) Phase 4: Move objects
[20.552s][info][gc,phases      ] GC(503) Phase 4: Move objects 9.335ms
[20.552s][info][gc,heap        ] GC(503) DefNew: 157104K(157248K)->35344K(157248K) Eden: 139776K(139776K)->35344K(139776K) From: 17328K(17472K)->0K(17472K)
[20.552s][info][gc,heap        ] GC(503) Tenured: 349539K(349568K)->349512K(349568K)
[20.552s][info][gc,metaspace   ] GC(503) Metaspace: 30870K(31168K)->30870K(31168K) NonClass: 27593K(27712K)->27593K(27712K) Class: 3277K(3456K)->3277K(3456K)
[20.552s][info][gc             ] GC(503) Pause Full (Allocation Failure) 494M->375M(494M) 30.035ms
[20.552s][info][gc,cpu         ] GC(503) User=0.03s Sys=0.00s Real=0.03s
[20.560s][info][gc,start       ] GC(504) Pause Full (Allocation Failure)
[20.560s][info][gc,phases,start] GC(504) Phase 1: Mark live objects
[20.570s][info][gc,phases      ] GC(504) Phase 1: Mark live objects 9.639ms
[20.570s][info][gc,phases,start] GC(504) Phase 2: Compute new object addresses
[20.574s][info][gc,phases      ] GC(504) Phase 2: Compute new object addresses 4.318ms
[20.574s][info][gc,phases,start] GC(504) Phase 3: Adjust pointers
[20.580s][info][gc,phases      ] GC(504) Phase 3: Adjust pointers 5.660ms
[20.580s][info][gc,phases,start] GC(504) Phase 4: Move objects
[20.592s][info][gc,phases      ] GC(504) Phase 4: Move objects 11.692ms
[20.592s][info][gc,heap        ] GC(504) DefNew: 157172K(157248K)->38061K(157248K) Eden: 139776K(139776K)->38061K(139776K) From: 17396K(17472K)->0K(17472K)
[20.592s][info][gc,heap        ] GC(504) Tenured: 349512K(349568K)->349515K(349568K)
[20.592s][info][gc,metaspace   ] GC(504) Metaspace: 30870K(31168K)->30870K(31168K) NonClass: 27593K(27712K)->27593K(27712K) Class: 3277K(3456K)->3277K(3456K)
[20.592s][info][gc             ] GC(504) Pause Full (Allocation Failure) 494M->378M(494M) 31.820ms
[20.592s][info][gc,cpu         ] GC(504) User=0.07s Sys=0.00s Real=0.03s
[20.603s][info][gc,start       ] GC(505) Pause Full (Allocation Failure)
[20.603s][info][gc,phases,start] GC(505) Phase 1: Mark live objects
[20.611s][info][gc,phases      ] GC(505) Phase 1: Mark live objects 8.256ms
[20.611s][info][gc,phases,start] GC(505) Phase 2: Compute new object addresses
[20.615s][info][gc,phases      ] GC(505) Phase 2: Compute new object addresses 4.524ms
[20.615s][info][gc,phases,start] GC(505) Phase 3: Adjust pointers
[20.621s][info][gc,phases      ] GC(505) Phase 3: Adjust pointers 5.565ms
[20.621s][info][gc,phases,start] GC(505) Phase 4: Move objects
[20.635s][info][gc,phases      ] GC(505) Phase 4: Move objects 13.955ms
[20.635s][info][gc,heap        ] GC(505) DefNew: 156376K(157248K)->15657K(157248K) Eden: 139776K(139776K)->15657K(139776K) From: 16600K(17472K)->0K(17472K)
[20.635s][info][gc,heap        ] GC(505) Tenured: 349515K(349568K)->349384K(349568K)
[20.635s][info][gc,metaspace   ] GC(505) Metaspace: 30870K(31168K)->30870K(31168K) NonClass: 27593K(27712K)->27593K(27712K) Class: 3277K(3456K)->3277K(3456K)
[20.635s][info][gc             ] GC(505) Pause Full (Allocation Failure) 494M->356M(494M) 32.694ms
[20.635s][info][gc,cpu         ] GC(505) User=0.04s Sys=0.01s Real=0.03s
[20.646s][info][gc,start       ] GC(506) Pause Full (Allocation Failure)
[20.646s][info][gc,phases,start] GC(506) Phase 1: Mark live objects
[20.655s][info][gc,phases      ] GC(506) Phase 1: Mark live objects 8.715ms
[20.655s][info][gc,phases,start] GC(506) Phase 2: Compute new object addresses
[20.659s][info][gc,phases      ] GC(506) Phase 2: Compute new object addresses 4.517ms
[20.659s][info][gc,phases,start] GC(506) Phase 3: Adjust pointers
[20.665s][info][gc,phases      ] GC(506) Phase 3: Adjust pointers 5.916ms
[20.665s][info][gc,phases,start] GC(506) Phase 4: Move objects
[20.668s][info][gc,phases      ] GC(506) Phase 4: Move objects 2.876ms
[20.668s][info][gc,heap        ] GC(506) DefNew: 156532K(157248K)->33170K(157248K) Eden: 139776K(139776K)->33170K(139776K) From: 16756K(17472K)->0K(17472K)
[20.668s][info][gc,heap        ] GC(506) Tenured: 349384K(349568K)->349386K(349568K)
[20.668s][info][gc,metaspace   ] GC(506) Metaspace: 30870K(31168K)->30870K(31168K) NonClass: 27593K(27712K)->27593K(27712K) Class: 3277K(3456K)->3277K(3456K)
[20.668s][info][gc             ] GC(506) Pause Full (Allocation Failure) 494M->373M(494M) 22.395ms
[20.668s][info][gc,cpu         ] GC(506) User=0.02s Sys=0.00s Real=0.02s
[20.675s][info][gc,start       ] GC(507) Pause Full (Allocation Failure)
[20.675s][info][gc,phases,start] GC(507) Phase 1: Mark live objects
[20.685s][info][gc,phases      ] GC(507) Phase 1: Mark live objects 9.493ms
[20.685s][info][gc,phases,start] GC(507) Phase 2: Compute new object addresses
[20.689s][info][gc,phases      ] GC(507) Phase 2: Compute new object addresses 4.298ms
[20.689s][info][gc,phases,start] GC(507) Phase 3: Adjust pointers
[20.695s][info][gc,phases      ] GC(507) Phase 3: Adjust pointers 5.478ms
[20.695s][info][gc,phases,start] GC(507) Phase 4: Move objects
[20.705s][info][gc,phases      ] GC(507) Phase 4: Move objects 10.538ms
[20.706s][info][gc,heap        ] GC(507) DefNew: 156822K(157248K)->48148K(157248K) Eden: 139776K(139776K)->48148K(139776K) From: 17046K(17472K)->0K(17472K)
[20.706s][info][gc,heap        ] GC(507) Tenured: 349386K(349568K)->349477K(349568K)
[20.706s][info][gc,metaspace   ] GC(507) Metaspace: 30870K(31168K)->30870K(31168K) NonClass: 27593K(27712K)->27593K(27712K) Class: 3277K(3456K)->3277K(3456K)
[20.706s][info][gc             ] GC(507) Pause Full (Allocation Failure) 494M->388M(494M) 30.374ms
[20.706s][info][gc,cpu         ] GC(507) User=0.04s Sys=0.00s Real=0.04s
[20.716s][info][gc,start       ] GC(508) Pause Full (Allocation Failure)
[20.716s][info][gc,phases,start] GC(508) Phase 1: Mark live objects
[20.729s][info][gc,phases      ] GC(508) Phase 1: Mark live objects 12.541ms
[20.729s][info][gc,phases,start] GC(508) Phase 2: Compute new object addresses
[20.733s][info][gc,phases      ] GC(508) Phase 2: Compute new object addresses 4.525ms
[20.733s][info][gc,phases,start] GC(508) Phase 3: Adjust pointers
[20.741s][info][gc,phases      ] GC(508) Phase 3: Adjust pointers 7.199ms
[20.741s][info][gc,phases,start] GC(508) Phase 4: Move objects
[20.756s][info][gc,phases      ] GC(508) Phase 4: Move objects 14.945ms
[20.756s][info][gc,heap        ] GC(508) DefNew: 156959K(157248K)->42017K(157248K) Eden: 139776K(139776K)->42017K(139776K) From: 17183K(17472K)->0K(17472K)
[20.756s][info][gc,heap        ] GC(508) Tenured: 349477K(349568K)->349474K(349568K)
[20.756s][info][gc,metaspace   ] GC(508) Metaspace: 30870K(31168K)->30870K(31168K) NonClass: 27593K(27712K)->27593K(27712K) Class: 3277K(3456K)->3277K(3456K)
[20.756s][info][gc             ] GC(508) Pause Full (Allocation Failure) 494M->382M(494M) 39.797ms
[20.756s][info][gc,cpu         ] GC(508) User=0.03s Sys=0.01s Real=0.04s
[20.767s][info][gc,start       ] GC(509) Pause Full (Allocation Failure)
[20.767s][info][gc,phases,start] GC(509) Phase 1: Mark live objects
[20.775s][info][gc,phases      ] GC(509) Phase 1: Mark live objects 8.848ms
[20.776s][info][gc,phases,start] GC(509) Phase 2: Compute new object addresses
[20.780s][info][gc,phases      ] GC(509) Phase 2: Compute new object addresses 4.033ms
[20.780s][info][gc,phases,start] GC(509) Phase 3: Adjust pointers
[20.785s][info][gc,phases      ] GC(509) Phase 3: Adjust pointers 5.784ms
[20.785s][info][gc,phases,start] GC(509) Phase 4: Move objects
[20.801s][info][gc,phases      ] GC(509) Phase 4: Move objects 15.840ms
[20.801s][info][gc,heap        ] GC(509) DefNew: 156656K(157248K)->24066K(157248K) Eden: 139776K(139776K)->24066K(139776K) From: 16880K(17472K)->0K(17472K)
[20.801s][info][gc,heap        ] GC(509) Tenured: 349474K(349568K)->349479K(349568K)
[20.801s][info][gc,metaspace   ] GC(509) Metaspace: 30870K(31168K)->30870K(31168K) NonClass: 27593K(27712K)->27593K(27712K) Class: 3277K(3456K)->3277K(3456K)
[20.801s][info][gc             ] GC(509) Pause Full (Allocation Failure) 494M->364M(494M) 34.931ms
[20.802s][info][gc,cpu         ] GC(509) User=0.04s Sys=0.00s Real=0.03s
[20.812s][info][gc,start       ] GC(510) Pause Full (Allocation Failure)
[20.812s][info][gc,phases,start] GC(510) Phase 1: Mark live objects
[20.821s][info][gc,phases      ] GC(510) Phase 1: Mark live objects 8.660ms
[20.821s][info][gc,phases,start] GC(510) Phase 2: Compute new object addresses
[20.825s][info][gc,phases      ] GC(510) Phase 2: Compute new object addresses 4.735ms
[20.825s][info][gc,phases,start] GC(510) Phase 3: Adjust pointers
[20.832s][info][gc,phases      ] GC(510) Phase 3: Adjust pointers 6.624ms
[20.832s][info][gc,phases,start] GC(510) Phase 4: Move objects
[20.837s][info][gc,phases      ] GC(510) Phase 4: Move objects 4.873ms
[20.837s][info][gc,heap        ] GC(510) DefNew: 157167K(157248K)->39204K(157248K) Eden: 139776K(139776K)->39204K(139776K) From: 17391K(17472K)->0K(17472K)
[20.837s][info][gc,heap        ] GC(510) Tenured: 349479K(349568K)->349479K(349568K)
[20.837s][info][gc,metaspace   ] GC(510) Metaspace: 30870K(31168K)->30870K(31168K) NonClass: 27593K(27712K)->27593K(27712K) Class: 3277K(3456K)->3277K(3456K)
[20.837s][info][gc             ] GC(510) Pause Full (Allocation Failure) 494M->379M(494M) 25.528ms
[20.837s][info][gc,cpu         ] GC(510) User=0.02s Sys=0.00s Real=0.03s
[20.848s][info][gc,start       ] GC(511) Pause Full (Allocation Failure)
[20.848s][info][gc,phases,start] GC(511) Phase 1: Mark live objects
[20.860s][info][gc,phases      ] GC(511) Phase 1: Mark live objects 11.539ms
[20.860s][info][gc,phases,start] GC(511) Phase 2: Compute new object addresses
[20.865s][info][gc,phases      ] GC(511) Phase 2: Compute new object addresses 4.576ms
[20.865s][info][gc,phases,start] GC(511) Phase 3: Adjust pointers
[20.871s][info][gc,phases      ] GC(511) Phase 3: Adjust pointers 6.675ms
[20.871s][info][gc,phases,start] GC(511) Phase 4: Move objects
[20.881s][info][gc,phases      ] GC(511) Phase 4: Move objects 9.764ms
[20.881s][info][gc,heap        ] GC(511) DefNew: 157225K(157248K)->43092K(157248K) Eden: 139776K(139776K)->43092K(139776K) From: 17449K(17472K)->0K(17472K)
[20.881s][info][gc,heap        ] GC(511) Tenured: 349479K(349568K)->349443K(349568K)
[20.881s][info][gc,metaspace   ] GC(511) Metaspace: 30870K(31168K)->30870K(31168K) NonClass: 27593K(27712K)->27593K(27712K) Class: 3277K(3456K)->3277K(3456K)
[20.881s][info][gc             ] GC(511) Pause Full (Allocation Failure) 494M->383M(494M) 33.035ms
[20.881s][info][gc,cpu         ] GC(511) User=0.03s Sys=0.00s Real=0.03s
[20.895s][info][gc,start       ] GC(512) Pause Full (Allocation Failure)
[20.895s][info][gc,phases,start] GC(512) Phase 1: Mark live objects
[20.904s][info][gc,phases      ] GC(512) Phase 1: Mark live objects 9.211ms
[20.904s][info][gc,phases,start] GC(512) Phase 2: Compute new object addresses
[20.909s][info][gc,phases      ] GC(512) Phase 2: Compute new object addresses 4.562ms
[20.909s][info][gc,phases,start] GC(512) Phase 3: Adjust pointers
[20.916s][info][gc,phases      ] GC(512) Phase 3: Adjust pointers 7.194ms
[20.916s][info][gc,phases,start] GC(512) Phase 4: Move objects
[20.929s][info][gc,phases      ] GC(512) Phase 4: Move objects 12.904ms
[20.929s][info][gc,heap        ] GC(512) DefNew: 157117K(157248K)->38824K(157248K) Eden: 139776K(139776K)->38824K(139776K) From: 17341K(17472K)->0K(17472K)
[20.929s][info][gc,heap        ] GC(512) Tenured: 349443K(349568K)->349480K(349568K)
[20.929s][info][gc,metaspace   ] GC(512) Metaspace: 30870K(31168K)->30870K(31168K) NonClass: 27593K(27712K)->27593K(27712K) Class: 3277K(3456K)->3277K(3456K)
[20.929s][info][gc             ] GC(512) Pause Full (Allocation Failure) 494M->379M(494M) 34.372ms
[20.929s][info][gc,cpu         ] GC(512) User=0.03s Sys=0.00s Real=0.04s
[20.937s][info][gc,start       ] GC(513) Pause Full (Allocation Failure)
[20.937s][info][gc,phases,start] GC(513) Phase 1: Mark live objects
[20.946s][info][gc,phases      ] GC(513) Phase 1: Mark live objects 8.978ms
[20.946s][info][gc,phases,start] GC(513) Phase 2: Compute new object addresses
[20.951s][info][gc,phases      ] GC(513) Phase 2: Compute new object addresses 4.555ms
[20.951s][info][gc,phases,start] GC(513) Phase 3: Adjust pointers
[20.959s][info][gc,phases      ] GC(513) Phase 3: Adjust pointers 8.197ms
[20.959s][info][gc,phases,start] GC(513) Phase 4: Move objects
[20.975s][info][gc,phases      ] GC(513) Phase 4: Move objects 16.065ms
[20.975s][info][gc,heap        ] GC(513) DefNew: 157151K(157248K)->28375K(157248K) Eden: 139776K(139776K)->28375K(139776K) From: 17375K(17472K)->0K(17472K)
[20.975s][info][gc,heap        ] GC(513) Tenured: 349480K(349568K)->349483K(349568K)
[20.975s][info][gc,metaspace   ] GC(513) Metaspace: 30871K(31168K)->30871K(31168K) NonClass: 27594K(27712K)->27594K(27712K) Class: 3277K(3456K)->3277K(3456K)
[20.975s][info][gc             ] GC(513) Pause Full (Allocation Failure) 494M->369M(494M) 38.262ms
[20.975s][info][gc,cpu         ] GC(513) User=0.03s Sys=0.00s Real=0.03s
[20.986s][info][gc,start       ] GC(514) Pause Full (Allocation Failure)
[20.986s][info][gc,phases,start] GC(514) Phase 1: Mark live objects
[20.996s][info][gc,phases      ] GC(514) Phase 1: Mark live objects 9.906ms
[20.996s][info][gc,phases,start] GC(514) Phase 2: Compute new object addresses
[21.001s][info][gc,phases      ] GC(514) Phase 2: Compute new object addresses 5.199ms
[21.001s][info][gc,phases,start] GC(514) Phase 3: Adjust pointers
[21.008s][info][gc,phases      ] GC(514) Phase 3: Adjust pointers 6.610ms
[21.008s][info][gc,phases,start] GC(514) Phase 4: Move objects
[21.014s][info][gc,phases      ] GC(514) Phase 4: Move objects 6.030ms
[21.014s][info][gc,heap        ] GC(514) DefNew: 156320K(157248K)->41146K(157248K) Eden: 139776K(139776K)->41146K(139776K) From: 16544K(17472K)->0K(17472K)
[21.014s][info][gc,heap        ] GC(514) Tenured: 349483K(349568K)->349483K(349568K)
[21.014s][info][gc,metaspace   ] GC(514) Metaspace: 30871K(31168K)->30871K(31168K) NonClass: 27594K(27712K)->27594K(27712K) Class: 3277K(3456K)->3277K(3456K)
[21.014s][info][gc             ] GC(514) Pause Full (Allocation Failure) 493M->381M(494M) 28.337ms
[21.014s][info][gc,cpu         ] GC(514) User=0.03s Sys=0.00s Real=0.02s
[21.025s][info][gc,start       ] GC(515) Pause Full (Allocation Failure)
[21.025s][info][gc,phases,start] GC(515) Phase 1: Mark live objects
[21.036s][info][gc,phases      ] GC(515) Phase 1: Mark live objects 10.676ms
[21.036s][info][gc,phases,start] GC(515) Phase 2: Compute new object addresses
[21.041s][info][gc,phases      ] GC(515) Phase 2: Compute new object addresses 4.844ms
[21.041s][info][gc,phases,start] GC(515) Phase 3: Adjust pointers
[21.049s][info][gc,phases      ] GC(515) Phase 3: Adjust pointers 8.547ms
[21.050s][info][gc,phases,start] GC(515) Phase 4: Move objects
[21.066s][info][gc,phases      ] GC(515) Phase 4: Move objects 16.802ms
[21.067s][info][gc,heap        ] GC(515) DefNew: 157107K(157248K)->40233K(157248K) Eden: 139776K(139776K)->40233K(139776K) From: 17331K(17472K)->0K(17472K)
[21.067s][info][gc,heap        ] GC(515) Tenured: 349483K(349568K)->349438K(349568K)
[21.067s][info][gc,metaspace   ] GC(515) Metaspace: 30871K(31168K)->30871K(31168K) NonClass: 27594K(27712K)->27594K(27712K) Class: 3277K(3456K)->3277K(3456K)
[21.067s][info][gc             ] GC(515) Pause Full (Allocation Failure) 494M->380M(494M) 41.541ms
[21.067s][info][gc,cpu         ] GC(515) User=0.04s Sys=0.00s Real=0.04s
[21.078s][info][gc,start       ] GC(516) Pause Full (Allocation Failure)
[21.078s][info][gc,phases,start] GC(516) Phase 1: Mark live objects
[21.092s][info][gc,phases      ] GC(516) Phase 1: Mark live objects 13.812ms
[21.092s][info][gc,phases,start] GC(516) Phase 2: Compute new object addresses
[21.098s][info][gc,phases      ] GC(516) Phase 2: Compute new object addresses 6.132ms
[21.098s][info][gc,phases,start] GC(516) Phase 3: Adjust pointers
[21.107s][info][gc,phases      ] GC(516) Phase 3: Adjust pointers 8.778ms
[21.107s][info][gc,phases,start] GC(516) Phase 4: Move objects
[21.131s][info][gc,phases      ] GC(516) Phase 4: Move objects 23.674ms
[21.131s][info][gc,heap        ] GC(516) DefNew: 157145K(157248K)->44127K(157248K) Eden: 139776K(139776K)->44127K(139776K) From: 17369K(17472K)->0K(17472K)
[21.131s][info][gc,heap        ] GC(516) Tenured: 349438K(349568K)->349441K(349568K)
[21.131s][info][gc,metaspace   ] GC(516) Metaspace: 30900K(31232K)->30900K(31232K) NonClass: 27621K(27776K)->27621K(27776K) Class: 3278K(3456K)->3278K(3456K)
[21.131s][info][gc             ] GC(516) Pause Full (Allocation Failure) 494M->384M(494M) 53.064ms
[21.131s][info][gc,cpu         ] GC(516) User=0.06s Sys=0.01s Real=0.05s
[21.139s][info][gc,start       ] GC(517) Pause Full (Allocation Failure)
[21.139s][info][gc,phases,start] GC(517) Phase 1: Mark live objects
[21.152s][info][gc,phases      ] GC(517) Phase 1: Mark live objects 12.673ms
[21.152s][info][gc,phases,start] GC(517) Phase 2: Compute new object addresses
[21.157s][info][gc,phases      ] GC(517) Phase 2: Compute new object addresses 4.988ms
[21.157s][info][gc,phases,start] GC(517) Phase 3: Adjust pointers
[21.166s][info][gc,phases      ] GC(517) Phase 3: Adjust pointers 8.668ms
[21.166s][info][gc,phases,start] GC(517) Phase 4: Move objects
[21.209s][info][gc,phases      ] GC(517) Phase 4: Move objects 42.941ms
[21.209s][info][gc,heap        ] GC(517) DefNew: 157046K(157248K)->28281K(157248K) Eden: 139776K(139776K)->28281K(139776K) From: 17270K(17472K)->0K(17472K)
[21.209s][info][gc,heap        ] GC(517) Tenured: 349441K(349568K)->349484K(349568K)
[21.209s][info][gc,metaspace   ] GC(517) Metaspace: 30901K(31232K)->30901K(31232K) NonClass: 27622K(27776K)->27622K(27776K) Class: 3278K(3456K)->3278K(3456K)
[21.209s][info][gc             ] GC(517) Pause Full (Allocation Failure) 494M->368M(494M) 69.992ms
[21.209s][info][gc,cpu         ] GC(517) User=0.07s Sys=0.00s Real=0.07s
[21.220s][info][gc,start       ] GC(518) Pause Full (Allocation Failure)
[21.220s][info][gc,phases,start] GC(518) Phase 1: Mark live objects
[21.232s][info][gc,phases      ] GC(518) Phase 1: Mark live objects 11.987ms
[21.232s][info][gc,phases,start] GC(518) Phase 2: Compute new object addresses
[21.238s][info][gc,phases      ] GC(518) Phase 2: Compute new object addresses 5.516ms
[21.238s][info][gc,phases,start] GC(518) Phase 3: Adjust pointers
[21.246s][info][gc,phases      ] GC(518) Phase 3: Adjust pointers 7.834ms
[21.246s][info][gc,phases,start] GC(518) Phase 4: Move objects
[21.255s][info][gc,phases      ] GC(518) Phase 4: Move objects 9.351ms
[21.255s][info][gc,heap        ] GC(518) DefNew: 156323K(157248K)->42548K(157248K) Eden: 139776K(139776K)->42548K(139776K) From: 16547K(17472K)->0K(17472K)
[21.255s][info][gc,heap        ] GC(518) Tenured: 349484K(349568K)->349484K(349568K)
[21.255s][info][gc,metaspace   ] GC(518) Metaspace: 30901K(31232K)->30901K(31232K) NonClass: 27622K(27776K)->27622K(27776K) Class: 3278K(3456K)->3278K(3456K)
[21.255s][info][gc             ] GC(518) Pause Full (Allocation Failure) 493M->382M(494M) 35.328ms
[21.255s][info][gc,cpu         ] GC(518) User=0.04s Sys=0.01s Real=0.03s
[21.262s][info][gc,start       ] GC(519) Pause Full (Allocation Failure)
[21.262s][info][gc,phases,start] GC(519) Phase 1: Mark live objects
[21.277s][info][gc,phases      ] GC(519) Phase 1: Mark live objects 14.665ms
[21.277s][info][gc,phases,start] GC(519) Phase 2: Compute new object addresses
[21.282s][info][gc,phases      ] GC(519) Phase 2: Compute new object addresses 5.203ms
[21.282s][info][gc,phases,start] GC(519) Phase 3: Adjust pointers
[21.291s][info][gc,phases      ] GC(519) Phase 3: Adjust pointers 8.554ms
[21.291s][info][gc,phases,start] GC(519) Phase 4: Move objects
[21.305s][info][gc,phases      ] GC(519) Phase 4: Move objects 14.486ms
[21.305s][info][gc,heap        ] GC(519) DefNew: 157029K(157248K)->46158K(157248K) Eden: 139776K(139776K)->46158K(139776K) From: 17253K(17472K)->0K(17472K)
[21.305s][info][gc,heap        ] GC(519) Tenured: 349484K(349568K)->349448K(349568K)
[21.305s][info][gc,metaspace   ] GC(519) Metaspace: 30902K(31232K)->30902K(31232K) NonClass: 27624K(27776K)->27624K(27776K) Class: 3278K(3456K)->3278K(3456K)
[21.305s][info][gc             ] GC(519) Pause Full (Allocation Failure) 494M->386M(494M) 43.510ms
[21.305s][info][gc,cpu         ] GC(519) User=0.04s Sys=0.00s Real=0.05s
[21.316s][info][gc,start       ] GC(520) Pause Full (Allocation Failure)
[21.316s][info][gc,phases,start] GC(520) Phase 1: Mark live objects
[21.329s][info][gc,phases      ] GC(520) Phase 1: Mark live objects 13.189ms
[21.329s][info][gc,phases,start] GC(520) Phase 2: Compute new object addresses
[21.335s][info][gc,phases      ] GC(520) Phase 2: Compute new object addresses 5.616ms
[21.335s][info][gc,phases,start] GC(520) Phase 3: Adjust pointers
[21.343s][info][gc,phases      ] GC(520) Phase 3: Adjust pointers 8.303ms
[21.344s][info][gc,phases,start] GC(520) Phase 4: Move objects
[21.361s][info][gc,phases      ] GC(520) Phase 4: Move objects 17.808ms
[21.362s][info][gc,heap        ] GC(520) DefNew: 156407K(157248K)->40120K(157248K) Eden: 139776K(139776K)->40120K(139776K) From: 16631K(17472K)->0K(17472K)
[21.362s][info][gc,heap        ] GC(520) Tenured: 349448K(349568K)->349483K(349568K)
[21.362s][info][gc,metaspace   ] GC(520) Metaspace: 30906K(31232K)->30906K(31232K) NonClass: 27628K(27776K)->27628K(27776K) Class: 3278K(3456K)->3278K(3456K)
[21.362s][info][gc             ] GC(520) Pause Full (Allocation Failure) 493M->380M(494M) 45.543ms
[21.362s][info][gc,cpu         ] GC(520) User=0.04s Sys=0.00s Real=0.04s
[21.372s][info][gc,start       ] GC(521) Pause Full (Allocation Failure)
[21.372s][info][gc,phases,start] GC(521) Phase 1: Mark live objects
[21.381s][info][gc,phases      ] GC(521) Phase 1: Mark live objects 8.310ms
[21.381s][info][gc,phases,start] GC(521) Phase 2: Compute new object addresses
[21.386s][info][gc,phases      ] GC(521) Phase 2: Compute new object addresses 4.962ms
[21.386s][info][gc,phases,start] GC(521) Phase 3: Adjust pointers
[21.392s][info][gc,phases      ] GC(521) Phase 3: Adjust pointers 6.213ms
[21.392s][info][gc,phases,start] GC(521) Phase 4: Move objects
[21.410s][info][gc,phases      ] GC(521) Phase 4: Move objects 17.449ms
[21.410s][info][gc,heap        ] GC(521) DefNew: 157209K(157248K)->19169K(157248K) Eden: 139776K(139776K)->19169K(139776K) From: 17433K(17472K)->0K(17472K)
[21.410s][info][gc,heap        ] GC(521) Tenured: 349483K(349568K)->349437K(349568K)
[21.410s][info][gc,metaspace   ] GC(521) Metaspace: 30912K(31232K)->30912K(31232K) NonClass: 27633K(27776K)->27633K(27776K) Class: 3278K(3456K)->3278K(3456K)
[21.410s][info][gc             ] GC(521) Pause Full (Allocation Failure) 494M->359M(494M) 37.422ms
[21.410s][info][gc,cpu         ] GC(521) User=0.04s Sys=0.01s Real=0.04s
[21.422s][info][gc,start       ] GC(522) Pause Full (Allocation Failure)
[21.422s][info][gc,phases,start] GC(522) Phase 1: Mark live objects
[21.431s][info][gc,phases      ] GC(522) Phase 1: Mark live objects 8.415ms
[21.431s][info][gc,phases,start] GC(522) Phase 2: Compute new object addresses
[21.435s][info][gc,phases      ] GC(522) Phase 2: Compute new object addresses 4.271ms
[21.435s][info][gc,phases,start] GC(522) Phase 3: Adjust pointers
[21.441s][info][gc,phases      ] GC(522) Phase 3: Adjust pointers 6.242ms
[21.441s][info][gc,phases,start] GC(522) Phase 4: Move objects
[21.445s][info][gc,phases      ] GC(522) Phase 4: Move objects 3.347ms
[21.445s][info][gc,heap        ] GC(522) DefNew: 156784K(157248K)->37667K(157248K) Eden: 139776K(139776K)->37667K(139776K) From: 17008K(17472K)->0K(17472K)
[21.445s][info][gc,heap        ] GC(522) Tenured: 349437K(349568K)->349439K(349568K)
[21.445s][info][gc,metaspace   ] GC(522) Metaspace: 30912K(31232K)->30912K(31232K) NonClass: 27633K(27776K)->27633K(27776K) Class: 3278K(3456K)->3278K(3456K)
[21.445s][info][gc             ] GC(522) Pause Full (Allocation Failure) 494M->378M(494M) 22.709ms
[21.445s][info][gc,cpu         ] GC(522) User=0.02s Sys=0.00s Real=0.03s
[21.456s][info][gc,start       ] GC(523) Pause Full (Allocation Failure)
[21.456s][info][gc,phases,start] GC(523) Phase 1: Mark live objects
[21.465s][info][gc,phases      ] GC(523) Phase 1: Mark live objects 8.803ms
[21.465s][info][gc,phases,start] GC(523) Phase 2: Compute new object addresses
[21.469s][info][gc,phases      ] GC(523) Phase 2: Compute new object addresses 4.111ms
[21.469s][info][gc,phases,start] GC(523) Phase 3: Adjust pointers
[21.475s][info][gc,phases      ] GC(523) Phase 3: Adjust pointers 6.423ms
[21.475s][info][gc,phases,start] GC(523) Phase 4: Move objects
[21.483s][info][gc,phases      ] GC(523) Phase 4: Move objects 7.976ms
[21.484s][info][gc,heap        ] GC(523) DefNew: 156542K(157248K)->43225K(157248K) Eden: 139776K(139776K)->43225K(139776K) From: 16766K(17472K)->0K(17472K)
[21.484s][info][gc,heap        ] GC(523) Tenured: 349439K(349568K)->349562K(349568K)
[21.484s][info][gc,metaspace   ] GC(523) Metaspace: 30912K(31232K)->30912K(31232K) NonClass: 27633K(27776K)->27633K(27776K) Class: 3278K(3456K)->3278K(3456K)
[21.484s][info][gc             ] GC(523) Pause Full (Allocation Failure) 494M->383M(494M) 27.810ms
[21.484s][info][gc,cpu         ] GC(523) User=0.02s Sys=0.00s Real=0.02s
[21.491s][info][gc,start       ] GC(524) Pause Full (Allocation Failure)
[21.491s][info][gc,phases,start] GC(524) Phase 1: Mark live objects
[21.499s][info][gc,phases      ] GC(524) Phase 1: Mark live objects 8.842ms
[21.500s][info][gc,phases,start] GC(524) Phase 2: Compute new object addresses
[21.503s][info][gc,phases      ] GC(524) Phase 2: Compute new object addresses 3.906ms
[21.503s][info][gc,phases,start] GC(524) Phase 3: Adjust pointers
[21.509s][info][gc,phases      ] GC(524) Phase 3: Adjust pointers 5.324ms
[21.509s][info][gc,phases,start] GC(524) Phase 4: Move objects
[21.520s][info][gc,phases      ] GC(524) Phase 4: Move objects 11.335ms
[21.520s][info][gc,heap        ] GC(524) DefNew: 157133K(157248K)->44468K(157248K) Eden: 139776K(139776K)->44468K(139776K) From: 17357K(17472K)->0K(17472K)
[21.520s][info][gc,heap        ] GC(524) Tenured: 349562K(349568K)->349484K(349568K)
[21.520s][info][gc,metaspace   ] GC(524) Metaspace: 30915K(31232K)->30915K(31232K) NonClass: 27636K(27776K)->27636K(27776K) Class: 3278K(3456K)->3278K(3456K)
[21.520s][info][gc             ] GC(524) Pause Full (Allocation Failure) 494M->384M(494M) 29.860ms
[21.520s][info][gc,cpu         ] GC(524) User=0.03s Sys=0.00s Real=0.03s
[21.530s][info][gc,start       ] GC(525) Pause Full (Allocation Failure)
[21.530s][info][gc,phases,start] GC(525) Phase 1: Mark live objects
[21.538s][info][gc,phases      ] GC(525) Phase 1: Mark live objects 8.508ms
[21.538s][info][gc,phases,start] GC(525) Phase 2: Compute new object addresses
[21.543s][info][gc,phases      ] GC(525) Phase 2: Compute new object addresses 4.171ms
[21.543s][info][gc,phases,start] GC(525) Phase 3: Adjust pointers
[21.548s][info][gc,phases      ] GC(525) Phase 3: Adjust pointers 5.758ms
[21.548s][info][gc,phases,start] GC(525) Phase 4: Move objects
[21.564s][info][gc,phases      ] GC(525) Phase 4: Move objects 15.169ms
[21.564s][info][gc,heap        ] GC(525) DefNew: 157084K(157248K)->22717K(157248K) Eden: 139775K(139776K)->22717K(139776K) From: 17308K(17472K)->0K(17472K)
[21.564s][info][gc,heap        ] GC(525) Tenured: 349484K(349568K)->349481K(349568K)
[21.564s][info][gc,metaspace   ] GC(525) Metaspace: 30915K(31232K)->30915K(31232K) NonClass: 27636K(27776K)->27636K(27776K) Class: 3278K(3456K)->3278K(3456K)
[21.564s][info][gc             ] GC(525) Pause Full (Allocation Failure) 494M->363M(494M) 34.066ms
[21.564s][info][gc,cpu         ] GC(525) User=0.04s Sys=0.00s Real=0.04s
[21.578s][info][gc,start       ] GC(526) Pause Full (Allocation Failure)
[21.578s][info][gc,phases,start] GC(526) Phase 1: Mark live objects
[21.587s][info][gc,phases      ] GC(526) Phase 1: Mark live objects 9.002ms
[21.587s][info][gc,phases,start] GC(526) Phase 2: Compute new object addresses
[21.593s][info][gc,phases      ] GC(526) Phase 2: Compute new object addresses 5.455ms
[21.593s][info][gc,phases,start] GC(526) Phase 3: Adjust pointers
[21.599s][info][gc,phases      ] GC(526) Phase 3: Adjust pointers 6.535ms
[21.599s][info][gc,phases,start] GC(526) Phase 4: Move objects
[21.603s][info][gc,phases      ] GC(526) Phase 4: Move objects 3.715ms
[21.603s][info][gc,heap        ] GC(526) DefNew: 156629K(157248K)->33028K(157248K) Eden: 139776K(139776K)->33028K(139776K) From: 16853K(17472K)->0K(17472K)
[21.603s][info][gc,heap        ] GC(526) Tenured: 349481K(349568K)->349481K(349568K)
[21.603s][info][gc,metaspace   ] GC(526) Metaspace: 30915K(31232K)->30915K(31232K) NonClass: 27636K(27776K)->27636K(27776K) Class: 3278K(3456K)->3278K(3456K)
[21.603s][info][gc             ] GC(526) Pause Full (Allocation Failure) 494M->373M(494M) 25.166ms
[21.603s][info][gc,cpu         ] GC(526) User=0.03s Sys=0.00s Real=0.02s
[21.613s][info][gc,start       ] GC(527) Pause Full (Allocation Failure)
[21.613s][info][gc,phases,start] GC(527) Phase 1: Mark live objects
[21.621s][info][gc,phases      ] GC(527) Phase 1: Mark live objects 8.474ms
[21.621s][info][gc,phases,start] GC(527) Phase 2: Compute new object addresses
[21.625s][info][gc,phases      ] GC(527) Phase 2: Compute new object addresses 3.924ms
[21.625s][info][gc,phases,start] GC(527) Phase 3: Adjust pointers
[21.631s][info][gc,phases      ] GC(527) Phase 3: Adjust pointers 5.240ms
[21.631s][info][gc,phases,start] GC(527) Phase 4: Move objects
[21.641s][info][gc,phases      ] GC(527) Phase 4: Move objects 10.720ms
[21.642s][info][gc,heap        ] GC(527) DefNew: 157219K(157248K)->34964K(157248K) Eden: 139776K(139776K)->34964K(139776K) From: 17443K(17472K)->0K(17472K)
[21.642s][info][gc,heap        ] GC(527) Tenured: 349481K(349568K)->349484K(349568K)
[21.642s][info][gc,metaspace   ] GC(527) Metaspace: 30915K(31232K)->30915K(31232K) NonClass: 27636K(27776K)->27636K(27776K) Class: 3278K(3456K)->3278K(3456K)
[21.642s][info][gc             ] GC(527) Pause Full (Allocation Failure) 494M->375M(494M) 28.877ms
[21.642s][info][gc,cpu         ] GC(527) User=0.03s Sys=0.00s Real=0.03s
[21.652s][info][gc,start       ] GC(528) Pause Full (Allocation Failure)
[21.652s][info][gc,phases,start] GC(528) Phase 1: Mark live objects
[21.661s][info][gc,phases      ] GC(528) Phase 1: Mark live objects 8.568ms
[21.661s][info][gc,phases,start] GC(528) Phase 2: Compute new object addresses
[21.665s][info][gc,phases      ] GC(528) Phase 2: Compute new object addresses 4.225ms
[21.665s][info][gc,phases,start] GC(528) Phase 3: Adjust pointers
[21.671s][info][gc,phases      ] GC(528) Phase 3: Adjust pointers 5.619ms
[21.671s][info][gc,phases,start] GC(528) Phase 4: Move objects
[21.682s][info][gc,phases      ] GC(528) Phase 4: Move objects 11.213ms
[21.682s][info][gc,heap        ] GC(528) DefNew: 156876K(157248K)->28164K(157248K) Eden: 139776K(139776K)->28164K(139776K) From: 17100K(17472K)->0K(17472K)
[21.682s][info][gc,heap        ] GC(528) Tenured: 349484K(349568K)->349445K(349568K)
[21.682s][info][gc,metaspace   ] GC(528) Metaspace: 30915K(31232K)->30915K(31232K) NonClass: 27636K(27776K)->27636K(27776K) Class: 3278K(3456K)->3278K(3456K)
[21.682s][info][gc             ] GC(528) Pause Full (Allocation Failure) 494M->368M(494M) 30.048ms
[21.682s][info][gc,cpu         ] GC(528) User=0.03s Sys=0.00s Real=0.03s
[21.695s][info][gc,start       ] GC(529) Pause Full (Allocation Failure)
[21.695s][info][gc,phases,start] GC(529) Phase 1: Mark live objects
[21.704s][info][gc,phases      ] GC(529) Phase 1: Mark live objects 8.877ms
[21.704s][info][gc,phases,start] GC(529) Phase 2: Compute new object addresses
[21.709s][info][gc,phases      ] GC(529) Phase 2: Compute new object addresses 4.668ms
[21.709s][info][gc,phases,start] GC(529) Phase 3: Adjust pointers
[21.715s][info][gc,phases      ] GC(529) Phase 3: Adjust pointers 6.026ms
[21.715s][info][gc,phases,start] GC(529) Phase 4: Move objects
[21.731s][info][gc,phases      ] GC(529) Phase 4: Move objects 15.739ms
[21.731s][info][gc,heap        ] GC(529) DefNew: 156680K(157248K)->20337K(157248K) Eden: 139776K(139776K)->20337K(139776K) From: 16904K(17472K)->0K(17472K)
[21.731s][info][gc,heap        ] GC(529) Tenured: 349445K(349568K)->348785K(349568K)
[21.731s][info][gc,metaspace   ] GC(529) Metaspace: 30915K(31232K)->30915K(31232K) NonClass: 27636K(27776K)->27636K(27776K) Class: 3278K(3456K)->3278K(3456K)
[21.731s][info][gc             ] GC(529) Pause Full (Allocation Failure) 494M->360M(494M) 35.759ms
[21.731s][info][gc,cpu         ] GC(529) User=0.03s Sys=0.00s Real=0.04s
[21.742s][info][gc,start       ] GC(530) Pause Full (Allocation Failure)
[21.742s][info][gc,phases,start] GC(530) Phase 1: Mark live objects
[21.756s][info][gc,phases      ] GC(530) Phase 1: Mark live objects 14.115ms
[21.756s][info][gc,phases,start] GC(530) Phase 2: Compute new object addresses
[21.760s][info][gc,phases      ] GC(530) Phase 2: Compute new object addresses 4.436ms
[21.760s][info][gc,phases,start] GC(530) Phase 3: Adjust pointers
[21.766s][info][gc,phases      ] GC(530) Phase 3: Adjust pointers 5.563ms
[21.766s][info][gc,phases,start] GC(530) Phase 4: Move objects
[21.770s][info][gc,phases      ] GC(530) Phase 4: Move objects 3.851ms
[21.770s][info][gc,heap        ] GC(530) DefNew: 156349K(157248K)->35339K(157248K) Eden: 139776K(139776K)->35339K(139776K) From: 16573K(17472K)->0K(17472K)
[21.770s][info][gc,heap        ] GC(530) Tenured: 348785K(349568K)->348773K(349568K)
[21.770s][info][gc,metaspace   ] GC(530) Metaspace: 30915K(31232K)->30915K(31232K) NonClass: 27636K(27776K)->27636K(27776K) Class: 3278K(3456K)->3278K(3456K)
[21.770s][info][gc             ] GC(530) Pause Full (Allocation Failure) 493M->375M(494M) 28.381ms
[21.770s][info][gc,cpu         ] GC(530) User=0.03s Sys=0.00s Real=0.03s
[21.781s][info][gc,start       ] GC(531) Pause Full (Allocation Failure)
[21.781s][info][gc,phases,start] GC(531) Phase 1: Mark live objects
[21.790s][info][gc,phases      ] GC(531) Phase 1: Mark live objects 8.857ms
[21.790s][info][gc,phases,start] GC(531) Phase 2: Compute new object addresses
[21.794s][info][gc,phases      ] GC(531) Phase 2: Compute new object addresses 4.252ms
[21.794s][info][gc,phases,start] GC(531) Phase 3: Adjust pointers
[21.802s][info][gc,phases      ] GC(531) Phase 3: Adjust pointers 8.072ms
[21.802s][info][gc,phases,start] GC(531) Phase 4: Move objects
[21.815s][info][gc,phases      ] GC(531) Phase 4: Move objects 12.795ms
[21.815s][info][gc,heap        ] GC(531) DefNew: 157141K(157248K)->31431K(157248K) Eden: 139776K(139776K)->31431K(139776K) From: 17365K(17472K)->0K(17472K)
[21.815s][info][gc,heap        ] GC(531) Tenured: 348773K(349568K)->349501K(349568K)
[21.815s][info][gc,metaspace   ] GC(531) Metaspace: 30915K(31232K)->30915K(31232K) NonClass: 27636K(27776K)->27636K(27776K) Class: 3278K(3456K)->3278K(3456K)
[21.815s][info][gc             ] GC(531) Pause Full (Allocation Failure) 494M->372M(494M) 34.585ms
[21.815s][info][gc,cpu         ] GC(531) User=0.03s Sys=0.00s Real=0.03s
[21.822s][info][gc,start       ] GC(532) Pause Full (Allocation Failure)
[21.822s][info][gc,phases,start] GC(532) Phase 1: Mark live objects
[21.831s][info][gc,phases      ] GC(532) Phase 1: Mark live objects 9.430ms
[21.831s][info][gc,phases,start] GC(532) Phase 2: Compute new object addresses
[21.836s][info][gc,phases      ] GC(532) Phase 2: Compute new object addresses 4.500ms
[21.836s][info][gc,phases,start] GC(532) Phase 3: Adjust pointers
[21.842s][info][gc,phases      ] GC(532) Phase 3: Adjust pointers 6.403ms
[21.842s][info][gc,phases,start] GC(532) Phase 4: Move objects
[21.854s][info][gc,phases      ] GC(532) Phase 4: Move objects 11.747ms
[21.854s][info][gc,heap        ] GC(532) DefNew: 156994K(157248K)->35475K(157248K) Eden: 139776K(139776K)->35475K(139776K) From: 17218K(17472K)->0K(17472K)
[21.854s][info][gc,heap        ] GC(532) Tenured: 349501K(349568K)->349448K(349568K)
[21.854s][info][gc,metaspace   ] GC(532) Metaspace: 30915K(31232K)->30915K(31232K) NonClass: 27636K(27776K)->27636K(27776K) Class: 3278K(3456K)->3278K(3456K)
[21.854s][info][gc             ] GC(532) Pause Full (Allocation Failure) 494M->375M(494M) 32.524ms
[21.854s][info][gc,cpu         ] GC(532) User=0.03s Sys=0.00s Real=0.03s
[21.865s][info][gc,start       ] GC(533) Pause Full (Allocation Failure)
[21.865s][info][gc,phases,start] GC(533) Phase 1: Mark live objects
[21.874s][info][gc,phases      ] GC(533) Phase 1: Mark live objects 8.977ms
[21.874s][info][gc,phases,start] GC(533) Phase 2: Compute new object addresses
[21.879s][info][gc,phases      ] GC(533) Phase 2: Compute new object addresses 4.348ms
[21.879s][info][gc,phases,start] GC(533) Phase 3: Adjust pointers
[21.885s][info][gc,phases      ] GC(533) Phase 3: Adjust pointers 5.997ms
[21.885s][info][gc,phases,start] GC(533) Phase 4: Move objects
[21.898s][info][gc,phases      ] GC(533) Phase 4: Move objects 13.147ms
[21.898s][info][gc,heap        ] GC(533) DefNew: 156612K(157248K)->11343K(157248K) Eden: 139776K(139776K)->11343K(139776K) From: 16836K(17472K)->0K(17472K)
[21.898s][info][gc,heap        ] GC(533) Tenured: 349448K(349568K)->349540K(349568K)
[21.898s][info][gc,metaspace   ] GC(533) Metaspace: 30915K(31232K)->30915K(31232K) NonClass: 27636K(27776K)->27636K(27776K) Class: 3278K(3456K)->3278K(3456K)
[21.898s][info][gc             ] GC(533) Pause Full (Allocation Failure) 494M->352M(494M) 32.887ms
[21.898s][info][gc,cpu         ] GC(533) User=0.03s Sys=0.00s Real=0.03s
[21.909s][info][gc,start       ] GC(534) Pause Full (Allocation Failure)
[21.909s][info][gc,phases,start] GC(534) Phase 1: Mark live objects
[21.917s][info][gc,phases      ] GC(534) Phase 1: Mark live objects 8.332ms
[21.917s][info][gc,phases,start] GC(534) Phase 2: Compute new object addresses
[21.922s][info][gc,phases      ] GC(534) Phase 2: Compute new object addresses 4.390ms
[21.922s][info][gc,phases,start] GC(534) Phase 3: Adjust pointers
[21.927s][info][gc,phases      ] GC(534) Phase 3: Adjust pointers 5.440ms
[21.927s][info][gc,phases,start] GC(534) Phase 4: Move objects
[21.930s][info][gc,phases      ] GC(534) Phase 4: Move objects 2.752ms
[21.930s][info][gc,heap        ] GC(534) DefNew: 157077K(157248K)->30858K(157248K) Eden: 139776K(139776K)->30858K(139776K) From: 17301K(17472K)->0K(17472K)
[21.930s][info][gc,heap        ] GC(534) Tenured: 349540K(349568K)->349540K(349568K)
[21.930s][info][gc,metaspace   ] GC(534) Metaspace: 30915K(31232K)->30915K(31232K) NonClass: 27636K(27776K)->27636K(27776K) Class: 3278K(3456K)->3278K(3456K)
[21.930s][info][gc             ] GC(534) Pause Full (Allocation Failure) 494M->371M(494M) 21.284ms
[21.930s][info][gc,cpu         ] GC(534) User=0.02s Sys=0.00s Real=0.02s
[21.936s][info][gc,start       ] GC(535) Pause Full (Allocation Failure)
[21.936s][info][gc,phases,start] GC(535) Phase 1: Mark live objects
[21.945s][info][gc,phases      ] GC(535) Phase 1: Mark live objects 8.376ms
[21.945s][info][gc,phases,start] GC(535) Phase 2: Compute new object addresses
[21.949s][info][gc,phases      ] GC(535) Phase 2: Compute new object addresses 4.073ms
[21.949s][info][gc,phases,start] GC(535) Phase 3: Adjust pointers
[21.955s][info][gc,phases      ] GC(535) Phase 3: Adjust pointers 5.642ms
[21.955s][info][gc,phases,start] GC(535) Phase 4: Move objects
[21.963s][info][gc,phases      ] GC(535) Phase 4: Move objects 8.459ms
[21.963s][info][gc,heap        ] GC(535) DefNew: 156996K(157248K)->33264K(157248K) Eden: 139776K(139776K)->33264K(139776K) From: 17220K(17472K)->0K(17472K)
[21.963s][info][gc,heap        ] GC(535) Tenured: 349540K(349568K)->349443K(349568K)
[21.963s][info][gc,metaspace   ] GC(535) Metaspace: 30922K(31296K)->30922K(31296K) NonClass: 27643K(27840K)->27643K(27840K) Class: 3278K(3456K)->3278K(3456K)
[21.963s][info][gc             ] GC(535) Pause Full (Allocation Failure) 494M->373M(494M) 26.991ms
[21.963s][info][gc,cpu         ] GC(535) User=0.03s Sys=0.00s Real=0.02s
[21.974s][info][gc,start       ] GC(536) Pause Full (Allocation Failure)
[21.974s][info][gc,phases,start] GC(536) Phase 1: Mark live objects
[21.983s][info][gc,phases      ] GC(536) Phase 1: Mark live objects 8.371ms
[21.983s][info][gc,phases,start] GC(536) Phase 2: Compute new object addresses
[21.987s][info][gc,phases      ] GC(536) Phase 2: Compute new object addresses 4.572ms
[21.987s][info][gc,phases,start] GC(536) Phase 3: Adjust pointers
[21.993s][info][gc,phases      ] GC(536) Phase 3: Adjust pointers 5.639ms
[21.993s][info][gc,phases,start] GC(536) Phase 4: Move objects
[22.005s][info][gc,phases      ] GC(536) Phase 4: Move objects 11.441ms
[22.005s][info][gc,heap        ] GC(536) DefNew: 156409K(157248K)->23424K(157248K) Eden: 139776K(139776K)->23424K(139776K) From: 16633K(17472K)->0K(17472K)
[22.005s][info][gc,heap        ] GC(536) Tenured: 349443K(349568K)->349448K(349568K)
[22.005s][info][gc,metaspace   ] GC(536) Metaspace: 30922K(31296K)->30922K(31296K) NonClass: 27643K(27840K)->27643K(27840K) Class: 3278K(3456K)->3278K(3456K)
[22.005s][info][gc             ] GC(536) Pause Full (Allocation Failure) 493M->364M(494M) 30.442ms
[22.005s][info][gc,cpu         ] GC(536) User=0.03s Sys=0.00s Real=0.04s
[22.017s][info][gc,start       ] GC(537) Pause Full (Allocation Failure)
[22.017s][info][gc,phases,start] GC(537) Phase 1: Mark live objects
[22.025s][info][gc,phases      ] GC(537) Phase 1: Mark live objects 8.322ms
[22.025s][info][gc,phases,start] GC(537) Phase 2: Compute new object addresses
[22.030s][info][gc,phases      ] GC(537) Phase 2: Compute new object addresses 4.555ms
[22.030s][info][gc,phases,start] GC(537) Phase 3: Adjust pointers
[22.036s][info][gc,phases      ] GC(537) Phase 3: Adjust pointers 5.752ms
[22.036s][info][gc,phases,start] GC(537) Phase 4: Move objects
[22.049s][info][gc,phases      ] GC(537) Phase 4: Move objects 13.193ms
[22.049s][info][gc,heap        ] GC(537) DefNew: 156970K(157248K)->9794K(157248K) Eden: 139776K(139776K)->9794K(139776K) From: 17194K(17472K)->0K(17472K)
[22.049s][info][gc,heap        ] GC(537) Tenured: 349448K(349568K)->349551K(349568K)
[22.049s][info][gc,metaspace   ] GC(537) Metaspace: 30922K(31296K)->30922K(31296K) NonClass: 27643K(27840K)->27643K(27840K) Class: 3278K(3456K)->3278K(3456K)
[22.049s][info][gc             ] GC(537) Pause Full (Allocation Failure) 494M->350M(494M) 32.242ms
[22.049s][info][gc,cpu         ] GC(537) User=0.04s Sys=0.00s Real=0.03s
[22.058s][info][gc,start       ] GC(538) Pause Full (Allocation Failure)
[22.058s][info][gc,phases,start] GC(538) Phase 1: Mark live objects
[22.066s][info][gc,phases      ] GC(538) Phase 1: Mark live objects 8.100ms
[22.066s][info][gc,phases,start] GC(538) Phase 2: Compute new object addresses
[22.071s][info][gc,phases      ] GC(538) Phase 2: Compute new object addresses 4.314ms
[22.071s][info][gc,phases,start] GC(538) Phase 3: Adjust pointers
[22.076s][info][gc,phases      ] GC(538) Phase 3: Adjust pointers 5.461ms
[22.076s][info][gc,phases,start] GC(538) Phase 4: Move objects
[22.079s][info][gc,phases      ] GC(538) Phase 4: Move objects 2.688ms
[22.079s][info][gc,heap        ] GC(538) DefNew: 156941K(157248K)->28810K(157248K) Eden: 139776K(139776K)->28810K(139776K) From: 17165K(17472K)->0K(17472K)
[22.079s][info][gc,heap        ] GC(538) Tenured: 349551K(349568K)->349547K(349568K)
[22.079s][info][gc,metaspace   ] GC(538) Metaspace: 30922K(31296K)->30922K(31296K) NonClass: 27643K(27840K)->27643K(27840K) Class: 3278K(3456K)->3278K(3456K)
[22.079s][info][gc             ] GC(538) Pause Full (Allocation Failure) 494M->369M(494M) 20.928ms
[22.079s][info][gc,cpu         ] GC(538) User=0.02s Sys=0.00s Real=0.02s
[22.089s][info][gc,start       ] GC(539) Pause Full (Allocation Failure)
[22.089s][info][gc,phases,start] GC(539) Phase 1: Mark live objects
[22.098s][info][gc,phases      ] GC(539) Phase 1: Mark live objects 8.539ms
[22.098s][info][gc,phases,start] GC(539) Phase 2: Compute new object addresses
[22.103s][info][gc,phases      ] GC(539) Phase 2: Compute new object addresses 5.794ms
[22.103s][info][gc,phases,start] GC(539) Phase 3: Adjust pointers
[22.111s][info][gc,phases      ] GC(539) Phase 3: Adjust pointers 7.044ms
[22.111s][info][gc,phases,start] GC(539) Phase 4: Move objects
[22.120s][info][gc,phases      ] GC(539) Phase 4: Move objects 9.212ms
[22.120s][info][gc,heap        ] GC(539) DefNew: 156783K(157248K)->27387K(157248K) Eden: 139776K(139776K)->27387K(139776K) From: 17007K(17472K)->0K(17472K)
[22.120s][info][gc,heap        ] GC(539) Tenured: 349547K(349568K)->349412K(349568K)
[22.120s][info][gc,metaspace   ] GC(539) Metaspace: 30932K(31296K)->30932K(31296K) NonClass: 27653K(27840K)->27653K(27840K) Class: 3278K(3456K)->3278K(3456K)
[22.120s][info][gc             ] GC(539) Pause Full (Allocation Failure) 494M->367M(494M) 31.036ms
[22.120s][info][gc,cpu         ] GC(539) User=0.03s Sys=0.00s Real=0.03s
[22.131s][info][gc,start       ] GC(540) Pause Full (Allocation Failure)
[22.131s][info][gc,phases,start] GC(540) Phase 1: Mark live objects
[22.139s][info][gc,phases      ] GC(540) Phase 1: Mark live objects 8.402ms
[22.139s][info][gc,phases,start] GC(540) Phase 2: Compute new object addresses
[22.144s][info][gc,phases      ] GC(540) Phase 2: Compute new object addresses 4.885ms
[22.144s][info][gc,phases,start] GC(540) Phase 3: Adjust pointers
[22.150s][info][gc,phases      ] GC(540) Phase 3: Adjust pointers 6.224ms
[22.150s][info][gc,phases,start] GC(540) Phase 4: Move objects
[22.164s][info][gc,phases      ] GC(540) Phase 4: Move objects 13.987ms
[22.164s][info][gc,heap        ] GC(540) DefNew: 156823K(157248K)->21621K(157248K) Eden: 139776K(139776K)->21621K(139776K) From: 17047K(17472K)->0K(17472K)
[22.164s][info][gc,heap        ] GC(540) Tenured: 349412K(349568K)->349447K(349568K)
[22.164s][info][gc,metaspace   ] GC(540) Metaspace: 30932K(31296K)->30932K(31296K) NonClass: 27653K(27840K)->27653K(27840K) Class: 3278K(3456K)->3278K(3456K)
[22.164s][info][gc             ] GC(540) Pause Full (Allocation Failure) 494M->362M(494M) 33.947ms
[22.164s][info][gc,cpu         ] GC(540) User=0.03s Sys=0.00s Real=0.04s
[22.175s][info][gc,start       ] GC(541) Pause Full (Allocation Failure)
[22.175s][info][gc,phases,start] GC(541) Phase 1: Mark live objects
[22.183s][info][gc,phases      ] GC(541) Phase 1: Mark live objects 7.854ms
[22.183s][info][gc,phases,start] GC(541) Phase 2: Compute new object addresses
[22.188s][info][gc,phases      ] GC(541) Phase 2: Compute new object addresses 4.501ms
[22.188s][info][gc,phases,start] GC(541) Phase 3: Adjust pointers
[22.193s][info][gc,phases      ] GC(541) Phase 3: Adjust pointers 5.474ms
[22.193s][info][gc,phases,start] GC(541) Phase 4: Move objects
[22.212s][info][gc,phases      ] GC(541) Phase 4: Move objects 18.955ms
[22.212s][info][gc,heap        ] GC(541) DefNew: 156266K(157248K)->7214K(157248K) Eden: 139776K(139776K)->7214K(139776K) From: 16490K(17472K)->0K(17472K)
[22.212s][info][gc,heap        ] GC(541) Tenured: 349447K(349568K)->349550K(349568K)
[22.212s][info][gc,metaspace   ] GC(541) Metaspace: 30932K(31296K)->30932K(31296K) NonClass: 27653K(27840K)->27653K(27840K) Class: 3278K(3456K)->3278K(3456K)
[22.212s][info][gc             ] GC(541) Pause Full (Allocation Failure) 493M->348M(494M) 37.223ms
[22.212s][info][gc,cpu         ] GC(541) User=0.05s Sys=0.00s Real=0.04s
[22.220s][info][gc,start       ] GC(542) Pause Full (Allocation Failure)
[22.220s][info][gc,phases,start] GC(542) Phase 1: Mark live objects
[22.229s][info][gc,phases      ] GC(542) Phase 1: Mark live objects 8.908ms
[22.229s][info][gc,phases,start] GC(542) Phase 2: Compute new object addresses
[22.234s][info][gc,phases      ] GC(542) Phase 2: Compute new object addresses 4.429ms
[22.234s][info][gc,phases,start] GC(542) Phase 3: Adjust pointers
[22.239s][info][gc,phases      ] GC(542) Phase 3: Adjust pointers 5.768ms
[22.239s][info][gc,phases,start] GC(542) Phase 4: Move objects
[22.243s][info][gc,phases      ] GC(542) Phase 4: Move objects 3.408ms
[22.243s][info][gc,heap        ] GC(542) DefNew: 157025K(157248K)->30080K(157248K) Eden: 139776K(139776K)->30080K(139776K) From: 17249K(17472K)->0K(17472K)
[22.243s][info][gc,heap        ] GC(542) Tenured: 349550K(349568K)->349536K(349568K)
[22.243s][info][gc,metaspace   ] GC(542) Metaspace: 30932K(31296K)->30932K(31296K) NonClass: 27653K(27840K)->27653K(27840K) Class: 3278K(3456K)->3278K(3456K)
[22.243s][info][gc             ] GC(542) Pause Full (Allocation Failure) 494M->370M(494M) 22.991ms
[22.243s][info][gc,cpu         ] GC(542) User=0.03s Sys=0.00s Real=0.02s
[22.254s][info][gc,start       ] GC(543) Pause Full (Allocation Failure)
[22.254s][info][gc,phases,start] GC(543) Phase 1: Mark live objects
[22.264s][info][gc,phases      ] GC(543) Phase 1: Mark live objects 10.497ms
[22.264s][info][gc,phases,start] GC(543) Phase 2: Compute new object addresses
[22.269s][info][gc,phases      ] GC(543) Phase 2: Compute new object addresses 4.537ms
[22.269s][info][gc,phases,start] GC(543) Phase 3: Adjust pointers
[22.275s][info][gc,phases      ] GC(543) Phase 3: Adjust pointers 6.276ms
[22.275s][info][gc,phases,start] GC(543) Phase 4: Move objects
[22.283s][info][gc,phases      ] GC(543) Phase 4: Move objects 7.203ms
[22.283s][info][gc,heap        ] GC(543) DefNew: 157118K(157248K)->26234K(157248K) Eden: 139776K(139776K)->26234K(139776K) From: 17342K(17472K)->0K(17472K)
[22.283s][info][gc,heap        ] GC(543) Tenured: 349536K(349568K)->349452K(349568K)
[22.283s][info][gc,metaspace   ] GC(543) Metaspace: 30932K(31296K)->30932K(31296K) NonClass: 27653K(27840K)->27653K(27840K) Class: 3278K(3456K)->3278K(3456K)
[22.283s][info][gc             ] GC(543) Pause Full (Allocation Failure) 494M->366M(494M) 28.998ms
[22.283s][info][gc,cpu         ] GC(543) User=0.03s Sys=0.01s Real=0.03s
[22.291s][info][gc,start       ] GC(544) Pause Full (Allocation Failure)
[22.291s][info][gc,phases,start] GC(544) Phase 1: Mark live objects
[22.299s][info][gc,phases      ] GC(544) Phase 1: Mark live objects 8.530ms
[22.299s][info][gc,phases,start] GC(544) Phase 2: Compute new object addresses
[22.304s][info][gc,phases      ] GC(544) Phase 2: Compute new object addresses 4.380ms
[22.304s][info][gc,phases,start] GC(544) Phase 3: Adjust pointers
[22.310s][info][gc,phases      ] GC(544) Phase 3: Adjust pointers 5.948ms
[22.310s][info][gc,phases,start] GC(544) Phase 4: Move objects
[22.321s][info][gc,phases      ] GC(544) Phase 4: Move objects 10.855ms
[22.321s][info][gc,heap        ] GC(544) DefNew: 157006K(157248K)->30470K(157248K) Eden: 139776K(139776K)->30470K(139776K) From: 17230K(17472K)->0K(17472K)
[22.321s][info][gc,heap        ] GC(544) Tenured: 349452K(349568K)->349411K(349568K)
[22.321s][info][gc,metaspace   ] GC(544) Metaspace: 30932K(31296K)->30932K(31296K) NonClass: 27653K(27840K)->27653K(27840K) Class: 3278K(3456K)->3278K(3456K)
[22.321s][info][gc             ] GC(544) Pause Full (Allocation Failure) 494M->370M(494M) 30.133ms
[22.321s][info][gc,cpu         ] GC(544) User=0.03s Sys=0.00s Real=0.03s
[22.332s][info][gc,start       ] GC(545) Pause Full (Allocation Failure)
[22.332s][info][gc,phases,start] GC(545) Phase 1: Mark live objects
[22.340s][info][gc,phases      ] GC(545) Phase 1: Mark live objects 8.392ms
[22.340s][info][gc,phases,start] GC(545) Phase 2: Compute new object addresses
[22.344s][info][gc,phases      ] GC(545) Phase 2: Compute new object addresses 4.233ms
[22.344s][info][gc,phases,start] GC(545) Phase 3: Adjust pointers
[22.350s][info][gc,phases      ] GC(545) Phase 3: Adjust pointers 5.556ms
[22.350s][info][gc,phases,start] GC(545) Phase 4: Move objects
[22.364s][info][gc,phases      ] GC(545) Phase 4: Move objects 14.474ms
[22.365s][info][gc,heap        ] GC(545) DefNew: 157222K(157248K)->5679K(157248K) Eden: 139776K(139776K)->5679K(139776K) From: 17446K(17472K)->0K(17472K)
[22.365s][info][gc,heap        ] GC(545) Tenured: 349411K(349568K)->349470K(349568K)
[22.365s][info][gc,metaspace   ] GC(545) Metaspace: 30941K(31296K)->30941K(31296K) NonClass: 27663K(27840K)->27663K(27840K) Class: 3278K(3456K)->3278K(3456K)
[22.365s][info][gc             ] GC(545) Pause Full (Allocation Failure) 494M->346M(494M) 33.083ms
[22.365s][info][gc,cpu         ] GC(545) User=0.04s Sys=0.00s Real=0.04s
[22.376s][info][gc,start       ] GC(546) Pause Full (Allocation Failure)
[22.376s][info][gc,phases,start] GC(546) Phase 1: Mark live objects
[22.385s][info][gc,phases      ] GC(546) Phase 1: Mark live objects 8.972ms
[22.385s][info][gc,phases,start] GC(546) Phase 2: Compute new object addresses
[22.390s][info][gc,phases      ] GC(546) Phase 2: Compute new object addresses 4.948ms
[22.390s][info][gc,phases,start] GC(546) Phase 3: Adjust pointers
[22.396s][info][gc,phases      ] GC(546) Phase 3: Adjust pointers 6.050ms
[22.396s][info][gc,phases,start] GC(546) Phase 4: Move objects
[22.399s][info][gc,phases      ] GC(546) Phase 4: Move objects 3.078ms
[22.399s][info][gc,heap        ] GC(546) DefNew: 156517K(157248K)->27380K(157248K) Eden: 139776K(139776K)->27380K(139776K) From: 16741K(17472K)->0K(17472K)
[22.399s][info][gc,heap        ] GC(546) Tenured: 349470K(349568K)->349463K(349568K)
[22.399s][info][gc,metaspace   ] GC(546) Metaspace: 30941K(31296K)->30941K(31296K) NonClass: 27663K(27840K)->27663K(27840K) Class: 3278K(3456K)->3278K(3456K)
[22.399s][info][gc             ] GC(546) Pause Full (Allocation Failure) 494M->368M(494M) 23.431ms
[22.399s][info][gc,cpu         ] GC(546) User=0.02s Sys=0.01s Real=0.03s
[22.407s][info][gc,start       ] GC(547) Pause Full (Allocation Failure)
[22.407s][info][gc,phases,start] GC(547) Phase 1: Mark live objects
[22.416s][info][gc,phases      ] GC(547) Phase 1: Mark live objects 8.722ms
[22.416s][info][gc,phases,start] GC(547) Phase 2: Compute new object addresses
[22.420s][info][gc,phases      ] GC(547) Phase 2: Compute new object addresses 4.719ms
[22.421s][info][gc,phases,start] GC(547) Phase 3: Adjust pointers
[22.427s][info][gc,phases      ] GC(547) Phase 3: Adjust pointers 6.702ms
[22.427s][info][gc,phases,start] GC(547) Phase 4: Move objects
[22.434s][info][gc,phases      ] GC(547) Phase 4: Move objects 7.070ms
[22.435s][info][gc,heap        ] GC(547) DefNew: 156872K(157248K)->32690K(157248K) Eden: 139776K(139776K)->32690K(139776K) From: 17096K(17472K)->0K(17472K)
[22.435s][info][gc,heap        ] GC(547) Tenured: 349463K(349568K)->349528K(349568K)
[22.435s][info][gc,metaspace   ] GC(547) Metaspace: 30941K(31296K)->30941K(31296K) NonClass: 27663K(27840K)->27663K(27840K) Class: 3278K(3456K)->3278K(3456K)
[22.435s][info][gc             ] GC(547) Pause Full (Allocation Failure) 494M->373M(494M) 27.670ms
[22.435s][info][gc,cpu         ] GC(547) User=0.06s Sys=0.00s Real=0.02s
[22.442s][info][gc,start       ] GC(548) Pause Full (Allocation Failure)
[22.442s][info][gc,phases,start] GC(548) Phase 1: Mark live objects
[22.451s][info][gc,phases      ] GC(548) Phase 1: Mark live objects 8.341ms
[22.451s][info][gc,phases,start] GC(548) Phase 2: Compute new object addresses
[22.455s][info][gc,phases      ] GC(548) Phase 2: Compute new object addresses 4.130ms
[22.455s][info][gc,phases,start] GC(548) Phase 3: Adjust pointers
[22.461s][info][gc,phases      ] GC(548) Phase 3: Adjust pointers 6.174ms
[22.461s][info][gc,phases,start] GC(548) Phase 4: Move objects
[22.471s][info][gc,phases      ] GC(548) Phase 4: Move objects 9.663ms
[22.471s][info][gc,heap        ] GC(548) DefNew: 157077K(157248K)->35217K(157248K) Eden: 139776K(139776K)->35217K(139776K) From: 17301K(17472K)->0K(17472K)
[22.471s][info][gc,heap        ] GC(548) Tenured: 349528K(349568K)->349452K(349568K)
[22.471s][info][gc,metaspace   ] GC(548) Metaspace: 30941K(31296K)->30941K(31296K) NonClass: 27663K(27840K)->27663K(27840K) Class: 3278K(3456K)->3278K(3456K)
[22.471s][info][gc             ] GC(548) Pause Full (Allocation Failure) 494M->375M(494M) 28.718ms
[22.471s][info][gc,cpu         ] GC(548) User=0.03s Sys=0.00s Real=0.03s
[22.478s][info][gc,start       ] GC(549) Pause Full (Allocation Failure)
[22.478s][info][gc,phases,start] GC(549) Phase 1: Mark live objects
[22.486s][info][gc,phases      ] GC(549) Phase 1: Mark live objects 8.754ms
[22.487s][info][gc,phases,start] GC(549) Phase 2: Compute new object addresses
[22.491s][info][gc,phases      ] GC(549) Phase 2: Compute new object addresses 4.476ms
[22.491s][info][gc,phases,start] GC(549) Phase 3: Adjust pointers
[22.497s][info][gc,phases      ] GC(549) Phase 3: Adjust pointers 6.315ms
[22.497s][info][gc,phases,start] GC(549) Phase 4: Move objects
[22.516s][info][gc,phases      ] GC(549) Phase 4: Move objects 18.304ms
[22.516s][info][gc,heap        ] GC(549) DefNew: 156995K(157248K)->20938K(157248K) Eden: 139776K(139776K)->20938K(139776K) From: 17219K(17472K)->0K(17472K)
[22.516s][info][gc,heap        ] GC(549) Tenured: 349452K(349568K)->348663K(349568K)
[22.516s][info][gc,metaspace   ] GC(549) Metaspace: 30941K(31296K)->30941K(31296K) NonClass: 27663K(27840K)->27663K(27840K) Class: 3278K(3456K)->3278K(3456K)
[22.516s][info][gc             ] GC(549) Pause Full (Allocation Failure) 494M->360M(494M) 38.282ms
[22.516s][info][gc,cpu         ] GC(549) User=0.04s Sys=0.01s Real=0.04s
[22.527s][info][gc,start       ] GC(550) Pause Full (Allocation Failure)
[22.527s][info][gc,phases,start] GC(550) Phase 1: Mark live objects
[22.535s][info][gc,phases      ] GC(550) Phase 1: Mark live objects 7.975ms
[22.535s][info][gc,phases,start] GC(550) Phase 2: Compute new object addresses
[22.539s][info][gc,phases      ] GC(550) Phase 2: Compute new object addresses 4.183ms
[22.539s][info][gc,phases,start] GC(550) Phase 3: Adjust pointers
[22.544s][info][gc,phases      ] GC(550) Phase 3: Adjust pointers 5.312ms
[22.544s][info][gc,phases,start] GC(550) Phase 4: Move objects
[22.548s][info][gc,phases      ] GC(550) Phase 4: Move objects 3.445ms
[22.548s][info][gc,heap        ] GC(550) DefNew: 157218K(157248K)->33942K(157248K) Eden: 139776K(139776K)->33942K(139776K) From: 17442K(17472K)->0K(17472K)
[22.548s][info][gc,heap        ] GC(550) Tenured: 348663K(349568K)->349452K(349568K)
[22.548s][info][gc,metaspace   ] GC(550) Metaspace: 30941K(31296K)->30941K(31296K) NonClass: 27663K(27840K)->27663K(27840K) Class: 3278K(3456K)->3278K(3456K)
[22.548s][info][gc             ] GC(550) Pause Full (Allocation Failure) 494M->374M(494M) 21.290ms
[22.548s][info][gc,cpu         ] GC(550) User=0.02s Sys=0.00s Real=0.02s
[22.559s][info][gc,start       ] GC(551) Pause Full (Allocation Failure)
[22.559s][info][gc,phases,start] GC(551) Phase 1: Mark live objects
[22.567s][info][gc,phases      ] GC(551) Phase 1: Mark live objects 8.197ms
[22.567s][info][gc,phases,start] GC(551) Phase 2: Compute new object addresses
[22.572s][info][gc,phases      ] GC(551) Phase 2: Compute new object addresses 4.604ms
[22.572s][info][gc,phases,start] GC(551) Phase 3: Adjust pointers
[22.578s][info][gc,phases      ] GC(551) Phase 3: Adjust pointers 6.668ms
[22.578s][info][gc,phases,start] GC(551) Phase 4: Move objects
[22.587s][info][gc,phases      ] GC(551) Phase 4: Move objects 8.215ms
[22.587s][info][gc,heap        ] GC(551) DefNew: 156639K(157248K)->32532K(157248K) Eden: 139776K(139776K)->32532K(139776K) From: 16863K(17472K)->0K(17472K)
[22.587s][info][gc,heap        ] GC(551) Tenured: 349452K(349568K)->349411K(349568K)
[22.587s][info][gc,metaspace   ] GC(551) Metaspace: 30941K(31296K)->30941K(31296K) NonClass: 27663K(27840K)->27663K(27840K) Class: 3278K(3456K)->3278K(3456K)
[22.587s][info][gc             ] GC(551) Pause Full (Allocation Failure) 494M->372M(494M) 28.098ms
[22.587s][info][gc,cpu         ] GC(551) User=0.04s Sys=0.00s Real=0.03s
[22.593s][info][gc,start       ] GC(552) Pause Full (Allocation Failure)
[22.593s][info][gc,phases,start] GC(552) Phase 1: Mark live objects
[22.602s][info][gc,phases      ] GC(552) Phase 1: Mark live objects 8.409ms
[22.602s][info][gc,phases,start] GC(552) Phase 2: Compute new object addresses
[22.606s][info][gc,phases      ] GC(552) Phase 2: Compute new object addresses 4.108ms
[22.606s][info][gc,phases,start] GC(552) Phase 3: Adjust pointers
[22.611s][info][gc,phases      ] GC(552) Phase 3: Adjust pointers 5.382ms
[22.611s][info][gc,phases,start] GC(552) Phase 4: Move objects
[22.622s][info][gc,phases      ] GC(552) Phase 4: Move objects 10.377ms
[22.622s][info][gc,heap        ] GC(552) DefNew: 157021K(157248K)->36540K(157248K) Eden: 139776K(139776K)->36540K(139776K) From: 17245K(17472K)->0K(17472K)
[22.622s][info][gc,heap        ] GC(552) Tenured: 349411K(349568K)->349524K(349568K)
[22.622s][info][gc,metaspace   ] GC(552) Metaspace: 30941K(31296K)->30941K(31296K) NonClass: 27663K(27840K)->27663K(27840K) Class: 3278K(3456K)->3278K(3456K)
[22.622s][info][gc             ] GC(552) Pause Full (Allocation Failure) 494M->377M(494M) 28.677ms
[22.622s][info][gc,cpu         ] GC(552) User=0.03s Sys=0.00s Real=0.03s
[22.628s][info][gc,start       ] GC(553) Pause Full (Allocation Failure)
[22.628s][info][gc,phases,start] GC(553) Phase 1: Mark live objects
[22.636s][info][gc,phases      ] GC(553) Phase 1: Mark live objects 8.027ms
[22.636s][info][gc,phases,start] GC(553) Phase 2: Compute new object addresses
[22.640s][info][gc,phases      ] GC(553) Phase 2: Compute new object addresses 3.960ms
[22.640s][info][gc,phases,start] GC(553) Phase 3: Adjust pointers
[22.645s][info][gc,phases      ] GC(553) Phase 3: Adjust pointers 5.220ms
[22.645s][info][gc,phases,start] GC(553) Phase 4: Move objects
[22.659s][info][gc,phases      ] GC(553) Phase 4: Move objects 13.711ms
[22.659s][info][gc,heap        ] GC(553) DefNew: 156999K(157248K)->20332K(157248K) Eden: 139776K(139776K)->20332K(139776K) From: 17223K(17472K)->0K(17472K)
[22.659s][info][gc,heap        ] GC(553) Tenured: 349524K(349568K)->349436K(349568K)
[22.659s][info][gc,metaspace   ] GC(553) Metaspace: 30941K(31296K)->30941K(31296K) NonClass: 27663K(27840K)->27663K(27840K) Class: 3278K(3456K)->3278K(3456K)
[22.659s][info][gc             ] GC(553) Pause Full (Allocation Failure) 494M->361M(494M) 31.292ms
[22.659s][info][gc,cpu         ] GC(553) User=0.03s Sys=0.00s Real=0.03s
[22.669s][info][gc,start       ] GC(554) Pause Full (Allocation Failure)
[22.669s][info][gc,phases,start] GC(554) Phase 1: Mark live objects
[22.678s][info][gc,phases      ] GC(554) Phase 1: Mark live objects 9.055ms
[22.678s][info][gc,phases,start] GC(554) Phase 2: Compute new object addresses
[22.683s][info][gc,phases      ] GC(554) Phase 2: Compute new object addresses 4.838ms
[22.683s][info][gc,phases,start] GC(554) Phase 3: Adjust pointers
[22.691s][info][gc,phases      ] GC(554) Phase 3: Adjust pointers 7.877ms
[22.691s][info][gc,phases,start] GC(554) Phase 4: Move objects
[22.697s][info][gc,phases      ] GC(554) Phase 4: Move objects 6.096ms
[22.697s][info][gc,heap        ] GC(554) DefNew: 157245K(157248K)->37412K(157248K) Eden: 139776K(139776K)->37412K(139776K) From: 17469K(17472K)->0K(17472K)
[22.697s][info][gc,heap        ] GC(554) Tenured: 349436K(349568K)->349449K(349568K)
[22.697s][info][gc,metaspace   ] GC(554) Metaspace: 30941K(31296K)->30941K(31296K) NonClass: 27663K(27840K)->27663K(27840K) Class: 3278K(3456K)->3278K(3456K)
[22.697s][info][gc             ] GC(554) Pause Full (Allocation Failure) 494M->377M(494M) 28.507ms
[22.698s][info][gc,cpu         ] GC(554) User=0.03s Sys=0.00s Real=0.03s
[22.706s][info][gc,start       ] GC(555) Pause Full (Allocation Failure)
[22.706s][info][gc,phases,start] GC(555) Phase 1: Mark live objects
[22.720s][info][gc,phases      ] GC(555) Phase 1: Mark live objects 13.985ms
[22.720s][info][gc,phases,start] GC(555) Phase 2: Compute new object addresses
[22.725s][info][gc,phases      ] GC(555) Phase 2: Compute new object addresses 5.478ms
[22.725s][info][gc,phases,start] GC(555) Phase 3: Adjust pointers
[22.735s][info][gc,phases      ] GC(555) Phase 3: Adjust pointers 9.106ms
[22.735s][info][gc,phases,start] GC(555) Phase 4: Move objects
[22.751s][info][gc,phases      ] GC(555) Phase 4: Move objects 16.620ms
[22.751s][info][gc,heap        ] GC(555) DefNew: 157008K(157248K)->47883K(157248K) Eden: 139776K(139776K)->47883K(139776K) From: 17232K(17472K)->0K(17472K)
[22.751s][info][gc,heap        ] GC(555) Tenured: 349449K(349568K)->349446K(349568K)
[22.751s][info][gc,metaspace   ] GC(555) Metaspace: 30941K(31296K)->30941K(31296K) NonClass: 27663K(27840K)->27663K(27840K) Class: 3278K(3456K)->3278K(3456K)
[22.752s][info][gc             ] GC(555) Pause Full (Allocation Failure) 494M->388M(494M) 45.862ms
[22.752s][info][gc,cpu         ] GC(555) User=0.05s Sys=0.00s Real=0.04s
[22.762s][info][gc,start       ] GC(556) Pause Full (Allocation Failure)
[22.762s][info][gc,phases,start] GC(556) Phase 1: Mark live objects
[22.775s][info][gc,phases      ] GC(556) Phase 1: Mark live objects 12.232ms
[22.775s][info][gc,phases,start] GC(556) Phase 2: Compute new object addresses
[22.780s][info][gc,phases      ] GC(556) Phase 2: Compute new object addresses 5.155ms
[22.780s][info][gc,phases,start] GC(556) Phase 3: Adjust pointers
[22.787s][info][gc,phases      ] GC(556) Phase 3: Adjust pointers 7.444ms
[22.787s][info][gc,phases,start] GC(556) Phase 4: Move objects
[22.807s][info][gc,phases      ] GC(556) Phase 4: Move objects 19.581ms
[22.807s][info][gc,heap        ] GC(556) DefNew: 156412K(157248K)->42915K(157248K) Eden: 139776K(139776K)->42915K(139776K) From: 16636K(17472K)->0K(17472K)
[22.807s][info][gc,heap        ] GC(556) Tenured: 349446K(349568K)->349448K(349568K)
[22.807s][info][gc,metaspace   ] GC(556) Metaspace: 30941K(31296K)->30941K(31296K) NonClass: 27663K(27840K)->27663K(27840K) Class: 3278K(3456K)->3278K(3456K)
[22.807s][info][gc             ] GC(556) Pause Full (Allocation Failure) 494M->383M(494M) 45.101ms
[22.807s][info][gc,cpu         ] GC(556) User=0.04s Sys=0.00s Real=0.05s
[22.818s][info][gc,start       ] GC(557) Pause Full (Allocation Failure)
[22.818s][info][gc,phases,start] GC(557) Phase 1: Mark live objects
[22.830s][info][gc,phases      ] GC(557) Phase 1: Mark live objects 11.676ms
[22.830s][info][gc,phases,start] GC(557) Phase 2: Compute new object addresses
[22.835s][info][gc,phases      ] GC(557) Phase 2: Compute new object addresses 5.727ms
[22.835s][info][gc,phases,start] GC(557) Phase 3: Adjust pointers
[22.844s][info][gc,phases      ] GC(557) Phase 3: Adjust pointers 8.487ms
[22.844s][info][gc,phases,start] GC(557) Phase 4: Move objects
[22.865s][info][gc,phases      ] GC(557) Phase 4: Move objects 21.162ms
[22.865s][info][gc,heap        ] GC(557) DefNew: 157128K(157248K)->24812K(157248K) Eden: 139776K(139776K)->24812K(139776K) From: 17352K(17472K)->0K(17472K)
[22.865s][info][gc,heap        ] GC(557) Tenured: 349448K(349568K)->349374K(349568K)
[22.865s][info][gc,metaspace   ] GC(557) Metaspace: 30941K(31296K)->30941K(31296K) NonClass: 27663K(27840K)->27663K(27840K) Class: 3278K(3456K)->3278K(3456K)
[22.866s][info][gc             ] GC(557) Pause Full (Allocation Failure) 494M->365M(494M) 47.742ms
[22.866s][info][gc,cpu         ] GC(557) User=0.05s Sys=0.00s Real=0.05s
[22.876s][info][gc,start       ] GC(558) Pause Full (Allocation Failure)
[22.876s][info][gc,phases,start] GC(558) Phase 1: Mark live objects
[22.887s][info][gc,phases      ] GC(558) Phase 1: Mark live objects 11.522ms
[22.888s][info][gc,phases,start] GC(558) Phase 2: Compute new object addresses
[22.893s][info][gc,phases      ] GC(558) Phase 2: Compute new object addresses 5.350ms
[22.893s][info][gc,phases,start] GC(558) Phase 3: Adjust pointers
[22.900s][info][gc,phases      ] GC(558) Phase 3: Adjust pointers 7.210ms
[22.900s][info][gc,phases,start] GC(558) Phase 4: Move objects
[22.905s][info][gc,phases      ] GC(558) Phase 4: Move objects 4.615ms
[22.905s][info][gc,heap        ] GC(558) DefNew: 156769K(157248K)->39737K(157248K) Eden: 139776K(139776K)->39737K(139776K) From: 16993K(17472K)->0K(17472K)
[22.905s][info][gc,heap        ] GC(558) Tenured: 349374K(349568K)->349374K(349568K)
[22.905s][info][gc,metaspace   ] GC(558) Metaspace: 30941K(31296K)->30941K(31296K) NonClass: 27663K(27840K)->27663K(27840K) Class: 3278K(3456K)->3278K(3456K)
[22.905s][info][gc             ] GC(558) Pause Full (Allocation Failure) 494M->379M(494M) 29.206ms
[22.905s][info][gc,cpu         ] GC(558) User=0.03s Sys=0.00s Real=0.03s
[22.915s][info][gc,start       ] GC(559) Pause Full (Allocation Failure)
[22.915s][info][gc,phases,start] GC(559) Phase 1: Mark live objects
[22.923s][info][gc,phases      ] GC(559) Phase 1: Mark live objects 8.246ms
[22.923s][info][gc,phases,start] GC(559) Phase 2: Compute new object addresses
[22.927s][info][gc,phases      ] GC(559) Phase 2: Compute new object addresses 3.951ms
[22.927s][info][gc,phases,start] GC(559) Phase 3: Adjust pointers
[22.933s][info][gc,phases      ] GC(559) Phase 3: Adjust pointers 5.965ms
[22.933s][info][gc,phases,start] GC(559) Phase 4: Move objects
[22.942s][info][gc,phases      ] GC(559) Phase 4: Move objects 8.332ms
[22.942s][info][gc,heap        ] GC(559) DefNew: 157115K(157248K)->45506K(157248K) Eden: 139776K(139776K)->45506K(139776K) From: 17339K(17472K)->0K(17472K)
[22.942s][info][gc,heap        ] GC(559) Tenured: 349374K(349568K)->349414K(349568K)
[22.942s][info][gc,metaspace   ] GC(559) Metaspace: 30941K(31296K)->30941K(31296K) NonClass: 27663K(27840K)->27663K(27840K) Class: 3278K(3456K)->3278K(3456K)
[22.942s][info][gc             ] GC(559) Pause Full (Allocation Failure) 494M->385M(494M) 26.950ms
[22.942s][info][gc,cpu         ] GC(559) User=0.03s Sys=0.00s Real=0.03s
[22.954s][info][gc,start       ] GC(560) Pause Full (Allocation Failure)
[22.954s][info][gc,phases,start] GC(560) Phase 1: Mark live objects
[22.962s][info][gc,phases      ] GC(560) Phase 1: Mark live objects 8.349ms
[22.962s][info][gc,phases,start] GC(560) Phase 2: Compute new object addresses
[22.966s][info][gc,phases      ] GC(560) Phase 2: Compute new object addresses 4.071ms
[22.966s][info][gc,phases,start] GC(560) Phase 3: Adjust pointers
[22.978s][info][gc,phases      ] GC(560) Phase 3: Adjust pointers 11.422ms
[22.978s][info][gc,phases,start] GC(560) Phase 4: Move objects
[22.992s][info][gc,phases      ] GC(560) Phase 4: Move objects 13.727ms
[22.992s][info][gc,heap        ] GC(560) DefNew: 157005K(157248K)->40705K(157248K) Eden: 139776K(139776K)->40705K(139776K) From: 17229K(17472K)->0K(17472K)
[22.992s][info][gc,heap        ] GC(560) Tenured: 349414K(349568K)->349413K(349568K)
[22.992s][info][gc,metaspace   ] GC(560) Metaspace: 30941K(31296K)->30941K(31296K) NonClass: 27663K(27840K)->27663K(27840K) Class: 3278K(3456K)->3278K(3456K)
[22.992s][info][gc             ] GC(560) Pause Full (Allocation Failure) 494M->380M(494M) 38.117ms
[22.992s][info][gc,cpu         ] GC(560) User=0.04s Sys=0.00s Real=0.04s
[23.000s][info][gc,start       ] GC(561) Pause Full (Allocation Failure)
[23.000s][info][gc,phases,start] GC(561) Phase 1: Mark live objects
[23.010s][info][gc,phases      ] GC(561) Phase 1: Mark live objects 9.652ms
[23.010s][info][gc,phases,start] GC(561) Phase 2: Compute new object addresses
[23.014s][info][gc,phases      ] GC(561) Phase 2: Compute new object addresses 4.285ms
[23.014s][info][gc,phases,start] GC(561) Phase 3: Adjust pointers
[23.021s][info][gc,phases      ] GC(561) Phase 3: Adjust pointers 6.296ms
[23.021s][info][gc,phases,start] GC(561) Phase 4: Move objects
[23.036s][info][gc,phases      ] GC(561) Phase 4: Move objects 15.602ms
[23.037s][info][gc,heap        ] GC(561) DefNew: 157119K(157248K)->26254K(157248K) Eden: 139776K(139776K)->26254K(139776K) From: 17343K(17472K)->0K(17472K)
[23.037s][info][gc,heap        ] GC(561) Tenured: 349413K(349568K)->349493K(349568K)
[23.037s][info][gc,metaspace   ] GC(561) Metaspace: 30941K(31296K)->30941K(31296K) NonClass: 27663K(27840K)->27663K(27840K) Class: 3278K(3456K)->3278K(3456K)
[23.037s][info][gc             ] GC(561) Pause Full (Allocation Failure) 494M->366M(494M) 36.365ms
[23.037s][info][gc,cpu         ] GC(561) User=0.03s Sys=0.00s Real=0.04s
[23.046s][info][gc,start       ] GC(562) Pause Full (Allocation Failure)
[23.047s][info][gc,phases,start] GC(562) Phase 1: Mark live objects
[23.055s][info][gc,phases      ] GC(562) Phase 1: Mark live objects 8.907ms
[23.055s][info][gc,phases,start] GC(562) Phase 2: Compute new object addresses
[23.062s][info][gc,phases      ] GC(562) Phase 2: Compute new object addresses 6.966ms
[23.062s][info][gc,phases,start] GC(562) Phase 3: Adjust pointers
[23.070s][info][gc,phases      ] GC(562) Phase 3: Adjust pointers 7.161ms
[23.070s][info][gc,phases,start] GC(562) Phase 4: Move objects
[23.073s][info][gc,phases      ] GC(562) Phase 4: Move objects 3.657ms
[23.074s][info][gc,heap        ] GC(562) DefNew: 157050K(157248K)->42936K(157248K) Eden: 139776K(139776K)->42936K(139776K) From: 17274K(17472K)->0K(17472K)
[23.074s][info][gc,heap        ] GC(562) Tenured: 349493K(349568K)->349493K(349568K)
[23.074s][info][gc,metaspace   ] GC(562) Metaspace: 30941K(31296K)->30941K(31296K) NonClass: 27663K(27840K)->27663K(27840K) Class: 3278K(3456K)->3278K(3456K)
[23.074s][info][gc             ] GC(562) Pause Full (Allocation Failure) 494M->383M(494M) 27.211ms
[23.074s][info][gc,cpu         ] GC(562) User=0.03s Sys=0.00s Real=0.02s
[23.084s][info][gc,start       ] GC(563) Pause Full (Allocation Failure)
[23.084s][info][gc,phases,start] GC(563) Phase 1: Mark live objects
[23.095s][info][gc,phases      ] GC(563) Phase 1: Mark live objects 10.796ms
[23.095s][info][gc,phases,start] GC(563) Phase 2: Compute new object addresses
[23.100s][info][gc,phases      ] GC(563) Phase 2: Compute new object addresses 4.897ms
[23.100s][info][gc,phases,start] GC(563) Phase 3: Adjust pointers
[23.107s][info][gc,phases      ] GC(563) Phase 3: Adjust pointers 7.098ms
[23.107s][info][gc,phases,start] GC(563) Phase 4: Move objects
[23.124s][info][gc,phases      ] GC(563) Phase 4: Move objects 17.007ms
[23.125s][info][gc,heap        ] GC(563) DefNew: 156857K(157248K)->40348K(157248K) Eden: 139776K(139776K)->40348K(139776K) From: 17081K(17472K)->0K(17472K)
[23.125s][info][gc,heap        ] GC(563) Tenured: 349493K(349568K)->349378K(349568K)
[23.125s][info][gc,metaspace   ] GC(563) Metaspace: 30941K(31296K)->30941K(31296K) NonClass: 27663K(27840K)->27663K(27840K) Class: 3278K(3456K)->3278K(3456K)
[23.125s][info][gc             ] GC(563) Pause Full (Allocation Failure) 494M->380M(494M) 40.395ms
[23.125s][info][gc,cpu         ] GC(563) User=0.05s Sys=0.00s Real=0.04s
[23.136s][info][gc,start       ] GC(564) Pause Full (Allocation Failure)
[23.136s][info][gc,phases,start] GC(564) Phase 1: Mark live objects
[23.147s][info][gc,phases      ] GC(564) Phase 1: Mark live objects 10.822ms
[23.147s][info][gc,phases,start] GC(564) Phase 2: Compute new object addresses
[23.152s][info][gc,phases      ] GC(564) Phase 2: Compute new object addresses 5.318ms
[23.152s][info][gc,phases,start] GC(564) Phase 3: Adjust pointers
[23.162s][info][gc,phases      ] GC(564) Phase 3: Adjust pointers 9.634ms
[23.162s][info][gc,phases,start] GC(564) Phase 4: Move objects
[23.183s][info][gc,phases      ] GC(564) Phase 4: Move objects 21.363ms
[23.183s][info][gc,heap        ] GC(564) DefNew: 156584K(157248K)->41584K(157248K) Eden: 139776K(139776K)->41584K(139776K) From: 16808K(17472K)->0K(17472K)
[23.183s][info][gc,heap        ] GC(564) Tenured: 349378K(349568K)->349378K(349568K)
[23.183s][info][gc,metaspace   ] GC(564) Metaspace: 30941K(31296K)->30941K(31296K) NonClass: 27663K(27840K)->27663K(27840K) Class: 3278K(3456K)->3278K(3456K)
[23.184s][info][gc             ] GC(564) Pause Full (Allocation Failure) 494M->381M(494M) 47.854ms
[23.184s][info][gc,cpu         ] GC(564) User=0.05s Sys=0.00s Real=0.05s
[23.199s][info][gc,start       ] GC(565) Pause Full (Allocation Failure)
[23.199s][info][gc,phases,start] GC(565) Phase 1: Mark live objects
[23.210s][info][gc,phases      ] GC(565) Phase 1: Mark live objects 10.902ms
[23.210s][info][gc,phases,start] GC(565) Phase 2: Compute new object addresses
[23.216s][info][gc,phases      ] GC(565) Phase 2: Compute new object addresses 5.912ms
[23.216s][info][gc,phases,start] GC(565) Phase 3: Adjust pointers
[23.224s][info][gc,phases      ] GC(565) Phase 3: Adjust pointers 8.076ms
[23.224s][info][gc,phases,start] GC(565) Phase 4: Move objects
[23.242s][info][gc,phases      ] GC(565) Phase 4: Move objects 17.816ms
[23.242s][info][gc,heap        ] GC(565) DefNew: 157248K(157248K)->19562K(157248K) Eden: 139776K(139776K)->19562K(139776K) From: 17472K(17472K)->0K(17472K)
[23.242s][info][gc,heap        ] GC(565) Tenured: 349468K(349568K)->349421K(349568K)
[23.242s][info][gc,metaspace   ] GC(565) Metaspace: 30941K(31296K)->30941K(31296K) NonClass: 27663K(27840K)->27663K(27840K) Class: 3278K(3456K)->3278K(3456K)
[23.242s][info][gc             ] GC(565) Pause Full (Allocation Failure) 494M->360M(494M) 43.274ms
[23.242s][info][gc,cpu         ] GC(565) User=0.04s Sys=0.01s Real=0.04s
[23.252s][info][gc,start       ] GC(566) Pause Full (Allocation Failure)
[23.252s][info][gc,phases,start] GC(566) Phase 1: Mark live objects
[23.263s][info][gc,phases      ] GC(566) Phase 1: Mark live objects 10.225ms
[23.263s][info][gc,phases,start] GC(566) Phase 2: Compute new object addresses
[23.268s][info][gc,phases      ] GC(566) Phase 2: Compute new object addresses 4.869ms
[23.268s][info][gc,phases,start] GC(566) Phase 3: Adjust pointers
[23.275s][info][gc,phases      ] GC(566) Phase 3: Adjust pointers 7.453ms
[23.275s][info][gc,phases,start] GC(566) Phase 4: Move objects
[23.278s][info][gc,phases      ] GC(566) Phase 4: Move objects 3.087ms
[23.278s][info][gc,heap        ] GC(566) DefNew: 156305K(157248K)->33058K(157248K) Eden: 139776K(139776K)->33058K(139776K) From: 16529K(17472K)->0K(17472K)
[23.278s][info][gc,heap        ] GC(566) Tenured: 349421K(349568K)->349421K(349568K)
[23.278s][info][gc,metaspace   ] GC(566) Metaspace: 30941K(31296K)->30941K(31296K) NonClass: 27663K(27840K)->27663K(27840K) Class: 3278K(3456K)->3278K(3456K)
[23.278s][info][gc             ] GC(566) Pause Full (Allocation Failure) 493M->373M(494M) 26.078ms
[23.278s][info][gc,cpu         ] GC(566) User=0.03s Sys=0.00s Real=0.03s
[23.288s][info][gc,start       ] GC(567) Pause Full (Allocation Failure)
[23.288s][info][gc,phases,start] GC(567) Phase 1: Mark live objects
[23.299s][info][gc,phases      ] GC(567) Phase 1: Mark live objects 10.696ms
[23.299s][info][gc,phases,start] GC(567) Phase 2: Compute new object addresses
[23.304s][info][gc,phases      ] GC(567) Phase 2: Compute new object addresses 5.319ms
[23.304s][info][gc,phases,start] GC(567) Phase 3: Adjust pointers
[23.311s][info][gc,phases      ] GC(567) Phase 3: Adjust pointers 6.514ms
[23.311s][info][gc,phases,start] GC(567) Phase 4: Move objects
[23.320s][info][gc,phases      ] GC(567) Phase 4: Move objects 9.558ms
[23.321s][info][gc,heap        ] GC(567) DefNew: 157206K(157248K)->38861K(157248K) Eden: 139776K(139776K)->38861K(139776K) From: 17430K(17472K)->0K(17472K)
[23.321s][info][gc,heap        ] GC(567) Tenured: 349421K(349568K)->349376K(349568K)
[23.321s][info][gc,metaspace   ] GC(567) Metaspace: 30941K(31296K)->30941K(31296K) NonClass: 27663K(27840K)->27663K(27840K) Class: 3278K(3456K)->3278K(3456K)
[23.321s][info][gc             ] GC(567) Pause Full (Allocation Failure) 494M->379M(494M) 32.733ms
[23.321s][info][gc,cpu         ] GC(567) User=0.03s Sys=0.00s Real=0.03s
[23.327s][info][gc,start       ] GC(568) Pause Young (GCLocker Initiated GC)
[23.327s][info][gc,heap        ] GC(568) DefNew: 157008K(157248K)->157008K(157248K) Eden: 139776K(139776K)->139776K(139776K) From: 17232K(17472K)->17232K(17472K)
[23.327s][info][gc,heap        ] GC(568) Tenured: 349376K(349568K)->349376K(349568K)
[23.327s][info][gc,metaspace   ] GC(568) Metaspace: 30941K(31296K)->30941K(31296K) NonClass: 27663K(27840K)->27663K(27840K) Class: 3278K(3456K)->3278K(3456K)
[23.327s][info][gc             ] GC(568) Pause Young (GCLocker Initiated GC) 494M->494M(494M) 0.076ms
[23.327s][info][gc,cpu         ] GC(568) User=0.00s Sys=0.00s Real=0.00s
[23.327s][info][gc,start       ] GC(569) Pause Full (GCLocker Initiated GC)
[23.327s][info][gc,phases,start] GC(569) Phase 1: Mark live objects
[23.337s][info][gc,phases      ] GC(569) Phase 1: Mark live objects 10.111ms
[23.337s][info][gc,phases,start] GC(569) Phase 2: Compute new object addresses
[23.342s][info][gc,phases      ] GC(569) Phase 2: Compute new object addresses 4.587ms
[23.342s][info][gc,phases,start] GC(569) Phase 3: Adjust pointers
[23.348s][info][gc,phases      ] GC(569) Phase 3: Adjust pointers 6.674ms
[23.348s][info][gc,phases,start] GC(569) Phase 4: Move objects
[23.360s][info][gc,phases      ] GC(569) Phase 4: Move objects 11.402ms
[23.360s][info][gc,heap        ] GC(569) DefNew: 157008K(157248K)->41466K(157248K) Eden: 139776K(139776K)->41466K(139776K) From: 17232K(17472K)->0K(17472K)
[23.360s][info][gc,heap        ] GC(569) Tenured: 349376K(349568K)->349413K(349568K)
[23.360s][info][gc,metaspace   ] GC(569) Metaspace: 30941K(31296K)->30941K(31296K) NonClass: 27663K(27840K)->27663K(27840K) Class: 3278K(3456K)->3278K(3456K)
[23.360s][info][gc             ] GC(569) Pause Full (GCLocker Initiated GC) 494M->381M(494M) 33.201ms
[23.360s][info][gc,cpu         ] GC(569) User=0.03s Sys=0.00s Real=0.03s
[23.371s][info][gc,start       ] GC(570) Pause Full (Allocation Failure)
[23.371s][info][gc,phases,start] GC(570) Phase 1: Mark live objects
[23.381s][info][gc,phases      ] GC(570) Phase 1: Mark live objects 9.395ms
[23.381s][info][gc,phases,start] GC(570) Phase 2: Compute new object addresses
[23.386s][info][gc,phases      ] GC(570) Phase 2: Compute new object addresses 4.830ms
[23.386s][info][gc,phases,start] GC(570) Phase 3: Adjust pointers
[23.393s][info][gc,phases      ] GC(570) Phase 3: Adjust pointers 7.829ms
[23.394s][info][gc,phases,start] GC(570) Phase 4: Move objects
[23.409s][info][gc,phases      ] GC(570) Phase 4: Move objects 15.527ms
[23.409s][info][gc,heap        ] GC(570) DefNew: 156616K(157248K)->17499K(157248K) Eden: 139776K(139776K)->17499K(139776K) From: 16840K(17472K)->0K(17472K)
[23.409s][info][gc,heap        ] GC(570) Tenured: 349413K(349568K)->349526K(349568K)
[23.409s][info][gc,metaspace   ] GC(570) Metaspace: 30941K(31296K)->30941K(31296K) NonClass: 27663K(27840K)->27663K(27840K) Class: 3278K(3456K)->3278K(3456K)
[23.409s][info][gc             ] GC(570) Pause Full (Allocation Failure) 494M->358M(494M) 38.111ms
[23.409s][info][gc,cpu         ] GC(570) User=0.04s Sys=0.00s Real=0.04s
[23.420s][info][gc,start       ] GC(571) Pause Full (Allocation Failure)
[23.420s][info][gc,phases,start] GC(571) Phase 1: Mark live objects
[23.429s][info][gc,phases      ] GC(571) Phase 1: Mark live objects 9.153ms
[23.429s][info][gc,phases,start] GC(571) Phase 2: Compute new object addresses
[23.434s][info][gc,phases      ] GC(571) Phase 2: Compute new object addresses 4.578ms
[23.434s][info][gc,phases,start] GC(571) Phase 3: Adjust pointers
[23.440s][info][gc,phases      ] GC(571) Phase 3: Adjust pointers 6.273ms
[23.440s][info][gc,phases,start] GC(571) Phase 4: Move objects
[23.443s][info][gc,phases      ] GC(571) Phase 4: Move objects 2.873ms
[23.443s][info][gc,heap        ] GC(571) DefNew: 156938K(157248K)->33452K(157248K) Eden: 139776K(139776K)->33452K(139776K) From: 17162K(17472K)->0K(17472K)
[23.443s][info][gc,heap        ] GC(571) Tenured: 349526K(349568K)->349526K(349568K)
[23.443s][info][gc,metaspace   ] GC(571) Metaspace: 30941K(31296K)->30941K(31296K) NonClass: 27663K(27840K)->27663K(27840K) Class: 3278K(3456K)->3278K(3456K)
[23.444s][info][gc             ] GC(571) Pause Full (Allocation Failure) 494M->374M(494M) 23.389ms
[23.444s][info][gc,cpu         ] GC(571) User=0.02s Sys=0.00s Real=0.02s
[23.458s][info][gc,start       ] GC(572) Pause Full (Allocation Failure)
[23.458s][info][gc,phases,start] GC(572) Phase 1: Mark live objects
[23.467s][info][gc,phases      ] GC(572) Phase 1: Mark live objects 9.558ms
[23.467s][info][gc,phases,start] GC(572) Phase 2: Compute new object addresses
[23.472s][info][gc,phases      ] GC(572) Phase 2: Compute new object addresses 4.929ms
[23.472s][info][gc,phases,start] GC(572) Phase 3: Adjust pointers
[23.480s][info][gc,phases      ] GC(572) Phase 3: Adjust pointers 7.219ms
[23.480s][info][gc,phases,start] GC(572) Phase 4: Move objects
[23.492s][info][gc,phases      ] GC(572) Phase 4: Move objects 12.382ms
[23.492s][info][gc,heap        ] GC(572) DefNew: 157147K(157248K)->35278K(157248K) Eden: 139776K(139776K)->35278K(139776K) From: 17371K(17472K)->0K(17472K)
[23.492s][info][gc,heap        ] GC(572) Tenured: 349526K(349568K)->349380K(349568K)
[23.492s][info][gc,metaspace   ] GC(572) Metaspace: 30941K(31296K)->30941K(31296K) NonClass: 27663K(27840K)->27663K(27840K) Class: 3278K(3456K)->3278K(3456K)
[23.492s][info][gc             ] GC(572) Pause Full (Allocation Failure) 494M->375M(494M) 34.557ms
[23.492s][info][gc,cpu         ] GC(572) User=0.03s Sys=0.00s Real=0.03s
[23.499s][info][gc,start       ] GC(573) Pause Full (Allocation Failure)
[23.499s][info][gc,phases,start] GC(573) Phase 1: Mark live objects
[23.510s][info][gc,phases      ] GC(573) Phase 1: Mark live objects 10.988ms
[23.510s][info][gc,phases,start] GC(573) Phase 2: Compute new object addresses
[23.515s][info][gc,phases      ] GC(573) Phase 2: Compute new object addresses 4.552ms
[23.515s][info][gc,phases,start] GC(573) Phase 3: Adjust pointers
[23.521s][info][gc,phases      ] GC(573) Phase 3: Adjust pointers 6.635ms
[23.521s][info][gc,phases,start] GC(573) Phase 4: Move objects
[23.533s][info][gc,phases      ] GC(573) Phase 4: Move objects 11.592ms
[23.533s][info][gc,heap        ] GC(573) DefNew: 156795K(157248K)->39724K(157248K) Eden: 139776K(139776K)->39724K(139776K) From: 17019K(17472K)->0K(17472K)
[23.533s][info][gc,heap        ] GC(573) Tenured: 349380K(349568K)->349376K(349568K)
[23.533s][info][gc,metaspace   ] GC(573) Metaspace: 30941K(31296K)->30941K(31296K) NonClass: 27663K(27840K)->27663K(27840K) Class: 3278K(3456K)->3278K(3456K)
[23.533s][info][gc             ] GC(573) Pause Full (Allocation Failure) 494M->379M(494M) 34.312ms
[23.533s][info][gc,cpu         ] GC(573) User=0.04s Sys=0.00s Real=0.03s
[23.546s][info][gc,start       ] GC(574) Pause Full (Allocation Failure)
[23.546s][info][gc,phases,start] GC(574) Phase 1: Mark live objects
[23.555s][info][gc,phases      ] GC(574) Phase 1: Mark live objects 8.723ms
[23.555s][info][gc,phases,start] GC(574) Phase 2: Compute new object addresses
[23.560s][info][gc,phases      ] GC(574) Phase 2: Compute new object addresses 4.625ms
[23.560s][info][gc,phases,start] GC(574) Phase 3: Adjust pointers
[23.566s][info][gc,phases      ] GC(574) Phase 3: Adjust pointers 6.060ms
[23.566s][info][gc,phases,start] GC(574) Phase 4: Move objects
[23.580s][info][gc,phases      ] GC(574) Phase 4: Move objects 14.714ms
[23.581s][info][gc,heap        ] GC(574) DefNew: 157032K(157248K)->13629K(157248K) Eden: 139776K(139776K)->13629K(139776K) From: 17256K(17472K)->0K(17472K)
[23.581s][info][gc,heap        ] GC(574) Tenured: 349376K(349568K)->349430K(349568K)
[23.581s][info][gc,metaspace   ] GC(574) Metaspace: 30941K(31296K)->30941K(31296K) NonClass: 27663K(27840K)->27663K(27840K) Class: 3278K(3456K)->3278K(3456K)
[23.581s][info][gc             ] GC(574) Pause Full (Allocation Failure) 494M->354M(494M) 34.619ms
[23.581s][info][gc,cpu         ] GC(574) User=0.04s Sys=0.00s Real=0.03s
[23.591s][info][gc,start       ] GC(575) Pause Full (Allocation Failure)
[23.592s][info][gc,phases,start] GC(575) Phase 1: Mark live objects
[23.601s][info][gc,phases      ] GC(575) Phase 1: Mark live objects 9.570ms
[23.601s][info][gc,phases,start] GC(575) Phase 2: Compute new object addresses
[23.606s][info][gc,phases      ] GC(575) Phase 2: Compute new object addresses 4.842ms
[23.606s][info][gc,phases,start] GC(575) Phase 3: Adjust pointers
[23.612s][info][gc,phases      ] GC(575) Phase 3: Adjust pointers 6.278ms
[23.612s][info][gc,phases,start] GC(575) Phase 4: Move objects
[23.615s][info][gc,phases      ] GC(575) Phase 4: Move objects 2.821ms
[23.615s][info][gc,heap        ] GC(575) DefNew: 156839K(157248K)->28894K(157248K) Eden: 139776K(139776K)->28894K(139776K) From: 17063K(17472K)->0K(17472K)
[23.615s][info][gc,heap        ] GC(575) Tenured: 349430K(349568K)->349428K(349568K)
[23.615s][info][gc,metaspace   ] GC(575) Metaspace: 30941K(31296K)->30941K(31296K) NonClass: 27663K(27840K)->27663K(27840K) Class: 3278K(3456K)->3278K(3456K)
[23.615s][info][gc             ] GC(575) Pause Full (Allocation Failure) 494M->369M(494M) 23.996ms
[23.616s][info][gc,cpu         ] GC(575) User=0.02s Sys=0.00s Real=0.02s
[23.626s][info][gc,start       ] GC(576) Pause Full (Allocation Failure)
[23.626s][info][gc,phases,start] GC(576) Phase 1: Mark live objects
[23.634s][info][gc,phases      ] GC(576) Phase 1: Mark live objects 8.473ms
[23.634s][info][gc,phases,start] GC(576) Phase 2: Compute new object addresses
[23.639s][info][gc,phases      ] GC(576) Phase 2: Compute new object addresses 4.330ms
[23.639s][info][gc,phases,start] GC(576) Phase 3: Adjust pointers
[23.644s][info][gc,phases      ] GC(576) Phase 3: Adjust pointers 5.732ms
[23.644s][info][gc,phases,start] GC(576) Phase 4: Move objects
[23.653s][info][gc,phases      ] GC(576) Phase 4: Move objects 8.377ms
[23.653s][info][gc,heap        ] GC(576) DefNew: 157247K(157248K)->29855K(157248K) Eden: 139776K(139776K)->29855K(139776K) From: 17471K(17472K)->0K(17472K)
[23.653s][info][gc,heap        ] GC(576) Tenured: 349514K(349568K)->349507K(349568K)
[23.653s][info][gc,metaspace   ] GC(576) Metaspace: 30941K(31296K)->30941K(31296K) NonClass: 27663K(27840K)->27663K(27840K) Class: 3278K(3456K)->3278K(3456K)
[23.653s][info][gc             ] GC(576) Pause Full (Allocation Failure) 494M->370M(494M) 27.377ms
[23.653s][info][gc,cpu         ] GC(576) User=0.03s Sys=0.00s Real=0.02s
[23.661s][info][gc,start       ] GC(577) Pause Full (Allocation Failure)
[23.661s][info][gc,phases,start] GC(577) Phase 1: Mark live objects
[23.669s][info][gc,phases      ] GC(577) Phase 1: Mark live objects 8.818ms
[23.669s][info][gc,phases,start] GC(577) Phase 2: Compute new object addresses
[23.674s][info][gc,phases      ] GC(577) Phase 2: Compute new object addresses 4.308ms
[23.674s][info][gc,phases,start] GC(577) Phase 3: Adjust pointers
[23.680s][info][gc,phases      ] GC(577) Phase 3: Adjust pointers 5.879ms
[23.680s][info][gc,phases,start] GC(577) Phase 4: Move objects
[23.690s][info][gc,phases      ] GC(577) Phase 4: Move objects 10.123ms
[23.690s][info][gc,heap        ] GC(577) DefNew: 157029K(157248K)->35481K(157248K) Eden: 139776K(139776K)->35481K(139776K) From: 17253K(17472K)->0K(17472K)
[23.690s][info][gc,heap        ] GC(577) Tenured: 349507K(349568K)->349417K(349568K)
[23.690s][info][gc,metaspace   ] GC(577) Metaspace: 30941K(31296K)->30941K(31296K) NonClass: 27663K(27840K)->27663K(27840K) Class: 3278K(3456K)->3278K(3456K)
[23.690s][info][gc             ] GC(577) Pause Full (Allocation Failure) 494M->375M(494M) 29.635ms
[23.690s][info][gc,cpu         ] GC(577) User=0.03s Sys=0.00s Real=0.03s
[23.700s][info][gc,start       ] GC(578) Pause Full (Allocation Failure)
[23.700s][info][gc,phases,start] GC(578) Phase 1: Mark live objects
[23.709s][info][gc,phases      ] GC(578) Phase 1: Mark live objects 9.308ms
[23.709s][info][gc,phases,start] GC(578) Phase 2: Compute new object addresses
[23.714s][info][gc,phases      ] GC(578) Phase 2: Compute new object addresses 5.508ms
[23.715s][info][gc,phases,start] GC(578) Phase 3: Adjust pointers
[23.722s][info][gc,phases      ] GC(578) Phase 3: Adjust pointers 7.021ms
[23.722s][info][gc,phases,start] GC(578) Phase 4: Move objects
[23.736s][info][gc,phases      ] GC(578) Phase 4: Move objects 14.654ms
[23.737s][info][gc,heap        ] GC(578) DefNew: 157106K(157248K)->17095K(157248K) Eden: 139776K(139776K)->17095K(139776K) From: 17330K(17472K)->0K(17472K)
[23.737s][info][gc,heap        ] GC(578) Tenured: 349417K(349568K)->349383K(349568K)
[23.737s][info][gc,metaspace   ] GC(578) Metaspace: 30942K(31296K)->30942K(31296K) NonClass: 27663K(27840K)->27663K(27840K) Class: 3278K(3456K)->3278K(3456K)
[23.737s][info][gc             ] GC(578) Pause Full (Allocation Failure) 494M->357M(494M) 37.020ms
[23.737s][info][gc,cpu         ] GC(578) User=0.03s Sys=0.00s Real=0.04s
[23.752s][info][gc,start       ] GC(579) Pause Full (Allocation Failure)
[23.752s][info][gc,phases,start] GC(579) Phase 1: Mark live objects
[23.762s][info][gc,phases      ] GC(579) Phase 1: Mark live objects 10.040ms
[23.762s][info][gc,phases,start] GC(579) Phase 2: Compute new object addresses
[23.766s][info][gc,phases      ] GC(579) Phase 2: Compute new object addresses 4.767ms
[23.767s][info][gc,phases,start] GC(579) Phase 3: Adjust pointers
[23.774s][info][gc,phases      ] GC(579) Phase 3: Adjust pointers 7.045ms
[23.774s][info][gc,phases,start] GC(579) Phase 4: Move objects
[23.779s][info][gc,phases      ] GC(579) Phase 4: Move objects 5.481ms
[23.779s][info][gc,heap        ] GC(579) DefNew: 157247K(157248K)->40403K(157248K) Eden: 139776K(139776K)->40403K(139776K) From: 17471K(17472K)->0K(17472K)
[23.779s][info][gc,heap        ] GC(579) Tenured: 349423K(349568K)->349462K(349568K)
[23.779s][info][gc,metaspace   ] GC(579) Metaspace: 30942K(31296K)->30942K(31296K) NonClass: 27663K(27840K)->27663K(27840K) Class: 3278K(3456K)->3278K(3456K)
[23.779s][info][gc             ] GC(579) Pause Full (Allocation Failure) 494M->380M(494M) 27.881ms
[23.779s][info][gc,cpu         ] GC(579) User=0.03s Sys=0.00s Real=0.03s
[23.790s][info][gc,start       ] GC(580) Pause Full (Allocation Failure)
[23.790s][info][gc,phases,start] GC(580) Phase 1: Mark live objects
[23.801s][info][gc,phases      ] GC(580) Phase 1: Mark live objects 10.589ms
[23.801s][info][gc,phases,start] GC(580) Phase 2: Compute new object addresses
[23.806s][info][gc,phases      ] GC(580) Phase 2: Compute new object addresses 4.826ms
[23.806s][info][gc,phases,start] GC(580) Phase 3: Adjust pointers
[23.813s][info][gc,phases      ] GC(580) Phase 3: Adjust pointers 6.892ms
[23.813s][info][gc,phases,start] GC(580) Phase 4: Move objects
[23.823s][info][gc,phases      ] GC(580) Phase 4: Move objects 9.922ms
[23.823s][info][gc,heap        ] GC(580) DefNew: 157091K(157248K)->37268K(157248K) Eden: 139775K(139776K)->37268K(139776K) From: 17315K(17472K)->0K(17472K)
[23.823s][info][gc,heap        ] GC(580) Tenured: 349462K(349568K)->349353K(349568K)
[23.823s][info][gc,metaspace   ] GC(580) Metaspace: 30942K(31296K)->30942K(31296K) NonClass: 27663K(27840K)->27663K(27840K) Class: 3278K(3456K)->3278K(3456K)
[23.823s][info][gc             ] GC(580) Pause Full (Allocation Failure) 494M->377M(494M) 32.741ms
[23.823s][info][gc,cpu         ] GC(580) User=0.03s Sys=0.00s Real=0.03s
[23.836s][info][gc,start       ] GC(581) Pause Full (Allocation Failure)
[23.836s][info][gc,phases,start] GC(581) Phase 1: Mark live objects
[23.845s][info][gc,phases      ] GC(581) Phase 1: Mark live objects 8.955ms
[23.845s][info][gc,phases,start] GC(581) Phase 2: Compute new object addresses
[23.849s][info][gc,phases      ] GC(581) Phase 2: Compute new object addresses 4.837ms
[23.850s][info][gc,phases,start] GC(581) Phase 3: Adjust pointers
[23.856s][info][gc,phases      ] GC(581) Phase 3: Adjust pointers 6.561ms
[23.856s][info][gc,phases,start] GC(581) Phase 4: Move objects
[23.868s][info][gc,phases      ] GC(581) Phase 4: Move objects 11.775ms
[23.868s][info][gc,heap        ] GC(581) DefNew: 157200K(157248K)->37159K(157248K) Eden: 139776K(139776K)->37159K(139776K) From: 17424K(17472K)->0K(17472K)
[23.868s][info][gc,heap        ] GC(581) Tenured: 349353K(349568K)->349343K(349568K)
[23.868s][info][gc,metaspace   ] GC(581) Metaspace: 30942K(31296K)->30942K(31296K) NonClass: 27663K(27840K)->27663K(27840K) Class: 3278K(3456K)->3278K(3456K)
[23.868s][info][gc             ] GC(581) Pause Full (Allocation Failure) 494M->377M(494M) 32.714ms
[23.868s][info][gc,cpu         ] GC(581) User=0.03s Sys=0.00s Real=0.04s
[23.879s][info][gc,start       ] GC(582) Pause Full (Allocation Failure)
[23.879s][info][gc,phases,start] GC(582) Phase 1: Mark live objects
[23.888s][info][gc,phases      ] GC(582) Phase 1: Mark live objects 9.544ms
[23.888s][info][gc,phases,start] GC(582) Phase 2: Compute new object addresses
[23.893s][info][gc,phases      ] GC(582) Phase 2: Compute new object addresses 4.127ms
[23.893s][info][gc,phases,start] GC(582) Phase 3: Adjust pointers
[23.899s][info][gc,phases      ] GC(582) Phase 3: Adjust pointers 6.306ms
[23.899s][info][gc,phases,start] GC(582) Phase 4: Move objects
[23.913s][info][gc,phases      ] GC(582) Phase 4: Move objects 13.800ms
[23.913s][info][gc,heap        ] GC(582) DefNew: 157205K(157248K)->22404K(157248K) Eden: 139776K(139776K)->22404K(139776K) From: 17429K(17472K)->0K(17472K)
[23.913s][info][gc,heap        ] GC(582) Tenured: 349343K(349568K)->348703K(349568K)
[23.913s][info][gc,metaspace   ] GC(582) Metaspace: 30942K(31296K)->30942K(31296K) NonClass: 27663K(27840K)->27663K(27840K) Class: 3278K(3456K)->3278K(3456K)
[23.913s][info][gc             ] GC(582) Pause Full (Allocation Failure) 494M->362M(494M) 34.264ms
[23.913s][info][gc,cpu         ] GC(582) User=0.04s Sys=0.00s Real=0.03s
[23.924s][info][gc,start       ] GC(583) Pause Full (Allocation Failure)
[23.924s][info][gc,phases,start] GC(583) Phase 1: Mark live objects
[23.933s][info][gc,phases      ] GC(583) Phase 1: Mark live objects 8.706ms
[23.933s][info][gc,phases,start] GC(583) Phase 2: Compute new object addresses
[23.938s][info][gc,phases      ] GC(583) Phase 2: Compute new object addresses 4.831ms
[23.938s][info][gc,phases,start] GC(583) Phase 3: Adjust pointers
[23.944s][info][gc,phases      ] GC(583) Phase 3: Adjust pointers 6.429ms
[23.944s][info][gc,phases,start] GC(583) Phase 4: Move objects
[23.948s][info][gc,phases      ] GC(583) Phase 4: Move objects 3.466ms
[23.948s][info][gc,heap        ] GC(583) DefNew: 156547K(157248K)->37150K(157248K) Eden: 139776K(139776K)->37150K(139776K) From: 16771K(17472K)->0K(17472K)
[23.948s][info][gc,heap        ] GC(583) Tenured: 348703K(349568K)->349476K(349568K)
[23.948s][info][gc,metaspace   ] GC(583) Metaspace: 30942K(31296K)->30942K(31296K) NonClass: 27663K(27840K)->27663K(27840K) Class: 3278K(3456K)->3278K(3456K)
[23.948s][info][gc             ] GC(583) Pause Full (Allocation Failure) 493M->377M(494M) 23.959ms
[23.948s][info][gc,cpu         ] GC(583) User=0.02s Sys=0.00s Real=0.02s
[23.958s][info][gc,start       ] GC(584) Pause Full (Allocation Failure)
[23.958s][info][gc,phases,start] GC(584) Phase 1: Mark live objects
[23.968s][info][gc,phases      ] GC(584) Phase 1: Mark live objects 9.642ms
[23.968s][info][gc,phases,start] GC(584) Phase 2: Compute new object addresses
[23.974s][info][gc,phases      ] GC(584) Phase 2: Compute new object addresses 6.198ms
[23.974s][info][gc,phases,start] GC(584) Phase 3: Adjust pointers
[23.981s][info][gc,phases      ] GC(584) Phase 3: Adjust pointers 7.083ms
[23.981s][info][gc,phases,start] GC(584) Phase 4: Move objects
[23.990s][info][gc,phases      ] GC(584) Phase 4: Move objects 9.155ms
[23.991s][info][gc,heap        ] GC(584) DefNew: 156765K(157248K)->36632K(157248K) Eden: 139776K(139776K)->36632K(139776K) From: 16989K(17472K)->0K(17472K)
[23.991s][info][gc,heap        ] GC(584) Tenured: 349476K(349568K)->349373K(349568K)
[23.991s][info][gc,metaspace   ] GC(584) Metaspace: 30942K(31296K)->30942K(31296K) NonClass: 27663K(27840K)->27663K(27840K) Class: 3278K(3456K)->3278K(3456K)
[23.991s][info][gc             ] GC(584) Pause Full (Allocation Failure) 494M->376M(494M) 32.559ms
[23.991s][info][gc,cpu         ] GC(584) User=0.03s Sys=0.00s Real=0.03s
[23.997s][info][gc,start       ] GC(585) Pause Full (Allocation Failure)
[23.997s][info][gc,phases,start] GC(585) Phase 1: Mark live objects
[24.005s][info][gc,phases      ] GC(585) Phase 1: Mark live objects 7.969ms
[24.005s][info][gc,phases,start] GC(585) Phase 2: Compute new object addresses
[24.009s][info][gc,phases      ] GC(585) Phase 2: Compute new object addresses 3.967ms
[24.009s][info][gc,phases,start] GC(585) Phase 3: Adjust pointers
[24.015s][info][gc,phases      ] GC(585) Phase 3: Adjust pointers 5.599ms
[24.015s][info][gc,phases,start] GC(585) Phase 4: Move objects
[24.025s][info][gc,phases      ] GC(585) Phase 4: Move objects 10.271ms
[24.025s][info][gc,heap        ] GC(585) DefNew: 157056K(157248K)->39088K(157248K) Eden: 139776K(139776K)->39088K(139776K) From: 17280K(17472K)->0K(17472K)
[24.025s][info][gc,heap        ] GC(585) Tenured: 349373K(349568K)->349375K(349568K)
[24.025s][info][gc,metaspace   ] GC(585) Metaspace: 30942K(31296K)->30942K(31296K) NonClass: 27663K(27840K)->27663K(27840K) Class: 3278K(3456K)->3278K(3456K)
[24.025s][info][gc             ] GC(585) Pause Full (Allocation Failure) 494M->379M(494M) 28.240ms
[24.025s][info][gc,cpu         ] GC(585) User=0.02s Sys=0.00s Real=0.03s
[24.036s][info][gc,start       ] GC(586) Pause Full (Allocation Failure)
[24.036s][info][gc,phases,start] GC(586) Phase 1: Mark live objects
[24.044s][info][gc,phases      ] GC(586) Phase 1: Mark live objects 8.459ms
[24.044s][info][gc,phases,start] GC(586) Phase 2: Compute new object addresses
[24.049s][info][gc,phases      ] GC(586) Phase 2: Compute new object addresses 4.368ms
[24.049s][info][gc,phases,start] GC(586) Phase 3: Adjust pointers
[24.056s][info][gc,phases      ] GC(586) Phase 3: Adjust pointers 6.876ms
[24.056s][info][gc,phases,start] GC(586) Phase 4: Move objects
[24.068s][info][gc,phases      ] GC(586) Phase 4: Move objects 12.514ms
[24.068s][info][gc,heap        ] GC(586) DefNew: 156440K(157248K)->20704K(157248K) Eden: 139776K(139776K)->20704K(139776K) From: 16664K(17472K)->0K(17472K)
[24.068s][info][gc,heap        ] GC(586) Tenured: 349375K(349568K)->349338K(349568K)
[24.068s][info][gc,metaspace   ] GC(586) Metaspace: 30942K(31296K)->30942K(31296K) NonClass: 27663K(27840K)->27663K(27840K) Class: 3278K(3456K)->3278K(3456K)
[24.069s][info][gc             ] GC(586) Pause Full (Allocation Failure) 493M->361M(494M) 32.661ms
[24.069s][info][gc,cpu         ] GC(586) User=0.03s Sys=0.00s Real=0.03s
[24.079s][info][gc,start       ] GC(587) Pause Full (Allocation Failure)
[24.079s][info][gc,phases,start] GC(587) Phase 1: Mark live objects
[24.089s][info][gc,phases      ] GC(587) Phase 1: Mark live objects 9.541ms
[24.089s][info][gc,phases,start] GC(587) Phase 2: Compute new object addresses
[24.094s][info][gc,phases      ] GC(587) Phase 2: Compute new object addresses 5.594ms
[24.094s][info][gc,phases,start] GC(587) Phase 3: Adjust pointers
[24.101s][info][gc,phases      ] GC(587) Phase 3: Adjust pointers 6.457ms
[24.101s][info][gc,phases,start] GC(587) Phase 4: Move objects
[24.105s][info][gc,phases      ] GC(587) Phase 4: Move objects 4.219ms
[24.105s][info][gc,heap        ] GC(587) DefNew: 156997K(157248K)->36153K(157248K) Eden: 139776K(139776K)->36153K(139776K) From: 17221K(17472K)->0K(17472K)
[24.105s][info][gc,heap        ] GC(587) Tenured: 349338K(349568K)->349338K(349568K)
[24.105s][info][gc,metaspace   ] GC(587) Metaspace: 30942K(31296K)->30942K(31296K) NonClass: 27663K(27840K)->27663K(27840K) Class: 3278K(3456K)->3278K(3456K)
[24.105s][info][gc             ] GC(587) Pause Full (Allocation Failure) 494M->376M(494M) 26.263ms
[24.105s][info][gc,cpu         ] GC(587) User=0.03s Sys=0.00s Real=0.03s
[24.114s][info][gc,start       ] GC(588) Pause Full (Allocation Failure)
[24.114s][info][gc,phases,start] GC(588) Phase 1: Mark live objects
[24.123s][info][gc,phases      ] GC(588) Phase 1: Mark live objects 8.844ms
[24.123s][info][gc,phases,start] GC(588) Phase 2: Compute new object addresses
[24.127s][info][gc,phases      ] GC(588) Phase 2: Compute new object addresses 4.190ms
[24.127s][info][gc,phases,start] GC(588) Phase 3: Adjust pointers
[24.133s][info][gc,phases      ] GC(588) Phase 3: Adjust pointers 5.832ms
[24.133s][info][gc,phases,start] GC(588) Phase 4: Move objects
[24.142s][info][gc,phases      ] GC(588) Phase 4: Move objects 8.566ms
[24.142s][info][gc,heap        ] GC(588) DefNew: 157168K(157248K)->40617K(157248K) Eden: 139776K(139776K)->40617K(139776K) From: 17392K(17472K)->0K(17472K)
[24.142s][info][gc,heap        ] GC(588) Tenured: 349338K(349568K)->349381K(349568K)
[24.142s][info][gc,metaspace   ] GC(588) Metaspace: 30942K(31296K)->30942K(31296K) NonClass: 27663K(27840K)->27663K(27840K) Class: 3278K(3456K)->3278K(3456K)
[24.142s][info][gc             ] GC(588) Pause Full (Allocation Failure) 494M->380M(494M) 27.923ms
[24.142s][info][gc,cpu         ] GC(588) User=0.02s Sys=0.00s Real=0.03s
[24.149s][info][gc,start       ] GC(589) Pause Full (Allocation Failure)
[24.149s][info][gc,phases,start] GC(589) Phase 1: Mark live objects
[24.159s][info][gc,phases      ] GC(589) Phase 1: Mark live objects 9.994ms
[24.159s][info][gc,phases,start] GC(589) Phase 2: Compute new object addresses
[24.163s][info][gc,phases      ] GC(589) Phase 2: Compute new object addresses 4.115ms
[24.163s][info][gc,phases,start] GC(589) Phase 3: Adjust pointers
[24.169s][info][gc,phases      ] GC(589) Phase 3: Adjust pointers 5.651ms
[24.169s][info][gc,phases,start] GC(589) Phase 4: Move objects
[24.179s][info][gc,phases      ] GC(589) Phase 4: Move objects 9.957ms
[24.179s][info][gc,heap        ] GC(589) DefNew: 157143K(157248K)->41664K(157248K) Eden: 139776K(139776K)->41664K(139776K) From: 17367K(17472K)->0K(17472K)
[24.179s][info][gc,heap        ] GC(589) Tenured: 349381K(349568K)->349343K(349568K)
[24.179s][info][gc,metaspace   ] GC(589) Metaspace: 30942K(31296K)->30942K(31296K) NonClass: 27663K(27840K)->27663K(27840K) Class: 3278K(3456K)->3278K(3456K)
[24.179s][info][gc             ] GC(589) Pause Full (Allocation Failure) 494M->381M(494M) 30.127ms
[24.179s][info][gc,cpu         ] GC(589) User=0.03s Sys=0.00s Real=0.03s
[24.192s][info][gc,start       ] GC(590) Pause Full (Allocation Failure)
[24.192s][info][gc,phases,start] GC(590) Phase 1: Mark live objects
[24.204s][info][gc,phases      ] GC(590) Phase 1: Mark live objects 12.204ms
[24.204s][info][gc,phases,start] GC(590) Phase 2: Compute new object addresses
[24.209s][info][gc,phases      ] GC(590) Phase 2: Compute new object addresses 5.330ms
[24.210s][info][gc,phases,start] GC(590) Phase 3: Adjust pointers
[24.218s][info][gc,phases      ] GC(590) Phase 3: Adjust pointers 8.135ms
[24.218s][info][gc,phases,start] GC(590) Phase 4: Move objects
[24.251s][info][gc,phases      ] GC(590) Phase 4: Move objects 33.694ms
[24.252s][info][gc,heap        ] GC(590) DefNew: 157002K(157248K)->18797K(157248K) Eden: 139776K(139776K)->18797K(139776K) From: 17226K(17472K)->0K(17472K)
[24.252s][info][gc,heap        ] GC(590) Tenured: 349343K(349568K)->349378K(349568K)
[24.252s][info][gc,metaspace   ] GC(590) Metaspace: 30942K(31296K)->30942K(31296K) NonClass: 27663K(27840K)->27663K(27840K) Class: 3278K(3456K)->3278K(3456K)
[24.252s][info][gc             ] GC(590) Pause Full (Allocation Failure) 494M->359M(494M) 60.035ms
[24.252s][info][gc,cpu         ] GC(590) User=0.06s Sys=0.00s Real=0.06s
[24.267s][info][gc,start       ] GC(591) Pause Full (Allocation Failure)
[24.267s][info][gc,phases,start] GC(591) Phase 1: Mark live objects
[24.277s][info][gc,phases      ] GC(591) Phase 1: Mark live objects 10.810ms
[24.278s][info][gc,phases,start] GC(591) Phase 2: Compute new object addresses
[24.283s][info][gc,phases      ] GC(591) Phase 2: Compute new object addresses 5.185ms
[24.283s][info][gc,phases,start] GC(591) Phase 3: Adjust pointers
[24.291s][info][gc,phases      ] GC(591) Phase 3: Adjust pointers 7.925ms
[24.291s][info][gc,phases,start] GC(591) Phase 4: Move objects
[24.300s][info][gc,phases      ] GC(591) Phase 4: Move objects 8.971ms
[24.300s][info][gc,heap        ] GC(591) DefNew: 156357K(157248K)->33008K(157248K) Eden: 139776K(139776K)->33008K(139776K) From: 16581K(17472K)->0K(17472K)
[24.300s][info][gc,heap        ] GC(591) Tenured: 349378K(349568K)->349343K(349568K)
[24.300s][info][gc,metaspace   ] GC(591) Metaspace: 30942K(31296K)->30942K(31296K) NonClass: 27663K(27840K)->27663K(27840K) Class: 3278K(3456K)->3278K(3456K)
[24.300s][info][gc             ] GC(591) Pause Full (Allocation Failure) 493M->373M(494M) 33.656ms
[24.300s][info][gc,cpu         ] GC(591) User=0.04s Sys=0.00s Real=0.03s
[24.322s][info][gc,start       ] GC(592) Pause Full (Allocation Failure)
[24.322s][info][gc,phases,start] GC(592) Phase 1: Mark live objects
[24.332s][info][gc,phases      ] GC(592) Phase 1: Mark live objects 10.130ms
[24.332s][info][gc,phases,start] GC(592) Phase 2: Compute new object addresses
[24.337s][info][gc,phases      ] GC(592) Phase 2: Compute new object addresses 4.767ms
[24.337s][info][gc,phases,start] GC(592) Phase 3: Adjust pointers
[24.343s][info][gc,phases      ] GC(592) Phase 3: Adjust pointers 6.659ms
[24.343s][info][gc,phases,start] GC(592) Phase 4: Move objects
[24.353s][info][gc,phases      ] GC(592) Phase 4: Move objects 10.052ms
[24.354s][info][gc,heap        ] GC(592) DefNew: 157070K(157248K)->32263K(157248K) Eden: 139776K(139776K)->32263K(139776K) From: 17294K(17472K)->0K(17472K)
[24.354s][info][gc,heap        ] GC(592) Tenured: 349343K(349568K)->349340K(349568K)
[24.354s][info][gc,metaspace   ] GC(592) Metaspace: 30943K(31296K)->30943K(31296K) NonClass: 27664K(27840K)->27664K(27840K) Class: 3278K(3456K)->3278K(3456K)
[24.354s][info][gc             ] GC(592) Pause Full (Allocation Failure) 494M->372M(494M) 32.148ms
[24.354s][info][gc,cpu         ] GC(592) User=0.04s Sys=0.00s Real=0.03s
[24.361s][info][gc,start       ] GC(593) Pause Full (Allocation Failure)
[24.361s][info][gc,phases,start] GC(593) Phase 1: Mark live objects
[24.370s][info][gc,phases      ] GC(593) Phase 1: Mark live objects 9.353ms
[24.370s][info][gc,phases,start] GC(593) Phase 2: Compute new object addresses
[24.375s][info][gc,phases      ] GC(593) Phase 2: Compute new object addresses 4.775ms
[24.375s][info][gc,phases,start] GC(593) Phase 3: Adjust pointers
[24.382s][info][gc,phases      ] GC(593) Phase 3: Adjust pointers 7.446ms
[24.382s][info][gc,phases,start] GC(593) Phase 4: Move objects
[24.394s][info][gc,phases      ] GC(593) Phase 4: Move objects 11.446ms
[24.394s][info][gc,heap        ] GC(593) DefNew: 157035K(157248K)->35846K(157248K) Eden: 139776K(139776K)->35846K(139776K) From: 17259K(17472K)->0K(17472K)
[24.394s][info][gc,heap        ] GC(593) Tenured: 349340K(349568K)->349372K(349568K)
[24.394s][info][gc,metaspace   ] GC(593) Metaspace: 30943K(31296K)->30943K(31296K) NonClass: 27664K(27840K)->27664K(27840K) Class: 3278K(3456K)->3278K(3456K)
[24.394s][info][gc             ] GC(593) Pause Full (Allocation Failure) 494M->376M(494M) 33.546ms
[24.394s][info][gc,cpu         ] GC(593) User=0.04s Sys=0.00s Real=0.03s
[24.405s][info][gc,start       ] GC(594) Pause Full (Allocation Failure)
[24.405s][info][gc,phases,start] GC(594) Phase 1: Mark live objects
[24.429s][info][gc,phases      ] GC(594) Phase 1: Mark live objects 23.681ms
[24.429s][info][gc,phases,start] GC(594) Phase 2: Compute new object addresses
[24.433s][info][gc,phases      ] GC(594) Phase 2: Compute new object addresses 4.623ms
[24.433s][info][gc,phases,start] GC(594) Phase 3: Adjust pointers
[24.440s][info][gc,phases      ] GC(594) Phase 3: Adjust pointers 6.504ms
[24.440s][info][gc,phases,start] GC(594) Phase 4: Move objects
[24.456s][info][gc,phases      ] GC(594) Phase 4: Move objects 16.654ms
[24.457s][info][gc,heap        ] GC(594) DefNew: 157010K(157248K)->13648K(157248K) Eden: 139776K(139776K)->13648K(139776K) From: 17234K(17472K)->0K(17472K)
[24.457s][info][gc,heap        ] GC(594) Tenured: 349372K(349568K)->349409K(349568K)
[24.457s][info][gc,metaspace   ] GC(594) Metaspace: 30943K(31296K)->30943K(31296K) NonClass: 27664K(27840K)->27664K(27840K) Class: 3278K(3456K)->3278K(3456K)
[24.457s][info][gc             ] GC(594) Pause Full (Allocation Failure) 494M->354M(494M) 52.061ms
[24.457s][info][gc,cpu         ] GC(594) User=0.05s Sys=0.00s Real=0.05s
[24.464s][info][gc,start       ] GC(595) Pause Full (Allocation Failure)
[24.464s][info][gc,phases,start] GC(595) Phase 1: Mark live objects
[24.473s][info][gc,phases      ] GC(595) Phase 1: Mark live objects 8.867ms
[24.473s][info][gc,phases,start] GC(595) Phase 2: Compute new object addresses
[24.477s][info][gc,phases      ] GC(595) Phase 2: Compute new object addresses 4.366ms
[24.477s][info][gc,phases,start] GC(595) Phase 3: Adjust pointers
[24.483s][info][gc,phases      ] GC(595) Phase 3: Adjust pointers 5.566ms
[24.483s][info][gc,phases,start] GC(595) Phase 4: Move objects
[24.486s][info][gc,phases      ] GC(595) Phase 4: Move objects 3.255ms
[24.486s][info][gc,heap        ] GC(595) DefNew: 156995K(157248K)->35850K(157248K) Eden: 139776K(139776K)->35850K(139776K) From: 17219K(17472K)->0K(17472K)
[24.486s][info][gc,heap        ] GC(595) Tenured: 349409K(349568K)->349409K(349568K)
[24.486s][info][gc,metaspace   ] GC(595) Metaspace: 30943K(31296K)->30943K(31296K) NonClass: 27664K(27840K)->27664K(27840K) Class: 3278K(3456K)->3278K(3456K)
[24.486s][info][gc             ] GC(595) Pause Full (Allocation Failure) 494M->376M(494M) 22.464ms
[24.486s][info][gc,cpu         ] GC(595) User=0.02s Sys=0.00s Real=0.02s
[24.495s][info][gc,start       ] GC(596) Pause Full (Allocation Failure)
[24.495s][info][gc,phases,start] GC(596) Phase 1: Mark live objects
[24.504s][info][gc,phases      ] GC(596) Phase 1: Mark live objects 8.804ms
[24.504s][info][gc,phases,start] GC(596) Phase 2: Compute new object addresses
[24.508s][info][gc,phases      ] GC(596) Phase 2: Compute new object addresses 4.133ms
[24.508s][info][gc,phases,start] GC(596) Phase 3: Adjust pointers
[24.514s][info][gc,phases      ] GC(596) Phase 3: Adjust pointers 5.630ms
[24.514s][info][gc,phases,start] GC(596) Phase 4: Move objects
[24.523s][info][gc,phases      ] GC(596) Phase 4: Move objects 8.764ms
[24.523s][info][gc,heap        ] GC(596) DefNew: 156998K(157248K)->40766K(157248K) Eden: 139776K(139776K)->40766K(139776K) From: 17222K(17472K)->0K(17472K)
[24.523s][info][gc,heap        ] GC(596) Tenured: 349409K(349568K)->349343K(349568K)
[24.523s][info][gc,metaspace   ] GC(596) Metaspace: 30943K(31296K)->30943K(31296K) NonClass: 27664K(27840K)->27664K(27840K) Class: 3278K(3456K)->3278K(3456K)
[24.523s][info][gc             ] GC(596) Pause Full (Allocation Failure) 494M->380M(494M) 27.767ms
[24.523s][info][gc,cpu         ] GC(596) User=0.03s Sys=0.00s Real=0.03s
[24.538s][info][gc,start       ] GC(597) Pause Full (Allocation Failure)
[24.538s][info][gc,phases,start] GC(597) Phase 1: Mark live objects
[24.546s][info][gc,phases      ] GC(597) Phase 1: Mark live objects 8.699ms
[24.546s][info][gc,phases,start] GC(597) Phase 2: Compute new object addresses
[24.550s][info][gc,phases      ] GC(597) Phase 2: Compute new object addresses 3.950ms
[24.550s][info][gc,phases,start] GC(597) Phase 3: Adjust pointers
[24.556s][info][gc,phases      ] GC(597) Phase 3: Adjust pointers 5.555ms
[24.556s][info][gc,phases,start] GC(597) Phase 4: Move objects
[24.566s][info][gc,phases      ] GC(597) Phase 4: Move objects 9.687ms
[24.566s][info][gc,heap        ] GC(597) DefNew: 157061K(157248K)->42668K(157248K) Eden: 139776K(139776K)->42668K(139776K) From: 17285K(17472K)->0K(17472K)
[24.566s][info][gc,heap        ] GC(597) Tenured: 349343K(349568K)->349382K(349568K)
[24.566s][info][gc,metaspace   ] GC(597) Metaspace: 30943K(31296K)->30943K(31296K) NonClass: 27664K(27840K)->27664K(27840K) Class: 3278K(3456K)->3278K(3456K)
[24.566s][info][gc             ] GC(597) Pause Full (Allocation Failure) 494M->382M(494M) 28.328ms
[24.566s][info][gc,cpu         ] GC(597) User=0.03s Sys=0.00s Real=0.03s
[24.577s][info][gc,start       ] GC(598) Pause Full (Allocation Failure)
[24.577s][info][gc,phases,start] GC(598) Phase 1: Mark live objects
[24.586s][info][gc,phases      ] GC(598) Phase 1: Mark live objects 8.827ms
[24.586s][info][gc,phases,start] GC(598) Phase 2: Compute new object addresses
[24.590s][info][gc,phases      ] GC(598) Phase 2: Compute new object addresses 4.518ms
[24.590s][info][gc,phases,start] GC(598) Phase 3: Adjust pointers
[24.596s][info][gc,phases      ] GC(598) Phase 3: Adjust pointers 6.231ms
[24.596s][info][gc,phases,start] GC(598) Phase 4: Move objects
[24.608s][info][gc,phases      ] GC(598) Phase 4: Move objects 11.426ms
[24.608s][info][gc,heap        ] GC(598) DefNew: 157194K(157248K)->19399K(157248K) Eden: 139776K(139776K)->19399K(139776K) From: 17418K(17472K)->0K(17472K)
[24.608s][info][gc,heap        ] GC(598) Tenured: 349382K(349568K)->348868K(349568K)
[24.608s][info][gc,metaspace   ] GC(598) Metaspace: 30944K(31296K)->30944K(31296K) NonClass: 27665K(27840K)->27665K(27840K) Class: 3278K(3456K)->3278K(3456K)
[24.608s][info][gc             ] GC(598) Pause Full (Allocation Failure) 494M->359M(494M) 31.434ms
[24.608s][info][gc,cpu         ] GC(598) User=0.04s Sys=0.00s Real=0.03s
[24.619s][info][gc,start       ] GC(599) Pause Full (Allocation Failure)
[24.619s][info][gc,phases,start] GC(599) Phase 1: Mark live objects
[24.627s][info][gc,phases      ] GC(599) Phase 1: Mark live objects 8.668ms
[24.627s][info][gc,phases,start] GC(599) Phase 2: Compute new object addresses
[24.632s][info][gc,phases      ] GC(599) Phase 2: Compute new object addresses 4.338ms
[24.632s][info][gc,phases,start] GC(599) Phase 3: Adjust pointers
[24.637s][info][gc,phases      ] GC(599) Phase 3: Adjust pointers 5.203ms
[24.637s][info][gc,phases,start] GC(599) Phase 4: Move objects
[24.640s][info][gc,phases      ] GC(599) Phase 4: Move objects 3.188ms
[24.640s][info][gc,heap        ] GC(599) DefNew: 156496K(157248K)->34465K(157248K) Eden: 139776K(139776K)->34465K(139776K) From: 16720K(17472K)->0K(17472K)
[24.640s][info][gc,heap        ] GC(599) Tenured: 348868K(349568K)->349385K(349568K)
[24.640s][info][gc,metaspace   ] GC(599) Metaspace: 30944K(31296K)->30944K(31296K) NonClass: 27665K(27840K)->27665K(27840K) Class: 3278K(3456K)->3278K(3456K)
[24.640s][info][gc             ] GC(599) Pause Full (Allocation Failure) 493M->374M(494M) 21.804ms
[24.640s][info][gc,cpu         ] GC(599) User=0.02s Sys=0.00s Real=0.02s
[24.655s][info][gc,start       ] GC(600) Pause Full (Allocation Failure)
[24.655s][info][gc,phases,start] GC(600) Phase 1: Mark live objects
[24.663s][info][gc,phases      ] GC(600) Phase 1: Mark live objects 8.790ms
[24.663s][info][gc,phases,start] GC(600) Phase 2: Compute new object addresses
[24.668s][info][gc,phases      ] GC(600) Phase 2: Compute new object addresses 4.246ms
[24.668s][info][gc,phases,start] GC(600) Phase 3: Adjust pointers
[24.673s][info][gc,phases      ] GC(600) Phase 3: Adjust pointers 5.485ms
[24.673s][info][gc,phases,start] GC(600) Phase 4: Move objects
[24.683s][info][gc,phases      ] GC(600) Phase 4: Move objects 9.395ms
[24.683s][info][gc,heap        ] GC(600) DefNew: 156993K(157248K)->45103K(157248K) Eden: 139776K(139776K)->45103K(139776K) From: 17217K(17472K)->0K(17472K)
[24.683s][info][gc,heap        ] GC(600) Tenured: 349385K(349568K)->349348K(349568K)
[24.683s][info][gc,metaspace   ] GC(600) Metaspace: 30944K(31296K)->30944K(31296K) NonClass: 27665K(27840K)->27665K(27840K) Class: 3278K(3456K)->3278K(3456K)
[24.683s][info][gc             ] GC(600) Pause Full (Allocation Failure) 494M->385M(494M) 28.378ms
[24.683s][info][gc,cpu         ] GC(600) User=0.03s Sys=0.00s Real=0.03s
[24.698s][info][gc,start       ] GC(601) Pause Full (Allocation Failure)
[24.698s][info][gc,phases,start] GC(601) Phase 1: Mark live objects
[24.707s][info][gc,phases      ] GC(601) Phase 1: Mark live objects 8.838ms
[24.707s][info][gc,phases,start] GC(601) Phase 2: Compute new object addresses
[24.711s][info][gc,phases      ] GC(601) Phase 2: Compute new object addresses 3.802ms
[24.711s][info][gc,phases,start] GC(601) Phase 3: Adjust pointers
[24.716s][info][gc,phases      ] GC(601) Phase 3: Adjust pointers 5.451ms
[24.716s][info][gc,phases,start] GC(601) Phase 4: Move objects
[24.727s][info][gc,phases      ] GC(601) Phase 4: Move objects 10.962ms
[24.728s][info][gc,heap        ] GC(601) DefNew: 156426K(157248K)->38212K(157248K) Eden: 139776K(139776K)->38212K(139776K) From: 16650K(17472K)->0K(17472K)
[24.728s][info][gc,heap        ] GC(601) Tenured: 349348K(349568K)->349345K(349568K)
[24.728s][info][gc,metaspace   ] GC(601) Metaspace: 30944K(31296K)->30944K(31296K) NonClass: 27665K(27840K)->27665K(27840K) Class: 3278K(3456K)->3278K(3456K)
[24.728s][info][gc             ] GC(601) Pause Full (Allocation Failure) 493M->378M(494M) 29.537ms
[24.728s][info][gc,cpu         ] GC(601) User=0.03s Sys=0.00s Real=0.03s
[24.735s][info][gc,start       ] GC(602) Pause Full (Allocation Failure)
[24.735s][info][gc,phases,start] GC(602) Phase 1: Mark live objects
[24.744s][info][gc,phases      ] GC(602) Phase 1: Mark live objects 9.181ms
[24.745s][info][gc,phases,start] GC(602) Phase 2: Compute new object addresses
[24.749s][info][gc,phases      ] GC(602) Phase 2: Compute new object addresses 4.360ms
[24.749s][info][gc,phases,start] GC(602) Phase 3: Adjust pointers
[24.755s][info][gc,phases      ] GC(602) Phase 3: Adjust pointers 6.017ms
[24.755s][info][gc,phases,start] GC(602) Phase 4: Move objects
[24.768s][info][gc,phases      ] GC(602) Phase 4: Move objects 12.718ms
[24.768s][info][gc,heap        ] GC(602) DefNew: 157151K(157248K)->22896K(157248K) Eden: 139776K(139776K)->22896K(139776K) From: 17375K(17472K)->0K(17472K)
[24.768s][info][gc,heap        ] GC(602) Tenured: 349345K(349568K)->349377K(349568K)
[24.768s][info][gc,metaspace   ] GC(602) Metaspace: 30946K(31296K)->30946K(31296K) NonClass: 27667K(27840K)->27667K(27840K) Class: 3278K(3456K)->3278K(3456K)
[24.768s][info][gc             ] GC(602) Pause Full (Allocation Failure) 494M->363M(494M) 32.708ms
[24.768s][info][gc,cpu         ] GC(602) User=0.03s Sys=0.00s Real=0.04s
[24.779s][info][gc,start       ] GC(603) Pause Full (Allocation Failure)
[24.779s][info][gc,phases,start] GC(603) Phase 1: Mark live objects
[24.790s][info][gc,phases      ] GC(603) Phase 1: Mark live objects 10.514ms
[24.790s][info][gc,phases,start] GC(603) Phase 2: Compute new object addresses
[24.795s][info][gc,phases      ] GC(603) Phase 2: Compute new object addresses 4.838ms
[24.795s][info][gc,phases,start] GC(603) Phase 3: Adjust pointers
[24.801s][info][gc,phases      ] GC(603) Phase 3: Adjust pointers 6.766ms
[24.801s][info][gc,phases,start] GC(603) Phase 4: Move objects
[24.806s][info][gc,phases      ] GC(603) Phase 4: Move objects 4.994ms
[24.807s][info][gc,heap        ] GC(603) DefNew: 157168K(157248K)->46366K(157248K) Eden: 139775K(139776K)->46366K(139776K) From: 17392K(17472K)->0K(17472K)
[24.807s][info][gc,heap        ] GC(603) Tenured: 349377K(349568K)->349377K(349568K)
[24.807s][info][gc,metaspace   ] GC(603) Metaspace: 30946K(31296K)->30946K(31296K) NonClass: 27667K(27840K)->27667K(27840K) Class: 3278K(3456K)->3278K(3456K)
[24.807s][info][gc             ] GC(603) Pause Full (Allocation Failure) 494M->386M(494M) 27.577ms
[24.807s][info][gc,cpu         ] GC(603) User=0.03s Sys=0.00s Real=0.03s
[24.817s][info][gc,start       ] GC(604) Pause Full (Allocation Failure)
[24.818s][info][gc,phases,start] GC(604) Phase 1: Mark live objects
[24.826s][info][gc,phases      ] GC(604) Phase 1: Mark live objects 8.567ms
[24.826s][info][gc,phases,start] GC(604) Phase 2: Compute new object addresses
[24.830s][info][gc,phases      ] GC(604) Phase 2: Compute new object addresses 4.070ms
[24.830s][info][gc,phases,start] GC(604) Phase 3: Adjust pointers
[24.836s][info][gc,phases      ] GC(604) Phase 3: Adjust pointers 6.046ms
[24.836s][info][gc,phases,start] GC(604) Phase 4: Move objects
[24.846s][info][gc,phases      ] GC(604) Phase 4: Move objects 9.496ms
[24.846s][info][gc,heap        ] GC(604) DefNew: 156863K(157248K)->45097K(157248K) Eden: 139776K(139776K)->45097K(139776K) From: 17087K(17472K)->0K(17472K)
[24.846s][info][gc,heap        ] GC(604) Tenured: 349377K(349568K)->349345K(349568K)
[24.846s][info][gc,metaspace   ] GC(604) Metaspace: 30946K(31296K)->30946K(31296K) NonClass: 27667K(27840K)->27667K(27840K) Class: 3278K(3456K)->3278K(3456K)
[24.846s][info][gc             ] GC(604) Pause Full (Allocation Failure) 494M->385M(494M) 28.608ms
[24.846s][info][gc,cpu         ] GC(604) User=0.03s Sys=0.00s Real=0.03s
[24.857s][info][gc,start       ] GC(605) Pause Full (Allocation Failure)
[24.857s][info][gc,phases,start] GC(605) Phase 1: Mark live objects
[24.866s][info][gc,phases      ] GC(605) Phase 1: Mark live objects 9.201ms
[24.866s][info][gc,phases,start] GC(605) Phase 2: Compute new object addresses
[24.870s][info][gc,phases      ] GC(605) Phase 2: Compute new object addresses 4.111ms
[24.870s][info][gc,phases,start] GC(605) Phase 3: Adjust pointers
[24.878s][info][gc,phases      ] GC(605) Phase 3: Adjust pointers 7.403ms
[24.878s][info][gc,phases,start] GC(605) Phase 4: Move objects
[24.890s][info][gc,phases      ] GC(605) Phase 4: Move objects 12.359ms
[24.890s][info][gc,heap        ] GC(605) DefNew: 157224K(157248K)->27539K(157248K) Eden: 139776K(139776K)->27539K(139776K) From: 17448K(17472K)->0K(17472K)
[24.890s][info][gc,heap        ] GC(605) Tenured: 349345K(349568K)->349348K(349568K)
[24.890s][info][gc,metaspace   ] GC(605) Metaspace: 30946K(31296K)->30946K(31296K) NonClass: 27667K(27840K)->27667K(27840K) Class: 3278K(3456K)->3278K(3456K)
[24.890s][info][gc             ] GC(605) Pause Full (Allocation Failure) 494M->368M(494M) 33.516ms
[24.890s][info][gc,cpu         ] GC(605) User=0.03s Sys=0.00s Real=0.03s
[24.900s][info][gc,start       ] GC(606) Pause Full (Allocation Failure)
[24.900s][info][gc,phases,start] GC(606) Phase 1: Mark live objects
[24.910s][info][gc,phases      ] GC(606) Phase 1: Mark live objects 9.273ms
[24.910s][info][gc,phases,start] GC(606) Phase 2: Compute new object addresses
[24.915s][info][gc,phases      ] GC(606) Phase 2: Compute new object addresses 5.027ms
[24.915s][info][gc,phases,start] GC(606) Phase 3: Adjust pointers
[24.923s][info][gc,phases      ] GC(606) Phase 3: Adjust pointers 7.977ms
[24.923s][info][gc,phases,start] GC(606) Phase 4: Move objects
[24.935s][info][gc,phases      ] GC(606) Phase 4: Move objects 11.643ms
[24.935s][info][gc,heap        ] GC(606) DefNew: 157099K(157248K)->25560K(157248K) Eden: 139776K(139776K)->25560K(139776K) From: 17323K(17472K)->0K(17472K)
[24.935s][info][gc,heap        ] GC(606) Tenured: 349348K(349568K)->349338K(349568K)
[24.935s][info][gc,metaspace   ] GC(606) Metaspace: 30946K(31296K)->30946K(31296K) NonClass: 27667K(27840K)->27667K(27840K) Class: 3278K(3456K)->3278K(3456K)
[24.935s][info][gc             ] GC(606) Pause Full (Allocation Failure) 494M->366M(494M) 34.397ms
[24.935s][info][gc,cpu         ] GC(606) User=0.04s Sys=0.00s Real=0.03s
[24.944s][info][gc,start       ] GC(607) Pause Full (Allocation Failure)
[24.944s][info][gc,phases,start] GC(607) Phase 1: Mark live objects
[24.953s][info][gc,phases      ] GC(607) Phase 1: Mark live objects 8.675ms
[24.953s][info][gc,phases,start] GC(607) Phase 2: Compute new object addresses
[24.957s][info][gc,phases      ] GC(607) Phase 2: Compute new object addresses 4.568ms
[24.957s][info][gc,phases,start] GC(607) Phase 3: Adjust pointers
[24.963s][info][gc,phases      ] GC(607) Phase 3: Adjust pointers 6.132ms
[24.963s][info][gc,phases,start] GC(607) Phase 4: Move objects
[24.967s][info][gc,phases      ] GC(607) Phase 4: Move objects 3.873ms
[24.967s][info][gc,heap        ] GC(607) DefNew: 156940K(157248K)->40233K(157248K) Eden: 139776K(139776K)->40233K(139776K) From: 17164K(17472K)->0K(17472K)
[24.967s][info][gc,heap        ] GC(607) Tenured: 349338K(349568K)->349338K(349568K)
[24.967s][info][gc,metaspace   ] GC(607) Metaspace: 30946K(31296K)->30946K(31296K) NonClass: 27667K(27840K)->27667K(27840K) Class: 3278K(3456K)->3278K(3456K)
[24.967s][info][gc             ] GC(607) Pause Full (Allocation Failure) 494M->380M(494M) 23.674ms
[24.967s][info][gc,cpu         ] GC(607) User=0.03s Sys=0.00s Real=0.02s
[24.978s][info][gc,start       ] GC(608) Pause Full (Allocation Failure)
[24.978s][info][gc,phases,start] GC(608) Phase 1: Mark live objects
[24.987s][info][gc,phases      ] GC(608) Phase 1: Mark live objects 8.657ms
[24.987s][info][gc,phases,start] GC(608) Phase 2: Compute new object addresses
[24.991s][info][gc,phases      ] GC(608) Phase 2: Compute new object addresses 4.668ms
[24.991s][info][gc,phases,start] GC(608) Phase 3: Adjust pointers
[24.998s][info][gc,phases      ] GC(608) Phase 3: Adjust pointers 6.366ms
[24.998s][info][gc,phases,start] GC(608) Phase 4: Move objects
[25.008s][info][gc,phases      ] GC(608) Phase 4: Move objects 9.814ms
[25.008s][info][gc,heap        ] GC(608) DefNew: 156940K(157248K)->42657K(157248K) Eden: 139776K(139776K)->42657K(139776K) From: 17164K(17472K)->0K(17472K)
[25.008s][info][gc,heap        ] GC(608) Tenured: 349338K(349568K)->349567K(349568K)
[25.008s][info][gc,metaspace   ] GC(608) Metaspace: 30946K(31296K)->30946K(31296K) NonClass: 27667K(27840K)->27667K(27840K) Class: 3278K(3456K)->3278K(3456K)
[25.008s][info][gc             ] GC(608) Pause Full (Allocation Failure) 494M->383M(494M) 29.976ms
[25.008s][info][gc,cpu         ] GC(608) User=0.03s Sys=0.00s Real=0.03s
[25.019s][info][gc,start       ] GC(609) Pause Full (Allocation Failure)
[25.019s][info][gc,phases,start] GC(609) Phase 1: Mark live objects
[25.028s][info][gc,phases      ] GC(609) Phase 1: Mark live objects 9.244ms
[25.028s][info][gc,phases,start] GC(609) Phase 2: Compute new object addresses
[25.032s][info][gc,phases      ] GC(609) Phase 2: Compute new object addresses 4.181ms
[25.032s][info][gc,phases,start] GC(609) Phase 3: Adjust pointers
[25.038s][info][gc,phases      ] GC(609) Phase 3: Adjust pointers 5.688ms
[25.038s][info][gc,phases,start] GC(609) Phase 4: Move objects
[25.048s][info][gc,phases      ] GC(609) Phase 4: Move objects 9.946ms
[25.048s][info][gc,heap        ] GC(609) DefNew: 157158K(157248K)->40239K(157248K) Eden: 139776K(139776K)->40239K(139776K) From: 17382K(17472K)->0K(17472K)
[25.048s][info][gc,heap        ] GC(609) Tenured: 349567K(349568K)->349564K(349568K)
[25.048s][info][gc,metaspace   ] GC(609) Metaspace: 30947K(31296K)->30947K(31296K) NonClass: 27668K(27840K)->27668K(27840K) Class: 3278K(3456K)->3278K(3456K)
[25.048s][info][gc             ] GC(609) Pause Full (Allocation Failure) 494M->380M(494M) 29.478ms
[25.048s][info][gc,cpu         ] GC(609) User=0.03s Sys=0.00s Real=0.03s
[25.059s][info][gc,start       ] GC(610) Pause Full (Allocation Failure)
[25.059s][info][gc,phases,start] GC(610) Phase 1: Mark live objects
[25.067s][info][gc,phases      ] GC(610) Phase 1: Mark live objects 8.032ms
[25.067s][info][gc,phases,start] GC(610) Phase 2: Compute new object addresses
[25.071s][info][gc,phases      ] GC(610) Phase 2: Compute new object addresses 3.833ms
[25.071s][info][gc,phases,start] GC(610) Phase 3: Adjust pointers
[25.076s][info][gc,phases      ] GC(610) Phase 3: Adjust pointers 5.401ms
[25.076s][info][gc,phases,start] GC(610) Phase 4: Move objects
[25.090s][info][gc,phases      ] GC(610) Phase 4: Move objects 13.473ms
[25.090s][info][gc,heap        ] GC(610) DefNew: 157195K(157248K)->18023K(157248K) Eden: 139776K(139776K)->18023K(139776K) From: 17419K(17472K)->0K(17472K)
[25.090s][info][gc,heap        ] GC(610) Tenured: 349564K(349568K)->349339K(349568K)
[25.090s][info][gc,metaspace   ] GC(610) Metaspace: 30950K(31296K)->30950K(31296K) NonClass: 27671K(27840K)->27671K(27840K) Class: 3278K(3456K)->3278K(3456K)
[25.090s][info][gc             ] GC(610) Pause Full (Allocation Failure) 494M->358M(494M) 31.117ms
[25.090s][info][gc,cpu         ] GC(610) User=0.03s Sys=0.00s Real=0.03s
[25.101s][info][gc,start       ] GC(611) Pause Full (Allocation Failure)
[25.101s][info][gc,phases,start] GC(611) Phase 1: Mark live objects
[25.109s][info][gc,phases      ] GC(611) Phase 1: Mark live objects 8.217ms
[25.109s][info][gc,phases,start] GC(611) Phase 2: Compute new object addresses
[25.113s][info][gc,phases      ] GC(611) Phase 2: Compute new object addresses 4.149ms
[25.113s][info][gc,phases,start] GC(611) Phase 3: Adjust pointers
[25.119s][info][gc,phases      ] GC(611) Phase 3: Adjust pointers 5.500ms
[25.119s][info][gc,phases,start] GC(611) Phase 4: Move objects
[25.122s][info][gc,phases      ] GC(611) Phase 4: Move objects 3.048ms
[25.122s][info][gc,heap        ] GC(611) DefNew: 157117K(157248K)->36002K(157248K) Eden: 139776K(139776K)->36002K(139776K) From: 17341K(17472K)->0K(17472K)
[25.122s][info][gc,heap        ] GC(611) Tenured: 349339K(349568K)->349339K(349568K)
[25.122s][info][gc,metaspace   ] GC(611) Metaspace: 30950K(31296K)->30950K(31296K) NonClass: 27671K(27840K)->27671K(27840K) Class: 3278K(3456K)->3278K(3456K)
[25.122s][info][gc             ] GC(611) Pause Full (Allocation Failure) 494M->376M(494M) 21.370ms
[25.122s][info][gc,cpu         ] GC(611) User=0.02s Sys=0.00s Real=0.02s
[25.132s][info][gc,start       ] GC(612) Pause Full (Allocation Failure)
[25.132s][info][gc,phases,start] GC(612) Phase 1: Mark live objects
[25.141s][info][gc,phases      ] GC(612) Phase 1: Mark live objects 8.938ms
[25.141s][info][gc,phases,start] GC(612) Phase 2: Compute new object addresses
[25.146s][info][gc,phases      ] GC(612) Phase 2: Compute new object addresses 4.224ms
[25.146s][info][gc,phases,start] GC(612) Phase 3: Adjust pointers
[25.152s][info][gc,phases      ] GC(612) Phase 3: Adjust pointers 6.463ms
[25.152s][info][gc,phases,start] GC(612) Phase 4: Move objects
[25.162s][info][gc,phases      ] GC(612) Phase 4: Move objects 10.069ms
[25.163s][info][gc,heap        ] GC(612) DefNew: 156894K(157248K)->37623K(157248K) Eden: 139776K(139776K)->37623K(139776K) From: 17118K(17472K)->0K(17472K)
[25.163s][info][gc,heap        ] GC(612) Tenured: 349339K(349568K)->349340K(349568K)
[25.163s][info][gc,metaspace   ] GC(612) Metaspace: 30950K(31296K)->30950K(31296K) NonClass: 27671K(27840K)->27671K(27840K) Class: 3278K(3456K)->3278K(3456K)
[25.163s][info][gc             ] GC(612) Pause Full (Allocation Failure) 494M->377M(494M) 30.146ms
[25.163s][info][gc,cpu         ] GC(612) User=0.03s Sys=0.00s Real=0.03s
[25.173s][info][gc,start       ] GC(613) Pause Full (Allocation Failure)
[25.173s][info][gc,phases,start] GC(613) Phase 1: Mark live objects
[25.181s][info][gc,phases      ] GC(613) Phase 1: Mark live objects 8.095ms
[25.181s][info][gc,phases,start] GC(613) Phase 2: Compute new object addresses
[25.185s][info][gc,phases      ] GC(613) Phase 2: Compute new object addresses 4.182ms
[25.185s][info][gc,phases,start] GC(613) Phase 3: Adjust pointers
[25.192s][info][gc,phases      ] GC(613) Phase 3: Adjust pointers 6.137ms
[25.192s][info][gc,phases,start] GC(613) Phase 4: Move objects
[25.201s][info][gc,phases      ] GC(613) Phase 4: Move objects 9.306ms
[25.201s][info][gc,heap        ] GC(613) DefNew: 156873K(157248K)->35602K(157248K) Eden: 139776K(139776K)->35602K(139776K) From: 17097K(17472K)->0K(17472K)
[25.201s][info][gc,heap        ] GC(613) Tenured: 349340K(349568K)->349340K(349568K)
[25.201s][info][gc,metaspace   ] GC(613) Metaspace: 30950K(31296K)->30950K(31296K) NonClass: 27671K(27840K)->27671K(27840K) Class: 3278K(3456K)->3278K(3456K)
[25.201s][info][gc             ] GC(613) Pause Full (Allocation Failure) 494M->375M(494M) 28.173ms
[25.201s][info][gc,cpu         ] GC(613) User=0.03s Sys=0.00s Real=0.03s
[25.215s][info][gc,start       ] GC(614) Pause Full (Allocation Failure)
[25.215s][info][gc,phases,start] GC(614) Phase 1: Mark live objects
[25.225s][info][gc,phases      ] GC(614) Phase 1: Mark live objects 10.162ms
[25.225s][info][gc,phases,start] GC(614) Phase 2: Compute new object addresses
[25.230s][info][gc,phases      ] GC(614) Phase 2: Compute new object addresses 4.632ms
[25.230s][info][gc,phases,start] GC(614) Phase 3: Adjust pointers
[25.237s][info][gc,phases      ] GC(614) Phase 3: Adjust pointers 6.693ms
[25.237s][info][gc,phases,start] GC(614) Phase 4: Move objects
[25.250s][info][gc,phases      ] GC(614) Phase 4: Move objects 13.703ms
[25.250s][info][gc,heap        ] GC(614) DefNew: 156870K(157248K)->16728K(157248K) Eden: 139776K(139776K)->16728K(139776K) From: 17094K(17472K)->0K(17472K)
[25.251s][info][gc,heap        ] GC(614) Tenured: 349340K(349568K)->349364K(349568K)
[25.251s][info][gc,metaspace   ] GC(614) Metaspace: 30950K(31296K)->30950K(31296K) NonClass: 27671K(27840K)->27671K(27840K) Class: 3278K(3456K)->3278K(3456K)
[25.251s][info][gc             ] GC(614) Pause Full (Allocation Failure) 494M->357M(494M) 35.737ms
[25.251s][info][gc,cpu         ] GC(614) User=0.04s Sys=0.00s Real=0.04s
[25.261s][info][gc,start       ] GC(615) Pause Full (Allocation Failure)
[25.261s][info][gc,phases,start] GC(615) Phase 1: Mark live objects
[25.274s][info][gc,phases      ] GC(615) Phase 1: Mark live objects 12.870ms
[25.274s][info][gc,phases,start] GC(615) Phase 2: Compute new object addresses
[25.281s][info][gc,phases      ] GC(615) Phase 2: Compute new object addresses 6.859ms
[25.281s][info][gc,phases,start] GC(615) Phase 3: Adjust pointers
[25.289s][info][gc,phases      ] GC(615) Phase 3: Adjust pointers 7.863ms
[25.289s][info][gc,phases,start] GC(615) Phase 4: Move objects
[25.293s][info][gc,phases      ] GC(615) Phase 4: Move objects 3.488ms
[25.293s][info][gc,heap        ] GC(615) DefNew: 156783K(157248K)->33028K(157248K) Eden: 139776K(139776K)->33028K(139776K) From: 17007K(17472K)->0K(17472K)
[25.293s][info][gc,heap        ] GC(615) Tenured: 349364K(349568K)->349364K(349568K)
[25.293s][info][gc,metaspace   ] GC(615) Metaspace: 30953K(31296K)->30953K(31296K) NonClass: 27674K(27840K)->27674K(27840K) Class: 3278K(3456K)->3278K(3456K)
[25.293s][info][gc             ] GC(615) Pause Full (Allocation Failure) 494M->373M(494M) 31.689ms
[25.293s][info][gc,cpu         ] GC(615) User=0.03s Sys=0.00s Real=0.03s
[25.300s][info][gc,start       ] GC(616) Pause Full (Allocation Failure)
[25.300s][info][gc,phases,start] GC(616) Phase 1: Mark live objects
[25.311s][info][gc,phases      ] GC(616) Phase 1: Mark live objects 10.546ms
[25.311s][info][gc,phases,start] GC(616) Phase 2: Compute new object addresses
[25.315s][info][gc,phases      ] GC(616) Phase 2: Compute new object addresses 4.488ms
[25.315s][info][gc,phases,start] GC(616) Phase 3: Adjust pointers
[25.321s][info][gc,phases      ] GC(616) Phase 3: Adjust pointers 6.113ms
[25.322s][info][gc,phases,start] GC(616) Phase 4: Move objects
[25.331s][info][gc,phases      ] GC(616) Phase 4: Move objects 9.871ms
[25.332s][info][gc,heap        ] GC(616) DefNew: 157246K(157248K)->40509K(157248K) Eden: 139776K(139776K)->40509K(139776K) From: 17470K(17472K)->0K(17472K)
[25.332s][info][gc,heap        ] GC(616) Tenured: 349364K(349568K)->349340K(349568K)
[25.332s][info][gc,metaspace   ] GC(616) Metaspace: 30953K(31296K)->30953K(31296K) NonClass: 27674K(27840K)->27674K(27840K) Class: 3278K(3456K)->3278K(3456K)
[25.332s][info][gc             ] GC(616) Pause Full (Allocation Failure) 494M->380M(494M) 31.513ms
[25.332s][info][gc,cpu         ] GC(616) User=0.03s Sys=0.00s Real=0.03s
[25.342s][info][gc,start       ] GC(617) Pause Full (Allocation Failure)
[25.342s][info][gc,phases,start] GC(617) Phase 1: Mark live objects
[25.352s][info][gc,phases      ] GC(617) Phase 1: Mark live objects 9.725ms
[25.352s][info][gc,phases,start] GC(617) Phase 2: Compute new object addresses
[25.357s][info][gc,phases      ] GC(617) Phase 2: Compute new object addresses 5.136ms
[25.357s][info][gc,phases,start] GC(617) Phase 3: Adjust pointers
[25.366s][info][gc,phases      ] GC(617) Phase 3: Adjust pointers 8.143ms
[25.366s][info][gc,phases,start] GC(617) Phase 4: Move objects
[25.379s][info][gc,phases      ] GC(617) Phase 4: Move objects 12.884ms
[25.379s][info][gc,heap        ] GC(617) DefNew: 156917K(157248K)->34215K(157248K) Eden: 139776K(139776K)->34215K(139776K) From: 17141K(17472K)->0K(17472K)
[25.379s][info][gc,heap        ] GC(617) Tenured: 349340K(349568K)->349348K(349568K)
[25.379s][info][gc,metaspace   ] GC(617) Metaspace: 30953K(31296K)->30953K(31296K) NonClass: 27674K(27840K)->27674K(27840K) Class: 3278K(3456K)->3278K(3456K)
[25.379s][info][gc             ] GC(617) Pause Full (Allocation Failure) 494M->374M(494M) 36.508ms
[25.379s][info][gc,cpu         ] GC(617) User=0.04s Sys=0.00s Real=0.04s
[25.385s][info][gc,start       ] GC(618) Pause Full (Allocation Failure)
[25.385s][info][gc,phases,start] GC(618) Phase 1: Mark live objects
[25.401s][info][gc,phases      ] GC(618) Phase 1: Mark live objects 15.610ms
[25.401s][info][gc,phases,start] GC(618) Phase 2: Compute new object addresses
[25.406s][info][gc,phases      ] GC(618) Phase 2: Compute new object addresses 4.965ms
[25.406s][info][gc,phases,start] GC(618) Phase 3: Adjust pointers
[25.413s][info][gc,phases      ] GC(618) Phase 3: Adjust pointers 6.797ms
[25.413s][info][gc,phases,start] GC(618) Phase 4: Move objects
[25.424s][info][gc,phases      ] GC(618) Phase 4: Move objects 11.644ms
[25.424s][info][gc,heap        ] GC(618) DefNew: 157234K(157248K)->24779K(157248K) Eden: 139776K(139776K)->24779K(139776K) From: 17458K(17472K)->0K(17472K)
[25.425s][info][gc,heap        ] GC(618) Tenured: 349348K(349568K)->349337K(349568K)
[25.425s][info][gc,metaspace   ] GC(618) Metaspace: 30953K(31296K)->30953K(31296K) NonClass: 27674K(27840K)->27674K(27840K) Class: 3278K(3456K)->3278K(3456K)
[25.425s][info][gc             ] GC(618) Pause Full (Allocation Failure) 494M->365M(494M) 39.546ms
[25.425s][info][gc,cpu         ] GC(618) User=0.04s Sys=0.00s Real=0.04s
[25.435s][info][gc,start       ] GC(619) Pause Full (Allocation Failure)
[25.435s][info][gc,phases,start] GC(619) Phase 1: Mark live objects
[25.446s][info][gc,phases      ] GC(619) Phase 1: Mark live objects 10.668ms
[25.446s][info][gc,phases,start] GC(619) Phase 2: Compute new object addresses
[25.452s][info][gc,phases      ] GC(619) Phase 2: Compute new object addresses 5.741ms
[25.452s][info][gc,phases,start] GC(619) Phase 3: Adjust pointers
[25.459s][info][gc,phases      ] GC(619) Phase 3: Adjust pointers 7.200ms
[25.459s][info][gc,phases,start] GC(619) Phase 4: Move objects
[25.463s][info][gc,phases      ] GC(619) Phase 4: Move objects 3.542ms
[25.463s][info][gc,heap        ] GC(619) DefNew: 156311K(157248K)->35603K(157248K) Eden: 139776K(139776K)->35603K(139776K) From: 16535K(17472K)->0K(17472K)
[25.463s][info][gc,heap        ] GC(619) Tenured: 349337K(349568K)->349337K(349568K)
[25.463s][info][gc,metaspace   ] GC(619) Metaspace: 30953K(31296K)->30953K(31296K) NonClass: 27674K(27840K)->27674K(27840K) Class: 3278K(3456K)->3278K(3456K)
[25.463s][info][gc             ] GC(619) Pause Full (Allocation Failure) 493M->375M(494M) 27.767ms
[25.463s][info][gc,cpu         ] GC(619) User=0.03s Sys=0.00s Real=0.03s
[25.477s][info][gc,start       ] GC(620) Pause Full (Allocation Failure)
[25.477s][info][gc,phases,start] GC(620) Phase 1: Mark live objects
[25.491s][info][gc,phases      ] GC(620) Phase 1: Mark live objects 14.245ms
[25.491s][info][gc,phases,start] GC(620) Phase 2: Compute new object addresses
[25.497s][info][gc,phases      ] GC(620) Phase 2: Compute new object addresses 5.678ms
[25.497s][info][gc,phases,start] GC(620) Phase 3: Adjust pointers
[25.503s][info][gc,phases      ] GC(620) Phase 3: Adjust pointers 6.778ms
[25.504s][info][gc,phases,start] GC(620) Phase 4: Move objects
[25.514s][info][gc,phases      ] GC(620) Phase 4: Move objects 10.147ms
[25.514s][info][gc,heap        ] GC(620) DefNew: 157021K(157248K)->38378K(157248K) Eden: 139776K(139776K)->38378K(139776K) From: 17245K(17472K)->0K(17472K)
[25.514s][info][gc,heap        ] GC(620) Tenured: 349337K(349568K)->349567K(349568K)
[25.514s][info][gc,metaspace   ] GC(620) Metaspace: 30953K(31296K)->30953K(31296K) NonClass: 27674K(27840K)->27674K(27840K) Class: 3278K(3456K)->3278K(3456K)
[25.514s][info][gc             ] GC(620) Pause Full (Allocation Failure) 494M->378M(494M) 37.399ms
[25.514s][info][gc,cpu         ] GC(620) User=0.04s Sys=0.00s Real=0.03s
[25.524s][info][gc,start       ] GC(621) Pause Full (Allocation Failure)
[25.524s][info][gc,phases,start] GC(621) Phase 1: Mark live objects
[25.534s][info][gc,phases      ] GC(621) Phase 1: Mark live objects 9.406ms
[25.534s][info][gc,phases,start] GC(621) Phase 2: Compute new object addresses
[25.539s][info][gc,phases      ] GC(621) Phase 2: Compute new object addresses 5.280ms
[25.539s][info][gc,phases,start] GC(621) Phase 3: Adjust pointers
[25.546s][info][gc,phases      ] GC(621) Phase 3: Adjust pointers 6.699ms
[25.546s][info][gc,phases,start] GC(621) Phase 4: Move objects
[25.557s][info][gc,phases      ] GC(621) Phase 4: Move objects 10.590ms
[25.557s][info][gc,heap        ] GC(621) DefNew: 157108K(157248K)->35096K(157248K) Eden: 139776K(139776K)->35096K(139776K) From: 17332K(17472K)->0K(17472K)
[25.557s][info][gc,heap        ] GC(621) Tenured: 349567K(349568K)->349563K(349568K)
[25.557s][info][gc,metaspace   ] GC(621) Metaspace: 30953K(31296K)->30953K(31296K) NonClass: 27674K(27840K)->27674K(27840K) Class: 3278K(3456K)->3278K(3456K)
[25.557s][info][gc             ] GC(621) Pause Full (Allocation Failure) 494M->375M(494M) 32.584ms
[25.557s][info][gc,cpu         ] GC(621) User=0.03s Sys=0.00s Real=0.03s
[25.568s][info][gc,start       ] GC(622) Pause Full (Allocation Failure)
[25.569s][info][gc,phases,start] GC(622) Phase 1: Mark live objects
[25.579s][info][gc,phases      ] GC(622) Phase 1: Mark live objects 10.416ms
[25.579s][info][gc,phases,start] GC(622) Phase 2: Compute new object addresses
[25.584s][info][gc,phases      ] GC(622) Phase 2: Compute new object addresses 4.904ms
[25.584s][info][gc,phases,start] GC(622) Phase 3: Adjust pointers
[25.591s][info][gc,phases      ] GC(622) Phase 3: Adjust pointers 6.714ms
[25.591s][info][gc,phases,start] GC(622) Phase 4: Move objects
[25.601s][info][gc,phases      ] GC(622) Phase 4: Move objects 10.702ms
[25.602s][info][gc,heap        ] GC(622) DefNew: 156315K(157248K)->15956K(157248K) Eden: 139776K(139776K)->15956K(139776K) From: 16539K(17472K)->0K(17472K)
[25.602s][info][gc,heap        ] GC(622) Tenured: 349563K(349568K)->349459K(349568K)
[25.602s][info][gc,metaspace   ] GC(622) Metaspace: 30953K(31296K)->30953K(31296K) NonClass: 27674K(27840K)->27674K(27840K) Class: 3278K(3456K)->3278K(3456K)
[25.602s][info][gc             ] GC(622) Pause Full (Allocation Failure) 494M->356M(494M) 33.249ms
[25.602s][info][gc,cpu         ] GC(622) User=0.04s Sys=0.00s Real=0.03s
[25.612s][info][gc,start       ] GC(623) Pause Full (Allocation Failure)
[25.612s][info][gc,phases,start] GC(623) Phase 1: Mark live objects
[25.621s][info][gc,phases      ] GC(623) Phase 1: Mark live objects 9.072ms
[25.621s][info][gc,phases,start] GC(623) Phase 2: Compute new object addresses
[25.626s][info][gc,phases      ] GC(623) Phase 2: Compute new object addresses 4.688ms
[25.626s][info][gc,phases,start] GC(623) Phase 3: Adjust pointers
[25.632s][info][gc,phases      ] GC(623) Phase 3: Adjust pointers 6.141ms
[25.632s][info][gc,phases,start] GC(623) Phase 4: Move objects
[25.635s][info][gc,phases      ] GC(623) Phase 4: Move objects 3.208ms
[25.635s][info][gc,heap        ] GC(623) DefNew: 157085K(157248K)->36370K(157248K) Eden: 139776K(139776K)->36370K(139776K) From: 17309K(17472K)->0K(17472K)
[25.635s][info][gc,heap        ] GC(623) Tenured: 349459K(349568K)->349459K(349568K)
[25.635s][info][gc,metaspace   ] GC(623) Metaspace: 30953K(31296K)->30953K(31296K) NonClass: 27674K(27840K)->27674K(27840K) Class: 3278K(3456K)->3278K(3456K)
[25.635s][info][gc             ] GC(623) Pause Full (Allocation Failure) 494M->376M(494M) 23.564ms
[25.635s][info][gc,cpu         ] GC(623) User=0.02s Sys=0.00s Real=0.02s
[25.649s][info][gc,start       ] GC(624) Pause Full (Allocation Failure)
[25.649s][info][gc,phases,start] GC(624) Phase 1: Mark live objects
[25.662s][info][gc,phases      ] GC(624) Phase 1: Mark live objects 13.330ms
[25.662s][info][gc,phases,start] GC(624) Phase 2: Compute new object addresses
[25.668s][info][gc,phases      ] GC(624) Phase 2: Compute new object addresses 5.191ms
[25.668s][info][gc,phases,start] GC(624) Phase 3: Adjust pointers
[25.675s][info][gc,phases      ] GC(624) Phase 3: Adjust pointers 7.006ms
[25.675s][info][gc,phases,start] GC(624) Phase 4: Move objects
[25.683s][info][gc,phases      ] GC(624) Phase 4: Move objects 8.608ms
[25.684s][info][gc,heap        ] GC(624) DefNew: 157225K(157248K)->35636K(157248K) Eden: 139776K(139776K)->35636K(139776K) From: 17449K(17472K)->0K(17472K)
[25.684s][info][gc,heap        ] GC(624) Tenured: 349459K(349568K)->349312K(349568K)
[25.684s][info][gc,metaspace   ] GC(624) Metaspace: 30953K(31296K)->30953K(31296K) NonClass: 27674K(27840K)->27674K(27840K) Class: 3278K(3456K)->3278K(3456K)
[25.684s][info][gc             ] GC(624) Pause Full (Allocation Failure) 494M->375M(494M) 34.700ms
[25.684s][info][gc,cpu         ] GC(624) User=0.02s Sys=0.01s Real=0.04s
[25.690s][info][gc,start       ] GC(625) Pause Full (Allocation Failure)
[25.690s][info][gc,phases,start] GC(625) Phase 1: Mark live objects
[25.699s][info][gc,phases      ] GC(625) Phase 1: Mark live objects 9.204ms
[25.699s][info][gc,phases,start] GC(625) Phase 2: Compute new object addresses
[25.704s][info][gc,phases      ] GC(625) Phase 2: Compute new object addresses 4.772ms
[25.704s][info][gc,phases,start] GC(625) Phase 3: Adjust pointers
[25.711s][info][gc,phases      ] GC(625) Phase 3: Adjust pointers 6.788ms
[25.711s][info][gc,phases,start] GC(625) Phase 4: Move objects
[25.721s][info][gc,phases      ] GC(625) Phase 4: Move objects 9.739ms
[25.721s][info][gc,heap        ] GC(625) DefNew: 157247K(157248K)->39158K(157248K) Eden: 139776K(139776K)->39158K(139776K) From: 17471K(17472K)->0K(17472K)
[25.721s][info][gc,heap        ] GC(625) Tenured: 349312K(349568K)->349349K(349568K)
[25.721s][info][gc,metaspace   ] GC(625) Metaspace: 30953K(31296K)->30953K(31296K) NonClass: 27674K(27840K)->27674K(27840K) Class: 3278K(3456K)->3278K(3456K)
[25.721s][info][gc             ] GC(625) Pause Full (Allocation Failure) 494M->379M(494M) 30.960ms
[25.721s][info][gc,cpu         ] GC(625) User=0.03s Sys=0.00s Real=0.03s
[25.728s][info][gc,start       ] GC(626) Pause Full (Allocation Failure)
[25.728s][info][gc,phases,start] GC(626) Phase 1: Mark live objects
[25.737s][info][gc,phases      ] GC(626) Phase 1: Mark live objects 9.849ms
[25.738s][info][gc,phases,start] GC(626) Phase 2: Compute new object addresses
[25.742s][info][gc,phases      ] GC(626) Phase 2: Compute new object addresses 4.386ms
[25.742s][info][gc,phases,start] GC(626) Phase 3: Adjust pointers
[25.748s][info][gc,phases      ] GC(626) Phase 3: Adjust pointers 6.395ms
[25.748s][info][gc,phases,start] GC(626) Phase 4: Move objects
[25.759s][info][gc,phases      ] GC(626) Phase 4: Move objects 10.252ms
[25.759s][info][gc,heap        ] GC(626) DefNew: 157035K(157248K)->21906K(157248K) Eden: 139776K(139776K)->21906K(139776K) From: 17259K(17472K)->0K(17472K)
[25.759s][info][gc,heap        ] GC(626) Tenured: 349349K(349568K)->348907K(349568K)
[25.759s][info][gc,metaspace   ] GC(626) Metaspace: 30953K(31296K)->30953K(31296K) NonClass: 27674K(27840K)->27674K(27840K) Class: 3278K(3456K)->3278K(3456K)
[25.759s][info][gc             ] GC(626) Pause Full (Allocation Failure) 494M->362M(494M) 31.442ms
[25.759s][info][gc,cpu         ] GC(626) User=0.03s Sys=0.00s Real=0.03s
[25.769s][info][gc,start       ] GC(627) Pause Full (Allocation Failure)
[25.769s][info][gc,phases,start] GC(627) Phase 1: Mark live objects
[25.777s][info][gc,phases      ] GC(627) Phase 1: Mark live objects 8.126ms
[25.777s][info][gc,phases,start] GC(627) Phase 2: Compute new object addresses
[25.782s][info][gc,phases      ] GC(627) Phase 2: Compute new object addresses 4.991ms
[25.783s][info][gc,phases,start] GC(627) Phase 3: Adjust pointers
[25.789s][info][gc,phases      ] GC(627) Phase 3: Adjust pointers 6.613ms
[25.789s][info][gc,phases,start] GC(627) Phase 4: Move objects
[25.793s][info][gc,phases      ] GC(627) Phase 4: Move objects 4.231ms
[25.794s][info][gc,heap        ] GC(627) DefNew: 156828K(157248K)->39071K(157248K) Eden: 139776K(139776K)->39071K(139776K) From: 17052K(17472K)->0K(17472K)
[25.794s][info][gc,heap        ] GC(627) Tenured: 348907K(349568K)->349423K(349568K)
[25.794s][info][gc,metaspace   ] GC(627) Metaspace: 30953K(31296K)->30953K(31296K) NonClass: 27674K(27840K)->27674K(27840K) Class: 3278K(3456K)->3278K(3456K)
[25.794s][info][gc             ] GC(627) Pause Full (Allocation Failure) 493M->379M(494M) 24.438ms
[25.794s][info][gc,cpu         ] GC(627) User=0.02s Sys=0.00s Real=0.02s
[25.804s][info][gc,start       ] GC(628) Pause Full (Allocation Failure)
[25.805s][info][gc,phases,start] GC(628) Phase 1: Mark live objects
[25.815s][info][gc,phases      ] GC(628) Phase 1: Mark live objects 10.069ms
[25.815s][info][gc,phases,start] GC(628) Phase 2: Compute new object addresses
[25.819s][info][gc,phases      ] GC(628) Phase 2: Compute new object addresses 4.362ms
[25.819s][info][gc,phases,start] GC(628) Phase 3: Adjust pointers
[25.825s][info][gc,phases      ] GC(628) Phase 3: Adjust pointers 5.949ms
[25.825s][info][gc,phases,start] GC(628) Phase 4: Move objects
[25.834s][info][gc,phases      ] GC(628) Phase 4: Move objects 9.203ms
[25.835s][info][gc,heap        ] GC(628) DefNew: 156820K(157248K)->45327K(157248K) Eden: 139776K(139776K)->45327K(139776K) From: 17044K(17472K)->0K(17472K)
[25.835s][info][gc,heap        ] GC(628) Tenured: 349423K(349568K)->349566K(349568K)
[25.835s][info][gc,metaspace   ] GC(628) Metaspace: 30953K(31296K)->30953K(31296K) NonClass: 27674K(27840K)->27674K(27840K) Class: 3278K(3456K)->3278K(3456K)
[25.835s][info][gc             ] GC(628) Pause Full (Allocation Failure) 494M->385M(494M) 30.146ms
[25.835s][info][gc,cpu         ] GC(628) User=0.03s Sys=0.00s Real=0.02s
[25.845s][info][gc,start       ] GC(629) Pause Full (Allocation Failure)
[25.845s][info][gc,phases,start] GC(629) Phase 1: Mark live objects
[25.855s][info][gc,phases      ] GC(629) Phase 1: Mark live objects 9.302ms
[25.855s][info][gc,phases,start] GC(629) Phase 2: Compute new object addresses
[25.859s][info][gc,phases      ] GC(629) Phase 2: Compute new object addresses 4.126ms
[25.859s][info][gc,phases,start] GC(629) Phase 3: Adjust pointers
[25.865s][info][gc,phases      ] GC(629) Phase 3: Adjust pointers 5.908ms
[25.865s][info][gc,phases,start] GC(629) Phase 4: Move objects
[25.875s][info][gc,phases      ] GC(629) Phase 4: Move objects 10.450ms
[25.876s][info][gc,heap        ] GC(629) DefNew: 156492K(157248K)->40999K(157248K) Eden: 139776K(139776K)->40999K(139776K) From: 16716K(17472K)->0K(17472K)
[25.876s][info][gc,heap        ] GC(629) Tenured: 349566K(349568K)->349302K(349568K)
[25.876s][info][gc,metaspace   ] GC(629) Metaspace: 30953K(31296K)->30953K(31296K) NonClass: 27674K(27840K)->27674K(27840K) Class: 3278K(3456K)->3278K(3456K)
[25.876s][info][gc             ] GC(629) Pause Full (Allocation Failure) 494M->381M(494M) 30.231ms
[25.876s][info][gc,cpu         ] GC(629) User=0.03s Sys=0.00s Real=0.02s
[25.886s][info][gc,start       ] GC(630) Pause Full (Allocation Failure)
[25.886s][info][gc,phases,start] GC(630) Phase 1: Mark live objects
[25.896s][info][gc,phases      ] GC(630) Phase 1: Mark live objects 9.467ms
[25.896s][info][gc,phases,start] GC(630) Phase 2: Compute new object addresses
[25.900s][info][gc,phases      ] GC(630) Phase 2: Compute new object addresses 4.528ms
[25.900s][info][gc,phases,start] GC(630) Phase 3: Adjust pointers
[25.908s][info][gc,phases      ] GC(630) Phase 3: Adjust pointers 7.308ms
[25.908s][info][gc,phases,start] GC(630) Phase 4: Move objects
[25.923s][info][gc,phases      ] GC(630) Phase 4: Move objects 14.996ms
[25.923s][info][gc,heap        ] GC(630) DefNew: 157071K(157248K)->19167K(157248K) Eden: 139776K(139776K)->19167K(139776K) From: 17295K(17472K)->0K(17472K)
[25.923s][info][gc,heap        ] GC(630) Tenured: 349302K(349568K)->349558K(349568K)
[25.923s][info][gc,metaspace   ] GC(630) Metaspace: 30953K(31296K)->30953K(31296K) NonClass: 27674K(27840K)->27674K(27840K) Class: 3278K(3456K)->3278K(3456K)
[25.923s][info][gc             ] GC(630) Pause Full (Allocation Failure) 494M->360M(494M) 36.767ms
[25.923s][info][gc,cpu         ] GC(630) User=0.04s Sys=0.00s Real=0.03s
[25.934s][info][gc,start       ] GC(631) Pause Full (Allocation Failure)
[25.934s][info][gc,phases,start] GC(631) Phase 1: Mark live objects
[25.943s][info][gc,phases      ] GC(631) Phase 1: Mark live objects 9.219ms
[25.943s][info][gc,phases,start] GC(631) Phase 2: Compute new object addresses
[25.948s][info][gc,phases      ] GC(631) Phase 2: Compute new object addresses 4.517ms
[25.948s][info][gc,phases,start] GC(631) Phase 3: Adjust pointers
[25.954s][info][gc,phases      ] GC(631) Phase 3: Adjust pointers 6.153ms
[25.954s][info][gc,phases,start] GC(631) Phase 4: Move objects
[25.957s][info][gc,phases      ] GC(631) Phase 4: Move objects 3.289ms
[25.957s][info][gc,heap        ] GC(631) DefNew: 157010K(157248K)->38147K(157248K) Eden: 139776K(139776K)->38147K(139776K) From: 17234K(17472K)->0K(17472K)
[25.957s][info][gc,heap        ] GC(631) Tenured: 349558K(349568K)->349558K(349568K)
[25.957s][info][gc,metaspace   ] GC(631) Metaspace: 30953K(31296K)->30953K(31296K) NonClass: 27674K(27840K)->27674K(27840K) Class: 3278K(3456K)->3278K(3456K)
[25.957s][info][gc             ] GC(631) Pause Full (Allocation Failure) 494M->378M(494M) 23.656ms
[25.957s][info][gc,cpu         ] GC(631) User=0.03s Sys=0.00s Real=0.03s
[25.968s][info][gc,start       ] GC(632) Pause Full (Allocation Failure)
[25.968s][info][gc,phases,start] GC(632) Phase 1: Mark live objects
[25.976s][info][gc,phases      ] GC(632) Phase 1: Mark live objects 8.435ms
[25.976s][info][gc,phases,start] GC(632) Phase 2: Compute new object addresses
[25.981s][info][gc,phases      ] GC(632) Phase 2: Compute new object addresses 4.307ms
[25.981s][info][gc,phases,start] GC(632) Phase 3: Adjust pointers
[25.987s][info][gc,phases      ] GC(632) Phase 3: Adjust pointers 6.100ms
[25.987s][info][gc,phases,start] GC(632) Phase 4: Move objects
[25.995s][info][gc,phases      ] GC(632) Phase 4: Move objects 8.369ms
[25.995s][info][gc,heap        ] GC(632) DefNew: 156353K(157248K)->38950K(157248K) Eden: 139775K(139776K)->38950K(139776K) From: 16577K(17472K)->0K(17472K)
[25.996s][info][gc,heap        ] GC(632) Tenured: 349558K(349568K)->349561K(349568K)
[25.996s][info][gc,metaspace   ] GC(632) Metaspace: 30953K(31296K)->30953K(31296K) NonClass: 27674K(27840K)->27674K(27840K) Class: 3278K(3456K)->3278K(3456K)
[25.996s][info][gc             ] GC(632) Pause Full (Allocation Failure) 494M->379M(494M) 27.650ms
[25.996s][info][gc,cpu         ] GC(632) User=0.03s Sys=0.00s Real=0.02s
[26.005s][info][gc,start       ] GC(633) Pause Full (Allocation Failure)
[26.005s][info][gc,phases,start] GC(633) Phase 1: Mark live objects
[26.015s][info][gc,phases      ] GC(633) Phase 1: Mark live objects 10.295ms
[26.015s][info][gc,phases,start] GC(633) Phase 2: Compute new object addresses
[26.021s][info][gc,phases      ] GC(633) Phase 2: Compute new object addresses 5.114ms
[26.021s][info][gc,phases,start] GC(633) Phase 3: Adjust pointers
[26.027s][info][gc,phases      ] GC(633) Phase 3: Adjust pointers 6.740ms
[26.027s][info][gc,phases,start] GC(633) Phase 4: Move objects
[26.037s][info][gc,phases      ] GC(633) Phase 4: Move objects 9.390ms
[26.037s][info][gc,heap        ] GC(633) DefNew: 157045K(157248K)->41147K(157248K) Eden: 139776K(139776K)->41147K(139776K) From: 17269K(17472K)->0K(17472K)
[26.037s][info][gc,heap        ] GC(633) Tenured: 349561K(349568K)->349567K(349568K)
[26.037s][info][gc,metaspace   ] GC(633) Metaspace: 30953K(31296K)->30953K(31296K) NonClass: 27674K(27840K)->27674K(27840K) Class: 3278K(3456K)->3278K(3456K)
[26.037s][info][gc             ] GC(633) Pause Full (Allocation Failure) 494M->381M(494M) 32.026ms
[26.037s][info][gc,cpu         ] GC(633) User=0.03s Sys=0.00s Real=0.03s
[26.045s][info][gc,start       ] GC(634) Pause Full (Allocation Failure)
[26.045s][info][gc,phases,start] GC(634) Phase 1: Mark live objects
[26.054s][info][gc,phases      ] GC(634) Phase 1: Mark live objects 8.807ms
[26.054s][info][gc,phases,start] GC(634) Phase 2: Compute new object addresses
[26.058s][info][gc,phases      ] GC(634) Phase 2: Compute new object addresses 4.479ms
[26.058s][info][gc,phases,start] GC(634) Phase 3: Adjust pointers
[26.064s][info][gc,phases      ] GC(634) Phase 3: Adjust pointers 6.342ms
[26.064s][info][gc,phases,start] GC(634) Phase 4: Move objects
[26.075s][info][gc,phases      ] GC(634) Phase 4: Move objects 10.945ms
[26.076s][info][gc,heap        ] GC(634) DefNew: 156868K(157248K)->24806K(157248K) Eden: 139776K(139776K)->24806K(139776K) From: 17092K(17472K)->0K(17472K)
[26.076s][info][gc,heap        ] GC(634) Tenured: 349567K(349568K)->349531K(349568K)
[26.076s][info][gc,metaspace   ] GC(634) Metaspace: 30953K(31296K)->30953K(31296K) NonClass: 27674K(27840K)->27674K(27840K) Class: 3278K(3456K)->3278K(3456K)
[26.076s][info][gc             ] GC(634) Pause Full (Allocation Failure) 494M->365M(494M) 31.019ms
[26.076s][info][gc,cpu         ] GC(634) User=0.03s Sys=0.01s Real=0.03s
[26.090s][info][gc,start       ] GC(635) Pause Full (Allocation Failure)
[26.090s][info][gc,phases,start] GC(635) Phase 1: Mark live objects
[26.100s][info][gc,phases      ] GC(635) Phase 1: Mark live objects 9.854ms
[26.100s][info][gc,phases,start] GC(635) Phase 2: Compute new object addresses
[26.105s][info][gc,phases      ] GC(635) Phase 2: Compute new object addresses 4.973ms
[26.105s][info][gc,phases,start] GC(635) Phase 3: Adjust pointers
[26.112s][info][gc,phases      ] GC(635) Phase 3: Adjust pointers 6.921ms
[26.112s][info][gc,phases,start] GC(635) Phase 4: Move objects
[26.116s][info][gc,phases      ] GC(635) Phase 4: Move objects 3.735ms
[26.116s][info][gc,heap        ] GC(635) DefNew: 157153K(157248K)->38601K(157248K) Eden: 139776K(139776K)->38601K(139776K) From: 17377K(17472K)->0K(17472K)
[26.116s][info][gc,heap        ] GC(635) Tenured: 349531K(349568K)->349531K(349568K)
[26.116s][info][gc,metaspace   ] GC(635) Metaspace: 30954K(31296K)->30954K(31296K) NonClass: 27675K(27840K)->27675K(27840K) Class: 3278K(3456K)->3278K(3456K)
[26.116s][info][gc             ] GC(635) Pause Full (Allocation Failure) 494M->379M(494M) 25.948ms
[26.116s][info][gc,cpu         ] GC(635) User=0.02s Sys=0.00s Real=0.03s
[26.122s][info][gc,start       ] GC(636) Pause Full (Allocation Failure)
[26.122s][info][gc,phases,start] GC(636) Phase 1: Mark live objects
[26.134s][info][gc,phases      ] GC(636) Phase 1: Mark live objects 11.842ms
[26.134s][info][gc,phases,start] GC(636) Phase 2: Compute new object addresses
[26.140s][info][gc,phases      ] GC(636) Phase 2: Compute new object addresses 5.701ms
[26.140s][info][gc,phases,start] GC(636) Phase 3: Adjust pointers
[26.147s][info][gc,phases      ] GC(636) Phase 3: Adjust pointers 6.777ms
[26.147s][info][gc,phases,start] GC(636) Phase 4: Move objects
[26.154s][info][gc,phases      ] GC(636) Phase 4: Move objects 7.418ms
[26.155s][info][gc,heap        ] GC(636) DefNew: 157013K(157248K)->42259K(157248K) Eden: 139776K(139776K)->42259K(139776K) From: 17237K(17472K)->0K(17472K)
[26.155s][info][gc,heap        ] GC(636) Tenured: 349531K(349568K)->349566K(349568K)
[26.155s][info][gc,metaspace   ] GC(636) Metaspace: 30954K(31296K)->30954K(31296K) NonClass: 27675K(27840K)->27675K(27840K) Class: 3278K(3456K)->3278K(3456K)
[26.155s][info][gc             ] GC(636) Pause Full (Allocation Failure) 494M->382M(494M) 32.220ms
[26.155s][info][gc,cpu         ] GC(636) User=0.03s Sys=0.00s Real=0.03s
[26.165s][info][gc,start       ] GC(637) Pause Full (Allocation Failure)
[26.165s][info][gc,phases,start] GC(637) Phase 1: Mark live objects
[26.174s][info][gc,phases      ] GC(637) Phase 1: Mark live objects 8.611ms
[26.174s][info][gc,phases,start] GC(637) Phase 2: Compute new object addresses
[26.178s][info][gc,phases      ] GC(637) Phase 2: Compute new object addresses 4.144ms
[26.178s][info][gc,phases,start] GC(637) Phase 3: Adjust pointers
[26.184s][info][gc,phases      ] GC(637) Phase 3: Adjust pointers 6.193ms
[26.184s][info][gc,phases,start] GC(637) Phase 4: Move objects
[26.193s][info][gc,phases      ] GC(637) Phase 4: Move objects 8.284ms
[26.193s][info][gc,heap        ] GC(637) DefNew: 156817K(157248K)->36779K(157248K) Eden: 139776K(139776K)->36779K(139776K) From: 17041K(17472K)->0K(17472K)
[26.193s][info][gc,heap        ] GC(637) Tenured: 349566K(349568K)->349565K(349568K)
[26.193s][info][gc,metaspace   ] GC(637) Metaspace: 30954K(31296K)->30954K(31296K) NonClass: 27675K(27840K)->27675K(27840K) Class: 3278K(3456K)->3278K(3456K)
[26.193s][info][gc             ] GC(637) Pause Full (Allocation Failure) 494M->377M(494M) 27.636ms
[26.193s][info][gc,cpu         ] GC(637) User=0.03s Sys=0.00s Real=0.02s
[26.199s][info][gc,start       ] GC(638) Pause Full (Allocation Failure)
[26.199s][info][gc,phases,start] GC(638) Phase 1: Mark live objects
[26.208s][info][gc,phases      ] GC(638) Phase 1: Mark live objects 9.135ms
[26.208s][info][gc,phases,start] GC(638) Phase 2: Compute new object addresses
[26.212s][info][gc,phases      ] GC(638) Phase 2: Compute new object addresses 4.174ms
[26.212s][info][gc,phases,start] GC(638) Phase 3: Adjust pointers
[26.219s][info][gc,phases      ] GC(638) Phase 3: Adjust pointers 6.051ms
[26.219s][info][gc,phases,start] GC(638) Phase 4: Move objects
[26.230s][info][gc,phases      ] GC(638) Phase 4: Move objects 11.091ms
[26.230s][info][gc,heap        ] GC(638) DefNew: 157063K(157248K)->23522K(157248K) Eden: 139776K(139776K)->23522K(139776K) From: 17287K(17472K)->0K(17472K)
[26.230s][info][gc,heap        ] GC(638) Tenured: 349565K(349568K)->349528K(349568K)
[26.230s][info][gc,metaspace   ] GC(638) Metaspace: 30954K(31296K)->30954K(31296K) NonClass: 27675K(27840K)->27675K(27840K) Class: 3278K(3456K)->3278K(3456K)
[26.230s][info][gc             ] GC(638) Pause Full (Allocation Failure) 494M->364M(494M) 30.902ms
[26.230s][info][gc,cpu         ] GC(638) User=0.03s Sys=0.00s Real=0.03s
[26.245s][info][gc,start       ] GC(639) Pause Full (Allocation Failure)
[26.245s][info][gc,phases,start] GC(639) Phase 1: Mark live objects
[26.256s][info][gc,phases      ] GC(639) Phase 1: Mark live objects 11.438ms
[26.256s][info][gc,phases,start] GC(639) Phase 2: Compute new object addresses
[26.261s][info][gc,phases      ] GC(639) Phase 2: Compute new object addresses 4.598ms
[26.261s][info][gc,phases,start] GC(639) Phase 3: Adjust pointers
[26.266s][info][gc,phases      ] GC(639) Phase 3: Adjust pointers 5.550ms
[26.267s][info][gc,phases,start] GC(639) Phase 4: Move objects
[26.270s][info][gc,phases      ] GC(639) Phase 4: Move objects 3.258ms
[26.270s][info][gc,heap        ] GC(639) DefNew: 157063K(157248K)->38455K(157248K) Eden: 139776K(139776K)->38455K(139776K) From: 17287K(17472K)->0K(17472K)
[26.270s][info][gc,heap        ] GC(639) Tenured: 349528K(349568K)->349528K(349568K)
[26.270s][info][gc,metaspace   ] GC(639) Metaspace: 30954K(31296K)->30954K(31296K) NonClass: 27675K(27840K)->27675K(27840K) Class: 3278K(3456K)->3278K(3456K)
[26.270s][info][gc             ] GC(639) Pause Full (Allocation Failure) 494M->378M(494M) 25.224ms
[26.270s][info][gc,cpu         ] GC(639) User=0.03s Sys=0.00s Real=0.02s
[26.278s][info][gc,start       ] GC(640) Pause Full (Allocation Failure)
[26.278s][info][gc,phases,start] GC(640) Phase 1: Mark live objects
[26.287s][info][gc,phases      ] GC(640) Phase 1: Mark live objects 8.421ms
[26.287s][info][gc,phases,start] GC(640) Phase 2: Compute new object addresses
[26.291s][info][gc,phases      ] GC(640) Phase 2: Compute new object addresses 4.275ms
[26.291s][info][gc,phases,start] GC(640) Phase 3: Adjust pointers
[26.298s][info][gc,phases      ] GC(640) Phase 3: Adjust pointers 6.294ms
[26.298s][info][gc,phases,start] GC(640) Phase 4: Move objects
[26.305s][info][gc,phases      ] GC(640) Phase 4: Move objects 7.195ms
[26.305s][info][gc,heap        ] GC(640) DefNew: 157237K(157248K)->36277K(157248K) Eden: 139776K(139776K)->36277K(139776K) From: 17461K(17472K)->0K(17472K)
[26.305s][info][gc,heap        ] GC(640) Tenured: 349528K(349568K)->349312K(349568K)
[26.305s][info][gc,metaspace   ] GC(640) Metaspace: 30954K(31296K)->30954K(31296K) NonClass: 27675K(27840K)->27675K(27840K) Class: 3278K(3456K)->3278K(3456K)
[26.305s][info][gc             ] GC(640) Pause Full (Allocation Failure) 494M->376M(494M) 26.715ms
[26.305s][info][gc,cpu         ] GC(640) User=0.03s Sys=0.00s Real=0.03s
[26.315s][info][gc,start       ] GC(641) Pause Full (Allocation Failure)
[26.316s][info][gc,phases,start] GC(641) Phase 1: Mark live objects
[26.325s][info][gc,phases      ] GC(641) Phase 1: Mark live objects 9.758ms
[26.325s][info][gc,phases,start] GC(641) Phase 2: Compute new object addresses
[26.330s][info][gc,phases      ] GC(641) Phase 2: Compute new object addresses 4.497ms
[26.330s][info][gc,phases,start] GC(641) Phase 3: Adjust pointers
[26.336s][info][gc,phases      ] GC(641) Phase 3: Adjust pointers 5.980ms
[26.336s][info][gc,phases,start] GC(641) Phase 4: Move objects
[26.344s][info][gc,phases      ] GC(641) Phase 4: Move objects 7.722ms
[26.344s][info][gc,heap        ] GC(641) DefNew: 157122K(157248K)->31450K(157248K) Eden: 139776K(139776K)->31450K(139776K) From: 17346K(17472K)->0K(17472K)
[26.344s][info][gc,heap        ] GC(641) Tenured: 349312K(349568K)->349566K(349568K)
[26.344s][info][gc,metaspace   ] GC(641) Metaspace: 30954K(31296K)->30954K(31296K) NonClass: 27675K(27840K)->27675K(27840K) Class: 3278K(3456K)->3278K(3456K)
[26.344s][info][gc             ] GC(641) Pause Full (Allocation Failure) 494M->372M(494M) 28.455ms
[26.344s][info][gc,cpu         ] GC(641) User=0.03s Sys=0.00s Real=0.04s
[26.356s][info][gc,start       ] GC(642) Pause Full (Allocation Failure)
[26.357s][info][gc,phases,start] GC(642) Phase 1: Mark live objects
[26.365s][info][gc,phases      ] GC(642) Phase 1: Mark live objects 8.530ms
[26.365s][info][gc,phases,start] GC(642) Phase 2: Compute new object addresses
[26.369s][info][gc,phases      ] GC(642) Phase 2: Compute new object addresses 4.304ms
[26.369s][info][gc,phases,start] GC(642) Phase 3: Adjust pointers
[26.375s][info][gc,phases      ] GC(642) Phase 3: Adjust pointers 5.622ms
[26.375s][info][gc,phases,start] GC(642) Phase 4: Move objects
[26.383s][info][gc,phases      ] GC(642) Phase 4: Move objects 7.812ms
[26.383s][info][gc,heap        ] GC(642) DefNew: 157248K(157248K)->9775K(157248K) Eden: 139776K(139776K)->9775K(139776K) From: 17472K(17472K)->0K(17472K)
[26.383s][info][gc,heap        ] GC(642) Tenured: 349568K(349568K)->349329K(349568K)
[26.383s][info][gc,metaspace   ] GC(642) Metaspace: 30954K(31296K)->30954K(31296K) NonClass: 27675K(27840K)->27675K(27840K) Class: 3278K(3456K)->3278K(3456K)
[26.383s][info][gc             ] GC(642) Pause Full (Allocation Failure) 494M->350M(494M) 26.646ms
[26.383s][info][gc,cpu         ] GC(642) User=0.03s Sys=0.00s Real=0.02s
[26.396s][info][gc,start       ] GC(643) Pause Full (Allocation Failure)
[26.396s][info][gc,phases,start] GC(643) Phase 1: Mark live objects
[26.406s][info][gc,phases      ] GC(643) Phase 1: Mark live objects 10.432ms
[26.406s][info][gc,phases,start] GC(643) Phase 2: Compute new object addresses
[26.411s][info][gc,phases      ] GC(643) Phase 2: Compute new object addresses 4.503ms
[26.411s][info][gc,phases,start] GC(643) Phase 3: Adjust pointers
[26.417s][info][gc,phases      ] GC(643) Phase 3: Adjust pointers 5.768ms
[26.417s][info][gc,phases,start] GC(643) Phase 4: Move objects
[26.420s][info][gc,phases      ] GC(643) Phase 4: Move objects 3.286ms
[26.420s][info][gc,heap        ] GC(643) DefNew: 156794K(157248K)->25604K(157248K) Eden: 139776K(139776K)->25604K(139776K) From: 17018K(17472K)->0K(17472K)
[26.420s][info][gc,heap        ] GC(643) Tenured: 349329K(349568K)->349315K(349568K)
[26.420s][info][gc,metaspace   ] GC(643) Metaspace: 30954K(31296K)->30954K(31296K) NonClass: 27675K(27840K)->27675K(27840K) Class: 3278K(3456K)->3278K(3456K)
[26.420s][info][gc             ] GC(643) Pause Full (Allocation Failure) 494M->366M(494M) 24.483ms
[26.420s][info][gc,cpu         ] GC(643) User=0.02s Sys=0.00s Real=0.02s
[26.431s][info][gc,start       ] GC(644) Pause Full (Allocation Failure)
[26.431s][info][gc,phases,start] GC(644) Phase 1: Mark live objects
[26.439s][info][gc,phases      ] GC(644) Phase 1: Mark live objects 8.524ms
[26.439s][info][gc,phases,start] GC(644) Phase 2: Compute new object addresses
[26.444s][info][gc,phases      ] GC(644) Phase 2: Compute new object addresses 4.782ms
[26.444s][info][gc,phases,start] GC(644) Phase 3: Adjust pointers
[26.450s][info][gc,phases      ] GC(644) Phase 3: Adjust pointers 5.936ms
[26.450s][info][gc,phases,start] GC(644) Phase 4: Move objects
[26.457s][info][gc,phases      ] GC(644) Phase 4: Move objects 6.532ms
[26.457s][info][gc,heap        ] GC(644) DefNew: 156490K(157248K)->23810K(157248K) Eden: 139776K(139776K)->23810K(139776K) From: 16714K(17472K)->0K(17472K)
[26.457s][info][gc,heap        ] GC(644) Tenured: 349315K(349568K)->349566K(349568K)
[26.457s][info][gc,metaspace   ] GC(644) Metaspace: 30954K(31296K)->30954K(31296K) NonClass: 27675K(27840K)->27675K(27840K) Class: 3278K(3456K)->3278K(3456K)
[26.457s][info][gc             ] GC(644) Pause Full (Allocation Failure) 493M->364M(494M) 26.195ms
[26.457s][info][gc,cpu         ] GC(644) User=0.03s Sys=0.00s Real=0.03s
[26.471s][info][gc,start       ] GC(645) Pause Full (Allocation Failure)
[26.471s][info][gc,phases,start] GC(645) Phase 1: Mark live objects
[26.479s][info][gc,phases      ] GC(645) Phase 1: Mark live objects 8.412ms
[26.479s][info][gc,phases,start] GC(645) Phase 2: Compute new object addresses
[26.483s][info][gc,phases      ] GC(645) Phase 2: Compute new object addresses 4.242ms
[26.483s][info][gc,phases,start] GC(645) Phase 3: Adjust pointers
[26.489s][info][gc,phases      ] GC(645) Phase 3: Adjust pointers 5.291ms
[26.489s][info][gc,phases,start] GC(645) Phase 4: Move objects
[26.496s][info][gc,phases      ] GC(645) Phase 4: Move objects 7.474ms
[26.496s][info][gc,heap        ] GC(645) DefNew: 156751K(157248K)->20410K(157248K) Eden: 139776K(139776K)->20410K(139776K) From: 16975K(17472K)->0K(17472K)
[26.496s][info][gc,heap        ] GC(645) Tenured: 349566K(349568K)->349317K(349568K)
[26.496s][info][gc,metaspace   ] GC(645) Metaspace: 30954K(31296K)->30954K(31296K) NonClass: 27675K(27840K)->27675K(27840K) Class: 3278K(3456K)->3278K(3456K)
[26.496s][info][gc             ] GC(645) Pause Full (Allocation Failure) 494M->361M(494M) 25.814ms
[26.496s][info][gc,cpu         ] GC(645) User=0.03s Sys=0.00s Real=0.03s
[26.505s][info][gc,start       ] GC(646) Pause Full (Allocation Failure)
[26.505s][info][gc,phases,start] GC(646) Phase 1: Mark live objects
[26.514s][info][gc,phases      ] GC(646) Phase 1: Mark live objects 8.534ms
[26.514s][info][gc,phases,start] GC(646) Phase 2: Compute new object addresses
[26.518s][info][gc,phases      ] GC(646) Phase 2: Compute new object addresses 4.184ms
[26.518s][info][gc,phases,start] GC(646) Phase 3: Adjust pointers
[26.524s][info][gc,phases      ] GC(646) Phase 3: Adjust pointers 5.657ms
[26.524s][info][gc,phases,start] GC(646) Phase 4: Move objects
[26.531s][info][gc,phases      ] GC(646) Phase 4: Move objects 7.024ms
[26.531s][info][gc,heap        ] GC(646) DefNew: 157165K(157248K)->5146K(157248K) Eden: 139776K(139776K)->5146K(139776K) From: 17389K(17472K)->0K(17472K)
[26.531s][info][gc,heap        ] GC(646) Tenured: 349317K(349568K)->349331K(349568K)
[26.531s][info][gc,metaspace   ] GC(646) Metaspace: 30954K(31296K)->30954K(31296K) NonClass: 27675K(27840K)->27675K(27840K) Class: 3278K(3456K)->3278K(3456K)
[26.531s][info][gc             ] GC(646) Pause Full (Allocation Failure) 494M->346M(494M) 25.822ms
[26.531s][info][gc,cpu         ] GC(646) User=0.02s Sys=0.00s Real=0.02s
[26.542s][info][gc,start       ] GC(647) Pause Full (Allocation Failure)
[26.542s][info][gc,phases,start] GC(647) Phase 1: Mark live objects
[26.550s][info][gc,phases      ] GC(647) Phase 1: Mark live objects 8.172ms
[26.550s][info][gc,phases,start] GC(647) Phase 2: Compute new object addresses
[26.555s][info][gc,phases      ] GC(647) Phase 2: Compute new object addresses 4.630ms
[26.555s][info][gc,phases,start] GC(647) Phase 3: Adjust pointers
[26.560s][info][gc,phases      ] GC(647) Phase 3: Adjust pointers 5.741ms
[26.560s][info][gc,phases,start] GC(647) Phase 4: Move objects
[26.564s][info][gc,phases      ] GC(647) Phase 4: Move objects 3.500ms
[26.564s][info][gc,heap        ] GC(647) DefNew: 156243K(157248K)->19559K(157248K) Eden: 139776K(139776K)->19559K(139776K) From: 16467K(17472K)->0K(17472K)
[26.564s][info][gc,heap        ] GC(647) Tenured: 349331K(349568K)->349445K(349568K)
[26.564s][info][gc,metaspace   ] GC(647) Metaspace: 30954K(31296K)->30954K(31296K) NonClass: 27675K(27840K)->27675K(27840K) Class: 3278K(3456K)->3278K(3456K)
[26.564s][info][gc             ] GC(647) Pause Full (Allocation Failure) 493M->360M(494M) 22.436ms
[26.564s][info][gc,cpu         ] GC(647) User=0.02s Sys=0.00s Real=0.03s
[26.572s][info][gc,start       ] GC(648) Pause Full (Allocation Failure)
[26.572s][info][gc,phases,start] GC(648) Phase 1: Mark live objects
[26.580s][info][gc,phases      ] GC(648) Phase 1: Mark live objects 8.303ms
[26.580s][info][gc,phases,start] GC(648) Phase 2: Compute new object addresses
[26.584s][info][gc,phases      ] GC(648) Phase 2: Compute new object addresses 4.141ms
[26.584s][info][gc,phases,start] GC(648) Phase 3: Adjust pointers
[26.590s][info][gc,phases      ] GC(648) Phase 3: Adjust pointers 5.473ms
[26.590s][info][gc,phases,start] GC(648) Phase 4: Move objects
[26.595s][info][gc,phases      ] GC(648) Phase 4: Move objects 5.567ms
[26.595s][info][gc,heap        ] GC(648) DefNew: 157068K(157248K)->26267K(157248K) Eden: 139776K(139776K)->26267K(139776K) From: 17292K(17472K)->0K(17472K)
[26.595s][info][gc,heap        ] GC(648) Tenured: 349445K(349568K)->349438K(349568K)
[26.595s][info][gc,metaspace   ] GC(648) Metaspace: 30954K(31296K)->30954K(31296K) NonClass: 27675K(27840K)->27675K(27840K) Class: 3278K(3456K)->3278K(3456K)
[26.596s][info][gc             ] GC(648) Pause Full (Allocation Failure) 494M->366M(494M) 23.880ms
[26.596s][info][gc,cpu         ] GC(648) User=0.03s Sys=0.00s Real=0.02s
[26.605s][info][gc,start       ] GC(649) Pause Full (Allocation Failure)
[26.605s][info][gc,phases,start] GC(649) Phase 1: Mark live objects
[26.613s][info][gc,phases      ] GC(649) Phase 1: Mark live objects 8.017ms
[26.613s][info][gc,phases,start] GC(649) Phase 2: Compute new object addresses
[26.617s][info][gc,phases      ] GC(649) Phase 2: Compute new object addresses 4.063ms
[26.617s][info][gc,phases,start] GC(649) Phase 3: Adjust pointers
[26.622s][info][gc,phases      ] GC(649) Phase 3: Adjust pointers 5.220ms
[26.622s][info][gc,phases,start] GC(649) Phase 4: Move objects
[26.629s][info][gc,phases      ] GC(649) Phase 4: Move objects 6.844ms
[26.629s][info][gc,heap        ] GC(649) DefNew: 157246K(157248K)->25205K(157248K) Eden: 139776K(139776K)->25205K(139776K) From: 17470K(17472K)->0K(17472K)
[26.629s][info][gc,heap        ] GC(649) Tenured: 349438K(349568K)->349312K(349568K)
[26.629s][info][gc,metaspace   ] GC(649) Metaspace: 30954K(31296K)->30954K(31296K) NonClass: 27675K(27840K)->27675K(27840K) Class: 3278K(3456K)->3278K(3456K)
[26.629s][info][gc             ] GC(649) Pause Full (Allocation Failure) 494M->365M(494M) 24.546ms
[26.629s][info][gc,cpu         ] GC(649) User=0.02s Sys=0.00s Real=0.02s
[26.638s][info][gc,start       ] GC(650) Pause Full (Allocation Failure)
[26.638s][info][gc,phases,start] GC(650) Phase 1: Mark live objects
[26.647s][info][gc,phases      ] GC(650) Phase 1: Mark live objects 8.249ms
[26.647s][info][gc,phases,start] GC(650) Phase 2: Compute new object addresses
[26.651s][info][gc,phases      ] GC(650) Phase 2: Compute new object addresses 4.672ms
[26.651s][info][gc,phases,start] GC(650) Phase 3: Adjust pointers
[26.658s][info][gc,phases      ] GC(650) Phase 3: Adjust pointers 6.106ms
[26.658s][info][gc,phases,start] GC(650) Phase 4: Move objects
[26.665s][info][gc,phases      ] GC(650) Phase 4: Move objects 7.494ms
[26.665s][info][gc,heap        ] GC(650) DefNew: 157225K(157248K)->6954K(157248K) Eden: 139776K(139776K)->6954K(139776K) From: 17449K(17472K)->0K(17472K)
[26.665s][info][gc,heap        ] GC(650) Tenured: 349312K(349568K)->349397K(349568K)
[26.665s][info][gc,metaspace   ] GC(650) Metaspace: 30954K(31296K)->30954K(31296K) NonClass: 27675K(27840K)->27675K(27840K) Class: 3278K(3456K)->3278K(3456K)
[26.665s][info][gc             ] GC(650) Pause Full (Allocation Failure) 494M->347M(494M) 26.905ms
[26.665s][info][gc,cpu         ] GC(650) User=0.03s Sys=0.00s Real=0.03s
[26.676s][info][gc,start       ] GC(651) Pause Full (Allocation Failure)
[26.676s][info][gc,phases,start] GC(651) Phase 1: Mark live objects
[26.685s][info][gc,phases      ] GC(651) Phase 1: Mark live objects 9.113ms
[26.685s][info][gc,phases,start] GC(651) Phase 2: Compute new object addresses
[26.690s][info][gc,phases      ] GC(651) Phase 2: Compute new object addresses 4.720ms
[26.690s][info][gc,phases,start] GC(651) Phase 3: Adjust pointers
[26.696s][info][gc,phases      ] GC(651) Phase 3: Adjust pointers 6.150ms
[26.696s][info][gc,phases,start] GC(651) Phase 4: Move objects
[26.699s][info][gc,phases      ] GC(651) Phase 4: Move objects 3.048ms
[26.699s][info][gc,heap        ] GC(651) DefNew: 156520K(157248K)->25979K(157248K) Eden: 139776K(139776K)->25979K(139776K) From: 16744K(17472K)->0K(17472K)
[26.699s][info][gc,heap        ] GC(651) Tenured: 349397K(349568K)->349314K(349568K)
[26.699s][info][gc,metaspace   ] GC(651) Metaspace: 30954K(31296K)->30954K(31296K) NonClass: 27675K(27840K)->27675K(27840K) Class: 3278K(3456K)->3278K(3456K)
[26.699s][info][gc             ] GC(651) Pause Full (Allocation Failure) 494M->366M(494M) 23.447ms
[26.699s][info][gc,cpu         ] GC(651) User=0.02s Sys=0.00s Real=0.02s
[26.712s][info][gc,start       ] GC(652) Pause Full (Allocation Failure)
[26.712s][info][gc,phases,start] GC(652) Phase 1: Mark live objects
[26.720s][info][gc,phases      ] GC(652) Phase 1: Mark live objects 8.496ms
[26.720s][info][gc,phases,start] GC(652) Phase 2: Compute new object addresses
[26.725s][info][gc,phases      ] GC(652) Phase 2: Compute new object addresses 4.645ms
[26.725s][info][gc,phases,start] GC(652) Phase 3: Adjust pointers
[26.731s][info][gc,phases      ] GC(652) Phase 3: Adjust pointers 5.997ms
[26.731s][info][gc,phases,start] GC(652) Phase 4: Move objects
[26.736s][info][gc,phases      ] GC(652) Phase 4: Move objects 5.284ms
[26.737s][info][gc,heap        ] GC(652) DefNew: 157007K(157248K)->25302K(157248K) Eden: 139776K(139776K)->25302K(139776K) From: 17231K(17472K)->0K(17472K)
[26.737s][info][gc,heap        ] GC(652) Tenured: 349314K(349568K)->349564K(349568K)
[26.737s][info][gc,metaspace   ] GC(652) Metaspace: 30954K(31296K)->30954K(31296K) NonClass: 27675K(27840K)->27675K(27840K) Class: 3278K(3456K)->3278K(3456K)
[26.737s][info][gc             ] GC(652) Pause Full (Allocation Failure) 494M->366M(494M) 24.828ms
[26.737s][info][gc,cpu         ] GC(652) User=0.02s Sys=0.00s Real=0.03s
[26.749s][info][gc,start       ] GC(653) Pause Full (Allocation Failure)
[26.749s][info][gc,phases,start] GC(653) Phase 1: Mark live objects
[26.758s][info][gc,phases      ] GC(653) Phase 1: Mark live objects 8.470ms
[26.758s][info][gc,phases,start] GC(653) Phase 2: Compute new object addresses
[26.762s][info][gc,phases      ] GC(653) Phase 2: Compute new object addresses 4.145ms
[26.762s][info][gc,phases,start] GC(653) Phase 3: Adjust pointers
[26.767s][info][gc,phases      ] GC(653) Phase 3: Adjust pointers 5.662ms
[26.767s][info][gc,phases,start] GC(653) Phase 4: Move objects
[26.774s][info][gc,phases      ] GC(653) Phase 4: Move objects 6.637ms
[26.774s][info][gc,heap        ] GC(653) DefNew: 156418K(157248K)->21110K(157248K) Eden: 139776K(139776K)->21110K(139776K) From: 16642K(17472K)->0K(17472K)
[26.774s][info][gc,heap        ] GC(653) Tenured: 349564K(349568K)->349314K(349568K)
[26.774s][info][gc,metaspace   ] GC(653) Metaspace: 30954K(31296K)->30954K(31296K) NonClass: 27675K(27840K)->27675K(27840K) Class: 3278K(3456K)->3278K(3456K)
[26.774s][info][gc             ] GC(653) Pause Full (Allocation Failure) 494M->361M(494M) 25.346ms
[26.774s][info][gc,cpu         ] GC(653) User=0.03s Sys=0.00s Real=0.02s
[26.785s][info][gc,start       ] GC(654) Pause Full (Allocation Failure)
[26.785s][info][gc,phases,start] GC(654) Phase 1: Mark live objects
[26.794s][info][gc,phases      ] GC(654) Phase 1: Mark live objects 8.540ms
[26.794s][info][gc,phases,start] GC(654) Phase 2: Compute new object addresses
[26.798s][info][gc,phases      ] GC(654) Phase 2: Compute new object addresses 4.671ms
[26.798s][info][gc,phases,start] GC(654) Phase 3: Adjust pointers
[26.805s][info][gc,phases      ] GC(654) Phase 3: Adjust pointers 6.416ms
[26.805s][info][gc,phases,start] GC(654) Phase 4: Move objects
[26.813s][info][gc,phases      ] GC(654) Phase 4: Move objects 7.916ms
[26.813s][info][gc,heap        ] GC(654) DefNew: 156386K(157248K)->5142K(157248K) Eden: 139775K(139776K)->5142K(139776K) From: 16610K(17472K)->0K(17472K)
[26.813s][info][gc,heap        ] GC(654) Tenured: 349314K(349568K)->349427K(349568K)
[26.813s][info][gc,metaspace   ] GC(654) Metaspace: 30954K(31296K)->30954K(31296K) NonClass: 27675K(27840K)->27675K(27840K) Class: 3278K(3456K)->3278K(3456K)
[26.813s][info][gc             ] GC(654) Pause Full (Allocation Failure) 493M->346M(494M) 27.953ms
[26.813s][info][gc,cpu         ] GC(654) User=0.03s Sys=0.00s Real=0.02s
[26.822s][info][gc,start       ] GC(655) Pause Full (Allocation Failure)
[26.822s][info][gc,phases,start] GC(655) Phase 1: Mark live objects
[26.832s][info][gc,phases      ] GC(655) Phase 1: Mark live objects 9.482ms
[26.832s][info][gc,phases,start] GC(655) Phase 2: Compute new object addresses
[26.837s][info][gc,phases      ] GC(655) Phase 2: Compute new object addresses 4.756ms
[26.837s][info][gc,phases,start] GC(655) Phase 3: Adjust pointers
[26.843s][info][gc,phases      ] GC(655) Phase 3: Adjust pointers 6.651ms
[26.843s][info][gc,phases,start] GC(655) Phase 4: Move objects
[26.848s][info][gc,phases      ] GC(655) Phase 4: Move objects 4.240ms
[26.848s][info][gc,heap        ] GC(655) DefNew: 157180K(157248K)->35962K(157248K) Eden: 139776K(139776K)->35962K(139776K) From: 17404K(17472K)->0K(17472K)
[26.848s][info][gc,heap        ] GC(655) Tenured: 349427K(349568K)->348876K(349568K)
[26.848s][info][gc,metaspace   ] GC(655) Metaspace: 30954K(31296K)->30954K(31296K) NonClass: 27675K(27840K)->27675K(27840K) Class: 3278K(3456K)->3278K(3456K)
[26.848s][info][gc             ] GC(655) Pause Full (Allocation Failure) 494M->375M(494M) 25.649ms
[26.848s][info][gc,cpu         ] GC(655) User=0.02s Sys=0.00s Real=0.03s
[26.859s][info][gc,start       ] GC(656) Pause Full (Allocation Failure)
[26.859s][info][gc,phases,start] GC(656) Phase 1: Mark live objects
[26.868s][info][gc,phases      ] GC(656) Phase 1: Mark live objects 9.840ms
[26.869s][info][gc,phases,start] GC(656) Phase 2: Compute new object addresses
[26.873s][info][gc,phases      ] GC(656) Phase 2: Compute new object addresses 4.246ms
[26.873s][info][gc,phases,start] GC(656) Phase 3: Adjust pointers
[26.879s][info][gc,phases      ] GC(656) Phase 3: Adjust pointers 5.858ms
[26.879s][info][gc,phases,start] GC(656) Phase 4: Move objects
[26.885s][info][gc,phases      ] GC(656) Phase 4: Move objects 6.445ms
[26.885s][info][gc,heap        ] GC(656) DefNew: 156628K(157248K)->31470K(157248K) Eden: 139776K(139776K)->31470K(139776K) From: 16852K(17472K)->0K(17472K)
[26.885s][info][gc,heap        ] GC(656) Tenured: 348876K(349568K)->349527K(349568K)
[26.885s][info][gc,metaspace   ] GC(656) Metaspace: 30954K(31296K)->30954K(31296K) NonClass: 27675K(27840K)->27675K(27840K) Class: 3278K(3456K)->3278K(3456K)
[26.885s][info][gc             ] GC(656) Pause Full (Allocation Failure) 493M->372M(494M) 26.854ms
[26.885s][info][gc,cpu         ] GC(656) User=0.03s Sys=0.00s Real=0.03s
[26.895s][info][gc,start       ] GC(657) Pause Full (Allocation Failure)
[26.895s][info][gc,phases,start] GC(657) Phase 1: Mark live objects
[26.904s][info][gc,phases      ] GC(657) Phase 1: Mark live objects 9.092ms
[26.904s][info][gc,phases,start] GC(657) Phase 2: Compute new object addresses
[26.909s][info][gc,phases      ] GC(657) Phase 2: Compute new object addresses 4.978ms
[26.909s][info][gc,phases,start] GC(657) Phase 3: Adjust pointers
[26.915s][info][gc,phases      ] GC(657) Phase 3: Adjust pointers 6.443ms
[26.916s][info][gc,phases,start] GC(657) Phase 4: Move objects
[26.926s][info][gc,phases      ] GC(657) Phase 4: Move objects 10.296ms
[26.926s][info][gc,heap        ] GC(657) DefNew: 157062K(157248K)->25230K(157248K) Eden: 139776K(139776K)->25230K(139776K) From: 17286K(17472K)->0K(17472K)
[26.926s][info][gc,heap        ] GC(657) Tenured: 349527K(349568K)->349356K(349568K)
[26.926s][info][gc,metaspace   ] GC(657) Metaspace: 30954K(31296K)->30954K(31296K) NonClass: 27675K(27840K)->27675K(27840K) Class: 3278K(3456K)->3278K(3456K)
[26.926s][info][gc             ] GC(657) Pause Full (Allocation Failure) 494M->365M(494M) 31.299ms
[26.926s][info][gc,cpu         ] GC(657) User=0.03s Sys=0.00s Real=0.04s
[26.937s][info][gc,start       ] GC(658) Pause Full (Allocation Failure)
[26.937s][info][gc,phases,start] GC(658) Phase 1: Mark live objects
[26.948s][info][gc,phases      ] GC(658) Phase 1: Mark live objects 10.796ms
[26.948s][info][gc,phases,start] GC(658) Phase 2: Compute new object addresses
[26.952s][info][gc,phases      ] GC(658) Phase 2: Compute new object addresses 4.674ms
[26.952s][info][gc,phases,start] GC(658) Phase 3: Adjust pointers
[26.959s][info][gc,phases      ] GC(658) Phase 3: Adjust pointers 6.491ms
[26.959s][info][gc,phases,start] GC(658) Phase 4: Move objects
[26.997s][info][gc,phases      ] GC(658) Phase 4: Move objects 38.120ms
[26.997s][info][gc,heap        ] GC(658) DefNew: 156781K(157248K)->12867K(157248K) Eden: 139776K(139776K)->12867K(139776K) From: 17005K(17472K)->0K(17472K)
[26.997s][info][gc,heap        ] GC(658) Tenured: 349356K(349568K)->349558K(349568K)
[26.997s][info][gc,metaspace   ] GC(658) Metaspace: 30954K(31296K)->30954K(31296K) NonClass: 27675K(27840K)->27675K(27840K) Class: 3278K(3456K)->3278K(3456K)
[26.997s][info][gc             ] GC(658) Pause Full (Allocation Failure) 494M->353M(494M) 60.674ms
[26.997s][info][gc,cpu         ] GC(658) User=0.06s Sys=0.00s Real=0.06s
[27.008s][info][gc,start       ] GC(659) Pause Full (Allocation Failure)
[27.008s][info][gc,phases,start] GC(659) Phase 1: Mark live objects
[27.017s][info][gc,phases      ] GC(659) Phase 1: Mark live objects 9.279ms
[27.017s][info][gc,phases,start] GC(659) Phase 2: Compute new object addresses
[27.023s][info][gc,phases      ] GC(659) Phase 2: Compute new object addresses 5.531ms
[27.023s][info][gc,phases,start] GC(659) Phase 3: Adjust pointers
[27.030s][info][gc,phases      ] GC(659) Phase 3: Adjust pointers 7.444ms
[27.030s][info][gc,phases,start] GC(659) Phase 4: Move objects
[27.034s][info][gc,phases      ] GC(659) Phase 4: Move objects 3.635ms
[27.034s][info][gc,heap        ] GC(659) DefNew: 156751K(157248K)->29712K(157248K) Eden: 139776K(139776K)->29712K(139776K) From: 16975K(17472K)->0K(17472K)
[27.034s][info][gc,heap        ] GC(659) Tenured: 349558K(349568K)->349557K(349568K)
[27.034s][info][gc,metaspace   ] GC(659) Metaspace: 30954K(31296K)->30954K(31296K) NonClass: 27675K(27840K)->27675K(27840K) Class: 3278K(3456K)->3278K(3456K)
[27.034s][info][gc             ] GC(659) Pause Full (Allocation Failure) 494M->370M(494M) 26.412ms
[27.034s][info][gc,cpu         ] GC(659) User=0.03s Sys=0.00s Real=0.02s
[27.050s][info][gc,start       ] GC(660) Pause Full (Allocation Failure)
[27.050s][info][gc,phases,start] GC(660) Phase 1: Mark live objects
[27.059s][info][gc,phases      ] GC(660) Phase 1: Mark live objects 9.149ms
[27.059s][info][gc,phases,start] GC(660) Phase 2: Compute new object addresses
[27.064s][info][gc,phases      ] GC(660) Phase 2: Compute new object addresses 4.465ms
[27.064s][info][gc,phases,start] GC(660) Phase 3: Adjust pointers
[27.070s][info][gc,phases      ] GC(660) Phase 3: Adjust pointers 6.170ms
[27.070s][info][gc,phases,start] GC(660) Phase 4: Move objects
[27.078s][info][gc,phases      ] GC(660) Phase 4: Move objects 7.471ms
[27.078s][info][gc,heap        ] GC(660) DefNew: 157130K(157248K)->26493K(157248K) Eden: 139776K(139776K)->26493K(139776K) From: 17354K(17472K)->0K(17472K)
[27.078s][info][gc,heap        ] GC(660) Tenured: 349557K(349568K)->349311K(349568K)
[27.078s][info][gc,metaspace   ] GC(660) Metaspace: 30954K(31296K)->30954K(31296K) NonClass: 27675K(27840K)->27675K(27840K) Class: 3278K(3456K)->3278K(3456K)
[27.078s][info][gc             ] GC(660) Pause Full (Allocation Failure) 494M->366M(494M) 27.748ms
[27.078s][info][gc,cpu         ] GC(660) User=0.03s Sys=0.00s Real=0.03s
[27.089s][info][gc,start       ] GC(661) Pause Full (Allocation Failure)
[27.089s][info][gc,phases,start] GC(661) Phase 1: Mark live objects
[27.099s][info][gc,phases      ] GC(661) Phase 1: Mark live objects 10.226ms
[27.099s][info][gc,phases,start] GC(661) Phase 2: Compute new object addresses
[27.105s][info][gc,phases      ] GC(661) Phase 2: Compute new object addresses 5.787ms
[27.105s][info][gc,phases,start] GC(661) Phase 3: Adjust pointers
[27.112s][info][gc,phases      ] GC(661) Phase 3: Adjust pointers 7.341ms
[27.112s][info][gc,phases,start] GC(661) Phase 4: Move objects
[27.121s][info][gc,phases      ] GC(661) Phase 4: Move objects 8.816ms
[27.121s][info][gc,heap        ] GC(661) DefNew: 156237K(157248K)->6444K(157248K) Eden: 139776K(139776K)->6444K(139776K) From: 16461K(17472K)->0K(17472K)
[27.121s][info][gc,heap        ] GC(661) Tenured: 349311K(349568K)->349386K(349568K)
[27.121s][info][gc,metaspace   ] GC(661) Metaspace: 30954K(31296K)->30954K(31296K) NonClass: 27675K(27840K)->27675K(27840K) Class: 3278K(3456K)->3278K(3456K)
[27.121s][info][gc             ] GC(661) Pause Full (Allocation Failure) 493M->347M(494M) 32.717ms
[27.121s][info][gc,cpu         ] GC(661) User=0.03s Sys=0.00s Real=0.03s
[27.132s][info][gc,start       ] GC(662) Pause Full (Allocation Failure)
[27.132s][info][gc,phases,start] GC(662) Phase 1: Mark live objects
[27.141s][info][gc,phases      ] GC(662) Phase 1: Mark live objects 9.756ms
[27.142s][info][gc,phases,start] GC(662) Phase 2: Compute new object addresses
[27.146s][info][gc,phases      ] GC(662) Phase 2: Compute new object addresses 4.781ms
[27.146s][info][gc,phases,start] GC(662) Phase 3: Adjust pointers
[27.154s][info][gc,phases      ] GC(662) Phase 3: Adjust pointers 7.190ms
[27.154s][info][gc,phases,start] GC(662) Phase 4: Move objects
[27.161s][info][gc,phases      ] GC(662) Phase 4: Move objects 7.407ms
[27.161s][info][gc,heap        ] GC(662) DefNew: 156700K(157248K)->9891K(157248K) Eden: 139776K(139776K)->9891K(139776K) From: 16924K(17472K)->0K(17472K)
[27.161s][info][gc,heap        ] GC(662) Tenured: 349386K(349568K)->349559K(349568K)
[27.161s][info][gc,metaspace   ] GC(662) Metaspace: 30954K(31296K)->30954K(31296K) NonClass: 27675K(27840K)->27675K(27840K) Class: 3278K(3456K)->3278K(3456K)
[27.161s][info][gc             ] GC(662) Pause Full (Allocation Failure) 494M->351M(494M) 29.643ms
[27.161s][info][gc,cpu         ] GC(662) User=0.03s Sys=0.00s Real=0.03s
[27.169s][info][gc,start       ] GC(663) Pause Full (Allocation Failure)
[27.169s][info][gc,phases,start] GC(663) Phase 1: Mark live objects
[27.178s][info][gc,phases      ] GC(663) Phase 1: Mark live objects 8.659ms
[27.178s][info][gc,phases,start] GC(663) Phase 2: Compute new object addresses
[27.183s][info][gc,phases      ] GC(663) Phase 2: Compute new object addresses 4.495ms
[27.183s][info][gc,phases,start] GC(663) Phase 3: Adjust pointers
[27.188s][info][gc,phases      ] GC(663) Phase 3: Adjust pointers 5.750ms
[27.189s][info][gc,phases,start] GC(663) Phase 4: Move objects
[27.192s][info][gc,phases      ] GC(663) Phase 4: Move objects 3.450ms
[27.192s][info][gc,heap        ] GC(663) DefNew: 157008K(157248K)->32028K(157248K) Eden: 139776K(139776K)->32028K(139776K) From: 17232K(17472K)->0K(17472K)
[27.192s][info][gc,heap        ] GC(663) Tenured: 349559K(349568K)->349545K(349568K)
[27.192s][info][gc,metaspace   ] GC(663) Metaspace: 30954K(31296K)->30954K(31296K) NonClass: 27675K(27840K)->27675K(27840K) Class: 3278K(3456K)->3278K(3456K)
[27.192s][info][gc             ] GC(663) Pause Full (Allocation Failure) 494M->372M(494M) 22.774ms
[27.192s][info][gc,cpu         ] GC(663) User=0.02s Sys=0.00s Real=0.02s
[27.203s][info][gc,start       ] GC(664) Pause Full (Allocation Failure)
[27.203s][info][gc,phases,start] GC(664) Phase 1: Mark live objects
[27.214s][info][gc,phases      ] GC(664) Phase 1: Mark live objects 10.895ms
[27.214s][info][gc,phases,start] GC(664) Phase 2: Compute new object addresses
[27.219s][info][gc,phases      ] GC(664) Phase 2: Compute new object addresses 4.568ms
[27.219s][info][gc,phases,start] GC(664) Phase 3: Adjust pointers
[27.226s][info][gc,phases      ] GC(664) Phase 3: Adjust pointers 7.606ms
[27.226s][info][gc,phases,start] GC(664) Phase 4: Move objects
[27.233s][info][gc,phases      ] GC(664) Phase 4: Move objects 6.266ms
[27.233s][info][gc,heap        ] GC(664) DefNew: 156929K(157248K)->28289K(157248K) Eden: 139776K(139776K)->28289K(139776K) From: 17153K(17472K)->0K(17472K)
[27.233s][info][gc,heap        ] GC(664) Tenured: 349545K(349568K)->349567K(349568K)
[27.233s][info][gc,metaspace   ] GC(664) Metaspace: 30954K(31296K)->30954K(31296K) NonClass: 27675K(27840K)->27675K(27840K) Class: 3278K(3456K)->3278K(3456K)
[27.233s][info][gc             ] GC(664) Pause Full (Allocation Failure) 494M->369M(494M) 29.821ms
[27.233s][info][gc,cpu         ] GC(664) User=0.03s Sys=0.00s Real=0.03s
[27.240s][info][gc,start       ] GC(665) Pause Full (Allocation Failure)
[27.240s][info][gc,phases,start] GC(665) Phase 1: Mark live objects
[27.250s][info][gc,phases      ] GC(665) Phase 1: Mark live objects 9.230ms
[27.250s][info][gc,phases,start] GC(665) Phase 2: Compute new object addresses
[27.254s][info][gc,phases      ] GC(665) Phase 2: Compute new object addresses 4.659ms
[27.254s][info][gc,phases,start] GC(665) Phase 3: Adjust pointers
[27.261s][info][gc,phases      ] GC(665) Phase 3: Adjust pointers 6.570ms
[27.261s][info][gc,phases,start] GC(665) Phase 4: Move objects
[27.269s][info][gc,phases      ] GC(665) Phase 4: Move objects 8.134ms
[27.269s][info][gc,heap        ] GC(665) DefNew: 156993K(157248K)->32230K(157248K) Eden: 139776K(139776K)->32230K(139776K) From: 17217K(17472K)->0K(17472K)
[27.269s][info][gc,heap        ] GC(665) Tenured: 349567K(349568K)->349538K(349568K)
[27.269s][info][gc,metaspace   ] GC(665) Metaspace: 30954K(31296K)->30954K(31296K) NonClass: 27675K(27840K)->27675K(27840K) Class: 3278K(3456K)->3278K(3456K)
[27.269s][info][gc             ] GC(665) Pause Full (Allocation Failure) 494M->372M(494M) 29.105ms
[27.269s][info][gc,cpu         ] GC(665) User=0.03s Sys=0.00s Real=0.03s
[27.280s][info][gc,start       ] GC(666) Pause Full (Allocation Failure)
[27.280s][info][gc,phases,start] GC(666) Phase 1: Mark live objects
[27.289s][info][gc,phases      ] GC(666) Phase 1: Mark live objects 8.912ms
[27.289s][info][gc,phases,start] GC(666) Phase 2: Compute new object addresses
[27.294s][info][gc,phases      ] GC(666) Phase 2: Compute new object addresses 4.504ms
[27.294s][info][gc,phases,start] GC(666) Phase 3: Adjust pointers
[27.300s][info][gc,phases      ] GC(666) Phase 3: Adjust pointers 6.252ms
[27.300s][info][gc,phases,start] GC(666) Phase 4: Move objects
[27.309s][info][gc,phases      ] GC(666) Phase 4: Move objects 9.233ms
[27.309s][info][gc,heap        ] GC(666) DefNew: 156611K(157248K)->5920K(157248K) Eden: 139776K(139776K)->5920K(139776K) From: 16835K(17472K)->0K(17472K)
[27.309s][info][gc,heap        ] GC(666) Tenured: 349538K(349568K)->349565K(349568K)
[27.309s][info][gc,metaspace   ] GC(666) Metaspace: 30954K(31296K)->30954K(31296K) NonClass: 27675K(27840K)->27675K(27840K) Class: 3278K(3456K)->3278K(3456K)
[27.309s][info][gc             ] GC(666) Pause Full (Allocation Failure) 494M->347M(494M) 29.326ms
[27.309s][info][gc,cpu         ] GC(666) User=0.03s Sys=0.00s Real=0.03s
[27.320s][info][gc,start       ] GC(667) Pause Full (Allocation Failure)
[27.320s][info][gc,phases,start] GC(667) Phase 1: Mark live objects
[27.329s][info][gc,phases      ] GC(667) Phase 1: Mark live objects 8.772ms
[27.329s][info][gc,phases,start] GC(667) Phase 2: Compute new object addresses
[27.334s][info][gc,phases      ] GC(667) Phase 2: Compute new object addresses 4.792ms
[27.334s][info][gc,phases,start] GC(667) Phase 3: Adjust pointers
[27.340s][info][gc,phases      ] GC(667) Phase 3: Adjust pointers 6.220ms
[27.340s][info][gc,phases,start] GC(667) Phase 4: Move objects
[27.343s][info][gc,phases      ] GC(667) Phase 4: Move objects 2.819ms
[27.343s][info][gc,heap        ] GC(667) DefNew: 157215K(157248K)->28420K(157248K) Eden: 139776K(139776K)->28420K(139776K) From: 17439K(17472K)->0K(17472K)
[27.343s][info][gc,heap        ] GC(667) Tenured: 349565K(349568K)->349562K(349568K)
[27.343s][info][gc,metaspace   ] GC(667) Metaspace: 30954K(31296K)->30954K(31296K) NonClass: 27675K(27840K)->27675K(27840K) Class: 3278K(3456K)->3278K(3456K)
[27.343s][info][gc             ] GC(667) Pause Full (Allocation Failure) 494M->369M(494M) 23.021ms
[27.343s][info][gc,cpu         ] GC(667) User=0.02s Sys=0.00s Real=0.02s
[27.355s][info][gc,start       ] GC(668) Pause Full (Allocation Failure)
[27.355s][info][gc,phases,start] GC(668) Phase 1: Mark live objects
[27.364s][info][gc,phases      ] GC(668) Phase 1: Mark live objects 8.906ms
[27.364s][info][gc,phases,start] GC(668) Phase 2: Compute new object addresses
[27.368s][info][gc,phases      ] GC(668) Phase 2: Compute new object addresses 4.345ms
[27.368s][info][gc,phases,start] GC(668) Phase 3: Adjust pointers
[27.374s][info][gc,phases      ] GC(668) Phase 3: Adjust pointers 5.608ms
[27.374s][info][gc,phases,start] GC(668) Phase 4: Move objects
[27.379s][info][gc,phases      ] GC(668) Phase 4: Move objects 5.781ms
[27.380s][info][gc,heap        ] GC(668) DefNew: 156357K(157248K)->29336K(157248K) Eden: 139776K(139776K)->29336K(139776K) From: 16581K(17472K)->0K(17472K)
[27.380s][info][gc,heap        ] GC(668) Tenured: 349562K(349568K)->349319K(349568K)
[27.380s][info][gc,metaspace   ] GC(668) Metaspace: 30954K(31296K)->30954K(31296K) NonClass: 27675K(27840K)->27675K(27840K) Class: 3278K(3456K)->3278K(3456K)
[27.380s][info][gc             ] GC(668) Pause Full (Allocation Failure) 494M->369M(494M) 25.070ms
[27.380s][info][gc,cpu         ] GC(668) User=0.02s Sys=0.00s Real=0.03s
[27.390s][info][gc,start       ] GC(669) Pause Full (Allocation Failure)
[27.390s][info][gc,phases,start] GC(669) Phase 1: Mark live objects
[27.401s][info][gc,phases      ] GC(669) Phase 1: Mark live objects 10.941ms
[27.401s][info][gc,phases,start] GC(669) Phase 2: Compute new object addresses
[27.407s][info][gc,phases      ] GC(669) Phase 2: Compute new object addresses 5.103ms
[27.407s][info][gc,phases,start] GC(669) Phase 3: Adjust pointers
[27.414s][info][gc,phases      ] GC(669) Phase 3: Adjust pointers 7.219ms
[27.414s][info][gc,phases,start] GC(669) Phase 4: Move objects
[27.421s][info][gc,phases      ] GC(669) Phase 4: Move objects 7.123ms
[27.421s][info][gc,heap        ] GC(669) DefNew: 157131K(157248K)->23510K(157248K) Eden: 139776K(139776K)->23510K(139776K) From: 17355K(17472K)->0K(17472K)
[27.421s][info][gc,heap        ] GC(669) Tenured: 349319K(349568K)->349527K(349568K)
[27.421s][info][gc,metaspace   ] GC(669) Metaspace: 30954K(31296K)->30954K(31296K) NonClass: 27675K(27840K)->27675K(27840K) Class: 3278K(3456K)->3278K(3456K)
[27.421s][info][gc             ] GC(669) Pause Full (Allocation Failure) 494M->364M(494M) 30.890ms
[27.421s][info][gc,cpu         ] GC(669) User=0.03s Sys=0.00s Real=0.03s
[27.432s][info][gc,start       ] GC(670) Pause Full (Allocation Failure)
[27.432s][info][gc,phases,start] GC(670) Phase 1: Mark live objects
[27.441s][info][gc,phases      ] GC(670) Phase 1: Mark live objects 8.639ms
[27.441s][info][gc,phases,start] GC(670) Phase 2: Compute new object addresses
[27.445s][info][gc,phases      ] GC(670) Phase 2: Compute new object addresses 4.324ms
[27.445s][info][gc,phases,start] GC(670) Phase 3: Adjust pointers
[27.451s][info][gc,phases      ] GC(670) Phase 3: Adjust pointers 5.472ms
[27.451s][info][gc,phases,start] GC(670) Phase 4: Move objects
[27.457s][info][gc,phases      ] GC(670) Phase 4: Move objects 6.872ms
[27.458s][info][gc,heap        ] GC(670) DefNew: 157236K(157248K)->7188K(157248K) Eden: 139776K(139776K)->7188K(139776K) From: 17460K(17472K)->0K(17472K)
[27.458s][info][gc,heap        ] GC(670) Tenured: 349527K(349568K)->349312K(349568K)
[27.458s][info][gc,metaspace   ] GC(670) Metaspace: 30954K(31296K)->30954K(31296K) NonClass: 27675K(27840K)->27675K(27840K) Class: 3278K(3456K)->3278K(3456K)
[27.458s][info][gc             ] GC(670) Pause Full (Allocation Failure) 494M->348M(494M) 25.728ms
[27.458s][info][gc,cpu         ] GC(670) User=0.03s Sys=0.00s Real=0.03s
[27.468s][info][gc,start       ] GC(671) Pause Full (Allocation Failure)
[27.468s][info][gc,phases,start] GC(671) Phase 1: Mark live objects
[27.477s][info][gc,phases      ] GC(671) Phase 1: Mark live objects 8.895ms
[27.477s][info][gc,phases,start] GC(671) Phase 2: Compute new object addresses
[27.483s][info][gc,phases      ] GC(671) Phase 2: Compute new object addresses 5.964ms
[27.483s][info][gc,phases,start] GC(671) Phase 3: Adjust pointers
[27.490s][info][gc,phases      ] GC(671) Phase 3: Adjust pointers 6.559ms
[27.490s][info][gc,phases,start] GC(671) Phase 4: Move objects
[27.493s][info][gc,phases      ] GC(671) Phase 4: Move objects 2.809ms
[27.493s][info][gc,heap        ] GC(671) DefNew: 157075K(157248K)->23522K(157248K) Eden: 139776K(139776K)->23522K(139776K) From: 17299K(17472K)->0K(17472K)
[27.493s][info][gc,heap        ] GC(671) Tenured: 349312K(349568K)->349557K(349568K)
[27.493s][info][gc,metaspace   ] GC(671) Metaspace: 30954K(31296K)->30954K(31296K) NonClass: 27675K(27840K)->27675K(27840K) Class: 3278K(3456K)->3278K(3456K)
[27.493s][info][gc             ] GC(671) Pause Full (Allocation Failure) 494M->364M(494M) 24.785ms
[27.493s][info][gc,cpu         ] GC(671) User=0.02s Sys=0.00s Real=0.02s
[27.500s][info][gc,start       ] GC(672) Pause Full (Allocation Failure)
[27.500s][info][gc,phases,start] GC(672) Phase 1: Mark live objects
[27.509s][info][gc,phases      ] GC(672) Phase 1: Mark live objects 8.825ms
[27.509s][info][gc,phases,start] GC(672) Phase 2: Compute new object addresses
[27.513s][info][gc,phases      ] GC(672) Phase 2: Compute new object addresses 4.363ms
[27.513s][info][gc,phases,start] GC(672) Phase 3: Adjust pointers
[27.519s][info][gc,phases      ] GC(672) Phase 3: Adjust pointers 6.128ms
[27.519s][info][gc,phases,start] GC(672) Phase 4: Move objects
[27.525s][info][gc,phases      ] GC(672) Phase 4: Move objects 6.044ms
[27.526s][info][gc,heap        ] GC(672) DefNew: 157234K(157248K)->28536K(157248K) Eden: 139776K(139776K)->28536K(139776K) From: 17458K(17472K)->0K(17472K)
[27.526s][info][gc,heap        ] GC(672) Tenured: 349557K(349568K)->349534K(349568K)
[27.526s][info][gc,metaspace   ] GC(672) Metaspace: 30954K(31296K)->30954K(31296K) NonClass: 27675K(27840K)->27675K(27840K) Class: 3278K(3456K)->3278K(3456K)
[27.526s][info][gc             ] GC(672) Pause Full (Allocation Failure) 494M->369M(494M) 25.925ms
[27.526s][info][gc,cpu         ] GC(672) User=0.02s Sys=0.00s Real=0.03s
[27.536s][info][gc,start       ] GC(673) Pause Full (Allocation Failure)
[27.536s][info][gc,phases,start] GC(673) Phase 1: Mark live objects
[27.546s][info][gc,phases      ] GC(673) Phase 1: Mark live objects 9.335ms
[27.546s][info][gc,phases,start] GC(673) Phase 2: Compute new object addresses
[27.550s][info][gc,phases      ] GC(673) Phase 2: Compute new object addresses 4.564ms
[27.550s][info][gc,phases,start] GC(673) Phase 3: Adjust pointers
[27.556s][info][gc,phases      ] GC(673) Phase 3: Adjust pointers 6.051ms
[27.556s][info][gc,phases,start] GC(673) Phase 4: Move objects
[27.563s][info][gc,phases      ] GC(673) Phase 4: Move objects 6.686ms
[27.563s][info][gc,heap        ] GC(673) DefNew: 156590K(157248K)->6970K(157248K) Eden: 139776K(139776K)->6970K(139776K) From: 16814K(17472K)->0K(17472K)
[27.563s][info][gc,heap        ] GC(673) Tenured: 349534K(349568K)->349385K(349568K)
[27.563s][info][gc,metaspace   ] GC(673) Metaspace: 30954K(31296K)->30954K(31296K) NonClass: 27675K(27840K)->27675K(27840K) Class: 3278K(3456K)->3278K(3456K)
[27.563s][info][gc             ] GC(673) Pause Full (Allocation Failure) 494M->348M(494M) 27.046ms
[27.563s][info][gc,cpu         ] GC(673) User=0.03s Sys=0.00s Real=0.02s
[27.573s][info][gc,start       ] GC(674) Pause Full (Allocation Failure)
[27.573s][info][gc,phases,start] GC(674) Phase 1: Mark live objects
[27.581s][info][gc,phases      ] GC(674) Phase 1: Mark live objects 8.100ms
[27.581s][info][gc,phases,start] GC(674) Phase 2: Compute new object addresses
[27.585s][info][gc,phases      ] GC(674) Phase 2: Compute new object addresses 4.283ms
[27.585s][info][gc,phases,start] GC(674) Phase 3: Adjust pointers
[27.591s][info][gc,phases      ] GC(674) Phase 3: Adjust pointers 5.739ms
[27.591s][info][gc,phases,start] GC(674) Phase 4: Move objects
[27.615s][info][gc,phases      ] GC(674) Phase 4: Move objects 23.511ms
[27.615s][info][gc,heap        ] GC(674) DefNew: 157114K(157248K)->18768K(157248K) Eden: 139776K(139776K)->18768K(139776K) From: 17338K(17472K)->0K(17472K)
[27.615s][info][gc,heap        ] GC(674) Tenured: 349385K(349568K)->349546K(349568K)
[27.615s][info][gc,metaspace   ] GC(674) Metaspace: 30954K(31296K)->30954K(31296K) NonClass: 27675K(27840K)->27675K(27840K) Class: 3278K(3456K)->3278K(3456K)
[27.615s][info][gc             ] GC(674) Pause Full (Allocation Failure) 494M->359M(494M) 42.091ms
[27.615s][info][gc,cpu         ] GC(674) User=0.04s Sys=0.00s Real=0.04s
[27.626s][info][gc,start       ] GC(675) Pause Full (Allocation Failure)
[27.626s][info][gc,phases,start] GC(675) Phase 1: Mark live objects
[27.635s][info][gc,phases      ] GC(675) Phase 1: Mark live objects 8.789ms
[27.635s][info][gc,phases,start] GC(675) Phase 2: Compute new object addresses
[27.639s][info][gc,phases      ] GC(675) Phase 2: Compute new object addresses 4.609ms
[27.639s][info][gc,phases,start] GC(675) Phase 3: Adjust pointers
[27.645s][info][gc,phases      ] GC(675) Phase 3: Adjust pointers 5.700ms
[27.645s][info][gc,phases,start] GC(675) Phase 4: Move objects
[27.648s][info][gc,phases      ] GC(675) Phase 4: Move objects 3.249ms
[27.648s][info][gc,heap        ] GC(675) DefNew: 156832K(157248K)->32257K(157248K) Eden: 139776K(139776K)->32257K(139776K) From: 17056K(17472K)->0K(17472K)
[27.648s][info][gc,heap        ] GC(675) Tenured: 349546K(349568K)->349531K(349568K)
[27.648s][info][gc,metaspace   ] GC(675) Metaspace: 30954K(31296K)->30954K(31296K) NonClass: 27675K(27840K)->27675K(27840K) Class: 3278K(3456K)->3278K(3456K)
[27.648s][info][gc             ] GC(675) Pause Full (Allocation Failure) 494M->372M(494M) 22.726ms
[27.649s][info][gc,cpu         ] GC(675) User=0.02s Sys=0.00s Real=0.02s
[27.655s][info][gc,start       ] GC(676) Pause Full (Allocation Failure)
[27.655s][info][gc,phases,start] GC(676) Phase 1: Mark live objects
[27.664s][info][gc,phases      ] GC(676) Phase 1: Mark live objects 8.959ms
[27.664s][info][gc,phases,start] GC(676) Phase 2: Compute new object addresses
[27.668s][info][gc,phases      ] GC(676) Phase 2: Compute new object addresses 4.079ms
[27.668s][info][gc,phases,start] GC(676) Phase 3: Adjust pointers
[27.674s][info][gc,phases      ] GC(676) Phase 3: Adjust pointers 5.866ms
[27.674s][info][gc,phases,start] GC(676) Phase 4: Move objects
[27.679s][info][gc,phases      ] GC(676) Phase 4: Move objects 4.813ms
[27.679s][info][gc,heap        ] GC(676) DefNew: 157011K(157248K)->38663K(157248K) Eden: 139776K(139776K)->38663K(139776K) From: 17235K(17472K)->0K(17472K)
[27.679s][info][gc,heap        ] GC(676) Tenured: 349531K(349568K)->349556K(349568K)
[27.679s][info][gc,metaspace   ] GC(676) Metaspace: 30954K(31296K)->30954K(31296K) NonClass: 27675K(27840K)->27675K(27840K) Class: 3278K(3456K)->3278K(3456K)
[27.679s][info][gc             ] GC(676) Pause Full (Allocation Failure) 494M->379M(494M) 24.127ms
[27.679s][info][gc,cpu         ] GC(676) User=0.02s Sys=0.00s Real=0.03s
[27.689s][info][gc,start       ] GC(677) Pause Full (Allocation Failure)
[27.689s][info][gc,phases,start] GC(677) Phase 1: Mark live objects
[27.698s][info][gc,phases      ] GC(677) Phase 1: Mark live objects 8.360ms
[27.698s][info][gc,phases,start] GC(677) Phase 2: Compute new object addresses
[27.702s][info][gc,phases      ] GC(677) Phase 2: Compute new object addresses 4.179ms
[27.702s][info][gc,phases,start] GC(677) Phase 3: Adjust pointers
[27.708s][info][gc,phases      ] GC(677) Phase 3: Adjust pointers 5.534ms
[27.708s][info][gc,phases,start] GC(677) Phase 4: Move objects
[27.714s][info][gc,phases      ] GC(677) Phase 4: Move objects 6.770ms
[27.715s][info][gc,heap        ] GC(677) DefNew: 156931K(157248K)->32778K(157248K) Eden: 139776K(139776K)->32778K(139776K) From: 17155K(17472K)->0K(17472K)
[27.715s][info][gc,heap        ] GC(677) Tenured: 349556K(349568K)->349501K(349568K)
[27.715s][info][gc,metaspace   ] GC(677) Metaspace: 30954K(31296K)->30954K(31296K) NonClass: 27675K(27840K)->27675K(27840K) Class: 3278K(3456K)->3278K(3456K)
[27.715s][info][gc             ] GC(677) Pause Full (Allocation Failure) 494M->373M(494M) 25.239ms
[27.715s][info][gc,cpu         ] GC(677) User=0.02s Sys=0.00s Real=0.02s
[27.726s][info][gc,start       ] GC(678) Pause Full (Allocation Failure)
[27.726s][info][gc,phases,start] GC(678) Phase 1: Mark live objects
[27.734s][info][gc,phases      ] GC(678) Phase 1: Mark live objects 7.953ms
[27.734s][info][gc,phases,start] GC(678) Phase 2: Compute new object addresses
[27.737s][info][gc,phases      ] GC(678) Phase 2: Compute new object addresses 3.863ms
[27.738s][info][gc,phases,start] GC(678) Phase 3: Adjust pointers
[27.745s][info][gc,phases      ] GC(678) Phase 3: Adjust pointers 6.970ms
[27.745s][info][gc,phases,start] GC(678) Phase 4: Move objects
[27.753s][info][gc,phases      ] GC(678) Phase 4: Move objects 8.325ms
[27.753s][info][gc,heap        ] GC(678) DefNew: 156940K(157248K)->14669K(157248K) Eden: 139776K(139776K)->14669K(139776K) From: 17164K(17472K)->0K(17472K)
[27.753s][info][gc,heap        ] GC(678) Tenured: 349501K(349568K)->349392K(349568K)
[27.753s][info][gc,metaspace   ] GC(678) Metaspace: 30954K(31296K)->30954K(31296K) NonClass: 27675K(27840K)->27675K(27840K) Class: 3278K(3456K)->3278K(3456K)
[27.753s][info][gc             ] GC(678) Pause Full (Allocation Failure) 494M->355M(494M) 27.594ms
[27.753s][info][gc,cpu         ] GC(678) User=0.02s Sys=0.00s Real=0.02s
[27.771s][info][gc,start       ] GC(679) Pause Full (Allocation Failure)
[27.771s][info][gc,phases,start] GC(679) Phase 1: Mark live objects
[27.780s][info][gc,phases      ] GC(679) Phase 1: Mark live objects 9.471ms
[27.780s][info][gc,phases,start] GC(679) Phase 2: Compute new object addresses
[27.785s][info][gc,phases      ] GC(679) Phase 2: Compute new object addresses 4.729ms
[27.785s][info][gc,phases,start] GC(679) Phase 3: Adjust pointers
[27.791s][info][gc,phases      ] GC(679) Phase 3: Adjust pointers 6.114ms
[27.791s][info][gc,phases,start] GC(679) Phase 4: Move objects
[27.795s][info][gc,phases      ] GC(679) Phase 4: Move objects 3.079ms
[27.795s][info][gc,heap        ] GC(679) DefNew: 157248K(157248K)->31103K(157248K) Eden: 139776K(139776K)->31103K(139776K) From: 17472K(17472K)->0K(17472K)
[27.795s][info][gc,heap        ] GC(679) Tenured: 349568K(349568K)->349400K(349568K)
[27.795s][info][gc,metaspace   ] GC(679) Metaspace: 30954K(31296K)->30954K(31296K) NonClass: 27675K(27840K)->27675K(27840K) Class: 3278K(3456K)->3278K(3456K)
[27.795s][info][gc             ] GC(679) Pause Full (Allocation Failure) 494M->371M(494M) 23.982ms
[27.795s][info][gc,cpu         ] GC(679) User=0.02s Sys=0.00s Real=0.02s
[27.802s][info][gc,start       ] GC(680) Pause Full (Allocation Failure)
[27.802s][info][gc,phases,start] GC(680) Phase 1: Mark live objects
[27.811s][info][gc,phases      ] GC(680) Phase 1: Mark live objects 8.444ms
[27.811s][info][gc,phases,start] GC(680) Phase 2: Compute new object addresses
[27.815s][info][gc,phases      ] GC(680) Phase 2: Compute new object addresses 4.200ms
[27.815s][info][gc,phases,start] GC(680) Phase 3: Adjust pointers
[27.821s][info][gc,phases      ] GC(680) Phase 3: Adjust pointers 5.684ms
[27.821s][info][gc,phases,start] GC(680) Phase 4: Move objects
[27.825s][info][gc,phases      ] GC(680) Phase 4: Move objects 4.395ms
[27.825s][info][gc,heap        ] GC(680) DefNew: 157246K(157248K)->34194K(157248K) Eden: 139776K(139776K)->34194K(139776K) From: 17470K(17472K)->0K(17472K)
[27.825s][info][gc,heap        ] GC(680) Tenured: 349400K(349568K)->349534K(349568K)
[27.825s][info][gc,metaspace   ] GC(680) Metaspace: 30954K(31296K)->30954K(31296K) NonClass: 27675K(27840K)->27675K(27840K) Class: 3278K(3456K)->3278K(3456K)
[27.825s][info][gc             ] GC(680) Pause Full (Allocation Failure) 494M->374M(494M) 23.152ms
[27.825s][info][gc,cpu         ] GC(680) User=0.02s Sys=0.01s Real=0.03s
[27.831s][info][gc,start       ] GC(681) Pause Full (Allocation Failure)
[27.831s][info][gc,phases,start] GC(681) Phase 1: Mark live objects
[27.839s][info][gc,phases      ] GC(681) Phase 1: Mark live objects 8.657ms
[27.839s][info][gc,phases,start] GC(681) Phase 2: Compute new object addresses
[27.844s][info][gc,phases      ] GC(681) Phase 2: Compute new object addresses 4.109ms
[27.844s][info][gc,phases,start] GC(681) Phase 3: Adjust pointers
[27.850s][info][gc,phases      ] GC(681) Phase 3: Adjust pointers 6.095ms
[27.850s][info][gc,phases,start] GC(681) Phase 4: Move objects
[27.859s][info][gc,phases      ] GC(681) Phase 4: Move objects 8.912ms
[27.859s][info][gc,heap        ] GC(681) DefNew: 157236K(157248K)->43494K(157248K) Eden: 139776K(139776K)->43494K(139776K) From: 17460K(17472K)->0K(17472K)
[27.859s][info][gc,heap        ] GC(681) Tenured: 349534K(349568K)->349527K(349568K)
[27.859s][info][gc,metaspace   ] GC(681) Metaspace: 30954K(31296K)->30954K(31296K) NonClass: 27675K(27840K)->27675K(27840K) Class: 3278K(3456K)->3278K(3456K)
[27.859s][info][gc             ] GC(681) Pause Full (Allocation Failure) 494M->383M(494M) 28.253ms
[27.859s][info][gc,cpu         ] GC(681) User=0.02s Sys=0.00s Real=0.03s
[27.870s][info][gc,start       ] GC(682) Pause Full (Allocation Failure)
[27.870s][info][gc,phases,start] GC(682) Phase 1: Mark live objects
[27.878s][info][gc,phases      ] GC(682) Phase 1: Mark live objects 8.303ms
[27.878s][info][gc,phases,start] GC(682) Phase 2: Compute new object addresses
[27.882s][info][gc,phases      ] GC(682) Phase 2: Compute new object addresses 4.105ms
[27.882s][info][gc,phases,start] GC(682) Phase 3: Adjust pointers
[27.889s][info][gc,phases      ] GC(682) Phase 3: Adjust pointers 6.272ms
[27.889s][info][gc,phases,start] GC(682) Phase 4: Move objects
[27.897s][info][gc,phases      ] GC(682) Phase 4: Move objects 8.085ms
[27.897s][info][gc,heap        ] GC(682) DefNew: 156366K(157248K)->21644K(157248K) Eden: 139776K(139776K)->21644K(139776K) From: 16590K(17472K)->0K(17472K)
[27.897s][info][gc,heap        ] GC(682) Tenured: 349527K(349568K)->349320K(349568K)
[27.897s][info][gc,metaspace   ] GC(682) Metaspace: 30954K(31296K)->30954K(31296K) NonClass: 27675K(27840K)->27675K(27840K) Class: 3278K(3456K)->3278K(3456K)
[27.897s][info][gc             ] GC(682) Pause Full (Allocation Failure) 494M->362M(494M) 27.234ms
[27.897s][info][gc,cpu         ] GC(682) User=0.03s Sys=0.00s Real=0.03s
[27.907s][info][gc,start       ] GC(683) Pause Full (Allocation Failure)
[27.907s][info][gc,phases,start] GC(683) Phase 1: Mark live objects
[27.916s][info][gc,phases      ] GC(683) Phase 1: Mark live objects 8.891ms
[27.916s][info][gc,phases,start] GC(683) Phase 2: Compute new object addresses
[27.921s][info][gc,phases      ] GC(683) Phase 2: Compute new object addresses 4.428ms
[27.921s][info][gc,phases,start] GC(683) Phase 3: Adjust pointers
[27.926s][info][gc,phases      ] GC(683) Phase 3: Adjust pointers 5.590ms
[27.926s][info][gc,phases,start] GC(683) Phase 4: Move objects
[27.930s][info][gc,phases      ] GC(683) Phase 4: Move objects 3.285ms
[27.930s][info][gc,heap        ] GC(683) DefNew: 156804K(157248K)->38827K(157248K) Eden: 139775K(139776K)->38827K(139776K) From: 17028K(17472K)->0K(17472K)
[27.930s][info][gc,heap        ] GC(683) Tenured: 349320K(349568K)->349320K(349568K)
[27.930s][info][gc,metaspace   ] GC(683) Metaspace: 30954K(31296K)->30954K(31296K) NonClass: 27675K(27840K)->27675K(27840K) Class: 3278K(3456K)->3278K(3456K)
[27.930s][info][gc             ] GC(683) Pause Full (Allocation Failure) 494M->379M(494M) 22.611ms
[27.930s][info][gc,cpu         ] GC(683) User=0.02s Sys=0.00s Real=0.02s
[27.940s][info][gc,start       ] GC(684) Pause Full (Allocation Failure)
[27.940s][info][gc,phases,start] GC(684) Phase 1: Mark live objects
[27.949s][info][gc,phases      ] GC(684) Phase 1: Mark live objects 8.428ms
[27.949s][info][gc,phases,start] GC(684) Phase 2: Compute new object addresses
[27.953s][info][gc,phases      ] GC(684) Phase 2: Compute new object addresses 4.441ms
[27.953s][info][gc,phases,start] GC(684) Phase 3: Adjust pointers
[27.959s][info][gc,phases      ] GC(684) Phase 3: Adjust pointers 6.024ms
[27.960s][info][gc,phases,start] GC(684) Phase 4: Move objects
[27.964s][info][gc,phases      ] GC(684) Phase 4: Move objects 4.396ms
[27.964s][info][gc,heap        ] GC(684) DefNew: 156930K(157248K)->39462K(157248K) Eden: 139776K(139776K)->39462K(139776K) From: 17154K(17472K)->0K(17472K)
[27.964s][info][gc,heap        ] GC(684) Tenured: 349320K(349568K)->349498K(349568K)
[27.964s][info][gc,metaspace   ] GC(684) Metaspace: 30954K(31296K)->30954K(31296K) NonClass: 27675K(27840K)->27675K(27840K) Class: 3278K(3456K)->3278K(3456K)
[27.964s][info][gc             ] GC(684) Pause Full (Allocation Failure) 494M->379M(494M) 23.680ms
[27.964s][info][gc,cpu         ] GC(684) User=0.02s Sys=0.00s Real=0.03s
[27.975s][info][gc,start       ] GC(685) Pause Full (Allocation Failure)
[27.975s][info][gc,phases,start] GC(685) Phase 1: Mark live objects
[27.983s][info][gc,phases      ] GC(685) Phase 1: Mark live objects 8.206ms
[27.983s][info][gc,phases,start] GC(685) Phase 2: Compute new object addresses
[27.987s][info][gc,phases      ] GC(685) Phase 2: Compute new object addresses 3.995ms
[27.987s][info][gc,phases,start] GC(685) Phase 3: Adjust pointers
[27.993s][info][gc,phases      ] GC(685) Phase 3: Adjust pointers 5.299ms
[27.993s][info][gc,phases,start] GC(685) Phase 4: Move objects
[27.999s][info][gc,phases      ] GC(685) Phase 4: Move objects 6.534ms
[27.999s][info][gc,heap        ] GC(685) DefNew: 156339K(157248K)->36141K(157248K) Eden: 139776K(139776K)->36141K(139776K) From: 16563K(17472K)->0K(17472K)
[27.999s][info][gc,heap        ] GC(685) Tenured: 349498K(349568K)->349462K(349568K)
[27.999s][info][gc,metaspace   ] GC(685) Metaspace: 30954K(31296K)->30954K(31296K) NonClass: 27675K(27840K)->27675K(27840K) Class: 3278K(3456K)->3278K(3456K)
[27.999s][info][gc             ] GC(685) Pause Full (Allocation Failure) 493M->376M(494M) 24.455ms
[27.999s][info][gc,cpu         ] GC(685) User=0.03s Sys=0.00s Real=0.03s
[28.010s][info][gc,start       ] GC(686) Pause Full (Allocation Failure)
[28.010s][info][gc,phases,start] GC(686) Phase 1: Mark live objects
[28.018s][info][gc,phases      ] GC(686) Phase 1: Mark live objects 7.860ms
[28.018s][info][gc,phases,start] GC(686) Phase 2: Compute new object addresses
[28.021s][info][gc,phases      ] GC(686) Phase 2: Compute new object addresses 3.789ms
[28.021s][info][gc,phases,start] GC(686) Phase 3: Adjust pointers
[28.027s][info][gc,phases      ] GC(686) Phase 3: Adjust pointers 5.071ms
[28.027s][info][gc,phases,start] GC(686) Phase 4: Move objects
[28.035s][info][gc,phases      ] GC(686) Phase 4: Move objects 8.545ms
[28.035s][info][gc,heap        ] GC(686) DefNew: 156373K(157248K)->17515K(157248K) Eden: 139776K(139776K)->17515K(139776K) From: 16597K(17472K)->0K(17472K)
[28.035s][info][gc,heap        ] GC(686) Tenured: 349462K(349568K)->348716K(349568K)
[28.035s][info][gc,metaspace   ] GC(686) Metaspace: 30954K(31296K)->30954K(31296K) NonClass: 27675K(27840K)->27675K(27840K) Class: 3278K(3456K)->3278K(3456K)
[28.035s][info][gc             ] GC(686) Pause Full (Allocation Failure) 493M->357M(494M) 25.629ms
[28.035s][info][gc,cpu         ] GC(686) User=0.03s Sys=0.00s Real=0.02s
[28.046s][info][gc,start       ] GC(687) Pause Full (Allocation Failure)
[28.046s][info][gc,phases,start] GC(687) Phase 1: Mark live objects
[28.054s][info][gc,phases      ] GC(687) Phase 1: Mark live objects 7.951ms
[28.054s][info][gc,phases,start] GC(687) Phase 2: Compute new object addresses
[28.058s][info][gc,phases      ] GC(687) Phase 2: Compute new object addresses 4.289ms
[28.058s][info][gc,phases,start] GC(687) Phase 3: Adjust pointers
[28.064s][info][gc,phases      ] GC(687) Phase 3: Adjust pointers 5.801ms
[28.064s][info][gc,phases,start] GC(687) Phase 4: Move objects
[28.068s][info][gc,phases      ] GC(687) Phase 4: Move objects 3.944ms
[28.068s][info][gc,heap        ] GC(687) DefNew: 156324K(157248K)->34543K(157248K) Eden: 139776K(139776K)->34543K(139776K) From: 16548K(17472K)->0K(17472K)
[28.068s][info][gc,heap        ] GC(687) Tenured: 348716K(349568K)->349489K(349568K)
[28.068s][info][gc,metaspace   ] GC(687) Metaspace: 30954K(31296K)->30954K(31296K) NonClass: 27675K(27840K)->27675K(27840K) Class: 3278K(3456K)->3278K(3456K)
[28.068s][info][gc             ] GC(687) Pause Full (Allocation Failure) 493M->375M(494M) 22.388ms
[28.068s][info][gc,cpu         ] GC(687) User=0.02s Sys=0.00s Real=0.02s
[28.079s][info][gc,start       ] GC(688) Pause Full (Allocation Failure)
[28.079s][info][gc,phases,start] GC(688) Phase 1: Mark live objects
[28.089s][info][gc,phases      ] GC(688) Phase 1: Mark live objects 9.569ms
[28.089s][info][gc,phases,start] GC(688) Phase 2: Compute new object addresses
[28.093s][info][gc,phases      ] GC(688) Phase 2: Compute new object addresses 4.239ms
[28.093s][info][gc,phases,start] GC(688) Phase 3: Adjust pointers
[28.099s][info][gc,phases      ] GC(688) Phase 3: Adjust pointers 5.874ms
[28.099s][info][gc,phases,start] GC(688) Phase 4: Move objects
[28.103s][info][gc,phases      ] GC(688) Phase 4: Move objects 3.710ms
[28.103s][info][gc,heap        ] GC(688) DefNew: 156503K(157248K)->37029K(157248K) Eden: 139776K(139776K)->37029K(139776K) From: 16727K(17472K)->0K(17472K)
[28.103s][info][gc,heap        ] GC(688) Tenured: 349489K(349568K)->349498K(349568K)
[28.103s][info][gc,metaspace   ] GC(688) Metaspace: 30957K(31296K)->30957K(31296K) NonClass: 27678K(27840K)->27678K(27840K) Class: 3278K(3456K)->3278K(3456K)
[28.103s][info][gc             ] GC(688) Pause Full (Allocation Failure) 494M->377M(494M) 23.865ms
[28.103s][info][gc,cpu         ] GC(688) User=0.03s Sys=0.00s Real=0.02s
[28.109s][info][gc,start       ] GC(689) Pause Full (Allocation Failure)
[28.109s][info][gc,phases,start] GC(689) Phase 1: Mark live objects
[28.119s][info][gc,phases      ] GC(689) Phase 1: Mark live objects 9.624ms
[28.119s][info][gc,phases,start] GC(689) Phase 2: Compute new object addresses
[28.124s][info][gc,phases      ] GC(689) Phase 2: Compute new object addresses 5.109ms
[28.124s][info][gc,phases,start] GC(689) Phase 3: Adjust pointers
[28.131s][info][gc,phases      ] GC(689) Phase 3: Adjust pointers 6.626ms
[28.131s][info][gc,phases,start] GC(689) Phase 4: Move objects
[28.137s][info][gc,phases      ] GC(689) Phase 4: Move objects 6.694ms
[28.137s][info][gc,heap        ] GC(689) DefNew: 157003K(157248K)->43440K(157248K) Eden: 139776K(139776K)->43440K(139776K) From: 17227K(17472K)->0K(17472K)
[28.137s][info][gc,heap        ] GC(689) Tenured: 349498K(349568K)->349498K(349568K)
[28.137s][info][gc,metaspace   ] GC(689) Metaspace: 30957K(31296K)->30957K(31296K) NonClass: 27678K(27840K)->27678K(27840K) Class: 3278K(3456K)->3278K(3456K)
[28.138s][info][gc             ] GC(689) Pause Full (Allocation Failure) 494M->383M(494M) 28.518ms
[28.138s][info][gc,cpu         ] GC(689) User=0.03s Sys=0.00s Real=0.03s
[28.149s][info][gc,start       ] GC(690) Pause Full (Allocation Failure)
[28.149s][info][gc,phases,start] GC(690) Phase 1: Mark live objects
[28.157s][info][gc,phases      ] GC(690) Phase 1: Mark live objects 8.785ms
[28.157s][info][gc,phases,start] GC(690) Phase 2: Compute new object addresses
[28.162s][info][gc,phases      ] GC(690) Phase 2: Compute new object addresses 4.382ms
[28.162s][info][gc,phases,start] GC(690) Phase 3: Adjust pointers
[28.168s][info][gc,phases      ] GC(690) Phase 3: Adjust pointers 5.837ms
[28.168s][info][gc,phases,start] GC(690) Phase 4: Move objects
[28.177s][info][gc,phases      ] GC(690) Phase 4: Move objects 8.950ms
[28.177s][info][gc,heap        ] GC(690) DefNew: 156340K(157248K)->19961K(157248K) Eden: 139776K(139776K)->19961K(139776K) From: 16564K(17472K)->0K(17472K)
[28.177s][info][gc,heap        ] GC(690) Tenured: 349498K(349568K)->349458K(349568K)
[28.177s][info][gc,metaspace   ] GC(690) Metaspace: 30959K(31296K)->30959K(31296K) NonClass: 27680K(27840K)->27680K(27840K) Class: 3278K(3456K)->3278K(3456K)
[28.177s][info][gc             ] GC(690) Pause Full (Allocation Failure) 493M->360M(494M) 28.373ms
[28.177s][info][gc,cpu         ] GC(690) User=0.02s Sys=0.00s Real=0.03s
[28.187s][info][gc,start       ] GC(691) Pause Full (Allocation Failure)
[28.188s][info][gc,phases,start] GC(691) Phase 1: Mark live objects
[28.195s][info][gc,phases      ] GC(691) Phase 1: Mark live objects 7.896ms
[28.195s][info][gc,phases,start] GC(691) Phase 2: Compute new object addresses
[28.200s][info][gc,phases      ] GC(691) Phase 2: Compute new object addresses 4.080ms
[28.200s][info][gc,phases,start] GC(691) Phase 3: Adjust pointers
[28.205s][info][gc,phases      ] GC(691) Phase 3: Adjust pointers 5.180ms
[28.205s][info][gc,phases,start] GC(691) Phase 4: Move objects
[28.207s][info][gc,phases      ] GC(691) Phase 4: Move objects 2.703ms
[28.208s][info][gc,heap        ] GC(691) DefNew: 157080K(157248K)->32055K(157248K) Eden: 139776K(139776K)->32055K(139776K) From: 17304K(17472K)->0K(17472K)
[28.208s][info][gc,heap        ] GC(691) Tenured: 349458K(349568K)->349458K(349568K)
[28.208s][info][gc,metaspace   ] GC(691) Metaspace: 30959K(31296K)->30959K(31296K) NonClass: 27680K(27840K)->27680K(27840K) Class: 3278K(3456K)->3278K(3456K)
[28.208s][info][gc             ] GC(691) Pause Full (Allocation Failure) 494M->372M(494M) 20.283ms
[28.208s][info][gc,cpu         ] GC(691) User=0.02s Sys=0.00s Real=0.02s
[28.218s][info][gc,start       ] GC(692) Pause Full (Allocation Failure)
[28.218s][info][gc,phases,start] GC(692) Phase 1: Mark live objects
[28.227s][info][gc,phases      ] GC(692) Phase 1: Mark live objects 8.188ms
[28.227s][info][gc,phases,start] GC(692) Phase 2: Compute new object addresses
[28.231s][info][gc,phases      ] GC(692) Phase 2: Compute new object addresses 4.085ms
[28.231s][info][gc,phases,start] GC(692) Phase 3: Adjust pointers
[28.237s][info][gc,phases      ] GC(692) Phase 3: Adjust pointers 5.706ms
[28.237s][info][gc,phases,start] GC(692) Phase 4: Move objects
[28.241s][info][gc,phases      ] GC(692) Phase 4: Move objects 3.928ms
[28.241s][info][gc,heap        ] GC(692) DefNew: 157111K(157248K)->39094K(157248K) Eden: 139776K(139776K)->39094K(139776K) From: 17335K(17472K)->0K(17472K)
[28.241s][info][gc,heap        ] GC(692) Tenured: 349458K(349568K)->349521K(349568K)
[28.241s][info][gc,metaspace   ] GC(692) Metaspace: 30959K(31296K)->30959K(31296K) NonClass: 27680K(27840K)->27680K(27840K) Class: 3278K(3456K)->3278K(3456K)
[28.241s][info][gc             ] GC(692) Pause Full (Allocation Failure) 494M->379M(494M) 22.301ms
[28.241s][info][gc,cpu         ] GC(692) User=0.02s Sys=0.00s Real=0.02s
[28.251s][info][gc,start       ] GC(693) Pause Full (Allocation Failure)
[28.251s][info][gc,phases,start] GC(693) Phase 1: Mark live objects
[28.260s][info][gc,phases      ] GC(693) Phase 1: Mark live objects 8.338ms
[28.260s][info][gc,phases,start] GC(693) Phase 2: Compute new object addresses
[28.265s][info][gc,phases      ] GC(693) Phase 2: Compute new object addresses 5.188ms
[28.265s][info][gc,phases,start] GC(693) Phase 3: Adjust pointers
[28.271s][info][gc,phases      ] GC(693) Phase 3: Adjust pointers 5.775ms
[28.271s][info][gc,phases,start] GC(693) Phase 4: Move objects
[28.277s][info][gc,phases      ] GC(693) Phase 4: Move objects 6.334ms
[28.277s][info][gc,heap        ] GC(693) DefNew: 156660K(157248K)->37375K(157248K) Eden: 139776K(139776K)->37375K(139776K) From: 16884K(17472K)->0K(17472K)
[28.277s][info][gc,heap        ] GC(693) Tenured: 349521K(349568K)->349511K(349568K)
[28.277s][info][gc,metaspace   ] GC(693) Metaspace: 30959K(31296K)->30959K(31296K) NonClass: 27680K(27840K)->27680K(27840K) Class: 3278K(3456K)->3278K(3456K)
[28.277s][info][gc             ] GC(693) Pause Full (Allocation Failure) 494M->377M(494M) 26.040ms
[28.277s][info][gc,cpu         ] GC(693) User=0.03s Sys=0.00s Real=0.03s
[28.288s][info][gc,start       ] GC(694) Pause Full (Allocation Failure)
[28.288s][info][gc,phases,start] GC(694) Phase 1: Mark live objects
[28.296s][info][gc,phases      ] GC(694) Phase 1: Mark live objects 7.997ms
[28.296s][info][gc,phases,start] GC(694) Phase 2: Compute new object addresses
[28.300s][info][gc,phases      ] GC(694) Phase 2: Compute new object addresses 3.945ms
[28.300s][info][gc,phases,start] GC(694) Phase 3: Adjust pointers
[28.309s][info][gc,phases      ] GC(694) Phase 3: Adjust pointers 8.800ms
[28.309s][info][gc,phases,start] GC(694) Phase 4: Move objects
[28.318s][info][gc,phases      ] GC(694) Phase 4: Move objects 8.929ms
[28.318s][info][gc,heap        ] GC(694) DefNew: 157217K(157248K)->18024K(157248K) Eden: 139776K(139776K)->18024K(139776K) From: 17441K(17472K)->0K(17472K)
[28.318s][info][gc,heap        ] GC(694) Tenured: 349511K(349568K)->349355K(349568K)
[28.318s][info][gc,metaspace   ] GC(694) Metaspace: 30959K(31296K)->30959K(31296K) NonClass: 27680K(27840K)->27680K(27840K) Class: 3278K(3456K)->3278K(3456K)
[28.318s][info][gc             ] GC(694) Pause Full (Allocation Failure) 494M->358M(494M) 30.077ms
[28.318s][info][gc,cpu         ] GC(694) User=0.03s Sys=0.00s Real=0.03s
[28.329s][info][gc,start       ] GC(695) Pause Full (Allocation Failure)
[28.329s][info][gc,phases,start] GC(695) Phase 1: Mark live objects
[28.337s][info][gc,phases      ] GC(695) Phase 1: Mark live objects 8.528ms
[28.337s][info][gc,phases,start] GC(695) Phase 2: Compute new object addresses
[28.342s][info][gc,phases      ] GC(695) Phase 2: Compute new object addresses 4.275ms
[28.342s][info][gc,phases,start] GC(695) Phase 3: Adjust pointers
[28.347s][info][gc,phases      ] GC(695) Phase 3: Adjust pointers 5.394ms
[28.347s][info][gc,phases,start] GC(695) Phase 4: Move objects
[28.350s][info][gc,phases      ] GC(695) Phase 4: Move objects 2.590ms
[28.350s][info][gc,heap        ] GC(695) DefNew: 156709K(157248K)->30109K(157248K) Eden: 139776K(139776K)->30109K(139776K) From: 16933K(17472K)->0K(17472K)
[28.350s][info][gc,heap        ] GC(695) Tenured: 349355K(349568K)->349356K(349568K)
[28.350s][info][gc,metaspace   ] GC(695) Metaspace: 30959K(31296K)->30959K(31296K) NonClass: 27680K(27840K)->27680K(27840K) Class: 3278K(3456K)->3278K(3456K)
[28.350s][info][gc             ] GC(695) Pause Full (Allocation Failure) 494M->370M(494M) 21.221ms
[28.350s][info][gc,cpu         ] GC(695) User=0.02s Sys=0.00s Real=0.02s
[28.357s][info][gc,start       ] GC(696) Pause Full (Allocation Failure)
[28.357s][info][gc,phases,start] GC(696) Phase 1: Mark live objects
[28.365s][info][gc,phases      ] GC(696) Phase 1: Mark live objects 8.816ms
[28.365s][info][gc,phases,start] GC(696) Phase 2: Compute new object addresses
[28.370s][info][gc,phases      ] GC(696) Phase 2: Compute new object addresses 4.327ms
[28.370s][info][gc,phases,start] GC(696) Phase 3: Adjust pointers
[28.375s][info][gc,phases      ] GC(696) Phase 3: Adjust pointers 5.387ms
[28.375s][info][gc,phases,start] GC(696) Phase 4: Move objects
[28.379s][info][gc,phases      ] GC(696) Phase 4: Move objects 3.804ms
[28.379s][info][gc,heap        ] GC(696) DefNew: 157032K(157248K)->41523K(157248K) Eden: 139776K(139776K)->41523K(139776K) From: 17256K(17472K)->0K(17472K)
[28.379s][info][gc,heap        ] GC(696) Tenured: 349356K(349568K)->349342K(349568K)
[28.379s][info][gc,metaspace   ] GC(696) Metaspace: 30959K(31296K)->30959K(31296K) NonClass: 27680K(27840K)->27680K(27840K) Class: 3278K(3456K)->3278K(3456K)
[28.379s][info][gc             ] GC(696) Pause Full (Allocation Failure) 494M->381M(494M) 22.716ms
[28.379s][info][gc,cpu         ] GC(696) User=0.02s Sys=0.00s Real=0.02s
[28.385s][info][gc,start       ] GC(697) Pause Full (Allocation Failure)
[28.385s][info][gc,phases,start] GC(697) Phase 1: Mark live objects
[28.393s][info][gc,phases      ] GC(697) Phase 1: Mark live objects 8.504ms
[28.393s][info][gc,phases,start] GC(697) Phase 2: Compute new object addresses
[28.398s][info][gc,phases      ] GC(697) Phase 2: Compute new object addresses 4.358ms
[28.398s][info][gc,phases,start] GC(697) Phase 3: Adjust pointers
[28.404s][info][gc,phases      ] GC(697) Phase 3: Adjust pointers 5.945ms
[28.404s][info][gc,phases,start] GC(697) Phase 4: Move objects
[28.410s][info][gc,phases      ] GC(697) Phase 4: Move objects 6.259ms
[28.410s][info][gc,heap        ] GC(697) DefNew: 157227K(157248K)->41034K(157248K) Eden: 139776K(139776K)->41034K(139776K) From: 17451K(17472K)->0K(17472K)
[28.410s][info][gc,heap        ] GC(697) Tenured: 349342K(349568K)->349512K(349568K)
[28.410s][info][gc,metaspace   ] GC(697) Metaspace: 30959K(31296K)->30959K(31296K) NonClass: 27680K(27840K)->27680K(27840K) Class: 3278K(3456K)->3278K(3456K)
[28.410s][info][gc             ] GC(697) Pause Full (Allocation Failure) 494M->381M(494M) 25.465ms
[28.410s][info][gc,cpu         ] GC(697) User=0.02s Sys=0.00s Real=0.02s
[28.421s][info][gc,start       ] GC(698) Pause Full (Allocation Failure)
[28.421s][info][gc,phases,start] GC(698) Phase 1: Mark live objects
[28.429s][info][gc,phases      ] GC(698) Phase 1: Mark live objects 7.909ms
[28.429s][info][gc,phases,start] GC(698) Phase 2: Compute new object addresses
[28.432s][info][gc,phases      ] GC(698) Phase 2: Compute new object addresses 3.738ms
[28.432s][info][gc,phases,start] GC(698) Phase 3: Adjust pointers
[28.438s][info][gc,phases      ] GC(698) Phase 3: Adjust pointers 5.164ms
[28.438s][info][gc,phases,start] GC(698) Phase 4: Move objects
[28.445s][info][gc,phases      ] GC(698) Phase 4: Move objects 7.631ms
[28.445s][info][gc,heap        ] GC(698) DefNew: 156363K(157248K)->19564K(157248K) Eden: 139776K(139776K)->19564K(139776K) From: 16587K(17472K)->0K(17472K)
[28.445s][info][gc,heap        ] GC(698) Tenured: 349512K(349568K)->348740K(349568K)
[28.445s][info][gc,metaspace   ] GC(698) Metaspace: 30959K(31296K)->30959K(31296K) NonClass: 27680K(27840K)->27680K(27840K) Class: 3278K(3456K)->3278K(3456K)
[28.445s][info][gc             ] GC(698) Pause Full (Allocation Failure) 494M->359M(494M) 24.835ms
[28.445s][info][gc,cpu         ] GC(698) User=0.02s Sys=0.00s Real=0.03s
[28.456s][info][gc,start       ] GC(699) Pause Full (Allocation Failure)
[28.456s][info][gc,phases,start] GC(699) Phase 1: Mark live objects
[28.465s][info][gc,phases      ] GC(699) Phase 1: Mark live objects 8.633ms
[28.465s][info][gc,phases,start] GC(699) Phase 2: Compute new object addresses
[28.471s][info][gc,phases      ] GC(699) Phase 2: Compute new object addresses 5.881ms
[28.471s][info][gc,phases,start] GC(699) Phase 3: Adjust pointers
[28.476s][info][gc,phases      ] GC(699) Phase 3: Adjust pointers 5.711ms
[28.476s][info][gc,phases,start] GC(699) Phase 4: Move objects
[28.479s][info][gc,phases      ] GC(699) Phase 4: Move objects 2.925ms
[28.479s][info][gc,heap        ] GC(699) DefNew: 157091K(157248K)->33524K(157248K) Eden: 139776K(139776K)->33524K(139776K) From: 17315K(17472K)->0K(17472K)
[28.479s][info][gc,heap        ] GC(699) Tenured: 349252K(349568K)->349512K(349568K)
[28.479s][info][gc,metaspace   ] GC(699) Metaspace: 30959K(31296K)->30959K(31296K) NonClass: 27680K(27840K)->27680K(27840K) Class: 3278K(3456K)->3278K(3456K)
[28.480s][info][gc             ] GC(699) Pause Full (Allocation Failure) 494M->374M(494M) 23.586ms
[28.480s][info][gc,cpu         ] GC(699) User=0.02s Sys=0.00s Real=0.02s
[28.487s][info][gc,start       ] GC(700) Pause Full (Allocation Failure)
[28.487s][info][gc,phases,start] GC(700) Phase 1: Mark live objects
[28.495s][info][gc,phases      ] GC(700) Phase 1: Mark live objects 8.025ms
[28.495s][info][gc,phases,start] GC(700) Phase 2: Compute new object addresses
[28.499s][info][gc,phases      ] GC(700) Phase 2: Compute new object addresses 3.937ms
[28.499s][info][gc,phases,start] GC(700) Phase 3: Adjust pointers
[28.504s][info][gc,phases      ] GC(700) Phase 3: Adjust pointers 5.311ms
[28.504s][info][gc,phases,start] GC(700) Phase 4: Move objects
[28.508s][info][gc,phases      ] GC(700) Phase 4: Move objects 3.859ms
[28.509s][info][gc,heap        ] GC(700) DefNew: 157179K(157248K)->39458K(157248K) Eden: 139776K(139776K)->39458K(139776K) From: 17403K(17472K)->0K(17472K)
[28.509s][info][gc,heap        ] GC(700) Tenured: 349512K(349568K)->349518K(349568K)
[28.509s][info][gc,metaspace   ] GC(700) Metaspace: 30959K(31296K)->30959K(31296K) NonClass: 27680K(27840K)->27680K(27840K) Class: 3278K(3456K)->3278K(3456K)
[28.509s][info][gc             ] GC(700) Pause Full (Allocation Failure) 494M->379M(494M) 21.511ms
[28.509s][info][gc,cpu         ] GC(700) User=0.02s Sys=0.00s Real=0.02s
[28.519s][info][gc,start       ] GC(701) Pause Full (Allocation Failure)
[28.519s][info][gc,phases,start] GC(701) Phase 1: Mark live objects
[28.527s][info][gc,phases      ] GC(701) Phase 1: Mark live objects 7.747ms
[28.527s][info][gc,phases,start] GC(701) Phase 2: Compute new object addresses
[28.531s][info][gc,phases      ] GC(701) Phase 2: Compute new object addresses 3.996ms
[28.531s][info][gc,phases,start] GC(701) Phase 3: Adjust pointers
[28.536s][info][gc,phases      ] GC(701) Phase 3: Adjust pointers 5.352ms
[28.537s][info][gc,phases,start] GC(701) Phase 4: Move objects
[28.542s][info][gc,phases      ] GC(701) Phase 4: Move objects 5.439ms
[28.542s][info][gc,heap        ] GC(701) DefNew: 156432K(157248K)->31505K(157248K) Eden: 139775K(139776K)->31505K(139776K) From: 16656K(17472K)->0K(17472K)
[28.542s][info][gc,heap        ] GC(701) Tenured: 349518K(349568K)->349479K(349568K)
[28.542s][info][gc,metaspace   ] GC(701) Metaspace: 30959K(31296K)->30959K(31296K) NonClass: 27680K(27840K)->27680K(27840K) Class: 3278K(3456K)->3278K(3456K)
[28.542s][info][gc             ] GC(701) Pause Full (Allocation Failure) 494M->372M(494M) 22.959ms
[28.542s][info][gc,cpu         ] GC(701) User=0.02s Sys=0.00s Real=0.02s
[28.553s][info][gc,start       ] GC(702) Pause Full (Allocation Failure)
[28.553s][info][gc,phases,start] GC(702) Phase 1: Mark live objects
[28.561s][info][gc,phases      ] GC(702) Phase 1: Mark live objects 8.139ms
[28.561s][info][gc,phases,start] GC(702) Phase 2: Compute new object addresses
[28.565s][info][gc,phases      ] GC(702) Phase 2: Compute new object addresses 3.936ms
[28.565s][info][gc,phases,start] GC(702) Phase 3: Adjust pointers
[28.570s][info][gc,phases      ] GC(702) Phase 3: Adjust pointers 5.191ms
[28.571s][info][gc,phases,start] GC(702) Phase 4: Move objects
[28.577s][info][gc,phases      ] GC(702) Phase 4: Move objects 6.393ms
[28.577s][info][gc,heap        ] GC(702) DefNew: 156883K(157248K)->14939K(157248K) Eden: 139776K(139776K)->14939K(139776K) From: 17107K(17472K)->0K(17472K)
[28.577s][info][gc,heap        ] GC(702) Tenured: 349479K(349568K)->349365K(349568K)
[28.577s][info][gc,metaspace   ] GC(702) Metaspace: 30959K(31296K)->30959K(31296K) NonClass: 27680K(27840K)->27680K(27840K) Class: 3278K(3456K)->3278K(3456K)
[28.577s][info][gc             ] GC(702) Pause Full (Allocation Failure) 494M->355M(494M) 24.013ms
[28.577s][info][gc,cpu         ] GC(702) User=0.03s Sys=0.00s Real=0.03s
[28.588s][info][gc,start       ] GC(703) Pause Full (Allocation Failure)
[28.588s][info][gc,phases,start] GC(703) Phase 1: Mark live objects
[28.596s][info][gc,phases      ] GC(703) Phase 1: Mark live objects 8.174ms
[28.596s][info][gc,phases,start] GC(703) Phase 2: Compute new object addresses
[28.600s][info][gc,phases      ] GC(703) Phase 2: Compute new object addresses 4.446ms
[28.601s][info][gc,phases,start] GC(703) Phase 3: Adjust pointers
[28.606s][info][gc,phases      ] GC(703) Phase 3: Adjust pointers 5.756ms
[28.606s][info][gc,phases,start] GC(703) Phase 4: Move objects
[28.609s][info][gc,phases      ] GC(703) Phase 4: Move objects 2.601ms
[28.609s][info][gc,heap        ] GC(703) DefNew: 156310K(157248K)->29337K(157248K) Eden: 139776K(139776K)->29337K(139776K) From: 16534K(17472K)->0K(17472K)
[28.609s][info][gc,heap        ] GC(703) Tenured: 349365K(349568K)->349365K(349568K)
[28.609s][info][gc,metaspace   ] GC(703) Metaspace: 30959K(31296K)->30959K(31296K) NonClass: 27680K(27840K)->27680K(27840K) Class: 3278K(3456K)->3278K(3456K)
[28.609s][info][gc             ] GC(703) Pause Full (Allocation Failure) 493M->369M(494M) 21.346ms
[28.609s][info][gc,cpu         ] GC(703) User=0.02s Sys=0.00s Real=0.02s
[28.618s][info][gc,start       ] GC(704) Pause Full (Allocation Failure)
[28.618s][info][gc,phases,start] GC(704) Phase 1: Mark live objects
[28.627s][info][gc,phases      ] GC(704) Phase 1: Mark live objects 8.892ms
[28.627s][info][gc,phases,start] GC(704) Phase 2: Compute new object addresses
[28.631s][info][gc,phases      ] GC(704) Phase 2: Compute new object addresses 4.351ms
[28.631s][info][gc,phases,start] GC(704) Phase 3: Adjust pointers
[28.638s][info][gc,phases      ] GC(704) Phase 3: Adjust pointers 6.187ms
[28.638s][info][gc,phases,start] GC(704) Phase 4: Move objects
[28.642s][info][gc,phases      ] GC(704) Phase 4: Move objects 3.859ms
[28.642s][info][gc,heap        ] GC(704) DefNew: 156947K(157248K)->37101K(157248K) Eden: 139776K(139776K)->37101K(139776K) From: 17171K(17472K)->0K(17472K)
[28.642s][info][gc,heap        ] GC(704) Tenured: 349365K(349568K)->349337K(349568K)
[28.642s][info][gc,metaspace   ] GC(704) Metaspace: 30959K(31296K)->30959K(31296K) NonClass: 27680K(27840K)->27680K(27840K) Class: 3278K(3456K)->3278K(3456K)
[28.642s][info][gc             ] GC(704) Pause Full (Allocation Failure) 494M->377M(494M) 23.691ms
[28.642s][info][gc,cpu         ] GC(704) User=0.03s Sys=0.00s Real=0.02s
[28.652s][info][gc,start       ] GC(705) Pause Full (Allocation Failure)
[28.652s][info][gc,phases,start] GC(705) Phase 1: Mark live objects
[28.660s][info][gc,phases      ] GC(705) Phase 1: Mark live objects 7.926ms
[28.660s][info][gc,phases,start] GC(705) Phase 2: Compute new object addresses
[28.664s][info][gc,phases      ] GC(705) Phase 2: Compute new object addresses 3.914ms
[28.664s][info][gc,phases,start] GC(705) Phase 3: Adjust pointers
[28.670s][info][gc,phases      ] GC(705) Phase 3: Adjust pointers 5.563ms
[28.670s][info][gc,phases,start] GC(705) Phase 4: Move objects
[28.675s][info][gc,phases      ] GC(705) Phase 4: Move objects 5.172ms
[28.675s][info][gc,heap        ] GC(705) DefNew: 157103K(157248K)->32508K(157248K) Eden: 139776K(139776K)->32508K(139776K) From: 17327K(17472K)->0K(17472K)
[28.675s][info][gc,heap        ] GC(705) Tenured: 349337K(349568K)->349517K(349568K)
[28.675s][info][gc,metaspace   ] GC(705) Metaspace: 30959K(31296K)->30959K(31296K) NonClass: 27680K(27840K)->27680K(27840K) Class: 3278K(3456K)->3278K(3456K)
[28.675s][info][gc             ] GC(705) Pause Full (Allocation Failure) 494M->373M(494M) 22.980ms
[28.675s][info][gc,cpu         ] GC(705) User=0.02s Sys=0.00s Real=0.02s
[28.690s][info][gc,start       ] GC(706) Pause Full (Allocation Failure)
[28.691s][info][gc,phases,start] GC(706) Phase 1: Mark live objects
[28.698s][info][gc,phases      ] GC(706) Phase 1: Mark live objects 7.630ms
[28.698s][info][gc,phases,start] GC(706) Phase 2: Compute new object addresses
[28.702s][info][gc,phases      ] GC(706) Phase 2: Compute new object addresses 3.887ms
[28.702s][info][gc,phases,start] GC(706) Phase 3: Adjust pointers
[28.707s][info][gc,phases      ] GC(706) Phase 3: Adjust pointers 5.090ms
[28.707s][info][gc,phases,start] GC(706) Phase 4: Move objects
[28.715s][info][gc,phases      ] GC(706) Phase 4: Move objects 7.562ms
[28.715s][info][gc,heap        ] GC(706) DefNew: 157082K(157248K)->10813K(157248K) Eden: 139776K(139776K)->10813K(139776K) From: 17306K(17472K)->0K(17472K)
[28.715s][info][gc,heap        ] GC(706) Tenured: 349517K(349568K)->349530K(349568K)
[28.715s][info][gc,metaspace   ] GC(706) Metaspace: 30959K(31296K)->30959K(31296K) NonClass: 27680K(27840K)->27680K(27840K) Class: 3278K(3456K)->3278K(3456K)
[28.715s][info][gc             ] GC(706) Pause Full (Allocation Failure) 494M->351M(494M) 24.523ms
[28.715s][info][gc,cpu         ] GC(706) User=0.02s Sys=0.00s Real=0.02s
[28.725s][info][gc,start       ] GC(707) Pause Full (Allocation Failure)
[28.725s][info][gc,phases,start] GC(707) Phase 1: Mark live objects
[28.733s][info][gc,phases      ] GC(707) Phase 1: Mark live objects 7.796ms
[28.733s][info][gc,phases,start] GC(707) Phase 2: Compute new object addresses
[28.737s][info][gc,phases      ] GC(707) Phase 2: Compute new object addresses 4.438ms
[28.737s][info][gc,phases,start] GC(707) Phase 3: Adjust pointers
[28.743s][info][gc,phases      ] GC(707) Phase 3: Adjust pointers 5.745ms
[28.743s][info][gc,phases,start] GC(707) Phase 4: Move objects
[28.746s][info][gc,phases      ] GC(707) Phase 4: Move objects 2.700ms
[28.746s][info][gc,heap        ] GC(707) DefNew: 157245K(157248K)->28638K(157248K) Eden: 139776K(139776K)->28638K(139776K) From: 17469K(17472K)->0K(17472K)
[28.746s][info][gc,heap        ] GC(707) Tenured: 349530K(349568K)->349530K(349568K)
[28.746s][info][gc,metaspace   ] GC(707) Metaspace: 30959K(31296K)->30959K(31296K) NonClass: 27680K(27840K)->27680K(27840K) Class: 3278K(3456K)->3278K(3456K)
[28.746s][info][gc             ] GC(707) Pause Full (Allocation Failure) 494M->369M(494M) 21.039ms
[28.746s][info][gc,cpu         ] GC(707) User=0.03s Sys=0.00s Real=0.02s
[28.757s][info][gc,start       ] GC(708) Pause Full (Allocation Failure)
[28.757s][info][gc,phases,start] GC(708) Phase 1: Mark live objects
[28.765s][info][gc,phases      ] GC(708) Phase 1: Mark live objects 8.578ms
[28.765s][info][gc,phases,start] GC(708) Phase 2: Compute new object addresses
[28.769s][info][gc,phases      ] GC(708) Phase 2: Compute new object addresses 4.143ms
[28.769s][info][gc,phases,start] GC(708) Phase 3: Adjust pointers
[28.775s][info][gc,phases      ] GC(708) Phase 3: Adjust pointers 5.638ms
[28.775s][info][gc,phases,start] GC(708) Phase 4: Move objects
[28.779s][info][gc,phases      ] GC(708) Phase 4: Move objects 3.990ms
[28.779s][info][gc,heap        ] GC(708) DefNew: 156274K(157248K)->32156K(157248K) Eden: 139776K(139776K)->32156K(139776K) From: 16498K(17472K)->0K(17472K)
[28.779s][info][gc,heap        ] GC(708) Tenured: 349530K(349568K)->349515K(349568K)
[28.779s][info][gc,metaspace   ] GC(708) Metaspace: 30959K(31296K)->30959K(31296K) NonClass: 27680K(27840K)->27680K(27840K) Class: 3278K(3456K)->3278K(3456K)
[28.779s][info][gc             ] GC(708) Pause Full (Allocation Failure) 493M->372M(494M) 22.811ms
[28.779s][info][gc,cpu         ] GC(708) User=0.02s Sys=0.00s Real=0.02s
[28.791s][info][gc,start       ] GC(709) Pause Full (Allocation Failure)
[28.791s][info][gc,phases,start] GC(709) Phase 1: Mark live objects
[28.800s][info][gc,phases      ] GC(709) Phase 1: Mark live objects 8.752ms
[28.800s][info][gc,phases,start] GC(709) Phase 2: Compute new object addresses
[28.805s][info][gc,phases      ] GC(709) Phase 2: Compute new object addresses 5.161ms
[28.805s][info][gc,phases,start] GC(709) Phase 3: Adjust pointers
[28.813s][info][gc,phases      ] GC(709) Phase 3: Adjust pointers 7.181ms
[28.813s][info][gc,phases,start] GC(709) Phase 4: Move objects
[28.818s][info][gc,phases      ] GC(709) Phase 4: Move objects 5.656ms
[28.819s][info][gc,heap        ] GC(709) DefNew: 157187K(157248K)->32285K(157248K) Eden: 139776K(139776K)->32285K(139776K) From: 17411K(17472K)->0K(17472K)
[28.819s][info][gc,heap        ] GC(709) Tenured: 349515K(349568K)->349517K(349568K)
[28.819s][info][gc,metaspace   ] GC(709) Metaspace: 30959K(31296K)->30959K(31296K) NonClass: 27680K(27840K)->27680K(27840K) Class: 3278K(3456K)->3278K(3456K)
[28.819s][info][gc             ] GC(709) Pause Full (Allocation Failure) 494M->372M(494M) 27.386ms
[28.819s][info][gc,cpu         ] GC(709) User=0.03s Sys=0.00s Real=0.03s
[28.827s][info][gc,start       ] GC(710) Pause Full (Allocation Failure)
[28.827s][info][gc,phases,start] GC(710) Phase 1: Mark live objects
[28.835s][info][gc,phases      ] GC(710) Phase 1: Mark live objects 7.985ms
[28.835s][info][gc,phases,start] GC(710) Phase 2: Compute new object addresses
[28.839s][info][gc,phases      ] GC(710) Phase 2: Compute new object addresses 3.865ms
[28.839s][info][gc,phases,start] GC(710) Phase 3: Adjust pointers
[28.844s][info][gc,phases      ] GC(710) Phase 3: Adjust pointers 5.338ms
[28.844s][info][gc,phases,start] GC(710) Phase 4: Move objects
[28.868s][info][gc,phases      ] GC(710) Phase 4: Move objects 23.738ms
[28.868s][info][gc,heap        ] GC(710) DefNew: 156238K(157248K)->20056K(157248K) Eden: 139776K(139776K)->20056K(139776K) From: 16462K(17472K)->0K(17472K)
[28.868s][info][gc,heap        ] GC(710) Tenured: 349517K(349568K)->349518K(349568K)
[28.868s][info][gc,metaspace   ] GC(710) Metaspace: 30959K(31296K)->30959K(31296K) NonClass: 27680K(27840K)->27680K(27840K) Class: 3278K(3456K)->3278K(3456K)
[28.868s][info][gc             ] GC(710) Pause Full (Allocation Failure) 493M->360M(494M) 41.306ms
[28.868s][info][gc,cpu         ] GC(710) User=0.04s Sys=0.00s Real=0.04s
[28.878s][info][gc,start       ] GC(711) Pause Full (Allocation Failure)
[28.879s][info][gc,phases,start] GC(711) Phase 1: Mark live objects
[28.887s][info][gc,phases      ] GC(711) Phase 1: Mark live objects 8.684ms
[28.887s][info][gc,phases,start] GC(711) Phase 2: Compute new object addresses
[28.892s][info][gc,phases      ] GC(711) Phase 2: Compute new object addresses 4.929ms
[28.892s][info][gc,phases,start] GC(711) Phase 3: Adjust pointers
[28.898s][info][gc,phases      ] GC(711) Phase 3: Adjust pointers 5.885ms
[28.898s][info][gc,phases,start] GC(711) Phase 4: Move objects
[28.902s][info][gc,phases      ] GC(711) Phase 4: Move objects 3.710ms
[28.902s][info][gc,heap        ] GC(711) DefNew: 157029K(157248K)->44017K(157248K) Eden: 139776K(139776K)->44017K(139776K) From: 17253K(17472K)->0K(17472K)
[28.902s][info][gc,heap        ] GC(711) Tenured: 349518K(349568K)->349518K(349568K)
[28.902s][info][gc,metaspace   ] GC(711) Metaspace: 30959K(31296K)->30959K(31296K) NonClass: 27680K(27840K)->27680K(27840K) Class: 3278K(3456K)->3278K(3456K)
[28.902s][info][gc             ] GC(711) Pause Full (Allocation Failure) 494M->384M(494M) 23.726ms
[28.902s][info][gc,cpu         ] GC(711) User=0.02s Sys=0.00s Real=0.02s
[28.913s][info][gc,start       ] GC(712) Pause Full (Allocation Failure)
[28.913s][info][gc,phases,start] GC(712) Phase 1: Mark live objects
[28.922s][info][gc,phases      ] GC(712) Phase 1: Mark live objects 8.714ms
[28.922s][info][gc,phases,start] GC(712) Phase 2: Compute new object addresses
[28.926s][info][gc,phases      ] GC(712) Phase 2: Compute new object addresses 3.954ms
[28.926s][info][gc,phases,start] GC(712) Phase 3: Adjust pointers
[28.931s][info][gc,phases      ] GC(712) Phase 3: Adjust pointers 5.511ms
[28.931s][info][gc,phases,start] GC(712) Phase 4: Move objects
[28.936s][info][gc,phases      ] GC(712) Phase 4: Move objects 4.665ms
[28.936s][info][gc,heap        ] GC(712) DefNew: 156945K(157248K)->37512K(157248K) Eden: 139776K(139776K)->37512K(139776K) From: 17169K(17472K)->0K(17472K)
[28.936s][info][gc,heap        ] GC(712) Tenured: 349518K(349568K)->349254K(349568K)
[28.936s][info][gc,metaspace   ] GC(712) Metaspace: 30959K(31296K)->30959K(31296K) NonClass: 27680K(27840K)->27680K(27840K) Class: 3278K(3456K)->3278K(3456K)
[28.936s][info][gc             ] GC(712) Pause Full (Allocation Failure) 494M->377M(494M) 23.262ms
[28.936s][info][gc,cpu         ] GC(712) User=0.02s Sys=0.00s Real=0.03s
[28.946s][info][gc,start       ] GC(713) Pause Full (Allocation Failure)
[28.946s][info][gc,phases,start] GC(713) Phase 1: Mark live objects
[28.954s][info][gc,phases      ] GC(713) Phase 1: Mark live objects 8.585ms
[28.954s][info][gc,phases,start] GC(713) Phase 2: Compute new object addresses
[28.958s][info][gc,phases      ] GC(713) Phase 2: Compute new object addresses 4.182ms
[28.958s][info][gc,phases,start] GC(713) Phase 3: Adjust pointers
[28.964s][info][gc,phases      ] GC(713) Phase 3: Adjust pointers 5.585ms
[28.964s][info][gc,phases,start] GC(713) Phase 4: Move objects
[28.970s][info][gc,phases      ] GC(713) Phase 4: Move objects 5.852ms
[28.970s][info][gc,heap        ] GC(713) DefNew: 157247K(157248K)->42795K(157248K) Eden: 139776K(139776K)->42795K(139776K) From: 17471K(17472K)->0K(17472K)
[28.970s][info][gc,heap        ] GC(713) Tenured: 349331K(349568K)->349450K(349568K)
[28.970s][info][gc,metaspace   ] GC(713) Metaspace: 30959K(31296K)->30959K(31296K) NonClass: 27680K(27840K)->27680K(27840K) Class: 3278K(3456K)->3278K(3456K)
[28.970s][info][gc             ] GC(713) Pause Full (Allocation Failure) 494M->383M(494M) 24.589ms
[28.970s][info][gc,cpu         ] GC(713) User=0.03s Sys=0.00s Real=0.02s
[28.977s][info][gc,start       ] GC(714) Pause Full (Allocation Failure)
[28.977s][info][gc,phases,start] GC(714) Phase 1: Mark live objects
[28.986s][info][gc,phases      ] GC(714) Phase 1: Mark live objects 8.784ms
[28.986s][info][gc,phases,start] GC(714) Phase 2: Compute new object addresses
[28.990s][info][gc,phases      ] GC(714) Phase 2: Compute new object addresses 4.234ms
[28.990s][info][gc,phases,start] GC(714) Phase 3: Adjust pointers
[28.996s][info][gc,phases      ] GC(714) Phase 3: Adjust pointers 5.641ms
[28.996s][info][gc,phases,start] GC(714) Phase 4: Move objects
[29.003s][info][gc,phases      ] GC(714) Phase 4: Move objects 7.386ms
[29.003s][info][gc,heap        ] GC(714) DefNew: 157130K(157248K)->27813K(157248K) Eden: 139776K(139776K)->27813K(139776K) From: 17354K(17472K)->0K(17472K)
[29.003s][info][gc,heap        ] GC(714) Tenured: 349450K(349568K)->349560K(349568K)
[29.003s][info][gc,metaspace   ] GC(714) Metaspace: 30959K(31296K)->30959K(31296K) NonClass: 27680K(27840K)->27680K(27840K) Class: 3278K(3456K)->3278K(3456K)
[29.003s][info][gc             ] GC(714) Pause Full (Allocation Failure) 494M->368M(494M) 26.481ms
[29.003s][info][gc,cpu         ] GC(714) User=0.03s Sys=0.00s Real=0.02s
[29.015s][info][gc,start       ] GC(715) Pause Full (Allocation Failure)
[29.015s][info][gc,phases,start] GC(715) Phase 1: Mark live objects
[29.022s][info][gc,phases      ] GC(715) Phase 1: Mark live objects 7.763ms
[29.022s][info][gc,phases,start] GC(715) Phase 2: Compute new object addresses
[29.026s][info][gc,phases      ] GC(715) Phase 2: Compute new object addresses 3.950ms
[29.026s][info][gc,phases,start] GC(715) Phase 3: Adjust pointers
[29.032s][info][gc,phases      ] GC(715) Phase 3: Adjust pointers 5.297ms
[29.032s][info][gc,phases,start] GC(715) Phase 4: Move objects
[29.035s][info][gc,phases      ] GC(715) Phase 4: Move objects 3.110ms
[29.035s][info][gc,heap        ] GC(715) DefNew: 157200K(157248K)->37033K(157248K) Eden: 139776K(139776K)->37033K(139776K) From: 17424K(17472K)->0K(17472K)
[29.035s][info][gc,heap        ] GC(715) Tenured: 349560K(349568K)->349560K(349568K)
[29.035s][info][gc,metaspace   ] GC(715) Metaspace: 30959K(31296K)->30959K(31296K) NonClass: 27680K(27840K)->27680K(27840K) Class: 3278K(3456K)->3278K(3456K)
[29.035s][info][gc             ] GC(715) Pause Full (Allocation Failure) 494M->377M(494M) 20.489ms
[29.035s][info][gc,cpu         ] GC(715) User=0.02s Sys=0.00s Real=0.02s
[29.046s][info][gc,start       ] GC(716) Pause Full (Allocation Failure)
[29.046s][info][gc,phases,start] GC(716) Phase 1: Mark live objects
[29.054s][info][gc,phases      ] GC(716) Phase 1: Mark live objects 8.015ms
[29.054s][info][gc,phases,start] GC(716) Phase 2: Compute new object addresses
[29.058s][info][gc,phases      ] GC(716) Phase 2: Compute new object addresses 3.887ms
[29.058s][info][gc,phases,start] GC(716) Phase 3: Adjust pointers
[29.063s][info][gc,phases      ] GC(716) Phase 3: Adjust pointers 5.207ms
[29.063s][info][gc,phases,start] GC(716) Phase 4: Move objects
[29.067s][info][gc,phases      ] GC(716) Phase 4: Move objects 3.772ms
[29.067s][info][gc,heap        ] GC(716) DefNew: 156899K(157248K)->39682K(157248K) Eden: 139776K(139776K)->39682K(139776K) From: 17123K(17472K)->0K(17472K)
[29.067s][info][gc,heap        ] GC(716) Tenured: 349560K(349568K)->349482K(349568K)
[29.067s][info][gc,metaspace   ] GC(716) Metaspace: 30959K(31296K)->30959K(31296K) NonClass: 27680K(27840K)->27680K(27840K) Class: 3278K(3456K)->3278K(3456K)
[29.067s][info][gc             ] GC(716) Pause Full (Allocation Failure) 494M->380M(494M) 21.244ms
[29.067s][info][gc,cpu         ] GC(716) User=0.02s Sys=0.00s Real=0.02s
[29.078s][info][gc,start       ] GC(717) Pause Full (Allocation Failure)
[29.078s][info][gc,phases,start] GC(717) Phase 1: Mark live objects
[29.085s][info][gc,phases      ] GC(717) Phase 1: Mark live objects 7.839ms
[29.085s][info][gc,phases,start] GC(717) Phase 2: Compute new object addresses
[29.090s][info][gc,phases      ] GC(717) Phase 2: Compute new object addresses 4.519ms
[29.090s][info][gc,phases,start] GC(717) Phase 3: Adjust pointers
[29.097s][info][gc,phases      ] GC(717) Phase 3: Adjust pointers 6.723ms
[29.097s][info][gc,phases,start] GC(717) Phase 4: Move objects
[29.103s][info][gc,phases      ] GC(717) Phase 4: Move objects 6.102ms
[29.103s][info][gc,heap        ] GC(717) DefNew: 156370K(157248K)->39202K(157248K) Eden: 139776K(139776K)->39202K(139776K) From: 16594K(17472K)->0K(17472K)
[29.103s][info][gc,heap        ] GC(717) Tenured: 349482K(349568K)->349480K(349568K)
[29.103s][info][gc,metaspace   ] GC(717) Metaspace: 30960K(31296K)->30960K(31296K) NonClass: 27681K(27840K)->27681K(27840K) Class: 3278K(3456K)->3278K(3456K)
[29.103s][info][gc             ] GC(717) Pause Full (Allocation Failure) 493M->379M(494M) 25.606ms
[29.103s][info][gc,cpu         ] GC(717) User=0.03s Sys=0.00s Real=0.02s
[29.113s][info][gc,start       ] GC(718) Pause Full (Allocation Failure)
[29.113s][info][gc,phases,start] GC(718) Phase 1: Mark live objects
[29.122s][info][gc,phases      ] GC(718) Phase 1: Mark live objects 8.484ms
[29.122s][info][gc,phases,start] GC(718) Phase 2: Compute new object addresses
[29.126s][info][gc,phases      ] GC(718) Phase 2: Compute new object addresses 4.236ms
[29.126s][info][gc,phases,start] GC(718) Phase 3: Adjust pointers
[29.132s][info][gc,phases      ] GC(718) Phase 3: Adjust pointers 5.954ms
[29.132s][info][gc,phases,start] GC(718) Phase 4: Move objects
[29.141s][info][gc,phases      ] GC(718) Phase 4: Move objects 8.605ms
[29.141s][info][gc,heap        ] GC(718) DefNew: 156540K(157248K)->21717K(157248K) Eden: 139776K(139776K)->21717K(139776K) From: 16764K(17472K)->0K(17472K)
[29.141s][info][gc,heap        ] GC(718) Tenured: 349480K(349568K)->349445K(349568K)
[29.141s][info][gc,metaspace   ] GC(718) Metaspace: 30960K(31296K)->30960K(31296K) NonClass: 27681K(27840K)->27681K(27840K) Class: 3278K(3456K)->3278K(3456K)
[29.141s][info][gc             ] GC(718) Pause Full (Allocation Failure) 494M->362M(494M) 27.770ms
[29.141s][info][gc,cpu         ] GC(718) User=0.03s Sys=0.00s Real=0.03s
[29.151s][info][gc,start       ] GC(719) Pause Full (Allocation Failure)
[29.151s][info][gc,phases,start] GC(719) Phase 1: Mark live objects
[29.159s][info][gc,phases      ] GC(719) Phase 1: Mark live objects 8.183ms
[29.159s][info][gc,phases,start] GC(719) Phase 2: Compute new object addresses
[29.163s][info][gc,phases      ] GC(719) Phase 2: Compute new object addresses 4.178ms
[29.163s][info][gc,phases,start] GC(719) Phase 3: Adjust pointers
[29.169s][info][gc,phases      ] GC(719) Phase 3: Adjust pointers 5.400ms
[29.169s][info][gc,phases,start] GC(719) Phase 4: Move objects
[29.172s][info][gc,phases      ] GC(719) Phase 4: Move objects 3.252ms
[29.172s][info][gc,heap        ] GC(719) DefNew: 157039K(157248K)->36912K(157248K) Eden: 139776K(139776K)->36912K(139776K) From: 17263K(17472K)->0K(17472K)
[29.172s][info][gc,heap        ] GC(719) Tenured: 349445K(349568K)->349445K(349568K)
[29.172s][info][gc,metaspace   ] GC(719) Metaspace: 30960K(31296K)->30960K(31296K) NonClass: 27681K(27840K)->27681K(27840K) Class: 3278K(3456K)->3278K(3456K)
[29.172s][info][gc             ] GC(719) Pause Full (Allocation Failure) 494M->377M(494M) 21.385ms
[29.172s][info][gc,cpu         ] GC(719) User=0.02s Sys=0.00s Real=0.02s
[29.183s][info][gc,start       ] GC(720) Pause Full (Allocation Failure)
[29.183s][info][gc,phases,start] GC(720) Phase 1: Mark live objects
[29.192s][info][gc,phases      ] GC(720) Phase 1: Mark live objects 8.520ms
[29.192s][info][gc,phases,start] GC(720) Phase 2: Compute new object addresses
[29.196s][info][gc,phases      ] GC(720) Phase 2: Compute new object addresses 4.863ms
[29.196s][info][gc,phases,start] GC(720) Phase 3: Adjust pointers
[29.202s][info][gc,phases      ] GC(720) Phase 3: Adjust pointers 5.856ms
[29.202s][info][gc,phases,start] GC(720) Phase 4: Move objects
[29.206s][info][gc,phases      ] GC(720) Phase 4: Move objects 3.665ms
[29.206s][info][gc,heap        ] GC(720) DefNew: 156607K(157248K)->36807K(157248K) Eden: 139776K(139776K)->36807K(139776K) From: 16831K(17472K)->0K(17472K)
[29.206s][info][gc,heap        ] GC(720) Tenured: 349445K(349568K)->349447K(349568K)
[29.206s][info][gc,metaspace   ] GC(720) Metaspace: 30960K(31296K)->30960K(31296K) NonClass: 27681K(27840K)->27681K(27840K) Class: 3278K(3456K)->3278K(3456K)
[29.206s][info][gc             ] GC(720) Pause Full (Allocation Failure) 494M->377M(494M) 23.317ms
[29.206s][info][gc,cpu         ] GC(720) User=0.03s Sys=0.00s Real=0.03s
[29.217s][info][gc,start       ] GC(721) Pause Full (Allocation Failure)
[29.217s][info][gc,phases,start] GC(721) Phase 1: Mark live objects
[29.226s][info][gc,phases      ] GC(721) Phase 1: Mark live objects 8.622ms
[29.226s][info][gc,phases,start] GC(721) Phase 2: Compute new object addresses
[29.230s][info][gc,phases      ] GC(721) Phase 2: Compute new object addresses 4.149ms
[29.230s][info][gc,phases,start] GC(721) Phase 3: Adjust pointers
[29.236s][info][gc,phases      ] GC(721) Phase 3: Adjust pointers 6.007ms
[29.236s][info][gc,phases,start] GC(721) Phase 4: Move objects
[29.241s][info][gc,phases      ] GC(721) Phase 4: Move objects 5.060ms
[29.241s][info][gc,heap        ] GC(721) DefNew: 157097K(157248K)->34808K(157248K) Eden: 139776K(139776K)->34808K(139776K) From: 17321K(17472K)->0K(17472K)
[29.241s][info][gc,heap        ] GC(721) Tenured: 349447K(349568K)->349484K(349568K)
[29.241s][info][gc,metaspace   ] GC(721) Metaspace: 30960K(31296K)->30960K(31296K) NonClass: 27681K(27840K)->27681K(27840K) Class: 3278K(3456K)->3278K(3456K)
[29.241s][info][gc             ] GC(721) Pause Full (Allocation Failure) 494M->375M(494M) 24.318ms
[29.241s][info][gc,cpu         ] GC(721) User=0.02s Sys=0.00s Real=0.02s
[29.258s][info][gc,start       ] GC(722) Pause Full (Allocation Failure)
[29.258s][info][gc,phases,start] GC(722) Phase 1: Mark live objects
[29.266s][info][gc,phases      ] GC(722) Phase 1: Mark live objects 8.250ms
[29.266s][info][gc,phases,start] GC(722) Phase 2: Compute new object addresses
[29.271s][info][gc,phases      ] GC(722) Phase 2: Compute new object addresses 4.655ms
[29.271s][info][gc,phases,start] GC(722) Phase 3: Adjust pointers
[29.277s][info][gc,phases      ] GC(722) Phase 3: Adjust pointers 5.982ms
[29.277s][info][gc,phases,start] GC(722) Phase 4: Move objects
[29.282s][info][gc,phases      ] GC(722) Phase 4: Move objects 5.844ms
[29.283s][info][gc,heap        ] GC(722) DefNew: 157248K(157248K)->8989K(157248K) Eden: 139776K(139776K)->8989K(139776K) From: 17472K(17472K)->0K(17472K)
[29.283s][info][gc,heap        ] GC(722) Tenured: 349567K(349568K)->349499K(349568K)
[29.283s][info][gc,metaspace   ] GC(722) Metaspace: 30960K(31296K)->30960K(31296K) NonClass: 27681K(27840K)->27681K(27840K) Class: 3278K(3456K)->3278K(3456K)
[29.283s][info][gc             ] GC(722) Pause Full (Allocation Failure) 494M->350M(494M) 25.129ms
[29.283s][info][gc,cpu         ] GC(722) User=0.02s Sys=0.00s Real=0.02s
[29.291s][info][gc,start       ] GC(723) Pause Full (Allocation Failure)
[29.291s][info][gc,phases,start] GC(723) Phase 1: Mark live objects
[29.300s][info][gc,phases      ] GC(723) Phase 1: Mark live objects 9.217ms
[29.300s][info][gc,phases,start] GC(723) Phase 2: Compute new object addresses
[29.305s][info][gc,phases      ] GC(723) Phase 2: Compute new object addresses 4.677ms
[29.305s][info][gc,phases,start] GC(723) Phase 3: Adjust pointers
[29.311s][info][gc,phases      ] GC(723) Phase 3: Adjust pointers 5.689ms
[29.311s][info][gc,phases,start] GC(723) Phase 4: Move objects
[29.313s][info][gc,phases      ] GC(723) Phase 4: Move objects 2.634ms
[29.314s][info][gc,heap        ] GC(723) DefNew: 156785K(157248K)->29403K(157248K) Eden: 139776K(139776K)->29403K(139776K) From: 17009K(17472K)->0K(17472K)
[29.314s][info][gc,heap        ] GC(723) Tenured: 349499K(349568K)->349499K(349568K)
[29.314s][info][gc,metaspace   ] GC(723) Metaspace: 30960K(31296K)->30960K(31296K) NonClass: 27681K(27840K)->27681K(27840K) Class: 3278K(3456K)->3278K(3456K)
[29.314s][info][gc             ] GC(723) Pause Full (Allocation Failure) 494M->370M(494M) 22.576ms
[29.314s][info][gc,cpu         ] GC(723) User=0.02s Sys=0.00s Real=0.02s
[29.321s][info][gc,start       ] GC(724) Pause Full (Allocation Failure)
[29.321s][info][gc,phases,start] GC(724) Phase 1: Mark live objects
[29.329s][info][gc,phases      ] GC(724) Phase 1: Mark live objects 8.407ms
[29.329s][info][gc,phases,start] GC(724) Phase 2: Compute new object addresses
[29.333s][info][gc,phases      ] GC(724) Phase 2: Compute new object addresses 3.940ms
[29.333s][info][gc,phases,start] GC(724) Phase 3: Adjust pointers
[29.339s][info][gc,phases      ] GC(724) Phase 3: Adjust pointers 5.385ms
[29.339s][info][gc,phases,start] GC(724) Phase 4: Move objects
[29.342s][info][gc,phases      ] GC(724) Phase 4: Move objects 3.581ms
[29.342s][info][gc,heap        ] GC(724) DefNew: 157037K(157248K)->38940K(157248K) Eden: 139776K(139776K)->38940K(139776K) From: 17261K(17472K)->0K(17472K)
[29.342s][info][gc,heap        ] GC(724) Tenured: 349499K(349568K)->349498K(349568K)
[29.342s][info][gc,metaspace   ] GC(724) Metaspace: 30960K(31296K)->30960K(31296K) NonClass: 27681K(27840K)->27681K(27840K) Class: 3278K(3456K)->3278K(3456K)
[29.342s][info][gc             ] GC(724) Pause Full (Allocation Failure) 494M->379M(494M) 21.688ms
[29.342s][info][gc,cpu         ] GC(724) User=0.02s Sys=0.00s Real=0.02s
[29.352s][info][gc,start       ] GC(725) Pause Full (Allocation Failure)
[29.352s][info][gc,phases,start] GC(725) Phase 1: Mark live objects
[29.361s][info][gc,phases      ] GC(725) Phase 1: Mark live objects 8.071ms
[29.361s][info][gc,phases,start] GC(725) Phase 2: Compute new object addresses
[29.365s][info][gc,phases      ] GC(725) Phase 2: Compute new object addresses 4.074ms
[29.365s][info][gc,phases,start] GC(725) Phase 3: Adjust pointers
[29.370s][info][gc,phases      ] GC(725) Phase 3: Adjust pointers 5.334ms
[29.370s][info][gc,phases,start] GC(725) Phase 4: Move objects
[29.374s][info][gc,phases      ] GC(725) Phase 4: Move objects 4.426ms
[29.375s][info][gc,heap        ] GC(725) DefNew: 157129K(157248K)->33798K(157248K) Eden: 139776K(139776K)->33798K(139776K) From: 17353K(17472K)->0K(17472K)
[29.375s][info][gc,heap        ] GC(725) Tenured: 349498K(349568K)->349490K(349568K)
[29.375s][info][gc,metaspace   ] GC(725) Metaspace: 30960K(31296K)->30960K(31296K) NonClass: 27681K(27840K)->27681K(27840K) Class: 3278K(3456K)->3278K(3456K)
[29.375s][info][gc             ] GC(725) Pause Full (Allocation Failure) 494M->374M(494M) 22.274ms
[29.375s][info][gc,cpu         ] GC(725) User=0.02s Sys=0.00s Real=0.02s
[29.384s][info][gc,start       ] GC(726) Pause Full (Allocation Failure)
[29.384s][info][gc,phases,start] GC(726) Phase 1: Mark live objects
[29.394s][info][gc,phases      ] GC(726) Phase 1: Mark live objects 9.943ms
[29.394s][info][gc,phases,start] GC(726) Phase 2: Compute new object addresses
[29.399s][info][gc,phases      ] GC(726) Phase 2: Compute new object addresses 5.080ms
[29.399s][info][gc,phases,start] GC(726) Phase 3: Adjust pointers
[29.405s][info][gc,phases      ] GC(726) Phase 3: Adjust pointers 5.988ms
[29.405s][info][gc,phases,start] GC(726) Phase 4: Move objects
[29.411s][info][gc,phases      ] GC(726) Phase 4: Move objects 5.604ms
[29.411s][info][gc,heap        ] GC(726) DefNew: 157138K(157248K)->16736K(157248K) Eden: 139776K(139776K)->16736K(139776K) From: 17362K(17472K)->0K(17472K)
[29.411s][info][gc,heap        ] GC(726) Tenured: 349490K(349568K)->349471K(349568K)
[29.411s][info][gc,metaspace   ] GC(726) Metaspace: 30960K(31296K)->30960K(31296K) NonClass: 27681K(27840K)->27681K(27840K) Class: 3278K(3456K)->3278K(3456K)
[29.411s][info][gc             ] GC(726) Pause Full (Allocation Failure) 494M->357M(494M) 27.064ms
[29.411s][info][gc,cpu         ] GC(726) User=0.03s Sys=0.00s Real=0.02s
[29.422s][info][gc,start       ] GC(727) Pause Full (Allocation Failure)
[29.422s][info][gc,phases,start] GC(727) Phase 1: Mark live objects
[29.430s][info][gc,phases      ] GC(727) Phase 1: Mark live objects 8.506ms
[29.430s][info][gc,phases,start] GC(727) Phase 2: Compute new object addresses
[29.435s][info][gc,phases      ] GC(727) Phase 2: Compute new object addresses 4.393ms
[29.435s][info][gc,phases,start] GC(727) Phase 3: Adjust pointers
[29.440s][info][gc,phases      ] GC(727) Phase 3: Adjust pointers 5.363ms
[29.440s][info][gc,phases,start] GC(727) Phase 4: Move objects
[29.443s][info][gc,phases      ] GC(727) Phase 4: Move objects 2.732ms
[29.443s][info][gc,heap        ] GC(727) DefNew: 156266K(157248K)->31471K(157248K) Eden: 139775K(139776K)->31471K(139776K) From: 16491K(17472K)->0K(17472K)
[29.443s][info][gc,heap        ] GC(727) Tenured: 349471K(349568K)->349471K(349568K)
[29.443s][info][gc,metaspace   ] GC(727) Metaspace: 30960K(31296K)->30960K(31296K) NonClass: 27681K(27840K)->27681K(27840K) Class: 3278K(3456K)->3278K(3456K)
[29.443s][info][gc             ] GC(727) Pause Full (Allocation Failure) 493M->372M(494M) 21.381ms
[29.443s][info][gc,cpu         ] GC(727) User=0.02s Sys=0.00s Real=0.02s
[29.453s][info][gc,start       ] GC(728) Pause Full (Allocation Failure)
[29.453s][info][gc,phases,start] GC(728) Phase 1: Mark live objects
[29.462s][info][gc,phases      ] GC(728) Phase 1: Mark live objects 8.311ms
[29.462s][info][gc,phases,start] GC(728) Phase 2: Compute new object addresses
[29.466s][info][gc,phases      ] GC(728) Phase 2: Compute new object addresses 3.947ms
[29.466s][info][gc,phases,start] GC(728) Phase 3: Adjust pointers
[29.471s][info][gc,phases      ] GC(728) Phase 3: Adjust pointers 5.175ms
[29.471s][info][gc,phases,start] GC(728) Phase 4: Move objects
[29.474s][info][gc,phases      ] GC(728) Phase 4: Move objects 3.352ms
[29.475s][info][gc,heap        ] GC(728) DefNew: 156889K(157248K)->29621K(157248K) Eden: 139776K(139776K)->29621K(139776K) From: 17113K(17472K)->0K(17472K)
[29.475s][info][gc,heap        ] GC(728) Tenured: 349471K(349568K)->349560K(349568K)
[29.475s][info][gc,metaspace   ] GC(728) Metaspace: 30960K(31296K)->30960K(31296K) NonClass: 27681K(27840K)->27681K(27840K) Class: 3278K(3456K)->3278K(3456K)
[29.475s][info][gc             ] GC(728) Pause Full (Allocation Failure) 494M->370M(494M) 21.163ms
[29.475s][info][gc,cpu         ] GC(728) User=0.02s Sys=0.00s Real=0.02s
[29.481s][info][gc,start       ] GC(729) Pause Full (Allocation Failure)
[29.481s][info][gc,phases,start] GC(729) Phase 1: Mark live objects
[29.489s][info][gc,phases      ] GC(729) Phase 1: Mark live objects 8.266ms
[29.489s][info][gc,phases,start] GC(729) Phase 2: Compute new object addresses
[29.493s][info][gc,phases      ] GC(729) Phase 2: Compute new object addresses 4.179ms
[29.493s][info][gc,phases,start] GC(729) Phase 3: Adjust pointers
[29.499s][info][gc,phases      ] GC(729) Phase 3: Adjust pointers 6.228ms
[29.499s][info][gc,phases,start] GC(729) Phase 4: Move objects
[29.504s][info][gc,phases      ] GC(729) Phase 4: Move objects 4.710ms
[29.504s][info][gc,heap        ] GC(729) DefNew: 156990K(157248K)->34967K(157248K) Eden: 139776K(139776K)->34967K(139776K) From: 17214K(17472K)->0K(17472K)
[29.504s][info][gc,heap        ] GC(729) Tenured: 349560K(349568K)->349484K(349568K)
[29.504s][info][gc,metaspace   ] GC(729) Metaspace: 30960K(31296K)->30960K(31296K) NonClass: 27681K(27840K)->27681K(27840K) Class: 3278K(3456K)->3278K(3456K)
[29.504s][info][gc             ] GC(729) Pause Full (Allocation Failure) 494M->375M(494M) 23.845ms
[29.504s][info][gc,cpu         ] GC(729) User=0.03s Sys=0.00s Real=0.03s
[29.515s][info][gc,start       ] GC(730) Pause Full (Allocation Failure)
[29.515s][info][gc,phases,start] GC(730) Phase 1: Mark live objects
[29.525s][info][gc,phases      ] GC(730) Phase 1: Mark live objects 9.438ms
[29.525s][info][gc,phases,start] GC(730) Phase 2: Compute new object addresses
[29.529s][info][gc,phases      ] GC(730) Phase 2: Compute new object addresses 4.498ms
[29.529s][info][gc,phases,start] GC(730) Phase 3: Adjust pointers
[29.535s][info][gc,phases      ] GC(730) Phase 3: Adjust pointers 5.930ms
[29.535s][info][gc,phases,start] GC(730) Phase 4: Move objects
[29.541s][info][gc,phases      ] GC(730) Phase 4: Move objects 5.656ms
[29.541s][info][gc,heap        ] GC(730) DefNew: 156632K(157248K)->14435K(157248K) Eden: 139776K(139776K)->14435K(139776K) From: 16856K(17472K)->0K(17472K)
[29.541s][info][gc,heap        ] GC(730) Tenured: 349484K(349568K)->349322K(349568K)
[29.541s][info][gc,metaspace   ] GC(730) Metaspace: 30960K(31296K)->30960K(31296K) NonClass: 27681K(27840K)->27681K(27840K) Class: 3278K(3456K)->3278K(3456K)
[29.541s][info][gc             ] GC(730) Pause Full (Allocation Failure) 494M->355M(494M) 25.916ms
[29.541s][info][gc,cpu         ] GC(730) User=0.02s Sys=0.00s Real=0.03s
[29.549s][info][gc,start       ] GC(731) Pause Full (Allocation Failure)
[29.549s][info][gc,phases,start] GC(731) Phase 1: Mark live objects
[29.558s][info][gc,phases      ] GC(731) Phase 1: Mark live objects 8.809ms
[29.558s][info][gc,phases,start] GC(731) Phase 2: Compute new object addresses
[29.562s][info][gc,phases      ] GC(731) Phase 2: Compute new object addresses 4.707ms
[29.562s][info][gc,phases,start] GC(731) Phase 3: Adjust pointers
[29.568s][info][gc,phases      ] GC(731) Phase 3: Adjust pointers 5.619ms
[29.568s][info][gc,phases,start] GC(731) Phase 4: Move objects
[29.571s][info][gc,phases      ] GC(731) Phase 4: Move objects 3.109ms
[29.571s][info][gc,heap        ] GC(731) DefNew: 157086K(157248K)->37362K(157248K) Eden: 139776K(139776K)->37362K(139776K) From: 17310K(17472K)->0K(17472K)
[29.571s][info][gc,heap        ] GC(731) Tenured: 349322K(349568K)->349322K(349568K)
[29.571s][info][gc,metaspace   ] GC(731) Metaspace: 30960K(31296K)->30960K(31296K) NonClass: 27681K(27840K)->27681K(27840K) Class: 3278K(3456K)->3278K(3456K)
[29.571s][info][gc             ] GC(731) Pause Full (Allocation Failure) 494M->377M(494M) 22.644ms
[29.571s][info][gc,cpu         ] GC(731) User=0.02s Sys=0.00s Real=0.02s
[29.582s][info][gc,start       ] GC(732) Pause Full (Allocation Failure)
[29.582s][info][gc,phases,start] GC(732) Phase 1: Mark live objects
[29.590s][info][gc,phases      ] GC(732) Phase 1: Mark live objects 8.191ms
[29.590s][info][gc,phases,start] GC(732) Phase 2: Compute new object addresses
[29.594s][info][gc,phases      ] GC(732) Phase 2: Compute new object addresses 4.483ms
[29.595s][info][gc,phases,start] GC(732) Phase 3: Adjust pointers
[29.601s][info][gc,phases      ] GC(732) Phase 3: Adjust pointers 6.032ms
[29.601s][info][gc,phases,start] GC(732) Phase 4: Move objects
[29.605s][info][gc,phases      ] GC(732) Phase 4: Move objects 4.071ms
[29.605s][info][gc,heap        ] GC(732) DefNew: 156878K(157248K)->37145K(157248K) Eden: 139776K(139776K)->37145K(139776K) From: 17102K(17472K)->0K(17472K)
[29.605s][info][gc,heap        ] GC(732) Tenured: 349322K(349568K)->349476K(349568K)
[29.605s][info][gc,metaspace   ] GC(732) Metaspace: 30960K(31296K)->30960K(31296K) NonClass: 27681K(27840K)->27681K(27840K) Class: 3278K(3456K)->3278K(3456K)
[29.605s][info][gc             ] GC(732) Pause Full (Allocation Failure) 494M->377M(494M) 23.164ms
[29.605s][info][gc,cpu         ] GC(732) User=0.02s Sys=0.00s Real=0.03s
[29.613s][info][gc,start       ] GC(733) Pause Full (Allocation Failure)
[29.613s][info][gc,phases,start] GC(733) Phase 1: Mark live objects
[29.621s][info][gc,phases      ] GC(733) Phase 1: Mark live objects 7.953ms
[29.621s][info][gc,phases,start] GC(733) Phase 2: Compute new object addresses
[29.625s][info][gc,phases      ] GC(733) Phase 2: Compute new object addresses 3.993ms
[29.625s][info][gc,phases,start] GC(733) Phase 3: Adjust pointers
[29.630s][info][gc,phases      ] GC(733) Phase 3: Adjust pointers 5.347ms
[29.630s][info][gc,phases,start] GC(733) Phase 4: Move objects
[29.635s][info][gc,phases      ] GC(733) Phase 4: Move objects 4.704ms
[29.635s][info][gc,heap        ] GC(733) DefNew: 157113K(157248K)->39865K(157248K) Eden: 139776K(139776K)->39865K(139776K) From: 17337K(17472K)->0K(17472K)
[29.635s][info][gc,heap        ] GC(733) Tenured: 349476K(349568K)->349485K(349568K)
[29.635s][info][gc,metaspace   ] GC(733) Metaspace: 30960K(31296K)->30960K(31296K) NonClass: 27681K(27840K)->27681K(27840K) Class: 3278K(3456K)->3278K(3456K)
[29.635s][info][gc             ] GC(733) Pause Full (Allocation Failure) 494M->380M(494M) 22.423ms
[29.635s][info][gc,cpu         ] GC(733) User=0.02s Sys=0.00s Real=0.02s
[29.646s][info][gc,start       ] GC(734) Pause Full (Allocation Failure)
[29.646s][info][gc,phases,start] GC(734) Phase 1: Mark live objects
[29.654s][info][gc,phases      ] GC(734) Phase 1: Mark live objects 8.034ms
[29.654s][info][gc,phases,start] GC(734) Phase 2: Compute new object addresses
[29.658s][info][gc,phases      ] GC(734) Phase 2: Compute new object addresses 4.249ms
[29.658s][info][gc,phases,start] GC(734) Phase 3: Adjust pointers
[29.664s][info][gc,phases      ] GC(734) Phase 3: Adjust pointers 5.445ms
[29.664s][info][gc,phases,start] GC(734) Phase 4: Move objects
[29.670s][info][gc,phases      ] GC(734) Phase 4: Move objects 6.394ms
[29.670s][info][gc,heap        ] GC(734) DefNew: 157198K(157248K)->18284K(157248K) Eden: 139776K(139776K)->18284K(139776K) From: 17422K(17472K)->0K(17472K)
[29.670s][info][gc,heap        ] GC(734) Tenured: 349485K(349568K)->349567K(349568K)
[29.670s][info][gc,metaspace   ] GC(734) Metaspace: 30960K(31296K)->30960K(31296K) NonClass: 27681K(27840K)->27681K(27840K) Class: 3278K(3456K)->3278K(3456K)
[29.670s][info][gc             ] GC(734) Pause Full (Allocation Failure) 494M->359M(494M) 24.503ms
[29.670s][info][gc,cpu         ] GC(734) User=0.03s Sys=0.00s Real=0.02s
[29.681s][info][gc,start       ] GC(735) Pause Full (Allocation Failure)
[29.681s][info][gc,phases,start] GC(735) Phase 1: Mark live objects
[29.689s][info][gc,phases      ] GC(735) Phase 1: Mark live objects 7.829ms
[29.689s][info][gc,phases,start] GC(735) Phase 2: Compute new object addresses
[29.694s][info][gc,phases      ] GC(735) Phase 2: Compute new object addresses 4.755ms
[29.694s][info][gc,phases,start] GC(735) Phase 3: Adjust pointers
[29.699s][info][gc,phases      ] GC(735) Phase 3: Adjust pointers 5.827ms
[29.700s][info][gc,phases,start] GC(735) Phase 4: Move objects
[29.702s][info][gc,phases      ] GC(735) Phase 4: Move objects 2.708ms
[29.702s][info][gc,heap        ] GC(735) DefNew: 156341K(157248K)->32928K(157248K) Eden: 139776K(139776K)->32928K(139776K) From: 16565K(17472K)->0K(17472K)
[29.702s][info][gc,heap        ] GC(735) Tenured: 349567K(349568K)->349567K(349568K)
[29.702s][info][gc,metaspace   ] GC(735) Metaspace: 30960K(31296K)->30960K(31296K) NonClass: 27681K(27840K)->27681K(27840K) Class: 3278K(3456K)->3278K(3456K)
[29.702s][info][gc             ] GC(735) Pause Full (Allocation Failure) 494M->373M(494M) 21.514ms
[29.702s][info][gc,cpu         ] GC(735) User=0.03s Sys=0.00s Real=0.02s
[29.709s][info][gc,start       ] GC(736) Pause Full (Allocation Failure)
[29.709s][info][gc,phases,start] GC(736) Phase 1: Mark live objects
[29.718s][info][gc,phases      ] GC(736) Phase 1: Mark live objects 8.462ms
[29.718s][info][gc,phases,start] GC(736) Phase 2: Compute new object addresses
[29.722s][info][gc,phases      ] GC(736) Phase 2: Compute new object addresses 3.952ms
[29.722s][info][gc,phases,start] GC(736) Phase 3: Adjust pointers
[29.727s][info][gc,phases      ] GC(736) Phase 3: Adjust pointers 5.498ms
[29.727s][info][gc,phases,start] GC(736) Phase 4: Move objects
[29.731s][info][gc,phases      ] GC(736) Phase 4: Move objects 4.202ms
[29.732s][info][gc,heap        ] GC(736) DefNew: 157064K(157248K)->39334K(157248K) Eden: 139776K(139776K)->39334K(139776K) From: 17288K(17472K)->0K(17472K)
[29.732s][info][gc,heap        ] GC(736) Tenured: 349567K(349568K)->349486K(349568K)
[29.732s][info][gc,metaspace   ] GC(736) Metaspace: 30960K(31296K)->30960K(31296K) NonClass: 27681K(27840K)->27681K(27840K) Class: 3278K(3456K)->3278K(3456K)
[29.732s][info][gc             ] GC(736) Pause Full (Allocation Failure) 494M->379M(494M) 22.520ms
[29.732s][info][gc,cpu         ] GC(736) User=0.02s Sys=0.00s Real=0.02s
[29.743s][info][gc,start       ] GC(737) Pause Full (Allocation Failure)
[29.743s][info][gc,phases,start] GC(737) Phase 1: Mark live objects
[29.750s][info][gc,phases      ] GC(737) Phase 1: Mark live objects 7.783ms
[29.751s][info][gc,phases,start] GC(737) Phase 2: Compute new object addresses
[29.754s][info][gc,phases      ] GC(737) Phase 2: Compute new object addresses 3.750ms
[29.754s][info][gc,phases,start] GC(737) Phase 3: Adjust pointers
[29.760s][info][gc,phases      ] GC(737) Phase 3: Adjust pointers 5.617ms
[29.760s][info][gc,phases,start] GC(737) Phase 4: Move objects
[29.764s][info][gc,phases      ] GC(737) Phase 4: Move objects 4.528ms
[29.765s][info][gc,heap        ] GC(737) DefNew: 156469K(157248K)->33456K(157248K) Eden: 139776K(139776K)->33456K(139776K) From: 16693K(17472K)->0K(17472K)
[29.765s][info][gc,heap        ] GC(737) Tenured: 349486K(349568K)->349485K(349568K)
[29.765s][info][gc,metaspace   ] GC(737) Metaspace: 30960K(31296K)->30960K(31296K) NonClass: 27681K(27840K)->27681K(27840K) Class: 3278K(3456K)->3278K(3456K)
[29.765s][info][gc             ] GC(737) Pause Full (Allocation Failure) 494M->373M(494M) 22.105ms
[29.765s][info][gc,cpu         ] GC(737) User=0.02s Sys=0.00s Real=0.03s
[29.775s][info][gc,start       ] GC(738) Pause Full (Allocation Failure)
[29.775s][info][gc,phases,start] GC(738) Phase 1: Mark live objects
[29.785s][info][gc,phases      ] GC(738) Phase 1: Mark live objects 9.877ms
[29.785s][info][gc,phases,start] GC(738) Phase 2: Compute new object addresses
[29.790s][info][gc,phases      ] GC(738) Phase 2: Compute new object addresses 5.072ms
[29.791s][info][gc,phases,start] GC(738) Phase 3: Adjust pointers
[29.797s][info][gc,phases      ] GC(738) Phase 3: Adjust pointers 6.917ms
[29.798s][info][gc,phases,start] GC(738) Phase 4: Move objects
[29.812s][info][gc,phases      ] GC(738) Phase 4: Move objects 14.728ms
[29.812s][info][gc,heap        ] GC(738) DefNew: 156834K(157248K)->15791K(157248K) Eden: 139776K(139776K)->15791K(139776K) From: 17058K(17472K)->0K(17472K)
[29.812s][info][gc,heap        ] GC(738) Tenured: 349485K(349568K)->349471K(349568K)
[29.812s][info][gc,metaspace   ] GC(738) Metaspace: 30960K(31296K)->30960K(31296K) NonClass: 27681K(27840K)->27681K(27840K) Class: 3278K(3456K)->3278K(3456K)
[29.813s][info][gc             ] GC(738) Pause Full (Allocation Failure) 494M->356M(494M) 37.224ms
[29.813s][info][gc,cpu         ] GC(738) User=0.05s Sys=0.00s Real=0.04s
[29.823s][info][gc,start       ] GC(739) Pause Full (Allocation Failure)
[29.823s][info][gc,phases,start] GC(739) Phase 1: Mark live objects
[29.832s][info][gc,phases      ] GC(739) Phase 1: Mark live objects 8.777ms
[29.832s][info][gc,phases,start] GC(739) Phase 2: Compute new object addresses
[29.837s][info][gc,phases      ] GC(739) Phase 2: Compute new object addresses 5.038ms
[29.837s][info][gc,phases,start] GC(739) Phase 3: Adjust pointers
[29.844s][info][gc,phases      ] GC(739) Phase 3: Adjust pointers 6.469ms
[29.844s][info][gc,phases,start] GC(739) Phase 4: Move objects
[29.847s][info][gc,phases      ] GC(739) Phase 4: Move objects 3.100ms
[29.847s][info][gc,heap        ] GC(739) DefNew: 156770K(157248K)->31237K(157248K) Eden: 139776K(139776K)->31237K(139776K) From: 16994K(17472K)->0K(17472K)
[29.847s][info][gc,heap        ] GC(739) Tenured: 349471K(349568K)->349478K(349568K)
[29.847s][info][gc,metaspace   ] GC(739) Metaspace: 30960K(31296K)->30960K(31296K) NonClass: 27681K(27840K)->27681K(27840K) Class: 3278K(3456K)->3278K(3456K)
[29.847s][info][gc             ] GC(739) Pause Full (Allocation Failure) 494M->371M(494M) 24.208ms
[29.847s][info][gc,cpu         ] GC(739) User=0.02s Sys=0.00s Real=0.03s
[29.858s][info][gc,start       ] GC(740) Pause Full (Allocation Failure)
[29.858s][info][gc,phases,start] GC(740) Phase 1: Mark live objects
[29.867s][info][gc,phases      ] GC(740) Phase 1: Mark live objects 8.822ms
[29.867s][info][gc,phases,start] GC(740) Phase 2: Compute new object addresses
[29.872s][info][gc,phases      ] GC(740) Phase 2: Compute new object addresses 4.626ms
[29.872s][info][gc,phases,start] GC(740) Phase 3: Adjust pointers
[29.878s][info][gc,phases      ] GC(740) Phase 3: Adjust pointers 6.387ms
[29.878s][info][gc,phases,start] GC(740) Phase 4: Move objects
[29.882s][info][gc,phases      ] GC(740) Phase 4: Move objects 4.333ms
[29.883s][info][gc,heap        ] GC(740) DefNew: 157042K(157248K)->34408K(157248K) Eden: 139776K(139776K)->34408K(139776K) From: 17266K(17472K)->0K(17472K)
[29.883s][info][gc,heap        ] GC(740) Tenured: 349478K(349568K)->349490K(349568K)
[29.883s][info][gc,metaspace   ] GC(740) Metaspace: 30960K(31296K)->30960K(31296K) NonClass: 27681K(27840K)->27681K(27840K) Class: 3278K(3456K)->3278K(3456K)
[29.883s][info][gc             ] GC(740) Pause Full (Allocation Failure) 494M->374M(494M) 24.610ms
[29.883s][info][gc,cpu         ] GC(740) User=0.03s Sys=0.00s Real=0.02s
[29.897s][info][gc,start       ] GC(741) Pause Full (Allocation Failure)
[29.897s][info][gc,phases,start] GC(741) Phase 1: Mark live objects
[29.906s][info][gc,phases      ] GC(741) Phase 1: Mark live objects 9.324ms
[29.906s][info][gc,phases,start] GC(741) Phase 2: Compute new object addresses
[29.911s][info][gc,phases      ] GC(741) Phase 2: Compute new object addresses 4.770ms
[29.911s][info][gc,phases,start] GC(741) Phase 3: Adjust pointers
[29.918s][info][gc,phases      ] GC(741) Phase 3: Adjust pointers 6.771ms
[29.918s][info][gc,phases,start] GC(741) Phase 4: Move objects
[29.923s][info][gc,phases      ] GC(741) Phase 4: Move objects 5.847ms
[29.924s][info][gc,heap        ] GC(741) DefNew: 157101K(157248K)->41201K(157248K) Eden: 139776K(139776K)->41201K(139776K) From: 17325K(17472K)->0K(17472K)
[29.924s][info][gc,heap        ] GC(741) Tenured: 349490K(349568K)->349489K(349568K)
[29.924s][info][gc,metaspace   ] GC(741) Metaspace: 30960K(31296K)->30960K(31296K) NonClass: 27681K(27840K)->27681K(27840K) Class: 3278K(3456K)->3278K(3456K)
[29.924s][info][gc             ] GC(741) Pause Full (Allocation Failure) 494M->381M(494M) 27.292ms
[29.924s][info][gc,cpu         ] GC(741) User=0.05s Sys=0.00s Real=0.03s
[29.934s][info][gc,start       ] GC(742) Pause Full (Allocation Failure)
[29.934s][info][gc,phases,start] GC(742) Phase 1: Mark live objects
[29.945s][info][gc,phases      ] GC(742) Phase 1: Mark live objects 11.273ms
[29.946s][info][gc,phases,start] GC(742) Phase 2: Compute new object addresses
[29.950s][info][gc,phases      ] GC(742) Phase 2: Compute new object addresses 4.129ms
[29.950s][info][gc,phases,start] GC(742) Phase 3: Adjust pointers
[29.956s][info][gc,phases      ] GC(742) Phase 3: Adjust pointers 5.870ms
[29.956s][info][gc,phases,start] GC(742) Phase 4: Move objects
[29.962s][info][gc,phases      ] GC(742) Phase 4: Move objects 6.362ms
[29.962s][info][gc,heap        ] GC(742) DefNew: 156754K(157248K)->22381K(157248K) Eden: 139776K(139776K)->22381K(139776K) From: 16978K(17472K)->0K(17472K)
[29.962s][info][gc,heap        ] GC(742) Tenured: 349489K(349568K)->349449K(349568K)
[29.962s][info][gc,metaspace   ] GC(742) Metaspace: 30960K(31296K)->30960K(31296K) NonClass: 27681K(27840K)->27681K(27840K) Class: 3278K(3456K)->3278K(3456K)
[29.962s][info][gc             ] GC(742) Pause Full (Allocation Failure) 494M->363M(494M) 28.077ms
[29.962s][info][gc,cpu         ] GC(742) User=0.05s Sys=0.01s Real=0.03s
[29.973s][info][gc,start       ] GC(743) Pause Full (Allocation Failure)
[29.973s][info][gc,phases,start] GC(743) Phase 1: Mark live objects
[29.981s][info][gc,phases      ] GC(743) Phase 1: Mark live objects 8.419ms
[29.981s][info][gc,phases,start] GC(743) Phase 2: Compute new object addresses
[29.985s][info][gc,phases      ] GC(743) Phase 2: Compute new object addresses 4.331ms
[29.985s][info][gc,phases,start] GC(743) Phase 3: Adjust pointers
[29.991s][info][gc,phases      ] GC(743) Phase 3: Adjust pointers 5.475ms
[29.991s][info][gc,phases,start] GC(743) Phase 4: Move objects
[29.994s][info][gc,phases      ] GC(743) Phase 4: Move objects 3.040ms
[29.994s][info][gc,heap        ] GC(743) DefNew: 156270K(157248K)->36904K(157248K) Eden: 139775K(139776K)->36904K(139776K) From: 16494K(17472K)->0K(17472K)
[29.994s][info][gc,heap        ] GC(743) Tenured: 349449K(349568K)->349449K(349568K)
[29.994s][info][gc,metaspace   ] GC(743) Metaspace: 30960K(31296K)->30960K(31296K) NonClass: 27681K(27840K)->27681K(27840K) Class: 3278K(3456K)->3278K(3456K)
[29.994s][info][gc             ] GC(743) Pause Full (Allocation Failure) 493M->377M(494M) 21.621ms
[29.994s][info][gc,cpu         ] GC(743) User=0.02s Sys=0.00s Real=0.02s
[30.005s][info][gc,start       ] GC(744) Pause Full (Allocation Failure)
[30.005s][info][gc,phases,start] GC(744) Phase 1: Mark live objects
[30.013s][info][gc,phases      ] GC(744) Phase 1: Mark live objects 7.801ms
[30.013s][info][gc,phases,start] GC(744) Phase 2: Compute new object addresses
[30.017s][info][gc,phases      ] GC(744) Phase 2: Compute new object addresses 3.829ms
[30.017s][info][gc,phases,start] GC(744) Phase 3: Adjust pointers
[30.022s][info][gc,phases      ] GC(744) Phase 3: Adjust pointers 5.077ms
[30.022s][info][gc,phases,start] GC(744) Phase 4: Move objects
[30.025s][info][gc,phases      ] GC(744) Phase 4: Move objects 3.377ms
[30.025s][info][gc,heap        ] GC(744) DefNew: 157225K(157248K)->39377K(157248K) Eden: 139776K(139776K)->39377K(139776K) From: 17449K(17472K)->0K(17472K)
[30.025s][info][gc,heap        ] GC(744) Tenured: 349449K(349568K)->349451K(349568K)
[30.025s][info][gc,metaspace   ] GC(744) Metaspace: 30960K(31296K)->30960K(31296K) NonClass: 27681K(27840K)->27681K(27840K) Class: 3278K(3456K)->3278K(3456K)
[30.025s][info][gc             ] GC(744) Pause Full (Allocation Failure) 494M->379M(494M) 20.430ms
[30.025s][info][gc,cpu         ] GC(744) User=0.02s Sys=0.00s Real=0.02s
[30.036s][info][gc,start       ] GC(745) Pause Full (Allocation Failure)
[30.036s][info][gc,phases,start] GC(745) Phase 1: Mark live objects
[30.045s][info][gc,phases      ] GC(745) Phase 1: Mark live objects 9.077ms
[30.045s][info][gc,phases,start] GC(745) Phase 2: Compute new object addresses
[30.050s][info][gc,phases      ] GC(745) Phase 2: Compute new object addresses 4.252ms
[30.050s][info][gc,phases,start] GC(745) Phase 3: Adjust pointers
[30.055s][info][gc,phases      ] GC(745) Phase 3: Adjust pointers 5.647ms
[30.055s][info][gc,phases,start] GC(745) Phase 4: Move objects
[30.059s][info][gc,phases      ] GC(745) Phase 4: Move objects 3.658ms
[30.059s][info][gc,heap        ] GC(745) DefNew: 156969K(157248K)->35601K(157248K) Eden: 139776K(139776K)->35601K(139776K) From: 17193K(17472K)->0K(17472K)
[30.059s][info][gc,heap        ] GC(745) Tenured: 349451K(349568K)->349447K(349568K)
[30.059s][info][gc,metaspace   ] GC(745) Metaspace: 30960K(31296K)->30960K(31296K) NonClass: 27681K(27840K)->27681K(27840K) Class: 3278K(3456K)->3278K(3456K)
[30.059s][info][gc             ] GC(745) Pause Full (Allocation Failure) 494M->376M(494M) 23.030ms
[30.059s][info][gc,cpu         ] GC(745) User=0.03s Sys=0.00s Real=0.02s
[30.070s][info][gc,start       ] GC(746) Pause Full (Allocation Failure)
[30.070s][info][gc,phases,start] GC(746) Phase 1: Mark live objects
[30.079s][info][gc,phases      ] GC(746) Phase 1: Mark live objects 9.042ms
[30.079s][info][gc,phases,start] GC(746) Phase 2: Compute new object addresses
[30.083s][info][gc,phases      ] GC(746) Phase 2: Compute new object addresses 4.217ms
[30.083s][info][gc,phases,start] GC(746) Phase 3: Adjust pointers
[30.089s][info][gc,phases      ] GC(746) Phase 3: Adjust pointers 6.071ms
[30.089s][info][gc,phases,start] GC(746) Phase 4: Move objects
[30.095s][info][gc,phases      ] GC(746) Phase 4: Move objects 6.034ms
[30.095s][info][gc,heap        ] GC(746) DefNew: 156388K(157248K)->17016K(157248K) Eden: 139776K(139776K)->17016K(139776K) From: 16612K(17472K)->0K(17472K)
[30.095s][info][gc,heap        ] GC(746) Tenured: 349447K(349568K)->349539K(349568K)
[30.095s][info][gc,metaspace   ] GC(746) Metaspace: 30960K(31296K)->30960K(31296K) NonClass: 27681K(27840K)->27681K(27840K) Class: 3278K(3456K)->3278K(3456K)
[30.095s][info][gc             ] GC(746) Pause Full (Allocation Failure) 493M->357M(494M) 25.746ms
[30.095s][info][gc,cpu         ] GC(746) User=0.03s Sys=0.00s Real=0.02s
[30.104s][info][gc,start       ] GC(747) Pause Full (Allocation Failure)
[30.104s][info][gc,phases,start] GC(747) Phase 1: Mark live objects
[30.114s][info][gc,phases      ] GC(747) Phase 1: Mark live objects 10.339ms
[30.114s][info][gc,phases,start] GC(747) Phase 2: Compute new object addresses
[30.119s][info][gc,phases      ] GC(747) Phase 2: Compute new object addresses 4.796ms
[30.119s][info][gc,phases,start] GC(747) Phase 3: Adjust pointers
[30.125s][info][gc,phases      ] GC(747) Phase 3: Adjust pointers 6.520ms
[30.126s][info][gc,phases,start] GC(747) Phase 4: Move objects
[30.128s][info][gc,phases      ] GC(747) Phase 4: Move objects 2.966ms
[30.129s][info][gc,heap        ] GC(747) DefNew: 157068K(157248K)->33685K(157248K) Eden: 139776K(139776K)->33685K(139776K) From: 17292K(17472K)->0K(17472K)
[30.129s][info][gc,heap        ] GC(747) Tenured: 349539K(349568K)->349539K(349568K)
[30.129s][info][gc,metaspace   ] GC(747) Metaspace: 30963K(31296K)->30963K(31296K) NonClass: 27684K(27840K)->27684K(27840K) Class: 3278K(3456K)->3278K(3456K)
[30.129s][info][gc             ] GC(747) Pause Full (Allocation Failure) 494M->374M(494M) 25.061ms
[30.129s][info][gc,cpu         ] GC(747) User=0.02s Sys=0.00s Real=0.03s
[30.140s][info][gc,start       ] GC(748) Pause Full (Allocation Failure)
[30.140s][info][gc,phases,start] GC(748) Phase 1: Mark live objects
[30.149s][info][gc,phases      ] GC(748) Phase 1: Mark live objects 8.678ms
[30.149s][info][gc,phases,start] GC(748) Phase 2: Compute new object addresses
[30.153s][info][gc,phases      ] GC(748) Phase 2: Compute new object addresses 4.029ms
[30.153s][info][gc,phases,start] GC(748) Phase 3: Adjust pointers
[30.158s][info][gc,phases      ] GC(748) Phase 3: Adjust pointers 5.204ms
[30.158s][info][gc,phases,start] GC(748) Phase 4: Move objects
[30.161s][info][gc,phases      ] GC(748) Phase 4: Move objects 3.220ms
[30.162s][info][gc,heap        ] GC(748) DefNew: 157176K(157248K)->37368K(157248K) Eden: 139776K(139776K)->37368K(139776K) From: 17400K(17472K)->0K(17472K)
[30.162s][info][gc,heap        ] GC(748) Tenured: 349539K(349568K)->349539K(349568K)
[30.162s][info][gc,metaspace   ] GC(748) Metaspace: 30963K(31296K)->30963K(31296K) NonClass: 27684K(27840K)->27684K(27840K) Class: 3278K(3456K)->3278K(3456K)
[30.162s][info][gc             ] GC(748) Pause Full (Allocation Failure) 494M->377M(494M) 21.511ms
[30.162s][info][gc,cpu         ] GC(748) User=0.02s Sys=0.00s Real=0.02s
[30.167s][info][gc,start       ] GC(749) Pause Full (Allocation Failure)
[30.167s][info][gc,phases,start] GC(749) Phase 1: Mark live objects
[30.176s][info][gc,phases      ] GC(749) Phase 1: Mark live objects 8.661ms
[30.176s][info][gc,phases,start] GC(749) Phase 2: Compute new object addresses
[30.180s][info][gc,phases      ] GC(749) Phase 2: Compute new object addresses 3.926ms
[30.180s][info][gc,phases,start] GC(749) Phase 3: Adjust pointers
[30.186s][info][gc,phases      ] GC(749) Phase 3: Adjust pointers 5.629ms
[30.186s][info][gc,phases,start] GC(749) Phase 4: Move objects
[30.190s][info][gc,phases      ] GC(749) Phase 4: Move objects 3.777ms
[30.190s][info][gc,heap        ] GC(749) DefNew: 157038K(157248K)->38413K(157248K) Eden: 139776K(139776K)->38413K(139776K) From: 17262K(17472K)->0K(17472K)
[30.190s][info][gc,heap        ] GC(749) Tenured: 349539K(349568K)->349449K(349568K)
[30.190s][info][gc,metaspace   ] GC(749) Metaspace: 30963K(31296K)->30963K(31296K) NonClass: 27684K(27840K)->27684K(27840K) Class: 3278K(3456K)->3278K(3456K)
[30.190s][info][gc             ] GC(749) Pause Full (Allocation Failure) 494M->378M(494M) 22.365ms
[30.190s][info][gc,cpu         ] GC(749) User=0.02s Sys=0.00s Real=0.02s
[30.197s][info][gc,start       ] GC(750) Pause Full (Allocation Failure)
[30.197s][info][gc,phases,start] GC(750) Phase 1: Mark live objects
[30.206s][info][gc,phases      ] GC(750) Phase 1: Mark live objects 8.497ms
[30.206s][info][gc,phases,start] GC(750) Phase 2: Compute new object addresses
[30.210s][info][gc,phases      ] GC(750) Phase 2: Compute new object addresses 3.947ms
[30.210s][info][gc,phases,start] GC(750) Phase 3: Adjust pointers
[30.215s][info][gc,phases      ] GC(750) Phase 3: Adjust pointers 5.614ms
[30.215s][info][gc,phases,start] GC(750) Phase 4: Move objects
[30.239s][info][gc,phases      ] GC(750) Phase 4: Move objects 23.889ms
[30.239s][info][gc,heap        ] GC(750) DefNew: 157137K(157248K)->21607K(157248K) Eden: 139776K(139776K)->21607K(139776K) From: 17361K(17472K)->0K(17472K)
[30.239s][info][gc,heap        ] GC(750) Tenured: 349449K(349568K)->349445K(349568K)
[30.239s][info][gc,metaspace   ] GC(750) Metaspace: 30963K(31296K)->30963K(31296K) NonClass: 27684K(27840K)->27684K(27840K) Class: 3278K(3456K)->3278K(3456K)
[30.240s][info][gc             ] GC(750) Pause Full (Allocation Failure) 494M->362M(494M) 42.358ms
[30.240s][info][gc,cpu         ] GC(750) User=0.04s Sys=0.00s Real=0.04s
[30.247s][info][gc,start       ] GC(751) Pause Full (Allocation Failure)
[30.247s][info][gc,phases,start] GC(751) Phase 1: Mark live objects
[30.256s][info][gc,phases      ] GC(751) Phase 1: Mark live objects 9.048ms
[30.256s][info][gc,phases,start] GC(751) Phase 2: Compute new object addresses
[30.261s][info][gc,phases      ] GC(751) Phase 2: Compute new object addresses 5.077ms
[30.261s][info][gc,phases,start] GC(751) Phase 3: Adjust pointers
[30.268s][info][gc,phases      ] GC(751) Phase 3: Adjust pointers 7.169ms
[30.268s][info][gc,phases,start] GC(751) Phase 4: Move objects
[30.272s][info][gc,phases      ] GC(751) Phase 4: Move objects 3.274ms
[30.272s][info][gc,heap        ] GC(751) DefNew: 157028K(157248K)->35872K(157248K) Eden: 139776K(139776K)->35872K(139776K) From: 17252K(17472K)->0K(17472K)
[30.272s][info][gc,heap        ] GC(751) Tenured: 349445K(349568K)->349445K(349568K)
[30.272s][info][gc,metaspace   ] GC(751) Metaspace: 30963K(31296K)->30963K(31296K) NonClass: 27684K(27840K)->27684K(27840K) Class: 3278K(3456K)->3278K(3456K)
[30.272s][info][gc             ] GC(751) Pause Full (Allocation Failure) 494M->376M(494M) 25.090ms
[30.272s][info][gc,cpu         ] GC(751) User=0.03s Sys=0.01s Real=0.02s
[30.282s][info][gc,start       ] GC(752) Pause Full (Allocation Failure)
[30.282s][info][gc,phases,start] GC(752) Phase 1: Mark live objects
[30.291s][info][gc,phases      ] GC(752) Phase 1: Mark live objects 8.436ms
[30.291s][info][gc,phases,start] GC(752) Phase 2: Compute new object addresses
[30.295s][info][gc,phases      ] GC(752) Phase 2: Compute new object addresses 4.132ms
[30.295s][info][gc,phases,start] GC(752) Phase 3: Adjust pointers
[30.300s][info][gc,phases      ] GC(752) Phase 3: Adjust pointers 5.619ms
[30.300s][info][gc,phases,start] GC(752) Phase 4: Move objects
[30.304s][info][gc,phases      ] GC(752) Phase 4: Move objects 3.433ms
[30.304s][info][gc,heap        ] GC(752) DefNew: 157184K(157248K)->39114K(157248K) Eden: 139776K(139776K)->39114K(139776K) From: 17408K(17472K)->0K(17472K)
[30.304s][info][gc,heap        ] GC(752) Tenured: 349445K(349568K)->349445K(349568K)
[30.304s][info][gc,metaspace   ] GC(752) Metaspace: 30963K(31296K)->30963K(31296K) NonClass: 27684K(27840K)->27684K(27840K) Class: 3278K(3456K)->3278K(3456K)
[30.304s][info][gc             ] GC(752) Pause Full (Allocation Failure) 494M->379M(494M) 22.012ms
[30.304s][info][gc,cpu         ] GC(752) User=0.02s Sys=0.00s Real=0.03s
[30.314s][info][gc,start       ] GC(753) Pause Full (Allocation Failure)
[30.314s][info][gc,phases,start] GC(753) Phase 1: Mark live objects
[30.322s][info][gc,phases      ] GC(753) Phase 1: Mark live objects 8.326ms
[30.322s][info][gc,phases,start] GC(753) Phase 2: Compute new object addresses
[30.327s][info][gc,phases      ] GC(753) Phase 2: Compute new object addresses 4.166ms
[30.327s][info][gc,phases,start] GC(753) Phase 3: Adjust pointers
[30.332s][info][gc,phases      ] GC(753) Phase 3: Adjust pointers 5.361ms
[30.332s][info][gc,phases,start] GC(753) Phase 4: Move objects
[30.336s][info][gc,phases      ] GC(753) Phase 4: Move objects 3.931ms
[30.336s][info][gc,heap        ] GC(753) DefNew: 157107K(157248K)->36863K(157248K) Eden: 139776K(139776K)->36863K(139776K) From: 17331K(17472K)->0K(17472K)
[30.336s][info][gc,heap        ] GC(753) Tenured: 349445K(349568K)->349486K(349568K)
[30.336s][info][gc,metaspace   ] GC(753) Metaspace: 30963K(31296K)->30963K(31296K) NonClass: 27684K(27840K)->27684K(27840K) Class: 3278K(3456K)->3278K(3456K)
[30.336s][info][gc             ] GC(753) Pause Full (Allocation Failure) 494M->377M(494M) 22.158ms
[30.336s][info][gc,cpu         ] GC(753) User=0.02s Sys=0.01s Real=0.03s
[30.349s][info][gc,start       ] GC(754) Pause Full (Allocation Failure)
[30.349s][info][gc,phases,start] GC(754) Phase 1: Mark live objects
[30.356s][info][gc,phases      ] GC(754) Phase 1: Mark live objects 7.696ms
[30.356s][info][gc,phases,start] GC(754) Phase 2: Compute new object addresses
[30.361s][info][gc,phases      ] GC(754) Phase 2: Compute new object addresses 4.396ms
[30.361s][info][gc,phases,start] GC(754) Phase 3: Adjust pointers
[30.369s][info][gc,phases      ] GC(754) Phase 3: Adjust pointers 8.371ms
[30.369s][info][gc,phases,start] GC(754) Phase 4: Move objects
[30.375s][info][gc,phases      ] GC(754) Phase 4: Move objects 6.200ms
[30.376s][info][gc,heap        ] GC(754) DefNew: 157149K(157248K)->17521K(157248K) Eden: 139776K(139776K)->17521K(139776K) From: 17373K(17472K)->0K(17472K)
[30.376s][info][gc,heap        ] GC(754) Tenured: 349486K(349568K)->349177K(349568K)
[30.376s][info][gc,metaspace   ] GC(754) Metaspace: 30963K(31296K)->30963K(31296K) NonClass: 27684K(27840K)->27684K(27840K) Class: 3278K(3456K)->3278K(3456K)
[30.376s][info][gc             ] GC(754) Pause Full (Allocation Failure) 494M->358M(494M) 27.105ms
[30.376s][info][gc,cpu         ] GC(754) User=0.02s Sys=0.00s Real=0.02s
[30.386s][info][gc,start       ] GC(755) Pause Full (Allocation Failure)
[30.386s][info][gc,phases,start] GC(755) Phase 1: Mark live objects
[30.396s][info][gc,phases      ] GC(755) Phase 1: Mark live objects 9.831ms
[30.396s][info][gc,phases,start] GC(755) Phase 2: Compute new object addresses
[30.401s][info][gc,phases      ] GC(755) Phase 2: Compute new object addresses 4.523ms
[30.401s][info][gc,phases,start] GC(755) Phase 3: Adjust pointers
[30.406s][info][gc,phases      ] GC(755) Phase 3: Adjust pointers 5.535ms
[30.406s][info][gc,phases,start] GC(755) Phase 4: Move objects
[30.409s][info][gc,phases      ] GC(755) Phase 4: Move objects 2.946ms
[30.409s][info][gc,heap        ] GC(755) DefNew: 157184K(157248K)->32272K(157248K) Eden: 139776K(139776K)->32272K(139776K) From: 17408K(17472K)->0K(17472K)
[30.409s][info][gc,heap        ] GC(755) Tenured: 349177K(349568K)->349436K(349568K)
[30.409s][info][gc,metaspace   ] GC(755) Metaspace: 30963K(31296K)->30963K(31296K) NonClass: 27684K(27840K)->27684K(27840K) Class: 3278K(3456K)->3278K(3456K)
[30.409s][info][gc             ] GC(755) Pause Full (Allocation Failure) 494M->372M(494M) 23.277ms
[30.409s][info][gc,cpu         ] GC(755) User=0.02s Sys=0.00s Real=0.02s
[30.420s][info][gc,start       ] GC(756) Pause Full (Allocation Failure)
[30.420s][info][gc,phases,start] GC(756) Phase 1: Mark live objects
[30.428s][info][gc,phases      ] GC(756) Phase 1: Mark live objects 7.766ms
[30.428s][info][gc,phases,start] GC(756) Phase 2: Compute new object addresses
[30.433s][info][gc,phases      ] GC(756) Phase 2: Compute new object addresses 4.892ms
[30.433s][info][gc,phases,start] GC(756) Phase 3: Adjust pointers
[30.439s][info][gc,phases      ] GC(756) Phase 3: Adjust pointers 5.989ms
[30.439s][info][gc,phases,start] GC(756) Phase 4: Move objects
[30.442s][info][gc,phases      ] GC(756) Phase 4: Move objects 3.306ms
[30.443s][info][gc,heap        ] GC(756) DefNew: 156861K(157248K)->32953K(157248K) Eden: 139776K(139776K)->32953K(139776K) From: 17085K(17472K)->0K(17472K)
[30.443s][info][gc,heap        ] GC(756) Tenured: 349436K(349568K)->349448K(349568K)
[30.443s][info][gc,metaspace   ] GC(756) Metaspace: 30963K(31296K)->30963K(31296K) NonClass: 27684K(27840K)->27684K(27840K) Class: 3278K(3456K)->3278K(3456K)
[30.443s][info][gc             ] GC(756) Pause Full (Allocation Failure) 494M->373M(494M) 22.352ms
[30.443s][info][gc,cpu         ] GC(756) User=0.02s Sys=0.01s Real=0.02s
[30.452s][info][gc,start       ] GC(757) Pause Full (Allocation Failure)
[30.452s][info][gc,phases,start] GC(757) Phase 1: Mark live objects
[30.460s][info][gc,phases      ] GC(757) Phase 1: Mark live objects 8.201ms
[30.460s][info][gc,phases,start] GC(757) Phase 2: Compute new object addresses
[30.464s][info][gc,phases      ] GC(757) Phase 2: Compute new object addresses 4.336ms
[30.464s][info][gc,phases,start] GC(757) Phase 3: Adjust pointers
[30.470s][info][gc,phases      ] GC(757) Phase 3: Adjust pointers 5.812ms
[30.470s][info][gc,phases,start] GC(757) Phase 4: Move objects
[30.474s][info][gc,phases      ] GC(757) Phase 4: Move objects 4.140ms
[30.475s][info][gc,heap        ] GC(757) DefNew: 157197K(157248K)->37369K(157248K) Eden: 139776K(139776K)->37369K(139776K) From: 17421K(17472K)->0K(17472K)
[30.475s][info][gc,heap        ] GC(757) Tenured: 349448K(349568K)->349487K(349568K)
[30.475s][info][gc,metaspace   ] GC(757) Metaspace: 30963K(31296K)->30963K(31296K) NonClass: 27684K(27840K)->27684K(27840K) Class: 3278K(3456K)->3278K(3456K)
[30.475s][info][gc             ] GC(757) Pause Full (Allocation Failure) 494M->377M(494M) 22.891ms
[30.475s][info][gc,cpu         ] GC(757) User=0.02s Sys=0.00s Real=0.02s
[30.485s][info][gc,start       ] GC(758) Pause Full (Allocation Failure)
[30.485s][info][gc,phases,start] GC(758) Phase 1: Mark live objects
[30.493s][info][gc,phases      ] GC(758) Phase 1: Mark live objects 8.323ms
[30.493s][info][gc,phases,start] GC(758) Phase 2: Compute new object addresses
[30.498s][info][gc,phases      ] GC(758) Phase 2: Compute new object addresses 4.378ms
[30.498s][info][gc,phases,start] GC(758) Phase 3: Adjust pointers
[30.504s][info][gc,phases      ] GC(758) Phase 3: Adjust pointers 5.751ms
[30.504s][info][gc,phases,start] GC(758) Phase 4: Move objects
[30.508s][info][gc,phases      ] GC(758) Phase 4: Move objects 4.617ms
[30.508s][info][gc,heap        ] GC(758) DefNew: 156588K(157248K)->15450K(157248K) Eden: 139776K(139776K)->15450K(139776K) From: 16812K(17472K)->0K(17472K)
[30.508s][info][gc,heap        ] GC(758) Tenured: 349487K(349568K)->349450K(349568K)
[30.508s][info][gc,metaspace   ] GC(758) Metaspace: 30963K(31296K)->30963K(31296K) NonClass: 27684K(27840K)->27684K(27840K) Class: 3278K(3456K)->3278K(3456K)
[30.509s][info][gc             ] GC(758) Pause Full (Allocation Failure) 494M->356M(494M) 23.454ms
[30.509s][info][gc,cpu         ] GC(758) User=0.02s Sys=0.00s Real=0.02s
[30.519s][info][gc,start       ] GC(759) Pause Full (Allocation Failure)
[30.519s][info][gc,phases,start] GC(759) Phase 1: Mark live objects
[30.527s][info][gc,phases      ] GC(759) Phase 1: Mark live objects 8.029ms
[30.527s][info][gc,phases,start] GC(759) Phase 2: Compute new object addresses
[30.532s][info][gc,phases      ] GC(759) Phase 2: Compute new object addresses 4.305ms
[30.532s][info][gc,phases,start] GC(759) Phase 3: Adjust pointers
[30.537s][info][gc,phases      ] GC(759) Phase 3: Adjust pointers 5.299ms
[30.537s][info][gc,phases,start] GC(759) Phase 4: Move objects
[30.540s][info][gc,phases      ] GC(759) Phase 4: Move objects 2.553ms
[30.540s][info][gc,heap        ] GC(759) DefNew: 156775K(157248K)->30432K(157248K) Eden: 139776K(139776K)->30432K(139776K) From: 16999K(17472K)->0K(17472K)
[30.540s][info][gc,heap        ] GC(759) Tenured: 349450K(349568K)->349450K(349568K)
[30.540s][info][gc,metaspace   ] GC(759) Metaspace: 30963K(31296K)->30963K(31296K) NonClass: 27684K(27840K)->27684K(27840K) Class: 3278K(3456K)->3278K(3456K)
[30.540s][info][gc             ] GC(759) Pause Full (Allocation Failure) 494M->370M(494M) 20.558ms
[30.540s][info][gc,cpu         ] GC(759) User=0.02s Sys=0.01s Real=0.02s
[30.547s][info][gc,start       ] GC(760) Pause Full (Allocation Failure)
[30.547s][info][gc,phases,start] GC(760) Phase 1: Mark live objects
[30.556s][info][gc,phases      ] GC(760) Phase 1: Mark live objects 8.327ms
[30.556s][info][gc,phases,start] GC(760) Phase 2: Compute new object addresses
[30.560s][info][gc,phases      ] GC(760) Phase 2: Compute new object addresses 4.004ms
[30.560s][info][gc,phases,start] GC(760) Phase 3: Adjust pointers
[30.565s][info][gc,phases      ] GC(760) Phase 3: Adjust pointers 5.217ms
[30.565s][info][gc,phases,start] GC(760) Phase 4: Move objects
[30.568s][info][gc,phases      ] GC(760) Phase 4: Move objects 3.311ms
[30.568s][info][gc,heap        ] GC(760) DefNew: 157203K(157248K)->40472K(157248K) Eden: 139776K(139776K)->40472K(139776K) From: 17427K(17472K)->0K(17472K)
[30.568s][info][gc,heap        ] GC(760) Tenured: 349450K(349568K)->349450K(349568K)
[30.568s][info][gc,metaspace   ] GC(760) Metaspace: 30963K(31296K)->30963K(31296K) NonClass: 27684K(27840K)->27684K(27840K) Class: 3278K(3456K)->3278K(3456K)
[30.568s][info][gc             ] GC(760) Pause Full (Allocation Failure) 494M->380M(494M) 21.245ms
[30.568s][info][gc,cpu         ] GC(760) User=0.02s Sys=0.00s Real=0.02s
[30.579s][info][gc,start       ] GC(761) Pause Full (Allocation Failure)
[30.579s][info][gc,phases,start] GC(761) Phase 1: Mark live objects
[30.587s][info][gc,phases      ] GC(761) Phase 1: Mark live objects 8.403ms
[30.587s][info][gc,phases,start] GC(761) Phase 2: Compute new object addresses
[30.592s][info][gc,phases      ] GC(761) Phase 2: Compute new object addresses 4.517ms
[30.592s][info][gc,phases,start] GC(761) Phase 3: Adjust pointers
[30.598s][info][gc,phases      ] GC(761) Phase 3: Adjust pointers 5.979ms
[30.598s][info][gc,phases,start] GC(761) Phase 4: Move objects
[30.602s][info][gc,phases      ] GC(761) Phase 4: Move objects 3.760ms
[30.602s][info][gc,heap        ] GC(761) DefNew: 157078K(157248K)->37284K(157248K) Eden: 139776K(139776K)->37284K(139776K) From: 17302K(17472K)->0K(17472K)
[30.602s][info][gc,heap        ] GC(761) Tenured: 349450K(349568K)->349449K(349568K)
[30.602s][info][gc,metaspace   ] GC(761) Metaspace: 30963K(31296K)->30963K(31296K) NonClass: 27684K(27840K)->27684K(27840K) Class: 3278K(3456K)->3278K(3456K)
[30.602s][info][gc             ] GC(761) Pause Full (Allocation Failure) 494M->377M(494M) 23.141ms
[30.602s][info][gc,cpu         ] GC(761) User=0.02s Sys=0.00s Real=0.02s
[30.608s][info][gc,start       ] GC(762) Pause Full (Allocation Failure)
[30.609s][info][gc,phases,start] GC(762) Phase 1: Mark live objects
[30.619s][info][gc,phases      ] GC(762) Phase 1: Mark live objects 10.826ms
[30.619s][info][gc,phases,start] GC(762) Phase 2: Compute new object addresses
[30.623s][info][gc,phases      ] GC(762) Phase 2: Compute new object addresses 4.054ms
[30.623s][info][gc,phases,start] GC(762) Phase 3: Adjust pointers
[30.629s][info][gc,phases      ] GC(762) Phase 3: Adjust pointers 5.579ms
[30.629s][info][gc,phases,start] GC(762) Phase 4: Move objects
[30.635s][info][gc,phases      ] GC(762) Phase 4: Move objects 5.480ms
[30.635s][info][gc,heap        ] GC(762) DefNew: 157246K(157248K)->24578K(157248K) Eden: 139776K(139776K)->24578K(139776K) From: 17470K(17472K)->0K(17472K)
[30.635s][info][gc,heap        ] GC(762) Tenured: 349449K(349568K)->349410K(349568K)
[30.635s][info][gc,metaspace   ] GC(762) Metaspace: 30963K(31296K)->30963K(31296K) NonClass: 27684K(27840K)->27684K(27840K) Class: 3278K(3456K)->3278K(3456K)
[30.635s][info][gc             ] GC(762) Pause Full (Allocation Failure) 494M->365M(494M) 26.327ms
[30.635s][info][gc,cpu         ] GC(762) User=0.02s Sys=0.00s Real=0.02s
[30.646s][info][gc,start       ] GC(763) Pause Full (Allocation Failure)
[30.646s][info][gc,phases,start] GC(763) Phase 1: Mark live objects
[30.654s][info][gc,phases      ] GC(763) Phase 1: Mark live objects 8.261ms
[30.654s][info][gc,phases,start] GC(763) Phase 2: Compute new object addresses
[30.658s][info][gc,phases      ] GC(763) Phase 2: Compute new object addresses 4.032ms
[30.658s][info][gc,phases,start] GC(763) Phase 3: Adjust pointers
[30.663s][info][gc,phases      ] GC(763) Phase 3: Adjust pointers 5.319ms
[30.663s][info][gc,phases,start] GC(763) Phase 4: Move objects
[30.666s][info][gc,phases      ] GC(763) Phase 4: Move objects 2.584ms
[30.666s][info][gc,heap        ] GC(763) DefNew: 157161K(157248K)->30901K(157248K) Eden: 139776K(139776K)->30901K(139776K) From: 17385K(17472K)->0K(17472K)
[30.666s][info][gc,heap        ] GC(763) Tenured: 349410K(349568K)->349410K(349568K)
[30.666s][info][gc,metaspace   ] GC(763) Metaspace: 30963K(31296K)->30963K(31296K) NonClass: 27684K(27840K)->27684K(27840K) Class: 3278K(3456K)->3278K(3456K)
[30.666s][info][gc             ] GC(763) Pause Full (Allocation Failure) 494M->371M(494M) 20.542ms
[30.666s][info][gc,cpu         ] GC(763) User=0.02s Sys=0.00s Real=0.02s
[30.678s][info][gc,start       ] GC(764) Pause Full (Allocation Failure)
[30.678s][info][gc,phases,start] GC(764) Phase 1: Mark live objects
[30.686s][info][gc,phases      ] GC(764) Phase 1: Mark live objects 7.798ms
[30.686s][info][gc,phases,start] GC(764) Phase 2: Compute new object addresses
[30.690s][info][gc,phases      ] GC(764) Phase 2: Compute new object addresses 3.993ms
[30.690s][info][gc,phases,start] GC(764) Phase 3: Adjust pointers
[30.695s][info][gc,phases      ] GC(764) Phase 3: Adjust pointers 5.157ms
[30.695s][info][gc,phases,start] GC(764) Phase 4: Move objects
[30.698s][info][gc,phases      ] GC(764) Phase 4: Move objects 3.144ms
[30.698s][info][gc,heap        ] GC(764) DefNew: 156999K(157248K)->34531K(157248K) Eden: 139776K(139776K)->34531K(139776K) From: 17223K(17472K)->0K(17472K)
[30.698s][info][gc,heap        ] GC(764) Tenured: 349410K(349568K)->349448K(349568K)
[30.698s][info][gc,metaspace   ] GC(764) Metaspace: 30963K(31296K)->30963K(31296K) NonClass: 27684K(27840K)->27684K(27840K) Class: 3278K(3456K)->3278K(3456K)
[30.698s][info][gc             ] GC(764) Pause Full (Allocation Failure) 494M->374M(494M) 20.431ms
[30.698s][info][gc,cpu         ] GC(764) User=0.02s Sys=0.00s Real=0.02s
[30.709s][info][gc,start       ] GC(765) Pause Full (Allocation Failure)
[30.709s][info][gc,phases,start] GC(765) Phase 1: Mark live objects
[30.717s][info][gc,phases      ] GC(765) Phase 1: Mark live objects 8.124ms
[30.717s][info][gc,phases,start] GC(765) Phase 2: Compute new object addresses
[30.721s][info][gc,phases      ] GC(765) Phase 2: Compute new object addresses 4.096ms
[30.721s][info][gc,phases,start] GC(765) Phase 3: Adjust pointers
[30.728s][info][gc,phases      ] GC(765) Phase 3: Adjust pointers 6.849ms
[30.728s][info][gc,phases,start] GC(765) Phase 4: Move objects
[30.732s][info][gc,phases      ] GC(765) Phase 4: Move objects 3.945ms
[30.732s][info][gc,heap        ] GC(765) DefNew: 156874K(157248K)->33285K(157248K) Eden: 139776K(139776K)->33285K(139776K) From: 17098K(17472K)->0K(17472K)
[30.732s][info][gc,heap        ] GC(765) Tenured: 349448K(349568K)->349448K(349568K)
[30.732s][info][gc,metaspace   ] GC(765) Metaspace: 30963K(31296K)->30963K(31296K) NonClass: 27684K(27840K)->27684K(27840K) Class: 3278K(3456K)->3278K(3456K)
[30.732s][info][gc             ] GC(765) Pause Full (Allocation Failure) 494M->373M(494M) 23.430ms
[30.732s][info][gc,cpu         ] GC(765) User=0.02s Sys=0.00s Real=0.02s
[30.742s][info][gc,start       ] GC(766) Pause Full (Allocation Failure)
[30.742s][info][gc,phases,start] GC(766) Phase 1: Mark live objects
[30.751s][info][gc,phases      ] GC(766) Phase 1: Mark live objects 8.679ms
[30.751s][info][gc,phases,start] GC(766) Phase 2: Compute new object addresses
[30.756s][info][gc,phases      ] GC(766) Phase 2: Compute new object addresses 4.452ms
[30.756s][info][gc,phases,start] GC(766) Phase 3: Adjust pointers
[30.762s][info][gc,phases      ] GC(766) Phase 3: Adjust pointers 6.200ms
[30.762s][info][gc,phases,start] GC(766) Phase 4: Move objects
[30.768s][info][gc,phases      ] GC(766) Phase 4: Move objects 5.873ms
[30.768s][info][gc,heap        ] GC(766) DefNew: 157047K(157248K)->16815K(157248K) Eden: 139776K(139776K)->16815K(139776K) From: 17271K(17472K)->0K(17472K)
[30.768s][info][gc,heap        ] GC(766) Tenured: 349448K(349568K)->349438K(349568K)
[30.768s][info][gc,metaspace   ] GC(766) Metaspace: 30963K(31296K)->30963K(31296K) NonClass: 27684K(27840K)->27684K(27840K) Class: 3278K(3456K)->3278K(3456K)
[30.768s][info][gc             ] GC(766) Pause Full (Allocation Failure) 494M->357M(494M) 25.664ms
[30.768s][info][gc,cpu         ] GC(766) User=0.03s Sys=0.00s Real=0.03s
[30.778s][info][gc,start       ] GC(767) Pause Full (Allocation Failure)
[30.778s][info][gc,phases,start] GC(767) Phase 1: Mark live objects
[30.787s][info][gc,phases      ] GC(767) Phase 1: Mark live objects 9.401ms
[30.787s][info][gc,phases,start] GC(767) Phase 2: Compute new object addresses
[30.793s][info][gc,phases      ] GC(767) Phase 2: Compute new object addresses 5.364ms
[30.793s][info][gc,phases,start] GC(767) Phase 3: Adjust pointers
[30.800s][info][gc,phases      ] GC(767) Phase 3: Adjust pointers 6.813ms
[30.800s][info][gc,phases,start] GC(767) Phase 4: Move objects
[30.803s][info][gc,phases      ] GC(767) Phase 4: Move objects 3.180ms
[30.803s][info][gc,heap        ] GC(767) DefNew: 157013K(157248K)->32256K(157248K) Eden: 139776K(139776K)->32256K(139776K) From: 17237K(17472K)->0K(17472K)
[30.803s][info][gc,heap        ] GC(767) Tenured: 349438K(349568K)->349438K(349568K)
[30.803s][info][gc,metaspace   ] GC(767) Metaspace: 30963K(31296K)->30963K(31296K) NonClass: 27684K(27840K)->27684K(27840K) Class: 3278K(3456K)->3278K(3456K)
[30.803s][info][gc             ] GC(767) Pause Full (Allocation Failure) 494M->372M(494M) 25.223ms
[30.803s][info][gc,cpu         ] GC(767) User=0.03s Sys=0.00s Real=0.02s
[30.810s][info][gc,start       ] GC(768) Pause Full (Allocation Failure)
[30.810s][info][gc,phases,start] GC(768) Phase 1: Mark live objects
[30.819s][info][gc,phases      ] GC(768) Phase 1: Mark live objects 8.816ms
[30.819s][info][gc,phases,start] GC(768) Phase 2: Compute new object addresses
[30.823s][info][gc,phases      ] GC(768) Phase 2: Compute new object addresses 4.059ms
[30.823s][info][gc,phases,start] GC(768) Phase 3: Adjust pointers
[30.828s][info][gc,phases      ] GC(768) Phase 3: Adjust pointers 5.386ms
[30.828s][info][gc,phases,start] GC(768) Phase 4: Move objects
[30.832s][info][gc,phases      ] GC(768) Phase 4: Move objects 3.528ms
[30.832s][info][gc,heap        ] GC(768) DefNew: 157039K(157248K)->37545K(157248K) Eden: 139776K(139776K)->37545K(139776K) From: 17263K(17472K)->0K(17472K)
[30.832s][info][gc,heap        ] GC(768) Tenured: 349438K(349568K)->349435K(349568K)
[30.832s][info][gc,metaspace   ] GC(768) Metaspace: 30963K(31296K)->30963K(31296K) NonClass: 27684K(27840K)->27684K(27840K) Class: 3278K(3456K)->3278K(3456K)
[30.832s][info][gc             ] GC(768) Pause Full (Allocation Failure) 494M->377M(494M) 22.204ms
[30.832s][info][gc,cpu         ] GC(768) User=0.02s Sys=0.00s Real=0.02s
[30.841s][info][gc,start       ] GC(769) Pause Full (Allocation Failure)
[30.841s][info][gc,phases,start] GC(769) Phase 1: Mark live objects
[30.850s][info][gc,phases      ] GC(769) Phase 1: Mark live objects 8.616ms
[30.850s][info][gc,phases,start] GC(769) Phase 2: Compute new object addresses
[30.855s][info][gc,phases      ] GC(769) Phase 2: Compute new object addresses 5.239ms
[30.855s][info][gc,phases,start] GC(769) Phase 3: Adjust pointers
[30.861s][info][gc,phases      ] GC(769) Phase 3: Adjust pointers 6.149ms
[30.861s][info][gc,phases,start] GC(769) Phase 4: Move objects
[30.865s][info][gc,phases      ] GC(769) Phase 4: Move objects 3.862ms
[30.865s][info][gc,heap        ] GC(769) DefNew: 156758K(157248K)->37153K(157248K) Eden: 139776K(139776K)->37153K(139776K) From: 16982K(17472K)->0K(17472K)
[30.865s][info][gc,heap        ] GC(769) Tenured: 349435K(349568K)->349456K(349568K)
[30.865s][info][gc,metaspace   ] GC(769) Metaspace: 30963K(31296K)->30963K(31296K) NonClass: 27684K(27840K)->27684K(27840K) Class: 3278K(3456K)->3278K(3456K)
[30.865s][info][gc             ] GC(769) Pause Full (Allocation Failure) 494M->377M(494M) 24.278ms
[30.865s][info][gc,cpu         ] GC(769) User=0.03s Sys=0.00s Real=0.03s
[30.876s][info][gc,start       ] GC(770) Pause Full (Allocation Failure)
[30.876s][info][gc,phases,start] GC(770) Phase 1: Mark live objects
[30.884s][info][gc,phases      ] GC(770) Phase 1: Mark live objects 8.261ms
[30.884s][info][gc,phases,start] GC(770) Phase 2: Compute new object addresses
[30.888s][info][gc,phases      ] GC(770) Phase 2: Compute new object addresses 3.927ms
[30.888s][info][gc,phases,start] GC(770) Phase 3: Adjust pointers
[30.894s][info][gc,phases      ] GC(770) Phase 3: Adjust pointers 5.943ms
[30.894s][info][gc,phases,start] GC(770) Phase 4: Move objects
[30.899s][info][gc,phases      ] GC(770) Phase 4: Move objects 5.016ms
[30.899s][info][gc,heap        ] GC(770) DefNew: 156648K(157248K)->15437K(157248K) Eden: 139776K(139776K)->15437K(139776K) From: 16872K(17472K)->0K(17472K)
[30.899s][info][gc,heap        ] GC(770) Tenured: 349456K(349568K)->349316K(349568K)
[30.900s][info][gc,metaspace   ] GC(770) Metaspace: 30963K(31296K)->30963K(31296K) NonClass: 27684K(27840K)->27684K(27840K) Class: 3278K(3456K)->3278K(3456K)
[30.900s][info][gc             ] GC(770) Pause Full (Allocation Failure) 494M->356M(494M) 23.551ms
[30.900s][info][gc,cpu         ] GC(770) User=0.03s Sys=0.00s Real=0.02s
[30.910s][info][gc,start       ] GC(771) Pause Full (Allocation Failure)
[30.910s][info][gc,phases,start] GC(771) Phase 1: Mark live objects
[30.920s][info][gc,phases      ] GC(771) Phase 1: Mark live objects 9.679ms
[30.920s][info][gc,phases,start] GC(771) Phase 2: Compute new object addresses
[30.924s][info][gc,phases      ] GC(771) Phase 2: Compute new object addresses 4.387ms
[30.924s][info][gc,phases,start] GC(771) Phase 3: Adjust pointers
[30.930s][info][gc,phases      ] GC(771) Phase 3: Adjust pointers 5.809ms
[30.930s][info][gc,phases,start] GC(771) Phase 4: Move objects
[30.933s][info][gc,phases      ] GC(771) Phase 4: Move objects 3.109ms
[30.934s][info][gc,heap        ] GC(771) DefNew: 156780K(157248K)->36217K(157248K) Eden: 139776K(139776K)->36217K(139776K) From: 17004K(17472K)->0K(17472K)
[30.934s][info][gc,heap        ] GC(771) Tenured: 349316K(349568K)->349316K(349568K)
[30.934s][info][gc,metaspace   ] GC(771) Metaspace: 30963K(31296K)->30963K(31296K) NonClass: 27684K(27840K)->27684K(27840K) Class: 3278K(3456K)->3278K(3456K)
[30.934s][info][gc             ] GC(771) Pause Full (Allocation Failure) 494M->376M(494M) 23.455ms
[30.934s][info][gc,cpu         ] GC(771) User=0.03s Sys=0.00s Real=0.02s
[30.944s][info][gc,start       ] GC(772) Pause Full (Allocation Failure)
[30.944s][info][gc,phases,start] GC(772) Phase 1: Mark live objects
[30.953s][info][gc,phases      ] GC(772) Phase 1: Mark live objects 8.835ms
[30.953s][info][gc,phases,start] GC(772) Phase 2: Compute new object addresses
[30.957s][info][gc,phases      ] GC(772) Phase 2: Compute new object addresses 4.385ms
[30.957s][info][gc,phases,start] GC(772) Phase 3: Adjust pointers
[30.963s][info][gc,phases      ] GC(772) Phase 3: Adjust pointers 5.825ms
[30.963s][info][gc,phases,start] GC(772) Phase 4: Move objects
[30.967s][info][gc,phases      ] GC(772) Phase 4: Move objects 3.948ms
[30.967s][info][gc,heap        ] GC(772) DefNew: 157160K(157248K)->42211K(157248K) Eden: 139776K(139776K)->42211K(139776K) From: 17384K(17472K)->0K(17472K)
[30.967s][info][gc,heap        ] GC(772) Tenured: 349316K(349568K)->349316K(349568K)
[30.967s][info][gc,metaspace   ] GC(772) Metaspace: 30963K(31296K)->30963K(31296K) NonClass: 27684K(27840K)->27684K(27840K) Class: 3278K(3456K)->3278K(3456K)
[30.967s][info][gc             ] GC(772) Pause Full (Allocation Failure) 494M->382M(494M) 23.408ms
[30.967s][info][gc,cpu         ] GC(772) User=0.03s Sys=0.00s Real=0.02s
[30.974s][info][gc,start       ] GC(773) Pause Full (Allocation Failure)
[30.974s][info][gc,phases,start] GC(773) Phase 1: Mark live objects
[30.983s][info][gc,phases      ] GC(773) Phase 1: Mark live objects 9.564ms
[30.983s][info][gc,phases,start] GC(773) Phase 2: Compute new object addresses
[30.988s][info][gc,phases      ] GC(773) Phase 2: Compute new object addresses 4.386ms
[30.988s][info][gc,phases,start] GC(773) Phase 3: Adjust pointers
[30.994s][info][gc,phases      ] GC(773) Phase 3: Adjust pointers 6.287ms
[30.994s][info][gc,phases,start] GC(773) Phase 4: Move objects
[30.999s][info][gc,phases      ] GC(773) Phase 4: Move objects 4.951ms
[30.999s][info][gc,heap        ] GC(773) DefNew: 157026K(157248K)->45067K(157248K) Eden: 139776K(139776K)->45067K(139776K) From: 17250K(17472K)->0K(17472K)
[30.999s][info][gc,heap        ] GC(773) Tenured: 349316K(349568K)->349203K(349568K)
[30.999s][info][gc,metaspace   ] GC(773) Metaspace: 30963K(31296K)->30963K(31296K) NonClass: 27684K(27840K)->27684K(27840K) Class: 3278K(3456K)->3278K(3456K)
[30.999s][info][gc             ] GC(773) Pause Full (Allocation Failure) 494M->385M(494M) 25.626ms
[30.999s][info][gc,cpu         ] GC(773) User=0.03s Sys=0.00s Real=0.03s
[31.010s][info][gc,start       ] GC(774) Pause Full (Allocation Failure)
[31.010s][info][gc,phases,start] GC(774) Phase 1: Mark live objects
[31.020s][info][gc,phases      ] GC(774) Phase 1: Mark live objects 10.148ms
[31.021s][info][gc,phases,start] GC(774) Phase 2: Compute new object addresses
[31.025s][info][gc,phases      ] GC(774) Phase 2: Compute new object addresses 4.203ms
[31.025s][info][gc,phases,start] GC(774) Phase 3: Adjust pointers
[31.031s][info][gc,phases      ] GC(774) Phase 3: Adjust pointers 6.290ms
[31.031s][info][gc,phases,start] GC(774) Phase 4: Move objects
[31.040s][info][gc,phases      ] GC(774) Phase 4: Move objects 8.783ms
[31.040s][info][gc,heap        ] GC(774) DefNew: 156631K(157248K)->21327K(157248K) Eden: 139776K(139776K)->21327K(139776K) From: 16855K(17472K)->0K(17472K)
[31.040s][info][gc,heap        ] GC(774) Tenured: 349203K(349568K)->349433K(349568K)
[31.040s][info][gc,metaspace   ] GC(774) Metaspace: 30963K(31296K)->30963K(31296K) NonClass: 27684K(27840K)->27684K(27840K) Class: 3278K(3456K)->3278K(3456K)
[31.040s][info][gc             ] GC(774) Pause Full (Allocation Failure) 493M->362M(494M) 29.888ms
[31.040s][info][gc,cpu         ] GC(774) User=0.03s Sys=0.00s Real=0.03s
[31.051s][info][gc,start       ] GC(775) Pause Full (Allocation Failure)
[31.051s][info][gc,phases,start] GC(775) Phase 1: Mark live objects
[31.059s][info][gc,phases      ] GC(775) Phase 1: Mark live objects 8.361ms
[31.059s][info][gc,phases,start] GC(775) Phase 2: Compute new object addresses
[31.064s][info][gc,phases      ] GC(775) Phase 2: Compute new object addresses 4.552ms
[31.064s][info][gc,phases,start] GC(775) Phase 3: Adjust pointers
[31.071s][info][gc,phases      ] GC(775) Phase 3: Adjust pointers 7.380ms
[31.071s][info][gc,phases,start] GC(775) Phase 4: Move objects
[31.074s][info][gc,phases      ] GC(775) Phase 4: Move objects 3.126ms
[31.074s][info][gc,heap        ] GC(775) DefNew: 156288K(157248K)->30203K(157248K) Eden: 139776K(139776K)->30203K(139776K) From: 16512K(17472K)->0K(17472K)
[31.074s][info][gc,heap        ] GC(775) Tenured: 349433K(349568K)->349433K(349568K)
[31.074s][info][gc,metaspace   ] GC(775) Metaspace: 30963K(31296K)->30963K(31296K) NonClass: 27684K(27840K)->27684K(27840K) Class: 3278K(3456K)->3278K(3456K)
[31.074s][info][gc             ] GC(775) Pause Full (Allocation Failure) 493M->370M(494M) 23.858ms
[31.074s][info][gc,cpu         ] GC(775) User=0.03s Sys=0.00s Real=0.02s
[31.088s][info][gc,start       ] GC(776) Pause Full (Allocation Failure)
[31.088s][info][gc,phases,start] GC(776) Phase 1: Mark live objects
[31.097s][info][gc,phases      ] GC(776) Phase 1: Mark live objects 9.667ms
[31.097s][info][gc,phases,start] GC(776) Phase 2: Compute new object addresses
[31.102s][info][gc,phases      ] GC(776) Phase 2: Compute new object addresses 4.891ms
[31.102s][info][gc,phases,start] GC(776) Phase 3: Adjust pointers
[31.110s][info][gc,phases      ] GC(776) Phase 3: Adjust pointers 7.468ms
[31.110s][info][gc,phases,start] GC(776) Phase 4: Move objects
[31.114s][info][gc,phases      ] GC(776) Phase 4: Move objects 3.682ms
[31.114s][info][gc,heap        ] GC(776) DefNew: 157097K(157248K)->36763K(157248K) Eden: 139776K(139776K)->36763K(139776K) From: 17321K(17472K)->0K(17472K)
[31.114s][info][gc,heap        ] GC(776) Tenured: 349433K(349568K)->349433K(349568K)
[31.114s][info][gc,metaspace   ] GC(776) Metaspace: 30963K(31296K)->30963K(31296K) NonClass: 27684K(27840K)->27684K(27840K) Class: 3278K(3456K)->3278K(3456K)
[31.114s][info][gc             ] GC(776) Pause Full (Allocation Failure) 494M->377M(494M) 26.238ms
[31.114s][info][gc,cpu         ] GC(776) User=0.02s Sys=0.00s Real=0.02s
[31.120s][info][gc,start       ] GC(777) Pause Full (Allocation Failure)
[31.120s][info][gc,phases,start] GC(777) Phase 1: Mark live objects
[31.132s][info][gc,phases      ] GC(777) Phase 1: Mark live objects 11.916ms
[31.132s][info][gc,phases,start] GC(777) Phase 2: Compute new object addresses
[31.137s][info][gc,phases      ] GC(777) Phase 2: Compute new object addresses 4.760ms
[31.137s][info][gc,phases,start] GC(777) Phase 3: Adjust pointers
[31.144s][info][gc,phases      ] GC(777) Phase 3: Adjust pointers 7.555ms
[31.144s][info][gc,phases,start] GC(777) Phase 4: Move objects
[31.149s][info][gc,phases      ] GC(777) Phase 4: Move objects 4.253ms
[31.149s][info][gc,heap        ] GC(777) DefNew: 157241K(157248K)->43559K(157248K) Eden: 139776K(139776K)->43559K(139776K) From: 17465K(17472K)->0K(17472K)
[31.149s][info][gc,heap        ] GC(777) Tenured: 349433K(349568K)->349431K(349568K)
[31.149s][info][gc,metaspace   ] GC(777) Metaspace: 30963K(31296K)->30963K(31296K) NonClass: 27684K(27840K)->27684K(27840K) Class: 3278K(3456K)->3278K(3456K)
[31.149s][info][gc             ] GC(777) Pause Full (Allocation Failure) 494M->383M(494M) 28.976ms
[31.149s][info][gc,cpu         ] GC(777) User=0.03s Sys=0.01s Real=0.03s
[31.160s][info][gc,start       ] GC(778) Pause Full (Allocation Failure)
[31.160s][info][gc,phases,start] GC(778) Phase 1: Mark live objects
[31.168s][info][gc,phases      ] GC(778) Phase 1: Mark live objects 8.186ms
[31.168s][info][gc,phases,start] GC(778) Phase 2: Compute new object addresses
[31.172s][info][gc,phases      ] GC(778) Phase 2: Compute new object addresses 3.928ms
[31.172s][info][gc,phases,start] GC(778) Phase 3: Adjust pointers
[31.177s][info][gc,phases      ] GC(778) Phase 3: Adjust pointers 5.323ms
[31.177s][info][gc,phases,start] GC(778) Phase 4: Move objects
[31.182s][info][gc,phases      ] GC(778) Phase 4: Move objects 4.467ms
[31.182s][info][gc,heap        ] GC(778) DefNew: 157155K(157248K)->16260K(157248K) Eden: 139776K(139776K)->16260K(139776K) From: 17379K(17472K)->0K(17472K)
[31.182s][info][gc,heap        ] GC(778) Tenured: 349431K(349568K)->349507K(349568K)
[31.182s][info][gc,metaspace   ] GC(778) Metaspace: 30963K(31296K)->30963K(31296K) NonClass: 27684K(27840K)->27684K(27840K) Class: 3278K(3456K)->3278K(3456K)
[31.182s][info][gc             ] GC(778) Pause Full (Allocation Failure) 494M->357M(494M) 22.299ms
[31.182s][info][gc,cpu         ] GC(778) User=0.02s Sys=0.00s Real=0.02s
[31.193s][info][gc,start       ] GC(779) Pause Full (Allocation Failure)
[31.193s][info][gc,phases,start] GC(779) Phase 1: Mark live objects
[31.201s][info][gc,phases      ] GC(779) Phase 1: Mark live objects 8.176ms
[31.201s][info][gc,phases,start] GC(779) Phase 2: Compute new object addresses
[31.205s][info][gc,phases      ] GC(779) Phase 2: Compute new object addresses 4.122ms
[31.205s][info][gc,phases,start] GC(779) Phase 3: Adjust pointers
[31.210s][info][gc,phases      ] GC(779) Phase 3: Adjust pointers 5.186ms
[31.210s][info][gc,phases,start] GC(779) Phase 4: Move objects
[31.213s][info][gc,phases      ] GC(779) Phase 4: Move objects 2.683ms
[31.213s][info][gc,heap        ] GC(779) DefNew: 157068K(157248K)->29185K(157248K) Eden: 139776K(139776K)->29185K(139776K) From: 17292K(17472K)->0K(17472K)
[31.213s][info][gc,heap        ] GC(779) Tenured: 349507K(349568K)->349507K(349568K)
[31.213s][info][gc,metaspace   ] GC(779) Metaspace: 30963K(31296K)->30963K(31296K) NonClass: 27684K(27840K)->27684K(27840K) Class: 3278K(3456K)->3278K(3456K)
[31.213s][info][gc             ] GC(779) Pause Full (Allocation Failure) 494M->369M(494M) 20.507ms
[31.213s][info][gc,cpu         ] GC(779) User=0.02s Sys=0.00s Real=0.02s
[31.220s][info][gc,start       ] GC(780) Pause Full (Allocation Failure)
[31.220s][info][gc,phases,start] GC(780) Phase 1: Mark live objects
[31.228s][info][gc,phases      ] GC(780) Phase 1: Mark live objects 8.521ms
[31.228s][info][gc,phases,start] GC(780) Phase 2: Compute new object addresses
[31.233s][info][gc,phases      ] GC(780) Phase 2: Compute new object addresses 4.137ms
[31.233s][info][gc,phases,start] GC(780) Phase 3: Adjust pointers
[31.238s][info][gc,phases      ] GC(780) Phase 3: Adjust pointers 5.790ms
[31.238s][info][gc,phases,start] GC(780) Phase 4: Move objects
[31.242s][info][gc,phases      ] GC(780) Phase 4: Move objects 3.305ms
[31.242s][info][gc,heap        ] GC(780) DefNew: 157000K(157248K)->37893K(157248K) Eden: 139776K(139776K)->37893K(139776K) From: 17224K(17472K)->0K(17472K)
[31.242s][info][gc,heap        ] GC(780) Tenured: 349507K(349568K)->349507K(349568K)
[31.242s][info][gc,metaspace   ] GC(780) Metaspace: 30963K(31296K)->30963K(31296K) NonClass: 27684K(27840K)->27684K(27840K) Class: 3278K(3456K)->3278K(3456K)
[31.242s][info][gc             ] GC(780) Pause Full (Allocation Failure) 494M->378M(494M) 22.262ms
[31.242s][info][gc,cpu         ] GC(780) User=0.02s Sys=0.00s Real=0.02s
[31.253s][info][gc,start       ] GC(781) Pause Full (Allocation Failure)
[31.253s][info][gc,phases,start] GC(781) Phase 1: Mark live objects
[31.263s][info][gc,phases      ] GC(781) Phase 1: Mark live objects 10.255ms
[31.263s][info][gc,phases,start] GC(781) Phase 2: Compute new object addresses
[31.269s][info][gc,phases      ] GC(781) Phase 2: Compute new object addresses 5.991ms
[31.269s][info][gc,phases,start] GC(781) Phase 3: Adjust pointers
[31.276s][info][gc,phases      ] GC(781) Phase 3: Adjust pointers 7.176ms
[31.276s][info][gc,phases,start] GC(781) Phase 4: Move objects
[31.280s][info][gc,phases      ] GC(781) Phase 4: Move objects 3.509ms
[31.280s][info][gc,heap        ] GC(781) DefNew: 157177K(157248K)->33697K(157248K) Eden: 139776K(139776K)->33697K(139776K) From: 17401K(17472K)->0K(17472K)
[31.280s][info][gc,heap        ] GC(781) Tenured: 349507K(349568K)->349510K(349568K)
[31.280s][info][gc,metaspace   ] GC(781) Metaspace: 30963K(31296K)->30963K(31296K) NonClass: 27684K(27840K)->27684K(27840K) Class: 3278K(3456K)->3278K(3456K)
[31.280s][info][gc             ] GC(781) Pause Full (Allocation Failure) 494M->374M(494M) 27.467ms
[31.280s][info][gc,cpu         ] GC(781) User=0.03s Sys=0.00s Real=0.03s
[31.290s][info][gc,start       ] GC(782) Pause Full (Allocation Failure)
[31.290s][info][gc,phases,start] GC(782) Phase 1: Mark live objects
[31.299s][info][gc,phases      ] GC(782) Phase 1: Mark live objects 9.258ms
[31.299s][info][gc,phases,start] GC(782) Phase 2: Compute new object addresses
[31.304s][info][gc,phases      ] GC(782) Phase 2: Compute new object addresses 4.695ms
[31.304s][info][gc,phases,start] GC(782) Phase 3: Adjust pointers
[31.310s][info][gc,phases      ] GC(782) Phase 3: Adjust pointers 6.141ms
[31.310s][info][gc,phases,start] GC(782) Phase 4: Move objects
[31.317s][info][gc,phases      ] GC(782) Phase 4: Move objects 6.111ms
[31.317s][info][gc,heap        ] GC(782) DefNew: 157057K(157248K)->18879K(157248K) Eden: 139776K(139776K)->18879K(139776K) From: 17281K(17472K)->0K(17472K)
[31.317s][info][gc,heap        ] GC(782) Tenured: 349510K(349568K)->348651K(349568K)
[31.317s][info][gc,metaspace   ] GC(782) Metaspace: 30963K(31296K)->30963K(31296K) NonClass: 27684K(27840K)->27684K(27840K) Class: 3278K(3456K)->3278K(3456K)
[31.317s][info][gc             ] GC(782) Pause Full (Allocation Failure) 494M->358M(494M) 26.604ms
[31.317s][info][gc,cpu         ] GC(782) User=0.03s Sys=0.00s Real=0.03s
[31.328s][info][gc,start       ] GC(783) Pause Full (Allocation Failure)
[31.328s][info][gc,phases,start] GC(783) Phase 1: Mark live objects
[31.336s][info][gc,phases      ] GC(783) Phase 1: Mark live objects 8.269ms
[31.336s][info][gc,phases,start] GC(783) Phase 2: Compute new object addresses
[31.341s][info][gc,phases      ] GC(783) Phase 2: Compute new object addresses 4.843ms
[31.341s][info][gc,phases,start] GC(783) Phase 3: Adjust pointers
[31.347s][info][gc,phases      ] GC(783) Phase 3: Adjust pointers 6.112ms
[31.347s][info][gc,phases,start] GC(783) Phase 4: Move objects
[31.349s][info][gc,phases      ] GC(783) Phase 4: Move objects 2.347ms
[31.350s][info][gc,heap        ] GC(783) DefNew: 156231K(157248K)->25979K(157248K) Eden: 139776K(139776K)->25979K(139776K) From: 16455K(17472K)->0K(17472K)
[31.350s][info][gc,heap        ] GC(783) Tenured: 348651K(349568K)->349427K(349568K)
[31.350s][info][gc,metaspace   ] GC(783) Metaspace: 30963K(31296K)->30963K(31296K) NonClass: 27684K(27840K)->27684K(27840K) Class: 3278K(3456K)->3278K(3456K)
[31.350s][info][gc             ] GC(783) Pause Full (Allocation Failure) 493M->366M(494M) 21.968ms
[31.350s][info][gc,cpu         ] GC(783) User=0.03s Sys=0.00s Real=0.02s
[31.362s][info][gc,start       ] GC(784) Pause Full (Allocation Failure)
[31.362s][info][gc,phases,start] GC(784) Phase 1: Mark live objects
[31.371s][info][gc,phases      ] GC(784) Phase 1: Mark live objects 8.620ms
[31.371s][info][gc,phases,start] GC(784) Phase 2: Compute new object addresses
[31.375s][info][gc,phases      ] GC(784) Phase 2: Compute new object addresses 4.275ms
[31.375s][info][gc,phases,start] GC(784) Phase 3: Adjust pointers
[31.380s][info][gc,phases      ] GC(784) Phase 3: Adjust pointers 5.469ms
[31.380s][info][gc,phases,start] GC(784) Phase 4: Move objects
[31.383s][info][gc,phases      ] GC(784) Phase 4: Move objects 2.819ms
[31.383s][info][gc,heap        ] GC(784) DefNew: 157248K(157248K)->33044K(157248K) Eden: 139776K(139776K)->33044K(139776K) From: 17472K(17472K)->0K(17472K)
[31.383s][info][gc,heap        ] GC(784) Tenured: 349515K(349568K)->349515K(349568K)
[31.383s][info][gc,metaspace   ] GC(784) Metaspace: 30963K(31296K)->30963K(31296K) NonClass: 27684K(27840K)->27684K(27840K) Class: 3278K(3456K)->3278K(3456K)
[31.383s][info][gc             ] GC(784) Pause Full (Allocation Failure) 494M->373M(494M) 21.543ms
[31.383s][info][gc,cpu         ] GC(784) User=0.02s Sys=0.00s Real=0.02s
[31.394s][info][gc,start       ] GC(785) Pause Full (Allocation Failure)
[31.394s][info][gc,phases,start] GC(785) Phase 1: Mark live objects
[31.403s][info][gc,phases      ] GC(785) Phase 1: Mark live objects 8.506ms
[31.403s][info][gc,phases,start] GC(785) Phase 2: Compute new object addresses
[31.407s][info][gc,phases      ] GC(785) Phase 2: Compute new object addresses 4.019ms
[31.407s][info][gc,phases,start] GC(785) Phase 3: Adjust pointers
[31.412s][info][gc,phases      ] GC(785) Phase 3: Adjust pointers 5.455ms
[31.412s][info][gc,phases,start] GC(785) Phase 4: Move objects
[31.416s][info][gc,phases      ] GC(785) Phase 4: Move objects 3.264ms
[31.416s][info][gc,heap        ] GC(785) DefNew: 156543K(157248K)->32768K(157248K) Eden: 139776K(139776K)->32768K(139776K) From: 16767K(17472K)->0K(17472K)
[31.416s][info][gc,heap        ] GC(785) Tenured: 349515K(349568K)->349432K(349568K)
[31.416s][info][gc,metaspace   ] GC(785) Metaspace: 30964K(31296K)->30964K(31296K) NonClass: 27685K(27840K)->27685K(27840K) Class: 3278K(3456K)->3278K(3456K)
[31.416s][info][gc             ] GC(785) Pause Full (Allocation Failure) 494M->373M(494M) 21.624ms
[31.416s][info][gc,cpu         ] GC(785) User=0.02s Sys=0.00s Real=0.03s
[31.427s][info][gc,start       ] GC(786) Pause Full (Allocation Failure)
[31.427s][info][gc,phases,start] GC(786) Phase 1: Mark live objects
[31.435s][info][gc,phases      ] GC(786) Phase 1: Mark live objects 8.886ms
[31.435s][info][gc,phases,start] GC(786) Phase 2: Compute new object addresses
[31.440s][info][gc,phases      ] GC(786) Phase 2: Compute new object addresses 4.149ms
[31.440s][info][gc,phases,start] GC(786) Phase 3: Adjust pointers
[31.445s][info][gc,phases      ] GC(786) Phase 3: Adjust pointers 5.297ms
[31.445s][info][gc,phases,start] GC(786) Phase 4: Move objects
[31.450s][info][gc,phases      ] GC(786) Phase 4: Move objects 4.543ms
[31.450s][info][gc,heap        ] GC(786) DefNew: 156772K(157248K)->17062K(157248K) Eden: 139776K(139776K)->17062K(139776K) From: 16996K(17472K)->0K(17472K)
[31.450s][info][gc,heap        ] GC(786) Tenured: 349432K(349568K)->349431K(349568K)
[31.450s][info][gc,metaspace   ] GC(786) Metaspace: 30964K(31296K)->30964K(31296K) NonClass: 27685K(27840K)->27685K(27840K) Class: 3278K(3456K)->3278K(3456K)
[31.450s][info][gc             ] GC(786) Pause Full (Allocation Failure) 494M->357M(494M) 23.236ms
[31.450s][info][gc,cpu         ] GC(786) User=0.02s Sys=0.00s Real=0.02s
[31.456s][info][gc,start       ] GC(787) Pause Full (Allocation Failure)
[31.456s][info][gc,phases,start] GC(787) Phase 1: Mark live objects
[31.466s][info][gc,phases      ] GC(787) Phase 1: Mark live objects 9.038ms
[31.467s][info][gc,phases,start] GC(787) Phase 2: Compute new object addresses
[31.473s][info][gc,phases      ] GC(787) Phase 2: Compute new object addresses 5.420ms
[31.473s][info][gc,phases,start] GC(787) Phase 3: Adjust pointers
[31.479s][info][gc,phases      ] GC(787) Phase 3: Adjust pointers 6.130ms
[31.479s][info][gc,phases,start] GC(787) Phase 4: Move objects
[31.482s][info][gc,phases      ] GC(787) Phase 4: Move objects 2.805ms
[31.482s][info][gc,heap        ] GC(787) DefNew: 157069K(157248K)->32512K(157248K) Eden: 139776K(139776K)->32512K(139776K) From: 17293K(17472K)->0K(17472K)
[31.482s][info][gc,heap        ] GC(787) Tenured: 349431K(349568K)->349431K(349568K)
[31.482s][info][gc,metaspace   ] GC(787) Metaspace: 30964K(31296K)->30964K(31296K) NonClass: 27685K(27840K)->27685K(27840K) Class: 3278K(3456K)->3278K(3456K)
[31.482s][info][gc             ] GC(787) Pause Full (Allocation Failure) 494M->372M(494M) 25.623ms
[31.482s][info][gc,cpu         ] GC(787) User=0.02s Sys=0.00s Real=0.02s
[31.493s][info][gc,start       ] GC(788) Pause Full (Allocation Failure)
[31.493s][info][gc,phases,start] GC(788) Phase 1: Mark live objects
[31.501s][info][gc,phases      ] GC(788) Phase 1: Mark live objects 7.797ms
[31.501s][info][gc,phases,start] GC(788) Phase 2: Compute new object addresses
[31.504s][info][gc,phases      ] GC(788) Phase 2: Compute new object addresses 3.829ms
[31.504s][info][gc,phases,start] GC(788) Phase 3: Adjust pointers
[31.510s][info][gc,phases      ] GC(788) Phase 3: Adjust pointers 5.180ms
[31.510s][info][gc,phases,start] GC(788) Phase 4: Move objects
[31.512s][info][gc,phases      ] GC(788) Phase 4: Move objects 2.769ms
[31.513s][info][gc,heap        ] GC(788) DefNew: 156444K(157248K)->33192K(157248K) Eden: 139776K(139776K)->33192K(139776K) From: 16668K(17472K)->0K(17472K)
[31.513s][info][gc,heap        ] GC(788) Tenured: 349431K(349568K)->349431K(349568K)
[31.513s][info][gc,metaspace   ] GC(788) Metaspace: 30964K(31296K)->30964K(31296K) NonClass: 27685K(27840K)->27685K(27840K) Class: 3278K(3456K)->3278K(3456K)
[31.513s][info][gc             ] GC(788) Pause Full (Allocation Failure) 494M->373M(494M) 19.929ms
[31.513s][info][gc,cpu         ] GC(788) User=0.02s Sys=0.00s Real=0.02s
[31.523s][info][gc,start       ] GC(789) Pause Full (Allocation Failure)
[31.523s][info][gc,phases,start] GC(789) Phase 1: Mark live objects
[31.531s][info][gc,phases      ] GC(789) Phase 1: Mark live objects 7.740ms
[31.531s][info][gc,phases,start] GC(789) Phase 2: Compute new object addresses
[31.535s][info][gc,phases      ] GC(789) Phase 2: Compute new object addresses 4.014ms
[31.535s][info][gc,phases,start] GC(789) Phase 3: Adjust pointers
[31.541s][info][gc,phases      ] GC(789) Phase 3: Adjust pointers 5.513ms
[31.541s][info][gc,phases,start] GC(789) Phase 4: Move objects
[31.544s][info][gc,phases      ] GC(789) Phase 4: Move objects 3.253ms
[31.544s][info][gc,heap        ] GC(789) DefNew: 157141K(157248K)->32238K(157248K) Eden: 139776K(139776K)->32238K(139776K) From: 17365K(17472K)->0K(17472K)
[31.544s][info][gc,heap        ] GC(789) Tenured: 349431K(349568K)->349433K(349568K)
[31.544s][info][gc,metaspace   ] GC(789) Metaspace: 30964K(31296K)->30964K(31296K) NonClass: 27685K(27840K)->27685K(27840K) Class: 3278K(3456K)->3278K(3456K)
[31.544s][info][gc             ] GC(789) Pause Full (Allocation Failure) 494M->372M(494M) 20.913ms
[31.544s][info][gc,cpu         ] GC(789) User=0.02s Sys=0.00s Real=0.03s
[31.554s][info][gc,start       ] GC(790) Pause Full (Allocation Failure)
[31.554s][info][gc,phases,start] GC(790) Phase 1: Mark live objects
[31.562s][info][gc,phases      ] GC(790) Phase 1: Mark live objects 7.638ms
[31.562s][info][gc,phases,start] GC(790) Phase 2: Compute new object addresses
[31.567s][info][gc,phases      ] GC(790) Phase 2: Compute new object addresses 4.339ms
[31.567s][info][gc,phases,start] GC(790) Phase 3: Adjust pointers
[31.572s][info][gc,phases      ] GC(790) Phase 3: Adjust pointers 5.729ms
[31.572s][info][gc,phases,start] GC(790) Phase 4: Move objects
[31.576s][info][gc,phases      ] GC(790) Phase 4: Move objects 3.577ms
[31.576s][info][gc,heap        ] GC(790) DefNew: 156625K(157248K)->13393K(157248K) Eden: 139776K(139776K)->13393K(139776K) From: 16849K(17472K)->0K(17472K)
[31.576s][info][gc,heap        ] GC(790) Tenured: 349433K(349568K)->349437K(349568K)
[31.576s][info][gc,metaspace   ] GC(790) Metaspace: 30964K(31296K)->30964K(31296K) NonClass: 27685K(27840K)->27685K(27840K) Class: 3278K(3456K)->3278K(3456K)
[31.576s][info][gc             ] GC(790) Pause Full (Allocation Failure) 494M->354M(494M) 21.659ms
[31.576s][info][gc,cpu         ] GC(790) User=0.02s Sys=0.00s Real=0.03s
[31.588s][info][gc,start       ] GC(791) Pause Full (Allocation Failure)
[31.588s][info][gc,phases,start] GC(791) Phase 1: Mark live objects
[31.597s][info][gc,phases      ] GC(791) Phase 1: Mark live objects 8.890ms
[31.597s][info][gc,phases,start] GC(791) Phase 2: Compute new object addresses
[31.602s][info][gc,phases      ] GC(791) Phase 2: Compute new object addresses 4.953ms
[31.602s][info][gc,phases,start] GC(791) Phase 3: Adjust pointers
[31.608s][info][gc,phases      ] GC(791) Phase 3: Adjust pointers 6.248ms
[31.608s][info][gc,phases,start] GC(791) Phase 4: Move objects
[31.611s][info][gc,phases      ] GC(791) Phase 4: Move objects 2.683ms
[31.611s][info][gc,heap        ] GC(791) DefNew: 157238K(157248K)->29448K(157248K) Eden: 139776K(139776K)->29448K(139776K) From: 17462K(17472K)->0K(17472K)
[31.611s][info][gc,heap        ] GC(791) Tenured: 349437K(349568K)->349437K(349568K)
[31.611s][info][gc,metaspace   ] GC(791) Metaspace: 30964K(31296K)->30964K(31296K) NonClass: 27685K(27840K)->27685K(27840K) Class: 3278K(3456K)->3278K(3456K)
[31.611s][info][gc             ] GC(791) Pause Full (Allocation Failure) 494M->370M(494M) 23.189ms
[31.611s][info][gc,cpu         ] GC(791) User=0.02s Sys=0.00s Real=0.02s
[31.621s][info][gc,start       ] GC(792) Pause Full (Allocation Failure)
[31.621s][info][gc,phases,start] GC(792) Phase 1: Mark live objects
[31.630s][info][gc,phases      ] GC(792) Phase 1: Mark live objects 9.070ms
[31.631s][info][gc,phases,start] GC(792) Phase 2: Compute new object addresses
[31.635s][info][gc,phases      ] GC(792) Phase 2: Compute new object addresses 4.317ms
[31.635s][info][gc,phases,start] GC(792) Phase 3: Adjust pointers
[31.642s][info][gc,phases      ] GC(792) Phase 3: Adjust pointers 7.101ms
[31.642s][info][gc,phases,start] GC(792) Phase 4: Move objects
[31.645s][info][gc,phases      ] GC(792) Phase 4: Move objects 3.061ms
[31.645s][info][gc,heap        ] GC(792) DefNew: 156872K(157248K)->31669K(157248K) Eden: 139776K(139776K)->31669K(139776K) From: 17096K(17472K)->0K(17472K)
[31.645s][info][gc,heap        ] GC(792) Tenured: 349437K(349568K)->349437K(349568K)
[31.645s][info][gc,metaspace   ] GC(792) Metaspace: 30964K(31296K)->30964K(31296K) NonClass: 27685K(27840K)->27685K(27840K) Class: 3278K(3456K)->3278K(3456K)
[31.645s][info][gc             ] GC(792) Pause Full (Allocation Failure) 494M->372M(494M) 23.984ms
[31.645s][info][gc,cpu         ] GC(792) User=0.03s Sys=0.00s Real=0.03s
[31.656s][info][gc,start       ] GC(793) Pause Full (Allocation Failure)
[31.656s][info][gc,phases,start] GC(793) Phase 1: Mark live objects
[31.665s][info][gc,phases      ] GC(793) Phase 1: Mark live objects 8.348ms
[31.665s][info][gc,phases,start] GC(793) Phase 2: Compute new object addresses
[31.669s][info][gc,phases      ] GC(793) Phase 2: Compute new object addresses 4.129ms
[31.669s][info][gc,phases,start] GC(793) Phase 3: Adjust pointers
[31.675s][info][gc,phases      ] GC(793) Phase 3: Adjust pointers 6.150ms
[31.675s][info][gc,phases,start] GC(793) Phase 4: Move objects
[31.678s][info][gc,phases      ] GC(793) Phase 4: Move objects 3.136ms
[31.678s][info][gc,heap        ] GC(793) DefNew: 156510K(157248K)->31204K(157248K) Eden: 139776K(139776K)->31204K(139776K) From: 16734K(17472K)->0K(17472K)
[31.678s][info][gc,heap        ] GC(793) Tenured: 349437K(349568K)->349469K(349568K)
[31.678s][info][gc,metaspace   ] GC(793) Metaspace: 30964K(31296K)->30964K(31296K) NonClass: 27685K(27840K)->27685K(27840K) Class: 3278K(3456K)->3278K(3456K)
[31.678s][info][gc             ] GC(793) Pause Full (Allocation Failure) 494M->371M(494M) 22.176ms
[31.678s][info][gc,cpu         ] GC(793) User=0.02s Sys=0.00s Real=0.02s
[31.689s][info][gc,start       ] GC(794) Pause Full (Allocation Failure)
[31.689s][info][gc,phases,start] GC(794) Phase 1: Mark live objects
[31.697s][info][gc,phases      ] GC(794) Phase 1: Mark live objects 8.207ms
[31.697s][info][gc,phases,start] GC(794) Phase 2: Compute new object addresses
[31.702s][info][gc,phases      ] GC(794) Phase 2: Compute new object addresses 4.267ms
[31.702s][info][gc,phases,start] GC(794) Phase 3: Adjust pointers
[31.707s][info][gc,phases      ] GC(794) Phase 3: Adjust pointers 5.643ms
[31.707s][info][gc,phases,start] GC(794) Phase 4: Move objects
[31.711s][info][gc,phases      ] GC(794) Phase 4: Move objects 3.568ms
[31.711s][info][gc,heap        ] GC(794) DefNew: 157129K(157248K)->12350K(157248K) Eden: 139776K(139776K)->12350K(139776K) From: 17353K(17472K)->0K(17472K)
[31.711s][info][gc,heap        ] GC(794) Tenured: 349469K(349568K)->349442K(349568K)
[31.711s][info][gc,metaspace   ] GC(794) Metaspace: 30964K(31296K)->30964K(31296K) NonClass: 27685K(27840K)->27685K(27840K) Class: 3278K(3456K)->3278K(3456K)
[31.711s][info][gc             ] GC(794) Pause Full (Allocation Failure) 494M->353M(494M) 22.098ms
[31.711s][info][gc,cpu         ] GC(794) User=0.02s Sys=0.00s Real=0.02s
[31.722s][info][gc,start       ] GC(795) Pause Full (Allocation Failure)
[31.722s][info][gc,phases,start] GC(795) Phase 1: Mark live objects
[31.730s][info][gc,phases      ] GC(795) Phase 1: Mark live objects 7.957ms
[31.730s][info][gc,phases,start] GC(795) Phase 2: Compute new object addresses
[31.734s][info][gc,phases      ] GC(795) Phase 2: Compute new object addresses 4.365ms
[31.734s][info][gc,phases,start] GC(795) Phase 3: Adjust pointers
[31.740s][info][gc,phases      ] GC(795) Phase 3: Adjust pointers 5.710ms
[31.740s][info][gc,phases,start] GC(795) Phase 4: Move objects
[31.742s][info][gc,phases      ] GC(795) Phase 4: Move objects 2.276ms
[31.742s][info][gc,heap        ] GC(795) DefNew: 157248K(157248K)->25054K(157248K) Eden: 139776K(139776K)->25054K(139776K) From: 17472K(17472K)->0K(17472K)
[31.742s][info][gc,heap        ] GC(795) Tenured: 349443K(349568K)->349443K(349568K)
[31.742s][info][gc,metaspace   ] GC(795) Metaspace: 30965K(31296K)->30965K(31296K) NonClass: 27686K(27840K)->27686K(27840K) Class: 3278K(3456K)->3278K(3456K)
[31.743s][info][gc             ] GC(795) Pause Full (Allocation Failure) 494M->365M(494M) 20.651ms
[31.743s][info][gc,cpu         ] GC(795) User=0.02s Sys=0.00s Real=0.02s
[31.753s][info][gc,start       ] GC(796) Pause Full (Allocation Failure)
[31.753s][info][gc,phases,start] GC(796) Phase 1: Mark live objects
[31.761s][info][gc,phases      ] GC(796) Phase 1: Mark live objects 7.624ms
[31.761s][info][gc,phases,start] GC(796) Phase 2: Compute new object addresses
[31.765s][info][gc,phases      ] GC(796) Phase 2: Compute new object addresses 3.967ms
[31.765s][info][gc,phases,start] GC(796) Phase 3: Adjust pointers
[31.770s][info][gc,phases      ] GC(796) Phase 3: Adjust pointers 5.382ms
[31.770s][info][gc,phases,start] GC(796) Phase 4: Move objects
[31.773s][info][gc,phases      ] GC(796) Phase 4: Move objects 2.326ms
[31.773s][info][gc,heap        ] GC(796) DefNew: 156923K(157248K)->30103K(157248K) Eden: 139776K(139776K)->30103K(139776K) From: 17147K(17472K)->0K(17472K)
[31.773s][info][gc,heap        ] GC(796) Tenured: 349443K(349568K)->349443K(349568K)
[31.773s][info][gc,metaspace   ] GC(796) Metaspace: 30965K(31296K)->30965K(31296K) NonClass: 27686K(27840K)->27686K(27840K) Class: 3278K(3456K)->3278K(3456K)
[31.773s][info][gc             ] GC(796) Pause Full (Allocation Failure) 494M->370M(494M) 19.666ms
[31.773s][info][gc,cpu         ] GC(796) User=0.02s Sys=0.00s Real=0.02s
[31.779s][info][gc,start       ] GC(797) Pause Full (Allocation Failure)
[31.779s][info][gc,phases,start] GC(797) Phase 1: Mark live objects
[31.788s][info][gc,phases      ] GC(797) Phase 1: Mark live objects 8.660ms
[31.788s][info][gc,phases,start] GC(797) Phase 2: Compute new object addresses
[31.794s][info][gc,phases      ] GC(797) Phase 2: Compute new object addresses 6.149ms
[31.794s][info][gc,phases,start] GC(797) Phase 3: Adjust pointers
[31.802s][info][gc,phases      ] GC(797) Phase 3: Adjust pointers 7.958ms
[31.802s][info][gc,phases,start] GC(797) Phase 4: Move objects
[31.809s][info][gc,phases      ] GC(797) Phase 4: Move objects 6.987ms
[31.809s][info][gc,heap        ] GC(797) DefNew: 157028K(157248K)->38936K(157248K) Eden: 139776K(139776K)->38936K(139776K) From: 17252K(17472K)->0K(17472K)
[31.809s][info][gc,heap        ] GC(797) Tenured: 349443K(349568K)->349440K(349568K)
[31.809s][info][gc,metaspace   ] GC(797) Metaspace: 30965K(31296K)->30965K(31296K) NonClass: 27686K(27840K)->27686K(27840K) Class: 3278K(3456K)->3278K(3456K)
[31.809s][info][gc             ] GC(797) Pause Full (Allocation Failure) 494M->379M(494M) 30.366ms
[31.809s][info][gc,cpu         ] GC(797) User=0.03s Sys=0.01s Real=0.03s
[31.820s][info][gc,start       ] GC(798) Pause Full (Allocation Failure)
[31.820s][info][gc,phases,start] GC(798) Phase 1: Mark live objects
[31.831s][info][gc,phases      ] GC(798) Phase 1: Mark live objects 11.353ms
[31.832s][info][gc,phases,start] GC(798) Phase 2: Compute new object addresses
[31.836s][info][gc,phases      ] GC(798) Phase 2: Compute new object addresses 4.689ms
[31.836s][info][gc,phases,start] GC(798) Phase 3: Adjust pointers
[31.844s][info][gc,phases      ] GC(798) Phase 3: Adjust pointers 7.352ms
[31.844s][info][gc,phases,start] GC(798) Phase 4: Move objects
[31.848s][info][gc,phases      ] GC(798) Phase 4: Move objects 4.605ms
[31.848s][info][gc,heap        ] GC(798) DefNew: 156471K(157248K)->18561K(157248K) Eden: 139776K(139776K)->18561K(139776K) From: 16695K(17472K)->0K(17472K)
[31.848s][info][gc,heap        ] GC(798) Tenured: 349440K(349568K)->349252K(349568K)
[31.848s][info][gc,metaspace   ] GC(798) Metaspace: 30965K(31296K)->30965K(31296K) NonClass: 27686K(27840K)->27686K(27840K) Class: 3278K(3456K)->3278K(3456K)
[31.849s][info][gc             ] GC(798) Pause Full (Allocation Failure) 494M->359M(494M) 28.519ms
[31.849s][info][gc,cpu         ] GC(798) User=0.03s Sys=0.00s Real=0.03s
[31.859s][info][gc,start       ] GC(799) Pause Full (Allocation Failure)
[31.859s][info][gc,phases,start] GC(799) Phase 1: Mark live objects
[31.869s][info][gc,phases      ] GC(799) Phase 1: Mark live objects 9.954ms
[31.869s][info][gc,phases,start] GC(799) Phase 2: Compute new object addresses
[31.874s][info][gc,phases      ] GC(799) Phase 2: Compute new object addresses 4.651ms
[31.874s][info][gc,phases,start] GC(799) Phase 3: Adjust pointers
[31.880s][info][gc,phases      ] GC(799) Phase 3: Adjust pointers 6.350ms
[31.880s][info][gc,phases,start] GC(799) Phase 4: Move objects
[31.883s][info][gc,phases      ] GC(799) Phase 4: Move objects 3.163ms
[31.884s][info][gc,heap        ] GC(799) DefNew: 156767K(157248K)->30025K(157248K) Eden: 139775K(139776K)->30025K(139776K) From: 16991K(17472K)->0K(17472K)
[31.884s][info][gc,heap        ] GC(799) Tenured: 349252K(349568K)->349511K(349568K)
[31.884s][info][gc,metaspace   ] GC(799) Metaspace: 30965K(31296K)->30965K(31296K) NonClass: 27686K(27840K)->27686K(27840K) Class: 3278K(3456K)->3278K(3456K)
[31.884s][info][gc             ] GC(799) Pause Full (Allocation Failure) 494M->370M(494M) 24.586ms
[31.884s][info][gc,cpu         ] GC(799) User=0.02s Sys=0.00s Real=0.02s
[31.895s][info][gc,start       ] GC(800) Pause Full (Allocation Failure)
[31.895s][info][gc,phases,start] GC(800) Phase 1: Mark live objects
[31.905s][info][gc,phases      ] GC(800) Phase 1: Mark live objects 9.438ms
[31.905s][info][gc,phases,start] GC(800) Phase 2: Compute new object addresses
[31.909s][info][gc,phases      ] GC(800) Phase 2: Compute new object addresses 4.512ms
[31.909s][info][gc,phases,start] GC(800) Phase 3: Adjust pointers
[31.915s][info][gc,phases      ] GC(800) Phase 3: Adjust pointers 5.755ms
[31.915s][info][gc,phases,start] GC(800) Phase 4: Move objects
[31.918s][info][gc,phases      ] GC(800) Phase 4: Move objects 2.995ms
[31.918s][info][gc,heap        ] GC(800) DefNew: 156556K(157248K)->35335K(157248K) Eden: 139776K(139776K)->35335K(139776K) From: 16780K(17472K)->0K(17472K)
[31.918s][info][gc,heap        ] GC(800) Tenured: 349511K(349568K)->349511K(349568K)
[31.918s][info][gc,metaspace   ] GC(800) Metaspace: 30965K(31296K)->30965K(31296K) NonClass: 27686K(27840K)->27686K(27840K) Class: 3278K(3456K)->3278K(3456K)
[31.918s][info][gc             ] GC(800) Pause Full (Allocation Failure) 494M->375M(494M) 23.069ms
[31.918s][info][gc,cpu         ] GC(800) User=0.03s Sys=0.00s Real=0.03s
[31.929s][info][gc,start       ] GC(801) Pause Full (Allocation Failure)
[31.929s][info][gc,phases,start] GC(801) Phase 1: Mark live objects
[31.937s][info][gc,phases      ] GC(801) Phase 1: Mark live objects 8.523ms
[31.938s][info][gc,phases,start] GC(801) Phase 2: Compute new object addresses
[31.942s][info][gc,phases      ] GC(801) Phase 2: Compute new object addresses 4.282ms
[31.942s][info][gc,phases,start] GC(801) Phase 3: Adjust pointers
[31.948s][info][gc,phases      ] GC(801) Phase 3: Adjust pointers 6.292ms
[31.948s][info][gc,phases,start] GC(801) Phase 4: Move objects
[31.952s][info][gc,phases      ] GC(801) Phase 4: Move objects 4.175ms
[31.953s][info][gc,heap        ] GC(801) DefNew: 156995K(157248K)->41110K(157248K) Eden: 139776K(139776K)->41110K(139776K) From: 17219K(17472K)->0K(17472K)
[31.953s][info][gc,heap        ] GC(801) Tenured: 349511K(349568K)->349511K(349568K)
[31.953s][info][gc,metaspace   ] GC(801) Metaspace: 30965K(31296K)->30965K(31296K) NonClass: 27686K(27840K)->27686K(27840K) Class: 3278K(3456K)->3278K(3456K)
[31.953s][info][gc             ] GC(801) Pause Full (Allocation Failure) 494M->381M(494M) 23.795ms
[31.953s][info][gc,cpu         ] GC(801) User=0.03s Sys=0.00s Real=0.02s
[31.965s][info][gc,start       ] GC(802) Pause Full (Allocation Failure)
[31.965s][info][gc,phases,start] GC(802) Phase 1: Mark live objects
[31.974s][info][gc,phases      ] GC(802) Phase 1: Mark live objects 8.748ms
[31.974s][info][gc,phases,start] GC(802) Phase 2: Compute new object addresses
[31.978s][info][gc,phases      ] GC(802) Phase 2: Compute new object addresses 4.096ms
[31.978s][info][gc,phases,start] GC(802) Phase 3: Adjust pointers
[31.984s][info][gc,phases      ] GC(802) Phase 3: Adjust pointers 5.885ms
[31.984s][info][gc,phases,start] GC(802) Phase 4: Move objects
[31.989s][info][gc,phases      ] GC(802) Phase 4: Move objects 4.763ms
[31.989s][info][gc,heap        ] GC(802) DefNew: 157009K(157248K)->27088K(157248K) Eden: 139776K(139776K)->27088K(139776K) From: 17233K(17472K)->0K(17472K)
[31.989s][info][gc,heap        ] GC(802) Tenured: 349511K(349568K)->348882K(349568K)
[31.989s][info][gc,metaspace   ] GC(802) Metaspace: 30965K(31296K)->30965K(31296K) NonClass: 27686K(27840K)->27686K(27840K) Class: 3278K(3456K)->3278K(3456K)
[31.989s][info][gc             ] GC(802) Pause Full (Allocation Failure) 494M->367M(494M) 23.858ms
[31.989s][info][gc,cpu         ] GC(802) User=0.03s Sys=0.00s Real=0.02s
[32.000s][info][gc,start       ] GC(803) Pause Full (Allocation Failure)
[32.000s][info][gc,phases,start] GC(803) Phase 1: Mark live objects
[32.008s][info][gc,phases      ] GC(803) Phase 1: Mark live objects 8.220ms
[32.008s][info][gc,phases,start] GC(803) Phase 2: Compute new object addresses
[32.012s][info][gc,phases      ] GC(803) Phase 2: Compute new object addresses 4.037ms
[32.012s][info][gc,phases,start] GC(803) Phase 3: Adjust pointers
[32.018s][info][gc,phases      ] GC(803) Phase 3: Adjust pointers 5.598ms
[32.018s][info][gc,phases,start] GC(803) Phase 4: Move objects
[32.020s][info][gc,phases      ] GC(803) Phase 4: Move objects 2.773ms
[32.021s][info][gc,heap        ] GC(803) DefNew: 156855K(157248K)->34199K(157248K) Eden: 139776K(139776K)->34199K(139776K) From: 17079K(17472K)->0K(17472K)
[32.021s][info][gc,heap        ] GC(803) Tenured: 348882K(349568K)->348882K(349568K)
[32.021s][info][gc,metaspace   ] GC(803) Metaspace: 30965K(31296K)->30965K(31296K) NonClass: 27686K(27840K)->27686K(27840K) Class: 3278K(3456K)->3278K(3456K)
[32.021s][info][gc             ] GC(803) Pause Full (Allocation Failure) 493M->374M(494M) 21.007ms
[32.021s][info][gc,cpu         ] GC(803) User=0.02s Sys=0.00s Real=0.02s
[32.031s][info][gc,start       ] GC(804) Pause Full (Allocation Failure)
[32.031s][info][gc,phases,start] GC(804) Phase 1: Mark live objects
[32.039s][info][gc,phases      ] GC(804) Phase 1: Mark live objects 7.920ms
[32.039s][info][gc,phases,start] GC(804) Phase 2: Compute new object addresses
[32.044s][info][gc,phases      ] GC(804) Phase 2: Compute new object addresses 4.566ms
[32.044s][info][gc,phases,start] GC(804) Phase 3: Adjust pointers
[32.053s][info][gc,phases      ] GC(804) Phase 3: Adjust pointers 8.662ms
[32.053s][info][gc,phases,start] GC(804) Phase 4: Move objects
[32.056s][info][gc,phases      ] GC(804) Phase 4: Move objects 3.526ms
[32.056s][info][gc,heap        ] GC(804) DefNew: 157170K(157248K)->35884K(157248K) Eden: 139776K(139776K)->35884K(139776K) From: 17394K(17472K)->0K(17472K)
[32.056s][info][gc,heap        ] GC(804) Tenured: 349138K(349568K)->349138K(349568K)
[32.056s][info][gc,metaspace   ] GC(804) Metaspace: 30969K(31296K)->30969K(31296K) NonClass: 27690K(27840K)->27690K(27840K) Class: 3278K(3456K)->3278K(3456K)
[32.056s][info][gc             ] GC(804) Pause Full (Allocation Failure) 494M->375M(494M) 25.087ms
[32.056s][info][gc,cpu         ] GC(804) User=0.02s Sys=0.00s Real=0.03s
[32.065s][info][gc,start       ] GC(805) Pause Full (Allocation Failure)
[32.065s][info][gc,phases,start] GC(805) Phase 1: Mark live objects
[32.074s][info][gc,phases      ] GC(805) Phase 1: Mark live objects 8.799ms
[32.074s][info][gc,phases,start] GC(805) Phase 2: Compute new object addresses
[32.078s][info][gc,phases      ] GC(805) Phase 2: Compute new object addresses 4.119ms
[32.078s][info][gc,phases,start] GC(805) Phase 3: Adjust pointers
[32.083s][info][gc,phases      ] GC(805) Phase 3: Adjust pointers 5.442ms
[32.083s][info][gc,phases,start] GC(805) Phase 4: Move objects
[32.087s][info][gc,phases      ] GC(805) Phase 4: Move objects 3.652ms
[32.087s][info][gc,heap        ] GC(805) DefNew: 157247K(157248K)->45278K(157248K) Eden: 139776K(139776K)->45278K(139776K) From: 17471K(17472K)->0K(17472K)
[32.087s][info][gc,heap        ] GC(805) Tenured: 349394K(349568K)->349394K(349568K)
[32.087s][info][gc,metaspace   ] GC(805) Metaspace: 30969K(31296K)->30969K(31296K) NonClass: 27690K(27840K)->27690K(27840K) Class: 3278K(3456K)->3278K(3456K)
[32.087s][info][gc             ] GC(805) Pause Full (Allocation Failure) 494M->385M(494M) 22.381ms
[32.087s][info][gc,cpu         ] GC(805) User=0.02s Sys=0.00s Real=0.02s
[32.098s][info][gc,start       ] GC(806) Pause Full (Allocation Failure)
[32.098s][info][gc,phases,start] GC(806) Phase 1: Mark live objects
[32.106s][info][gc,phases      ] GC(806) Phase 1: Mark live objects 8.041ms
[32.106s][info][gc,phases,start] GC(806) Phase 2: Compute new object addresses
[32.110s][info][gc,phases      ] GC(806) Phase 2: Compute new object addresses 4.059ms
[32.110s][info][gc,phases,start] GC(806) Phase 3: Adjust pointers
[32.116s][info][gc,phases      ] GC(806) Phase 3: Adjust pointers 5.608ms
[32.116s][info][gc,phases,start] GC(806) Phase 4: Move objects
[32.121s][info][gc,phases      ] GC(806) Phase 4: Move objects 4.947ms
[32.121s][info][gc,heap        ] GC(806) DefNew: 157248K(157248K)->26315K(157248K) Eden: 139776K(139776K)->26315K(139776K) From: 17472K(17472K)->0K(17472K)
[32.121s][info][gc,heap        ] GC(806) Tenured: 349494K(349568K)->349411K(349568K)
[32.121s][info][gc,metaspace   ] GC(806) Metaspace: 30979K(31296K)->30979K(31296K) NonClass: 27701K(27840K)->27701K(27840K) Class: 3278K(3456K)->3278K(3456K)
[32.121s][info][gc             ] GC(806) Pause Full (Allocation Failure) 494M->366M(494M) 23.068ms
[32.121s][info][gc,cpu         ] GC(806) User=0.02s Sys=0.00s Real=0.02s
[32.128s][info][gc,start       ] GC(807) Pause Full (Allocation Failure)
[32.128s][info][gc,phases,start] GC(807) Phase 1: Mark live objects
[32.136s][info][gc,phases      ] GC(807) Phase 1: Mark live objects 8.549ms
[32.137s][info][gc,phases,start] GC(807) Phase 2: Compute new object addresses
[32.141s][info][gc,phases      ] GC(807) Phase 2: Compute new object addresses 4.203ms
[32.141s][info][gc,phases,start] GC(807) Phase 3: Adjust pointers
[32.146s][info][gc,phases      ] GC(807) Phase 3: Adjust pointers 5.690ms
[32.147s][info][gc,phases,start] GC(807) Phase 4: Move objects
[32.151s][info][gc,phases      ] GC(807) Phase 4: Move objects 4.006ms
[32.151s][info][gc,heap        ] GC(807) DefNew: 156863K(157248K)->36509K(157248K) Eden: 139776K(139776K)->36509K(139776K) From: 17087K(17472K)->0K(17472K)
[32.151s][info][gc,heap        ] GC(807) Tenured: 349411K(349568K)->349411K(349568K)
[32.151s][info][gc,metaspace   ] GC(807) Metaspace: 30979K(31296K)->30979K(31296K) NonClass: 27701K(27840K)->27701K(27840K) Class: 3278K(3456K)->3278K(3456K)
[32.151s][info][gc             ] GC(807) Pause Full (Allocation Failure) 494M->376M(494M) 22.901ms
[32.151s][info][gc,cpu         ] GC(807) User=0.02s Sys=0.00s Real=0.02s
[32.162s][info][gc,start       ] GC(808) Pause Full (Allocation Failure)
[32.162s][info][gc,phases,start] GC(808) Phase 1: Mark live objects
[32.170s][info][gc,phases      ] GC(808) Phase 1: Mark live objects 8.807ms
[32.171s][info][gc,phases,start] GC(808) Phase 2: Compute new object addresses
[32.175s][info][gc,phases      ] GC(808) Phase 2: Compute new object addresses 4.156ms
[32.175s][info][gc,phases,start] GC(808) Phase 3: Adjust pointers
[32.181s][info][gc,phases      ] GC(808) Phase 3: Adjust pointers 6.074ms
[32.181s][info][gc,phases,start] GC(808) Phase 4: Move objects
[32.184s][info][gc,phases      ] GC(808) Phase 4: Move objects 3.045ms
[32.184s][info][gc,heap        ] GC(808) DefNew: 156696K(157248K)->37804K(157248K) Eden: 139776K(139776K)->37804K(139776K) From: 16920K(17472K)->0K(17472K)
[32.184s][info][gc,heap        ] GC(808) Tenured: 349411K(349568K)->349411K(349568K)
[32.184s][info][gc,metaspace   ] GC(808) Metaspace: 30979K(31296K)->30979K(31296K) NonClass: 27701K(27840K)->27701K(27840K) Class: 3278K(3456K)->3278K(3456K)
[32.184s][info][gc             ] GC(808) Pause Full (Allocation Failure) 494M->378M(494M) 22.472ms
[32.184s][info][gc,cpu         ] GC(808) User=0.02s Sys=0.00s Real=0.03s
[32.194s][info][gc,start       ] GC(809) Pause Full (Allocation Failure)
[32.195s][info][gc,phases,start] GC(809) Phase 1: Mark live objects
[32.203s][info][gc,phases      ] GC(809) Phase 1: Mark live objects 8.523ms
[32.203s][info][gc,phases,start] GC(809) Phase 2: Compute new object addresses
[32.207s][info][gc,phases      ] GC(809) Phase 2: Compute new object addresses 4.101ms
[32.207s][info][gc,phases,start] GC(809) Phase 3: Adjust pointers
[32.213s][info][gc,phases      ] GC(809) Phase 3: Adjust pointers 5.532ms
[32.213s][info][gc,phases,start] GC(809) Phase 4: Move objects
[32.216s][info][gc,phases      ] GC(809) Phase 4: Move objects 3.479ms
[32.216s][info][gc,heap        ] GC(809) DefNew: 157016K(157248K)->39435K(157248K) Eden: 139776K(139776K)->39435K(139776K) From: 17240K(17472K)->0K(17472K)
[32.216s][info][gc,heap        ] GC(809) Tenured: 349411K(349568K)->349411K(349568K)
[32.216s][info][gc,metaspace   ] GC(809) Metaspace: 30979K(31296K)->30979K(31296K) NonClass: 27701K(27840K)->27701K(27840K) Class: 3278K(3456K)->3278K(3456K)
[32.217s][info][gc             ] GC(809) Pause Full (Allocation Failure) 494M->379M(494M) 22.037ms
[32.217s][info][gc,cpu         ] GC(809) User=0.02s Sys=0.00s Real=0.03s
[32.227s][info][gc,start       ] GC(810) Pause Full (Allocation Failure)
[32.227s][info][gc,phases,start] GC(810) Phase 1: Mark live objects
[32.235s][info][gc,phases      ] GC(810) Phase 1: Mark live objects 8.068ms
[32.235s][info][gc,phases,start] GC(810) Phase 2: Compute new object addresses
[32.240s][info][gc,phases      ] GC(810) Phase 2: Compute new object addresses 4.513ms
[32.240s][info][gc,phases,start] GC(810) Phase 3: Adjust pointers
[32.246s][info][gc,phases      ] GC(810) Phase 3: Adjust pointers 6.732ms
[32.246s][info][gc,phases,start] GC(810) Phase 4: Move objects
[32.257s][info][gc,phases      ] GC(810) Phase 4: Move objects 10.866ms
[32.258s][info][gc,heap        ] GC(810) DefNew: 157157K(157248K)->24732K(157248K) Eden: 139776K(139776K)->24732K(139776K) From: 17381K(17472K)->0K(17472K)
[32.258s][info][gc,heap        ] GC(810) Tenured: 349411K(349568K)->349473K(349568K)
[32.258s][info][gc,metaspace   ] GC(810) Metaspace: 30979K(31296K)->30979K(31296K) NonClass: 27701K(27840K)->27701K(27840K) Class: 3278K(3456K)->3278K(3456K)
[32.258s][info][gc             ] GC(810) Pause Full (Allocation Failure) 494M->365M(494M) 30.617ms
[32.258s][info][gc,cpu         ] GC(810) User=0.03s Sys=0.00s Real=0.03s
[32.268s][info][gc,start       ] GC(811) Pause Full (Allocation Failure)
[32.268s][info][gc,phases,start] GC(811) Phase 1: Mark live objects
[32.277s][info][gc,phases      ] GC(811) Phase 1: Mark live objects 9.185ms
[32.277s][info][gc,phases,start] GC(811) Phase 2: Compute new object addresses
[32.282s][info][gc,phases      ] GC(811) Phase 2: Compute new object addresses 4.856ms
[32.282s][info][gc,phases,start] GC(811) Phase 3: Adjust pointers
[32.289s][info][gc,phases      ] GC(811) Phase 3: Adjust pointers 6.489ms
[32.289s][info][gc,phases,start] GC(811) Phase 4: Move objects
[32.292s][info][gc,phases      ] GC(811) Phase 4: Move objects 2.837ms
[32.292s][info][gc,heap        ] GC(811) DefNew: 156327K(157248K)->30461K(157248K) Eden: 139776K(139776K)->30461K(139776K) From: 16551K(17472K)->0K(17472K)
[32.292s][info][gc,heap        ] GC(811) Tenured: 349473K(349568K)->349473K(349568K)
[32.292s][info][gc,metaspace   ] GC(811) Metaspace: 30979K(31296K)->30979K(31296K) NonClass: 27701K(27840K)->27701K(27840K) Class: 3278K(3456K)->3278K(3456K)
[32.292s][info][gc             ] GC(811) Pause Full (Allocation Failure) 493M->371M(494M) 23.851ms
[32.292s][info][gc,cpu         ] GC(811) User=0.03s Sys=0.00s Real=0.02s
[32.302s][info][gc,start       ] GC(812) Pause Full (Allocation Failure)
[32.303s][info][gc,phases,start] GC(812) Phase 1: Mark live objects
[32.311s][info][gc,phases      ] GC(812) Phase 1: Mark live objects 8.749ms
[32.311s][info][gc,phases,start] GC(812) Phase 2: Compute new object addresses
[32.315s][info][gc,phases      ] GC(812) Phase 2: Compute new object addresses 4.044ms
[32.315s][info][gc,phases,start] GC(812) Phase 3: Adjust pointers
[32.321s][info][gc,phases      ] GC(812) Phase 3: Adjust pointers 5.292ms
[32.321s][info][gc,phases,start] GC(812) Phase 4: Move objects
[32.324s][info][gc,phases      ] GC(812) Phase 4: Move objects 2.866ms
[32.324s][info][gc,heap        ] GC(812) DefNew: 157033K(157248K)->33846K(157248K) Eden: 139776K(139776K)->33846K(139776K) From: 17257K(17472K)->0K(17472K)
[32.324s][info][gc,heap        ] GC(812) Tenured: 349473K(349568K)->349473K(349568K)
[32.324s][info][gc,metaspace   ] GC(812) Metaspace: 30979K(31296K)->30979K(31296K) NonClass: 27701K(27840K)->27701K(27840K) Class: 3278K(3456K)->3278K(3456K)
[32.324s][info][gc             ] GC(812) Pause Full (Allocation Failure) 494M->374M(494M) 21.364ms
[32.324s][info][gc,cpu         ] GC(812) User=0.02s Sys=0.00s Real=0.03s
[32.333s][info][gc,start       ] GC(813) Pause Full (Allocation Failure)
[32.333s][info][gc,phases,start] GC(813) Phase 1: Mark live objects
[32.341s][info][gc,phases      ] GC(813) Phase 1: Mark live objects 8.036ms
[32.341s][info][gc,phases,start] GC(813) Phase 2: Compute new object addresses
[32.345s][info][gc,phases      ] GC(813) Phase 2: Compute new object addresses 3.905ms
[32.345s][info][gc,phases,start] GC(813) Phase 3: Adjust pointers
[32.350s][info][gc,phases      ] GC(813) Phase 3: Adjust pointers 5.210ms
[32.350s][info][gc,phases,start] GC(813) Phase 4: Move objects
[32.353s][info][gc,phases      ] GC(813) Phase 4: Move objects 3.067ms
[32.354s][info][gc,heap        ] GC(813) DefNew: 157046K(157248K)->40153K(157248K) Eden: 139776K(139776K)->40153K(139776K) From: 17270K(17472K)->0K(17472K)
[32.354s][info][gc,heap        ] GC(813) Tenured: 349473K(349568K)->349473K(349568K)
[32.354s][info][gc,metaspace   ] GC(813) Metaspace: 30979K(31296K)->30979K(31296K) NonClass: 27701K(27840K)->27701K(27840K) Class: 3278K(3456K)->3278K(3456K)
[32.354s][info][gc             ] GC(813) Pause Full (Allocation Failure) 494M->380M(494M) 20.599ms
[32.354s][info][gc,cpu         ] GC(813) User=0.02s Sys=0.00s Real=0.02s
[32.363s][info][gc,start       ] GC(814) Pause Full (Allocation Failure)
[32.363s][info][gc,phases,start] GC(814) Phase 1: Mark live objects
[32.372s][info][gc,phases      ] GC(814) Phase 1: Mark live objects 8.493ms
[32.372s][info][gc,phases,start] GC(814) Phase 2: Compute new object addresses
[32.376s][info][gc,phases      ] GC(814) Phase 2: Compute new object addresses 3.961ms
[32.376s][info][gc,phases,start] GC(814) Phase 3: Adjust pointers
[32.381s][info][gc,phases      ] GC(814) Phase 3: Adjust pointers 5.399ms
[32.381s][info][gc,phases,start] GC(814) Phase 4: Move objects
[32.386s][info][gc,phases      ] GC(814) Phase 4: Move objects 4.586ms
[32.386s][info][gc,heap        ] GC(814) DefNew: 157106K(157248K)->27607K(157248K) Eden: 139776K(139776K)->27607K(139776K) From: 17330K(17472K)->0K(17472K)
[32.386s][info][gc,heap        ] GC(814) Tenured: 349473K(349568K)->349391K(349568K)
[32.386s][info][gc,metaspace   ] GC(814) Metaspace: 30979K(31296K)->30979K(31296K) NonClass: 27701K(27840K)->27701K(27840K) Class: 3278K(3456K)->3278K(3456K)
[32.386s][info][gc             ] GC(814) Pause Full (Allocation Failure) 494M->368M(494M) 22.822ms
[32.386s][info][gc,cpu         ] GC(814) User=0.02s Sys=0.00s Real=0.03s
[32.397s][info][gc,start       ] GC(815) Pause Full (Allocation Failure)
[32.397s][info][gc,phases,start] GC(815) Phase 1: Mark live objects
[32.405s][info][gc,phases      ] GC(815) Phase 1: Mark live objects 8.051ms
[32.405s][info][gc,phases,start] GC(815) Phase 2: Compute new object addresses
[32.409s][info][gc,phases      ] GC(815) Phase 2: Compute new object addresses 4.794ms
[32.409s][info][gc,phases,start] GC(815) Phase 3: Adjust pointers
[32.417s][info][gc,phases      ] GC(815) Phase 3: Adjust pointers 7.125ms
[32.417s][info][gc,phases,start] GC(815) Phase 4: Move objects
[32.420s][info][gc,phases      ] GC(815) Phase 4: Move objects 3.034ms
[32.420s][info][gc,heap        ] GC(815) DefNew: 156849K(157248K)->31120K(157248K) Eden: 139776K(139776K)->31120K(139776K) From: 17073K(17472K)->0K(17472K)
[32.420s][info][gc,heap        ] GC(815) Tenured: 349391K(349568K)->349392K(349568K)
[32.420s][info][gc,metaspace   ] GC(815) Metaspace: 30979K(31296K)->30979K(31296K) NonClass: 27701K(27840K)->27701K(27840K) Class: 3278K(3456K)->3278K(3456K)
[32.420s][info][gc             ] GC(815) Pause Full (Allocation Failure) 494M->371M(494M) 23.415ms
[32.420s][info][gc,cpu         ] GC(815) User=0.02s Sys=0.01s Real=0.02s
[32.438s][info][gc,start       ] GC(816) Pause Full (Allocation Failure)
[32.438s][info][gc,phases,start] GC(816) Phase 1: Mark live objects
[32.447s][info][gc,phases      ] GC(816) Phase 1: Mark live objects 8.755ms
[32.447s][info][gc,phases,start] GC(816) Phase 2: Compute new object addresses
[32.452s][info][gc,phases      ] GC(816) Phase 2: Compute new object addresses 4.420ms
[32.452s][info][gc,phases,start] GC(816) Phase 3: Adjust pointers
[32.457s][info][gc,phases      ] GC(816) Phase 3: Adjust pointers 5.825ms
[32.457s][info][gc,phases,start] GC(816) Phase 4: Move objects
[32.461s][info][gc,phases      ] GC(816) Phase 4: Move objects 3.516ms
[32.461s][info][gc,heap        ] GC(816) DefNew: 156342K(157248K)->36870K(157248K) Eden: 139776K(139776K)->36870K(139776K) From: 16566K(17472K)->0K(17472K)
[32.461s][info][gc,heap        ] GC(816) Tenured: 349392K(349568K)->349392K(349568K)
[32.461s][info][gc,metaspace   ] GC(816) Metaspace: 30979K(31296K)->30979K(31296K) NonClass: 27701K(27840K)->27701K(27840K) Class: 3278K(3456K)->3278K(3456K)
[32.461s][info][gc             ] GC(816) Pause Full (Allocation Failure) 493M->377M(494M) 22.937ms
[32.461s][info][gc,cpu         ] GC(816) User=0.02s Sys=0.00s Real=0.02s
[32.472s][info][gc,start       ] GC(817) Pause Full (Allocation Failure)
[32.472s][info][gc,phases,start] GC(817) Phase 1: Mark live objects
[32.481s][info][gc,phases      ] GC(817) Phase 1: Mark live objects 9.427ms
[32.481s][info][gc,phases,start] GC(817) Phase 2: Compute new object addresses
[32.485s][info][gc,phases      ] GC(817) Phase 2: Compute new object addresses 4.074ms
[32.485s][info][gc,phases,start] GC(817) Phase 3: Adjust pointers
[32.491s][info][gc,phases      ] GC(817) Phase 3: Adjust pointers 5.461ms
[32.491s][info][gc,phases,start] GC(817) Phase 4: Move objects
[32.495s][info][gc,phases      ] GC(817) Phase 4: Move objects 3.779ms
[32.495s][info][gc,heap        ] GC(817) DefNew: 156736K(157248K)->38314K(157248K) Eden: 139776K(139776K)->38314K(139776K) From: 16960K(17472K)->0K(17472K)
[32.495s][info][gc,heap        ] GC(817) Tenured: 349392K(349568K)->349392K(349568K)
[32.495s][info][gc,metaspace   ] GC(817) Metaspace: 30979K(31296K)->30979K(31296K) NonClass: 27701K(27840K)->27701K(27840K) Class: 3278K(3456K)->3278K(3456K)
[32.495s][info][gc             ] GC(817) Pause Full (Allocation Failure) 494M->378M(494M) 23.149ms
[32.495s][info][gc,cpu         ] GC(817) User=0.02s Sys=0.00s Real=0.02s
[32.505s][info][gc,start       ] GC(818) Pause Full (Allocation Failure)
[32.505s][info][gc,phases,start] GC(818) Phase 1: Mark live objects
[32.513s][info][gc,phases      ] GC(818) Phase 1: Mark live objects 8.044ms
[32.513s][info][gc,phases,start] GC(818) Phase 2: Compute new object addresses
[32.517s][info][gc,phases      ] GC(818) Phase 2: Compute new object addresses 3.953ms
[32.517s][info][gc,phases,start] GC(818) Phase 3: Adjust pointers
[32.523s][info][gc,phases      ] GC(818) Phase 3: Adjust pointers 5.680ms
[32.523s][info][gc,phases,start] GC(818) Phase 4: Move objects
[32.533s][info][gc,phases      ] GC(818) Phase 4: Move objects 10.112ms
[32.533s][info][gc,heap        ] GC(818) DefNew: 156352K(157248K)->25323K(157248K) Eden: 139776K(139776K)->25323K(139776K) From: 16576K(17472K)->0K(17472K)
[32.533s][info][gc,heap        ] GC(818) Tenured: 349392K(349568K)->349361K(349568K)
[32.533s][info][gc,metaspace   ] GC(818) Metaspace: 30979K(31296K)->30979K(31296K) NonClass: 27701K(27840K)->27701K(27840K) Class: 3278K(3456K)->3278K(3456K)
[32.533s][info][gc             ] GC(818) Pause Full (Allocation Failure) 493M->365M(494M) 28.175ms
[32.533s][info][gc,cpu         ] GC(818) User=0.03s Sys=0.00s Real=0.02s
[32.557s][info][gc,start       ] GC(819) Pause Full (Allocation Failure)
[32.557s][info][gc,phases,start] GC(819) Phase 1: Mark live objects
[32.566s][info][gc,phases      ] GC(819) Phase 1: Mark live objects 8.539ms
[32.566s][info][gc,phases,start] GC(819) Phase 2: Compute new object addresses
[32.571s][info][gc,phases      ] GC(819) Phase 2: Compute new object addresses 5.231ms
[32.571s][info][gc,phases,start] GC(819) Phase 3: Adjust pointers
[32.578s][info][gc,phases      ] GC(819) Phase 3: Adjust pointers 6.982ms
[32.578s][info][gc,phases,start] GC(819) Phase 4: Move objects
[32.581s][info][gc,phases      ] GC(819) Phase 4: Move objects 2.870ms
[32.581s][info][gc,heap        ] GC(819) DefNew: 157247K(157248K)->29597K(157248K) Eden: 139776K(139776K)->29597K(139776K) From: 17471K(17472K)->0K(17472K)
[32.581s][info][gc,heap        ] GC(819) Tenured: 349383K(349568K)->349383K(349568K)
[32.581s][info][gc,metaspace   ] GC(819) Metaspace: 30979K(31296K)->30979K(31296K) NonClass: 27701K(27840K)->27701K(27840K) Class: 3278K(3456K)->3278K(3456K)
[32.581s][info][gc             ] GC(819) Pause Full (Allocation Failure) 494M->370M(494M) 24.058ms
[32.581s][info][gc,cpu         ] GC(819) User=0.02s Sys=0.00s Real=0.02s
[32.596s][info][gc,start       ] GC(820) Pause Full (Allocation Failure)
[32.596s][info][gc,phases,start] GC(820) Phase 1: Mark live objects
[32.605s][info][gc,phases      ] GC(820) Phase 1: Mark live objects 8.873ms
[32.605s][info][gc,phases,start] GC(820) Phase 2: Compute new object addresses
[32.610s][info][gc,phases      ] GC(820) Phase 2: Compute new object addresses 4.511ms
[32.610s][info][gc,phases,start] GC(820) Phase 3: Adjust pointers
[32.616s][info][gc,phases      ] GC(820) Phase 3: Adjust pointers 6.191ms
[32.616s][info][gc,phases,start] GC(820) Phase 4: Move objects
[32.620s][info][gc,phases      ] GC(820) Phase 4: Move objects 3.493ms
[32.620s][info][gc,heap        ] GC(820) DefNew: 156338K(157248K)->35117K(157248K) Eden: 139776K(139776K)->35117K(139776K) From: 16562K(17472K)->0K(17472K)
[32.620s][info][gc,heap        ] GC(820) Tenured: 349383K(349568K)->349383K(349568K)
[32.620s][info][gc,metaspace   ] GC(820) Metaspace: 30979K(31296K)->30979K(31296K) NonClass: 27701K(27840K)->27701K(27840K) Class: 3278K(3456K)->3278K(3456K)
[32.620s][info][gc             ] GC(820) Pause Full (Allocation Failure) 493M->375M(494M) 23.506ms
[32.620s][info][gc,cpu         ] GC(820) User=0.03s Sys=0.00s Real=0.02s
[32.631s][info][gc,start       ] GC(821) Pause Full (Allocation Failure)
[32.631s][info][gc,phases,start] GC(821) Phase 1: Mark live objects
[32.640s][info][gc,phases      ] GC(821) Phase 1: Mark live objects 9.029ms
[32.640s][info][gc,phases,start] GC(821) Phase 2: Compute new object addresses
[32.645s][info][gc,phases      ] GC(821) Phase 2: Compute new object addresses 4.077ms
[32.645s][info][gc,phases,start] GC(821) Phase 3: Adjust pointers
[32.650s][info][gc,phases      ] GC(821) Phase 3: Adjust pointers 5.404ms
[32.650s][info][gc,phases,start] GC(821) Phase 4: Move objects
[32.653s][info][gc,phases      ] GC(821) Phase 4: Move objects 3.143ms
[32.653s][info][gc,heap        ] GC(821) DefNew: 156915K(157248K)->36058K(157248K) Eden: 139776K(139776K)->36058K(139776K) From: 17139K(17472K)->0K(17472K)
[32.653s][info][gc,heap        ] GC(821) Tenured: 349383K(349568K)->349383K(349568K)
[32.653s][info][gc,metaspace   ] GC(821) Metaspace: 30979K(31296K)->30979K(31296K) NonClass: 27701K(27840K)->27701K(27840K) Class: 3278K(3456K)->3278K(3456K)
[32.653s][info][gc             ] GC(821) Pause Full (Allocation Failure) 494M->376M(494M) 22.071ms
[32.653s][info][gc,cpu         ] GC(821) User=0.02s Sys=0.00s Real=0.02s
[32.663s][info][gc,start       ] GC(822) Pause Full (Allocation Failure)
[32.663s][info][gc,phases,start] GC(822) Phase 1: Mark live objects
[32.671s][info][gc,phases      ] GC(822) Phase 1: Mark live objects 8.526ms
[32.671s][info][gc,phases,start] GC(822) Phase 2: Compute new object addresses
[32.676s][info][gc,phases      ] GC(822) Phase 2: Compute new object addresses 4.507ms
[32.676s][info][gc,phases,start] GC(822) Phase 3: Adjust pointers
[32.684s][info][gc,phases      ] GC(822) Phase 3: Adjust pointers 8.200ms
[32.684s][info][gc,phases,start] GC(822) Phase 4: Move objects
[32.689s][info][gc,phases      ] GC(822) Phase 4: Move objects 4.506ms
[32.689s][info][gc,heap        ] GC(822) DefNew: 157044K(157248K)->22207K(157248K) Eden: 139776K(139776K)->22207K(139776K) From: 17268K(17472K)->0K(17472K)
[32.689s][info][gc,heap        ] GC(822) Tenured: 349383K(349568K)->349138K(349568K)
[32.689s][info][gc,metaspace   ] GC(822) Metaspace: 30979K(31296K)->30979K(31296K) NonClass: 27701K(27840K)->27701K(27840K) Class: 3278K(3456K)->3278K(3456K)
[32.689s][info][gc             ] GC(822) Pause Full (Allocation Failure) 494M->362M(494M) 26.205ms
[32.689s][info][gc,cpu         ] GC(822) User=0.02s Sys=0.00s Real=0.03s
[32.702s][info][gc,start       ] GC(823) Pause Full (Allocation Failure)
[32.702s][info][gc,phases,start] GC(823) Phase 1: Mark live objects
[32.710s][info][gc,phases      ] GC(823) Phase 1: Mark live objects 8.698ms
[32.711s][info][gc,phases,start] GC(823) Phase 2: Compute new object addresses
[32.715s][info][gc,phases      ] GC(823) Phase 2: Compute new object addresses 4.297ms
[32.715s][info][gc,phases,start] GC(823) Phase 3: Adjust pointers
[32.721s][info][gc,phases      ] GC(823) Phase 3: Adjust pointers 5.889ms
[32.721s][info][gc,phases,start] GC(823) Phase 4: Move objects
[32.724s][info][gc,phases      ] GC(823) Phase 4: Move objects 3.215ms
[32.724s][info][gc,heap        ] GC(823) DefNew: 157086K(157248K)->31233K(157248K) Eden: 139776K(139776K)->31233K(139776K) From: 17310K(17472K)->0K(17472K)
[32.724s][info][gc,heap        ] GC(823) Tenured: 349394K(349568K)->349394K(349568K)
[32.724s][info][gc,metaspace   ] GC(823) Metaspace: 30979K(31296K)->30979K(31296K) NonClass: 27701K(27840K)->27701K(27840K) Class: 3278K(3456K)->3278K(3456K)
[32.724s][info][gc             ] GC(823) Pause Full (Allocation Failure) 494M->371M(494M) 22.511ms
[32.724s][info][gc,cpu         ] GC(823) User=0.02s Sys=0.00s Real=0.03s
[32.735s][info][gc,start       ] GC(824) Pause Full (Allocation Failure)
[32.735s][info][gc,phases,start] GC(824) Phase 1: Mark live objects
[32.744s][info][gc,phases      ] GC(824) Phase 1: Mark live objects 8.760ms
[32.744s][info][gc,phases,start] GC(824) Phase 2: Compute new object addresses
[32.748s][info][gc,phases      ] GC(824) Phase 2: Compute new object addresses 4.070ms
[32.748s][info][gc,phases,start] GC(824) Phase 3: Adjust pointers
[32.753s][info][gc,phases      ] GC(824) Phase 3: Adjust pointers 5.491ms
[32.753s][info][gc,phases,start] GC(824) Phase 4: Move objects
[32.756s][info][gc,phases      ] GC(824) Phase 4: Move objects 2.974ms
[32.757s][info][gc,heap        ] GC(824) DefNew: 156592K(157248K)->32974K(157248K) Eden: 139776K(139776K)->32974K(139776K) From: 16816K(17472K)->0K(17472K)
[32.757s][info][gc,heap        ] GC(824) Tenured: 349394K(349568K)->349396K(349568K)
[32.757s][info][gc,metaspace   ] GC(824) Metaspace: 30979K(31296K)->30979K(31296K) NonClass: 27701K(27840K)->27701K(27840K) Class: 3278K(3456K)->3278K(3456K)
[32.757s][info][gc             ] GC(824) Pause Full (Allocation Failure) 494M->373M(494M) 21.697ms
[32.757s][info][gc,cpu         ] GC(824) User=0.03s Sys=0.00s Real=0.03s
[32.777s][info][gc,start       ] GC(825) Pause Full (Allocation Failure)
[32.777s][info][gc,phases,start] GC(825) Phase 1: Mark live objects
[32.786s][info][gc,phases      ] GC(825) Phase 1: Mark live objects 8.613ms
[32.786s][info][gc,phases,start] GC(825) Phase 2: Compute new object addresses
[32.790s][info][gc,phases      ] GC(825) Phase 2: Compute new object addresses 4.070ms
[32.790s][info][gc,phases,start] GC(825) Phase 3: Adjust pointers
[32.796s][info][gc,phases      ] GC(825) Phase 3: Adjust pointers 5.692ms
[32.796s][info][gc,phases,start] GC(825) Phase 4: Move objects
[32.799s][info][gc,phases      ] GC(825) Phase 4: Move objects 3.060ms
[32.799s][info][gc,heap        ] GC(825) DefNew: 156715K(157248K)->31203K(157248K) Eden: 139776K(139776K)->31203K(139776K) From: 16939K(17472K)->0K(17472K)
[32.799s][info][gc,heap        ] GC(825) Tenured: 349396K(349568K)->349396K(349568K)
[32.799s][info][gc,metaspace   ] GC(825) Metaspace: 30979K(31296K)->30979K(31296K) NonClass: 27701K(27840K)->27701K(27840K) Class: 3278K(3456K)->3278K(3456K)
[32.799s][info][gc             ] GC(825) Pause Full (Allocation Failure) 494M->371M(494M) 21.858ms
[32.799s][info][gc,cpu         ] GC(825) User=0.02s Sys=0.00s Real=0.02s
[32.810s][info][gc,start       ] GC(826) Pause Full (Allocation Failure)
[32.810s][info][gc,phases,start] GC(826) Phase 1: Mark live objects
[32.819s][info][gc,phases      ] GC(826) Phase 1: Mark live objects 8.730ms
[32.819s][info][gc,phases,start] GC(826) Phase 2: Compute new object addresses
[32.823s][info][gc,phases      ] GC(826) Phase 2: Compute new object addresses 4.286ms
[32.823s][info][gc,phases,start] GC(826) Phase 3: Adjust pointers
[32.840s][info][gc,phases      ] GC(826) Phase 3: Adjust pointers 17.184ms
[32.840s][info][gc,phases,start] GC(826) Phase 4: Move objects
[32.843s][info][gc,phases      ] GC(826) Phase 4: Move objects 2.987ms
[32.844s][info][gc,heap        ] GC(826) DefNew: 156539K(157248K)->13395K(157248K) Eden: 139776K(139776K)->13395K(139776K) From: 16763K(17472K)->0K(17472K)
[32.844s][info][gc,heap        ] GC(826) Tenured: 349396K(349568K)->349525K(349568K)
[32.844s][info][gc,metaspace   ] GC(826) Metaspace: 30979K(31296K)->30979K(31296K) NonClass: 27701K(27840K)->27701K(27840K) Class: 3278K(3456K)->3278K(3456K)
[32.844s][info][gc             ] GC(826) Pause Full (Allocation Failure) 494M->354M(494M) 33.605ms
[32.844s][info][gc,cpu         ] GC(826) User=0.03s Sys=0.00s Real=0.03s
[32.854s][info][gc,start       ] GC(827) Pause Full (Allocation Failure)
[32.854s][info][gc,phases,start] GC(827) Phase 1: Mark live objects
[32.864s][info][gc,phases      ] GC(827) Phase 1: Mark live objects 9.161ms
[32.864s][info][gc,phases,start] GC(827) Phase 2: Compute new object addresses
[32.869s][info][gc,phases      ] GC(827) Phase 2: Compute new object addresses 5.272ms
[32.869s][info][gc,phases,start] GC(827) Phase 3: Adjust pointers
[32.876s][info][gc,phases      ] GC(827) Phase 3: Adjust pointers 7.350ms
[32.876s][info][gc,phases,start] GC(827) Phase 4: Move objects
[32.879s][info][gc,phases      ] GC(827) Phase 4: Move objects 2.861ms
[32.879s][info][gc,heap        ] GC(827) DefNew: 156495K(157248K)->29691K(157248K) Eden: 139776K(139776K)->29691K(139776K) From: 16719K(17472K)->0K(17472K)
[32.879s][info][gc,heap        ] GC(827) Tenured: 349525K(349568K)->349525K(349568K)
[32.879s][info][gc,metaspace   ] GC(827) Metaspace: 30979K(31296K)->30979K(31296K) NonClass: 27701K(27840K)->27701K(27840K) Class: 3278K(3456K)->3278K(3456K)
[32.880s][info][gc             ] GC(827) Pause Full (Allocation Failure) 494M->370M(494M) 25.088ms
[32.880s][info][gc,cpu         ] GC(827) User=0.03s Sys=0.00s Real=0.03s
[32.891s][info][gc,start       ] GC(828) Pause Full (Allocation Failure)
[32.891s][info][gc,phases,start] GC(828) Phase 1: Mark live objects
[32.900s][info][gc,phases      ] GC(828) Phase 1: Mark live objects 8.567ms
[32.900s][info][gc,phases,start] GC(828) Phase 2: Compute new object addresses
[32.905s][info][gc,phases      ] GC(828) Phase 2: Compute new object addresses 5.255ms
[32.905s][info][gc,phases,start] GC(828) Phase 3: Adjust pointers
[32.911s][info][gc,phases      ] GC(828) Phase 3: Adjust pointers 6.262ms
[32.911s][info][gc,phases,start] GC(828) Phase 4: Move objects
[32.915s][info][gc,phases      ] GC(828) Phase 4: Move objects 3.194ms
[32.915s][info][gc,heap        ] GC(828) DefNew: 156560K(157248K)->34605K(157248K) Eden: 139776K(139776K)->34605K(139776K) From: 16784K(17472K)->0K(17472K)
[32.915s][info][gc,heap        ] GC(828) Tenured: 349525K(349568K)->349525K(349568K)
[32.915s][info][gc,metaspace   ] GC(828) Metaspace: 30979K(31296K)->30979K(31296K) NonClass: 27701K(27840K)->27701K(27840K) Class: 3278K(3456K)->3278K(3456K)
[32.915s][info][gc             ] GC(828) Pause Full (Allocation Failure) 494M->375M(494M) 23.703ms
[32.915s][info][gc,cpu         ] GC(828) User=0.02s Sys=0.01s Real=0.02s
[32.921s][info][gc,start       ] GC(829) Pause Full (Allocation Failure)
[32.921s][info][gc,phases,start] GC(829) Phase 1: Mark live objects
[32.942s][info][gc,phases      ] GC(829) Phase 1: Mark live objects 21.160ms
[32.942s][info][gc,phases,start] GC(829) Phase 2: Compute new object addresses
[32.946s][info][gc,phases      ] GC(829) Phase 2: Compute new object addresses 3.991ms
[32.946s][info][gc,phases,start] GC(829) Phase 3: Adjust pointers
[32.952s][info][gc,phases      ] GC(829) Phase 3: Adjust pointers 5.470ms
[32.952s][info][gc,phases,start] GC(829) Phase 4: Move objects
[32.956s][info][gc,phases      ] GC(829) Phase 4: Move objects 4.254ms
[32.956s][info][gc,heap        ] GC(829) DefNew: 157044K(157248K)->45514K(157248K) Eden: 139776K(139776K)->45514K(139776K) From: 17268K(17472K)->0K(17472K)
[32.956s][info][gc,heap        ] GC(829) Tenured: 349525K(349568K)->349525K(349568K)
[32.956s][info][gc,metaspace   ] GC(829) Metaspace: 30979K(31296K)->30979K(31296K) NonClass: 27701K(27840K)->27701K(27840K) Class: 3278K(3456K)->3278K(3456K)
[32.956s][info][gc             ] GC(829) Pause Full (Allocation Failure) 494M->385M(494M) 35.284ms
[32.956s][info][gc,cpu         ] GC(829) User=0.03s Sys=0.00s Real=0.04s
[32.977s][info][gc,start       ] GC(830) Pause Full (Allocation Failure)
[32.977s][info][gc,phases,start] GC(830) Phase 1: Mark live objects
[32.987s][info][gc,phases      ] GC(830) Phase 1: Mark live objects 9.727ms
[32.987s][info][gc,phases,start] GC(830) Phase 2: Compute new object addresses
[32.992s][info][gc,phases      ] GC(830) Phase 2: Compute new object addresses 4.689ms
[32.992s][info][gc,phases,start] GC(830) Phase 3: Adjust pointers
[32.999s][info][gc,phases      ] GC(830) Phase 3: Adjust pointers 6.784ms
[32.999s][info][gc,phases,start] GC(830) Phase 4: Move objects
[33.003s][info][gc,phases      ] GC(830) Phase 4: Move objects 4.052ms
[33.003s][info][gc,heap        ] GC(830) DefNew: 156968K(157248K)->20916K(157248K) Eden: 139776K(139776K)->20916K(139776K) From: 17192K(17472K)->0K(17472K)
[33.003s][info][gc,heap        ] GC(830) Tenured: 349525K(349568K)->349111K(349568K)
[33.003s][info][gc,metaspace   ] GC(830) Metaspace: 30979K(31296K)->30979K(31296K) NonClass: 27701K(27840K)->27701K(27840K) Class: 3278K(3456K)->3278K(3456K)
[33.003s][info][gc             ] GC(830) Pause Full (Allocation Failure) 494M->361M(494M) 25.701ms
[33.003s][info][gc,cpu         ] GC(830) User=0.02s Sys=0.00s Real=0.02s
[33.017s][info][gc,start       ] GC(831) Pause Full (Allocation Failure)
[33.017s][info][gc,phases,start] GC(831) Phase 1: Mark live objects
[33.027s][info][gc,phases      ] GC(831) Phase 1: Mark live objects 9.639ms
[33.027s][info][gc,phases,start] GC(831) Phase 2: Compute new object addresses
[33.031s][info][gc,phases      ] GC(831) Phase 2: Compute new object addresses 4.260ms
[33.031s][info][gc,phases,start] GC(831) Phase 3: Adjust pointers
[33.037s][info][gc,phases      ] GC(831) Phase 3: Adjust pointers 5.832ms
[33.037s][info][gc,phases,start] GC(831) Phase 4: Move objects
[33.040s][info][gc,phases      ] GC(831) Phase 4: Move objects 3.454ms
[33.041s][info][gc,heap        ] GC(831) DefNew: 157101K(157248K)->32251K(157248K) Eden: 139776K(139776K)->32251K(139776K) From: 17325K(17472K)->0K(17472K)
[33.041s][info][gc,heap        ] GC(831) Tenured: 349111K(349568K)->349111K(349568K)
[33.041s][info][gc,metaspace   ] GC(831) Metaspace: 30979K(31296K)->30979K(31296K) NonClass: 27701K(27840K)->27701K(27840K) Class: 3278K(3456K)->3278K(3456K)
[33.041s][info][gc             ] GC(831) Pause Full (Allocation Failure) 494M->372M(494M) 23.611ms
[33.041s][info][gc,cpu         ] GC(831) User=0.02s Sys=0.00s Real=0.02s
[33.055s][info][gc,start       ] GC(832) Pause Full (Allocation Failure)
[33.055s][info][gc,phases,start] GC(832) Phase 1: Mark live objects
[33.063s][info][gc,phases      ] GC(832) Phase 1: Mark live objects 7.959ms
[33.063s][info][gc,phases,start] GC(832) Phase 2: Compute new object addresses
[33.067s][info][gc,phases      ] GC(832) Phase 2: Compute new object addresses 3.916ms
[33.067s][info][gc,phases,start] GC(832) Phase 3: Adjust pointers
[33.072s][info][gc,phases      ] GC(832) Phase 3: Adjust pointers 5.391ms
[33.072s][info][gc,phases,start] GC(832) Phase 4: Move objects
[33.075s][info][gc,phases      ] GC(832) Phase 4: Move objects 2.578ms
[33.075s][info][gc,heap        ] GC(832) DefNew: 157188K(157248K)->28569K(157248K) Eden: 139776K(139776K)->28569K(139776K) From: 17412K(17472K)->0K(17472K)
[33.075s][info][gc,heap        ] GC(832) Tenured: 349111K(349568K)->349111K(349568K)
[33.075s][info][gc,metaspace   ] GC(832) Metaspace: 30979K(31296K)->30979K(31296K) NonClass: 27701K(27840K)->27701K(27840K) Class: 3278K(3456K)->3278K(3456K)
[33.075s][info][gc             ] GC(832) Pause Full (Allocation Failure) 494M->368M(494M) 20.210ms
[33.075s][info][gc,cpu         ] GC(832) User=0.02s Sys=0.00s Real=0.02s
[33.085s][info][gc,start       ] GC(833) Pause Full (Allocation Failure)
[33.085s][info][gc,phases,start] GC(833) Phase 1: Mark live objects
[33.095s][info][gc,phases      ] GC(833) Phase 1: Mark live objects 9.661ms
[33.095s][info][gc,phases,start] GC(833) Phase 2: Compute new object addresses
[33.100s][info][gc,phases      ] GC(833) Phase 2: Compute new object addresses 4.497ms
[33.100s][info][gc,phases,start] GC(833) Phase 3: Adjust pointers
[33.106s][info][gc,phases      ] GC(833) Phase 3: Adjust pointers 6.176ms
[33.106s][info][gc,phases,start] GC(833) Phase 4: Move objects
[33.109s][info][gc,phases      ] GC(833) Phase 4: Move objects 3.463ms
[33.110s][info][gc,heap        ] GC(833) DefNew: 156907K(157248K)->30435K(157248K) Eden: 139776K(139776K)->30435K(139776K) From: 17131K(17472K)->0K(17472K)
[33.110s][info][gc,heap        ] GC(833) Tenured: 349111K(349568K)->349111K(349568K)
[33.110s][info][gc,metaspace   ] GC(833) Metaspace: 30981K(31296K)->30981K(31296K) NonClass: 27702K(27840K)->27702K(27840K) Class: 3278K(3456K)->3278K(3456K)
[33.110s][info][gc             ] GC(833) Pause Full (Allocation Failure) 494M->370M(494M) 24.289ms
[33.110s][info][gc,cpu         ] GC(833) User=0.03s Sys=0.00s Real=0.02s
[33.120s][info][gc,start       ] GC(834) Pause Full (Allocation Failure)
[33.120s][info][gc,phases,start] GC(834) Phase 1: Mark live objects
[33.130s][info][gc,phases      ] GC(834) Phase 1: Mark live objects 9.651ms
[33.130s][info][gc,phases,start] GC(834) Phase 2: Compute new object addresses
[33.134s][info][gc,phases      ] GC(834) Phase 2: Compute new object addresses 4.594ms
[33.134s][info][gc,phases,start] GC(834) Phase 3: Adjust pointers
[33.141s][info][gc,phases      ] GC(834) Phase 3: Adjust pointers 6.889ms
[33.141s][info][gc,phases,start] GC(834) Phase 4: Move objects
[33.171s][info][gc,phases      ] GC(834) Phase 4: Move objects 29.155ms
[33.171s][info][gc,heap        ] GC(834) DefNew: 157210K(157248K)->20848K(157248K) Eden: 139776K(139776K)->20848K(139776K) From: 17434K(17472K)->0K(17472K)
[33.171s][info][gc,heap        ] GC(834) Tenured: 349367K(349568K)->349359K(349568K)
[33.171s][info][gc,metaspace   ] GC(834) Metaspace: 30981K(31296K)->30981K(31296K) NonClass: 27702K(27840K)->27702K(27840K) Class: 3278K(3456K)->3278K(3456K)
[33.171s][info][gc             ] GC(834) Pause Full (Allocation Failure) 494M->361M(494M) 50.780ms
[33.171s][info][gc,cpu         ] GC(834) User=0.05s Sys=0.00s Real=0.05s
[33.179s][info][gc,start       ] GC(835) Pause Full (Allocation Failure)
[33.179s][info][gc,phases,start] GC(835) Phase 1: Mark live objects
[33.187s][info][gc,phases      ] GC(835) Phase 1: Mark live objects 8.752ms
[33.187s][info][gc,phases,start] GC(835) Phase 2: Compute new object addresses
[33.192s][info][gc,phases      ] GC(835) Phase 2: Compute new object addresses 4.700ms
[33.192s][info][gc,phases,start] GC(835) Phase 3: Adjust pointers
[33.198s][info][gc,phases      ] GC(835) Phase 3: Adjust pointers 6.215ms
[33.198s][info][gc,phases,start] GC(835) Phase 4: Move objects
[33.202s][info][gc,phases      ] GC(835) Phase 4: Move objects 3.287ms
[33.202s][info][gc,heap        ] GC(835) DefNew: 156867K(157248K)->32259K(157248K) Eden: 139776K(139776K)->32259K(139776K) From: 17091K(17472K)->0K(17472K)
[33.202s][info][gc,heap        ] GC(835) Tenured: 349359K(349568K)->349360K(349568K)
[33.202s][info][gc,metaspace   ] GC(835) Metaspace: 30981K(31296K)->30981K(31296K) NonClass: 27702K(27840K)->27702K(27840K) Class: 3278K(3456K)->3278K(3456K)
[33.202s][info][gc             ] GC(835) Pause Full (Allocation Failure) 494M->372M(494M) 23.375ms
[33.202s][info][gc,cpu         ] GC(835) User=0.02s Sys=0.00s Real=0.02s
[33.213s][info][gc,start       ] GC(836) Pause Full (Allocation Failure)
[33.213s][info][gc,phases,start] GC(836) Phase 1: Mark live objects
[33.221s][info][gc,phases      ] GC(836) Phase 1: Mark live objects 8.114ms
[33.221s][info][gc,phases,start] GC(836) Phase 2: Compute new object addresses
[33.225s][info][gc,phases      ] GC(836) Phase 2: Compute new object addresses 4.055ms
[33.225s][info][gc,phases,start] GC(836) Phase 3: Adjust pointers
[33.231s][info][gc,phases      ] GC(836) Phase 3: Adjust pointers 5.774ms
[33.231s][info][gc,phases,start] GC(836) Phase 4: Move objects
[33.234s][info][gc,phases      ] GC(836) Phase 4: Move objects 3.037ms
[33.234s][info][gc,heap        ] GC(836) DefNew: 156929K(157248K)->30243K(157248K) Eden: 139776K(139776K)->30243K(139776K) From: 17153K(17472K)->0K(17472K)
[33.234s][info][gc,heap        ] GC(836) Tenured: 349360K(349568K)->349361K(349568K)
[33.234s][info][gc,metaspace   ] GC(836) Metaspace: 30981K(31296K)->30981K(31296K) NonClass: 27702K(27840K)->27702K(27840K) Class: 3278K(3456K)->3278K(3456K)
[33.234s][info][gc             ] GC(836) Pause Full (Allocation Failure) 494M->370M(494M) 21.396ms
[33.234s][info][gc,cpu         ] GC(836) User=0.02s Sys=0.00s Real=0.02s
[33.241s][info][gc,start       ] GC(837) Pause Full (Allocation Failure)
[33.241s][info][gc,phases,start] GC(837) Phase 1: Mark live objects
[33.249s][info][gc,phases      ] GC(837) Phase 1: Mark live objects 8.534ms
[33.249s][info][gc,phases,start] GC(837) Phase 2: Compute new object addresses
[33.253s][info][gc,phases      ] GC(837) Phase 2: Compute new object addresses 4.109ms
[33.253s][info][gc,phases,start] GC(837) Phase 3: Adjust pointers
[33.259s][info][gc,phases      ] GC(837) Phase 3: Adjust pointers 6.013ms
[33.259s][info][gc,phases,start] GC(837) Phase 4: Move objects
[33.263s][info][gc,phases      ] GC(837) Phase 4: Move objects 3.608ms
[33.263s][info][gc,heap        ] GC(837) DefNew: 157066K(157248K)->35739K(157248K) Eden: 139776K(139776K)->35739K(139776K) From: 17290K(17472K)->0K(17472K)
[33.263s][info][gc,heap        ] GC(837) Tenured: 349361K(349568K)->349401K(349568K)
[33.263s][info][gc,metaspace   ] GC(837) Metaspace: 30981K(31296K)->30981K(31296K) NonClass: 27702K(27840K)->27702K(27840K) Class: 3278K(3456K)->3278K(3456K)
[33.263s][info][gc             ] GC(837) Pause Full (Allocation Failure) 494M->376M(494M) 22.687ms
[33.263s][info][gc,cpu         ] GC(837) User=0.02s Sys=0.01s Real=0.02s
[33.274s][info][gc,start       ] GC(838) Pause Full (Allocation Failure)
[33.274s][info][gc,phases,start] GC(838) Phase 1: Mark live objects
[33.283s][info][gc,phases      ] GC(838) Phase 1: Mark live objects 8.403ms
[33.283s][info][gc,phases,start] GC(838) Phase 2: Compute new object addresses
[33.287s][info][gc,phases      ] GC(838) Phase 2: Compute new object addresses 4.170ms
[33.287s][info][gc,phases,start] GC(838) Phase 3: Adjust pointers
[33.293s][info][gc,phases      ] GC(838) Phase 3: Adjust pointers 5.847ms
[33.293s][info][gc,phases,start] GC(838) Phase 4: Move objects
[33.297s][info][gc,phases      ] GC(838) Phase 4: Move objects 4.559ms
[33.297s][info][gc,heap        ] GC(838) DefNew: 156766K(157248K)->33507K(157248K) Eden: 139776K(139776K)->33507K(139776K) From: 16990K(17472K)->0K(17472K)
[33.297s][info][gc,heap        ] GC(838) Tenured: 349401K(349568K)->349358K(349568K)
[33.297s][info][gc,metaspace   ] GC(838) Metaspace: 30981K(31296K)->30981K(31296K) NonClass: 27702K(27840K)->27702K(27840K) Class: 3278K(3456K)->3278K(3456K)
[33.297s][info][gc             ] GC(838) Pause Full (Allocation Failure) 494M->373M(494M) 23.398ms
[33.297s][info][gc,cpu         ] GC(838) User=0.02s Sys=0.00s Real=0.03s
[33.303s][info][gc,start       ] GC(839) Pause Full (Allocation Failure)
[33.303s][info][gc,phases,start] GC(839) Phase 1: Mark live objects
[33.313s][info][gc,phases      ] GC(839) Phase 1: Mark live objects 9.383ms
[33.313s][info][gc,phases,start] GC(839) Phase 2: Compute new object addresses
[33.317s][info][gc,phases      ] GC(839) Phase 2: Compute new object addresses 4.074ms
[33.317s][info][gc,phases,start] GC(839) Phase 3: Adjust pointers
[33.323s][info][gc,phases      ] GC(839) Phase 3: Adjust pointers 6.001ms
[33.323s][info][gc,phases,start] GC(839) Phase 4: Move objects
[33.327s][info][gc,phases      ] GC(839) Phase 4: Move objects 3.886ms
[33.327s][info][gc,heap        ] GC(839) DefNew: 157012K(157248K)->41246K(157248K) Eden: 139776K(139776K)->41246K(139776K) From: 17236K(17472K)->0K(17472K)
[33.327s][info][gc,heap        ] GC(839) Tenured: 349358K(349568K)->349359K(349568K)
[33.327s][info][gc,metaspace   ] GC(839) Metaspace: 30981K(31296K)->30981K(31296K) NonClass: 27702K(27840K)->27702K(27840K) Class: 3278K(3456K)->3278K(3456K)
[33.327s][info][gc             ] GC(839) Pause Full (Allocation Failure) 494M->381M(494M) 23.789ms
[33.327s][info][gc,cpu         ] GC(839) User=0.03s Sys=0.00s Real=0.03s
[33.335s][info][gc,start       ] GC(840) Pause Full (Allocation Failure)
[33.335s][info][gc,phases,start] GC(840) Phase 1: Mark live objects
[33.343s][info][gc,phases      ] GC(840) Phase 1: Mark live objects 7.923ms
[33.343s][info][gc,phases,start] GC(840) Phase 2: Compute new object addresses
[33.347s][info][gc,phases      ] GC(840) Phase 2: Compute new object addresses 3.913ms
[33.347s][info][gc,phases,start] GC(840) Phase 3: Adjust pointers
[33.353s][info][gc,phases      ] GC(840) Phase 3: Adjust pointers 6.347ms
[33.353s][info][gc,phases,start] GC(840) Phase 4: Move objects
[33.357s][info][gc,phases      ] GC(840) Phase 4: Move objects 3.804ms
[33.357s][info][gc,heap        ] GC(840) DefNew: 156751K(157248K)->39860K(157248K) Eden: 139776K(139776K)->39860K(139776K) From: 16975K(17472K)->0K(17472K)
[33.357s][info][gc,heap        ] GC(840) Tenured: 349359K(349568K)->349366K(349568K)
[33.357s][info][gc,metaspace   ] GC(840) Metaspace: 30981K(31296K)->30981K(31296K) NonClass: 27702K(27840K)->27702K(27840K) Class: 3278K(3456K)->3278K(3456K)
[33.357s][info][gc             ] GC(840) Pause Full (Allocation Failure) 494M->380M(494M) 22.361ms
[33.358s][info][gc,cpu         ] GC(840) User=0.02s Sys=0.00s Real=0.03s
[33.372s][info][gc,start       ] GC(841) Pause Full (Allocation Failure)
[33.372s][info][gc,phases,start] GC(841) Phase 1: Mark live objects
[33.381s][info][gc,phases      ] GC(841) Phase 1: Mark live objects 8.221ms
[33.381s][info][gc,phases,start] GC(841) Phase 2: Compute new object addresses
[33.385s][info][gc,phases      ] GC(841) Phase 2: Compute new object addresses 4.084ms
[33.385s][info][gc,phases,start] GC(841) Phase 3: Adjust pointers
[33.390s][info][gc,phases      ] GC(841) Phase 3: Adjust pointers 5.480ms
[33.390s][info][gc,phases,start] GC(841) Phase 4: Move objects
[33.394s][info][gc,phases      ] GC(841) Phase 4: Move objects 3.365ms
[33.394s][info][gc,heap        ] GC(841) DefNew: 156624K(157248K)->36102K(157248K) Eden: 139776K(139776K)->36102K(139776K) From: 16848K(17472K)->0K(17472K)
[33.394s][info][gc,heap        ] GC(841) Tenured: 349366K(349568K)->349366K(349568K)
[33.394s][info][gc,metaspace   ] GC(841) Metaspace: 30981K(31296K)->30981K(31296K) NonClass: 27702K(27840K)->27702K(27840K) Class: 3278K(3456K)->3278K(3456K)
[33.394s][info][gc             ] GC(841) Pause Full (Allocation Failure) 494M->376M(494M) 21.535ms
[33.394s][info][gc,cpu         ] GC(841) User=0.02s Sys=0.00s Real=0.02s
[33.404s][info][gc,start       ] GC(842) Pause Full (Allocation Failure)
[33.404s][info][gc,phases,start] GC(842) Phase 1: Mark live objects
[33.412s][info][gc,phases      ] GC(842) Phase 1: Mark live objects 7.872ms
[33.412s][info][gc,phases,start] GC(842) Phase 2: Compute new object addresses
[33.416s][info][gc,phases      ] GC(842) Phase 2: Compute new object addresses 4.283ms
[33.416s][info][gc,phases,start] GC(842) Phase 3: Adjust pointers
[33.422s][info][gc,phases      ] GC(842) Phase 3: Adjust pointers 6.153ms
[33.423s][info][gc,phases,start] GC(842) Phase 4: Move objects
[33.426s][info][gc,phases      ] GC(842) Phase 4: Move objects 3.590ms
[33.426s][info][gc,heap        ] GC(842) DefNew: 156764K(157248K)->28566K(157248K) Eden: 139776K(139776K)->28566K(139776K) From: 16988K(17472K)->0K(17472K)
[33.426s][info][gc,heap        ] GC(842) Tenured: 349366K(349568K)->349439K(349568K)
[33.426s][info][gc,metaspace   ] GC(842) Metaspace: 30981K(31296K)->30981K(31296K) NonClass: 27702K(27840K)->27702K(27840K) Class: 3278K(3456K)->3278K(3456K)
[33.426s][info][gc             ] GC(842) Pause Full (Allocation Failure) 494M->369M(494M) 22.291ms
[33.426s][info][gc,cpu         ] GC(842) User=0.03s Sys=0.00s Real=0.02s
[33.457s][info][gc,start       ] GC(843) Pause Full (Allocation Failure)
[33.457s][info][gc,phases,start] GC(843) Phase 1: Mark live objects
[33.465s][info][gc,phases      ] GC(843) Phase 1: Mark live objects 8.209ms
[33.465s][info][gc,phases,start] GC(843) Phase 2: Compute new object addresses
[33.470s][info][gc,phases      ] GC(843) Phase 2: Compute new object addresses 4.058ms
[33.470s][info][gc,phases,start] GC(843) Phase 3: Adjust pointers
[33.475s][info][gc,phases      ] GC(843) Phase 3: Adjust pointers 5.640ms
[33.475s][info][gc,phases,start] GC(843) Phase 4: Move objects
[33.478s][info][gc,phases      ] GC(843) Phase 4: Move objects 2.682ms
[33.478s][info][gc,heap        ] GC(843) DefNew: 157247K(157248K)->29068K(157248K) Eden: 139776K(139776K)->29068K(139776K) From: 17471K(17472K)->0K(17472K)
[33.478s][info][gc,heap        ] GC(843) Tenured: 349568K(349568K)->349568K(349568K)
[33.478s][info][gc,metaspace   ] GC(843) Metaspace: 30981K(31296K)->30981K(31296K) NonClass: 27702K(27840K)->27702K(27840K) Class: 3278K(3456K)->3278K(3456K)
[33.478s][info][gc             ] GC(843) Pause Full (Allocation Failure) 494M->369M(494M) 20.983ms
[33.478s][info][gc,cpu         ] GC(843) User=0.02s Sys=0.00s Real=0.02s
[33.492s][info][gc,start       ] GC(844) Pause Full (Allocation Failure)
[33.492s][info][gc,phases,start] GC(844) Phase 1: Mark live objects
[33.501s][info][gc,phases      ] GC(844) Phase 1: Mark live objects 8.312ms
[33.501s][info][gc,phases,start] GC(844) Phase 2: Compute new object addresses
[33.505s][info][gc,phases      ] GC(844) Phase 2: Compute new object addresses 4.122ms
[33.505s][info][gc,phases,start] GC(844) Phase 3: Adjust pointers
[33.510s][info][gc,phases      ] GC(844) Phase 3: Adjust pointers 5.534ms
[33.510s][info][gc,phases,start] GC(844) Phase 4: Move objects
[33.513s][info][gc,phases      ] GC(844) Phase 4: Move objects 2.618ms
[33.513s][info][gc,heap        ] GC(844) DefNew: 157155K(157248K)->27880K(157248K) Eden: 139776K(139776K)->27880K(139776K) From: 17379K(17472K)->0K(17472K)
[33.513s][info][gc,heap        ] GC(844) Tenured: 349568K(349568K)->349568K(349568K)
[33.513s][info][gc,metaspace   ] GC(844) Metaspace: 30981K(31296K)->30981K(31296K) NonClass: 27702K(27840K)->27702K(27840K) Class: 3278K(3456K)->3278K(3456K)
[33.513s][info][gc             ] GC(844) Pause Full (Allocation Failure) 494M->368M(494M) 20.986ms
[33.513s][info][gc,cpu         ] GC(844) User=0.02s Sys=0.00s Real=0.02s
[33.524s][info][gc,start       ] GC(845) Pause Full (Allocation Failure)
[33.524s][info][gc,phases,start] GC(845) Phase 1: Mark live objects
[33.532s][info][gc,phases      ] GC(845) Phase 1: Mark live objects 8.322ms
[33.532s][info][gc,phases,start] GC(845) Phase 2: Compute new object addresses
[33.538s][info][gc,phases      ] GC(845) Phase 2: Compute new object addresses 6.066ms
[33.538s][info][gc,phases,start] GC(845) Phase 3: Adjust pointers
[33.545s][info][gc,phases      ] GC(845) Phase 3: Adjust pointers 7.133ms
[33.545s][info][gc,phases,start] GC(845) Phase 4: Move objects
[33.548s][info][gc,phases      ] GC(845) Phase 4: Move objects 2.909ms
[33.549s][info][gc,heap        ] GC(845) DefNew: 156622K(157248K)->27538K(157248K) Eden: 139776K(139776K)->27538K(139776K) From: 16846K(17472K)->0K(17472K)
[33.549s][info][gc,heap        ] GC(845) Tenured: 349568K(349568K)->349568K(349568K)
[33.549s][info][gc,metaspace   ] GC(845) Metaspace: 30981K(31296K)->30981K(31296K) NonClass: 27702K(27840K)->27702K(27840K) Class: 3278K(3456K)->3278K(3456K)
[33.549s][info][gc             ] GC(845) Pause Full (Allocation Failure) 494M->368M(494M) 24.903ms
[33.549s][info][gc,cpu         ] GC(845) User=0.02s Sys=0.00s Real=0.02s
[33.560s][info][gc,start       ] GC(846) Pause Full (Allocation Failure)
[33.560s][info][gc,phases,start] GC(846) Phase 1: Mark live objects
[33.569s][info][gc,phases      ] GC(846) Phase 1: Mark live objects 9.188ms
[33.569s][info][gc,phases,start] GC(846) Phase 2: Compute new object addresses
[33.574s][info][gc,phases      ] GC(846) Phase 2: Compute new object addresses 4.624ms
[33.574s][info][gc,phases,start] GC(846) Phase 3: Adjust pointers
[33.580s][info][gc,phases      ] GC(846) Phase 3: Adjust pointers 6.180ms
[33.580s][info][gc,phases,start] GC(846) Phase 4: Move objects
[33.603s][info][gc,phases      ] GC(846) Phase 4: Move objects 23.206ms
[33.603s][info][gc,heap        ] GC(846) DefNew: 157247K(157248K)->24821K(157248K) Eden: 139776K(139776K)->24821K(139776K) From: 17471K(17472K)->0K(17472K)
[33.603s][info][gc,heap        ] GC(846) Tenured: 349568K(349568K)->349322K(349568K)
[33.603s][info][gc,metaspace   ] GC(846) Metaspace: 30981K(31296K)->30981K(31296K) NonClass: 27702K(27840K)->27702K(27840K) Class: 3278K(3456K)->3278K(3456K)
[33.603s][info][gc             ] GC(846) Pause Full (Allocation Failure) 494M->365M(494M) 43.622ms
[33.603s][info][gc,cpu         ] GC(846) User=0.04s Sys=0.00s Real=0.04s
[33.614s][info][gc,start       ] GC(847) Pause Full (Allocation Failure)
[33.614s][info][gc,phases,start] GC(847) Phase 1: Mark live objects
[33.623s][info][gc,phases      ] GC(847) Phase 1: Mark live objects 9.005ms
[33.623s][info][gc,phases,start] GC(847) Phase 2: Compute new object addresses
[33.628s][info][gc,phases      ] GC(847) Phase 2: Compute new object addresses 4.539ms
[33.628s][info][gc,phases,start] GC(847) Phase 3: Adjust pointers
[33.634s][info][gc,phases      ] GC(847) Phase 3: Adjust pointers 6.103ms
[33.634s][info][gc,phases,start] GC(847) Phase 4: Move objects
[33.636s][info][gc,phases      ] GC(847) Phase 4: Move objects 2.052ms
[33.636s][info][gc,heap        ] GC(847) DefNew: 156578K(157248K)->26015K(157248K) Eden: 139776K(139776K)->26015K(139776K) From: 16802K(17472K)->0K(17472K)
[33.636s][info][gc,heap        ] GC(847) Tenured: 349322K(349568K)->349322K(349568K)
[33.636s][info][gc,metaspace   ] GC(847) Metaspace: 30981K(31296K)->30981K(31296K) NonClass: 27702K(27840K)->27702K(27840K) Class: 3278K(3456K)->3278K(3456K)
[33.636s][info][gc             ] GC(847) Pause Full (Allocation Failure) 494M->366M(494M) 22.094ms
[33.636s][info][gc,cpu         ] GC(847) User=0.02s Sys=0.00s Real=0.03s
[33.647s][info][gc,start       ] GC(848) Pause Full (Allocation Failure)
[33.647s][info][gc,phases,start] GC(848) Phase 1: Mark live objects
[33.656s][info][gc,phases      ] GC(848) Phase 1: Mark live objects 9.143ms
[33.656s][info][gc,phases,start] GC(848) Phase 2: Compute new object addresses
[33.660s][info][gc,phases      ] GC(848) Phase 2: Compute new object addresses 4.351ms
[33.660s][info][gc,phases,start] GC(848) Phase 3: Adjust pointers
[33.666s][info][gc,phases      ] GC(848) Phase 3: Adjust pointers 5.749ms
[33.666s][info][gc,phases,start] GC(848) Phase 4: Move objects
[33.669s][info][gc,phases      ] GC(848) Phase 4: Move objects 3.206ms
[33.669s][info][gc,heap        ] GC(848) DefNew: 157248K(157248K)->33552K(157248K) Eden: 139776K(139776K)->33552K(139776K) From: 17472K(17472K)->0K(17472K)
[33.669s][info][gc,heap        ] GC(848) Tenured: 349327K(349568K)->349329K(349568K)
[33.670s][info][gc,metaspace   ] GC(848) Metaspace: 30981K(31296K)->30981K(31296K) NonClass: 27702K(27840K)->27702K(27840K) Class: 3278K(3456K)->3278K(3456K)
[33.670s][info][gc             ] GC(848) Pause Full (Allocation Failure) 494M->373M(494M) 22.884ms
[33.670s][info][gc,cpu         ] GC(848) User=0.03s Sys=0.00s Real=0.02s
[33.680s][info][gc,start       ] GC(849) Pause Full (Allocation Failure)
[33.680s][info][gc,phases,start] GC(849) Phase 1: Mark live objects
[33.688s][info][gc,phases      ] GC(849) Phase 1: Mark live objects 8.243ms
[33.688s][info][gc,phases,start] GC(849) Phase 2: Compute new object addresses
[33.693s][info][gc,phases      ] GC(849) Phase 2: Compute new object addresses 4.276ms
[33.693s][info][gc,phases,start] GC(849) Phase 3: Adjust pointers
[33.699s][info][gc,phases      ] GC(849) Phase 3: Adjust pointers 6.329ms
[33.699s][info][gc,phases,start] GC(849) Phase 4: Move objects
[33.702s][info][gc,phases      ] GC(849) Phase 4: Move objects 2.540ms
[33.702s][info][gc,heap        ] GC(849) DefNew: 157161K(157248K)->27789K(157248K) Eden: 139776K(139776K)->27789K(139776K) From: 17385K(17472K)->0K(17472K)
[33.702s][info][gc,heap        ] GC(849) Tenured: 349329K(349568K)->349368K(349568K)
[33.702s][info][gc,metaspace   ] GC(849) Metaspace: 30981K(31296K)->30981K(31296K) NonClass: 27702K(27840K)->27702K(27840K) Class: 3278K(3456K)->3278K(3456K)
[33.702s][info][gc             ] GC(849) Pause Full (Allocation Failure) 494M->368M(494M) 21.771ms
[33.702s][info][gc,cpu         ] GC(849) User=0.02s Sys=0.00s Real=0.02s
[33.709s][info][gc,start       ] GC(850) Pause Full (Allocation Failure)
[33.709s][info][gc,phases,start] GC(850) Phase 1: Mark live objects
[33.718s][info][gc,phases      ] GC(850) Phase 1: Mark live objects 9.105ms
[33.718s][info][gc,phases,start] GC(850) Phase 2: Compute new object addresses
[33.722s][info][gc,phases      ] GC(850) Phase 2: Compute new object addresses 4.219ms
[33.722s][info][gc,phases,start] GC(850) Phase 3: Adjust pointers
[33.727s][info][gc,phases      ] GC(850) Phase 3: Adjust pointers 5.391ms
[33.727s][info][gc,phases,start] GC(850) Phase 4: Move objects
[33.732s][info][gc,phases      ] GC(850) Phase 4: Move objects 4.126ms
[33.732s][info][gc,heap        ] GC(850) DefNew: 157247K(157248K)->33002K(157248K) Eden: 139776K(139776K)->33002K(139776K) From: 17471K(17472K)->0K(17472K)
[33.732s][info][gc,heap        ] GC(850) Tenured: 349369K(349568K)->349360K(349568K)
[33.732s][info][gc,metaspace   ] GC(850) Metaspace: 30981K(31296K)->30981K(31296K) NonClass: 27702K(27840K)->27702K(27840K) Class: 3278K(3456K)->3278K(3456K)
[33.732s][info][gc             ] GC(850) Pause Full (Allocation Failure) 494M->373M(494M) 23.286ms
[33.732s][info][gc,cpu         ] GC(850) User=0.03s Sys=0.01s Real=0.02s
[33.741s][info][gc,start       ] GC(851) Pause Full (Allocation Failure)
[33.741s][info][gc,phases,start] GC(851) Phase 1: Mark live objects
[33.749s][info][gc,phases      ] GC(851) Phase 1: Mark live objects 8.242ms
[33.749s][info][gc,phases,start] GC(851) Phase 2: Compute new object addresses
[33.754s][info][gc,phases      ] GC(851) Phase 2: Compute new object addresses 4.125ms
[33.754s][info][gc,phases,start] GC(851) Phase 3: Adjust pointers
[33.759s][info][gc,phases      ] GC(851) Phase 3: Adjust pointers 5.650ms
[33.759s][info][gc,phases,start] GC(851) Phase 4: Move objects
[33.763s][info][gc,phases      ] GC(851) Phase 4: Move objects 3.328ms
[33.763s][info][gc,heap        ] GC(851) DefNew: 156786K(157248K)->37405K(157248K) Eden: 139776K(139776K)->37405K(139776K) From: 17010K(17472K)->0K(17472K)
[33.763s][info][gc,heap        ] GC(851) Tenured: 349360K(349568K)->349360K(349568K)
[33.763s][info][gc,metaspace   ] GC(851) Metaspace: 30981K(31296K)->30981K(31296K) NonClass: 27702K(27840K)->27702K(27840K) Class: 3278K(3456K)->3278K(3456K)
[33.763s][info][gc             ] GC(851) Pause Full (Allocation Failure) 494M->377M(494M) 21.780ms
[33.763s][info][gc,cpu         ] GC(851) User=0.02s Sys=0.00s Real=0.02s
[33.771s][info][gc,start       ] GC(852) Pause Full (Allocation Failure)
[33.771s][info][gc,phases,start] GC(852) Phase 1: Mark live objects
[33.779s][info][gc,phases      ] GC(852) Phase 1: Mark live objects 8.255ms
[33.780s][info][gc,phases,start] GC(852) Phase 2: Compute new object addresses
[33.784s][info][gc,phases      ] GC(852) Phase 2: Compute new object addresses 4.114ms
[33.784s][info][gc,phases,start] GC(852) Phase 3: Adjust pointers
[33.796s][info][gc,phases      ] GC(852) Phase 3: Adjust pointers 12.485ms
[33.796s][info][gc,phases,start] GC(852) Phase 4: Move objects
[33.802s][info][gc,phases      ] GC(852) Phase 4: Move objects 5.751ms
[33.802s][info][gc,heap        ] GC(852) DefNew: 156995K(157248K)->39964K(157248K) Eden: 139776K(139776K)->39964K(139776K) From: 17219K(17472K)->0K(17472K)
[33.802s][info][gc,heap        ] GC(852) Tenured: 349360K(349568K)->349362K(349568K)
[33.802s][info][gc,metaspace   ] GC(852) Metaspace: 30981K(31296K)->30981K(31296K) NonClass: 27702K(27840K)->27702K(27840K) Class: 3278K(3456K)->3278K(3456K)
[33.802s][info][gc             ] GC(852) Pause Full (Allocation Failure) 494M->380M(494M) 31.237ms
[33.802s][info][gc,cpu         ] GC(852) User=0.03s Sys=0.00s Real=0.03s
[33.813s][info][gc,start       ] GC(853) Pause Full (Allocation Failure)
[33.813s][info][gc,phases,start] GC(853) Phase 1: Mark live objects
[33.823s][info][gc,phases      ] GC(853) Phase 1: Mark live objects 10.106ms
[33.823s][info][gc,phases,start] GC(853) Phase 2: Compute new object addresses
[33.828s][info][gc,phases      ] GC(853) Phase 2: Compute new object addresses 4.601ms
[33.828s][info][gc,phases,start] GC(853) Phase 3: Adjust pointers
[33.835s][info][gc,phases      ] GC(853) Phase 3: Adjust pointers 6.388ms
[33.835s][info][gc,phases,start] GC(853) Phase 4: Move objects
[33.838s][info][gc,phases      ] GC(853) Phase 4: Move objects 3.710ms
[33.838s][info][gc,heap        ] GC(853) DefNew: 156596K(157248K)->40253K(157248K) Eden: 139776K(139776K)->40253K(139776K) From: 16820K(17472K)->0K(17472K)
[33.838s][info][gc,heap        ] GC(853) Tenured: 349362K(349568K)->349363K(349568K)
[33.838s][info][gc,metaspace   ] GC(853) Metaspace: 30981K(31296K)->30981K(31296K) NonClass: 27702K(27840K)->27702K(27840K) Class: 3278K(3456K)->3278K(3456K)
[33.838s][info][gc             ] GC(853) Pause Full (Allocation Failure) 494M->380M(494M) 25.242ms
[33.839s][info][gc,cpu         ] GC(853) User=0.04s Sys=0.00s Real=0.03s
[33.849s][info][gc,start       ] GC(854) Pause Full (Allocation Failure)
[33.849s][info][gc,phases,start] GC(854) Phase 1: Mark live objects
[33.857s][info][gc,phases      ] GC(854) Phase 1: Mark live objects 7.965ms
[33.857s][info][gc,phases,start] GC(854) Phase 2: Compute new object addresses
[33.861s][info][gc,phases      ] GC(854) Phase 2: Compute new object addresses 3.782ms
[33.861s][info][gc,phases,start] GC(854) Phase 3: Adjust pointers
[33.866s][info][gc,phases      ] GC(854) Phase 3: Adjust pointers 5.094ms
[33.866s][info][gc,phases,start] GC(854) Phase 4: Move objects
[33.870s][info][gc,phases      ] GC(854) Phase 4: Move objects 3.886ms
[33.870s][info][gc,heap        ] GC(854) DefNew: 156849K(157248K)->32709K(157248K) Eden: 139776K(139776K)->32709K(139776K) From: 17073K(17472K)->0K(17472K)
[33.870s][info][gc,heap        ] GC(854) Tenured: 349363K(349568K)->349322K(349568K)
[33.870s][info][gc,metaspace   ] GC(854) Metaspace: 30981K(31296K)->30981K(31296K) NonClass: 27702K(27840K)->27702K(27840K) Class: 3278K(3456K)->3278K(3456K)
[33.870s][info][gc             ] GC(854) Pause Full (Allocation Failure) 494M->373M(494M) 21.079ms
[33.870s][info][gc,cpu         ] GC(854) User=0.02s Sys=0.00s Real=0.02s
[33.879s][info][gc,start       ] GC(855) Pause Full (Allocation Failure)
[33.879s][info][gc,phases,start] GC(855) Phase 1: Mark live objects
[33.887s][info][gc,phases      ] GC(855) Phase 1: Mark live objects 8.303ms
[33.887s][info][gc,phases,start] GC(855) Phase 2: Compute new object addresses
[33.892s][info][gc,phases      ] GC(855) Phase 2: Compute new object addresses 4.841ms
[33.892s][info][gc,phases,start] GC(855) Phase 3: Adjust pointers
[33.899s][info][gc,phases      ] GC(855) Phase 3: Adjust pointers 6.792ms
[33.899s][info][gc,phases,start] GC(855) Phase 4: Move objects
[33.902s][info][gc,phases      ] GC(855) Phase 4: Move objects 3.514ms
[33.903s][info][gc,heap        ] GC(855) DefNew: 157025K(157248K)->39467K(157248K) Eden: 139776K(139776K)->39467K(139776K) From: 17249K(17472K)->0K(17472K)
[33.903s][info][gc,heap        ] GC(855) Tenured: 349322K(349568K)->349322K(349568K)
[33.903s][info][gc,metaspace   ] GC(855) Metaspace: 30981K(31296K)->30981K(31296K) NonClass: 27702K(27840K)->27702K(27840K) Class: 3278K(3456K)->3278K(3456K)
[33.903s][info][gc             ] GC(855) Pause Full (Allocation Failure) 494M->379M(494M) 23.898ms
[33.903s][info][gc,cpu         ] GC(855) User=0.02s Sys=0.00s Real=0.02s
[33.913s][info][gc,start       ] GC(856) Pause Full (Allocation Failure)
[33.913s][info][gc,phases,start] GC(856) Phase 1: Mark live objects
[33.922s][info][gc,phases      ] GC(856) Phase 1: Mark live objects 8.516ms
[33.922s][info][gc,phases,start] GC(856) Phase 2: Compute new object addresses
[33.926s][info][gc,phases      ] GC(856) Phase 2: Compute new object addresses 3.863ms
[33.926s][info][gc,phases,start] GC(856) Phase 3: Adjust pointers
[33.931s][info][gc,phases      ] GC(856) Phase 3: Adjust pointers 5.280ms
[33.931s][info][gc,phases,start] GC(856) Phase 4: Move objects
[33.934s][info][gc,phases      ] GC(856) Phase 4: Move objects 3.355ms
[33.935s][info][gc,heap        ] GC(856) DefNew: 156302K(157248K)->39890K(157248K) Eden: 139776K(139776K)->39890K(139776K) From: 16526K(17472K)->0K(17472K)
[33.935s][info][gc,heap        ] GC(856) Tenured: 349322K(349568K)->349323K(349568K)
[33.935s][info][gc,metaspace   ] GC(856) Metaspace: 30981K(31296K)->30981K(31296K) NonClass: 27702K(27840K)->27702K(27840K) Class: 3278K(3456K)->3278K(3456K)
[33.935s][info][gc             ] GC(856) Pause Full (Allocation Failure) 493M->380M(494M) 21.387ms
[33.935s][info][gc,cpu         ] GC(856) User=0.02s Sys=0.00s Real=0.02s
[33.940s][info][gc,start       ] GC(857) Pause Full (Allocation Failure)
[33.940s][info][gc,phases,start] GC(857) Phase 1: Mark live objects
[33.949s][info][gc,phases      ] GC(857) Phase 1: Mark live objects 8.849ms
[33.949s][info][gc,phases,start] GC(857) Phase 2: Compute new object addresses
[33.953s][info][gc,phases      ] GC(857) Phase 2: Compute new object addresses 4.126ms
[33.953s][info][gc,phases,start] GC(857) Phase 3: Adjust pointers
[33.959s][info][gc,phases      ] GC(857) Phase 3: Adjust pointers 5.512ms
[33.959s][info][gc,phases,start] GC(857) Phase 4: Move objects
[33.963s][info][gc,phases      ] GC(857) Phase 4: Move objects 3.721ms
[33.963s][info][gc,heap        ] GC(857) DefNew: 157008K(157248K)->44559K(157248K) Eden: 139776K(139776K)->44559K(139776K) From: 17232K(17472K)->0K(17472K)
[33.963s][info][gc,heap        ] GC(857) Tenured: 349323K(349568K)->349357K(349568K)
[33.963s][info][gc,metaspace   ] GC(857) Metaspace: 30982K(31296K)->30982K(31296K) NonClass: 27703K(27840K)->27703K(27840K) Class: 3278K(3456K)->3278K(3456K)
[33.963s][info][gc             ] GC(857) Pause Full (Allocation Failure) 494M->384M(494M) 22.608ms
[33.963s][info][gc,cpu         ] GC(857) User=0.02s Sys=0.00s Real=0.02s
[33.968s][info][gc,start       ] GC(858) Pause Full (Allocation Failure)
[33.969s][info][gc,phases,start] GC(858) Phase 1: Mark live objects
[33.977s][info][gc,phases      ] GC(858) Phase 1: Mark live objects 8.518ms
[33.977s][info][gc,phases,start] GC(858) Phase 2: Compute new object addresses
[33.981s][info][gc,phases      ] GC(858) Phase 2: Compute new object addresses 3.797ms
[33.981s][info][gc,phases,start] GC(858) Phase 3: Adjust pointers
[33.987s][info][gc,phases      ] GC(858) Phase 3: Adjust pointers 5.894ms
[33.987s][info][gc,phases,start] GC(858) Phase 4: Move objects
[33.994s][info][gc,phases      ] GC(858) Phase 4: Move objects 6.864ms
[33.994s][info][gc,heap        ] GC(858) DefNew: 157107K(157248K)->47626K(157248K) Eden: 139776K(139776K)->47626K(139776K) From: 17331K(17472K)->0K(17472K)
[33.994s][info][gc,heap        ] GC(858) Tenured: 349357K(349568K)->349361K(349568K)
[33.994s][info][gc,metaspace   ] GC(858) Metaspace: 30982K(31296K)->30982K(31296K) NonClass: 27703K(27840K)->27703K(27840K) Class: 3278K(3456K)->3278K(3456K)
[33.994s][info][gc             ] GC(858) Pause Full (Allocation Failure) 494M->387M(494M) 25.535ms
[33.994s][info][gc,cpu         ] GC(858) User=0.02s Sys=0.00s Real=0.02s
[34.001s][info][gc,start       ] GC(859) Pause Full (Allocation Failure)
[34.001s][info][gc,phases,start] GC(859) Phase 1: Mark live objects
[34.010s][info][gc,phases      ] GC(859) Phase 1: Mark live objects 9.519ms
[34.010s][info][gc,phases,start] GC(859) Phase 2: Compute new object addresses
[34.014s][info][gc,phases      ] GC(859) Phase 2: Compute new object addresses 3.789ms
[34.014s][info][gc,phases,start] GC(859) Phase 3: Adjust pointers
[34.019s][info][gc,phases      ] GC(859) Phase 3: Adjust pointers 5.323ms
[34.019s][info][gc,phases,start] GC(859) Phase 4: Move objects
[34.024s][info][gc,phases      ] GC(859) Phase 4: Move objects 4.175ms
[34.024s][info][gc,heap        ] GC(859) DefNew: 157119K(157248K)->52398K(157248K) Eden: 139776K(139776K)->52398K(139776K) From: 17343K(17472K)->0K(17472K)
[34.024s][info][gc,heap        ] GC(859) Tenured: 349361K(349568K)->349361K(349568K)
[34.024s][info][gc,metaspace   ] GC(859) Metaspace: 30982K(31296K)->30982K(31296K) NonClass: 27703K(27840K)->27703K(27840K) Class: 3278K(3456K)->3278K(3456K)
[34.024s][info][gc             ] GC(859) Pause Full (Allocation Failure) 494M->392M(494M) 23.241ms
[34.024s][info][gc,cpu         ] GC(859) User=0.02s Sys=0.00s Real=0.03s
[34.033s][info][gc,start       ] GC(860) Pause Full (Allocation Failure)
[34.033s][info][gc,phases,start] GC(860) Phase 1: Mark live objects
[34.042s][info][gc,phases      ] GC(860) Phase 1: Mark live objects 9.053ms
[34.042s][info][gc,phases,start] GC(860) Phase 2: Compute new object addresses
[34.046s][info][gc,phases      ] GC(860) Phase 2: Compute new object addresses 3.907ms
[34.046s][info][gc,phases,start] GC(860) Phase 3: Adjust pointers
[34.052s][info][gc,phases      ] GC(860) Phase 3: Adjust pointers 5.516ms
[34.052s][info][gc,phases,start] GC(860) Phase 4: Move objects
[34.056s][info][gc,phases      ] GC(860) Phase 4: Move objects 4.710ms
[34.057s][info][gc,heap        ] GC(860) DefNew: 157165K(157248K)->53244K(157248K) Eden: 139776K(139776K)->53244K(139776K) From: 17389K(17472K)->0K(17472K)
[34.057s][info][gc,heap        ] GC(860) Tenured: 349361K(349568K)->349361K(349568K)
[34.057s][info][gc,metaspace   ] GC(860) Metaspace: 30982K(31296K)->30982K(31296K) NonClass: 27703K(27840K)->27703K(27840K) Class: 3278K(3456K)->3278K(3456K)
[34.057s][info][gc             ] GC(860) Pause Full (Allocation Failure) 494M->393M(494M) 23.594ms
[34.057s][info][gc,cpu         ] GC(860) User=0.02s Sys=0.00s Real=0.03s
[34.067s][info][gc,start       ] GC(861) Pause Full (Allocation Failure)
[34.067s][info][gc,phases,start] GC(861) Phase 1: Mark live objects
[34.076s][info][gc,phases      ] GC(861) Phase 1: Mark live objects 8.722ms
[34.076s][info][gc,phases,start] GC(861) Phase 2: Compute new object addresses
[34.079s][info][gc,phases      ] GC(861) Phase 2: Compute new object addresses 3.638ms
[34.079s][info][gc,phases,start] GC(861) Phase 3: Adjust pointers
[34.085s][info][gc,phases      ] GC(861) Phase 3: Adjust pointers 5.240ms
[34.085s][info][gc,phases,start] GC(861) Phase 4: Move objects
[34.089s][info][gc,phases      ] GC(861) Phase 4: Move objects 3.864ms
[34.089s][info][gc,heap        ] GC(861) DefNew: 156469K(157248K)->47124K(157248K) Eden: 139776K(139776K)->47124K(139776K) From: 16693K(17472K)->0K(17472K)
[34.089s][info][gc,heap        ] GC(861) Tenured: 349361K(349568K)->349362K(349568K)
[34.089s][info][gc,metaspace   ] GC(861) Metaspace: 30982K(31296K)->30982K(31296K) NonClass: 27703K(27840K)->27703K(27840K) Class: 3278K(3456K)->3278K(3456K)
[34.089s][info][gc             ] GC(861) Pause Full (Allocation Failure) 493M->387M(494M) 21.888ms
[34.089s][info][gc,cpu         ] GC(861) User=0.02s Sys=0.00s Real=0.02s
[34.099s][info][gc,start       ] GC(862) Pause Full (Allocation Failure)
[34.099s][info][gc,phases,start] GC(862) Phase 1: Mark live objects
[34.110s][info][gc,phases      ] GC(862) Phase 1: Mark live objects 10.332ms
[34.110s][info][gc,phases,start] GC(862) Phase 2: Compute new object addresses
[34.114s][info][gc,phases      ] GC(862) Phase 2: Compute new object addresses 3.837ms
[34.114s][info][gc,phases,start] GC(862) Phase 3: Adjust pointers
[34.119s][info][gc,phases      ] GC(862) Phase 3: Adjust pointers 5.475ms
[34.119s][info][gc,phases,start] GC(862) Phase 4: Move objects
[34.123s][info][gc,phases      ] GC(862) Phase 4: Move objects 4.210ms
[34.124s][info][gc,heap        ] GC(862) DefNew: 157190K(157248K)->40862K(157248K) Eden: 139776K(139776K)->40862K(139776K) From: 17414K(17472K)->0K(17472K)
[34.124s][info][gc,heap        ] GC(862) Tenured: 349362K(349568K)->348572K(349568K)
[34.124s][info][gc,metaspace   ] GC(862) Metaspace: 30982K(31296K)->30982K(31296K) NonClass: 27703K(27840K)->27703K(27840K) Class: 3278K(3456K)->3278K(3456K)
[34.124s][info][gc             ] GC(862) Pause Full (Allocation Failure) 494M->380M(494M) 24.241ms
[34.124s][info][gc,cpu         ] GC(862) User=0.02s Sys=0.00s Real=0.02s
[34.134s][info][gc,start       ] GC(863) Pause Full (Allocation Failure)
[34.134s][info][gc,phases,start] GC(863) Phase 1: Mark live objects
[34.143s][info][gc,phases      ] GC(863) Phase 1: Mark live objects 8.602ms
[34.143s][info][gc,phases,start] GC(863) Phase 2: Compute new object addresses
[34.147s][info][gc,phases      ] GC(863) Phase 2: Compute new object addresses 4.239ms
[34.147s][info][gc,phases,start] GC(863) Phase 3: Adjust pointers
[34.154s][info][gc,phases      ] GC(863) Phase 3: Adjust pointers 6.886ms
[34.154s][info][gc,phases,start] GC(863) Phase 4: Move objects
[34.157s][info][gc,phases      ] GC(863) Phase 4: Move objects 3.320ms
[34.157s][info][gc,heap        ] GC(863) DefNew: 156620K(157248K)->40736K(157248K) Eden: 139776K(139776K)->40736K(139776K) From: 16844K(17472K)->0K(17472K)
[34.157s][info][gc,heap        ] GC(863) Tenured: 348572K(349568K)->348572K(349568K)
[34.157s][info][gc,metaspace   ] GC(863) Metaspace: 30982K(31296K)->30982K(31296K) NonClass: 27703K(27840K)->27703K(27840K) Class: 3278K(3456K)->3278K(3456K)
[34.157s][info][gc             ] GC(863) Pause Full (Allocation Failure) 493M->380M(494M) 23.467ms
[34.157s][info][gc,cpu         ] GC(863) User=0.02s Sys=0.00s Real=0.03s
[34.168s][info][gc,start       ] GC(864) Pause Full (Allocation Failure)
[34.168s][info][gc,phases,start] GC(864) Phase 1: Mark live objects
[34.176s][info][gc,phases      ] GC(864) Phase 1: Mark live objects 7.839ms
[34.176s][info][gc,phases,start] GC(864) Phase 2: Compute new object addresses
[34.180s][info][gc,phases      ] GC(864) Phase 2: Compute new object addresses 4.089ms
[34.180s][info][gc,phases,start] GC(864) Phase 3: Adjust pointers
[34.186s][info][gc,phases      ] GC(864) Phase 3: Adjust pointers 5.916ms
[34.186s][info][gc,phases,start] GC(864) Phase 4: Move objects
[34.189s][info][gc,phases      ] GC(864) Phase 4: Move objects 3.301ms
[34.189s][info][gc,heap        ] GC(864) DefNew: 157117K(157248K)->41691K(157248K) Eden: 139776K(139776K)->41691K(139776K) From: 17341K(17472K)->0K(17472K)
[34.189s][info][gc,heap        ] GC(864) Tenured: 349340K(349568K)->349340K(349568K)
[34.189s][info][gc,metaspace   ] GC(864) Metaspace: 30982K(31296K)->30982K(31296K) NonClass: 27703K(27840K)->27703K(27840K) Class: 3278K(3456K)->3278K(3456K)
[34.189s][info][gc             ] GC(864) Pause Full (Allocation Failure) 494M->381M(494M) 21.545ms
[34.189s][info][gc,cpu         ] GC(864) User=0.02s Sys=0.00s Real=0.02s
[34.200s][info][gc,start       ] GC(865) Pause Full (Allocation Failure)
[34.200s][info][gc,phases,start] GC(865) Phase 1: Mark live objects
[34.209s][info][gc,phases      ] GC(865) Phase 1: Mark live objects 8.669ms
[34.209s][info][gc,phases,start] GC(865) Phase 2: Compute new object addresses
[34.213s][info][gc,phases      ] GC(865) Phase 2: Compute new object addresses 4.249ms
[34.213s][info][gc,phases,start] GC(865) Phase 3: Adjust pointers
[34.219s][info][gc,phases      ] GC(865) Phase 3: Adjust pointers 5.602ms
[34.219s][info][gc,phases,start] GC(865) Phase 4: Move objects
[34.222s][info][gc,phases      ] GC(865) Phase 4: Move objects 3.231ms
[34.222s][info][gc,heap        ] GC(865) DefNew: 157099K(157248K)->40471K(157248K) Eden: 139776K(139776K)->40471K(139776K) From: 17323K(17472K)->0K(17472K)
[34.222s][info][gc,heap        ] GC(865) Tenured: 349340K(349568K)->349340K(349568K)
[34.222s][info][gc,metaspace   ] GC(865) Metaspace: 30982K(31296K)->30982K(31296K) NonClass: 27703K(27840K)->27703K(27840K) Class: 3278K(3456K)->3278K(3456K)
[34.222s][info][gc             ] GC(865) Pause Full (Allocation Failure) 494M->380M(494M) 22.147ms
[34.222s][info][gc,cpu         ] GC(865) User=0.02s Sys=0.00s Real=0.02s
[34.233s][info][gc,start       ] GC(866) Pause Full (Allocation Failure)
[34.233s][info][gc,phases,start] GC(866) Phase 1: Mark live objects
[34.241s][info][gc,phases      ] GC(866) Phase 1: Mark live objects 8.431ms
[34.241s][info][gc,phases,start] GC(866) Phase 2: Compute new object addresses
[34.247s][info][gc,phases      ] GC(866) Phase 2: Compute new object addresses 5.568ms
[34.247s][info][gc,phases,start] GC(866) Phase 3: Adjust pointers
[34.254s][info][gc,phases      ] GC(866) Phase 3: Adjust pointers 6.784ms
[34.254s][info][gc,phases,start] GC(866) Phase 4: Move objects
[34.258s][info][gc,phases      ] GC(866) Phase 4: Move objects 4.902ms
[34.259s][info][gc,heap        ] GC(866) DefNew: 156653K(157248K)->37942K(157248K) Eden: 139776K(139776K)->37942K(139776K) From: 16877K(17472K)->0K(17472K)
[34.259s][info][gc,heap        ] GC(866) Tenured: 349340K(349568K)->349556K(349568K)
[34.259s][info][gc,metaspace   ] GC(866) Metaspace: 30982K(31296K)->30982K(31296K) NonClass: 27703K(27840K)->27703K(27840K) Class: 3278K(3456K)->3278K(3456K)
[34.259s][info][gc             ] GC(866) Pause Full (Allocation Failure) 494M->378M(494M) 26.148ms
[34.259s][info][gc,cpu         ] GC(866) User=0.02s Sys=0.00s Real=0.03s
[34.272s][info][gc,start       ] GC(867) Pause Full (Allocation Failure)
[34.272s][info][gc,phases,start] GC(867) Phase 1: Mark live objects
[34.280s][info][gc,phases      ] GC(867) Phase 1: Mark live objects 8.249ms
[34.280s][info][gc,phases,start] GC(867) Phase 2: Compute new object addresses
[34.284s][info][gc,phases      ] GC(867) Phase 2: Compute new object addresses 3.761ms
[34.284s][info][gc,phases,start] GC(867) Phase 3: Adjust pointers
[34.289s][info][gc,phases      ] GC(867) Phase 3: Adjust pointers 5.377ms
[34.289s][info][gc,phases,start] GC(867) Phase 4: Move objects
[34.292s][info][gc,phases      ] GC(867) Phase 4: Move objects 2.978ms
[34.292s][info][gc,heap        ] GC(867) DefNew: 157248K(157248K)->36341K(157248K) Eden: 139776K(139776K)->36341K(139776K) From: 17472K(17472K)->0K(17472K)
[34.292s][info][gc,heap        ] GC(867) Tenured: 349568K(349568K)->349568K(349568K)
[34.292s][info][gc,metaspace   ] GC(867) Metaspace: 30982K(31296K)->30982K(31296K) NonClass: 27703K(27840K)->27703K(27840K) Class: 3278K(3456K)->3278K(3456K)
[34.292s][info][gc             ] GC(867) Pause Full (Allocation Failure) 494M->376M(494M) 20.734ms
[34.292s][info][gc,cpu         ] GC(867) User=0.02s Sys=0.00s Real=0.02s
[34.303s][info][gc,start       ] GC(868) Pause Full (Allocation Failure)
[34.303s][info][gc,phases,start] GC(868) Phase 1: Mark live objects
[34.311s][info][gc,phases      ] GC(868) Phase 1: Mark live objects 8.081ms
[34.311s][info][gc,phases,start] GC(868) Phase 2: Compute new object addresses
[34.315s][info][gc,phases      ] GC(868) Phase 2: Compute new object addresses 4.438ms
[34.315s][info][gc,phases,start] GC(868) Phase 3: Adjust pointers
[34.322s][info][gc,phases      ] GC(868) Phase 3: Adjust pointers 6.363ms
[34.322s][info][gc,phases,start] GC(868) Phase 4: Move objects
[34.324s][info][gc,phases      ] GC(868) Phase 4: Move objects 2.638ms
[34.325s][info][gc,heap        ] GC(868) DefNew: 156394K(157248K)->32516K(157248K) Eden: 139776K(139776K)->32516K(139776K) From: 16618K(17472K)->0K(17472K)
[34.325s][info][gc,heap        ] GC(868) Tenured: 349568K(349568K)->349568K(349568K)
[34.325s][info][gc,metaspace   ] GC(868) Metaspace: 30982K(31296K)->30982K(31296K) NonClass: 27703K(27840K)->27703K(27840K) Class: 3278K(3456K)->3278K(3456K)
[34.325s][info][gc             ] GC(868) Pause Full (Allocation Failure) 494M->373M(494M) 21.903ms
[34.325s][info][gc,cpu         ] GC(868) User=0.02s Sys=0.00s Real=0.03s
[34.334s][info][gc,start       ] GC(869) Pause Full (Allocation Failure)
[34.334s][info][gc,phases,start] GC(869) Phase 1: Mark live objects
[34.342s][info][gc,phases      ] GC(869) Phase 1: Mark live objects 8.068ms
[34.342s][info][gc,phases,start] GC(869) Phase 2: Compute new object addresses
[34.346s][info][gc,phases      ] GC(869) Phase 2: Compute new object addresses 4.119ms
[34.346s][info][gc,phases,start] GC(869) Phase 3: Adjust pointers
[34.352s][info][gc,phases      ] GC(869) Phase 3: Adjust pointers 5.481ms
[34.352s][info][gc,phases,start] GC(869) Phase 4: Move objects
[34.355s][info][gc,phases      ] GC(869) Phase 4: Move objects 2.863ms
[34.355s][info][gc,heap        ] GC(869) DefNew: 157174K(157248K)->37314K(157248K) Eden: 139776K(139776K)->37314K(139776K) From: 17398K(17472K)->0K(17472K)
[34.355s][info][gc,heap        ] GC(869) Tenured: 349568K(349568K)->349568K(349568K)
[34.355s][info][gc,metaspace   ] GC(869) Metaspace: 30982K(31296K)->30982K(31296K) NonClass: 27703K(27840K)->27703K(27840K) Class: 3278K(3456K)->3278K(3456K)
[34.355s][info][gc             ] GC(869) Pause Full (Allocation Failure) 494M->377M(494M) 20.876ms
[34.355s][info][gc,cpu         ] GC(869) User=0.02s Sys=0.00s Real=0.02s
[34.362s][info][gc,start       ] GC(870) Pause Full (Allocation Failure)
[34.362s][info][gc,phases,start] GC(870) Phase 1: Mark live objects
[34.371s][info][gc,phases      ] GC(870) Phase 1: Mark live objects 8.381ms
[34.371s][info][gc,phases,start] GC(870) Phase 2: Compute new object addresses
[34.375s][info][gc,phases      ] GC(870) Phase 2: Compute new object addresses 4.160ms
[34.375s][info][gc,phases,start] GC(870) Phase 3: Adjust pointers
[34.381s][info][gc,phases      ] GC(870) Phase 3: Adjust pointers 5.490ms
[34.381s][info][gc,phases,start] GC(870) Phase 4: Move objects
[34.385s][info][gc,phases      ] GC(870) Phase 4: Move objects 4.873ms
[34.386s][info][gc,heap        ] GC(870) DefNew: 157150K(157248K)->40218K(157248K) Eden: 139776K(139776K)->40218K(139776K) From: 17374K(17472K)->0K(17472K)
[34.386s][info][gc,heap        ] GC(870) Tenured: 349568K(349568K)->349556K(349568K)
[34.386s][info][gc,metaspace   ] GC(870) Metaspace: 30982K(31296K)->30982K(31296K) NonClass: 27703K(27840K)->27703K(27840K) Class: 3278K(3456K)->3278K(3456K)
[34.386s][info][gc             ] GC(870) Pause Full (Allocation Failure) 494M->380M(494M) 23.251ms
[34.386s][info][gc,cpu         ] GC(870) User=0.03s Sys=0.00s Real=0.03s
[34.396s][info][gc,start       ] GC(871) Pause Full (Allocation Failure)
[34.396s][info][gc,phases,start] GC(871) Phase 1: Mark live objects
[34.404s][info][gc,phases      ] GC(871) Phase 1: Mark live objects 7.947ms
[34.404s][info][gc,phases,start] GC(871) Phase 2: Compute new object addresses
[34.408s][info][gc,phases      ] GC(871) Phase 2: Compute new object addresses 3.902ms
[34.408s][info][gc,phases,start] GC(871) Phase 3: Adjust pointers
[34.413s][info][gc,phases      ] GC(871) Phase 3: Adjust pointers 5.244ms
[34.413s][info][gc,phases,start] GC(871) Phase 4: Move objects
[34.416s][info][gc,phases      ] GC(871) Phase 4: Move objects 2.847ms
[34.416s][info][gc,heap        ] GC(871) DefNew: 157136K(157248K)->35510K(157248K) Eden: 139776K(139776K)->35510K(139776K) From: 17360K(17472K)->0K(17472K)
[34.416s][info][gc,heap        ] GC(871) Tenured: 349556K(349568K)->349556K(349568K)
[34.416s][info][gc,metaspace   ] GC(871) Metaspace: 30982K(31296K)->30982K(31296K) NonClass: 27703K(27840K)->27703K(27840K) Class: 3278K(3456K)->3278K(3456K)
[34.416s][info][gc             ] GC(871) Pause Full (Allocation Failure) 494M->376M(494M) 20.337ms
[34.416s][info][gc,cpu         ] GC(871) User=0.02s Sys=0.00s Real=0.02s
[34.431s][info][gc,start       ] GC(872) Pause Full (Allocation Failure)
[34.431s][info][gc,phases,start] GC(872) Phase 1: Mark live objects
[34.439s][info][gc,phases      ] GC(872) Phase 1: Mark live objects 8.206ms
[34.439s][info][gc,phases,start] GC(872) Phase 2: Compute new object addresses
[34.444s][info][gc,phases      ] GC(872) Phase 2: Compute new object addresses 4.913ms
[34.444s][info][gc,phases,start] GC(872) Phase 3: Adjust pointers
[34.452s][info][gc,phases      ] GC(872) Phase 3: Adjust pointers 8.054ms
[34.452s][info][gc,phases,start] GC(872) Phase 4: Move objects
[34.456s][info][gc,phases      ] GC(872) Phase 4: Move objects 3.308ms
[34.456s][info][gc,heap        ] GC(872) DefNew: 156991K(157248K)->34834K(157248K) Eden: 139776K(139776K)->34834K(139776K) From: 17215K(17472K)->0K(17472K)
[34.456s][info][gc,heap        ] GC(872) Tenured: 349556K(349568K)->349556K(349568K)
[34.456s][info][gc,metaspace   ] GC(872) Metaspace: 30982K(31296K)->30982K(31296K) NonClass: 27703K(27840K)->27703K(27840K) Class: 3278K(3456K)->3278K(3456K)
[34.456s][info][gc             ] GC(872) Pause Full (Allocation Failure) 494M->375M(494M) 24.999ms
[34.456s][info][gc,cpu         ] GC(872) User=0.03s Sys=0.00s Real=0.03s
[34.471s][info][gc,start       ] GC(873) Pause Full (Allocation Failure)
[34.471s][info][gc,phases,start] GC(873) Phase 1: Mark live objects
[34.480s][info][gc,phases      ] GC(873) Phase 1: Mark live objects 9.042ms
[34.480s][info][gc,phases,start] GC(873) Phase 2: Compute new object addresses
[34.484s][info][gc,phases      ] GC(873) Phase 2: Compute new object addresses 4.137ms
[34.484s][info][gc,phases,start] GC(873) Phase 3: Adjust pointers
[34.490s][info][gc,phases      ] GC(873) Phase 3: Adjust pointers 5.565ms
[34.490s][info][gc,phases,start] GC(873) Phase 4: Move objects
[34.492s][info][gc,phases      ] GC(873) Phase 4: Move objects 2.663ms
[34.492s][info][gc,heap        ] GC(873) DefNew: 157047K(157248K)->30869K(157248K) Eden: 139776K(139776K)->30869K(139776K) From: 17271K(17472K)->0K(17472K)
[34.492s][info][gc,heap        ] GC(873) Tenured: 349556K(349568K)->349556K(349568K)
[34.492s][info][gc,metaspace   ] GC(873) Metaspace: 30982K(31296K)->30982K(31296K) NonClass: 27703K(27840K)->27703K(27840K) Class: 3278K(3456K)->3278K(3456K)
[34.492s][info][gc             ] GC(873) Pause Full (Allocation Failure) 494M->371M(494M) 21.816ms
[34.493s][info][gc,cpu         ] GC(873) User=0.03s Sys=0.00s Real=0.02s
[34.501s][info][gc,start       ] GC(874) Pause Full (Allocation Failure)
[34.501s][info][gc,phases,start] GC(874) Phase 1: Mark live objects
[34.510s][info][gc,phases      ] GC(874) Phase 1: Mark live objects 8.244ms
[34.510s][info][gc,phases,start] GC(874) Phase 2: Compute new object addresses
[34.514s][info][gc,phases      ] GC(874) Phase 2: Compute new object addresses 4.314ms
[34.514s][info][gc,phases,start] GC(874) Phase 3: Adjust pointers
[34.520s][info][gc,phases      ] GC(874) Phase 3: Adjust pointers 5.484ms
[34.520s][info][gc,phases,start] GC(874) Phase 4: Move objects
[34.523s][info][gc,phases      ] GC(874) Phase 4: Move objects 3.063ms
[34.523s][info][gc,heap        ] GC(874) DefNew: 157081K(157248K)->34315K(157248K) Eden: 139776K(139776K)->34315K(139776K) From: 17305K(17472K)->0K(17472K)
[34.523s][info][gc,heap        ] GC(874) Tenured: 349556K(349568K)->349556K(349568K)
[34.523s][info][gc,metaspace   ] GC(874) Metaspace: 30982K(31296K)->30982K(31296K) NonClass: 27703K(27840K)->27703K(27840K) Class: 3278K(3456K)->3278K(3456K)
[34.523s][info][gc             ] GC(874) Pause Full (Allocation Failure) 494M->374M(494M) 21.436ms
[34.523s][info][gc,cpu         ] GC(874) User=0.02s Sys=0.01s Real=0.02s
[34.529s][info][gc,start       ] GC(875) Pause Full (Allocation Failure)
[34.529s][info][gc,phases,start] GC(875) Phase 1: Mark live objects
[34.537s][info][gc,phases      ] GC(875) Phase 1: Mark live objects 8.353ms
[34.537s][info][gc,phases,start] GC(875) Phase 2: Compute new object addresses
[34.542s][info][gc,phases      ] GC(875) Phase 2: Compute new object addresses 4.379ms
[34.542s][info][gc,phases,start] GC(875) Phase 3: Adjust pointers
[34.548s][info][gc,phases      ] GC(875) Phase 3: Adjust pointers 5.851ms
[34.548s][info][gc,phases,start] GC(875) Phase 4: Move objects
[34.551s][info][gc,phases      ] GC(875) Phase 4: Move objects 2.936ms
[34.551s][info][gc,heap        ] GC(875) DefNew: 157030K(157248K)->36793K(157248K) Eden: 139776K(139776K)->36793K(139776K) From: 17254K(17472K)->0K(17472K)
[34.551s][info][gc,heap        ] GC(875) Tenured: 349556K(349568K)->349556K(349568K)
[34.551s][info][gc,metaspace   ] GC(875) Metaspace: 30982K(31296K)->30982K(31296K) NonClass: 27703K(27840K)->27703K(27840K) Class: 3278K(3456K)->3278K(3456K)
[34.551s][info][gc             ] GC(875) Pause Full (Allocation Failure) 494M->377M(494M) 21.948ms
[34.551s][info][gc,cpu         ] GC(875) User=0.02s Sys=0.00s Real=0.02s
[34.561s][info][gc,start       ] GC(876) Pause Full (Allocation Failure)
[34.562s][info][gc,phases,start] GC(876) Phase 1: Mark live objects
[34.570s][info][gc,phases      ] GC(876) Phase 1: Mark live objects 8.267ms
[34.570s][info][gc,phases,start] GC(876) Phase 2: Compute new object addresses
[34.574s][info][gc,phases      ] GC(876) Phase 2: Compute new object addresses 4.177ms
[34.574s][info][gc,phases,start] GC(876) Phase 3: Adjust pointers
[34.580s][info][gc,phases      ] GC(876) Phase 3: Adjust pointers 5.898ms
[34.580s][info][gc,phases,start] GC(876) Phase 4: Move objects
[34.583s][info][gc,phases      ] GC(876) Phase 4: Move objects 2.760ms
[34.583s][info][gc,heap        ] GC(876) DefNew: 156562K(157248K)->32648K(157248K) Eden: 139776K(139776K)->32648K(139776K) From: 16786K(17472K)->0K(17472K)
[34.583s][info][gc,heap        ] GC(876) Tenured: 349556K(349568K)->349556K(349568K)
[34.583s][info][gc,metaspace   ] GC(876) Metaspace: 30982K(31296K)->30982K(31296K) NonClass: 27703K(27840K)->27703K(27840K) Class: 3278K(3456K)->3278K(3456K)
[34.583s][info][gc             ] GC(876) Pause Full (Allocation Failure) 494M->373M(494M) 21.485ms
[34.583s][info][gc,cpu         ] GC(876) User=0.02s Sys=0.00s Real=0.02s
[34.590s][info][gc,start       ] GC(877) Pause Full (Allocation Failure)
[34.590s][info][gc,phases,start] GC(877) Phase 1: Mark live objects
[34.599s][info][gc,phases      ] GC(877) Phase 1: Mark live objects 9.092ms
[34.599s][info][gc,phases,start] GC(877) Phase 2: Compute new object addresses
[34.603s][info][gc,phases      ] GC(877) Phase 2: Compute new object addresses 4.383ms
[34.603s][info][gc,phases,start] GC(877) Phase 3: Adjust pointers
[34.610s][info][gc,phases      ] GC(877) Phase 3: Adjust pointers 7.039ms
[34.610s][info][gc,phases,start] GC(877) Phase 4: Move objects
[34.614s][info][gc,phases      ] GC(877) Phase 4: Move objects 3.458ms
[34.614s][info][gc,heap        ] GC(877) DefNew: 157016K(157248K)->39438K(157248K) Eden: 139776K(139776K)->39438K(139776K) From: 17240K(17472K)->0K(17472K)
[34.614s][info][gc,heap        ] GC(877) Tenured: 349556K(349568K)->349556K(349568K)
[34.614s][info][gc,metaspace   ] GC(877) Metaspace: 30982K(31296K)->30982K(31296K) NonClass: 27703K(27840K)->27703K(27840K) Class: 3278K(3456K)->3278K(3456K)
[34.614s][info][gc             ] GC(877) Pause Full (Allocation Failure) 494M->379M(494M) 24.382ms
[34.614s][info][gc,cpu         ] GC(877) User=0.02s Sys=0.00s Real=0.02s
[34.628s][info][gc,start       ] GC(878) Pause Young (GCLocker Initiated GC)
[34.628s][info][gc,heap        ] GC(878) DefNew: 157248K(157248K)->157248K(157248K) Eden: 139776K(139776K)->139776K(139776K) From: 17472K(17472K)->17472K(17472K)
[34.628s][info][gc,heap        ] GC(878) Tenured: 349560K(349568K)->349560K(349568K)
[34.628s][info][gc,metaspace   ] GC(878) Metaspace: 30982K(31296K)->30982K(31296K) NonClass: 27703K(27840K)->27703K(27840K) Class: 3278K(3456K)->3278K(3456K)
[34.628s][info][gc             ] GC(878) Pause Young (GCLocker Initiated GC) 494M->494M(494M) 0.089ms
[34.628s][info][gc,cpu         ] GC(878) User=0.00s Sys=0.00s Real=0.00s
[34.628s][info][gc,start       ] GC(879) Pause Full (GCLocker Initiated GC)
[34.628s][info][gc,phases,start] GC(879) Phase 1: Mark live objects
[34.636s][info][gc,phases      ] GC(879) Phase 1: Mark live objects 8.802ms
[34.637s][info][gc,phases,start] GC(879) Phase 2: Compute new object addresses
[34.640s][info][gc,phases      ] GC(879) Phase 2: Compute new object addresses 3.921ms
[34.640s][info][gc,phases,start] GC(879) Phase 3: Adjust pointers
[34.646s][info][gc,phases      ] GC(879) Phase 3: Adjust pointers 5.324ms
[34.646s][info][gc,phases,start] GC(879) Phase 4: Move objects
[34.656s][info][gc,phases      ] GC(879) Phase 4: Move objects 9.844ms
[34.656s][info][gc,heap        ] GC(879) DefNew: 157248K(157248K)->32553K(157248K) Eden: 139776K(139776K)->32553K(139776K) From: 17472K(17472K)->0K(17472K)
[34.656s][info][gc,heap        ] GC(879) Tenured: 349560K(349568K)->349556K(349568K)
[34.656s][info][gc,metaspace   ] GC(879) Metaspace: 30982K(31296K)->30982K(31296K) NonClass: 27703K(27840K)->27703K(27840K) Class: 3278K(3456K)->3278K(3456K)
[34.656s][info][gc             ] GC(879) Pause Full (GCLocker Initiated GC) 494M->373M(494M) 28.270ms
[34.656s][info][gc,cpu         ] GC(879) User=0.03s Sys=0.01s Real=0.03s
[34.666s][info][gc,start       ] GC(880) Pause Full (Allocation Failure)
[34.666s][info][gc,phases,start] GC(880) Phase 1: Mark live objects
[34.675s][info][gc,phases      ] GC(880) Phase 1: Mark live objects 8.698ms
[34.675s][info][gc,phases,start] GC(880) Phase 2: Compute new object addresses
[34.679s][info][gc,phases      ] GC(880) Phase 2: Compute new object addresses 4.054ms
[34.679s][info][gc,phases,start] GC(880) Phase 3: Adjust pointers
[34.684s][info][gc,phases      ] GC(880) Phase 3: Adjust pointers 5.721ms
[34.684s][info][gc,phases,start] GC(880) Phase 4: Move objects
[34.687s][info][gc,phases      ] GC(880) Phase 4: Move objects 3.055ms
[34.688s][info][gc,heap        ] GC(880) DefNew: 157248K(157248K)->35506K(157248K) Eden: 139776K(139776K)->35506K(139776K) From: 17472K(17472K)->0K(17472K)
[34.688s][info][gc,heap        ] GC(880) Tenured: 349567K(349568K)->349567K(349568K)
[34.688s][info][gc,metaspace   ] GC(880) Metaspace: 30982K(31296K)->30982K(31296K) NonClass: 27703K(27840K)->27703K(27840K) Class: 3278K(3456K)->3278K(3456K)
[34.688s][info][gc             ] GC(880) Pause Full (Allocation Failure) 494M->376M(494M) 21.934ms
[34.688s][info][gc,cpu         ] GC(880) User=0.02s Sys=0.00s Real=0.02s
[34.699s][info][gc,start       ] GC(881) Pause Full (Allocation Failure)
[34.699s][info][gc,phases,start] GC(881) Phase 1: Mark live objects
[34.710s][info][gc,phases      ] GC(881) Phase 1: Mark live objects 11.355ms
[34.710s][info][gc,phases,start] GC(881) Phase 2: Compute new object addresses
[34.714s][info][gc,phases      ] GC(881) Phase 2: Compute new object addresses 4.205ms
[34.714s][info][gc,phases,start] GC(881) Phase 3: Adjust pointers
[34.720s][info][gc,phases      ] GC(881) Phase 3: Adjust pointers 5.983ms
[34.720s][info][gc,phases,start] GC(881) Phase 4: Move objects
[34.723s][info][gc,phases      ] GC(881) Phase 4: Move objects 3.057ms
[34.724s][info][gc,heap        ] GC(881) DefNew: 156674K(157248K)->35089K(157248K) Eden: 139776K(139776K)->35089K(139776K) From: 16898K(17472K)->0K(17472K)
[34.724s][info][gc,heap        ] GC(881) Tenured: 349567K(349568K)->349567K(349568K)
[34.724s][info][gc,metaspace   ] GC(881) Metaspace: 30982K(31296K)->30982K(31296K) NonClass: 27703K(27840K)->27703K(27840K) Class: 3278K(3456K)->3278K(3456K)
[34.724s][info][gc             ] GC(881) Pause Full (Allocation Failure) 494M->375M(494M) 25.052ms
[34.724s][info][gc,cpu         ] GC(881) User=0.03s Sys=0.00s Real=0.02s
[34.732s][info][gc,start       ] GC(882) Pause Full (Allocation Failure)
[34.732s][info][gc,phases,start] GC(882) Phase 1: Mark live objects
[34.741s][info][gc,phases      ] GC(882) Phase 1: Mark live objects 8.943ms
[34.741s][info][gc,phases,start] GC(882) Phase 2: Compute new object addresses
[34.746s][info][gc,phases      ] GC(882) Phase 2: Compute new object addresses 4.936ms
[34.746s][info][gc,phases,start] GC(882) Phase 3: Adjust pointers
[34.753s][info][gc,phases      ] GC(882) Phase 3: Adjust pointers 7.076ms
[34.753s][info][gc,phases,start] GC(882) Phase 4: Move objects
[34.756s][info][gc,phases      ] GC(882) Phase 4: Move objects 3.054ms
[34.756s][info][gc,heap        ] GC(882) DefNew: 157007K(157248K)->35246K(157248K) Eden: 139776K(139776K)->35246K(139776K) From: 17231K(17472K)->0K(17472K)
[34.756s][info][gc,heap        ] GC(882) Tenured: 349567K(349568K)->349567K(349568K)
[34.756s][info][gc,metaspace   ] GC(882) Metaspace: 30982K(31296K)->30982K(31296K) NonClass: 27703K(27840K)->27703K(27840K) Class: 3278K(3456K)->3278K(3456K)
[34.756s][info][gc             ] GC(882) Pause Full (Allocation Failure) 494M->375M(494M) 24.505ms
[34.756s][info][gc,cpu         ] GC(882) User=0.03s Sys=0.00s Real=0.03s
[34.767s][info][gc,start       ] GC(883) Pause Full (Allocation Failure)
[34.767s][info][gc,phases,start] GC(883) Phase 1: Mark live objects
[34.778s][info][gc,phases      ] GC(883) Phase 1: Mark live objects 10.924ms
[34.778s][info][gc,phases,start] GC(883) Phase 2: Compute new object addresses
[34.783s][info][gc,phases      ] GC(883) Phase 2: Compute new object addresses 5.647ms
[34.784s][info][gc,phases,start] GC(883) Phase 3: Adjust pointers
[34.790s][info][gc,phases      ] GC(883) Phase 3: Adjust pointers 6.960ms
[34.791s][info][gc,phases,start] GC(883) Phase 4: Move objects
[34.794s][info][gc,phases      ] GC(883) Phase 4: Move objects 3.072ms
[34.794s][info][gc,heap        ] GC(883) DefNew: 156785K(157248K)->34837K(157248K) Eden: 139776K(139776K)->34837K(139776K) From: 17009K(17472K)->0K(17472K)
[34.794s][info][gc,heap        ] GC(883) Tenured: 349567K(349568K)->349554K(349568K)
[34.794s][info][gc,metaspace   ] GC(883) Metaspace: 30982K(31296K)->30982K(31296K) NonClass: 27703K(27840K)->27703K(27840K) Class: 3278K(3456K)->3278K(3456K)
[34.794s][info][gc             ] GC(883) Pause Full (Allocation Failure) 494M->375M(494M) 27.180ms
[34.794s][info][gc,cpu         ] GC(883) User=0.03s Sys=0.00s Real=0.02s
[34.806s][info][gc,start       ] GC(884) Pause Full (Allocation Failure)
[34.806s][info][gc,phases,start] GC(884) Phase 1: Mark live objects
[34.816s][info][gc,phases      ] GC(884) Phase 1: Mark live objects 9.935ms
[34.816s][info][gc,phases,start] GC(884) Phase 2: Compute new object addresses
[34.821s][info][gc,phases      ] GC(884) Phase 2: Compute new object addresses 4.933ms
[34.821s][info][gc,phases,start] GC(884) Phase 3: Adjust pointers
[34.832s][info][gc,phases      ] GC(884) Phase 3: Adjust pointers 10.602ms
[34.832s][info][gc,phases,start] GC(884) Phase 4: Move objects
[34.837s][info][gc,phases      ] GC(884) Phase 4: Move objects 4.725ms
[34.837s][info][gc,heap        ] GC(884) DefNew: 157190K(157248K)->37057K(157248K) Eden: 139776K(139776K)->37057K(139776K) From: 17414K(17472K)->0K(17472K)
[34.837s][info][gc,heap        ] GC(884) Tenured: 349554K(349568K)->349554K(349568K)
[34.837s][info][gc,metaspace   ] GC(884) Metaspace: 30982K(31296K)->30982K(31296K) NonClass: 27703K(27840K)->27703K(27840K) Class: 3278K(3456K)->3278K(3456K)
[34.837s][info][gc             ] GC(884) Pause Full (Allocation Failure) 494M->377M(494M) 30.758ms
[34.837s][info][gc,cpu         ] GC(884) User=0.03s Sys=0.00s Real=0.03s
[34.847s][info][gc,start       ] GC(885) Pause Full (Allocation Failure)
[34.847s][info][gc,phases,start] GC(885) Phase 1: Mark live objects
[34.856s][info][gc,phases      ] GC(885) Phase 1: Mark live objects 8.640ms
[34.856s][info][gc,phases,start] GC(885) Phase 2: Compute new object addresses
[34.861s][info][gc,phases      ] GC(885) Phase 2: Compute new object addresses 4.447ms
[34.861s][info][gc,phases,start] GC(885) Phase 3: Adjust pointers
[34.867s][info][gc,phases      ] GC(885) Phase 3: Adjust pointers 5.951ms
[34.867s][info][gc,phases,start] GC(885) Phase 4: Move objects
[34.869s][info][gc,phases      ] GC(885) Phase 4: Move objects 2.852ms
[34.870s][info][gc,heap        ] GC(885) DefNew: 156340K(157248K)->32796K(157248K) Eden: 139776K(139776K)->32796K(139776K) From: 16564K(17472K)->0K(17472K)
[34.870s][info][gc,heap        ] GC(885) Tenured: 349554K(349568K)->349554K(349568K)
[34.870s][info][gc,metaspace   ] GC(885) Metaspace: 30982K(31296K)->30982K(31296K) NonClass: 27703K(27840K)->27703K(27840K) Class: 3278K(3456K)->3278K(3456K)
[34.870s][info][gc             ] GC(885) Pause Full (Allocation Failure) 494M->373M(494M) 22.324ms
[34.870s][info][gc,cpu         ] GC(885) User=0.03s Sys=0.00s Real=0.02s
[34.880s][info][gc,start       ] GC(886) Pause Full (Allocation Failure)
[34.880s][info][gc,phases,start] GC(886) Phase 1: Mark live objects
[34.889s][info][gc,phases      ] GC(886) Phase 1: Mark live objects 8.635ms
[34.889s][info][gc,phases,start] GC(886) Phase 2: Compute new object addresses
[34.893s][info][gc,phases      ] GC(886) Phase 2: Compute new object addresses 4.451ms
[34.893s][info][gc,phases,start] GC(886) Phase 3: Adjust pointers
[34.899s][info][gc,phases      ] GC(886) Phase 3: Adjust pointers 6.016ms
[34.899s][info][gc,phases,start] GC(886) Phase 4: Move objects
[34.903s][info][gc,phases      ] GC(886) Phase 4: Move objects 3.272ms
[34.903s][info][gc,heap        ] GC(886) DefNew: 156512K(157248K)->33774K(157248K) Eden: 139776K(139776K)->33774K(139776K) From: 16736K(17472K)->0K(17472K)
[34.903s][info][gc,heap        ] GC(886) Tenured: 349554K(349568K)->349554K(349568K)
[34.903s][info][gc,metaspace   ] GC(886) Metaspace: 30982K(31296K)->30982K(31296K) NonClass: 27703K(27840K)->27703K(27840K) Class: 3278K(3456K)->3278K(3456K)
[34.903s][info][gc             ] GC(886) Pause Full (Allocation Failure) 494M->374M(494M) 22.844ms
[34.903s][info][gc,cpu         ] GC(886) User=0.02s Sys=0.00s Real=0.02s
[34.913s][info][gc,start       ] GC(887) Pause Full (Allocation Failure)
[34.913s][info][gc,phases,start] GC(887) Phase 1: Mark live objects
[34.922s][info][gc,phases      ] GC(887) Phase 1: Mark live objects 8.805ms
[34.922s][info][gc,phases,start] GC(887) Phase 2: Compute new object addresses
[34.927s][info][gc,phases      ] GC(887) Phase 2: Compute new object addresses 4.410ms
[34.927s][info][gc,phases,start] GC(887) Phase 3: Adjust pointers
[34.933s][info][gc,phases      ] GC(887) Phase 3: Adjust pointers 6.523ms
[34.933s][info][gc,phases,start] GC(887) Phase 4: Move objects
[34.937s][info][gc,phases      ] GC(887) Phase 4: Move objects 3.321ms
[34.937s][info][gc,heap        ] GC(887) DefNew: 157057K(157248K)->33801K(157248K) Eden: 139776K(139776K)->33801K(139776K) From: 17281K(17472K)->0K(17472K)
[34.937s][info][gc,heap        ] GC(887) Tenured: 349554K(349568K)->349554K(349568K)
[34.937s][info][gc,metaspace   ] GC(887) Metaspace: 30982K(31296K)->30982K(31296K) NonClass: 27703K(27840K)->27703K(27840K) Class: 3278K(3456K)->3278K(3456K)
[34.937s][info][gc             ] GC(887) Pause Full (Allocation Failure) 494M->374M(494M) 23.521ms
[34.937s][info][gc,cpu         ] GC(887) User=0.03s Sys=0.00s Real=0.03s
[34.947s][info][gc,start       ] GC(888) Pause Full (Allocation Failure)
[34.947s][info][gc,phases,start] GC(888) Phase 1: Mark live objects
[34.956s][info][gc,phases      ] GC(888) Phase 1: Mark live objects 8.443ms
[34.956s][info][gc,phases,start] GC(888) Phase 2: Compute new object addresses
[34.960s][info][gc,phases      ] GC(888) Phase 2: Compute new object addresses 4.455ms
[34.960s][info][gc,phases,start] GC(888) Phase 3: Adjust pointers
[34.967s][info][gc,phases      ] GC(888) Phase 3: Adjust pointers 6.401ms
[34.967s][info][gc,phases,start] GC(888) Phase 4: Move objects
[34.969s][info][gc,phases      ] GC(888) Phase 4: Move objects 2.778ms
[34.970s][info][gc,heap        ] GC(888) DefNew: 156609K(157248K)->33461K(157248K) Eden: 139776K(139776K)->33461K(139776K) From: 16833K(17472K)->0K(17472K)
[34.970s][info][gc,heap        ] GC(888) Tenured: 349554K(349568K)->349554K(349568K)
[34.970s][info][gc,metaspace   ] GC(888) Metaspace: 30982K(31296K)->30982K(31296K) NonClass: 27703K(27840K)->27703K(27840K) Class: 3278K(3456K)->3278K(3456K)
[34.970s][info][gc             ] GC(888) Pause Full (Allocation Failure) 494M->374M(494M) 22.613ms
[34.970s][info][gc,cpu         ] GC(888) User=0.02s Sys=0.00s Real=0.02s
[34.978s][info][gc,start       ] GC(889) Pause Full (Allocation Failure)
[34.978s][info][gc,phases,start] GC(889) Phase 1: Mark live objects
[34.987s][info][gc,phases      ] GC(889) Phase 1: Mark live objects 9.111ms
[34.987s][info][gc,phases,start] GC(889) Phase 2: Compute new object addresses
[34.992s][info][gc,phases      ] GC(889) Phase 2: Compute new object addresses 4.457ms
[34.992s][info][gc,phases,start] GC(889) Phase 3: Adjust pointers
[34.998s][info][gc,phases      ] GC(889) Phase 3: Adjust pointers 5.856ms
[34.998s][info][gc,phases,start] GC(889) Phase 4: Move objects
[35.002s][info][gc,phases      ] GC(889) Phase 4: Move objects 3.763ms
[35.002s][info][gc,heap        ] GC(889) DefNew: 157199K(157248K)->45823K(157248K) Eden: 139776K(139776K)->45823K(139776K) From: 17423K(17472K)->0K(17472K)
[35.002s][info][gc,heap        ] GC(889) Tenured: 349554K(349568K)->349554K(349568K)
[35.002s][info][gc,metaspace   ] GC(889) Metaspace: 30982K(31296K)->30982K(31296K) NonClass: 27703K(27840K)->27703K(27840K) Class: 3278K(3456K)->3278K(3456K)
[35.002s][info][gc             ] GC(889) Pause Full (Allocation Failure) 494M->386M(494M) 23.571ms
[35.002s][info][gc,cpu         ] GC(889) User=0.02s Sys=0.00s Real=0.02s
[35.011s][info][gc,start       ] GC(890) Pause Full (Allocation Failure)
[35.012s][info][gc,phases,start] GC(890) Phase 1: Mark live objects
[35.020s][info][gc,phases      ] GC(890) Phase 1: Mark live objects 8.085ms
[35.020s][info][gc,phases,start] GC(890) Phase 2: Compute new object addresses
[35.024s][info][gc,phases      ] GC(890) Phase 2: Compute new object addresses 3.991ms
[35.024s][info][gc,phases,start] GC(890) Phase 3: Adjust pointers
[35.030s][info][gc,phases      ] GC(890) Phase 3: Adjust pointers 6.716ms
[35.030s][info][gc,phases,start] GC(890) Phase 4: Move objects
[35.034s][info][gc,phases      ] GC(890) Phase 4: Move objects 3.972ms
[35.035s][info][gc,heap        ] GC(890) DefNew: 157100K(157248K)->43809K(157248K) Eden: 139776K(139776K)->43809K(139776K) From: 17324K(17472K)->0K(17472K)
[35.035s][info][gc,heap        ] GC(890) Tenured: 349554K(349568K)->349554K(349568K)
[35.035s][info][gc,metaspace   ] GC(890) Metaspace: 30982K(31296K)->30982K(31296K) NonClass: 27703K(27840K)->27703K(27840K) Class: 3278K(3456K)->3278K(3456K)
[35.035s][info][gc             ] GC(890) Pause Full (Allocation Failure) 494M->384M(494M) 23.290ms
[35.035s][info][gc,cpu         ] GC(890) User=0.02s Sys=0.00s Real=0.02s
[35.045s][info][gc,start       ] GC(891) Pause Full (Allocation Failure)
[35.045s][info][gc,phases,start] GC(891) Phase 1: Mark live objects
[35.055s][info][gc,phases      ] GC(891) Phase 1: Mark live objects 9.475ms
[35.055s][info][gc,phases,start] GC(891) Phase 2: Compute new object addresses
[35.059s][info][gc,phases      ] GC(891) Phase 2: Compute new object addresses 4.287ms
[35.059s][info][gc,phases,start] GC(891) Phase 3: Adjust pointers
[35.065s][info][gc,phases      ] GC(891) Phase 3: Adjust pointers 5.633ms
[35.065s][info][gc,phases,start] GC(891) Phase 4: Move objects
[35.068s][info][gc,phases      ] GC(891) Phase 4: Move objects 3.177ms
[35.068s][info][gc,heap        ] GC(891) DefNew: 156651K(157248K)->38904K(157248K) Eden: 139776K(139776K)->38904K(139776K) From: 16875K(17472K)->0K(17472K)
[35.068s][info][gc,heap        ] GC(891) Tenured: 349554K(349568K)->349554K(349568K)
[35.068s][info][gc,metaspace   ] GC(891) Metaspace: 30982K(31296K)->30982K(31296K) NonClass: 27703K(27840K)->27703K(27840K) Class: 3278K(3456K)->3278K(3456K)
[35.068s][info][gc             ] GC(891) Pause Full (Allocation Failure) 494M->379M(494M) 22.990ms
[35.068s][info][gc,cpu         ] GC(891) User=0.03s Sys=0.00s Real=0.02s
[35.080s][info][gc,start       ] GC(892) Pause Full (Allocation Failure)
[35.080s][info][gc,phases,start] GC(892) Phase 1: Mark live objects
[35.089s][info][gc,phases      ] GC(892) Phase 1: Mark live objects 8.853ms
[35.089s][info][gc,phases,start] GC(892) Phase 2: Compute new object addresses
[35.093s][info][gc,phases      ] GC(892) Phase 2: Compute new object addresses 3.986ms
[35.093s][info][gc,phases,start] GC(892) Phase 3: Adjust pointers
[35.100s][info][gc,phases      ] GC(892) Phase 3: Adjust pointers 6.921ms
[35.100s][info][gc,phases,start] GC(892) Phase 4: Move objects
[35.103s][info][gc,phases      ] GC(892) Phase 4: Move objects 3.405ms
[35.103s][info][gc,heap        ] GC(892) DefNew: 156885K(157248K)->41010K(157248K) Eden: 139776K(139776K)->41010K(139776K) From: 17109K(17472K)->0K(17472K)
[35.103s][info][gc,heap        ] GC(892) Tenured: 349554K(349568K)->349554K(349568K)
[35.103s][info][gc,metaspace   ] GC(892) Metaspace: 30988K(31296K)->30988K(31296K) NonClass: 27709K(27840K)->27709K(27840K) Class: 3278K(3456K)->3278K(3456K)
[35.103s][info][gc             ] GC(892) Pause Full (Allocation Failure) 494M->381M(494M) 23.699ms
[35.103s][info][gc,cpu         ] GC(892) User=0.02s Sys=0.00s Real=0.02s
[35.114s][info][gc,start       ] GC(893) Pause Full (Allocation Failure)
[35.114s][info][gc,phases,start] GC(893) Phase 1: Mark live objects
[35.123s][info][gc,phases      ] GC(893) Phase 1: Mark live objects 8.917ms
[35.123s][info][gc,phases,start] GC(893) Phase 2: Compute new object addresses
[35.127s][info][gc,phases      ] GC(893) Phase 2: Compute new object addresses 4.067ms
[35.127s][info][gc,phases,start] GC(893) Phase 3: Adjust pointers
[35.134s][info][gc,phases      ] GC(893) Phase 3: Adjust pointers 6.575ms
[35.134s][info][gc,phases,start] GC(893) Phase 4: Move objects
[35.137s][info][gc,phases      ] GC(893) Phase 4: Move objects 2.794ms
[35.137s][info][gc,heap        ] GC(893) DefNew: 156845K(157248K)->39577K(157248K) Eden: 139776K(139776K)->39577K(139776K) From: 17069K(17472K)->0K(17472K)
[35.137s][info][gc,heap        ] GC(893) Tenured: 349554K(349568K)->349554K(349568K)
[35.137s][info][gc,metaspace   ] GC(893) Metaspace: 30988K(31296K)->30988K(31296K) NonClass: 27709K(27840K)->27709K(27840K) Class: 3278K(3456K)->3278K(3456K)
[35.137s][info][gc             ] GC(893) Pause Full (Allocation Failure) 494M->380M(494M) 22.801ms
[35.137s][info][gc,cpu         ] GC(893) User=0.02s Sys=0.00s Real=0.03s
[35.146s][info][gc,start       ] GC(894) Pause Full (Allocation Failure)
[35.146s][info][gc,phases,start] GC(894) Phase 1: Mark live objects
[35.155s][info][gc,phases      ] GC(894) Phase 1: Mark live objects 8.712ms
[35.155s][info][gc,phases,start] GC(894) Phase 2: Compute new object addresses
[35.159s][info][gc,phases      ] GC(894) Phase 2: Compute new object addresses 3.934ms
[35.159s][info][gc,phases,start] GC(894) Phase 3: Adjust pointers
[35.164s][info][gc,phases      ] GC(894) Phase 3: Adjust pointers 5.445ms
[35.164s][info][gc,phases,start] GC(894) Phase 4: Move objects
[35.168s][info][gc,phases      ] GC(894) Phase 4: Move objects 3.117ms
[35.168s][info][gc,heap        ] GC(894) DefNew: 157045K(157248K)->43526K(157248K) Eden: 139776K(139776K)->43526K(139776K) From: 17269K(17472K)->0K(17472K)
[35.168s][info][gc,heap        ] GC(894) Tenured: 349554K(349568K)->349554K(349568K)
[35.168s][info][gc,metaspace   ] GC(894) Metaspace: 30988K(31296K)->30988K(31296K) NonClass: 27709K(27840K)->27709K(27840K) Class: 3278K(3456K)->3278K(3456K)
[35.168s][info][gc             ] GC(894) Pause Full (Allocation Failure) 494M->383M(494M) 21.558ms
[35.168s][info][gc,cpu         ] GC(894) User=0.02s Sys=0.00s Real=0.02s
[35.183s][info][gc,start       ] GC(895) Pause Full (Allocation Failure)
[35.183s][info][gc,phases,start] GC(895) Phase 1: Mark live objects
[35.191s][info][gc,phases      ] GC(895) Phase 1: Mark live objects 8.295ms
[35.191s][info][gc,phases,start] GC(895) Phase 2: Compute new object addresses
[35.195s][info][gc,phases      ] GC(895) Phase 2: Compute new object addresses 3.999ms
[35.195s][info][gc,phases,start] GC(895) Phase 3: Adjust pointers
[35.200s][info][gc,phases      ] GC(895) Phase 3: Adjust pointers 5.346ms
[35.200s][info][gc,phases,start] GC(895) Phase 4: Move objects
[35.204s][info][gc,phases      ] GC(895) Phase 4: Move objects 3.347ms
[35.204s][info][gc,heap        ] GC(895) DefNew: 157047K(157248K)->34910K(157248K) Eden: 139775K(139776K)->34910K(139776K) From: 17271K(17472K)->0K(17472K)
[35.204s][info][gc,heap        ] GC(895) Tenured: 349554K(349568K)->349554K(349568K)
[35.204s][info][gc,metaspace   ] GC(895) Metaspace: 30988K(31296K)->30988K(31296K) NonClass: 27709K(27840K)->27709K(27840K) Class: 3278K(3456K)->3278K(3456K)
[35.204s][info][gc             ] GC(895) Pause Full (Allocation Failure) 494M->375M(494M) 21.449ms
[35.204s][info][gc,cpu         ] GC(895) User=0.02s Sys=0.00s Real=0.03s
[35.215s][info][gc,start       ] GC(896) Pause Full (Allocation Failure)
[35.215s][info][gc,phases,start] GC(896) Phase 1: Mark live objects
[35.223s][info][gc,phases      ] GC(896) Phase 1: Mark live objects 8.066ms
[35.223s][info][gc,phases,start] GC(896) Phase 2: Compute new object addresses
[35.227s][info][gc,phases      ] GC(896) Phase 2: Compute new object addresses 4.615ms
[35.228s][info][gc,phases,start] GC(896) Phase 3: Adjust pointers
[35.235s][info][gc,phases      ] GC(896) Phase 3: Adjust pointers 7.025ms
[35.235s][info][gc,phases,start] GC(896) Phase 4: Move objects
[35.238s][info][gc,phases      ] GC(896) Phase 4: Move objects 3.097ms
[35.238s][info][gc,heap        ] GC(896) DefNew: 157137K(157248K)->36857K(157248K) Eden: 139776K(139776K)->36857K(139776K) From: 17361K(17472K)->0K(17472K)
[35.238s][info][gc,heap        ] GC(896) Tenured: 349554K(349568K)->349554K(349568K)
[35.238s][info][gc,metaspace   ] GC(896) Metaspace: 30988K(31296K)->30988K(31296K) NonClass: 27709K(27840K)->27709K(27840K) Class: 3278K(3456K)->3278K(3456K)
[35.238s][info][gc             ] GC(896) Pause Full (Allocation Failure) 494M->377M(494M) 23.253ms
[35.238s][info][gc,cpu         ] GC(896) User=0.03s Sys=0.00s Real=0.03s
[35.249s][info][gc,start       ] GC(897) Pause Full (Allocation Failure)
[35.249s][info][gc,phases,start] GC(897) Phase 1: Mark live objects
[35.258s][info][gc,phases      ] GC(897) Phase 1: Mark live objects 9.223ms
[35.258s][info][gc,phases,start] GC(897) Phase 2: Compute new object addresses
[35.262s][info][gc,phases      ] GC(897) Phase 2: Compute new object addresses 4.255ms
[35.262s][info][gc,phases,start] GC(897) Phase 3: Adjust pointers
[35.269s][info][gc,phases      ] GC(897) Phase 3: Adjust pointers 6.296ms
[35.269s][info][gc,phases,start] GC(897) Phase 4: Move objects
[35.272s][info][gc,phases      ] GC(897) Phase 4: Move objects 3.716ms
[35.272s][info][gc,heap        ] GC(897) DefNew: 157113K(157248K)->38042K(157248K) Eden: 139776K(139776K)->38042K(139776K) From: 17337K(17472K)->0K(17472K)
[35.273s][info][gc,heap        ] GC(897) Tenured: 349554K(349568K)->349554K(349568K)
[35.273s][info][gc,metaspace   ] GC(897) Metaspace: 30991K(31296K)->30991K(31296K) NonClass: 27712K(27840K)->27712K(27840K) Class: 3278K(3456K)->3278K(3456K)
[35.273s][info][gc             ] GC(897) Pause Full (Allocation Failure) 494M->378M(494M) 23.963ms
[35.273s][info][gc,cpu         ] GC(897) User=0.02s Sys=0.00s Real=0.02s
[35.284s][info][gc,start       ] GC(898) Pause Full (Allocation Failure)
[35.284s][info][gc,phases,start] GC(898) Phase 1: Mark live objects
[35.292s][info][gc,phases      ] GC(898) Phase 1: Mark live objects 8.923ms
[35.293s][info][gc,phases,start] GC(898) Phase 2: Compute new object addresses
[35.297s][info][gc,phases      ] GC(898) Phase 2: Compute new object addresses 4.529ms
[35.297s][info][gc,phases,start] GC(898) Phase 3: Adjust pointers
[35.303s][info][gc,phases      ] GC(898) Phase 3: Adjust pointers 6.315ms
[35.303s][info][gc,phases,start] GC(898) Phase 4: Move objects
[35.306s][info][gc,phases      ] GC(898) Phase 4: Move objects 2.471ms
[35.306s][info][gc,heap        ] GC(898) DefNew: 157099K(157248K)->38647K(157248K) Eden: 139776K(139776K)->38647K(139776K) From: 17323K(17472K)->0K(17472K)
[35.306s][info][gc,heap        ] GC(898) Tenured: 349554K(349568K)->349554K(349568K)
[35.306s][info][gc,metaspace   ] GC(898) Metaspace: 30992K(31296K)->30992K(31296K) NonClass: 27713K(27840K)->27713K(27840K) Class: 3278K(3456K)->3278K(3456K)
[35.306s][info][gc             ] GC(898) Pause Full (Allocation Failure) 494M->379M(494M) 22.722ms
[35.306s][info][gc,cpu         ] GC(898) User=0.02s Sys=0.00s Real=0.03s
[35.316s][info][gc,start       ] GC(899) Pause Full (Allocation Failure)
[35.316s][info][gc,phases,start] GC(899) Phase 1: Mark live objects
[35.324s][info][gc,phases      ] GC(899) Phase 1: Mark live objects 8.484ms
[35.324s][info][gc,phases,start] GC(899) Phase 2: Compute new object addresses
[35.328s][info][gc,phases      ] GC(899) Phase 2: Compute new object addresses 3.976ms
[35.328s][info][gc,phases,start] GC(899) Phase 3: Adjust pointers
[35.334s][info][gc,phases      ] GC(899) Phase 3: Adjust pointers 5.554ms
[35.334s][info][gc,phases,start] GC(899) Phase 4: Move objects
[35.337s][info][gc,phases      ] GC(899) Phase 4: Move objects 2.915ms
[35.337s][info][gc,heap        ] GC(899) DefNew: 157248K(157248K)->41635K(157248K) Eden: 139776K(139776K)->41635K(139776K) From: 17472K(17472K)->0K(17472K)
[35.337s][info][gc,heap        ] GC(899) Tenured: 349560K(349568K)->349554K(349568K)
[35.337s][info][gc,metaspace   ] GC(899) Metaspace: 30992K(31296K)->30992K(31296K) NonClass: 27713K(27840K)->27713K(27840K) Class: 3278K(3456K)->3278K(3456K)
[35.337s][info][gc             ] GC(899) Pause Full (Allocation Failure) 494M->382M(494M) 21.358ms
[35.337s][info][gc,cpu         ] GC(899) User=0.02s Sys=0.00s Real=0.03s
[35.347s][info][gc,start       ] GC(900) Pause Full (Allocation Failure)
[35.347s][info][gc,phases,start] GC(900) Phase 1: Mark live objects
[35.355s][info][gc,phases      ] GC(900) Phase 1: Mark live objects 8.036ms
[35.356s][info][gc,phases,start] GC(900) Phase 2: Compute new object addresses
[35.359s][info][gc,phases      ] GC(900) Phase 2: Compute new object addresses 3.818ms
[35.359s][info][gc,phases,start] GC(900) Phase 3: Adjust pointers
[35.365s][info][gc,phases      ] GC(900) Phase 3: Adjust pointers 5.250ms
[35.365s][info][gc,phases,start] GC(900) Phase 4: Move objects
[35.367s][info][gc,phases      ] GC(900) Phase 4: Move objects 2.227ms
[35.367s][info][gc,heap        ] GC(900) DefNew: 157225K(157248K)->38903K(157248K) Eden: 139776K(139776K)->38903K(139776K) From: 17449K(17472K)->0K(17472K)
[35.367s][info][gc,heap        ] GC(900) Tenured: 349554K(349568K)->349554K(349568K)
[35.367s][info][gc,metaspace   ] GC(900) Metaspace: 30992K(31296K)->30992K(31296K) NonClass: 27713K(27840K)->27713K(27840K) Class: 3278K(3456K)->3278K(3456K)
[35.367s][info][gc             ] GC(900) Pause Full (Allocation Failure) 494M->379M(494M) 19.685ms
[35.367s][info][gc,cpu         ] GC(900) User=0.02s Sys=0.00s Real=0.02s
[35.373s][info][gc,start       ] GC(901) Pause Full (Allocation Failure)
[35.373s][info][gc,phases,start] GC(901) Phase 1: Mark live objects
[35.381s][info][gc,phases      ] GC(901) Phase 1: Mark live objects 8.321ms
[35.382s][info][gc,phases,start] GC(901) Phase 2: Compute new object addresses
[35.385s][info][gc,phases      ] GC(901) Phase 2: Compute new object addresses 3.905ms
[35.385s][info][gc,phases,start] GC(901) Phase 3: Adjust pointers
[35.392s][info][gc,phases      ] GC(901) Phase 3: Adjust pointers 6.798ms
[35.392s][info][gc,phases,start] GC(901) Phase 4: Move objects
[35.395s][info][gc,phases      ] GC(901) Phase 4: Move objects 2.869ms
[35.395s][info][gc,heap        ] GC(901) DefNew: 157015K(157248K)->44834K(157248K) Eden: 139776K(139776K)->44834K(139776K) From: 17239K(17472K)->0K(17472K)
[35.395s][info][gc,heap        ] GC(901) Tenured: 349554K(349568K)->349554K(349568K)
[35.395s][info][gc,metaspace   ] GC(901) Metaspace: 30992K(31296K)->30992K(31296K) NonClass: 27713K(27840K)->27713K(27840K) Class: 3278K(3456K)->3278K(3456K)
[35.395s][info][gc             ] GC(901) Pause Full (Allocation Failure) 494M->385M(494M) 22.299ms
[35.395s][info][gc,cpu         ] GC(901) User=0.02s Sys=0.00s Real=0.02s
[35.406s][info][gc,start       ] GC(902) Pause Full (Allocation Failure)
[35.406s][info][gc,phases,start] GC(902) Phase 1: Mark live objects
[35.415s][info][gc,phases      ] GC(902) Phase 1: Mark live objects 8.406ms
[35.415s][info][gc,phases,start] GC(902) Phase 2: Compute new object addresses
[35.419s][info][gc,phases      ] GC(902) Phase 2: Compute new object addresses 3.692ms
[35.419s][info][gc,phases,start] GC(902) Phase 3: Adjust pointers
[35.424s][info][gc,phases      ] GC(902) Phase 3: Adjust pointers 5.082ms
[35.424s][info][gc,phases,start] GC(902) Phase 4: Move objects
[35.426s][info][gc,phases      ] GC(902) Phase 4: Move objects 2.668ms
[35.427s][info][gc,heap        ] GC(902) DefNew: 157077K(157248K)->40632K(157248K) Eden: 139776K(139776K)->40632K(139776K) From: 17301K(17472K)->0K(17472K)
[35.427s][info][gc,heap        ] GC(902) Tenured: 349554K(349568K)->349554K(349568K)
[35.427s][info][gc,metaspace   ] GC(902) Metaspace: 30992K(31296K)->30992K(31296K) NonClass: 27713K(27840K)->27713K(27840K) Class: 3278K(3456K)->3278K(3456K)
[35.427s][info][gc             ] GC(902) Pause Full (Allocation Failure) 494M->381M(494M) 20.270ms
[35.427s][info][gc,cpu         ] GC(902) User=0.02s Sys=0.00s Real=0.02s
[35.437s][info][gc,start       ] GC(903) Pause Full (Allocation Failure)
[35.437s][info][gc,phases,start] GC(903) Phase 1: Mark live objects
[35.445s][info][gc,phases      ] GC(903) Phase 1: Mark live objects 8.231ms
[35.445s][info][gc,phases,start] GC(903) Phase 2: Compute new object addresses
[35.450s][info][gc,phases      ] GC(903) Phase 2: Compute new object addresses 4.697ms
[35.450s][info][gc,phases,start] GC(903) Phase 3: Adjust pointers
[35.456s][info][gc,phases      ] GC(903) Phase 3: Adjust pointers 6.168ms
[35.456s][info][gc,phases,start] GC(903) Phase 4: Move objects
[35.459s][info][gc,phases      ] GC(903) Phase 4: Move objects 2.544ms
[35.459s][info][gc,heap        ] GC(903) DefNew: 156447K(157248K)->40455K(157248K) Eden: 139776K(139776K)->40455K(139776K) From: 16671K(17472K)->0K(17472K)
[35.459s][info][gc,heap        ] GC(903) Tenured: 349554K(349568K)->349554K(349568K)
[35.459s][info][gc,metaspace   ] GC(903) Metaspace: 30992K(31296K)->30992K(31296K) NonClass: 27713K(27840K)->27713K(27840K) Class: 3278K(3456K)->3278K(3456K)
[35.459s][info][gc             ] GC(903) Pause Full (Allocation Failure) 494M->380M(494M) 22.021ms
[35.459s][info][gc,cpu         ] GC(903) User=0.03s Sys=0.00s Real=0.02s
[35.470s][info][gc,start       ] GC(904) Pause Full (Allocation Failure)
[35.470s][info][gc,phases,start] GC(904) Phase 1: Mark live objects
[35.479s][info][gc,phases      ] GC(904) Phase 1: Mark live objects 9.317ms
[35.479s][info][gc,phases,start] GC(904) Phase 2: Compute new object addresses
[35.483s][info][gc,phases      ] GC(904) Phase 2: Compute new object addresses 4.116ms
[35.483s][info][gc,phases,start] GC(904) Phase 3: Adjust pointers
[35.490s][info][gc,phases      ] GC(904) Phase 3: Adjust pointers 6.189ms
[35.490s][info][gc,phases,start] GC(904) Phase 4: Move objects
[35.492s][info][gc,phases      ] GC(904) Phase 4: Move objects 2.265ms
[35.492s][info][gc,heap        ] GC(904) DefNew: 157041K(157248K)->38297K(157248K) Eden: 139776K(139776K)->38297K(139776K) From: 17265K(17472K)->0K(17472K)
[35.492s][info][gc,heap        ] GC(904) Tenured: 349554K(349568K)->349554K(349568K)
[35.492s][info][gc,metaspace   ] GC(904) Metaspace: 30992K(31296K)->30992K(31296K) NonClass: 27713K(27840K)->27713K(27840K) Class: 3278K(3456K)->3278K(3456K)
[35.492s][info][gc             ] GC(904) Pause Full (Allocation Failure) 494M->378M(494M) 22.309ms
[35.492s][info][gc,cpu         ] GC(904) User=0.02s Sys=0.00s Real=0.02s
[35.502s][info][gc,start       ] GC(905) Pause Full (Allocation Failure)
[35.502s][info][gc,phases,start] GC(905) Phase 1: Mark live objects
[35.510s][info][gc,phases      ] GC(905) Phase 1: Mark live objects 8.125ms
[35.510s][info][gc,phases,start] GC(905) Phase 2: Compute new object addresses
[35.514s][info][gc,phases      ] GC(905) Phase 2: Compute new object addresses 3.953ms
[35.514s][info][gc,phases,start] GC(905) Phase 3: Adjust pointers
[35.520s][info][gc,phases      ] GC(905) Phase 3: Adjust pointers 5.209ms
[35.520s][info][gc,phases,start] GC(905) Phase 4: Move objects
[35.522s][info][gc,phases      ] GC(905) Phase 4: Move objects 2.450ms
[35.522s][info][gc,heap        ] GC(905) DefNew: 157050K(157248K)->40455K(157248K) Eden: 139776K(139776K)->40455K(139776K) From: 17274K(17472K)->0K(17472K)
[35.522s][info][gc,heap        ] GC(905) Tenured: 349554K(349568K)->349554K(349568K)
[35.522s][info][gc,metaspace   ] GC(905) Metaspace: 30992K(31296K)->30992K(31296K) NonClass: 27714K(27840K)->27714K(27840K) Class: 3278K(3456K)->3278K(3456K)
[35.522s][info][gc             ] GC(905) Pause Full (Allocation Failure) 494M->380M(494M) 20.116ms
[35.522s][info][gc,cpu         ] GC(905) User=0.02s Sys=0.00s Real=0.02s
[35.533s][info][gc,start       ] GC(906) Pause Full (Allocation Failure)
[35.533s][info][gc,phases,start] GC(906) Phase 1: Mark live objects
[35.541s][info][gc,phases      ] GC(906) Phase 1: Mark live objects 8.777ms
[35.541s][info][gc,phases,start] GC(906) Phase 2: Compute new object addresses
[35.545s][info][gc,phases      ] GC(906) Phase 2: Compute new object addresses 3.901ms
[35.545s][info][gc,phases,start] GC(906) Phase 3: Adjust pointers
[35.551s][info][gc,phases      ] GC(906) Phase 3: Adjust pointers 5.195ms
[35.551s][info][gc,phases,start] GC(906) Phase 4: Move objects
[35.553s][info][gc,phases      ] GC(906) Phase 4: Move objects 2.059ms
[35.553s][info][gc,heap        ] GC(906) DefNew: 157168K(157248K)->36244K(157248K) Eden: 139776K(139776K)->36244K(139776K) From: 17392K(17472K)->0K(17472K)
[35.553s][info][gc,heap        ] GC(906) Tenured: 349554K(349568K)->349554K(349568K)
[35.553s][info][gc,metaspace   ] GC(906) Metaspace: 30992K(31296K)->30992K(31296K) NonClass: 27714K(27840K)->27714K(27840K) Class: 3278K(3456K)->3278K(3456K)
[35.553s][info][gc             ] GC(906) Pause Full (Allocation Failure) 494M->376M(494M) 20.259ms
[35.553s][info][gc,cpu         ] GC(906) User=0.02s Sys=0.00s Real=0.02s
[35.563s][info][gc,start       ] GC(907) Pause Full (Allocation Failure)
[35.563s][info][gc,phases,start] GC(907) Phase 1: Mark live objects
[35.572s][info][gc,phases      ] GC(907) Phase 1: Mark live objects 8.825ms
[35.572s][info][gc,phases,start] GC(907) Phase 2: Compute new object addresses
[35.577s][info][gc,phases      ] GC(907) Phase 2: Compute new object addresses 5.056ms
[35.577s][info][gc,phases,start] GC(907) Phase 3: Adjust pointers
[35.584s][info][gc,phases      ] GC(907) Phase 3: Adjust pointers 6.754ms
[35.584s][info][gc,phases,start] GC(907) Phase 4: Move objects
[35.587s][info][gc,phases      ] GC(907) Phase 4: Move objects 2.548ms
[35.587s][info][gc,heap        ] GC(907) DefNew: 156421K(157248K)->35050K(157248K) Eden: 139776K(139776K)->35050K(139776K) From: 16645K(17472K)->0K(17472K)
[35.587s][info][gc,heap        ] GC(907) Tenured: 349554K(349568K)->349554K(349568K)
[35.587s][info][gc,metaspace   ] GC(907) Metaspace: 30992K(31296K)->30992K(31296K) NonClass: 27714K(27840K)->27714K(27840K) Class: 3278K(3456K)->3278K(3456K)
[35.587s][info][gc             ] GC(907) Pause Full (Allocation Failure) 494M->375M(494M) 23.660ms
[35.587s][info][gc,cpu         ] GC(907) User=0.02s Sys=0.00s Real=0.03s
[35.595s][info][gc,start       ] GC(908) Pause Full (Allocation Failure)
[35.595s][info][gc,phases,start] GC(908) Phase 1: Mark live objects
[35.605s][info][gc,phases      ] GC(908) Phase 1: Mark live objects 9.744ms
[35.605s][info][gc,phases,start] GC(908) Phase 2: Compute new object addresses
[35.609s][info][gc,phases      ] GC(908) Phase 2: Compute new object addresses 4.531ms
[35.610s][info][gc,phases,start] GC(908) Phase 3: Adjust pointers
[35.616s][info][gc,phases      ] GC(908) Phase 3: Adjust pointers 6.744ms
[35.616s][info][gc,phases,start] GC(908) Phase 4: Move objects
[35.620s][info][gc,phases      ] GC(908) Phase 4: Move objects 3.277ms
[35.620s][info][gc,heap        ] GC(908) DefNew: 157095K(157248K)->42154K(157248K) Eden: 139776K(139776K)->42154K(139776K) From: 17319K(17472K)->0K(17472K)
[35.620s][info][gc,heap        ] GC(908) Tenured: 349554K(349568K)->349554K(349568K)
[35.620s][info][gc,metaspace   ] GC(908) Metaspace: 30992K(31296K)->30992K(31296K) NonClass: 27714K(27840K)->27714K(27840K) Class: 3278K(3456K)->3278K(3456K)
[35.620s][info][gc             ] GC(908) Pause Full (Allocation Failure) 494M->382M(494M) 24.763ms
[35.620s][info][gc,cpu         ] GC(908) User=0.02s Sys=0.00s Real=0.03s
[35.630s][info][gc,start       ] GC(909) Pause Full (Allocation Failure)
[35.630s][info][gc,phases,start] GC(909) Phase 1: Mark live objects
[35.639s][info][gc,phases      ] GC(909) Phase 1: Mark live objects 8.980ms
[35.639s][info][gc,phases,start] GC(909) Phase 2: Compute new object addresses
[35.644s][info][gc,phases      ] GC(909) Phase 2: Compute new object addresses 4.554ms
[35.644s][info][gc,phases,start] GC(909) Phase 3: Adjust pointers
[35.650s][info][gc,phases      ] GC(909) Phase 3: Adjust pointers 5.978ms
[35.650s][info][gc,phases,start] GC(909) Phase 4: Move objects
[35.653s][info][gc,phases      ] GC(909) Phase 4: Move objects 2.496ms
[35.653s][info][gc,heap        ] GC(909) DefNew: 157095K(157248K)->39677K(157248K) Eden: 139776K(139776K)->39677K(139776K) From: 17319K(17472K)->0K(17472K)
[35.653s][info][gc,heap        ] GC(909) Tenured: 349554K(349568K)->349554K(349568K)
[35.653s][info][gc,metaspace   ] GC(909) Metaspace: 30992K(31296K)->30992K(31296K) NonClass: 27714K(27840K)->27714K(27840K) Class: 3278K(3456K)->3278K(3456K)
[35.653s][info][gc             ] GC(909) Pause Full (Allocation Failure) 494M->380M(494M) 22.393ms
[35.653s][info][gc,cpu         ] GC(909) User=0.00s Sys=0.02s Real=0.02s
[35.662s][info][gc,start       ] GC(910) Pause Full (Allocation Failure)
[35.662s][info][gc,phases,start] GC(910) Phase 1: Mark live objects
[35.671s][info][gc,phases      ] GC(910) Phase 1: Mark live objects 8.476ms
[35.671s][info][gc,phases,start] GC(910) Phase 2: Compute new object addresses
[35.675s][info][gc,phases      ] GC(910) Phase 2: Compute new object addresses 4.275ms
[35.675s][info][gc,phases,start] GC(910) Phase 3: Adjust pointers
[35.681s][info][gc,phases      ] GC(910) Phase 3: Adjust pointers 5.964ms
[35.681s][info][gc,phases,start] GC(910) Phase 4: Move objects
[35.684s][info][gc,phases      ] GC(910) Phase 4: Move objects 2.453ms
[35.684s][info][gc,heap        ] GC(910) DefNew: 157248K(157248K)->40607K(157248K) Eden: 139776K(139776K)->40607K(139776K) From: 17472K(17472K)->0K(17472K)
[35.684s][info][gc,heap        ] GC(910) Tenured: 349568K(349568K)->349568K(349568K)
[35.684s][info][gc,metaspace   ] GC(910) Metaspace: 30992K(31296K)->30992K(31296K) NonClass: 27714K(27840K)->27714K(27840K) Class: 3278K(3456K)->3278K(3456K)
[35.684s][info][gc             ] GC(910) Pause Full (Allocation Failure) 494M->381M(494M) 21.538ms
[35.684s][info][gc,cpu         ] GC(910) User=0.02s Sys=0.00s Real=0.03s
[35.695s][info][gc,start       ] GC(911) Pause Full (Allocation Failure)
[35.695s][info][gc,phases,start] GC(911) Phase 1: Mark live objects
[35.703s][info][gc,phases      ] GC(911) Phase 1: Mark live objects 8.462ms
[35.703s][info][gc,phases,start] GC(911) Phase 2: Compute new object addresses
[35.707s][info][gc,phases      ] GC(911) Phase 2: Compute new object addresses 3.933ms
[35.707s][info][gc,phases,start] GC(911) Phase 3: Adjust pointers
[35.712s][info][gc,phases      ] GC(911) Phase 3: Adjust pointers 5.224ms
[35.712s][info][gc,phases,start] GC(911) Phase 4: Move objects
[35.715s][info][gc,phases      ] GC(911) Phase 4: Move objects 2.176ms
[35.715s][info][gc,heap        ] GC(911) DefNew: 156359K(157248K)->38136K(157248K) Eden: 139776K(139776K)->38136K(139776K) From: 16583K(17472K)->0K(17472K)
[35.715s][info][gc,heap        ] GC(911) Tenured: 349568K(349568K)->349554K(349568K)
[35.715s][info][gc,metaspace   ] GC(911) Metaspace: 30995K(31296K)->30995K(31296K) NonClass: 27716K(27840K)->27716K(27840K) Class: 3278K(3456K)->3278K(3456K)
[35.715s][info][gc             ] GC(911) Pause Full (Allocation Failure) 494M->378M(494M) 20.129ms
[35.715s][info][gc,cpu         ] GC(911) User=0.02s Sys=0.00s Real=0.02s
[35.725s][info][gc,start       ] GC(912) Pause Full (Allocation Failure)
[35.725s][info][gc,phases,start] GC(912) Phase 1: Mark live objects
[35.734s][info][gc,phases      ] GC(912) Phase 1: Mark live objects 8.472ms
[35.734s][info][gc,phases,start] GC(912) Phase 2: Compute new object addresses
[35.738s][info][gc,phases      ] GC(912) Phase 2: Compute new object addresses 3.886ms
[35.738s][info][gc,phases,start] GC(912) Phase 3: Adjust pointers
[35.743s][info][gc,phases      ] GC(912) Phase 3: Adjust pointers 5.542ms
[35.743s][info][gc,phases,start] GC(912) Phase 4: Move objects
[35.745s][info][gc,phases      ] GC(912) Phase 4: Move objects 2.147ms
[35.746s][info][gc,heap        ] GC(912) DefNew: 156674K(157248K)->35472K(157248K) Eden: 139776K(139776K)->35472K(139776K) From: 16898K(17472K)->0K(17472K)
[35.746s][info][gc,heap        ] GC(912) Tenured: 349554K(349568K)->349554K(349568K)
[35.746s][info][gc,metaspace   ] GC(912) Metaspace: 30995K(31296K)->30995K(31296K) NonClass: 27716K(27840K)->27716K(27840K) Class: 3278K(3456K)->3278K(3456K)
[35.746s][info][gc             ] GC(912) Pause Full (Allocation Failure) 494M->376M(494M) 20.517ms
[35.746s][info][gc,cpu         ] GC(912) User=0.03s Sys=0.00s Real=0.02s
[35.756s][info][gc,start       ] GC(913) Pause Full (Allocation Failure)
[35.756s][info][gc,phases,start] GC(913) Phase 1: Mark live objects
[35.764s][info][gc,phases      ] GC(913) Phase 1: Mark live objects 8.141ms
[35.764s][info][gc,phases,start] GC(913) Phase 2: Compute new object addresses
[35.768s][info][gc,phases      ] GC(913) Phase 2: Compute new object addresses 4.261ms
[35.768s][info][gc,phases,start] GC(913) Phase 3: Adjust pointers
[35.774s][info][gc,phases      ] GC(913) Phase 3: Adjust pointers 5.782ms
[35.774s][info][gc,phases,start] GC(913) Phase 4: Move objects
[35.776s][info][gc,phases      ] GC(913) Phase 4: Move objects 2.056ms
[35.777s][info][gc,heap        ] GC(913) DefNew: 156329K(157248K)->32752K(157248K) Eden: 139776K(139776K)->32752K(139776K) From: 16553K(17472K)->0K(17472K)
[35.777s][info][gc,heap        ] GC(913) Tenured: 349554K(349568K)->349554K(349568K)
[35.777s][info][gc,metaspace   ] GC(913) Metaspace: 30999K(31296K)->30999K(31296K) NonClass: 27720K(27840K)->27720K(27840K) Class: 3278K(3456K)->3278K(3456K)
[35.777s][info][gc             ] GC(913) Pause Full (Allocation Failure) 494M->373M(494M) 20.630ms
[35.777s][info][gc,cpu         ] GC(913) User=0.02s Sys=0.00s Real=0.02s
[35.786s][info][gc,start       ] GC(914) Pause Full (Allocation Failure)
[35.787s][info][gc,phases,start] GC(914) Phase 1: Mark live objects
[35.795s][info][gc,phases      ] GC(914) Phase 1: Mark live objects 8.127ms
[35.795s][info][gc,phases,start] GC(914) Phase 2: Compute new object addresses
[35.799s][info][gc,phases      ] GC(914) Phase 2: Compute new object addresses 4.048ms
[35.799s][info][gc,phases,start] GC(914) Phase 3: Adjust pointers
[35.806s][info][gc,phases      ] GC(914) Phase 3: Adjust pointers 7.158ms
[35.806s][info][gc,phases,start] GC(914) Phase 4: Move objects
[35.808s][info][gc,phases      ] GC(914) Phase 4: Move objects 2.251ms
[35.808s][info][gc,heap        ] GC(914) DefNew: 156817K(157248K)->35223K(157248K) Eden: 139776K(139776K)->35223K(139776K) From: 17041K(17472K)->0K(17472K)
[35.808s][info][gc,heap        ] GC(914) Tenured: 349554K(349568K)->349554K(349568K)
[35.808s][info][gc,metaspace   ] GC(914) Metaspace: 31001K(31296K)->31001K(31296K) NonClass: 27722K(27840K)->27722K(27840K) Class: 3278K(3456K)->3278K(3456K)
[35.808s][info][gc             ] GC(914) Pause Full (Allocation Failure) 494M->375M(494M) 21.995ms
[35.808s][info][gc,cpu         ] GC(914) User=0.02s Sys=0.00s Real=0.02s
[35.817s][info][gc,start       ] GC(915) Pause Full (Allocation Failure)
[35.818s][info][gc,phases,start] GC(915) Phase 1: Mark live objects
[35.827s][info][gc,phases      ] GC(915) Phase 1: Mark live objects 9.657ms
[35.827s][info][gc,phases,start] GC(915) Phase 2: Compute new object addresses
[35.832s][info][gc,phases      ] GC(915) Phase 2: Compute new object addresses 4.403ms
[35.832s][info][gc,phases,start] GC(915) Phase 3: Adjust pointers
[35.838s][info][gc,phases      ] GC(915) Phase 3: Adjust pointers 6.043ms
[35.838s][info][gc,phases,start] GC(915) Phase 4: Move objects
[35.840s][info][gc,phases      ] GC(915) Phase 4: Move objects 2.669ms
[35.841s][info][gc,heap        ] GC(915) DefNew: 157098K(157248K)->36331K(157248K) Eden: 139776K(139776K)->36331K(139776K) From: 17322K(17472K)->0K(17472K)
[35.841s][info][gc,heap        ] GC(915) Tenured: 349554K(349568K)->349554K(349568K)
[35.841s][info][gc,metaspace   ] GC(915) Metaspace: 31001K(31296K)->31001K(31296K) NonClass: 27722K(27840K)->27722K(27840K) Class: 3278K(3456K)->3278K(3456K)
[35.841s][info][gc             ] GC(915) Pause Full (Allocation Failure) 494M->376M(494M) 23.252ms
[35.841s][info][gc,cpu         ] GC(915) User=0.03s Sys=0.00s Real=0.02s
[35.852s][info][gc,start       ] GC(916) Pause Full (Allocation Failure)
[35.852s][info][gc,phases,start] GC(916) Phase 1: Mark live objects
[35.859s][info][gc,phases      ] GC(916) Phase 1: Mark live objects 7.818ms
[35.859s][info][gc,phases,start] GC(916) Phase 2: Compute new object addresses
[35.863s][info][gc,phases      ] GC(916) Phase 2: Compute new object addresses 3.845ms
[35.863s][info][gc,phases,start] GC(916) Phase 3: Adjust pointers
[35.868s][info][gc,phases      ] GC(916) Phase 3: Adjust pointers 5.067ms
[35.868s][info][gc,phases,start] GC(916) Phase 4: Move objects
[35.870s][info][gc,phases      ] GC(916) Phase 4: Move objects 1.454ms
[35.870s][info][gc,heap        ] GC(916) DefNew: 156377K(157248K)->30857K(157248K) Eden: 139776K(139776K)->30857K(139776K) From: 16601K(17472K)->0K(17472K)
[35.870s][info][gc,heap        ] GC(916) Tenured: 349554K(349568K)->349554K(349568K)
[35.870s][info][gc,metaspace   ] GC(916) Metaspace: 31008K(31296K)->31008K(31296K) NonClass: 27729K(27840K)->27729K(27840K) Class: 3278K(3456K)->3278K(3456K)
[35.870s][info][gc             ] GC(916) Pause Full (Allocation Failure) 494M->371M(494M) 18.508ms
[35.870s][info][gc,cpu         ] GC(916) User=0.02s Sys=0.00s Real=0.02s
[35.879s][info][gc,start       ] GC(917) Pause Full (Allocation Failure)
[35.879s][info][gc,phases,start] GC(917) Phase 1: Mark live objects
[35.887s][info][gc,phases      ] GC(917) Phase 1: Mark live objects 8.334ms
[35.887s][info][gc,phases,start] GC(917) Phase 2: Compute new object addresses
[35.891s][info][gc,phases      ] GC(917) Phase 2: Compute new object addresses 4.099ms
[35.891s][info][gc,phases,start] GC(917) Phase 3: Adjust pointers
[35.897s][info][gc,phases      ] GC(917) Phase 3: Adjust pointers 5.557ms
[35.897s][info][gc,phases,start] GC(917) Phase 4: Move objects
[35.899s][info][gc,phases      ] GC(917) Phase 4: Move objects 2.180ms
[35.899s][info][gc,heap        ] GC(917) DefNew: 157247K(157248K)->36337K(157248K) Eden: 139776K(139776K)->36337K(139776K) From: 17471K(17472K)->0K(17472K)
[35.899s][info][gc,heap        ] GC(917) Tenured: 349562K(349568K)->349562K(349568K)
[35.899s][info][gc,metaspace   ] GC(917) Metaspace: 31017K(31296K)->31017K(31296K) NonClass: 27738K(27840K)->27738K(27840K) Class: 3278K(3456K)->3278K(3456K)
[35.899s][info][gc             ] GC(917) Pause Full (Allocation Failure) 494M->376M(494M) 20.511ms
[35.899s][info][gc,cpu         ] GC(917) User=0.03s Sys=0.00s Real=0.02s
[35.911s][info][gc,start       ] GC(918) Pause Full (Allocation Failure)
[35.911s][info][gc,phases,start] GC(918) Phase 1: Mark live objects
[35.919s][info][gc,phases      ] GC(918) Phase 1: Mark live objects 7.995ms
[35.919s][info][gc,phases,start] GC(918) Phase 2: Compute new object addresses
[35.923s][info][gc,phases      ] GC(918) Phase 2: Compute new object addresses 4.045ms
[35.923s][info][gc,phases,start] GC(918) Phase 3: Adjust pointers
[35.930s][info][gc,phases      ] GC(918) Phase 3: Adjust pointers 6.906ms
[35.930s][info][gc,phases,start] GC(918) Phase 4: Move objects
[35.932s][info][gc,phases      ] GC(918) Phase 4: Move objects 1.748ms
[35.932s][info][gc,heap        ] GC(918) DefNew: 157158K(157248K)->31632K(157248K) Eden: 139776K(139776K)->31632K(139776K) From: 17382K(17472K)->0K(17472K)
[35.932s][info][gc,heap        ] GC(918) Tenured: 349562K(349568K)->349562K(349568K)
[35.932s][info][gc,metaspace   ] GC(918) Metaspace: 31018K(31296K)->31018K(31296K) NonClass: 27739K(27840K)->27739K(27840K) Class: 3278K(3456K)->3278K(3456K)
[35.932s][info][gc             ] GC(918) Pause Full (Allocation Failure) 494M->372M(494M) 21.165ms
[35.932s][info][gc,cpu         ] GC(918) User=0.02s Sys=0.00s Real=0.02s
[35.944s][info][gc,start       ] GC(919) Pause Full (Allocation Failure)
[35.944s][info][gc,phases,start] GC(919) Phase 1: Mark live objects
[35.954s][info][gc,phases      ] GC(919) Phase 1: Mark live objects 10.448ms
[35.954s][info][gc,phases,start] GC(919) Phase 2: Compute new object addresses
[35.959s][info][gc,phases      ] GC(919) Phase 2: Compute new object addresses 5.060ms
[35.959s][info][gc,phases,start] GC(919) Phase 3: Adjust pointers
[35.966s][info][gc,phases      ] GC(919) Phase 3: Adjust pointers 6.222ms
[35.966s][info][gc,phases,start] GC(919) Phase 4: Move objects
[35.968s][info][gc,phases      ] GC(919) Phase 4: Move objects 2.441ms
[35.968s][info][gc,heap        ] GC(919) DefNew: 157010K(157248K)->35578K(157248K) Eden: 139776K(139776K)->35578K(139776K) From: 17234K(17472K)->0K(17472K)
[35.968s][info][gc,heap        ] GC(919) Tenured: 349562K(349568K)->349554K(349568K)
[35.968s][info][gc,metaspace   ] GC(919) Metaspace: 31018K(31296K)->31018K(31296K) NonClass: 27739K(27840K)->27739K(27840K) Class: 3278K(3456K)->3278K(3456K)
[35.968s][info][gc             ] GC(919) Pause Full (Allocation Failure) 494M->376M(494M) 24.608ms
[35.968s][info][gc,cpu         ] GC(919) User=0.03s Sys=0.00s Real=0.03s
[35.976s][info][gc,start       ] GC(920) Pause Full (Allocation Failure)
[35.976s][info][gc,phases,start] GC(920) Phase 1: Mark live objects
[35.986s][info][gc,phases      ] GC(920) Phase 1: Mark live objects 9.830ms
[35.986s][info][gc,phases,start] GC(920) Phase 2: Compute new object addresses
[35.990s][info][gc,phases      ] GC(920) Phase 2: Compute new object addresses 4.434ms
[35.990s][info][gc,phases,start] GC(920) Phase 3: Adjust pointers
[35.997s][info][gc,phases      ] GC(920) Phase 3: Adjust pointers 6.752ms
[35.997s][info][gc,phases,start] GC(920) Phase 4: Move objects
[36.001s][info][gc,phases      ] GC(920) Phase 4: Move objects 3.321ms
[36.001s][info][gc,heap        ] GC(920) DefNew: 157197K(157248K)->47509K(157248K) Eden: 139776K(139776K)->47509K(139776K) From: 17421K(17472K)->0K(17472K)
[36.001s][info][gc,heap        ] GC(920) Tenured: 349554K(349568K)->349554K(349568K)
[36.001s][info][gc,metaspace   ] GC(920) Metaspace: 31018K(31296K)->31018K(31296K) NonClass: 27739K(27840K)->27739K(27840K) Class: 3278K(3456K)->3278K(3456K)
[36.001s][info][gc             ] GC(920) Pause Full (Allocation Failure) 494M->387M(494M) 24.793ms
[36.001s][info][gc,cpu         ] GC(920) User=0.03s Sys=0.00s Real=0.02s
[36.011s][info][gc,start       ] GC(921) Pause Full (Allocation Failure)
[36.011s][info][gc,phases,start] GC(921) Phase 1: Mark live objects
[36.021s][info][gc,phases      ] GC(921) Phase 1: Mark live objects 9.529ms
[36.021s][info][gc,phases,start] GC(921) Phase 2: Compute new object addresses
[36.025s][info][gc,phases      ] GC(921) Phase 2: Compute new object addresses 4.214ms
[36.025s][info][gc,phases,start] GC(921) Phase 3: Adjust pointers
[36.031s][info][gc,phases      ] GC(921) Phase 3: Adjust pointers 6.113ms
[36.031s][info][gc,phases,start] GC(921) Phase 4: Move objects
[36.034s][info][gc,phases      ] GC(921) Phase 4: Move objects 2.778ms
[36.034s][info][gc,heap        ] GC(921) DefNew: 157155K(157248K)->43664K(157248K) Eden: 139776K(139776K)->43664K(139776K) From: 17379K(17472K)->0K(17472K)
[36.034s][info][gc,heap        ] GC(921) Tenured: 349554K(349568K)->349554K(349568K)
[36.034s][info][gc,metaspace   ] GC(921) Metaspace: 31018K(31296K)->31018K(31296K) NonClass: 27739K(27840K)->27739K(27840K) Class: 3278K(3456K)->3278K(3456K)
[36.034s][info][gc             ] GC(921) Pause Full (Allocation Failure) 494M->384M(494M) 23.098ms
[36.034s][info][gc,cpu         ] GC(921) User=0.02s Sys=0.00s Real=0.02s
[36.045s][info][gc,start       ] GC(922) Pause Full (Allocation Failure)
[36.045s][info][gc,phases,start] GC(922) Phase 1: Mark live objects
[36.054s][info][gc,phases      ] GC(922) Phase 1: Mark live objects 9.106ms
[36.054s][info][gc,phases,start] GC(922) Phase 2: Compute new object addresses
[36.058s][info][gc,phases      ] GC(922) Phase 2: Compute new object addresses 4.369ms
[36.058s][info][gc,phases,start] GC(922) Phase 3: Adjust pointers
[36.066s][info][gc,phases      ] GC(922) Phase 3: Adjust pointers 7.150ms
[36.066s][info][gc,phases,start] GC(922) Phase 4: Move objects
[36.068s][info][gc,phases      ] GC(922) Phase 4: Move objects 2.741ms
[36.069s][info][gc,heap        ] GC(922) DefNew: 157065K(157248K)->43915K(157248K) Eden: 139776K(139776K)->43915K(139776K) From: 17289K(17472K)->0K(17472K)
[36.069s][info][gc,heap        ] GC(922) Tenured: 349554K(349568K)->349554K(349568K)
[36.069s][info][gc,metaspace   ] GC(922) Metaspace: 31018K(31296K)->31018K(31296K) NonClass: 27739K(27840K)->27739K(27840K) Class: 3278K(3456K)->3278K(3456K)
[36.069s][info][gc             ] GC(922) Pause Full (Allocation Failure) 494M->384M(494M) 23.792ms
[36.069s][info][gc,cpu         ] GC(922) User=0.02s Sys=0.00s Real=0.02s
[36.079s][info][gc,start       ] GC(923) Pause Full (Allocation Failure)
[36.079s][info][gc,phases,start] GC(923) Phase 1: Mark live objects
[36.089s][info][gc,phases      ] GC(923) Phase 1: Mark live objects 9.346ms
[36.089s][info][gc,phases,start] GC(923) Phase 2: Compute new object addresses
[36.093s][info][gc,phases      ] GC(923) Phase 2: Compute new object addresses 4.397ms
[36.093s][info][gc,phases,start] GC(923) Phase 3: Adjust pointers
[36.099s][info][gc,phases      ] GC(923) Phase 3: Adjust pointers 6.008ms
[36.099s][info][gc,phases,start] GC(923) Phase 4: Move objects
[36.102s][info][gc,phases      ] GC(923) Phase 4: Move objects 2.580ms
[36.102s][info][gc,heap        ] GC(923) DefNew: 156727K(157248K)->43747K(157248K) Eden: 139776K(139776K)->43747K(139776K) From: 16951K(17472K)->0K(17472K)
[36.102s][info][gc,heap        ] GC(923) Tenured: 349554K(349568K)->349554K(349568K)
[36.102s][info][gc,metaspace   ] GC(923) Metaspace: 31027K(31360K)->31027K(31360K) NonClass: 27749K(27904K)->27749K(27904K) Class: 3278K(3456K)->3278K(3456K)
[36.102s][info][gc             ] GC(923) Pause Full (Allocation Failure) 494M->384M(494M) 22.728ms
[36.102s][info][gc,cpu         ] GC(923) User=0.02s Sys=0.00s Real=0.02s
[36.113s][info][gc,start       ] GC(924) Pause Full (Allocation Failure)
[36.113s][info][gc,phases,start] GC(924) Phase 1: Mark live objects
[36.122s][info][gc,phases      ] GC(924) Phase 1: Mark live objects 8.777ms
[36.122s][info][gc,phases,start] GC(924) Phase 2: Compute new object addresses
[36.126s][info][gc,phases      ] GC(924) Phase 2: Compute new object addresses 4.123ms
[36.126s][info][gc,phases,start] GC(924) Phase 3: Adjust pointers
[36.134s][info][gc,phases      ] GC(924) Phase 3: Adjust pointers 7.981ms
[36.134s][info][gc,phases,start] GC(924) Phase 4: Move objects
[36.137s][info][gc,phases      ] GC(924) Phase 4: Move objects 2.967ms
[36.137s][info][gc,heap        ] GC(924) DefNew: 156651K(157248K)->41347K(157248K) Eden: 139776K(139776K)->41347K(139776K) From: 16875K(17472K)->0K(17472K)
[36.137s][info][gc,heap        ] GC(924) Tenured: 349554K(349568K)->349554K(349568K)
[36.137s][info][gc,metaspace   ] GC(924) Metaspace: 31027K(31360K)->31027K(31360K) NonClass: 27749K(27904K)->27749K(27904K) Class: 3278K(3456K)->3278K(3456K)
[36.137s][info][gc             ] GC(924) Pause Full (Allocation Failure) 494M->381M(494M) 24.305ms
[36.137s][info][gc,cpu         ] GC(924) User=0.03s Sys=0.00s Real=0.03s
[36.148s][info][gc,start       ] GC(925) Pause Full (Allocation Failure)
[36.148s][info][gc,phases,start] GC(925) Phase 1: Mark live objects
[36.156s][info][gc,phases      ] GC(925) Phase 1: Mark live objects 8.630ms
[36.156s][info][gc,phases,start] GC(925) Phase 2: Compute new object addresses
[36.160s][info][gc,phases      ] GC(925) Phase 2: Compute new object addresses 3.948ms
[36.160s][info][gc,phases,start] GC(925) Phase 3: Adjust pointers
[36.166s][info][gc,phases      ] GC(925) Phase 3: Adjust pointers 5.643ms
[36.166s][info][gc,phases,start] GC(925) Phase 4: Move objects
[36.168s][info][gc,phases      ] GC(925) Phase 4: Move objects 1.598ms
[36.168s][info][gc,heap        ] GC(925) DefNew: 156306K(157248K)->40419K(157248K) Eden: 139776K(139776K)->40419K(139776K) From: 16530K(17472K)->0K(17472K)
[36.168s][info][gc,heap        ] GC(925) Tenured: 349554K(349568K)->349554K(349568K)
[36.168s][info][gc,metaspace   ] GC(925) Metaspace: 31027K(31360K)->31027K(31360K) NonClass: 27749K(27904K)->27749K(27904K) Class: 3278K(3456K)->3278K(3456K)
[36.168s][info][gc             ] GC(925) Pause Full (Allocation Failure) 494M->380M(494M) 20.331ms
[36.168s][info][gc,cpu         ] GC(925) User=0.02s Sys=0.00s Real=0.02s
[36.179s][info][gc,start       ] GC(926) Pause Full (Allocation Failure)
[36.179s][info][gc,phases,start] GC(926) Phase 1: Mark live objects
[36.188s][info][gc,phases      ] GC(926) Phase 1: Mark live objects 9.124ms
[36.188s][info][gc,phases,start] GC(926) Phase 2: Compute new object addresses
[36.192s][info][gc,phases      ] GC(926) Phase 2: Compute new object addresses 3.933ms
[36.192s][info][gc,phases,start] GC(926) Phase 3: Adjust pointers
[36.198s][info][gc,phases      ] GC(926) Phase 3: Adjust pointers 6.061ms
[36.199s][info][gc,phases,start] GC(926) Phase 4: Move objects
[36.202s][info][gc,phases      ] GC(926) Phase 4: Move objects 3.499ms
[36.202s][info][gc,heap        ] GC(926) DefNew: 157219K(157248K)->40415K(157248K) Eden: 139776K(139776K)->40415K(139776K) From: 17443K(17472K)->0K(17472K)
[36.202s][info][gc,heap        ] GC(926) Tenured: 349554K(349568K)->349554K(349568K)
[36.202s][info][gc,metaspace   ] GC(926) Metaspace: 31027K(31360K)->31027K(31360K) NonClass: 27749K(27904K)->27749K(27904K) Class: 3278K(3456K)->3278K(3456K)
[36.202s][info][gc             ] GC(926) Pause Full (Allocation Failure) 494M->380M(494M) 23.045ms
[36.202s][info][gc,cpu         ] GC(926) User=0.02s Sys=0.00s Real=0.02s
[36.213s][info][gc,start       ] GC(927) Pause Full (Allocation Failure)
[36.213s][info][gc,phases,start] GC(927) Phase 1: Mark live objects
[36.221s][info][gc,phases      ] GC(927) Phase 1: Mark live objects 8.346ms
[36.221s][info][gc,phases,start] GC(927) Phase 2: Compute new object addresses
[36.226s][info][gc,phases      ] GC(927) Phase 2: Compute new object addresses 4.955ms
[36.226s][info][gc,phases,start] GC(927) Phase 3: Adjust pointers
[36.233s][info][gc,phases      ] GC(927) Phase 3: Adjust pointers 6.855ms
[36.233s][info][gc,phases,start] GC(927) Phase 4: Move objects
[36.236s][info][gc,phases      ] GC(927) Phase 4: Move objects 2.976ms
[36.236s][info][gc,heap        ] GC(927) DefNew: 156667K(157248K)->42183K(157248K) Eden: 139776K(139776K)->42183K(139776K) From: 16891K(17472K)->0K(17472K)
[36.236s][info][gc,heap        ] GC(927) Tenured: 349554K(349568K)->349554K(349568K)
[36.236s][info][gc,metaspace   ] GC(927) Metaspace: 31030K(31360K)->31030K(31360K) NonClass: 27751K(27904K)->27751K(27904K) Class: 3278K(3456K)->3278K(3456K)
[36.236s][info][gc             ] GC(927) Pause Full (Allocation Failure) 494M->382M(494M) 23.542ms
[36.236s][info][gc,cpu         ] GC(927) User=0.02s Sys=0.00s Real=0.03s
[36.247s][info][gc,start       ] GC(928) Pause Full (Allocation Failure)
[36.247s][info][gc,phases,start] GC(928) Phase 1: Mark live objects
[36.256s][info][gc,phases      ] GC(928) Phase 1: Mark live objects 8.671ms
[36.256s][info][gc,phases,start] GC(928) Phase 2: Compute new object addresses
[36.259s][info][gc,phases      ] GC(928) Phase 2: Compute new object addresses 3.727ms
[36.259s][info][gc,phases,start] GC(928) Phase 3: Adjust pointers
[36.265s][info][gc,phases      ] GC(928) Phase 3: Adjust pointers 5.264ms
[36.265s][info][gc,phases,start] GC(928) Phase 4: Move objects
[36.266s][info][gc,phases      ] GC(928) Phase 4: Move objects 1.474ms
[36.266s][info][gc,heap        ] GC(928) DefNew: 157010K(157248K)->41183K(157248K) Eden: 139776K(139776K)->41183K(139776K) From: 17234K(17472K)->0K(17472K)
[36.266s][info][gc,heap        ] GC(928) Tenured: 349554K(349568K)->349554K(349568K)
[36.266s][info][gc,metaspace   ] GC(928) Metaspace: 31030K(31360K)->31030K(31360K) NonClass: 27751K(27904K)->27751K(27904K) Class: 3278K(3456K)->3278K(3456K)
[36.266s][info][gc             ] GC(928) Pause Full (Allocation Failure) 494M->381M(494M) 19.490ms
[36.266s][info][gc,cpu         ] GC(928) User=0.02s Sys=0.00s Real=0.02s
[36.273s][info][gc,start       ] GC(929) Pause Full (Allocation Failure)
[36.273s][info][gc,phases,start] GC(929) Phase 1: Mark live objects
[36.281s][info][gc,phases      ] GC(929) Phase 1: Mark live objects 8.300ms
[36.281s][info][gc,phases,start] GC(929) Phase 2: Compute new object addresses
[36.285s][info][gc,phases      ] GC(929) Phase 2: Compute new object addresses 3.650ms
[36.285s][info][gc,phases,start] GC(929) Phase 3: Adjust pointers
[36.290s][info][gc,phases      ] GC(929) Phase 3: Adjust pointers 5.199ms
[36.290s][info][gc,phases,start] GC(929) Phase 4: Move objects
[36.292s][info][gc,phases      ] GC(929) Phase 4: Move objects 2.399ms
[36.292s][info][gc,heap        ] GC(929) DefNew: 156849K(157248K)->48794K(157248K) Eden: 139776K(139776K)->48794K(139776K) From: 17073K(17472K)->0K(17472K)
[36.292s][info][gc,heap        ] GC(929) Tenured: 349554K(349568K)->349554K(349568K)
[36.292s][info][gc,metaspace   ] GC(929) Metaspace: 31030K(31360K)->31030K(31360K) NonClass: 27751K(27904K)->27751K(27904K) Class: 3278K(3456K)->3278K(3456K)
[36.292s][info][gc             ] GC(929) Pause Full (Allocation Failure) 494M->389M(494M) 19.919ms
[36.293s][info][gc,cpu         ] GC(929) User=0.02s Sys=0.00s Real=0.02s
[36.305s][info][gc,start       ] GC(930) Pause Full (Allocation Failure)
[36.305s][info][gc,phases,start] GC(930) Phase 1: Mark live objects
[36.314s][info][gc,phases      ] GC(930) Phase 1: Mark live objects 9.094ms
[36.314s][info][gc,phases,start] GC(930) Phase 2: Compute new object addresses
[36.319s][info][gc,phases      ] GC(930) Phase 2: Compute new object addresses 4.460ms
[36.319s][info][gc,phases,start] GC(930) Phase 3: Adjust pointers
[36.325s][info][gc,phases      ] GC(930) Phase 3: Adjust pointers 6.069ms
[36.325s][info][gc,phases,start] GC(930) Phase 4: Move objects
[36.327s][info][gc,phases      ] GC(930) Phase 4: Move objects 1.890ms
[36.327s][info][gc,heap        ] GC(930) DefNew: 157171K(157248K)->43760K(157248K) Eden: 139776K(139776K)->43760K(139776K) From: 17395K(17472K)->0K(17472K)
[36.327s][info][gc,heap        ] GC(930) Tenured: 349554K(349568K)->349554K(349568K)
[36.327s][info][gc,metaspace   ] GC(930) Metaspace: 31030K(31360K)->31030K(31360K) NonClass: 27751K(27904K)->27751K(27904K) Class: 3278K(3456K)->3278K(3456K)
[36.327s][info][gc             ] GC(930) Pause Full (Allocation Failure) 494M->384M(494M) 21.913ms
[36.327s][info][gc,cpu         ] GC(930) User=0.02s Sys=0.00s Real=0.02s
[36.338s][info][gc,start       ] GC(931) Pause Full (Allocation Failure)
[36.338s][info][gc,phases,start] GC(931) Phase 1: Mark live objects
[36.346s][info][gc,phases      ] GC(931) Phase 1: Mark live objects 8.708ms
[36.346s][info][gc,phases,start] GC(931) Phase 2: Compute new object addresses
[36.350s][info][gc,phases      ] GC(931) Phase 2: Compute new object addresses 3.933ms
[36.350s][info][gc,phases,start] GC(931) Phase 3: Adjust pointers
[36.356s][info][gc,phases      ] GC(931) Phase 3: Adjust pointers 5.535ms
[36.356s][info][gc,phases,start] GC(931) Phase 4: Move objects
[36.358s][info][gc,phases      ] GC(931) Phase 4: Move objects 2.275ms
[36.358s][info][gc,heap        ] GC(931) DefNew: 157123K(157248K)->41870K(157248K) Eden: 139776K(139776K)->41870K(139776K) From: 17347K(17472K)->0K(17472K)
[36.358s][info][gc,heap        ] GC(931) Tenured: 349554K(349568K)->349554K(349568K)
[36.358s][info][gc,metaspace   ] GC(931) Metaspace: 31030K(31360K)->31030K(31360K) NonClass: 27751K(27904K)->27751K(27904K) Class: 3278K(3456K)->3278K(3456K)
[36.358s][info][gc             ] GC(931) Pause Full (Allocation Failure) 494M->382M(494M) 20.792ms
[36.358s][info][gc,cpu         ] GC(931) User=0.02s Sys=0.00s Real=0.02s
[36.368s][info][gc,start       ] GC(932) Pause Full (Allocation Failure)
[36.368s][info][gc,phases,start] GC(932) Phase 1: Mark live objects
[36.377s][info][gc,phases      ] GC(932) Phase 1: Mark live objects 8.915ms
[36.377s][info][gc,phases,start] GC(932) Phase 2: Compute new object addresses
[36.382s][info][gc,phases      ] GC(932) Phase 2: Compute new object addresses 4.276ms
[36.382s][info][gc,phases,start] GC(932) Phase 3: Adjust pointers
[36.387s][info][gc,phases      ] GC(932) Phase 3: Adjust pointers 5.789ms
[36.388s][info][gc,phases,start] GC(932) Phase 4: Move objects
[36.390s][info][gc,phases      ] GC(932) Phase 4: Move objects 2.235ms
[36.390s][info][gc,heap        ] GC(932) DefNew: 157106K(157248K)->45538K(157248K) Eden: 139776K(139776K)->45538K(139776K) From: 17330K(17472K)->0K(17472K)
[36.390s][info][gc,heap        ] GC(932) Tenured: 349554K(349568K)->349554K(349568K)
[36.390s][info][gc,metaspace   ] GC(932) Metaspace: 31030K(31360K)->31030K(31360K) NonClass: 27751K(27904K)->27751K(27904K) Class: 3278K(3456K)->3278K(3456K)
[36.390s][info][gc             ] GC(932) Pause Full (Allocation Failure) 494M->385M(494M) 21.574ms
[36.390s][info][gc,cpu         ] GC(932) User=0.02s Sys=0.00s Real=0.02s
[36.402s][info][gc,start       ] GC(933) Pause Full (Allocation Failure)
[36.402s][info][gc,phases,start] GC(933) Phase 1: Mark live objects
[36.413s][info][gc,phases      ] GC(933) Phase 1: Mark live objects 10.918ms
[36.413s][info][gc,phases,start] GC(933) Phase 2: Compute new object addresses
[36.417s][info][gc,phases      ] GC(933) Phase 2: Compute new object addresses 3.744ms
[36.417s][info][gc,phases,start] GC(933) Phase 3: Adjust pointers
[36.422s][info][gc,phases      ] GC(933) Phase 3: Adjust pointers 5.690ms
[36.422s][info][gc,phases,start] GC(933) Phase 4: Move objects
[36.424s][info][gc,phases      ] GC(933) Phase 4: Move objects 1.689ms
[36.424s][info][gc,heap        ] GC(933) DefNew: 156835K(157248K)->42619K(157248K) Eden: 139775K(139776K)->42619K(139776K) From: 17059K(17472K)->0K(17472K)
[36.424s][info][gc,heap        ] GC(933) Tenured: 349554K(349568K)->349554K(349568K)
[36.424s][info][gc,metaspace   ] GC(933) Metaspace: 31030K(31360K)->31030K(31360K) NonClass: 27751K(27904K)->27751K(27904K) Class: 3278K(3456K)->3278K(3456K)
[36.424s][info][gc             ] GC(933) Pause Full (Allocation Failure) 494M->382M(494M) 22.393ms
[36.424s][info][gc,cpu         ] GC(933) User=0.02s Sys=0.00s Real=0.03s
[36.435s][info][gc,start       ] GC(934) Pause Full (Allocation Failure)
[36.435s][info][gc,phases,start] GC(934) Phase 1: Mark live objects
[36.443s][info][gc,phases      ] GC(934) Phase 1: Mark live objects 8.646ms
[36.443s][info][gc,phases,start] GC(934) Phase 2: Compute new object addresses
[36.448s][info][gc,phases      ] GC(934) Phase 2: Compute new object addresses 4.211ms
[36.448s][info][gc,phases,start] GC(934) Phase 3: Adjust pointers
[36.453s][info][gc,phases      ] GC(934) Phase 3: Adjust pointers 5.541ms
[36.453s][info][gc,phases,start] GC(934) Phase 4: Move objects
[36.455s][info][gc,phases      ] GC(934) Phase 4: Move objects 1.753ms
[36.455s][info][gc,heap        ] GC(934) DefNew: 156331K(157248K)->41942K(157248K) Eden: 139776K(139776K)->41942K(139776K) From: 16555K(17472K)->0K(17472K)
[36.455s][info][gc,heap        ] GC(934) Tenured: 349554K(349568K)->349554K(349568K)
[36.455s][info][gc,metaspace   ] GC(934) Metaspace: 31030K(31360K)->31030K(31360K) NonClass: 27751K(27904K)->27751K(27904K) Class: 3278K(3456K)->3278K(3456K)
[36.455s][info][gc             ] GC(934) Pause Full (Allocation Failure) 494M->382M(494M) 20.483ms
[36.455s][info][gc,cpu         ] GC(934) User=0.02s Sys=0.00s Real=0.02s
[36.463s][info][gc,start       ] GC(935) Pause Full (Allocation Failure)
[36.463s][info][gc,phases,start] GC(935) Phase 1: Mark live objects
[36.472s][info][gc,phases      ] GC(935) Phase 1: Mark live objects 8.443ms
[36.472s][info][gc,phases,start] GC(935) Phase 2: Compute new object addresses
[36.475s][info][gc,phases      ] GC(935) Phase 2: Compute new object addresses 3.691ms
[36.475s][info][gc,phases,start] GC(935) Phase 3: Adjust pointers
[36.481s][info][gc,phases      ] GC(935) Phase 3: Adjust pointers 5.132ms
[36.481s][info][gc,phases,start] GC(935) Phase 4: Move objects
[36.482s][info][gc,phases      ] GC(935) Phase 4: Move objects 1.705ms
[36.482s][info][gc,heap        ] GC(935) DefNew: 157192K(157248K)->44169K(157248K) Eden: 139776K(139776K)->44169K(139776K) From: 17416K(17472K)->0K(17472K)
[36.482s][info][gc,heap        ] GC(935) Tenured: 349554K(349568K)->349554K(349568K)
[36.482s][info][gc,metaspace   ] GC(935) Metaspace: 31030K(31360K)->31030K(31360K) NonClass: 27751K(27904K)->27751K(27904K) Class: 3278K(3456K)->3278K(3456K)
[36.482s][info][gc             ] GC(935) Pause Full (Allocation Failure) 494M->384M(494M) 19.297ms
[36.482s][info][gc,cpu         ] GC(935) User=0.02s Sys=0.00s Real=0.02s
[36.491s][info][gc,start       ] GC(936) Pause Full (Allocation Failure)
[36.491s][info][gc,phases,start] GC(936) Phase 1: Mark live objects
[36.499s][info][gc,phases      ] GC(936) Phase 1: Mark live objects 8.204ms
[36.500s][info][gc,phases,start] GC(936) Phase 2: Compute new object addresses
[36.504s][info][gc,phases      ] GC(936) Phase 2: Compute new object addresses 4.238ms
[36.504s][info][gc,phases,start] GC(936) Phase 3: Adjust pointers
[36.510s][info][gc,phases      ] GC(936) Phase 3: Adjust pointers 6.138ms
[36.510s][info][gc,phases,start] GC(936) Phase 4: Move objects
[36.512s][info][gc,phases      ] GC(936) Phase 4: Move objects 1.810ms
[36.512s][info][gc,heap        ] GC(936) DefNew: 156783K(157248K)->42968K(157248K) Eden: 139776K(139776K)->42968K(139776K) From: 17007K(17472K)->0K(17472K)
[36.512s][info][gc,heap        ] GC(936) Tenured: 349554K(349568K)->349554K(349568K)
[36.512s][info][gc,metaspace   ] GC(936) Metaspace: 31030K(31360K)->31030K(31360K) NonClass: 27751K(27904K)->27751K(27904K) Class: 3278K(3456K)->3278K(3456K)
[36.512s][info][gc             ] GC(936) Pause Full (Allocation Failure) 494M->383M(494M) 20.791ms
[36.512s][info][gc,cpu         ] GC(936) User=0.02s Sys=0.00s Real=0.02s
[36.522s][info][gc,start       ] GC(937) Pause Full (Allocation Failure)
[36.522s][info][gc,phases,start] GC(937) Phase 1: Mark live objects
[36.531s][info][gc,phases      ] GC(937) Phase 1: Mark live objects 8.437ms
[36.531s][info][gc,phases,start] GC(937) Phase 2: Compute new object addresses
[36.536s][info][gc,phases      ] GC(937) Phase 2: Compute new object addresses 4.658ms
[36.536s][info][gc,phases,start] GC(937) Phase 3: Adjust pointers
[36.542s][info][gc,phases      ] GC(937) Phase 3: Adjust pointers 6.574ms
[36.542s][info][gc,phases,start] GC(937) Phase 4: Move objects
[36.544s][info][gc,phases      ] GC(937) Phase 4: Move objects 1.691ms
[36.544s][info][gc,heap        ] GC(937) DefNew: 156344K(157248K)->42364K(157248K) Eden: 139776K(139776K)->42364K(139776K) From: 16568K(17472K)->0K(17472K)
[36.544s][info][gc,heap        ] GC(937) Tenured: 349554K(349568K)->349554K(349568K)
[36.544s][info][gc,metaspace   ] GC(937) Metaspace: 31030K(31360K)->31030K(31360K) NonClass: 27751K(27904K)->27751K(27904K) Class: 3278K(3456K)->3278K(3456K)
[36.544s][info][gc             ] GC(937) Pause Full (Allocation Failure) 494M->382M(494M) 21.832ms
[36.544s][info][gc,cpu         ] GC(937) User=0.02s Sys=0.00s Real=0.03s
[36.556s][info][gc,start       ] GC(938) Pause Full (Allocation Failure)
[36.556s][info][gc,phases,start] GC(938) Phase 1: Mark live objects
[36.564s][info][gc,phases      ] GC(938) Phase 1: Mark live objects 8.168ms
[36.564s][info][gc,phases,start] GC(938) Phase 2: Compute new object addresses
[36.568s][info][gc,phases      ] GC(938) Phase 2: Compute new object addresses 4.464ms
[36.568s][info][gc,phases,start] GC(938) Phase 3: Adjust pointers
[36.574s][info][gc,phases      ] GC(938) Phase 3: Adjust pointers 6.005ms
[36.574s][info][gc,phases,start] GC(938) Phase 4: Move objects
[36.576s][info][gc,phases      ] GC(938) Phase 4: Move objects 1.694ms
[36.576s][info][gc,heap        ] GC(938) DefNew: 156962K(157248K)->41422K(157248K) Eden: 139776K(139776K)->41422K(139776K) From: 17186K(17472K)->0K(17472K)
[36.576s][info][gc,heap        ] GC(938) Tenured: 349554K(349568K)->349554K(349568K)
[36.576s][info][gc,metaspace   ] GC(938) Metaspace: 31030K(31360K)->31030K(31360K) NonClass: 27751K(27904K)->27751K(27904K) Class: 3278K(3456K)->3278K(3456K)
[36.576s][info][gc             ] GC(938) Pause Full (Allocation Failure) 494M->381M(494M) 20.711ms
[36.576s][info][gc,cpu         ] GC(938) User=0.02s Sys=0.00s Real=0.03s
[36.587s][info][gc,start       ] GC(939) Pause Full (Allocation Failure)
[36.587s][info][gc,phases,start] GC(939) Phase 1: Mark live objects
[36.595s][info][gc,phases      ] GC(939) Phase 1: Mark live objects 8.155ms
[36.595s][info][gc,phases,start] GC(939) Phase 2: Compute new object addresses
[36.599s][info][gc,phases      ] GC(939) Phase 2: Compute new object addresses 3.751ms
[36.599s][info][gc,phases,start] GC(939) Phase 3: Adjust pointers
[36.604s][info][gc,phases      ] GC(939) Phase 3: Adjust pointers 5.116ms
[36.604s][info][gc,phases,start] GC(939) Phase 4: Move objects
[36.605s][info][gc,phases      ] GC(939) Phase 4: Move objects 1.080ms
[36.605s][info][gc,heap        ] GC(939) DefNew: 156658K(157248K)->37227K(157248K) Eden: 139776K(139776K)->37227K(139776K) From: 16882K(17472K)->0K(17472K)
[36.605s][info][gc,heap        ] GC(939) Tenured: 349554K(349568K)->349554K(349568K)
[36.605s][info][gc,metaspace   ] GC(939) Metaspace: 31030K(31360K)->31030K(31360K) NonClass: 27751K(27904K)->27751K(27904K) Class: 3278K(3456K)->3278K(3456K)
[36.605s][info][gc             ] GC(939) Pause Full (Allocation Failure) 494M->377M(494M) 18.411ms
[36.605s][info][gc,cpu         ] GC(939) User=0.02s Sys=0.00s Real=0.02s
[36.616s][info][gc,start       ] GC(940) Pause Full (Allocation Failure)
[36.616s][info][gc,phases,start] GC(940) Phase 1: Mark live objects
[36.624s][info][gc,phases      ] GC(940) Phase 1: Mark live objects 7.753ms
[36.624s][info][gc,phases,start] GC(940) Phase 2: Compute new object addresses
[36.628s][info][gc,phases      ] GC(940) Phase 2: Compute new object addresses 3.879ms
[36.628s][info][gc,phases,start] GC(940) Phase 3: Adjust pointers
[36.633s][info][gc,phases      ] GC(940) Phase 3: Adjust pointers 5.003ms
[36.633s][info][gc,phases,start] GC(940) Phase 4: Move objects
[36.634s][info][gc,phases      ] GC(940) Phase 4: Move objects 1.494ms
[36.635s][info][gc,heap        ] GC(940) DefNew: 156457K(157248K)->40932K(157248K) Eden: 139776K(139776K)->40932K(139776K) From: 16681K(17472K)->0K(17472K)
[36.635s][info][gc,heap        ] GC(940) Tenured: 349554K(349568K)->349554K(349568K)
[36.635s][info][gc,metaspace   ] GC(940) Metaspace: 31030K(31360K)->31030K(31360K) NonClass: 27751K(27904K)->27751K(27904K) Class: 3278K(3456K)->3278K(3456K)
[36.635s][info][gc             ] GC(940) Pause Full (Allocation Failure) 494M->381M(494M) 18.425ms
[36.635s][info][gc,cpu         ] GC(940) User=0.02s Sys=0.01s Real=0.01s
[36.645s][info][gc,start       ] GC(941) Pause Full (Allocation Failure)
[36.645s][info][gc,phases,start] GC(941) Phase 1: Mark live objects
[36.653s][info][gc,phases      ] GC(941) Phase 1: Mark live objects 8.086ms
[36.653s][info][gc,phases,start] GC(941) Phase 2: Compute new object addresses
[36.657s][info][gc,phases      ] GC(941) Phase 2: Compute new object addresses 3.709ms
[36.657s][info][gc,phases,start] GC(941) Phase 3: Adjust pointers
[36.662s][info][gc,phases      ] GC(941) Phase 3: Adjust pointers 5.112ms
[36.662s][info][gc,phases,start] GC(941) Phase 4: Move objects
[36.663s][info][gc,phases      ] GC(941) Phase 4: Move objects 1.669ms
[36.664s][info][gc,heap        ] GC(941) DefNew: 157161K(157248K)->43647K(157248K) Eden: 139776K(139776K)->43647K(139776K) From: 17385K(17472K)->0K(17472K)
[36.664s][info][gc,heap        ] GC(941) Tenured: 349554K(349568K)->349554K(349568K)
[36.664s][info][gc,metaspace   ] GC(941) Metaspace: 31030K(31360K)->31030K(31360K) NonClass: 27751K(27904K)->27751K(27904K) Class: 3278K(3456K)->3278K(3456K)
[36.664s][info][gc             ] GC(941) Pause Full (Allocation Failure) 494M->383M(494M) 18.906ms
[36.664s][info][gc,cpu         ] GC(941) User=0.02s Sys=0.01s Real=0.01s
[36.671s][info][gc,start       ] GC(942) Pause Full (Allocation Failure)
[36.671s][info][gc,phases,start] GC(942) Phase 1: Mark live objects
[36.680s][info][gc,phases      ] GC(942) Phase 1: Mark live objects 8.525ms
[36.680s][info][gc,phases,start] GC(942) Phase 2: Compute new object addresses
[36.684s][info][gc,phases      ] GC(942) Phase 2: Compute new object addresses 4.442ms
[36.684s][info][gc,phases,start] GC(942) Phase 3: Adjust pointers
[36.691s][info][gc,phases      ] GC(942) Phase 3: Adjust pointers 6.388ms
[36.691s][info][gc,phases,start] GC(942) Phase 4: Move objects
[36.693s][info][gc,phases      ] GC(942) Phase 4: Move objects 2.209ms
[36.693s][info][gc,heap        ] GC(942) DefNew: 156901K(157248K)->46569K(157248K) Eden: 139776K(139776K)->46569K(139776K) From: 17125K(17472K)->0K(17472K)
[36.693s][info][gc,heap        ] GC(942) Tenured: 349554K(349568K)->349554K(349568K)
[36.693s][info][gc,metaspace   ] GC(942) Metaspace: 31030K(31360K)->31030K(31360K) NonClass: 27751K(27904K)->27751K(27904K) Class: 3278K(3456K)->3278K(3456K)
[36.693s][info][gc             ] GC(942) Pause Full (Allocation Failure) 494M->386M(494M) 21.953ms
[36.693s][info][gc,cpu         ] GC(942) User=0.02s Sys=0.00s Real=0.02s
[36.704s][info][gc,start       ] GC(943) Pause Full (Allocation Failure)
[36.704s][info][gc,phases,start] GC(943) Phase 1: Mark live objects
[36.712s][info][gc,phases      ] GC(943) Phase 1: Mark live objects 8.389ms
[36.712s][info][gc,phases,start] GC(943) Phase 2: Compute new object addresses
[36.716s][info][gc,phases      ] GC(943) Phase 2: Compute new object addresses 3.937ms
[36.716s][info][gc,phases,start] GC(943) Phase 3: Adjust pointers
[36.722s][info][gc,phases      ] GC(943) Phase 3: Adjust pointers 5.835ms
[36.722s][info][gc,phases,start] GC(943) Phase 4: Move objects
[36.723s][info][gc,phases      ] GC(943) Phase 4: Move objects 1.515ms
[36.724s][info][gc,heap        ] GC(943) DefNew: 156323K(157248K)->40839K(157248K) Eden: 139776K(139776K)->40839K(139776K) From: 16547K(17472K)->0K(17472K)
[36.724s][info][gc,heap        ] GC(943) Tenured: 349554K(349568K)->349554K(349568K)
[36.724s][info][gc,metaspace   ] GC(943) Metaspace: 31030K(31360K)->31030K(31360K) NonClass: 27751K(27904K)->27751K(27904K) Class: 3278K(3456K)->3278K(3456K)
[36.724s][info][gc             ] GC(943) Pause Full (Allocation Failure) 494M->381M(494M) 20.091ms
[36.724s][info][gc,cpu         ] GC(943) User=0.02s Sys=0.00s Real=0.02s
[36.734s][info][gc,start       ] GC(944) Pause Full (Allocation Failure)
[36.734s][info][gc,phases,start] GC(944) Phase 1: Mark live objects
[36.743s][info][gc,phases      ] GC(944) Phase 1: Mark live objects 8.357ms
[36.743s][info][gc,phases,start] GC(944) Phase 2: Compute new object addresses
[36.747s][info][gc,phases      ] GC(944) Phase 2: Compute new object addresses 4.067ms
[36.747s][info][gc,phases,start] GC(944) Phase 3: Adjust pointers
[36.753s][info][gc,phases      ] GC(944) Phase 3: Adjust pointers 5.692ms
[36.753s][info][gc,phases,start] GC(944) Phase 4: Move objects
[36.754s][info][gc,phases      ] GC(944) Phase 4: Move objects 1.839ms
[36.755s][info][gc,heap        ] GC(944) DefNew: 156849K(157248K)->43752K(157248K) Eden: 139776K(139776K)->43752K(139776K) From: 17073K(17472K)->0K(17472K)
[36.755s][info][gc,heap        ] GC(944) Tenured: 349554K(349568K)->349554K(349568K)
[36.755s][info][gc,metaspace   ] GC(944) Metaspace: 31030K(31360K)->31030K(31360K) NonClass: 27751K(27904K)->27751K(27904K) Class: 3278K(3456K)->3278K(3456K)
[36.755s][info][gc             ] GC(944) Pause Full (Allocation Failure) 494M->384M(494M) 20.330ms
[36.755s][info][gc,cpu         ] GC(944) User=0.02s Sys=0.00s Real=0.02s
[36.765s][info][gc,start       ] GC(945) Pause Full (Allocation Failure)
[36.765s][info][gc,phases,start] GC(945) Phase 1: Mark live objects
[36.774s][info][gc,phases      ] GC(945) Phase 1: Mark live objects 8.432ms
[36.774s][info][gc,phases,start] GC(945) Phase 2: Compute new object addresses
[36.778s][info][gc,phases      ] GC(945) Phase 2: Compute new object addresses 4.129ms
[36.778s][info][gc,phases,start] GC(945) Phase 3: Adjust pointers
[36.784s][info][gc,phases      ] GC(945) Phase 3: Adjust pointers 5.933ms
[36.784s][info][gc,phases,start] GC(945) Phase 4: Move objects
[36.785s][info][gc,phases      ] GC(945) Phase 4: Move objects 1.604ms
[36.786s][info][gc,heap        ] GC(945) DefNew: 156232K(157248K)->41869K(157248K) Eden: 139776K(139776K)->41869K(139776K) From: 16456K(17472K)->0K(17472K)
[36.786s][info][gc,heap        ] GC(945) Tenured: 349554K(349568K)->349554K(349568K)
[36.786s][info][gc,metaspace   ] GC(945) Metaspace: 31030K(31360K)->31030K(31360K) NonClass: 27751K(27904K)->27751K(27904K) Class: 3278K(3456K)->3278K(3456K)
[36.786s][info][gc             ] GC(945) Pause Full (Allocation Failure) 493M->382M(494M) 20.504ms
[36.786s][info][gc,cpu         ] GC(945) User=0.03s Sys=0.00s Real=0.02s
[36.796s][info][gc,start       ] GC(946) Pause Full (Allocation Failure)
[36.796s][info][gc,phases,start] GC(946) Phase 1: Mark live objects
[36.806s][info][gc,phases      ] GC(946) Phase 1: Mark live objects 9.338ms
[36.806s][info][gc,phases,start] GC(946) Phase 2: Compute new object addresses
[36.810s][info][gc,phases      ] GC(946) Phase 2: Compute new object addresses 4.535ms
[36.810s][info][gc,phases,start] GC(946) Phase 3: Adjust pointers
[36.816s][info][gc,phases      ] GC(946) Phase 3: Adjust pointers 5.940ms
[36.816s][info][gc,phases,start] GC(946) Phase 4: Move objects
[36.818s][info][gc,phases      ] GC(946) Phase 4: Move objects 1.652ms
[36.818s][info][gc,heap        ] GC(946) DefNew: 157207K(157248K)->41932K(157248K) Eden: 139776K(139776K)->41932K(139776K) From: 17431K(17472K)->0K(17472K)
[36.818s][info][gc,heap        ] GC(946) Tenured: 349554K(349568K)->349554K(349568K)
[36.818s][info][gc,metaspace   ] GC(946) Metaspace: 31030K(31360K)->31030K(31360K) NonClass: 27751K(27904K)->27751K(27904K) Class: 3278K(3456K)->3278K(3456K)
[36.818s][info][gc             ] GC(946) Pause Full (Allocation Failure) 494M->382M(494M) 21.891ms
[36.818s][info][gc,cpu         ] GC(946) User=0.03s Sys=0.00s Real=0.02s
[36.829s][info][gc,start       ] GC(947) Pause Full (Allocation Failure)
[36.829s][info][gc,phases,start] GC(947) Phase 1: Mark live objects
[36.838s][info][gc,phases      ] GC(947) Phase 1: Mark live objects 9.035ms
[36.838s][info][gc,phases,start] GC(947) Phase 2: Compute new object addresses
[36.842s][info][gc,phases      ] GC(947) Phase 2: Compute new object addresses 4.017ms
[36.842s][info][gc,phases,start] GC(947) Phase 3: Adjust pointers
[36.848s][info][gc,phases      ] GC(947) Phase 3: Adjust pointers 5.776ms
[36.848s][info][gc,phases,start] GC(947) Phase 4: Move objects
[36.849s][info][gc,phases      ] GC(947) Phase 4: Move objects 1.423ms
[36.850s][info][gc,heap        ] GC(947) DefNew: 156682K(157248K)->38890K(157248K) Eden: 139776K(139776K)->38890K(139776K) From: 16906K(17472K)->0K(17472K)
[36.850s][info][gc,heap        ] GC(947) Tenured: 349554K(349568K)->349554K(349568K)
[36.850s][info][gc,metaspace   ] GC(947) Metaspace: 31030K(31360K)->31030K(31360K) NonClass: 27751K(27904K)->27751K(27904K) Class: 3278K(3456K)->3278K(3456K)
[36.850s][info][gc             ] GC(947) Pause Full (Allocation Failure) 494M->379M(494M) 20.633ms
[36.850s][info][gc,cpu         ] GC(947) User=0.02s Sys=0.00s Real=0.02s
[36.860s][info][gc,start       ] GC(948) Pause Full (Allocation Failure)
[36.860s][info][gc,phases,start] GC(948) Phase 1: Mark live objects
[36.869s][info][gc,phases      ] GC(948) Phase 1: Mark live objects 8.579ms
[36.869s][info][gc,phases,start] GC(948) Phase 2: Compute new object addresses
[36.873s][info][gc,phases      ] GC(948) Phase 2: Compute new object addresses 4.551ms
[36.873s][info][gc,phases,start] GC(948) Phase 3: Adjust pointers
[36.879s][info][gc,phases      ] GC(948) Phase 3: Adjust pointers 6.054ms
[36.879s][info][gc,phases,start] GC(948) Phase 4: Move objects
[36.881s][info][gc,phases      ] GC(948) Phase 4: Move objects 1.771ms
[36.881s][info][gc,heap        ] GC(948) DefNew: 157059K(157248K)->42186K(157248K) Eden: 139776K(139776K)->42186K(139776K) From: 17283K(17472K)->0K(17472K)
[36.881s][info][gc,heap        ] GC(948) Tenured: 349554K(349568K)->349554K(349568K)
[36.881s][info][gc,metaspace   ] GC(948) Metaspace: 31030K(31360K)->31030K(31360K) NonClass: 27751K(27904K)->27751K(27904K) Class: 3278K(3456K)->3278K(3456K)
[36.881s][info][gc             ] GC(948) Pause Full (Allocation Failure) 494M->382M(494M) 21.316ms
[36.881s][info][gc,cpu         ] GC(948) User=0.02s Sys=0.00s Real=0.02s
[36.892s][info][gc,start       ] GC(949) Pause Full (Allocation Failure)
[36.892s][info][gc,phases,start] GC(949) Phase 1: Mark live objects
[36.901s][info][gc,phases      ] GC(949) Phase 1: Mark live objects 8.819ms
[36.901s][info][gc,phases,start] GC(949) Phase 2: Compute new object addresses
[36.905s][info][gc,phases      ] GC(949) Phase 2: Compute new object addresses 3.871ms
[36.905s][info][gc,phases,start] GC(949) Phase 3: Adjust pointers
[36.910s][info][gc,phases      ] GC(949) Phase 3: Adjust pointers 5.157ms
[36.910s][info][gc,phases,start] GC(949) Phase 4: Move objects
[36.911s][info][gc,phases      ] GC(949) Phase 4: Move objects 1.611ms
[36.912s][info][gc,heap        ] GC(949) DefNew: 156753K(157248K)->41971K(157248K) Eden: 139776K(139776K)->41971K(139776K) From: 16977K(17472K)->0K(17472K)
[36.912s][info][gc,heap        ] GC(949) Tenured: 349554K(349568K)->349554K(349568K)
[36.912s][info][gc,metaspace   ] GC(949) Metaspace: 31030K(31360K)->31030K(31360K) NonClass: 27751K(27904K)->27751K(27904K) Class: 3278K(3456K)->3278K(3456K)
[36.912s][info][gc             ] GC(949) Pause Full (Allocation Failure) 494M->382M(494M) 19.789ms
[36.912s][info][gc,cpu         ] GC(949) User=0.02s Sys=0.00s Real=0.02s
[36.917s][info][gc,start       ] GC(950) Pause Full (Allocation Failure)
[36.917s][info][gc,phases,start] GC(950) Phase 1: Mark live objects
[36.925s][info][gc,phases      ] GC(950) Phase 1: Mark live objects 8.084ms
[36.925s][info][gc,phases,start] GC(950) Phase 2: Compute new object addresses
[36.930s][info][gc,phases      ] GC(950) Phase 2: Compute new object addresses 4.105ms
[36.930s][info][gc,phases,start] GC(950) Phase 3: Adjust pointers
[36.935s][info][gc,phases      ] GC(950) Phase 3: Adjust pointers 5.713ms
[36.935s][info][gc,phases,start] GC(950) Phase 4: Move objects
[36.937s][info][gc,phases      ] GC(950) Phase 4: Move objects 1.969ms
[36.938s][info][gc,heap        ] GC(950) DefNew: 157229K(157248K)->45961K(157248K) Eden: 139776K(139776K)->45961K(139776K) From: 17453K(17472K)->0K(17472K)
[36.938s][info][gc,heap        ] GC(950) Tenured: 349554K(349568K)->349554K(349568K)
[36.938s][info][gc,metaspace   ] GC(950) Metaspace: 31030K(31360K)->31030K(31360K) NonClass: 27751K(27904K)->27751K(27904K) Class: 3278K(3456K)->3278K(3456K)
[36.938s][info][gc             ] GC(950) Pause Full (Allocation Failure) 494M->386M(494M) 20.265ms
[36.938s][info][gc,cpu         ] GC(950) User=0.02s Sys=0.00s Real=0.02s
[36.948s][info][gc,start       ] GC(951) Pause Full (Allocation Failure)
[36.948s][info][gc,phases,start] GC(951) Phase 1: Mark live objects
[36.957s][info][gc,phases      ] GC(951) Phase 1: Mark live objects 8.611ms
[36.957s][info][gc,phases,start] GC(951) Phase 2: Compute new object addresses
[36.961s][info][gc,phases      ] GC(951) Phase 2: Compute new object addresses 3.947ms
[36.961s][info][gc,phases,start] GC(951) Phase 3: Adjust pointers
[36.966s][info][gc,phases      ] GC(951) Phase 3: Adjust pointers 5.353ms
[36.966s][info][gc,phases,start] GC(951) Phase 4: Move objects
[36.969s][info][gc,phases      ] GC(951) Phase 4: Move objects 3.090ms
[36.970s][info][gc,heap        ] GC(951) DefNew: 156647K(157248K)->40389K(157248K) Eden: 139776K(139776K)->40389K(139776K) From: 16871K(17472K)->0K(17472K)
[36.970s][info][gc,heap        ] GC(951) Tenured: 349554K(349568K)->349554K(349568K)
[36.970s][info][gc,metaspace   ] GC(951) Metaspace: 31030K(31360K)->31030K(31360K) NonClass: 27751K(27904K)->27751K(27904K) Class: 3278K(3456K)->3278K(3456K)
[36.970s][info][gc             ] GC(951) Pause Full (Allocation Failure) 494M->380M(494M) 21.379ms
[36.970s][info][gc,cpu         ] GC(951) User=0.02s Sys=0.00s Real=0.02s
[36.975s][info][gc,start       ] GC(952) Pause Full (Allocation Failure)
[36.975s][info][gc,phases,start] GC(952) Phase 1: Mark live objects
[36.984s][info][gc,phases      ] GC(952) Phase 1: Mark live objects 8.957ms
[36.984s][info][gc,phases,start] GC(952) Phase 2: Compute new object addresses
[36.988s][info][gc,phases      ] GC(952) Phase 2: Compute new object addresses 3.954ms
[36.988s][info][gc,phases,start] GC(952) Phase 3: Adjust pointers
[36.993s][info][gc,phases      ] GC(952) Phase 3: Adjust pointers 5.436ms
[36.993s][info][gc,phases,start] GC(952) Phase 4: Move objects
[36.996s][info][gc,phases      ] GC(952) Phase 4: Move objects 2.667ms
[36.996s][info][gc,heap        ] GC(952) DefNew: 156993K(157248K)->51185K(157248K) Eden: 139776K(139776K)->51185K(139776K) From: 17217K(17472K)->0K(17472K)
[36.996s][info][gc,heap        ] GC(952) Tenured: 349554K(349568K)->349554K(349568K)
[36.996s][info][gc,metaspace   ] GC(952) Metaspace: 31030K(31360K)->31030K(31360K) NonClass: 27751K(27904K)->27751K(27904K) Class: 3278K(3456K)->3278K(3456K)
[36.996s][info][gc             ] GC(952) Pause Full (Allocation Failure) 494M->391M(494M) 21.414ms
[36.996s][info][gc,cpu         ] GC(952) User=0.01s Sys=0.01s Real=0.03s
[37.007s][info][gc,start       ] GC(953) Pause Full (Allocation Failure)
[37.007s][info][gc,phases,start] GC(953) Phase 1: Mark live objects
[37.016s][info][gc,phases      ] GC(953) Phase 1: Mark live objects 9.459ms
[37.016s][info][gc,phases,start] GC(953) Phase 2: Compute new object addresses
[37.020s][info][gc,phases      ] GC(953) Phase 2: Compute new object addresses 3.974ms
[37.020s][info][gc,phases,start] GC(953) Phase 3: Adjust pointers
[37.026s][info][gc,phases      ] GC(953) Phase 3: Adjust pointers 6.135ms
[37.026s][info][gc,phases,start] GC(953) Phase 4: Move objects
[37.029s][info][gc,phases      ] GC(953) Phase 4: Move objects 2.338ms
[37.029s][info][gc,heap        ] GC(953) DefNew: 156472K(157248K)->50062K(157248K) Eden: 139776K(139776K)->50062K(139776K) From: 16696K(17472K)->0K(17472K)
[37.029s][info][gc,heap        ] GC(953) Tenured: 349554K(349568K)->349554K(349568K)
[37.029s][info][gc,metaspace   ] GC(953) Metaspace: 31030K(31360K)->31030K(31360K) NonClass: 27751K(27904K)->27751K(27904K) Class: 3278K(3456K)->3278K(3456K)
[37.029s][info][gc             ] GC(953) Pause Full (Allocation Failure) 494M->390M(494M) 22.308ms
[37.029s][info][gc,cpu         ] GC(953) User=0.02s Sys=0.00s Real=0.02s
[37.037s][info][gc,start       ] GC(954) Pause Full (Allocation Failure)
[37.037s][info][gc,phases,start] GC(954) Phase 1: Mark live objects
[37.045s][info][gc,phases      ] GC(954) Phase 1: Mark live objects 8.273ms
[37.045s][info][gc,phases,start] GC(954) Phase 2: Compute new object addresses
[37.049s][info][gc,phases      ] GC(954) Phase 2: Compute new object addresses 3.961ms
[37.049s][info][gc,phases,start] GC(954) Phase 3: Adjust pointers
[37.055s][info][gc,phases      ] GC(954) Phase 3: Adjust pointers 5.694ms
[37.055s][info][gc,phases,start] GC(954) Phase 4: Move objects
[37.058s][info][gc,phases      ] GC(954) Phase 4: Move objects 2.596ms
[37.058s][info][gc,heap        ] GC(954) DefNew: 157247K(157248K)->53965K(157248K) Eden: 139776K(139776K)->53965K(139776K) From: 17471K(17472K)->0K(17472K)
[37.058s][info][gc,heap        ] GC(954) Tenured: 349561K(349568K)->349561K(349568K)
[37.058s][info][gc,metaspace   ] GC(954) Metaspace: 31030K(31360K)->31030K(31360K) NonClass: 27751K(27904K)->27751K(27904K) Class: 3278K(3456K)->3278K(3456K)
[37.058s][info][gc             ] GC(954) Pause Full (Allocation Failure) 494M->394M(494M) 20.931ms
[37.058s][info][gc,cpu         ] GC(954) User=0.02s Sys=0.00s Real=0.02s
[37.065s][info][gc,start       ] GC(955) Pause Full (Allocation Failure)
[37.065s][info][gc,phases,start] GC(955) Phase 1: Mark live objects
[37.074s][info][gc,phases      ] GC(955) Phase 1: Mark live objects 9.015ms
[37.074s][info][gc,phases,start] GC(955) Phase 2: Compute new object addresses
[37.078s][info][gc,phases      ] GC(955) Phase 2: Compute new object addresses 3.700ms
[37.078s][info][gc,phases,start] GC(955) Phase 3: Adjust pointers
[37.084s][info][gc,phases      ] GC(955) Phase 3: Adjust pointers 5.914ms
[37.084s][info][gc,phases,start] GC(955) Phase 4: Move objects
[37.087s][info][gc,phases      ] GC(955) Phase 4: Move objects 2.928ms
[37.087s][info][gc,heap        ] GC(955) DefNew: 157156K(157248K)->58372K(157248K) Eden: 139776K(139776K)->58372K(139776K) From: 17380K(17472K)->0K(17472K)
[37.087s][info][gc,heap        ] GC(955) Tenured: 349561K(349568K)->349554K(349568K)
[37.087s][info][gc,metaspace   ] GC(955) Metaspace: 31030K(31360K)->31030K(31360K) NonClass: 27751K(27904K)->27751K(27904K) Class: 3278K(3456K)->3278K(3456K)
[37.087s][info][gc             ] GC(955) Pause Full (Allocation Failure) 494M->398M(494M) 21.914ms
[37.087s][info][gc,cpu         ] GC(955) User=0.03s Sys=0.00s Real=0.02s
[37.098s][info][gc,start       ] GC(956) Pause Full (Allocation Failure)
[37.098s][info][gc,phases,start] GC(956) Phase 1: Mark live objects
[37.106s][info][gc,phases      ] GC(956) Phase 1: Mark live objects 7.859ms
[37.106s][info][gc,phases,start] GC(956) Phase 2: Compute new object addresses
[37.110s][info][gc,phases      ] GC(956) Phase 2: Compute new object addresses 3.619ms
[37.110s][info][gc,phases,start] GC(956) Phase 3: Adjust pointers
[37.115s][info][gc,phases      ] GC(956) Phase 3: Adjust pointers 5.436ms
[37.115s][info][gc,phases,start] GC(956) Phase 4: Move objects
[37.117s][info][gc,phases      ] GC(956) Phase 4: Move objects 2.158ms
[37.117s][info][gc,heap        ] GC(956) DefNew: 156494K(157248K)->47713K(157248K) Eden: 139776K(139776K)->47713K(139776K) From: 16718K(17472K)->0K(17472K)
[37.117s][info][gc,heap        ] GC(956) Tenured: 349554K(349568K)->349554K(349568K)
[37.117s][info][gc,metaspace   ] GC(956) Metaspace: 31037K(31360K)->31037K(31360K) NonClass: 27758K(27904K)->27758K(27904K) Class: 3278K(3456K)->3278K(3456K)
[37.117s][info][gc             ] GC(956) Pause Full (Allocation Failure) 494M->387M(494M) 19.470ms
[37.118s][info][gc,cpu         ] GC(956) User=0.02s Sys=0.00s Real=0.02s
[37.126s][info][gc,start       ] GC(957) Pause Full (Allocation Failure)
[37.126s][info][gc,phases,start] GC(957) Phase 1: Mark live objects
[37.135s][info][gc,phases      ] GC(957) Phase 1: Mark live objects 9.393ms
[37.135s][info][gc,phases,start] GC(957) Phase 2: Compute new object addresses
[37.139s][info][gc,phases      ] GC(957) Phase 2: Compute new object addresses 4.129ms
[37.140s][info][gc,phases,start] GC(957) Phase 3: Adjust pointers
[37.147s][info][gc,phases      ] GC(957) Phase 3: Adjust pointers 7.528ms
[37.147s][info][gc,phases,start] GC(957) Phase 4: Move objects
[37.149s][info][gc,phases      ] GC(957) Phase 4: Move objects 2.023ms
[37.149s][info][gc,heap        ] GC(957) DefNew: 157221K(157248K)->51667K(157248K) Eden: 139776K(139776K)->51667K(139776K) From: 17445K(17472K)->0K(17472K)
[37.149s][info][gc,heap        ] GC(957) Tenured: 349554K(349568K)->349554K(349568K)
[37.149s][info][gc,metaspace   ] GC(957) Metaspace: 31037K(31360K)->31037K(31360K) NonClass: 27758K(27904K)->27758K(27904K) Class: 3278K(3456K)->3278K(3456K)
[37.149s][info][gc             ] GC(957) Pause Full (Allocation Failure) 494M->391M(494M) 23.540ms
[37.149s][info][gc,cpu         ] GC(957) User=0.02s Sys=0.00s Real=0.02s
[37.160s][info][gc,start       ] GC(958) Pause Full (Allocation Failure)
[37.160s][info][gc,phases,start] GC(958) Phase 1: Mark live objects
[37.168s][info][gc,phases      ] GC(958) Phase 1: Mark live objects 8.256ms
[37.168s][info][gc,phases,start] GC(958) Phase 2: Compute new object addresses
[37.172s][info][gc,phases      ] GC(958) Phase 2: Compute new object addresses 3.657ms
[37.172s][info][gc,phases,start] GC(958) Phase 3: Adjust pointers
[37.177s][info][gc,phases      ] GC(958) Phase 3: Adjust pointers 5.011ms
[37.177s][info][gc,phases,start] GC(958) Phase 4: Move objects
[37.179s][info][gc,phases      ] GC(958) Phase 4: Move objects 1.663ms
[37.179s][info][gc,heap        ] GC(958) DefNew: 156893K(157248K)->45660K(157248K) Eden: 139776K(139776K)->45660K(139776K) From: 17117K(17472K)->0K(17472K)
[37.179s][info][gc,heap        ] GC(958) Tenured: 349554K(349568K)->349554K(349568K)
[37.179s][info][gc,metaspace   ] GC(958) Metaspace: 31037K(31360K)->31037K(31360K) NonClass: 27758K(27904K)->27758K(27904K) Class: 3278K(3456K)->3278K(3456K)
[37.179s][info][gc             ] GC(958) Pause Full (Allocation Failure) 494M->385M(494M) 18.900ms
[37.179s][info][gc,cpu         ] GC(958) User=0.02s Sys=0.00s Real=0.02s
[37.189s][info][gc,start       ] GC(959) Pause Full (Allocation Failure)
[37.189s][info][gc,phases,start] GC(959) Phase 1: Mark live objects
[37.197s][info][gc,phases      ] GC(959) Phase 1: Mark live objects 7.987ms
[37.197s][info][gc,phases,start] GC(959) Phase 2: Compute new object addresses
[37.201s][info][gc,phases      ] GC(959) Phase 2: Compute new object addresses 3.775ms
[37.201s][info][gc,phases,start] GC(959) Phase 3: Adjust pointers
[37.206s][info][gc,phases      ] GC(959) Phase 3: Adjust pointers 5.277ms
[37.206s][info][gc,phases,start] GC(959) Phase 4: Move objects
[37.209s][info][gc,phases      ] GC(959) Phase 4: Move objects 2.267ms
[37.209s][info][gc,heap        ] GC(959) DefNew: 156366K(157248K)->48846K(157248K) Eden: 139776K(139776K)->48846K(139776K) From: 16590K(17472K)->0K(17472K)
[37.209s][info][gc,heap        ] GC(959) Tenured: 349554K(349568K)->349554K(349568K)
[37.209s][info][gc,metaspace   ] GC(959) Metaspace: 31037K(31360K)->31037K(31360K) NonClass: 27758K(27904K)->27758K(27904K) Class: 3278K(3456K)->3278K(3456K)
[37.209s][info][gc             ] GC(959) Pause Full (Allocation Failure) 494M->389M(494M) 19.648ms
[37.209s][info][gc,cpu         ] GC(959) User=0.02s Sys=0.00s Real=0.02s
[37.220s][info][gc,start       ] GC(960) Pause Full (Allocation Failure)
[37.220s][info][gc,phases,start] GC(960) Phase 1: Mark live objects
[37.228s][info][gc,phases      ] GC(960) Phase 1: Mark live objects 7.773ms
[37.228s][info][gc,phases,start] GC(960) Phase 2: Compute new object addresses
[37.231s][info][gc,phases      ] GC(960) Phase 2: Compute new object addresses 3.779ms
[37.231s][info][gc,phases,start] GC(960) Phase 3: Adjust pointers
[37.237s][info][gc,phases      ] GC(960) Phase 3: Adjust pointers 5.586ms
[37.237s][info][gc,phases,start] GC(960) Phase 4: Move objects
[37.241s][info][gc,phases      ] GC(960) Phase 4: Move objects 3.884ms
[37.241s][info][gc,heap        ] GC(960) DefNew: 156562K(157248K)->46447K(157248K) Eden: 139776K(139776K)->46447K(139776K) From: 16786K(17472K)->0K(17472K)
[37.241s][info][gc,heap        ] GC(960) Tenured: 349554K(349568K)->349554K(349568K)
[37.241s][info][gc,metaspace   ] GC(960) Metaspace: 31037K(31360K)->31037K(31360K) NonClass: 27758K(27904K)->27758K(27904K) Class: 3278K(3456K)->3278K(3456K)
[37.241s][info][gc             ] GC(960) Pause Full (Allocation Failure) 494M->386M(494M) 21.428ms
[37.241s][info][gc,cpu         ] GC(960) User=0.02s Sys=0.00s Real=0.02s
[37.251s][info][gc,start       ] GC(961) Pause Full (Allocation Failure)
[37.251s][info][gc,phases,start] GC(961) Phase 1: Mark live objects
[37.260s][info][gc,phases      ] GC(961) Phase 1: Mark live objects 8.885ms
[37.260s][info][gc,phases,start] GC(961) Phase 2: Compute new object addresses
[37.264s][info][gc,phases      ] GC(961) Phase 2: Compute new object addresses 4.389ms
[37.264s][info][gc,phases,start] GC(961) Phase 3: Adjust pointers
[37.271s][info][gc,phases      ] GC(961) Phase 3: Adjust pointers 7.000ms
[37.271s][info][gc,phases,start] GC(961) Phase 4: Move objects
[37.277s][info][gc,phases      ] GC(961) Phase 4: Move objects 5.271ms
[37.277s][info][gc,heap        ] GC(961) DefNew: 157114K(157248K)->50879K(157248K) Eden: 139776K(139776K)->50879K(139776K) From: 17338K(17472K)->0K(17472K)
[37.277s][info][gc,heap        ] GC(961) Tenured: 349554K(349568K)->349554K(349568K)
[37.277s][info][gc,metaspace   ] GC(961) Metaspace: 31037K(31360K)->31037K(31360K) NonClass: 27758K(27904K)->27758K(27904K) Class: 3278K(3456K)->3278K(3456K)
[37.277s][info][gc             ] GC(961) Pause Full (Allocation Failure) 494M->391M(494M) 26.005ms
[37.277s][info][gc,cpu         ] GC(961) User=0.03s Sys=0.00s Real=0.03s
[37.286s][info][gc,start       ] GC(962) Pause Full (Allocation Failure)
[37.286s][info][gc,phases,start] GC(962) Phase 1: Mark live objects
[37.295s][info][gc,phases      ] GC(962) Phase 1: Mark live objects 8.929ms
[37.295s][info][gc,phases,start] GC(962) Phase 2: Compute new object addresses
[37.299s][info][gc,phases      ] GC(962) Phase 2: Compute new object addresses 3.939ms
[37.299s][info][gc,phases,start] GC(962) Phase 3: Adjust pointers
[37.305s][info][gc,phases      ] GC(962) Phase 3: Adjust pointers 6.285ms
[37.305s][info][gc,phases,start] GC(962) Phase 4: Move objects
[37.307s][info][gc,phases      ] GC(962) Phase 4: Move objects 1.810ms
[37.307s][info][gc,heap        ] GC(962) DefNew: 157003K(157248K)->53479K(157248K) Eden: 139776K(139776K)->53479K(139776K) From: 17227K(17472K)->0K(17472K)
[37.307s][info][gc,heap        ] GC(962) Tenured: 349554K(349568K)->349554K(349568K)
[37.307s][info][gc,metaspace   ] GC(962) Metaspace: 31037K(31360K)->31037K(31360K) NonClass: 27758K(27904K)->27758K(27904K) Class: 3278K(3456K)->3278K(3456K)
[37.307s][info][gc             ] GC(962) Pause Full (Allocation Failure) 494M->393M(494M) 21.389ms
[37.307s][info][gc,cpu         ] GC(962) User=0.02s Sys=0.00s Real=0.02s
[37.317s][info][gc,start       ] GC(963) Pause Full (Allocation Failure)
[37.317s][info][gc,phases,start] GC(963) Phase 1: Mark live objects
[37.326s][info][gc,phases      ] GC(963) Phase 1: Mark live objects 8.559ms
[37.326s][info][gc,phases,start] GC(963) Phase 2: Compute new object addresses
[37.330s][info][gc,phases      ] GC(963) Phase 2: Compute new object addresses 4.099ms
[37.330s][info][gc,phases,start] GC(963) Phase 3: Adjust pointers
[37.336s][info][gc,phases      ] GC(963) Phase 3: Adjust pointers 5.863ms
[37.336s][info][gc,phases,start] GC(963) Phase 4: Move objects
[37.339s][info][gc,phases      ] GC(963) Phase 4: Move objects 3.444ms
[37.339s][info][gc,heap        ] GC(963) DefNew: 157117K(157248K)->49253K(157248K) Eden: 139776K(139776K)->49253K(139776K) From: 17341K(17472K)->0K(17472K)
[37.339s][info][gc,heap        ] GC(963) Tenured: 349554K(349568K)->349554K(349568K)
[37.339s][info][gc,metaspace   ] GC(963) Metaspace: 31037K(31360K)->31037K(31360K) NonClass: 27758K(27904K)->27758K(27904K) Class: 3278K(3456K)->3278K(3456K)
[37.339s][info][gc             ] GC(963) Pause Full (Allocation Failure) 494M->389M(494M) 22.364ms
[37.339s][info][gc,cpu         ] GC(963) User=0.02s Sys=0.00s Real=0.02s
[37.350s][info][gc,start       ] GC(964) Pause Full (Allocation Failure)
[37.350s][info][gc,phases,start] GC(964) Phase 1: Mark live objects
[37.360s][info][gc,phases      ] GC(964) Phase 1: Mark live objects 9.614ms
[37.360s][info][gc,phases,start] GC(964) Phase 2: Compute new object addresses
[37.364s][info][gc,phases      ] GC(964) Phase 2: Compute new object addresses 3.922ms
[37.364s][info][gc,phases,start] GC(964) Phase 3: Adjust pointers
[37.369s][info][gc,phases      ] GC(964) Phase 3: Adjust pointers 5.758ms
[37.370s][info][gc,phases,start] GC(964) Phase 4: Move objects
[37.371s][info][gc,phases      ] GC(964) Phase 4: Move objects 1.363ms
[37.371s][info][gc,heap        ] GC(964) DefNew: 156650K(157248K)->46788K(157248K) Eden: 139776K(139776K)->46788K(139776K) From: 16874K(17472K)->0K(17472K)
[37.371s][info][gc,heap        ] GC(964) Tenured: 349554K(349568K)->349554K(349568K)
[37.371s][info][gc,metaspace   ] GC(964) Metaspace: 31037K(31360K)->31037K(31360K) NonClass: 27758K(27904K)->27758K(27904K) Class: 3278K(3456K)->3278K(3456K)
[37.371s][info][gc             ] GC(964) Pause Full (Allocation Failure) 494M->387M(494M) 21.039ms
[37.371s][info][gc,cpu         ] GC(964) User=0.01s Sys=0.00s Real=0.02s
[37.382s][info][gc,start       ] GC(965) Pause Full (Allocation Failure)
[37.382s][info][gc,phases,start] GC(965) Phase 1: Mark live objects
[37.391s][info][gc,phases      ] GC(965) Phase 1: Mark live objects 9.233ms
[37.391s][info][gc,phases,start] GC(965) Phase 2: Compute new object addresses
[37.395s][info][gc,phases      ] GC(965) Phase 2: Compute new object addresses 4.213ms
[37.395s][info][gc,phases,start] GC(965) Phase 3: Adjust pointers
[37.401s][info][gc,phases      ] GC(965) Phase 3: Adjust pointers 5.779ms
[37.401s][info][gc,phases,start] GC(965) Phase 4: Move objects
[37.402s][info][gc,phases      ] GC(965) Phase 4: Move objects 1.190ms
[37.402s][info][gc,heap        ] GC(965) DefNew: 156907K(157248K)->48751K(157248K) Eden: 139776K(139776K)->48751K(139776K) From: 17131K(17472K)->0K(17472K)
[37.402s][info][gc,heap        ] GC(965) Tenured: 349554K(349568K)->349554K(349568K)
[37.402s][info][gc,metaspace   ] GC(965) Metaspace: 31037K(31360K)->31037K(31360K) NonClass: 27758K(27904K)->27758K(27904K) Class: 3278K(3456K)->3278K(3456K)
[37.402s][info][gc             ] GC(965) Pause Full (Allocation Failure) 494M->388M(494M) 20.880ms
[37.402s][info][gc,cpu         ] GC(965) User=0.02s Sys=0.00s Real=0.02s
[37.408s][info][gc,start       ] GC(966) Pause Full (Allocation Failure)
[37.408s][info][gc,phases,start] GC(966) Phase 1: Mark live objects
[37.416s][info][gc,phases      ] GC(966) Phase 1: Mark live objects 7.976ms
[37.416s][info][gc,phases,start] GC(966) Phase 2: Compute new object addresses
[37.421s][info][gc,phases      ] GC(966) Phase 2: Compute new object addresses 4.301ms
[37.421s][info][gc,phases,start] GC(966) Phase 3: Adjust pointers
[37.428s][info][gc,phases      ] GC(966) Phase 3: Adjust pointers 7.322ms
[37.428s][info][gc,phases,start] GC(966) Phase 4: Move objects
[37.430s][info][gc,phases      ] GC(966) Phase 4: Move objects 2.182ms
[37.430s][info][gc,heap        ] GC(966) DefNew: 157067K(157248K)->55515K(157248K) Eden: 139776K(139776K)->55515K(139776K) From: 17291K(17472K)->0K(17472K)
[37.430s][info][gc,heap        ] GC(966) Tenured: 349554K(349568K)->349554K(349568K)
[37.430s][info][gc,metaspace   ] GC(966) Metaspace: 31037K(31360K)->31037K(31360K) NonClass: 27758K(27904K)->27758K(27904K) Class: 3278K(3456K)->3278K(3456K)
[37.430s][info][gc             ] GC(966) Pause Full (Allocation Failure) 494M->395M(494M) 22.158ms
[37.430s][info][gc,cpu         ] GC(966) User=0.02s Sys=0.00s Real=0.02s
[37.442s][info][gc,start       ] GC(967) Pause Full (Allocation Failure)
[37.442s][info][gc,phases,start] GC(967) Phase 1: Mark live objects
[37.450s][info][gc,phases      ] GC(967) Phase 1: Mark live objects 8.639ms
[37.451s][info][gc,phases,start] GC(967) Phase 2: Compute new object addresses
[37.454s][info][gc,phases      ] GC(967) Phase 2: Compute new object addresses 3.800ms
[37.454s][info][gc,phases,start] GC(967) Phase 3: Adjust pointers
[37.460s][info][gc,phases      ] GC(967) Phase 3: Adjust pointers 5.636ms
[37.460s][info][gc,phases,start] GC(967) Phase 4: Move objects
[37.462s][info][gc,phases      ] GC(967) Phase 4: Move objects 1.594ms
[37.462s][info][gc,heap        ] GC(967) DefNew: 157115K(157248K)->51422K(157248K) Eden: 139776K(139776K)->51422K(139776K) From: 17339K(17472K)->0K(17472K)
[37.462s][info][gc,heap        ] GC(967) Tenured: 349554K(349568K)->349554K(349568K)
[37.462s][info][gc,metaspace   ] GC(967) Metaspace: 31037K(31360K)->31037K(31360K) NonClass: 27758K(27904K)->27758K(27904K) Class: 3278K(3456K)->3278K(3456K)
[37.462s][info][gc             ] GC(967) Pause Full (Allocation Failure) 494M->391M(494M) 20.010ms
[37.462s][info][gc,cpu         ] GC(967) User=0.02s Sys=0.00s Real=0.02s
[37.473s][info][gc,start       ] GC(968) Pause Full (Allocation Failure)
[37.473s][info][gc,phases,start] GC(968) Phase 1: Mark live objects
[37.481s][info][gc,phases      ] GC(968) Phase 1: Mark live objects 8.313ms
[37.481s][info][gc,phases,start] GC(968) Phase 2: Compute new object addresses
[37.485s][info][gc,phases      ] GC(968) Phase 2: Compute new object addresses 3.555ms
[37.485s][info][gc,phases,start] GC(968) Phase 3: Adjust pointers
[37.490s][info][gc,phases      ] GC(968) Phase 3: Adjust pointers 5.232ms
[37.490s][info][gc,phases,start] GC(968) Phase 4: Move objects
[37.491s][info][gc,phases      ] GC(968) Phase 4: Move objects 1.193ms
[37.491s][info][gc,heap        ] GC(968) DefNew: 157164K(157248K)->46948K(157248K) Eden: 139776K(139776K)->46948K(139776K) From: 17388K(17472K)->0K(17472K)
[37.491s][info][gc,heap        ] GC(968) Tenured: 349554K(349568K)->349554K(349568K)
[37.491s][info][gc,metaspace   ] GC(968) Metaspace: 31037K(31360K)->31037K(31360K) NonClass: 27758K(27904K)->27758K(27904K) Class: 3278K(3456K)->3278K(3456K)
[37.491s][info][gc             ] GC(968) Pause Full (Allocation Failure) 494M->387M(494M) 18.647ms
[37.491s][info][gc,cpu         ] GC(968) User=0.01s Sys=0.00s Real=0.02s
[37.502s][info][gc,start       ] GC(969) Pause Full (Allocation Failure)
[37.502s][info][gc,phases,start] GC(969) Phase 1: Mark live objects
[37.510s][info][gc,phases      ] GC(969) Phase 1: Mark live objects 7.987ms
[37.510s][info][gc,phases,start] GC(969) Phase 2: Compute new object addresses
[37.514s][info][gc,phases      ] GC(969) Phase 2: Compute new object addresses 3.977ms
[37.514s][info][gc,phases,start] GC(969) Phase 3: Adjust pointers
[37.520s][info][gc,phases      ] GC(969) Phase 3: Adjust pointers 6.126ms
[37.520s][info][gc,phases,start] GC(969) Phase 4: Move objects
[37.522s][info][gc,phases      ] GC(969) Phase 4: Move objects 1.521ms
[37.522s][info][gc,heap        ] GC(969) DefNew: 156437K(157248K)->49627K(157248K) Eden: 139776K(139776K)->49627K(139776K) From: 16661K(17472K)->0K(17472K)
[37.522s][info][gc,heap        ] GC(969) Tenured: 349554K(349568K)->349554K(349568K)
[37.522s][info][gc,metaspace   ] GC(969) Metaspace: 31038K(31360K)->31038K(31360K) NonClass: 27759K(27904K)->27759K(27904K) Class: 3278K(3456K)->3278K(3456K)
[37.522s][info][gc             ] GC(969) Pause Full (Allocation Failure) 494M->389M(494M) 19.964ms
[37.522s][info][gc,cpu         ] GC(969) User=0.02s Sys=0.00s Real=0.02s
[37.532s][info][gc,start       ] GC(970) Pause Full (Allocation Failure)
[37.532s][info][gc,phases,start] GC(970) Phase 1: Mark live objects
[37.540s][info][gc,phases      ] GC(970) Phase 1: Mark live objects 8.189ms
[37.540s][info][gc,phases,start] GC(970) Phase 2: Compute new object addresses
[37.544s][info][gc,phases      ] GC(970) Phase 2: Compute new object addresses 3.567ms
[37.544s][info][gc,phases,start] GC(970) Phase 3: Adjust pointers
[37.549s][info][gc,phases      ] GC(970) Phase 3: Adjust pointers 5.207ms
[37.549s][info][gc,phases,start] GC(970) Phase 4: Move objects
[37.551s][info][gc,phases      ] GC(970) Phase 4: Move objects 1.367ms
[37.551s][info][gc,heap        ] GC(970) DefNew: 156843K(157248K)->50306K(157248K) Eden: 139776K(139776K)->50306K(139776K) From: 17067K(17472K)->0K(17472K)
[37.551s][info][gc,heap        ] GC(970) Tenured: 349554K(349568K)->349554K(349568K)
[37.551s][info][gc,metaspace   ] GC(970) Metaspace: 31038K(31360K)->31038K(31360K) NonClass: 27759K(27904K)->27759K(27904K) Class: 3278K(3456K)->3278K(3456K)
[37.551s][info][gc             ] GC(970) Pause Full (Allocation Failure) 494M->390M(494M) 18.652ms
[37.551s][info][gc,cpu         ] GC(970) User=0.02s Sys=0.00s Real=0.02s
[37.561s][info][gc,start       ] GC(971) Pause Full (Allocation Failure)
[37.561s][info][gc,phases,start] GC(971) Phase 1: Mark live objects
[37.569s][info][gc,phases      ] GC(971) Phase 1: Mark live objects 7.906ms
[37.569s][info][gc,phases,start] GC(971) Phase 2: Compute new object addresses
[37.573s][info][gc,phases      ] GC(971) Phase 2: Compute new object addresses 3.927ms
[37.573s][info][gc,phases,start] GC(971) Phase 3: Adjust pointers
[37.579s][info][gc,phases      ] GC(971) Phase 3: Adjust pointers 5.802ms
[37.579s][info][gc,phases,start] GC(971) Phase 4: Move objects
[37.581s][info][gc,phases      ] GC(971) Phase 4: Move objects 1.600ms
[37.581s][info][gc,heap        ] GC(971) DefNew: 157187K(157248K)->50651K(157248K) Eden: 139776K(139776K)->50651K(139776K) From: 17411K(17472K)->0K(17472K)
[37.581s][info][gc,heap        ] GC(971) Tenured: 349554K(349568K)->349554K(349568K)
[37.581s][info][gc,metaspace   ] GC(971) Metaspace: 31038K(31360K)->31038K(31360K) NonClass: 27759K(27904K)->27759K(27904K) Class: 3278K(3456K)->3278K(3456K)
[37.581s][info][gc             ] GC(971) Pause Full (Allocation Failure) 494M->390M(494M) 19.602ms
[37.581s][info][gc,cpu         ] GC(971) User=0.02s Sys=0.00s Real=0.02s
[37.590s][info][gc,start       ] GC(972) Pause Full (Allocation Failure)
[37.590s][info][gc,phases,start] GC(972) Phase 1: Mark live objects
[37.599s][info][gc,phases      ] GC(972) Phase 1: Mark live objects 8.351ms
[37.599s][info][gc,phases,start] GC(972) Phase 2: Compute new object addresses
[37.602s][info][gc,phases      ] GC(972) Phase 2: Compute new object addresses 3.823ms
[37.602s][info][gc,phases,start] GC(972) Phase 3: Adjust pointers
[37.608s][info][gc,phases      ] GC(972) Phase 3: Adjust pointers 5.643ms
[37.608s][info][gc,phases,start] GC(972) Phase 4: Move objects
[37.610s][info][gc,phases      ] GC(972) Phase 4: Move objects 1.703ms
[37.610s][info][gc,heap        ] GC(972) DefNew: 157006K(157248K)->53234K(157248K) Eden: 139776K(139776K)->53234K(139776K) From: 17230K(17472K)->0K(17472K)
[37.610s][info][gc,heap        ] GC(972) Tenured: 349554K(349568K)->349554K(349568K)
[37.610s][info][gc,metaspace   ] GC(972) Metaspace: 31038K(31360K)->31038K(31360K) NonClass: 27759K(27904K)->27759K(27904K) Class: 3278K(3456K)->3278K(3456K)
[37.610s][info][gc             ] GC(972) Pause Full (Allocation Failure) 494M->393M(494M) 19.891ms
[37.610s][info][gc,cpu         ] GC(972) User=0.02s Sys=0.00s Real=0.02s
[37.621s][info][gc,start       ] GC(973) Pause Full (Allocation Failure)
[37.621s][info][gc,phases,start] GC(973) Phase 1: Mark live objects
[37.629s][info][gc,phases      ] GC(973) Phase 1: Mark live objects 7.943ms
[37.629s][info][gc,phases,start] GC(973) Phase 2: Compute new object addresses
[37.632s][info][gc,phases      ] GC(973) Phase 2: Compute new object addresses 3.738ms
[37.632s][info][gc,phases,start] GC(973) Phase 3: Adjust pointers
[37.638s][info][gc,phases      ] GC(973) Phase 3: Adjust pointers 5.368ms
[37.638s][info][gc,phases,start] GC(973) Phase 4: Move objects
[37.639s][info][gc,phases      ] GC(973) Phase 4: Move objects 1.198ms
[37.639s][info][gc,heap        ] GC(973) DefNew: 157022K(157248K)->48250K(157248K) Eden: 139776K(139776K)->48250K(139776K) From: 17246K(17472K)->0K(17472K)
[37.639s][info][gc,heap        ] GC(973) Tenured: 349554K(349568K)->349554K(349568K)
[37.639s][info][gc,metaspace   ] GC(973) Metaspace: 31038K(31360K)->31038K(31360K) NonClass: 27759K(27904K)->27759K(27904K) Class: 3278K(3456K)->3278K(3456K)
[37.639s][info][gc             ] GC(973) Pause Full (Allocation Failure) 494M->388M(494M) 18.590ms
[37.639s][info][gc,cpu         ] GC(973) User=0.02s Sys=0.00s Real=0.02s
[37.649s][info][gc,start       ] GC(974) Pause Full (Allocation Failure)
[37.649s][info][gc,phases,start] GC(974) Phase 1: Mark live objects
[37.657s][info][gc,phases      ] GC(974) Phase 1: Mark live objects 8.063ms
[37.657s][info][gc,phases,start] GC(974) Phase 2: Compute new object addresses
[37.661s][info][gc,phases      ] GC(974) Phase 2: Compute new object addresses 4.076ms
[37.662s][info][gc,phases,start] GC(974) Phase 3: Adjust pointers
[37.667s][info][gc,phases      ] GC(974) Phase 3: Adjust pointers 5.506ms
[37.667s][info][gc,phases,start] GC(974) Phase 4: Move objects
[37.669s][info][gc,phases      ] GC(974) Phase 4: Move objects 1.683ms
[37.669s][info][gc,heap        ] GC(974) DefNew: 157121K(157248K)->51918K(157248K) Eden: 139776K(139776K)->51918K(139776K) From: 17345K(17472K)->0K(17472K)
[37.669s][info][gc,heap        ] GC(974) Tenured: 349554K(349568K)->349554K(349568K)
[37.669s][info][gc,metaspace   ] GC(974) Metaspace: 31038K(31360K)->31038K(31360K) NonClass: 27759K(27904K)->27759K(27904K) Class: 3278K(3456K)->3278K(3456K)
[37.669s][info][gc             ] GC(974) Pause Full (Allocation Failure) 494M->392M(494M) 19.666ms
[37.669s][info][gc,cpu         ] GC(974) User=0.02s Sys=0.00s Real=0.02s
[37.679s][info][gc,start       ] GC(975) Pause Full (Allocation Failure)
[37.680s][info][gc,phases,start] GC(975) Phase 1: Mark live objects
[37.688s][info][gc,phases      ] GC(975) Phase 1: Mark live objects 7.997ms
[37.688s][info][gc,phases,start] GC(975) Phase 2: Compute new object addresses
[37.691s][info][gc,phases      ] GC(975) Phase 2: Compute new object addresses 3.613ms
[37.691s][info][gc,phases,start] GC(975) Phase 3: Adjust pointers
[37.696s][info][gc,phases      ] GC(975) Phase 3: Adjust pointers 4.996ms
[37.696s][info][gc,phases,start] GC(975) Phase 4: Move objects
[37.697s][info][gc,phases      ] GC(975) Phase 4: Move objects 1.014ms
[37.697s][info][gc,heap        ] GC(975) DefNew: 156464K(157248K)->45661K(157248K) Eden: 139776K(139776K)->45661K(139776K) From: 16688K(17472K)->0K(17472K)
[37.697s][info][gc,heap        ] GC(975) Tenured: 349554K(349568K)->349554K(349568K)
[37.697s][info][gc,metaspace   ] GC(975) Metaspace: 31038K(31360K)->31038K(31360K) NonClass: 27759K(27904K)->27759K(27904K) Class: 3278K(3456K)->3278K(3456K)
[37.697s][info][gc             ] GC(975) Pause Full (Allocation Failure) 494M->385M(494M) 17.978ms
[37.697s][info][gc,cpu         ] GC(975) User=0.02s Sys=0.00s Real=0.02s
[37.708s][info][gc,start       ] GC(976) Pause Full (Allocation Failure)
[37.708s][info][gc,phases,start] GC(976) Phase 1: Mark live objects
[37.716s][info][gc,phases      ] GC(976) Phase 1: Mark live objects 8.312ms
[37.716s][info][gc,phases,start] GC(976) Phase 2: Compute new object addresses
[37.720s][info][gc,phases      ] GC(976) Phase 2: Compute new object addresses 3.800ms
[37.720s][info][gc,phases,start] GC(976) Phase 3: Adjust pointers
[37.725s][info][gc,phases      ] GC(976) Phase 3: Adjust pointers 5.258ms
[37.725s][info][gc,phases,start] GC(976) Phase 4: Move objects
[37.727s][info][gc,phases      ] GC(976) Phase 4: Move objects 1.248ms
[37.727s][info][gc,heap        ] GC(976) DefNew: 156962K(157248K)->47810K(157248K) Eden: 139776K(139776K)->47810K(139776K) From: 17186K(17472K)->0K(17472K)
[37.727s][info][gc,heap        ] GC(976) Tenured: 349554K(349568K)->349554K(349568K)
[37.727s][info][gc,metaspace   ] GC(976) Metaspace: 31038K(31360K)->31038K(31360K) NonClass: 27759K(27904K)->27759K(27904K) Class: 3278K(3456K)->3278K(3456K)
[37.727s][info][gc             ] GC(976) Pause Full (Allocation Failure) 494M->388M(494M) 18.969ms
[37.727s][info][gc,cpu         ] GC(976) User=0.02s Sys=0.00s Real=0.02s
[37.736s][info][gc,start       ] GC(977) Pause Full (Allocation Failure)
[37.736s][info][gc,phases,start] GC(977) Phase 1: Mark live objects
[37.745s][info][gc,phases      ] GC(977) Phase 1: Mark live objects 8.122ms
[37.745s][info][gc,phases,start] GC(977) Phase 2: Compute new object addresses
[37.749s][info][gc,phases      ] GC(977) Phase 2: Compute new object addresses 4.811ms
[37.749s][info][gc,phases,start] GC(977) Phase 3: Adjust pointers
[37.755s][info][gc,phases      ] GC(977) Phase 3: Adjust pointers 5.910ms
[37.755s][info][gc,phases,start] GC(977) Phase 4: Move objects
[37.757s][info][gc,phases      ] GC(977) Phase 4: Move objects 1.423ms
[37.757s][info][gc,heap        ] GC(977) DefNew: 157093K(157248K)->49782K(157248K) Eden: 139776K(139776K)->49782K(139776K) From: 17317K(17472K)->0K(17472K)
[37.757s][info][gc,heap        ] GC(977) Tenured: 349554K(349568K)->349554K(349568K)
[37.757s][info][gc,metaspace   ] GC(977) Metaspace: 31038K(31360K)->31038K(31360K) NonClass: 27759K(27904K)->27759K(27904K) Class: 3278K(3456K)->3278K(3456K)
[37.757s][info][gc             ] GC(977) Pause Full (Allocation Failure) 494M->389M(494M) 20.649ms
[37.757s][info][gc,cpu         ] GC(977) User=0.02s Sys=0.00s Real=0.02s
[37.767s][info][gc,start       ] GC(978) Pause Full (Allocation Failure)
[37.767s][info][gc,phases,start] GC(978) Phase 1: Mark live objects
[37.775s][info][gc,phases      ] GC(978) Phase 1: Mark live objects 8.486ms
[37.775s][info][gc,phases,start] GC(978) Phase 2: Compute new object addresses
[37.779s][info][gc,phases      ] GC(978) Phase 2: Compute new object addresses 4.139ms
[37.779s][info][gc,phases,start] GC(978) Phase 3: Adjust pointers
[37.785s][info][gc,phases      ] GC(978) Phase 3: Adjust pointers 5.929ms
[37.785s][info][gc,phases,start] GC(978) Phase 4: Move objects
[37.787s][info][gc,phases      ] GC(978) Phase 4: Move objects 1.754ms
[37.787s][info][gc,heap        ] GC(978) DefNew: 157000K(157248K)->53205K(157248K) Eden: 139776K(139776K)->53205K(139776K) From: 17224K(17472K)->0K(17472K)
[37.787s][info][gc,heap        ] GC(978) Tenured: 349554K(349568K)->349554K(349568K)
[37.787s][info][gc,metaspace   ] GC(978) Metaspace: 31038K(31360K)->31038K(31360K) NonClass: 27759K(27904K)->27759K(27904K) Class: 3278K(3456K)->3278K(3456K)
[37.787s][info][gc             ] GC(978) Pause Full (Allocation Failure) 494M->393M(494M) 20.704ms
[37.787s][info][gc,cpu         ] GC(978) User=0.02s Sys=0.00s Real=0.02s
[37.798s][info][gc,start       ] GC(979) Pause Full (Allocation Failure)
[37.798s][info][gc,phases,start] GC(979) Phase 1: Mark live objects
[37.808s][info][gc,phases      ] GC(979) Phase 1: Mark live objects 9.690ms
[37.808s][info][gc,phases,start] GC(979) Phase 2: Compute new object addresses
[37.811s][info][gc,phases      ] GC(979) Phase 2: Compute new object addresses 3.658ms
[37.811s][info][gc,phases,start] GC(979) Phase 3: Adjust pointers
[37.817s][info][gc,phases      ] GC(979) Phase 3: Adjust pointers 5.946ms
[37.817s][info][gc,phases,start] GC(979) Phase 4: Move objects
[37.819s][info][gc,phases      ] GC(979) Phase 4: Move objects 1.337ms
[37.819s][info][gc,heap        ] GC(979) DefNew: 156678K(157248K)->48488K(157248K) Eden: 139776K(139776K)->48488K(139776K) From: 16902K(17472K)->0K(17472K)
[37.819s][info][gc,heap        ] GC(979) Tenured: 349554K(349568K)->349554K(349568K)
[37.819s][info][gc,metaspace   ] GC(979) Metaspace: 31038K(31360K)->31038K(31360K) NonClass: 27759K(27904K)->27759K(27904K) Class: 3278K(3456K)->3278K(3456K)
[37.819s][info][gc             ] GC(979) Pause Full (Allocation Failure) 494M->388M(494M) 21.011ms
[37.819s][info][gc,cpu         ] GC(979) User=0.03s Sys=0.00s Real=0.02s
[37.829s][info][gc,start       ] GC(980) Pause Full (Allocation Failure)
[37.829s][info][gc,phases,start] GC(980) Phase 1: Mark live objects
[37.838s][info][gc,phases      ] GC(980) Phase 1: Mark live objects 8.982ms
[37.838s][info][gc,phases,start] GC(980) Phase 2: Compute new object addresses
[37.843s][info][gc,phases      ] GC(980) Phase 2: Compute new object addresses 4.311ms
[37.843s][info][gc,phases,start] GC(980) Phase 3: Adjust pointers
[37.848s][info][gc,phases      ] GC(980) Phase 3: Adjust pointers 5.859ms
[37.849s][info][gc,phases,start] GC(980) Phase 4: Move objects
[37.850s][info][gc,phases      ] GC(980) Phase 4: Move objects 1.581ms
[37.850s][info][gc,heap        ] GC(980) DefNew: 156939K(157248K)->48849K(157248K) Eden: 139776K(139776K)->48849K(139776K) From: 17163K(17472K)->0K(17472K)
[37.850s][info][gc,heap        ] GC(980) Tenured: 349554K(349568K)->349554K(349568K)
[37.850s][info][gc,metaspace   ] GC(980) Metaspace: 31038K(31360K)->31038K(31360K) NonClass: 27759K(27904K)->27759K(27904K) Class: 3278K(3456K)->3278K(3456K)
[37.850s][info][gc             ] GC(980) Pause Full (Allocation Failure) 494M->389M(494M) 21.123ms
[37.850s][info][gc,cpu         ] GC(980) User=0.03s Sys=0.00s Real=0.02s
[37.859s][info][gc,start       ] GC(981) Pause Full (Allocation Failure)
[37.859s][info][gc,phases,start] GC(981) Phase 1: Mark live objects
[37.867s][info][gc,phases      ] GC(981) Phase 1: Mark live objects 8.372ms
[37.868s][info][gc,phases,start] GC(981) Phase 2: Compute new object addresses
[37.871s][info][gc,phases      ] GC(981) Phase 2: Compute new object addresses 3.864ms
[37.871s][info][gc,phases,start] GC(981) Phase 3: Adjust pointers
[37.877s][info][gc,phases      ] GC(981) Phase 3: Adjust pointers 5.309ms
[37.877s][info][gc,phases,start] GC(981) Phase 4: Move objects
[37.879s][info][gc,phases      ] GC(981) Phase 4: Move objects 1.796ms
[37.879s][info][gc,heap        ] GC(981) DefNew: 157247K(157248K)->53750K(157248K) Eden: 139775K(139776K)->53750K(139776K) From: 17472K(17472K)->0K(17472K)
[37.879s][info][gc,heap        ] GC(981) Tenured: 349567K(349568K)->349567K(349568K)
[37.879s][info][gc,metaspace   ] GC(981) Metaspace: 31038K(31360K)->31038K(31360K) NonClass: 27759K(27904K)->27759K(27904K) Class: 3278K(3456K)->3278K(3456K)
[37.879s][info][gc             ] GC(981) Pause Full (Allocation Failure) 494M->393M(494M) 19.774ms
[37.879s][info][gc,cpu         ] GC(981) User=0.02s Sys=0.00s Real=0.02s
[37.889s][info][gc,start       ] GC(982) Pause Full (Allocation Failure)
[37.889s][info][gc,phases,start] GC(982) Phase 1: Mark live objects
[37.897s][info][gc,phases      ] GC(982) Phase 1: Mark live objects 7.853ms
[37.897s][info][gc,phases,start] GC(982) Phase 2: Compute new object addresses
[37.901s][info][gc,phases      ] GC(982) Phase 2: Compute new object addresses 3.579ms
[37.901s][info][gc,phases,start] GC(982) Phase 3: Adjust pointers
[37.906s][info][gc,phases      ] GC(982) Phase 3: Adjust pointers 5.052ms
[37.906s][info][gc,phases,start] GC(982) Phase 4: Move objects
[37.907s][info][gc,phases      ] GC(982) Phase 4: Move objects 1.274ms
[37.907s][info][gc,heap        ] GC(982) DefNew: 157019K(157248K)->49032K(157248K) Eden: 139776K(139776K)->49032K(139776K) From: 17243K(17472K)->0K(17472K)
[37.907s][info][gc,heap        ] GC(982) Tenured: 349567K(349568K)->349567K(349568K)
[37.907s][info][gc,metaspace   ] GC(982) Metaspace: 31038K(31360K)->31038K(31360K) NonClass: 27759K(27904K)->27759K(27904K) Class: 3278K(3456K)->3278K(3456K)
[37.907s][info][gc             ] GC(982) Pause Full (Allocation Failure) 494M->389M(494M) 18.063ms
[37.907s][info][gc,cpu         ] GC(982) User=0.02s Sys=0.00s Real=0.02s
[37.914s][info][gc,start       ] GC(983) Pause Full (Allocation Failure)
[37.914s][info][gc,phases,start] GC(983) Phase 1: Mark live objects
[37.923s][info][gc,phases      ] GC(983) Phase 1: Mark live objects 8.348ms
[37.923s][info][gc,phases,start] GC(983) Phase 2: Compute new object addresses
[37.927s][info][gc,phases      ] GC(983) Phase 2: Compute new object addresses 3.951ms
[37.927s][info][gc,phases,start] GC(983) Phase 3: Adjust pointers
[37.932s][info][gc,phases      ] GC(983) Phase 3: Adjust pointers 5.267ms
[37.932s][info][gc,phases,start] GC(983) Phase 4: Move objects
[37.934s][info][gc,phases      ] GC(983) Phase 4: Move objects 1.950ms
[37.934s][info][gc,heap        ] GC(983) DefNew: 157157K(157248K)->54757K(157248K) Eden: 139776K(139776K)->54757K(139776K) From: 17381K(17472K)->0K(17472K)
[37.934s][info][gc,heap        ] GC(983) Tenured: 349567K(349568K)->349554K(349568K)
[37.934s][info][gc,metaspace   ] GC(983) Metaspace: 31038K(31360K)->31038K(31360K) NonClass: 27759K(27904K)->27759K(27904K) Class: 3278K(3456K)->3278K(3456K)
[37.934s][info][gc             ] GC(983) Pause Full (Allocation Failure) 494M->394M(494M) 19.848ms
[37.934s][info][gc,cpu         ] GC(983) User=0.02s Sys=0.00s Real=0.02s
[37.945s][info][gc,start       ] GC(984) Pause Full (Allocation Failure)
[37.945s][info][gc,phases,start] GC(984) Phase 1: Mark live objects
[37.954s][info][gc,phases      ] GC(984) Phase 1: Mark live objects 8.493ms
[37.954s][info][gc,phases,start] GC(984) Phase 2: Compute new object addresses
[37.958s][info][gc,phases      ] GC(984) Phase 2: Compute new object addresses 3.929ms
[37.958s][info][gc,phases,start] GC(984) Phase 3: Adjust pointers
[37.964s][info][gc,phases      ] GC(984) Phase 3: Adjust pointers 6.264ms
[37.964s][info][gc,phases,start] GC(984) Phase 4: Move objects
[37.966s][info][gc,phases      ] GC(984) Phase 4: Move objects 1.439ms
[37.966s][info][gc,heap        ] GC(984) DefNew: 157035K(157248K)->49626K(157248K) Eden: 139776K(139776K)->49626K(139776K) From: 17259K(17472K)->0K(17472K)
[37.966s][info][gc,heap        ] GC(984) Tenured: 349554K(349568K)->349554K(349568K)
[37.966s][info][gc,metaspace   ] GC(984) Metaspace: 31038K(31360K)->31038K(31360K) NonClass: 27759K(27904K)->27759K(27904K) Class: 3278K(3456K)->3278K(3456K)
[37.966s][info][gc             ] GC(984) Pause Full (Allocation Failure) 494M->389M(494M) 20.527ms
[37.966s][info][gc,cpu         ] GC(984) User=0.03s Sys=0.00s Real=0.02s
[37.976s][info][gc,start       ] GC(985) Pause Full (Allocation Failure)
[37.977s][info][gc,phases,start] GC(985) Phase 1: Mark live objects
[37.985s][info][gc,phases      ] GC(985) Phase 1: Mark live objects 8.926ms
[37.985s][info][gc,phases,start] GC(985) Phase 2: Compute new object addresses
[37.989s][info][gc,phases      ] GC(985) Phase 2: Compute new object addresses 3.771ms
[37.989s][info][gc,phases,start] GC(985) Phase 3: Adjust pointers
[37.995s][info][gc,phases      ] GC(985) Phase 3: Adjust pointers 5.438ms
[37.995s][info][gc,phases,start] GC(985) Phase 4: Move objects
[37.996s][info][gc,phases      ] GC(985) Phase 4: Move objects 1.377ms
[37.996s][info][gc,heap        ] GC(985) DefNew: 157109K(157248K)->50312K(157248K) Eden: 139776K(139776K)->50312K(139776K) From: 17333K(17472K)->0K(17472K)
[37.996s][info][gc,heap        ] GC(985) Tenured: 349554K(349568K)->349554K(349568K)
[37.996s][info][gc,metaspace   ] GC(985) Metaspace: 31038K(31360K)->31038K(31360K) NonClass: 27759K(27904K)->27759K(27904K) Class: 3278K(3456K)->3278K(3456K)
[37.996s][info][gc             ] GC(985) Pause Full (Allocation Failure) 494M->390M(494M) 19.881ms
[37.996s][info][gc,cpu         ] GC(985) User=0.02s Sys=0.00s Real=0.02s
[38.007s][info][gc,start       ] GC(986) Pause Full (Allocation Failure)
[38.007s][info][gc,phases,start] GC(986) Phase 1: Mark live objects
[38.016s][info][gc,phases      ] GC(986) Phase 1: Mark live objects 9.079ms
[38.016s][info][gc,phases,start] GC(986) Phase 2: Compute new object addresses
[38.020s][info][gc,phases      ] GC(986) Phase 2: Compute new object addresses 4.085ms
[38.020s][info][gc,phases,start] GC(986) Phase 3: Adjust pointers
[38.027s][info][gc,phases      ] GC(986) Phase 3: Adjust pointers 6.143ms
[38.027s][info][gc,phases,start] GC(986) Phase 4: Move objects
[38.029s][info][gc,phases      ] GC(986) Phase 4: Move objects 2.525ms
[38.029s][info][gc,heap        ] GC(986) DefNew: 156691K(157248K)->56253K(157248K) Eden: 139776K(139776K)->56253K(139776K) From: 16915K(17472K)->0K(17472K)
[38.029s][info][gc,heap        ] GC(986) Tenured: 349554K(349568K)->349554K(349568K)
[38.029s][info][gc,metaspace   ] GC(986) Metaspace: 31038K(31360K)->31038K(31360K) NonClass: 27759K(27904K)->27759K(27904K) Class: 3278K(3456K)->3278K(3456K)
[38.029s][info][gc             ] GC(986) Pause Full (Allocation Failure) 494M->396M(494M) 22.274ms
[38.029s][info][gc,cpu         ] GC(986) User=0.02s Sys=0.00s Real=0.02s
[38.040s][info][gc,start       ] GC(987) Pause Full (Allocation Failure)
[38.040s][info][gc,phases,start] GC(987) Phase 1: Mark live objects
[38.048s][info][gc,phases      ] GC(987) Phase 1: Mark live objects 8.162ms
[38.048s][info][gc,phases,start] GC(987) Phase 2: Compute new object addresses
[38.052s][info][gc,phases      ] GC(987) Phase 2: Compute new object addresses 3.406ms
[38.052s][info][gc,phases,start] GC(987) Phase 3: Adjust pointers
[38.057s][info][gc,phases      ] GC(987) Phase 3: Adjust pointers 5.095ms
[38.057s][info][gc,phases,start] GC(987) Phase 4: Move objects
[38.064s][info][gc,phases      ] GC(987) Phase 4: Move objects 6.767ms
[38.064s][info][gc,heap        ] GC(987) DefNew: 156758K(157248K)->59104K(157248K) Eden: 139776K(139776K)->59104K(139776K) From: 16982K(17472K)->0K(17472K)
[38.064s][info][gc,heap        ] GC(987) Tenured: 349554K(349568K)->349552K(349568K)
[38.064s][info][gc,metaspace   ] GC(987) Metaspace: 31038K(31360K)->31038K(31360K) NonClass: 27759K(27904K)->27759K(27904K) Class: 3278K(3456K)->3278K(3456K)
[38.064s][info][gc             ] GC(987) Pause Full (Allocation Failure) 494M->399M(494M) 23.791ms
[38.064s][info][gc,cpu         ] GC(987) User=0.02s Sys=0.00s Real=0.02s
[38.078s][info][gc,start       ] GC(988) Pause Full (Allocation Failure)
[38.078s][info][gc,phases,start] GC(988) Phase 1: Mark live objects
[38.087s][info][gc,phases      ] GC(988) Phase 1: Mark live objects 9.588ms
[38.087s][info][gc,phases,start] GC(988) Phase 2: Compute new object addresses
[38.092s][info][gc,phases      ] GC(988) Phase 2: Compute new object addresses 4.636ms
[38.092s][info][gc,phases,start] GC(988) Phase 3: Adjust pointers
[38.099s][info][gc,phases      ] GC(988) Phase 3: Adjust pointers 6.990ms
[38.099s][info][gc,phases,start] GC(988) Phase 4: Move objects
[38.102s][info][gc,phases      ] GC(988) Phase 4: Move objects 2.429ms
[38.102s][info][gc,heap        ] GC(988) DefNew: 157077K(157248K)->55989K(157248K) Eden: 139776K(139776K)->55989K(139776K) From: 17301K(17472K)->0K(17472K)
[38.102s][info][gc,heap        ] GC(988) Tenured: 349552K(349568K)->349552K(349568K)
[38.102s][info][gc,metaspace   ] GC(988) Metaspace: 31039K(31360K)->31039K(31360K) NonClass: 27760K(27904K)->27760K(27904K) Class: 3278K(3456K)->3278K(3456K)
[38.102s][info][gc             ] GC(988) Pause Full (Allocation Failure) 494M->396M(494M) 24.128ms
[38.102s][info][gc,cpu         ] GC(988) User=0.02s Sys=0.00s Real=0.02s
[38.113s][info][gc,start       ] GC(989) Pause Full (Allocation Failure)
[38.113s][info][gc,phases,start] GC(989) Phase 1: Mark live objects
[38.122s][info][gc,phases      ] GC(989) Phase 1: Mark live objects 9.518ms
[38.122s][info][gc,phases,start] GC(989) Phase 2: Compute new object addresses
[38.126s][info][gc,phases      ] GC(989) Phase 2: Compute new object addresses 4.195ms
[38.127s][info][gc,phases,start] GC(989) Phase 3: Adjust pointers
[38.133s][info][gc,phases      ] GC(989) Phase 3: Adjust pointers 6.940ms
[38.134s][info][gc,phases,start] GC(989) Phase 4: Move objects
[38.136s][info][gc,phases      ] GC(989) Phase 4: Move objects 2.060ms
[38.136s][info][gc,heap        ] GC(989) DefNew: 156580K(157248K)->58320K(157248K) Eden: 139776K(139776K)->58320K(139776K) From: 16804K(17472K)->0K(17472K)
[38.136s][info][gc,heap        ] GC(989) Tenured: 349552K(349568K)->349552K(349568K)
[38.136s][info][gc,metaspace   ] GC(989) Metaspace: 31039K(31360K)->31039K(31360K) NonClass: 27760K(27904K)->27760K(27904K) Class: 3278K(3456K)->3278K(3456K)
[38.136s][info][gc             ] GC(989) Pause Full (Allocation Failure) 494M->398M(494M) 23.185ms
[38.136s][info][gc,cpu         ] GC(989) User=0.03s Sys=0.00s Real=0.03s
[38.147s][info][gc,start       ] GC(990) Pause Full (Allocation Failure)
[38.147s][info][gc,phases,start] GC(990) Phase 1: Mark live objects
[38.155s][info][gc,phases      ] GC(990) Phase 1: Mark live objects 8.105ms
[38.155s][info][gc,phases,start] GC(990) Phase 2: Compute new object addresses
[38.158s][info][gc,phases      ] GC(990) Phase 2: Compute new object addresses 3.473ms
[38.158s][info][gc,phases,start] GC(990) Phase 3: Adjust pointers
[38.163s][info][gc,phases      ] GC(990) Phase 3: Adjust pointers 4.908ms
[38.163s][info][gc,phases,start] GC(990) Phase 4: Move objects
[38.165s][info][gc,phases      ] GC(990) Phase 4: Move objects 1.961ms
[38.165s][info][gc,heap        ] GC(990) DefNew: 157165K(157248K)->59495K(157248K) Eden: 139776K(139776K)->59495K(139776K) From: 17389K(17472K)->0K(17472K)
[38.165s][info][gc,heap        ] GC(990) Tenured: 349552K(349568K)->349552K(349568K)
[38.165s][info][gc,metaspace   ] GC(990) Metaspace: 31039K(31360K)->31039K(31360K) NonClass: 27760K(27904K)->27760K(27904K) Class: 3278K(3456K)->3278K(3456K)
[38.165s][info][gc             ] GC(990) Pause Full (Allocation Failure) 494M->399M(494M) 18.771ms
[38.165s][info][gc,cpu         ] GC(990) User=0.02s Sys=0.00s Real=0.02s
[38.176s][info][gc,start       ] GC(991) Pause Full (Allocation Failure)
[38.176s][info][gc,phases,start] GC(991) Phase 1: Mark live objects
[38.184s][info][gc,phases      ] GC(991) Phase 1: Mark live objects 8.031ms
[38.184s][info][gc,phases,start] GC(991) Phase 2: Compute new object addresses
[38.188s][info][gc,phases      ] GC(991) Phase 2: Compute new object addresses 3.834ms
[38.188s][info][gc,phases,start] GC(991) Phase 3: Adjust pointers
[38.194s][info][gc,phases      ] GC(991) Phase 3: Adjust pointers 6.405ms
[38.194s][info][gc,phases,start] GC(991) Phase 4: Move objects
[38.195s][info][gc,phases      ] GC(991) Phase 4: Move objects 1.284ms
[38.196s][info][gc,heap        ] GC(991) DefNew: 157035K(157248K)->57008K(157248K) Eden: 139776K(139776K)->57008K(139776K) From: 17259K(17472K)->0K(17472K)
[38.196s][info][gc,heap        ] GC(991) Tenured: 349552K(349568K)->349552K(349568K)
[38.196s][info][gc,metaspace   ] GC(991) Metaspace: 31039K(31360K)->31039K(31360K) NonClass: 27760K(27904K)->27760K(27904K) Class: 3278K(3456K)->3278K(3456K)
[38.196s][info][gc             ] GC(991) Pause Full (Allocation Failure) 494M->397M(494M) 19.910ms
[38.196s][info][gc,cpu         ] GC(991) User=0.01s Sys=0.01s Real=0.02s
[38.211s][info][gc,start       ] GC(992) Pause Full (Allocation Failure)
[38.211s][info][gc,phases,start] GC(992) Phase 1: Mark live objects
[38.220s][info][gc,phases      ] GC(992) Phase 1: Mark live objects 8.664ms
[38.220s][info][gc,phases,start] GC(992) Phase 2: Compute new object addresses
[38.223s][info][gc,phases      ] GC(992) Phase 2: Compute new object addresses 3.585ms
[38.223s][info][gc,phases,start] GC(992) Phase 3: Adjust pointers
[38.228s][info][gc,phases      ] GC(992) Phase 3: Adjust pointers 4.973ms
[38.228s][info][gc,phases,start] GC(992) Phase 4: Move objects
[38.230s][info][gc,phases      ] GC(992) Phase 4: Move objects 1.839ms
[38.230s][info][gc,heap        ] GC(992) DefNew: 157230K(157248K)->55645K(157248K) Eden: 139776K(139776K)->55645K(139776K) From: 17454K(17472K)->0K(17472K)
[38.230s][info][gc,heap        ] GC(992) Tenured: 349552K(349568K)->349552K(349568K)
[38.230s][info][gc,metaspace   ] GC(992) Metaspace: 31039K(31360K)->31039K(31360K) NonClass: 27760K(27904K)->27760K(27904K) Class: 3278K(3456K)->3278K(3456K)
[38.230s][info][gc             ] GC(992) Pause Full (Allocation Failure) 494M->395M(494M) 19.400ms
[38.230s][info][gc,cpu         ] GC(992) User=0.02s Sys=0.01s Real=0.02s
[38.241s][info][gc,start       ] GC(993) Pause Full (Allocation Failure)
[38.241s][info][gc,phases,start] GC(993) Phase 1: Mark live objects
[38.249s][info][gc,phases      ] GC(993) Phase 1: Mark live objects 8.563ms
[38.249s][info][gc,phases,start] GC(993) Phase 2: Compute new object addresses
[38.253s][info][gc,phases      ] GC(993) Phase 2: Compute new object addresses 3.727ms
[38.253s][info][gc,phases,start] GC(993) Phase 3: Adjust pointers
[38.259s][info][gc,phases      ] GC(993) Phase 3: Adjust pointers 5.590ms
[38.259s][info][gc,phases,start] GC(993) Phase 4: Move objects
[38.260s][info][gc,phases      ] GC(993) Phase 4: Move objects 1.662ms
[38.261s][info][gc,heap        ] GC(993) DefNew: 156974K(157248K)->60104K(157248K) Eden: 139776K(139776K)->60104K(139776K) From: 17198K(17472K)->0K(17472K)
[38.261s][info][gc,heap        ] GC(993) Tenured: 349552K(349568K)->349552K(349568K)
[38.261s][info][gc,metaspace   ] GC(993) Metaspace: 31039K(31360K)->31039K(31360K) NonClass: 27760K(27904K)->27760K(27904K) Class: 3278K(3456K)->3278K(3456K)
[38.261s][info][gc             ] GC(993) Pause Full (Allocation Failure) 494M->400M(494M) 19.911ms
[38.261s][info][gc,cpu         ] GC(993) User=0.02s Sys=0.00s Real=0.02s
[38.271s][info][gc,start       ] GC(994) Pause Full (Allocation Failure)
[38.271s][info][gc,phases,start] GC(994) Phase 1: Mark live objects
[38.281s][info][gc,phases      ] GC(994) Phase 1: Mark live objects 9.226ms
[38.281s][info][gc,phases,start] GC(994) Phase 2: Compute new object addresses
[38.284s][info][gc,phases      ] GC(994) Phase 2: Compute new object addresses 3.531ms
[38.284s][info][gc,phases,start] GC(994) Phase 3: Adjust pointers
[38.290s][info][gc,phases      ] GC(994) Phase 3: Adjust pointers 5.529ms
[38.290s][info][gc,phases,start] GC(994) Phase 4: Move objects
[38.291s][info][gc,phases      ] GC(994) Phase 4: Move objects 0.989ms
[38.291s][info][gc,heap        ] GC(994) DefNew: 157079K(157248K)->54373K(157248K) Eden: 139776K(139776K)->54373K(139776K) From: 17303K(17472K)->0K(17472K)
[38.291s][info][gc,heap        ] GC(994) Tenured: 349552K(349568K)->349552K(349568K)
[38.291s][info][gc,metaspace   ] GC(994) Metaspace: 31039K(31360K)->31039K(31360K) NonClass: 27760K(27904K)->27760K(27904K) Class: 3278K(3456K)->3278K(3456K)
[38.291s][info][gc             ] GC(994) Pause Full (Allocation Failure) 494M->394M(494M) 19.630ms
[38.291s][info][gc,cpu         ] GC(994) User=0.02s Sys=0.00s Real=0.02s
[38.301s][info][gc,start       ] GC(995) Pause Full (Allocation Failure)
[38.302s][info][gc,phases,start] GC(995) Phase 1: Mark live objects
[38.310s][info][gc,phases      ] GC(995) Phase 1: Mark live objects 8.721ms
[38.310s][info][gc,phases,start] GC(995) Phase 2: Compute new object addresses
[38.314s][info][gc,phases      ] GC(995) Phase 2: Compute new object addresses 3.930ms
[38.314s][info][gc,phases,start] GC(995) Phase 3: Adjust pointers
[38.320s][info][gc,phases      ] GC(995) Phase 3: Adjust pointers 5.361ms
[38.320s][info][gc,phases,start] GC(995) Phase 4: Move objects
[38.321s][info][gc,phases      ] GC(995) Phase 4: Move objects 1.323ms
[38.321s][info][gc,heap        ] GC(995) DefNew: 156900K(157248K)->58307K(157248K) Eden: 139776K(139776K)->58307K(139776K) From: 17124K(17472K)->0K(17472K)
[38.321s][info][gc,heap        ] GC(995) Tenured: 349552K(349568K)->349552K(349568K)
[38.321s][info][gc,metaspace   ] GC(995) Metaspace: 31039K(31360K)->31039K(31360K) NonClass: 27760K(27904K)->27760K(27904K) Class: 3278K(3456K)->3278K(3456K)
[38.321s][info][gc             ] GC(995) Pause Full (Allocation Failure) 494M->398M(494M) 19.684ms
[38.321s][info][gc,cpu         ] GC(995) User=0.02s Sys=0.00s Real=0.02s
[38.332s][info][gc,start       ] GC(996) Pause Full (Allocation Failure)
[38.332s][info][gc,phases,start] GC(996) Phase 1: Mark live objects
[38.340s][info][gc,phases      ] GC(996) Phase 1: Mark live objects 8.063ms
[38.340s][info][gc,phases,start] GC(996) Phase 2: Compute new object addresses
[38.344s][info][gc,phases      ] GC(996) Phase 2: Compute new object addresses 3.894ms
[38.344s][info][gc,phases,start] GC(996) Phase 3: Adjust pointers
[38.350s][info][gc,phases      ] GC(996) Phase 3: Adjust pointers 5.777ms
[38.350s][info][gc,phases,start] GC(996) Phase 4: Move objects
[38.351s][info][gc,phases      ] GC(996) Phase 4: Move objects 1.066ms
[38.351s][info][gc,heap        ] GC(996) DefNew: 156381K(157248K)->56267K(157248K) Eden: 139776K(139776K)->56267K(139776K) From: 16605K(17472K)->0K(17472K)
[38.351s][info][gc,heap        ] GC(996) Tenured: 349552K(349568K)->349552K(349568K)
[38.351s][info][gc,metaspace   ] GC(996) Metaspace: 31039K(31360K)->31039K(31360K) NonClass: 27760K(27904K)->27760K(27904K) Class: 3278K(3456K)->3278K(3456K)
[38.351s][info][gc             ] GC(996) Pause Full (Allocation Failure) 494M->396M(494M) 19.136ms
[38.351s][info][gc,cpu         ] GC(996) User=0.02s Sys=0.00s Real=0.02s
[38.361s][info][gc,start       ] GC(997) Pause Full (Allocation Failure)
[38.361s][info][gc,phases,start] GC(997) Phase 1: Mark live objects
[38.370s][info][gc,phases      ] GC(997) Phase 1: Mark live objects 8.287ms
[38.370s][info][gc,phases,start] GC(997) Phase 2: Compute new object addresses
[38.374s][info][gc,phases      ] GC(997) Phase 2: Compute new object addresses 3.918ms
[38.374s][info][gc,phases,start] GC(997) Phase 3: Adjust pointers
[38.380s][info][gc,phases      ] GC(997) Phase 3: Adjust pointers 5.830ms
[38.380s][info][gc,phases,start] GC(997) Phase 4: Move objects
[38.381s][info][gc,phases      ] GC(997) Phase 4: Move objects 1.275ms
[38.381s][info][gc,heap        ] GC(997) DefNew: 157100K(157248K)->58233K(157248K) Eden: 139776K(139776K)->58233K(139776K) From: 17324K(17472K)->0K(17472K)
[38.381s][info][gc,heap        ] GC(997) Tenured: 349552K(349568K)->349552K(349568K)
[38.381s][info][gc,metaspace   ] GC(997) Metaspace: 31039K(31360K)->31039K(31360K) NonClass: 27760K(27904K)->27760K(27904K) Class: 3278K(3456K)->3278K(3456K)
[38.381s][info][gc             ] GC(997) Pause Full (Allocation Failure) 494M->398M(494M) 19.685ms
[38.381s][info][gc,cpu         ] GC(997) User=0.02s Sys=0.00s Real=0.02s
[38.392s][info][gc,start       ] GC(998) Pause Full (Allocation Failure)
[38.392s][info][gc,phases,start] GC(998) Phase 1: Mark live objects
[38.401s][info][gc,phases      ] GC(998) Phase 1: Mark live objects 8.984ms
[38.401s][info][gc,phases,start] GC(998) Phase 2: Compute new object addresses
[38.405s][info][gc,phases      ] GC(998) Phase 2: Compute new object addresses 4.030ms
[38.405s][info][gc,phases,start] GC(998) Phase 3: Adjust pointers
[38.411s][info][gc,phases      ] GC(998) Phase 3: Adjust pointers 6.116ms
[38.411s][info][gc,phases,start] GC(998) Phase 4: Move objects
[38.412s][info][gc,phases      ] GC(998) Phase 4: Move objects 1.322ms
[38.412s][info][gc,heap        ] GC(998) DefNew: 156352K(157248K)->56755K(157248K) Eden: 139776K(139776K)->56755K(139776K) From: 16576K(17472K)->0K(17472K)
[38.412s][info][gc,heap        ] GC(998) Tenured: 349552K(349568K)->349552K(349568K)
[38.412s][info][gc,metaspace   ] GC(998) Metaspace: 31039K(31360K)->31039K(31360K) NonClass: 27760K(27904K)->27760K(27904K) Class: 3278K(3456K)->3278K(3456K)
[38.412s][info][gc             ] GC(998) Pause Full (Allocation Failure) 494M->396M(494M) 20.861ms
[38.412s][info][gc,cpu         ] GC(998) User=0.02s Sys=0.00s Real=0.02s
[38.422s][info][gc,start       ] GC(999) Pause Full (Allocation Failure)
[38.422s][info][gc,phases,start] GC(999) Phase 1: Mark live objects
[38.430s][info][gc,phases      ] GC(999) Phase 1: Mark live objects 8.556ms
[38.430s][info][gc,phases,start] GC(999) Phase 2: Compute new object addresses
[38.434s][info][gc,phases      ] GC(999) Phase 2: Compute new object addresses 3.556ms
[38.434s][info][gc,phases,start] GC(999) Phase 3: Adjust pointers
[38.439s][info][gc,phases      ] GC(999) Phase 3: Adjust pointers 5.004ms
[38.439s][info][gc,phases,start] GC(999) Phase 4: Move objects
[38.440s][info][gc,phases      ] GC(999) Phase 4: Move objects 1.550ms
[38.441s][info][gc,heap        ] GC(999) DefNew: 157007K(157248K)->62689K(157248K) Eden: 139776K(139776K)->62689K(139776K) From: 17231K(17472K)->0K(17472K)
[38.441s][info][gc,heap        ] GC(999) Tenured: 349552K(349568K)->349552K(349568K)
[38.441s][info][gc,metaspace   ] GC(999) Metaspace: 31039K(31360K)->31039K(31360K) NonClass: 27760K(27904K)->27760K(27904K) Class: 3278K(3456K)->3278K(3456K)
[38.441s][info][gc             ] GC(999) Pause Full (Allocation Failure) 494M->402M(494M) 18.994ms
[38.441s][info][gc,cpu         ] GC(999) User=0.02s Sys=0.00s Real=0.02s
[38.449s][info][gc,start       ] GC(1000) Pause Full (Allocation Failure)
[38.449s][info][gc,phases,start] GC(1000) Phase 1: Mark live objects
[38.457s][info][gc,phases      ] GC(1000) Phase 1: Mark live objects 7.883ms
[38.457s][info][gc,phases,start] GC(1000) Phase 2: Compute new object addresses
[38.460s][info][gc,phases      ] GC(1000) Phase 2: Compute new object addresses 3.411ms
[38.460s][info][gc,phases,start] GC(1000) Phase 3: Adjust pointers
[38.465s][info][gc,phases      ] GC(1000) Phase 3: Adjust pointers 4.945ms
[38.465s][info][gc,phases,start] GC(1000) Phase 4: Move objects
[38.467s][info][gc,phases      ] GC(1000) Phase 4: Move objects 1.525ms
[38.467s][info][gc,heap        ] GC(1000) DefNew: 157062K(157248K)->61301K(157248K) Eden: 139776K(139776K)->61301K(139776K) From: 17286K(17472K)->0K(17472K)
[38.467s][info][gc,heap        ] GC(1000) Tenured: 349552K(349568K)->349552K(349568K)
[38.467s][info][gc,metaspace   ] GC(1000) Metaspace: 31039K(31360K)->31039K(31360K) NonClass: 27760K(27904K)->27760K(27904K) Class: 3278K(3456K)->3278K(3456K)
[38.467s][info][gc             ] GC(1000) Pause Full (Allocation Failure) 494M->401M(494M) 18.077ms
[38.467s][info][gc,cpu         ] GC(1000) User=0.01s Sys=0.00s Real=0.02s
[38.477s][info][gc,start       ] GC(1001) Pause Full (Allocation Failure)
[38.477s][info][gc,phases,start] GC(1001) Phase 1: Mark live objects
[38.486s][info][gc,phases      ] GC(1001) Phase 1: Mark live objects 8.534ms
[38.486s][info][gc,phases,start] GC(1001) Phase 2: Compute new object addresses
[38.490s][info][gc,phases      ] GC(1001) Phase 2: Compute new object addresses 4.407ms
[38.491s][info][gc,phases,start] GC(1001) Phase 3: Adjust pointers
[38.497s][info][gc,phases      ] GC(1001) Phase 3: Adjust pointers 6.305ms
[38.497s][info][gc,phases,start] GC(1001) Phase 4: Move objects
[38.498s][info][gc,phases      ] GC(1001) Phase 4: Move objects 1.129ms
[38.498s][info][gc,heap        ] GC(1001) DefNew: 157043K(157248K)->56257K(157248K) Eden: 139776K(139776K)->56257K(139776K) From: 17267K(17472K)->0K(17472K)
[38.498s][info][gc,heap        ] GC(1001) Tenured: 349552K(349568K)->349552K(349568K)
[38.498s][info][gc,metaspace   ] GC(1001) Metaspace: 31039K(31360K)->31039K(31360K) NonClass: 27760K(27904K)->27760K(27904K) Class: 3278K(3456K)->3278K(3456K)
[38.498s][info][gc             ] GC(1001) Pause Full (Allocation Failure) 494M->396M(494M) 20.777ms
[38.498s][info][gc,cpu         ] GC(1001) User=0.02s Sys=0.00s Real=0.02s
[38.509s][info][gc,start       ] GC(1002) Pause Full (Allocation Failure)
[38.509s][info][gc,phases,start] GC(1002) Phase 1: Mark live objects
[38.518s][info][gc,phases      ] GC(1002) Phase 1: Mark live objects 8.691ms
[38.518s][info][gc,phases,start] GC(1002) Phase 2: Compute new object addresses
[38.522s][info][gc,phases      ] GC(1002) Phase 2: Compute new object addresses 3.751ms
[38.522s][info][gc,phases,start] GC(1002) Phase 3: Adjust pointers
[38.527s][info][gc,phases      ] GC(1002) Phase 3: Adjust pointers 5.642ms
[38.527s][info][gc,phases,start] GC(1002) Phase 4: Move objects
[38.529s][info][gc,phases      ] GC(1002) Phase 4: Move objects 1.270ms
[38.529s][info][gc,heap        ] GC(1002) DefNew: 156742K(157248K)->58735K(157248K) Eden: 139776K(139776K)->58735K(139776K) From: 16966K(17472K)->0K(17472K)
[38.529s][info][gc,heap        ] GC(1002) Tenured: 349552K(349568K)->349552K(349568K)
[38.529s][info][gc,metaspace   ] GC(1002) Metaspace: 31039K(31360K)->31039K(31360K) NonClass: 27760K(27904K)->27760K(27904K) Class: 3278K(3456K)->3278K(3456K)
[38.529s][info][gc             ] GC(1002) Pause Full (Allocation Failure) 494M->398M(494M) 19.727ms
[38.529s][info][gc,cpu         ] GC(1002) User=0.02s Sys=0.00s Real=0.02s
[38.535s][info][gc,start       ] GC(1003) Pause Full (Allocation Failure)
[38.535s][info][gc,phases,start] GC(1003) Phase 1: Mark live objects
[38.543s][info][gc,phases      ] GC(1003) Phase 1: Mark live objects 8.124ms
[38.543s][info][gc,phases,start] GC(1003) Phase 2: Compute new object addresses
[38.547s][info][gc,phases      ] GC(1003) Phase 2: Compute new object addresses 3.668ms
[38.547s][info][gc,phases,start] GC(1003) Phase 3: Adjust pointers
[38.552s][info][gc,phases      ] GC(1003) Phase 3: Adjust pointers 5.360ms
[38.552s][info][gc,phases,start] GC(1003) Phase 4: Move objects
[38.554s][info][gc,phases      ] GC(1003) Phase 4: Move objects 1.772ms
[38.554s][info][gc,heap        ] GC(1003) DefNew: 157118K(157248K)->64988K(157248K) Eden: 139776K(139776K)->64988K(139776K) From: 17342K(17472K)->0K(17472K)
[38.554s][info][gc,heap        ] GC(1003) Tenured: 349552K(349568K)->349552K(349568K)
[38.554s][info][gc,metaspace   ] GC(1003) Metaspace: 31039K(31360K)->31039K(31360K) NonClass: 27760K(27904K)->27760K(27904K) Class: 3278K(3456K)->3278K(3456K)
[38.554s][info][gc             ] GC(1003) Pause Full (Allocation Failure) 494M->404M(494M) 19.259ms
[38.554s][info][gc,cpu         ] GC(1003) User=0.02s Sys=0.00s Real=0.02s
[38.565s][info][gc,start       ] GC(1004) Pause Full (Allocation Failure)
[38.565s][info][gc,phases,start] GC(1004) Phase 1: Mark live objects
[38.574s][info][gc,phases      ] GC(1004) Phase 1: Mark live objects 8.740ms
[38.574s][info][gc,phases,start] GC(1004) Phase 2: Compute new object addresses
[38.577s][info][gc,phases      ] GC(1004) Phase 2: Compute new object addresses 3.429ms
[38.577s][info][gc,phases,start] GC(1004) Phase 3: Adjust pointers
[38.582s][info][gc,phases      ] GC(1004) Phase 3: Adjust pointers 5.176ms
[38.582s][info][gc,phases,start] GC(1004) Phase 4: Move objects
[38.583s][info][gc,phases      ] GC(1004) Phase 4: Move objects 1.003ms
[38.583s][info][gc,heap        ] GC(1004) DefNew: 156509K(157248K)->56009K(157248K) Eden: 139776K(139776K)->56009K(139776K) From: 16733K(17472K)->0K(17472K)
[38.583s][info][gc,heap        ] GC(1004) Tenured: 349552K(349568K)->349552K(349568K)
[38.583s][info][gc,metaspace   ] GC(1004) Metaspace: 31039K(31360K)->31039K(31360K) NonClass: 27760K(27904K)->27760K(27904K) Class: 3278K(3456K)->3278K(3456K)
[38.583s][info][gc             ] GC(1004) Pause Full (Allocation Failure) 494M->396M(494M) 18.698ms
[38.583s][info][gc,cpu         ] GC(1004) User=0.02s Sys=0.00s Real=0.01s
[38.594s][info][gc,start       ] GC(1005) Pause Full (Allocation Failure)
[38.594s][info][gc,phases,start] GC(1005) Phase 1: Mark live objects
[38.603s][info][gc,phases      ] GC(1005) Phase 1: Mark live objects 8.289ms
[38.603s][info][gc,phases,start] GC(1005) Phase 2: Compute new object addresses
[38.606s][info][gc,phases      ] GC(1005) Phase 2: Compute new object addresses 3.457ms
[38.606s][info][gc,phases,start] GC(1005) Phase 3: Adjust pointers
[38.611s][info][gc,phases      ] GC(1005) Phase 3: Adjust pointers 5.281ms
[38.611s][info][gc,phases,start] GC(1005) Phase 4: Move objects
[38.613s][info][gc,phases      ] GC(1005) Phase 4: Move objects 1.207ms
[38.613s][info][gc,heap        ] GC(1005) DefNew: 156854K(157248K)->57698K(157248K) Eden: 139776K(139776K)->57698K(139776K) From: 17078K(17472K)->0K(17472K)
[38.613s][info][gc,heap        ] GC(1005) Tenured: 349552K(349568K)->349552K(349568K)
[38.613s][info][gc,metaspace   ] GC(1005) Metaspace: 31039K(31360K)->31039K(31360K) NonClass: 27760K(27904K)->27760K(27904K) Class: 3278K(3456K)->3278K(3456K)
[38.613s][info][gc             ] GC(1005) Pause Full (Allocation Failure) 494M->397M(494M) 18.629ms
[38.613s][info][gc,cpu         ] GC(1005) User=0.01s Sys=0.00s Real=0.02s
[38.623s][info][gc,start       ] GC(1006) Pause Full (Allocation Failure)
[38.623s][info][gc,phases,start] GC(1006) Phase 1: Mark live objects
[38.631s][info][gc,phases      ] GC(1006) Phase 1: Mark live objects 8.199ms
[38.631s][info][gc,phases,start] GC(1006) Phase 2: Compute new object addresses
[38.635s][info][gc,phases      ] GC(1006) Phase 2: Compute new object addresses 4.203ms
[38.635s][info][gc,phases,start] GC(1006) Phase 3: Adjust pointers
[38.642s][info][gc,phases      ] GC(1006) Phase 3: Adjust pointers 6.422ms
[38.642s][info][gc,phases,start] GC(1006) Phase 4: Move objects
[38.643s][info][gc,phases      ] GC(1006) Phase 4: Move objects 1.517ms
[38.643s][info][gc,heap        ] GC(1006) DefNew: 157181K(157248K)->59315K(157248K) Eden: 139776K(139776K)->59315K(139776K) From: 17405K(17472K)->0K(17472K)
[38.643s][info][gc,heap        ] GC(1006) Tenured: 349552K(349568K)->349552K(349568K)
[38.643s][info][gc,metaspace   ] GC(1006) Metaspace: 31039K(31360K)->31039K(31360K) NonClass: 27760K(27904K)->27760K(27904K) Class: 3278K(3456K)->3278K(3456K)
[38.643s][info][gc             ] GC(1006) Pause Full (Allocation Failure) 494M->399M(494M) 20.691ms
[38.643s][info][gc,cpu         ] GC(1006) User=0.02s Sys=0.00s Real=0.02s
[38.654s][info][gc,start       ] GC(1007) Pause Full (Allocation Failure)
[38.654s][info][gc,phases,start] GC(1007) Phase 1: Mark live objects
[38.663s][info][gc,phases      ] GC(1007) Phase 1: Mark live objects 8.451ms
[38.663s][info][gc,phases,start] GC(1007) Phase 2: Compute new object addresses
[38.666s][info][gc,phases      ] GC(1007) Phase 2: Compute new object addresses 3.607ms
[38.666s][info][gc,phases,start] GC(1007) Phase 3: Adjust pointers
[38.671s][info][gc,phases      ] GC(1007) Phase 3: Adjust pointers 5.098ms
[38.671s][info][gc,phases,start] GC(1007) Phase 4: Move objects
[38.673s][info][gc,phases      ] GC(1007) Phase 4: Move objects 1.446ms
[38.673s][info][gc,heap        ] GC(1007) DefNew: 156924K(157248K)->59609K(157248K) Eden: 139776K(139776K)->59609K(139776K) From: 17148K(17472K)->0K(17472K)
[38.673s][info][gc,heap        ] GC(1007) Tenured: 349552K(349568K)->349552K(349568K)
[38.673s][info][gc,metaspace   ] GC(1007) Metaspace: 31039K(31360K)->31039K(31360K) NonClass: 27760K(27904K)->27760K(27904K) Class: 3278K(3456K)->3278K(3456K)
[38.673s][info][gc             ] GC(1007) Pause Full (Allocation Failure) 494M->399M(494M) 18.928ms
[38.673s][info][gc,cpu         ] GC(1007) User=0.02s Sys=0.00s Real=0.02s
[38.683s][info][gc,start       ] GC(1008) Pause Full (Allocation Failure)
[38.684s][info][gc,phases,start] GC(1008) Phase 1: Mark live objects
[38.691s][info][gc,phases      ] GC(1008) Phase 1: Mark live objects 7.860ms
[38.691s][info][gc,phases,start] GC(1008) Phase 2: Compute new object addresses
[38.695s][info][gc,phases      ] GC(1008) Phase 2: Compute new object addresses 3.438ms
[38.695s][info][gc,phases,start] GC(1008) Phase 3: Adjust pointers
[38.700s][info][gc,phases      ] GC(1008) Phase 3: Adjust pointers 5.143ms
[38.700s][info][gc,phases,start] GC(1008) Phase 4: Move objects
[38.701s][info][gc,phases      ] GC(1008) Phase 4: Move objects 1.083ms
[38.701s][info][gc,heap        ] GC(1008) DefNew: 157247K(157248K)->57455K(157248K) Eden: 139776K(139776K)->57455K(139776K) From: 17471K(17472K)->0K(17472K)
[38.701s][info][gc,heap        ] GC(1008) Tenured: 349567K(349568K)->349567K(349568K)
[38.701s][info][gc,metaspace   ] GC(1008) Metaspace: 31039K(31360K)->31039K(31360K) NonClass: 27760K(27904K)->27760K(27904K) Class: 3278K(3456K)->3278K(3456K)
[38.701s][info][gc             ] GC(1008) Pause Full (Allocation Failure) 494M->397M(494M) 17.902ms
[38.701s][info][gc,cpu         ] GC(1008) User=0.02s Sys=0.00s Real=0.02s
[38.713s][info][gc,start       ] GC(1009) Pause Full (Allocation Failure)
[38.713s][info][gc,phases,start] GC(1009) Phase 1: Mark live objects
[38.721s][info][gc,phases      ] GC(1009) Phase 1: Mark live objects 7.829ms
[38.721s][info][gc,phases,start] GC(1009) Phase 2: Compute new object addresses
[38.724s][info][gc,phases      ] GC(1009) Phase 2: Compute new object addresses 3.535ms
[38.724s][info][gc,phases,start] GC(1009) Phase 3: Adjust pointers
[38.729s][info][gc,phases      ] GC(1009) Phase 3: Adjust pointers 5.044ms
[38.729s][info][gc,phases,start] GC(1009) Phase 4: Move objects
[38.730s][info][gc,phases      ] GC(1009) Phase 4: Move objects 1.126ms
[38.731s][info][gc,heap        ] GC(1009) DefNew: 157117K(157248K)->57013K(157248K) Eden: 139776K(139776K)->57013K(139776K) From: 17341K(17472K)->0K(17472K)
[38.731s][info][gc,heap        ] GC(1009) Tenured: 349567K(349568K)->349567K(349568K)
[38.731s][info][gc,metaspace   ] GC(1009) Metaspace: 31039K(31360K)->31039K(31360K) NonClass: 27760K(27904K)->27760K(27904K) Class: 3278K(3456K)->3278K(3456K)
[38.731s][info][gc             ] GC(1009) Pause Full (Allocation Failure) 494M->397M(494M) 17.879ms
[38.731s][info][gc,cpu         ] GC(1009) User=0.02s Sys=0.00s Real=0.02s
[38.741s][info][gc,start       ] GC(1010) Pause Full (Allocation Failure)
[38.741s][info][gc,phases,start] GC(1010) Phase 1: Mark live objects
[38.749s][info][gc,phases      ] GC(1010) Phase 1: Mark live objects 7.783ms
[38.749s][info][gc,phases,start] GC(1010) Phase 2: Compute new object addresses
[38.753s][info][gc,phases      ] GC(1010) Phase 2: Compute new object addresses 3.583ms
[38.753s][info][gc,phases,start] GC(1010) Phase 3: Adjust pointers
[38.763s][info][gc,phases      ] GC(1010) Phase 3: Adjust pointers 9.731ms
[38.763s][info][gc,phases,start] GC(1010) Phase 4: Move objects
[38.764s][info][gc,phases      ] GC(1010) Phase 4: Move objects 1.467ms
[38.764s][info][gc,heap        ] GC(1010) DefNew: 156781K(157248K)->56281K(157248K) Eden: 139776K(139776K)->56281K(139776K) From: 17005K(17472K)->0K(17472K)
[38.764s][info][gc,heap        ] GC(1010) Tenured: 349567K(349568K)->349567K(349568K)
[38.764s][info][gc,metaspace   ] GC(1010) Metaspace: 31039K(31360K)->31039K(31360K) NonClass: 27760K(27904K)->27760K(27904K) Class: 3278K(3456K)->3278K(3456K)
[38.764s][info][gc             ] GC(1010) Pause Full (Allocation Failure) 494M->396M(494M) 23.024ms
[38.764s][info][gc,cpu         ] GC(1010) User=0.03s Sys=0.00s Real=0.03s
[38.776s][info][gc,start       ] GC(1011) Pause Full (Allocation Failure)
[38.776s][info][gc,phases,start] GC(1011) Phase 1: Mark live objects
[38.785s][info][gc,phases      ] GC(1011) Phase 1: Mark live objects 9.552ms
[38.785s][info][gc,phases,start] GC(1011) Phase 2: Compute new object addresses
[38.789s][info][gc,phases      ] GC(1011) Phase 2: Compute new object addresses 4.052ms
[38.789s][info][gc,phases,start] GC(1011) Phase 3: Adjust pointers
[38.795s][info][gc,phases      ] GC(1011) Phase 3: Adjust pointers 5.781ms
[38.795s][info][gc,phases,start] GC(1011) Phase 4: Move objects
[38.797s][info][gc,phases      ] GC(1011) Phase 4: Move objects 1.491ms
[38.797s][info][gc,heap        ] GC(1011) DefNew: 156906K(157248K)->59848K(157248K) Eden: 139776K(139776K)->59848K(139776K) From: 17130K(17472K)->0K(17472K)
[38.797s][info][gc,heap        ] GC(1011) Tenured: 349567K(349568K)->349552K(349568K)
[38.797s][info][gc,metaspace   ] GC(1011) Metaspace: 31039K(31360K)->31039K(31360K) NonClass: 27760K(27904K)->27760K(27904K) Class: 3278K(3456K)->3278K(3456K)
[38.797s][info][gc             ] GC(1011) Pause Full (Allocation Failure) 494M->399M(494M) 21.293ms
[38.797s][info][gc,cpu         ] GC(1011) User=0.02s Sys=0.00s Real=0.03s
[38.808s][info][gc,start       ] GC(1012) Pause Full (Allocation Failure)
[38.808s][info][gc,phases,start] GC(1012) Phase 1: Mark live objects
[38.816s][info][gc,phases      ] GC(1012) Phase 1: Mark live objects 8.304ms
[38.816s][info][gc,phases,start] GC(1012) Phase 2: Compute new object addresses
[38.820s][info][gc,phases      ] GC(1012) Phase 2: Compute new object addresses 3.560ms
[38.820s][info][gc,phases,start] GC(1012) Phase 3: Adjust pointers
[38.825s][info][gc,phases      ] GC(1012) Phase 3: Adjust pointers 5.396ms
[38.825s][info][gc,phases,start] GC(1012) Phase 4: Move objects
[38.826s][info][gc,phases      ] GC(1012) Phase 4: Move objects 1.198ms
[38.826s][info][gc,heap        ] GC(1012) DefNew: 157079K(157248K)->58325K(157248K) Eden: 139776K(139776K)->58325K(139776K) From: 17303K(17472K)->0K(17472K)
[38.826s][info][gc,heap        ] GC(1012) Tenured: 349552K(349568K)->349552K(349568K)
[38.826s][info][gc,metaspace   ] GC(1012) Metaspace: 31039K(31360K)->31039K(31360K) NonClass: 27760K(27904K)->27760K(27904K) Class: 3278K(3456K)->3278K(3456K)
[38.826s][info][gc             ] GC(1012) Pause Full (Allocation Failure) 494M->398M(494M) 18.824ms
[38.826s][info][gc,cpu         ] GC(1012) User=0.02s Sys=0.00s Real=0.02s
[38.837s][info][gc,start       ] GC(1013) Pause Full (Allocation Failure)
[38.837s][info][gc,phases,start] GC(1013) Phase 1: Mark live objects
[38.845s][info][gc,phases      ] GC(1013) Phase 1: Mark live objects 7.776ms
[38.845s][info][gc,phases,start] GC(1013) Phase 2: Compute new object addresses
[38.849s][info][gc,phases      ] GC(1013) Phase 2: Compute new object addresses 3.922ms
[38.849s][info][gc,phases,start] GC(1013) Phase 3: Adjust pointers
[38.855s][info][gc,phases      ] GC(1013) Phase 3: Adjust pointers 5.959ms
[38.855s][info][gc,phases,start] GC(1013) Phase 4: Move objects
[38.859s][info][gc,phases      ] GC(1013) Phase 4: Move objects 3.935ms
[38.859s][info][gc,heap        ] GC(1013) DefNew: 157037K(157248K)->57929K(157248K) Eden: 139776K(139776K)->57929K(139776K) From: 17261K(17472K)->0K(17472K)
[38.859s][info][gc,heap        ] GC(1013) Tenured: 349552K(349568K)->349552K(349568K)
[38.859s][info][gc,metaspace   ] GC(1013) Metaspace: 31039K(31360K)->31039K(31360K) NonClass: 27760K(27904K)->27760K(27904K) Class: 3278K(3456K)->3278K(3456K)
[38.859s][info][gc             ] GC(1013) Pause Full (Allocation Failure) 494M->397M(494M) 21.953ms
[38.859s][info][gc,cpu         ] GC(1013) User=0.02s Sys=0.00s Real=0.02s
[38.868s][info][gc,start       ] GC(1014) Pause Full (Allocation Failure)
[38.868s][info][gc,phases,start] GC(1014) Phase 1: Mark live objects
[38.876s][info][gc,phases      ] GC(1014) Phase 1: Mark live objects 8.100ms
[38.876s][info][gc,phases,start] GC(1014) Phase 2: Compute new object addresses
[38.880s][info][gc,phases      ] GC(1014) Phase 2: Compute new object addresses 3.650ms
[38.880s][info][gc,phases,start] GC(1014) Phase 3: Adjust pointers
[38.885s][info][gc,phases      ] GC(1014) Phase 3: Adjust pointers 5.163ms
[38.885s][info][gc,phases,start] GC(1014) Phase 4: Move objects
[38.887s][info][gc,phases      ] GC(1014) Phase 4: Move objects 1.638ms
[38.887s][info][gc,heap        ] GC(1014) DefNew: 157023K(157248K)->64092K(157248K) Eden: 139776K(139776K)->64092K(139776K) From: 17247K(17472K)->0K(17472K)
[38.887s][info][gc,heap        ] GC(1014) Tenured: 349552K(349568K)->349552K(349568K)
[38.887s][info][gc,metaspace   ] GC(1014) Metaspace: 31039K(31360K)->31039K(31360K) NonClass: 27760K(27904K)->27760K(27904K) Class: 3278K(3456K)->3278K(3456K)
[38.887s][info][gc             ] GC(1014) Pause Full (Allocation Failure) 494M->403M(494M) 18.884ms
[38.887s][info][gc,cpu         ] GC(1014) User=0.02s Sys=0.00s Real=0.02s
[38.898s][info][gc,start       ] GC(1015) Pause Full (Allocation Failure)
[38.898s][info][gc,phases,start] GC(1015) Phase 1: Mark live objects
[38.906s][info][gc,phases      ] GC(1015) Phase 1: Mark live objects 7.893ms
[38.906s][info][gc,phases,start] GC(1015) Phase 2: Compute new object addresses
[38.909s][info][gc,phases      ] GC(1015) Phase 2: Compute new object addresses 3.564ms
[38.909s][info][gc,phases,start] GC(1015) Phase 3: Adjust pointers
[38.915s][info][gc,phases      ] GC(1015) Phase 3: Adjust pointers 5.227ms
[38.915s][info][gc,phases,start] GC(1015) Phase 4: Move objects
[38.922s][info][gc,phases      ] GC(1015) Phase 4: Move objects 6.976ms
[38.922s][info][gc,heap        ] GC(1015) DefNew: 157086K(157248K)->55163K(157248K) Eden: 139776K(139776K)->55163K(139776K) From: 17310K(17472K)->0K(17472K)
[38.922s][info][gc,heap        ] GC(1015) Tenured: 349552K(349568K)->349552K(349568K)
[38.922s][info][gc,metaspace   ] GC(1015) Metaspace: 31039K(31360K)->31039K(31360K) NonClass: 27760K(27904K)->27760K(27904K) Class: 3278K(3456K)->3278K(3456K)
[38.922s][info][gc             ] GC(1015) Pause Full (Allocation Failure) 494M->395M(494M) 24.108ms
[38.922s][info][gc,cpu         ] GC(1015) User=0.02s Sys=0.00s Real=0.02s
[38.931s][info][gc,start       ] GC(1016) Pause Full (Allocation Failure)
[38.931s][info][gc,phases,start] GC(1016) Phase 1: Mark live objects
[38.939s][info][gc,phases      ] GC(1016) Phase 1: Mark live objects 7.995ms
[38.939s][info][gc,phases,start] GC(1016) Phase 2: Compute new object addresses
[38.943s][info][gc,phases      ] GC(1016) Phase 2: Compute new object addresses 3.731ms
[38.943s][info][gc,phases,start] GC(1016) Phase 3: Adjust pointers
[38.948s][info][gc,phases      ] GC(1016) Phase 3: Adjust pointers 5.631ms
[38.948s][info][gc,phases,start] GC(1016) Phase 4: Move objects
[38.950s][info][gc,phases      ] GC(1016) Phase 4: Move objects 1.599ms
[38.950s][info][gc,heap        ] GC(1016) DefNew: 156813K(157248K)->61649K(157248K) Eden: 139776K(139776K)->61649K(139776K) From: 17037K(17472K)->0K(17472K)
[38.950s][info][gc,heap        ] GC(1016) Tenured: 349552K(349568K)->349552K(349568K)
[38.950s][info][gc,metaspace   ] GC(1016) Metaspace: 31039K(31360K)->31039K(31360K) NonClass: 27760K(27904K)->27760K(27904K) Class: 3278K(3456K)->3278K(3456K)
[38.950s][info][gc             ] GC(1016) Pause Full (Allocation Failure) 494M->401M(494M) 19.319ms
[38.950s][info][gc,cpu         ] GC(1016) User=0.02s Sys=0.00s Real=0.02s
[38.959s][info][gc,start       ] GC(1017) Pause Full (Allocation Failure)
[38.959s][info][gc,phases,start] GC(1017) Phase 1: Mark live objects
[38.967s][info][gc,phases      ] GC(1017) Phase 1: Mark live objects 7.795ms
[38.967s][info][gc,phases,start] GC(1017) Phase 2: Compute new object addresses
[38.971s][info][gc,phases      ] GC(1017) Phase 2: Compute new object addresses 3.442ms
[38.971s][info][gc,phases,start] GC(1017) Phase 3: Adjust pointers
[38.976s][info][gc,phases      ] GC(1017) Phase 3: Adjust pointers 5.137ms
[38.976s][info][gc,phases,start] GC(1017) Phase 4: Move objects
[38.977s][info][gc,phases      ] GC(1017) Phase 4: Move objects 1.427ms
[38.977s][info][gc,heap        ] GC(1017) DefNew: 157150K(157248K)->60530K(157248K) Eden: 139776K(139776K)->60530K(139776K) From: 17374K(17472K)->0K(17472K)
[38.977s][info][gc,heap        ] GC(1017) Tenured: 349552K(349568K)->349552K(349568K)
[38.977s][info][gc,metaspace   ] GC(1017) Metaspace: 31039K(31360K)->31039K(31360K) NonClass: 27760K(27904K)->27760K(27904K) Class: 3278K(3456K)->3278K(3456K)
[38.977s][info][gc             ] GC(1017) Pause Full (Allocation Failure) 494M->400M(494M) 18.131ms
[38.977s][info][gc,cpu         ] GC(1017) User=0.02s Sys=0.00s Real=0.02s
[38.986s][info][gc,start       ] GC(1018) Pause Full (Allocation Failure)
[38.986s][info][gc,phases,start] GC(1018) Phase 1: Mark live objects
[38.994s][info][gc,phases      ] GC(1018) Phase 1: Mark live objects 8.082ms
[38.994s][info][gc,phases,start] GC(1018) Phase 2: Compute new object addresses
[38.998s][info][gc,phases      ] GC(1018) Phase 2: Compute new object addresses 3.886ms
[38.998s][info][gc,phases,start] GC(1018) Phase 3: Adjust pointers
[39.005s][info][gc,phases      ] GC(1018) Phase 3: Adjust pointers 6.636ms
[39.005s][info][gc,phases,start] GC(1018) Phase 4: Move objects
[39.006s][info][gc,phases      ] GC(1018) Phase 4: Move objects 1.757ms
[39.006s][info][gc,heap        ] GC(1018) DefNew: 157113K(157248K)->60627K(157248K) Eden: 139776K(139776K)->60627K(139776K) From: 17337K(17472K)->0K(17472K)
[39.006s][info][gc,heap        ] GC(1018) Tenured: 349552K(349568K)->349552K(349568K)
[39.007s][info][gc,metaspace   ] GC(1018) Metaspace: 31039K(31360K)->31039K(31360K) NonClass: 27760K(27904K)->27760K(27904K) Class: 3278K(3456K)->3278K(3456K)
[39.007s][info][gc             ] GC(1018) Pause Full (Allocation Failure) 494M->400M(494M) 20.774ms
[39.007s][info][gc,cpu         ] GC(1018) User=0.02s Sys=0.00s Real=0.02s
[39.017s][info][gc,start       ] GC(1019) Pause Full (Allocation Failure)
[39.017s][info][gc,phases,start] GC(1019) Phase 1: Mark live objects
[39.026s][info][gc,phases      ] GC(1019) Phase 1: Mark live objects 8.975ms
[39.026s][info][gc,phases,start] GC(1019) Phase 2: Compute new object addresses
[39.030s][info][gc,phases      ] GC(1019) Phase 2: Compute new object addresses 3.651ms
[39.030s][info][gc,phases,start] GC(1019) Phase 3: Adjust pointers
[39.036s][info][gc,phases      ] GC(1019) Phase 3: Adjust pointers 5.862ms
[39.036s][info][gc,phases,start] GC(1019) Phase 4: Move objects
[39.038s][info][gc,phases      ] GC(1019) Phase 4: Move objects 2.301ms
[39.038s][info][gc,heap        ] GC(1019) DefNew: 156709K(157248K)->66002K(157248K) Eden: 139776K(139776K)->66002K(139776K) From: 16933K(17472K)->0K(17472K)
[39.038s][info][gc,heap        ] GC(1019) Tenured: 349552K(349568K)->349552K(349568K)
[39.038s][info][gc,metaspace   ] GC(1019) Metaspace: 31039K(31360K)->31039K(31360K) NonClass: 27760K(27904K)->27760K(27904K) Class: 3278K(3456K)->3278K(3456K)
[39.038s][info][gc             ] GC(1019) Pause Full (Allocation Failure) 494M->405M(494M) 21.163ms
[39.038s][info][gc,cpu         ] GC(1019) User=0.02s Sys=0.00s Real=0.02s
[39.049s][info][gc,start       ] GC(1020) Pause Full (Allocation Failure)
[39.049s][info][gc,phases,start] GC(1020) Phase 1: Mark live objects
[39.057s][info][gc,phases      ] GC(1020) Phase 1: Mark live objects 7.778ms
[39.057s][info][gc,phases,start] GC(1020) Phase 2: Compute new object addresses
[39.061s][info][gc,phases      ] GC(1020) Phase 2: Compute new object addresses 3.451ms
[39.061s][info][gc,phases,start] GC(1020) Phase 3: Adjust pointers
[39.066s][info][gc,phases      ] GC(1020) Phase 3: Adjust pointers 5.094ms
[39.066s][info][gc,phases,start] GC(1020) Phase 4: Move objects
[39.068s][info][gc,phases      ] GC(1020) Phase 4: Move objects 1.907ms
[39.068s][info][gc,heap        ] GC(1020) DefNew: 156327K(157248K)->66151K(157248K) Eden: 139776K(139776K)->66151K(139776K) From: 16551K(17472K)->0K(17472K)
[39.068s][info][gc,heap        ] GC(1020) Tenured: 349552K(349568K)->349552K(349568K)
[39.068s][info][gc,metaspace   ] GC(1020) Metaspace: 31039K(31360K)->31039K(31360K) NonClass: 27760K(27904K)->27760K(27904K) Class: 3278K(3456K)->3278K(3456K)
[39.068s][info][gc             ] GC(1020) Pause Full (Allocation Failure) 494M->405M(494M) 18.640ms
[39.068s][info][gc,cpu         ] GC(1020) User=0.01s Sys=0.01s Real=0.02s
[39.079s][info][gc,start       ] GC(1021) Pause Full (Allocation Failure)
[39.079s][info][gc,phases,start] GC(1021) Phase 1: Mark live objects
[39.087s][info][gc,phases      ] GC(1021) Phase 1: Mark live objects 8.529ms
[39.087s][info][gc,phases,start] GC(1021) Phase 2: Compute new object addresses
[39.091s][info][gc,phases      ] GC(1021) Phase 2: Compute new object addresses 3.862ms
[39.091s][info][gc,phases,start] GC(1021) Phase 3: Adjust pointers
[39.097s][info][gc,phases      ] GC(1021) Phase 3: Adjust pointers 5.899ms
[39.097s][info][gc,phases,start] GC(1021) Phase 4: Move objects
[39.099s][info][gc,phases      ] GC(1021) Phase 4: Move objects 1.999ms
[39.099s][info][gc,heap        ] GC(1021) DefNew: 156996K(157248K)->67796K(157248K) Eden: 139776K(139776K)->67796K(139776K) From: 17220K(17472K)->0K(17472K)
[39.099s][info][gc,heap        ] GC(1021) Tenured: 349552K(349568K)->349552K(349568K)
[39.099s][info][gc,metaspace   ] GC(1021) Metaspace: 31039K(31360K)->31039K(31360K) NonClass: 27760K(27904K)->27760K(27904K) Class: 3278K(3456K)->3278K(3456K)
[39.099s][info][gc             ] GC(1021) Pause Full (Allocation Failure) 494M->407M(494M) 20.704ms
[39.099s][info][gc,cpu         ] GC(1021) User=0.02s Sys=0.00s Real=0.02s
[39.110s][info][gc,start       ] GC(1022) Pause Full (Allocation Failure)
[39.110s][info][gc,phases,start] GC(1022) Phase 1: Mark live objects
[39.119s][info][gc,phases      ] GC(1022) Phase 1: Mark live objects 8.754ms
[39.119s][info][gc,phases,start] GC(1022) Phase 2: Compute new object addresses
[39.123s][info][gc,phases      ] GC(1022) Phase 2: Compute new object addresses 4.004ms
[39.123s][info][gc,phases,start] GC(1022) Phase 3: Adjust pointers
[39.130s][info][gc,phases      ] GC(1022) Phase 3: Adjust pointers 6.905ms
[39.130s][info][gc,phases,start] GC(1022) Phase 4: Move objects
[39.131s][info][gc,phases      ] GC(1022) Phase 4: Move objects 1.082ms
[39.131s][info][gc,heap        ] GC(1022) DefNew: 156788K(157248K)->67539K(157248K) Eden: 139776K(139776K)->67539K(139776K) From: 17012K(17472K)->0K(17472K)
[39.131s][info][gc,heap        ] GC(1022) Tenured: 349552K(349568K)->349552K(349568K)
[39.131s][info][gc,metaspace   ] GC(1022) Metaspace: 31040K(31424K)->31040K(31424K) NonClass: 27761K(27968K)->27761K(27968K) Class: 3278K(3456K)->3278K(3456K)
[39.131s][info][gc             ] GC(1022) Pause Full (Allocation Failure) 494M->407M(494M) 21.168ms
[39.131s][info][gc,cpu         ] GC(1022) User=0.02s Sys=0.00s Real=0.02s
[39.139s][info][gc,start       ] GC(1023) Pause Full (Allocation Failure)
[39.139s][info][gc,phases,start] GC(1023) Phase 1: Mark live objects
[39.147s][info][gc,phases      ] GC(1023) Phase 1: Mark live objects 8.339ms
[39.147s][info][gc,phases,start] GC(1023) Phase 2: Compute new object addresses
[39.151s][info][gc,phases      ] GC(1023) Phase 2: Compute new object addresses 3.453ms
[39.151s][info][gc,phases,start] GC(1023) Phase 3: Adjust pointers
[39.157s][info][gc,phases      ] GC(1023) Phase 3: Adjust pointers 5.582ms
[39.157s][info][gc,phases,start] GC(1023) Phase 4: Move objects
[39.159s][info][gc,phases      ] GC(1023) Phase 4: Move objects 2.283ms
[39.159s][info][gc,heap        ] GC(1023) DefNew: 157033K(157248K)->70775K(157248K) Eden: 139776K(139776K)->70775K(139776K) From: 17257K(17472K)->0K(17472K)
[39.159s][info][gc,heap        ] GC(1023) Tenured: 349552K(349568K)->349552K(349568K)
[39.159s][info][gc,metaspace   ] GC(1023) Metaspace: 31040K(31424K)->31040K(31424K) NonClass: 27761K(27968K)->27761K(27968K) Class: 3278K(3456K)->3278K(3456K)
[39.159s][info][gc             ] GC(1023) Pause Full (Allocation Failure) 494M->410M(494M) 20.079ms
[39.159s][info][gc,cpu         ] GC(1023) User=0.02s Sys=0.00s Real=0.02s
[39.170s][info][gc,start       ] GC(1024) Pause Full (Allocation Failure)
[39.170s][info][gc,phases,start] GC(1024) Phase 1: Mark live objects
[39.179s][info][gc,phases      ] GC(1024) Phase 1: Mark live objects 8.689ms
[39.179s][info][gc,phases,start] GC(1024) Phase 2: Compute new object addresses
[39.183s][info][gc,phases      ] GC(1024) Phase 2: Compute new object addresses 4.422ms
[39.183s][info][gc,phases,start] GC(1024) Phase 3: Adjust pointers
[39.189s][info][gc,phases      ] GC(1024) Phase 3: Adjust pointers 5.396ms
[39.189s][info][gc,phases,start] GC(1024) Phase 4: Move objects
[39.190s][info][gc,phases      ] GC(1024) Phase 4: Move objects 1.591ms
[39.190s][info][gc,heap        ] GC(1024) DefNew: 156809K(157248K)->63907K(157248K) Eden: 139776K(139776K)->63907K(139776K) From: 17033K(17472K)->0K(17472K)
[39.190s][info][gc,heap        ] GC(1024) Tenured: 349552K(349568K)->349552K(349568K)
[39.190s][info][gc,metaspace   ] GC(1024) Metaspace: 31040K(31424K)->31040K(31424K) NonClass: 27761K(27968K)->27761K(27968K) Class: 3278K(3456K)->3278K(3456K)
[39.190s][info][gc             ] GC(1024) Pause Full (Allocation Failure) 494M->403M(494M) 20.471ms
[39.190s][info][gc,cpu         ] GC(1024) User=0.02s Sys=0.01s Real=0.02s
[39.200s][info][gc,start       ] GC(1025) Pause Full (Allocation Failure)
[39.200s][info][gc,phases,start] GC(1025) Phase 1: Mark live objects
[39.208s][info][gc,phases      ] GC(1025) Phase 1: Mark live objects 7.809ms
[39.208s][info][gc,phases,start] GC(1025) Phase 2: Compute new object addresses
[39.211s][info][gc,phases      ] GC(1025) Phase 2: Compute new object addresses 3.291ms
[39.211s][info][gc,phases,start] GC(1025) Phase 3: Adjust pointers
[39.217s][info][gc,phases      ] GC(1025) Phase 3: Adjust pointers 5.078ms
[39.217s][info][gc,phases,start] GC(1025) Phase 4: Move objects
[39.218s][info][gc,phases      ] GC(1025) Phase 4: Move objects 1.145ms
[39.218s][info][gc,heap        ] GC(1025) DefNew: 157200K(157248K)->67784K(157248K) Eden: 139776K(139776K)->67784K(139776K) From: 17424K(17472K)->0K(17472K)
[39.218s][info][gc,heap        ] GC(1025) Tenured: 349552K(349568K)->349552K(349568K)
[39.218s][info][gc,metaspace   ] GC(1025) Metaspace: 31040K(31424K)->31040K(31424K) NonClass: 27761K(27968K)->27761K(27968K) Class: 3278K(3456K)->3278K(3456K)
[39.218s][info][gc             ] GC(1025) Pause Full (Allocation Failure) 494M->407M(494M) 17.633ms
[39.218s][info][gc,cpu         ] GC(1025) User=0.02s Sys=0.00s Real=0.02s
[39.228s][info][gc,start       ] GC(1026) Pause Full (Allocation Failure)
[39.228s][info][gc,phases,start] GC(1026) Phase 1: Mark live objects
[39.236s][info][gc,phases      ] GC(1026) Phase 1: Mark live objects 7.954ms
[39.236s][info][gc,phases,start] GC(1026) Phase 2: Compute new object addresses
[39.240s][info][gc,phases      ] GC(1026) Phase 2: Compute new object addresses 3.306ms
[39.240s][info][gc,phases,start] GC(1026) Phase 3: Adjust pointers
[39.245s][info][gc,phases      ] GC(1026) Phase 3: Adjust pointers 4.828ms
[39.245s][info][gc,phases,start] GC(1026) Phase 4: Move objects
[39.245s][info][gc,phases      ] GC(1026) Phase 4: Move objects 0.630ms
[39.245s][info][gc,heap        ] GC(1026) DefNew: 157014K(157248K)->62039K(157248K) Eden: 139776K(139776K)->62039K(139776K) From: 17238K(17472K)->0K(17472K)
[39.245s][info][gc,heap        ] GC(1026) Tenured: 349552K(349568K)->349552K(349568K)
[39.245s][info][gc,metaspace   ] GC(1026) Metaspace: 31040K(31424K)->31040K(31424K) NonClass: 27761K(27968K)->27761K(27968K) Class: 3278K(3456K)->3278K(3456K)
[39.245s][info][gc             ] GC(1026) Pause Full (Allocation Failure) 494M->401M(494M) 17.039ms
[39.245s][info][gc,cpu         ] GC(1026) User=0.02s Sys=0.00s Real=0.02s
[39.256s][info][gc,start       ] GC(1027) Pause Full (Allocation Failure)
[39.256s][info][gc,phases,start] GC(1027) Phase 1: Mark live objects
[39.264s][info][gc,phases      ] GC(1027) Phase 1: Mark live objects 7.827ms
[39.264s][info][gc,phases,start] GC(1027) Phase 2: Compute new object addresses
[39.268s][info][gc,phases      ] GC(1027) Phase 2: Compute new object addresses 3.949ms
[39.268s][info][gc,phases,start] GC(1027) Phase 3: Adjust pointers
[39.274s][info][gc,phases      ] GC(1027) Phase 3: Adjust pointers 5.742ms
[39.274s][info][gc,phases,start] GC(1027) Phase 4: Move objects
[39.275s][info][gc,phases      ] GC(1027) Phase 4: Move objects 1.112ms
[39.275s][info][gc,heap        ] GC(1027) DefNew: 156766K(157248K)->66738K(157248K) Eden: 139776K(139776K)->66738K(139776K) From: 16990K(17472K)->0K(17472K)
[39.275s][info][gc,heap        ] GC(1027) Tenured: 349552K(349568K)->349552K(349568K)
[39.275s][info][gc,metaspace   ] GC(1027) Metaspace: 31040K(31424K)->31040K(31424K) NonClass: 27761K(27968K)->27761K(27968K) Class: 3278K(3456K)->3278K(3456K)
[39.275s][info][gc             ] GC(1027) Pause Full (Allocation Failure) 494M->406M(494M) 18.967ms
[39.275s][info][gc,cpu         ] GC(1027) User=0.02s Sys=0.00s Real=0.01s
[39.286s][info][gc,start       ] GC(1028) Pause Full (Allocation Failure)
[39.286s][info][gc,phases,start] GC(1028) Phase 1: Mark live objects
[39.295s][info][gc,phases      ] GC(1028) Phase 1: Mark live objects 8.887ms
[39.295s][info][gc,phases,start] GC(1028) Phase 2: Compute new object addresses
[39.298s][info][gc,phases      ] GC(1028) Phase 2: Compute new object addresses 3.787ms
[39.298s][info][gc,phases,start] GC(1028) Phase 3: Adjust pointers
[39.305s][info][gc,phases      ] GC(1028) Phase 3: Adjust pointers 6.096ms
[39.305s][info][gc,phases,start] GC(1028) Phase 4: Move objects
[39.306s][info][gc,phases      ] GC(1028) Phase 4: Move objects 1.207ms
[39.306s][info][gc,heap        ] GC(1028) DefNew: 156942K(157248K)->68051K(157248K) Eden: 139776K(139776K)->68051K(139776K) From: 17166K(17472K)->0K(17472K)
[39.306s][info][gc,heap        ] GC(1028) Tenured: 349552K(349568K)->349552K(349568K)
[39.306s][info][gc,metaspace   ] GC(1028) Metaspace: 31040K(31424K)->31040K(31424K) NonClass: 27761K(27968K)->27761K(27968K) Class: 3278K(3456K)->3278K(3456K)
[39.306s][info][gc             ] GC(1028) Pause Full (Allocation Failure) 494M->407M(494M) 20.402ms
[39.306s][info][gc,cpu         ] GC(1028) User=0.02s Sys=0.00s Real=0.02s
[39.317s][info][gc,start       ] GC(1029) Pause Full (Allocation Failure)
[39.317s][info][gc,phases,start] GC(1029) Phase 1: Mark live objects
[39.326s][info][gc,phases      ] GC(1029) Phase 1: Mark live objects 8.762ms
[39.326s][info][gc,phases,start] GC(1029) Phase 2: Compute new object addresses
[39.329s][info][gc,phases      ] GC(1029) Phase 2: Compute new object addresses 3.685ms
[39.329s][info][gc,phases,start] GC(1029) Phase 3: Adjust pointers
[39.335s][info][gc,phases      ] GC(1029) Phase 3: Adjust pointers 5.599ms
[39.335s][info][gc,phases,start] GC(1029) Phase 4: Move objects
[39.336s][info][gc,phases      ] GC(1029) Phase 4: Move objects 1.030ms
[39.336s][info][gc,heap        ] GC(1029) DefNew: 156727K(157248K)->66426K(157248K) Eden: 139776K(139776K)->66426K(139776K) From: 16951K(17472K)->0K(17472K)
[39.336s][info][gc,heap        ] GC(1029) Tenured: 349552K(349568K)->349552K(349568K)
[39.336s][info][gc,metaspace   ] GC(1029) Metaspace: 31040K(31424K)->31040K(31424K) NonClass: 27761K(27968K)->27761K(27968K) Class: 3278K(3456K)->3278K(3456K)
[39.336s][info][gc             ] GC(1029) Pause Full (Allocation Failure) 494M->406M(494M) 19.413ms
[39.336s][info][gc,cpu         ] GC(1029) User=0.02s Sys=0.00s Real=0.02s
[39.348s][info][gc,start       ] GC(1030) Pause Full (Allocation Failure)
[39.349s][info][gc,phases,start] GC(1030) Phase 1: Mark live objects
[39.356s][info][gc,phases      ] GC(1030) Phase 1: Mark live objects 7.966ms
[39.357s][info][gc,phases,start] GC(1030) Phase 2: Compute new object addresses
[39.360s][info][gc,phases      ] GC(1030) Phase 2: Compute new object addresses 3.422ms
[39.360s][info][gc,phases,start] GC(1030) Phase 3: Adjust pointers
[39.365s][info][gc,phases      ] GC(1030) Phase 3: Adjust pointers 5.253ms
[39.365s][info][gc,phases,start] GC(1030) Phase 4: Move objects
[39.366s][info][gc,phases      ] GC(1030) Phase 4: Move objects 1.120ms
[39.367s][info][gc,heap        ] GC(1030) DefNew: 157138K(157248K)->68011K(157248K) Eden: 139776K(139776K)->68011K(139776K) From: 17362K(17472K)->0K(17472K)
[39.367s][info][gc,heap        ] GC(1030) Tenured: 349552K(349568K)->349552K(349568K)
[39.367s][info][gc,metaspace   ] GC(1030) Metaspace: 31040K(31424K)->31040K(31424K) NonClass: 27761K(27968K)->27761K(27968K) Class: 3278K(3456K)->3278K(3456K)
[39.367s][info][gc             ] GC(1030) Pause Full (Allocation Failure) 494M->407M(494M) 18.082ms
[39.367s][info][gc,cpu         ] GC(1030) User=0.02s Sys=0.00s Real=0.02s
[39.377s][info][gc,start       ] GC(1031) Pause Full (Allocation Failure)
[39.377s][info][gc,phases,start] GC(1031) Phase 1: Mark live objects
[39.385s][info][gc,phases      ] GC(1031) Phase 1: Mark live objects 7.632ms
[39.385s][info][gc,phases,start] GC(1031) Phase 2: Compute new object addresses
[39.388s][info][gc,phases      ] GC(1031) Phase 2: Compute new object addresses 3.459ms
[39.388s][info][gc,phases,start] GC(1031) Phase 3: Adjust pointers
[39.394s][info][gc,phases      ] GC(1031) Phase 3: Adjust pointers 5.247ms
[39.394s][info][gc,phases,start] GC(1031) Phase 4: Move objects
[39.395s][info][gc,phases      ] GC(1031) Phase 4: Move objects 0.959ms
[39.395s][info][gc,heap        ] GC(1031) DefNew: 157090K(157248K)->65731K(157248K) Eden: 139776K(139776K)->65731K(139776K) From: 17314K(17472K)->0K(17472K)
[39.395s][info][gc,heap        ] GC(1031) Tenured: 349552K(349568K)->349552K(349568K)
[39.395s][info][gc,metaspace   ] GC(1031) Metaspace: 31040K(31424K)->31040K(31424K) NonClass: 27761K(27968K)->27761K(27968K) Class: 3278K(3456K)->3278K(3456K)
[39.395s][info][gc             ] GC(1031) Pause Full (Allocation Failure) 494M->405M(494M) 17.622ms
[39.395s][info][gc,cpu         ] GC(1031) User=0.02s Sys=0.00s Real=0.01s
[39.406s][info][gc,start       ] GC(1032) Pause Full (Allocation Failure)
[39.406s][info][gc,phases,start] GC(1032) Phase 1: Mark live objects
[39.415s][info][gc,phases      ] GC(1032) Phase 1: Mark live objects 8.802ms
[39.415s][info][gc,phases,start] GC(1032) Phase 2: Compute new object addresses
[39.419s][info][gc,phases      ] GC(1032) Phase 2: Compute new object addresses 4.513ms
[39.419s][info][gc,phases,start] GC(1032) Phase 3: Adjust pointers
[39.426s][info][gc,phases      ] GC(1032) Phase 3: Adjust pointers 6.811ms
[39.426s][info][gc,phases,start] GC(1032) Phase 4: Move objects
[39.427s][info][gc,phases      ] GC(1032) Phase 4: Move objects 1.118ms
[39.427s][info][gc,heap        ] GC(1032) DefNew: 157100K(157248K)->66673K(157248K) Eden: 139776K(139776K)->66673K(139776K) From: 17324K(17472K)->0K(17472K)
[39.427s][info][gc,heap        ] GC(1032) Tenured: 349552K(349568K)->349552K(349568K)
[39.427s][info][gc,metaspace   ] GC(1032) Metaspace: 31040K(31424K)->31040K(31424K) NonClass: 27761K(27968K)->27761K(27968K) Class: 3278K(3456K)->3278K(3456K)
[39.427s][info][gc             ] GC(1032) Pause Full (Allocation Failure) 494M->406M(494M) 21.672ms
[39.427s][info][gc,cpu         ] GC(1032) User=0.02s Sys=0.00s Real=0.02s
[39.438s][info][gc,start       ] GC(1033) Pause Full (Allocation Failure)
[39.438s][info][gc,phases,start] GC(1033) Phase 1: Mark live objects
[39.446s][info][gc,phases      ] GC(1033) Phase 1: Mark live objects 8.541ms
[39.446s][info][gc,phases,start] GC(1033) Phase 2: Compute new object addresses
[39.450s][info][gc,phases      ] GC(1033) Phase 2: Compute new object addresses 3.562ms
[39.450s][info][gc,phases,start] GC(1033) Phase 3: Adjust pointers
[39.456s][info][gc,phases      ] GC(1033) Phase 3: Adjust pointers 5.681ms
[39.456s][info][gc,phases,start] GC(1033) Phase 4: Move objects
[39.458s][info][gc,phases      ] GC(1033) Phase 4: Move objects 1.699ms
[39.458s][info][gc,heap        ] GC(1033) DefNew: 156649K(157248K)->69825K(157248K) Eden: 139776K(139776K)->69825K(139776K) From: 16873K(17472K)->0K(17472K)
[39.458s][info][gc,heap        ] GC(1033) Tenured: 349552K(349568K)->349552K(349568K)
[39.458s][info][gc,metaspace   ] GC(1033) Metaspace: 31040K(31424K)->31040K(31424K) NonClass: 27761K(27968K)->27761K(27968K) Class: 3278K(3456K)->3278K(3456K)
[39.458s][info][gc             ] GC(1033) Pause Full (Allocation Failure) 494M->409M(494M) 19.920ms
[39.458s][info][gc,cpu         ] GC(1033) User=0.02s Sys=0.00s Real=0.02s
[39.468s][info][gc,start       ] GC(1034) Pause Full (Allocation Failure)
[39.468s][info][gc,phases,start] GC(1034) Phase 1: Mark live objects
[39.476s][info][gc,phases      ] GC(1034) Phase 1: Mark live objects 7.828ms
[39.476s][info][gc,phases,start] GC(1034) Phase 2: Compute new object addresses
[39.480s][info][gc,phases      ] GC(1034) Phase 2: Compute new object addresses 3.633ms
[39.480s][info][gc,phases,start] GC(1034) Phase 3: Adjust pointers
[39.486s][info][gc,phases      ] GC(1034) Phase 3: Adjust pointers 5.886ms
[39.486s][info][gc,phases,start] GC(1034) Phase 4: Move objects
[39.487s][info][gc,phases      ] GC(1034) Phase 4: Move objects 0.955ms
[39.487s][info][gc,heap        ] GC(1034) DefNew: 156818K(157248K)->64971K(157248K) Eden: 139776K(139776K)->64971K(139776K) From: 17042K(17472K)->0K(17472K)
[39.487s][info][gc,heap        ] GC(1034) Tenured: 349552K(349568K)->349552K(349568K)
[39.487s][info][gc,metaspace   ] GC(1034) Metaspace: 31040K(31424K)->31040K(31424K) NonClass: 27761K(27968K)->27761K(27968K) Class: 3278K(3456K)->3278K(3456K)
[39.487s][info][gc             ] GC(1034) Pause Full (Allocation Failure) 494M->404M(494M) 18.644ms
[39.487s][info][gc,cpu         ] GC(1034) User=0.01s Sys=0.00s Real=0.02s
[39.498s][info][gc,start       ] GC(1035) Pause Full (Allocation Failure)
[39.498s][info][gc,phases,start] GC(1035) Phase 1: Mark live objects
[39.506s][info][gc,phases      ] GC(1035) Phase 1: Mark live objects 7.922ms
[39.506s][info][gc,phases,start] GC(1035) Phase 2: Compute new object addresses
[39.509s][info][gc,phases      ] GC(1035) Phase 2: Compute new object addresses 3.333ms
[39.509s][info][gc,phases,start] GC(1035) Phase 3: Adjust pointers
[39.514s][info][gc,phases      ] GC(1035) Phase 3: Adjust pointers 4.945ms
[39.514s][info][gc,phases,start] GC(1035) Phase 4: Move objects
[39.516s][info][gc,phases      ] GC(1035) Phase 4: Move objects 1.293ms
[39.516s][info][gc,heap        ] GC(1035) DefNew: 157220K(157248K)->68977K(157248K) Eden: 139776K(139776K)->68977K(139776K) From: 17444K(17472K)->0K(17472K)
[39.516s][info][gc,heap        ] GC(1035) Tenured: 349552K(349568K)->349552K(349568K)
[39.516s][info][gc,metaspace   ] GC(1035) Metaspace: 31040K(31424K)->31040K(31424K) NonClass: 27761K(27968K)->27761K(27968K) Class: 3278K(3456K)->3278K(3456K)
[39.516s][info][gc             ] GC(1035) Pause Full (Allocation Failure) 494M->408M(494M) 17.814ms
[39.516s][info][gc,cpu         ] GC(1035) User=0.02s Sys=0.00s Real=0.02s
[39.526s][info][gc,start       ] GC(1036) Pause Full (Allocation Failure)
[39.526s][info][gc,phases,start] GC(1036) Phase 1: Mark live objects
[39.534s][info][gc,phases      ] GC(1036) Phase 1: Mark live objects 8.158ms
[39.534s][info][gc,phases,start] GC(1036) Phase 2: Compute new object addresses
[39.538s][info][gc,phases      ] GC(1036) Phase 2: Compute new object addresses 3.544ms
[39.538s][info][gc,phases,start] GC(1036) Phase 3: Adjust pointers
[39.543s][info][gc,phases      ] GC(1036) Phase 3: Adjust pointers 5.302ms
[39.543s][info][gc,phases,start] GC(1036) Phase 4: Move objects
[39.544s][info][gc,phases      ] GC(1036) Phase 4: Move objects 1.028ms
[39.544s][info][gc,heap        ] GC(1036) DefNew: 157020K(157248K)->65961K(157248K) Eden: 139776K(139776K)->65961K(139776K) From: 17244K(17472K)->0K(17472K)
[39.545s][info][gc,heap        ] GC(1036) Tenured: 349552K(349568K)->349552K(349568K)
[39.545s][info][gc,metaspace   ] GC(1036) Metaspace: 31040K(31424K)->31040K(31424K) NonClass: 27761K(27968K)->27761K(27968K) Class: 3278K(3456K)->3278K(3456K)
[39.545s][info][gc             ] GC(1036) Pause Full (Allocation Failure) 494M->405M(494M) 18.377ms
[39.545s][info][gc,cpu         ] GC(1036) User=0.02s Sys=0.00s Real=0.02s
[39.556s][info][gc,start       ] GC(1037) Pause Full (Allocation Failure)
[39.556s][info][gc,phases,start] GC(1037) Phase 1: Mark live objects
[39.564s][info][gc,phases      ] GC(1037) Phase 1: Mark live objects 8.031ms
[39.564s][info][gc,phases,start] GC(1037) Phase 2: Compute new object addresses
[39.567s][info][gc,phases      ] GC(1037) Phase 2: Compute new object addresses 3.298ms
[39.567s][info][gc,phases,start] GC(1037) Phase 3: Adjust pointers
[39.572s][info][gc,phases      ] GC(1037) Phase 3: Adjust pointers 5.030ms
[39.572s][info][gc,phases,start] GC(1037) Phase 4: Move objects
[39.573s][info][gc,phases      ] GC(1037) Phase 4: Move objects 1.077ms
[39.573s][info][gc,heap        ] GC(1037) DefNew: 157070K(157248K)->67535K(157248K) Eden: 139776K(139776K)->67535K(139776K) From: 17294K(17472K)->0K(17472K)
[39.573s][info][gc,heap        ] GC(1037) Tenured: 349552K(349568K)->349552K(349568K)
[39.574s][info][gc,metaspace   ] GC(1037) Metaspace: 31040K(31424K)->31040K(31424K) NonClass: 27761K(27968K)->27761K(27968K) Class: 3278K(3456K)->3278K(3456K)
[39.574s][info][gc             ] GC(1037) Pause Full (Allocation Failure) 494M->407M(494M) 17.808ms
[39.574s][info][gc,cpu         ] GC(1037) User=0.01s Sys=0.00s Real=0.02s
[39.584s][info][gc,start       ] GC(1038) Pause Full (Allocation Failure)
[39.584s][info][gc,phases,start] GC(1038) Phase 1: Mark live objects
[39.592s][info][gc,phases      ] GC(1038) Phase 1: Mark live objects 7.895ms
[39.592s][info][gc,phases,start] GC(1038) Phase 2: Compute new object addresses
[39.595s][info][gc,phases      ] GC(1038) Phase 2: Compute new object addresses 3.424ms
[39.595s][info][gc,phases,start] GC(1038) Phase 3: Adjust pointers
[39.600s][info][gc,phases      ] GC(1038) Phase 3: Adjust pointers 5.178ms
[39.601s][info][gc,phases,start] GC(1038) Phase 4: Move objects
[39.601s][info][gc,phases      ] GC(1038) Phase 4: Move objects 0.960ms
[39.602s][info][gc,heap        ] GC(1038) DefNew: 157033K(157248K)->66414K(157248K) Eden: 139776K(139776K)->66414K(139776K) From: 17257K(17472K)->0K(17472K)
[39.602s][info][gc,heap        ] GC(1038) Tenured: 349552K(349568K)->349552K(349568K)
[39.602s][info][gc,metaspace   ] GC(1038) Metaspace: 31040K(31424K)->31040K(31424K) NonClass: 27761K(27968K)->27761K(27968K) Class: 3278K(3456K)->3278K(3456K)
[39.602s][info][gc             ] GC(1038) Pause Full (Allocation Failure) 494M->406M(494M) 17.843ms
[39.602s][info][gc,cpu         ] GC(1038) User=0.02s Sys=0.00s Real=0.01s
[39.612s][info][gc,start       ] GC(1039) Pause Full (Allocation Failure)
[39.613s][info][gc,phases,start] GC(1039) Phase 1: Mark live objects
[39.621s][info][gc,phases      ] GC(1039) Phase 1: Mark live objects 8.087ms
[39.621s][info][gc,phases,start] GC(1039) Phase 2: Compute new object addresses
[39.624s][info][gc,phases      ] GC(1039) Phase 2: Compute new object addresses 3.673ms
[39.624s][info][gc,phases,start] GC(1039) Phase 3: Adjust pointers
[39.630s][info][gc,phases      ] GC(1039) Phase 3: Adjust pointers 5.656ms
[39.630s][info][gc,phases,start] GC(1039) Phase 4: Move objects
[39.631s][info][gc,phases      ] GC(1039) Phase 4: Move objects 0.915ms
[39.631s][info][gc,heap        ] GC(1039) DefNew: 156569K(157248K)->64930K(157248K) Eden: 139776K(139776K)->64930K(139776K) From: 16793K(17472K)->0K(17472K)
[39.631s][info][gc,heap        ] GC(1039) Tenured: 349552K(349568K)->349552K(349568K)
[39.631s][info][gc,metaspace   ] GC(1039) Metaspace: 31040K(31424K)->31040K(31424K) NonClass: 27761K(27968K)->27761K(27968K) Class: 3278K(3456K)->3278K(3456K)
[39.631s][info][gc             ] GC(1039) Pause Full (Allocation Failure) 494M->404M(494M) 18.700ms
[39.631s][info][gc,cpu         ] GC(1039) User=0.02s Sys=0.00s Real=0.02s
[39.644s][info][gc,start       ] GC(1040) Pause Full (Allocation Failure)
[39.645s][info][gc,phases,start] GC(1040) Phase 1: Mark live objects
[39.653s][info][gc,phases      ] GC(1040) Phase 1: Mark live objects 8.221ms
[39.653s][info][gc,phases,start] GC(1040) Phase 2: Compute new object addresses
[39.658s][info][gc,phases      ] GC(1040) Phase 2: Compute new object addresses 4.990ms
[39.658s][info][gc,phases,start] GC(1040) Phase 3: Adjust pointers
[39.665s][info][gc,phases      ] GC(1040) Phase 3: Adjust pointers 6.773ms
[39.665s][info][gc,phases,start] GC(1040) Phase 4: Move objects
[39.666s][info][gc,phases      ] GC(1040) Phase 4: Move objects 0.967ms
[39.666s][info][gc,heap        ] GC(1040) DefNew: 157181K(157248K)->64676K(157248K) Eden: 139776K(139776K)->64676K(139776K) From: 17405K(17472K)->0K(17472K)
[39.666s][info][gc,heap        ] GC(1040) Tenured: 349552K(349568K)->349552K(349568K)
[39.666s][info][gc,metaspace   ] GC(1040) Metaspace: 31040K(31424K)->31040K(31424K) NonClass: 27761K(27968K)->27761K(27968K) Class: 3278K(3456K)->3278K(3456K)
[39.666s][info][gc             ] GC(1040) Pause Full (Allocation Failure) 494M->404M(494M) 21.348ms
[39.666s][info][gc,cpu         ] GC(1040) User=0.03s Sys=0.00s Real=0.02s
[39.676s][info][gc,start       ] GC(1041) Pause Full (Allocation Failure)
[39.676s][info][gc,phases,start] GC(1041) Phase 1: Mark live objects
[39.685s][info][gc,phases      ] GC(1041) Phase 1: Mark live objects 8.307ms
[39.685s][info][gc,phases,start] GC(1041) Phase 2: Compute new object addresses
[39.688s][info][gc,phases      ] GC(1041) Phase 2: Compute new object addresses 3.672ms
[39.688s][info][gc,phases,start] GC(1041) Phase 3: Adjust pointers
[39.694s][info][gc,phases      ] GC(1041) Phase 3: Adjust pointers 5.328ms
[39.694s][info][gc,phases,start] GC(1041) Phase 4: Move objects
[39.695s][info][gc,phases      ] GC(1041) Phase 4: Move objects 1.123ms
[39.695s][info][gc,heap        ] GC(1041) DefNew: 156590K(157248K)->68458K(157248K) Eden: 139776K(139776K)->68458K(139776K) From: 16814K(17472K)->0K(17472K)
[39.695s][info][gc,heap        ] GC(1041) Tenured: 349552K(349568K)->349552K(349568K)
[39.695s][info][gc,metaspace   ] GC(1041) Metaspace: 31040K(31424K)->31040K(31424K) NonClass: 27761K(27968K)->27761K(27968K) Class: 3278K(3456K)->3278K(3456K)
[39.695s][info][gc             ] GC(1041) Pause Full (Allocation Failure) 494M->408M(494M) 18.826ms
[39.695s][info][gc,cpu         ] GC(1041) User=0.02s Sys=0.00s Real=0.01s
[39.705s][info][gc,start       ] GC(1042) Pause Full (Allocation Failure)
[39.705s][info][gc,phases,start] GC(1042) Phase 1: Mark live objects
[39.714s][info][gc,phases      ] GC(1042) Phase 1: Mark live objects 8.603ms
[39.714s][info][gc,phases,start] GC(1042) Phase 2: Compute new object addresses
[39.718s][info][gc,phases      ] GC(1042) Phase 2: Compute new object addresses 3.730ms
[39.718s][info][gc,phases,start] GC(1042) Phase 3: Adjust pointers
[39.723s][info][gc,phases      ] GC(1042) Phase 3: Adjust pointers 5.605ms
[39.724s][info][gc,phases,start] GC(1042) Phase 4: Move objects
[39.725s][info][gc,phases      ] GC(1042) Phase 4: Move objects 1.051ms
[39.725s][info][gc,heap        ] GC(1042) DefNew: 156492K(157248K)->64934K(157248K) Eden: 139776K(139776K)->64934K(139776K) From: 16716K(17472K)->0K(17472K)
[39.725s][info][gc,heap        ] GC(1042) Tenured: 349552K(349568K)->349552K(349568K)
[39.725s][info][gc,metaspace   ] GC(1042) Metaspace: 31040K(31424K)->31040K(31424K) NonClass: 27761K(27968K)->27761K(27968K) Class: 3278K(3456K)->3278K(3456K)
[39.725s][info][gc             ] GC(1042) Pause Full (Allocation Failure) 494M->404M(494M) 19.386ms
[39.725s][info][gc,cpu         ] GC(1042) User=0.02s Sys=0.00s Real=0.02s
[39.735s][info][gc,start       ] GC(1043) Pause Full (Allocation Failure)
[39.735s][info][gc,phases,start] GC(1043) Phase 1: Mark live objects
[39.744s][info][gc,phases      ] GC(1043) Phase 1: Mark live objects 8.298ms
[39.744s][info][gc,phases,start] GC(1043) Phase 2: Compute new object addresses
[39.747s][info][gc,phases      ] GC(1043) Phase 2: Compute new object addresses 3.347ms
[39.747s][info][gc,phases,start] GC(1043) Phase 3: Adjust pointers
[39.752s][info][gc,phases      ] GC(1043) Phase 3: Adjust pointers 5.095ms
[39.752s][info][gc,phases,start] GC(1043) Phase 4: Move objects
[39.753s][info][gc,phases      ] GC(1043) Phase 4: Move objects 0.994ms
[39.753s][info][gc,heap        ] GC(1043) DefNew: 156897K(157248K)->66501K(157248K) Eden: 139776K(139776K)->66501K(139776K) From: 17121K(17472K)->0K(17472K)
[39.753s][info][gc,heap        ] GC(1043) Tenured: 349552K(349568K)->349552K(349568K)
[39.753s][info][gc,metaspace   ] GC(1043) Metaspace: 31040K(31424K)->31040K(31424K) NonClass: 27761K(27968K)->27761K(27968K) Class: 3278K(3456K)->3278K(3456K)
[39.753s][info][gc             ] GC(1043) Pause Full (Allocation Failure) 494M->406M(494M) 18.054ms
[39.753s][info][gc,cpu         ] GC(1043) User=0.02s Sys=0.00s Real=0.02s
[39.764s][info][gc,start       ] GC(1044) Pause Full (Allocation Failure)
[39.764s][info][gc,phases,start] GC(1044) Phase 1: Mark live objects
[39.772s][info][gc,phases      ] GC(1044) Phase 1: Mark live objects 8.007ms
[39.772s][info][gc,phases,start] GC(1044) Phase 2: Compute new object addresses
[39.776s][info][gc,phases      ] GC(1044) Phase 2: Compute new object addresses 4.219ms
[39.776s][info][gc,phases,start] GC(1044) Phase 3: Adjust pointers
[39.783s][info][gc,phases      ] GC(1044) Phase 3: Adjust pointers 6.549ms
[39.783s][info][gc,phases,start] GC(1044) Phase 4: Move objects
[39.784s][info][gc,phases      ] GC(1044) Phase 4: Move objects 1.222ms
[39.784s][info][gc,heap        ] GC(1044) DefNew: 157013K(157248K)->67032K(157248K) Eden: 139776K(139776K)->67032K(139776K) From: 17237K(17472K)->0K(17472K)
[39.784s][info][gc,heap        ] GC(1044) Tenured: 349552K(349568K)->349552K(349568K)
[39.784s][info][gc,metaspace   ] GC(1044) Metaspace: 31040K(31424K)->31040K(31424K) NonClass: 27761K(27968K)->27761K(27968K) Class: 3278K(3456K)->3278K(3456K)
[39.784s][info][gc             ] GC(1044) Pause Full (Allocation Failure) 494M->406M(494M) 20.412ms
[39.784s][info][gc,cpu         ] GC(1044) User=0.02s Sys=0.00s Real=0.03s
[39.797s][info][gc,start       ] GC(1045) Pause Full (Allocation Failure)
[39.797s][info][gc,phases,start] GC(1045) Phase 1: Mark live objects
[39.806s][info][gc,phases      ] GC(1045) Phase 1: Mark live objects 8.755ms
[39.806s][info][gc,phases,start] GC(1045) Phase 2: Compute new object addresses
[39.809s][info][gc,phases      ] GC(1045) Phase 2: Compute new object addresses 3.584ms
[39.809s][info][gc,phases,start] GC(1045) Phase 3: Adjust pointers
[39.815s][info][gc,phases      ] GC(1045) Phase 3: Adjust pointers 5.555ms
[39.815s][info][gc,phases,start] GC(1045) Phase 4: Move objects
[39.816s][info][gc,phases      ] GC(1045) Phase 4: Move objects 0.855ms
[39.816s][info][gc,heap        ] GC(1045) DefNew: 157136K(157248K)->65127K(157248K) Eden: 139775K(139776K)->65127K(139776K) From: 17360K(17472K)->0K(17472K)
[39.816s][info][gc,heap        ] GC(1045) Tenured: 349552K(349568K)->349552K(349568K)
[39.816s][info][gc,metaspace   ] GC(1045) Metaspace: 31040K(31424K)->31040K(31424K) NonClass: 27761K(27968K)->27761K(27968K) Class: 3278K(3456K)->3278K(3456K)
[39.816s][info][gc             ] GC(1045) Pause Full (Allocation Failure) 494M->404M(494M) 19.134ms
[39.816s][info][gc,cpu         ] GC(1045) User=0.02s Sys=0.00s Real=0.02s
[39.826s][info][gc,start       ] GC(1046) Pause Full (Allocation Failure)
[39.826s][info][gc,phases,start] GC(1046) Phase 1: Mark live objects
[39.835s][info][gc,phases      ] GC(1046) Phase 1: Mark live objects 8.980ms
[39.835s][info][gc,phases,start] GC(1046) Phase 2: Compute new object addresses
[39.840s][info][gc,phases      ] GC(1046) Phase 2: Compute new object addresses 4.570ms
[39.840s][info][gc,phases,start] GC(1046) Phase 3: Adjust pointers
[39.846s][info][gc,phases      ] GC(1046) Phase 3: Adjust pointers 6.352ms
[39.846s][info][gc,phases,start] GC(1046) Phase 4: Move objects
[39.848s][info][gc,phases      ] GC(1046) Phase 4: Move objects 1.300ms
[39.848s][info][gc,heap        ] GC(1046) DefNew: 157008K(157248K)->67760K(157248K) Eden: 139776K(139776K)->67760K(139776K) From: 17232K(17472K)->0K(17472K)
[39.848s][info][gc,heap        ] GC(1046) Tenured: 349552K(349568K)->349552K(349568K)
[39.848s][info][gc,metaspace   ] GC(1046) Metaspace: 31040K(31424K)->31040K(31424K) NonClass: 27761K(27968K)->27761K(27968K) Class: 3278K(3456K)->3278K(3456K)
[39.848s][info][gc             ] GC(1046) Pause Full (Allocation Failure) 494M->407M(494M) 21.631ms
[39.848s][info][gc,cpu         ] GC(1046) User=0.03s Sys=0.00s Real=0.02s
[39.860s][info][gc,start       ] GC(1047) Pause Full (Allocation Failure)
[39.860s][info][gc,phases,start] GC(1047) Phase 1: Mark live objects
[39.869s][info][gc,phases      ] GC(1047) Phase 1: Mark live objects 8.761ms
[39.869s][info][gc,phases,start] GC(1047) Phase 2: Compute new object addresses
[39.872s][info][gc,phases      ] GC(1047) Phase 2: Compute new object addresses 3.586ms
[39.872s][info][gc,phases,start] GC(1047) Phase 3: Adjust pointers
[39.878s][info][gc,phases      ] GC(1047) Phase 3: Adjust pointers 5.198ms
[39.878s][info][gc,phases,start] GC(1047) Phase 4: Move objects
[39.879s][info][gc,phases      ] GC(1047) Phase 4: Move objects 1.237ms
[39.879s][info][gc,heap        ] GC(1047) DefNew: 157002K(157248K)->68292K(157248K) Eden: 139776K(139776K)->68292K(139776K) From: 17226K(17472K)->0K(17472K)
[39.879s][info][gc,heap        ] GC(1047) Tenured: 349552K(349568K)->349552K(349568K)
[39.879s][info][gc,metaspace   ] GC(1047) Metaspace: 31040K(31424K)->31040K(31424K) NonClass: 27761K(27968K)->27761K(27968K) Class: 3278K(3456K)->3278K(3456K)
[39.879s][info][gc             ] GC(1047) Pause Full (Allocation Failure) 494M->408M(494M) 19.140ms
[39.879s][info][gc,cpu         ] GC(1047) User=0.01s Sys=0.00s Real=0.02s
[39.890s][info][gc,start       ] GC(1048) Pause Full (Allocation Failure)
[39.890s][info][gc,phases,start] GC(1048) Phase 1: Mark live objects
[39.897s][info][gc,phases      ] GC(1048) Phase 1: Mark live objects 7.776ms
[39.897s][info][gc,phases,start] GC(1048) Phase 2: Compute new object addresses
[39.901s][info][gc,phases      ] GC(1048) Phase 2: Compute new object addresses 3.254ms
[39.901s][info][gc,phases,start] GC(1048) Phase 3: Adjust pointers
[39.906s][info][gc,phases      ] GC(1048) Phase 3: Adjust pointers 4.989ms
[39.906s][info][gc,phases,start] GC(1048) Phase 4: Move objects
[39.907s][info][gc,phases      ] GC(1048) Phase 4: Move objects 0.754ms
[39.907s][info][gc,heap        ] GC(1048) DefNew: 156573K(157248K)->64088K(157248K) Eden: 139776K(139776K)->64088K(139776K) From: 16797K(17472K)->0K(17472K)
[39.907s][info][gc,heap        ] GC(1048) Tenured: 349552K(349568K)->349552K(349568K)
[39.907s][info][gc,metaspace   ] GC(1048) Metaspace: 31040K(31424K)->31040K(31424K) NonClass: 27761K(27968K)->27761K(27968K) Class: 3278K(3456K)->3278K(3456K)
[39.907s][info][gc             ] GC(1048) Pause Full (Allocation Failure) 494M->403M(494M) 17.105ms
[39.907s][info][gc,cpu         ] GC(1048) User=0.02s Sys=0.00s Real=0.02s
[39.917s][info][gc,start       ] GC(1049) Pause Full (Allocation Failure)
[39.917s][info][gc,phases,start] GC(1049) Phase 1: Mark live objects
[39.925s][info][gc,phases      ] GC(1049) Phase 1: Mark live objects 7.820ms
[39.925s][info][gc,phases,start] GC(1049) Phase 2: Compute new object addresses
[39.928s][info][gc,phases      ] GC(1049) Phase 2: Compute new object addresses 3.526ms
[39.928s][info][gc,phases,start] GC(1049) Phase 3: Adjust pointers
[39.934s][info][gc,phases      ] GC(1049) Phase 3: Adjust pointers 5.177ms
[39.934s][info][gc,phases,start] GC(1049) Phase 4: Move objects
[39.935s][info][gc,phases      ] GC(1049) Phase 4: Move objects 0.958ms
[39.935s][info][gc,heap        ] GC(1049) DefNew: 156241K(157248K)->65212K(157248K) Eden: 139776K(139776K)->65212K(139776K) From: 16465K(17472K)->0K(17472K)
[39.935s][info][gc,heap        ] GC(1049) Tenured: 349552K(349568K)->349552K(349568K)
[39.935s][info][gc,metaspace   ] GC(1049) Metaspace: 31040K(31424K)->31040K(31424K) NonClass: 27761K(27968K)->27761K(27968K) Class: 3278K(3456K)->3278K(3456K)
[39.935s][info][gc             ] GC(1049) Pause Full (Allocation Failure) 493M->405M(494M) 17.808ms
[39.935s][info][gc,cpu         ] GC(1049) User=0.01s Sys=0.00s Real=0.01s
[39.943s][info][gc,start       ] GC(1050) Pause Full (Allocation Failure)
[39.943s][info][gc,phases,start] GC(1050) Phase 1: Mark live objects
[39.953s][info][gc,phases      ] GC(1050) Phase 1: Mark live objects 9.597ms
[39.953s][info][gc,phases,start] GC(1050) Phase 2: Compute new object addresses
[39.956s][info][gc,phases      ] GC(1050) Phase 2: Compute new object addresses 3.433ms
[39.956s][info][gc,phases,start] GC(1050) Phase 3: Adjust pointers
[39.962s][info][gc,phases      ] GC(1050) Phase 3: Adjust pointers 5.191ms
[39.962s][info][gc,phases,start] GC(1050) Phase 4: Move objects
[39.963s][info][gc,phases      ] GC(1050) Phase 4: Move objects 1.308ms
[39.963s][info][gc,heap        ] GC(1050) DefNew: 156866K(157248K)->69740K(157248K) Eden: 139776K(139776K)->69740K(139776K) From: 17090K(17472K)->0K(17472K)
[39.963s][info][gc,heap        ] GC(1050) Tenured: 349552K(349568K)->349552K(349568K)
[39.963s][info][gc,metaspace   ] GC(1050) Metaspace: 31040K(31424K)->31040K(31424K) NonClass: 27761K(27968K)->27761K(27968K) Class: 3278K(3456K)->3278K(3456K)
[39.963s][info][gc             ] GC(1050) Pause Full (Allocation Failure) 494M->409M(494M) 19.878ms
[39.963s][info][gc,cpu         ] GC(1050) User=0.02s Sys=0.00s Real=0.02s
[39.974s][info][gc,start       ] GC(1051) Pause Full (Allocation Failure)
[39.974s][info][gc,phases,start] GC(1051) Phase 1: Mark live objects
[39.982s][info][gc,phases      ] GC(1051) Phase 1: Mark live objects 8.260ms
[39.982s][info][gc,phases,start] GC(1051) Phase 2: Compute new object addresses
[39.986s][info][gc,phases      ] GC(1051) Phase 2: Compute new object addresses 4.033ms
[39.986s][info][gc,phases,start] GC(1051) Phase 3: Adjust pointers
[39.992s][info][gc,phases      ] GC(1051) Phase 3: Adjust pointers 6.078ms
[39.992s][info][gc,phases,start] GC(1051) Phase 4: Move objects
[39.996s][info][gc,phases      ] GC(1051) Phase 4: Move objects 3.627ms
[39.996s][info][gc,heap        ] GC(1051) DefNew: 156569K(157248K)->65720K(157248K) Eden: 139776K(139776K)->65720K(139776K) From: 16793K(17472K)->0K(17472K)
[39.996s][info][gc,heap        ] GC(1051) Tenured: 349552K(349568K)->349552K(349568K)
[39.996s][info][gc,metaspace   ] GC(1051) Metaspace: 31040K(31424K)->31040K(31424K) NonClass: 27761K(27968K)->27761K(27968K) Class: 3278K(3456K)->3278K(3456K)
[39.996s][info][gc             ] GC(1051) Pause Full (Allocation Failure) 494M->405M(494M) 22.426ms
[39.996s][info][gc,cpu         ] GC(1051) User=0.03s Sys=0.00s Real=0.03s
[40.005s][info][gc,start       ] GC(1052) Pause Full (Allocation Failure)
[40.005s][info][gc,phases,start] GC(1052) Phase 1: Mark live objects
[40.015s][info][gc,phases      ] GC(1052) Phase 1: Mark live objects 10.193ms
[40.015s][info][gc,phases,start] GC(1052) Phase 2: Compute new object addresses
[40.019s][info][gc,phases      ] GC(1052) Phase 2: Compute new object addresses 4.034ms
[40.019s][info][gc,phases,start] GC(1052) Phase 3: Adjust pointers
[40.025s][info][gc,phases      ] GC(1052) Phase 3: Adjust pointers 5.761ms
[40.025s][info][gc,phases,start] GC(1052) Phase 4: Move objects
[40.027s][info][gc,phases      ] GC(1052) Phase 4: Move objects 1.388ms
[40.027s][info][gc,heap        ] GC(1052) DefNew: 157024K(157248K)->70784K(157248K) Eden: 139776K(139776K)->70784K(139776K) From: 17248K(17472K)->0K(17472K)
[40.027s][info][gc,heap        ] GC(1052) Tenured: 349552K(349568K)->349552K(349568K)
[40.027s][info][gc,metaspace   ] GC(1052) Metaspace: 31040K(31424K)->31040K(31424K) NonClass: 27761K(27968K)->27761K(27968K) Class: 3278K(3456K)->3278K(3456K)
[40.027s][info][gc             ] GC(1052) Pause Full (Allocation Failure) 494M->410M(494M) 21.738ms
[40.027s][info][gc,cpu         ] GC(1052) User=0.02s Sys=0.00s Real=0.02s
[40.041s][info][gc,start       ] GC(1053) Pause Full (Allocation Failure)
[40.041s][info][gc,phases,start] GC(1053) Phase 1: Mark live objects
[40.052s][info][gc,phases      ] GC(1053) Phase 1: Mark live objects 10.330ms
[40.052s][info][gc,phases,start] GC(1053) Phase 2: Compute new object addresses
[40.055s][info][gc,phases      ] GC(1053) Phase 2: Compute new object addresses 3.527ms
[40.055s][info][gc,phases,start] GC(1053) Phase 3: Adjust pointers
[40.061s][info][gc,phases      ] GC(1053) Phase 3: Adjust pointers 5.949ms
[40.061s][info][gc,phases,start] GC(1053) Phase 4: Move objects
[40.063s][info][gc,phases      ] GC(1053) Phase 4: Move objects 1.759ms
[40.063s][info][gc,heap        ] GC(1053) DefNew: 157087K(157248K)->73624K(157248K) Eden: 139776K(139776K)->73624K(139776K) From: 17311K(17472K)->0K(17472K)
[40.063s][info][gc,heap        ] GC(1053) Tenured: 349552K(349568K)->349552K(349568K)
[40.063s][info][gc,metaspace   ] GC(1053) Metaspace: 31040K(31424K)->31040K(31424K) NonClass: 27761K(27968K)->27761K(27968K) Class: 3278K(3456K)->3278K(3456K)
[40.063s][info][gc             ] GC(1053) Pause Full (Allocation Failure) 494M->413M(494M) 22.000ms
[40.063s][info][gc,cpu         ] GC(1053) User=0.02s Sys=0.00s Real=0.02s
[40.074s][info][gc,start       ] GC(1054) Pause Full (Allocation Failure)
[40.074s][info][gc,phases,start] GC(1054) Phase 1: Mark live objects
[40.082s][info][gc,phases      ] GC(1054) Phase 1: Mark live objects 7.941ms
[40.082s][info][gc,phases,start] GC(1054) Phase 2: Compute new object addresses
[40.085s][info][gc,phases      ] GC(1054) Phase 2: Compute new object addresses 3.237ms
[40.085s][info][gc,phases,start] GC(1054) Phase 3: Adjust pointers
[40.091s][info][gc,phases      ] GC(1054) Phase 3: Adjust pointers 5.887ms
[40.091s][info][gc,phases,start] GC(1054) Phase 4: Move objects
[40.093s][info][gc,phases      ] GC(1054) Phase 4: Move objects 1.767ms
[40.093s][info][gc,heap        ] GC(1054) DefNew: 156258K(157248K)->76127K(157248K) Eden: 139776K(139776K)->76127K(139776K) From: 16482K(17472K)->0K(17472K)
[40.093s][info][gc,heap        ] GC(1054) Tenured: 349552K(349568K)->349552K(349568K)
[40.093s][info][gc,metaspace   ] GC(1054) Metaspace: 31046K(31424K)->31046K(31424K) NonClass: 27767K(27968K)->27767K(27968K) Class: 3278K(3456K)->3278K(3456K)
[40.093s][info][gc             ] GC(1054) Pause Full (Allocation Failure) 493M->415M(494M) 19.288ms
[40.093s][info][gc,cpu         ] GC(1054) User=0.02s Sys=0.00s Real=0.02s
[40.104s][info][gc,start       ] GC(1055) Pause Full (Allocation Failure)
[40.104s][info][gc,phases,start] GC(1055) Phase 1: Mark live objects
[40.113s][info][gc,phases      ] GC(1055) Phase 1: Mark live objects 8.235ms
[40.113s][info][gc,phases,start] GC(1055) Phase 2: Compute new object addresses
[40.116s][info][gc,phases      ] GC(1055) Phase 2: Compute new object addresses 3.612ms
[40.116s][info][gc,phases,start] GC(1055) Phase 3: Adjust pointers
[40.123s][info][gc,phases      ] GC(1055) Phase 3: Adjust pointers 6.536ms
[40.123s][info][gc,phases,start] GC(1055) Phase 4: Move objects
[40.125s][info][gc,phases      ] GC(1055) Phase 4: Move objects 2.523ms
[40.126s][info][gc,heap        ] GC(1055) DefNew: 157122K(157248K)->76166K(157248K) Eden: 139776K(139776K)->76166K(139776K) From: 17346K(17472K)->0K(17472K)
[40.126s][info][gc,heap        ] GC(1055) Tenured: 349552K(349568K)->349552K(349568K)
[40.126s][info][gc,metaspace   ] GC(1055) Metaspace: 31046K(31424K)->31046K(31424K) NonClass: 27767K(27968K)->27767K(27968K) Class: 3278K(3456K)->3278K(3456K)
[40.126s][info][gc             ] GC(1055) Pause Full (Allocation Failure) 494M->415M(494M) 21.438ms
[40.126s][info][gc,cpu         ] GC(1055) User=0.03s Sys=0.00s Real=0.02s
[40.137s][info][gc,start       ] GC(1056) Pause Full (Allocation Failure)
[40.137s][info][gc,phases,start] GC(1056) Phase 1: Mark live objects
[40.146s][info][gc,phases      ] GC(1056) Phase 1: Mark live objects 8.878ms
[40.146s][info][gc,phases,start] GC(1056) Phase 2: Compute new object addresses
[40.149s][info][gc,phases      ] GC(1056) Phase 2: Compute new object addresses 3.729ms
[40.149s][info][gc,phases,start] GC(1056) Phase 3: Adjust pointers
[40.155s][info][gc,phases      ] GC(1056) Phase 3: Adjust pointers 5.804ms
[40.155s][info][gc,phases,start] GC(1056) Phase 4: Move objects
[40.157s][info][gc,phases      ] GC(1056) Phase 4: Move objects 1.842ms
[40.157s][info][gc,heap        ] GC(1056) DefNew: 156831K(157248K)->75944K(157248K) Eden: 139776K(139776K)->75944K(139776K) From: 17055K(17472K)->0K(17472K)
[40.157s][info][gc,heap        ] GC(1056) Tenured: 349552K(349568K)->349552K(349568K)
[40.157s][info][gc,metaspace   ] GC(1056) Metaspace: 31046K(31424K)->31046K(31424K) NonClass: 27767K(27968K)->27767K(27968K) Class: 3278K(3456K)->3278K(3456K)
[40.157s][info][gc             ] GC(1056) Pause Full (Allocation Failure) 494M->415M(494M) 20.622ms
[40.157s][info][gc,cpu         ] GC(1056) User=0.02s Sys=0.00s Real=0.02s
[40.168s][info][gc,start       ] GC(1057) Pause Full (Allocation Failure)
[40.168s][info][gc,phases,start] GC(1057) Phase 1: Mark live objects
[40.176s][info][gc,phases      ] GC(1057) Phase 1: Mark live objects 8.286ms
[40.176s][info][gc,phases,start] GC(1057) Phase 2: Compute new object addresses
[40.179s][info][gc,phases      ] GC(1057) Phase 2: Compute new object addresses 3.220ms
[40.179s][info][gc,phases,start] GC(1057) Phase 3: Adjust pointers
[40.185s][info][gc,phases      ] GC(1057) Phase 3: Adjust pointers 5.199ms
[40.185s][info][gc,phases,start] GC(1057) Phase 4: Move objects
[40.185s][info][gc,phases      ] GC(1057) Phase 4: Move objects 0.880ms
[40.186s][info][gc,heap        ] GC(1057) DefNew: 156624K(157248K)->75611K(157248K) Eden: 139776K(139776K)->75611K(139776K) From: 16848K(17472K)->0K(17472K)
[40.186s][info][gc,heap        ] GC(1057) Tenured: 349552K(349568K)->349552K(349568K)
[40.186s][info][gc,metaspace   ] GC(1057) Metaspace: 31046K(31424K)->31046K(31424K) NonClass: 27767K(27968K)->27767K(27968K) Class: 3278K(3456K)->3278K(3456K)
[40.186s][info][gc             ] GC(1057) Pause Full (Allocation Failure) 494M->415M(494M) 17.933ms
[40.186s][info][gc,cpu         ] GC(1057) User=0.02s Sys=0.01s Real=0.02s
[40.196s][info][gc,start       ] GC(1058) Pause Full (Allocation Failure)
[40.196s][info][gc,phases,start] GC(1058) Phase 1: Mark live objects
[40.204s][info][gc,phases      ] GC(1058) Phase 1: Mark live objects 8.055ms
[40.204s][info][gc,phases,start] GC(1058) Phase 2: Compute new object addresses
[40.208s][info][gc,phases      ] GC(1058) Phase 2: Compute new object addresses 3.427ms
[40.208s][info][gc,phases,start] GC(1058) Phase 3: Adjust pointers
[40.213s][info][gc,phases      ] GC(1058) Phase 3: Adjust pointers 5.526ms
[40.213s][info][gc,phases,start] GC(1058) Phase 4: Move objects
[40.214s][info][gc,phases      ] GC(1058) Phase 4: Move objects 1.010ms
[40.215s][info][gc,heap        ] GC(1058) DefNew: 156864K(157248K)->76201K(157248K) Eden: 139776K(139776K)->76201K(139776K) From: 17088K(17472K)->0K(17472K)
[40.215s][info][gc,heap        ] GC(1058) Tenured: 349552K(349568K)->349552K(349568K)
[40.215s][info][gc,metaspace   ] GC(1058) Metaspace: 31046K(31424K)->31046K(31424K) NonClass: 27767K(27968K)->27767K(27968K) Class: 3278K(3456K)->3278K(3456K)
[40.215s][info][gc             ] GC(1058) Pause Full (Allocation Failure) 494M->415M(494M) 18.418ms
[40.215s][info][gc,cpu         ] GC(1058) User=0.02s Sys=0.01s Real=0.01s
[40.225s][info][gc,start       ] GC(1059) Pause Full (Allocation Failure)
[40.225s][info][gc,phases,start] GC(1059) Phase 1: Mark live objects
[40.234s][info][gc,phases      ] GC(1059) Phase 1: Mark live objects 8.482ms
[40.234s][info][gc,phases,start] GC(1059) Phase 2: Compute new object addresses
[40.237s][info][gc,phases      ] GC(1059) Phase 2: Compute new object addresses 3.339ms
[40.237s][info][gc,phases,start] GC(1059) Phase 3: Adjust pointers
[40.242s][info][gc,phases      ] GC(1059) Phase 3: Adjust pointers 5.381ms
[40.242s][info][gc,phases,start] GC(1059) Phase 4: Move objects
[40.243s][info][gc,phases      ] GC(1059) Phase 4: Move objects 0.983ms
[40.243s][info][gc,heap        ] GC(1059) DefNew: 157106K(157248K)->76124K(157248K) Eden: 139776K(139776K)->76124K(139776K) From: 17330K(17472K)->0K(17472K)
[40.243s][info][gc,heap        ] GC(1059) Tenured: 349552K(349568K)->349552K(349568K)
[40.243s][info][gc,metaspace   ] GC(1059) Metaspace: 31046K(31424K)->31046K(31424K) NonClass: 27767K(27968K)->27767K(27968K) Class: 3278K(3456K)->3278K(3456K)
[40.244s][info][gc             ] GC(1059) Pause Full (Allocation Failure) 494M->415M(494M) 18.540ms
[40.244s][info][gc,cpu         ] GC(1059) User=0.02s Sys=0.00s Real=0.01s
[40.254s][info][gc,start       ] GC(1060) Pause Full (Allocation Failure)
[40.254s][info][gc,phases,start] GC(1060) Phase 1: Mark live objects
[40.263s][info][gc,phases      ] GC(1060) Phase 1: Mark live objects 8.608ms
[40.263s][info][gc,phases,start] GC(1060) Phase 2: Compute new object addresses
[40.266s][info][gc,phases      ] GC(1060) Phase 2: Compute new object addresses 3.526ms
[40.266s][info][gc,phases,start] GC(1060) Phase 3: Adjust pointers
[40.272s][info][gc,phases      ] GC(1060) Phase 3: Adjust pointers 5.885ms
[40.272s][info][gc,phases,start] GC(1060) Phase 4: Move objects
[40.276s][info][gc,phases      ] GC(1060) Phase 4: Move objects 3.854ms
[40.276s][info][gc,heap        ] GC(1060) DefNew: 156348K(157248K)->76463K(157248K) Eden: 139776K(139776K)->76463K(139776K) From: 16572K(17472K)->0K(17472K)
[40.276s][info][gc,heap        ] GC(1060) Tenured: 349552K(349568K)->349552K(349568K)
[40.276s][info][gc,metaspace   ] GC(1060) Metaspace: 31046K(31424K)->31046K(31424K) NonClass: 27767K(27968K)->27767K(27968K) Class: 3278K(3456K)->3278K(3456K)
[40.276s][info][gc             ] GC(1060) Pause Full (Allocation Failure) 494M->416M(494M) 22.249ms
[40.276s][info][gc,cpu         ] GC(1060) User=0.02s Sys=0.00s Real=0.03s
[40.286s][info][gc,start       ] GC(1061) Pause Full (Allocation Failure)
[40.286s][info][gc,phases,start] GC(1061) Phase 1: Mark live objects
[40.295s][info][gc,phases      ] GC(1061) Phase 1: Mark live objects 8.640ms
[40.295s][info][gc,phases,start] GC(1061) Phase 2: Compute new object addresses
[40.299s][info][gc,phases      ] GC(1061) Phase 2: Compute new object addresses 3.534ms
[40.299s][info][gc,phases,start] GC(1061) Phase 3: Adjust pointers
[40.305s][info][gc,phases      ] GC(1061) Phase 3: Adjust pointers 6.265ms
[40.305s][info][gc,phases,start] GC(1061) Phase 4: Move objects
[40.306s][info][gc,phases      ] GC(1061) Phase 4: Move objects 0.899ms
[40.306s][info][gc,heap        ] GC(1061) DefNew: 156518K(157248K)->74693K(157248K) Eden: 139776K(139776K)->74693K(139776K) From: 16742K(17472K)->0K(17472K)
[40.306s][info][gc,heap        ] GC(1061) Tenured: 349552K(349568K)->349552K(349568K)
[40.306s][info][gc,metaspace   ] GC(1061) Metaspace: 31046K(31424K)->31046K(31424K) NonClass: 27767K(27968K)->27767K(27968K) Class: 3278K(3456K)->3278K(3456K)
[40.306s][info][gc             ] GC(1061) Pause Full (Allocation Failure) 494M->414M(494M) 19.797ms
[40.306s][info][gc,cpu         ] GC(1061) User=0.02s Sys=0.00s Real=0.02s
[40.317s][info][gc,start       ] GC(1062) Pause Full (Allocation Failure)
[40.317s][info][gc,phases,start] GC(1062) Phase 1: Mark live objects
[40.326s][info][gc,phases      ] GC(1062) Phase 1: Mark live objects 8.489ms
[40.326s][info][gc,phases,start] GC(1062) Phase 2: Compute new object addresses
[40.329s][info][gc,phases      ] GC(1062) Phase 2: Compute new object addresses 3.272ms
[40.329s][info][gc,phases,start] GC(1062) Phase 3: Adjust pointers
[40.334s][info][gc,phases      ] GC(1062) Phase 3: Adjust pointers 4.981ms
[40.334s][info][gc,phases,start] GC(1062) Phase 4: Move objects
[40.335s][info][gc,phases      ] GC(1062) Phase 4: Move objects 0.874ms
[40.335s][info][gc,heap        ] GC(1062) DefNew: 156236K(157248K)->75871K(157248K) Eden: 139776K(139776K)->75871K(139776K) From: 16460K(17472K)->0K(17472K)
[40.335s][info][gc,heap        ] GC(1062) Tenured: 349552K(349568K)->349552K(349568K)
[40.335s][info][gc,metaspace   ] GC(1062) Metaspace: 31046K(31424K)->31046K(31424K) NonClass: 27767K(27968K)->27767K(27968K) Class: 3278K(3456K)->3278K(3456K)
[40.335s][info][gc             ] GC(1062) Pause Full (Allocation Failure) 493M->415M(494M) 17.938ms
[40.335s][info][gc,cpu         ] GC(1062) User=0.02s Sys=0.00s Real=0.01s
[40.346s][info][gc,start       ] GC(1063) Pause Full (Allocation Failure)
[40.346s][info][gc,phases,start] GC(1063) Phase 1: Mark live objects
[40.354s][info][gc,phases      ] GC(1063) Phase 1: Mark live objects 7.826ms
[40.354s][info][gc,phases,start] GC(1063) Phase 2: Compute new object addresses
[40.357s][info][gc,phases      ] GC(1063) Phase 2: Compute new object addresses 3.363ms
[40.357s][info][gc,phases,start] GC(1063) Phase 3: Adjust pointers
[40.362s][info][gc,phases      ] GC(1063) Phase 3: Adjust pointers 5.121ms
[40.362s][info][gc,phases,start] GC(1063) Phase 4: Move objects
[40.363s][info][gc,phases      ] GC(1063) Phase 4: Move objects 1.001ms
[40.363s][info][gc,heap        ] GC(1063) DefNew: 156827K(157248K)->75433K(157248K) Eden: 139776K(139776K)->75433K(139776K) From: 17051K(17472K)->0K(17472K)
[40.364s][info][gc,heap        ] GC(1063) Tenured: 349552K(349568K)->349552K(349568K)
[40.364s][info][gc,metaspace   ] GC(1063) Metaspace: 31046K(31424K)->31046K(31424K) NonClass: 27767K(27968K)->27767K(27968K) Class: 3278K(3456K)->3278K(3456K)
[40.364s][info][gc             ] GC(1063) Pause Full (Allocation Failure) 494M->415M(494M) 17.601ms
[40.364s][info][gc,cpu         ] GC(1063) User=0.02s Sys=0.00s Real=0.01s
[40.374s][info][gc,start       ] GC(1064) Pause Full (Allocation Failure)
[40.374s][info][gc,phases,start] GC(1064) Phase 1: Mark live objects
[40.382s][info][gc,phases      ] GC(1064) Phase 1: Mark live objects 7.746ms
[40.382s][info][gc,phases,start] GC(1064) Phase 2: Compute new object addresses
[40.385s][info][gc,phases      ] GC(1064) Phase 2: Compute new object addresses 3.160ms
[40.385s][info][gc,phases,start] GC(1064) Phase 3: Adjust pointers
[40.390s][info][gc,phases      ] GC(1064) Phase 3: Adjust pointers 5.161ms
[40.390s][info][gc,phases,start] GC(1064) Phase 4: Move objects
[40.391s][info][gc,phases      ] GC(1064) Phase 4: Move objects 0.885ms
[40.391s][info][gc,heap        ] GC(1064) DefNew: 156369K(157248K)->74949K(157248K) Eden: 139776K(139776K)->74949K(139776K) From: 16593K(17472K)->0K(17472K)
[40.391s][info][gc,heap        ] GC(1064) Tenured: 349552K(349568K)->349552K(349568K)
[40.391s][info][gc,metaspace   ] GC(1064) Metaspace: 31046K(31424K)->31046K(31424K) NonClass: 27767K(27968K)->27767K(27968K) Class: 3278K(3456K)->3278K(3456K)
[40.391s][info][gc             ] GC(1064) Pause Full (Allocation Failure) 494M->414M(494M) 17.266ms
[40.392s][info][gc,cpu         ] GC(1064) User=0.02s Sys=0.00s Real=0.02s
[40.404s][info][gc,start       ] GC(1065) Pause Full (Allocation Failure)
[40.404s][info][gc,phases,start] GC(1065) Phase 1: Mark live objects
[40.412s][info][gc,phases      ] GC(1065) Phase 1: Mark live objects 7.811ms
[40.412s][info][gc,phases,start] GC(1065) Phase 2: Compute new object addresses
[40.416s][info][gc,phases      ] GC(1065) Phase 2: Compute new object addresses 3.915ms
[40.416s][info][gc,phases,start] GC(1065) Phase 3: Adjust pointers
[40.423s][info][gc,phases      ] GC(1065) Phase 3: Adjust pointers 6.681ms
[40.423s][info][gc,phases,start] GC(1065) Phase 4: Move objects
[40.424s][info][gc,phases      ] GC(1065) Phase 4: Move objects 1.025ms
[40.424s][info][gc,heap        ] GC(1065) DefNew: 156348K(157248K)->75351K(157248K) Eden: 139776K(139776K)->75351K(139776K) From: 16572K(17472K)->0K(17472K)
[40.424s][info][gc,heap        ] GC(1065) Tenured: 349552K(349568K)->349552K(349568K)
[40.424s][info][gc,metaspace   ] GC(1065) Metaspace: 31046K(31424K)->31046K(31424K) NonClass: 27767K(27968K)->27767K(27968K) Class: 3278K(3456K)->3278K(3456K)
[40.424s][info][gc             ] GC(1065) Pause Full (Allocation Failure) 494M->414M(494M) 19.802ms
[40.424s][info][gc,cpu         ] GC(1065) User=0.02s Sys=0.00s Real=0.02s
[40.435s][info][gc,start       ] GC(1066) Pause Full (Allocation Failure)
[40.435s][info][gc,phases,start] GC(1066) Phase 1: Mark live objects
[40.443s][info][gc,phases      ] GC(1066) Phase 1: Mark live objects 8.380ms
[40.443s][info][gc,phases,start] GC(1066) Phase 2: Compute new object addresses
[40.447s][info][gc,phases      ] GC(1066) Phase 2: Compute new object addresses 3.404ms
[40.447s][info][gc,phases,start] GC(1066) Phase 3: Adjust pointers
[40.452s][info][gc,phases      ] GC(1066) Phase 3: Adjust pointers 5.186ms
[40.452s][info][gc,phases,start] GC(1066) Phase 4: Move objects
[40.453s][info][gc,phases      ] GC(1066) Phase 4: Move objects 0.716ms
[40.453s][info][gc,heap        ] GC(1066) DefNew: 156925K(157248K)->73380K(157248K) Eden: 139776K(139776K)->73380K(139776K) From: 17149K(17472K)->0K(17472K)
[40.453s][info][gc,heap        ] GC(1066) Tenured: 349552K(349568K)->349552K(349568K)
[40.453s][info][gc,metaspace   ] GC(1066) Metaspace: 31046K(31424K)->31046K(31424K) NonClass: 27767K(27968K)->27767K(27968K) Class: 3278K(3456K)->3278K(3456K)
[40.453s][info][gc             ] GC(1066) Pause Full (Allocation Failure) 494M->413M(494M) 18.016ms
[40.453s][info][gc,cpu         ] GC(1066) User=0.02s Sys=0.00s Real=0.02s
[40.465s][info][gc,start       ] GC(1067) Pause Full (Allocation Failure)
[40.465s][info][gc,phases,start] GC(1067) Phase 1: Mark live objects
[40.472s][info][gc,phases      ] GC(1067) Phase 1: Mark live objects 7.874ms
[40.473s][info][gc,phases,start] GC(1067) Phase 2: Compute new object addresses
[40.476s][info][gc,phases      ] GC(1067) Phase 2: Compute new object addresses 3.230ms
[40.476s][info][gc,phases,start] GC(1067) Phase 3: Adjust pointers
[40.481s][info][gc,phases      ] GC(1067) Phase 3: Adjust pointers 5.066ms
[40.481s][info][gc,phases,start] GC(1067) Phase 4: Move objects
[40.482s][info][gc,phases      ] GC(1067) Phase 4: Move objects 1.152ms
[40.482s][info][gc,heap        ] GC(1067) DefNew: 157248K(157248K)->78545K(157248K) Eden: 139776K(139776K)->78545K(139776K) From: 17472K(17472K)->0K(17472K)
[40.482s][info][gc,heap        ] GC(1067) Tenured: 349554K(349568K)->349553K(349568K)
[40.482s][info][gc,metaspace   ] GC(1067) Metaspace: 31046K(31424K)->31046K(31424K) NonClass: 27767K(27968K)->27767K(27968K) Class: 3278K(3456K)->3278K(3456K)
[40.482s][info][gc             ] GC(1067) Pause Full (Allocation Failure) 494M->418M(494M) 17.627ms
[40.482s][info][gc,cpu         ] GC(1067) User=0.01s Sys=0.00s Real=0.01s
[40.493s][info][gc,start       ] GC(1068) Pause Full (Allocation Failure)
[40.493s][info][gc,phases,start] GC(1068) Phase 1: Mark live objects
[40.501s][info][gc,phases      ] GC(1068) Phase 1: Mark live objects 7.956ms
[40.501s][info][gc,phases,start] GC(1068) Phase 2: Compute new object addresses
[40.504s][info][gc,phases      ] GC(1068) Phase 2: Compute new object addresses 3.163ms
[40.504s][info][gc,phases,start] GC(1068) Phase 3: Adjust pointers
[40.509s][info][gc,phases      ] GC(1068) Phase 3: Adjust pointers 5.115ms
[40.509s][info][gc,phases,start] GC(1068) Phase 4: Move objects
[40.510s][info][gc,phases      ] GC(1068) Phase 4: Move objects 0.882ms
[40.510s][info][gc,heap        ] GC(1068) DefNew: 156354K(157248K)->74848K(157248K) Eden: 139776K(139776K)->74848K(139776K) From: 16578K(17472K)->0K(17472K)
[40.510s][info][gc,heap        ] GC(1068) Tenured: 349553K(349568K)->349553K(349568K)
[40.510s][info][gc,metaspace   ] GC(1068) Metaspace: 31046K(31424K)->31046K(31424K) NonClass: 27767K(27968K)->27767K(27968K) Class: 3278K(3456K)->3278K(3456K)
[40.510s][info][gc             ] GC(1068) Pause Full (Allocation Failure) 494M->414M(494M) 17.456ms
[40.510s][info][gc,cpu         ] GC(1068) User=0.02s Sys=0.00s Real=0.02s
[40.520s][info][gc,start       ] GC(1069) Pause Full (Allocation Failure)
[40.521s][info][gc,phases,start] GC(1069) Phase 1: Mark live objects
[40.529s][info][gc,phases      ] GC(1069) Phase 1: Mark live objects 8.035ms
[40.529s][info][gc,phases,start] GC(1069) Phase 2: Compute new object addresses
[40.532s][info][gc,phases      ] GC(1069) Phase 2: Compute new object addresses 3.338ms
[40.532s][info][gc,phases,start] GC(1069) Phase 3: Adjust pointers
[40.537s][info][gc,phases      ] GC(1069) Phase 3: Adjust pointers 5.108ms
[40.537s][info][gc,phases,start] GC(1069) Phase 4: Move objects
[40.538s][info][gc,phases      ] GC(1069) Phase 4: Move objects 0.912ms
[40.538s][info][gc,heap        ] GC(1069) DefNew: 156259K(157248K)->74916K(157248K) Eden: 139776K(139776K)->74916K(139776K) From: 16483K(17472K)->0K(17472K)
[40.538s][info][gc,heap        ] GC(1069) Tenured: 349553K(349568K)->349553K(349568K)
[40.538s][info][gc,metaspace   ] GC(1069) Metaspace: 31046K(31424K)->31046K(31424K) NonClass: 27767K(27968K)->27767K(27968K) Class: 3278K(3456K)->3278K(3456K)
[40.538s][info][gc             ] GC(1069) Pause Full (Allocation Failure) 493M->414M(494M) 17.711ms
[40.538s][info][gc,cpu         ] GC(1069) User=0.01s Sys=0.00s Real=0.02s
[40.549s][info][gc,start       ] GC(1070) Pause Full (Allocation Failure)
[40.549s][info][gc,phases,start] GC(1070) Phase 1: Mark live objects
[40.556s][info][gc,phases      ] GC(1070) Phase 1: Mark live objects 7.709ms
[40.557s][info][gc,phases,start] GC(1070) Phase 2: Compute new object addresses
[40.560s][info][gc,phases      ] GC(1070) Phase 2: Compute new object addresses 3.235ms
[40.560s][info][gc,phases,start] GC(1070) Phase 3: Adjust pointers
[40.565s][info][gc,phases      ] GC(1070) Phase 3: Adjust pointers 5.205ms
[40.565s][info][gc,phases,start] GC(1070) Phase 4: Move objects
[40.566s][info][gc,phases      ] GC(1070) Phase 4: Move objects 0.994ms
[40.566s][info][gc,heap        ] GC(1070) DefNew: 156825K(157248K)->74838K(157248K) Eden: 139776K(139776K)->74838K(139776K) From: 17049K(17472K)->0K(17472K)
[40.566s][info][gc,heap        ] GC(1070) Tenured: 349553K(349568K)->349553K(349568K)
[40.566s][info][gc,metaspace   ] GC(1070) Metaspace: 31046K(31424K)->31046K(31424K) NonClass: 27767K(27968K)->27767K(27968K) Class: 3278K(3456K)->3278K(3456K)
[40.566s][info][gc             ] GC(1070) Pause Full (Allocation Failure) 494M->414M(494M) 17.505ms
[40.566s][info][gc,cpu         ] GC(1070) User=0.02s Sys=0.01s Real=0.02s
[40.576s][info][gc,start       ] GC(1071) Pause Full (Allocation Failure)
[40.576s][info][gc,phases,start] GC(1071) Phase 1: Mark live objects
[40.584s][info][gc,phases      ] GC(1071) Phase 1: Mark live objects 8.295ms
[40.585s][info][gc,phases,start] GC(1071) Phase 2: Compute new object addresses
[40.588s][info][gc,phases      ] GC(1071) Phase 2: Compute new object addresses 3.437ms
[40.588s][info][gc,phases,start] GC(1071) Phase 3: Adjust pointers
[40.594s][info][gc,phases      ] GC(1071) Phase 3: Adjust pointers 5.847ms
[40.594s][info][gc,phases,start] GC(1071) Phase 4: Move objects
[40.595s][info][gc,phases      ] GC(1071) Phase 4: Move objects 1.275ms
[40.595s][info][gc,heap        ] GC(1071) DefNew: 157247K(157248K)->78001K(157248K) Eden: 139776K(139776K)->78001K(139776K) From: 17471K(17472K)->0K(17472K)
[40.595s][info][gc,heap        ] GC(1071) Tenured: 349568K(349568K)->349555K(349568K)
[40.595s][info][gc,metaspace   ] GC(1071) Metaspace: 31046K(31424K)->31046K(31424K) NonClass: 27767K(27968K)->27767K(27968K) Class: 3278K(3456K)->3278K(3456K)
[40.595s][info][gc             ] GC(1071) Pause Full (Allocation Failure) 494M->417M(494M) 19.217ms
[40.595s][info][gc,cpu         ] GC(1071) User=0.02s Sys=0.00s Real=0.01s
[40.605s][info][gc,start       ] GC(1072) Pause Full (Allocation Failure)
[40.605s][info][gc,phases,start] GC(1072) Phase 1: Mark live objects
[40.613s][info][gc,phases      ] GC(1072) Phase 1: Mark live objects 8.149ms
[40.613s][info][gc,phases,start] GC(1072) Phase 2: Compute new object addresses
[40.617s][info][gc,phases      ] GC(1072) Phase 2: Compute new object addresses 3.255ms
[40.617s][info][gc,phases,start] GC(1072) Phase 3: Adjust pointers
[40.622s][info][gc,phases      ] GC(1072) Phase 3: Adjust pointers 5.271ms
[40.622s][info][gc,phases,start] GC(1072) Phase 4: Move objects
[40.623s][info][gc,phases      ] GC(1072) Phase 4: Move objects 1.162ms
[40.623s][info][gc,heap        ] GC(1072) DefNew: 157229K(157248K)->78551K(157248K) Eden: 139776K(139776K)->78551K(139776K) From: 17453K(17472K)->0K(17472K)
[40.623s][info][gc,heap        ] GC(1072) Tenured: 349555K(349568K)->349555K(349568K)
[40.623s][info][gc,metaspace   ] GC(1072) Metaspace: 31046K(31424K)->31046K(31424K) NonClass: 27767K(27968K)->27767K(27968K) Class: 3278K(3456K)->3278K(3456K)
[40.623s][info][gc             ] GC(1072) Pause Full (Allocation Failure) 494M->418M(494M) 18.174ms
[40.623s][info][gc,cpu         ] GC(1072) User=0.02s Sys=0.00s Real=0.01s
[40.634s][info][gc,start       ] GC(1073) Pause Full (Allocation Failure)
[40.634s][info][gc,phases,start] GC(1073) Phase 1: Mark live objects
[40.642s][info][gc,phases      ] GC(1073) Phase 1: Mark live objects 7.675ms
[40.642s][info][gc,phases,start] GC(1073) Phase 2: Compute new object addresses
[40.645s][info][gc,phases      ] GC(1073) Phase 2: Compute new object addresses 3.152ms
[40.645s][info][gc,phases,start] GC(1073) Phase 3: Adjust pointers
[40.650s][info][gc,phases      ] GC(1073) Phase 3: Adjust pointers 5.189ms
[40.650s][info][gc,phases,start] GC(1073) Phase 4: Move objects
[40.651s][info][gc,phases      ] GC(1073) Phase 4: Move objects 0.846ms
[40.651s][info][gc,heap        ] GC(1073) DefNew: 156919K(157248K)->75117K(157248K) Eden: 139776K(139776K)->75117K(139776K) From: 17143K(17472K)->0K(17472K)
[40.651s][info][gc,heap        ] GC(1073) Tenured: 349555K(349568K)->349555K(349568K)
[40.651s][info][gc,metaspace   ] GC(1073) Metaspace: 31046K(31424K)->31046K(31424K) NonClass: 27768K(27968K)->27768K(27968K) Class: 3278K(3456K)->3278K(3456K)
[40.651s][info][gc             ] GC(1073) Pause Full (Allocation Failure) 494M->414M(494M) 17.198ms
[40.651s][info][gc,cpu         ] GC(1073) User=0.02s Sys=0.00s Real=0.02s
[40.662s][info][gc,start       ] GC(1074) Pause Full (Allocation Failure)
[40.662s][info][gc,phases,start] GC(1074) Phase 1: Mark live objects
[40.670s][info][gc,phases      ] GC(1074) Phase 1: Mark live objects 7.939ms
[40.670s][info][gc,phases,start] GC(1074) Phase 2: Compute new object addresses
[40.673s][info][gc,phases      ] GC(1074) Phase 2: Compute new object addresses 3.520ms
[40.673s][info][gc,phases,start] GC(1074) Phase 3: Adjust pointers
[40.679s][info][gc,phases      ] GC(1074) Phase 3: Adjust pointers 5.723ms
[40.679s][info][gc,phases,start] GC(1074) Phase 4: Move objects
[40.680s][info][gc,phases      ] GC(1074) Phase 4: Move objects 1.099ms
[40.680s][info][gc,heap        ] GC(1074) DefNew: 157118K(157248K)->76446K(157248K) Eden: 139776K(139776K)->76446K(139776K) From: 17342K(17472K)->0K(17472K)
[40.680s][info][gc,heap        ] GC(1074) Tenured: 349555K(349568K)->349555K(349568K)
[40.680s][info][gc,metaspace   ] GC(1074) Metaspace: 31046K(31424K)->31046K(31424K) NonClass: 27768K(27968K)->27768K(27968K) Class: 3278K(3456K)->3278K(3456K)
[40.680s][info][gc             ] GC(1074) Pause Full (Allocation Failure) 494M->416M(494M) 18.726ms
[40.680s][info][gc,cpu         ] GC(1074) User=0.02s Sys=0.00s Real=0.02s
[40.691s][info][gc,start       ] GC(1075) Pause Full (Allocation Failure)
[40.691s][info][gc,phases,start] GC(1075) Phase 1: Mark live objects
[40.700s][info][gc,phases      ] GC(1075) Phase 1: Mark live objects 8.911ms
[40.700s][info][gc,phases,start] GC(1075) Phase 2: Compute new object addresses
[40.704s][info][gc,phases      ] GC(1075) Phase 2: Compute new object addresses 3.765ms
[40.704s][info][gc,phases,start] GC(1075) Phase 3: Adjust pointers
[40.710s][info][gc,phases      ] GC(1075) Phase 3: Adjust pointers 5.992ms
[40.710s][info][gc,phases,start] GC(1075) Phase 4: Move objects
[40.711s][info][gc,phases      ] GC(1075) Phase 4: Move objects 1.113ms
[40.712s][info][gc,heap        ] GC(1075) DefNew: 157051K(157248K)->76998K(157248K) Eden: 139776K(139776K)->76998K(139776K) From: 17275K(17472K)->0K(17472K)
[40.712s][info][gc,heap        ] GC(1075) Tenured: 349555K(349568K)->349552K(349568K)
[40.712s][info][gc,metaspace   ] GC(1075) Metaspace: 31046K(31424K)->31046K(31424K) NonClass: 27768K(27968K)->27768K(27968K) Class: 3278K(3456K)->3278K(3456K)
[40.712s][info][gc             ] GC(1075) Pause Full (Allocation Failure) 494M->416M(494M) 20.216ms
[40.712s][info][gc,cpu         ] GC(1075) User=0.02s Sys=0.00s Real=0.02s
[40.722s][info][gc,start       ] GC(1076) Pause Full (Allocation Failure)
[40.722s][info][gc,phases,start] GC(1076) Phase 1: Mark live objects
[40.730s][info][gc,phases      ] GC(1076) Phase 1: Mark live objects 8.024ms
[40.730s][info][gc,phases,start] GC(1076) Phase 2: Compute new object addresses
[40.734s][info][gc,phases      ] GC(1076) Phase 2: Compute new object addresses 3.195ms
[40.734s][info][gc,phases,start] GC(1076) Phase 3: Adjust pointers
[40.739s][info][gc,phases      ] GC(1076) Phase 3: Adjust pointers 4.979ms
[40.739s][info][gc,phases,start] GC(1076) Phase 4: Move objects
[40.739s][info][gc,phases      ] GC(1076) Phase 4: Move objects 0.850ms
[40.740s][info][gc,heap        ] GC(1076) DefNew: 157216K(157248K)->75100K(157248K) Eden: 139776K(139776K)->75100K(139776K) From: 17440K(17472K)->0K(17472K)
[40.740s][info][gc,heap        ] GC(1076) Tenured: 349552K(349568K)->349552K(349568K)
[40.740s][info][gc,metaspace   ] GC(1076) Metaspace: 31046K(31424K)->31046K(31424K) NonClass: 27768K(27968K)->27768K(27968K) Class: 3278K(3456K)->3278K(3456K)
[40.740s][info][gc             ] GC(1076) Pause Full (Allocation Failure) 494M->414M(494M) 17.362ms
[40.740s][info][gc,cpu         ] GC(1076) User=0.02s Sys=0.00s Real=0.02s
[40.750s][info][gc,start       ] GC(1077) Pause Full (Allocation Failure)
[40.750s][info][gc,phases,start] GC(1077) Phase 1: Mark live objects
[40.758s][info][gc,phases      ] GC(1077) Phase 1: Mark live objects 8.193ms
[40.758s][info][gc,phases,start] GC(1077) Phase 2: Compute new object addresses
[40.762s][info][gc,phases      ] GC(1077) Phase 2: Compute new object addresses 3.852ms
[40.762s][info][gc,phases,start] GC(1077) Phase 3: Adjust pointers
[40.768s][info][gc,phases      ] GC(1077) Phase 3: Adjust pointers 5.947ms
[40.768s][info][gc,phases,start] GC(1077) Phase 4: Move objects
[40.769s][info][gc,phases      ] GC(1077) Phase 4: Move objects 0.971ms
[40.769s][info][gc,heap        ] GC(1077) DefNew: 157108K(157248K)->73886K(157248K) Eden: 139776K(139776K)->73886K(139776K) From: 17332K(17472K)->0K(17472K)
[40.769s][info][gc,heap        ] GC(1077) Tenured: 349552K(349568K)->349552K(349568K)
[40.769s][info][gc,metaspace   ] GC(1077) Metaspace: 31046K(31424K)->31046K(31424K) NonClass: 27768K(27968K)->27768K(27968K) Class: 3278K(3456K)->3278K(3456K)
[40.769s][info][gc             ] GC(1077) Pause Full (Allocation Failure) 494M->413M(494M) 19.348ms
[40.770s][info][gc,cpu         ] GC(1077) User=0.02s Sys=0.00s Real=0.02s
[40.780s][info][gc,start       ] GC(1078) Pause Full (Allocation Failure)
[40.780s][info][gc,phases,start] GC(1078) Phase 1: Mark live objects
[40.789s][info][gc,phases      ] GC(1078) Phase 1: Mark live objects 8.890ms
[40.789s][info][gc,phases,start] GC(1078) Phase 2: Compute new object addresses
[40.792s][info][gc,phases      ] GC(1078) Phase 2: Compute new object addresses 3.350ms
[40.792s][info][gc,phases,start] GC(1078) Phase 3: Adjust pointers
[40.798s][info][gc,phases      ] GC(1078) Phase 3: Adjust pointers 5.685ms
[40.798s][info][gc,phases,start] GC(1078) Phase 4: Move objects
[40.799s][info][gc,phases      ] GC(1078) Phase 4: Move objects 1.170ms
[40.799s][info][gc,heap        ] GC(1078) DefNew: 156492K(157248K)->76746K(157248K) Eden: 139776K(139776K)->76746K(139776K) From: 16716K(17472K)->0K(17472K)
[40.799s][info][gc,heap        ] GC(1078) Tenured: 349552K(349568K)->349552K(349568K)
[40.799s][info][gc,metaspace   ] GC(1078) Metaspace: 31046K(31424K)->31046K(31424K) NonClass: 27768K(27968K)->27768K(27968K) Class: 3278K(3456K)->3278K(3456K)
[40.799s][info][gc             ] GC(1078) Pause Full (Allocation Failure) 494M->416M(494M) 19.545ms
[40.799s][info][gc,cpu         ] GC(1078) User=0.02s Sys=0.00s Real=0.02s
[40.810s][info][gc,start       ] GC(1079) Pause Full (Allocation Failure)
[40.810s][info][gc,phases,start] GC(1079) Phase 1: Mark live objects
[40.818s][info][gc,phases      ] GC(1079) Phase 1: Mark live objects 8.397ms
[40.819s][info][gc,phases,start] GC(1079) Phase 2: Compute new object addresses
[40.822s][info][gc,phases      ] GC(1079) Phase 2: Compute new object addresses 3.290ms
[40.822s][info][gc,phases,start] GC(1079) Phase 3: Adjust pointers
[40.827s][info][gc,phases      ] GC(1079) Phase 3: Adjust pointers 5.037ms
[40.827s][info][gc,phases,start] GC(1079) Phase 4: Move objects
[40.828s][info][gc,phases      ] GC(1079) Phase 4: Move objects 0.934ms
[40.828s][info][gc,heap        ] GC(1079) DefNew: 156647K(157248K)->75627K(157248K) Eden: 139776K(139776K)->75627K(139776K) From: 16871K(17472K)->0K(17472K)
[40.828s][info][gc,heap        ] GC(1079) Tenured: 349552K(349568K)->349552K(349568K)
[40.828s][info][gc,metaspace   ] GC(1079) Metaspace: 31046K(31424K)->31046K(31424K) NonClass: 27768K(27968K)->27768K(27968K) Class: 3278K(3456K)->3278K(3456K)
[40.828s][info][gc             ] GC(1079) Pause Full (Allocation Failure) 494M->415M(494M) 17.985ms
[40.828s][info][gc,cpu         ] GC(1079) User=0.01s Sys=0.00s Real=0.02s
[40.838s][info][gc,start       ] GC(1080) Pause Full (Allocation Failure)
[40.839s][info][gc,phases,start] GC(1080) Phase 1: Mark live objects
[40.846s][info][gc,phases      ] GC(1080) Phase 1: Mark live objects 7.873ms
[40.846s][info][gc,phases,start] GC(1080) Phase 2: Compute new object addresses
[40.850s][info][gc,phases      ] GC(1080) Phase 2: Compute new object addresses 3.385ms
[40.850s][info][gc,phases,start] GC(1080) Phase 3: Adjust pointers
[40.855s][info][gc,phases      ] GC(1080) Phase 3: Adjust pointers 5.232ms
[40.855s][info][gc,phases,start] GC(1080) Phase 4: Move objects
[40.856s][info][gc,phases      ] GC(1080) Phase 4: Move objects 0.912ms
[40.856s][info][gc,heap        ] GC(1080) DefNew: 156824K(157248K)->74663K(157248K) Eden: 139776K(139776K)->74663K(139776K) From: 17048K(17472K)->0K(17472K)
[40.856s][info][gc,heap        ] GC(1080) Tenured: 349552K(349568K)->349552K(349568K)
[40.856s][info][gc,metaspace   ] GC(1080) Metaspace: 31046K(31424K)->31046K(31424K) NonClass: 27768K(27968K)->27768K(27968K) Class: 3278K(3456K)->3278K(3456K)
[40.856s][info][gc             ] GC(1080) Pause Full (Allocation Failure) 494M->414M(494M) 17.737ms
[40.856s][info][gc,cpu         ] GC(1080) User=0.02s Sys=0.00s Real=0.02s
[40.867s][info][gc,start       ] GC(1081) Pause Full (Allocation Failure)
[40.867s][info][gc,phases,start] GC(1081) Phase 1: Mark live objects
[40.875s][info][gc,phases      ] GC(1081) Phase 1: Mark live objects 8.286ms
[40.875s][info][gc,phases,start] GC(1081) Phase 2: Compute new object addresses
[40.879s][info][gc,phases      ] GC(1081) Phase 2: Compute new object addresses 3.405ms
[40.879s][info][gc,phases,start] GC(1081) Phase 3: Adjust pointers
[40.885s][info][gc,phases      ] GC(1081) Phase 3: Adjust pointers 5.809ms
[40.885s][info][gc,phases,start] GC(1081) Phase 4: Move objects
[40.885s][info][gc,phases      ] GC(1081) Phase 4: Move objects 0.822ms
[40.886s][info][gc,heap        ] GC(1081) DefNew: 156846K(157248K)->73660K(157248K) Eden: 139776K(139776K)->73660K(139776K) From: 17070K(17472K)->0K(17472K)
[40.886s][info][gc,heap        ] GC(1081) Tenured: 349552K(349568K)->349552K(349568K)
[40.886s][info][gc,metaspace   ] GC(1081) Metaspace: 31046K(31424K)->31046K(31424K) NonClass: 27768K(27968K)->27768K(27968K) Class: 3278K(3456K)->3278K(3456K)
[40.886s][info][gc             ] GC(1081) Pause Full (Allocation Failure) 494M->413M(494M) 18.743ms
[40.886s][info][gc,cpu         ] GC(1081) User=0.02s Sys=0.00s Real=0.02s
[40.896s][info][gc,start       ] GC(1082) Pause Full (Allocation Failure)
[40.896s][info][gc,phases,start] GC(1082) Phase 1: Mark live objects
[40.905s][info][gc,phases      ] GC(1082) Phase 1: Mark live objects 8.551ms
[40.905s][info][gc,phases,start] GC(1082) Phase 2: Compute new object addresses
[40.909s][info][gc,phases      ] GC(1082) Phase 2: Compute new object addresses 3.980ms
[40.909s][info][gc,phases,start] GC(1082) Phase 3: Adjust pointers
[40.917s][info][gc,phases      ] GC(1082) Phase 3: Adjust pointers 7.495ms
[40.917s][info][gc,phases,start] GC(1082) Phase 4: Move objects
[40.918s][info][gc,phases      ] GC(1082) Phase 4: Move objects 0.924ms
[40.918s][info][gc,heap        ] GC(1082) DefNew: 156827K(157248K)->74374K(157248K) Eden: 139776K(139776K)->74374K(139776K) From: 17051K(17472K)->0K(17472K)
[40.918s][info][gc,heap        ] GC(1082) Tenured: 349552K(349568K)->349552K(349568K)
[40.918s][info][gc,metaspace   ] GC(1082) Metaspace: 31046K(31424K)->31046K(31424K) NonClass: 27768K(27968K)->27768K(27968K) Class: 3278K(3456K)->3278K(3456K)
[40.918s][info][gc             ] GC(1082) Pause Full (Allocation Failure) 494M->413M(494M) 21.404ms
[40.918s][info][gc,cpu         ] GC(1082) User=0.03s Sys=0.00s Real=0.02s
[40.929s][info][gc,start       ] GC(1083) Pause Full (Allocation Failure)
[40.929s][info][gc,phases,start] GC(1083) Phase 1: Mark live objects
[40.937s][info][gc,phases      ] GC(1083) Phase 1: Mark live objects 8.741ms
[40.938s][info][gc,phases,start] GC(1083) Phase 2: Compute new object addresses
[40.941s][info][gc,phases      ] GC(1083) Phase 2: Compute new object addresses 3.437ms
[40.941s][info][gc,phases,start] GC(1083) Phase 3: Adjust pointers
[40.947s][info][gc,phases      ] GC(1083) Phase 3: Adjust pointers 5.644ms
[40.947s][info][gc,phases,start] GC(1083) Phase 4: Move objects
[40.948s][info][gc,phases      ] GC(1083) Phase 4: Move objects 1.011ms
[40.948s][info][gc,heap        ] GC(1083) DefNew: 156597K(157248K)->75956K(157248K) Eden: 139776K(139776K)->75956K(139776K) From: 16821K(17472K)->0K(17472K)
[40.948s][info][gc,heap        ] GC(1083) Tenured: 349552K(349568K)->349552K(349568K)
[40.948s][info][gc,metaspace   ] GC(1083) Metaspace: 31046K(31424K)->31046K(31424K) NonClass: 27768K(27968K)->27768K(27968K) Class: 3278K(3456K)->3278K(3456K)
[40.948s][info][gc             ] GC(1083) Pause Full (Allocation Failure) 494M->415M(494M) 19.223ms
[40.948s][info][gc,cpu         ] GC(1083) User=0.02s Sys=0.00s Real=0.02s
[40.958s][info][gc,start       ] GC(1084) Pause Full (Allocation Failure)
[40.958s][info][gc,phases,start] GC(1084) Phase 1: Mark live objects
[40.967s][info][gc,phases      ] GC(1084) Phase 1: Mark live objects 8.790ms
[40.967s][info][gc,phases,start] GC(1084) Phase 2: Compute new object addresses
[40.971s][info][gc,phases      ] GC(1084) Phase 2: Compute new object addresses 3.782ms
[40.971s][info][gc,phases,start] GC(1084) Phase 3: Adjust pointers
[40.977s][info][gc,phases      ] GC(1084) Phase 3: Adjust pointers 6.561ms
[40.977s][info][gc,phases,start] GC(1084) Phase 4: Move objects
[40.979s][info][gc,phases      ] GC(1084) Phase 4: Move objects 1.007ms
[40.979s][info][gc,heap        ] GC(1084) DefNew: 156250K(157248K)->76370K(157248K) Eden: 139776K(139776K)->76370K(139776K) From: 16474K(17472K)->0K(17472K)
[40.979s][info][gc,heap        ] GC(1084) Tenured: 349552K(349568K)->349552K(349568K)
[40.979s][info][gc,metaspace   ] GC(1084) Metaspace: 31046K(31424K)->31046K(31424K) NonClass: 27768K(27968K)->27768K(27968K) Class: 3278K(3456K)->3278K(3456K)
[40.979s][info][gc             ] GC(1084) Pause Full (Allocation Failure) 493M->415M(494M) 20.573ms
[40.979s][info][gc,cpu         ] GC(1084) User=0.02s Sys=0.00s Real=0.02s
[40.989s][info][gc,start       ] GC(1085) Pause Full (Allocation Failure)
[40.989s][info][gc,phases,start] GC(1085) Phase 1: Mark live objects
[40.998s][info][gc,phases      ] GC(1085) Phase 1: Mark live objects 9.017ms
[40.998s][info][gc,phases,start] GC(1085) Phase 2: Compute new object addresses
[41.002s][info][gc,phases      ] GC(1085) Phase 2: Compute new object addresses 3.823ms
[41.002s][info][gc,phases,start] GC(1085) Phase 3: Adjust pointers
[41.008s][info][gc,phases      ] GC(1085) Phase 3: Adjust pointers 5.620ms
[41.008s][info][gc,phases,start] GC(1085) Phase 4: Move objects
[41.009s][info][gc,phases      ] GC(1085) Phase 4: Move objects 1.126ms
[41.009s][info][gc,heap        ] GC(1085) DefNew: 157241K(157248K)->77485K(157248K) Eden: 139776K(139776K)->77485K(139776K) From: 17465K(17472K)->0K(17472K)
[41.009s][info][gc,heap        ] GC(1085) Tenured: 349552K(349568K)->349552K(349568K)
[41.009s][info][gc,metaspace   ] GC(1085) Metaspace: 31046K(31424K)->31046K(31424K) NonClass: 27768K(27968K)->27768K(27968K) Class: 3278K(3456K)->3278K(3456K)
[41.009s][info][gc             ] GC(1085) Pause Full (Allocation Failure) 494M->417M(494M) 19.939ms
[41.009s][info][gc,cpu         ] GC(1085) User=0.02s Sys=0.00s Real=0.02s
[41.022s][info][gc,start       ] GC(1086) Pause Full (Allocation Failure)
[41.022s][info][gc,phases,start] GC(1086) Phase 1: Mark live objects
[41.031s][info][gc,phases      ] GC(1086) Phase 1: Mark live objects 8.221ms
[41.031s][info][gc,phases,start] GC(1086) Phase 2: Compute new object addresses
[41.034s][info][gc,phases      ] GC(1086) Phase 2: Compute new object addresses 3.399ms
[41.034s][info][gc,phases,start] GC(1086) Phase 3: Adjust pointers
[41.039s][info][gc,phases      ] GC(1086) Phase 3: Adjust pointers 5.241ms
[41.039s][info][gc,phases,start] GC(1086) Phase 4: Move objects
[41.040s][info][gc,phases      ] GC(1086) Phase 4: Move objects 0.725ms
[41.040s][info][gc,heap        ] GC(1086) DefNew: 157248K(157248K)->73540K(157248K) Eden: 139776K(139776K)->73540K(139776K) From: 17472K(17472K)->0K(17472K)
[41.040s][info][gc,heap        ] GC(1086) Tenured: 349567K(349568K)->349567K(349568K)
[41.040s][info][gc,metaspace   ] GC(1086) Metaspace: 31046K(31424K)->31046K(31424K) NonClass: 27768K(27968K)->27768K(27968K) Class: 3278K(3456K)->3278K(3456K)
[41.040s][info][gc             ] GC(1086) Pause Full (Allocation Failure) 494M->413M(494M) 17.921ms
[41.040s][info][gc,cpu         ] GC(1086) User=0.02s Sys=0.00s Real=0.02s
[41.051s][info][gc,start       ] GC(1087) Pause Full (Allocation Failure)
[41.051s][info][gc,phases,start] GC(1087) Phase 1: Mark live objects
[41.060s][info][gc,phases      ] GC(1087) Phase 1: Mark live objects 9.425ms
[41.060s][info][gc,phases,start] GC(1087) Phase 2: Compute new object addresses
[41.064s][info][gc,phases      ] GC(1087) Phase 2: Compute new object addresses 3.757ms
[41.064s][info][gc,phases,start] GC(1087) Phase 3: Adjust pointers
[41.071s][info][gc,phases      ] GC(1087) Phase 3: Adjust pointers 6.627ms
[41.071s][info][gc,phases,start] GC(1087) Phase 4: Move objects
[41.073s][info][gc,phases      ] GC(1087) Phase 4: Move objects 2.200ms
[41.073s][info][gc,heap        ] GC(1087) DefNew: 156770K(157248K)->85161K(157248K) Eden: 139776K(139776K)->85161K(139776K) From: 16994K(17472K)->0K(17472K)
[41.073s][info][gc,heap        ] GC(1087) Tenured: 349567K(349568K)->349552K(349568K)
[41.073s][info][gc,metaspace   ] GC(1087) Metaspace: 31046K(31424K)->31046K(31424K) NonClass: 27768K(27968K)->27768K(27968K) Class: 3278K(3456K)->3278K(3456K)
[41.073s][info][gc             ] GC(1087) Pause Full (Allocation Failure) 494M->424M(494M) 22.444ms
[41.073s][info][gc,cpu         ] GC(1087) User=0.02s Sys=0.00s Real=0.02s
[41.084s][info][gc,start       ] GC(1088) Pause Full (Allocation Failure)
[41.084s][info][gc,phases,start] GC(1088) Phase 1: Mark live objects
[41.094s][info][gc,phases      ] GC(1088) Phase 1: Mark live objects 9.364ms
[41.094s][info][gc,phases,start] GC(1088) Phase 2: Compute new object addresses
[41.098s][info][gc,phases      ] GC(1088) Phase 2: Compute new object addresses 4.541ms
[41.098s][info][gc,phases,start] GC(1088) Phase 3: Adjust pointers
[41.108s][info][gc,phases      ] GC(1088) Phase 3: Adjust pointers 9.771ms
[41.108s][info][gc,phases,start] GC(1088) Phase 4: Move objects
[41.110s][info][gc,phases      ] GC(1088) Phase 4: Move objects 2.113ms
[41.110s][info][gc,heap        ] GC(1088) DefNew: 156413K(157248K)->87249K(157248K) Eden: 139776K(139776K)->87249K(139776K) From: 16637K(17472K)->0K(17472K)
[41.110s][info][gc,heap        ] GC(1088) Tenured: 349552K(349568K)->349552K(349568K)
[41.110s][info][gc,metaspace   ] GC(1088) Metaspace: 31048K(31424K)->31048K(31424K) NonClass: 27769K(27968K)->27769K(27968K) Class: 3278K(3456K)->3278K(3456K)
[41.110s][info][gc             ] GC(1088) Pause Full (Allocation Failure) 494M->426M(494M) 26.269ms
[41.110s][info][gc,cpu         ] GC(1088) User=0.03s Sys=0.00s Real=0.02s
[41.121s][info][gc,start       ] GC(1089) Pause Full (Allocation Failure)
[41.121s][info][gc,phases,start] GC(1089) Phase 1: Mark live objects
[41.132s][info][gc,phases      ] GC(1089) Phase 1: Mark live objects 10.628ms
[41.132s][info][gc,phases,start] GC(1089) Phase 2: Compute new object addresses
[41.135s][info][gc,phases      ] GC(1089) Phase 2: Compute new object addresses 3.640ms
[41.135s][info][gc,phases,start] GC(1089) Phase 3: Adjust pointers
[41.142s][info][gc,phases      ] GC(1089) Phase 3: Adjust pointers 6.484ms
[41.142s][info][gc,phases,start] GC(1089) Phase 4: Move objects
[41.145s][info][gc,phases      ] GC(1089) Phase 4: Move objects 2.653ms
[41.145s][info][gc,heap        ] GC(1089) DefNew: 156303K(157248K)->84572K(157248K) Eden: 139776K(139776K)->84572K(139776K) From: 16527K(17472K)->0K(17472K)
[41.145s][info][gc,heap        ] GC(1089) Tenured: 349552K(349568K)->349552K(349568K)
[41.145s][info][gc,metaspace   ] GC(1089) Metaspace: 31048K(31424K)->31048K(31424K) NonClass: 27769K(27968K)->27769K(27968K) Class: 3278K(3456K)->3278K(3456K)
[41.145s][info][gc             ] GC(1089) Pause Full (Allocation Failure) 494M->423M(494M) 23.966ms
[41.145s][info][gc,cpu         ] GC(1089) User=0.03s Sys=0.00s Real=0.03s
[41.155s][info][gc,start       ] GC(1090) Pause Full (Allocation Failure)
[41.156s][info][gc,phases,start] GC(1090) Phase 1: Mark live objects
[41.164s][info][gc,phases      ] GC(1090) Phase 1: Mark live objects 8.287ms
[41.164s][info][gc,phases,start] GC(1090) Phase 2: Compute new object addresses
[41.167s][info][gc,phases      ] GC(1090) Phase 2: Compute new object addresses 3.262ms
[41.167s][info][gc,phases,start] GC(1090) Phase 3: Adjust pointers
[41.172s][info][gc,phases      ] GC(1090) Phase 3: Adjust pointers 5.112ms
[41.172s][info][gc,phases,start] GC(1090) Phase 4: Move objects
[41.174s][info][gc,phases      ] GC(1090) Phase 4: Move objects 1.338ms
[41.174s][info][gc,heap        ] GC(1090) DefNew: 156284K(157248K)->83605K(157248K) Eden: 139776K(139776K)->83605K(139776K) From: 16508K(17472K)->0K(17472K)
[41.174s][info][gc,heap        ] GC(1090) Tenured: 349552K(349568K)->349552K(349568K)
[41.174s][info][gc,metaspace   ] GC(1090) Metaspace: 31048K(31424K)->31048K(31424K) NonClass: 27769K(27968K)->27769K(27968K) Class: 3278K(3456K)->3278K(3456K)
[41.174s][info][gc             ] GC(1090) Pause Full (Allocation Failure) 493M->423M(494M) 18.306ms
[41.174s][info][gc,cpu         ] GC(1090) User=0.02s Sys=0.00s Real=0.02s
[41.187s][info][gc,start       ] GC(1091) Pause Full (Allocation Failure)
[41.187s][info][gc,phases,start] GC(1091) Phase 1: Mark live objects
[41.195s][info][gc,phases      ] GC(1091) Phase 1: Mark live objects 8.341ms
[41.195s][info][gc,phases,start] GC(1091) Phase 2: Compute new object addresses
[41.200s][info][gc,phases      ] GC(1091) Phase 2: Compute new object addresses 4.465ms
[41.200s][info][gc,phases,start] GC(1091) Phase 3: Adjust pointers
[41.206s][info][gc,phases      ] GC(1091) Phase 3: Adjust pointers 6.485ms
[41.206s][info][gc,phases,start] GC(1091) Phase 4: Move objects
[41.207s][info][gc,phases      ] GC(1091) Phase 4: Move objects 0.818ms
[41.207s][info][gc,heap        ] GC(1091) DefNew: 157197K(157248K)->84541K(157248K) Eden: 139776K(139776K)->84541K(139776K) From: 17421K(17472K)->0K(17472K)
[41.207s][info][gc,heap        ] GC(1091) Tenured: 349552K(349568K)->349552K(349568K)
[41.207s][info][gc,metaspace   ] GC(1091) Metaspace: 31048K(31424K)->31048K(31424K) NonClass: 27769K(27968K)->27769K(27968K) Class: 3278K(3456K)->3278K(3456K)
[41.207s][info][gc             ] GC(1091) Pause Full (Allocation Failure) 494M->423M(494M) 20.523ms
[41.207s][info][gc,cpu         ] GC(1091) User=0.02s Sys=0.00s Real=0.02s
[41.220s][info][gc,start       ] GC(1092) Pause Full (Allocation Failure)
[41.220s][info][gc,phases,start] GC(1092) Phase 1: Mark live objects
[41.229s][info][gc,phases      ] GC(1092) Phase 1: Mark live objects 9.008ms
[41.229s][info][gc,phases,start] GC(1092) Phase 2: Compute new object addresses
[41.232s][info][gc,phases      ] GC(1092) Phase 2: Compute new object addresses 3.619ms
[41.232s][info][gc,phases,start] GC(1092) Phase 3: Adjust pointers
[41.239s][info][gc,phases      ] GC(1092) Phase 3: Adjust pointers 6.142ms
[41.239s][info][gc,phases,start] GC(1092) Phase 4: Move objects
[41.239s][info][gc,phases      ] GC(1092) Phase 4: Move objects 0.912ms
[41.240s][info][gc,heap        ] GC(1092) DefNew: 156833K(157248K)->84641K(157248K) Eden: 139776K(139776K)->84641K(139776K) From: 17057K(17472K)->0K(17472K)
[41.240s][info][gc,heap        ] GC(1092) Tenured: 349552K(349568K)->349552K(349568K)
[41.240s][info][gc,metaspace   ] GC(1092) Metaspace: 31048K(31424K)->31048K(31424K) NonClass: 27769K(27968K)->27769K(27968K) Class: 3278K(3456K)->3278K(3456K)
[41.240s][info][gc             ] GC(1092) Pause Full (Allocation Failure) 494M->424M(494M) 20.071ms
[41.240s][info][gc,cpu         ] GC(1092) User=0.02s Sys=0.00s Real=0.02s
[41.251s][info][gc,start       ] GC(1093) Pause Full (Allocation Failure)
[41.251s][info][gc,phases,start] GC(1093) Phase 1: Mark live objects
[41.260s][info][gc,phases      ] GC(1093) Phase 1: Mark live objects 8.679ms
[41.260s][info][gc,phases,start] GC(1093) Phase 2: Compute new object addresses
[41.263s][info][gc,phases      ] GC(1093) Phase 2: Compute new object addresses 3.231ms
[41.263s][info][gc,phases,start] GC(1093) Phase 3: Adjust pointers
[41.269s][info][gc,phases      ] GC(1093) Phase 3: Adjust pointers 5.740ms
[41.269s][info][gc,phases,start] GC(1093) Phase 4: Move objects
[41.270s][info][gc,phases      ] GC(1093) Phase 4: Move objects 0.837ms
[41.270s][info][gc,heap        ] GC(1093) DefNew: 157247K(157248K)->84150K(157248K) Eden: 139776K(139776K)->84150K(139776K) From: 17471K(17472K)->0K(17472K)
[41.270s][info][gc,heap        ] GC(1093) Tenured: 349568K(349568K)->349568K(349568K)
[41.270s][info][gc,metaspace   ] GC(1093) Metaspace: 31048K(31424K)->31048K(31424K) NonClass: 27769K(27968K)->27769K(27968K) Class: 3278K(3456K)->3278K(3456K)
[41.270s][info][gc             ] GC(1093) Pause Full (Allocation Failure) 494M->423M(494M) 18.866ms
[41.270s][info][gc,cpu         ] GC(1093) User=0.02s Sys=0.00s Real=0.02s
[41.280s][info][gc,start       ] GC(1094) Pause Full (Allocation Failure)
[41.280s][info][gc,phases,start] GC(1094) Phase 1: Mark live objects
[41.288s][info][gc,phases      ] GC(1094) Phase 1: Mark live objects 7.709ms
[41.288s][info][gc,phases,start] GC(1094) Phase 2: Compute new object addresses
[41.291s][info][gc,phases      ] GC(1094) Phase 2: Compute new object addresses 3.116ms
[41.291s][info][gc,phases,start] GC(1094) Phase 3: Adjust pointers
[41.297s][info][gc,phases      ] GC(1094) Phase 3: Adjust pointers 5.548ms
[41.297s][info][gc,phases,start] GC(1094) Phase 4: Move objects
[41.298s][info][gc,phases      ] GC(1094) Phase 4: Move objects 0.677ms
[41.298s][info][gc,heap        ] GC(1094) DefNew: 156306K(157248K)->82772K(157248K) Eden: 139776K(139776K)->82772K(139776K) From: 16530K(17472K)->0K(17472K)
[41.298s][info][gc,heap        ] GC(1094) Tenured: 349568K(349568K)->349568K(349568K)
[41.298s][info][gc,metaspace   ] GC(1094) Metaspace: 31048K(31424K)->31048K(31424K) NonClass: 27769K(27968K)->27769K(27968K) Class: 3278K(3456K)->3278K(3456K)
[41.298s][info][gc             ] GC(1094) Pause Full (Allocation Failure) 494M->422M(494M) 17.446ms
[41.298s][info][gc,cpu         ] GC(1094) User=0.02s Sys=0.00s Real=0.02s
[41.309s][info][gc,start       ] GC(1095) Pause Full (Allocation Failure)
[41.309s][info][gc,phases,start] GC(1095) Phase 1: Mark live objects
[41.319s][info][gc,phases      ] GC(1095) Phase 1: Mark live objects 10.596ms
[41.319s][info][gc,phases,start] GC(1095) Phase 2: Compute new object addresses
[41.323s][info][gc,phases      ] GC(1095) Phase 2: Compute new object addresses 3.835ms
[41.323s][info][gc,phases,start] GC(1095) Phase 3: Adjust pointers
[41.329s][info][gc,phases      ] GC(1095) Phase 3: Adjust pointers 5.902ms
[41.329s][info][gc,phases,start] GC(1095) Phase 4: Move objects
[41.330s][info][gc,phases      ] GC(1095) Phase 4: Move objects 0.912ms
[41.330s][info][gc,heap        ] GC(1095) DefNew: 157165K(157248K)->83096K(157248K) Eden: 139776K(139776K)->83096K(139776K) From: 17389K(17472K)->0K(17472K)
[41.330s][info][gc,heap        ] GC(1095) Tenured: 349568K(349568K)->349552K(349568K)
[41.330s][info][gc,metaspace   ] GC(1095) Metaspace: 31048K(31424K)->31048K(31424K) NonClass: 27769K(27968K)->27769K(27968K) Class: 3278K(3456K)->3278K(3456K)
[41.330s][info][gc             ] GC(1095) Pause Full (Allocation Failure) 494M->422M(494M) 21.614ms
[41.330s][info][gc,cpu         ] GC(1095) User=0.02s Sys=0.00s Real=0.02s
[41.344s][info][gc,start       ] GC(1096) Pause Full (Allocation Failure)
[41.344s][info][gc,phases,start] GC(1096) Phase 1: Mark live objects
[41.352s][info][gc,phases      ] GC(1096) Phase 1: Mark live objects 8.355ms
[41.352s][info][gc,phases,start] GC(1096) Phase 2: Compute new object addresses
[41.355s][info][gc,phases      ] GC(1096) Phase 2: Compute new object addresses 3.066ms
[41.355s][info][gc,phases,start] GC(1096) Phase 3: Adjust pointers
[41.360s][info][gc,phases      ] GC(1096) Phase 3: Adjust pointers 5.046ms
[41.360s][info][gc,phases,start] GC(1096) Phase 4: Move objects
[41.361s][info][gc,phases      ] GC(1096) Phase 4: Move objects 0.721ms
[41.361s][info][gc,heap        ] GC(1096) DefNew: 157241K(157248K)->84135K(157248K) Eden: 139776K(139776K)->84135K(139776K) From: 17465K(17472K)->0K(17472K)
[41.361s][info][gc,heap        ] GC(1096) Tenured: 349552K(349568K)->349552K(349568K)
[41.361s][info][gc,metaspace   ] GC(1096) Metaspace: 31048K(31424K)->31048K(31424K) NonClass: 27769K(27968K)->27769K(27968K) Class: 3278K(3456K)->3278K(3456K)
[41.361s][info][gc             ] GC(1096) Pause Full (Allocation Failure) 494M->423M(494M) 17.500ms
[41.361s][info][gc,cpu         ] GC(1096) User=0.01s Sys=0.00s Real=0.02s
[41.372s][info][gc,start       ] GC(1097) Pause Full (Allocation Failure)
[41.372s][info][gc,phases,start] GC(1097) Phase 1: Mark live objects
[41.379s][info][gc,phases      ] GC(1097) Phase 1: Mark live objects 7.588ms
[41.379s][info][gc,phases,start] GC(1097) Phase 2: Compute new object addresses
[41.382s][info][gc,phases      ] GC(1097) Phase 2: Compute new object addresses 3.107ms
[41.382s][info][gc,phases,start] GC(1097) Phase 3: Adjust pointers
[41.388s][info][gc,phases      ] GC(1097) Phase 3: Adjust pointers 5.065ms
[41.388s][info][gc,phases,start] GC(1097) Phase 4: Move objects
[41.388s][info][gc,phases      ] GC(1097) Phase 4: Move objects 0.763ms
[41.388s][info][gc,heap        ] GC(1097) DefNew: 157161K(157248K)->84046K(157248K) Eden: 139776K(139776K)->84046K(139776K) From: 17385K(17472K)->0K(17472K)
[41.388s][info][gc,heap        ] GC(1097) Tenured: 349552K(349568K)->349552K(349568K)
[41.388s][info][gc,metaspace   ] GC(1097) Metaspace: 31048K(31424K)->31048K(31424K) NonClass: 27769K(27968K)->27769K(27968K) Class: 3278K(3456K)->3278K(3456K)
[41.388s][info][gc             ] GC(1097) Pause Full (Allocation Failure) 494M->423M(494M) 16.854ms
[41.388s][info][gc,cpu         ] GC(1097) User=0.01s Sys=0.00s Real=0.02s
[41.399s][info][gc,start       ] GC(1098) Pause Full (Allocation Failure)
[41.399s][info][gc,phases,start] GC(1098) Phase 1: Mark live objects
[41.407s][info][gc,phases      ] GC(1098) Phase 1: Mark live objects 7.951ms
[41.407s][info][gc,phases,start] GC(1098) Phase 2: Compute new object addresses
[41.411s][info][gc,phases      ] GC(1098) Phase 2: Compute new object addresses 3.356ms
[41.411s][info][gc,phases,start] GC(1098) Phase 3: Adjust pointers
[41.418s][info][gc,phases      ] GC(1098) Phase 3: Adjust pointers 7.235ms
[41.418s][info][gc,phases,start] GC(1098) Phase 4: Move objects
[41.419s][info][gc,phases      ] GC(1098) Phase 4: Move objects 0.790ms
[41.419s][info][gc,heap        ] GC(1098) DefNew: 157080K(157248K)->83095K(157248K) Eden: 139776K(139776K)->83095K(139776K) From: 17304K(17472K)->0K(17472K)
[41.419s][info][gc,heap        ] GC(1098) Tenured: 349552K(349568K)->349552K(349568K)
[41.419s][info][gc,metaspace   ] GC(1098) Metaspace: 31048K(31424K)->31048K(31424K) NonClass: 27769K(27968K)->27769K(27968K) Class: 3278K(3456K)->3278K(3456K)
[41.419s][info][gc             ] GC(1098) Pause Full (Allocation Failure) 494M->422M(494M) 19.673ms
[41.419s][info][gc,cpu         ] GC(1098) User=0.02s Sys=0.00s Real=0.02s
[41.429s][info][gc,start       ] GC(1099) Pause Full (Allocation Failure)
[41.429s][info][gc,phases,start] GC(1099) Phase 1: Mark live objects
[41.438s][info][gc,phases      ] GC(1099) Phase 1: Mark live objects 9.031ms
[41.438s][info][gc,phases,start] GC(1099) Phase 2: Compute new object addresses
[41.442s][info][gc,phases      ] GC(1099) Phase 2: Compute new object addresses 3.515ms
[41.442s][info][gc,phases,start] GC(1099) Phase 3: Adjust pointers
[41.448s][info][gc,phases      ] GC(1099) Phase 3: Adjust pointers 5.741ms
[41.448s][info][gc,phases,start] GC(1099) Phase 4: Move objects
[41.449s][info][gc,phases      ] GC(1099) Phase 4: Move objects 0.924ms
[41.449s][info][gc,heap        ] GC(1099) DefNew: 157192K(157248K)->85445K(157248K) Eden: 139776K(139776K)->85445K(139776K) From: 17416K(17472K)->0K(17472K)
[41.449s][info][gc,heap        ] GC(1099) Tenured: 349552K(349568K)->349552K(349568K)
[41.449s][info][gc,metaspace   ] GC(1099) Metaspace: 31048K(31424K)->31048K(31424K) NonClass: 27769K(27968K)->27769K(27968K) Class: 3278K(3456K)->3278K(3456K)
[41.449s][info][gc             ] GC(1099) Pause Full (Allocation Failure) 494M->424M(494M) 19.578ms
[41.449s][info][gc,cpu         ] GC(1099) User=0.02s Sys=0.00s Real=0.02s
[41.459s][info][gc,start       ] GC(1100) Pause Full (Allocation Failure)
[41.459s][info][gc,phases,start] GC(1100) Phase 1: Mark live objects
[41.468s][info][gc,phases      ] GC(1100) Phase 1: Mark live objects 8.055ms
[41.468s][info][gc,phases,start] GC(1100) Phase 2: Compute new object addresses
[41.471s][info][gc,phases      ] GC(1100) Phase 2: Compute new object addresses 3.001ms
[41.471s][info][gc,phases,start] GC(1100) Phase 3: Adjust pointers
[41.476s][info][gc,phases      ] GC(1100) Phase 3: Adjust pointers 4.981ms
[41.476s][info][gc,phases,start] GC(1100) Phase 4: Move objects
[41.476s][info][gc,phases      ] GC(1100) Phase 4: Move objects 0.686ms
[41.476s][info][gc,heap        ] GC(1100) DefNew: 156976K(157248K)->83799K(157248K) Eden: 139776K(139776K)->83799K(139776K) From: 17200K(17472K)->0K(17472K)
[41.476s][info][gc,heap        ] GC(1100) Tenured: 349552K(349568K)->349552K(349568K)
[41.476s][info][gc,metaspace   ] GC(1100) Metaspace: 31048K(31424K)->31048K(31424K) NonClass: 27769K(27968K)->27769K(27968K) Class: 3278K(3456K)->3278K(3456K)
[41.476s][info][gc             ] GC(1100) Pause Full (Allocation Failure) 494M->423M(494M) 17.043ms
[41.476s][info][gc,cpu         ] GC(1100) User=0.01s Sys=0.00s Real=0.02s
[41.487s][info][gc,start       ] GC(1101) Pause Full (Allocation Failure)
[41.487s][info][gc,phases,start] GC(1101) Phase 1: Mark live objects
[41.495s][info][gc,phases      ] GC(1101) Phase 1: Mark live objects 7.883ms
[41.495s][info][gc,phases,start] GC(1101) Phase 2: Compute new object addresses
[41.498s][info][gc,phases      ] GC(1101) Phase 2: Compute new object addresses 3.460ms
[41.498s][info][gc,phases,start] GC(1101) Phase 3: Adjust pointers
[41.504s][info][gc,phases      ] GC(1101) Phase 3: Adjust pointers 5.478ms
[41.504s][info][gc,phases,start] GC(1101) Phase 4: Move objects
[41.505s][info][gc,phases      ] GC(1101) Phase 4: Move objects 0.682ms
[41.505s][info][gc,heap        ] GC(1101) DefNew: 157124K(157248K)->82838K(157248K) Eden: 139776K(139776K)->82838K(139776K) From: 17348K(17472K)->0K(17472K)
[41.505s][info][gc,heap        ] GC(1101) Tenured: 349552K(349568K)->349552K(349568K)
[41.505s][info][gc,metaspace   ] GC(1101) Metaspace: 31048K(31424K)->31048K(31424K) NonClass: 27769K(27968K)->27769K(27968K) Class: 3278K(3456K)->3278K(3456K)
[41.505s][info][gc             ] GC(1101) Pause Full (Allocation Failure) 494M->422M(494M) 17.849ms
[41.505s][info][gc,cpu         ] GC(1101) User=0.02s Sys=0.00s Real=0.02s
[41.515s][info][gc,start       ] GC(1102) Pause Full (Allocation Failure)
[41.515s][info][gc,phases,start] GC(1102) Phase 1: Mark live objects
[41.523s][info][gc,phases      ] GC(1102) Phase 1: Mark live objects 7.645ms
[41.523s][info][gc,phases,start] GC(1102) Phase 2: Compute new object addresses
[41.526s][info][gc,phases      ] GC(1102) Phase 2: Compute new object addresses 3.157ms
[41.526s][info][gc,phases,start] GC(1102) Phase 3: Adjust pointers
[41.531s][info][gc,phases      ] GC(1102) Phase 3: Adjust pointers 5.033ms
[41.531s][info][gc,phases,start] GC(1102) Phase 4: Move objects
[41.532s][info][gc,phases      ] GC(1102) Phase 4: Move objects 0.413ms
[41.532s][info][gc,heap        ] GC(1102) DefNew: 156893K(157248K)->80821K(157248K) Eden: 139776K(139776K)->80821K(139776K) From: 17117K(17472K)->0K(17472K)
[41.532s][info][gc,heap        ] GC(1102) Tenured: 349552K(349568K)->349552K(349568K)
[41.532s][info][gc,metaspace   ] GC(1102) Metaspace: 31048K(31424K)->31048K(31424K) NonClass: 27769K(27968K)->27769K(27968K) Class: 3278K(3456K)->3278K(3456K)
[41.532s][info][gc             ] GC(1102) Pause Full (Allocation Failure) 494M->420M(494M) 16.571ms
[41.532s][info][gc,cpu         ] GC(1102) User=0.02s Sys=0.01s Real=0.02s
[41.543s][info][gc,start       ] GC(1103) Pause Full (Allocation Failure)
[41.543s][info][gc,phases,start] GC(1103) Phase 1: Mark live objects
[41.550s][info][gc,phases      ] GC(1103) Phase 1: Mark live objects 7.665ms
[41.550s][info][gc,phases,start] GC(1103) Phase 2: Compute new object addresses
[41.553s][info][gc,phases      ] GC(1103) Phase 2: Compute new object addresses 3.178ms
[41.554s][info][gc,phases,start] GC(1103) Phase 3: Adjust pointers
[41.559s][info][gc,phases      ] GC(1103) Phase 3: Adjust pointers 5.063ms
[41.559s][info][gc,phases,start] GC(1103) Phase 4: Move objects
[41.559s][info][gc,phases      ] GC(1103) Phase 4: Move objects 0.806ms
[41.560s][info][gc,heap        ] GC(1103) DefNew: 157137K(157248K)->84127K(157248K) Eden: 139775K(139776K)->84127K(139776K) From: 17361K(17472K)->0K(17472K)
[41.560s][info][gc,heap        ] GC(1103) Tenured: 349552K(349568K)->349552K(349568K)
[41.560s][info][gc,metaspace   ] GC(1103) Metaspace: 31048K(31424K)->31048K(31424K) NonClass: 27769K(27968K)->27769K(27968K) Class: 3278K(3456K)->3278K(3456K)
[41.560s][info][gc             ] GC(1103) Pause Full (Allocation Failure) 494M->423M(494M) 17.022ms
[41.560s][info][gc,cpu         ] GC(1103) User=0.02s Sys=0.00s Real=0.02s
[41.570s][info][gc,start       ] GC(1104) Pause Full (Allocation Failure)
[41.570s][info][gc,phases,start] GC(1104) Phase 1: Mark live objects
[41.578s][info][gc,phases      ] GC(1104) Phase 1: Mark live objects 7.894ms
[41.578s][info][gc,phases,start] GC(1104) Phase 2: Compute new object addresses
[41.581s][info][gc,phases      ] GC(1104) Phase 2: Compute new object addresses 3.220ms
[41.581s][info][gc,phases,start] GC(1104) Phase 3: Adjust pointers
[41.586s][info][gc,phases      ] GC(1104) Phase 3: Adjust pointers 5.021ms
[41.586s][info][gc,phases,start] GC(1104) Phase 4: Move objects
[41.587s][info][gc,phases      ] GC(1104) Phase 4: Move objects 1.018ms
[41.588s][info][gc,heap        ] GC(1104) DefNew: 157115K(157248K)->84897K(157248K) Eden: 139776K(139776K)->84897K(139776K) From: 17339K(17472K)->0K(17472K)
[41.588s][info][gc,heap        ] GC(1104) Tenured: 349552K(349568K)->349552K(349568K)
[41.588s][info][gc,metaspace   ] GC(1104) Metaspace: 31048K(31424K)->31048K(31424K) NonClass: 27769K(27968K)->27769K(27968K) Class: 3278K(3456K)->3278K(3456K)
[41.588s][info][gc             ] GC(1104) Pause Full (Allocation Failure) 494M->424M(494M) 17.487ms
[41.588s][info][gc,cpu         ] GC(1104) User=0.01s Sys=0.00s Real=0.02s
[41.598s][info][gc,start       ] GC(1105) Pause Full (Allocation Failure)
[41.598s][info][gc,phases,start] GC(1105) Phase 1: Mark live objects
[41.606s][info][gc,phases      ] GC(1105) Phase 1: Mark live objects 8.028ms
[41.606s][info][gc,phases,start] GC(1105) Phase 2: Compute new object addresses
[41.609s][info][gc,phases      ] GC(1105) Phase 2: Compute new object addresses 3.230ms
[41.609s][info][gc,phases,start] GC(1105) Phase 3: Adjust pointers
[41.615s][info][gc,phases      ] GC(1105) Phase 3: Adjust pointers 5.188ms
[41.615s][info][gc,phases,start] GC(1105) Phase 4: Move objects
[41.615s][info][gc,phases      ] GC(1105) Phase 4: Move objects 0.718ms
[41.615s][info][gc,heap        ] GC(1105) DefNew: 156336K(157248K)->83660K(157248K) Eden: 139776K(139776K)->83660K(139776K) From: 16560K(17472K)->0K(17472K)
[41.615s][info][gc,heap        ] GC(1105) Tenured: 349552K(349568K)->349552K(349568K)
[41.615s][info][gc,metaspace   ] GC(1105) Metaspace: 31048K(31424K)->31048K(31424K) NonClass: 27769K(27968K)->27769K(27968K) Class: 3278K(3456K)->3278K(3456K)
[41.616s][info][gc             ] GC(1105) Pause Full (Allocation Failure) 494M->423M(494M) 17.479ms
[41.616s][info][gc,cpu         ] GC(1105) User=0.02s Sys=0.00s Real=0.01s
[41.627s][info][gc,start       ] GC(1106) Pause Full (Allocation Failure)
[41.628s][info][gc,phases,start] GC(1106) Phase 1: Mark live objects
[41.636s][info][gc,phases      ] GC(1106) Phase 1: Mark live objects 8.312ms
[41.636s][info][gc,phases,start] GC(1106) Phase 2: Compute new object addresses
[41.639s][info][gc,phases      ] GC(1106) Phase 2: Compute new object addresses 3.147ms
[41.639s][info][gc,phases,start] GC(1106) Phase 3: Adjust pointers
[41.646s][info][gc,phases      ] GC(1106) Phase 3: Adjust pointers 6.970ms
[41.646s][info][gc,phases,start] GC(1106) Phase 4: Move objects
[41.647s][info][gc,phases      ] GC(1106) Phase 4: Move objects 0.771ms
[41.647s][info][gc,heap        ] GC(1106) DefNew: 157075K(157248K)->84061K(157248K) Eden: 139776K(139776K)->84061K(139776K) From: 17299K(17472K)->0K(17472K)
[41.647s][info][gc,heap        ] GC(1106) Tenured: 349552K(349568K)->349552K(349568K)
[41.647s][info][gc,metaspace   ] GC(1106) Metaspace: 31048K(31424K)->31048K(31424K) NonClass: 27769K(27968K)->27769K(27968K) Class: 3278K(3456K)->3278K(3456K)
[41.647s][info][gc             ] GC(1106) Pause Full (Allocation Failure) 494M->423M(494M) 19.558ms
[41.647s][info][gc,cpu         ] GC(1106) User=0.02s Sys=0.00s Real=0.02s
[41.658s][info][gc,start       ] GC(1107) Pause Full (Allocation Failure)
[41.658s][info][gc,phases,start] GC(1107) Phase 1: Mark live objects
[41.667s][info][gc,phases      ] GC(1107) Phase 1: Mark live objects 9.323ms
[41.667s][info][gc,phases,start] GC(1107) Phase 2: Compute new object addresses
[41.671s][info][gc,phases      ] GC(1107) Phase 2: Compute new object addresses 3.569ms
[41.671s][info][gc,phases,start] GC(1107) Phase 3: Adjust pointers
[41.677s][info][gc,phases      ] GC(1107) Phase 3: Adjust pointers 6.116ms
[41.677s][info][gc,phases,start] GC(1107) Phase 4: Move objects
[41.678s][info][gc,phases      ] GC(1107) Phase 4: Move objects 0.910ms
[41.678s][info][gc,heap        ] GC(1107) DefNew: 157040K(157248K)->84621K(157248K) Eden: 139776K(139776K)->84621K(139776K) From: 17264K(17472K)->0K(17472K)
[41.678s][info][gc,heap        ] GC(1107) Tenured: 349552K(349568K)->349552K(349568K)
[41.678s][info][gc,metaspace   ] GC(1107) Metaspace: 31048K(31424K)->31048K(31424K) NonClass: 27769K(27968K)->27769K(27968K) Class: 3278K(3456K)->3278K(3456K)
[41.678s][info][gc             ] GC(1107) Pause Full (Allocation Failure) 494M->423M(494M) 20.288ms
[41.678s][info][gc,cpu         ] GC(1107) User=0.02s Sys=0.00s Real=0.02s
[41.691s][info][gc,start       ] GC(1108) Pause Full (Allocation Failure)
[41.691s][info][gc,phases,start] GC(1108) Phase 1: Mark live objects
[41.700s][info][gc,phases      ] GC(1108) Phase 1: Mark live objects 8.426ms
[41.700s][info][gc,phases,start] GC(1108) Phase 2: Compute new object addresses
[41.703s][info][gc,phases      ] GC(1108) Phase 2: Compute new object addresses 3.029ms
[41.703s][info][gc,phases,start] GC(1108) Phase 3: Adjust pointers
[41.708s][info][gc,phases      ] GC(1108) Phase 3: Adjust pointers 5.059ms
[41.708s][info][gc,phases,start] GC(1108) Phase 4: Move objects
[41.709s][info][gc,phases      ] GC(1108) Phase 4: Move objects 0.828ms
[41.709s][info][gc,heap        ] GC(1108) DefNew: 157008K(157248K)->84389K(157248K) Eden: 139776K(139776K)->84389K(139776K) From: 17232K(17472K)->0K(17472K)
[41.709s][info][gc,heap        ] GC(1108) Tenured: 349552K(349568K)->349552K(349568K)
[41.709s][info][gc,metaspace   ] GC(1108) Metaspace: 31048K(31424K)->31048K(31424K) NonClass: 27769K(27968K)->27769K(27968K) Class: 3278K(3456K)->3278K(3456K)
[41.709s][info][gc             ] GC(1108) Pause Full (Allocation Failure) 494M->423M(494M) 17.681ms
[41.709s][info][gc,cpu         ] GC(1108) User=0.02s Sys=0.00s Real=0.02s
[41.720s][info][gc,start       ] GC(1109) Pause Full (Allocation Failure)
[41.720s][info][gc,phases,start] GC(1109) Phase 1: Mark live objects
[41.728s][info][gc,phases      ] GC(1109) Phase 1: Mark live objects 7.919ms
[41.728s][info][gc,phases,start] GC(1109) Phase 2: Compute new object addresses
[41.731s][info][gc,phases      ] GC(1109) Phase 2: Compute new object addresses 3.127ms
[41.731s][info][gc,phases,start] GC(1109) Phase 3: Adjust pointers
[41.736s][info][gc,phases      ] GC(1109) Phase 3: Adjust pointers 5.066ms
[41.736s][info][gc,phases,start] GC(1109) Phase 4: Move objects
[41.737s][info][gc,phases      ] GC(1109) Phase 4: Move objects 0.710ms
[41.737s][info][gc,heap        ] GC(1109) DefNew: 157247K(157248K)->84036K(157248K) Eden: 139776K(139776K)->84036K(139776K) From: 17471K(17472K)->0K(17472K)
[41.737s][info][gc,heap        ] GC(1109) Tenured: 349568K(349568K)->349568K(349568K)
[41.737s][info][gc,metaspace   ] GC(1109) Metaspace: 31048K(31424K)->31048K(31424K) NonClass: 27769K(27968K)->27769K(27968K) Class: 3278K(3456K)->3278K(3456K)
[41.737s][info][gc             ] GC(1109) Pause Full (Allocation Failure) 494M->423M(494M) 17.163ms
[41.737s][info][gc,cpu         ] GC(1109) User=0.02s Sys=0.00s Real=0.02s
[41.748s][info][gc,start       ] GC(1110) Pause Full (Allocation Failure)
[41.748s][info][gc,phases,start] GC(1110) Phase 1: Mark live objects
[41.757s][info][gc,phases      ] GC(1110) Phase 1: Mark live objects 9.159ms
[41.757s][info][gc,phases,start] GC(1110) Phase 2: Compute new object addresses
[41.761s][info][gc,phases      ] GC(1110) Phase 2: Compute new object addresses 3.608ms
[41.761s][info][gc,phases,start] GC(1110) Phase 3: Adjust pointers
[41.767s][info][gc,phases      ] GC(1110) Phase 3: Adjust pointers 5.933ms
[41.767s][info][gc,phases,start] GC(1110) Phase 4: Move objects
[41.767s][info][gc,phases      ] GC(1110) Phase 4: Move objects 0.701ms
[41.767s][info][gc,heap        ] GC(1110) DefNew: 156673K(157248K)->82844K(157248K) Eden: 139776K(139776K)->82844K(139776K) From: 16897K(17472K)->0K(17472K)
[41.767s][info][gc,heap        ] GC(1110) Tenured: 349568K(349568K)->349568K(349568K)
[41.768s][info][gc,metaspace   ] GC(1110) Metaspace: 31048K(31424K)->31048K(31424K) NonClass: 27769K(27968K)->27769K(27968K) Class: 3278K(3456K)->3278K(3456K)
[41.768s][info][gc             ] GC(1110) Pause Full (Allocation Failure) 494M->422M(494M) 19.779ms
[41.768s][info][gc,cpu         ] GC(1110) User=0.02s Sys=0.00s Real=0.02s
[41.779s][info][gc,start       ] GC(1111) Pause Full (Allocation Failure)
[41.779s][info][gc,phases,start] GC(1111) Phase 1: Mark live objects
[41.787s][info][gc,phases      ] GC(1111) Phase 1: Mark live objects 8.050ms
[41.787s][info][gc,phases,start] GC(1111) Phase 2: Compute new object addresses
[41.790s][info][gc,phases      ] GC(1111) Phase 2: Compute new object addresses 3.140ms
[41.790s][info][gc,phases,start] GC(1111) Phase 3: Adjust pointers
[41.795s][info][gc,phases      ] GC(1111) Phase 3: Adjust pointers 5.410ms
[41.795s][info][gc,phases,start] GC(1111) Phase 4: Move objects
[41.796s][info][gc,phases      ] GC(1111) Phase 4: Move objects 0.775ms
[41.796s][info][gc,heap        ] GC(1111) DefNew: 156397K(157248K)->83615K(157248K) Eden: 139776K(139776K)->83615K(139776K) From: 16621K(17472K)->0K(17472K)
[41.796s][info][gc,heap        ] GC(1111) Tenured: 349568K(349568K)->349552K(349568K)
[41.796s][info][gc,metaspace   ] GC(1111) Metaspace: 31048K(31424K)->31048K(31424K) NonClass: 27769K(27968K)->27769K(27968K) Class: 3278K(3456K)->3278K(3456K)
[41.796s][info][gc             ] GC(1111) Pause Full (Allocation Failure) 494M->423M(494M) 17.749ms
[41.796s][info][gc,cpu         ] GC(1111) User=0.02s Sys=0.00s Real=0.02s
[41.811s][info][gc,start       ] GC(1112) Pause Full (Allocation Failure)
[41.811s][info][gc,phases,start] GC(1112) Phase 1: Mark live objects
[41.819s][info][gc,phases      ] GC(1112) Phase 1: Mark live objects 8.129ms
[41.819s][info][gc,phases,start] GC(1112) Phase 2: Compute new object addresses
[41.823s][info][gc,phases      ] GC(1112) Phase 2: Compute new object addresses 3.594ms
[41.823s][info][gc,phases,start] GC(1112) Phase 3: Adjust pointers
[41.829s][info][gc,phases      ] GC(1112) Phase 3: Adjust pointers 6.764ms
[41.830s][info][gc,phases,start] GC(1112) Phase 4: Move objects
[41.830s][info][gc,phases      ] GC(1112) Phase 4: Move objects 0.807ms
[41.830s][info][gc,heap        ] GC(1112) DefNew: 157189K(157248K)->83772K(157248K) Eden: 139776K(139776K)->83772K(139776K) From: 17413K(17472K)->0K(17472K)
[41.830s][info][gc,heap        ] GC(1112) Tenured: 349552K(349568K)->349552K(349568K)
[41.831s][info][gc,metaspace   ] GC(1112) Metaspace: 31048K(31424K)->31048K(31424K) NonClass: 27769K(27968K)->27769K(27968K) Class: 3278K(3456K)->3278K(3456K)
[41.831s][info][gc             ] GC(1112) Pause Full (Allocation Failure) 494M->423M(494M) 19.703ms
[41.831s][info][gc,cpu         ] GC(1112) User=0.02s Sys=0.00s Real=0.02s
[41.841s][info][gc,start       ] GC(1113) Pause Full (Allocation Failure)
[41.841s][info][gc,phases,start] GC(1113) Phase 1: Mark live objects
[41.850s][info][gc,phases      ] GC(1113) Phase 1: Mark live objects 8.514ms
[41.850s][info][gc,phases,start] GC(1113) Phase 2: Compute new object addresses
[41.853s][info][gc,phases      ] GC(1113) Phase 2: Compute new object addresses 3.295ms
[41.853s][info][gc,phases,start] GC(1113) Phase 3: Adjust pointers
[41.858s][info][gc,phases      ] GC(1113) Phase 3: Adjust pointers 5.216ms
[41.858s][info][gc,phases,start] GC(1113) Phase 4: Move objects
[41.859s][info][gc,phases      ] GC(1113) Phase 4: Move objects 0.737ms
[41.859s][info][gc,heap        ] GC(1113) DefNew: 156666K(157248K)->83359K(157248K) Eden: 139776K(139776K)->83359K(139776K) From: 16890K(17472K)->0K(17472K)
[41.859s][info][gc,heap        ] GC(1113) Tenured: 349552K(349568K)->349552K(349568K)
[41.859s][info][gc,metaspace   ] GC(1113) Metaspace: 31048K(31424K)->31048K(31424K) NonClass: 27769K(27968K)->27769K(27968K) Class: 3278K(3456K)->3278K(3456K)
[41.859s][info][gc             ] GC(1113) Pause Full (Allocation Failure) 494M->422M(494M) 18.084ms
[41.859s][info][gc,cpu         ] GC(1113) User=0.02s Sys=0.00s Real=0.02s
[41.871s][info][gc,start       ] GC(1114) Pause Full (Allocation Failure)
[41.871s][info][gc,phases,start] GC(1114) Phase 1: Mark live objects
[41.879s][info][gc,phases      ] GC(1114) Phase 1: Mark live objects 7.872ms
[41.879s][info][gc,phases,start] GC(1114) Phase 2: Compute new object addresses
[41.883s][info][gc,phases      ] GC(1114) Phase 2: Compute new object addresses 3.655ms
[41.883s][info][gc,phases,start] GC(1114) Phase 3: Adjust pointers
[41.888s][info][gc,phases      ] GC(1114) Phase 3: Adjust pointers 5.217ms
[41.888s][info][gc,phases,start] GC(1114) Phase 4: Move objects
[41.889s][info][gc,phases      ] GC(1114) Phase 4: Move objects 0.726ms
[41.889s][info][gc,heap        ] GC(1114) DefNew: 157248K(157248K)->83880K(157248K) Eden: 139776K(139776K)->83880K(139776K) From: 17472K(17472K)->0K(17472K)
[41.889s][info][gc,heap        ] GC(1114) Tenured: 349568K(349568K)->349568K(349568K)
[41.889s][info][gc,metaspace   ] GC(1114) Metaspace: 31048K(31424K)->31048K(31424K) NonClass: 27769K(27968K)->27769K(27968K) Class: 3278K(3456K)->3278K(3456K)
[41.889s][info][gc             ] GC(1114) Pause Full (Allocation Failure) 494M->423M(494M) 17.810ms
[41.889s][info][gc,cpu         ] GC(1114) User=0.02s Sys=0.00s Real=0.02s
[41.900s][info][gc,start       ] GC(1115) Pause Full (Allocation Failure)
[41.900s][info][gc,phases,start] GC(1115) Phase 1: Mark live objects
[41.907s][info][gc,phases      ] GC(1115) Phase 1: Mark live objects 7.659ms
[41.907s][info][gc,phases,start] GC(1115) Phase 2: Compute new object addresses
[41.910s][info][gc,phases      ] GC(1115) Phase 2: Compute new object addresses 3.014ms
[41.911s][info][gc,phases,start] GC(1115) Phase 3: Adjust pointers
[41.915s][info][gc,phases      ] GC(1115) Phase 3: Adjust pointers 4.892ms
[41.915s][info][gc,phases,start] GC(1115) Phase 4: Move objects
[41.916s][info][gc,phases      ] GC(1115) Phase 4: Move objects 0.607ms
[41.916s][info][gc,heap        ] GC(1115) DefNew: 156656K(157248K)->82747K(157248K) Eden: 139776K(139776K)->82747K(139776K) From: 16880K(17472K)->0K(17472K)
[41.916s][info][gc,heap        ] GC(1115) Tenured: 349568K(349568K)->349552K(349568K)
[41.916s][info][gc,metaspace   ] GC(1115) Metaspace: 31048K(31424K)->31048K(31424K) NonClass: 27769K(27968K)->27769K(27968K) Class: 3278K(3456K)->3278K(3456K)
[41.916s][info][gc             ] GC(1115) Pause Full (Allocation Failure) 494M->422M(494M) 16.520ms
[41.916s][info][gc,cpu         ] GC(1115) User=0.01s Sys=0.00s Real=0.02s
[41.927s][info][gc,start       ] GC(1116) Pause Full (Allocation Failure)
[41.927s][info][gc,phases,start] GC(1116) Phase 1: Mark live objects
[41.935s][info][gc,phases      ] GC(1116) Phase 1: Mark live objects 7.828ms
[41.935s][info][gc,phases,start] GC(1116) Phase 2: Compute new object addresses
[41.938s][info][gc,phases      ] GC(1116) Phase 2: Compute new object addresses 3.248ms
[41.938s][info][gc,phases,start] GC(1116) Phase 3: Adjust pointers
[41.943s][info][gc,phases      ] GC(1116) Phase 3: Adjust pointers 5.057ms
[41.943s][info][gc,phases,start] GC(1116) Phase 4: Move objects
[41.944s][info][gc,phases      ] GC(1116) Phase 4: Move objects 0.710ms
[41.944s][info][gc,heap        ] GC(1116) DefNew: 156959K(157248K)->83354K(157248K) Eden: 139776K(139776K)->83354K(139776K) From: 17183K(17472K)->0K(17472K)
[41.944s][info][gc,heap        ] GC(1116) Tenured: 349552K(349568K)->349552K(349568K)
[41.944s][info][gc,metaspace   ] GC(1116) Metaspace: 31048K(31424K)->31048K(31424K) NonClass: 27769K(27968K)->27769K(27968K) Class: 3278K(3456K)->3278K(3456K)
[41.944s][info][gc             ] GC(1116) Pause Full (Allocation Failure) 494M->422M(494M) 17.173ms
[41.944s][info][gc,cpu         ] GC(1116) User=0.02s Sys=0.00s Real=0.02s
[41.957s][info][gc,start       ] GC(1117) Pause Full (Allocation Failure)
[41.957s][info][gc,phases,start] GC(1117) Phase 1: Mark live objects
[41.965s][info][gc,phases      ] GC(1117) Phase 1: Mark live objects 8.356ms
[41.965s][info][gc,phases,start] GC(1117) Phase 2: Compute new object addresses
[41.968s][info][gc,phases      ] GC(1117) Phase 2: Compute new object addresses 3.431ms
[41.969s][info][gc,phases,start] GC(1117) Phase 3: Adjust pointers
[41.974s][info][gc,phases      ] GC(1117) Phase 3: Adjust pointers 5.629ms
[41.974s][info][gc,phases,start] GC(1117) Phase 4: Move objects
[41.975s][info][gc,phases      ] GC(1117) Phase 4: Move objects 0.826ms
[41.975s][info][gc,heap        ] GC(1117) DefNew: 157063K(157248K)->84398K(157248K) Eden: 139776K(139776K)->84398K(139776K) From: 17287K(17472K)->0K(17472K)
[41.975s][info][gc,heap        ] GC(1117) Tenured: 349552K(349568K)->349552K(349568K)
[41.975s][info][gc,metaspace   ] GC(1117) Metaspace: 31048K(31424K)->31048K(31424K) NonClass: 27769K(27968K)->27769K(27968K) Class: 3278K(3456K)->3278K(3456K)
[41.975s][info][gc             ] GC(1117) Pause Full (Allocation Failure) 494M->423M(494M) 18.635ms
[41.975s][info][gc,cpu         ] GC(1117) User=0.02s Sys=0.00s Real=0.01s
[41.988s][info][gc,start       ] GC(1118) Pause Full (Allocation Failure)
[41.988s][info][gc,phases,start] GC(1118) Phase 1: Mark live objects
[41.997s][info][gc,phases      ] GC(1118) Phase 1: Mark live objects 8.359ms
[41.997s][info][gc,phases,start] GC(1118) Phase 2: Compute new object addresses
[42.000s][info][gc,phases      ] GC(1118) Phase 2: Compute new object addresses 3.449ms
[42.000s][info][gc,phases,start] GC(1118) Phase 3: Adjust pointers
[42.006s][info][gc,phases      ] GC(1118) Phase 3: Adjust pointers 5.968ms
[42.006s][info][gc,phases,start] GC(1118) Phase 4: Move objects
[42.007s][info][gc,phases      ] GC(1118) Phase 4: Move objects 0.725ms
[42.007s][info][gc,heap        ] GC(1118) DefNew: 157035K(157248K)->83545K(157248K) Eden: 139776K(139776K)->83545K(139776K) From: 17259K(17472K)->0K(17472K)
[42.007s][info][gc,heap        ] GC(1118) Tenured: 349552K(349568K)->349552K(349568K)
[42.007s][info][gc,metaspace   ] GC(1118) Metaspace: 31048K(31424K)->31048K(31424K) NonClass: 27769K(27968K)->27769K(27968K) Class: 3278K(3456K)->3278K(3456K)
[42.007s][info][gc             ] GC(1118) Pause Full (Allocation Failure) 494M->422M(494M) 18.893ms
[42.007s][info][gc,cpu         ] GC(1118) User=0.02s Sys=0.00s Real=0.02s
[42.018s][info][gc,start       ] GC(1119) Pause Full (Allocation Failure)
[42.018s][info][gc,phases,start] GC(1119) Phase 1: Mark live objects
[42.026s][info][gc,phases      ] GC(1119) Phase 1: Mark live objects 8.221ms
[42.026s][info][gc,phases,start] GC(1119) Phase 2: Compute new object addresses
[42.029s][info][gc,phases      ] GC(1119) Phase 2: Compute new object addresses 3.198ms
[42.029s][info][gc,phases,start] GC(1119) Phase 3: Adjust pointers
[42.034s][info][gc,phases      ] GC(1119) Phase 3: Adjust pointers 5.116ms
[42.035s][info][gc,phases,start] GC(1119) Phase 4: Move objects
[42.035s][info][gc,phases      ] GC(1119) Phase 4: Move objects 0.669ms
[42.035s][info][gc,heap        ] GC(1119) DefNew: 156241K(157248K)->82840K(157248K) Eden: 139776K(139776K)->82840K(139776K) From: 16465K(17472K)->0K(17472K)
[42.035s][info][gc,heap        ] GC(1119) Tenured: 349552K(349568K)->349552K(349568K)
[42.035s][info][gc,metaspace   ] GC(1119) Metaspace: 31048K(31424K)->31048K(31424K) NonClass: 27769K(27968K)->27769K(27968K) Class: 3278K(3456K)->3278K(3456K)
[42.035s][info][gc             ] GC(1119) Pause Full (Allocation Failure) 493M->422M(494M) 17.533ms
[42.035s][info][gc,cpu         ] GC(1119) User=0.02s Sys=0.00s Real=0.01s
[42.042s][info][gc,start       ] GC(1120) Pause Full (Allocation Failure)
[42.042s][info][gc,phases,start] GC(1120) Phase 1: Mark live objects
[42.050s][info][gc,phases      ] GC(1120) Phase 1: Mark live objects 7.646ms
[42.050s][info][gc,phases,start] GC(1120) Phase 2: Compute new object addresses
[42.053s][info][gc,phases      ] GC(1120) Phase 2: Compute new object addresses 3.009ms
[42.053s][info][gc,phases,start] GC(1120) Phase 3: Adjust pointers
[42.058s][info][gc,phases      ] GC(1120) Phase 3: Adjust pointers 5.023ms
[42.058s][info][gc,phases,start] GC(1120) Phase 4: Move objects
[42.060s][info][gc,phases      ] GC(1120) Phase 4: Move objects 1.716ms
[42.060s][info][gc,heap        ] GC(1120) DefNew: 156259K(157248K)->95933K(157248K) Eden: 139776K(139776K)->95933K(139776K) From: 16483K(17472K)->0K(17472K)
[42.060s][info][gc,heap        ] GC(1120) Tenured: 349552K(349568K)->349552K(349568K)
[42.060s][info][gc,metaspace   ] GC(1120) Metaspace: 31048K(31424K)->31048K(31424K) NonClass: 27769K(27968K)->27769K(27968K) Class: 3278K(3456K)->3278K(3456K)
[42.060s][info][gc             ] GC(1120) Pause Full (Allocation Failure) 493M->435M(494M) 17.734ms
[42.060s][info][gc,cpu         ] GC(1120) User=0.02s Sys=0.00s Real=0.02s
[42.070s][info][gc,start       ] GC(1121) Pause Full (Allocation Failure)
[42.070s][info][gc,phases,start] GC(1121) Phase 1: Mark live objects
[42.079s][info][gc,phases      ] GC(1121) Phase 1: Mark live objects 8.160ms
[42.079s][info][gc,phases,start] GC(1121) Phase 2: Compute new object addresses
[42.082s][info][gc,phases      ] GC(1121) Phase 2: Compute new object addresses 3.135ms
[42.082s][info][gc,phases,start] GC(1121) Phase 3: Adjust pointers
[42.090s][info][gc,phases      ] GC(1121) Phase 3: Adjust pointers 7.821ms
[42.090s][info][gc,phases,start] GC(1121) Phase 4: Move objects
[42.092s][info][gc,phases      ] GC(1121) Phase 4: Move objects 2.486ms
[42.092s][info][gc,heap        ] GC(1121) DefNew: 157230K(157248K)->94135K(157248K) Eden: 139776K(139776K)->94135K(139776K) From: 17454K(17472K)->0K(17472K)
[42.092s][info][gc,heap        ] GC(1121) Tenured: 349552K(349568K)->349552K(349568K)
[42.092s][info][gc,metaspace   ] GC(1121) Metaspace: 31049K(31424K)->31049K(31424K) NonClass: 27770K(27968K)->27770K(27968K) Class: 3278K(3456K)->3278K(3456K)
[42.092s][info][gc             ] GC(1121) Pause Full (Allocation Failure) 494M->433M(494M) 22.089ms
[42.093s][info][gc,cpu         ] GC(1121) User=0.02s Sys=0.00s Real=0.02s
[42.104s][info][gc,start       ] GC(1122) Pause Full (Allocation Failure)
[42.104s][info][gc,phases,start] GC(1122) Phase 1: Mark live objects
[42.113s][info][gc,phases      ] GC(1122) Phase 1: Mark live objects 8.989ms
[42.113s][info][gc,phases,start] GC(1122) Phase 2: Compute new object addresses
[42.116s][info][gc,phases      ] GC(1122) Phase 2: Compute new object addresses 3.538ms
[42.116s][info][gc,phases,start] GC(1122) Phase 3: Adjust pointers
[42.123s][info][gc,phases      ] GC(1122) Phase 3: Adjust pointers 6.245ms
[42.123s][info][gc,phases,start] GC(1122) Phase 4: Move objects
[42.124s][info][gc,phases      ] GC(1122) Phase 4: Move objects 1.571ms
[42.124s][info][gc,heap        ] GC(1122) DefNew: 156895K(157248K)->94296K(157248K) Eden: 139776K(139776K)->94296K(139776K) From: 17119K(17472K)->0K(17472K)
[42.124s][info][gc,heap        ] GC(1122) Tenured: 349552K(349568K)->349552K(349568K)
[42.124s][info][gc,metaspace   ] GC(1122) Metaspace: 31056K(31424K)->31056K(31424K) NonClass: 27777K(27968K)->27777K(27968K) Class: 3278K(3456K)->3278K(3456K)
[42.124s][info][gc             ] GC(1122) Pause Full (Allocation Failure) 494M->433M(494M) 20.780ms
[42.124s][info][gc,cpu         ] GC(1122) User=0.02s Sys=0.00s Real=0.03s
[42.135s][info][gc,start       ] GC(1123) Pause Full (Allocation Failure)
[42.135s][info][gc,phases,start] GC(1123) Phase 1: Mark live objects
[42.144s][info][gc,phases      ] GC(1123) Phase 1: Mark live objects 8.533ms
[42.144s][info][gc,phases,start] GC(1123) Phase 2: Compute new object addresses
[42.147s][info][gc,phases      ] GC(1123) Phase 2: Compute new object addresses 3.421ms
[42.147s][info][gc,phases,start] GC(1123) Phase 3: Adjust pointers
[42.153s][info][gc,phases      ] GC(1123) Phase 3: Adjust pointers 5.367ms
[42.153s][info][gc,phases,start] GC(1123) Phase 4: Move objects
[42.155s][info][gc,phases      ] GC(1123) Phase 4: Move objects 2.598ms
[42.155s][info][gc,heap        ] GC(1123) DefNew: 156615K(157248K)->92827K(157248K) Eden: 139776K(139776K)->92827K(139776K) From: 16839K(17472K)->0K(17472K)
[42.155s][info][gc,heap        ] GC(1123) Tenured: 349552K(349568K)->349552K(349568K)
[42.155s][info][gc,metaspace   ] GC(1123) Metaspace: 31058K(31424K)->31058K(31424K) NonClass: 27780K(27968K)->27780K(27968K) Class: 3278K(3456K)->3278K(3456K)
[42.155s][info][gc             ] GC(1123) Pause Full (Allocation Failure) 494M->432M(494M) 20.297ms
[42.155s][info][gc,cpu         ] GC(1123) User=0.02s Sys=0.00s Real=0.02s
[42.167s][info][gc,start       ] GC(1124) Pause Full (Allocation Failure)
[42.167s][info][gc,phases,start] GC(1124) Phase 1: Mark live objects
[42.179s][info][gc,phases      ] GC(1124) Phase 1: Mark live objects 12.107ms
[42.179s][info][gc,phases,start] GC(1124) Phase 2: Compute new object addresses
[42.183s][info][gc,phases      ] GC(1124) Phase 2: Compute new object addresses 3.659ms
[42.183s][info][gc,phases,start] GC(1124) Phase 3: Adjust pointers
[42.188s][info][gc,phases      ] GC(1124) Phase 3: Adjust pointers 5.789ms
[42.188s][info][gc,phases,start] GC(1124) Phase 4: Move objects
[42.189s][info][gc,phases      ] GC(1124) Phase 4: Move objects 0.715ms
[42.189s][info][gc,heap        ] GC(1124) DefNew: 156464K(157248K)->93877K(157248K) Eden: 139776K(139776K)->93877K(139776K) From: 16688K(17472K)->0K(17472K)
[42.189s][info][gc,heap        ] GC(1124) Tenured: 349552K(349568K)->349552K(349568K)
[42.189s][info][gc,metaspace   ] GC(1124) Metaspace: 31058K(31424K)->31058K(31424K) NonClass: 27780K(27968K)->27780K(27968K) Class: 3278K(3456K)->3278K(3456K)
[42.189s][info][gc             ] GC(1124) Pause Full (Allocation Failure) 494M->433M(494M) 22.600ms
[42.189s][info][gc,cpu         ] GC(1124) User=0.03s Sys=0.00s Real=0.02s
[42.200s][info][gc,start       ] GC(1125) Pause Full (Allocation Failure)
[42.200s][info][gc,phases,start] GC(1125) Phase 1: Mark live objects
[42.208s][info][gc,phases      ] GC(1125) Phase 1: Mark live objects 7.973ms
[42.208s][info][gc,phases,start] GC(1125) Phase 2: Compute new object addresses
[42.211s][info][gc,phases      ] GC(1125) Phase 2: Compute new object addresses 3.221ms
[42.211s][info][gc,phases,start] GC(1125) Phase 3: Adjust pointers
[42.217s][info][gc,phases      ] GC(1125) Phase 3: Adjust pointers 5.424ms
[42.217s][info][gc,phases,start] GC(1125) Phase 4: Move objects
[42.217s][info][gc,phases      ] GC(1125) Phase 4: Move objects 0.737ms
[42.218s][info][gc,heap        ] GC(1125) DefNew: 156945K(157248K)->93773K(157248K) Eden: 139776K(139776K)->93773K(139776K) From: 17169K(17472K)->0K(17472K)
[42.218s][info][gc,heap        ] GC(1125) Tenured: 349552K(349568K)->349552K(349568K)
[42.218s][info][gc,metaspace   ] GC(1125) Metaspace: 31058K(31424K)->31058K(31424K) NonClass: 27780K(27968K)->27780K(27968K) Class: 3278K(3456K)->3278K(3456K)
[42.218s][info][gc             ] GC(1125) Pause Full (Allocation Failure) 494M->432M(494M) 17.714ms
[42.218s][info][gc,cpu         ] GC(1125) User=0.02s Sys=0.00s Real=0.02s
[42.228s][info][gc,start       ] GC(1126) Pause Full (Allocation Failure)
[42.228s][info][gc,phases,start] GC(1126) Phase 1: Mark live objects
[42.237s][info][gc,phases      ] GC(1126) Phase 1: Mark live objects 8.213ms
[42.237s][info][gc,phases,start] GC(1126) Phase 2: Compute new object addresses
[42.240s][info][gc,phases      ] GC(1126) Phase 2: Compute new object addresses 3.173ms
[42.240s][info][gc,phases,start] GC(1126) Phase 3: Adjust pointers
[42.245s][info][gc,phases      ] GC(1126) Phase 3: Adjust pointers 5.569ms
[42.246s][info][gc,phases,start] GC(1126) Phase 4: Move objects
[42.250s][info][gc,phases      ] GC(1126) Phase 4: Move objects 4.575ms
[42.250s][info][gc,heap        ] GC(1126) DefNew: 156298K(157248K)->93342K(157248K) Eden: 139776K(139776K)->93342K(139776K) From: 16522K(17472K)->0K(17472K)
[42.250s][info][gc,heap        ] GC(1126) Tenured: 349552K(349568K)->349552K(349568K)
[42.250s][info][gc,metaspace   ] GC(1126) Metaspace: 31058K(31424K)->31058K(31424K) NonClass: 27780K(27968K)->27780K(27968K) Class: 3278K(3456K)->3278K(3456K)
[42.250s][info][gc             ] GC(1126) Pause Full (Allocation Failure) 493M->432M(494M) 21.907ms
[42.250s][info][gc,cpu         ] GC(1126) User=0.02s Sys=0.00s Real=0.02s
[42.261s][info][gc,start       ] GC(1127) Pause Full (Allocation Failure)
[42.261s][info][gc,phases,start] GC(1127) Phase 1: Mark live objects
[42.269s][info][gc,phases      ] GC(1127) Phase 1: Mark live objects 8.075ms
[42.269s][info][gc,phases,start] GC(1127) Phase 2: Compute new object addresses
[42.272s][info][gc,phases      ] GC(1127) Phase 2: Compute new object addresses 3.203ms
[42.272s][info][gc,phases,start] GC(1127) Phase 3: Adjust pointers
[42.278s][info][gc,phases      ] GC(1127) Phase 3: Adjust pointers 5.833ms
[42.278s][info][gc,phases,start] GC(1127) Phase 4: Move objects
[42.279s][info][gc,phases      ] GC(1127) Phase 4: Move objects 0.788ms
[42.279s][info][gc,heap        ] GC(1127) DefNew: 156414K(157248K)->93002K(157248K) Eden: 139776K(139776K)->93002K(139776K) From: 16638K(17472K)->0K(17472K)
[42.279s][info][gc,heap        ] GC(1127) Tenured: 349552K(349568K)->349552K(349568K)
[42.279s][info][gc,metaspace   ] GC(1127) Metaspace: 31058K(31424K)->31058K(31424K) NonClass: 27780K(27968K)->27780K(27968K) Class: 3278K(3456K)->3278K(3456K)
[42.279s][info][gc             ] GC(1127) Pause Full (Allocation Failure) 494M->432M(494M) 18.339ms
[42.279s][info][gc,cpu         ] GC(1127) User=0.01s Sys=0.00s Real=0.02s
[42.289s][info][gc,start       ] GC(1128) Pause Full (Allocation Failure)
[42.290s][info][gc,phases,start] GC(1128) Phase 1: Mark live objects
[42.299s][info][gc,phases      ] GC(1128) Phase 1: Mark live objects 9.080ms
[42.299s][info][gc,phases,start] GC(1128) Phase 2: Compute new object addresses
[42.302s][info][gc,phases      ] GC(1128) Phase 2: Compute new object addresses 3.548ms
[42.302s][info][gc,phases,start] GC(1128) Phase 3: Adjust pointers
[42.309s][info][gc,phases      ] GC(1128) Phase 3: Adjust pointers 6.508ms
[42.309s][info][gc,phases,start] GC(1128) Phase 4: Move objects
[42.310s][info][gc,phases      ] GC(1128) Phase 4: Move objects 0.796ms
[42.310s][info][gc,heap        ] GC(1128) DefNew: 157007K(157248K)->93340K(157248K) Eden: 139776K(139776K)->93340K(139776K) From: 17231K(17472K)->0K(17472K)
[42.310s][info][gc,heap        ] GC(1128) Tenured: 349552K(349568K)->349552K(349568K)
[42.310s][info][gc,metaspace   ] GC(1128) Metaspace: 31058K(31424K)->31058K(31424K) NonClass: 27780K(27968K)->27780K(27968K) Class: 3278K(3456K)->3278K(3456K)
[42.310s][info][gc             ] GC(1128) Pause Full (Allocation Failure) 494M->432M(494M) 20.313ms
[42.310s][info][gc,cpu         ] GC(1128) User=0.02s Sys=0.00s Real=0.02s
[42.325s][info][gc,start       ] GC(1129) Pause Full (Allocation Failure)
[42.326s][info][gc,phases,start] GC(1129) Phase 1: Mark live objects
[42.334s][info][gc,phases      ] GC(1129) Phase 1: Mark live objects 8.477ms
[42.334s][info][gc,phases,start] GC(1129) Phase 2: Compute new object addresses
[42.337s][info][gc,phases      ] GC(1129) Phase 2: Compute new object addresses 3.085ms
[42.337s][info][gc,phases,start] GC(1129) Phase 3: Adjust pointers
[42.342s][info][gc,phases      ] GC(1129) Phase 3: Adjust pointers 5.048ms
[42.342s][info][gc,phases,start] GC(1129) Phase 4: Move objects
[42.343s][info][gc,phases      ] GC(1129) Phase 4: Move objects 0.684ms
[42.343s][info][gc,heap        ] GC(1129) DefNew: 156779K(157248K)->94012K(157248K) Eden: 139776K(139776K)->94012K(139776K) From: 17003K(17472K)->0K(17472K)
[42.343s][info][gc,heap        ] GC(1129) Tenured: 349552K(349568K)->349552K(349568K)
[42.343s][info][gc,metaspace   ] GC(1129) Metaspace: 31058K(31424K)->31058K(31424K) NonClass: 27780K(27968K)->27780K(27968K) Class: 3278K(3456K)->3278K(3456K)
[42.343s][info][gc             ] GC(1129) Pause Full (Allocation Failure) 494M->433M(494M) 17.620ms
[42.343s][info][gc,cpu         ] GC(1129) User=0.02s Sys=0.00s Real=0.01s
[42.355s][info][gc,start       ] GC(1130) Pause Full (Allocation Failure)
[42.355s][info][gc,phases,start] GC(1130) Phase 1: Mark live objects
[42.363s][info][gc,phases      ] GC(1130) Phase 1: Mark live objects 8.137ms
[42.363s][info][gc,phases,start] GC(1130) Phase 2: Compute new object addresses
[42.366s][info][gc,phases      ] GC(1130) Phase 2: Compute new object addresses 3.061ms
[42.366s][info][gc,phases,start] GC(1130) Phase 3: Adjust pointers
[42.371s][info][gc,phases      ] GC(1130) Phase 3: Adjust pointers 5.130ms
[42.371s][info][gc,phases,start] GC(1130) Phase 4: Move objects
[42.373s][info][gc,phases      ] GC(1130) Phase 4: Move objects 2.090ms
[42.374s][info][gc,heap        ] GC(1130) DefNew: 157115K(157248K)->94624K(157248K) Eden: 139776K(139776K)->94624K(139776K) From: 17339K(17472K)->0K(17472K)
[42.374s][info][gc,heap        ] GC(1130) Tenured: 349552K(349568K)->349552K(349568K)
[42.374s][info][gc,metaspace   ] GC(1130) Metaspace: 31058K(31424K)->31058K(31424K) NonClass: 27780K(27968K)->27780K(27968K) Class: 3278K(3456K)->3278K(3456K)
[42.374s][info][gc             ] GC(1130) Pause Full (Allocation Failure) 494M->433M(494M) 18.773ms
[42.374s][info][gc,cpu         ] GC(1130) User=0.02s Sys=0.00s Real=0.02s
[42.385s][info][gc,start       ] GC(1131) Pause Full (Allocation Failure)
[42.385s][info][gc,phases,start] GC(1131) Phase 1: Mark live objects
[42.396s][info][gc,phases      ] GC(1131) Phase 1: Mark live objects 10.095ms
[42.396s][info][gc,phases,start] GC(1131) Phase 2: Compute new object addresses
[42.399s][info][gc,phases      ] GC(1131) Phase 2: Compute new object addresses 3.067ms
[42.399s][info][gc,phases,start] GC(1131) Phase 3: Adjust pointers
[42.404s][info][gc,phases      ] GC(1131) Phase 3: Adjust pointers 5.521ms
[42.404s][info][gc,phases,start] GC(1131) Phase 4: Move objects
[42.405s][info][gc,phases      ] GC(1131) Phase 4: Move objects 0.778ms
[42.405s][info][gc,heap        ] GC(1131) DefNew: 157079K(157248K)->94273K(157248K) Eden: 139776K(139776K)->94273K(139776K) From: 17303K(17472K)->0K(17472K)
[42.405s][info][gc,heap        ] GC(1131) Tenured: 349552K(349568K)->349552K(349568K)
[42.405s][info][gc,metaspace   ] GC(1131) Metaspace: 31058K(31424K)->31058K(31424K) NonClass: 27780K(27968K)->27780K(27968K) Class: 3278K(3456K)->3278K(3456K)
[42.405s][info][gc             ] GC(1131) Pause Full (Allocation Failure) 494M->433M(494M) 19.854ms
[42.405s][info][gc,cpu         ] GC(1131) User=0.02s Sys=0.00s Real=0.02s
[42.416s][info][gc,start       ] GC(1132) Pause Full (Allocation Failure)
[42.416s][info][gc,phases,start] GC(1132) Phase 1: Mark live objects
[42.424s][info][gc,phases      ] GC(1132) Phase 1: Mark live objects 8.039ms
[42.424s][info][gc,phases,start] GC(1132) Phase 2: Compute new object addresses
[42.427s][info][gc,phases      ] GC(1132) Phase 2: Compute new object addresses 3.053ms
[42.427s][info][gc,phases,start] GC(1132) Phase 3: Adjust pointers
[42.432s][info][gc,phases      ] GC(1132) Phase 3: Adjust pointers 5.156ms
[42.432s][info][gc,phases,start] GC(1132) Phase 4: Move objects
[42.436s][info][gc,phases      ] GC(1132) Phase 4: Move objects 3.316ms
[42.436s][info][gc,heap        ] GC(1132) DefNew: 156738K(157248K)->91297K(157248K) Eden: 139776K(139776K)->91297K(139776K) From: 16962K(17472K)->0K(17472K)
[42.436s][info][gc,heap        ] GC(1132) Tenured: 349552K(349568K)->349552K(349568K)
[42.436s][info][gc,metaspace   ] GC(1132) Metaspace: 31058K(31424K)->31058K(31424K) NonClass: 27780K(27968K)->27780K(27968K) Class: 3278K(3456K)->3278K(3456K)
[42.436s][info][gc             ] GC(1132) Pause Full (Allocation Failure) 494M->430M(494M) 19.893ms
[42.436s][info][gc,cpu         ] GC(1132) User=0.03s Sys=0.00s Real=0.02s
[42.448s][info][gc,start       ] GC(1133) Pause Full (Allocation Failure)
[42.448s][info][gc,phases,start] GC(1133) Phase 1: Mark live objects
[42.457s][info][gc,phases      ] GC(1133) Phase 1: Mark live objects 8.692ms
[42.457s][info][gc,phases,start] GC(1133) Phase 2: Compute new object addresses
[42.461s][info][gc,phases      ] GC(1133) Phase 2: Compute new object addresses 3.779ms
[42.461s][info][gc,phases,start] GC(1133) Phase 3: Adjust pointers
[42.467s][info][gc,phases      ] GC(1133) Phase 3: Adjust pointers 5.964ms
[42.467s][info][gc,phases,start] GC(1133) Phase 4: Move objects
[42.469s][info][gc,phases      ] GC(1133) Phase 4: Move objects 2.108ms
[42.469s][info][gc,heap        ] GC(1133) DefNew: 157152K(157248K)->94525K(157248K) Eden: 139776K(139776K)->94525K(139776K) From: 17376K(17472K)->0K(17472K)
[42.469s][info][gc,heap        ] GC(1133) Tenured: 349552K(349568K)->349552K(349568K)
[42.469s][info][gc,metaspace   ] GC(1133) Metaspace: 31058K(31424K)->31058K(31424K) NonClass: 27780K(27968K)->27780K(27968K) Class: 3278K(3456K)->3278K(3456K)
[42.469s][info][gc             ] GC(1133) Pause Full (Allocation Failure) 494M->433M(494M) 20.932ms
[42.469s][info][gc,cpu         ] GC(1133) User=0.02s Sys=0.00s Real=0.02s
[42.486s][info][gc,start       ] GC(1134) Pause Full (Allocation Failure)
[42.486s][info][gc,phases,start] GC(1134) Phase 1: Mark live objects
[42.494s][info][gc,phases      ] GC(1134) Phase 1: Mark live objects 8.304ms
[42.494s][info][gc,phases,start] GC(1134) Phase 2: Compute new object addresses
[42.498s][info][gc,phases      ] GC(1134) Phase 2: Compute new object addresses 3.533ms
[42.498s][info][gc,phases,start] GC(1134) Phase 3: Adjust pointers
[42.504s][info][gc,phases      ] GC(1134) Phase 3: Adjust pointers 5.925ms
[42.504s][info][gc,phases,start] GC(1134) Phase 4: Move objects
[42.508s][info][gc,phases      ] GC(1134) Phase 4: Move objects 4.723ms
[42.509s][info][gc,heap        ] GC(1134) DefNew: 157116K(157248K)->94360K(157248K) Eden: 139776K(139776K)->94360K(139776K) From: 17340K(17472K)->0K(17472K)
[42.509s][info][gc,heap        ] GC(1134) Tenured: 349552K(349568K)->349552K(349568K)
[42.509s][info][gc,metaspace   ] GC(1134) Metaspace: 31058K(31424K)->31058K(31424K) NonClass: 27780K(27968K)->27780K(27968K) Class: 3278K(3456K)->3278K(3456K)
[42.509s][info][gc             ] GC(1134) Pause Full (Allocation Failure) 494M->433M(494M) 22.904ms
[42.509s][info][gc,cpu         ] GC(1134) User=0.02s Sys=0.00s Real=0.02s
[42.519s][info][gc,start       ] GC(1135) Pause Full (Allocation Failure)
[42.519s][info][gc,phases,start] GC(1135) Phase 1: Mark live objects
[42.528s][info][gc,phases      ] GC(1135) Phase 1: Mark live objects 8.585ms
[42.528s][info][gc,phases,start] GC(1135) Phase 2: Compute new object addresses
[42.531s][info][gc,phases      ] GC(1135) Phase 2: Compute new object addresses 3.508ms
[42.531s][info][gc,phases,start] GC(1135) Phase 3: Adjust pointers
[42.538s][info][gc,phases      ] GC(1135) Phase 3: Adjust pointers 6.154ms
[42.538s][info][gc,phases,start] GC(1135) Phase 4: Move objects
[42.539s][info][gc,phases      ] GC(1135) Phase 4: Move objects 1.656ms
[42.539s][info][gc,heap        ] GC(1135) DefNew: 156597K(157248K)->92598K(157248K) Eden: 139776K(139776K)->92598K(139776K) From: 16821K(17472K)->0K(17472K)
[42.539s][info][gc,heap        ] GC(1135) Tenured: 349552K(349568K)->349552K(349568K)
[42.539s][info][gc,metaspace   ] GC(1135) Metaspace: 31058K(31424K)->31058K(31424K) NonClass: 27780K(27968K)->27780K(27968K) Class: 3278K(3456K)->3278K(3456K)
[42.539s][info][gc             ] GC(1135) Pause Full (Allocation Failure) 494M->431M(494M) 20.291ms
[42.540s][info][gc,cpu         ] GC(1135) User=0.02s Sys=0.01s Real=0.02s
[42.551s][info][gc,start       ] GC(1136) Pause Full (Allocation Failure)
[42.551s][info][gc,phases,start] GC(1136) Phase 1: Mark live objects
[42.559s][info][gc,phases      ] GC(1136) Phase 1: Mark live objects 7.949ms
[42.559s][info][gc,phases,start] GC(1136) Phase 2: Compute new object addresses
[42.561s][info][gc,phases      ] GC(1136) Phase 2: Compute new object addresses 2.839ms
[42.561s][info][gc,phases,start] GC(1136) Phase 3: Adjust pointers
[42.566s][info][gc,phases      ] GC(1136) Phase 3: Adjust pointers 4.923ms
[42.566s][info][gc,phases,start] GC(1136) Phase 4: Move objects
[42.567s][info][gc,phases      ] GC(1136) Phase 4: Move objects 0.721ms
[42.567s][info][gc,heap        ] GC(1136) DefNew: 157166K(157248K)->94547K(157248K) Eden: 139776K(139776K)->94547K(139776K) From: 17390K(17472K)->0K(17472K)
[42.567s][info][gc,heap        ] GC(1136) Tenured: 349552K(349568K)->349552K(349568K)
[42.567s][info][gc,metaspace   ] GC(1136) Metaspace: 31058K(31424K)->31058K(31424K) NonClass: 27780K(27968K)->27780K(27968K) Class: 3278K(3456K)->3278K(3456K)
[42.567s][info][gc             ] GC(1136) Pause Full (Allocation Failure) 494M->433M(494M) 16.750ms
[42.567s][info][gc,cpu         ] GC(1136) User=0.02s Sys=0.00s Real=0.02s
[42.578s][info][gc,start       ] GC(1137) Pause Full (Allocation Failure)
[42.578s][info][gc,phases,start] GC(1137) Phase 1: Mark live objects
[42.586s][info][gc,phases      ] GC(1137) Phase 1: Mark live objects 8.151ms
[42.586s][info][gc,phases,start] GC(1137) Phase 2: Compute new object addresses
[42.590s][info][gc,phases      ] GC(1137) Phase 2: Compute new object addresses 3.925ms
[42.590s][info][gc,phases,start] GC(1137) Phase 3: Adjust pointers
[42.596s][info][gc,phases      ] GC(1137) Phase 3: Adjust pointers 6.414ms
[42.596s][info][gc,phases,start] GC(1137) Phase 4: Move objects
[42.597s][info][gc,phases      ] GC(1137) Phase 4: Move objects 0.842ms
[42.597s][info][gc,heap        ] GC(1137) DefNew: 156432K(157248K)->93588K(157248K) Eden: 139776K(139776K)->93588K(139776K) From: 16656K(17472K)->0K(17472K)
[42.597s][info][gc,heap        ] GC(1137) Tenured: 349552K(349568K)->349552K(349568K)
[42.597s][info][gc,metaspace   ] GC(1137) Metaspace: 31058K(31424K)->31058K(31424K) NonClass: 27780K(27968K)->27780K(27968K) Class: 3278K(3456K)->3278K(3456K)
[42.597s][info][gc             ] GC(1137) Pause Full (Allocation Failure) 494M->432M(494M) 19.727ms
[42.597s][info][gc,cpu         ] GC(1137) User=0.02s Sys=0.00s Real=0.02s
[42.608s][info][gc,start       ] GC(1138) Pause Full (Allocation Failure)
[42.608s][info][gc,phases,start] GC(1138) Phase 1: Mark live objects
[42.617s][info][gc,phases      ] GC(1138) Phase 1: Mark live objects 8.520ms
[42.617s][info][gc,phases,start] GC(1138) Phase 2: Compute new object addresses
[42.620s][info][gc,phases      ] GC(1138) Phase 2: Compute new object addresses 3.391ms
[42.620s][info][gc,phases,start] GC(1138) Phase 3: Adjust pointers
[42.626s][info][gc,phases      ] GC(1138) Phase 3: Adjust pointers 5.830ms
[42.626s][info][gc,phases,start] GC(1138) Phase 4: Move objects
[42.627s][info][gc,phases      ] GC(1138) Phase 4: Move objects 0.877ms
[42.627s][info][gc,heap        ] GC(1138) DefNew: 156281K(157248K)->95171K(157248K) Eden: 139776K(139776K)->95171K(139776K) From: 16505K(17472K)->0K(17472K)
[42.627s][info][gc,heap        ] GC(1138) Tenured: 349552K(349568K)->349552K(349568K)
[42.627s][info][gc,metaspace   ] GC(1138) Metaspace: 31058K(31424K)->31058K(31424K) NonClass: 27780K(27968K)->27780K(27968K) Class: 3278K(3456K)->3278K(3456K)
[42.627s][info][gc             ] GC(1138) Pause Full (Allocation Failure) 493M->434M(494M) 18.972ms
[42.627s][info][gc,cpu         ] GC(1138) User=0.02s Sys=0.00s Real=0.02s
[42.639s][info][gc,start       ] GC(1139) Pause Full (Allocation Failure)
[42.639s][info][gc,phases,start] GC(1139) Phase 1: Mark live objects
[42.647s][info][gc,phases      ] GC(1139) Phase 1: Mark live objects 8.511ms
[42.648s][info][gc,phases,start] GC(1139) Phase 2: Compute new object addresses
[42.650s][info][gc,phases      ] GC(1139) Phase 2: Compute new object addresses 2.911ms
[42.650s][info][gc,phases,start] GC(1139) Phase 3: Adjust pointers
[42.655s][info][gc,phases      ] GC(1139) Phase 3: Adjust pointers 4.938ms
[42.655s][info][gc,phases,start] GC(1139) Phase 4: Move objects
[42.656s][info][gc,phases      ] GC(1139) Phase 4: Move objects 0.728ms
[42.656s][info][gc,heap        ] GC(1139) DefNew: 157238K(157248K)->94560K(157248K) Eden: 139776K(139776K)->94560K(139776K) From: 17462K(17472K)->0K(17472K)
[42.656s][info][gc,heap        ] GC(1139) Tenured: 349552K(349568K)->349552K(349568K)
[42.656s][info][gc,metaspace   ] GC(1139) Metaspace: 31058K(31424K)->31058K(31424K) NonClass: 27780K(27968K)->27780K(27968K) Class: 3278K(3456K)->3278K(3456K)
[42.656s][info][gc             ] GC(1139) Pause Full (Allocation Failure) 494M->433M(494M) 17.422ms
[42.656s][info][gc,cpu         ] GC(1139) User=0.02s Sys=0.00s Real=0.02s
[42.668s][info][gc,start       ] GC(1140) Pause Full (Allocation Failure)
[42.668s][info][gc,phases,start] GC(1140) Phase 1: Mark live objects
[42.676s][info][gc,phases      ] GC(1140) Phase 1: Mark live objects 8.009ms
[42.676s][info][gc,phases,start] GC(1140) Phase 2: Compute new object addresses
[42.679s][info][gc,phases      ] GC(1140) Phase 2: Compute new object addresses 3.093ms
[42.679s][info][gc,phases,start] GC(1140) Phase 3: Adjust pointers
[42.684s][info][gc,phases      ] GC(1140) Phase 3: Adjust pointers 5.192ms
[42.684s][info][gc,phases,start] GC(1140) Phase 4: Move objects
[42.685s][info][gc,phases      ] GC(1140) Phase 4: Move objects 0.890ms
[42.685s][info][gc,heap        ] GC(1140) DefNew: 156958K(157248K)->95387K(157248K) Eden: 139776K(139776K)->95387K(139776K) From: 17182K(17472K)->0K(17472K)
[42.685s][info][gc,heap        ] GC(1140) Tenured: 349552K(349568K)->349552K(349568K)
[42.686s][info][gc,metaspace   ] GC(1140) Metaspace: 31058K(31424K)->31058K(31424K) NonClass: 27780K(27968K)->27780K(27968K) Class: 3278K(3456K)->3278K(3456K)
[42.686s][info][gc             ] GC(1140) Pause Full (Allocation Failure) 494M->434M(494M) 17.654ms
[42.686s][info][gc,cpu         ] GC(1140) User=0.02s Sys=0.00s Real=0.02s
[42.696s][info][gc,start       ] GC(1141) Pause Full (Allocation Failure)
[42.696s][info][gc,phases,start] GC(1141) Phase 1: Mark live objects
[42.704s][info][gc,phases      ] GC(1141) Phase 1: Mark live objects 7.803ms
[42.704s][info][gc,phases,start] GC(1141) Phase 2: Compute new object addresses
[42.707s][info][gc,phases      ] GC(1141) Phase 2: Compute new object addresses 3.205ms
[42.707s][info][gc,phases,start] GC(1141) Phase 3: Adjust pointers
[42.713s][info][gc,phases      ] GC(1141) Phase 3: Adjust pointers 6.138ms
[42.713s][info][gc,phases,start] GC(1141) Phase 4: Move objects
[42.714s][info][gc,phases      ] GC(1141) Phase 4: Move objects 0.684ms
[42.714s][info][gc,heap        ] GC(1141) DefNew: 157142K(157248K)->93365K(157248K) Eden: 139776K(139776K)->93365K(139776K) From: 17366K(17472K)->0K(17472K)
[42.714s][info][gc,heap        ] GC(1141) Tenured: 349552K(349568K)->349552K(349568K)
[42.714s][info][gc,metaspace   ] GC(1141) Metaspace: 31058K(31424K)->31058K(31424K) NonClass: 27780K(27968K)->27780K(27968K) Class: 3278K(3456K)->3278K(3456K)
[42.714s][info][gc             ] GC(1141) Pause Full (Allocation Failure) 494M->432M(494M) 18.169ms
[42.714s][info][gc,cpu         ] GC(1141) User=0.02s Sys=0.00s Real=0.01s
[42.726s][info][gc,start       ] GC(1142) Pause Full (Allocation Failure)
[42.726s][info][gc,phases,start] GC(1142) Phase 1: Mark live objects
[42.734s][info][gc,phases      ] GC(1142) Phase 1: Mark live objects 8.237ms
[42.734s][info][gc,phases,start] GC(1142) Phase 2: Compute new object addresses
[42.737s][info][gc,phases      ] GC(1142) Phase 2: Compute new object addresses 3.283ms
[42.737s][info][gc,phases,start] GC(1142) Phase 3: Adjust pointers
[42.743s][info][gc,phases      ] GC(1142) Phase 3: Adjust pointers 5.550ms
[42.743s][info][gc,phases,start] GC(1142) Phase 4: Move objects
[42.744s][info][gc,phases      ] GC(1142) Phase 4: Move objects 0.736ms
[42.744s][info][gc,heap        ] GC(1142) DefNew: 157148K(157248K)->94552K(157248K) Eden: 139776K(139776K)->94552K(139776K) From: 17372K(17472K)->0K(17472K)
[42.744s][info][gc,heap        ] GC(1142) Tenured: 349552K(349568K)->349552K(349568K)
[42.744s][info][gc,metaspace   ] GC(1142) Metaspace: 31058K(31424K)->31058K(31424K) NonClass: 27780K(27968K)->27780K(27968K) Class: 3278K(3456K)->3278K(3456K)
[42.744s][info][gc             ] GC(1142) Pause Full (Allocation Failure) 494M->433M(494M) 18.169ms
[42.744s][info][gc,cpu         ] GC(1142) User=0.01s Sys=0.00s Real=0.02s
[42.755s][info][gc,start       ] GC(1143) Pause Full (Allocation Failure)
[42.755s][info][gc,phases,start] GC(1143) Phase 1: Mark live objects
[42.763s][info][gc,phases      ] GC(1143) Phase 1: Mark live objects 8.462ms
[42.763s][info][gc,phases,start] GC(1143) Phase 2: Compute new object addresses
[42.766s][info][gc,phases      ] GC(1143) Phase 2: Compute new object addresses 3.052ms
[42.766s][info][gc,phases,start] GC(1143) Phase 3: Adjust pointers
[42.771s][info][gc,phases      ] GC(1143) Phase 3: Adjust pointers 5.119ms
[42.771s][info][gc,phases,start] GC(1143) Phase 4: Move objects
[42.772s][info][gc,phases      ] GC(1143) Phase 4: Move objects 0.849ms
[42.772s][info][gc,heap        ] GC(1143) DefNew: 157125K(157248K)->94876K(157248K) Eden: 139776K(139776K)->94876K(139776K) From: 17349K(17472K)->0K(17472K)
[42.772s][info][gc,heap        ] GC(1143) Tenured: 349552K(349568K)->349552K(349568K)
[42.772s][info][gc,metaspace   ] GC(1143) Metaspace: 31058K(31424K)->31058K(31424K) NonClass: 27780K(27968K)->27780K(27968K) Class: 3278K(3456K)->3278K(3456K)
[42.772s][info][gc             ] GC(1143) Pause Full (Allocation Failure) 494M->434M(494M) 17.810ms
[42.772s][info][gc,cpu         ] GC(1143) User=0.02s Sys=0.00s Real=0.02s
[42.784s][info][gc,start       ] GC(1144) Pause Full (Allocation Failure)
[42.784s][info][gc,phases,start] GC(1144) Phase 1: Mark live objects
[42.792s][info][gc,phases      ] GC(1144) Phase 1: Mark live objects 8.360ms
[42.792s][info][gc,phases,start] GC(1144) Phase 2: Compute new object addresses
[42.795s][info][gc,phases      ] GC(1144) Phase 2: Compute new object addresses 3.122ms
[42.795s][info][gc,phases,start] GC(1144) Phase 3: Adjust pointers
[42.802s][info][gc,phases      ] GC(1144) Phase 3: Adjust pointers 6.916ms
[42.802s][info][gc,phases,start] GC(1144) Phase 4: Move objects
[42.803s][info][gc,phases      ] GC(1144) Phase 4: Move objects 0.918ms
[42.803s][info][gc,heap        ] GC(1144) DefNew: 157060K(157248K)->95156K(157248K) Eden: 139776K(139776K)->95156K(139776K) From: 17284K(17472K)->0K(17472K)
[42.803s][info][gc,heap        ] GC(1144) Tenured: 349552K(349568K)->349552K(349568K)
[42.803s][info][gc,metaspace   ] GC(1144) Metaspace: 31058K(31424K)->31058K(31424K) NonClass: 27780K(27968K)->27780K(27968K) Class: 3278K(3456K)->3278K(3456K)
[42.803s][info][gc             ] GC(1144) Pause Full (Allocation Failure) 494M->434M(494M) 19.745ms
[42.803s][info][gc,cpu         ] GC(1144) User=0.02s Sys=0.00s Real=0.02s
[42.814s][info][gc,start       ] GC(1145) Pause Full (Allocation Failure)
[42.814s][info][gc,phases,start] GC(1145) Phase 1: Mark live objects
[42.823s][info][gc,phases      ] GC(1145) Phase 1: Mark live objects 9.013ms
[42.823s][info][gc,phases,start] GC(1145) Phase 2: Compute new object addresses
[42.826s][info][gc,phases      ] GC(1145) Phase 2: Compute new object addresses 3.323ms
[42.826s][info][gc,phases,start] GC(1145) Phase 3: Adjust pointers
[42.832s][info][gc,phases      ] GC(1145) Phase 3: Adjust pointers 5.752ms
[42.832s][info][gc,phases,start] GC(1145) Phase 4: Move objects
[42.833s][info][gc,phases      ] GC(1145) Phase 4: Move objects 0.917ms
[42.833s][info][gc,heap        ] GC(1145) DefNew: 156281K(157248K)->94280K(157248K) Eden: 139776K(139776K)->94280K(139776K) From: 16505K(17472K)->0K(17472K)
[42.833s][info][gc,heap        ] GC(1145) Tenured: 349552K(349568K)->349552K(349568K)
[42.833s][info][gc,metaspace   ] GC(1145) Metaspace: 31058K(31424K)->31058K(31424K) NonClass: 27780K(27968K)->27780K(27968K) Class: 3278K(3456K)->3278K(3456K)
[42.833s][info][gc             ] GC(1145) Pause Full (Allocation Failure) 493M->433M(494M) 19.431ms
[42.833s][info][gc,cpu         ] GC(1145) User=0.02s Sys=0.00s Real=0.02s
[42.844s][info][gc,start       ] GC(1146) Pause Full (Allocation Failure)
[42.844s][info][gc,phases,start] GC(1146) Phase 1: Mark live objects
[42.852s][info][gc,phases      ] GC(1146) Phase 1: Mark live objects 7.851ms
[42.852s][info][gc,phases,start] GC(1146) Phase 2: Compute new object addresses
[42.855s][info][gc,phases      ] GC(1146) Phase 2: Compute new object addresses 3.150ms
[42.855s][info][gc,phases,start] GC(1146) Phase 3: Adjust pointers
[42.860s][info][gc,phases      ] GC(1146) Phase 3: Adjust pointers 5.301ms
[42.860s][info][gc,phases,start] GC(1146) Phase 4: Move objects
[42.861s][info][gc,phases      ] GC(1146) Phase 4: Move objects 0.728ms
[42.861s][info][gc,heap        ] GC(1146) DefNew: 156378K(157248K)->93336K(157248K) Eden: 139776K(139776K)->93336K(139776K) From: 16602K(17472K)->0K(17472K)
[42.861s][info][gc,heap        ] GC(1146) Tenured: 349552K(349568K)->349552K(349568K)
[42.861s][info][gc,metaspace   ] GC(1146) Metaspace: 31058K(31424K)->31058K(31424K) NonClass: 27780K(27968K)->27780K(27968K) Class: 3278K(3456K)->3278K(3456K)
[42.861s][info][gc             ] GC(1146) Pause Full (Allocation Failure) 494M->432M(494M) 17.351ms
[42.861s][info][gc,cpu         ] GC(1146) User=0.02s Sys=0.00s Real=0.01s
[42.872s][info][gc,start       ] GC(1147) Pause Full (Allocation Failure)
[42.872s][info][gc,phases,start] GC(1147) Phase 1: Mark live objects
[42.880s][info][gc,phases      ] GC(1147) Phase 1: Mark live objects 7.932ms
[42.880s][info][gc,phases,start] GC(1147) Phase 2: Compute new object addresses
[42.883s][info][gc,phases      ] GC(1147) Phase 2: Compute new object addresses 3.097ms
[42.883s][info][gc,phases,start] GC(1147) Phase 3: Adjust pointers
[42.888s][info][gc,phases      ] GC(1147) Phase 3: Adjust pointers 5.447ms
[42.888s][info][gc,phases,start] GC(1147) Phase 4: Move objects
[42.889s][info][gc,phases      ] GC(1147) Phase 4: Move objects 0.626ms
[42.889s][info][gc,heap        ] GC(1147) DefNew: 156642K(157248K)->92342K(157248K) Eden: 139776K(139776K)->92342K(139776K) From: 16866K(17472K)->0K(17472K)
[42.889s][info][gc,heap        ] GC(1147) Tenured: 349552K(349568K)->349552K(349568K)
[42.889s][info][gc,metaspace   ] GC(1147) Metaspace: 31058K(31424K)->31058K(31424K) NonClass: 27780K(27968K)->27780K(27968K) Class: 3278K(3456K)->3278K(3456K)
[42.889s][info][gc             ] GC(1147) Pause Full (Allocation Failure) 494M->431M(494M) 17.509ms
[42.889s][info][gc,cpu         ] GC(1147) User=0.02s Sys=0.00s Real=0.02s
[42.900s][info][gc,start       ] GC(1148) Pause Full (Allocation Failure)
[42.900s][info][gc,phases,start] GC(1148) Phase 1: Mark live objects
[42.908s][info][gc,phases      ] GC(1148) Phase 1: Mark live objects 8.254ms
[42.908s][info][gc,phases,start] GC(1148) Phase 2: Compute new object addresses
[42.911s][info][gc,phases      ] GC(1148) Phase 2: Compute new object addresses 3.027ms
[42.911s][info][gc,phases,start] GC(1148) Phase 3: Adjust pointers
[42.916s][info][gc,phases      ] GC(1148) Phase 3: Adjust pointers 5.025ms
[42.916s][info][gc,phases,start] GC(1148) Phase 4: Move objects
[42.917s][info][gc,phases      ] GC(1148) Phase 4: Move objects 0.569ms
[42.917s][info][gc,heap        ] GC(1148) DefNew: 157177K(157248K)->92731K(157248K) Eden: 139776K(139776K)->92731K(139776K) From: 17401K(17472K)->0K(17472K)
[42.917s][info][gc,heap        ] GC(1148) Tenured: 349552K(349568K)->349552K(349568K)
[42.917s][info][gc,metaspace   ] GC(1148) Metaspace: 31058K(31424K)->31058K(31424K) NonClass: 27780K(27968K)->27780K(27968K) Class: 3278K(3456K)->3278K(3456K)
[42.917s][info][gc             ] GC(1148) Pause Full (Allocation Failure) 494M->431M(494M) 17.197ms
[42.917s][info][gc,cpu         ] GC(1148) User=0.02s Sys=0.00s Real=0.02s
[42.927s][info][gc,start       ] GC(1149) Pause Full (Allocation Failure)
[42.927s][info][gc,phases,start] GC(1149) Phase 1: Mark live objects
[42.935s][info][gc,phases      ] GC(1149) Phase 1: Mark live objects 8.024ms
[42.935s][info][gc,phases,start] GC(1149) Phase 2: Compute new object addresses
[42.938s][info][gc,phases      ] GC(1149) Phase 2: Compute new object addresses 3.062ms
[42.939s][info][gc,phases,start] GC(1149) Phase 3: Adjust pointers
[42.944s][info][gc,phases      ] GC(1149) Phase 3: Adjust pointers 5.549ms
[42.944s][info][gc,phases,start] GC(1149) Phase 4: Move objects
[42.945s][info][gc,phases      ] GC(1149) Phase 4: Move objects 0.774ms
[42.945s][info][gc,heap        ] GC(1149) DefNew: 156675K(157248K)->93339K(157248K) Eden: 139776K(139776K)->93339K(139776K) From: 16899K(17472K)->0K(17472K)
[42.945s][info][gc,heap        ] GC(1149) Tenured: 349552K(349568K)->349552K(349568K)
[42.945s][info][gc,metaspace   ] GC(1149) Metaspace: 31058K(31424K)->31058K(31424K) NonClass: 27780K(27968K)->27780K(27968K) Class: 3278K(3456K)->3278K(3456K)
[42.945s][info][gc             ] GC(1149) Pause Full (Allocation Failure) 494M->432M(494M) 17.746ms
[42.945s][info][gc,cpu         ] GC(1149) User=0.02s Sys=0.00s Real=0.02s
[42.956s][info][gc,start       ] GC(1150) Pause Full (Allocation Failure)
[42.956s][info][gc,phases,start] GC(1150) Phase 1: Mark live objects
[42.964s][info][gc,phases      ] GC(1150) Phase 1: Mark live objects 8.074ms
[42.964s][info][gc,phases,start] GC(1150) Phase 2: Compute new object addresses
[42.967s][info][gc,phases      ] GC(1150) Phase 2: Compute new object addresses 2.908ms
[42.967s][info][gc,phases,start] GC(1150) Phase 3: Adjust pointers
[42.972s][info][gc,phases      ] GC(1150) Phase 3: Adjust pointers 5.142ms
[42.972s][info][gc,phases,start] GC(1150) Phase 4: Move objects
[42.972s][info][gc,phases      ] GC(1150) Phase 4: Move objects 0.634ms
[42.973s][info][gc,heap        ] GC(1150) DefNew: 156569K(157248K)->93625K(157248K) Eden: 139776K(139776K)->93625K(139776K) From: 16793K(17472K)->0K(17472K)
[42.973s][info][gc,heap        ] GC(1150) Tenured: 349552K(349568K)->349552K(349568K)
[42.973s][info][gc,metaspace   ] GC(1150) Metaspace: 31058K(31424K)->31058K(31424K) NonClass: 27780K(27968K)->27780K(27968K) Class: 3278K(3456K)->3278K(3456K)
[42.973s][info][gc             ] GC(1150) Pause Full (Allocation Failure) 494M->432M(494M) 17.136ms
[42.973s][info][gc,cpu         ] GC(1150) User=0.01s Sys=0.00s Real=0.02s
[42.983s][info][gc,start       ] GC(1151) Pause Full (Allocation Failure)
[42.983s][info][gc,phases,start] GC(1151) Phase 1: Mark live objects
[42.992s][info][gc,phases      ] GC(1151) Phase 1: Mark live objects 8.019ms
[42.992s][info][gc,phases,start] GC(1151) Phase 2: Compute new object addresses
[42.995s][info][gc,phases      ] GC(1151) Phase 2: Compute new object addresses 3.089ms
[42.995s][info][gc,phases,start] GC(1151) Phase 3: Adjust pointers
[43.000s][info][gc,phases      ] GC(1151) Phase 3: Adjust pointers 5.545ms
[43.000s][info][gc,phases,start] GC(1151) Phase 4: Move objects
[43.005s][info][gc,phases      ] GC(1151) Phase 4: Move objects 4.752ms
[43.005s][info][gc,heap        ] GC(1151) DefNew: 156412K(157248K)->91964K(157248K) Eden: 139776K(139776K)->91964K(139776K) From: 16636K(17472K)->0K(17472K)
[43.005s][info][gc,heap        ] GC(1151) Tenured: 349552K(349568K)->349552K(349568K)
[43.005s][info][gc,metaspace   ] GC(1151) Metaspace: 31058K(31424K)->31058K(31424K) NonClass: 27780K(27968K)->27780K(27968K) Class: 3278K(3456K)->3278K(3456K)
[43.005s][info][gc             ] GC(1151) Pause Full (Allocation Failure) 494M->431M(494M) 21.780ms
[43.005s][info][gc,cpu         ] GC(1151) User=0.03s Sys=0.00s Real=0.03s
[43.016s][info][gc,start       ] GC(1152) Pause Full (Allocation Failure)
[43.016s][info][gc,phases,start] GC(1152) Phase 1: Mark live objects
[43.024s][info][gc,phases      ] GC(1152) Phase 1: Mark live objects 8.352ms
[43.024s][info][gc,phases,start] GC(1152) Phase 2: Compute new object addresses
[43.027s][info][gc,phases      ] GC(1152) Phase 2: Compute new object addresses 3.206ms
[43.027s][info][gc,phases,start] GC(1152) Phase 3: Adjust pointers
[43.033s][info][gc,phases      ] GC(1152) Phase 3: Adjust pointers 5.438ms
[43.033s][info][gc,phases,start] GC(1152) Phase 4: Move objects
[43.034s][info][gc,phases      ] GC(1152) Phase 4: Move objects 0.671ms
[43.034s][info][gc,heap        ] GC(1152) DefNew: 157247K(157248K)->93083K(157248K) Eden: 139776K(139776K)->93083K(139776K) From: 17471K(17472K)->0K(17472K)
[43.034s][info][gc,heap        ] GC(1152) Tenured: 349552K(349568K)->349552K(349568K)
[43.034s][info][gc,metaspace   ] GC(1152) Metaspace: 31058K(31424K)->31058K(31424K) NonClass: 27780K(27968K)->27780K(27968K) Class: 3278K(3456K)->3278K(3456K)
[43.034s][info][gc             ] GC(1152) Pause Full (Allocation Failure) 494M->432M(494M) 18.008ms
[43.034s][info][gc,cpu         ] GC(1152) User=0.02s Sys=0.00s Real=0.01s
[43.047s][info][gc,start       ] GC(1153) Pause Full (Allocation Failure)
[43.047s][info][gc,phases,start] GC(1153) Phase 1: Mark live objects
[43.055s][info][gc,phases      ] GC(1153) Phase 1: Mark live objects 7.802ms
[43.055s][info][gc,phases,start] GC(1153) Phase 2: Compute new object addresses
[43.058s][info][gc,phases      ] GC(1153) Phase 2: Compute new object addresses 2.915ms
[43.058s][info][gc,phases,start] GC(1153) Phase 3: Adjust pointers
[43.063s][info][gc,phases      ] GC(1153) Phase 3: Adjust pointers 4.979ms
[43.063s][info][gc,phases,start] GC(1153) Phase 4: Move objects
[43.064s][info][gc,phases      ] GC(1153) Phase 4: Move objects 0.788ms
[43.064s][info][gc,heap        ] GC(1153) DefNew: 157036K(157248K)->95399K(157248K) Eden: 139776K(139776K)->95399K(139776K) From: 17260K(17472K)->0K(17472K)
[43.064s][info][gc,heap        ] GC(1153) Tenured: 349552K(349568K)->349552K(349568K)
[43.064s][info][gc,metaspace   ] GC(1153) Metaspace: 31058K(31424K)->31058K(31424K) NonClass: 27780K(27968K)->27780K(27968K) Class: 3278K(3456K)->3278K(3456K)
[43.064s][info][gc             ] GC(1153) Pause Full (Allocation Failure) 494M->434M(494M) 16.809ms
[43.064s][info][gc,cpu         ] GC(1153) User=0.01s Sys=0.00s Real=0.02s
[43.074s][info][gc,start       ] GC(1154) Pause Full (Allocation Failure)
[43.074s][info][gc,phases,start] GC(1154) Phase 1: Mark live objects
[43.083s][info][gc,phases      ] GC(1154) Phase 1: Mark live objects 8.386ms
[43.083s][info][gc,phases,start] GC(1154) Phase 2: Compute new object addresses
[43.086s][info][gc,phases      ] GC(1154) Phase 2: Compute new object addresses 3.126ms
[43.086s][info][gc,phases,start] GC(1154) Phase 3: Adjust pointers
[43.092s][info][gc,phases      ] GC(1154) Phase 3: Adjust pointers 5.812ms
[43.092s][info][gc,phases,start] GC(1154) Phase 4: Move objects
[43.093s][info][gc,phases      ] GC(1154) Phase 4: Move objects 1.428ms
[43.093s][info][gc,heap        ] GC(1154) DefNew: 156483K(157248K)->102493K(157248K) Eden: 139776K(139776K)->102493K(139776K) From: 16707K(17472K)->0K(17472K)
[43.093s][info][gc,heap        ] GC(1154) Tenured: 349552K(349568K)->349552K(349568K)
[43.093s][info][gc,metaspace   ] GC(1154) Metaspace: 31085K(31424K)->31085K(31424K) NonClass: 27806K(27968K)->27806K(27968K) Class: 3278K(3456K)->3278K(3456K)
[43.093s][info][gc             ] GC(1154) Pause Full (Allocation Failure) 494M->441M(494M) 19.135ms
[43.093s][info][gc,cpu         ] GC(1154) User=0.02s Sys=0.00s Real=0.02s
[43.105s][info][gc,start       ] GC(1155) Pause Full (Allocation Failure)
[43.105s][info][gc,phases,start] GC(1155) Phase 1: Mark live objects
[43.115s][info][gc,phases      ] GC(1155) Phase 1: Mark live objects 9.171ms
[43.115s][info][gc,phases,start] GC(1155) Phase 2: Compute new object addresses
[43.118s][info][gc,phases      ] GC(1155) Phase 2: Compute new object addresses 3.885ms
[43.119s][info][gc,phases,start] GC(1155) Phase 3: Adjust pointers
[43.126s][info][gc,phases      ] GC(1155) Phase 3: Adjust pointers 7.566ms
[43.126s][info][gc,phases,start] GC(1155) Phase 4: Move objects
[43.129s][info][gc,phases      ] GC(1155) Phase 4: Move objects 2.756ms
[43.129s][info][gc,heap        ] GC(1155) DefNew: 156818K(157248K)->104908K(157248K) Eden: 139776K(139776K)->104908K(139776K) From: 17042K(17472K)->0K(17472K)
[43.129s][info][gc,heap        ] GC(1155) Tenured: 349552K(349568K)->349552K(349568K)
[43.129s][info][gc,metaspace   ] GC(1155) Metaspace: 31095K(31488K)->31095K(31488K) NonClass: 27816K(28032K)->27816K(28032K) Class: 3278K(3456K)->3278K(3456K)
[43.129s][info][gc             ] GC(1155) Pause Full (Allocation Failure) 494M->443M(494M) 23.891ms
[43.129s][info][gc,cpu         ] GC(1155) User=0.02s Sys=0.00s Real=0.02s
[43.140s][info][gc,start       ] GC(1156) Pause Full (Allocation Failure)
[43.140s][info][gc,phases,start] GC(1156) Phase 1: Mark live objects
[43.149s][info][gc,phases      ] GC(1156) Phase 1: Mark live objects 8.537ms
[43.149s][info][gc,phases,start] GC(1156) Phase 2: Compute new object addresses
[43.152s][info][gc,phases      ] GC(1156) Phase 2: Compute new object addresses 3.236ms
[43.152s][info][gc,phases,start] GC(1156) Phase 3: Adjust pointers
[43.158s][info][gc,phases      ] GC(1156) Phase 3: Adjust pointers 6.229ms
[43.158s][info][gc,phases,start] GC(1156) Phase 4: Move objects
[43.160s][info][gc,phases      ] GC(1156) Phase 4: Move objects 1.372ms
[43.160s][info][gc,heap        ] GC(1156) DefNew: 156365K(157248K)->103605K(157248K) Eden: 139776K(139776K)->103605K(139776K) From: 16589K(17472K)->0K(17472K)
[43.160s][info][gc,heap        ] GC(1156) Tenured: 349552K(349568K)->349552K(349568K)
[43.160s][info][gc,metaspace   ] GC(1156) Metaspace: 31095K(31488K)->31095K(31488K) NonClass: 27816K(28032K)->27816K(28032K) Class: 3278K(3456K)->3278K(3456K)
[43.160s][info][gc             ] GC(1156) Pause Full (Allocation Failure) 494M->442M(494M) 19.786ms
[43.160s][info][gc,cpu         ] GC(1156) User=0.02s Sys=0.00s Real=0.02s
[43.170s][info][gc,start       ] GC(1157) Pause Full (Allocation Failure)
[43.170s][info][gc,phases,start] GC(1157) Phase 1: Mark live objects
[43.179s][info][gc,phases      ] GC(1157) Phase 1: Mark live objects 8.679ms
[43.179s][info][gc,phases,start] GC(1157) Phase 2: Compute new object addresses
[43.182s][info][gc,phases      ] GC(1157) Phase 2: Compute new object addresses 3.339ms
[43.182s][info][gc,phases,start] GC(1157) Phase 3: Adjust pointers
[43.188s][info][gc,phases      ] GC(1157) Phase 3: Adjust pointers 5.801ms
[43.188s][info][gc,phases,start] GC(1157) Phase 4: Move objects
[43.189s][info][gc,phases      ] GC(1157) Phase 4: Move objects 0.535ms
[43.189s][info][gc,heap        ] GC(1157) DefNew: 157204K(157248K)->102205K(157248K) Eden: 139776K(139776K)->102205K(139776K) From: 17428K(17472K)->0K(17472K)
[43.189s][info][gc,heap        ] GC(1157) Tenured: 349552K(349568K)->349552K(349568K)
[43.189s][info][gc,metaspace   ] GC(1157) Metaspace: 31095K(31488K)->31095K(31488K) NonClass: 27816K(28032K)->27816K(28032K) Class: 3278K(3456K)->3278K(3456K)
[43.189s][info][gc             ] GC(1157) Pause Full (Allocation Failure) 494M->441M(494M) 18.750ms
[43.189s][info][gc,cpu         ] GC(1157) User=0.02s Sys=0.00s Real=0.02s
[43.201s][info][gc,start       ] GC(1158) Pause Full (Allocation Failure)
[43.201s][info][gc,phases,start] GC(1158) Phase 1: Mark live objects
[43.209s][info][gc,phases      ] GC(1158) Phase 1: Mark live objects 8.416ms
[43.209s][info][gc,phases,start] GC(1158) Phase 2: Compute new object addresses
[43.212s][info][gc,phases      ] GC(1158) Phase 2: Compute new object addresses 3.017ms
[43.212s][info][gc,phases,start] GC(1158) Phase 3: Adjust pointers
[43.218s][info][gc,phases      ] GC(1158) Phase 3: Adjust pointers 5.445ms
[43.218s][info][gc,phases,start] GC(1158) Phase 4: Move objects
[43.218s][info][gc,phases      ] GC(1158) Phase 4: Move objects 0.639ms
[43.218s][info][gc,heap        ] GC(1158) DefNew: 156249K(157248K)->103498K(157248K) Eden: 139776K(139776K)->103498K(139776K) From: 16473K(17472K)->0K(17472K)
[43.218s][info][gc,heap        ] GC(1158) Tenured: 349552K(349568K)->349552K(349568K)
[43.218s][info][gc,metaspace   ] GC(1158) Metaspace: 31095K(31488K)->31095K(31488K) NonClass: 27816K(28032K)->27816K(28032K) Class: 3278K(3456K)->3278K(3456K)
[43.218s][info][gc             ] GC(1158) Pause Full (Allocation Failure) 493M->442M(494M) 17.853ms
[43.218s][info][gc,cpu         ] GC(1158) User=0.02s Sys=0.00s Real=0.02s
[43.230s][info][gc,start       ] GC(1159) Pause Full (Allocation Failure)
[43.230s][info][gc,phases,start] GC(1159) Phase 1: Mark live objects
[43.238s][info][gc,phases      ] GC(1159) Phase 1: Mark live objects 8.801ms
[43.239s][info][gc,phases,start] GC(1159) Phase 2: Compute new object addresses
[43.242s][info][gc,phases      ] GC(1159) Phase 2: Compute new object addresses 3.565ms
[43.242s][info][gc,phases,start] GC(1159) Phase 3: Adjust pointers
[43.249s][info][gc,phases      ] GC(1159) Phase 3: Adjust pointers 6.372ms
[43.249s][info][gc,phases,start] GC(1159) Phase 4: Move objects
[43.249s][info][gc,phases      ] GC(1159) Phase 4: Move objects 0.895ms
[43.250s][info][gc,heap        ] GC(1159) DefNew: 156948K(157248K)->105116K(157248K) Eden: 139776K(139776K)->105116K(139776K) From: 17172K(17472K)->0K(17472K)
[43.250s][info][gc,heap        ] GC(1159) Tenured: 349552K(349568K)->349552K(349568K)
[43.250s][info][gc,metaspace   ] GC(1159) Metaspace: 31096K(31488K)->31096K(31488K) NonClass: 27817K(28032K)->27817K(28032K) Class: 3278K(3456K)->3278K(3456K)
[43.250s][info][gc             ] GC(1159) Pause Full (Allocation Failure) 494M->444M(494M) 20.082ms
[43.250s][info][gc,cpu         ] GC(1159) User=0.02s Sys=0.00s Real=0.02s
[43.262s][info][gc,start       ] GC(1160) Pause Full (Allocation Failure)
[43.262s][info][gc,phases,start] GC(1160) Phase 1: Mark live objects
[43.271s][info][gc,phases      ] GC(1160) Phase 1: Mark live objects 9.129ms
[43.271s][info][gc,phases,start] GC(1160) Phase 2: Compute new object addresses
[43.275s][info][gc,phases      ] GC(1160) Phase 2: Compute new object addresses 3.418ms
[43.275s][info][gc,phases,start] GC(1160) Phase 3: Adjust pointers
[43.281s][info][gc,phases      ] GC(1160) Phase 3: Adjust pointers 6.452ms
[43.281s][info][gc,phases,start] GC(1160) Phase 4: Move objects
[43.283s][info][gc,phases      ] GC(1160) Phase 4: Move objects 1.635ms
[43.283s][info][gc,heap        ] GC(1160) DefNew: 157138K(157248K)->105902K(157248K) Eden: 139776K(139776K)->105902K(139776K) From: 17362K(17472K)->0K(17472K)
[43.283s][info][gc,heap        ] GC(1160) Tenured: 349552K(349568K)->349552K(349568K)
[43.283s][info][gc,metaspace   ] GC(1160) Metaspace: 31096K(31488K)->31096K(31488K) NonClass: 27817K(28032K)->27817K(28032K) Class: 3278K(3456K)->3278K(3456K)
[43.283s][info][gc             ] GC(1160) Pause Full (Allocation Failure) 494M->444M(494M) 21.156ms
[43.283s][info][gc,cpu         ] GC(1160) User=0.02s Sys=0.00s Real=0.02s
[43.295s][info][gc,start       ] GC(1161) Pause Full (Allocation Failure)
[43.295s][info][gc,phases,start] GC(1161) Phase 1: Mark live objects
[43.304s][info][gc,phases      ] GC(1161) Phase 1: Mark live objects 9.242ms
[43.304s][info][gc,phases,start] GC(1161) Phase 2: Compute new object addresses
[43.308s][info][gc,phases      ] GC(1161) Phase 2: Compute new object addresses 3.245ms
[43.308s][info][gc,phases,start] GC(1161) Phase 3: Adjust pointers
[43.313s][info][gc,phases      ] GC(1161) Phase 3: Adjust pointers 5.842ms
[43.313s][info][gc,phases,start] GC(1161) Phase 4: Move objects
[43.314s][info][gc,phases      ] GC(1161) Phase 4: Move objects 0.648ms
[43.314s][info][gc,heap        ] GC(1161) DefNew: 156490K(157248K)->103231K(157248K) Eden: 139776K(139776K)->103231K(139776K) From: 16714K(17472K)->0K(17472K)
[43.314s][info][gc,heap        ] GC(1161) Tenured: 349552K(349568K)->349552K(349568K)
[43.314s][info][gc,metaspace   ] GC(1161) Metaspace: 31096K(31488K)->31096K(31488K) NonClass: 27817K(28032K)->27817K(28032K) Class: 3278K(3456K)->3278K(3456K)
[43.314s][info][gc             ] GC(1161) Pause Full (Allocation Failure) 494M->442M(494M) 19.409ms
[43.314s][info][gc,cpu         ] GC(1161) User=0.02s Sys=0.00s Real=0.02s
[43.325s][info][gc,start       ] GC(1162) Pause Full (Allocation Failure)
[43.325s][info][gc,phases,start] GC(1162) Phase 1: Mark live objects
[43.333s][info][gc,phases      ] GC(1162) Phase 1: Mark live objects 8.701ms
[43.333s][info][gc,phases,start] GC(1162) Phase 2: Compute new object addresses
[43.336s][info][gc,phases      ] GC(1162) Phase 2: Compute new object addresses 2.933ms
[43.336s][info][gc,phases,start] GC(1162) Phase 3: Adjust pointers
[43.342s][info][gc,phases      ] GC(1162) Phase 3: Adjust pointers 5.464ms
[43.342s][info][gc,phases,start] GC(1162) Phase 4: Move objects
[43.343s][info][gc,phases      ] GC(1162) Phase 4: Move objects 0.600ms
[43.343s][info][gc,heap        ] GC(1162) DefNew: 157135K(157248K)->103232K(157248K) Eden: 139776K(139776K)->103232K(139776K) From: 17359K(17472K)->0K(17472K)
[43.343s][info][gc,heap        ] GC(1162) Tenured: 349552K(349568K)->349552K(349568K)
[43.343s][info][gc,metaspace   ] GC(1162) Metaspace: 31096K(31488K)->31096K(31488K) NonClass: 27817K(28032K)->27817K(28032K) Class: 3278K(3456K)->3278K(3456K)
[43.343s][info][gc             ] GC(1162) Pause Full (Allocation Failure) 494M->442M(494M) 18.091ms
[43.343s][info][gc,cpu         ] GC(1162) User=0.02s Sys=0.00s Real=0.01s
[43.355s][info][gc,start       ] GC(1163) Pause Full (Allocation Failure)
[43.355s][info][gc,phases,start] GC(1163) Phase 1: Mark live objects
[43.364s][info][gc,phases      ] GC(1163) Phase 1: Mark live objects 8.230ms
[43.364s][info][gc,phases,start] GC(1163) Phase 2: Compute new object addresses
[43.367s][info][gc,phases      ] GC(1163) Phase 2: Compute new object addresses 3.450ms
[43.367s][info][gc,phases,start] GC(1163) Phase 3: Adjust pointers
[43.373s][info][gc,phases      ] GC(1163) Phase 3: Adjust pointers 6.019ms
[43.373s][info][gc,phases,start] GC(1163) Phase 4: Move objects
[43.374s][info][gc,phases      ] GC(1163) Phase 4: Move objects 0.815ms
[43.374s][info][gc,heap        ] GC(1163) DefNew: 157006K(157248K)->104605K(157248K) Eden: 139776K(139776K)->104605K(139776K) From: 17230K(17472K)->0K(17472K)
[43.374s][info][gc,heap        ] GC(1163) Tenured: 349552K(349568K)->349552K(349568K)
[43.374s][info][gc,metaspace   ] GC(1163) Metaspace: 31096K(31488K)->31096K(31488K) NonClass: 27817K(28032K)->27817K(28032K) Class: 3278K(3456K)->3278K(3456K)
[43.374s][info][gc             ] GC(1163) Pause Full (Allocation Failure) 494M->443M(494M) 18.960ms
[43.374s][info][gc,cpu         ] GC(1163) User=0.02s Sys=0.01s Real=0.02s
[43.390s][info][gc,start       ] GC(1164) Pause Full (Allocation Failure)
[43.390s][info][gc,phases,start] GC(1164) Phase 1: Mark live objects
[43.398s][info][gc,phases      ] GC(1164) Phase 1: Mark live objects 8.656ms
[43.398s][info][gc,phases,start] GC(1164) Phase 2: Compute new object addresses
[43.401s][info][gc,phases      ] GC(1164) Phase 2: Compute new object addresses 3.126ms
[43.402s][info][gc,phases,start] GC(1164) Phase 3: Adjust pointers
[43.407s][info][gc,phases      ] GC(1164) Phase 3: Adjust pointers 5.513ms
[43.407s][info][gc,phases,start] GC(1164) Phase 4: Move objects
[43.408s][info][gc,phases      ] GC(1164) Phase 4: Move objects 0.659ms
[43.408s][info][gc,heap        ] GC(1164) DefNew: 157007K(157248K)->103997K(157248K) Eden: 139776K(139776K)->103997K(139776K) From: 17231K(17472K)->0K(17472K)
[43.408s][info][gc,heap        ] GC(1164) Tenured: 349552K(349568K)->349552K(349568K)
[43.408s][info][gc,metaspace   ] GC(1164) Metaspace: 31096K(31488K)->31096K(31488K) NonClass: 27817K(28032K)->27817K(28032K) Class: 3278K(3456K)->3278K(3456K)
[43.408s][info][gc             ] GC(1164) Pause Full (Allocation Failure) 494M->442M(494M) 18.314ms
[43.408s][info][gc,cpu         ] GC(1164) User=0.02s Sys=0.00s Real=0.02s
[43.418s][info][gc,start       ] GC(1165) Pause Full (Allocation Failure)
[43.418s][info][gc,phases,start] GC(1165) Phase 1: Mark live objects
[43.427s][info][gc,phases      ] GC(1165) Phase 1: Mark live objects 8.076ms
[43.427s][info][gc,phases,start] GC(1165) Phase 2: Compute new object addresses
[43.429s][info][gc,phases      ] GC(1165) Phase 2: Compute new object addresses 2.667ms
[43.429s][info][gc,phases,start] GC(1165) Phase 3: Adjust pointers
[43.434s][info][gc,phases      ] GC(1165) Phase 3: Adjust pointers 4.898ms
[43.434s][info][gc,phases,start] GC(1165) Phase 4: Move objects
[43.435s][info][gc,phases      ] GC(1165) Phase 4: Move objects 0.590ms
[43.435s][info][gc,heap        ] GC(1165) DefNew: 156392K(157248K)->103487K(157248K) Eden: 139776K(139776K)->103487K(139776K) From: 16616K(17472K)->0K(17472K)
[43.435s][info][gc,heap        ] GC(1165) Tenured: 349552K(349568K)->349552K(349568K)
[43.435s][info][gc,metaspace   ] GC(1165) Metaspace: 31096K(31488K)->31096K(31488K) NonClass: 27817K(28032K)->27817K(28032K) Class: 3278K(3456K)->3278K(3456K)
[43.435s][info][gc             ] GC(1165) Pause Full (Allocation Failure) 494M->442M(494M) 16.550ms
[43.435s][info][gc,cpu         ] GC(1165) User=0.02s Sys=0.00s Real=0.01s
[43.445s][info][gc,start       ] GC(1166) Pause Full (Allocation Failure)
[43.446s][info][gc,phases,start] GC(1166) Phase 1: Mark live objects
[43.454s][info][gc,phases      ] GC(1166) Phase 1: Mark live objects 8.274ms
[43.454s][info][gc,phases,start] GC(1166) Phase 2: Compute new object addresses
[43.457s][info][gc,phases      ] GC(1166) Phase 2: Compute new object addresses 2.843ms
[43.457s][info][gc,phases,start] GC(1166) Phase 3: Adjust pointers
[43.462s][info][gc,phases      ] GC(1166) Phase 3: Adjust pointers 5.557ms
[43.462s][info][gc,phases,start] GC(1166) Phase 4: Move objects
[43.463s][info][gc,phases      ] GC(1166) Phase 4: Move objects 0.526ms
[43.463s][info][gc,heap        ] GC(1166) DefNew: 156270K(157248K)->102213K(157248K) Eden: 139776K(139776K)->102213K(139776K) From: 16494K(17472K)->0K(17472K)
[43.463s][info][gc,heap        ] GC(1166) Tenured: 349552K(349568K)->349552K(349568K)
[43.463s][info][gc,metaspace   ] GC(1166) Metaspace: 31096K(31488K)->31096K(31488K) NonClass: 27817K(28032K)->27817K(28032K) Class: 3278K(3456K)->3278K(3456K)
[43.463s][info][gc             ] GC(1166) Pause Full (Allocation Failure) 493M->441M(494M) 17.570ms
[43.463s][info][gc,cpu         ] GC(1166) User=0.02s Sys=0.00s Real=0.01s
[43.476s][info][gc,start       ] GC(1167) Pause Full (Allocation Failure)
[43.477s][info][gc,phases,start] GC(1167) Phase 1: Mark live objects
[43.485s][info][gc,phases      ] GC(1167) Phase 1: Mark live objects 8.507ms
[43.485s][info][gc,phases,start] GC(1167) Phase 2: Compute new object addresses
[43.489s][info][gc,phases      ] GC(1167) Phase 2: Compute new object addresses 3.554ms
[43.489s][info][gc,phases,start] GC(1167) Phase 3: Adjust pointers
[43.495s][info][gc,phases      ] GC(1167) Phase 3: Adjust pointers 6.188ms
[43.495s][info][gc,phases,start] GC(1167) Phase 4: Move objects
[43.497s][info][gc,phases      ] GC(1167) Phase 4: Move objects 1.731ms
[43.497s][info][gc,heap        ] GC(1167) DefNew: 157248K(157248K)->104605K(157248K) Eden: 139776K(139776K)->104605K(139776K) From: 17472K(17472K)->0K(17472K)
[43.497s][info][gc,heap        ] GC(1167) Tenured: 349567K(349568K)->349555K(349568K)
[43.497s][info][gc,metaspace   ] GC(1167) Metaspace: 31096K(31488K)->31096K(31488K) NonClass: 27817K(28032K)->27817K(28032K) Class: 3278K(3456K)->3278K(3456K)
[43.497s][info][gc             ] GC(1167) Pause Full (Allocation Failure) 494M->443M(494M) 20.372ms
[43.497s][info][gc,cpu         ] GC(1167) User=0.02s Sys=0.00s Real=0.02s
[43.507s][info][gc,start       ] GC(1168) Pause Full (Allocation Failure)
[43.507s][info][gc,phases,start] GC(1168) Phase 1: Mark live objects
[43.516s][info][gc,phases      ] GC(1168) Phase 1: Mark live objects 8.669ms
[43.516s][info][gc,phases,start] GC(1168) Phase 2: Compute new object addresses
[43.519s][info][gc,phases      ] GC(1168) Phase 2: Compute new object addresses 3.223ms
[43.519s][info][gc,phases,start] GC(1168) Phase 3: Adjust pointers
[43.525s][info][gc,phases      ] GC(1168) Phase 3: Adjust pointers 5.717ms
[43.525s][info][gc,phases,start] GC(1168) Phase 4: Move objects
[43.526s][info][gc,phases      ] GC(1168) Phase 4: Move objects 0.702ms
[43.526s][info][gc,heap        ] GC(1168) DefNew: 156847K(157248K)->104111K(157248K) Eden: 139776K(139776K)->104111K(139776K) From: 17071K(17472K)->0K(17472K)
[43.526s][info][gc,heap        ] GC(1168) Tenured: 349555K(349568K)->349555K(349568K)
[43.526s][info][gc,metaspace   ] GC(1168) Metaspace: 31096K(31488K)->31096K(31488K) NonClass: 27817K(28032K)->27817K(28032K) Class: 3278K(3456K)->3278K(3456K)
[43.526s][info][gc             ] GC(1168) Pause Full (Allocation Failure) 494M->443M(494M) 18.695ms
[43.526s][info][gc,cpu         ] GC(1168) User=0.02s Sys=0.00s Real=0.02s
[43.537s][info][gc,start       ] GC(1169) Pause Full (Allocation Failure)
[43.538s][info][gc,phases,start] GC(1169) Phase 1: Mark live objects
[43.546s][info][gc,phases      ] GC(1169) Phase 1: Mark live objects 8.341ms
[43.546s][info][gc,phases,start] GC(1169) Phase 2: Compute new object addresses
[43.549s][info][gc,phases      ] GC(1169) Phase 2: Compute new object addresses 3.100ms
[43.549s][info][gc,phases,start] GC(1169) Phase 3: Adjust pointers
[43.555s][info][gc,phases      ] GC(1169) Phase 3: Adjust pointers 5.533ms
[43.555s][info][gc,phases,start] GC(1169) Phase 4: Move objects
[43.555s][info][gc,phases      ] GC(1169) Phase 4: Move objects 0.663ms
[43.555s][info][gc,heap        ] GC(1169) DefNew: 157197K(157248K)->104253K(157248K) Eden: 139776K(139776K)->104253K(139776K) From: 17421K(17472K)->0K(17472K)
[43.555s][info][gc,heap        ] GC(1169) Tenured: 349555K(349568K)->349555K(349568K)
[43.555s][info][gc,metaspace   ] GC(1169) Metaspace: 31096K(31488K)->31096K(31488K) NonClass: 27817K(28032K)->27817K(28032K) Class: 3278K(3456K)->3278K(3456K)
[43.555s][info][gc             ] GC(1169) Pause Full (Allocation Failure) 494M->443M(494M) 17.979ms
[43.555s][info][gc,cpu         ] GC(1169) User=0.02s Sys=0.00s Real=0.01s
[43.567s][info][gc,start       ] GC(1170) Pause Full (Allocation Failure)
[43.567s][info][gc,phases,start] GC(1170) Phase 1: Mark live objects
[43.576s][info][gc,phases      ] GC(1170) Phase 1: Mark live objects 8.717ms
[43.576s][info][gc,phases,start] GC(1170) Phase 2: Compute new object addresses
[43.579s][info][gc,phases      ] GC(1170) Phase 2: Compute new object addresses 3.104ms
[43.579s][info][gc,phases,start] GC(1170) Phase 3: Adjust pointers
[43.586s][info][gc,phases      ] GC(1170) Phase 3: Adjust pointers 6.500ms
[43.586s][info][gc,phases,start] GC(1170) Phase 4: Move objects
[43.587s][info][gc,phases      ] GC(1170) Phase 4: Move objects 0.846ms
[43.587s][info][gc,heap        ] GC(1170) DefNew: 156774K(157248K)->104531K(157248K) Eden: 139776K(139776K)->104531K(139776K) From: 16998K(17472K)->0K(17472K)
[43.587s][info][gc,heap        ] GC(1170) Tenured: 349555K(349568K)->349555K(349568K)
[43.587s][info][gc,metaspace   ] GC(1170) Metaspace: 31096K(31488K)->31096K(31488K) NonClass: 27817K(28032K)->27817K(28032K) Class: 3278K(3456K)->3278K(3456K)
[43.587s][info][gc             ] GC(1170) Pause Full (Allocation Failure) 494M->443M(494M) 19.625ms
[43.587s][info][gc,cpu         ] GC(1170) User=0.02s Sys=0.00s Real=0.02s
[43.597s][info][gc,start       ] GC(1171) Pause Full (Allocation Failure)
[43.597s][info][gc,phases,start] GC(1171) Phase 1: Mark live objects
[43.606s][info][gc,phases      ] GC(1171) Phase 1: Mark live objects 8.562ms
[43.606s][info][gc,phases,start] GC(1171) Phase 2: Compute new object addresses
[43.609s][info][gc,phases      ] GC(1171) Phase 2: Compute new object addresses 3.271ms
[43.609s][info][gc,phases,start] GC(1171) Phase 3: Adjust pointers
[43.615s][info][gc,phases      ] GC(1171) Phase 3: Adjust pointers 5.785ms
[43.615s][info][gc,phases,start] GC(1171) Phase 4: Move objects
[43.616s][info][gc,phases      ] GC(1171) Phase 4: Move objects 0.783ms
[43.616s][info][gc,heap        ] GC(1171) DefNew: 156318K(157248K)->104096K(157248K) Eden: 139776K(139776K)->104096K(139776K) From: 16542K(17472K)->0K(17472K)
[43.616s][info][gc,heap        ] GC(1171) Tenured: 349555K(349568K)->349552K(349568K)
[43.616s][info][gc,metaspace   ] GC(1171) Metaspace: 31096K(31488K)->31096K(31488K) NonClass: 27817K(28032K)->27817K(28032K) Class: 3278K(3456K)->3278K(3456K)
[43.616s][info][gc             ] GC(1171) Pause Full (Allocation Failure) 494M->443M(494M) 18.752ms
[43.616s][info][gc,cpu         ] GC(1171) User=0.02s Sys=0.00s Real=0.02s
[43.627s][info][gc,start       ] GC(1172) Pause Full (Allocation Failure)
[43.627s][info][gc,phases,start] GC(1172) Phase 1: Mark live objects
[43.635s][info][gc,phases      ] GC(1172) Phase 1: Mark live objects 7.931ms
[43.635s][info][gc,phases,start] GC(1172) Phase 2: Compute new object addresses
[43.637s][info][gc,phases      ] GC(1172) Phase 2: Compute new object addresses 2.754ms
[43.637s][info][gc,phases,start] GC(1172) Phase 3: Adjust pointers
[43.642s][info][gc,phases      ] GC(1172) Phase 3: Adjust pointers 4.936ms
[43.642s][info][gc,phases,start] GC(1172) Phase 4: Move objects
[43.643s][info][gc,phases      ] GC(1172) Phase 4: Move objects 0.717ms
[43.643s][info][gc,heap        ] GC(1172) DefNew: 156925K(157248K)->104103K(157248K) Eden: 139776K(139776K)->104103K(139776K) From: 17149K(17472K)->0K(17472K)
[43.643s][info][gc,heap        ] GC(1172) Tenured: 349552K(349568K)->349552K(349568K)
[43.643s][info][gc,metaspace   ] GC(1172) Metaspace: 31096K(31488K)->31096K(31488K) NonClass: 27817K(28032K)->27817K(28032K) Class: 3278K(3456K)->3278K(3456K)
[43.643s][info][gc             ] GC(1172) Pause Full (Allocation Failure) 494M->443M(494M) 16.691ms
[43.643s][info][gc,cpu         ] GC(1172) User=0.02s Sys=0.00s Real=0.01s
[43.654s][info][gc,start       ] GC(1173) Pause Full (Allocation Failure)
[43.654s][info][gc,phases,start] GC(1173) Phase 1: Mark live objects
[43.662s][info][gc,phases      ] GC(1173) Phase 1: Mark live objects 8.362ms
[43.662s][info][gc,phases,start] GC(1173) Phase 2: Compute new object addresses
[43.665s][info][gc,phases      ] GC(1173) Phase 2: Compute new object addresses 2.901ms
[43.665s][info][gc,phases,start] GC(1173) Phase 3: Adjust pointers
[43.671s][info][gc,phases      ] GC(1173) Phase 3: Adjust pointers 5.487ms
[43.671s][info][gc,phases,start] GC(1173) Phase 4: Move objects
[43.672s][info][gc,phases      ] GC(1173) Phase 4: Move objects 0.729ms
[43.672s][info][gc,heap        ] GC(1173) DefNew: 156697K(157248K)->103607K(157248K) Eden: 139776K(139776K)->103607K(139776K) From: 16921K(17472K)->0K(17472K)
[43.672s][info][gc,heap        ] GC(1173) Tenured: 349552K(349568K)->349552K(349568K)
[43.672s][info][gc,metaspace   ] GC(1173) Metaspace: 31096K(31488K)->31096K(31488K) NonClass: 27817K(28032K)->27817K(28032K) Class: 3278K(3456K)->3278K(3456K)
[43.672s][info][gc             ] GC(1173) Pause Full (Allocation Failure) 494M->442M(494M) 17.953ms
[43.672s][info][gc,cpu         ] GC(1173) User=0.02s Sys=0.00s Real=0.02s
[43.683s][info][gc,start       ] GC(1174) Pause Full (Allocation Failure)
[43.683s][info][gc,phases,start] GC(1174) Phase 1: Mark live objects
[43.690s][info][gc,phases      ] GC(1174) Phase 1: Mark live objects 7.756ms
[43.690s][info][gc,phases,start] GC(1174) Phase 2: Compute new object addresses
[43.693s][info][gc,phases      ] GC(1174) Phase 2: Compute new object addresses 2.931ms
[43.693s][info][gc,phases,start] GC(1174) Phase 3: Adjust pointers
[43.699s][info][gc,phases      ] GC(1174) Phase 3: Adjust pointers 5.384ms
[43.699s][info][gc,phases,start] GC(1174) Phase 4: Move objects
[43.699s][info][gc,phases      ] GC(1174) Phase 4: Move objects 0.639ms
[43.700s][info][gc,heap        ] GC(1174) DefNew: 157023K(157248K)->103767K(157248K) Eden: 139776K(139776K)->103767K(139776K) From: 17247K(17472K)->0K(17472K)
[43.700s][info][gc,heap        ] GC(1174) Tenured: 349552K(349568K)->349552K(349568K)
[43.700s][info][gc,metaspace   ] GC(1174) Metaspace: 31096K(31488K)->31096K(31488K) NonClass: 27817K(28032K)->27817K(28032K) Class: 3278K(3456K)->3278K(3456K)
[43.700s][info][gc             ] GC(1174) Pause Full (Allocation Failure) 494M->442M(494M) 17.085ms
[43.700s][info][gc,cpu         ] GC(1174) User=0.02s Sys=0.00s Real=0.02s
[43.711s][info][gc,start       ] GC(1175) Pause Full (Allocation Failure)
[43.711s][info][gc,phases,start] GC(1175) Phase 1: Mark live objects
[43.719s][info][gc,phases      ] GC(1175) Phase 1: Mark live objects 8.352ms
[43.719s][info][gc,phases,start] GC(1175) Phase 2: Compute new object addresses
[43.723s][info][gc,phases      ] GC(1175) Phase 2: Compute new object addresses 3.182ms
[43.723s][info][gc,phases,start] GC(1175) Phase 3: Adjust pointers
[43.729s][info][gc,phases      ] GC(1175) Phase 3: Adjust pointers 6.595ms
[43.729s][info][gc,phases,start] GC(1175) Phase 4: Move objects
[43.730s][info][gc,phases      ] GC(1175) Phase 4: Move objects 0.801ms
[43.730s][info][gc,heap        ] GC(1175) DefNew: 156830K(157248K)->103835K(157248K) Eden: 139776K(139776K)->103835K(139776K) From: 17054K(17472K)->0K(17472K)
[43.730s][info][gc,heap        ] GC(1175) Tenured: 349552K(349568K)->349552K(349568K)
[43.730s][info][gc,metaspace   ] GC(1175) Metaspace: 31096K(31488K)->31096K(31488K) NonClass: 27817K(28032K)->27817K(28032K) Class: 3278K(3456K)->3278K(3456K)
[43.730s][info][gc             ] GC(1175) Pause Full (Allocation Failure) 494M->442M(494M) 19.357ms
[43.730s][info][gc,cpu         ] GC(1175) User=0.02s Sys=0.00s Real=0.02s
[43.741s][info][gc,start       ] GC(1176) Pause Full (Allocation Failure)
[43.741s][info][gc,phases,start] GC(1176) Phase 1: Mark live objects
[43.750s][info][gc,phases      ] GC(1176) Phase 1: Mark live objects 8.916ms
[43.750s][info][gc,phases,start] GC(1176) Phase 2: Compute new object addresses
[43.754s][info][gc,phases      ] GC(1176) Phase 2: Compute new object addresses 3.317ms
[43.754s][info][gc,phases,start] GC(1176) Phase 3: Adjust pointers
[43.760s][info][gc,phases      ] GC(1176) Phase 3: Adjust pointers 6.342ms
[43.760s][info][gc,phases,start] GC(1176) Phase 4: Move objects
[43.761s][info][gc,phases      ] GC(1176) Phase 4: Move objects 0.858ms
[43.761s][info][gc,heap        ] GC(1176) DefNew: 156878K(157248K)->105147K(157248K) Eden: 139776K(139776K)->105147K(139776K) From: 17102K(17472K)->0K(17472K)
[43.761s][info][gc,heap        ] GC(1176) Tenured: 349552K(349568K)->349552K(349568K)
[43.761s][info][gc,metaspace   ] GC(1176) Metaspace: 31096K(31488K)->31096K(31488K) NonClass: 27817K(28032K)->27817K(28032K) Class: 3278K(3456K)->3278K(3456K)
[43.761s][info][gc             ] GC(1176) Pause Full (Allocation Failure) 494M->444M(494M) 19.821ms
[43.761s][info][gc,cpu         ] GC(1176) User=0.02s Sys=0.00s Real=0.02s
[43.772s][info][gc,start       ] GC(1177) Pause Full (Allocation Failure)
[43.772s][info][gc,phases,start] GC(1177) Phase 1: Mark live objects
[43.781s][info][gc,phases      ] GC(1177) Phase 1: Mark live objects 8.546ms
[43.781s][info][gc,phases,start] GC(1177) Phase 2: Compute new object addresses
[43.784s][info][gc,phases      ] GC(1177) Phase 2: Compute new object addresses 3.024ms
[43.784s][info][gc,phases,start] GC(1177) Phase 3: Adjust pointers
[43.789s][info][gc,phases      ] GC(1177) Phase 3: Adjust pointers 5.591ms
[43.789s][info][gc,phases,start] GC(1177) Phase 4: Move objects
[43.790s][info][gc,phases      ] GC(1177) Phase 4: Move objects 0.762ms
[43.790s][info][gc,heap        ] GC(1177) DefNew: 157159K(157248K)->104510K(157248K) Eden: 139776K(139776K)->104510K(139776K) From: 17383K(17472K)->0K(17472K)
[43.790s][info][gc,heap        ] GC(1177) Tenured: 349552K(349568K)->349552K(349568K)
[43.790s][info][gc,metaspace   ] GC(1177) Metaspace: 31096K(31488K)->31096K(31488K) NonClass: 27817K(28032K)->27817K(28032K) Class: 3278K(3456K)->3278K(3456K)
[43.790s][info][gc             ] GC(1177) Pause Full (Allocation Failure) 494M->443M(494M) 18.304ms
[43.790s][info][gc,cpu         ] GC(1177) User=0.02s Sys=0.00s Real=0.02s
[43.802s][info][gc,start       ] GC(1178) Pause Full (Allocation Failure)
[43.802s][info][gc,phases,start] GC(1178) Phase 1: Mark live objects
[43.810s][info][gc,phases      ] GC(1178) Phase 1: Mark live objects 8.483ms
[43.810s][info][gc,phases,start] GC(1178) Phase 2: Compute new object addresses
[43.814s][info][gc,phases      ] GC(1178) Phase 2: Compute new object addresses 3.258ms
[43.814s][info][gc,phases,start] GC(1178) Phase 3: Adjust pointers
[43.821s][info][gc,phases      ] GC(1178) Phase 3: Adjust pointers 7.409ms
[43.821s][info][gc,phases,start] GC(1178) Phase 4: Move objects
[43.822s][info][gc,phases      ] GC(1178) Phase 4: Move objects 0.889ms
[43.822s][info][gc,heap        ] GC(1178) DefNew: 157083K(157248K)->104786K(157248K) Eden: 139776K(139776K)->104786K(139776K) From: 17307K(17472K)->0K(17472K)
[43.822s][info][gc,heap        ] GC(1178) Tenured: 349552K(349568K)->349552K(349568K)
[43.822s][info][gc,metaspace   ] GC(1178) Metaspace: 31096K(31488K)->31096K(31488K) NonClass: 27817K(28032K)->27817K(28032K) Class: 3278K(3456K)->3278K(3456K)
[43.822s][info][gc             ] GC(1178) Pause Full (Allocation Failure) 494M->443M(494M) 20.470ms
[43.822s][info][gc,cpu         ] GC(1178) User=0.02s Sys=0.00s Real=0.02s
[43.833s][info][gc,start       ] GC(1179) Pause Full (Allocation Failure)
[43.833s][info][gc,phases,start] GC(1179) Phase 1: Mark live objects
[43.842s][info][gc,phases      ] GC(1179) Phase 1: Mark live objects 8.775ms
[43.842s][info][gc,phases,start] GC(1179) Phase 2: Compute new object addresses
[43.845s][info][gc,phases      ] GC(1179) Phase 2: Compute new object addresses 3.336ms
[43.845s][info][gc,phases,start] GC(1179) Phase 3: Adjust pointers
[43.851s][info][gc,phases      ] GC(1179) Phase 3: Adjust pointers 5.818ms
[43.851s][info][gc,phases,start] GC(1179) Phase 4: Move objects
[43.852s][info][gc,phases      ] GC(1179) Phase 4: Move objects 0.789ms
[43.852s][info][gc,heap        ] GC(1179) DefNew: 157143K(157248K)->104279K(157248K) Eden: 139776K(139776K)->104279K(139776K) From: 17367K(17472K)->0K(17472K)
[43.852s][info][gc,heap        ] GC(1179) Tenured: 349552K(349568K)->349552K(349568K)
[43.852s][info][gc,metaspace   ] GC(1179) Metaspace: 31096K(31488K)->31096K(31488K) NonClass: 27817K(28032K)->27817K(28032K) Class: 3278K(3456K)->3278K(3456K)
[43.852s][info][gc             ] GC(1179) Pause Full (Allocation Failure) 494M->443M(494M) 19.122ms
[43.852s][info][gc,cpu         ] GC(1179) User=0.02s Sys=0.00s Real=0.02s
[43.863s][info][gc,start       ] GC(1180) Pause Full (Allocation Failure)
[43.863s][info][gc,phases,start] GC(1180) Phase 1: Mark live objects
[43.871s][info][gc,phases      ] GC(1180) Phase 1: Mark live objects 8.216ms
[43.871s][info][gc,phases,start] GC(1180) Phase 2: Compute new object addresses
[43.874s][info][gc,phases      ] GC(1180) Phase 2: Compute new object addresses 2.993ms
[43.874s][info][gc,phases,start] GC(1180) Phase 3: Adjust pointers
[43.879s][info][gc,phases      ] GC(1180) Phase 3: Adjust pointers 5.305ms
[43.879s][info][gc,phases,start] GC(1180) Phase 4: Move objects
[43.880s][info][gc,phases      ] GC(1180) Phase 4: Move objects 0.798ms
[43.880s][info][gc,heap        ] GC(1180) DefNew: 157176K(157248K)->104858K(157248K) Eden: 139776K(139776K)->104858K(139776K) From: 17400K(17472K)->0K(17472K)
[43.880s][info][gc,heap        ] GC(1180) Tenured: 349552K(349568K)->349552K(349568K)
[43.880s][info][gc,metaspace   ] GC(1180) Metaspace: 31096K(31488K)->31096K(31488K) NonClass: 27817K(28032K)->27817K(28032K) Class: 3278K(3456K)->3278K(3456K)
[43.880s][info][gc             ] GC(1180) Pause Full (Allocation Failure) 494M->443M(494M) 17.679ms
[43.880s][info][gc,cpu         ] GC(1180) User=0.02s Sys=0.00s Real=0.02s
[43.891s][info][gc,start       ] GC(1181) Pause Full (Allocation Failure)
[43.891s][info][gc,phases,start] GC(1181) Phase 1: Mark live objects
[43.899s][info][gc,phases      ] GC(1181) Phase 1: Mark live objects 8.067ms
[43.899s][info][gc,phases,start] GC(1181) Phase 2: Compute new object addresses
[43.902s][info][gc,phases      ] GC(1181) Phase 2: Compute new object addresses 2.983ms
[43.902s][info][gc,phases,start] GC(1181) Phase 3: Adjust pointers
[43.909s][info][gc,phases      ] GC(1181) Phase 3: Adjust pointers 6.160ms
[43.909s][info][gc,phases,start] GC(1181) Phase 4: Move objects
[43.910s][info][gc,phases      ] GC(1181) Phase 4: Move objects 0.914ms
[43.910s][info][gc,heap        ] GC(1181) DefNew: 157116K(157248K)->105646K(157248K) Eden: 139776K(139776K)->105646K(139776K) From: 17340K(17472K)->0K(17472K)
[43.910s][info][gc,heap        ] GC(1181) Tenured: 349552K(349568K)->349552K(349568K)
[43.910s][info][gc,metaspace   ] GC(1181) Metaspace: 31096K(31488K)->31096K(31488K) NonClass: 27817K(28032K)->27817K(28032K) Class: 3278K(3456K)->3278K(3456K)
[43.910s][info][gc             ] GC(1181) Pause Full (Allocation Failure) 494M->444M(494M) 18.491ms
[43.910s][info][gc,cpu         ] GC(1181) User=0.02s Sys=0.00s Real=0.02s
[43.920s][info][gc,start       ] GC(1182) Pause Full (Allocation Failure)
[43.920s][info][gc,phases,start] GC(1182) Phase 1: Mark live objects
[43.929s][info][gc,phases      ] GC(1182) Phase 1: Mark live objects 8.439ms
[43.929s][info][gc,phases,start] GC(1182) Phase 2: Compute new object addresses
[43.932s][info][gc,phases      ] GC(1182) Phase 2: Compute new object addresses 3.133ms
[43.932s][info][gc,phases,start] GC(1182) Phase 3: Adjust pointers
[43.938s][info][gc,phases      ] GC(1182) Phase 3: Adjust pointers 5.775ms
[43.938s][info][gc,phases,start] GC(1182) Phase 4: Move objects
[43.938s][info][gc,phases      ] GC(1182) Phase 4: Move objects 0.556ms
[43.938s][info][gc,heap        ] GC(1182) DefNew: 156761K(157248K)->102579K(157248K) Eden: 139776K(139776K)->102579K(139776K) From: 16985K(17472K)->0K(17472K)
[43.938s][info][gc,heap        ] GC(1182) Tenured: 349552K(349568K)->349552K(349568K)
[43.938s][info][gc,metaspace   ] GC(1182) Metaspace: 31096K(31488K)->31096K(31488K) NonClass: 27817K(28032K)->27817K(28032K) Class: 3278K(3456K)->3278K(3456K)
[43.938s][info][gc             ] GC(1182) Pause Full (Allocation Failure) 494M->441M(494M) 18.239ms
[43.939s][info][gc,cpu         ] GC(1182) User=0.02s Sys=0.00s Real=0.02s
[43.950s][info][gc,start       ] GC(1183) Pause Full (Allocation Failure)
[43.950s][info][gc,phases,start] GC(1183) Phase 1: Mark live objects
[43.958s][info][gc,phases      ] GC(1183) Phase 1: Mark live objects 8.238ms
[43.958s][info][gc,phases,start] GC(1183) Phase 2: Compute new object addresses
[43.961s][info][gc,phases      ] GC(1183) Phase 2: Compute new object addresses 2.875ms
[43.961s][info][gc,phases,start] GC(1183) Phase 3: Adjust pointers
[43.966s][info][gc,phases      ] GC(1183) Phase 3: Adjust pointers 5.041ms
[43.966s][info][gc,phases,start] GC(1183) Phase 4: Move objects
[43.967s][info][gc,phases      ] GC(1183) Phase 4: Move objects 0.596ms
[43.967s][info][gc,heap        ] GC(1183) DefNew: 156733K(157248K)->103513K(157248K) Eden: 139776K(139776K)->103513K(139776K) From: 16957K(17472K)->0K(17472K)
[43.967s][info][gc,heap        ] GC(1183) Tenured: 349552K(349568K)->349552K(349568K)
[43.967s][info][gc,metaspace   ] GC(1183) Metaspace: 31096K(31488K)->31096K(31488K) NonClass: 27817K(28032K)->27817K(28032K) Class: 3278K(3456K)->3278K(3456K)
[43.967s][info][gc             ] GC(1183) Pause Full (Allocation Failure) 494M->442M(494M) 17.110ms
[43.967s][info][gc,cpu         ] GC(1183) User=0.01s Sys=0.00s Real=0.02s
[43.978s][info][gc,start       ] GC(1184) Pause Full (Allocation Failure)
[43.978s][info][gc,phases,start] GC(1184) Phase 1: Mark live objects
[43.986s][info][gc,phases      ] GC(1184) Phase 1: Mark live objects 8.495ms
[43.986s][info][gc,phases,start] GC(1184) Phase 2: Compute new object addresses
[43.989s][info][gc,phases      ] GC(1184) Phase 2: Compute new object addresses 3.083ms
[43.989s][info][gc,phases,start] GC(1184) Phase 3: Adjust pointers
[43.995s][info][gc,phases      ] GC(1184) Phase 3: Adjust pointers 5.405ms
[43.995s][info][gc,phases,start] GC(1184) Phase 4: Move objects
[43.996s][info][gc,phases      ] GC(1184) Phase 4: Move objects 0.875ms
[43.996s][info][gc,heap        ] GC(1184) DefNew: 156993K(157248K)->105370K(157248K) Eden: 139776K(139776K)->105370K(139776K) From: 17217K(17472K)->0K(17472K)
[43.996s][info][gc,heap        ] GC(1184) Tenured: 349552K(349568K)->349552K(349568K)
[43.996s][info][gc,metaspace   ] GC(1184) Metaspace: 31096K(31488K)->31096K(31488K) NonClass: 27817K(28032K)->27817K(28032K) Class: 3278K(3456K)->3278K(3456K)
[43.996s][info][gc             ] GC(1184) Pause Full (Allocation Failure) 494M->444M(494M) 18.205ms
[43.996s][info][gc,cpu         ] GC(1184) User=0.02s Sys=0.00s Real=0.02s
[44.008s][info][gc,start       ] GC(1185) Pause Full (Allocation Failure)
[44.008s][info][gc,phases,start] GC(1185) Phase 1: Mark live objects
[44.016s][info][gc,phases      ] GC(1185) Phase 1: Mark live objects 7.822ms
[44.016s][info][gc,phases,start] GC(1185) Phase 2: Compute new object addresses
[44.018s][info][gc,phases      ] GC(1185) Phase 2: Compute new object addresses 2.888ms
[44.018s][info][gc,phases,start] GC(1185) Phase 3: Adjust pointers
[44.024s][info][gc,phases      ] GC(1185) Phase 3: Adjust pointers 5.284ms
[44.024s][info][gc,phases,start] GC(1185) Phase 4: Move objects
[44.025s][info][gc,phases      ] GC(1185) Phase 4: Move objects 0.722ms
[44.025s][info][gc,heap        ] GC(1185) DefNew: 157206K(157248K)->104613K(157248K) Eden: 139776K(139776K)->104613K(139776K) From: 17430K(17472K)->0K(17472K)
[44.025s][info][gc,heap        ] GC(1185) Tenured: 349552K(349568K)->349552K(349568K)
[44.025s][info][gc,metaspace   ] GC(1185) Metaspace: 31096K(31488K)->31096K(31488K) NonClass: 27817K(28032K)->27817K(28032K) Class: 3278K(3456K)->3278K(3456K)
[44.025s][info][gc             ] GC(1185) Pause Full (Allocation Failure) 494M->443M(494M) 17.066ms
[44.025s][info][gc,cpu         ] GC(1185) User=0.02s Sys=0.00s Real=0.02s
[44.035s][info][gc,start       ] GC(1186) Pause Full (Allocation Failure)
[44.035s][info][gc,phases,start] GC(1186) Phase 1: Mark live objects
[44.043s][info][gc,phases      ] GC(1186) Phase 1: Mark live objects 7.661ms
[44.043s][info][gc,phases,start] GC(1186) Phase 2: Compute new object addresses
[44.046s][info][gc,phases      ] GC(1186) Phase 2: Compute new object addresses 2.772ms
[44.046s][info][gc,phases,start] GC(1186) Phase 3: Adjust pointers
[44.051s][info][gc,phases      ] GC(1186) Phase 3: Adjust pointers 5.072ms
[44.051s][info][gc,phases,start] GC(1186) Phase 4: Move objects
[44.051s][info][gc,phases      ] GC(1186) Phase 4: Move objects 0.563ms
[44.051s][info][gc,heap        ] GC(1186) DefNew: 156538K(157248K)->102973K(157248K) Eden: 139776K(139776K)->102973K(139776K) From: 16762K(17472K)->0K(17472K)
[44.052s][info][gc,heap        ] GC(1186) Tenured: 349552K(349568K)->349552K(349568K)
[44.052s][info][gc,metaspace   ] GC(1186) Metaspace: 31096K(31488K)->31096K(31488K) NonClass: 27817K(28032K)->27817K(28032K) Class: 3278K(3456K)->3278K(3456K)
[44.052s][info][gc             ] GC(1186) Pause Full (Allocation Failure) 494M->441M(494M) 16.416ms
[44.052s][info][gc,cpu         ] GC(1186) User=0.02s Sys=0.00s Real=0.02s
[44.064s][info][gc,start       ] GC(1187) Pause Full (Allocation Failure)
[44.064s][info][gc,phases,start] GC(1187) Phase 1: Mark live objects
[44.072s][info][gc,phases      ] GC(1187) Phase 1: Mark live objects 8.072ms
[44.072s][info][gc,phases,start] GC(1187) Phase 2: Compute new object addresses
[44.075s][info][gc,phases      ] GC(1187) Phase 2: Compute new object addresses 3.081ms
[44.075s][info][gc,phases,start] GC(1187) Phase 3: Adjust pointers
[44.083s][info][gc,phases      ] GC(1187) Phase 3: Adjust pointers 7.532ms
[44.083s][info][gc,phases,start] GC(1187) Phase 4: Move objects
[44.084s][info][gc,phases      ] GC(1187) Phase 4: Move objects 0.746ms
[44.084s][info][gc,heap        ] GC(1187) DefNew: 156512K(157248K)->103487K(157248K) Eden: 139775K(139776K)->103487K(139776K) From: 16736K(17472K)->0K(17472K)
[44.084s][info][gc,heap        ] GC(1187) Tenured: 349552K(349568K)->349552K(349568K)
[44.084s][info][gc,metaspace   ] GC(1187) Metaspace: 31096K(31488K)->31096K(31488K) NonClass: 27817K(28032K)->27817K(28032K) Class: 3278K(3456K)->3278K(3456K)
[44.084s][info][gc             ] GC(1187) Pause Full (Allocation Failure) 494M->442M(494M) 19.881ms
[44.084s][info][gc,cpu         ] GC(1187) User=0.02s Sys=0.00s Real=0.02s
[44.095s][info][gc,start       ] GC(1188) Pause Full (Allocation Failure)
[44.095s][info][gc,phases,start] GC(1188) Phase 1: Mark live objects
[44.105s][info][gc,phases      ] GC(1188) Phase 1: Mark live objects 9.918ms
[44.105s][info][gc,phases,start] GC(1188) Phase 2: Compute new object addresses
[44.108s][info][gc,phases      ] GC(1188) Phase 2: Compute new object addresses 3.422ms
[44.108s][info][gc,phases,start] GC(1188) Phase 3: Adjust pointers
[44.114s][info][gc,phases      ] GC(1188) Phase 3: Adjust pointers 6.361ms
[44.115s][info][gc,phases,start] GC(1188) Phase 4: Move objects
[44.116s][info][gc,phases      ] GC(1188) Phase 4: Move objects 1.711ms
[44.116s][info][gc,heap        ] GC(1188) DefNew: 157247K(157248K)->113059K(157248K) Eden: 139776K(139776K)->113059K(139776K) From: 17471K(17472K)->0K(17472K)
[44.116s][info][gc,heap        ] GC(1188) Tenured: 349556K(349568K)->349556K(349568K)
[44.116s][info][gc,metaspace   ] GC(1188) Metaspace: 31099K(31488K)->31099K(31488K) NonClass: 27820K(28032K)->27820K(28032K) Class: 3278K(3456K)->3278K(3456K)
[44.116s][info][gc             ] GC(1188) Pause Full (Allocation Failure) 494M->451M(494M) 21.840ms
[44.116s][info][gc,cpu         ] GC(1188) User=0.03s Sys=0.00s Real=0.03s
[44.128s][info][gc,start       ] GC(1189) Pause Full (Allocation Failure)
[44.128s][info][gc,phases,start] GC(1189) Phase 1: Mark live objects
[44.137s][info][gc,phases      ] GC(1189) Phase 1: Mark live objects 8.625ms
[44.137s][info][gc,phases,start] GC(1189) Phase 2: Compute new object addresses
[44.140s][info][gc,phases      ] GC(1189) Phase 2: Compute new object addresses 3.186ms
[44.140s][info][gc,phases,start] GC(1189) Phase 3: Adjust pointers
[44.147s][info][gc,phases      ] GC(1189) Phase 3: Adjust pointers 6.292ms
[44.147s][info][gc,phases,start] GC(1189) Phase 4: Move objects
[44.148s][info][gc,phases      ] GC(1189) Phase 4: Move objects 1.777ms
[44.149s][info][gc,heap        ] GC(1189) DefNew: 156999K(157248K)->115110K(157248K) Eden: 139776K(139776K)->115110K(139776K) From: 17223K(17472K)->0K(17472K)
[44.149s][info][gc,heap        ] GC(1189) Tenured: 349556K(349568K)->349556K(349568K)
[44.149s][info][gc,metaspace   ] GC(1189) Metaspace: 31099K(31488K)->31099K(31488K) NonClass: 27820K(28032K)->27820K(28032K) Class: 3278K(3456K)->3278K(3456K)
[44.149s][info][gc             ] GC(1189) Pause Full (Allocation Failure) 494M->453M(494M) 20.342ms
[44.149s][info][gc,cpu         ] GC(1189) User=0.02s Sys=0.00s Real=0.02s
[44.160s][info][gc,start       ] GC(1190) Pause Full (Allocation Failure)
[44.160s][info][gc,phases,start] GC(1190) Phase 1: Mark live objects
[44.169s][info][gc,phases      ] GC(1190) Phase 1: Mark live objects 8.331ms
[44.169s][info][gc,phases,start] GC(1190) Phase 2: Compute new object addresses
[44.172s][info][gc,phases      ] GC(1190) Phase 2: Compute new object addresses 2.972ms
[44.172s][info][gc,phases,start] GC(1190) Phase 3: Adjust pointers
[44.177s][info][gc,phases      ] GC(1190) Phase 3: Adjust pointers 5.613ms
[44.177s][info][gc,phases,start] GC(1190) Phase 4: Move objects
[44.179s][info][gc,phases      ] GC(1190) Phase 4: Move objects 1.166ms
[44.179s][info][gc,heap        ] GC(1190) DefNew: 157084K(157248K)->114494K(157248K) Eden: 139776K(139776K)->114494K(139776K) From: 17308K(17472K)->0K(17472K)
[44.179s][info][gc,heap        ] GC(1190) Tenured: 349556K(349568K)->349556K(349568K)
[44.179s][info][gc,metaspace   ] GC(1190) Metaspace: 31099K(31488K)->31099K(31488K) NonClass: 27820K(28032K)->27820K(28032K) Class: 3278K(3456K)->3278K(3456K)
[44.179s][info][gc             ] GC(1190) Pause Full (Allocation Failure) 494M->453M(494M) 18.522ms
[44.179s][info][gc,cpu         ] GC(1190) User=0.01s Sys=0.01s Real=0.02s
[44.189s][info][gc,start       ] GC(1191) Pause Full (Allocation Failure)
[44.190s][info][gc,phases,start] GC(1191) Phase 1: Mark live objects
[44.198s][info][gc,phases      ] GC(1191) Phase 1: Mark live objects 8.107ms
[44.198s][info][gc,phases,start] GC(1191) Phase 2: Compute new object addresses
[44.200s][info][gc,phases      ] GC(1191) Phase 2: Compute new object addresses 2.546ms
[44.200s][info][gc,phases,start] GC(1191) Phase 3: Adjust pointers
[44.205s][info][gc,phases      ] GC(1191) Phase 3: Adjust pointers 5.019ms
[44.205s][info][gc,phases,start] GC(1191) Phase 4: Move objects
[44.206s][info][gc,phases      ] GC(1191) Phase 4: Move objects 1.051ms
[44.206s][info][gc,heap        ] GC(1191) DefNew: 156740K(157248K)->113782K(157248K) Eden: 139776K(139776K)->113782K(139776K) From: 16964K(17472K)->0K(17472K)
[44.206s][info][gc,heap        ] GC(1191) Tenured: 349556K(349568K)->349552K(349568K)
[44.206s][info][gc,metaspace   ] GC(1191) Metaspace: 31099K(31488K)->31099K(31488K) NonClass: 27820K(28032K)->27820K(28032K) Class: 3278K(3456K)->3278K(3456K)
[44.207s][info][gc             ] GC(1191) Pause Full (Allocation Failure) 494M->452M(494M) 17.041ms
[44.207s][info][gc,cpu         ] GC(1191) User=0.02s Sys=0.00s Real=0.02s
[44.217s][info][gc,start       ] GC(1192) Pause Full (Allocation Failure)
[44.217s][info][gc,phases,start] GC(1192) Phase 1: Mark live objects
[44.226s][info][gc,phases      ] GC(1192) Phase 1: Mark live objects 8.137ms
[44.226s][info][gc,phases,start] GC(1192) Phase 2: Compute new object addresses
[44.228s][info][gc,phases      ] GC(1192) Phase 2: Compute new object addresses 2.662ms
[44.228s][info][gc,phases,start] GC(1192) Phase 3: Adjust pointers
[44.233s][info][gc,phases      ] GC(1192) Phase 3: Adjust pointers 4.924ms
[44.233s][info][gc,phases,start] GC(1192) Phase 4: Move objects
[44.241s][info][gc,phases      ] GC(1192) Phase 4: Move objects 7.570ms
[44.241s][info][gc,heap        ] GC(1192) DefNew: 156607K(157248K)->114458K(157248K) Eden: 139776K(139776K)->114458K(139776K) From: 16831K(17472K)->0K(17472K)
[44.241s][info][gc,heap        ] GC(1192) Tenured: 349552K(349568K)->349552K(349568K)
[44.241s][info][gc,metaspace   ] GC(1192) Metaspace: 31099K(31488K)->31099K(31488K) NonClass: 27820K(28032K)->27820K(28032K) Class: 3278K(3456K)->3278K(3456K)
[44.241s][info][gc             ] GC(1192) Pause Full (Allocation Failure) 494M->453M(494M) 23.710ms
[44.241s][info][gc,cpu         ] GC(1192) User=0.02s Sys=0.00s Real=0.02s
[44.253s][info][gc,start       ] GC(1193) Pause Full (Allocation Failure)
[44.253s][info][gc,phases,start] GC(1193) Phase 1: Mark live objects
[44.262s][info][gc,phases      ] GC(1193) Phase 1: Mark live objects 8.570ms
[44.262s][info][gc,phases,start] GC(1193) Phase 2: Compute new object addresses
[44.264s][info][gc,phases      ] GC(1193) Phase 2: Compute new object addresses 2.780ms
[44.264s][info][gc,phases,start] GC(1193) Phase 3: Adjust pointers
[44.270s][info][gc,phases      ] GC(1193) Phase 3: Adjust pointers 5.521ms
[44.270s][info][gc,phases,start] GC(1193) Phase 4: Move objects
[44.275s][info][gc,phases      ] GC(1193) Phase 4: Move objects 5.185ms
[44.276s][info][gc,heap        ] GC(1193) DefNew: 157052K(157248K)->114264K(157248K) Eden: 139776K(139776K)->114264K(139776K) From: 17276K(17472K)->0K(17472K)
[44.276s][info][gc,heap        ] GC(1193) Tenured: 349552K(349568K)->349552K(349568K)
[44.276s][info][gc,metaspace   ] GC(1193) Metaspace: 31099K(31488K)->31099K(31488K) NonClass: 27820K(28032K)->27820K(28032K) Class: 3278K(3456K)->3278K(3456K)
[44.276s][info][gc             ] GC(1193) Pause Full (Allocation Failure) 494M->452M(494M) 22.563ms
[44.276s][info][gc,cpu         ] GC(1193) User=0.02s Sys=0.00s Real=0.02s
[44.286s][info][gc,start       ] GC(1194) Pause Full (Allocation Failure)
[44.286s][info][gc,phases,start] GC(1194) Phase 1: Mark live objects
[44.296s][info][gc,phases      ] GC(1194) Phase 1: Mark live objects 9.960ms
[44.296s][info][gc,phases,start] GC(1194) Phase 2: Compute new object addresses
[44.299s][info][gc,phases      ] GC(1194) Phase 2: Compute new object addresses 3.013ms
[44.299s][info][gc,phases,start] GC(1194) Phase 3: Adjust pointers
[44.306s][info][gc,phases      ] GC(1194) Phase 3: Adjust pointers 6.613ms
[44.306s][info][gc,phases,start] GC(1194) Phase 4: Move objects
[44.308s][info][gc,phases      ] GC(1194) Phase 4: Move objects 1.498ms
[44.308s][info][gc,heap        ] GC(1194) DefNew: 157137K(157248K)->115376K(157248K) Eden: 139776K(139776K)->115376K(139776K) From: 17361K(17472K)->0K(17472K)
[44.308s][info][gc,heap        ] GC(1194) Tenured: 349552K(349568K)->349552K(349568K)
[44.308s][info][gc,metaspace   ] GC(1194) Metaspace: 31099K(31488K)->31099K(31488K) NonClass: 27820K(28032K)->27820K(28032K) Class: 3278K(3456K)->3278K(3456K)
[44.308s][info][gc             ] GC(1194) Pause Full (Allocation Failure) 494M->454M(494M) 21.546ms
[44.308s][info][gc,cpu         ] GC(1194) User=0.01s Sys=0.00s Real=0.02s
[44.322s][info][gc,start       ] GC(1195) Pause Full (Allocation Failure)
[44.322s][info][gc,phases,start] GC(1195) Phase 1: Mark live objects
[44.330s][info][gc,phases      ] GC(1195) Phase 1: Mark live objects 8.053ms
[44.330s][info][gc,phases,start] GC(1195) Phase 2: Compute new object addresses
[44.333s][info][gc,phases      ] GC(1195) Phase 2: Compute new object addresses 2.761ms
[44.333s][info][gc,phases,start] GC(1195) Phase 3: Adjust pointers
[44.338s][info][gc,phases      ] GC(1195) Phase 3: Adjust pointers 5.040ms
[44.338s][info][gc,phases,start] GC(1195) Phase 4: Move objects
[44.339s][info][gc,phases      ] GC(1195) Phase 4: Move objects 0.968ms
[44.339s][info][gc,heap        ] GC(1195) DefNew: 157036K(157248K)->115687K(157248K) Eden: 139776K(139776K)->115687K(139776K) From: 17260K(17472K)->0K(17472K)
[44.339s][info][gc,heap        ] GC(1195) Tenured: 349552K(349568K)->349552K(349568K)
[44.339s][info][gc,metaspace   ] GC(1195) Metaspace: 31099K(31488K)->31099K(31488K) NonClass: 27820K(28032K)->27820K(28032K) Class: 3278K(3456K)->3278K(3456K)
[44.339s][info][gc             ] GC(1195) Pause Full (Allocation Failure) 494M->454M(494M) 17.137ms
[44.339s][info][gc,cpu         ] GC(1195) User=0.02s Sys=0.00s Real=0.02s
[44.349s][info][gc,start       ] GC(1196) Pause Full (Allocation Failure)
[44.349s][info][gc,phases,start] GC(1196) Phase 1: Mark live objects
[44.358s][info][gc,phases      ] GC(1196) Phase 1: Mark live objects 8.231ms
[44.358s][info][gc,phases,start] GC(1196) Phase 2: Compute new object addresses
[44.361s][info][gc,phases      ] GC(1196) Phase 2: Compute new object addresses 3.516ms
[44.361s][info][gc,phases,start] GC(1196) Phase 3: Adjust pointers
[44.367s][info][gc,phases      ] GC(1196) Phase 3: Adjust pointers 6.125ms
[44.367s][info][gc,phases,start] GC(1196) Phase 4: Move objects
[44.368s][info][gc,phases      ] GC(1196) Phase 4: Move objects 0.793ms
[44.368s][info][gc,heap        ] GC(1196) DefNew: 157148K(157248K)->113041K(157248K) Eden: 139776K(139776K)->113041K(139776K) From: 17372K(17472K)->0K(17472K)
[44.368s][info][gc,heap        ] GC(1196) Tenured: 349552K(349568K)->349552K(349568K)
[44.368s][info][gc,metaspace   ] GC(1196) Metaspace: 31099K(31488K)->31099K(31488K) NonClass: 27820K(28032K)->27820K(28032K) Class: 3278K(3456K)->3278K(3456K)
[44.369s][info][gc             ] GC(1196) Pause Full (Allocation Failure) 494M->451M(494M) 19.200ms
[44.369s][info][gc,cpu         ] GC(1196) User=0.02s Sys=0.00s Real=0.02s
[44.382s][info][gc,start       ] GC(1197) Pause Full (Allocation Failure)
[44.382s][info][gc,phases,start] GC(1197) Phase 1: Mark live objects
[44.391s][info][gc,phases      ] GC(1197) Phase 1: Mark live objects 9.137ms
[44.391s][info][gc,phases,start] GC(1197) Phase 2: Compute new object addresses
[44.394s][info][gc,phases      ] GC(1197) Phase 2: Compute new object addresses 3.033ms
[44.394s][info][gc,phases,start] GC(1197) Phase 3: Adjust pointers
[44.400s][info][gc,phases      ] GC(1197) Phase 3: Adjust pointers 5.862ms
[44.400s][info][gc,phases,start] GC(1197) Phase 4: Move objects
[44.401s][info][gc,phases      ] GC(1197) Phase 4: Move objects 0.784ms
[44.401s][info][gc,heap        ] GC(1197) DefNew: 157170K(157248K)->115115K(157248K) Eden: 139776K(139776K)->115115K(139776K) From: 17394K(17472K)->0K(17472K)
[44.401s][info][gc,heap        ] GC(1197) Tenured: 349552K(349568K)->349552K(349568K)
[44.401s][info][gc,metaspace   ] GC(1197) Metaspace: 31099K(31488K)->31099K(31488K) NonClass: 27820K(28032K)->27820K(28032K) Class: 3278K(3456K)->3278K(3456K)
[44.401s][info][gc             ] GC(1197) Pause Full (Allocation Failure) 494M->453M(494M) 19.218ms
[44.401s][info][gc,cpu         ] GC(1197) User=0.02s Sys=0.00s Real=0.02s
[44.412s][info][gc,start       ] GC(1198) Pause Full (Allocation Failure)
[44.412s][info][gc,phases,start] GC(1198) Phase 1: Mark live objects
[44.420s][info][gc,phases      ] GC(1198) Phase 1: Mark live objects 8.122ms
[44.420s][info][gc,phases,start] GC(1198) Phase 2: Compute new object addresses
[44.423s][info][gc,phases      ] GC(1198) Phase 2: Compute new object addresses 3.045ms
[44.423s][info][gc,phases,start] GC(1198) Phase 3: Adjust pointers
[44.429s][info][gc,phases      ] GC(1198) Phase 3: Adjust pointers 5.855ms
[44.429s][info][gc,phases,start] GC(1198) Phase 4: Move objects
[44.430s][info][gc,phases      ] GC(1198) Phase 4: Move objects 0.686ms
[44.430s][info][gc,heap        ] GC(1198) DefNew: 157082K(157248K)->113470K(157248K) Eden: 139775K(139776K)->113470K(139776K) From: 17306K(17472K)->0K(17472K)
[44.430s][info][gc,heap        ] GC(1198) Tenured: 349552K(349568K)->349552K(349568K)
[44.430s][info][gc,metaspace   ] GC(1198) Metaspace: 31099K(31488K)->31099K(31488K) NonClass: 27820K(28032K)->27820K(28032K) Class: 3278K(3456K)->3278K(3456K)
[44.430s][info][gc             ] GC(1198) Pause Full (Allocation Failure) 494M->452M(494M) 18.077ms
[44.430s][info][gc,cpu         ] GC(1198) User=0.02s Sys=0.00s Real=0.02s
[44.441s][info][gc,start       ] GC(1199) Pause Full (Allocation Failure)
[44.441s][info][gc,phases,start] GC(1199) Phase 1: Mark live objects
[44.450s][info][gc,phases      ] GC(1199) Phase 1: Mark live objects 8.731ms
[44.450s][info][gc,phases,start] GC(1199) Phase 2: Compute new object addresses
[44.453s][info][gc,phases      ] GC(1199) Phase 2: Compute new object addresses 2.742ms
[44.453s][info][gc,phases,start] GC(1199) Phase 3: Adjust pointers
[44.458s][info][gc,phases      ] GC(1199) Phase 3: Adjust pointers 5.615ms
[44.458s][info][gc,phases,start] GC(1199) Phase 4: Move objects
[44.459s][info][gc,phases      ] GC(1199) Phase 4: Move objects 0.851ms
[44.459s][info][gc,heap        ] GC(1199) DefNew: 157004K(157248K)->115008K(157248K) Eden: 139776K(139776K)->115008K(139776K) From: 17228K(17472K)->0K(17472K)
[44.459s][info][gc,heap        ] GC(1199) Tenured: 349552K(349568K)->349552K(349568K)
[44.459s][info][gc,metaspace   ] GC(1199) Metaspace: 31099K(31488K)->31099K(31488K) NonClass: 27820K(28032K)->27820K(28032K) Class: 3278K(3456K)->3278K(3456K)
[44.459s][info][gc             ] GC(1199) Pause Full (Allocation Failure) 494M->453M(494M) 18.357ms
[44.459s][info][gc,cpu         ] GC(1199) User=0.02s Sys=0.00s Real=0.02s
[44.470s][info][gc,start       ] GC(1200) Pause Full (Allocation Failure)
[44.470s][info][gc,phases,start] GC(1200) Phase 1: Mark live objects
[44.478s][info][gc,phases      ] GC(1200) Phase 1: Mark live objects 8.139ms
[44.478s][info][gc,phases,start] GC(1200) Phase 2: Compute new object addresses
[44.481s][info][gc,phases      ] GC(1200) Phase 2: Compute new object addresses 3.041ms
[44.481s][info][gc,phases,start] GC(1200) Phase 3: Adjust pointers
[44.487s][info][gc,phases      ] GC(1200) Phase 3: Adjust pointers 5.862ms
[44.487s][info][gc,phases,start] GC(1200) Phase 4: Move objects
[44.488s][info][gc,phases      ] GC(1200) Phase 4: Move objects 0.677ms
[44.488s][info][gc,heap        ] GC(1200) DefNew: 156347K(157248K)->113340K(157248K) Eden: 139776K(139776K)->113340K(139776K) From: 16571K(17472K)->0K(17472K)
[44.488s][info][gc,heap        ] GC(1200) Tenured: 349552K(349568K)->349552K(349568K)
[44.488s][info][gc,metaspace   ] GC(1200) Metaspace: 31099K(31488K)->31099K(31488K) NonClass: 27820K(28032K)->27820K(28032K) Class: 3278K(3456K)->3278K(3456K)
[44.488s][info][gc             ] GC(1200) Pause Full (Allocation Failure) 494M->452M(494M) 18.092ms
[44.488s][info][gc,cpu         ] GC(1200) User=0.02s Sys=0.00s Real=0.02s
[44.506s][info][gc,start       ] GC(1201) Pause Full (Allocation Failure)
[44.506s][info][gc,phases,start] GC(1201) Phase 1: Mark live objects
[44.515s][info][gc,phases      ] GC(1201) Phase 1: Mark live objects 8.855ms
[44.515s][info][gc,phases,start] GC(1201) Phase 2: Compute new object addresses
[44.518s][info][gc,phases      ] GC(1201) Phase 2: Compute new object addresses 2.992ms
[44.518s][info][gc,phases,start] GC(1201) Phase 3: Adjust pointers
[44.523s][info][gc,phases      ] GC(1201) Phase 3: Adjust pointers 5.354ms
[44.524s][info][gc,phases,start] GC(1201) Phase 4: Move objects
[44.524s][info][gc,phases      ] GC(1201) Phase 4: Move objects 0.835ms
[44.525s][info][gc,heap        ] GC(1201) DefNew: 157217K(157248K)->114858K(157248K) Eden: 139776K(139776K)->114858K(139776K) From: 17441K(17472K)->0K(17472K)
[44.525s][info][gc,heap        ] GC(1201) Tenured: 349552K(349568K)->349552K(349568K)
[44.525s][info][gc,metaspace   ] GC(1201) Metaspace: 31099K(31488K)->31099K(31488K) NonClass: 27820K(28032K)->27820K(28032K) Class: 3278K(3456K)->3278K(3456K)
[44.525s][info][gc             ] GC(1201) Pause Full (Allocation Failure) 494M->453M(494M) 18.424ms
[44.525s][info][gc,cpu         ] GC(1201) User=0.02s Sys=0.00s Real=0.02s
[44.535s][info][gc,start       ] GC(1202) Pause Full (Allocation Failure)
[44.535s][info][gc,phases,start] GC(1202) Phase 1: Mark live objects
[44.543s][info][gc,phases      ] GC(1202) Phase 1: Mark live objects 7.981ms
[44.543s][info][gc,phases,start] GC(1202) Phase 2: Compute new object addresses
[44.546s][info][gc,phases      ] GC(1202) Phase 2: Compute new object addresses 2.604ms
[44.546s][info][gc,phases,start] GC(1202) Phase 3: Adjust pointers
[44.551s][info][gc,phases      ] GC(1202) Phase 3: Adjust pointers 4.989ms
[44.551s][info][gc,phases,start] GC(1202) Phase 4: Move objects
[44.551s][info][gc,phases      ] GC(1202) Phase 4: Move objects 0.638ms
[44.551s][info][gc,heap        ] GC(1202) DefNew: 156825K(157248K)->113847K(157248K) Eden: 139776K(139776K)->113847K(139776K) From: 17049K(17472K)->0K(17472K)
[44.551s][info][gc,heap        ] GC(1202) Tenured: 349552K(349568K)->349552K(349568K)
[44.551s][info][gc,metaspace   ] GC(1202) Metaspace: 31099K(31488K)->31099K(31488K) NonClass: 27820K(28032K)->27820K(28032K) Class: 3278K(3456K)->3278K(3456K)
[44.552s][info][gc             ] GC(1202) Pause Full (Allocation Failure) 494M->452M(494M) 16.533ms
[44.552s][info][gc,cpu         ] GC(1202) User=0.01s Sys=0.00s Real=0.02s
[44.562s][info][gc,start       ] GC(1203) Pause Full (Allocation Failure)
[44.562s][info][gc,phases,start] GC(1203) Phase 1: Mark live objects
[44.570s][info][gc,phases      ] GC(1203) Phase 1: Mark live objects 7.797ms
[44.570s][info][gc,phases,start] GC(1203) Phase 2: Compute new object addresses
[44.572s][info][gc,phases      ] GC(1203) Phase 2: Compute new object addresses 2.648ms
[44.573s][info][gc,phases,start] GC(1203) Phase 3: Adjust pointers
[44.578s][info][gc,phases      ] GC(1203) Phase 3: Adjust pointers 5.011ms
[44.578s][info][gc,phases,start] GC(1203) Phase 4: Move objects
[44.578s][info][gc,phases      ] GC(1203) Phase 4: Move objects 0.547ms
[44.578s][info][gc,heap        ] GC(1203) DefNew: 156613K(157248K)->112963K(157248K) Eden: 139776K(139776K)->112963K(139776K) From: 16837K(17472K)->0K(17472K)
[44.578s][info][gc,heap        ] GC(1203) Tenured: 349552K(349568K)->349552K(349568K)
[44.578s][info][gc,metaspace   ] GC(1203) Metaspace: 31099K(31488K)->31099K(31488K) NonClass: 27820K(28032K)->27820K(28032K) Class: 3278K(3456K)->3278K(3456K)
[44.578s][info][gc             ] GC(1203) Pause Full (Allocation Failure) 494M->451M(494M) 16.347ms
[44.578s][info][gc,cpu         ] GC(1203) User=0.02s Sys=0.00s Real=0.02s
[44.589s][info][gc,start       ] GC(1204) Pause Full (Allocation Failure)
[44.589s][info][gc,phases,start] GC(1204) Phase 1: Mark live objects
[44.596s][info][gc,phases      ] GC(1204) Phase 1: Mark live objects 7.751ms
[44.597s][info][gc,phases,start] GC(1204) Phase 2: Compute new object addresses
[44.599s][info][gc,phases      ] GC(1204) Phase 2: Compute new object addresses 2.955ms
[44.600s][info][gc,phases,start] GC(1204) Phase 3: Adjust pointers
[44.605s][info][gc,phases      ] GC(1204) Phase 3: Adjust pointers 5.350ms
[44.605s][info][gc,phases,start] GC(1204) Phase 4: Move objects
[44.606s][info][gc,phases      ] GC(1204) Phase 4: Move objects 0.634ms
[44.606s][info][gc,heap        ] GC(1204) DefNew: 156533K(157248K)->112794K(157248K) Eden: 139776K(139776K)->112794K(139776K) From: 16757K(17472K)->0K(17472K)
[44.606s][info][gc,heap        ] GC(1204) Tenured: 349552K(349568K)->349552K(349568K)
[44.606s][info][gc,metaspace   ] GC(1204) Metaspace: 31099K(31488K)->31099K(31488K) NonClass: 27820K(28032K)->27820K(28032K) Class: 3278K(3456K)->3278K(3456K)
[44.606s][info][gc             ] GC(1204) Pause Full (Allocation Failure) 494M->451M(494M) 17.018ms
[44.606s][info][gc,cpu         ] GC(1204) User=0.01s Sys=0.00s Real=0.02s
[44.616s][info][gc,start       ] GC(1205) Pause Full (Allocation Failure)
[44.616s][info][gc,phases,start] GC(1205) Phase 1: Mark live objects
[44.624s][info][gc,phases      ] GC(1205) Phase 1: Mark live objects 7.765ms
[44.624s][info][gc,phases,start] GC(1205) Phase 2: Compute new object addresses
[44.627s][info][gc,phases      ] GC(1205) Phase 2: Compute new object addresses 2.779ms
[44.627s][info][gc,phases,start] GC(1205) Phase 3: Adjust pointers
[44.632s][info][gc,phases      ] GC(1205) Phase 3: Adjust pointers 5.120ms
[44.632s][info][gc,phases,start] GC(1205) Phase 4: Move objects
[44.633s][info][gc,phases      ] GC(1205) Phase 4: Move objects 0.739ms
[44.633s][info][gc,heap        ] GC(1205) DefNew: 157043K(157248K)->114858K(157248K) Eden: 139776K(139776K)->114858K(139776K) From: 17267K(17472K)->0K(17472K)
[44.633s][info][gc,heap        ] GC(1205) Tenured: 349552K(349568K)->349552K(349568K)
[44.633s][info][gc,metaspace   ] GC(1205) Metaspace: 31099K(31488K)->31099K(31488K) NonClass: 27820K(28032K)->27820K(28032K) Class: 3278K(3456K)->3278K(3456K)
[44.633s][info][gc             ] GC(1205) Pause Full (Allocation Failure) 494M->453M(494M) 16.723ms
[44.633s][info][gc,cpu         ] GC(1205) User=0.01s Sys=0.00s Real=0.01s
[44.644s][info][gc,start       ] GC(1206) Pause Full (Allocation Failure)
[44.644s][info][gc,phases,start] GC(1206) Phase 1: Mark live objects
[44.651s][info][gc,phases      ] GC(1206) Phase 1: Mark live objects 7.637ms
[44.651s][info][gc,phases,start] GC(1206) Phase 2: Compute new object addresses
[44.654s][info][gc,phases      ] GC(1206) Phase 2: Compute new object addresses 2.761ms
[44.654s][info][gc,phases,start] GC(1206) Phase 3: Adjust pointers
[44.659s][info][gc,phases      ] GC(1206) Phase 3: Adjust pointers 5.102ms
[44.659s][info][gc,phases,start] GC(1206) Phase 4: Move objects
[44.660s][info][gc,phases      ] GC(1206) Phase 4: Move objects 0.733ms
[44.660s][info][gc,heap        ] GC(1206) DefNew: 157149K(157248K)->114748K(157248K) Eden: 139776K(139776K)->114748K(139776K) From: 17373K(17472K)->0K(17472K)
[44.660s][info][gc,heap        ] GC(1206) Tenured: 349552K(349568K)->349552K(349568K)
[44.660s][info][gc,metaspace   ] GC(1206) Metaspace: 31099K(31488K)->31099K(31488K) NonClass: 27820K(28032K)->27820K(28032K) Class: 3278K(3456K)->3278K(3456K)
[44.660s][info][gc             ] GC(1206) Pause Full (Allocation Failure) 494M->453M(494M) 16.588ms
[44.660s][info][gc,cpu         ] GC(1206) User=0.02s Sys=0.00s Real=0.02s
[44.671s][info][gc,start       ] GC(1207) Pause Full (Allocation Failure)
[44.671s][info][gc,phases,start] GC(1207) Phase 1: Mark live objects
[44.679s][info][gc,phases      ] GC(1207) Phase 1: Mark live objects 7.931ms
[44.679s][info][gc,phases,start] GC(1207) Phase 2: Compute new object addresses
[44.681s][info][gc,phases      ] GC(1207) Phase 2: Compute new object addresses 2.591ms
[44.681s][info][gc,phases,start] GC(1207) Phase 3: Adjust pointers
[44.686s][info][gc,phases      ] GC(1207) Phase 3: Adjust pointers 5.026ms
[44.686s][info][gc,phases,start] GC(1207) Phase 4: Move objects
[44.687s][info][gc,phases      ] GC(1207) Phase 4: Move objects 0.544ms
[44.687s][info][gc,heap        ] GC(1207) DefNew: 156304K(157248K)->112962K(157248K) Eden: 139776K(139776K)->112962K(139776K) From: 16528K(17472K)->0K(17472K)
[44.687s][info][gc,heap        ] GC(1207) Tenured: 349552K(349568K)->349552K(349568K)
[44.687s][info][gc,metaspace   ] GC(1207) Metaspace: 31099K(31488K)->31099K(31488K) NonClass: 27820K(28032K)->27820K(28032K) Class: 3278K(3456K)->3278K(3456K)
[44.687s][info][gc             ] GC(1207) Pause Full (Allocation Failure) 494M->451M(494M) 16.411ms
[44.687s][info][gc,cpu         ] GC(1207) User=0.02s Sys=0.00s Real=0.02s
[44.697s][info][gc,start       ] GC(1208) Pause Full (Allocation Failure)
[44.697s][info][gc,phases,start] GC(1208) Phase 1: Mark live objects
[44.706s][info][gc,phases      ] GC(1208) Phase 1: Mark live objects 9.060ms
[44.707s][info][gc,phases,start] GC(1208) Phase 2: Compute new object addresses
[44.710s][info][gc,phases      ] GC(1208) Phase 2: Compute new object addresses 3.822ms
[44.710s][info][gc,phases,start] GC(1208) Phase 3: Adjust pointers
[44.718s][info][gc,phases      ] GC(1208) Phase 3: Adjust pointers 7.282ms
[44.718s][info][gc,phases,start] GC(1208) Phase 4: Move objects
[44.718s][info][gc,phases      ] GC(1208) Phase 4: Move objects 0.698ms
[44.719s][info][gc,heap        ] GC(1208) DefNew: 156322K(157248K)->113729K(157248K) Eden: 139776K(139776K)->113729K(139776K) From: 16546K(17472K)->0K(17472K)
[44.719s][info][gc,heap        ] GC(1208) Tenured: 349552K(349568K)->349552K(349568K)
[44.719s][info][gc,metaspace   ] GC(1208) Metaspace: 31099K(31488K)->31099K(31488K) NonClass: 27820K(28032K)->27820K(28032K) Class: 3278K(3456K)->3278K(3456K)
[44.719s][info][gc             ] GC(1208) Pause Full (Allocation Failure) 494M->452M(494M) 21.286ms
[44.719s][info][gc,cpu         ] GC(1208) User=0.02s Sys=0.00s Real=0.02s
[44.733s][info][gc,start       ] GC(1209) Pause Full (Allocation Failure)
[44.733s][info][gc,phases,start] GC(1209) Phase 1: Mark live objects
[44.742s][info][gc,phases      ] GC(1209) Phase 1: Mark live objects 8.234ms
[44.742s][info][gc,phases,start] GC(1209) Phase 2: Compute new object addresses
[44.745s][info][gc,phases      ] GC(1209) Phase 2: Compute new object addresses 2.939ms
[44.745s][info][gc,phases,start] GC(1209) Phase 3: Adjust pointers
[44.750s][info][gc,phases      ] GC(1209) Phase 3: Adjust pointers 5.273ms
[44.750s][info][gc,phases,start] GC(1209) Phase 4: Move objects
[44.751s][info][gc,phases      ] GC(1209) Phase 4: Move objects 0.794ms
[44.751s][info][gc,heap        ] GC(1209) DefNew: 157181K(157248K)->114277K(157248K) Eden: 139776K(139776K)->114277K(139776K) From: 17405K(17472K)->0K(17472K)
[44.751s][info][gc,heap        ] GC(1209) Tenured: 349552K(349568K)->349552K(349568K)
[44.751s][info][gc,metaspace   ] GC(1209) Metaspace: 31099K(31488K)->31099K(31488K) NonClass: 27820K(28032K)->27820K(28032K) Class: 3278K(3456K)->3278K(3456K)
[44.751s][info][gc             ] GC(1209) Pause Full (Allocation Failure) 494M->452M(494M) 17.587ms
[44.751s][info][gc,cpu         ] GC(1209) User=0.02s Sys=0.00s Real=0.02s
[44.762s][info][gc,start       ] GC(1210) Pause Full (Allocation Failure)
[44.762s][info][gc,phases,start] GC(1210) Phase 1: Mark live objects
[44.770s][info][gc,phases      ] GC(1210) Phase 1: Mark live objects 8.179ms
[44.770s][info][gc,phases,start] GC(1210) Phase 2: Compute new object addresses
[44.773s][info][gc,phases      ] GC(1210) Phase 2: Compute new object addresses 2.936ms
[44.773s][info][gc,phases,start] GC(1210) Phase 3: Adjust pointers
[44.779s][info][gc,phases      ] GC(1210) Phase 3: Adjust pointers 6.026ms
[44.779s][info][gc,phases,start] GC(1210) Phase 4: Move objects
[44.780s][info][gc,phases      ] GC(1210) Phase 4: Move objects 0.866ms
[44.780s][info][gc,heap        ] GC(1210) DefNew: 157083K(157248K)->115103K(157248K) Eden: 139776K(139776K)->115103K(139776K) From: 17307K(17472K)->0K(17472K)
[44.780s][info][gc,heap        ] GC(1210) Tenured: 349552K(349568K)->349552K(349568K)
[44.780s][info][gc,metaspace   ] GC(1210) Metaspace: 31099K(31488K)->31099K(31488K) NonClass: 27820K(28032K)->27820K(28032K) Class: 3278K(3456K)->3278K(3456K)
[44.780s][info][gc             ] GC(1210) Pause Full (Allocation Failure) 494M->453M(494M) 18.368ms
[44.780s][info][gc,cpu         ] GC(1210) User=0.02s Sys=0.00s Real=0.02s
[44.793s][info][gc,start       ] GC(1211) Pause Full (Allocation Failure)
[44.793s][info][gc,phases,start] GC(1211) Phase 1: Mark live objects
[44.802s][info][gc,phases      ] GC(1211) Phase 1: Mark live objects 9.069ms
[44.802s][info][gc,phases,start] GC(1211) Phase 2: Compute new object addresses
[44.805s][info][gc,phases      ] GC(1211) Phase 2: Compute new object addresses 3.184ms
[44.805s][info][gc,phases,start] GC(1211) Phase 3: Adjust pointers
[44.811s][info][gc,phases      ] GC(1211) Phase 3: Adjust pointers 5.863ms
[44.811s][info][gc,phases,start] GC(1211) Phase 4: Move objects
[44.812s][info][gc,phases      ] GC(1211) Phase 4: Move objects 0.957ms
[44.812s][info][gc,heap        ] GC(1211) DefNew: 157111K(157248K)->115385K(157248K) Eden: 139776K(139776K)->115385K(139776K) From: 17335K(17472K)->0K(17472K)
[44.812s][info][gc,heap        ] GC(1211) Tenured: 349552K(349568K)->349552K(349568K)
[44.812s][info][gc,metaspace   ] GC(1211) Metaspace: 31099K(31488K)->31099K(31488K) NonClass: 27820K(28032K)->27820K(28032K) Class: 3278K(3456K)->3278K(3456K)
[44.812s][info][gc             ] GC(1211) Pause Full (Allocation Failure) 494M->454M(494M) 19.513ms
[44.812s][info][gc,cpu         ] GC(1211) User=0.02s Sys=0.00s Real=0.02s
[44.823s][info][gc,start       ] GC(1212) Pause Full (Allocation Failure)
[44.823s][info][gc,phases,start] GC(1212) Phase 1: Mark live objects
[44.831s][info][gc,phases      ] GC(1212) Phase 1: Mark live objects 8.064ms
[44.831s][info][gc,phases,start] GC(1212) Phase 2: Compute new object addresses
[44.834s][info][gc,phases      ] GC(1212) Phase 2: Compute new object addresses 3.056ms
[44.834s][info][gc,phases,start] GC(1212) Phase 3: Adjust pointers
[44.840s][info][gc,phases      ] GC(1212) Phase 3: Adjust pointers 5.886ms
[44.840s][info][gc,phases,start] GC(1212) Phase 4: Move objects
[44.841s][info][gc,phases      ] GC(1212) Phase 4: Move objects 0.567ms
[44.841s][info][gc,heap        ] GC(1212) DefNew: 156310K(157248K)->112963K(157248K) Eden: 139776K(139776K)->112963K(139776K) From: 16534K(17472K)->0K(17472K)
[44.841s][info][gc,heap        ] GC(1212) Tenured: 349552K(349568K)->349552K(349568K)
[44.841s][info][gc,metaspace   ] GC(1212) Metaspace: 31099K(31488K)->31099K(31488K) NonClass: 27820K(28032K)->27820K(28032K) Class: 3278K(3456K)->3278K(3456K)
[44.841s][info][gc             ] GC(1212) Pause Full (Allocation Failure) 494M->451M(494M) 17.941ms
[44.841s][info][gc,cpu         ] GC(1212) User=0.02s Sys=0.00s Real=0.02s
[44.852s][info][gc,start       ] GC(1213) Pause Full (Allocation Failure)
[44.852s][info][gc,phases,start] GC(1213) Phase 1: Mark live objects
[44.861s][info][gc,phases      ] GC(1213) Phase 1: Mark live objects 8.456ms
[44.861s][info][gc,phases,start] GC(1213) Phase 2: Compute new object addresses
[44.864s][info][gc,phases      ] GC(1213) Phase 2: Compute new object addresses 2.924ms
[44.864s][info][gc,phases,start] GC(1213) Phase 3: Adjust pointers
[44.869s][info][gc,phases      ] GC(1213) Phase 3: Adjust pointers 5.683ms
[44.870s][info][gc,phases,start] GC(1213) Phase 4: Move objects
[44.870s][info][gc,phases      ] GC(1213) Phase 4: Move objects 0.772ms
[44.870s][info][gc,heap        ] GC(1213) DefNew: 157072K(157248K)->114772K(157248K) Eden: 139775K(139776K)->114772K(139776K) From: 17296K(17472K)->0K(17472K)
[44.870s][info][gc,heap        ] GC(1213) Tenured: 349552K(349568K)->349552K(349568K)
[44.870s][info][gc,metaspace   ] GC(1213) Metaspace: 31099K(31488K)->31099K(31488K) NonClass: 27820K(28032K)->27820K(28032K) Class: 3278K(3456K)->3278K(3456K)
[44.870s][info][gc             ] GC(1213) Pause Full (Allocation Failure) 494M->453M(494M) 18.227ms
[44.870s][info][gc,cpu         ] GC(1213) User=0.02s Sys=0.00s Real=0.02s
[44.885s][info][gc,start       ] GC(1214) Pause Full (Allocation Failure)
[44.885s][info][gc,phases,start] GC(1214) Phase 1: Mark live objects
[44.893s][info][gc,phases      ] GC(1214) Phase 1: Mark live objects 8.698ms
[44.894s][info][gc,phases,start] GC(1214) Phase 2: Compute new object addresses
[44.897s][info][gc,phases      ] GC(1214) Phase 2: Compute new object addresses 3.318ms
[44.897s][info][gc,phases,start] GC(1214) Phase 3: Adjust pointers
[44.904s][info][gc,phases      ] GC(1214) Phase 3: Adjust pointers 6.808ms
[44.904s][info][gc,phases,start] GC(1214) Phase 4: Move objects
[44.905s][info][gc,phases      ] GC(1214) Phase 4: Move objects 0.816ms
[44.905s][info][gc,heap        ] GC(1214) DefNew: 157113K(157248K)->114575K(157248K) Eden: 139776K(139776K)->114575K(139776K) From: 17337K(17472K)->0K(17472K)
[44.905s][info][gc,heap        ] GC(1214) Tenured: 349552K(349568K)->349552K(349568K)
[44.905s][info][gc,metaspace   ] GC(1214) Metaspace: 31099K(31488K)->31099K(31488K) NonClass: 27820K(28032K)->27820K(28032K) Class: 3278K(3456K)->3278K(3456K)
[44.905s][info][gc             ] GC(1214) Pause Full (Allocation Failure) 494M->453M(494M) 20.054ms
[44.905s][info][gc,cpu         ] GC(1214) User=0.02s Sys=0.00s Real=0.02s
[44.915s][info][gc,start       ] GC(1215) Pause Full (Allocation Failure)
[44.915s][info][gc,phases,start] GC(1215) Phase 1: Mark live objects
[44.924s][info][gc,phases      ] GC(1215) Phase 1: Mark live objects 8.132ms
[44.924s][info][gc,phases,start] GC(1215) Phase 2: Compute new object addresses
[44.926s][info][gc,phases      ] GC(1215) Phase 2: Compute new object addresses 2.794ms
[44.926s][info][gc,phases,start] GC(1215) Phase 3: Adjust pointers
[44.931s][info][gc,phases      ] GC(1215) Phase 3: Adjust pointers 5.024ms
[44.932s][info][gc,phases,start] GC(1215) Phase 4: Move objects
[44.932s][info][gc,phases      ] GC(1215) Phase 4: Move objects 0.902ms
[44.933s][info][gc,heap        ] GC(1215) DefNew: 157246K(157248K)->115631K(157248K) Eden: 139776K(139776K)->115631K(139776K) From: 17470K(17472K)->0K(17472K)
[44.933s][info][gc,heap        ] GC(1215) Tenured: 349552K(349568K)->349552K(349568K)
[44.933s][info][gc,metaspace   ] GC(1215) Metaspace: 31099K(31488K)->31099K(31488K) NonClass: 27820K(28032K)->27820K(28032K) Class: 3278K(3456K)->3278K(3456K)
[44.933s][info][gc             ] GC(1215) Pause Full (Allocation Failure) 494M->454M(494M) 17.175ms
[44.933s][info][gc,cpu         ] GC(1215) User=0.01s Sys=0.00s Real=0.02s
[44.946s][info][gc,start       ] GC(1216) Pause Full (Allocation Failure)
[44.946s][info][gc,phases,start] GC(1216) Phase 1: Mark live objects
[44.954s][info][gc,phases      ] GC(1216) Phase 1: Mark live objects 7.930ms
[44.954s][info][gc,phases,start] GC(1216) Phase 2: Compute new object addresses
[44.957s][info][gc,phases      ] GC(1216) Phase 2: Compute new object addresses 3.073ms
[44.957s][info][gc,phases,start] GC(1216) Phase 3: Adjust pointers
[44.963s][info][gc,phases      ] GC(1216) Phase 3: Adjust pointers 5.828ms
[44.963s][info][gc,phases,start] GC(1216) Phase 4: Move objects
[44.964s][info][gc,phases      ] GC(1216) Phase 4: Move objects 0.724ms
[44.964s][info][gc,heap        ] GC(1216) DefNew: 156902K(157248K)->113980K(157248K) Eden: 139776K(139776K)->113980K(139776K) From: 17126K(17472K)->0K(17472K)
[44.964s][info][gc,heap        ] GC(1216) Tenured: 349552K(349568K)->349552K(349568K)
[44.964s][info][gc,metaspace   ] GC(1216) Metaspace: 31099K(31488K)->31099K(31488K) NonClass: 27820K(28032K)->27820K(28032K) Class: 3278K(3456K)->3278K(3456K)
[44.964s][info][gc             ] GC(1216) Pause Full (Allocation Failure) 494M->452M(494M) 17.918ms
[44.964s][info][gc,cpu         ] GC(1216) User=0.02s Sys=0.00s Real=0.01s
[44.977s][info][gc,start       ] GC(1217) Pause Full (Allocation Failure)
[44.977s][info][gc,phases,start] GC(1217) Phase 1: Mark live objects
[44.986s][info][gc,phases      ] GC(1217) Phase 1: Mark live objects 8.632ms
[44.986s][info][gc,phases,start] GC(1217) Phase 2: Compute new object addresses
[44.989s][info][gc,phases      ] GC(1217) Phase 2: Compute new object addresses 3.176ms
[44.989s][info][gc,phases,start] GC(1217) Phase 3: Adjust pointers
[44.995s][info][gc,phases      ] GC(1217) Phase 3: Adjust pointers 5.875ms
[44.995s][info][gc,phases,start] GC(1217) Phase 4: Move objects
[44.996s][info][gc,phases      ] GC(1217) Phase 4: Move objects 0.888ms
[44.996s][info][gc,heap        ] GC(1217) DefNew: 156937K(157248K)->115051K(157248K) Eden: 139776K(139776K)->115051K(139776K) From: 17161K(17472K)->0K(17472K)
[44.996s][info][gc,heap        ] GC(1217) Tenured: 349552K(349568K)->349552K(349568K)
[44.996s][info][gc,metaspace   ] GC(1217) Metaspace: 31099K(31488K)->31099K(31488K) NonClass: 27820K(28032K)->27820K(28032K) Class: 3278K(3456K)->3278K(3456K)
[44.996s][info][gc             ] GC(1217) Pause Full (Allocation Failure) 494M->453M(494M) 18.941ms
[44.996s][info][gc,cpu         ] GC(1217) User=0.02s Sys=0.00s Real=0.02s
[45.007s][info][gc,start       ] GC(1218) Pause Full (Allocation Failure)
[45.007s][info][gc,phases,start] GC(1218) Phase 1: Mark live objects
[45.015s][info][gc,phases      ] GC(1218) Phase 1: Mark live objects 8.102ms
[45.015s][info][gc,phases,start] GC(1218) Phase 2: Compute new object addresses
[45.018s][info][gc,phases      ] GC(1218) Phase 2: Compute new object addresses 2.745ms
[45.018s][info][gc,phases,start] GC(1218) Phase 3: Adjust pointers
[45.023s][info][gc,phases      ] GC(1218) Phase 3: Adjust pointers 5.053ms
[45.023s][info][gc,phases,start] GC(1218) Phase 4: Move objects
[45.024s][info][gc,phases      ] GC(1218) Phase 4: Move objects 0.768ms
[45.024s][info][gc,heap        ] GC(1218) DefNew: 157035K(157248K)->114845K(157248K) Eden: 139776K(139776K)->114845K(139776K) From: 17259K(17472K)->0K(17472K)
[45.024s][info][gc,heap        ] GC(1218) Tenured: 349552K(349568K)->349552K(349568K)
[45.024s][info][gc,metaspace   ] GC(1218) Metaspace: 31099K(31488K)->31099K(31488K) NonClass: 27820K(28032K)->27820K(28032K) Class: 3278K(3456K)->3278K(3456K)
[45.024s][info][gc             ] GC(1218) Pause Full (Allocation Failure) 494M->453M(494M) 17.000ms
[45.024s][info][gc,cpu         ] GC(1218) User=0.02s Sys=0.00s Real=0.02s
[45.035s][info][gc,start       ] GC(1219) Pause Full (Allocation Failure)
[45.035s][info][gc,phases,start] GC(1219) Phase 1: Mark live objects
[45.043s][info][gc,phases      ] GC(1219) Phase 1: Mark live objects 8.194ms
[45.043s][info][gc,phases,start] GC(1219) Phase 2: Compute new object addresses
[45.046s][info][gc,phases      ] GC(1219) Phase 2: Compute new object addresses 2.790ms
[45.046s][info][gc,phases,start] GC(1219) Phase 3: Adjust pointers
[45.051s][info][gc,phases      ] GC(1219) Phase 3: Adjust pointers 5.439ms
[45.051s][info][gc,phases,start] GC(1219) Phase 4: Move objects
[45.052s][info][gc,phases      ] GC(1219) Phase 4: Move objects 0.615ms
[45.052s][info][gc,heap        ] GC(1219) DefNew: 157060K(157248K)->113847K(157248K) Eden: 139776K(139776K)->113847K(139776K) From: 17284K(17472K)->0K(17472K)
[45.052s][info][gc,heap        ] GC(1219) Tenured: 349552K(349568K)->349552K(349568K)
[45.052s][info][gc,metaspace   ] GC(1219) Metaspace: 31099K(31488K)->31099K(31488K) NonClass: 27820K(28032K)->27820K(28032K) Class: 3278K(3456K)->3278K(3456K)
[45.052s][info][gc             ] GC(1219) Pause Full (Allocation Failure) 494M->452M(494M) 17.448ms
[45.052s][info][gc,cpu         ] GC(1219) User=0.02s Sys=0.00s Real=0.02s
[45.063s][info][gc,start       ] GC(1220) Pause Full (Allocation Failure)
[45.063s][info][gc,phases,start] GC(1220) Phase 1: Mark live objects
[45.071s][info][gc,phases      ] GC(1220) Phase 1: Mark live objects 7.989ms
[45.071s][info][gc,phases,start] GC(1220) Phase 2: Compute new object addresses
[45.074s][info][gc,phases      ] GC(1220) Phase 2: Compute new object addresses 2.768ms
[45.074s][info][gc,phases,start] GC(1220) Phase 3: Adjust pointers
[45.084s][info][gc,phases      ] GC(1220) Phase 3: Adjust pointers 10.311ms
[45.084s][info][gc,phases,start] GC(1220) Phase 4: Move objects
[45.085s][info][gc,phases      ] GC(1220) Phase 4: Move objects 0.899ms
[45.085s][info][gc,heap        ] GC(1220) DefNew: 156622K(157248K)->113730K(157248K) Eden: 139776K(139776K)->113730K(139776K) From: 16846K(17472K)->0K(17472K)
[45.085s][info][gc,heap        ] GC(1220) Tenured: 349552K(349568K)->349552K(349568K)
[45.085s][info][gc,metaspace   ] GC(1220) Metaspace: 31099K(31488K)->31099K(31488K) NonClass: 27820K(28032K)->27820K(28032K) Class: 3278K(3456K)->3278K(3456K)
[45.085s][info][gc             ] GC(1220) Pause Full (Allocation Failure) 494M->452M(494M) 22.398ms
[45.085s][info][gc,cpu         ] GC(1220) User=0.03s Sys=0.00s Real=0.03s
[45.097s][info][gc,start       ] GC(1221) Pause Full (Allocation Failure)
[45.097s][info][gc,phases,start] GC(1221) Phase 1: Mark live objects
[45.107s][info][gc,phases      ] GC(1221) Phase 1: Mark live objects 9.681ms
[45.107s][info][gc,phases,start] GC(1221) Phase 2: Compute new object addresses
[45.110s][info][gc,phases      ] GC(1221) Phase 2: Compute new object addresses 3.109ms
[45.110s][info][gc,phases,start] GC(1221) Phase 3: Adjust pointers
[45.117s][info][gc,phases      ] GC(1221) Phase 3: Adjust pointers 6.274ms
[45.117s][info][gc,phases,start] GC(1221) Phase 4: Move objects
[45.119s][info][gc,phases      ] GC(1221) Phase 4: Move objects 1.964ms
[45.119s][info][gc,heap        ] GC(1221) DefNew: 157248K(157248K)->124259K(157248K) Eden: 139776K(139776K)->124259K(139776K) From: 17472K(17472K)->0K(17472K)
[45.119s][info][gc,heap        ] GC(1221) Tenured: 349567K(349568K)->349567K(349568K)
[45.119s][info][gc,metaspace   ] GC(1221) Metaspace: 31099K(31488K)->31099K(31488K) NonClass: 27820K(28032K)->27820K(28032K) Class: 3278K(3456K)->3278K(3456K)
[45.119s][info][gc             ] GC(1221) Pause Full (Allocation Failure) 494M->462M(494M) 21.489ms
[45.119s][info][gc,cpu         ] GC(1221) User=0.02s Sys=0.00s Real=0.02s
[45.133s][info][gc,start       ] GC(1222) Pause Full (Allocation Failure)
[45.133s][info][gc,phases,start] GC(1222) Phase 1: Mark live objects
[45.142s][info][gc,phases      ] GC(1222) Phase 1: Mark live objects 8.874ms
[45.142s][info][gc,phases,start] GC(1222) Phase 2: Compute new object addresses
[45.145s][info][gc,phases      ] GC(1222) Phase 2: Compute new object addresses 2.860ms
[45.145s][info][gc,phases,start] GC(1222) Phase 3: Adjust pointers
[45.152s][info][gc,phases      ] GC(1222) Phase 3: Adjust pointers 6.843ms
[45.152s][info][gc,phases,start] GC(1222) Phase 4: Move objects
[45.154s][info][gc,phases      ] GC(1222) Phase 4: Move objects 1.852ms
[45.154s][info][gc,heap        ] GC(1222) DefNew: 157097K(157248K)->125562K(157248K) Eden: 139776K(139776K)->125562K(139776K) From: 17321K(17472K)->0K(17472K)
[45.154s][info][gc,heap        ] GC(1222) Tenured: 349567K(349568K)->349567K(349568K)
[45.154s][info][gc,metaspace   ] GC(1222) Metaspace: 31099K(31488K)->31099K(31488K) NonClass: 27820K(28032K)->27820K(28032K) Class: 3278K(3456K)->3278K(3456K)
[45.154s][info][gc             ] GC(1222) Pause Full (Allocation Failure) 494M->463M(494M) 20.975ms
[45.154s][info][gc,cpu         ] GC(1222) User=0.02s Sys=0.00s Real=0.02s
[45.164s][info][gc,start       ] GC(1223) Pause Full (Allocation Failure)
[45.165s][info][gc,phases,start] GC(1223) Phase 1: Mark live objects
[45.173s][info][gc,phases      ] GC(1223) Phase 1: Mark live objects 8.052ms
[45.173s][info][gc,phases,start] GC(1223) Phase 2: Compute new object addresses
[45.175s][info][gc,phases      ] GC(1223) Phase 2: Compute new object addresses 2.731ms
[45.175s][info][gc,phases,start] GC(1223) Phase 3: Adjust pointers
[45.180s][info][gc,phases      ] GC(1223) Phase 3: Adjust pointers 5.137ms
[45.181s][info][gc,phases,start] GC(1223) Phase 4: Move objects
[45.182s][info][gc,phases      ] GC(1223) Phase 4: Move objects 1.459ms
[45.182s][info][gc,heap        ] GC(1223) DefNew: 157169K(157248K)->125034K(157248K) Eden: 139776K(139776K)->125034K(139776K) From: 17393K(17472K)->0K(17472K)
[45.182s][info][gc,heap        ] GC(1223) Tenured: 349567K(349568K)->349553K(349568K)
[45.182s][info][gc,metaspace   ] GC(1223) Metaspace: 31099K(31488K)->31099K(31488K) NonClass: 27820K(28032K)->27820K(28032K) Class: 3278K(3456K)->3278K(3456K)
[45.182s][info][gc             ] GC(1223) Pause Full (Allocation Failure) 494M->463M(494M) 17.760ms
[45.182s][info][gc,cpu         ] GC(1223) User=0.02s Sys=0.00s Real=0.01s
[45.194s][info][gc,start       ] GC(1224) Pause Full (Allocation Failure)
[45.195s][info][gc,phases,start] GC(1224) Phase 1: Mark live objects
[45.202s][info][gc,phases      ] GC(1224) Phase 1: Mark live objects 7.953ms
[45.203s][info][gc,phases,start] GC(1224) Phase 2: Compute new object addresses
[45.206s][info][gc,phases      ] GC(1224) Phase 2: Compute new object addresses 3.882ms
[45.206s][info][gc,phases,start] GC(1224) Phase 3: Adjust pointers
[45.213s][info][gc,phases      ] GC(1224) Phase 3: Adjust pointers 6.770ms
[45.213s][info][gc,phases,start] GC(1224) Phase 4: Move objects
[45.214s][info][gc,phases      ] GC(1224) Phase 4: Move objects 0.826ms
[45.214s][info][gc,heap        ] GC(1224) DefNew: 156819K(157248K)->125058K(157248K) Eden: 139776K(139776K)->125058K(139776K) From: 17043K(17472K)->0K(17472K)
[45.214s][info][gc,heap        ] GC(1224) Tenured: 349553K(349568K)->349553K(349568K)
[45.214s][info][gc,metaspace   ] GC(1224) Metaspace: 31099K(31488K)->31099K(31488K) NonClass: 27820K(28032K)->27820K(28032K) Class: 3278K(3456K)->3278K(3456K)
[45.214s][info][gc             ] GC(1224) Pause Full (Allocation Failure) 494M->463M(494M) 19.855ms
[45.214s][info][gc,cpu         ] GC(1224) User=0.02s Sys=0.00s Real=0.02s
[45.225s][info][gc,start       ] GC(1225) Pause Full (Allocation Failure)
[45.225s][info][gc,phases,start] GC(1225) Phase 1: Mark live objects
[45.234s][info][gc,phases      ] GC(1225) Phase 1: Mark live objects 8.827ms
[45.234s][info][gc,phases,start] GC(1225) Phase 2: Compute new object addresses
[45.237s][info][gc,phases      ] GC(1225) Phase 2: Compute new object addresses 2.641ms
[45.237s][info][gc,phases,start] GC(1225) Phase 3: Adjust pointers
[45.242s][info][gc,phases      ] GC(1225) Phase 3: Adjust pointers 5.351ms
[45.242s][info][gc,phases,start] GC(1225) Phase 4: Move objects
[45.243s][info][gc,phases      ] GC(1225) Phase 4: Move objects 0.822ms
[45.243s][info][gc,heap        ] GC(1225) DefNew: 156989K(157248K)->125840K(157248K) Eden: 139776K(139776K)->125840K(139776K) From: 17213K(17472K)->0K(17472K)
[45.243s][info][gc,heap        ] GC(1225) Tenured: 349553K(349568K)->349553K(349568K)
[45.243s][info][gc,metaspace   ] GC(1225) Metaspace: 31099K(31488K)->31099K(31488K) NonClass: 27820K(28032K)->27820K(28032K) Class: 3278K(3456K)->3278K(3456K)
[45.243s][info][gc             ] GC(1225) Pause Full (Allocation Failure) 494M->464M(494M) 18.019ms
[45.243s][info][gc,cpu         ] GC(1225) User=0.02s Sys=0.00s Real=0.01s
[45.257s][info][gc,start       ] GC(1226) Pause Full (Allocation Failure)
[45.257s][info][gc,phases,start] GC(1226) Phase 1: Mark live objects
[45.266s][info][gc,phases      ] GC(1226) Phase 1: Mark live objects 9.011ms
[45.266s][info][gc,phases,start] GC(1226) Phase 2: Compute new object addresses
[45.269s][info][gc,phases      ] GC(1226) Phase 2: Compute new object addresses 2.770ms
[45.269s][info][gc,phases,start] GC(1226) Phase 3: Adjust pointers
[45.274s][info][gc,phases      ] GC(1226) Phase 3: Adjust pointers 5.655ms
[45.275s][info][gc,phases,start] GC(1226) Phase 4: Move objects
[45.275s][info][gc,phases      ] GC(1226) Phase 4: Move objects 0.961ms
[45.276s][info][gc,heap        ] GC(1226) DefNew: 157182K(157248K)->126217K(157248K) Eden: 139776K(139776K)->126217K(139776K) From: 17406K(17472K)->0K(17472K)
[45.276s][info][gc,heap        ] GC(1226) Tenured: 349553K(349568K)->349553K(349568K)
[45.276s][info][gc,metaspace   ] GC(1226) Metaspace: 31099K(31488K)->31099K(31488K) NonClass: 27820K(28032K)->27820K(28032K) Class: 3278K(3456K)->3278K(3456K)
[45.276s][info][gc             ] GC(1226) Pause Full (Allocation Failure) 494M->464M(494M) 18.814ms
[45.276s][info][gc,cpu         ] GC(1226) User=0.02s Sys=0.00s Real=0.01s
[45.288s][info][gc,start       ] GC(1227) Pause Full (Allocation Failure)
[45.288s][info][gc,phases,start] GC(1227) Phase 1: Mark live objects
[45.296s][info][gc,phases      ] GC(1227) Phase 1: Mark live objects 8.051ms
[45.296s][info][gc,phases,start] GC(1227) Phase 2: Compute new object addresses
[45.299s][info][gc,phases      ] GC(1227) Phase 2: Compute new object addresses 2.699ms
[45.299s][info][gc,phases,start] GC(1227) Phase 3: Adjust pointers
[45.304s][info][gc,phases      ] GC(1227) Phase 3: Adjust pointers 5.293ms
[45.304s][info][gc,phases,start] GC(1227) Phase 4: Move objects
[45.306s][info][gc,phases      ] GC(1227) Phase 4: Move objects 1.631ms
[45.306s][info][gc,heap        ] GC(1227) DefNew: 156834K(157248K)->124453K(157248K) Eden: 139776K(139776K)->124453K(139776K) From: 17058K(17472K)->0K(17472K)
[45.306s][info][gc,heap        ] GC(1227) Tenured: 349553K(349568K)->349552K(349568K)
[45.306s][info][gc,metaspace   ] GC(1227) Metaspace: 31099K(31488K)->31099K(31488K) NonClass: 27820K(28032K)->27820K(28032K) Class: 3278K(3456K)->3278K(3456K)
[45.306s][info][gc             ] GC(1227) Pause Full (Allocation Failure) 494M->462M(494M) 18.050ms
[45.306s][info][gc,cpu         ] GC(1227) User=0.02s Sys=0.00s Real=0.02s
[45.317s][info][gc,start       ] GC(1228) Pause Full (Allocation Failure)
[45.317s][info][gc,phases,start] GC(1228) Phase 1: Mark live objects
[45.326s][info][gc,phases      ] GC(1228) Phase 1: Mark live objects 8.854ms
[45.326s][info][gc,phases,start] GC(1228) Phase 2: Compute new object addresses
[45.329s][info][gc,phases      ] GC(1228) Phase 2: Compute new object addresses 3.251ms
[45.329s][info][gc,phases,start] GC(1228) Phase 3: Adjust pointers
[45.335s][info][gc,phases      ] GC(1228) Phase 3: Adjust pointers 6.089ms
[45.335s][info][gc,phases,start] GC(1228) Phase 4: Move objects
[45.336s][info][gc,phases      ] GC(1228) Phase 4: Move objects 0.593ms
[45.336s][info][gc,heap        ] GC(1228) DefNew: 157247K(157248K)->123592K(157248K) Eden: 139776K(139776K)->123592K(139776K) From: 17471K(17472K)->0K(17472K)
[45.336s][info][gc,heap        ] GC(1228) Tenured: 349559K(349568K)->349559K(349568K)
[45.336s][info][gc,metaspace   ] GC(1228) Metaspace: 31099K(31488K)->31099K(31488K) NonClass: 27820K(28032K)->27820K(28032K) Class: 3278K(3456K)->3278K(3456K)
[45.336s][info][gc             ] GC(1228) Pause Full (Allocation Failure) 494M->462M(494M) 19.181ms
[45.336s][info][gc,cpu         ] GC(1228) User=0.02s Sys=0.00s Real=0.02s
[45.348s][info][gc,start       ] GC(1229) Pause Full (Allocation Failure)
[45.348s][info][gc,phases,start] GC(1229) Phase 1: Mark live objects
[45.356s][info][gc,phases      ] GC(1229) Phase 1: Mark live objects 8.267ms
[45.356s][info][gc,phases,start] GC(1229) Phase 2: Compute new object addresses
[45.359s][info][gc,phases      ] GC(1229) Phase 2: Compute new object addresses 2.527ms
[45.359s][info][gc,phases,start] GC(1229) Phase 3: Adjust pointers
[45.364s][info][gc,phases      ] GC(1229) Phase 3: Adjust pointers 5.082ms
[45.364s][info][gc,phases,start] GC(1229) Phase 4: Move objects
[45.365s][info][gc,phases      ] GC(1229) Phase 4: Move objects 0.691ms
[45.365s][info][gc,heap        ] GC(1229) DefNew: 157102K(157248K)->124971K(157248K) Eden: 139776K(139776K)->124971K(139776K) From: 17326K(17472K)->0K(17472K)
[45.365s][info][gc,heap        ] GC(1229) Tenured: 349559K(349568K)->349559K(349568K)
[45.365s][info][gc,metaspace   ] GC(1229) Metaspace: 31099K(31488K)->31099K(31488K) NonClass: 27820K(28032K)->27820K(28032K) Class: 3278K(3456K)->3278K(3456K)
[45.365s][info][gc             ] GC(1229) Pause Full (Allocation Failure) 494M->463M(494M) 16.973ms
[45.365s][info][gc,cpu         ] GC(1229) User=0.02s Sys=0.00s Real=0.02s
[45.378s][info][gc,start       ] GC(1230) Pause Full (Allocation Failure)
[45.378s][info][gc,phases,start] GC(1230) Phase 1: Mark live objects
[45.386s][info][gc,phases      ] GC(1230) Phase 1: Mark live objects 7.821ms
[45.386s][info][gc,phases,start] GC(1230) Phase 2: Compute new object addresses
[45.388s][info][gc,phases      ] GC(1230) Phase 2: Compute new object addresses 2.559ms
[45.388s][info][gc,phases,start] GC(1230) Phase 3: Adjust pointers
[45.393s][info][gc,phases      ] GC(1230) Phase 3: Adjust pointers 5.272ms
[45.394s][info][gc,phases,start] GC(1230) Phase 4: Move objects
[45.394s][info][gc,phases      ] GC(1230) Phase 4: Move objects 0.710ms
[45.394s][info][gc,heap        ] GC(1230) DefNew: 157219K(157248K)->124863K(157248K) Eden: 139776K(139776K)->124863K(139776K) From: 17443K(17472K)->0K(17472K)
[45.394s][info][gc,heap        ] GC(1230) Tenured: 349559K(349568K)->349559K(349568K)
[45.394s][info][gc,metaspace   ] GC(1230) Metaspace: 31099K(31488K)->31099K(31488K) NonClass: 27820K(28032K)->27820K(28032K) Class: 3278K(3456K)->3278K(3456K)
[45.394s][info][gc             ] GC(1230) Pause Full (Allocation Failure) 494M->463M(494M) 16.694ms
[45.394s][info][gc,cpu         ] GC(1230) User=0.02s Sys=0.00s Real=0.01s
[45.408s][info][gc,start       ] GC(1231) Pause Full (Allocation Failure)
[45.408s][info][gc,phases,start] GC(1231) Phase 1: Mark live objects
[45.415s][info][gc,phases      ] GC(1231) Phase 1: Mark live objects 7.839ms
[45.415s][info][gc,phases,start] GC(1231) Phase 2: Compute new object addresses
[45.418s][info][gc,phases      ] GC(1231) Phase 2: Compute new object addresses 2.630ms
[45.418s][info][gc,phases,start] GC(1231) Phase 3: Adjust pointers
[45.424s][info][gc,phases      ] GC(1231) Phase 3: Adjust pointers 5.448ms
[45.424s][info][gc,phases,start] GC(1231) Phase 4: Move objects
[45.425s][info][gc,phases      ] GC(1231) Phase 4: Move objects 0.876ms
[45.425s][info][gc,heap        ] GC(1231) DefNew: 157234K(157248K)->125397K(157248K) Eden: 139776K(139776K)->125397K(139776K) From: 17458K(17472K)->0K(17472K)
[45.425s][info][gc,heap        ] GC(1231) Tenured: 349559K(349568K)->349552K(349568K)
[45.425s][info][gc,metaspace   ] GC(1231) Metaspace: 31099K(31488K)->31099K(31488K) NonClass: 27820K(28032K)->27820K(28032K) Class: 3278K(3456K)->3278K(3456K)
[45.425s][info][gc             ] GC(1231) Pause Full (Allocation Failure) 494M->463M(494M) 17.169ms
[45.425s][info][gc,cpu         ] GC(1231) User=0.02s Sys=0.00s Real=0.02s
[45.435s][info][gc,start       ] GC(1232) Pause Full (Allocation Failure)
[45.435s][info][gc,phases,start] GC(1232) Phase 1: Mark live objects
[45.443s][info][gc,phases      ] GC(1232) Phase 1: Mark live objects 8.003ms
[45.443s][info][gc,phases,start] GC(1232) Phase 2: Compute new object addresses
[45.446s][info][gc,phases      ] GC(1232) Phase 2: Compute new object addresses 2.715ms
[45.446s][info][gc,phases,start] GC(1232) Phase 3: Adjust pointers
[45.451s][info][gc,phases      ] GC(1232) Phase 3: Adjust pointers 5.356ms
[45.452s][info][gc,phases,start] GC(1232) Phase 4: Move objects
[45.452s][info][gc,phases      ] GC(1232) Phase 4: Move objects 0.610ms
[45.452s][info][gc,heap        ] GC(1232) DefNew: 156339K(157248K)->123167K(157248K) Eden: 139776K(139776K)->123167K(139776K) From: 16563K(17472K)->0K(17472K)
[45.452s][info][gc,heap        ] GC(1232) Tenured: 349552K(349568K)->349552K(349568K)
[45.452s][info][gc,metaspace   ] GC(1232) Metaspace: 31099K(31488K)->31099K(31488K) NonClass: 27820K(28032K)->27820K(28032K) Class: 3278K(3456K)->3278K(3456K)
[45.452s][info][gc             ] GC(1232) Pause Full (Allocation Failure) 494M->461M(494M) 17.050ms
[45.452s][info][gc,cpu         ] GC(1232) User=0.02s Sys=0.00s Real=0.02s
[45.463s][info][gc,start       ] GC(1233) Pause Full (Allocation Failure)
[45.463s][info][gc,phases,start] GC(1233) Phase 1: Mark live objects
[45.471s][info][gc,phases      ] GC(1233) Phase 1: Mark live objects 7.865ms
[45.471s][info][gc,phases,start] GC(1233) Phase 2: Compute new object addresses
[45.474s][info][gc,phases      ] GC(1233) Phase 2: Compute new object addresses 2.539ms
[45.474s][info][gc,phases,start] GC(1233) Phase 3: Adjust pointers
[45.479s][info][gc,phases      ] GC(1233) Phase 3: Adjust pointers 5.136ms
[45.479s][info][gc,phases,start] GC(1233) Phase 4: Move objects
[45.480s][info][gc,phases      ] GC(1233) Phase 4: Move objects 0.640ms
[45.480s][info][gc,heap        ] GC(1233) DefNew: 156893K(157248K)->123694K(157248K) Eden: 139776K(139776K)->123694K(139776K) From: 17117K(17472K)->0K(17472K)
[45.480s][info][gc,heap        ] GC(1233) Tenured: 349552K(349568K)->349552K(349568K)
[45.480s][info][gc,metaspace   ] GC(1233) Metaspace: 31099K(31488K)->31099K(31488K) NonClass: 27820K(28032K)->27820K(28032K) Class: 3278K(3456K)->3278K(3456K)
[45.480s][info][gc             ] GC(1233) Pause Full (Allocation Failure) 494M->462M(494M) 16.533ms
[45.480s][info][gc,cpu         ] GC(1233) User=0.02s Sys=0.00s Real=0.02s
[45.490s][info][gc,start       ] GC(1234) Pause Full (Allocation Failure)
[45.490s][info][gc,phases,start] GC(1234) Phase 1: Mark live objects
[45.498s][info][gc,phases      ] GC(1234) Phase 1: Mark live objects 8.003ms
[45.498s][info][gc,phases,start] GC(1234) Phase 2: Compute new object addresses
[45.501s][info][gc,phases      ] GC(1234) Phase 2: Compute new object addresses 2.558ms
[45.501s][info][gc,phases,start] GC(1234) Phase 3: Adjust pointers
[45.506s][info][gc,phases      ] GC(1234) Phase 3: Adjust pointers 5.287ms
[45.506s][info][gc,phases,start] GC(1234) Phase 4: Move objects
[45.507s][info][gc,phases      ] GC(1234) Phase 4: Move objects 0.595ms
[45.507s][info][gc,heap        ] GC(1234) DefNew: 156657K(157248K)->124228K(157248K) Eden: 139776K(139776K)->124228K(139776K) From: 16881K(17472K)->0K(17472K)
[45.507s][info][gc,heap        ] GC(1234) Tenured: 349552K(349568K)->349552K(349568K)
[45.507s][info][gc,metaspace   ] GC(1234) Metaspace: 31099K(31488K)->31099K(31488K) NonClass: 27820K(28032K)->27820K(28032K) Class: 3278K(3456K)->3278K(3456K)
[45.507s][info][gc             ] GC(1234) Pause Full (Allocation Failure) 494M->462M(494M) 16.775ms
[45.507s][info][gc,cpu         ] GC(1234) User=0.02s Sys=0.00s Real=0.02s
[45.518s][info][gc,start       ] GC(1235) Pause Full (Allocation Failure)
[45.518s][info][gc,phases,start] GC(1235) Phase 1: Mark live objects
[45.525s][info][gc,phases      ] GC(1235) Phase 1: Mark live objects 7.843ms
[45.525s][info][gc,phases,start] GC(1235) Phase 2: Compute new object addresses
[45.529s][info][gc,phases      ] GC(1235) Phase 2: Compute new object addresses 3.147ms
[45.529s][info][gc,phases,start] GC(1235) Phase 3: Adjust pointers
[45.535s][info][gc,phases      ] GC(1235) Phase 3: Adjust pointers 6.106ms
[45.535s][info][gc,phases,start] GC(1235) Phase 4: Move objects
[45.535s][info][gc,phases      ] GC(1235) Phase 4: Move objects 0.684ms
[45.536s][info][gc,heap        ] GC(1235) DefNew: 157152K(157248K)->124399K(157248K) Eden: 139776K(139776K)->124399K(139776K) From: 17376K(17472K)->0K(17472K)
[45.536s][info][gc,heap        ] GC(1235) Tenured: 349552K(349568K)->349552K(349568K)
[45.536s][info][gc,metaspace   ] GC(1235) Metaspace: 31099K(31488K)->31099K(31488K) NonClass: 27820K(28032K)->27820K(28032K) Class: 3278K(3456K)->3278K(3456K)
[45.536s][info][gc             ] GC(1235) Pause Full (Allocation Failure) 494M->462M(494M) 18.144ms
[45.536s][info][gc,cpu         ] GC(1235) User=0.01s Sys=0.00s Real=0.01s
[45.547s][info][gc,start       ] GC(1236) Pause Full (Allocation Failure)
[45.548s][info][gc,phases,start] GC(1236) Phase 1: Mark live objects
[45.556s][info][gc,phases      ] GC(1236) Phase 1: Mark live objects 8.294ms
[45.556s][info][gc,phases,start] GC(1236) Phase 2: Compute new object addresses
[45.558s][info][gc,phases      ] GC(1236) Phase 2: Compute new object addresses 2.511ms
[45.558s][info][gc,phases,start] GC(1236) Phase 3: Adjust pointers
[45.563s][info][gc,phases      ] GC(1236) Phase 3: Adjust pointers 4.967ms
[45.563s][info][gc,phases,start] GC(1236) Phase 4: Move objects
[45.564s][info][gc,phases      ] GC(1236) Phase 4: Move objects 0.711ms
[45.564s][info][gc,heap        ] GC(1236) DefNew: 156856K(157248K)->125198K(157248K) Eden: 139776K(139776K)->125198K(139776K) From: 17080K(17472K)->0K(17472K)
[45.564s][info][gc,heap        ] GC(1236) Tenured: 349552K(349568K)->349552K(349568K)
[45.564s][info][gc,metaspace   ] GC(1236) Metaspace: 31099K(31488K)->31099K(31488K) NonClass: 27820K(28032K)->27820K(28032K) Class: 3278K(3456K)->3278K(3456K)
[45.564s][info][gc             ] GC(1236) Pause Full (Allocation Failure) 494M->463M(494M) 16.828ms
[45.564s][info][gc,cpu         ] GC(1236) User=0.01s Sys=0.00s Real=0.02s
[45.575s][info][gc,start       ] GC(1237) Pause Full (Allocation Failure)
[45.575s][info][gc,phases,start] GC(1237) Phase 1: Mark live objects
[45.582s][info][gc,phases      ] GC(1237) Phase 1: Mark live objects 7.724ms
[45.583s][info][gc,phases,start] GC(1237) Phase 2: Compute new object addresses
[45.585s][info][gc,phases      ] GC(1237) Phase 2: Compute new object addresses 2.616ms
[45.585s][info][gc,phases,start] GC(1237) Phase 3: Adjust pointers
[45.591s][info][gc,phases      ] GC(1237) Phase 3: Adjust pointers 5.381ms
[45.591s][info][gc,phases,start] GC(1237) Phase 4: Move objects
[45.591s][info][gc,phases      ] GC(1237) Phase 4: Move objects 0.562ms
[45.591s][info][gc,heap        ] GC(1237) DefNew: 156691K(157248K)->122960K(157248K) Eden: 139776K(139776K)->122960K(139776K) From: 16915K(17472K)->0K(17472K)
[45.591s][info][gc,heap        ] GC(1237) Tenured: 349552K(349568K)->349552K(349568K)
[45.591s][info][gc,metaspace   ] GC(1237) Metaspace: 31099K(31488K)->31099K(31488K) NonClass: 27820K(28032K)->27820K(28032K) Class: 3278K(3456K)->3278K(3456K)
[45.591s][info][gc             ] GC(1237) Pause Full (Allocation Failure) 494M->461M(494M) 16.630ms
[45.591s][info][gc,cpu         ] GC(1237) User=0.01s Sys=0.00s Real=0.02s
[45.604s][info][gc,start       ] GC(1238) Pause Full (Allocation Failure)
[45.604s][info][gc,phases,start] GC(1238) Phase 1: Mark live objects
[45.612s][info][gc,phases      ] GC(1238) Phase 1: Mark live objects 8.051ms
[45.612s][info][gc,phases,start] GC(1238) Phase 2: Compute new object addresses
[45.615s][info][gc,phases      ] GC(1238) Phase 2: Compute new object addresses 2.731ms
[45.615s][info][gc,phases,start] GC(1238) Phase 3: Adjust pointers
[45.620s][info][gc,phases      ] GC(1238) Phase 3: Adjust pointers 5.498ms
[45.620s][info][gc,phases,start] GC(1238) Phase 4: Move objects
[45.621s][info][gc,phases      ] GC(1238) Phase 4: Move objects 0.793ms
[45.621s][info][gc,heap        ] GC(1238) DefNew: 157118K(157248K)->124967K(157248K) Eden: 139776K(139776K)->124967K(139776K) From: 17342K(17472K)->0K(17472K)
[45.621s][info][gc,heap        ] GC(1238) Tenured: 349552K(349568K)->349552K(349568K)
[45.621s][info][gc,metaspace   ] GC(1238) Metaspace: 31099K(31488K)->31099K(31488K) NonClass: 27820K(28032K)->27820K(28032K) Class: 3278K(3456K)->3278K(3456K)
[45.621s][info][gc             ] GC(1238) Pause Full (Allocation Failure) 494M->463M(494M) 17.434ms
[45.621s][info][gc,cpu         ] GC(1238) User=0.02s Sys=0.00s Real=0.01s
[45.632s][info][gc,start       ] GC(1239) Pause Full (Allocation Failure)
[45.632s][info][gc,phases,start] GC(1239) Phase 1: Mark live objects
[45.640s][info][gc,phases      ] GC(1239) Phase 1: Mark live objects 7.677ms
[45.640s][info][gc,phases,start] GC(1239) Phase 2: Compute new object addresses
[45.642s][info][gc,phases      ] GC(1239) Phase 2: Compute new object addresses 2.482ms
[45.642s][info][gc,phases,start] GC(1239) Phase 3: Adjust pointers
[45.648s][info][gc,phases      ] GC(1239) Phase 3: Adjust pointers 5.058ms
[45.648s][info][gc,phases,start] GC(1239) Phase 4: Move objects
[45.648s][info][gc,phases      ] GC(1239) Phase 4: Move objects 0.775ms
[45.648s][info][gc,heap        ] GC(1239) DefNew: 157190K(157248K)->125241K(157248K) Eden: 139776K(139776K)->125241K(139776K) From: 17414K(17472K)->0K(17472K)
[45.649s][info][gc,heap        ] GC(1239) Tenured: 349552K(349568K)->349552K(349568K)
[45.649s][info][gc,metaspace   ] GC(1239) Metaspace: 31099K(31488K)->31099K(31488K) NonClass: 27820K(28032K)->27820K(28032K) Class: 3278K(3456K)->3278K(3456K)
[45.649s][info][gc             ] GC(1239) Pause Full (Allocation Failure) 494M->463M(494M) 16.356ms
[45.649s][info][gc,cpu         ] GC(1239) User=0.02s Sys=0.00s Real=0.02s
[45.662s][info][gc,start       ] GC(1240) Pause Full (Allocation Failure)
[45.662s][info][gc,phases,start] GC(1240) Phase 1: Mark live objects
[45.669s][info][gc,phases      ] GC(1240) Phase 1: Mark live objects 7.899ms
[45.670s][info][gc,phases,start] GC(1240) Phase 2: Compute new object addresses
[45.672s][info][gc,phases      ] GC(1240) Phase 2: Compute new object addresses 2.567ms
[45.672s][info][gc,phases,start] GC(1240) Phase 3: Adjust pointers
[45.677s][info][gc,phases      ] GC(1240) Phase 3: Adjust pointers 4.956ms
[45.677s][info][gc,phases,start] GC(1240) Phase 4: Move objects
[45.678s][info][gc,phases      ] GC(1240) Phase 4: Move objects 0.705ms
[45.678s][info][gc,heap        ] GC(1240) DefNew: 157164K(157248K)->124872K(157248K) Eden: 139776K(139776K)->124872K(139776K) From: 17388K(17472K)->0K(17472K)
[45.678s][info][gc,heap        ] GC(1240) Tenured: 349552K(349568K)->349552K(349568K)
[45.678s][info][gc,metaspace   ] GC(1240) Metaspace: 31099K(31488K)->31099K(31488K) NonClass: 27820K(28032K)->27820K(28032K) Class: 3278K(3456K)->3278K(3456K)
[45.678s][info][gc             ] GC(1240) Pause Full (Allocation Failure) 494M->463M(494M) 16.453ms
[45.678s][info][gc,cpu         ] GC(1240) User=0.01s Sys=0.00s Real=0.02s
[45.689s][info][gc,start       ] GC(1241) Pause Full (Allocation Failure)
[45.689s][info][gc,phases,start] GC(1241) Phase 1: Mark live objects
[45.696s][info][gc,phases      ] GC(1241) Phase 1: Mark live objects 7.715ms
[45.696s][info][gc,phases,start] GC(1241) Phase 2: Compute new object addresses
[45.699s][info][gc,phases      ] GC(1241) Phase 2: Compute new object addresses 2.394ms
[45.699s][info][gc,phases,start] GC(1241) Phase 3: Adjust pointers
[45.704s][info][gc,phases      ] GC(1241) Phase 3: Adjust pointers 4.839ms
[45.704s][info][gc,phases,start] GC(1241) Phase 4: Move objects
[45.704s][info][gc,phases      ] GC(1241) Phase 4: Move objects 0.558ms
[45.704s][info][gc,heap        ] GC(1241) DefNew: 157247K(157248K)->123592K(157248K) Eden: 139776K(139776K)->123592K(139776K) From: 17471K(17472K)->0K(17472K)
[45.704s][info][gc,heap        ] GC(1241) Tenured: 349552K(349568K)->349552K(349568K)
[45.704s][info][gc,metaspace   ] GC(1241) Metaspace: 31099K(31488K)->31099K(31488K) NonClass: 27820K(28032K)->27820K(28032K) Class: 3278K(3456K)->3278K(3456K)
[45.704s][info][gc             ] GC(1241) Pause Full (Allocation Failure) 494M->462M(494M) 15.818ms
[45.704s][info][gc,cpu         ] GC(1241) User=0.01s Sys=0.00s Real=0.02s
[45.715s][info][gc,start       ] GC(1242) Pause Full (Allocation Failure)
[45.715s][info][gc,phases,start] GC(1242) Phase 1: Mark live objects
[45.723s][info][gc,phases      ] GC(1242) Phase 1: Mark live objects 7.721ms
[45.723s][info][gc,phases,start] GC(1242) Phase 2: Compute new object addresses
[45.726s][info][gc,phases      ] GC(1242) Phase 2: Compute new object addresses 2.518ms
[45.726s][info][gc,phases,start] GC(1242) Phase 3: Adjust pointers
[45.731s][info][gc,phases      ] GC(1242) Phase 3: Adjust pointers 5.046ms
[45.731s][info][gc,phases,start] GC(1242) Phase 4: Move objects
[45.732s][info][gc,phases      ] GC(1242) Phase 4: Move objects 0.781ms
[45.732s][info][gc,heap        ] GC(1242) DefNew: 157247K(157248K)->125325K(157248K) Eden: 139775K(139776K)->125325K(139776K) From: 17472K(17472K)->0K(17472K)
[45.732s][info][gc,heap        ] GC(1242) Tenured: 349567K(349568K)->349567K(349568K)
[45.732s][info][gc,metaspace   ] GC(1242) Metaspace: 31099K(31488K)->31099K(31488K) NonClass: 27820K(28032K)->27820K(28032K) Class: 3278K(3456K)->3278K(3456K)
[45.732s][info][gc             ] GC(1242) Pause Full (Allocation Failure) 494M->463M(494M) 16.480ms
[45.732s][info][gc,cpu         ] GC(1242) User=0.02s Sys=0.00s Real=0.02s
[45.743s][info][gc,start       ] GC(1243) Pause Full (Allocation Failure)
[45.743s][info][gc,phases,start] GC(1243) Phase 1: Mark live objects
[45.750s][info][gc,phases      ] GC(1243) Phase 1: Mark live objects 7.866ms
[45.750s][info][gc,phases,start] GC(1243) Phase 2: Compute new object addresses
[45.753s][info][gc,phases      ] GC(1243) Phase 2: Compute new object addresses 2.533ms
[45.753s][info][gc,phases,start] GC(1243) Phase 3: Adjust pointers
[45.761s][info][gc,phases      ] GC(1243) Phase 3: Adjust pointers 7.495ms
[45.761s][info][gc,phases,start] GC(1243) Phase 4: Move objects
[45.761s][info][gc,phases      ] GC(1243) Phase 4: Move objects 0.815ms
[45.762s][info][gc,heap        ] GC(1243) DefNew: 156905K(157248K)->124321K(157248K) Eden: 139776K(139776K)->124321K(139776K) From: 17129K(17472K)->0K(17472K)
[45.762s][info][gc,heap        ] GC(1243) Tenured: 349567K(349568K)->349553K(349568K)
[45.762s][info][gc,metaspace   ] GC(1243) Metaspace: 31099K(31488K)->31099K(31488K) NonClass: 27820K(28032K)->27820K(28032K) Class: 3278K(3456K)->3278K(3456K)
[45.762s][info][gc             ] GC(1243) Pause Full (Allocation Failure) 494M->462M(494M) 19.095ms
[45.762s][info][gc,cpu         ] GC(1243) User=0.02s Sys=0.00s Real=0.02s
[45.776s][info][gc,start       ] GC(1244) Pause Full (Allocation Failure)
[45.777s][info][gc,phases,start] GC(1244) Phase 1: Mark live objects
[45.786s][info][gc,phases      ] GC(1244) Phase 1: Mark live objects 9.212ms
[45.786s][info][gc,phases,start] GC(1244) Phase 2: Compute new object addresses
[45.789s][info][gc,phases      ] GC(1244) Phase 2: Compute new object addresses 3.074ms
[45.789s][info][gc,phases,start] GC(1244) Phase 3: Adjust pointers
[45.795s][info][gc,phases      ] GC(1244) Phase 3: Adjust pointers 5.857ms
[45.795s][info][gc,phases,start] GC(1244) Phase 4: Move objects
[45.796s][info][gc,phases      ] GC(1244) Phase 4: Move objects 0.864ms
[45.796s][info][gc,heap        ] GC(1244) DefNew: 157212K(157248K)->125739K(157248K) Eden: 139776K(139776K)->125739K(139776K) From: 17436K(17472K)->0K(17472K)
[45.796s][info][gc,heap        ] GC(1244) Tenured: 349553K(349568K)->349553K(349568K)
[45.796s][info][gc,metaspace   ] GC(1244) Metaspace: 31099K(31488K)->31099K(31488K) NonClass: 27820K(28032K)->27820K(28032K) Class: 3278K(3456K)->3278K(3456K)
[45.796s][info][gc             ] GC(1244) Pause Full (Allocation Failure) 494M->464M(494M) 19.400ms
[45.796s][info][gc,cpu         ] GC(1244) User=0.02s Sys=0.00s Real=0.02s
[45.808s][info][gc,start       ] GC(1245) Pause Full (Allocation Failure)
[45.808s][info][gc,phases,start] GC(1245) Phase 1: Mark live objects
[45.816s][info][gc,phases      ] GC(1245) Phase 1: Mark live objects 8.270ms
[45.816s][info][gc,phases,start] GC(1245) Phase 2: Compute new object addresses
[45.819s][info][gc,phases      ] GC(1245) Phase 2: Compute new object addresses 2.716ms
[45.819s][info][gc,phases,start] GC(1245) Phase 3: Adjust pointers
[45.825s][info][gc,phases      ] GC(1245) Phase 3: Adjust pointers 5.789ms
[45.825s][info][gc,phases,start] GC(1245) Phase 4: Move objects
[45.826s][info][gc,phases      ] GC(1245) Phase 4: Move objects 0.774ms
[45.826s][info][gc,heap        ] GC(1245) DefNew: 157170K(157248K)->124979K(157248K) Eden: 139776K(139776K)->124979K(139776K) From: 17394K(17472K)->0K(17472K)
[45.826s][info][gc,heap        ] GC(1245) Tenured: 349553K(349568K)->349553K(349568K)
[45.826s][info][gc,metaspace   ] GC(1245) Metaspace: 31099K(31488K)->31099K(31488K) NonClass: 27820K(28032K)->27820K(28032K) Class: 3278K(3456K)->3278K(3456K)
[45.826s][info][gc             ] GC(1245) Pause Full (Allocation Failure) 494M->463M(494M) 17.931ms
[45.826s][info][gc,cpu         ] GC(1245) User=0.02s Sys=0.00s Real=0.02s
[45.837s][info][gc,start       ] GC(1246) Pause Full (Allocation Failure)
[45.837s][info][gc,phases,start] GC(1246) Phase 1: Mark live objects
[45.846s][info][gc,phases      ] GC(1246) Phase 1: Mark live objects 8.479ms
[45.846s][info][gc,phases,start] GC(1246) Phase 2: Compute new object addresses
[45.849s][info][gc,phases      ] GC(1246) Phase 2: Compute new object addresses 3.012ms
[45.849s][info][gc,phases,start] GC(1246) Phase 3: Adjust pointers
[45.855s][info][gc,phases      ] GC(1246) Phase 3: Adjust pointers 6.022ms
[45.855s][info][gc,phases,start] GC(1246) Phase 4: Move objects
[45.856s][info][gc,phases      ] GC(1246) Phase 4: Move objects 0.769ms
[45.856s][info][gc,heap        ] GC(1246) DefNew: 157181K(157248K)->125126K(157248K) Eden: 139776K(139776K)->125126K(139776K) From: 17405K(17472K)->0K(17472K)
[45.856s][info][gc,heap        ] GC(1246) Tenured: 349553K(349568K)->349553K(349568K)
[45.856s][info][gc,metaspace   ] GC(1246) Metaspace: 31099K(31488K)->31099K(31488K) NonClass: 27820K(28032K)->27820K(28032K) Class: 3278K(3456K)->3278K(3456K)
[45.856s][info][gc             ] GC(1246) Pause Full (Allocation Failure) 494M->463M(494M) 18.692ms
[45.856s][info][gc,cpu         ] GC(1246) User=0.02s Sys=0.00s Real=0.02s
[45.869s][info][gc,start       ] GC(1247) Pause Full (Allocation Failure)
[45.869s][info][gc,phases,start] GC(1247) Phase 1: Mark live objects
[45.878s][info][gc,phases      ] GC(1247) Phase 1: Mark live objects 8.680ms
[45.878s][info][gc,phases,start] GC(1247) Phase 2: Compute new object addresses
[45.881s][info][gc,phases      ] GC(1247) Phase 2: Compute new object addresses 2.835ms
[45.881s][info][gc,phases,start] GC(1247) Phase 3: Adjust pointers
[45.887s][info][gc,phases      ] GC(1247) Phase 3: Adjust pointers 6.268ms
[45.887s][info][gc,phases,start] GC(1247) Phase 4: Move objects
[45.888s][info][gc,phases      ] GC(1247) Phase 4: Move objects 0.860ms
[45.888s][info][gc,heap        ] GC(1247) DefNew: 157173K(157248K)->125260K(157248K) Eden: 139776K(139776K)->125260K(139776K) From: 17397K(17472K)->0K(17472K)
[45.888s][info][gc,heap        ] GC(1247) Tenured: 349553K(349568K)->349552K(349568K)
[45.888s][info][gc,metaspace   ] GC(1247) Metaspace: 31099K(31488K)->31099K(31488K) NonClass: 27820K(28032K)->27820K(28032K) Class: 3278K(3456K)->3278K(3456K)
[45.888s][info][gc             ] GC(1247) Pause Full (Allocation Failure) 494M->463M(494M) 19.066ms
[45.888s][info][gc,cpu         ] GC(1247) User=0.01s Sys=0.01s Real=0.02s
[45.900s][info][gc,start       ] GC(1248) Pause Full (Allocation Failure)
[45.900s][info][gc,phases,start] GC(1248) Phase 1: Mark live objects
[45.909s][info][gc,phases      ] GC(1248) Phase 1: Mark live objects 8.752ms
[45.909s][info][gc,phases,start] GC(1248) Phase 2: Compute new object addresses
[45.912s][info][gc,phases      ] GC(1248) Phase 2: Compute new object addresses 3.004ms
[45.912s][info][gc,phases,start] GC(1248) Phase 3: Adjust pointers
[45.919s][info][gc,phases      ] GC(1248) Phase 3: Adjust pointers 6.383ms
[45.919s][info][gc,phases,start] GC(1248) Phase 4: Move objects
[45.920s][info][gc,phases      ] GC(1248) Phase 4: Move objects 0.992ms
[45.920s][info][gc,heap        ] GC(1248) DefNew: 156983K(157248K)->125966K(157248K) Eden: 139776K(139776K)->125966K(139776K) From: 17207K(17472K)->0K(17472K)
[45.920s][info][gc,heap        ] GC(1248) Tenured: 349552K(349568K)->349552K(349568K)
[45.920s][info][gc,metaspace   ] GC(1248) Metaspace: 31099K(31488K)->31099K(31488K) NonClass: 27820K(28032K)->27820K(28032K) Class: 3278K(3456K)->3278K(3456K)
[45.920s][info][gc             ] GC(1248) Pause Full (Allocation Failure) 494M->464M(494M) 19.524ms
[45.920s][info][gc,cpu         ] GC(1248) User=0.02s Sys=0.00s Real=0.02s
[45.936s][info][gc,start       ] GC(1249) Pause Full (Allocation Failure)
[45.936s][info][gc,phases,start] GC(1249) Phase 1: Mark live objects
[45.945s][info][gc,phases      ] GC(1249) Phase 1: Mark live objects 8.570ms
[45.945s][info][gc,phases,start] GC(1249) Phase 2: Compute new object addresses
[45.948s][info][gc,phases      ] GC(1249) Phase 2: Compute new object addresses 3.298ms
[45.948s][info][gc,phases,start] GC(1249) Phase 3: Adjust pointers
[45.954s][info][gc,phases      ] GC(1249) Phase 3: Adjust pointers 6.086ms
[45.954s][info][gc,phases,start] GC(1249) Phase 4: Move objects
[45.955s][info][gc,phases      ] GC(1249) Phase 4: Move objects 0.812ms
[45.955s][info][gc,heap        ] GC(1249) DefNew: 157034K(157248K)->125212K(157248K) Eden: 139776K(139776K)->125212K(139776K) From: 17258K(17472K)->0K(17472K)
[45.955s][info][gc,heap        ] GC(1249) Tenured: 349552K(349568K)->349552K(349568K)
[45.955s][info][gc,metaspace   ] GC(1249) Metaspace: 31099K(31488K)->31099K(31488K) NonClass: 27820K(28032K)->27820K(28032K) Class: 3278K(3456K)->3278K(3456K)
[45.955s][info][gc             ] GC(1249) Pause Full (Allocation Failure) 494M->463M(494M) 19.175ms
[45.955s][info][gc,cpu         ] GC(1249) User=0.02s Sys=0.00s Real=0.01s
[45.967s][info][gc,start       ] GC(1250) Pause Full (Allocation Failure)
[45.967s][info][gc,phases,start] GC(1250) Phase 1: Mark live objects
[45.976s][info][gc,phases      ] GC(1250) Phase 1: Mark live objects 8.758ms
[45.976s][info][gc,phases,start] GC(1250) Phase 2: Compute new object addresses
[45.979s][info][gc,phases      ] GC(1250) Phase 2: Compute new object addresses 2.789ms
[45.979s][info][gc,phases,start] GC(1250) Phase 3: Adjust pointers
[45.985s][info][gc,phases      ] GC(1250) Phase 3: Adjust pointers 6.031ms
[45.985s][info][gc,phases,start] GC(1250) Phase 4: Move objects
[45.986s][info][gc,phases      ] GC(1250) Phase 4: Move objects 0.807ms
[45.986s][info][gc,heap        ] GC(1250) DefNew: 157213K(157248K)->125222K(157248K) Eden: 139776K(139776K)->125222K(139776K) From: 17437K(17472K)->0K(17472K)
[45.986s][info][gc,heap        ] GC(1250) Tenured: 349552K(349568K)->349552K(349568K)
[45.986s][info][gc,metaspace   ] GC(1250) Metaspace: 31099K(31488K)->31099K(31488K) NonClass: 27820K(28032K)->27820K(28032K) Class: 3278K(3456K)->3278K(3456K)
[45.986s][info][gc             ] GC(1250) Pause Full (Allocation Failure) 494M->463M(494M) 18.751ms
[45.986s][info][gc,cpu         ] GC(1250) User=0.02s Sys=0.00s Real=0.02s
[46.002s][info][gc,start       ] GC(1251) Pause Full (Allocation Failure)
[46.002s][info][gc,phases,start] GC(1251) Phase 1: Mark live objects
[46.011s][info][gc,phases      ] GC(1251) Phase 1: Mark live objects 8.434ms
[46.011s][info][gc,phases,start] GC(1251) Phase 2: Compute new object addresses
[46.014s][info][gc,phases      ] GC(1251) Phase 2: Compute new object addresses 3.261ms
[46.014s][info][gc,phases,start] GC(1251) Phase 3: Adjust pointers
[46.020s][info][gc,phases      ] GC(1251) Phase 3: Adjust pointers 6.211ms
[46.020s][info][gc,phases,start] GC(1251) Phase 4: Move objects
[46.023s][info][gc,phases      ] GC(1251) Phase 4: Move objects 2.819ms
[46.023s][info][gc,heap        ] GC(1251) DefNew: 156795K(157248K)->124890K(157248K) Eden: 139776K(139776K)->124890K(139776K) From: 17019K(17472K)->0K(17472K)
[46.023s][info][gc,heap        ] GC(1251) Tenured: 349552K(349568K)->349552K(349568K)
[46.023s][info][gc,metaspace   ] GC(1251) Metaspace: 31099K(31488K)->31099K(31488K) NonClass: 27820K(28032K)->27820K(28032K) Class: 3278K(3456K)->3278K(3456K)
[46.023s][info][gc             ] GC(1251) Pause Full (Allocation Failure) 494M->463M(494M) 21.141ms
[46.023s][info][gc,cpu         ] GC(1251) User=0.02s Sys=0.00s Real=0.02s
[46.034s][info][gc,start       ] GC(1252) Pause Full (Allocation Failure)
[46.034s][info][gc,phases,start] GC(1252) Phase 1: Mark live objects
[46.042s][info][gc,phases      ] GC(1252) Phase 1: Mark live objects 8.549ms
[46.042s][info][gc,phases,start] GC(1252) Phase 2: Compute new object addresses
[46.045s][info][gc,phases      ] GC(1252) Phase 2: Compute new object addresses 2.596ms
[46.045s][info][gc,phases,start] GC(1252) Phase 3: Adjust pointers
[46.051s][info][gc,phases      ] GC(1252) Phase 3: Adjust pointers 5.442ms
[46.051s][info][gc,phases,start] GC(1252) Phase 4: Move objects
[46.052s][info][gc,phases      ] GC(1252) Phase 4: Move objects 0.903ms
[46.052s][info][gc,heap        ] GC(1252) DefNew: 157006K(157248K)->125713K(157248K) Eden: 139776K(139776K)->125713K(139776K) From: 17230K(17472K)->0K(17472K)
[46.052s][info][gc,heap        ] GC(1252) Tenured: 349552K(349568K)->349552K(349568K)
[46.052s][info][gc,metaspace   ] GC(1252) Metaspace: 31099K(31488K)->31099K(31488K) NonClass: 27820K(28032K)->27820K(28032K) Class: 3278K(3456K)->3278K(3456K)
[46.052s][info][gc             ] GC(1252) Pause Full (Allocation Failure) 494M->464M(494M) 17.907ms
[46.052s][info][gc,cpu         ] GC(1252) User=0.02s Sys=0.00s Real=0.02s
[46.063s][info][gc,start       ] GC(1253) Pause Full (Allocation Failure)
[46.063s][info][gc,phases,start] GC(1253) Phase 1: Mark live objects
[46.071s][info][gc,phases      ] GC(1253) Phase 1: Mark live objects 8.176ms
[46.071s][info][gc,phases,start] GC(1253) Phase 2: Compute new object addresses
[46.074s][info][gc,phases      ] GC(1253) Phase 2: Compute new object addresses 2.783ms
[46.074s][info][gc,phases,start] GC(1253) Phase 3: Adjust pointers
[46.080s][info][gc,phases      ] GC(1253) Phase 3: Adjust pointers 5.538ms
[46.080s][info][gc,phases,start] GC(1253) Phase 4: Move objects
[46.081s][info][gc,phases      ] GC(1253) Phase 4: Move objects 0.815ms
[46.081s][info][gc,heap        ] GC(1253) DefNew: 157220K(157248K)->125500K(157248K) Eden: 139775K(139776K)->125500K(139776K) From: 17444K(17472K)->0K(17472K)
[46.081s][info][gc,heap        ] GC(1253) Tenured: 349552K(349568K)->349552K(349568K)
[46.081s][info][gc,metaspace   ] GC(1253) Metaspace: 31099K(31488K)->31099K(31488K) NonClass: 27820K(28032K)->27820K(28032K) Class: 3278K(3456K)->3278K(3456K)
[46.081s][info][gc             ] GC(1253) Pause Full (Allocation Failure) 494M->463M(494M) 17.689ms
[46.081s][info][gc,cpu         ] GC(1253) User=0.01s Sys=0.00s Real=0.02s
[46.091s][info][gc,start       ] GC(1254) Pause Full (Allocation Failure)
[46.091s][info][gc,phases,start] GC(1254) Phase 1: Mark live objects
[46.100s][info][gc,phases      ] GC(1254) Phase 1: Mark live objects 9.000ms
[46.100s][info][gc,phases,start] GC(1254) Phase 2: Compute new object addresses
[46.103s][info][gc,phases      ] GC(1254) Phase 2: Compute new object addresses 2.994ms
[46.103s][info][gc,phases,start] GC(1254) Phase 3: Adjust pointers
[46.110s][info][gc,phases      ] GC(1254) Phase 3: Adjust pointers 6.692ms
[46.110s][info][gc,phases,start] GC(1254) Phase 4: Move objects
[46.112s][info][gc,phases      ] GC(1254) Phase 4: Move objects 1.613ms
[46.112s][info][gc,heap        ] GC(1254) DefNew: 157221K(157248K)->133721K(157248K) Eden: 139776K(139776K)->133721K(139776K) From: 17445K(17472K)->0K(17472K)
[46.112s][info][gc,heap        ] GC(1254) Tenured: 349552K(349568K)->349552K(349568K)
[46.112s][info][gc,metaspace   ] GC(1254) Metaspace: 31100K(31488K)->31100K(31488K) NonClass: 27821K(28032K)->27821K(28032K) Class: 3278K(3456K)->3278K(3456K)
[46.112s][info][gc             ] GC(1254) Pause Full (Allocation Failure) 494M->471M(494M) 20.795ms
[46.112s][info][gc,cpu         ] GC(1254) User=0.01s Sys=0.01s Real=0.02s
[46.122s][info][gc,start       ] GC(1255) Pause Full (Allocation Failure)
[46.123s][info][gc,phases,start] GC(1255) Phase 1: Mark live objects
[46.136s][info][gc,phases      ] GC(1255) Phase 1: Mark live objects 13.467ms
[46.136s][info][gc,phases,start] GC(1255) Phase 2: Compute new object addresses
[46.139s][info][gc,phases      ] GC(1255) Phase 2: Compute new object addresses 2.795ms
[46.139s][info][gc,phases,start] GC(1255) Phase 3: Adjust pointers
[46.146s][info][gc,phases      ] GC(1255) Phase 3: Adjust pointers 6.889ms
[46.146s][info][gc,phases,start] GC(1255) Phase 4: Move objects
[46.173s][info][gc,phases      ] GC(1255) Phase 4: Move objects 26.716ms
[46.173s][info][gc,heap        ] GC(1255) DefNew: 157223K(157248K)->133976K(157248K) Eden: 139776K(139776K)->133976K(139776K) From: 17447K(17472K)->0K(17472K)
[46.173s][info][gc,heap        ] GC(1255) Tenured: 349552K(349568K)->348906K(349568K)
[46.173s][info][gc,metaspace   ] GC(1255) Metaspace: 31101K(31488K)->30990K(31488K) NonClass: 27822K(28032K)->27735K(28032K) Class: 3278K(3456K)->3254K(3456K)
[46.173s][info][gc             ] GC(1255) Pause Full (Allocation Failure) 494M->471M(494M) 50.464ms
[46.173s][info][gc,cpu         ] GC(1255) User=0.05s Sys=0.00s Real=0.05s
[46.184s][info][gc,start       ] GC(1256) Pause Full (Allocation Failure)
[46.184s][info][gc,phases,start] GC(1256) Phase 1: Mark live objects
[46.192s][info][gc,phases      ] GC(1256) Phase 1: Mark live objects 8.580ms
[46.192s][info][gc,phases,start] GC(1256) Phase 2: Compute new object addresses
[46.195s][info][gc,phases      ] GC(1256) Phase 2: Compute new object addresses 2.684ms
[46.195s][info][gc,phases,start] GC(1256) Phase 3: Adjust pointers
[46.200s][info][gc,phases      ] GC(1256) Phase 3: Adjust pointers 5.017ms
[46.200s][info][gc,phases,start] GC(1256) Phase 4: Move objects
[46.201s][info][gc,phases      ] GC(1256) Phase 4: Move objects 1.177ms
[46.201s][info][gc,heap        ] GC(1256) DefNew: 156428K(157248K)->134131K(157248K) Eden: 139776K(139776K)->134131K(139776K) From: 16652K(17472K)->0K(17472K)
[46.201s][info][gc,heap        ] GC(1256) Tenured: 348906K(349568K)->348906K(349568K)
[46.201s][info][gc,metaspace   ] GC(1256) Metaspace: 30990K(31488K)->30990K(31488K) NonClass: 27735K(28032K)->27735K(28032K) Class: 3254K(3456K)->3254K(3456K)
[46.201s][info][gc             ] GC(1256) Pause Full (Allocation Failure) 493M->471M(494M) 17.813ms
[46.201s][info][gc,cpu         ] GC(1256) User=0.02s Sys=0.00s Real=0.02s
[46.212s][info][gc,start       ] GC(1257) Pause Full (Allocation Failure)
[46.212s][info][gc,phases,start] GC(1257) Phase 1: Mark live objects
[46.220s][info][gc,phases      ] GC(1257) Phase 1: Mark live objects 7.781ms
[46.220s][info][gc,phases,start] GC(1257) Phase 2: Compute new object addresses
[46.222s][info][gc,phases      ] GC(1257) Phase 2: Compute new object addresses 2.626ms
[46.222s][info][gc,phases,start] GC(1257) Phase 3: Adjust pointers
[46.227s][info][gc,phases      ] GC(1257) Phase 3: Adjust pointers 5.161ms
[46.228s][info][gc,phases,start] GC(1257) Phase 4: Move objects
[46.229s][info][gc,phases      ] GC(1257) Phase 4: Move objects 1.449ms
[46.229s][info][gc,heap        ] GC(1257) DefNew: 156942K(157248K)->133927K(157248K) Eden: 139776K(139776K)->133927K(139776K) From: 17166K(17472K)->0K(17472K)
[46.229s][info][gc,heap        ] GC(1257) Tenured: 348906K(349568K)->348906K(349568K)
[46.229s][info][gc,metaspace   ] GC(1257) Metaspace: 30990K(31488K)->30990K(31488K) NonClass: 27735K(28032K)->27735K(28032K) Class: 3254K(3456K)->3254K(3456K)
[46.229s][info][gc             ] GC(1257) Pause Full (Allocation Failure) 493M->471M(494M) 17.381ms
[46.229s][info][gc,cpu         ] GC(1257) User=0.02s Sys=0.00s Real=0.02s
[46.240s][info][gc,start       ] GC(1258) Pause Full (Allocation Failure)
[46.240s][info][gc,phases,start] GC(1258) Phase 1: Mark live objects
[46.248s][info][gc,phases      ] GC(1258) Phase 1: Mark live objects 8.483ms
[46.248s][info][gc,phases,start] GC(1258) Phase 2: Compute new object addresses
[46.251s][info][gc,phases      ] GC(1258) Phase 2: Compute new object addresses 2.585ms
[46.251s][info][gc,phases,start] GC(1258) Phase 3: Adjust pointers
[46.256s][info][gc,phases      ] GC(1258) Phase 3: Adjust pointers 5.287ms
[46.256s][info][gc,phases,start] GC(1258) Phase 4: Move objects
[46.258s][info][gc,phases      ] GC(1258) Phase 4: Move objects 1.290ms
[46.258s][info][gc,heap        ] GC(1258) DefNew: 156460K(157248K)->134088K(157248K) Eden: 139776K(139776K)->134088K(139776K) From: 16684K(17472K)->0K(17472K)
[46.258s][info][gc,heap        ] GC(1258) Tenured: 348906K(349568K)->348906K(349568K)
[46.258s][info][gc,metaspace   ] GC(1258) Metaspace: 30990K(31488K)->30990K(31488K) NonClass: 27735K(28032K)->27735K(28032K) Class: 3254K(3456K)->3254K(3456K)
[46.258s][info][gc             ] GC(1258) Pause Full (Allocation Failure) 493M->471M(494M) 18.017ms
[46.258s][info][gc,cpu         ] GC(1258) User=0.02s Sys=0.00s Real=0.02s
[46.267s][info][gc,start       ] GC(1259) Pause Full (Allocation Failure)
[46.267s][info][gc,phases,start] GC(1259) Phase 1: Mark live objects
[46.276s][info][gc,phases      ] GC(1259) Phase 1: Mark live objects 8.877ms
[46.276s][info][gc,phases,start] GC(1259) Phase 2: Compute new object addresses
[46.279s][info][gc,phases      ] GC(1259) Phase 2: Compute new object addresses 2.917ms
[46.279s][info][gc,phases,start] GC(1259) Phase 3: Adjust pointers
[46.286s][info][gc,phases      ] GC(1259) Phase 3: Adjust pointers 6.623ms
[46.286s][info][gc,phases,start] GC(1259) Phase 4: Move objects
[46.310s][info][gc,phases      ] GC(1259) Phase 4: Move objects 24.065ms
[46.310s][info][gc,heap        ] GC(1259) DefNew: 157201K(157248K)->134600K(157248K) Eden: 139776K(139776K)->134600K(139776K) From: 17425K(17472K)->0K(17472K)
[46.310s][info][gc,heap        ] GC(1259) Tenured: 349418K(349568K)->349416K(349568K)
[46.310s][info][gc,metaspace   ] GC(1259) Metaspace: 30990K(31488K)->30990K(31488K) NonClass: 27735K(28032K)->27735K(28032K) Class: 3254K(3456K)->3254K(3456K)
[46.310s][info][gc             ] GC(1259) Pause Full (Allocation Failure) 494M->472M(494M) 42.967ms
[46.310s][info][gc,cpu         ] GC(1259) User=0.05s Sys=0.00s Real=0.04s
[46.321s][info][gc,start       ] GC(1260) Pause Full (Allocation Failure)
[46.321s][info][gc,phases,start] GC(1260) Phase 1: Mark live objects
[46.329s][info][gc,phases      ] GC(1260) Phase 1: Mark live objects 7.883ms
[46.329s][info][gc,phases,start] GC(1260) Phase 2: Compute new object addresses
[46.331s][info][gc,phases      ] GC(1260) Phase 2: Compute new object addresses 2.329ms
[46.331s][info][gc,phases,start] GC(1260) Phase 3: Adjust pointers
[46.336s][info][gc,phases      ] GC(1260) Phase 3: Adjust pointers 5.069ms
[46.336s][info][gc,phases,start] GC(1260) Phase 4: Move objects
[46.339s][info][gc,phases      ] GC(1260) Phase 4: Move objects 2.892ms
[46.339s][info][gc,heap        ] GC(1260) DefNew: 157205K(157248K)->135196K(157248K) Eden: 139776K(139776K)->135196K(139776K) From: 17429K(17472K)->0K(17472K)
[46.339s][info][gc,heap        ] GC(1260) Tenured: 349416K(349568K)->349416K(349568K)
[46.339s][info][gc,metaspace   ] GC(1260) Metaspace: 30990K(31488K)->30990K(31488K) NonClass: 27735K(28032K)->27735K(28032K) Class: 3254K(3456K)->3254K(3456K)
[46.339s][info][gc             ] GC(1260) Pause Full (Allocation Failure) 494M->473M(494M) 18.555ms
[46.339s][info][gc,cpu         ] GC(1260) User=0.02s Sys=0.00s Real=0.02s
[46.353s][info][gc,start       ] GC(1261) Pause Full (Allocation Failure)
[46.353s][info][gc,phases,start] GC(1261) Phase 1: Mark live objects
[46.364s][info][gc,phases      ] GC(1261) Phase 1: Mark live objects 10.387ms
[46.364s][info][gc,phases,start] GC(1261) Phase 2: Compute new object addresses
[46.366s][info][gc,phases      ] GC(1261) Phase 2: Compute new object addresses 2.279ms
[46.366s][info][gc,phases,start] GC(1261) Phase 3: Adjust pointers
[46.371s][info][gc,phases      ] GC(1261) Phase 3: Adjust pointers 4.951ms
[46.371s][info][gc,phases,start] GC(1261) Phase 4: Move objects
[46.372s][info][gc,phases      ] GC(1261) Phase 4: Move objects 1.293ms
[46.372s][info][gc,heap        ] GC(1261) DefNew: 156915K(157248K)->134532K(157248K) Eden: 139775K(139776K)->134532K(139776K) From: 17139K(17472K)->0K(17472K)
[46.372s][info][gc,heap        ] GC(1261) Tenured: 349416K(349568K)->349416K(349568K)
[46.372s][info][gc,metaspace   ] GC(1261) Metaspace: 30990K(31488K)->30980K(31488K) NonClass: 27735K(28032K)->27727K(28032K) Class: 3254K(3456K)->3253K(3456K)
[46.372s][info][gc             ] GC(1261) Pause Full (Allocation Failure) 494M->472M(494M) 19.289ms
[46.373s][info][gc,cpu         ] GC(1261) User=0.02s Sys=0.00s Real=0.02s
[46.383s][info][gc,start       ] GC(1262) Pause Full (Allocation Failure)
[46.383s][info][gc,phases,start] GC(1262) Phase 1: Mark live objects
[46.390s][info][gc,phases      ] GC(1262) Phase 1: Mark live objects 7.447ms
[46.390s][info][gc,phases,start] GC(1262) Phase 2: Compute new object addresses
[46.393s][info][gc,phases      ] GC(1262) Phase 2: Compute new object addresses 2.388ms
[46.393s][info][gc,phases,start] GC(1262) Phase 3: Adjust pointers
[46.398s][info][gc,phases      ] GC(1262) Phase 3: Adjust pointers 4.861ms
[46.398s][info][gc,phases,start] GC(1262) Phase 4: Move objects
[46.398s][info][gc,phases      ] GC(1262) Phase 4: Move objects 0.490ms
[46.398s][info][gc,heap        ] GC(1262) DefNew: 157062K(157248K)->132290K(157248K) Eden: 139776K(139776K)->132290K(139776K) From: 17286K(17472K)->0K(17472K)
[46.398s][info][gc,heap        ] GC(1262) Tenured: 349416K(349568K)->349416K(349568K)
[46.398s][info][gc,metaspace   ] GC(1262) Metaspace: 30980K(31488K)->30980K(31488K) NonClass: 27727K(28032K)->27727K(28032K) Class: 3253K(3456K)->3253K(3456K)
[46.398s][info][gc             ] GC(1262) Pause Full (Allocation Failure) 494M->470M(494M) 15.565ms
[46.398s][info][gc,cpu         ] GC(1262) User=0.01s Sys=0.00s Real=0.02s
[46.409s][info][gc,start       ] GC(1263) Pause Full (Allocation Failure)
[46.409s][info][gc,phases,start] GC(1263) Phase 1: Mark live objects
[46.417s][info][gc,phases      ] GC(1263) Phase 1: Mark live objects 7.610ms
[46.417s][info][gc,phases,start] GC(1263) Phase 2: Compute new object addresses
[46.419s][info][gc,phases      ] GC(1263) Phase 2: Compute new object addresses 2.303ms
[46.419s][info][gc,phases,start] GC(1263) Phase 3: Adjust pointers
[46.424s][info][gc,phases      ] GC(1263) Phase 3: Adjust pointers 5.104ms
[46.424s][info][gc,phases,start] GC(1263) Phase 4: Move objects
[46.447s][info][gc,phases      ] GC(1263) Phase 4: Move objects 22.137ms
[46.447s][info][gc,heap        ] GC(1263) DefNew: 157031K(157248K)->133132K(157248K) Eden: 139776K(139776K)->133132K(139776K) From: 17255K(17472K)->0K(17472K)
[46.447s][info][gc,heap        ] GC(1263) Tenured: 349416K(349568K)->348889K(349568K)
[46.447s][info][gc,metaspace   ] GC(1263) Metaspace: 30980K(31488K)->30980K(31488K) NonClass: 27727K(28032K)->27727K(28032K) Class: 3253K(3456K)->3253K(3456K)
[46.447s][info][gc             ] GC(1263) Pause Full (Allocation Failure) 494M->470M(494M) 37.625ms
[46.447s][info][gc,cpu         ] GC(1263) User=0.04s Sys=0.00s Real=0.04s
[46.458s][info][gc,start       ] GC(1264) Pause Full (Allocation Failure)
[46.458s][info][gc,phases,start] GC(1264) Phase 1: Mark live objects
[46.466s][info][gc,phases      ] GC(1264) Phase 1: Mark live objects 8.403ms
[46.466s][info][gc,phases,start] GC(1264) Phase 2: Compute new object addresses
[46.469s][info][gc,phases      ] GC(1264) Phase 2: Compute new object addresses 2.496ms
[46.469s][info][gc,phases,start] GC(1264) Phase 3: Adjust pointers
[46.474s][info][gc,phases      ] GC(1264) Phase 3: Adjust pointers 5.241ms
[46.474s][info][gc,phases,start] GC(1264) Phase 4: Move objects
[46.475s][info][gc,phases      ] GC(1264) Phase 4: Move objects 1.298ms
[46.475s][info][gc,heap        ] GC(1264) DefNew: 157235K(157248K)->134688K(157248K) Eden: 139776K(139776K)->134688K(139776K) From: 17459K(17472K)->0K(17472K)
[46.475s][info][gc,heap        ] GC(1264) Tenured: 349402K(349568K)->349402K(349568K)
[46.476s][info][gc,metaspace   ] GC(1264) Metaspace: 30980K(31488K)->30980K(31488K) NonClass: 27727K(28032K)->27727K(28032K) Class: 3253K(3456K)->3253K(3456K)
[46.476s][info][gc             ] GC(1264) Pause Full (Allocation Failure) 494M->472M(494M) 17.780ms
[46.476s][info][gc,cpu         ] GC(1264) User=0.02s Sys=0.00s Real=0.01s
[46.486s][info][gc,start       ] GC(1265) Pause Full (Allocation Failure)
[46.486s][info][gc,phases,start] GC(1265) Phase 1: Mark live objects
[46.494s][info][gc,phases      ] GC(1265) Phase 1: Mark live objects 8.017ms
[46.494s][info][gc,phases,start] GC(1265) Phase 2: Compute new object addresses
[46.497s][info][gc,phases      ] GC(1265) Phase 2: Compute new object addresses 2.421ms
[46.497s][info][gc,phases,start] GC(1265) Phase 3: Adjust pointers
[46.502s][info][gc,phases      ] GC(1265) Phase 3: Adjust pointers 5.228ms
[46.502s][info][gc,phases,start] GC(1265) Phase 4: Move objects
[46.502s][info][gc,phases      ] GC(1265) Phase 4: Move objects 0.548ms
[46.503s][info][gc,heap        ] GC(1265) DefNew: 156448K(157248K)->133435K(157248K) Eden: 139776K(139776K)->133435K(139776K) From: 16672K(17472K)->0K(17472K)
[46.503s][info][gc,heap        ] GC(1265) Tenured: 349402K(349568K)->349402K(349568K)
[46.503s][info][gc,metaspace   ] GC(1265) Metaspace: 30980K(31488K)->30980K(31488K) NonClass: 27727K(28032K)->27727K(28032K) Class: 3253K(3456K)->3253K(3456K)
[46.503s][info][gc             ] GC(1265) Pause Full (Allocation Failure) 493M->471M(494M) 16.584ms
[46.503s][info][gc,cpu         ] GC(1265) User=0.02s Sys=0.00s Real=0.01s
[46.513s][info][gc,start       ] GC(1266) Pause Full (Allocation Failure)
[46.513s][info][gc,phases,start] GC(1266) Phase 1: Mark live objects
[46.521s][info][gc,phases      ] GC(1266) Phase 1: Mark live objects 7.415ms
[46.521s][info][gc,phases,start] GC(1266) Phase 2: Compute new object addresses
[46.523s][info][gc,phases      ] GC(1266) Phase 2: Compute new object addresses 2.221ms
[46.523s][info][gc,phases,start] GC(1266) Phase 3: Adjust pointers
[46.528s][info][gc,phases      ] GC(1266) Phase 3: Adjust pointers 4.673ms
[46.528s][info][gc,phases,start] GC(1266) Phase 4: Move objects
[46.528s][info][gc,phases      ] GC(1266) Phase 4: Move objects 0.525ms
[46.528s][info][gc,heap        ] GC(1266) DefNew: 156444K(157248K)->133703K(157248K) Eden: 139776K(139776K)->133703K(139776K) From: 16668K(17472K)->0K(17472K)
[46.528s][info][gc,heap        ] GC(1266) Tenured: 349402K(349568K)->349402K(349568K)
[46.528s][info][gc,metaspace   ] GC(1266) Metaspace: 30980K(31488K)->30980K(31488K) NonClass: 27727K(28032K)->27727K(28032K) Class: 3253K(3456K)->3253K(3456K)
[46.528s][info][gc             ] GC(1266) Pause Full (Allocation Failure) 493M->471M(494M) 15.184ms
[46.528s][info][gc,cpu         ] GC(1266) User=0.02s Sys=0.01s Real=0.02s
[46.541s][info][gc,start       ] GC(1267) Pause Full (Allocation Failure)
[46.541s][info][gc,phases,start] GC(1267) Phase 1: Mark live objects
[46.549s][info][gc,phases      ] GC(1267) Phase 1: Mark live objects 7.328ms
[46.549s][info][gc,phases,start] GC(1267) Phase 2: Compute new object addresses
[46.551s][info][gc,phases      ] GC(1267) Phase 2: Compute new object addresses 2.252ms
[46.551s][info][gc,phases,start] GC(1267) Phase 3: Adjust pointers
[46.556s][info][gc,phases      ] GC(1267) Phase 3: Adjust pointers 4.789ms
[46.556s][info][gc,phases,start] GC(1267) Phase 4: Move objects
[46.556s][info][gc,phases      ] GC(1267) Phase 4: Move objects 0.646ms
[46.557s][info][gc,heap        ] GC(1267) DefNew: 157087K(157248K)->134493K(157248K) Eden: 139776K(139776K)->134493K(139776K) From: 17311K(17472K)->0K(17472K)
[46.557s][info][gc,heap        ] GC(1267) Tenured: 349402K(349568K)->348889K(349568K)
[46.557s][info][gc,metaspace   ] GC(1267) Metaspace: 30980K(31488K)->30980K(31488K) NonClass: 27727K(28032K)->27727K(28032K) Class: 3253K(3456K)->3253K(3456K)
[46.557s][info][gc             ] GC(1267) Pause Full (Allocation Failure) 494M->472M(494M) 15.327ms
[46.557s][info][gc,cpu         ] GC(1267) User=0.01s Sys=0.00s Real=0.02s
[46.567s][info][gc,start       ] GC(1268) Pause Full (Allocation Failure)
[46.567s][info][gc,phases,start] GC(1268) Phase 1: Mark live objects
[46.574s][info][gc,phases      ] GC(1268) Phase 1: Mark live objects 7.322ms
[46.574s][info][gc,phases,start] GC(1268) Phase 2: Compute new object addresses
[46.577s][info][gc,phases      ] GC(1268) Phase 2: Compute new object addresses 2.259ms
[46.577s][info][gc,phases,start] GC(1268) Phase 3: Adjust pointers
[46.581s][info][gc,phases      ] GC(1268) Phase 3: Adjust pointers 4.714ms
[46.581s][info][gc,phases,start] GC(1268) Phase 4: Move objects
[46.582s][info][gc,phases      ] GC(1268) Phase 4: Move objects 0.453ms
[46.582s][info][gc,heap        ] GC(1268) DefNew: 157247K(157248K)->132216K(157248K) Eden: 139776K(139776K)->132216K(139776K) From: 17471K(17472K)->0K(17472K)
[46.582s][info][gc,heap        ] GC(1268) Tenured: 348889K(349568K)->348889K(349568K)
[46.582s][info][gc,metaspace   ] GC(1268) Metaspace: 30980K(31488K)->30980K(31488K) NonClass: 27727K(28032K)->27727K(28032K) Class: 3253K(3456K)->3253K(3456K)
[46.582s][info][gc             ] GC(1268) Pause Full (Allocation Failure) 494M->469M(494M) 15.042ms
[46.582s][info][gc,cpu         ] GC(1268) User=0.01s Sys=0.00s Real=0.01s
[46.592s][info][gc,start       ] GC(1269) Pause Full (Allocation Failure)
[46.592s][info][gc,phases,start] GC(1269) Phase 1: Mark live objects
[46.600s][info][gc,phases      ] GC(1269) Phase 1: Mark live objects 7.553ms
[46.600s][info][gc,phases,start] GC(1269) Phase 2: Compute new object addresses
[46.603s][info][gc,phases      ] GC(1269) Phase 2: Compute new object addresses 2.492ms
[46.603s][info][gc,phases,start] GC(1269) Phase 3: Adjust pointers
[46.608s][info][gc,phases      ] GC(1269) Phase 3: Adjust pointers 5.060ms
[46.608s][info][gc,phases,start] GC(1269) Phase 4: Move objects
[46.608s][info][gc,phases      ] GC(1269) Phase 4: Move objects 0.555ms
[46.608s][info][gc,heap        ] GC(1269) DefNew: 156369K(157248K)->133148K(157248K) Eden: 139776K(139776K)->133148K(139776K) From: 16593K(17472K)->0K(17472K)
[46.608s][info][gc,heap        ] GC(1269) Tenured: 348889K(349568K)->348889K(349568K)
[46.608s][info][gc,metaspace   ] GC(1269) Metaspace: 30980K(31488K)->30980K(31488K) NonClass: 27727K(28032K)->27727K(28032K) Class: 3253K(3456K)->3253K(3456K)
[46.608s][info][gc             ] GC(1269) Pause Full (Allocation Failure) 493M->470M(494M) 15.997ms
[46.608s][info][gc,cpu         ] GC(1269) User=0.02s Sys=0.00s Real=0.02s
[46.622s][info][gc,start       ] GC(1270) Pause Full (Allocation Failure)
[46.622s][info][gc,phases,start] GC(1270) Phase 1: Mark live objects
[46.630s][info][gc,phases      ] GC(1270) Phase 1: Mark live objects 8.388ms
[46.630s][info][gc,phases,start] GC(1270) Phase 2: Compute new object addresses
[46.633s][info][gc,phases      ] GC(1270) Phase 2: Compute new object addresses 2.623ms
[46.633s][info][gc,phases,start] GC(1270) Phase 3: Adjust pointers
[46.638s][info][gc,phases      ] GC(1270) Phase 3: Adjust pointers 5.304ms
[46.638s][info][gc,phases,start] GC(1270) Phase 4: Move objects
[46.639s][info][gc,phases      ] GC(1270) Phase 4: Move objects 0.602ms
[46.639s][info][gc,heap        ] GC(1270) DefNew: 156905K(157248K)->133669K(157248K) Eden: 139776K(139776K)->133669K(139776K) From: 17129K(17472K)->0K(17472K)
[46.639s][info][gc,heap        ] GC(1270) Tenured: 348889K(349568K)->348889K(349568K)
[46.639s][info][gc,metaspace   ] GC(1270) Metaspace: 30980K(31488K)->30980K(31488K) NonClass: 27727K(28032K)->27727K(28032K) Class: 3253K(3456K)->3253K(3456K)
[46.639s][info][gc             ] GC(1270) Pause Full (Allocation Failure) 493M->471M(494M) 17.279ms
[46.639s][info][gc,cpu         ] GC(1270) User=0.02s Sys=0.00s Real=0.02s
[46.649s][info][gc,start       ] GC(1271) Pause Full (Allocation Failure)
[46.649s][info][gc,phases,start] GC(1271) Phase 1: Mark live objects
[46.657s][info][gc,phases      ] GC(1271) Phase 1: Mark live objects 7.926ms
[46.657s][info][gc,phases,start] GC(1271) Phase 2: Compute new object addresses
[46.660s][info][gc,phases      ] GC(1271) Phase 2: Compute new object addresses 2.666ms
[46.660s][info][gc,phases,start] GC(1271) Phase 3: Adjust pointers
[46.666s][info][gc,phases      ] GC(1271) Phase 3: Adjust pointers 5.471ms
[46.666s][info][gc,phases,start] GC(1271) Phase 4: Move objects
[46.666s][info][gc,phases      ] GC(1271) Phase 4: Move objects 0.510ms
[46.666s][info][gc,heap        ] GC(1271) DefNew: 157137K(157248K)->132925K(157248K) Eden: 139776K(139776K)->132925K(139776K) From: 17361K(17472K)->0K(17472K)
[46.666s][info][gc,heap        ] GC(1271) Tenured: 349146K(349568K)->349146K(349568K)
[46.666s][info][gc,metaspace   ] GC(1271) Metaspace: 30980K(31488K)->30980K(31488K) NonClass: 27727K(28032K)->27727K(28032K) Class: 3253K(3456K)->3253K(3456K)
[46.666s][info][gc             ] GC(1271) Pause Full (Allocation Failure) 494M->470M(494M) 16.936ms
[46.666s][info][gc,cpu         ] GC(1271) User=0.01s Sys=0.00s Real=0.02s
[46.677s][info][gc,start       ] GC(1272) Pause Full (Allocation Failure)
[46.677s][info][gc,phases,start] GC(1272) Phase 1: Mark live objects
[46.685s][info][gc,phases      ] GC(1272) Phase 1: Mark live objects 7.994ms
[46.685s][info][gc,phases,start] GC(1272) Phase 2: Compute new object addresses
[46.687s][info][gc,phases      ] GC(1272) Phase 2: Compute new object addresses 2.502ms
[46.688s][info][gc,phases,start] GC(1272) Phase 3: Adjust pointers
[46.693s][info][gc,phases      ] GC(1272) Phase 3: Adjust pointers 5.206ms
[46.693s][info][gc,phases,start] GC(1272) Phase 4: Move objects
[46.693s][info][gc,phases      ] GC(1272) Phase 4: Move objects 0.562ms
[46.693s][info][gc,heap        ] GC(1272) DefNew: 156573K(157248K)->133581K(157248K) Eden: 139776K(139776K)->133581K(139776K) From: 16797K(17472K)->0K(17472K)
[46.693s][info][gc,heap        ] GC(1272) Tenured: 349146K(349568K)->349146K(349568K)
[46.693s][info][gc,metaspace   ] GC(1272) Metaspace: 30980K(31488K)->30980K(31488K) NonClass: 27727K(28032K)->27727K(28032K) Class: 3253K(3456K)->3253K(3456K)
[46.694s][info][gc             ] GC(1272) Pause Full (Allocation Failure) 493M->471M(494M) 16.611ms
[46.694s][info][gc,cpu         ] GC(1272) User=0.02s Sys=0.00s Real=0.01s
[46.706s][info][gc,start       ] GC(1273) Pause Full (Allocation Failure)
[46.706s][info][gc,phases,start] GC(1273) Phase 1: Mark live objects
[46.714s][info][gc,phases      ] GC(1273) Phase 1: Mark live objects 8.333ms
[46.714s][info][gc,phases,start] GC(1273) Phase 2: Compute new object addresses
[46.717s][info][gc,phases      ] GC(1273) Phase 2: Compute new object addresses 2.525ms
[46.717s][info][gc,phases,start] GC(1273) Phase 3: Adjust pointers
[46.722s][info][gc,phases      ] GC(1273) Phase 3: Adjust pointers 5.151ms
[46.722s][info][gc,phases,start] GC(1273) Phase 4: Move objects
[46.722s][info][gc,phases      ] GC(1273) Phase 4: Move objects 0.667ms
[46.723s][info][gc,heap        ] GC(1273) DefNew: 157247K(157248K)->134147K(157248K) Eden: 139776K(139776K)->134147K(139776K) From: 17471K(17472K)->0K(17472K)
[46.723s][info][gc,heap        ] GC(1273) Tenured: 349444K(349568K)->349444K(349568K)
[46.723s][info][gc,metaspace   ] GC(1273) Metaspace: 30980K(31488K)->30980K(31488K) NonClass: 27727K(28032K)->27727K(28032K) Class: 3253K(3456K)->3253K(3456K)
[46.723s][info][gc             ] GC(1273) Pause Full (Allocation Failure) 494M->472M(494M) 17.032ms
[46.723s][info][gc,cpu         ] GC(1273) User=0.02s Sys=0.00s Real=0.01s
[46.734s][info][gc,start       ] GC(1274) Pause Full (Allocation Failure)
[46.734s][info][gc,phases,start] GC(1274) Phase 1: Mark live objects
[46.742s][info][gc,phases      ] GC(1274) Phase 1: Mark live objects 8.017ms
[46.742s][info][gc,phases,start] GC(1274) Phase 2: Compute new object addresses
[46.745s][info][gc,phases      ] GC(1274) Phase 2: Compute new object addresses 2.442ms
[46.745s][info][gc,phases,start] GC(1274) Phase 3: Adjust pointers
[46.750s][info][gc,phases      ] GC(1274) Phase 3: Adjust pointers 5.023ms
[46.750s][info][gc,phases,start] GC(1274) Phase 4: Move objects
[46.750s][info][gc,phases      ] GC(1274) Phase 4: Move objects 0.663ms
[46.751s][info][gc,heap        ] GC(1274) DefNew: 156980K(157248K)->134201K(157248K) Eden: 139776K(139776K)->134201K(139776K) From: 17204K(17472K)->0K(17472K)
[46.751s][info][gc,heap        ] GC(1274) Tenured: 349444K(349568K)->349444K(349568K)
[46.751s][info][gc,metaspace   ] GC(1274) Metaspace: 30980K(31488K)->30980K(31488K) NonClass: 27727K(28032K)->27727K(28032K) Class: 3253K(3456K)->3253K(3456K)
[46.751s][info][gc             ] GC(1274) Pause Full (Allocation Failure) 494M->472M(494M) 16.481ms
[46.751s][info][gc,cpu         ] GC(1274) User=0.01s Sys=0.00s Real=0.02s
[46.761s][info][gc,start       ] GC(1275) Pause Full (Allocation Failure)
[46.761s][info][gc,phases,start] GC(1275) Phase 1: Mark live objects
[46.769s][info][gc,phases      ] GC(1275) Phase 1: Mark live objects 7.957ms
[46.769s][info][gc,phases,start] GC(1275) Phase 2: Compute new object addresses
[46.772s][info][gc,phases      ] GC(1275) Phase 2: Compute new object addresses 2.436ms
[46.772s][info][gc,phases,start] GC(1275) Phase 3: Adjust pointers
[46.777s][info][gc,phases      ] GC(1275) Phase 3: Adjust pointers 5.384ms
[46.777s][info][gc,phases,start] GC(1275) Phase 4: Move objects
[46.778s][info][gc,phases      ] GC(1275) Phase 4: Move objects 0.509ms
[46.778s][info][gc,heap        ] GC(1275) DefNew: 156896K(157248K)->132722K(157248K) Eden: 139776K(139776K)->132722K(139776K) From: 17120K(17472K)->0K(17472K)
[46.778s][info][gc,heap        ] GC(1275) Tenured: 349444K(349568K)->348891K(349568K)
[46.778s][info][gc,metaspace   ] GC(1275) Metaspace: 30980K(31488K)->30980K(31488K) NonClass: 27727K(28032K)->27727K(28032K) Class: 3253K(3456K)->3253K(3456K)
[46.778s][info][gc             ] GC(1275) Pause Full (Allocation Failure) 494M->470M(494M) 16.679ms
[46.778s][info][gc,cpu         ] GC(1275) User=0.01s Sys=0.00s Real=0.02s
[46.792s][info][gc,start       ] GC(1276) Pause Full (Allocation Failure)
[46.792s][info][gc,phases,start] GC(1276) Phase 1: Mark live objects
[46.801s][info][gc,phases      ] GC(1276) Phase 1: Mark live objects 9.582ms
[46.801s][info][gc,phases,start] GC(1276) Phase 2: Compute new object addresses
[46.804s][info][gc,phases      ] GC(1276) Phase 2: Compute new object addresses 3.126ms
[46.804s][info][gc,phases,start] GC(1276) Phase 3: Adjust pointers
[46.811s][info][gc,phases      ] GC(1276) Phase 3: Adjust pointers 6.655ms
[46.811s][info][gc,phases,start] GC(1276) Phase 4: Move objects
[46.812s][info][gc,phases      ] GC(1276) Phase 4: Move objects 0.846ms
[46.812s][info][gc,heap        ] GC(1276) DefNew: 157103K(157248K)->134671K(157248K) Eden: 139776K(139776K)->134671K(139776K) From: 17327K(17472K)->0K(17472K)
[46.812s][info][gc,heap        ] GC(1276) Tenured: 349147K(349568K)->349147K(349568K)
[46.812s][info][gc,metaspace   ] GC(1276) Metaspace: 30980K(31488K)->30980K(31488K) NonClass: 27727K(28032K)->27727K(28032K) Class: 3253K(3456K)->3253K(3456K)
[46.812s][info][gc             ] GC(1276) Pause Full (Allocation Failure) 494M->472M(494M) 20.724ms
[46.812s][info][gc,cpu         ] GC(1276) User=0.02s Sys=0.00s Real=0.02s
[46.824s][info][gc,start       ] GC(1277) Pause Full (Allocation Failure)
[46.824s][info][gc,phases,start] GC(1277) Phase 1: Mark live objects
[46.832s][info][gc,phases      ] GC(1277) Phase 1: Mark live objects 8.611ms
[46.832s][info][gc,phases,start] GC(1277) Phase 2: Compute new object addresses
[46.835s][info][gc,phases      ] GC(1277) Phase 2: Compute new object addresses 2.790ms
[46.835s][info][gc,phases,start] GC(1277) Phase 3: Adjust pointers
[46.841s][info][gc,phases      ] GC(1277) Phase 3: Adjust pointers 5.889ms
[46.841s][info][gc,phases,start] GC(1277) Phase 4: Move objects
[46.842s][info][gc,phases      ] GC(1277) Phase 4: Move objects 0.752ms
[46.842s][info][gc,heap        ] GC(1277) DefNew: 157082K(157248K)->134674K(157248K) Eden: 139776K(139776K)->134674K(139776K) From: 17306K(17472K)->0K(17472K)
[46.842s][info][gc,heap        ] GC(1277) Tenured: 349147K(349568K)->349147K(349568K)
[46.842s][info][gc,metaspace   ] GC(1277) Metaspace: 30980K(31488K)->30980K(31488K) NonClass: 27727K(28032K)->27727K(28032K) Class: 3253K(3456K)->3253K(3456K)
[46.842s][info][gc             ] GC(1277) Pause Full (Allocation Failure) 494M->472M(494M) 18.436ms
[46.842s][info][gc,cpu         ] GC(1277) User=0.02s Sys=0.00s Real=0.01s
[46.853s][info][gc,start       ] GC(1278) Pause Full (Allocation Failure)
[46.853s][info][gc,phases,start] GC(1278) Phase 1: Mark live objects
[46.862s][info][gc,phases      ] GC(1278) Phase 1: Mark live objects 8.836ms
[46.862s][info][gc,phases,start] GC(1278) Phase 2: Compute new object addresses
[46.864s][info][gc,phases      ] GC(1278) Phase 2: Compute new object addresses 2.709ms
[46.864s][info][gc,phases,start] GC(1278) Phase 3: Adjust pointers
[46.870s][info][gc,phases      ] GC(1278) Phase 3: Adjust pointers 5.666ms
[46.870s][info][gc,phases,start] GC(1278) Phase 4: Move objects
[46.871s][info][gc,phases      ] GC(1278) Phase 4: Move objects 0.521ms
[46.871s][info][gc,heap        ] GC(1278) DefNew: 157247K(157248K)->132137K(157248K) Eden: 139776K(139776K)->132137K(139776K) From: 17471K(17472K)->0K(17472K)
[46.871s][info][gc,heap        ] GC(1278) Tenured: 349157K(349568K)->349157K(349568K)
[46.871s][info][gc,metaspace   ] GC(1278) Metaspace: 30980K(31488K)->30980K(31488K) NonClass: 27727K(28032K)->27727K(28032K) Class: 3253K(3456K)->3253K(3456K)
[46.871s][info][gc             ] GC(1278) Pause Full (Allocation Failure) 494M->470M(494M) 18.115ms
[46.871s][info][gc,cpu         ] GC(1278) User=0.02s Sys=0.00s Real=0.02s
[46.882s][info][gc,start       ] GC(1279) Pause Full (Allocation Failure)
[46.883s][info][gc,phases,start] GC(1279) Phase 1: Mark live objects
[46.891s][info][gc,phases      ] GC(1279) Phase 1: Mark live objects 8.605ms
[46.891s][info][gc,phases,start] GC(1279) Phase 2: Compute new object addresses
[46.894s][info][gc,phases      ] GC(1279) Phase 2: Compute new object addresses 2.718ms
[46.894s][info][gc,phases,start] GC(1279) Phase 3: Adjust pointers
[46.900s][info][gc,phases      ] GC(1279) Phase 3: Adjust pointers 5.630ms
[46.900s][info][gc,phases,start] GC(1279) Phase 4: Move objects
[46.900s][info][gc,phases      ] GC(1279) Phase 4: Move objects 0.797ms
[46.901s][info][gc,heap        ] GC(1279) DefNew: 157103K(157248K)->134965K(157248K) Eden: 139776K(139776K)->134965K(139776K) From: 17327K(17472K)->0K(17472K)
[46.901s][info][gc,heap        ] GC(1279) Tenured: 349413K(349568K)->349145K(349568K)
[46.901s][info][gc,metaspace   ] GC(1279) Metaspace: 30980K(31488K)->30980K(31488K) NonClass: 27727K(28032K)->27727K(28032K) Class: 3253K(3456K)->3253K(3456K)
[46.901s][info][gc             ] GC(1279) Pause Full (Allocation Failure) 494M->472M(494M) 18.169ms
[46.901s][info][gc,cpu         ] GC(1279) User=0.02s Sys=0.00s Real=0.02s
[46.911s][info][gc,start       ] GC(1280) Pause Full (Allocation Failure)
[46.912s][info][gc,phases,start] GC(1280) Phase 1: Mark live objects
[46.920s][info][gc,phases      ] GC(1280) Phase 1: Mark live objects 8.573ms
[46.920s][info][gc,phases,start] GC(1280) Phase 2: Compute new object addresses
[46.923s][info][gc,phases      ] GC(1280) Phase 2: Compute new object addresses 2.599ms
[46.923s][info][gc,phases,start] GC(1280) Phase 3: Adjust pointers
[46.928s][info][gc,phases      ] GC(1280) Phase 3: Adjust pointers 5.571ms
[46.928s][info][gc,phases,start] GC(1280) Phase 4: Move objects
[46.929s][info][gc,phases      ] GC(1280) Phase 4: Move objects 0.534ms
[46.929s][info][gc,heap        ] GC(1280) DefNew: 156581K(157248K)->133322K(157248K) Eden: 139776K(139776K)->133322K(139776K) From: 16805K(17472K)->0K(17472K)
[46.929s][info][gc,heap        ] GC(1280) Tenured: 349145K(349568K)->349145K(349568K)
[46.929s][info][gc,metaspace   ] GC(1280) Metaspace: 30980K(31488K)->30980K(31488K) NonClass: 27727K(28032K)->27727K(28032K) Class: 3253K(3456K)->3253K(3456K)
[46.929s][info][gc             ] GC(1280) Pause Full (Allocation Failure) 493M->471M(494M) 17.651ms
[46.929s][info][gc,cpu         ] GC(1280) User=0.02s Sys=0.00s Real=0.02s
[46.942s][info][gc,start       ] GC(1281) Pause Full (Allocation Failure)
[46.942s][info][gc,phases,start] GC(1281) Phase 1: Mark live objects
[46.950s][info][gc,phases      ] GC(1281) Phase 1: Mark live objects 8.359ms
[46.950s][info][gc,phases,start] GC(1281) Phase 2: Compute new object addresses
[46.953s][info][gc,phases      ] GC(1281) Phase 2: Compute new object addresses 2.528ms
[46.953s][info][gc,phases,start] GC(1281) Phase 3: Adjust pointers
[46.958s][info][gc,phases      ] GC(1281) Phase 3: Adjust pointers 5.440ms
[46.958s][info][gc,phases,start] GC(1281) Phase 4: Move objects
[46.959s][info][gc,phases      ] GC(1281) Phase 4: Move objects 0.657ms
[46.959s][info][gc,heap        ] GC(1281) DefNew: 157079K(157248K)->134403K(157248K) Eden: 139775K(139776K)->134403K(139776K) From: 17303K(17472K)->0K(17472K)
[46.959s][info][gc,heap        ] GC(1281) Tenured: 349402K(349568K)->349402K(349568K)
[46.959s][info][gc,metaspace   ] GC(1281) Metaspace: 30980K(31488K)->30980K(31488K) NonClass: 27727K(28032K)->27727K(28032K) Class: 3253K(3456K)->3253K(3456K)
[46.959s][info][gc             ] GC(1281) Pause Full (Allocation Failure) 494M->472M(494M) 17.336ms
[46.959s][info][gc,cpu         ] GC(1281) User=0.02s Sys=0.00s Real=0.02s
[46.970s][info][gc,start       ] GC(1282) Pause Full (Allocation Failure)
[46.970s][info][gc,phases,start] GC(1282) Phase 1: Mark live objects
[46.978s][info][gc,phases      ] GC(1282) Phase 1: Mark live objects 8.133ms
[46.978s][info][gc,phases,start] GC(1282) Phase 2: Compute new object addresses
[46.982s][info][gc,phases      ] GC(1282) Phase 2: Compute new object addresses 3.873ms
[46.982s][info][gc,phases,start] GC(1282) Phase 3: Adjust pointers
[46.989s][info][gc,phases      ] GC(1282) Phase 3: Adjust pointers 6.703ms
[46.989s][info][gc,phases,start] GC(1282) Phase 4: Move objects
[46.989s][info][gc,phases      ] GC(1282) Phase 4: Move objects 0.515ms
[46.990s][info][gc,heap        ] GC(1282) DefNew: 156336K(157248K)->132656K(157248K) Eden: 139776K(139776K)->132656K(139776K) From: 16560K(17472K)->0K(17472K)
[46.990s][info][gc,heap        ] GC(1282) Tenured: 349402K(349568K)->349402K(349568K)
[46.990s][info][gc,metaspace   ] GC(1282) Metaspace: 30980K(31488K)->30980K(31488K) NonClass: 27727K(28032K)->27727K(28032K) Class: 3253K(3456K)->3253K(3456K)
[46.990s][info][gc             ] GC(1282) Pause Full (Allocation Failure) 493M->470M(494M) 19.634ms
[46.990s][info][gc,cpu         ] GC(1282) User=0.02s Sys=0.00s Real=0.02s
[47.002s][info][gc,start       ] GC(1283) Pause Full (Allocation Failure)
[47.002s][info][gc,phases,start] GC(1283) Phase 1: Mark live objects
[47.011s][info][gc,phases      ] GC(1283) Phase 1: Mark live objects 8.409ms
[47.011s][info][gc,phases,start] GC(1283) Phase 2: Compute new object addresses
[47.013s][info][gc,phases      ] GC(1283) Phase 2: Compute new object addresses 2.554ms
[47.013s][info][gc,phases,start] GC(1283) Phase 3: Adjust pointers
[47.019s][info][gc,phases      ] GC(1283) Phase 3: Adjust pointers 5.199ms
[47.019s][info][gc,phases,start] GC(1283) Phase 4: Move objects
[47.019s][info][gc,phases      ] GC(1283) Phase 4: Move objects 0.658ms
[47.019s][info][gc,heap        ] GC(1283) DefNew: 157010K(157248K)->134512K(157248K) Eden: 139776K(139776K)->134512K(139776K) From: 17234K(17472K)->0K(17472K)
[47.019s][info][gc,heap        ] GC(1283) Tenured: 349402K(349568K)->348889K(349568K)
[47.019s][info][gc,metaspace   ] GC(1283) Metaspace: 30980K(31488K)->30980K(31488K) NonClass: 27727K(28032K)->27727K(28032K) Class: 3253K(3456K)->3253K(3456K)
[47.019s][info][gc             ] GC(1283) Pause Full (Allocation Failure) 494M->472M(494M) 17.203ms
[47.019s][info][gc,cpu         ] GC(1283) User=0.02s Sys=0.00s Real=0.02s
[47.030s][info][gc,start       ] GC(1284) Pause Full (Allocation Failure)
[47.030s][info][gc,phases,start] GC(1284) Phase 1: Mark live objects
[47.038s][info][gc,phases      ] GC(1284) Phase 1: Mark live objects 8.048ms
[47.038s][info][gc,phases,start] GC(1284) Phase 2: Compute new object addresses
[47.040s][info][gc,phases      ] GC(1284) Phase 2: Compute new object addresses 2.331ms
[47.040s][info][gc,phases,start] GC(1284) Phase 3: Adjust pointers
[47.045s][info][gc,phases      ] GC(1284) Phase 3: Adjust pointers 5.073ms
[47.045s][info][gc,phases,start] GC(1284) Phase 4: Move objects
[47.046s][info][gc,phases      ] GC(1284) Phase 4: Move objects 0.640ms
[47.046s][info][gc,heap        ] GC(1284) DefNew: 157139K(157248K)->134056K(157248K) Eden: 139776K(139776K)->134056K(139776K) From: 17363K(17472K)->0K(17472K)
[47.046s][info][gc,heap        ] GC(1284) Tenured: 349402K(349568K)->349402K(349568K)
[47.046s][info][gc,metaspace   ] GC(1284) Metaspace: 30980K(31488K)->30980K(31488K) NonClass: 27727K(28032K)->27727K(28032K) Class: 3253K(3456K)->3253K(3456K)
[47.046s][info][gc             ] GC(1284) Pause Full (Allocation Failure) 494M->472M(494M) 16.443ms
[47.046s][info][gc,cpu         ] GC(1284) User=0.01s Sys=0.00s Real=0.02s
[47.059s][info][gc,start       ] GC(1285) Pause Full (Allocation Failure)
[47.059s][info][gc,phases,start] GC(1285) Phase 1: Mark live objects
[47.067s][info][gc,phases      ] GC(1285) Phase 1: Mark live objects 8.239ms
[47.067s][info][gc,phases,start] GC(1285) Phase 2: Compute new object addresses
[47.070s][info][gc,phases      ] GC(1285) Phase 2: Compute new object addresses 2.530ms
[47.070s][info][gc,phases,start] GC(1285) Phase 3: Adjust pointers
[47.075s][info][gc,phases      ] GC(1285) Phase 3: Adjust pointers 5.106ms
[47.075s][info][gc,phases,start] GC(1285) Phase 4: Move objects
[47.076s][info][gc,phases      ] GC(1285) Phase 4: Move objects 0.681ms
[47.076s][info][gc,heap        ] GC(1285) DefNew: 157145K(157248K)->134373K(157248K) Eden: 139776K(139776K)->134373K(139776K) From: 17369K(17472K)->0K(17472K)
[47.076s][info][gc,heap        ] GC(1285) Tenured: 349402K(349568K)->349402K(349568K)
[47.076s][info][gc,metaspace   ] GC(1285) Metaspace: 30980K(31488K)->30980K(31488K) NonClass: 27727K(28032K)->27727K(28032K) Class: 3253K(3456K)->3253K(3456K)
[47.076s][info][gc             ] GC(1285) Pause Full (Allocation Failure) 494M->472M(494M) 16.955ms
[47.076s][info][gc,cpu         ] GC(1285) User=0.01s Sys=0.00s Real=0.02s
[47.087s][info][gc,start       ] GC(1286) Pause Full (Allocation Failure)
[47.087s][info][gc,phases,start] GC(1286) Phase 1: Mark live objects
[47.095s][info][gc,phases      ] GC(1286) Phase 1: Mark live objects 7.989ms
[47.095s][info][gc,phases,start] GC(1286) Phase 2: Compute new object addresses
[47.097s][info][gc,phases      ] GC(1286) Phase 2: Compute new object addresses 2.556ms
[47.097s][info][gc,phases,start] GC(1286) Phase 3: Adjust pointers
[47.103s][info][gc,phases      ] GC(1286) Phase 3: Adjust pointers 5.389ms
[47.103s][info][gc,phases,start] GC(1286) Phase 4: Move objects
[47.103s][info][gc,phases      ] GC(1286) Phase 4: Move objects 0.630ms
[47.104s][info][gc,heap        ] GC(1286) DefNew: 157135K(157248K)->133702K(157248K) Eden: 139776K(139776K)->133702K(139776K) From: 17359K(17472K)->0K(17472K)
[47.104s][info][gc,heap        ] GC(1286) Tenured: 349402K(349568K)->349402K(349568K)
[47.104s][info][gc,metaspace   ] GC(1286) Metaspace: 30983K(31488K)->30983K(31488K) NonClass: 27730K(28032K)->27730K(28032K) Class: 3253K(3456K)->3253K(3456K)
[47.104s][info][gc             ] GC(1286) Pause Full (Allocation Failure) 494M->471M(494M) 16.942ms
[47.104s][info][gc,cpu         ] GC(1286) User=0.02s Sys=0.00s Real=0.01s
[47.109s][info][gc,start       ] GC(1287) Pause Full (Allocation Failure)
[47.109s][info][gc,phases,start] GC(1287) Phase 1: Mark live objects
[47.117s][info][gc,phases      ] GC(1287) Phase 1: Mark live objects 8.003ms
[47.117s][info][gc,phases,start] GC(1287) Phase 2: Compute new object addresses
[47.119s][info][gc,phases      ] GC(1287) Phase 2: Compute new object addresses 2.327ms
[47.119s][info][gc,phases,start] GC(1287) Phase 3: Adjust pointers
[47.125s][info][gc,phases      ] GC(1287) Phase 3: Adjust pointers 5.618ms
[47.125s][info][gc,phases,start] GC(1287) Phase 4: Move objects
[47.150s][info][gc,phases      ] GC(1287) Phase 4: Move objects 24.979ms
[47.150s][info][gc,heap        ] GC(1287) DefNew: 156879K(157248K)->144474K(157248K) Eden: 139776K(139776K)->139585K(139776K) From: 17103K(17472K)->4888K(17472K)
[47.150s][info][gc,heap        ] GC(1287) Tenured: 349402K(349568K)->348885K(349568K)
[47.150s][info][gc,metaspace   ] GC(1287) Metaspace: 30983K(31488K)->30983K(31488K) NonClass: 27730K(28032K)->27730K(28032K) Class: 3253K(3456K)->3253K(3456K)
[47.150s][info][gc             ] GC(1287) Pause Full (Allocation Failure) 494M->481M(494M) 41.422ms
[47.150s][info][gc,cpu         ] GC(1287) User=0.04s Sys=0.00s Real=0.04s
[47.164s][info][gc,start       ] GC(1288) Pause Full (Allocation Failure)
[47.164s][info][gc,phases,start] GC(1288) Phase 1: Mark live objects
[47.174s][info][gc,phases      ] GC(1288) Phase 1: Mark live objects 10.441ms
[47.174s][info][gc,phases,start] GC(1288) Phase 2: Compute new object addresses
[47.177s][info][gc,phases      ] GC(1288) Phase 2: Compute new object addresses 2.408ms
[47.177s][info][gc,phases,start] GC(1288) Phase 3: Adjust pointers
[47.182s][info][gc,phases      ] GC(1288) Phase 3: Adjust pointers 5.245ms
[47.182s][info][gc,phases,start] GC(1288) Phase 4: Move objects
[47.183s][info][gc,phases      ] GC(1288) Phase 4: Move objects 1.515ms
[47.184s][info][gc,heap        ] GC(1288) DefNew: 157016K(157248K)->144253K(157248K) Eden: 139776K(139776K)->139092K(139776K) From: 17240K(17472K)->5160K(17472K)
[47.184s][info][gc,heap        ] GC(1288) Tenured: 349397K(349568K)->349397K(349568K)
[47.184s][info][gc,metaspace   ] GC(1288) Metaspace: 30983K(31488K)->30972K(31488K) NonClass: 27730K(28032K)->27722K(28032K) Class: 3253K(3456K)->3250K(3456K)
[47.184s][info][gc             ] GC(1288) Pause Full (Allocation Failure) 494M->482M(494M) 20.062ms
[47.184s][info][gc,cpu         ] GC(1288) User=0.02s Sys=0.00s Real=0.03s
[47.188s][info][gc,start       ] GC(1289) Pause Full (Allocation Failure)
[47.188s][info][gc,phases,start] GC(1289) Phase 1: Mark live objects
[47.196s][info][gc,phases      ] GC(1289) Phase 1: Mark live objects 7.673ms
[47.196s][info][gc,phases,start] GC(1289) Phase 2: Compute new object addresses
[47.198s][info][gc,phases      ] GC(1289) Phase 2: Compute new object addresses 2.187ms
[47.198s][info][gc,phases,start] GC(1289) Phase 3: Adjust pointers
[47.203s][info][gc,phases      ] GC(1289) Phase 3: Adjust pointers 5.063ms
[47.203s][info][gc,phases,start] GC(1289) Phase 4: Move objects
[47.204s][info][gc,phases      ] GC(1289) Phase 4: Move objects 1.297ms
[47.205s][info][gc,heap        ] GC(1289) DefNew: 156837K(157248K)->144521K(157248K) Eden: 139776K(139776K)->139385K(139776K) From: 17061K(17472K)->5136K(17472K)
[47.205s][info][gc,heap        ] GC(1289) Tenured: 349397K(349568K)->349397K(349568K)
[47.205s][info][gc,metaspace   ] GC(1289) Metaspace: 30972K(31488K)->30972K(31488K) NonClass: 27722K(28032K)->27722K(28032K) Class: 3250K(3456K)->3250K(3456K)
[47.205s][info][gc             ] GC(1289) Pause Full (Allocation Failure) 494M->482M(494M) 16.556ms
[47.205s][info][gc,cpu         ] GC(1289) User=0.02s Sys=0.00s Real=0.02s
[47.209s][info][gc,start       ] GC(1290) Pause Full (Allocation Failure)
[47.209s][info][gc,phases,start] GC(1290) Phase 1: Mark live objects
[47.216s][info][gc,phases      ] GC(1290) Phase 1: Mark live objects 7.453ms
[47.216s][info][gc,phases,start] GC(1290) Phase 2: Compute new object addresses
[47.218s][info][gc,phases      ] GC(1290) Phase 2: Compute new object addresses 2.315ms
[47.219s][info][gc,phases,start] GC(1290) Phase 3: Adjust pointers
[47.224s][info][gc,phases      ] GC(1290) Phase 3: Adjust pointers 5.834ms
[47.224s][info][gc,phases,start] GC(1290) Phase 4: Move objects
[47.226s][info][gc,phases      ] GC(1290) Phase 4: Move objects 1.241ms
[47.226s][info][gc,heap        ] GC(1290) DefNew: 157070K(157248K)->145063K(157248K) Eden: 139776K(139776K)->139409K(139776K) From: 17294K(17472K)->5654K(17472K)
[47.226s][info][gc,heap        ] GC(1290) Tenured: 349397K(349568K)->349397K(349568K)
[47.226s][info][gc,metaspace   ] GC(1290) Metaspace: 30972K(31488K)->30972K(31488K) NonClass: 27722K(28032K)->27722K(28032K) Class: 3250K(3456K)->3250K(3456K)
[47.226s][info][gc             ] GC(1290) Pause Full (Allocation Failure) 494M->482M(494M) 17.248ms
[47.226s][info][gc,cpu         ] GC(1290) User=0.02s Sys=0.00s Real=0.02s
[47.235s][info][gc,start       ] GC(1291) Pause Full (Allocation Failure)
[47.235s][info][gc,phases,start] GC(1291) Phase 1: Mark live objects
[47.243s][info][gc,phases      ] GC(1291) Phase 1: Mark live objects 7.411ms
[47.243s][info][gc,phases,start] GC(1291) Phase 2: Compute new object addresses
[47.245s][info][gc,phases      ] GC(1291) Phase 2: Compute new object addresses 2.232ms
[47.245s][info][gc,phases,start] GC(1291) Phase 3: Adjust pointers
[47.251s][info][gc,phases      ] GC(1291) Phase 3: Adjust pointers 6.117ms
[47.251s][info][gc,phases,start] GC(1291) Phase 4: Move objects
[47.275s][info][gc,phases      ] GC(1291) Phase 4: Move objects 23.582ms
[47.275s][info][gc,heap        ] GC(1291) DefNew: 156827K(157248K)->144245K(157248K) Eden: 139776K(139776K)->139102K(139776K) From: 17051K(17472K)->5142K(17472K)
[47.275s][info][gc,heap        ] GC(1291) Tenured: 349397K(349568K)->348876K(349568K)
[47.275s][info][gc,metaspace   ] GC(1291) Metaspace: 30972K(31488K)->30972K(31488K) NonClass: 27722K(28032K)->27722K(28032K) Class: 3250K(3456K)->3250K(3456K)
[47.275s][info][gc             ] GC(1291) Pause Full (Allocation Failure) 494M->481M(494M) 39.772ms
[47.275s][info][gc,cpu         ] GC(1291) User=0.04s Sys=0.00s Real=0.04s
[47.279s][info][gc,start       ] GC(1292) Pause Full (Allocation Failure)
[47.279s][info][gc,phases,start] GC(1292) Phase 1: Mark live objects
[47.288s][info][gc,phases      ] GC(1292) Phase 1: Mark live objects 9.615ms
[47.289s][info][gc,phases,start] GC(1292) Phase 2: Compute new object addresses
[47.292s][info][gc,phases      ] GC(1292) Phase 2: Compute new object addresses 3.067ms
[47.292s][info][gc,phases,start] GC(1292) Phase 3: Adjust pointers
[47.298s][info][gc,phases      ] GC(1292) Phase 3: Adjust pointers 5.888ms
[47.298s][info][gc,phases,start] GC(1292) Phase 4: Move objects
[47.298s][info][gc,phases      ] GC(1292) Phase 4: Move objects 0.840ms
[47.299s][info][gc,heap        ] GC(1292) DefNew: 157047K(157248K)->144508K(157248K) Eden: 139776K(139776K)->139378K(139776K) From: 17271K(17472K)->5129K(17472K)
[47.299s][info][gc,heap        ] GC(1292) Tenured: 349389K(349568K)->349389K(349568K)
[47.299s][info][gc,metaspace   ] GC(1292) Metaspace: 30972K(31488K)->30972K(31488K) NonClass: 27722K(28032K)->27722K(28032K) Class: 3250K(3456K)->3250K(3456K)
[47.299s][info][gc             ] GC(1292) Pause Full (Allocation Failure) 494M->482M(494M) 19.872ms
[47.299s][info][gc,cpu         ] GC(1292) User=0.02s Sys=0.00s Real=0.02s
[47.307s][info][gc,start       ] GC(1293) Pause Full (Allocation Failure)
[47.307s][info][gc,phases,start] GC(1293) Phase 1: Mark live objects
[47.315s][info][gc,phases      ] GC(1293) Phase 1: Mark live objects 7.732ms
[47.315s][info][gc,phases,start] GC(1293) Phase 2: Compute new object addresses
[47.318s][info][gc,phases      ] GC(1293) Phase 2: Compute new object addresses 2.442ms
[47.318s][info][gc,phases,start] GC(1293) Phase 3: Adjust pointers
[47.323s][info][gc,phases      ] GC(1293) Phase 3: Adjust pointers 4.996ms
[47.323s][info][gc,phases,start] GC(1293) Phase 4: Move objects
[47.324s][info][gc,phases      ] GC(1293) Phase 4: Move objects 1.081ms
[47.324s][info][gc,heap        ] GC(1293) DefNew: 157042K(157248K)->144590K(157248K) Eden: 139776K(139776K)->139196K(139776K) From: 17266K(17472K)->5393K(17472K)
[47.324s][info][gc,heap        ] GC(1293) Tenured: 349389K(349568K)->349389K(349568K)
[47.324s][info][gc,metaspace   ] GC(1293) Metaspace: 30972K(31488K)->30972K(31488K) NonClass: 27722K(28032K)->27722K(28032K) Class: 3250K(3456K)->3250K(3456K)
[47.324s][info][gc             ] GC(1293) Pause Full (Allocation Failure) 494M->482M(494M) 16.577ms
[47.324s][info][gc,cpu         ] GC(1293) User=0.02s Sys=0.00s Real=0.02s
[47.329s][info][gc,start       ] GC(1294) Pause Full (Allocation Failure)
[47.329s][info][gc,phases,start] GC(1294) Phase 1: Mark live objects
[47.337s][info][gc,phases      ] GC(1294) Phase 1: Mark live objects 7.397ms
[47.337s][info][gc,phases,start] GC(1294) Phase 2: Compute new object addresses
[47.339s][info][gc,phases      ] GC(1294) Phase 2: Compute new object addresses 2.152ms
[47.339s][info][gc,phases,start] GC(1294) Phase 3: Adjust pointers
[47.344s][info][gc,phases      ] GC(1294) Phase 3: Adjust pointers 4.786ms
[47.344s][info][gc,phases,start] GC(1294) Phase 4: Move objects
[47.344s][info][gc,phases      ] GC(1294) Phase 4: Move objects 0.605ms
[47.345s][info][gc,heap        ] GC(1294) DefNew: 157226K(157248K)->144340K(157248K) Eden: 139775K(139776K)->139207K(139776K) From: 17450K(17472K)->5133K(17472K)
[47.345s][info][gc,heap        ] GC(1294) Tenured: 349389K(349568K)->349389K(349568K)
[47.345s][info][gc,metaspace   ] GC(1294) Metaspace: 30972K(31488K)->30972K(31488K) NonClass: 27722K(28032K)->27722K(28032K) Class: 3250K(3456K)->3250K(3456K)
[47.345s][info][gc             ] GC(1294) Pause Full (Allocation Failure) 494M->482M(494M) 15.251ms
[47.345s][info][gc,cpu         ] GC(1294) User=0.01s Sys=0.00s Real=0.02s
[47.351s][info][gc,start       ] GC(1295) Pause Full (Allocation Failure)
[47.351s][info][gc,phases,start] GC(1295) Phase 1: Mark live objects
[47.358s][info][gc,phases      ] GC(1295) Phase 1: Mark live objects 7.486ms
[47.358s][info][gc,phases,start] GC(1295) Phase 2: Compute new object addresses
[47.360s][info][gc,phases      ] GC(1295) Phase 2: Compute new object addresses 2.157ms
[47.360s][info][gc,phases,start] GC(1295) Phase 3: Adjust pointers
[47.365s][info][gc,phases      ] GC(1295) Phase 3: Adjust pointers 4.764ms
[47.365s][info][gc,phases,start] GC(1295) Phase 4: Move objects
[47.366s][info][gc,phases      ] GC(1295) Phase 4: Move objects 0.547ms
[47.366s][info][gc,heap        ] GC(1295) DefNew: 157033K(157248K)->144096K(157248K) Eden: 139776K(139776K)->138961K(139776K) From: 17257K(17472K)->5135K(17472K)
[47.366s][info][gc,heap        ] GC(1295) Tenured: 349389K(349568K)->348876K(349568K)
[47.366s][info][gc,metaspace   ] GC(1295) Metaspace: 30972K(31488K)->30972K(31488K) NonClass: 27722K(28032K)->27722K(28032K) Class: 3250K(3456K)->3250K(3456K)
[47.366s][info][gc             ] GC(1295) Pause Full (Allocation Failure) 494M->481M(494M) 15.262ms
[47.366s][info][gc,cpu         ] GC(1295) User=0.02s Sys=0.00s Real=0.02s
[47.371s][info][gc,start       ] GC(1296) Pause Full (Allocation Failure)
[47.371s][info][gc,phases,start] GC(1296) Phase 1: Mark live objects
[47.378s][info][gc,phases      ] GC(1296) Phase 1: Mark live objects 7.129ms
[47.378s][info][gc,phases,start] GC(1296) Phase 2: Compute new object addresses
[47.380s][info][gc,phases      ] GC(1296) Phase 2: Compute new object addresses 2.223ms
[47.380s][info][gc,phases,start] GC(1296) Phase 3: Adjust pointers
[47.385s][info][gc,phases      ] GC(1296) Phase 3: Adjust pointers 5.028ms
[47.385s][info][gc,phases,start] GC(1296) Phase 4: Move objects
[47.386s][info][gc,phases      ] GC(1296) Phase 4: Move objects 0.533ms
[47.386s][info][gc,heap        ] GC(1296) DefNew: 157132K(157248K)->144358K(157248K) Eden: 139776K(139776K)->139741K(139776K) From: 17356K(17472K)->4616K(17472K)
[47.386s][info][gc,heap        ] GC(1296) Tenured: 349389K(349568K)->349389K(349568K)
[47.386s][info][gc,metaspace   ] GC(1296) Metaspace: 30972K(31488K)->30972K(31488K) NonClass: 27722K(28032K)->27722K(28032K) Class: 3250K(3456K)->3250K(3456K)
[47.386s][info][gc             ] GC(1296) Pause Full (Allocation Failure) 494M->482M(494M) 15.223ms
[47.386s][info][gc,cpu         ] GC(1296) User=0.01s Sys=0.00s Real=0.02s
[47.392s][info][gc,start       ] GC(1297) Pause Full (Allocation Failure)
[47.392s][info][gc,phases,start] GC(1297) Phase 1: Mark live objects
[47.399s][info][gc,phases      ] GC(1297) Phase 1: Mark live objects 7.458ms
[47.399s][info][gc,phases,start] GC(1297) Phase 2: Compute new object addresses
[47.402s][info][gc,phases      ] GC(1297) Phase 2: Compute new object addresses 2.163ms
[47.402s][info][gc,phases,start] GC(1297) Phase 3: Adjust pointers
[47.406s][info][gc,phases      ] GC(1297) Phase 3: Adjust pointers 4.862ms
[47.406s][info][gc,phases,start] GC(1297) Phase 4: Move objects
[47.407s][info][gc,phases      ] GC(1297) Phase 4: Move objects 0.603ms
[47.407s][info][gc,heap        ] GC(1297) DefNew: 157177K(157248K)->144887K(157248K) Eden: 139776K(139776K)->139498K(139776K) From: 17401K(17472K)->5389K(17472K)
[47.407s][info][gc,heap        ] GC(1297) Tenured: 349389K(349568K)->349389K(349568K)
[47.407s][info][gc,metaspace   ] GC(1297) Metaspace: 30972K(31488K)->30972K(31488K) NonClass: 27722K(28032K)->27722K(28032K) Class: 3250K(3456K)->3250K(3456K)
[47.407s][info][gc             ] GC(1297) Pause Full (Allocation Failure) 494M->482M(494M) 15.411ms
[47.407s][info][gc,cpu         ] GC(1297) User=0.01s Sys=0.00s Real=0.02s
[47.416s][info][gc,start       ] GC(1298) Pause Full (Allocation Failure)
[47.416s][info][gc,phases,start] GC(1298) Phase 1: Mark live objects
[47.423s][info][gc,phases      ] GC(1298) Phase 1: Mark live objects 7.204ms
[47.423s][info][gc,phases,start] GC(1298) Phase 2: Compute new object addresses
[47.426s][info][gc,phases      ] GC(1298) Phase 2: Compute new object addresses 2.228ms
[47.426s][info][gc,phases,start] GC(1298) Phase 3: Adjust pointers
[47.430s][info][gc,phases      ] GC(1298) Phase 3: Adjust pointers 4.735ms
[47.430s][info][gc,phases,start] GC(1298) Phase 4: Move objects
[47.431s][info][gc,phases      ] GC(1298) Phase 4: Move objects 0.545ms
[47.431s][info][gc,heap        ] GC(1298) DefNew: 157074K(157248K)->144388K(157248K) Eden: 139776K(139776K)->139247K(139776K) From: 17298K(17472K)->5141K(17472K)
[47.431s][info][gc,heap        ] GC(1298) Tenured: 349389K(349568K)->349389K(349568K)
[47.431s][info][gc,metaspace   ] GC(1298) Metaspace: 30972K(31488K)->30972K(31488K) NonClass: 27722K(28032K)->27722K(28032K) Class: 3250K(3456K)->3250K(3456K)
[47.431s][info][gc             ] GC(1298) Pause Full (Allocation Failure) 494M->482M(494M) 15.060ms
[47.431s][info][gc,cpu         ] GC(1298) User=0.01s Sys=0.00s Real=0.01s
[47.437s][info][gc,start       ] GC(1299) Pause Full (Allocation Failure)
[47.437s][info][gc,phases,start] GC(1299) Phase 1: Mark live objects
[47.444s][info][gc,phases      ] GC(1299) Phase 1: Mark live objects 7.154ms
[47.444s][info][gc,phases,start] GC(1299) Phase 2: Compute new object addresses
[47.446s][info][gc,phases      ] GC(1299) Phase 2: Compute new object addresses 2.224ms
[47.446s][info][gc,phases,start] GC(1299) Phase 3: Adjust pointers
[47.451s][info][gc,phases      ] GC(1299) Phase 3: Adjust pointers 4.904ms
[47.451s][info][gc,phases,start] GC(1299) Phase 4: Move objects
[47.452s][info][gc,phases      ] GC(1299) Phase 4: Move objects 0.561ms
[47.452s][info][gc,heap        ] GC(1299) DefNew: 157179K(157248K)->144651K(157248K) Eden: 139776K(139776K)->139264K(139776K) From: 17403K(17472K)->5387K(17472K)
[47.452s][info][gc,heap        ] GC(1299) Tenured: 349389K(349568K)->348876K(349568K)
[47.452s][info][gc,metaspace   ] GC(1299) Metaspace: 30972K(31488K)->30972K(31488K) NonClass: 27722K(28032K)->27722K(28032K) Class: 3250K(3456K)->3250K(3456K)
[47.452s][info][gc             ] GC(1299) Pause Full (Allocation Failure) 494M->481M(494M) 15.168ms
[47.452s][info][gc,cpu         ] GC(1299) User=0.01s Sys=0.01s Real=0.01s
[47.457s][info][gc,start       ] GC(1300) Pause Full (Allocation Failure)
[47.457s][info][gc,phases,start] GC(1300) Phase 1: Mark live objects
[47.465s][info][gc,phases      ] GC(1300) Phase 1: Mark live objects 7.252ms
[47.465s][info][gc,phases,start] GC(1300) Phase 2: Compute new object addresses
[47.467s][info][gc,phases      ] GC(1300) Phase 2: Compute new object addresses 2.141ms
[47.467s][info][gc,phases,start] GC(1300) Phase 3: Adjust pointers
[47.471s][info][gc,phases      ] GC(1300) Phase 3: Adjust pointers 4.735ms
[47.472s][info][gc,phases,start] GC(1300) Phase 4: Move objects
[47.472s][info][gc,phases      ] GC(1300) Phase 4: Move objects 0.564ms
[47.472s][info][gc,heap        ] GC(1300) DefNew: 157248K(157248K)->144141K(157248K) Eden: 139776K(139776K)->139014K(139776K) From: 17472K(17472K)->5127K(17472K)
[47.472s][info][gc,heap        ] GC(1300) Tenured: 349567K(349568K)->349567K(349568K)
[47.472s][info][gc,metaspace   ] GC(1300) Metaspace: 30972K(31488K)->30972K(31488K) NonClass: 27722K(28032K)->27722K(28032K) Class: 3250K(3456K)->3250K(3456K)
[47.472s][info][gc             ] GC(1300) Pause Full (Allocation Failure) 494M->482M(494M) 15.023ms
[47.472s][info][gc,cpu         ] GC(1300) User=0.01s Sys=0.00s Real=0.01s
[47.474s][info][gc,start       ] GC(1301) Pause Full (Allocation Failure)
[47.475s][info][gc,phases,start] GC(1301) Phase 1: Mark live objects
[47.482s][info][gc,phases      ] GC(1301) Phase 1: Mark live objects 7.209ms
[47.482s][info][gc,phases,start] GC(1301) Phase 2: Compute new object addresses
[47.484s][info][gc,phases      ] GC(1301) Phase 2: Compute new object addresses 2.194ms
[47.484s][info][gc,phases,start] GC(1301) Phase 3: Adjust pointers
[47.489s][info][gc,phases      ] GC(1301) Phase 3: Adjust pointers 4.649ms
[47.489s][info][gc,phases,start] GC(1301) Phase 4: Move objects
[47.490s][info][gc,phases      ] GC(1301) Phase 4: Move objects 1.409ms
[47.490s][info][gc,heap        ] GC(1301) DefNew: 157069K(157248K)->144665K(157248K) Eden: 139776K(139776K)->139028K(139776K) From: 17293K(17472K)->5636K(17472K)
[47.490s][info][gc,heap        ] GC(1301) Tenured: 349567K(349568K)->349567K(349568K)
[47.490s][info][gc,metaspace   ] GC(1301) Metaspace: 30972K(31488K)->30972K(31488K) NonClass: 27722K(28032K)->27722K(28032K) Class: 3250K(3456K)->3250K(3456K)
[47.490s][info][gc             ] GC(1301) Pause Full (Allocation Failure) 494M->482M(494M) 15.778ms
[47.490s][info][gc,cpu         ] GC(1301) User=0.01s Sys=0.00s Real=0.02s
[47.498s][info][gc,start       ] GC(1302) Pause Full (Allocation Failure)
[47.498s][info][gc,phases,start] GC(1302) Phase 1: Mark live objects
[47.505s][info][gc,phases      ] GC(1302) Phase 1: Mark live objects 7.423ms
[47.505s][info][gc,phases,start] GC(1302) Phase 2: Compute new object addresses
[47.508s][info][gc,phases      ] GC(1302) Phase 2: Compute new object addresses 2.196ms
[47.508s][info][gc,phases,start] GC(1302) Phase 3: Adjust pointers
[47.512s][info][gc,phases      ] GC(1302) Phase 3: Adjust pointers 4.726ms
[47.512s][info][gc,phases,start] GC(1302) Phase 4: Move objects
[47.513s][info][gc,phases      ] GC(1302) Phase 4: Move objects 0.562ms
[47.513s][info][gc,heap        ] GC(1302) DefNew: 157145K(157248K)->144418K(157248K) Eden: 139776K(139776K)->139019K(139776K) From: 17369K(17472K)->5398K(17472K)
[47.513s][info][gc,heap        ] GC(1302) Tenured: 349567K(349568K)->349567K(349568K)
[47.513s][info][gc,metaspace   ] GC(1302) Metaspace: 30972K(31488K)->30972K(31488K) NonClass: 27722K(28032K)->27722K(28032K) Class: 3250K(3456K)->3250K(3456K)
[47.513s][info][gc             ] GC(1302) Pause Full (Allocation Failure) 494M->482M(494M) 15.227ms
[47.513s][info][gc,cpu         ] GC(1302) User=0.02s Sys=0.00s Real=0.01s
[47.518s][info][gc,start       ] GC(1303) Pause Full (Allocation Failure)
[47.518s][info][gc,phases,start] GC(1303) Phase 1: Mark live objects
[47.526s][info][gc,phases      ] GC(1303) Phase 1: Mark live objects 7.141ms
[47.526s][info][gc,phases,start] GC(1303) Phase 2: Compute new object addresses
[47.528s][info][gc,phases      ] GC(1303) Phase 2: Compute new object addresses 2.192ms
[47.528s][info][gc,phases,start] GC(1303) Phase 3: Adjust pointers
[47.533s][info][gc,phases      ] GC(1303) Phase 3: Adjust pointers 5.073ms
[47.533s][info][gc,phases,start] GC(1303) Phase 4: Move objects
[47.534s][info][gc,phases      ] GC(1303) Phase 4: Move objects 0.671ms
[47.534s][info][gc,heap        ] GC(1303) DefNew: 156964K(157248K)->144420K(157248K) Eden: 139776K(139776K)->139033K(139776K) From: 17188K(17472K)->5386K(17472K)
[47.534s][info][gc,heap        ] GC(1303) Tenured: 349567K(349568K)->348879K(349568K)
[47.534s][info][gc,metaspace   ] GC(1303) Metaspace: 30972K(31488K)->30972K(31488K) NonClass: 27722K(28032K)->27722K(28032K) Class: 3250K(3456K)->3250K(3456K)
[47.534s][info][gc             ] GC(1303) Pause Full (Allocation Failure) 494M->481M(494M) 15.432ms
[47.534s][info][gc,cpu         ] GC(1303) User=0.01s Sys=0.00s Real=0.01s
[47.539s][info][gc,start       ] GC(1304) Pause Full (Allocation Failure)
[47.539s][info][gc,phases,start] GC(1304) Phase 1: Mark live objects
[47.547s][info][gc,phases      ] GC(1304) Phase 1: Mark live objects 7.770ms
[47.547s][info][gc,phases,start] GC(1304) Phase 2: Compute new object addresses
[47.549s][info][gc,phases      ] GC(1304) Phase 2: Compute new object addresses 2.322ms
[47.549s][info][gc,phases,start] GC(1304) Phase 3: Adjust pointers
[47.555s][info][gc,phases      ] GC(1304) Phase 3: Adjust pointers 5.181ms
[47.555s][info][gc,phases,start] GC(1304) Phase 4: Move objects
[47.555s][info][gc,phases      ] GC(1304) Phase 4: Move objects 0.533ms
[47.555s][info][gc,heap        ] GC(1304) DefNew: 157248K(157248K)->143915K(157248K) Eden: 139776K(139776K)->138783K(139776K) From: 17472K(17472K)->5131K(17472K)
[47.555s][info][gc,heap        ] GC(1304) Tenured: 349494K(349568K)->349494K(349568K)
[47.555s][info][gc,metaspace   ] GC(1304) Metaspace: 30972K(31488K)->30972K(31488K) NonClass: 27722K(28032K)->27722K(28032K) Class: 3250K(3456K)->3250K(3456K)
[47.555s][info][gc             ] GC(1304) Pause Full (Allocation Failure) 494M->481M(494M) 16.140ms
[47.555s][info][gc,cpu         ] GC(1304) User=0.02s Sys=0.00s Real=0.01s
[47.561s][info][gc,start       ] GC(1305) Pause Full (Allocation Failure)
[47.561s][info][gc,phases,start] GC(1305) Phase 1: Mark live objects
[47.569s][info][gc,phases      ] GC(1305) Phase 1: Mark live objects 7.753ms
[47.569s][info][gc,phases,start] GC(1305) Phase 2: Compute new object addresses
[47.571s][info][gc,phases      ] GC(1305) Phase 2: Compute new object addresses 2.281ms
[47.571s][info][gc,phases,start] GC(1305) Phase 3: Adjust pointers
[47.576s][info][gc,phases      ] GC(1305) Phase 3: Adjust pointers 4.909ms
[47.576s][info][gc,phases,start] GC(1305) Phase 4: Move objects
[47.577s][info][gc,phases      ] GC(1305) Phase 4: Move objects 0.544ms
[47.577s][info][gc,heap        ] GC(1305) DefNew: 157016K(157248K)->144428K(157248K) Eden: 139776K(139776K)->139043K(139776K) From: 17240K(17472K)->5385K(17472K)
[47.577s][info][gc,heap        ] GC(1305) Tenured: 349494K(349568K)->349494K(349568K)
[47.577s][info][gc,metaspace   ] GC(1305) Metaspace: 30972K(31488K)->30972K(31488K) NonClass: 27722K(28032K)->27722K(28032K) Class: 3250K(3456K)->3250K(3456K)
[47.577s][info][gc             ] GC(1305) Pause Full (Allocation Failure) 494M->482M(494M) 15.814ms
[47.577s][info][gc,cpu         ] GC(1305) User=0.01s Sys=0.01s Real=0.02s
[47.584s][info][gc,start       ] GC(1306) Pause Full (Allocation Failure)
[47.584s][info][gc,phases,start] GC(1306) Phase 1: Mark live objects
[47.592s][info][gc,phases      ] GC(1306) Phase 1: Mark live objects 7.436ms
[47.592s][info][gc,phases,start] GC(1306) Phase 2: Compute new object addresses
[47.594s][info][gc,phases      ] GC(1306) Phase 2: Compute new object addresses 2.298ms
[47.594s][info][gc,phases,start] GC(1306) Phase 3: Adjust pointers
[47.599s][info][gc,phases      ] GC(1306) Phase 3: Adjust pointers 4.914ms
[47.599s][info][gc,phases,start] GC(1306) Phase 4: Move objects
[47.600s][info][gc,phases      ] GC(1306) Phase 4: Move objects 1.208ms
[47.600s][info][gc,heap        ] GC(1306) DefNew: 157158K(157248K)->143823K(157248K) Eden: 139776K(139776K)->139455K(139776K) From: 17382K(17472K)->4368K(17472K)
[47.601s][info][gc,heap        ] GC(1306) Tenured: 349494K(349568K)->349494K(349568K)
[47.601s][info][gc,metaspace   ] GC(1306) Metaspace: 30972K(31488K)->30972K(31488K) NonClass: 27722K(28032K)->27722K(28032K) Class: 3250K(3456K)->3250K(3456K)
[47.601s][info][gc             ] GC(1306) Pause Full (Allocation Failure) 494M->481M(494M) 16.174ms
[47.601s][info][gc,cpu         ] GC(1306) User=0.01s Sys=0.00s Real=0.01s
[47.602s][info][gc,start       ] GC(1307) Pause Full (Allocation Failure)
[47.602s][info][gc,phases,start] GC(1307) Phase 1: Mark live objects
[47.609s][info][gc,phases      ] GC(1307) Phase 1: Mark live objects 6.953ms
[47.609s][info][gc,phases,start] GC(1307) Phase 2: Compute new object addresses
[47.611s][info][gc,phases      ] GC(1307) Phase 2: Compute new object addresses 1.962ms
[47.611s][info][gc,phases,start] GC(1307) Phase 3: Adjust pointers
[47.615s][info][gc,phases      ] GC(1307) Phase 3: Adjust pointers 4.650ms
[47.615s][info][gc,phases,start] GC(1307) Phase 4: Move objects
[47.616s][info][gc,phases      ] GC(1307) Phase 4: Move objects 0.655ms
[47.616s][info][gc,heap        ] GC(1307) DefNew: 157012K(157248K)->144855K(157248K) Eden: 139776K(139776K)->138964K(139776K) From: 17236K(17472K)->5891K(17472K)
[47.616s][info][gc,heap        ] GC(1307) Tenured: 349494K(349568K)->348876K(349568K)
[47.616s][info][gc,metaspace   ] GC(1307) Metaspace: 30972K(31488K)->30972K(31488K) NonClass: 27722K(28032K)->27722K(28032K) Class: 3250K(3456K)->3250K(3456K)
[47.616s][info][gc             ] GC(1307) Pause Full (Allocation Failure) 494M->482M(494M) 14.520ms
[47.616s][info][gc,cpu         ] GC(1307) User=0.02s Sys=0.00s Real=0.02s
[47.623s][info][gc,start       ] GC(1308) Pause Full (Allocation Failure)
[47.623s][info][gc,phases,start] GC(1308) Phase 1: Mark live objects
[47.631s][info][gc,phases      ] GC(1308) Phase 1: Mark live objects 7.517ms
[47.631s][info][gc,phases,start] GC(1308) Phase 2: Compute new object addresses
[47.633s][info][gc,phases      ] GC(1308) Phase 2: Compute new object addresses 2.385ms
[47.633s][info][gc,phases,start] GC(1308) Phase 3: Adjust pointers
[47.639s][info][gc,phases      ] GC(1308) Phase 3: Adjust pointers 5.673ms
[47.639s][info][gc,phases,start] GC(1308) Phase 4: Move objects
[47.642s][info][gc,phases      ] GC(1308) Phase 4: Move objects 2.541ms
[47.642s][info][gc,heap        ] GC(1308) DefNew: 157144K(157248K)->144118K(157248K) Eden: 139776K(139776K)->139727K(139776K) From: 17368K(17472K)->4390K(17472K)
[47.642s][info][gc,heap        ] GC(1308) Tenured: 349389K(349568K)->349389K(349568K)
[47.642s][info][gc,metaspace   ] GC(1308) Metaspace: 30972K(31488K)->30972K(31488K) NonClass: 27722K(28032K)->27722K(28032K) Class: 3250K(3456K)->3250K(3456K)
[47.642s][info][gc             ] GC(1308) Pause Full (Allocation Failure) 494M->481M(494M) 18.510ms
[47.642s][info][gc,cpu         ] GC(1308) User=0.02s Sys=0.00s Real=0.02s
[47.649s][info][gc,start       ] GC(1309) Pause Full (Allocation Failure)
[47.649s][info][gc,phases,start] GC(1309) Phase 1: Mark live objects
[47.656s][info][gc,phases      ] GC(1309) Phase 1: Mark live objects 7.440ms
[47.656s][info][gc,phases,start] GC(1309) Phase 2: Compute new object addresses
[47.659s][info][gc,phases      ] GC(1309) Phase 2: Compute new object addresses 2.072ms
[47.659s][info][gc,phases,start] GC(1309) Phase 3: Adjust pointers
[47.663s][info][gc,phases      ] GC(1309) Phase 3: Adjust pointers 4.742ms
[47.663s][info][gc,phases,start] GC(1309) Phase 4: Move objects
[47.664s][info][gc,phases      ] GC(1309) Phase 4: Move objects 0.645ms
[47.664s][info][gc,heap        ] GC(1309) DefNew: 157152K(157248K)->144406K(157248K) Eden: 139776K(139776K)->139756K(139776K) From: 17376K(17472K)->4650K(17472K)
[47.664s][info][gc,heap        ] GC(1309) Tenured: 349389K(349568K)->349389K(349568K)
[47.664s][info][gc,metaspace   ] GC(1309) Metaspace: 30972K(31488K)->30972K(31488K) NonClass: 27722K(28032K)->27722K(28032K) Class: 3250K(3456K)->3250K(3456K)
[47.664s][info][gc             ] GC(1309) Pause Full (Allocation Failure) 494M->482M(494M) 15.236ms
[47.664s][info][gc,cpu         ] GC(1309) User=0.01s Sys=0.00s Real=0.02s
[47.669s][info][gc,start       ] GC(1310) Pause Full (Allocation Failure)
[47.669s][info][gc,phases,start] GC(1310) Phase 1: Mark live objects
[47.677s][info][gc,phases      ] GC(1310) Phase 1: Mark live objects 7.740ms
[47.677s][info][gc,phases,start] GC(1310) Phase 2: Compute new object addresses
[47.679s][info][gc,phases      ] GC(1310) Phase 2: Compute new object addresses 2.116ms
[47.679s][info][gc,phases,start] GC(1310) Phase 3: Adjust pointers
[47.684s][info][gc,phases      ] GC(1310) Phase 3: Adjust pointers 4.792ms
[47.684s][info][gc,phases,start] GC(1310) Phase 4: Move objects
[47.684s][info][gc,phases      ] GC(1310) Phase 4: Move objects 0.670ms
[47.684s][info][gc,heap        ] GC(1310) DefNew: 157172K(157248K)->144693K(157248K) Eden: 139776K(139776K)->139284K(139776K) From: 17396K(17472K)->5409K(17472K)
[47.684s][info][gc,heap        ] GC(1310) Tenured: 349389K(349568K)->349389K(349568K)
[47.684s][info][gc,metaspace   ] GC(1310) Metaspace: 30972K(31488K)->30972K(31488K) NonClass: 27722K(28032K)->27722K(28032K) Class: 3250K(3456K)->3250K(3456K)
[47.685s][info][gc             ] GC(1310) Pause Full (Allocation Failure) 494M->482M(494M) 15.645ms
[47.685s][info][gc,cpu         ] GC(1310) User=0.02s Sys=0.00s Real=0.02s
[47.692s][info][gc,start       ] GC(1311) Pause Full (Allocation Failure)
[47.692s][info][gc,phases,start] GC(1311) Phase 1: Mark live objects
[47.700s][info][gc,phases      ] GC(1311) Phase 1: Mark live objects 7.407ms
[47.700s][info][gc,phases,start] GC(1311) Phase 2: Compute new object addresses
[47.702s][info][gc,phases      ] GC(1311) Phase 2: Compute new object addresses 2.137ms
[47.702s][info][gc,phases,start] GC(1311) Phase 3: Adjust pointers
[47.707s][info][gc,phases      ] GC(1311) Phase 3: Adjust pointers 4.869ms
[47.707s][info][gc,phases,start] GC(1311) Phase 4: Move objects
[47.708s][info][gc,phases      ] GC(1311) Phase 4: Move objects 0.676ms
[47.708s][info][gc,heap        ] GC(1311) DefNew: 157002K(157248K)->144212K(157248K) Eden: 139776K(139776K)->138797K(139776K) From: 17226K(17472K)->5414K(17472K)
[47.708s][info][gc,heap        ] GC(1311) Tenured: 349389K(349568K)->348876K(349568K)
[47.708s][info][gc,metaspace   ] GC(1311) Metaspace: 30972K(31488K)->30972K(31488K) NonClass: 27722K(28032K)->27722K(28032K) Class: 3250K(3456K)->3250K(3456K)
[47.708s][info][gc             ] GC(1311) Pause Full (Allocation Failure) 494M->481M(494M) 15.430ms
[47.708s][info][gc,cpu         ] GC(1311) User=0.01s Sys=0.00s Real=0.02s
[47.713s][info][gc,start       ] GC(1312) Pause Full (Allocation Failure)
[47.713s][info][gc,phases,start] GC(1312) Phase 1: Mark live objects
[47.720s][info][gc,phases      ] GC(1312) Phase 1: Mark live objects 7.766ms
[47.720s][info][gc,phases,start] GC(1312) Phase 2: Compute new object addresses
[47.723s][info][gc,phases      ] GC(1312) Phase 2: Compute new object addresses 2.366ms
[47.723s][info][gc,phases,start] GC(1312) Phase 3: Adjust pointers
[47.728s][info][gc,phases      ] GC(1312) Phase 3: Adjust pointers 5.267ms
[47.728s][info][gc,phases,start] GC(1312) Phase 4: Move objects
[47.729s][info][gc,phases      ] GC(1312) Phase 4: Move objects 0.597ms
[47.729s][info][gc,heap        ] GC(1312) DefNew: 157129K(157248K)->143974K(157248K) Eden: 139776K(139776K)->139345K(139776K) From: 17353K(17472K)->4628K(17472K)
[47.729s][info][gc,heap        ] GC(1312) Tenured: 349389K(349568K)->349389K(349568K)
[47.729s][info][gc,metaspace   ] GC(1312) Metaspace: 30972K(31488K)->30972K(31488K) NonClass: 27722K(28032K)->27722K(28032K) Class: 3250K(3456K)->3250K(3456K)
[47.729s][info][gc             ] GC(1312) Pause Full (Allocation Failure) 494M->481M(494M) 16.338ms
[47.729s][info][gc,cpu         ] GC(1312) User=0.02s Sys=0.00s Real=0.02s
[47.734s][info][gc,start       ] GC(1313) Pause Full (Allocation Failure)
[47.734s][info][gc,phases,start] GC(1313) Phase 1: Mark live objects
[47.742s][info][gc,phases      ] GC(1313) Phase 1: Mark live objects 7.343ms
[47.742s][info][gc,phases,start] GC(1313) Phase 2: Compute new object addresses
[47.744s][info][gc,phases      ] GC(1313) Phase 2: Compute new object addresses 2.098ms
[47.744s][info][gc,phases,start] GC(1313) Phase 3: Adjust pointers
[47.749s][info][gc,phases      ] GC(1313) Phase 3: Adjust pointers 4.757ms
[47.749s][info][gc,phases,start] GC(1313) Phase 4: Move objects
[47.749s][info][gc,phases      ] GC(1313) Phase 4: Move objects 0.612ms
[47.749s][info][gc,heap        ] GC(1313) DefNew: 157138K(157248K)->144764K(157248K) Eden: 139776K(139776K)->139105K(139776K) From: 17362K(17472K)->5658K(17472K)
[47.749s][info][gc,heap        ] GC(1313) Tenured: 349389K(349568K)->349389K(349568K)
[47.749s][info][gc,metaspace   ] GC(1313) Metaspace: 30972K(31488K)->30972K(31488K) NonClass: 27722K(28032K)->27722K(28032K) Class: 3250K(3456K)->3250K(3456K)
[47.749s][info][gc             ] GC(1313) Pause Full (Allocation Failure) 494M->482M(494M) 15.136ms
[47.749s][info][gc,cpu         ] GC(1313) User=0.02s Sys=0.00s Real=0.02s
[47.754s][info][gc,start       ] GC(1314) Pause Full (Allocation Failure)
[47.754s][info][gc,phases,start] GC(1314) Phase 1: Mark live objects
[47.762s][info][gc,phases      ] GC(1314) Phase 1: Mark live objects 7.272ms
[47.762s][info][gc,phases,start] GC(1314) Phase 2: Compute new object addresses
[47.764s][info][gc,phases      ] GC(1314) Phase 2: Compute new object addresses 2.182ms
[47.764s][info][gc,phases,start] GC(1314) Phase 3: Adjust pointers
[47.769s][info][gc,phases      ] GC(1314) Phase 3: Adjust pointers 4.800ms
[47.769s][info][gc,phases,start] GC(1314) Phase 4: Move objects
[47.769s][info][gc,phases      ] GC(1314) Phase 4: Move objects 0.639ms
[47.770s][info][gc,heap        ] GC(1314) DefNew: 157230K(157248K)->144791K(157248K) Eden: 139776K(139776K)->139127K(139776K) From: 17454K(17472K)->5663K(17472K)
[47.770s][info][gc,heap        ] GC(1314) Tenured: 349389K(349568K)->349389K(349568K)
[47.770s][info][gc,metaspace   ] GC(1314) Metaspace: 30972K(31488K)->30972K(31488K) NonClass: 27722K(28032K)->27722K(28032K) Class: 3250K(3456K)->3250K(3456K)
[47.770s][info][gc             ] GC(1314) Pause Full (Allocation Failure) 494M->482M(494M) 15.211ms
[47.770s][info][gc,cpu         ] GC(1314) User=0.02s Sys=0.00s Real=0.02s
[47.775s][info][gc,start       ] GC(1315) Pause Full (Allocation Failure)
[47.775s][info][gc,phases,start] GC(1315) Phase 1: Mark live objects
[47.782s][info][gc,phases      ] GC(1315) Phase 1: Mark live objects 7.248ms
[47.782s][info][gc,phases,start] GC(1315) Phase 2: Compute new object addresses
[47.784s][info][gc,phases      ] GC(1315) Phase 2: Compute new object addresses 2.149ms
[47.784s][info][gc,phases,start] GC(1315) Phase 3: Adjust pointers
[47.789s][info][gc,phases      ] GC(1315) Phase 3: Adjust pointers 5.397ms
[47.789s][info][gc,phases,start] GC(1315) Phase 4: Move objects
[47.791s][info][gc,phases      ] GC(1315) Phase 4: Move objects 1.327ms
[47.791s][info][gc,heap        ] GC(1315) DefNew: 157202K(157248K)->144042K(157248K) Eden: 139776K(139776K)->138859K(139776K) From: 17426K(17472K)->5182K(17472K)
[47.791s][info][gc,heap        ] GC(1315) Tenured: 349389K(349568K)->348876K(349568K)
[47.791s][info][gc,metaspace   ] GC(1315) Metaspace: 30972K(31488K)->30972K(31488K) NonClass: 27722K(28032K)->27722K(28032K) Class: 3250K(3456K)->3250K(3456K)
[47.791s][info][gc             ] GC(1315) Pause Full (Allocation Failure) 494M->481M(494M) 16.478ms
[47.791s][info][gc,cpu         ] GC(1315) User=0.01s Sys=0.00s Real=0.02s
[47.801s][info][gc,start       ] GC(1316) Pause Full (Allocation Failure)
[47.801s][info][gc,phases,start] GC(1316) Phase 1: Mark live objects
[47.808s][info][gc,phases      ] GC(1316) Phase 1: Mark live objects 7.631ms
[47.808s][info][gc,phases,start] GC(1316) Phase 2: Compute new object addresses
[47.811s][info][gc,phases      ] GC(1316) Phase 2: Compute new object addresses 2.257ms
[47.811s][info][gc,phases,start] GC(1316) Phase 3: Adjust pointers
[47.816s][info][gc,phases      ] GC(1316) Phase 3: Adjust pointers 5.330ms
[47.816s][info][gc,phases,start] GC(1316) Phase 4: Move objects
[47.817s][info][gc,phases      ] GC(1316) Phase 4: Move objects 0.678ms
[47.817s][info][gc,heap        ] GC(1316) DefNew: 157248K(157248K)->143810K(157248K) Eden: 139776K(139776K)->139172K(139776K) From: 17472K(17472K)->4638K(17472K)
[47.817s][info][gc,heap        ] GC(1316) Tenured: 349567K(349568K)->349567K(349568K)
[47.817s][info][gc,metaspace   ] GC(1316) Metaspace: 30972K(31488K)->30972K(31488K) NonClass: 27722K(28032K)->27722K(28032K) Class: 3250K(3456K)->3250K(3456K)
[47.817s][info][gc             ] GC(1316) Pause Full (Allocation Failure) 494M->481M(494M) 16.225ms
[47.817s][info][gc,cpu         ] GC(1316) User=0.02s Sys=0.01s Real=0.02s
[47.820s][info][gc,start       ] GC(1317) Pause Full (Allocation Failure)
[47.820s][info][gc,phases,start] GC(1317) Phase 1: Mark live objects
[47.829s][info][gc,phases      ] GC(1317) Phase 1: Mark live objects 8.489ms
[47.829s][info][gc,phases,start] GC(1317) Phase 2: Compute new object addresses
[47.832s][info][gc,phases      ] GC(1317) Phase 2: Compute new object addresses 3.003ms
[47.832s][info][gc,phases,start] GC(1317) Phase 3: Adjust pointers
[47.838s][info][gc,phases      ] GC(1317) Phase 3: Adjust pointers 6.556ms
[47.839s][info][gc,phases,start] GC(1317) Phase 4: Move objects
[47.840s][info][gc,phases      ] GC(1317) Phase 4: Move objects 1.318ms
[47.840s][info][gc,heap        ] GC(1317) DefNew: 157248K(157248K)->144097K(157248K) Eden: 139776K(139776K)->139482K(139776K) From: 17472K(17472K)->4615K(17472K)
[47.840s][info][gc,heap        ] GC(1317) Tenured: 349567K(349568K)->349567K(349568K)
[47.840s][info][gc,metaspace   ] GC(1317) Metaspace: 30972K(31488K)->30972K(31488K) NonClass: 27722K(28032K)->27722K(28032K) Class: 3250K(3456K)->3250K(3456K)
[47.840s][info][gc             ] GC(1317) Pause Full (Allocation Failure) 494M->482M(494M) 19.741ms
[47.840s][info][gc,cpu         ] GC(1317) User=0.01s Sys=0.01s Real=0.02s
[47.842s][info][gc,start       ] GC(1318) Pause Full (Allocation Failure)
[47.842s][info][gc,phases,start] GC(1318) Phase 1: Mark live objects
[47.850s][info][gc,phases      ] GC(1318) Phase 1: Mark live objects 8.099ms
[47.850s][info][gc,phases,start] GC(1318) Phase 2: Compute new object addresses
[47.853s][info][gc,phases      ] GC(1318) Phase 2: Compute new object addresses 2.395ms
[47.853s][info][gc,phases,start] GC(1318) Phase 3: Adjust pointers
[47.858s][info][gc,phases      ] GC(1318) Phase 3: Adjust pointers 5.874ms
[47.858s][info][gc,phases,start] GC(1318) Phase 4: Move objects
[47.859s][info][gc,phases      ] GC(1318) Phase 4: Move objects 0.775ms
[47.859s][info][gc,heap        ] GC(1318) DefNew: 157053K(157248K)->145131K(157248K) Eden: 139776K(139776K)->139746K(139776K) From: 17277K(17472K)->5384K(17472K)
[47.859s][info][gc,heap        ] GC(1318) Tenured: 349567K(349568K)->349567K(349568K)
[47.859s][info][gc,metaspace   ] GC(1318) Metaspace: 30972K(31488K)->30972K(31488K) NonClass: 27722K(28032K)->27722K(28032K) Class: 3250K(3456K)->3250K(3456K)
[47.859s][info][gc             ] GC(1318) Pause Full (Allocation Failure) 494M->483M(494M) 17.501ms
[47.859s][info][gc,cpu         ] GC(1318) User=0.01s Sys=0.00s Real=0.02s
[47.870s][info][gc,start       ] GC(1319) Pause Full (Allocation Failure)
[47.870s][info][gc,phases,start] GC(1319) Phase 1: Mark live objects
[47.878s][info][gc,phases      ] GC(1319) Phase 1: Mark live objects 7.659ms
[47.878s][info][gc,phases,start] GC(1319) Phase 2: Compute new object addresses
[47.881s][info][gc,phases      ] GC(1319) Phase 2: Compute new object addresses 2.437ms
[47.881s][info][gc,phases,start] GC(1319) Phase 3: Adjust pointers
[47.886s][info][gc,phases      ] GC(1319) Phase 3: Adjust pointers 5.005ms
[47.886s][info][gc,phases,start] GC(1319) Phase 4: Move objects
[47.894s][info][gc,phases      ] GC(1319) Phase 4: Move objects 8.702ms
[47.895s][info][gc,heap        ] GC(1319) DefNew: 156726K(157248K)->141814K(157248K) Eden: 139776K(139776K)->139766K(139776K) From: 16950K(17472K)->2048K(17472K)
[47.895s][info][gc,heap        ] GC(1319) Tenured: 349567K(349568K)->348897K(349568K)
[47.895s][info][gc,metaspace   ] GC(1319) Metaspace: 30972K(31488K)->30972K(31488K) NonClass: 27722K(28032K)->27722K(28032K) Class: 3250K(3456K)->3250K(3456K)
[47.895s][info][gc             ] GC(1319) Pause Full (Allocation Failure) 494M->479M(494M) 24.172ms
[47.895s][info][gc,cpu         ] GC(1319) User=0.02s Sys=0.00s Real=0.02s
[47.901s][info][gc,start       ] GC(1320) Pause Full (Allocation Failure)
[47.901s][info][gc,phases,start] GC(1320) Phase 1: Mark live objects
[47.908s][info][gc,phases      ] GC(1320) Phase 1: Mark live objects 7.593ms
[47.908s][info][gc,phases,start] GC(1320) Phase 2: Compute new object addresses
[47.911s][info][gc,phases      ] GC(1320) Phase 2: Compute new object addresses 2.124ms
[47.911s][info][gc,phases,start] GC(1320) Phase 3: Adjust pointers
[47.916s][info][gc,phases      ] GC(1320) Phase 3: Adjust pointers 5.131ms
[47.916s][info][gc,phases,start] GC(1320) Phase 4: Move objects
[47.916s][info][gc,phases      ] GC(1320) Phase 4: Move objects 0.580ms
[47.917s][info][gc,heap        ] GC(1320) DefNew: 157247K(157248K)->144642K(157248K) Eden: 139776K(139776K)->139759K(139776K) From: 17471K(17472K)->4882K(17472K)
[47.917s][info][gc,heap        ] GC(1320) Tenured: 349167K(349568K)->349167K(349568K)
[47.917s][info][gc,metaspace   ] GC(1320) Metaspace: 30972K(31488K)->30972K(31488K) NonClass: 27722K(28032K)->27722K(28032K) Class: 3250K(3456K)->3250K(3456K)
[47.917s][info][gc             ] GC(1320) Pause Full (Allocation Failure) 494M->482M(494M) 15.763ms
[47.917s][info][gc,cpu         ] GC(1320) User=0.02s Sys=0.00s Real=0.02s
[47.927s][info][gc,start       ] GC(1321) Pause Full (Allocation Failure)
[47.927s][info][gc,phases,start] GC(1321) Phase 1: Mark live objects
[47.935s][info][gc,phases      ] GC(1321) Phase 1: Mark live objects 7.696ms
[47.935s][info][gc,phases,start] GC(1321) Phase 2: Compute new object addresses
[47.938s][info][gc,phases      ] GC(1321) Phase 2: Compute new object addresses 3.149ms
[47.938s][info][gc,phases,start] GC(1321) Phase 3: Adjust pointers
[47.944s][info][gc,phases      ] GC(1321) Phase 3: Adjust pointers 5.856ms
[47.944s][info][gc,phases,start] GC(1321) Phase 4: Move objects
[47.944s][info][gc,phases      ] GC(1321) Phase 4: Move objects 0.562ms
[47.945s][info][gc,heap        ] GC(1321) DefNew: 156718K(157248K)->143377K(157248K) Eden: 139776K(139776K)->139770K(139776K) From: 16942K(17472K)->3607K(17472K)
[47.945s][info][gc,heap        ] GC(1321) Tenured: 349167K(349568K)->349167K(349568K)
[47.945s][info][gc,metaspace   ] GC(1321) Metaspace: 30972K(31488K)->30972K(31488K) NonClass: 27722K(28032K)->27722K(28032K) Class: 3250K(3456K)->3250K(3456K)
[47.945s][info][gc             ] GC(1321) Pause Full (Allocation Failure) 494M->481M(494M) 17.648ms
[47.945s][info][gc,cpu         ] GC(1321) User=0.02s Sys=0.00s Real=0.02s
[47.951s][info][gc,start       ] GC(1322) Pause Full (Allocation Failure)
[47.951s][info][gc,phases,start] GC(1322) Phase 1: Mark live objects
[47.959s][info][gc,phases      ] GC(1322) Phase 1: Mark live objects 8.214ms
[47.959s][info][gc,phases,start] GC(1322) Phase 2: Compute new object addresses
[47.961s][info][gc,phases      ] GC(1322) Phase 2: Compute new object addresses 2.307ms
[47.961s][info][gc,phases,start] GC(1322) Phase 3: Adjust pointers
[47.966s][info][gc,phases      ] GC(1322) Phase 3: Adjust pointers 4.948ms
[47.966s][info][gc,phases,start] GC(1322) Phase 4: Move objects
[47.967s][info][gc,phases      ] GC(1322) Phase 4: Move objects 0.591ms
[47.967s][info][gc,heap        ] GC(1322) DefNew: 157197K(157248K)->144922K(157248K) Eden: 139775K(139776K)->138763K(139776K) From: 17421K(17472K)->6158K(17472K)
[47.967s][info][gc,heap        ] GC(1322) Tenured: 349423K(349568K)->349423K(349568K)
[47.967s][info][gc,metaspace   ] GC(1322) Metaspace: 30972K(31488K)->30972K(31488K) NonClass: 27722K(28032K)->27722K(28032K) Class: 3250K(3456K)->3250K(3456K)
[47.967s][info][gc             ] GC(1322) Pause Full (Allocation Failure) 494M->482M(494M) 16.378ms
[47.967s][info][gc,cpu         ] GC(1322) User=0.01s Sys=0.00s Real=0.02s
[47.972s][info][gc,start       ] GC(1323) Pause Full (Allocation Failure)
[47.972s][info][gc,phases,start] GC(1323) Phase 1: Mark live objects
[47.979s][info][gc,phases      ] GC(1323) Phase 1: Mark live objects 7.329ms
[47.979s][info][gc,phases,start] GC(1323) Phase 2: Compute new object addresses
[47.981s][info][gc,phases      ] GC(1323) Phase 2: Compute new object addresses 2.175ms
[47.981s][info][gc,phases,start] GC(1323) Phase 3: Adjust pointers
[47.986s][info][gc,phases      ] GC(1323) Phase 3: Adjust pointers 4.949ms
[47.986s][info][gc,phases,start] GC(1323) Phase 4: Move objects
[47.987s][info][gc,phases      ] GC(1323) Phase 4: Move objects 0.657ms
[47.987s][info][gc,heap        ] GC(1323) DefNew: 157106K(157248K)->144946K(157248K) Eden: 139776K(139776K)->139303K(139776K) From: 17330K(17472K)->5643K(17472K)
[47.987s][info][gc,heap        ] GC(1323) Tenured: 349423K(349568K)->348897K(349568K)
[47.987s][info][gc,metaspace   ] GC(1323) Metaspace: 30972K(31488K)->30972K(31488K) NonClass: 27722K(28032K)->27722K(28032K) Class: 3250K(3456K)->3250K(3456K)
[47.987s][info][gc             ] GC(1323) Pause Full (Allocation Failure) 494M->482M(494M) 15.415ms
[47.987s][info][gc,cpu         ] GC(1323) User=0.02s Sys=0.00s Real=0.02s
[47.995s][info][gc,start       ] GC(1324) Pause Full (Allocation Failure)
[47.995s][info][gc,phases,start] GC(1324) Phase 1: Mark live objects
[48.003s][info][gc,phases      ] GC(1324) Phase 1: Mark live objects 7.504ms
[48.003s][info][gc,phases,start] GC(1324) Phase 2: Compute new object addresses
[48.005s][info][gc,phases      ] GC(1324) Phase 2: Compute new object addresses 2.289ms
[48.005s][info][gc,phases,start] GC(1324) Phase 3: Adjust pointers
[48.010s][info][gc,phases      ] GC(1324) Phase 3: Adjust pointers 5.334ms
[48.010s][info][gc,phases,start] GC(1324) Phase 4: Move objects
[48.011s][info][gc,phases      ] GC(1324) Phase 4: Move objects 0.588ms
[48.011s][info][gc,heap        ] GC(1324) DefNew: 157099K(157248K)->143933K(157248K) Eden: 139776K(139776K)->139308K(139776K) From: 17323K(17472K)->4625K(17472K)
[48.011s][info][gc,heap        ] GC(1324) Tenured: 349410K(349568K)->349410K(349568K)
[48.011s][info][gc,metaspace   ] GC(1324) Metaspace: 30972K(31488K)->30972K(31488K) NonClass: 27722K(28032K)->27722K(28032K) Class: 3250K(3456K)->3250K(3456K)
[48.011s][info][gc             ] GC(1324) Pause Full (Allocation Failure) 494M->481M(494M) 16.053ms
[48.011s][info][gc,cpu         ] GC(1324) User=0.02s Sys=0.00s Real=0.02s
[48.016s][info][gc,start       ] GC(1325) Pause Full (Allocation Failure)
[48.016s][info][gc,phases,start] GC(1325) Phase 1: Mark live objects
[48.024s][info][gc,phases      ] GC(1325) Phase 1: Mark live objects 8.089ms
[48.024s][info][gc,phases,start] GC(1325) Phase 2: Compute new object addresses
[48.027s][info][gc,phases      ] GC(1325) Phase 2: Compute new object addresses 2.305ms
[48.027s][info][gc,phases,start] GC(1325) Phase 3: Adjust pointers
[48.032s][info][gc,phases      ] GC(1325) Phase 3: Adjust pointers 5.371ms
[48.032s][info][gc,phases,start] GC(1325) Phase 4: Move objects
[48.033s][info][gc,phases      ] GC(1325) Phase 4: Move objects 0.629ms
[48.033s][info][gc,heap        ] GC(1325) DefNew: 157000K(157248K)->144710K(157248K) Eden: 139776K(139776K)->139067K(139776K) From: 17224K(17472K)->5643K(17472K)
[48.033s][info][gc,heap        ] GC(1325) Tenured: 349410K(349568K)->349410K(349568K)
[48.033s][info][gc,metaspace   ] GC(1325) Metaspace: 30972K(31488K)->30972K(31488K) NonClass: 27722K(28032K)->27722K(28032K) Class: 3250K(3456K)->3250K(3456K)
[48.033s][info][gc             ] GC(1325) Pause Full (Allocation Failure) 494M->482M(494M) 16.745ms
[48.033s][info][gc,cpu         ] GC(1325) User=0.00s Sys=0.02s Real=0.01s
[48.037s][info][gc,start       ] GC(1326) Pause Full (Allocation Failure)
[48.037s][info][gc,phases,start] GC(1326) Phase 1: Mark live objects
[48.044s][info][gc,phases      ] GC(1326) Phase 1: Mark live objects 7.720ms
[48.044s][info][gc,phases,start] GC(1326) Phase 2: Compute new object addresses
[48.047s][info][gc,phases      ] GC(1326) Phase 2: Compute new object addresses 2.410ms
[48.047s][info][gc,phases,start] GC(1326) Phase 3: Adjust pointers
[48.052s][info][gc,phases      ] GC(1326) Phase 3: Adjust pointers 5.363ms
[48.052s][info][gc,phases,start] GC(1326) Phase 4: Move objects
[48.053s][info][gc,phases      ] GC(1326) Phase 4: Move objects 0.686ms
[48.053s][info][gc,heap        ] GC(1326) DefNew: 157222K(157248K)->144718K(157248K) Eden: 139776K(139776K)->139331K(139776K) From: 17446K(17472K)->5386K(17472K)
[48.053s][info][gc,heap        ] GC(1326) Tenured: 349410K(349568K)->349410K(349568K)
[48.053s][info][gc,metaspace   ] GC(1326) Metaspace: 30972K(31488K)->30972K(31488K) NonClass: 27722K(28032K)->27722K(28032K) Class: 3250K(3456K)->3250K(3456K)
[48.053s][info][gc             ] GC(1326) Pause Full (Allocation Failure) 494M->482M(494M) 16.479ms
[48.053s][info][gc,cpu         ] GC(1326) User=0.01s Sys=0.00s Real=0.01s
[48.064s][info][gc,start       ] GC(1327) Pause Full (Allocation Failure)
[48.064s][info][gc,phases,start] GC(1327) Phase 1: Mark live objects
[48.072s][info][gc,phases      ] GC(1327) Phase 1: Mark live objects 8.068ms
[48.072s][info][gc,phases,start] GC(1327) Phase 2: Compute new object addresses
[48.074s][info][gc,phases      ] GC(1327) Phase 2: Compute new object addresses 2.562ms
[48.074s][info][gc,phases,start] GC(1327) Phase 3: Adjust pointers
[48.079s][info][gc,phases      ] GC(1327) Phase 3: Adjust pointers 4.923ms
[48.079s][info][gc,phases,start] GC(1327) Phase 4: Move objects
[48.080s][info][gc,phases      ] GC(1327) Phase 4: Move objects 0.283ms
[48.080s][info][gc,heap        ] GC(1327) DefNew: 157145K(157248K)->140891K(157248K) Eden: 139776K(139776K)->138820K(139776K) From: 17369K(17472K)->2070K(17472K)
[48.080s][info][gc,heap        ] GC(1327) Tenured: 349410K(349568K)->348897K(349568K)
[48.080s][info][gc,metaspace   ] GC(1327) Metaspace: 30972K(31488K)->30972K(31488K) NonClass: 27722K(28032K)->27722K(28032K) Class: 3250K(3456K)->3250K(3456K)
[48.080s][info][gc             ] GC(1327) Pause Full (Allocation Failure) 494M->478M(494M) 16.176ms
[48.080s][info][gc,cpu         ] GC(1327) User=0.02s Sys=0.00s Real=0.02s
[48.090s][info][gc,start       ] GC(1328) Pause Full (Allocation Failure)
[48.090s][info][gc,phases,start] GC(1328) Phase 1: Mark live objects
[48.098s][info][gc,phases      ] GC(1328) Phase 1: Mark live objects 8.003ms
[48.098s][info][gc,phases,start] GC(1328) Phase 2: Compute new object addresses
[48.101s][info][gc,phases      ] GC(1328) Phase 2: Compute new object addresses 2.367ms
[48.101s][info][gc,phases,start] GC(1328) Phase 3: Adjust pointers
[48.106s][info][gc,phases      ] GC(1328) Phase 3: Adjust pointers 5.286ms
[48.106s][info][gc,phases,start] GC(1328) Phase 4: Move objects
[48.107s][info][gc,phases      ] GC(1328) Phase 4: Move objects 0.611ms
[48.107s][info][gc,heap        ] GC(1328) DefNew: 157248K(157248K)->144509K(157248K) Eden: 139776K(139776K)->139609K(139776K) From: 17472K(17472K)->4899K(17472K)
[48.107s][info][gc,heap        ] GC(1328) Tenured: 349567K(349568K)->349567K(349568K)
[48.107s][info][gc,metaspace   ] GC(1328) Metaspace: 30972K(31488K)->30972K(31488K) NonClass: 27722K(28032K)->27722K(28032K) Class: 3250K(3456K)->3250K(3456K)
[48.107s][info][gc             ] GC(1328) Pause Full (Allocation Failure) 494M->482M(494M) 16.617ms
[48.107s][info][gc,cpu         ] GC(1328) User=0.01s Sys=0.00s Real=0.02s
[48.108s][info][gc,start       ] GC(1329) Pause Full (Allocation Failure)
[48.108s][info][gc,phases,start] GC(1329) Phase 1: Mark live objects
[48.115s][info][gc,phases      ] GC(1329) Phase 1: Mark live objects 7.458ms
[48.115s][info][gc,phases,start] GC(1329) Phase 2: Compute new object addresses
[48.118s][info][gc,phases      ] GC(1329) Phase 2: Compute new object addresses 2.275ms
[48.118s][info][gc,phases,start] GC(1329) Phase 3: Adjust pointers
[48.123s][info][gc,phases      ] GC(1329) Phase 3: Adjust pointers 5.336ms
[48.123s][info][gc,phases,start] GC(1329) Phase 4: Move objects
[48.124s][info][gc,phases      ] GC(1329) Phase 4: Move objects 1.022ms
[48.124s][info][gc,heap        ] GC(1329) DefNew: 156769K(157248K)->149389K(157248K) Eden: 139776K(139776K)->139401K(139776K) From: 16993K(17472K)->9988K(17472K)
[48.124s][info][gc,heap        ] GC(1329) Tenured: 349567K(349568K)->349567K(349568K)
[48.124s][info][gc,metaspace   ] GC(1329) Metaspace: 30972K(31488K)->30972K(31488K) NonClass: 27722K(28032K)->27722K(28032K) Class: 3250K(3456K)->3250K(3456K)
[48.124s][info][gc             ] GC(1329) Pause Full (Allocation Failure) 494M->487M(494M) 16.451ms
[48.124s][info][gc,cpu         ] GC(1329) User=0.02s Sys=0.00s Real=0.02s
[48.125s][info][gc,start       ] GC(1330) Pause Full (Allocation Failure)
[48.125s][info][gc,phases,start] GC(1330) Phase 1: Mark live objects
[48.133s][info][gc,phases      ] GC(1330) Phase 1: Mark live objects 7.825ms
[48.133s][info][gc,phases,start] GC(1330) Phase 2: Compute new object addresses
[48.135s][info][gc,phases      ] GC(1330) Phase 2: Compute new object addresses 2.397ms
[48.135s][info][gc,phases,start] GC(1330) Phase 3: Adjust pointers
[48.141s][info][gc,phases      ] GC(1330) Phase 3: Adjust pointers 5.531ms
[48.141s][info][gc,phases,start] GC(1330) Phase 4: Move objects
[48.142s][info][gc,phases      ] GC(1330) Phase 4: Move objects 1.422ms
[48.142s][info][gc,heap        ] GC(1330) DefNew: 157191K(157248K)->149639K(157248K) Eden: 139776K(139776K)->139395K(139776K) From: 17415K(17472K)->10244K(17472K)
[48.142s][info][gc,heap        ] GC(1330) Tenured: 349567K(349568K)->349567K(349568K)
[48.142s][info][gc,metaspace   ] GC(1330) Metaspace: 30972K(31488K)->30972K(31488K) NonClass: 27722K(28032K)->27722K(28032K) Class: 3250K(3456K)->3250K(3456K)
[48.143s][info][gc             ] GC(1330) Pause Full (Allocation Failure) 494M->487M(494M) 17.582ms
[48.143s][info][gc,cpu         ] GC(1330) User=0.02s Sys=0.00s Real=0.01s
[48.143s][info][gc,start       ] GC(1331) Pause Full (Allocation Failure)
[48.143s][info][gc,phases,start] GC(1331) Phase 1: Mark live objects
[48.152s][info][gc,phases      ] GC(1331) Phase 1: Mark live objects 8.501ms
[48.152s][info][gc,phases,start] GC(1331) Phase 2: Compute new object addresses
[48.154s][info][gc,phases      ] GC(1331) Phase 2: Compute new object addresses 2.250ms
[48.154s][info][gc,phases,start] GC(1331) Phase 3: Adjust pointers
[48.159s][info][gc,phases      ] GC(1331) Phase 3: Adjust pointers 5.200ms
[48.160s][info][gc,phases,start] GC(1331) Phase 4: Move objects
[48.169s][info][gc,phases      ] GC(1331) Phase 4: Move objects 9.009ms
[48.169s][info][gc,heap        ] GC(1331) DefNew: 156457K(157248K)->152455K(157248K) Eden: 139776K(139776K)->139394K(139776K) From: 16681K(17472K)->13061K(17472K)
[48.169s][info][gc,heap        ] GC(1331) Tenured: 349567K(349568K)->348902K(349568K)
[48.169s][info][gc,metaspace   ] GC(1331) Metaspace: 30972K(31488K)->30972K(31488K) NonClass: 27722K(28032K)->27722K(28032K) Class: 3250K(3456K)->3250K(3456K)
[48.169s][info][gc             ] GC(1331) Pause Full (Allocation Failure) 494M->489M(494M) 25.411ms
[48.169s][info][gc,cpu         ] GC(1331) User=0.03s Sys=0.00s Real=0.03s
[48.169s][info][gc,start       ] GC(1332) Pause Full (Allocation Failure)
[48.169s][info][gc,phases,start] GC(1332) Phase 1: Mark live objects
[48.178s][info][gc,phases      ] GC(1332) Phase 1: Mark live objects 8.629ms
[48.178s][info][gc,phases,start] GC(1332) Phase 2: Compute new object addresses
[48.180s][info][gc,phases      ] GC(1332) Phase 2: Compute new object addresses 2.374ms
[48.180s][info][gc,phases,start] GC(1332) Phase 3: Adjust pointers
[48.186s][info][gc,phases      ] GC(1332) Phase 3: Adjust pointers 5.181ms
[48.186s][info][gc,phases,start] GC(1332) Phase 4: Move objects
[48.186s][info][gc,phases      ] GC(1332) Phase 4: Move objects 0.788ms
[48.187s][info][gc,heap        ] GC(1332) DefNew: 157190K(157248K)->151695K(157248K) Eden: 139776K(139776K)->139401K(139776K) From: 17414K(17472K)->12293K(17472K)
[48.187s][info][gc,heap        ] GC(1332) Tenured: 349414K(349568K)->349414K(349568K)
[48.187s][info][gc,metaspace   ] GC(1332) Metaspace: 30972K(31488K)->30972K(31488K) NonClass: 27722K(28032K)->27722K(28032K) Class: 3250K(3456K)->3250K(3456K)
[48.187s][info][gc             ] GC(1332) Pause Full (Allocation Failure) 494M->489M(494M) 17.312ms
[48.187s][info][gc,cpu         ] GC(1332) User=0.02s Sys=0.00s Real=0.02s
[48.187s][info][gc,start       ] GC(1333) Pause Full (Allocation Failure)
[48.187s][info][gc,phases,start] GC(1333) Phase 1: Mark live objects
[48.194s][info][gc,phases      ] GC(1333) Phase 1: Mark live objects 7.066ms
[48.194s][info][gc,phases,start] GC(1333) Phase 2: Compute new object addresses
[48.196s][info][gc,phases      ] GC(1333) Phase 2: Compute new object addresses 2.095ms
[48.196s][info][gc,phases,start] GC(1333) Phase 3: Adjust pointers
[48.201s][info][gc,phases      ] GC(1333) Phase 3: Adjust pointers 5.059ms
[48.201s][info][gc,phases,start] GC(1333) Phase 4: Move objects
[48.202s][info][gc,phases      ] GC(1333) Phase 4: Move objects 0.908ms
[48.202s][info][gc,heap        ] GC(1333) DefNew: 156706K(157248K)->152973K(157248K) Eden: 139776K(139776K)->139142K(139776K) From: 16930K(17472K)->13831K(17472K)
[48.202s][info][gc,heap        ] GC(1333) Tenured: 349414K(349568K)->349414K(349568K)
[48.203s][info][gc,metaspace   ] GC(1333) Metaspace: 30972K(31488K)->30972K(31488K) NonClass: 27722K(28032K)->27722K(28032K) Class: 3250K(3456K)->3250K(3456K)
[48.203s][info][gc             ] GC(1333) Pause Full (Allocation Failure) 494M->490M(494M) 15.462ms
[48.203s][info][gc,cpu         ] GC(1333) User=0.01s Sys=0.00s Real=0.01s
[48.203s][info][gc,start       ] GC(1334) Pause Full (Allocation Failure)
[48.203s][info][gc,phases,start] GC(1334) Phase 1: Mark live objects
[48.211s][info][gc,phases      ] GC(1334) Phase 1: Mark live objects 8.035ms
[48.211s][info][gc,phases,start] GC(1334) Phase 2: Compute new object addresses
[48.213s][info][gc,phases      ] GC(1334) Phase 2: Compute new object addresses 2.273ms
[48.213s][info][gc,phases,start] GC(1334) Phase 3: Adjust pointers
[48.219s][info][gc,phases      ] GC(1334) Phase 3: Adjust pointers 5.346ms
[48.219s][info][gc,phases,start] GC(1334) Phase 4: Move objects
[48.220s][info][gc,phases      ] GC(1334) Phase 4: Move objects 0.673ms
[48.220s][info][gc,heap        ] GC(1334) DefNew: 156428K(157248K)->153998K(157248K) Eden: 139776K(139776K)->139399K(139776K) From: 16652K(17472K)->14599K(17472K)
[48.220s][info][gc,heap        ] GC(1334) Tenured: 349414K(349568K)->349414K(349568K)
[48.220s][info][gc,metaspace   ] GC(1334) Metaspace: 30972K(31488K)->30972K(31488K) NonClass: 27722K(28032K)->27722K(28032K) Class: 3250K(3456K)->3250K(3456K)
[48.220s][info][gc             ] GC(1334) Pause Full (Allocation Failure) 493M->491M(494M) 16.697ms
[48.220s][info][gc,cpu         ] GC(1334) User=0.02s Sys=0.00s Real=0.02s
[48.220s][info][gc,start       ] GC(1335) Pause Full (Allocation Failure)
[48.220s][info][gc,phases,start] GC(1335) Phase 1: Mark live objects
[48.227s][info][gc,phases      ] GC(1335) Phase 1: Mark live objects 7.110ms
[48.227s][info][gc,phases,start] GC(1335) Phase 2: Compute new object addresses
[48.229s][info][gc,phases      ] GC(1335) Phase 2: Compute new object addresses 2.010ms
[48.229s][info][gc,phases,start] GC(1335) Phase 3: Adjust pointers
[48.234s][info][gc,phases      ] GC(1335) Phase 3: Adjust pointers 4.869ms
[48.234s][info][gc,phases,start] GC(1335) Phase 4: Move objects
[48.234s][info][gc,phases      ] GC(1335) Phase 4: Move objects 0.211ms
[48.234s][info][gc,heap        ] GC(1335) DefNew: 156113K(157248K)->152975K(157248K) Eden: 139466K(139776K)->139400K(139776K) From: 16647K(17472K)->13575K(17472K)
[48.235s][info][gc,heap        ] GC(1335) Tenured: 349414K(349568K)->348902K(349568K)
[48.235s][info][gc,metaspace   ] GC(1335) Metaspace: 30972K(31488K)->30972K(31488K) NonClass: 27722K(28032K)->27722K(28032K) Class: 3250K(3456K)->3250K(3456K)
[48.235s][info][gc             ] GC(1335) Pause Full (Allocation Failure) 493M->490M(494M) 14.503ms
[48.235s][info][gc,cpu         ] GC(1335) User=0.01s Sys=0.00s Real=0.01s
[48.235s][info][gc,start       ] GC(1336) Pause Full (Allocation Failure)
[48.235s][info][gc,phases,start] GC(1336) Phase 1: Mark live objects
[48.242s][info][gc,phases      ] GC(1336) Phase 1: Mark live objects 7.092ms
[48.242s][info][gc,phases,start] GC(1336) Phase 2: Compute new object addresses
[48.244s][info][gc,phases      ] GC(1336) Phase 2: Compute new object addresses 2.081ms
[48.244s][info][gc,phases,start] GC(1336) Phase 3: Adjust pointers
[48.250s][info][gc,phases      ] GC(1336) Phase 3: Adjust pointers 5.288ms
[48.250s][info][gc,phases,start] GC(1336) Phase 4: Move objects
[48.250s][info][gc,phases      ] GC(1336) Phase 4: Move objects 0.622ms
[48.250s][info][gc,heap        ] GC(1336) DefNew: 156433K(157248K)->153776K(157248K) Eden: 139776K(139776K)->139687K(139776K) From: 16657K(17472K)->14089K(17472K)
[48.250s][info][gc,heap        ] GC(1336) Tenured: 348902K(349568K)->348902K(349568K)
[48.250s][info][gc,metaspace   ] GC(1336) Metaspace: 30972K(31488K)->30972K(31488K) NonClass: 27722K(28032K)->27722K(28032K) Class: 3250K(3456K)->3250K(3456K)
[48.251s][info][gc             ] GC(1336) Pause Full (Allocation Failure) 493M->490M(494M) 15.554ms
[48.251s][info][gc,cpu         ] GC(1336) User=0.02s Sys=0.00s Real=0.02s
[48.251s][info][gc,start       ] GC(1337) Pause Full (Allocation Failure)
[48.251s][info][gc,phases,start] GC(1337) Phase 1: Mark live objects
[48.260s][info][gc,phases      ] GC(1337) Phase 1: Mark live objects 8.635ms
[48.260s][info][gc,phases,start] GC(1337) Phase 2: Compute new object addresses
[48.262s][info][gc,phases      ] GC(1337) Phase 2: Compute new object addresses 2.395ms
[48.262s][info][gc,phases,start] GC(1337) Phase 3: Adjust pointers
[48.268s][info][gc,phases      ] GC(1337) Phase 3: Adjust pointers 5.399ms
[48.268s][info][gc,phases,start] GC(1337) Phase 4: Move objects
[48.268s][info][gc,phases      ] GC(1337) Phase 4: Move objects 0.663ms
[48.268s][info][gc,heap        ] GC(1337) DefNew: 156698K(157248K)->153774K(157248K) Eden: 139776K(139776K)->139426K(139776K) From: 16922K(17472K)->14347K(17472K)
[48.269s][info][gc,heap        ] GC(1337) Tenured: 348902K(349568K)->348902K(349568K)
[48.269s][info][gc,metaspace   ] GC(1337) Metaspace: 30972K(31488K)->30972K(31488K) NonClass: 27722K(28032K)->27722K(28032K) Class: 3250K(3456K)->3250K(3456K)
[48.269s][info][gc             ] GC(1337) Pause Full (Allocation Failure) 493M->490M(494M) 17.498ms
[48.269s][info][gc,cpu         ] GC(1337) User=0.01s Sys=0.01s Real=0.02s
[48.269s][info][gc,start       ] GC(1338) Pause Full (Allocation Failure)
[48.269s][info][gc,phases,start] GC(1338) Phase 1: Mark live objects
[48.278s][info][gc,phases      ] GC(1338) Phase 1: Mark live objects 8.635ms
[48.278s][info][gc,phases,start] GC(1338) Phase 2: Compute new object addresses
[48.280s][info][gc,phases      ] GC(1338) Phase 2: Compute new object addresses 2.558ms
[48.280s][info][gc,phases,start] GC(1338) Phase 3: Adjust pointers
[48.286s][info][gc,phases      ] GC(1338) Phase 3: Adjust pointers 5.366ms
[48.286s][info][gc,phases,start] GC(1338) Phase 4: Move objects
[48.287s][info][gc,phases      ] GC(1338) Phase 4: Move objects 1.267ms
[48.287s][info][gc,heap        ] GC(1338) DefNew: 156945K(157248K)->154554K(157248K) Eden: 139776K(139776K)->139438K(139776K) From: 17169K(17472K)->15115K(17472K)
[48.287s][info][gc,heap        ] GC(1338) Tenured: 348902K(349568K)->348902K(349568K)
[48.287s][info][gc,metaspace   ] GC(1338) Metaspace: 30972K(31488K)->30972K(31488K) NonClass: 27722K(28032K)->27722K(28032K) Class: 3250K(3456K)->3250K(3456K)
[48.287s][info][gc             ] GC(1338) Pause Full (Allocation Failure) 493M->491M(494M) 18.266ms
[48.287s][info][gc,cpu         ] GC(1338) User=0.01s Sys=0.00s Real=0.02s
[48.288s][info][gc,start       ] GC(1339) Pause Full (Allocation Failure)
[48.288s][info][gc,phases,start] GC(1339) Phase 1: Mark live objects
[48.296s][info][gc,phases      ] GC(1339) Phase 1: Mark live objects 7.993ms
[48.296s][info][gc,phases,start] GC(1339) Phase 2: Compute new object addresses
[48.298s][info][gc,phases      ] GC(1339) Phase 2: Compute new object addresses 2.106ms
[48.298s][info][gc,phases,start] GC(1339) Phase 3: Adjust pointers
[48.303s][info][gc,phases      ] GC(1339) Phase 3: Adjust pointers 4.954ms
[48.303s][info][gc,phases,start] GC(1339) Phase 4: Move objects
[48.303s][info][gc,phases      ] GC(1339) Phase 4: Move objects 0.317ms
[48.304s][info][gc,heap        ] GC(1339) DefNew: 157211K(157248K)->153274K(157248K) Eden: 139776K(139776K)->139694K(139776K) From: 17435K(17472K)->13580K(17472K)
[48.304s][info][gc,heap        ] GC(1339) Tenured: 349158K(349568K)->349158K(349568K)
[48.304s][info][gc,metaspace   ] GC(1339) Metaspace: 30972K(31488K)->30972K(31488K) NonClass: 27722K(28032K)->27722K(28032K) Class: 3250K(3456K)->3250K(3456K)
[48.304s][info][gc             ] GC(1339) Pause Full (Allocation Failure) 494M->490M(494M) 15.685ms
[48.304s][info][gc,cpu         ] GC(1339) User=0.02s Sys=0.00s Real=0.01s
[48.304s][info][gc,start       ] GC(1340) Pause Full (Allocation Failure)
[48.304s][info][gc,phases,start] GC(1340) Phase 1: Mark live objects
[48.311s][info][gc,phases      ] GC(1340) Phase 1: Mark live objects 6.829ms
[48.311s][info][gc,phases,start] GC(1340) Phase 2: Compute new object addresses
[48.313s][info][gc,phases      ] GC(1340) Phase 2: Compute new object addresses 2.008ms
[48.313s][info][gc,phases,start] GC(1340) Phase 3: Adjust pointers
[48.319s][info][gc,phases      ] GC(1340) Phase 3: Adjust pointers 5.643ms
[48.319s][info][gc,phases,start] GC(1340) Phase 4: Move objects
[48.320s][info][gc,phases      ] GC(1340) Phase 4: Move objects 1.243ms
[48.320s][info][gc,heap        ] GC(1340) DefNew: 157212K(157248K)->153270K(157248K) Eden: 139776K(139776K)->139435K(139776K) From: 17436K(17472K)->13834K(17472K)
[48.320s][info][gc,heap        ] GC(1340) Tenured: 349414K(349568K)->349414K(349568K)
[48.320s][info][gc,metaspace   ] GC(1340) Metaspace: 30972K(31488K)->30972K(31488K) NonClass: 27722K(28032K)->27722K(28032K) Class: 3250K(3456K)->3250K(3456K)
[48.320s][info][gc             ] GC(1340) Pause Full (Allocation Failure) 494M->490M(494M) 16.113ms
[48.320s][info][gc,cpu         ] GC(1340) User=0.01s Sys=0.00s Real=0.01s
[48.321s][info][gc,start       ] GC(1341) Pause Full (Allocation Failure)
[48.321s][info][gc,phases,start] GC(1341) Phase 1: Mark live objects
[48.328s][info][gc,phases      ] GC(1341) Phase 1: Mark live objects 7.641ms
[48.328s][info][gc,phases,start] GC(1341) Phase 2: Compute new object addresses
[48.331s][info][gc,phases      ] GC(1341) Phase 2: Compute new object addresses 2.087ms
[48.331s][info][gc,phases,start] GC(1341) Phase 3: Adjust pointers
[48.335s][info][gc,phases      ] GC(1341) Phase 3: Adjust pointers 4.932ms
[48.335s][info][gc,phases,start] GC(1341) Phase 4: Move objects
[48.336s][info][gc,phases      ] GC(1341) Phase 4: Move objects 0.494ms
[48.336s][info][gc,heap        ] GC(1341) DefNew: 157201K(157248K)->152758K(157248K) Eden: 139776K(139776K)->139179K(139776K) From: 17425K(17472K)->13579K(17472K)
[48.336s][info][gc,heap        ] GC(1341) Tenured: 349414K(349568K)->349414K(349568K)
[48.336s][info][gc,metaspace   ] GC(1341) Metaspace: 30972K(31488K)->30972K(31488K) NonClass: 27722K(28032K)->27722K(28032K) Class: 3250K(3456K)->3250K(3456K)
[48.336s][info][gc             ] GC(1341) Pause Full (Allocation Failure) 494M->490M(494M) 15.469ms
[48.336s][info][gc,cpu         ] GC(1341) User=0.02s Sys=0.00s Real=0.02s
[48.337s][info][gc,start       ] GC(1342) Pause Full (Allocation Failure)
[48.337s][info][gc,phases,start] GC(1342) Phase 1: Mark live objects
[48.344s][info][gc,phases      ] GC(1342) Phase 1: Mark live objects 6.960ms
[48.344s][info][gc,phases,start] GC(1342) Phase 2: Compute new object addresses
[48.346s][info][gc,phases      ] GC(1342) Phase 2: Compute new object addresses 2.050ms
[48.346s][info][gc,phases,start] GC(1342) Phase 3: Adjust pointers
[48.351s][info][gc,phases      ] GC(1342) Phase 3: Adjust pointers 4.739ms
[48.351s][info][gc,phases,start] GC(1342) Phase 4: Move objects
[48.351s][info][gc,phases      ] GC(1342) Phase 4: Move objects 0.809ms
[48.351s][info][gc,heap        ] GC(1342) DefNew: 157196K(157248K)->153528K(157248K) Eden: 139776K(139776K)->139437K(139776K) From: 17420K(17472K)->14091K(17472K)
[48.351s][info][gc,heap        ] GC(1342) Tenured: 349414K(349568K)->349414K(349568K)
[48.351s][info][gc,metaspace   ] GC(1342) Metaspace: 30972K(31488K)->30972K(31488K) NonClass: 27722K(28032K)->27722K(28032K) Class: 3250K(3456K)->3250K(3456K)
[48.352s][info][gc             ] GC(1342) Pause Full (Allocation Failure) 494M->491M(494M) 14.872ms
[48.352s][info][gc,cpu         ] GC(1342) User=0.01s Sys=0.00s Real=0.01s
[48.352s][info][gc,start       ] GC(1343) Pause Full (Allocation Failure)
[48.352s][info][gc,phases,start] GC(1343) Phase 1: Mark live objects
[48.359s][info][gc,phases      ] GC(1343) Phase 1: Mark live objects 7.354ms
[48.359s][info][gc,phases,start] GC(1343) Phase 2: Compute new object addresses
[48.361s][info][gc,phases      ] GC(1343) Phase 2: Compute new object addresses 2.064ms
[48.361s][info][gc,phases,start] GC(1343) Phase 3: Adjust pointers
[48.366s][info][gc,phases      ] GC(1343) Phase 3: Adjust pointers 4.787ms
[48.366s][info][gc,phases,start] GC(1343) Phase 4: Move objects
[48.367s][info][gc,phases      ] GC(1343) Phase 4: Move objects 0.393ms
[48.367s][info][gc,heap        ] GC(1343) DefNew: 157206K(157248K)->153273K(157248K) Eden: 139776K(139776K)->139436K(139776K) From: 17430K(17472K)->13836K(17472K)
[48.367s][info][gc,heap        ] GC(1343) Tenured: 349414K(349568K)->349158K(349568K)
[48.367s][info][gc,metaspace   ] GC(1343) Metaspace: 30972K(31488K)->30972K(31488K) NonClass: 27722K(28032K)->27722K(28032K) Class: 3250K(3456K)->3250K(3456K)
[48.367s][info][gc             ] GC(1343) Pause Full (Allocation Failure) 494M->490M(494M) 14.887ms
[48.367s][info][gc,cpu         ] GC(1343) User=0.02s Sys=0.00s Real=0.02s
[48.367s][info][gc,start       ] GC(1344) Pause Full (Allocation Failure)
[48.367s][info][gc,phases,start] GC(1344) Phase 1: Mark live objects
[48.374s][info][gc,phases      ] GC(1344) Phase 1: Mark live objects 6.857ms
[48.374s][info][gc,phases,start] GC(1344) Phase 2: Compute new object addresses
[48.376s][info][gc,phases      ] GC(1344) Phase 2: Compute new object addresses 2.039ms
[48.376s][info][gc,phases,start] GC(1344) Phase 3: Adjust pointers
[48.381s][info][gc,phases      ] GC(1344) Phase 3: Adjust pointers 4.920ms
[48.381s][info][gc,phases,start] GC(1344) Phase 4: Move objects
[48.382s][info][gc,phases      ] GC(1344) Phase 4: Move objects 0.381ms
[48.382s][info][gc,heap        ] GC(1344) DefNew: 157206K(157248K)->153274K(157248K) Eden: 139776K(139776K)->139438K(139776K) From: 17430K(17472K)->13836K(17472K)
[48.382s][info][gc,heap        ] GC(1344) Tenured: 349414K(349568K)->349414K(349568K)
[48.382s][info][gc,metaspace   ] GC(1344) Metaspace: 30972K(31488K)->30972K(31488K) NonClass: 27722K(28032K)->27722K(28032K) Class: 3250K(3456K)->3250K(3456K)
[48.382s][info][gc             ] GC(1344) Pause Full (Allocation Failure) 494M->490M(494M) 14.591ms
[48.382s][info][gc,cpu         ] GC(1344) User=0.01s Sys=0.00s Real=0.01s
[48.382s][info][gc,start       ] GC(1345) Pause Full (Allocation Failure)
[48.382s][info][gc,phases,start] GC(1345) Phase 1: Mark live objects
[48.390s][info][gc,phases      ] GC(1345) Phase 1: Mark live objects 7.172ms
[48.390s][info][gc,phases,start] GC(1345) Phase 2: Compute new object addresses
[48.392s][info][gc,phases      ] GC(1345) Phase 2: Compute new object addresses 2.029ms
[48.392s][info][gc,phases,start] GC(1345) Phase 3: Adjust pointers
[48.397s][info][gc,phases      ] GC(1345) Phase 3: Adjust pointers 5.197ms
[48.397s][info][gc,phases,start] GC(1345) Phase 4: Move objects
[48.398s][info][gc,phases      ] GC(1345) Phase 4: Move objects 0.745ms
[48.398s][info][gc,heap        ] GC(1345) DefNew: 156702K(157248K)->154042K(157248K) Eden: 139776K(139776K)->139693K(139776K) From: 16926K(17472K)->14349K(17472K)
[48.398s][info][gc,heap        ] GC(1345) Tenured: 349414K(349568K)->349414K(349568K)
[48.398s][info][gc,metaspace   ] GC(1345) Metaspace: 30972K(31488K)->30972K(31488K) NonClass: 27722K(28032K)->27722K(28032K) Class: 3250K(3456K)->3250K(3456K)
[48.398s][info][gc             ] GC(1345) Pause Full (Allocation Failure) 494M->491M(494M) 15.465ms
[48.398s][info][gc,cpu         ] GC(1345) User=0.02s Sys=0.00s Real=0.02s
[48.398s][info][gc,start       ] GC(1346) Pause Full (Allocation Failure)
[48.398s][info][gc,phases,start] GC(1346) Phase 1: Mark live objects
[48.405s][info][gc,phases      ] GC(1346) Phase 1: Mark live objects 7.187ms
[48.405s][info][gc,phases,start] GC(1346) Phase 2: Compute new object addresses
[48.407s][info][gc,phases      ] GC(1346) Phase 2: Compute new object addresses 2.024ms
[48.407s][info][gc,phases,start] GC(1346) Phase 3: Adjust pointers
[48.412s][info][gc,phases      ] GC(1346) Phase 3: Adjust pointers 4.681ms
[48.412s][info][gc,phases,start] GC(1346) Phase 4: Move objects
[48.412s][info][gc,phases      ] GC(1346) Phase 4: Move objects 0.223ms
[48.413s][info][gc,heap        ] GC(1346) DefNew: 157203K(157248K)->153787K(157248K) Eden: 139775K(139776K)->139694K(139776K) From: 17427K(17472K)->14093K(17472K)
[48.413s][info][gc,heap        ] GC(1346) Tenured: 349414K(349568K)->349414K(349568K)
[48.413s][info][gc,metaspace   ] GC(1346) Metaspace: 30972K(31488K)->30972K(31488K) NonClass: 27722K(28032K)->27722K(28032K) Class: 3250K(3456K)->3250K(3456K)
[48.413s][info][gc             ] GC(1346) Pause Full (Allocation Failure) 494M->491M(494M) 14.418ms
[48.413s][info][gc,cpu         ] GC(1346) User=0.01s Sys=0.00s Real=0.01s
[48.413s][info][gc,start       ] GC(1347) Pause Full (Allocation Failure)
[48.413s][info][gc,phases,start] GC(1347) Phase 1: Mark live objects
[48.420s][info][gc,phases      ] GC(1347) Phase 1: Mark live objects 6.645ms
[48.420s][info][gc,phases,start] GC(1347) Phase 2: Compute new object addresses
[48.422s][info][gc,phases      ] GC(1347) Phase 2: Compute new object addresses 2.150ms
[48.422s][info][gc,phases,start] GC(1347) Phase 3: Adjust pointers
[48.427s][info][gc,phases      ] GC(1347) Phase 3: Adjust pointers 4.739ms
[48.427s][info][gc,phases,start] GC(1347) Phase 4: Move objects
[48.427s][info][gc,phases      ] GC(1347) Phase 4: Move objects 0.479ms
[48.427s][info][gc,heap        ] GC(1347) DefNew: 157213K(157248K)->152764K(157248K) Eden: 139776K(139776K)->139695K(139776K) From: 17437K(17472K)->13069K(17472K)
[48.427s][info][gc,heap        ] GC(1347) Tenured: 349414K(349568K)->349158K(349568K)
[48.427s][info][gc,metaspace   ] GC(1347) Metaspace: 30972K(31488K)->30972K(31488K) NonClass: 27722K(28032K)->27722K(28032K) Class: 3250K(3456K)->3250K(3456K)
[48.427s][info][gc             ] GC(1347) Pause Full (Allocation Failure) 494M->490M(494M) 14.307ms
[48.427s][info][gc,cpu         ] GC(1347) User=0.01s Sys=0.00s Real=0.02s
[48.428s][info][gc,start       ] GC(1348) Pause Full (Allocation Failure)
[48.428s][info][gc,phases,start] GC(1348) Phase 1: Mark live objects
[48.435s][info][gc,phases      ] GC(1348) Phase 1: Mark live objects 7.169ms
[48.435s][info][gc,phases,start] GC(1348) Phase 2: Compute new object addresses
[48.437s][info][gc,phases      ] GC(1348) Phase 2: Compute new object addresses 2.179ms
[48.437s][info][gc,phases,start] GC(1348) Phase 3: Adjust pointers
[48.442s][info][gc,phases      ] GC(1348) Phase 3: Adjust pointers 4.777ms
[48.442s][info][gc,phases,start] GC(1348) Phase 4: Move objects
[48.442s][info][gc,phases      ] GC(1348) Phase 4: Move objects 0.323ms
[48.443s][info][gc,heap        ] GC(1348) DefNew: 156711K(157248K)->154303K(157248K) Eden: 139776K(139776K)->139698K(139776K) From: 16935K(17472K)->14605K(17472K)
[48.443s][info][gc,heap        ] GC(1348) Tenured: 349158K(349568K)->349158K(349568K)
[48.443s][info][gc,metaspace   ] GC(1348) Metaspace: 30972K(31488K)->30972K(31488K) NonClass: 27722K(28032K)->27722K(28032K) Class: 3250K(3456K)->3250K(3456K)
[48.443s][info][gc             ] GC(1348) Pause Full (Allocation Failure) 494M->491M(494M) 14.761ms
[48.443s][info][gc,cpu         ] GC(1348) User=0.02s Sys=0.00s Real=0.01s
[48.443s][info][gc,start       ] GC(1349) Pause Full (Allocation Failure)
[48.443s][info][gc,phases,start] GC(1349) Phase 1: Mark live objects
[48.450s][info][gc,phases      ] GC(1349) Phase 1: Mark live objects 6.897ms
[48.450s][info][gc,phases,start] GC(1349) Phase 2: Compute new object addresses
[48.452s][info][gc,phases      ] GC(1349) Phase 2: Compute new object addresses 1.932ms
[48.452s][info][gc,phases,start] GC(1349) Phase 3: Adjust pointers
[48.457s][info][gc,phases      ] GC(1349) Phase 3: Adjust pointers 4.859ms
[48.457s][info][gc,phases,start] GC(1349) Phase 4: Move objects
[48.457s][info][gc,phases      ] GC(1349) Phase 4: Move objects 0.205ms
[48.457s][info][gc,heap        ] GC(1349) DefNew: 156437K(157248K)->154303K(157248K) Eden: 139776K(139776K)->139698K(139776K) From: 16661K(17472K)->14605K(17472K)
[48.457s][info][gc,heap        ] GC(1349) Tenured: 349158K(349568K)->349158K(349568K)
[48.457s][info][gc,metaspace   ] GC(1349) Metaspace: 30972K(31488K)->30972K(31488K) NonClass: 27722K(28032K)->27722K(28032K) Class: 3250K(3456K)->3250K(3456K)
[48.457s][info][gc             ] GC(1349) Pause Full (Allocation Failure) 493M->491M(494M) 14.224ms
[48.457s][info][gc,cpu         ] GC(1349) User=0.01s Sys=0.00s Real=0.02s
[48.458s][info][gc,start       ] GC(1350) Pause Full (Allocation Failure)
[48.458s][info][gc,phases,start] GC(1350) Phase 1: Mark live objects
[48.465s][info][gc,phases      ] GC(1350) Phase 1: Mark live objects 6.965ms
[48.465s][info][gc,phases,start] GC(1350) Phase 2: Compute new object addresses
[48.467s][info][gc,phases      ] GC(1350) Phase 2: Compute new object addresses 2.045ms
[48.467s][info][gc,phases,start] GC(1350) Phase 3: Adjust pointers
[48.471s][info][gc,phases      ] GC(1350) Phase 3: Adjust pointers 4.639ms
[48.471s][info][gc,phases,start] GC(1350) Phase 4: Move objects
[48.472s][info][gc,phases      ] GC(1350) Phase 4: Move objects 0.346ms
[48.472s][info][gc,heap        ] GC(1350) DefNew: 156438K(157248K)->153793K(157248K) Eden: 139776K(139776K)->139698K(139776K) From: 16662K(17472K)->14095K(17472K)
[48.472s][info][gc,heap        ] GC(1350) Tenured: 349158K(349568K)->349158K(349568K)
[48.472s][info][gc,metaspace   ] GC(1350) Metaspace: 30972K(31488K)->30972K(31488K) NonClass: 27722K(28032K)->27722K(28032K) Class: 3250K(3456K)->3250K(3456K)
[48.472s][info][gc             ] GC(1350) Pause Full (Allocation Failure) 493M->491M(494M) 14.308ms
[48.472s][info][gc,cpu         ] GC(1350) User=0.02s Sys=0.00s Real=0.01s
[48.472s][info][gc,start       ] GC(1351) Pause Full (Allocation Failure)
[48.472s][info][gc,phases,start] GC(1351) Phase 1: Mark live objects
[48.479s][info][gc,phases      ] GC(1351) Phase 1: Mark live objects 6.966ms
[48.479s][info][gc,phases,start] GC(1351) Phase 2: Compute new object addresses
[48.481s][info][gc,phases      ] GC(1351) Phase 2: Compute new object addresses 2.003ms
[48.481s][info][gc,phases,start] GC(1351) Phase 3: Adjust pointers
[48.486s][info][gc,phases      ] GC(1351) Phase 3: Adjust pointers 4.654ms
[48.486s][info][gc,phases,start] GC(1351) Phase 4: Move objects
[48.486s][info][gc,phases      ] GC(1351) Phase 4: Move objects 0.432ms
[48.487s][info][gc,heap        ] GC(1351) DefNew: 157150K(157248K)->155074K(157248K) Eden: 139726K(139776K)->139699K(139776K) From: 17423K(17472K)->15375K(17472K)
[48.487s][info][gc,heap        ] GC(1351) Tenured: 349158K(349568K)->349158K(349568K)
[48.487s][info][gc,metaspace   ] GC(1351) Metaspace: 30972K(31488K)->30972K(31488K) NonClass: 27722K(28032K)->27722K(28032K) Class: 3250K(3456K)->3250K(3456K)
[48.487s][info][gc             ] GC(1351) Pause Full (Allocation Failure) 494M->492M(494M) 14.416ms
[48.487s][info][gc,cpu         ] GC(1351) User=0.01s Sys=0.00s Real=0.02s
[48.487s][info][gc,start       ] GC(1352) Pause Full (Allocation Failure)
[48.487s][info][gc,phases,start] GC(1352) Phase 1: Mark live objects
[48.494s][info][gc,phases      ] GC(1352) Phase 1: Mark live objects 7.430ms
[48.494s][info][gc,phases,start] GC(1352) Phase 2: Compute new object addresses
[48.497s][info][gc,phases      ] GC(1352) Phase 2: Compute new object addresses 2.122ms
[48.497s][info][gc,phases,start] GC(1352) Phase 3: Adjust pointers
[48.502s][info][gc,phases      ] GC(1352) Phase 3: Adjust pointers 5.180ms
[48.502s][info][gc,phases,start] GC(1352) Phase 4: Move objects
[48.502s][info][gc,phases      ] GC(1352) Phase 4: Move objects 0.553ms
[48.503s][info][gc,heap        ] GC(1352) DefNew: 157182K(157248K)->152768K(157248K) Eden: 139758K(139776K)->139441K(139776K) From: 17423K(17472K)->13326K(17472K)
[48.503s][info][gc,heap        ] GC(1352) Tenured: 349415K(349568K)->349415K(349568K)
[48.503s][info][gc,metaspace   ] GC(1352) Metaspace: 30972K(31488K)->30972K(31488K) NonClass: 27722K(28032K)->27722K(28032K) Class: 3250K(3456K)->3250K(3456K)
[48.503s][info][gc             ] GC(1352) Pause Full (Allocation Failure) 494M->490M(494M) 15.622ms
[48.503s][info][gc,cpu         ] GC(1352) User=0.02s Sys=0.00s Real=0.01s
[48.503s][info][gc,start       ] GC(1353) Pause Full (Allocation Failure)
[48.503s][info][gc,phases,start] GC(1353) Phase 1: Mark live objects
[48.510s][info][gc,phases      ] GC(1353) Phase 1: Mark live objects 7.005ms
[48.510s][info][gc,phases,start] GC(1353) Phase 2: Compute new object addresses
[48.512s][info][gc,phases      ] GC(1353) Phase 2: Compute new object addresses 2.048ms
[48.512s][info][gc,phases,start] GC(1353) Phase 3: Adjust pointers
[48.518s][info][gc,phases      ] GC(1353) Phase 3: Adjust pointers 5.095ms
[48.518s][info][gc,phases,start] GC(1353) Phase 4: Move objects
[48.518s][info][gc,phases      ] GC(1353) Phase 4: Move objects 0.442ms
[48.518s][info][gc,heap        ] GC(1353) DefNew: 157220K(157248K)->154820K(157248K) Eden: 139776K(139776K)->139189K(139776K) From: 17444K(17472K)->15631K(17472K)
[48.518s][info][gc,heap        ] GC(1353) Tenured: 349415K(349568K)->349415K(349568K)
[48.518s][info][gc,metaspace   ] GC(1353) Metaspace: 30972K(31488K)->30972K(31488K) NonClass: 27722K(28032K)->27722K(28032K) Class: 3250K(3456K)->3250K(3456K)
[48.518s][info][gc             ] GC(1353) Pause Full (Allocation Failure) 494M->492M(494M) 14.931ms
[48.518s][info][gc,cpu         ] GC(1353) User=0.02s Sys=0.00s Real=0.02s
[48.519s][info][gc,start       ] GC(1354) Pause Full (Allocation Failure)
[48.519s][info][gc,phases,start] GC(1354) Phase 1: Mark live objects
[48.526s][info][gc,phases      ] GC(1354) Phase 1: Mark live objects 7.263ms
[48.526s][info][gc,phases,start] GC(1354) Phase 2: Compute new object addresses
[48.528s][info][gc,phases      ] GC(1354) Phase 2: Compute new object addresses 1.948ms
[48.528s][info][gc,phases,start] GC(1354) Phase 3: Adjust pointers
[48.533s][info][gc,phases      ] GC(1354) Phase 3: Adjust pointers 4.872ms
[48.533s][info][gc,phases,start] GC(1354) Phase 4: Move objects
[48.533s][info][gc,phases      ] GC(1354) Phase 4: Move objects 0.321ms
[48.533s][info][gc,heap        ] GC(1354) DefNew: 157209K(157248K)->152261K(157248K) Eden: 139776K(139776K)->139189K(139776K) From: 17433K(17472K)->13071K(17472K)
[48.534s][info][gc,heap        ] GC(1354) Tenured: 349415K(349568K)->349415K(349568K)
[48.534s][info][gc,metaspace   ] GC(1354) Metaspace: 30972K(31488K)->30972K(31488K) NonClass: 27722K(28032K)->27722K(28032K) Class: 3250K(3456K)->3250K(3456K)
[48.534s][info][gc             ] GC(1354) Pause Full (Allocation Failure) 494M->489M(494M) 14.774ms
[48.534s][info][gc,cpu         ] GC(1354) User=0.01s Sys=0.00s Real=0.01s
[48.534s][info][gc,start       ] GC(1355) Pause Full (Allocation Failure)
[48.534s][info][gc,phases,start] GC(1355) Phase 1: Mark live objects
[48.541s][info][gc,phases      ] GC(1355) Phase 1: Mark live objects 7.018ms
[48.541s][info][gc,phases,start] GC(1355) Phase 2: Compute new object addresses
[48.543s][info][gc,phases      ] GC(1355) Phase 2: Compute new object addresses 2.011ms
[48.543s][info][gc,phases,start] GC(1355) Phase 3: Adjust pointers
[48.548s][info][gc,phases      ] GC(1355) Phase 3: Adjust pointers 4.847ms
[48.548s][info][gc,phases,start] GC(1355) Phase 4: Move objects
[48.549s][info][gc,phases      ] GC(1355) Phase 4: Move objects 0.503ms
[48.549s][info][gc,heap        ] GC(1355) DefNew: 156863K(157248K)->154309K(157248K) Eden: 139695K(139776K)->139448K(139776K) From: 17168K(17472K)->14861K(17472K)
[48.549s][info][gc,heap        ] GC(1355) Tenured: 349415K(349568K)->349158K(349568K)
[48.549s][info][gc,metaspace   ] GC(1355) Metaspace: 30972K(31488K)->30972K(31488K) NonClass: 27722K(28032K)->27722K(28032K) Class: 3250K(3456K)->3250K(3456K)
[48.549s][info][gc             ] GC(1355) Pause Full (Allocation Failure) 494M->491M(494M) 14.682ms
[48.549s][info][gc,cpu         ] GC(1355) User=0.02s Sys=0.00s Real=0.02s
[48.549s][info][gc,start       ] GC(1356) Pause Full (Allocation Failure)
[48.549s][info][gc,phases,start] GC(1356) Phase 1: Mark live objects
[48.556s][info][gc,phases      ] GC(1356) Phase 1: Mark live objects 7.093ms
[48.556s][info][gc,phases,start] GC(1356) Phase 2: Compute new object addresses
[48.558s][info][gc,phases      ] GC(1356) Phase 2: Compute new object addresses 2.017ms
[48.558s][info][gc,phases,start] GC(1356) Phase 3: Adjust pointers
[48.563s][info][gc,phases      ] GC(1356) Phase 3: Adjust pointers 4.837ms
[48.563s][info][gc,phases,start] GC(1356) Phase 4: Move objects
[48.564s][info][gc,phases      ] GC(1356) Phase 4: Move objects 0.262ms
[48.564s][info][gc,heap        ] GC(1356) DefNew: 156693K(157248K)->151746K(157248K) Eden: 139776K(139776K)->139190K(139776K) From: 16917K(17472K)->12556K(17472K)
[48.564s][info][gc,heap        ] GC(1356) Tenured: 349158K(349568K)->349158K(349568K)
[48.564s][info][gc,metaspace   ] GC(1356) Metaspace: 30972K(31488K)->30972K(31488K) NonClass: 27722K(28032K)->27722K(28032K) Class: 3250K(3456K)->3250K(3456K)
[48.564s][info][gc             ] GC(1356) Pause Full (Allocation Failure) 493M->489M(494M) 14.595ms
[48.564s][info][gc,cpu         ] GC(1356) User=0.01s Sys=0.00s Real=0.02s
[48.564s][info][gc,start       ] GC(1357) Pause Full (Allocation Failure)
[48.564s][info][gc,phases,start] GC(1357) Phase 1: Mark live objects
[48.572s][info][gc,phases      ] GC(1357) Phase 1: Mark live objects 7.257ms
[48.572s][info][gc,phases,start] GC(1357) Phase 2: Compute new object addresses
[48.574s][info][gc,phases      ] GC(1357) Phase 2: Compute new object addresses 2.291ms
[48.574s][info][gc,phases,start] GC(1357) Phase 3: Adjust pointers
[48.579s][info][gc,phases      ] GC(1357) Phase 3: Adjust pointers 5.076ms
[48.579s][info][gc,phases,start] GC(1357) Phase 4: Move objects
[48.580s][info][gc,phases      ] GC(1357) Phase 4: Move objects 0.382ms
[48.580s][info][gc,heap        ] GC(1357) DefNew: 156950K(157248K)->152772K(157248K) Eden: 139776K(139776K)->138935K(139776K) From: 17174K(17472K)->13836K(17472K)
[48.580s][info][gc,heap        ] GC(1357) Tenured: 349158K(349568K)->349158K(349568K)
[48.580s][info][gc,metaspace   ] GC(1357) Metaspace: 30972K(31488K)->30972K(31488K) NonClass: 27722K(28032K)->27722K(28032K) Class: 3250K(3456K)->3250K(3456K)
[48.580s][info][gc             ] GC(1357) Pause Full (Allocation Failure) 494M->490M(494M) 15.487ms
[48.580s][info][gc,cpu         ] GC(1357) User=0.01s Sys=0.00s Real=0.01s
[48.580s][info][gc,start       ] GC(1358) Pause Full (Allocation Failure)
[48.580s][info][gc,phases,start] GC(1358) Phase 1: Mark live objects
[48.588s][info][gc,phases      ] GC(1358) Phase 1: Mark live objects 7.344ms
[48.588s][info][gc,phases,start] GC(1358) Phase 2: Compute new object addresses
[48.590s][info][gc,phases      ] GC(1358) Phase 2: Compute new object addresses 2.103ms
[48.590s][info][gc,phases,start] GC(1358) Phase 3: Adjust pointers
[48.595s][info][gc,phases      ] GC(1358) Phase 3: Adjust pointers 5.170ms
[48.595s][info][gc,phases,start] GC(1358) Phase 4: Move objects
[48.596s][info][gc,phases      ] GC(1358) Phase 4: Move objects 0.394ms
[48.596s][info][gc,heap        ] GC(1358) DefNew: 155873K(157248K)->153540K(157248K) Eden: 138964K(139776K)->138936K(139776K) From: 16908K(17472K)->14604K(17472K)
[48.596s][info][gc,heap        ] GC(1358) Tenured: 349158K(349568K)->349158K(349568K)
[48.596s][info][gc,metaspace   ] GC(1358) Metaspace: 30972K(31488K)->30972K(31488K) NonClass: 27722K(28032K)->27722K(28032K) Class: 3250K(3456K)->3250K(3456K)
[48.596s][info][gc             ] GC(1358) Pause Full (Allocation Failure) 493M->490M(494M) 15.365ms
[48.596s][info][gc,cpu         ] GC(1358) User=0.02s Sys=0.00s Real=0.01s
[48.596s][info][gc,start       ] GC(1359) Pause Full (Allocation Failure)
[48.596s][info][gc,phases,start] GC(1359) Phase 1: Mark live objects
[48.604s][info][gc,phases      ] GC(1359) Phase 1: Mark live objects 7.254ms
[48.604s][info][gc,phases,start] GC(1359) Phase 2: Compute new object addresses
[48.606s][info][gc,phases      ] GC(1359) Phase 2: Compute new object addresses 2.184ms
[48.606s][info][gc,phases,start] GC(1359) Phase 3: Adjust pointers
[48.611s][info][gc,phases      ] GC(1359) Phase 3: Adjust pointers 5.043ms
[48.611s][info][gc,phases,start] GC(1359) Phase 4: Move objects
[48.611s][info][gc,phases      ] GC(1359) Phase 4: Move objects 0.359ms
[48.611s][info][gc,heap        ] GC(1359) DefNew: 157208K(157248K)->152514K(157248K) Eden: 139776K(139776K)->138935K(139776K) From: 17432K(17472K)->13578K(17472K)
[48.611s][info][gc,heap        ] GC(1359) Tenured: 349414K(349568K)->349158K(349568K)
[48.611s][info][gc,metaspace   ] GC(1359) Metaspace: 30972K(31488K)->30972K(31488K) NonClass: 27722K(28032K)->27722K(28032K) Class: 3250K(3456K)->3250K(3456K)
[48.611s][info][gc             ] GC(1359) Pause Full (Allocation Failure) 494M->489M(494M) 15.158ms
[48.611s][info][gc,cpu         ] GC(1359) User=0.01s Sys=0.00s Real=0.01s
[48.612s][info][gc,start       ] GC(1360) Pause Full (Allocation Failure)
[48.612s][info][gc,phases,start] GC(1360) Phase 1: Mark live objects
[48.620s][info][gc,phases      ] GC(1360) Phase 1: Mark live objects 7.708ms
[48.620s][info][gc,phases,start] GC(1360) Phase 2: Compute new object addresses
[48.622s][info][gc,phases      ] GC(1360) Phase 2: Compute new object addresses 2.424ms
[48.622s][info][gc,phases,start] GC(1360) Phase 3: Adjust pointers
[48.627s][info][gc,phases      ] GC(1360) Phase 3: Adjust pointers 4.925ms
[48.627s][info][gc,phases,start] GC(1360) Phase 4: Move objects
[48.628s][info][gc,phases      ] GC(1360) Phase 4: Move objects 0.829ms
[48.628s][info][gc,heap        ] GC(1360) DefNew: 157204K(157248K)->152490K(157248K) Eden: 139776K(139776K)->139171K(139776K) From: 17428K(17472K)->13318K(17472K)
[48.628s][info][gc,heap        ] GC(1360) Tenured: 349158K(349568K)->349158K(349568K)
[48.628s][info][gc,metaspace   ] GC(1360) Metaspace: 30972K(31488K)->30972K(31488K) NonClass: 27722K(28032K)->27722K(28032K) Class: 3250K(3456K)->3250K(3456K)
[48.629s][info][gc             ] GC(1360) Pause Full (Allocation Failure) 494M->489M(494M) 16.297ms
[48.629s][info][gc,cpu         ] GC(1360) User=0.01s Sys=0.00s Real=0.02s
[48.629s][info][gc,start       ] GC(1361) Pause Full (Allocation Failure)
[48.629s][info][gc,phases,start] GC(1361) Phase 1: Mark live objects
[48.636s][info][gc,phases      ] GC(1361) Phase 1: Mark live objects 7.151ms
[48.636s][info][gc,phases,start] GC(1361) Phase 2: Compute new object addresses
[48.638s][info][gc,phases      ] GC(1361) Phase 2: Compute new object addresses 2.023ms
[48.638s][info][gc,phases,start] GC(1361) Phase 3: Adjust pointers
[48.643s][info][gc,phases      ] GC(1361) Phase 3: Adjust pointers 4.725ms
[48.643s][info][gc,phases,start] GC(1361) Phase 4: Move objects
[48.643s][info][gc,phases      ] GC(1361) Phase 4: Move objects 0.207ms
[48.644s][info][gc,heap        ] GC(1361) DefNew: 156967K(157248K)->151467K(157248K) Eden: 139776K(139776K)->139171K(139776K) From: 17191K(17472K)->12295K(17472K)
[48.644s][info][gc,heap        ] GC(1361) Tenured: 349158K(349568K)->349158K(349568K)
[48.644s][info][gc,metaspace   ] GC(1361) Metaspace: 30972K(31488K)->30972K(31488K) NonClass: 27722K(28032K)->27722K(28032K) Class: 3250K(3456K)->3250K(3456K)
[48.644s][info][gc             ] GC(1361) Pause Full (Allocation Failure) 494M->488M(494M) 14.438ms
[48.644s][info][gc,cpu         ] GC(1361) User=0.02s Sys=0.00s Real=0.01s
[48.644s][info][gc,start       ] GC(1362) Pause Full (Allocation Failure)
[48.645s][info][gc,phases,start] GC(1362) Phase 1: Mark live objects
[48.652s][info][gc,phases      ] GC(1362) Phase 1: Mark live objects 7.090ms
[48.652s][info][gc,phases,start] GC(1362) Phase 2: Compute new object addresses
[48.654s][info][gc,phases      ] GC(1362) Phase 2: Compute new object addresses 2.081ms
[48.654s][info][gc,phases,start] GC(1362) Phase 3: Adjust pointers
[48.659s][info][gc,phases      ] GC(1362) Phase 3: Adjust pointers 5.060ms
[48.659s][info][gc,phases,start] GC(1362) Phase 4: Move objects
[48.659s][info][gc,phases      ] GC(1362) Phase 4: Move objects 0.386ms
[48.659s][info][gc,heap        ] GC(1362) DefNew: 156959K(157248K)->152501K(157248K) Eden: 139776K(139776K)->139182K(139776K) From: 17183K(17472K)->13319K(17472K)
[48.659s][info][gc,heap        ] GC(1362) Tenured: 349158K(349568K)->349158K(349568K)
[48.659s][info][gc,metaspace   ] GC(1362) Metaspace: 30972K(31488K)->30972K(31488K) NonClass: 27722K(28032K)->27722K(28032K) Class: 3250K(3456K)->3250K(3456K)
[48.659s][info][gc             ] GC(1362) Pause Full (Allocation Failure) 494M->489M(494M) 14.901ms
[48.659s][info][gc,cpu         ] GC(1362) User=0.01s Sys=0.00s Real=0.01s
[48.660s][info][gc,start       ] GC(1363) Pause Full (Allocation Failure)
[48.660s][info][gc,phases,start] GC(1363) Phase 1: Mark live objects
[48.667s][info][gc,phases      ] GC(1363) Phase 1: Mark live objects 7.124ms
[48.667s][info][gc,phases,start] GC(1363) Phase 2: Compute new object addresses
[48.669s][info][gc,phases      ] GC(1363) Phase 2: Compute new object addresses 2.221ms
[48.669s][info][gc,phases,start] GC(1363) Phase 3: Adjust pointers
[48.675s][info][gc,phases      ] GC(1363) Phase 3: Adjust pointers 5.116ms
[48.675s][info][gc,phases,start] GC(1363) Phase 4: Move objects
[48.675s][info][gc,phases      ] GC(1363) Phase 4: Move objects 0.306ms
[48.675s][info][gc,heap        ] GC(1363) DefNew: 156949K(157248K)->152243K(157248K) Eden: 139776K(139776K)->139182K(139776K) From: 17173K(17472K)->13061K(17472K)
[48.675s][info][gc,heap        ] GC(1363) Tenured: 349158K(349568K)->348899K(349568K)
[48.675s][info][gc,metaspace   ] GC(1363) Metaspace: 30972K(31488K)->30972K(31488K) NonClass: 27722K(28032K)->27722K(28032K) Class: 3250K(3456K)->3250K(3456K)
[48.675s][info][gc             ] GC(1363) Pause Full (Allocation Failure) 494M->489M(494M) 15.092ms
[48.675s][info][gc,cpu         ] GC(1363) User=0.02s Sys=0.00s Real=0.01s
[48.676s][info][gc,start       ] GC(1364) Pause Full (Allocation Failure)
[48.676s][info][gc,phases,start] GC(1364) Phase 1: Mark live objects
[48.683s][info][gc,phases      ] GC(1364) Phase 1: Mark live objects 7.227ms
[48.683s][info][gc,phases,start] GC(1364) Phase 2: Compute new object addresses
[48.685s][info][gc,phases      ] GC(1364) Phase 2: Compute new object addresses 2.282ms
[48.685s][info][gc,phases,start] GC(1364) Phase 3: Adjust pointers
[48.690s][info][gc,phases      ] GC(1364) Phase 3: Adjust pointers 5.097ms
[48.690s][info][gc,phases,start] GC(1364) Phase 4: Move objects
[48.691s][info][gc,phases      ] GC(1364) Phase 4: Move objects 0.424ms
[48.691s][info][gc,heap        ] GC(1364) DefNew: 156432K(157248K)->153266K(157248K) Eden: 139776K(139776K)->138924K(139776K) From: 16656K(17472K)->14341K(17472K)
[48.691s][info][gc,heap        ] GC(1364) Tenured: 348899K(349568K)->348899K(349568K)
[48.691s][info][gc,metaspace   ] GC(1364) Metaspace: 30972K(31488K)->30972K(31488K) NonClass: 27722K(28032K)->27722K(28032K) Class: 3250K(3456K)->3250K(3456K)
[48.691s][info][gc             ] GC(1364) Pause Full (Allocation Failure) 493M->490M(494M) 15.384ms
[48.691s][info][gc,cpu         ] GC(1364) User=0.02s Sys=0.00s Real=0.02s
[48.695s][info][gc,start       ] GC(1365) Pause Full (Allocation Failure)
[48.695s][info][gc,phases,start] GC(1365) Phase 1: Mark live objects
[48.702s][info][gc,phases      ] GC(1365) Phase 1: Mark live objects 7.389ms
[48.702s][info][gc,phases,start] GC(1365) Phase 2: Compute new object addresses
[48.704s][info][gc,phases      ] GC(1365) Phase 2: Compute new object addresses 2.074ms
[48.704s][info][gc,phases,start] GC(1365) Phase 3: Adjust pointers
[48.709s][info][gc,phases      ] GC(1365) Phase 3: Adjust pointers 4.819ms
[48.709s][info][gc,phases,start] GC(1365) Phase 4: Move objects
[48.710s][info][gc,phases      ] GC(1365) Phase 4: Move objects 0.465ms
[48.710s][info][gc,heap        ] GC(1365) DefNew: 157248K(157248K)->153513K(157248K) Eden: 139776K(139776K)->139174K(139776K) From: 17472K(17472K)->14338K(17472K)
[48.710s][info][gc,heap        ] GC(1365) Tenured: 349410K(349568K)->349410K(349568K)
[48.710s][info][gc,metaspace   ] GC(1365) Metaspace: 30972K(31488K)->30972K(31488K) NonClass: 27722K(28032K)->27722K(28032K) Class: 3250K(3456K)->3250K(3456K)
[48.710s][info][gc             ] GC(1365) Pause Full (Allocation Failure) 494M->491M(494M) 15.082ms
[48.710s][info][gc,cpu         ] GC(1365) User=0.01s Sys=0.00s Real=0.02s
[48.710s][info][gc,start       ] GC(1366) Pause Full (Allocation Failure)
[48.710s][info][gc,phases,start] GC(1366) Phase 1: Mark live objects
[48.717s][info][gc,phases      ] GC(1366) Phase 1: Mark live objects 7.156ms
[48.718s][info][gc,phases,start] GC(1366) Phase 2: Compute new object addresses
[48.720s][info][gc,phases      ] GC(1366) Phase 2: Compute new object addresses 2.115ms
[48.720s][info][gc,phases,start] GC(1366) Phase 3: Adjust pointers
[48.725s][info][gc,phases      ] GC(1366) Phase 3: Adjust pointers 5.559ms
[48.725s][info][gc,phases,start] GC(1366) Phase 4: Move objects
[48.726s][info][gc,phases      ] GC(1366) Phase 4: Move objects 0.272ms
[48.726s][info][gc,heap        ] GC(1366) DefNew: 156959K(157248K)->150699K(157248K) Eden: 139776K(139776K)->139175K(139776K) From: 17183K(17472K)->11523K(17472K)
[48.726s][info][gc,heap        ] GC(1366) Tenured: 349410K(349568K)->349410K(349568K)
[48.726s][info][gc,metaspace   ] GC(1366) Metaspace: 30972K(31488K)->30972K(31488K) NonClass: 27722K(28032K)->27722K(28032K) Class: 3250K(3456K)->3250K(3456K)
[48.726s][info][gc             ] GC(1366) Pause Full (Allocation Failure) 494M->488M(494M) 15.440ms
[48.726s][info][gc,cpu         ] GC(1366) User=0.02s Sys=0.00s Real=0.02s
[48.727s][info][gc,start       ] GC(1367) Pause Full (Allocation Failure)
[48.727s][info][gc,phases,start] GC(1367) Phase 1: Mark live objects
[48.734s][info][gc,phases      ] GC(1367) Phase 1: Mark live objects 7.281ms
[48.734s][info][gc,phases,start] GC(1367) Phase 2: Compute new object addresses
[48.736s][info][gc,phases      ] GC(1367) Phase 2: Compute new object addresses 2.308ms
[48.736s][info][gc,phases,start] GC(1367) Phase 3: Adjust pointers
[48.742s][info][gc,phases      ] GC(1367) Phase 3: Adjust pointers 5.118ms
[48.742s][info][gc,phases,start] GC(1367) Phase 4: Move objects
[48.742s][info][gc,phases      ] GC(1367) Phase 4: Move objects 0.375ms
[48.742s][info][gc,heap        ] GC(1367) DefNew: 157187K(157248K)->153775K(157248K) Eden: 139774K(139776K)->139178K(139776K) From: 17413K(17472K)->14596K(17472K)
[48.742s][info][gc,heap        ] GC(1367) Tenured: 349410K(349568K)->348902K(349568K)
[48.742s][info][gc,metaspace   ] GC(1367) Metaspace: 30972K(31488K)->30972K(31488K) NonClass: 27722K(28032K)->27722K(28032K) Class: 3250K(3456K)->3250K(3456K)
[48.742s][info][gc             ] GC(1367) Pause Full (Allocation Failure) 494M->490M(494M) 15.455ms
[48.742s][info][gc,cpu         ] GC(1367) User=0.02s Sys=0.00s Real=0.01s
[48.743s][info][gc,start       ] GC(1368) Pause Full (Allocation Failure)
[48.743s][info][gc,phases,start] GC(1368) Phase 1: Mark live objects
[48.750s][info][gc,phases      ] GC(1368) Phase 1: Mark live objects 7.094ms
[48.750s][info][gc,phases,start] GC(1368) Phase 2: Compute new object addresses
[48.752s][info][gc,phases      ] GC(1368) Phase 2: Compute new object addresses 2.120ms
[48.752s][info][gc,phases,start] GC(1368) Phase 3: Adjust pointers
[48.757s][info][gc,phases      ] GC(1368) Phase 3: Adjust pointers 4.719ms
[48.757s][info][gc,phases,start] GC(1368) Phase 4: Move objects
[48.757s][info][gc,phases      ] GC(1368) Phase 4: Move objects 0.200ms
[48.757s][info][gc,heap        ] GC(1368) DefNew: 157189K(157248K)->150958K(157248K) Eden: 139776K(139776K)->138921K(139776K) From: 17413K(17472K)->12036K(17472K)
[48.757s][info][gc,heap        ] GC(1368) Tenured: 349415K(349568K)->349415K(349568K)
[48.757s][info][gc,metaspace   ] GC(1368) Metaspace: 30972K(31488K)->30972K(31488K) NonClass: 27722K(28032K)->27722K(28032K) Class: 3250K(3456K)->3250K(3456K)
[48.757s][info][gc             ] GC(1368) Pause Full (Allocation Failure) 494M->488M(494M) 14.435ms
[48.757s][info][gc,cpu         ] GC(1368) User=0.01s Sys=0.00s Real=0.02s
[48.758s][info][gc,start       ] GC(1369) Pause Full (Allocation Failure)
[48.758s][info][gc,phases,start] GC(1369) Phase 1: Mark live objects
[48.765s][info][gc,phases      ] GC(1369) Phase 1: Mark live objects 6.906ms
[48.765s][info][gc,phases,start] GC(1369) Phase 2: Compute new object addresses
[48.767s][info][gc,phases      ] GC(1369) Phase 2: Compute new object addresses 2.051ms
[48.767s][info][gc,phases,start] GC(1369) Phase 3: Adjust pointers
[48.772s][info][gc,phases      ] GC(1369) Phase 3: Adjust pointers 5.049ms
[48.772s][info][gc,phases,start] GC(1369) Phase 4: Move objects
[48.773s][info][gc,phases      ] GC(1369) Phase 4: Move objects 0.413ms
[48.773s][info][gc,heap        ] GC(1369) DefNew: 156698K(157248K)->154032K(157248K) Eden: 139776K(139776K)->139434K(139776K) From: 16922K(17472K)->14597K(17472K)
[48.773s][info][gc,heap        ] GC(1369) Tenured: 349415K(349568K)->349415K(349568K)
[48.773s][info][gc,metaspace   ] GC(1369) Metaspace: 30972K(31488K)->30972K(31488K) NonClass: 27722K(28032K)->27722K(28032K) Class: 3250K(3456K)->3250K(3456K)
[48.773s][info][gc             ] GC(1369) Pause Full (Allocation Failure) 494M->491M(494M) 14.735ms
[48.773s][info][gc,cpu         ] GC(1369) User=0.02s Sys=0.00s Real=0.01s
[48.773s][info][gc,start       ] GC(1370) Pause Full (Allocation Failure)
[48.773s][info][gc,phases,start] GC(1370) Phase 1: Mark live objects
[48.780s][info][gc,phases      ] GC(1370) Phase 1: Mark live objects 6.875ms
[48.780s][info][gc,phases,start] GC(1370) Phase 2: Compute new object addresses
[48.782s][info][gc,phases      ] GC(1370) Phase 2: Compute new object addresses 1.952ms
[48.782s][info][gc,phases,start] GC(1370) Phase 3: Adjust pointers
[48.787s][info][gc,phases      ] GC(1370) Phase 3: Adjust pointers 4.866ms
[48.787s][info][gc,phases,start] GC(1370) Phase 4: Move objects
[48.788s][info][gc,phases      ] GC(1370) Phase 4: Move objects 0.369ms
[48.788s][info][gc,heap        ] GC(1370) DefNew: 156087K(157248K)->153007K(157248K) Eden: 139442K(139776K)->139434K(139776K) From: 16645K(17472K)->13573K(17472K)
[48.788s][info][gc,heap        ] GC(1370) Tenured: 349415K(349568K)->349415K(349568K)
[48.788s][info][gc,metaspace   ] GC(1370) Metaspace: 30972K(31488K)->30972K(31488K) NonClass: 27722K(28032K)->27722K(28032K) Class: 3250K(3456K)->3250K(3456K)
[48.788s][info][gc             ] GC(1370) Pause Full (Allocation Failure) 493M->490M(494M) 14.474ms
[48.788s][info][gc,cpu         ] GC(1370) User=0.01s Sys=0.00s Real=0.02s
[48.788s][info][gc,start       ] GC(1371) Pause Full (Allocation Failure)
[48.788s][info][gc,phases,start] GC(1371) Phase 1: Mark live objects
[48.796s][info][gc,phases      ] GC(1371) Phase 1: Mark live objects 7.511ms
[48.796s][info][gc,phases,start] GC(1371) Phase 2: Compute new object addresses
[48.798s][info][gc,phases      ] GC(1371) Phase 2: Compute new object addresses 2.149ms
[48.798s][info][gc,phases,start] GC(1371) Phase 3: Adjust pointers
[48.803s][info][gc,phases      ] GC(1371) Phase 3: Adjust pointers 5.131ms
[48.803s][info][gc,phases,start] GC(1371) Phase 4: Move objects
[48.804s][info][gc,phases      ] GC(1371) Phase 4: Move objects 0.393ms
[48.804s][info][gc,heap        ] GC(1371) DefNew: 156435K(157248K)->152754K(157248K) Eden: 139776K(139776K)->139435K(139776K) From: 16659K(17472K)->13318K(17472K)
[48.804s][info][gc,heap        ] GC(1371) Tenured: 349415K(349568K)->349414K(349568K)
[48.804s][info][gc,metaspace   ] GC(1371) Metaspace: 30972K(31488K)->30972K(31488K) NonClass: 27722K(28032K)->27722K(28032K) Class: 3250K(3456K)->3250K(3456K)
[48.804s][info][gc             ] GC(1371) Pause Full (Allocation Failure) 493M->490M(494M) 15.530ms
[48.804s][info][gc,cpu         ] GC(1371) User=0.02s Sys=0.00s Real=0.02s
[48.804s][info][gc,start       ] GC(1372) Pause Full (Allocation Failure)
[48.804s][info][gc,phases,start] GC(1372) Phase 1: Mark live objects
[48.812s][info][gc,phases      ] GC(1372) Phase 1: Mark live objects 7.196ms
[48.812s][info][gc,phases,start] GC(1372) Phase 2: Compute new object addresses
[48.814s][info][gc,phases      ] GC(1372) Phase 2: Compute new object addresses 2.056ms
[48.814s][info][gc,phases,start] GC(1372) Phase 3: Adjust pointers
[48.819s][info][gc,phases      ] GC(1372) Phase 3: Adjust pointers 4.872ms
[48.819s][info][gc,phases,start] GC(1372) Phase 4: Move objects
[48.819s][info][gc,phases      ] GC(1372) Phase 4: Move objects 0.382ms
[48.819s][info][gc,heap        ] GC(1372) DefNew: 157193K(157248K)->154047K(157248K) Eden: 139776K(139776K)->139447K(139776K) From: 17417K(17472K)->14600K(17472K)
[48.819s][info][gc,heap        ] GC(1372) Tenured: 349414K(349568K)->349414K(349568K)
[48.819s][info][gc,metaspace   ] GC(1372) Metaspace: 30972K(31488K)->30972K(31488K) NonClass: 27722K(28032K)->27722K(28032K) Class: 3250K(3456K)->3250K(3456K)
[48.819s][info][gc             ] GC(1372) Pause Full (Allocation Failure) 494M->491M(494M) 14.805ms
[48.819s][info][gc,cpu         ] GC(1372) User=0.01s Sys=0.00s Real=0.01s
[48.820s][info][gc,start       ] GC(1373) Pause Full (Allocation Failure)
[48.820s][info][gc,phases,start] GC(1373) Phase 1: Mark live objects
[48.827s][info][gc,phases      ] GC(1373) Phase 1: Mark live objects 6.976ms
[48.827s][info][gc,phases,start] GC(1373) Phase 2: Compute new object addresses
[48.829s][info][gc,phases      ] GC(1373) Phase 2: Compute new object addresses 2.007ms
[48.829s][info][gc,phases,start] GC(1373) Phase 3: Adjust pointers
[48.834s][info][gc,phases      ] GC(1373) Phase 3: Adjust pointers 4.907ms
[48.834s][info][gc,phases,start] GC(1373) Phase 4: Move objects
[48.834s][info][gc,phases      ] GC(1373) Phase 4: Move objects 0.350ms
[48.834s][info][gc,heap        ] GC(1373) DefNew: 157221K(157248K)->153024K(157248K) Eden: 139776K(139776K)->139192K(139776K) From: 17445K(17472K)->13832K(17472K)
[48.834s][info][gc,heap        ] GC(1373) Tenured: 349414K(349568K)->349414K(349568K)
[48.834s][info][gc,metaspace   ] GC(1373) Metaspace: 30972K(31488K)->30972K(31488K) NonClass: 27722K(28032K)->27722K(28032K) Class: 3250K(3456K)->3250K(3456K)
[48.834s][info][gc             ] GC(1373) Pause Full (Allocation Failure) 494M->490M(494M) 14.596ms
[48.834s][info][gc,cpu         ] GC(1373) User=0.02s Sys=0.00s Real=0.01s
[48.835s][info][gc,start       ] GC(1374) Pause Full (Allocation Failure)
[48.835s][info][gc,phases,start] GC(1374) Phase 1: Mark live objects
[48.842s][info][gc,phases      ] GC(1374) Phase 1: Mark live objects 7.452ms
[48.842s][info][gc,phases,start] GC(1374) Phase 2: Compute new object addresses
[48.845s][info][gc,phases      ] GC(1374) Phase 2: Compute new object addresses 2.163ms
[48.845s][info][gc,phases,start] GC(1374) Phase 3: Adjust pointers
[48.850s][info][gc,phases      ] GC(1374) Phase 3: Adjust pointers 5.177ms
[48.850s][info][gc,phases,start] GC(1374) Phase 4: Move objects
[48.850s][info][gc,phases      ] GC(1374) Phase 4: Move objects 0.353ms
[48.850s][info][gc,heap        ] GC(1374) DefNew: 157165K(157248K)->153540K(157248K) Eden: 139748K(139776K)->139196K(139776K) From: 17416K(17472K)->14343K(17472K)
[48.850s][info][gc,heap        ] GC(1374) Tenured: 349414K(349568K)->349414K(349568K)
[48.850s][info][gc,metaspace   ] GC(1374) Metaspace: 30972K(31488K)->30972K(31488K) NonClass: 27722K(28032K)->27722K(28032K) Class: 3250K(3456K)->3250K(3456K)
[48.850s][info][gc             ] GC(1374) Pause Full (Allocation Failure) 494M->491M(494M) 15.502ms
[48.850s][info][gc,cpu         ] GC(1374) User=0.02s Sys=0.00s Real=0.02s
[48.851s][info][gc,start       ] GC(1375) Pause Full (Allocation Failure)
[48.851s][info][gc,phases,start] GC(1375) Phase 1: Mark live objects
[48.858s][info][gc,phases      ] GC(1375) Phase 1: Mark live objects 7.320ms
[48.858s][info][gc,phases,start] GC(1375) Phase 2: Compute new object addresses
[48.861s][info][gc,phases      ] GC(1375) Phase 2: Compute new object addresses 2.341ms
[48.861s][info][gc,phases,start] GC(1375) Phase 3: Adjust pointers
[48.866s][info][gc,phases      ] GC(1375) Phase 3: Adjust pointers 5.409ms
[48.866s][info][gc,phases,start] GC(1375) Phase 4: Move objects
[48.867s][info][gc,phases      ] GC(1375) Phase 4: Move objects 0.505ms
[48.867s][info][gc,heap        ] GC(1375) DefNew: 157203K(157248K)->154308K(157248K) Eden: 139776K(139776K)->139707K(139776K) From: 17427K(17472K)->14600K(17472K)
[48.867s][info][gc,heap        ] GC(1375) Tenured: 349414K(349568K)->348902K(349568K)
[48.867s][info][gc,metaspace   ] GC(1375) Metaspace: 30972K(31488K)->30972K(31488K) NonClass: 27722K(28032K)->27722K(28032K) Class: 3250K(3456K)->3250K(3456K)
[48.867s][info][gc             ] GC(1375) Pause Full (Allocation Failure) 494M->491M(494M) 15.944ms
[48.867s][info][gc,cpu         ] GC(1375) User=0.01s Sys=0.00s Real=0.02s
[48.867s][info][gc,start       ] GC(1376) Pause Full (Allocation Failure)
[48.867s][info][gc,phases,start] GC(1376) Phase 1: Mark live objects
[48.875s][info][gc,phases      ] GC(1376) Phase 1: Mark live objects 8.072ms
[48.875s][info][gc,phases,start] GC(1376) Phase 2: Compute new object addresses
[48.878s][info][gc,phases      ] GC(1376) Phase 2: Compute new object addresses 2.163ms
[48.878s][info][gc,phases,start] GC(1376) Phase 3: Adjust pointers
[48.883s][info][gc,phases      ] GC(1376) Phase 3: Adjust pointers 5.066ms
[48.883s][info][gc,phases,start] GC(1376) Phase 4: Move objects
[48.883s][info][gc,phases      ] GC(1376) Phase 4: Move objects 0.380ms
[48.883s][info][gc,heap        ] GC(1376) DefNew: 156942K(157248K)->154574K(157248K) Eden: 139776K(139776K)->139717K(139776K) From: 17166K(17472K)->14857K(17472K)
[48.883s][info][gc,heap        ] GC(1376) Tenured: 348902K(349568K)->348902K(349568K)
[48.883s][info][gc,metaspace   ] GC(1376) Metaspace: 30972K(31488K)->30972K(31488K) NonClass: 27722K(28032K)->27722K(28032K) Class: 3250K(3456K)->3250K(3456K)
[48.883s][info][gc             ] GC(1376) Pause Full (Allocation Failure) 493M->491M(494M) 16.000ms
[48.883s][info][gc,cpu         ] GC(1376) User=0.02s Sys=0.00s Real=0.01s
[48.884s][info][gc,start       ] GC(1377) Pause Full (Allocation Failure)
[48.884s][info][gc,phases,start] GC(1377) Phase 1: Mark live objects
[48.891s][info][gc,phases      ] GC(1377) Phase 1: Mark live objects 7.173ms
[48.891s][info][gc,phases,start] GC(1377) Phase 2: Compute new object addresses
[48.893s][info][gc,phases      ] GC(1377) Phase 2: Compute new object addresses 2.142ms
[48.893s][info][gc,phases,start] GC(1377) Phase 3: Adjust pointers
[48.898s][info][gc,phases      ] GC(1377) Phase 3: Adjust pointers 4.773ms
[48.898s][info][gc,phases,start] GC(1377) Phase 4: Move objects
[48.898s][info][gc,phases      ] GC(1377) Phase 4: Move objects 0.332ms
[48.898s][info][gc,heap        ] GC(1377) DefNew: 157209K(157248K)->152527K(157248K) Eden: 139775K(139776K)->139205K(139776K) From: 17433K(17472K)->13321K(17472K)
[48.898s][info][gc,heap        ] GC(1377) Tenured: 349158K(349568K)->349158K(349568K)
[48.898s][info][gc,metaspace   ] GC(1377) Metaspace: 30972K(31488K)->30972K(31488K) NonClass: 27722K(28032K)->27722K(28032K) Class: 3250K(3456K)->3250K(3456K)
[48.899s][info][gc             ] GC(1377) Pause Full (Allocation Failure) 494M->489M(494M) 14.745ms
[48.899s][info][gc,cpu         ] GC(1377) User=0.01s Sys=0.01s Real=0.01s
[48.899s][info][gc,start       ] GC(1378) Pause Full (Allocation Failure)
[48.899s][info][gc,phases,start] GC(1378) Phase 1: Mark live objects
[48.906s][info][gc,phases      ] GC(1378) Phase 1: Mark live objects 7.042ms
[48.906s][info][gc,phases,start] GC(1378) Phase 2: Compute new object addresses
[48.908s][info][gc,phases      ] GC(1378) Phase 2: Compute new object addresses 2.014ms
[48.908s][info][gc,phases,start] GC(1378) Phase 3: Adjust pointers
[48.913s][info][gc,phases      ] GC(1378) Phase 3: Adjust pointers 4.965ms
[48.913s][info][gc,phases,start] GC(1378) Phase 4: Move objects
[48.914s][info][gc,phases      ] GC(1378) Phase 4: Move objects 0.355ms
[48.914s][info][gc,heap        ] GC(1378) DefNew: 156439K(157248K)->154321K(157248K) Eden: 139776K(139776K)->139208K(139776K) From: 16663K(17472K)->15113K(17472K)
[48.914s][info][gc,heap        ] GC(1378) Tenured: 349158K(349568K)->349158K(349568K)
[48.914s][info][gc,metaspace   ] GC(1378) Metaspace: 30972K(31488K)->30972K(31488K) NonClass: 27722K(28032K)->27722K(28032K) Class: 3250K(3456K)->3250K(3456K)
[48.914s][info][gc             ] GC(1378) Pause Full (Allocation Failure) 493M->491M(494M) 14.674ms
[48.914s][info][gc,cpu         ] GC(1378) User=0.02s Sys=0.00s Real=0.01s
[48.914s][info][gc,start       ] GC(1379) Pause Full (Allocation Failure)
[48.914s][info][gc,phases,start] GC(1379) Phase 1: Mark live objects
[48.921s][info][gc,phases      ] GC(1379) Phase 1: Mark live objects 7.100ms
[48.921s][info][gc,phases,start] GC(1379) Phase 2: Compute new object addresses
[48.924s][info][gc,phases      ] GC(1379) Phase 2: Compute new object addresses 2.212ms
[48.924s][info][gc,phases,start] GC(1379) Phase 3: Adjust pointers
[48.929s][info][gc,phases      ] GC(1379) Phase 3: Adjust pointers 5.008ms
[48.929s][info][gc,phases,start] GC(1379) Phase 4: Move objects
[48.929s][info][gc,phases      ] GC(1379) Phase 4: Move objects 0.342ms
[48.929s][info][gc,heap        ] GC(1379) DefNew: 156764K(157248K)->152779K(157248K) Eden: 139603K(139776K)->139204K(139776K) From: 17161K(17472K)->13575K(17472K)
[48.929s][info][gc,heap        ] GC(1379) Tenured: 349158K(349568K)->349158K(349568K)
[48.929s][info][gc,metaspace   ] GC(1379) Metaspace: 30972K(31488K)->30972K(31488K) NonClass: 27722K(28032K)->27722K(28032K) Class: 3250K(3456K)->3250K(3456K)
[48.929s][info][gc             ] GC(1379) Pause Full (Allocation Failure) 494M->490M(494M) 14.990ms
[48.929s][info][gc,cpu         ] GC(1379) User=0.01s Sys=0.00s Real=0.02s
[48.930s][info][gc,start       ] GC(1380) Pause Full (Allocation Failure)
[48.930s][info][gc,phases,start] GC(1380) Phase 1: Mark live objects
[48.937s][info][gc,phases      ] GC(1380) Phase 1: Mark live objects 7.357ms
[48.937s][info][gc,phases,start] GC(1380) Phase 2: Compute new object addresses
[48.939s][info][gc,phases      ] GC(1380) Phase 2: Compute new object addresses 2.140ms
[48.939s][info][gc,phases,start] GC(1380) Phase 3: Adjust pointers
[48.945s][info][gc,phases      ] GC(1380) Phase 3: Adjust pointers 5.329ms
[48.945s][info][gc,phases,start] GC(1380) Phase 4: Move objects
[48.945s][info][gc,phases      ] GC(1380) Phase 4: Move objects 0.382ms
[48.945s][info][gc,heap        ] GC(1380) DefNew: 157216K(157248K)->152781K(157248K) Eden: 139776K(139776K)->138949K(139776K) From: 17440K(17472K)->13831K(17472K)
[48.945s][info][gc,heap        ] GC(1380) Tenured: 349414K(349568K)->349414K(349568K)
[48.945s][info][gc,metaspace   ] GC(1380) Metaspace: 30972K(31488K)->30972K(31488K) NonClass: 27722K(28032K)->27722K(28032K) Class: 3250K(3456K)->3250K(3456K)
[48.945s][info][gc             ] GC(1380) Pause Full (Allocation Failure) 494M->490M(494M) 15.530ms
[48.945s][info][gc,cpu         ] GC(1380) User=0.02s Sys=0.00s Real=0.02s
[48.946s][info][gc,start       ] GC(1381) Pause Full (Allocation Failure)
[48.946s][info][gc,phases,start] GC(1381) Phase 1: Mark live objects
[48.953s][info][gc,phases      ] GC(1381) Phase 1: Mark live objects 6.877ms
[48.953s][info][gc,phases,start] GC(1381) Phase 2: Compute new object addresses
[48.955s][info][gc,phases      ] GC(1381) Phase 2: Compute new object addresses 2.055ms
[48.955s][info][gc,phases,start] GC(1381) Phase 3: Adjust pointers
[48.960s][info][gc,phases      ] GC(1381) Phase 3: Adjust pointers 4.675ms
[48.960s][info][gc,phases,start] GC(1381) Phase 4: Move objects
[48.960s][info][gc,phases      ] GC(1381) Phase 4: Move objects 0.364ms
[48.960s][info][gc,heap        ] GC(1381) DefNew: 157231K(157248K)->151042K(157248K) Eden: 139776K(139776K)->138994K(139776K) From: 17455K(17472K)->12047K(17472K)
[48.960s][info][gc,heap        ] GC(1381) Tenured: 349414K(349568K)->349414K(349568K)
[48.960s][info][gc,metaspace   ] GC(1381) Metaspace: 30972K(31488K)->30972K(31488K) NonClass: 27722K(28032K)->27722K(28032K) Class: 3250K(3456K)->3250K(3456K)
[48.960s][info][gc             ] GC(1381) Pause Full (Allocation Failure) 494M->488M(494M) 14.261ms
[48.960s][info][gc,cpu         ] GC(1381) User=0.01s Sys=0.00s Real=0.01s
[48.961s][info][gc,start       ] GC(1382) Pause Full (Allocation Failure)
[48.961s][info][gc,phases,start] GC(1382) Phase 1: Mark live objects
[48.968s][info][gc,phases      ] GC(1382) Phase 1: Mark live objects 6.932ms
[48.968s][info][gc,phases,start] GC(1382) Phase 2: Compute new object addresses
[48.970s][info][gc,phases      ] GC(1382) Phase 2: Compute new object addresses 2.015ms
[48.970s][info][gc,phases,start] GC(1382) Phase 3: Adjust pointers
[48.975s][info][gc,phases      ] GC(1382) Phase 3: Adjust pointers 4.907ms
[48.975s][info][gc,phases,start] GC(1382) Phase 4: Move objects
[48.975s][info][gc,phases      ] GC(1382) Phase 4: Move objects 0.397ms
[48.975s][info][gc,heap        ] GC(1382) DefNew: 157221K(157248K)->153603K(157248K) Eden: 139776K(139776K)->138995K(139776K) From: 17445K(17472K)->14608K(17472K)
[48.975s][info][gc,heap        ] GC(1382) Tenured: 349414K(349568K)->349414K(349568K)
[48.975s][info][gc,metaspace   ] GC(1382) Metaspace: 30972K(31488K)->30972K(31488K) NonClass: 27722K(28032K)->27722K(28032K) Class: 3250K(3456K)->3250K(3456K)
[48.975s][info][gc             ] GC(1382) Pause Full (Allocation Failure) 494M->491M(494M) 14.579ms
[48.975s][info][gc,cpu         ] GC(1382) User=0.01s Sys=0.00s Real=0.01s
[48.976s][info][gc,start       ] GC(1383) Pause Full (Allocation Failure)
[48.976s][info][gc,phases,start] GC(1383) Phase 1: Mark live objects
[48.982s][info][gc,phases      ] GC(1383) Phase 1: Mark live objects 6.752ms
[48.982s][info][gc,phases,start] GC(1383) Phase 2: Compute new object addresses
[48.984s][info][gc,phases      ] GC(1383) Phase 2: Compute new object addresses 1.929ms
[48.984s][info][gc,phases,start] GC(1383) Phase 3: Adjust pointers
[48.989s][info][gc,phases      ] GC(1383) Phase 3: Adjust pointers 4.589ms
[48.989s][info][gc,phases,start] GC(1383) Phase 4: Move objects
[48.989s][info][gc,phases      ] GC(1383) Phase 4: Move objects 0.242ms
[48.989s][info][gc,heap        ] GC(1383) DefNew: 156176K(157248K)->151553K(157248K) Eden: 139520K(139776K)->139506K(139776K) From: 16656K(17472K)->12047K(17472K)
[48.989s][info][gc,heap        ] GC(1383) Tenured: 349414K(349568K)->348881K(349568K)
[48.989s][info][gc,metaspace   ] GC(1383) Metaspace: 30972K(31488K)->30972K(31488K) NonClass: 27722K(28032K)->27722K(28032K) Class: 3250K(3456K)->3250K(3456K)
[48.989s][info][gc             ] GC(1383) Pause Full (Allocation Failure) 493M->488M(494M) 13.815ms
[48.989s][info][gc,cpu         ] GC(1383) User=0.01s Sys=0.00s Real=0.02s
[48.990s][info][gc,start       ] GC(1384) Pause Full (Allocation Failure)
[48.990s][info][gc,phases,start] GC(1384) Phase 1: Mark live objects
[48.997s][info][gc,phases      ] GC(1384) Phase 1: Mark live objects 6.849ms
[48.997s][info][gc,phases,start] GC(1384) Phase 2: Compute new object addresses
[48.999s][info][gc,phases      ] GC(1384) Phase 2: Compute new object addresses 1.974ms
[48.999s][info][gc,phases,start] GC(1384) Phase 3: Adjust pointers
[49.004s][info][gc,phases      ] GC(1384) Phase 3: Adjust pointers 4.865ms
[49.004s][info][gc,phases,start] GC(1384) Phase 4: Move objects
[49.004s][info][gc,phases      ] GC(1384) Phase 4: Move objects 0.354ms
[49.004s][info][gc,heap        ] GC(1384) DefNew: 156458K(157248K)->152068K(157248K) Eden: 139776K(139776K)->139507K(139776K) From: 16682K(17472K)->12560K(17472K)
[49.004s][info][gc,heap        ] GC(1384) Tenured: 348881K(349568K)->348881K(349568K)
[49.004s][info][gc,metaspace   ] GC(1384) Metaspace: 30972K(31488K)->30972K(31488K) NonClass: 27722K(28032K)->27722K(28032K) Class: 3250K(3456K)->3250K(3456K)
[49.004s][info][gc             ] GC(1384) Pause Full (Allocation Failure) 493M->489M(494M) 14.360ms
[49.004s][info][gc,cpu         ] GC(1384) User=0.01s Sys=0.00s Real=0.02s
[49.005s][info][gc,start       ] GC(1385) Pause Full (Allocation Failure)
[49.005s][info][gc,phases,start] GC(1385) Phase 1: Mark live objects
[49.012s][info][gc,phases      ] GC(1385) Phase 1: Mark live objects 7.280ms
[49.012s][info][gc,phases,start] GC(1385) Phase 2: Compute new object addresses
[49.014s][info][gc,phases      ] GC(1385) Phase 2: Compute new object addresses 2.024ms
[49.014s][info][gc,phases,start] GC(1385) Phase 3: Adjust pointers
[49.019s][info][gc,phases      ] GC(1385) Phase 3: Adjust pointers 4.759ms
[49.019s][info][gc,phases,start] GC(1385) Phase 4: Move objects
[49.020s][info][gc,phases      ] GC(1385) Phase 4: Move objects 0.465ms
[49.020s][info][gc,heap        ] GC(1385) DefNew: 157201K(157248K)->153107K(157248K) Eden: 139776K(139776K)->139523K(139776K) From: 17425K(17472K)->13583K(17472K)
[49.020s][info][gc,heap        ] GC(1385) Tenured: 349393K(349568K)->349393K(349568K)
[49.020s][info][gc,metaspace   ] GC(1385) Metaspace: 30972K(31488K)->30972K(31488K) NonClass: 27722K(28032K)->27722K(28032K) Class: 3250K(3456K)->3250K(3456K)
[49.020s][info][gc             ] GC(1385) Pause Full (Allocation Failure) 494M->490M(494M) 14.829ms
[49.020s][info][gc,cpu         ] GC(1385) User=0.01s Sys=0.00s Real=0.01s
[49.020s][info][gc,start       ] GC(1386) Pause Full (Allocation Failure)
[49.020s][info][gc,phases,start] GC(1386) Phase 1: Mark live objects
[49.027s][info][gc,phases      ] GC(1386) Phase 1: Mark live objects 7.002ms
[49.027s][info][gc,phases,start] GC(1386) Phase 2: Compute new object addresses
[49.029s][info][gc,phases      ] GC(1386) Phase 2: Compute new object addresses 2.075ms
[49.029s][info][gc,phases,start] GC(1386) Phase 3: Adjust pointers
[49.034s][info][gc,phases      ] GC(1386) Phase 3: Adjust pointers 4.884ms
[49.034s][info][gc,phases,start] GC(1386) Phase 4: Move objects
[49.035s][info][gc,phases      ] GC(1386) Phase 4: Move objects 0.500ms
[49.035s][info][gc,heap        ] GC(1386) DefNew: 157200K(157248K)->152610K(157248K) Eden: 139776K(139776K)->139026K(139776K) From: 17424K(17472K)->13583K(17472K)
[49.035s][info][gc,heap        ] GC(1386) Tenured: 349393K(349568K)->349393K(349568K)
[49.035s][info][gc,metaspace   ] GC(1386) Metaspace: 30972K(31488K)->30972K(31488K) NonClass: 27722K(28032K)->27722K(28032K) Class: 3250K(3456K)->3250K(3456K)
[49.035s][info][gc             ] GC(1386) Pause Full (Allocation Failure) 494M->490M(494M) 14.771ms
[49.035s][info][gc,cpu         ] GC(1386) User=0.01s Sys=0.00s Real=0.01s
[49.036s][info][gc,start       ] GC(1387) Pause Full (Allocation Failure)
[49.036s][info][gc,phases,start] GC(1387) Phase 1: Mark live objects
[49.043s][info][gc,phases      ] GC(1387) Phase 1: Mark live objects 7.074ms
[49.043s][info][gc,phases,start] GC(1387) Phase 2: Compute new object addresses
[49.045s][info][gc,phases      ] GC(1387) Phase 2: Compute new object addresses 2.050ms
[49.045s][info][gc,phases,start] GC(1387) Phase 3: Adjust pointers
[49.049s][info][gc,phases      ] GC(1387) Phase 3: Adjust pointers 4.630ms
[49.049s][info][gc,phases,start] GC(1387) Phase 4: Move objects
[49.050s][info][gc,phases      ] GC(1387) Phase 4: Move objects 0.263ms
[49.050s][info][gc,heap        ] GC(1387) DefNew: 157201K(157248K)->152371K(157248K) Eden: 139776K(139776K)->139299K(139776K) From: 17425K(17472K)->13072K(17472K)
[49.050s][info][gc,heap        ] GC(1387) Tenured: 349393K(349568K)->349393K(349568K)
[49.050s][info][gc,metaspace   ] GC(1387) Metaspace: 30972K(31488K)->30972K(31488K) NonClass: 27722K(28032K)->27722K(28032K) Class: 3250K(3456K)->3250K(3456K)
[49.050s][info][gc             ] GC(1387) Pause Full (Allocation Failure) 494M->490M(494M) 14.358ms
[49.050s][info][gc,cpu         ] GC(1387) User=0.01s Sys=0.00s Real=0.02s
[49.050s][info][gc,start       ] GC(1388) Pause Full (Allocation Failure)
[49.050s][info][gc,phases,start] GC(1388) Phase 1: Mark live objects
[49.057s][info][gc,phases      ] GC(1388) Phase 1: Mark live objects 6.460ms
[49.057s][info][gc,phases,start] GC(1388) Phase 2: Compute new object addresses
[49.059s][info][gc,phases      ] GC(1388) Phase 2: Compute new object addresses 1.968ms
[49.059s][info][gc,phases,start] GC(1388) Phase 3: Adjust pointers
[49.064s][info][gc,phases      ] GC(1388) Phase 3: Adjust pointers 4.863ms
[49.064s][info][gc,phases,start] GC(1388) Phase 4: Move objects
[49.064s][info][gc,phases      ] GC(1388) Phase 4: Move objects 0.426ms
[49.064s][info][gc,heap        ] GC(1388) DefNew: 156955K(157248K)->153651K(157248K) Eden: 139776K(139776K)->139554K(139776K) From: 17179K(17472K)->14097K(17472K)
[49.064s][info][gc,heap        ] GC(1388) Tenured: 349393K(349568K)->349393K(349568K)
[49.064s][info][gc,metaspace   ] GC(1388) Metaspace: 30972K(31488K)->30972K(31488K) NonClass: 27722K(28032K)->27722K(28032K) Class: 3250K(3456K)->3250K(3456K)
[49.064s][info][gc             ] GC(1388) Pause Full (Allocation Failure) 494M->491M(494M) 14.005ms
[49.064s][info][gc,cpu         ] GC(1388) User=0.02s Sys=0.00s Real=0.02s
[49.065s][info][gc,start       ] GC(1389) Pause Full (Allocation Failure)
[49.065s][info][gc,phases,start] GC(1389) Phase 1: Mark live objects
[49.074s][info][gc,phases      ] GC(1389) Phase 1: Mark live objects 8.761ms
[49.074s][info][gc,phases,start] GC(1389) Phase 2: Compute new object addresses
[49.076s][info][gc,phases      ] GC(1389) Phase 2: Compute new object addresses 2.320ms
[49.076s][info][gc,phases,start] GC(1389) Phase 3: Adjust pointers
[49.081s][info][gc,phases      ] GC(1389) Phase 3: Adjust pointers 5.169ms
[49.081s][info][gc,phases,start] GC(1389) Phase 4: Move objects
[49.083s][info][gc,phases      ] GC(1389) Phase 4: Move objects 1.622ms
[49.083s][info][gc,heap        ] GC(1389) DefNew: 156433K(157248K)->152631K(157248K) Eden: 139776K(139776K)->139558K(139776K) From: 16657K(17472K)->13072K(17472K)
[49.083s][info][gc,heap        ] GC(1389) Tenured: 349393K(349568K)->349393K(349568K)
[49.083s][info][gc,metaspace   ] GC(1389) Metaspace: 30972K(31488K)->30972K(31488K) NonClass: 27722K(28032K)->27722K(28032K) Class: 3250K(3456K)->3250K(3456K)
[49.083s][info][gc             ] GC(1389) Pause Full (Allocation Failure) 493M->490M(494M) 18.266ms
[49.083s][info][gc,cpu         ] GC(1389) User=0.01s Sys=0.00s Real=0.01s
[49.083s][info][gc,start       ] GC(1390) Pause Full (Allocation Failure)
[49.083s][info][gc,phases,start] GC(1390) Phase 1: Mark live objects
[49.091s][info][gc,phases      ] GC(1390) Phase 1: Mark live objects 7.486ms
[49.091s][info][gc,phases,start] GC(1390) Phase 2: Compute new object addresses
[49.093s][info][gc,phases      ] GC(1390) Phase 2: Compute new object addresses 2.246ms
[49.093s][info][gc,phases,start] GC(1390) Phase 3: Adjust pointers
[49.098s][info][gc,phases      ] GC(1390) Phase 3: Adjust pointers 4.969ms
[49.098s][info][gc,phases,start] GC(1390) Phase 4: Move objects
[49.099s][info][gc,phases      ] GC(1390) Phase 4: Move objects 0.391ms
[49.099s][info][gc,heap        ] GC(1390) DefNew: 157118K(157248K)->154679K(157248K) Eden: 139692K(139776K)->139303K(139776K) From: 17425K(17472K)->15376K(17472K)
[49.099s][info][gc,heap        ] GC(1390) Tenured: 349393K(349568K)->349393K(349568K)
[49.099s][info][gc,metaspace   ] GC(1390) Metaspace: 30972K(31488K)->30972K(31488K) NonClass: 27722K(28032K)->27722K(28032K) Class: 3250K(3456K)->3250K(3456K)
[49.099s][info][gc             ] GC(1390) Pause Full (Allocation Failure) 494M->492M(494M) 15.469ms
[49.099s][info][gc,cpu         ] GC(1390) User=0.01s Sys=0.00s Real=0.02s
[49.100s][info][gc,start       ] GC(1391) Pause Full (Allocation Failure)
[49.100s][info][gc,phases,start] GC(1391) Phase 1: Mark live objects
[49.107s][info][gc,phases      ] GC(1391) Phase 1: Mark live objects 7.092ms
[49.107s][info][gc,phases,start] GC(1391) Phase 2: Compute new object addresses
[49.109s][info][gc,phases      ] GC(1391) Phase 2: Compute new object addresses 2.135ms
[49.109s][info][gc,phases,start] GC(1391) Phase 3: Adjust pointers
[49.114s][info][gc,phases      ] GC(1391) Phase 3: Adjust pointers 4.918ms
[49.114s][info][gc,phases,start] GC(1391) Phase 4: Move objects
[49.114s][info][gc,phases      ] GC(1391) Phase 4: Move objects 0.395ms
[49.114s][info][gc,heap        ] GC(1391) DefNew: 157214K(157248K)->153143K(157248K) Eden: 139776K(139776K)->139301K(139776K) From: 17438K(17472K)->13842K(17472K)
[49.114s][info][gc,heap        ] GC(1391) Tenured: 349393K(349568K)->348881K(349568K)
[49.114s][info][gc,metaspace   ] GC(1391) Metaspace: 30972K(31488K)->30972K(31488K) NonClass: 27722K(28032K)->27722K(28032K) Class: 3250K(3456K)->3250K(3456K)
[49.114s][info][gc             ] GC(1391) Pause Full (Allocation Failure) 494M->490M(494M) 14.858ms
[49.114s][info][gc,cpu         ] GC(1391) User=0.02s Sys=0.00s Real=0.01s
[49.115s][info][gc,start       ] GC(1392) Pause Full (Allocation Failure)
[49.115s][info][gc,phases,start] GC(1392) Phase 1: Mark live objects
[49.123s][info][gc,phases      ] GC(1392) Phase 1: Mark live objects 7.719ms
[49.123s][info][gc,phases,start] GC(1392) Phase 2: Compute new object addresses
[49.125s][info][gc,phases      ] GC(1392) Phase 2: Compute new object addresses 2.231ms
[49.125s][info][gc,phases,start] GC(1392) Phase 3: Adjust pointers
[49.130s][info][gc,phases      ] GC(1392) Phase 3: Adjust pointers 5.167ms
[49.130s][info][gc,phases,start] GC(1392) Phase 4: Move objects
[49.131s][info][gc,phases      ] GC(1392) Phase 4: Move objects 0.214ms
[49.131s][info][gc,heap        ] GC(1392) DefNew: 156966K(157248K)->151620K(157248K) Eden: 139776K(139776K)->139313K(139776K) From: 17190K(17472K)->12306K(17472K)
[49.131s][info][gc,heap        ] GC(1392) Tenured: 348881K(349568K)->348881K(349568K)
[49.131s][info][gc,metaspace   ] GC(1392) Metaspace: 30972K(31488K)->30972K(31488K) NonClass: 27722K(28032K)->27722K(28032K) Class: 3250K(3456K)->3250K(3456K)
[49.131s][info][gc             ] GC(1392) Pause Full (Allocation Failure) 493M->488M(494M) 15.666ms
[49.131s][info][gc,cpu         ] GC(1392) User=0.02s Sys=0.00s Real=0.02s
[49.131s][info][gc,start       ] GC(1393) Pause Full (Allocation Failure)
[49.131s][info][gc,phases,start] GC(1393) Phase 1: Mark live objects
[49.139s][info][gc,phases      ] GC(1393) Phase 1: Mark live objects 7.333ms
[49.139s][info][gc,phases,start] GC(1393) Phase 2: Compute new object addresses
[49.141s][info][gc,phases      ] GC(1393) Phase 2: Compute new object addresses 2.199ms
[49.141s][info][gc,phases,start] GC(1393) Phase 3: Adjust pointers
[49.146s][info][gc,phases      ] GC(1393) Phase 3: Adjust pointers 4.878ms
[49.146s][info][gc,phases,start] GC(1393) Phase 4: Move objects
[49.147s][info][gc,phases      ] GC(1393) Phase 4: Move objects 0.841ms
[49.147s][info][gc,heap        ] GC(1393) DefNew: 156459K(157248K)->153558K(157248K) Eden: 139776K(139776K)->138962K(139776K) From: 16683K(17472K)->14596K(17472K)
[49.147s][info][gc,heap        ] GC(1393) Tenured: 348881K(349568K)->348881K(349568K)
[49.147s][info][gc,metaspace   ] GC(1393) Metaspace: 30972K(31488K)->30972K(31488K) NonClass: 27722K(28032K)->27722K(28032K) Class: 3250K(3456K)->3250K(3456K)
[49.147s][info][gc             ] GC(1393) Pause Full (Allocation Failure) 493M->490M(494M) 15.573ms
[49.147s][info][gc,cpu         ] GC(1393) User=0.01s Sys=0.00s Real=0.02s
[49.147s][info][gc,start       ] GC(1394) Pause Full (Allocation Failure)
[49.148s][info][gc,phases,start] GC(1394) Phase 1: Mark live objects
[49.155s][info][gc,phases      ] GC(1394) Phase 1: Mark live objects 7.125ms
[49.155s][info][gc,phases,start] GC(1394) Phase 2: Compute new object addresses
[49.157s][info][gc,phases      ] GC(1394) Phase 2: Compute new object addresses 2.038ms
[49.157s][info][gc,phases,start] GC(1394) Phase 3: Adjust pointers
[49.162s][info][gc,phases      ] GC(1394) Phase 3: Adjust pointers 5.358ms
[49.162s][info][gc,phases,start] GC(1394) Phase 4: Move objects
[49.163s][info][gc,phases      ] GC(1394) Phase 4: Move objects 0.383ms
[49.163s][info][gc,heap        ] GC(1394) DefNew: 157211K(157248K)->151630K(157248K) Eden: 139776K(139776K)->139075K(139776K) From: 17435K(17472K)->12554K(17472K)
[49.163s][info][gc,heap        ] GC(1394) Tenured: 349393K(349568K)->349393K(349568K)
[49.163s][info][gc,metaspace   ] GC(1394) Metaspace: 30972K(31488K)->30972K(31488K) NonClass: 27722K(28032K)->27722K(28032K) Class: 3250K(3456K)->3250K(3456K)
[49.163s][info][gc             ] GC(1394) Pause Full (Allocation Failure) 494M->489M(494M) 15.224ms
[49.163s][info][gc,cpu         ] GC(1394) User=0.01s Sys=0.00s Real=0.01s
[49.164s][info][gc,start       ] GC(1395) Pause Full (Allocation Failure)
[49.164s][info][gc,phases,start] GC(1395) Phase 1: Mark live objects
[49.172s][info][gc,phases      ] GC(1395) Phase 1: Mark live objects 7.924ms
[49.172s][info][gc,phases,start] GC(1395) Phase 2: Compute new object addresses
[49.175s][info][gc,phases      ] GC(1395) Phase 2: Compute new object addresses 2.413ms
[49.175s][info][gc,phases,start] GC(1395) Phase 3: Adjust pointers
[49.180s][info][gc,phases      ] GC(1395) Phase 3: Adjust pointers 5.269ms
[49.180s][info][gc,phases,start] GC(1395) Phase 4: Move objects
[49.201s][info][gc,phases      ] GC(1395) Phase 4: Move objects 21.586ms
[49.202s][info][gc,heap        ] GC(1395) DefNew: 157207K(157248K)->152656K(157248K) Eden: 139776K(139776K)->139076K(139776K) From: 17431K(17472K)->13579K(17472K)
[49.202s][info][gc,heap        ] GC(1395) Tenured: 349393K(349568K)->349388K(349568K)
[49.202s][info][gc,metaspace   ] GC(1395) Metaspace: 30974K(31488K)->30974K(31488K) NonClass: 27724K(28032K)->27724K(28032K) Class: 3250K(3456K)->3250K(3456K)
[49.202s][info][gc             ] GC(1395) Pause Full (Allocation Failure) 494M->490M(494M) 37.621ms
[49.202s][info][gc,cpu         ] GC(1395) User=0.03s Sys=0.01s Real=0.03s
[49.202s][info][gc,start       ] GC(1396) Pause Full (Allocation Failure)
[49.202s][info][gc,phases,start] GC(1396) Phase 1: Mark live objects
[49.211s][info][gc,phases      ] GC(1396) Phase 1: Mark live objects 8.288ms
[49.211s][info][gc,phases,start] GC(1396) Phase 2: Compute new object addresses
[49.213s][info][gc,phases      ] GC(1396) Phase 2: Compute new object addresses 2.298ms
[49.213s][info][gc,phases,start] GC(1396) Phase 3: Adjust pointers
[49.218s][info][gc,phases      ] GC(1396) Phase 3: Adjust pointers 5.250ms
[49.218s][info][gc,phases,start] GC(1396) Phase 4: Move objects
[49.219s][info][gc,phases      ] GC(1396) Phase 4: Move objects 0.397ms
[49.219s][info][gc,heap        ] GC(1396) DefNew: 156437K(157248K)->153170K(157248K) Eden: 139776K(139776K)->139334K(139776K) From: 16661K(17472K)->13836K(17472K)
[49.219s][info][gc,heap        ] GC(1396) Tenured: 349388K(349568K)->349388K(349568K)
[49.219s][info][gc,metaspace   ] GC(1396) Metaspace: 30974K(31488K)->30974K(31488K) NonClass: 27724K(28032K)->27724K(28032K) Class: 3250K(3456K)->3250K(3456K)
[49.219s][info][gc             ] GC(1396) Pause Full (Allocation Failure) 493M->490M(494M) 16.551ms
[49.219s][info][gc,cpu         ] GC(1396) User=0.02s Sys=0.00s Real=0.02s
[49.219s][info][gc,start       ] GC(1397) Pause Full (Allocation Failure)
[49.219s][info][gc,phases,start] GC(1397) Phase 1: Mark live objects
[49.226s][info][gc,phases      ] GC(1397) Phase 1: Mark live objects 7.191ms
[49.226s][info][gc,phases,start] GC(1397) Phase 2: Compute new object addresses
[49.229s][info][gc,phases      ] GC(1397) Phase 2: Compute new object addresses 2.034ms
[49.229s][info][gc,phases,start] GC(1397) Phase 3: Adjust pointers
[49.233s][info][gc,phases      ] GC(1397) Phase 3: Adjust pointers 4.869ms
[49.233s][info][gc,phases,start] GC(1397) Phase 4: Move objects
[49.234s][info][gc,phases      ] GC(1397) Phase 4: Move objects 0.472ms
[49.234s][info][gc,heap        ] GC(1397) DefNew: 157196K(157248K)->154444K(157248K) Eden: 139776K(139776K)->139328K(139776K) From: 17420K(17472K)->15115K(17472K)
[49.234s][info][gc,heap        ] GC(1397) Tenured: 349388K(349568K)->349388K(349568K)
[49.234s][info][gc,metaspace   ] GC(1397) Metaspace: 30974K(31488K)->30974K(31488K) NonClass: 27724K(28032K)->27724K(28032K) Class: 3250K(3456K)->3250K(3456K)
[49.234s][info][gc             ] GC(1397) Pause Full (Allocation Failure) 494M->492M(494M) 14.879ms
[49.234s][info][gc,cpu         ] GC(1397) User=0.01s Sys=0.00s Real=0.01s
[49.234s][info][gc,start       ] GC(1398) Pause Full (Allocation Failure)
[49.234s][info][gc,phases,start] GC(1398) Phase 1: Mark live objects
[49.243s][info][gc,phases      ] GC(1398) Phase 1: Mark live objects 8.152ms
[49.243s][info][gc,phases,start] GC(1398) Phase 2: Compute new object addresses
[49.245s][info][gc,phases      ] GC(1398) Phase 2: Compute new object addresses 2.125ms
[49.245s][info][gc,phases,start] GC(1398) Phase 3: Adjust pointers
[49.250s][info][gc,phases      ] GC(1398) Phase 3: Adjust pointers 5.002ms
[49.250s][info][gc,phases,start] GC(1398) Phase 4: Move objects
[49.250s][info][gc,phases      ] GC(1398) Phase 4: Move objects 0.395ms
[49.250s][info][gc,heap        ] GC(1398) DefNew: 156500K(157248K)->153421K(157248K) Eden: 139336K(139776K)->139329K(139776K) From: 17163K(17472K)->14091K(17472K)
[49.250s][info][gc,heap        ] GC(1398) Tenured: 349388K(349568K)->349388K(349568K)
[49.250s][info][gc,metaspace   ] GC(1398) Metaspace: 30974K(31488K)->30974K(31488K) NonClass: 27724K(28032K)->27724K(28032K) Class: 3250K(3456K)->3250K(3456K)
[49.250s][info][gc             ] GC(1398) Pause Full (Allocation Failure) 494M->491M(494M) 16.018ms
[49.250s][info][gc,cpu         ] GC(1398) User=0.01s Sys=0.00s Real=0.02s
[49.251s][info][gc,start       ] GC(1399) Pause Full (Allocation Failure)
[49.251s][info][gc,phases,start] GC(1399) Phase 1: Mark live objects
[49.258s][info][gc,phases      ] GC(1399) Phase 1: Mark live objects 6.920ms
[49.258s][info][gc,phases,start] GC(1399) Phase 2: Compute new object addresses
[49.260s][info][gc,phases      ] GC(1399) Phase 2: Compute new object addresses 1.932ms
[49.260s][info][gc,phases,start] GC(1399) Phase 3: Adjust pointers
[49.265s][info][gc,phases      ] GC(1399) Phase 3: Adjust pointers 4.766ms
[49.265s][info][gc,phases,start] GC(1399) Phase 4: Move objects
[49.265s][info][gc,phases      ] GC(1399) Phase 4: Move objects 0.426ms
[49.265s][info][gc,heap        ] GC(1399) DefNew: 157239K(157248K)->154444K(157248K) Eden: 139776K(139776K)->139072K(139776K) From: 17463K(17472K)->15371K(17472K)
[49.265s][info][gc,heap        ] GC(1399) Tenured: 349388K(349568K)->348876K(349568K)
[49.265s][info][gc,metaspace   ] GC(1399) Metaspace: 30974K(31488K)->30974K(31488K) NonClass: 27724K(28032K)->27724K(28032K) Class: 3250K(3456K)->3250K(3456K)
[49.265s][info][gc             ] GC(1399) Pause Full (Allocation Failure) 494M->491M(494M) 14.356ms
[49.265s][info][gc,cpu         ] GC(1399) User=0.02s Sys=0.00s Real=0.02s
[49.266s][info][gc,start       ] GC(1400) Pause Full (Allocation Failure)
[49.266s][info][gc,phases,start] GC(1400) Phase 1: Mark live objects
[49.273s][info][gc,phases      ] GC(1400) Phase 1: Mark live objects 7.101ms
[49.273s][info][gc,phases,start] GC(1400) Phase 2: Compute new object addresses
[49.275s][info][gc,phases      ] GC(1400) Phase 2: Compute new object addresses 1.977ms
[49.275s][info][gc,phases,start] GC(1400) Phase 3: Adjust pointers
[49.280s][info][gc,phases      ] GC(1400) Phase 3: Adjust pointers 4.897ms
[49.280s][info][gc,phases,start] GC(1400) Phase 4: Move objects
[49.280s][info][gc,phases      ] GC(1400) Phase 4: Move objects 0.386ms
[49.280s][info][gc,heap        ] GC(1400) DefNew: 156363K(157248K)->155213K(157248K) Eden: 139711K(139776K)->139585K(139776K) From: 16651K(17472K)->15627K(17472K)
[49.280s][info][gc,heap        ] GC(1400) Tenured: 348876K(349568K)->348876K(349568K)
[49.280s][info][gc,metaspace   ] GC(1400) Metaspace: 30974K(31488K)->30974K(31488K) NonClass: 27724K(28032K)->27724K(28032K) Class: 3250K(3456K)->3250K(3456K)
[49.280s][info][gc             ] GC(1400) Pause Full (Allocation Failure) 493M->492M(494M) 14.669ms
[49.280s][info][gc,cpu         ] GC(1400) User=0.01s Sys=0.00s Real=0.01s
[49.281s][info][gc,start       ] GC(1401) Pause Full (Allocation Failure)
[49.281s][info][gc,phases,start] GC(1401) Phase 1: Mark live objects
[49.288s][info][gc,phases      ] GC(1401) Phase 1: Mark live objects 7.174ms
[49.288s][info][gc,phases,start] GC(1401) Phase 2: Compute new object addresses
[49.290s][info][gc,phases      ] GC(1401) Phase 2: Compute new object addresses 2.177ms
[49.290s][info][gc,phases,start] GC(1401) Phase 3: Adjust pointers
[49.296s][info][gc,phases      ] GC(1401) Phase 3: Adjust pointers 5.333ms
[49.296s][info][gc,phases,start] GC(1401) Phase 4: Move objects
[49.296s][info][gc,phases      ] GC(1401) Phase 4: Move objects 0.274ms
[49.296s][info][gc,heap        ] GC(1401) DefNew: 157169K(157248K)->153933K(157248K) Eden: 139750K(139776K)->139586K(139776K) From: 17419K(17472K)->14347K(17472K)
[49.296s][info][gc,heap        ] GC(1401) Tenured: 349388K(349568K)->349388K(349568K)
[49.296s][info][gc,metaspace   ] GC(1401) Metaspace: 30974K(31488K)->30974K(31488K) NonClass: 27724K(28032K)->27724K(28032K) Class: 3250K(3456K)->3250K(3456K)
[49.296s][info][gc             ] GC(1401) Pause Full (Allocation Failure) 494M->491M(494M) 15.465ms
[49.296s][info][gc,cpu         ] GC(1401) User=0.02s Sys=0.00s Real=0.02s
[49.297s][info][gc,start       ] GC(1402) Pause Full (Allocation Failure)
[49.297s][info][gc,phases,start] GC(1402) Phase 1: Mark live objects
[49.304s][info][gc,phases      ] GC(1402) Phase 1: Mark live objects 7.702ms
[49.305s][info][gc,phases,start] GC(1402) Phase 2: Compute new object addresses
[49.307s][info][gc,phases      ] GC(1402) Phase 2: Compute new object addresses 2.041ms
[49.307s][info][gc,phases,start] GC(1402) Phase 3: Adjust pointers
[49.311s][info][gc,phases      ] GC(1402) Phase 3: Adjust pointers 4.908ms
[49.312s][info][gc,phases,start] GC(1402) Phase 4: Move objects
[49.312s][info][gc,phases      ] GC(1402) Phase 4: Move objects 0.502ms
[49.312s][info][gc,heap        ] GC(1402) DefNew: 157202K(157248K)->155218K(157248K) Eden: 139776K(139776K)->139590K(139776K) From: 17426K(17472K)->15628K(17472K)
[49.312s][info][gc,heap        ] GC(1402) Tenured: 349388K(349568K)->349388K(349568K)
[49.312s][info][gc,metaspace   ] GC(1402) Metaspace: 30974K(31488K)->30974K(31488K) NonClass: 27724K(28032K)->27724K(28032K) Class: 3250K(3456K)->3250K(3456K)
[49.312s][info][gc             ] GC(1402) Pause Full (Allocation Failure) 494M->492M(494M) 15.502ms
[49.312s][info][gc,cpu         ] GC(1402) User=0.02s Sys=0.00s Real=0.01s
[49.312s][info][gc,start       ] GC(1403) Pause Full (Allocation Failure)
[49.313s][info][gc,phases,start] GC(1403) Phase 1: Mark live objects
[49.320s][info][gc,phases      ] GC(1403) Phase 1: Mark live objects 7.036ms
[49.320s][info][gc,phases,start] GC(1403) Phase 2: Compute new object addresses
[49.322s][info][gc,phases      ] GC(1403) Phase 2: Compute new object addresses 1.952ms
[49.322s][info][gc,phases,start] GC(1403) Phase 3: Adjust pointers
[49.326s][info][gc,phases      ] GC(1403) Phase 3: Adjust pointers 4.710ms
[49.326s][info][gc,phases,start] GC(1403) Phase 4: Move objects
[49.327s][info][gc,phases      ] GC(1403) Phase 4: Move objects 0.229ms
[49.327s][info][gc,heap        ] GC(1403) DefNew: 157066K(157248K)->155732K(157248K) Eden: 139645K(139776K)->139592K(139776K) From: 17420K(17472K)->16140K(17472K)
[49.327s][info][gc,heap        ] GC(1403) Tenured: 349388K(349568K)->349132K(349568K)
[49.327s][info][gc,metaspace   ] GC(1403) Metaspace: 30974K(31488K)->30974K(31488K) NonClass: 27724K(28032K)->27724K(28032K) Class: 3250K(3456K)->3250K(3456K)
[49.327s][info][gc             ] GC(1403) Pause Full (Allocation Failure) 494M->493M(494M) 14.225ms
[49.327s][info][gc,cpu         ] GC(1403) User=0.01s Sys=0.00s Real=0.02s
[49.327s][info][gc,start       ] GC(1404) Pause Full (Allocation Failure)
[49.327s][info][gc,phases,start] GC(1404) Phase 1: Mark live objects
[49.334s][info][gc,phases      ] GC(1404) Phase 1: Mark live objects 7.228ms
[49.334s][info][gc,phases,start] GC(1404) Phase 2: Compute new object addresses
[49.336s][info][gc,phases      ] GC(1404) Phase 2: Compute new object addresses 2.004ms
[49.336s][info][gc,phases,start] GC(1404) Phase 3: Adjust pointers
[49.341s][info][gc,phases      ] GC(1404) Phase 3: Adjust pointers 4.855ms
[49.341s][info][gc,phases,start] GC(1404) Phase 4: Move objects
[49.342s][info][gc,phases      ] GC(1404) Phase 4: Move objects 0.248ms
[49.342s][info][gc,heap        ] GC(1404) DefNew: 157026K(157248K)->155988K(157248K) Eden: 139605K(139776K)->139592K(139776K) From: 17420K(17472K)->16396K(17472K)
[49.342s][info][gc,heap        ] GC(1404) Tenured: 349132K(349568K)->349132K(349568K)
[49.342s][info][gc,metaspace   ] GC(1404) Metaspace: 30974K(31488K)->30974K(31488K) NonClass: 27724K(28032K)->27724K(28032K) Class: 3250K(3456K)->3250K(3456K)
[49.342s][info][gc             ] GC(1404) Pause Full (Allocation Failure) 494M->493M(494M) 14.654ms
[49.342s][info][gc,cpu         ] GC(1404) User=0.02s Sys=0.00s Real=0.01s
[49.342s][info][gc,start       ] GC(1405) Pause Full (Allocation Failure)
[49.342s][info][gc,phases,start] GC(1405) Phase 1: Mark live objects
[49.349s][info][gc,phases      ] GC(1405) Phase 1: Mark live objects 7.292ms
[49.349s][info][gc,phases,start] GC(1405) Phase 2: Compute new object addresses
[49.351s][info][gc,phases      ] GC(1405) Phase 2: Compute new object addresses 1.984ms
[49.352s][info][gc,phases,start] GC(1405) Phase 3: Adjust pointers
[49.356s][info][gc,phases      ] GC(1405) Phase 3: Adjust pointers 4.741ms
[49.356s][info][gc,phases,start] GC(1405) Phase 4: Move objects
[49.356s][info][gc,phases      ] GC(1405) Phase 4: Move objects 0.086ms
[49.357s][info][gc,heap        ] GC(1405) DefNew: 157034K(157248K)->155214K(157248K) Eden: 139613K(139776K)->139586K(139776K) From: 17420K(17472K)->15628K(17472K)
[49.357s][info][gc,heap        ] GC(1405) Tenured: 349388K(349568K)->349388K(349568K)
[49.357s][info][gc,metaspace   ] GC(1405) Metaspace: 30974K(31488K)->30974K(31488K) NonClass: 27724K(28032K)->27724K(28032K) Class: 3250K(3456K)->3250K(3456K)
[49.357s][info][gc             ] GC(1405) Pause Full (Allocation Failure) 494M->492M(494M) 14.439ms
[49.357s][info][gc,cpu         ] GC(1405) User=0.01s Sys=0.00s Real=0.02s
[49.357s][info][gc,start       ] GC(1406) Pause Full (Allocation Failure)
[49.357s][info][gc,phases,start] GC(1406) Phase 1: Mark live objects
[49.364s][info][gc,phases      ] GC(1406) Phase 1: Mark live objects 7.211ms
[49.364s][info][gc,phases,start] GC(1406) Phase 2: Compute new object addresses
[49.366s][info][gc,phases      ] GC(1406) Phase 2: Compute new object addresses 1.985ms
[49.366s][info][gc,phases,start] GC(1406) Phase 3: Adjust pointers
[49.371s][info][gc,phases      ] GC(1406) Phase 3: Adjust pointers 4.858ms
[49.371s][info][gc,phases,start] GC(1406) Phase 4: Move objects
[49.372s][info][gc,phases      ] GC(1406) Phase 4: Move objects 0.494ms
[49.372s][info][gc,heap        ] GC(1406) DefNew: 157200K(157248K)->155730K(157248K) Eden: 139775K(139776K)->139589K(139776K) From: 17424K(17472K)->16140K(17472K)
[49.372s][info][gc,heap        ] GC(1406) Tenured: 349388K(349568K)->349388K(349568K)
[49.372s][info][gc,metaspace   ] GC(1406) Metaspace: 30974K(31488K)->30974K(31488K) NonClass: 27724K(28032K)->27724K(28032K) Class: 3250K(3456K)->3250K(3456K)
[49.372s][info][gc             ] GC(1406) Pause Full (Allocation Failure) 494M->493M(494M) 15.121ms
[49.372s][info][gc,cpu         ] GC(1406) User=0.02s Sys=0.00s Real=0.01s
[49.372s][info][gc,start       ] GC(1407) Pause Full (Allocation Failure)
[49.373s][info][gc,phases,start] GC(1407) Phase 1: Mark live objects
[49.380s][info][gc,phases      ] GC(1407) Phase 1: Mark live objects 7.538ms
[49.380s][info][gc,phases,start] GC(1407) Phase 2: Compute new object addresses
[49.382s][info][gc,phases      ] GC(1407) Phase 2: Compute new object addresses 2.134ms
[49.382s][info][gc,phases,start] GC(1407) Phase 3: Adjust pointers
[49.389s][info][gc,phases      ] GC(1407) Phase 3: Adjust pointers 6.300ms
[49.389s][info][gc,phases,start] GC(1407) Phase 4: Move objects
[49.389s][info][gc,phases      ] GC(1407) Phase 4: Move objects 0.191ms
[49.389s][info][gc,heap        ] GC(1407) DefNew: 157028K(157248K)->156498K(157248K) Eden: 139607K(139776K)->139590K(139776K) From: 17420K(17472K)->16908K(17472K)
[49.389s][info][gc,heap        ] GC(1407) Tenured: 349388K(349568K)->349132K(349568K)
[49.389s][info][gc,metaspace   ] GC(1407) Metaspace: 30974K(31488K)->30974K(31488K) NonClass: 27724K(28032K)->27724K(28032K) Class: 3250K(3456K)->3250K(3456K)
[49.389s][info][gc             ] GC(1407) Pause Full (Allocation Failure) 494M->493M(494M) 16.502ms
[49.389s][info][gc,cpu         ] GC(1407) User=0.01s Sys=0.00s Real=0.02s
[49.389s][info][gc,start       ] GC(1408) Pause Full (Allocation Failure)
[49.389s][info][gc,phases,start] GC(1408) Phase 1: Mark live objects
[49.397s][info][gc,phases      ] GC(1408) Phase 1: Mark live objects 7.625ms
[49.397s][info][gc,phases,start] GC(1408) Phase 2: Compute new object addresses
[49.399s][info][gc,phases      ] GC(1408) Phase 2: Compute new object addresses 2.102ms
[49.399s][info][gc,phases,start] GC(1408) Phase 3: Adjust pointers
[49.404s][info][gc,phases      ] GC(1408) Phase 3: Adjust pointers 5.081ms
[49.404s][info][gc,phases,start] GC(1408) Phase 4: Move objects
[49.404s][info][gc,phases      ] GC(1408) Phase 4: Move objects 0.037ms
[49.404s][info][gc,heap        ] GC(1408) DefNew: 157031K(157248K)->157012K(157248K) Eden: 139610K(139776K)->139592K(139776K) From: 17420K(17472K)->17420K(17472K)
[49.404s][info][gc,heap        ] GC(1408) Tenured: 349132K(349568K)->349132K(349568K)
[49.404s][info][gc,metaspace   ] GC(1408) Metaspace: 30974K(31488K)->30974K(31488K) NonClass: 27724K(28032K)->27724K(28032K) Class: 3250K(3456K)->3250K(3456K)
[49.404s][info][gc             ] GC(1408) Pause Full (Allocation Failure) 494M->494M(494M) 15.195ms
[49.404s][info][gc,cpu         ] GC(1408) User=0.02s Sys=0.00s Real=0.02s
[49.404s][info][gc,start       ] GC(1409) Pause Full (Allocation Failure)
[49.405s][info][gc,phases,start] GC(1409) Phase 1: Mark live objects
[49.414s][info][gc,phases      ] GC(1409) Phase 1: Mark live objects 9.461ms
[49.414s][info][gc,phases,start] GC(1409) Phase 2: Compute new object addresses
[49.416s][info][gc,phases      ] GC(1409) Phase 2: Compute new object addresses 1.911ms
[49.416s][info][gc,phases,start] GC(1409) Phase 3: Adjust pointers
[49.421s][info][gc,phases      ] GC(1409) Phase 3: Adjust pointers 5.162ms
[49.421s][info][gc,phases,start] GC(1409) Phase 4: Move objects
[49.444s][info][gc,phases      ] GC(1409) Phase 4: Move objects 22.483ms
[49.444s][info][gc,heap        ] GC(1409) DefNew: 157012K(157248K)->157012K(157248K) Eden: 139592K(139776K)->139592K(139776K) From: 17420K(17472K)->17420K(17472K)
[49.444s][info][gc,heap        ] GC(1409) Tenured: 349132K(349568K)->349093K(349568K)
[49.444s][info][gc,metaspace   ] GC(1409) Metaspace: 30974K(31488K)->30919K(31488K) NonClass: 27724K(28032K)->27678K(28032K) Class: 3250K(3456K)->3241K(3456K)
[49.444s][info][gc             ] GC(1409) Pause Full (Allocation Failure) 494M->494M(494M) 39.490ms
[49.444s][info][gc,cpu         ] GC(1409) User=0.04s Sys=0.00s Real=0.04s
[49.445s][info][gc,start       ] GC(1410) Pause Full (Allocation Failure)
[49.445s][info][gc,phases,start] GC(1410) Phase 1: Mark live objects
[49.453s][info][gc,phases      ] GC(1410) Phase 1: Mark live objects 8.371ms
[49.453s][info][gc,phases,start] GC(1410) Phase 2: Compute new object addresses
[49.456s][info][gc,phases      ] GC(1410) Phase 2: Compute new object addresses 2.369ms
[49.456s][info][gc,phases,start] GC(1410) Phase 3: Adjust pointers
[49.461s][info][gc,phases      ] GC(1410) Phase 3: Adjust pointers 5.774ms
[49.461s][info][gc,phases,start] GC(1410) Phase 4: Move objects
[49.462s][info][gc,phases      ] GC(1410) Phase 4: Move objects 0.279ms
[49.462s][info][gc,heap        ] GC(1410) DefNew: 157207K(157248K)->155231K(157248K) Eden: 139776K(139776K)->139601K(139776K) From: 17431K(17472K)->15629K(17472K)
[49.462s][info][gc,heap        ] GC(1410) Tenured: 349093K(349568K)->349093K(349568K)
[49.462s][info][gc,metaspace   ] GC(1410) Metaspace: 30919K(31488K)->30919K(31488K) NonClass: 27678K(28032K)->27678K(28032K) Class: 3241K(3456K)->3241K(3456K)
[49.462s][info][gc             ] GC(1410) Pause Full (Allocation Failure) 494M->492M(494M) 17.183ms
[49.462s][info][gc,cpu         ] GC(1410) User=0.02s Sys=0.00s Real=0.01s
[49.463s][info][gc,start       ] GC(1411) Pause Full (Allocation Failure)
[49.463s][info][gc,phases,start] GC(1411) Phase 1: Mark live objects
[49.471s][info][gc,phases      ] GC(1411) Phase 1: Mark live objects 8.017ms
[49.471s][info][gc,phases,start] GC(1411) Phase 2: Compute new object addresses
[49.473s][info][gc,phases      ] GC(1411) Phase 2: Compute new object addresses 2.316ms
[49.473s][info][gc,phases,start] GC(1411) Phase 3: Adjust pointers
[49.479s][info][gc,phases      ] GC(1411) Phase 3: Adjust pointers 5.902ms
[49.479s][info][gc,phases,start] GC(1411) Phase 4: Move objects
[49.508s][info][gc,phases      ] GC(1411) Phase 4: Move objects 29.176ms
[49.509s][info][gc,heap        ] GC(1411) DefNew: 157214K(157248K)->155488K(157248K) Eden: 139776K(139776K)->139090K(139776K) From: 17438K(17472K)->16397K(17472K)
[49.509s][info][gc,heap        ] GC(1411) Tenured: 349093K(349568K)->349090K(349568K)
[49.509s][info][gc,metaspace   ] GC(1411) Metaspace: 30920K(31488K)->30920K(31488K) NonClass: 27679K(28032K)->27679K(28032K) Class: 3241K(3456K)->3241K(3456K)
[49.509s][info][gc             ] GC(1411) Pause Full (Allocation Failure) 494M->492M(494M) 45.903ms
[49.509s][info][gc,cpu         ] GC(1411) User=0.05s Sys=0.00s Real=0.05s
[49.513s][info][gc,start       ] GC(1412) Pause Full (Allocation Failure)
[49.513s][info][gc,phases,start] GC(1412) Phase 1: Mark live objects
[49.522s][info][gc,phases      ] GC(1412) Phase 1: Mark live objects 9.030ms
[49.522s][info][gc,phases,start] GC(1412) Phase 2: Compute new object addresses
[49.524s][info][gc,phases      ] GC(1412) Phase 2: Compute new object addresses 2.384ms
[49.524s][info][gc,phases,start] GC(1412) Phase 3: Adjust pointers
[49.530s][info][gc,phases      ] GC(1412) Phase 3: Adjust pointers 5.356ms
[49.530s][info][gc,phases,start] GC(1412) Phase 4: Move objects
[49.530s][info][gc,phases      ] GC(1412) Phase 4: Move objects 0.281ms
[49.530s][info][gc,heap        ] GC(1412) DefNew: 157066K(157248K)->156255K(157248K) Eden: 139644K(139776K)->139601K(139776K) From: 17421K(17472K)->16653K(17472K)
[49.530s][info][gc,heap        ] GC(1412) Tenured: 349090K(349568K)->349090K(349568K)
[49.530s][info][gc,metaspace   ] GC(1412) Metaspace: 30920K(31488K)->30920K(31488K) NonClass: 27679K(28032K)->27679K(28032K) Class: 3241K(3456K)->3241K(3456K)
[49.530s][info][gc             ] GC(1412) Pause Full (Allocation Failure) 494M->493M(494M) 17.409ms
[49.530s][info][gc,cpu         ] GC(1412) User=0.02s Sys=0.00s Real=0.02s
[49.531s][info][gc,start       ] GC(1413) Pause Full (Allocation Failure)
[49.531s][info][gc,phases,start] GC(1413) Phase 1: Mark live objects
[49.538s][info][gc,phases      ] GC(1413) Phase 1: Mark live objects 7.050ms
[49.538s][info][gc,phases,start] GC(1413) Phase 2: Compute new object addresses
[49.540s][info][gc,phases      ] GC(1413) Phase 2: Compute new object addresses 1.937ms
[49.540s][info][gc,phases,start] GC(1413) Phase 3: Adjust pointers
[49.544s][info][gc,phases      ] GC(1413) Phase 3: Adjust pointers 4.712ms
[49.544s][info][gc,phases,start] GC(1413) Phase 4: Move objects
[49.545s][info][gc,phases      ] GC(1413) Phase 4: Move objects 0.486ms
[49.545s][info][gc,heap        ] GC(1413) DefNew: 157038K(157248K)->155996K(157248K) Eden: 139616K(139776K)->139600K(139776K) From: 17421K(17472K)->16396K(17472K)
[49.545s][info][gc,heap        ] GC(1413) Tenured: 349346K(349568K)->349346K(349568K)
[49.545s][info][gc,metaspace   ] GC(1413) Metaspace: 30920K(31488K)->30920K(31488K) NonClass: 27679K(28032K)->27679K(28032K) Class: 3241K(3456K)->3241K(3456K)
[49.545s][info][gc             ] GC(1413) Pause Full (Allocation Failure) 494M->493M(494M) 14.498ms
[49.545s][info][gc,cpu         ] GC(1413) User=0.01s Sys=0.00s Real=0.02s
[49.546s][info][gc,start       ] GC(1414) Pause Full (Allocation Failure)
[49.546s][info][gc,phases,start] GC(1414) Phase 1: Mark live objects
[49.552s][info][gc,phases      ] GC(1414) Phase 1: Mark live objects 6.850ms
[49.552s][info][gc,phases,start] GC(1414) Phase 2: Compute new object addresses
[49.554s][info][gc,phases      ] GC(1414) Phase 2: Compute new object addresses 1.871ms
[49.554s][info][gc,phases,start] GC(1414) Phase 3: Adjust pointers
[49.559s][info][gc,phases      ] GC(1414) Phase 3: Adjust pointers 4.554ms
[49.559s][info][gc,phases,start] GC(1414) Phase 4: Move objects
[49.559s][info][gc,phases      ] GC(1414) Phase 4: Move objects 0.143ms
[49.559s][info][gc,heap        ] GC(1414) DefNew: 156428K(157248K)->154991K(157248K) Eden: 139776K(139776K)->139619K(139776K) From: 16652K(17472K)->15372K(17472K)
[49.559s][info][gc,heap        ] GC(1414) Tenured: 349346K(349568K)->349346K(349568K)
[49.559s][info][gc,metaspace   ] GC(1414) Metaspace: 30920K(31488K)->30920K(31488K) NonClass: 27679K(28032K)->27679K(28032K) Class: 3241K(3456K)->3241K(3456K)
[49.559s][info][gc             ] GC(1414) Pause Full (Allocation Failure) 493M->492M(494M) 13.712ms
[49.559s][info][gc,cpu         ] GC(1414) User=0.02s Sys=0.00s Real=0.01s
[49.560s][info][gc,start       ] GC(1415) Pause Full (Allocation Failure)
[49.560s][info][gc,phases,start] GC(1415) Phase 1: Mark live objects
[49.566s][info][gc,phases      ] GC(1415) Phase 1: Mark live objects 6.674ms
[49.567s][info][gc,phases,start] GC(1415) Phase 2: Compute new object addresses
[49.568s][info][gc,phases      ] GC(1415) Phase 2: Compute new object addresses 1.979ms
[49.569s][info][gc,phases,start] GC(1415) Phase 3: Adjust pointers
[49.573s][info][gc,phases      ] GC(1415) Phase 3: Adjust pointers 4.776ms
[49.573s][info][gc,phases,start] GC(1415) Phase 4: Move objects
[49.573s][info][gc,phases      ] GC(1415) Phase 4: Move objects 0.148ms
[49.574s][info][gc,heap        ] GC(1415) DefNew: 156794K(157248K)->156526K(157248K) Eden: 139629K(139776K)->139617K(139776K) From: 17164K(17472K)->16908K(17472K)
[49.574s][info][gc,heap        ] GC(1415) Tenured: 349346K(349568K)->349090K(349568K)
[49.574s][info][gc,metaspace   ] GC(1415) Metaspace: 30920K(31488K)->30920K(31488K) NonClass: 27679K(28032K)->27679K(28032K) Class: 3241K(3456K)->3241K(3456K)
[49.574s][info][gc             ] GC(1415) Pause Full (Allocation Failure) 494M->493M(494M) 13.911ms
[49.574s][info][gc,cpu         ] GC(1415) User=0.01s Sys=0.00s Real=0.01s
[49.574s][info][gc,start       ] GC(1416) Pause Full (Allocation Failure)
[49.574s][info][gc,phases,start] GC(1416) Phase 1: Mark live objects
[49.580s][info][gc,phases      ] GC(1416) Phase 1: Mark live objects 6.734ms
[49.580s][info][gc,phases,start] GC(1416) Phase 2: Compute new object addresses
[49.582s][info][gc,phases      ] GC(1416) Phase 2: Compute new object addresses 1.997ms
[49.583s][info][gc,phases,start] GC(1416) Phase 3: Adjust pointers
[49.587s][info][gc,phases      ] GC(1416) Phase 3: Adjust pointers 4.728ms
[49.587s][info][gc,phases,start] GC(1416) Phase 4: Move objects
[49.587s][info][gc,phases      ] GC(1416) Phase 4: Move objects 0.032ms
[49.587s][info][gc,heap        ] GC(1416) DefNew: 156526K(157248K)->156526K(157248K) Eden: 139617K(139776K)->139617K(139776K) From: 16908K(17472K)->16908K(17472K)
[49.587s][info][gc,heap        ] GC(1416) Tenured: 349090K(349568K)->349090K(349568K)
[49.587s][info][gc,metaspace   ] GC(1416) Metaspace: 30920K(31488K)->30920K(31488K) NonClass: 27679K(28032K)->27679K(28032K) Class: 3241K(3456K)->3241K(3456K)
[49.587s][info][gc             ] GC(1416) Pause Full (Allocation Failure) 493M->493M(494M) 13.745ms
[49.587s][info][gc,cpu         ] GC(1416) User=0.01s Sys=0.00s Real=0.02s
[49.588s][info][gc,start       ] GC(1417) Pause Full (Allocation Failure)
[49.588s][info][gc,phases,start] GC(1417) Phase 1: Mark live objects
[49.595s][info][gc,phases      ] GC(1417) Phase 1: Mark live objects 7.020ms
[49.595s][info][gc,phases,start] GC(1417) Phase 2: Compute new object addresses
[49.597s][info][gc,phases      ] GC(1417) Phase 2: Compute new object addresses 2.265ms
[49.597s][info][gc,phases,start] GC(1417) Phase 3: Adjust pointers
[49.604s][info][gc,phases      ] GC(1417) Phase 3: Adjust pointers 6.053ms
[49.604s][info][gc,phases,start] GC(1417) Phase 4: Move objects
[49.604s][info][gc,phases      ] GC(1417) Phase 4: Move objects 0.591ms
[49.604s][info][gc,heap        ] GC(1417) DefNew: 157201K(157248K)->155265K(157248K) Eden: 139775K(139776K)->139379K(139776K) From: 17425K(17472K)->15886K(17472K)
[49.604s][info][gc,heap        ] GC(1417) Tenured: 349090K(349568K)->349090K(349568K)
[49.604s][info][gc,metaspace   ] GC(1417) Metaspace: 30920K(31488K)->30920K(31488K) NonClass: 27679K(28032K)->27679K(28032K) Class: 3241K(3456K)->3241K(3456K)
[49.604s][info][gc             ] GC(1417) Pause Full (Allocation Failure) 494M->492M(494M) 16.317ms
[49.604s][info][gc,cpu         ] GC(1417) User=0.02s Sys=0.00s Real=0.02s
[49.605s][info][gc,start       ] GC(1418) Pause Full (Allocation Failure)
[49.605s][info][gc,phases,start] GC(1418) Phase 1: Mark live objects
[49.613s][info][gc,phases      ] GC(1418) Phase 1: Mark live objects 7.720ms
[49.613s][info][gc,phases,start] GC(1418) Phase 2: Compute new object addresses
[49.615s][info][gc,phases      ] GC(1418) Phase 2: Compute new object addresses 1.996ms
[49.615s][info][gc,phases,start] GC(1418) Phase 3: Adjust pointers
[49.619s][info][gc,phases      ] GC(1418) Phase 3: Adjust pointers 4.720ms
[49.619s][info][gc,phases,start] GC(1418) Phase 4: Move objects
[49.620s][info][gc,phases      ] GC(1418) Phase 4: Move objects 0.443ms
[49.620s][info][gc,heap        ] GC(1418) DefNew: 156942K(157248K)->154489K(157248K) Eden: 139776K(139776K)->139372K(139776K) From: 17166K(17472K)->15117K(17472K)
[49.620s][info][gc,heap        ] GC(1418) Tenured: 349090K(349568K)->349090K(349568K)
[49.620s][info][gc,metaspace   ] GC(1418) Metaspace: 30920K(31488K)->30920K(31488K) NonClass: 27679K(28032K)->27679K(28032K) Class: 3241K(3456K)->3241K(3456K)
[49.620s][info][gc             ] GC(1418) Pause Full (Allocation Failure) 494M->491M(494M) 15.204ms
[49.620s][info][gc,cpu         ] GC(1418) User=0.01s Sys=0.00s Real=0.01s
[49.621s][info][gc,start       ] GC(1419) Pause Full (Allocation Failure)
[49.621s][info][gc,phases,start] GC(1419) Phase 1: Mark live objects
[49.628s][info][gc,phases      ] GC(1419) Phase 1: Mark live objects 6.707ms
[49.628s][info][gc,phases,start] GC(1419) Phase 2: Compute new object addresses
[49.630s][info][gc,phases      ] GC(1419) Phase 2: Compute new object addresses 1.970ms
[49.630s][info][gc,phases,start] GC(1419) Phase 3: Adjust pointers
[49.635s][info][gc,phases      ] GC(1419) Phase 3: Adjust pointers 5.065ms
[49.635s][info][gc,phases,start] GC(1419) Phase 4: Move objects
[49.659s][info][gc,phases      ] GC(1419) Phase 4: Move objects 23.641ms
[49.659s][info][gc,heap        ] GC(1419) DefNew: 157081K(157248K)->155515K(157248K) Eden: 139659K(139776K)->139630K(139776K) From: 17421K(17472K)->15885K(17472K)
[49.659s][info][gc,heap        ] GC(1419) Tenured: 349346K(349568K)->349346K(349568K)
[49.659s][info][gc,metaspace   ] GC(1419) Metaspace: 30920K(31488K)->30920K(31488K) NonClass: 27679K(28032K)->27679K(28032K) Class: 3241K(3456K)->3241K(3456K)
[49.659s][info][gc             ] GC(1419) Pause Full (Allocation Failure) 494M->493M(494M) 37.765ms
[49.659s][info][gc,cpu         ] GC(1419) User=0.04s Sys=0.00s Real=0.04s
[49.662s][info][gc,start       ] GC(1420) Pause Full (Allocation Failure)
[49.662s][info][gc,phases,start] GC(1420) Phase 1: Mark live objects
[49.670s][info][gc,phases      ] GC(1420) Phase 1: Mark live objects 8.022ms
[49.670s][info][gc,phases,start] GC(1420) Phase 2: Compute new object addresses
[49.672s][info][gc,phases      ] GC(1420) Phase 2: Compute new object addresses 2.190ms
[49.672s][info][gc,phases,start] GC(1420) Phase 3: Adjust pointers
[49.677s][info][gc,phases      ] GC(1420) Phase 3: Adjust pointers 5.521ms
[49.677s][info][gc,phases,start] GC(1420) Phase 4: Move objects
[49.678s][info][gc,phases      ] GC(1420) Phase 4: Move objects 0.221ms
[49.678s][info][gc,heap        ] GC(1420) DefNew: 156956K(157248K)->155003K(157248K) Eden: 139776K(139776K)->139117K(139776K) From: 17180K(17472K)->15885K(17472K)
[49.678s][info][gc,heap        ] GC(1420) Tenured: 349346K(349568K)->349346K(349568K)
[49.678s][info][gc,metaspace   ] GC(1420) Metaspace: 30920K(31488K)->30920K(31488K) NonClass: 27679K(28032K)->27679K(28032K) Class: 3241K(3456K)->3241K(3456K)
[49.678s][info][gc             ] GC(1420) Pause Full (Allocation Failure) 494M->492M(494M) 16.287ms
[49.678s][info][gc,cpu         ] GC(1420) User=0.02s Sys=0.00s Real=0.02s
[49.678s][info][gc,start       ] GC(1421) Pause Full (Allocation Failure)
[49.678s][info][gc,phases,start] GC(1421) Phase 1: Mark live objects
[49.685s][info][gc,phases      ] GC(1421) Phase 1: Mark live objects 7.104ms
[49.686s][info][gc,phases,start] GC(1421) Phase 2: Compute new object addresses
[49.687s][info][gc,phases      ] GC(1421) Phase 2: Compute new object addresses 1.943ms
[49.687s][info][gc,phases,start] GC(1421) Phase 3: Adjust pointers
[49.692s][info][gc,phases      ] GC(1421) Phase 3: Adjust pointers 4.863ms
[49.692s][info][gc,phases,start] GC(1421) Phase 4: Move objects
[49.693s][info][gc,phases      ] GC(1421) Phase 4: Move objects 0.300ms
[49.693s][info][gc,heap        ] GC(1421) DefNew: 156832K(157248K)->155767K(157248K) Eden: 139666K(139776K)->139114K(139776K) From: 17165K(17472K)->16653K(17472K)
[49.693s][info][gc,heap        ] GC(1421) Tenured: 349346K(349568K)->349346K(349568K)
[49.693s][info][gc,metaspace   ] GC(1421) Metaspace: 30920K(31488K)->30920K(31488K) NonClass: 27679K(28032K)->27679K(28032K) Class: 3241K(3456K)->3241K(3456K)
[49.693s][info][gc             ] GC(1421) Pause Full (Allocation Failure) 494M->493M(494M) 14.518ms
[49.693s][info][gc,cpu         ] GC(1421) User=0.01s Sys=0.00s Real=0.01s
[49.693s][info][gc,start       ] GC(1422) Pause Full (Allocation Failure)
[49.693s][info][gc,phases,start] GC(1422) Phase 1: Mark live objects
[49.700s][info][gc,phases      ] GC(1422) Phase 1: Mark live objects 7.098ms
[49.700s][info][gc,phases,start] GC(1422) Phase 2: Compute new object addresses
[49.702s][info][gc,phases      ] GC(1422) Phase 2: Compute new object addresses 1.892ms
[49.702s][info][gc,phases,start] GC(1422) Phase 3: Adjust pointers
[49.707s][info][gc,phases      ] GC(1422) Phase 3: Adjust pointers 4.589ms
[49.707s][info][gc,phases,start] GC(1422) Phase 4: Move objects
[49.707s][info][gc,phases      ] GC(1422) Phase 4: Move objects 0.033ms
[49.707s][info][gc,heap        ] GC(1422) DefNew: 155767K(157248K)->155749K(157248K) Eden: 139114K(139776K)->139095K(139776K) From: 16653K(17472K)->16653K(17472K)
[49.707s][info][gc,heap        ] GC(1422) Tenured: 349346K(349568K)->348834K(349568K)
[49.707s][info][gc,metaspace   ] GC(1422) Metaspace: 30920K(31488K)->30920K(31488K) NonClass: 27679K(28032K)->27679K(28032K) Class: 3241K(3456K)->3241K(3456K)
[49.707s][info][gc             ] GC(1422) Pause Full (Allocation Failure) 493M->492M(494M) 13.858ms
[49.707s][info][gc,cpu         ] GC(1422) User=0.02s Sys=0.00s Real=0.02s
[49.707s][info][gc,start       ] GC(1423) Pause Full (Allocation Failure)
[49.707s][info][gc,phases,start] GC(1423) Phase 1: Mark live objects
[49.714s][info][gc,phases      ] GC(1423) Phase 1: Mark live objects 6.828ms
[49.714s][info][gc,phases,start] GC(1423) Phase 2: Compute new object addresses
[49.716s][info][gc,phases      ] GC(1423) Phase 2: Compute new object addresses 1.879ms
[49.716s][info][gc,phases,start] GC(1423) Phase 3: Adjust pointers
[49.720s][info][gc,phases      ] GC(1423) Phase 3: Adjust pointers 4.498ms
[49.720s][info][gc,phases,start] GC(1423) Phase 4: Move objects
[49.720s][info][gc,phases      ] GC(1423) Phase 4: Move objects 0.121ms
[49.721s][info][gc,heap        ] GC(1423) DefNew: 155889K(157248K)->154467K(157248K) Eden: 139235K(139776K)->139094K(139776K) From: 16653K(17472K)->15373K(17472K)
[49.721s][info][gc,heap        ] GC(1423) Tenured: 348834K(349568K)->348834K(349568K)
[49.721s][info][gc,metaspace   ] GC(1423) Metaspace: 30920K(31488K)->30920K(31488K) NonClass: 27679K(28032K)->27679K(28032K) Class: 3241K(3456K)->3241K(3456K)
[49.721s][info][gc             ] GC(1423) Pause Full (Allocation Failure) 492M->491M(494M) 13.642ms
[49.721s][info][gc,cpu         ] GC(1423) User=0.01s Sys=0.00s Real=0.01s
[49.721s][info][gc,start       ] GC(1424) Pause Full (Allocation Failure)
[49.721s][info][gc,phases,start] GC(1424) Phase 1: Mark live objects
[49.728s][info][gc,phases      ] GC(1424) Phase 1: Mark live objects 7.184ms
[49.728s][info][gc,phases,start] GC(1424) Phase 2: Compute new object addresses
[49.731s][info][gc,phases      ] GC(1424) Phase 2: Compute new object addresses 2.069ms
[49.731s][info][gc,phases,start] GC(1424) Phase 3: Adjust pointers
[49.736s][info][gc,phases      ] GC(1424) Phase 3: Adjust pointers 5.006ms
[49.736s][info][gc,phases,start] GC(1424) Phase 4: Move objects
[49.736s][info][gc,phases      ] GC(1424) Phase 4: Move objects 0.245ms
[49.736s][info][gc,heap        ] GC(1424) DefNew: 156690K(157248K)->155564K(157248K) Eden: 139776K(139776K)->138908K(139776K) From: 16914K(17472K)->16655K(17472K)
[49.736s][info][gc,heap        ] GC(1424) Tenured: 348834K(349568K)->348834K(349568K)
[49.736s][info][gc,metaspace   ] GC(1424) Metaspace: 30920K(31488K)->30920K(31488K) NonClass: 27679K(28032K)->27679K(28032K) Class: 3241K(3456K)->3241K(3456K)
[49.736s][info][gc             ] GC(1424) Pause Full (Allocation Failure) 493M->492M(494M) 14.849ms
[49.736s][info][gc,cpu         ] GC(1424) User=0.02s Sys=0.00s Real=0.02s
[49.736s][info][gc,start       ] GC(1425) Pause Full (Allocation Failure)
[49.736s][info][gc,phases,start] GC(1425) Phase 1: Mark live objects
[49.743s][info][gc,phases      ] GC(1425) Phase 1: Mark live objects 7.368ms
[49.744s][info][gc,phases,start] GC(1425) Phase 2: Compute new object addresses
[49.746s][info][gc,phases      ] GC(1425) Phase 2: Compute new object addresses 2.103ms
[49.746s][info][gc,phases,start] GC(1425) Phase 3: Adjust pointers
[49.751s][info][gc,phases      ] GC(1425) Phase 3: Adjust pointers 4.861ms
[49.751s][info][gc,phases,start] GC(1425) Phase 4: Move objects
[49.751s][info][gc,phases      ] GC(1425) Phase 4: Move objects 0.013ms
[49.751s][info][gc,heap        ] GC(1425) DefNew: 155564K(157248K)->155564K(157248K) Eden: 138908K(139776K)->138908K(139776K) From: 16655K(17472K)->16655K(17472K)
[49.751s][info][gc,heap        ] GC(1425) Tenured: 348834K(349568K)->348834K(349568K)
[49.751s][info][gc,metaspace   ] GC(1425) Metaspace: 30920K(31488K)->30920K(31488K) NonClass: 27679K(28032K)->27679K(28032K) Class: 3241K(3456K)->3241K(3456K)
[49.751s][info][gc             ] GC(1425) Pause Full (Allocation Failure) 492M->492M(494M) 14.666ms
[49.751s][info][gc,cpu         ] GC(1425) User=0.01s Sys=0.00s Real=0.01s
[49.751s][info][gc,start       ] GC(1426) Pause Full (Allocation Failure)
[49.751s][info][gc,phases,start] GC(1426) Phase 1: Mark live objects
[49.758s][info][gc,phases      ] GC(1426) Phase 1: Mark live objects 6.962ms
[49.758s][info][gc,phases,start] GC(1426) Phase 2: Compute new object addresses
[49.760s][info][gc,phases      ] GC(1426) Phase 2: Compute new object addresses 2.088ms
[49.760s][info][gc,phases,start] GC(1426) Phase 3: Adjust pointers
[49.765s][info][gc,phases      ] GC(1426) Phase 3: Adjust pointers 4.961ms
[49.765s][info][gc,phases,start] GC(1426) Phase 4: Move objects
[49.766s][info][gc,phases      ] GC(1426) Phase 4: Move objects 0.206ms
[49.766s][info][gc,heap        ] GC(1426) DefNew: 156959K(157248K)->155061K(157248K) Eden: 139776K(139776K)->138916K(139776K) From: 17183K(17472K)->16144K(17472K)
[49.766s][info][gc,heap        ] GC(1426) Tenured: 348834K(349568K)->348834K(349568K)
[49.766s][info][gc,metaspace   ] GC(1426) Metaspace: 30920K(31488K)->30920K(31488K) NonClass: 27679K(28032K)->27679K(28032K) Class: 3241K(3456K)->3241K(3456K)
[49.766s][info][gc             ] GC(1426) Pause Full (Allocation Failure) 493M->492M(494M) 14.654ms
[49.766s][info][gc,cpu         ] GC(1426) User=0.02s Sys=0.00s Real=0.02s
[49.766s][info][gc,start       ] GC(1427) Pause Full (Allocation Failure)
[49.766s][info][gc,phases,start] GC(1427) Phase 1: Mark live objects
[49.774s][info][gc,phases      ] GC(1427) Phase 1: Mark live objects 7.955ms
[49.774s][info][gc,phases,start] GC(1427) Phase 2: Compute new object addresses
[49.776s][info][gc,phases      ] GC(1427) Phase 2: Compute new object addresses 2.172ms
[49.777s][info][gc,phases,start] GC(1427) Phase 3: Adjust pointers
[49.782s][info][gc,phases      ] GC(1427) Phase 3: Adjust pointers 5.319ms
[49.782s][info][gc,phases,start] GC(1427) Phase 4: Move objects
[49.805s][info][gc,phases      ] GC(1427) Phase 4: Move objects 23.448ms
[49.806s][info][gc,heap        ] GC(1427) DefNew: 156093K(157248K)->155827K(157248K) Eden: 138924K(139776K)->138914K(139776K) From: 17168K(17472K)->16912K(17472K)
[49.806s][info][gc,heap        ] GC(1427) Tenured: 348834K(349568K)->348834K(349568K)
[49.806s][info][gc,metaspace   ] GC(1427) Metaspace: 30920K(31488K)->30920K(31488K) NonClass: 27679K(28032K)->27679K(28032K) Class: 3241K(3456K)->3241K(3456K)
[49.806s][info][gc             ] GC(1427) Pause Full (Allocation Failure) 493M->492M(494M) 39.415ms
[49.806s][info][gc,cpu         ] GC(1427) User=0.04s Sys=0.00s Real=0.04s
[49.806s][info][gc,start       ] GC(1428) Pause Full (Allocation Failure)
[49.806s][info][gc,phases,start] GC(1428) Phase 1: Mark live objects
[49.814s][info][gc,phases      ] GC(1428) Phase 1: Mark live objects 8.409ms
[49.814s][info][gc,phases,start] GC(1428) Phase 2: Compute new object addresses
[49.817s][info][gc,phases      ] GC(1428) Phase 2: Compute new object addresses 2.859ms
[49.817s][info][gc,phases,start] GC(1428) Phase 3: Adjust pointers
[49.822s][info][gc,phases      ] GC(1428) Phase 3: Adjust pointers 5.023ms
[49.822s][info][gc,phases,start] GC(1428) Phase 4: Move objects
[49.822s][info][gc,phases      ] GC(1428) Phase 4: Move objects 0.012ms
[49.822s][info][gc,heap        ] GC(1428) DefNew: 155827K(157248K)->155809K(157248K) Eden: 138914K(139776K)->138896K(139776K) From: 16912K(17472K)->16912K(17472K)
[49.822s][info][gc,heap        ] GC(1428) Tenured: 348834K(349568K)->348834K(349568K)
[49.822s][info][gc,metaspace   ] GC(1428) Metaspace: 30920K(31488K)->30920K(31488K) NonClass: 27679K(28032K)->27679K(28032K) Class: 3241K(3456K)->3241K(3456K)
[49.822s][info][gc             ] GC(1428) Pause Full (Allocation Failure) 492M->492M(494M) 16.621ms
[49.822s][info][gc,cpu         ] GC(1428) User=0.01s Sys=0.00s Real=0.01s
[49.823s][info][gc,start       ] GC(1429) Pause Full (Allocation Failure)
[49.823s][info][gc,phases,start] GC(1429) Phase 1: Mark live objects
[49.830s][info][gc,phases      ] GC(1429) Phase 1: Mark live objects 7.123ms
[49.830s][info][gc,phases,start] GC(1429) Phase 2: Compute new object addresses
[49.832s][info][gc,phases      ] GC(1429) Phase 2: Compute new object addresses 2.130ms
[49.832s][info][gc,phases,start] GC(1429) Phase 3: Adjust pointers
[49.838s][info][gc,phases      ] GC(1429) Phase 3: Adjust pointers 5.365ms
[49.838s][info][gc,phases,start] GC(1429) Phase 4: Move objects
[49.838s][info][gc,phases      ] GC(1429) Phase 4: Move objects 0.129ms
[49.838s][info][gc,heap        ] GC(1429) DefNew: 157201K(157248K)->155042K(157248K) Eden: 139776K(139776K)->139154K(139776K) From: 17425K(17472K)->15888K(17472K)
[49.838s][info][gc,heap        ] GC(1429) Tenured: 349346K(349568K)->349346K(349568K)
[49.838s][info][gc,metaspace   ] GC(1429) Metaspace: 30920K(31488K)->30920K(31488K) NonClass: 27679K(28032K)->27679K(28032K) Class: 3241K(3456K)->3241K(3456K)
[49.838s][info][gc             ] GC(1429) Pause Full (Allocation Failure) 494M->492M(494M) 15.082ms
[49.838s][info][gc,cpu         ] GC(1429) User=0.01s Sys=0.00s Real=0.02s
[49.839s][info][gc,start       ] GC(1430) Pause Full (Allocation Failure)
[49.839s][info][gc,phases,start] GC(1430) Phase 1: Mark live objects
[49.846s][info][gc,phases      ] GC(1430) Phase 1: Mark live objects 7.537ms
[49.846s][info][gc,phases,start] GC(1430) Phase 2: Compute new object addresses
[49.849s][info][gc,phases      ] GC(1430) Phase 2: Compute new object addresses 2.437ms
[49.849s][info][gc,phases,start] GC(1430) Phase 3: Adjust pointers
[49.854s][info][gc,phases      ] GC(1430) Phase 3: Adjust pointers 5.685ms
[49.854s][info][gc,phases,start] GC(1430) Phase 4: Move objects
[49.855s][info][gc,phases      ] GC(1430) Phase 4: Move objects 0.527ms
[49.855s][info][gc,heap        ] GC(1430) DefNew: 157207K(157248K)->155825K(157248K) Eden: 139776K(139776K)->139423K(139776K) From: 17431K(17472K)->16402K(17472K)
[49.855s][info][gc,heap        ] GC(1430) Tenured: 349346K(349568K)->349346K(349568K)
[49.855s][info][gc,metaspace   ] GC(1430) Metaspace: 30922K(31488K)->30922K(31488K) NonClass: 27681K(28032K)->27681K(28032K) Class: 3241K(3456K)->3241K(3456K)
[49.855s][info][gc             ] GC(1430) Pause Full (Allocation Failure) 494M->493M(494M) 16.606ms
[49.855s][info][gc,cpu         ] GC(1430) User=0.02s Sys=0.01s Real=0.01s
[49.856s][info][gc,start       ] GC(1431) Pause Full (Allocation Failure)
[49.856s][info][gc,phases,start] GC(1431) Phase 1: Mark live objects
[49.864s][info][gc,phases      ] GC(1431) Phase 1: Mark live objects 8.557ms
[49.864s][info][gc,phases,start] GC(1431) Phase 2: Compute new object addresses
[49.867s][info][gc,phases      ] GC(1431) Phase 2: Compute new object addresses 2.352ms
[49.867s][info][gc,phases,start] GC(1431) Phase 3: Adjust pointers
[49.873s][info][gc,phases      ] GC(1431) Phase 3: Adjust pointers 5.829ms
[49.873s][info][gc,phases,start] GC(1431) Phase 4: Move objects
[49.895s][info][gc,phases      ] GC(1431) Phase 4: Move objects 22.792ms
[49.896s][info][gc,heap        ] GC(1431) DefNew: 157202K(157248K)->156406K(157248K) Eden: 139776K(139776K)->139493K(139776K) From: 17426K(17472K)->16913K(17472K)
[49.896s][info][gc,heap        ] GC(1431) Tenured: 349346K(349568K)->348834K(349568K)
[49.896s][info][gc,metaspace   ] GC(1431) Metaspace: 30922K(31488K)->30922K(31488K) NonClass: 27681K(28032K)->27681K(28032K) Class: 3241K(3456K)->3241K(3456K)
[49.896s][info][gc             ] GC(1431) Pause Full (Allocation Failure) 494M->493M(494M) 39.986ms
[49.896s][info][gc,cpu         ] GC(1431) User=0.04s Sys=0.00s Real=0.04s
[49.896s][info][gc,start       ] GC(1432) Pause Full (Allocation Failure)
[49.896s][info][gc,phases,start] GC(1432) Phase 1: Mark live objects
[49.905s][info][gc,phases      ] GC(1432) Phase 1: Mark live objects 8.200ms
[49.905s][info][gc,phases,start] GC(1432) Phase 2: Compute new object addresses
[49.907s][info][gc,phases      ] GC(1432) Phase 2: Compute new object addresses 2.264ms
[49.907s][info][gc,phases,start] GC(1432) Phase 3: Adjust pointers
[49.912s][info][gc,phases      ] GC(1432) Phase 3: Adjust pointers 5.524ms
[49.912s][info][gc,phases,start] GC(1432) Phase 4: Move objects
[49.913s][info][gc,phases      ] GC(1432) Phase 4: Move objects 0.079ms
[49.913s][info][gc,heap        ] GC(1432) DefNew: 156678K(157248K)->155639K(157248K) Eden: 139765K(139776K)->139750K(139776K) From: 16913K(17472K)->15889K(17472K)
[49.913s][info][gc,heap        ] GC(1432) Tenured: 348834K(349568K)->348834K(349568K)
[49.913s][info][gc,metaspace   ] GC(1432) Metaspace: 30922K(31488K)->30922K(31488K) NonClass: 27681K(28032K)->27681K(28032K) Class: 3241K(3456K)->3241K(3456K)
[49.913s][info][gc             ] GC(1432) Pause Full (Allocation Failure) 493M->492M(494M) 16.405ms
[49.913s][info][gc,cpu         ] GC(1432) User=0.02s Sys=0.00s Real=0.01s
[49.913s][info][gc,start       ] GC(1433) Pause Full (Allocation Failure)
[49.913s][info][gc,phases,start] GC(1433) Phase 1: Mark live objects
[49.922s][info][gc,phases      ] GC(1433) Phase 1: Mark live objects 8.174ms
[49.922s][info][gc,phases,start] GC(1433) Phase 2: Compute new object addresses
[49.924s][info][gc,phases      ] GC(1433) Phase 2: Compute new object addresses 2.379ms
[49.924s][info][gc,phases,start] GC(1433) Phase 3: Adjust pointers
[49.930s][info][gc,phases      ] GC(1433) Phase 3: Adjust pointers 5.552ms
[49.930s][info][gc,phases,start] GC(1433) Phase 4: Move objects
[49.930s][info][gc,phases      ] GC(1433) Phase 4: Move objects 0.288ms
[49.930s][info][gc,heap        ] GC(1433) DefNew: 157223K(157248K)->155891K(157248K) Eden: 139776K(139776K)->139488K(139776K) From: 17447K(17472K)->16403K(17472K)
[49.930s][info][gc,heap        ] GC(1433) Tenured: 349346K(349568K)->349346K(349568K)
[49.930s][info][gc,metaspace   ] GC(1433) Metaspace: 30923K(31488K)->30923K(31488K) NonClass: 27681K(28032K)->27681K(28032K) Class: 3241K(3456K)->3241K(3456K)
[49.930s][info][gc             ] GC(1433) Pause Full (Allocation Failure) 494M->493M(494M) 16.796ms
[49.930s][info][gc,cpu         ] GC(1433) User=0.02s Sys=0.00s Real=0.02s
[49.930s][info][gc,start       ] GC(1434) Pause Full (Allocation Failure)
[49.931s][info][gc,phases,start] GC(1434) Phase 1: Mark live objects
[49.939s][info][gc,phases      ] GC(1434) Phase 1: Mark live objects 8.127ms
[49.939s][info][gc,phases,start] GC(1434) Phase 2: Compute new object addresses
[49.941s][info][gc,phases      ] GC(1434) Phase 2: Compute new object addresses 2.161ms
[49.941s][info][gc,phases,start] GC(1434) Phase 3: Adjust pointers
[49.947s][info][gc,phases      ] GC(1434) Phase 3: Adjust pointers 5.739ms
[49.947s][info][gc,phases,start] GC(1434) Phase 4: Move objects
[49.947s][info][gc,phases      ] GC(1434) Phase 4: Move objects 0.181ms
[49.947s][info][gc,heap        ] GC(1434) DefNew: 156953K(157248K)->154613K(157248K) Eden: 139776K(139776K)->139234K(139776K) From: 17177K(17472K)->15378K(17472K)
[49.947s][info][gc,heap        ] GC(1434) Tenured: 349346K(349568K)->349346K(349568K)
[49.947s][info][gc,metaspace   ] GC(1434) Metaspace: 30923K(31488K)->30923K(31488K) NonClass: 27681K(28032K)->27681K(28032K) Class: 3241K(3456K)->3241K(3456K)
[49.947s][info][gc             ] GC(1434) Pause Full (Allocation Failure) 494M->492M(494M) 16.583ms
[49.947s][info][gc,cpu         ] GC(1434) User=0.01s Sys=0.00s Real=0.02s
[49.948s][info][gc,start       ] GC(1435) Pause Full (Allocation Failure)
[49.948s][info][gc,phases,start] GC(1435) Phase 1: Mark live objects
[49.956s][info][gc,phases      ] GC(1435) Phase 1: Mark live objects 7.681ms
[49.956s][info][gc,phases,start] GC(1435) Phase 2: Compute new object addresses
[49.958s][info][gc,phases      ] GC(1435) Phase 2: Compute new object addresses 2.164ms
[49.958s][info][gc,phases,start] GC(1435) Phase 3: Adjust pointers
[49.964s][info][gc,phases      ] GC(1435) Phase 3: Adjust pointers 6.407ms
[49.964s][info][gc,phases,start] GC(1435) Phase 4: Move objects
[49.986s][info][gc,phases      ] GC(1435) Phase 4: Move objects 21.720ms
[49.986s][info][gc,heap        ] GC(1435) DefNew: 157239K(157248K)->154875K(157248K) Eden: 139776K(139776K)->138975K(139776K) From: 17463K(17472K)->15900K(17472K)
[49.986s][info][gc,heap        ] GC(1435) Tenured: 349346K(349568K)->348831K(349568K)
[49.986s][info][gc,metaspace   ] GC(1435) Metaspace: 30923K(31488K)->30923K(31488K) NonClass: 27681K(28032K)->27681K(28032K) Class: 3241K(3456K)->3241K(3456K)
[49.986s][info][gc             ] GC(1435) Pause Full (Allocation Failure) 494M->491M(494M) 38.435ms
[49.986s][info][gc,cpu         ] GC(1435) User=0.04s Sys=0.00s Real=0.04s
[49.987s][info][gc,start       ] GC(1436) Pause Full (Allocation Failure)
[49.987s][info][gc,phases,start] GC(1436) Phase 1: Mark live objects
[49.995s][info][gc,phases      ] GC(1436) Phase 1: Mark live objects 7.718ms
[49.995s][info][gc,phases,start] GC(1436) Phase 2: Compute new object addresses
[49.997s][info][gc,phases      ] GC(1436) Phase 2: Compute new object addresses 2.235ms
[49.997s][info][gc,phases,start] GC(1436) Phase 3: Adjust pointers
[50.002s][info][gc,phases      ] GC(1436) Phase 3: Adjust pointers 5.259ms
[50.002s][info][gc,phases,start] GC(1436) Phase 4: Move objects
[50.003s][info][gc,phases      ] GC(1436) Phase 4: Move objects 1.047ms
[50.003s][info][gc,heap        ] GC(1436) DefNew: 157217K(157248K)->155675K(157248K) Eden: 139776K(139776K)->139774K(139776K) From: 17441K(17472K)->15900K(17472K)
[50.003s][info][gc,heap        ] GC(1436) Tenured: 349343K(349568K)->349343K(349568K)
[50.003s][info][gc,metaspace   ] GC(1436) Metaspace: 30923K(31488K)->30923K(31488K) NonClass: 27681K(28032K)->27681K(28032K) Class: 3241K(3456K)->3241K(3456K)
[50.003s][info][gc             ] GC(1436) Pause Full (Allocation Failure) 494M->493M(494M) 16.620ms
[50.003s][info][gc,cpu         ] GC(1436) User=0.02s Sys=0.00s Real=0.01s
[50.004s][info][gc,start       ] GC(1437) Pause Full (Allocation Failure)
[50.004s][info][gc,phases,start] GC(1437) Phase 1: Mark live objects
[50.011s][info][gc,phases      ] GC(1437) Phase 1: Mark live objects 7.267ms
[50.011s][info][gc,phases,start] GC(1437) Phase 2: Compute new object addresses
[50.013s][info][gc,phases      ] GC(1437) Phase 2: Compute new object addresses 1.968ms
[50.013s][info][gc,phases,start] GC(1437) Phase 3: Adjust pointers
[50.018s][info][gc,phases      ] GC(1437) Phase 3: Adjust pointers 5.188ms
[50.018s][info][gc,phases,start] GC(1437) Phase 4: Move objects
[50.018s][info][gc,phases      ] GC(1437) Phase 4: Move objects 0.153ms
[50.019s][info][gc,heap        ] GC(1437) DefNew: 156444K(157248K)->155162K(157248K) Eden: 139775K(139776K)->139774K(139776K) From: 16668K(17472K)->15387K(17472K)
[50.019s][info][gc,heap        ] GC(1437) Tenured: 349343K(349568K)->349343K(349568K)
[50.019s][info][gc,metaspace   ] GC(1437) Metaspace: 30923K(31488K)->30923K(31488K) NonClass: 27681K(28032K)->27681K(28032K) Class: 3241K(3456K)->3241K(3456K)
[50.019s][info][gc             ] GC(1437) Pause Full (Allocation Failure) 493M->492M(494M) 14.918ms
[50.019s][info][gc,cpu         ] GC(1437) User=0.01s Sys=0.00s Real=0.02s
[50.019s][info][gc,start       ] GC(1438) Pause Full (Allocation Failure)
[50.019s][info][gc,phases,start] GC(1438) Phase 1: Mark live objects
[50.027s][info][gc,phases      ] GC(1438) Phase 1: Mark live objects 7.171ms
[50.027s][info][gc,phases,start] GC(1438) Phase 2: Compute new object addresses
[50.029s][info][gc,phases      ] GC(1438) Phase 2: Compute new object addresses 2.217ms
[50.029s][info][gc,phases,start] GC(1438) Phase 3: Adjust pointers
[50.035s][info][gc,phases      ] GC(1438) Phase 3: Adjust pointers 5.306ms
[50.035s][info][gc,phases,start] GC(1438) Phase 4: Move objects
[50.035s][info][gc,phases      ] GC(1438) Phase 4: Move objects 0.250ms
[50.035s][info][gc,heap        ] GC(1438) DefNew: 157221K(157248K)->156699K(157248K) Eden: 139776K(139776K)->139774K(139776K) From: 17445K(17472K)->16925K(17472K)
[50.035s][info][gc,heap        ] GC(1438) Tenured: 349343K(349568K)->349343K(349568K)
[50.035s][info][gc,metaspace   ] GC(1438) Metaspace: 30923K(31488K)->30923K(31488K) NonClass: 27681K(28032K)->27681K(28032K) Class: 3241K(3456K)->3241K(3456K)
[50.035s][info][gc             ] GC(1438) Pause Full (Allocation Failure) 494M->494M(494M) 15.680ms
[50.035s][info][gc,cpu         ] GC(1438) User=0.01s Sys=0.00s Real=0.01s
[50.035s][info][gc,start       ] GC(1439) Pause Full (Allocation Failure)
[50.035s][info][gc,phases,start] GC(1439) Phase 1: Mark live objects
[50.043s][info][gc,phases      ] GC(1439) Phase 1: Mark live objects 7.924ms
[50.043s][info][gc,phases,start] GC(1439) Phase 2: Compute new object addresses
[50.045s][info][gc,phases      ] GC(1439) Phase 2: Compute new object addresses 2.115ms
[50.045s][info][gc,phases,start] GC(1439) Phase 3: Adjust pointers
[50.051s][info][gc,phases      ] GC(1439) Phase 3: Adjust pointers 5.092ms
[50.051s][info][gc,phases,start] GC(1439) Phase 4: Move objects
[50.051s][info][gc,phases      ] GC(1439) Phase 4: Move objects 0.087ms
[50.051s][info][gc,heap        ] GC(1439) DefNew: 156957K(157248K)->155419K(157248K) Eden: 139776K(139776K)->139774K(139776K) From: 17181K(17472K)->15644K(17472K)
[50.051s][info][gc,heap        ] GC(1439) Tenured: 349343K(349568K)->349087K(349568K)
[50.051s][info][gc,metaspace   ] GC(1439) Metaspace: 30923K(31488K)->30923K(31488K) NonClass: 27681K(28032K)->27681K(28032K) Class: 3241K(3456K)->3241K(3456K)
[50.051s][info][gc             ] GC(1439) Pause Full (Allocation Failure) 494M->492M(494M) 15.566ms
[50.051s][info][gc,cpu         ] GC(1439) User=0.02s Sys=0.00s Real=0.02s
[50.051s][info][gc,start       ] GC(1440) Pause Full (Allocation Failure)
[50.051s][info][gc,phases,start] GC(1440) Phase 1: Mark live objects
[50.058s][info][gc,phases      ] GC(1440) Phase 1: Mark live objects 7.085ms
[50.058s][info][gc,phases,start] GC(1440) Phase 2: Compute new object addresses
[50.061s][info][gc,phases      ] GC(1440) Phase 2: Compute new object addresses 2.068ms
[50.061s][info][gc,phases,start] GC(1440) Phase 3: Adjust pointers
[50.065s][info][gc,phases      ] GC(1440) Phase 3: Adjust pointers 4.758ms
[50.065s][info][gc,phases,start] GC(1440) Phase 4: Move objects
[50.066s][info][gc,phases      ] GC(1440) Phase 4: Move objects 0.167ms
[50.066s][info][gc,heap        ] GC(1440) DefNew: 157218K(157248K)->156444K(157248K) Eden: 139776K(139776K)->139774K(139776K) From: 17442K(17472K)->16669K(17472K)
[50.066s][info][gc,heap        ] GC(1440) Tenured: 349343K(349568K)->349343K(349568K)
[50.066s][info][gc,metaspace   ] GC(1440) Metaspace: 30923K(31488K)->30923K(31488K) NonClass: 27681K(28032K)->27681K(28032K) Class: 3241K(3456K)->3241K(3456K)
[50.066s][info][gc             ] GC(1440) Pause Full (Allocation Failure) 494M->493M(494M) 14.425ms
[50.066s][info][gc,cpu         ] GC(1440) User=0.01s Sys=0.00s Real=0.02s
[50.066s][info][gc,start       ] GC(1441) Pause Full (Allocation Failure)
[50.066s][info][gc,phases,start] GC(1441) Phase 1: Mark live objects
[50.073s][info][gc,phases      ] GC(1441) Phase 1: Mark live objects 6.950ms
[50.073s][info][gc,phases,start] GC(1441) Phase 2: Compute new object addresses
[50.076s][info][gc,phases      ] GC(1441) Phase 2: Compute new object addresses 2.035ms
[50.076s][info][gc,phases,start] GC(1441) Phase 3: Adjust pointers
[50.081s][info][gc,phases      ] GC(1441) Phase 3: Adjust pointers 5.417ms
[50.081s][info][gc,phases,start] GC(1441) Phase 4: Move objects
[50.081s][info][gc,phases      ] GC(1441) Phase 4: Move objects 0.184ms
[50.081s][info][gc,heap        ] GC(1441) DefNew: 157244K(157248K)->155423K(157248K) Eden: 139775K(139776K)->139773K(139776K) From: 17468K(17472K)->15649K(17472K)
[50.081s][info][gc,heap        ] GC(1441) Tenured: 349343K(349568K)->349343K(349568K)
[50.081s][info][gc,metaspace   ] GC(1441) Metaspace: 30923K(31488K)->30923K(31488K) NonClass: 27681K(28032K)->27681K(28032K) Class: 3241K(3456K)->3241K(3456K)
[50.081s][info][gc             ] GC(1441) Pause Full (Allocation Failure) 494M->492M(494M) 14.917ms
[50.081s][info][gc,cpu         ] GC(1441) User=0.02s Sys=0.00s Real=0.01s
[50.082s][info][gc,start       ] GC(1442) Pause Full (Allocation Failure)
[50.082s][info][gc,phases,start] GC(1442) Phase 1: Mark live objects
[50.091s][info][gc,phases      ] GC(1442) Phase 1: Mark live objects 8.718ms
[50.091s][info][gc,phases,start] GC(1442) Phase 2: Compute new object addresses
[50.093s][info][gc,phases      ] GC(1442) Phase 2: Compute new object addresses 2.275ms
[50.093s][info][gc,phases,start] GC(1442) Phase 3: Adjust pointers
[50.099s][info][gc,phases      ] GC(1442) Phase 3: Adjust pointers 5.573ms
[50.099s][info][gc,phases,start] GC(1442) Phase 4: Move objects
[50.099s][info][gc,phases      ] GC(1442) Phase 4: Move objects 0.223ms
[50.099s][info][gc,heap        ] GC(1442) DefNew: 157236K(157248K)->157217K(157248K) Eden: 139776K(139776K)->139774K(139776K) From: 17460K(17472K)->17442K(17472K)
[50.099s][info][gc,heap        ] GC(1442) Tenured: 349343K(349568K)->349343K(349568K)
[50.099s][info][gc,metaspace   ] GC(1442) Metaspace: 30923K(31488K)->30923K(31488K) NonClass: 27681K(28032K)->27681K(28032K) Class: 3241K(3456K)->3241K(3456K)
[50.099s][info][gc             ] GC(1442) Pause Full (Allocation Failure) 494M->494M(494M) 17.122ms
[50.099s][info][gc,cpu         ] GC(1442) User=0.02s Sys=0.00s Real=0.02s
[50.099s][info][gc,start       ] GC(1443) Pause Full (Allocation Failure)
[50.099s][info][gc,phases,start] GC(1443) Phase 1: Mark live objects
[50.106s][info][gc,phases      ] GC(1443) Phase 1: Mark live objects 6.880ms
[50.106s][info][gc,phases,start] GC(1443) Phase 2: Compute new object addresses
[50.108s][info][gc,phases      ] GC(1443) Phase 2: Compute new object addresses 1.928ms
[50.108s][info][gc,phases,start] GC(1443) Phase 3: Adjust pointers
[50.113s][info][gc,phases      ] GC(1443) Phase 3: Adjust pointers 5.121ms
[50.113s][info][gc,phases,start] GC(1443) Phase 4: Move objects
[50.136s][info][gc,phases      ] GC(1443) Phase 4: Move objects 22.408ms
[50.136s][info][gc,heap        ] GC(1443) DefNew: 157217K(157248K)->157199K(157248K) Eden: 139774K(139776K)->139756K(139776K) From: 17442K(17472K)->17442K(17472K)
[50.136s][info][gc,heap        ] GC(1443) Tenured: 349343K(349568K)->349086K(349568K)
[50.136s][info][gc,metaspace   ] GC(1443) Metaspace: 30923K(31488K)->30923K(31488K) NonClass: 27681K(28032K)->27681K(28032K) Class: 3241K(3456K)->3241K(3456K)
[50.136s][info][gc             ] GC(1443) Pause Full (Allocation Failure) 494M->494M(494M) 36.759ms
[50.136s][info][gc,cpu         ] GC(1443) User=0.04s Sys=0.00s Real=0.04s
[50.136s][info][gc,start       ] GC(1444) Pause Full (Allocation Failure)
[50.137s][info][gc,phases,start] GC(1444) Phase 1: Mark live objects
[50.145s][info][gc,phases      ] GC(1444) Phase 1: Mark live objects 8.794ms
[50.145s][info][gc,phases,start] GC(1444) Phase 2: Compute new object addresses
[50.148s][info][gc,phases      ] GC(1444) Phase 2: Compute new object addresses 2.356ms
[50.148s][info][gc,phases,start] GC(1444) Phase 3: Adjust pointers
[50.153s][info][gc,phases      ] GC(1444) Phase 3: Adjust pointers 5.252ms
[50.153s][info][gc,phases,start] GC(1444) Phase 4: Move objects
[50.153s][info][gc,phases      ] GC(1444) Phase 4: Move objects 0.236ms
[50.153s][info][gc,heap        ] GC(1444) DefNew: 157218K(157248K)->155662K(157248K) Eden: 139775K(139776K)->139757K(139776K) From: 17442K(17472K)->15904K(17472K)
[50.153s][info][gc,heap        ] GC(1444) Tenured: 349086K(349568K)->349086K(349568K)
[50.153s][info][gc,metaspace   ] GC(1444) Metaspace: 30923K(31488K)->30923K(31488K) NonClass: 27681K(28032K)->27681K(28032K) Class: 3241K(3456K)->3241K(3456K)
[50.153s][info][gc             ] GC(1444) Pause Full (Allocation Failure) 494M->492M(494M) 16.981ms
[50.153s][info][gc,cpu         ] GC(1444) User=0.01s Sys=0.00s Real=0.01s
[50.154s][info][gc,start       ] GC(1445) Pause Full (Allocation Failure)
[50.154s][info][gc,phases,start] GC(1445) Phase 1: Mark live objects
[50.161s][info][gc,phases      ] GC(1445) Phase 1: Mark live objects 6.962ms
[50.161s][info][gc,phases,start] GC(1445) Phase 2: Compute new object addresses
[50.163s][info][gc,phases      ] GC(1445) Phase 2: Compute new object addresses 1.926ms
[50.163s][info][gc,phases,start] GC(1445) Phase 3: Adjust pointers
[50.168s][info][gc,phases      ] GC(1445) Phase 3: Adjust pointers 4.701ms
[50.168s][info][gc,phases,start] GC(1445) Phase 4: Move objects
[50.168s][info][gc,phases      ] GC(1445) Phase 4: Move objects 0.124ms
[50.168s][info][gc,heap        ] GC(1445) DefNew: 156979K(157248K)->156963K(157248K) Eden: 139776K(139776K)->139770K(139776K) From: 17203K(17472K)->17193K(17472K)
[50.168s][info][gc,heap        ] GC(1445) Tenured: 349086K(349568K)->349086K(349568K)
[50.168s][info][gc,metaspace   ] GC(1445) Metaspace: 30923K(31488K)->30923K(31488K) NonClass: 27681K(28032K)->27681K(28032K) Class: 3241K(3456K)->3241K(3456K)
[50.168s][info][gc             ] GC(1445) Pause Full (Allocation Failure) 494M->494M(494M) 14.041ms
[50.168s][info][gc,cpu         ] GC(1445) User=0.02s Sys=0.01s Real=0.02s
[50.168s][info][gc,start       ] GC(1446) Pause Full (Allocation Failure)
[50.168s][info][gc,phases,start] GC(1446) Phase 1: Mark live objects
[50.175s][info][gc,phases      ] GC(1446) Phase 1: Mark live objects 6.948ms
[50.175s][info][gc,phases,start] GC(1446) Phase 2: Compute new object addresses
[50.177s][info][gc,phases      ] GC(1446) Phase 2: Compute new object addresses 1.891ms
[50.177s][info][gc,phases,start] GC(1446) Phase 3: Adjust pointers
[50.182s][info][gc,phases      ] GC(1446) Phase 3: Adjust pointers 4.893ms
[50.182s][info][gc,phases,start] GC(1446) Phase 4: Move objects
[50.204s][info][gc,phases      ] GC(1446) Phase 4: Move objects 22.672ms
[50.205s][info][gc,heap        ] GC(1446) DefNew: 156963K(157248K)->156963K(157248K) Eden: 139770K(139776K)->139770K(139776K) From: 17193K(17472K)->17193K(17472K)
[50.205s][info][gc,heap        ] GC(1446) Tenured: 349086K(349568K)->348830K(349568K)
[50.205s][info][gc,metaspace   ] GC(1446) Metaspace: 30923K(31488K)->30923K(31488K) NonClass: 27681K(28032K)->27681K(28032K) Class: 3241K(3456K)->3241K(3456K)
[50.205s][info][gc             ] GC(1446) Pause Full (Allocation Failure) 494M->493M(494M) 36.793ms
[50.205s][info][gc,cpu         ] GC(1446) User=0.03s Sys=0.00s Real=0.04s
[50.205s][info][gc,start       ] GC(1447) Pause Full (Allocation Failure)
[50.205s][info][gc,phases,start] GC(1447) Phase 1: Mark live objects
[50.214s][info][gc,phases      ] GC(1447) Phase 1: Mark live objects 8.483ms
[50.214s][info][gc,phases,start] GC(1447) Phase 2: Compute new object addresses
[50.216s][info][gc,phases      ] GC(1447) Phase 2: Compute new object addresses 2.398ms
[50.216s][info][gc,phases,start] GC(1447) Phase 3: Adjust pointers
[50.222s][info][gc,phases      ] GC(1447) Phase 3: Adjust pointers 5.786ms
[50.222s][info][gc,phases,start] GC(1447) Phase 4: Move objects
[50.241s][info][gc,phases      ] GC(1447) Phase 4: Move objects 18.521ms
[50.241s][info][gc,heap        ] GC(1447) DefNew: 157229K(157248K)->155945K(157248K) Eden: 139776K(139776K)->139774K(139776K) From: 17453K(17472K)->16170K(17472K)
[50.241s][info][gc,heap        ] GC(1447) Tenured: 349343K(349568K)->348830K(349568K)
[50.241s][info][gc,metaspace   ] GC(1447) Metaspace: 30923K(31488K)->30923K(31488K) NonClass: 27681K(28032K)->27681K(28032K) Class: 3241K(3456K)->3241K(3456K)
[50.241s][info][gc             ] GC(1447) Pause Full (Allocation Failure) 494M->492M(494M) 35.669ms
[50.241s][info][gc,cpu         ] GC(1447) User=0.04s Sys=0.00s Real=0.03s
[50.241s][info][gc,start       ] GC(1448) Pause Full (Allocation Failure)
[50.241s][info][gc,phases,start] GC(1448) Phase 1: Mark live objects
[50.250s][info][gc,phases      ] GC(1448) Phase 1: Mark live objects 8.625ms
[50.250s][info][gc,phases,start] GC(1448) Phase 2: Compute new object addresses
[50.252s][info][gc,phases      ] GC(1448) Phase 2: Compute new object addresses 2.169ms
[50.252s][info][gc,phases,start] GC(1448) Phase 3: Adjust pointers
[50.257s][info][gc,phases      ] GC(1448) Phase 3: Adjust pointers 5.144ms
[50.257s][info][gc,phases,start] GC(1448) Phase 4: Move objects
[50.258s][info][gc,phases      ] GC(1448) Phase 4: Move objects 0.114ms
[50.258s][info][gc,heap        ] GC(1448) DefNew: 156739K(157248K)->156724K(157248K) Eden: 139775K(139776K)->139775K(139776K) From: 16963K(17472K)->16949K(17472K)
[50.258s][info][gc,heap        ] GC(1448) Tenured: 348830K(349568K)->348830K(349568K)
[50.258s][info][gc,metaspace   ] GC(1448) Metaspace: 30923K(31488K)->30923K(31488K) NonClass: 27681K(28032K)->27681K(28032K) Class: 3241K(3456K)->3241K(3456K)
[50.258s][info][gc             ] GC(1448) Pause Full (Allocation Failure) 493M->493M(494M) 16.366ms
[50.258s][info][gc,cpu         ] GC(1448) User=0.02s Sys=0.00s Real=0.02s
[50.258s][info][gc,start       ] GC(1449) Pause Full (Allocation Failure)
[50.258s][info][gc,phases,start] GC(1449) Phase 1: Mark live objects
[50.265s][info][gc,phases      ] GC(1449) Phase 1: Mark live objects 7.003ms
[50.265s][info][gc,phases,start] GC(1449) Phase 2: Compute new object addresses
[50.267s][info][gc,phases      ] GC(1449) Phase 2: Compute new object addresses 2.069ms
[50.267s][info][gc,phases,start] GC(1449) Phase 3: Adjust pointers
[50.272s][info][gc,phases      ] GC(1449) Phase 3: Adjust pointers 4.750ms
[50.272s][info][gc,phases,start] GC(1449) Phase 4: Move objects
[50.272s][info][gc,phases      ] GC(1449) Phase 4: Move objects 0.005ms
[50.272s][info][gc,heap        ] GC(1449) DefNew: 156724K(157248K)->156724K(157248K) Eden: 139775K(139776K)->139775K(139776K) From: 16949K(17472K)->16949K(17472K)
[50.272s][info][gc,heap        ] GC(1449) Tenured: 348830K(349568K)->348830K(349568K)
[50.272s][info][gc,metaspace   ] GC(1449) Metaspace: 30923K(31488K)->30923K(31488K) NonClass: 27681K(28032K)->27681K(28032K) Class: 3241K(3456K)->3241K(3456K)
[50.272s][info][gc             ] GC(1449) Pause Full (Allocation Failure) 493M->493M(494M) 14.080ms
[50.272s][info][gc,cpu         ] GC(1449) User=0.01s Sys=0.00s Real=0.01s
[50.273s][info][gc,start       ] GC(1450) Pause Full (Allocation Failure)
[50.273s][info][gc,phases,start] GC(1450) Phase 1: Mark live objects
[50.280s][info][gc,phases      ] GC(1450) Phase 1: Mark live objects 6.861ms
[50.280s][info][gc,phases,start] GC(1450) Phase 2: Compute new object addresses
[50.282s][info][gc,phases      ] GC(1450) Phase 2: Compute new object addresses 1.968ms
[50.282s][info][gc,phases,start] GC(1450) Phase 3: Adjust pointers
[50.287s][info][gc,phases      ] GC(1450) Phase 3: Adjust pointers 4.971ms
[50.287s][info][gc,phases,start] GC(1450) Phase 4: Move objects
[50.288s][info][gc,phases      ] GC(1450) Phase 4: Move objects 0.922ms
[50.288s][info][gc,heap        ] GC(1450) DefNew: 157032K(157248K)->155959K(157248K) Eden: 139776K(139776K)->139774K(139776K) From: 17256K(17472K)->16184K(17472K)
[50.288s][info][gc,heap        ] GC(1450) Tenured: 349086K(349568K)->349086K(349568K)
[50.288s][info][gc,metaspace   ] GC(1450) Metaspace: 30923K(31488K)->30923K(31488K) NonClass: 27682K(28032K)->27682K(28032K) Class: 3241K(3456K)->3241K(3456K)
[50.288s][info][gc             ] GC(1450) Pause Full (Allocation Failure) 494M->493M(494M) 15.049ms
[50.288s][info][gc,cpu         ] GC(1450) User=0.02s Sys=0.00s Real=0.02s
[50.294s][info][gc,start       ] GC(1451) Pause Full (Allocation Failure)
[50.294s][info][gc,phases,start] GC(1451) Phase 1: Mark live objects
[50.302s][info][gc,phases      ] GC(1451) Phase 1: Mark live objects 8.095ms
[50.302s][info][gc,phases,start] GC(1451) Phase 2: Compute new object addresses
[50.304s][info][gc,phases      ] GC(1451) Phase 2: Compute new object addresses 2.203ms
[50.304s][info][gc,phases,start] GC(1451) Phase 3: Adjust pointers
[50.310s][info][gc,phases      ] GC(1451) Phase 3: Adjust pointers 5.308ms
[50.310s][info][gc,phases,start] GC(1451) Phase 4: Move objects
[50.333s][info][gc,phases      ] GC(1451) Phase 4: Move objects 23.443ms
[50.333s][info][gc,heap        ] GC(1451) DefNew: 157248K(157248K)->153671K(157248K) Eden: 139776K(139776K)->139771K(139776K) From: 17472K(17472K)->13900K(17472K)
[50.333s][info][gc,heap        ] GC(1451) Tenured: 349568K(349568K)->348859K(349568K)
[50.333s][info][gc,metaspace   ] GC(1451) Metaspace: 30934K(31488K)->30934K(31488K) NonClass: 27691K(28032K)->27691K(28032K) Class: 3243K(3456K)->3243K(3456K)
[50.333s][info][gc             ] GC(1451) Pause Full (Allocation Failure) 494M->490M(494M) 39.495ms
[50.333s][info][gc,cpu         ] GC(1451) User=0.04s Sys=0.00s Real=0.04s
[50.344s][info][gc,start       ] GC(1452) Pause Full (Allocation Failure)
[50.344s][info][gc,phases,start] GC(1452) Phase 1: Mark live objects
[50.353s][info][gc,phases      ] GC(1452) Phase 1: Mark live objects 8.520ms
[50.353s][info][gc,phases,start] GC(1452) Phase 2: Compute new object addresses
[50.355s][info][gc,phases      ] GC(1452) Phase 2: Compute new object addresses 2.682ms
[50.355s][info][gc,phases,start] GC(1452) Phase 3: Adjust pointers
[50.362s][info][gc,phases      ] GC(1452) Phase 3: Adjust pointers 6.281ms
[50.362s][info][gc,phases,start] GC(1452) Phase 4: Move objects
[50.362s][info][gc,phases      ] GC(1452) Phase 4: Move objects 0.277ms
[50.362s][info][gc,heap        ] GC(1452) DefNew: 157248K(157248K)->153486K(157248K) Eden: 139776K(139776K)->139756K(139776K) From: 17472K(17472K)->13729K(17472K)
[50.362s][info][gc,heap        ] GC(1452) Tenured: 349376K(349568K)->349376K(349568K)
[50.362s][info][gc,metaspace   ] GC(1452) Metaspace: 30946K(31488K)->30946K(31488K) NonClass: 27700K(28032K)->27700K(28032K) Class: 3246K(3456K)->3246K(3456K)
[50.362s][info][gc             ] GC(1452) Pause Full (Allocation Failure) 494M->491M(494M) 18.157ms
[50.362s][info][gc,cpu         ] GC(1452) User=0.01s Sys=0.01s Real=0.01s
[50.365s][info][gc,start       ] GC(1453) Pause Full (Allocation Failure)
[50.365s][info][gc,phases,start] GC(1453) Phase 1: Mark live objects
[50.373s][info][gc,phases      ] GC(1453) Phase 1: Mark live objects 8.082ms
[50.373s][info][gc,phases,start] GC(1453) Phase 2: Compute new object addresses
[50.375s][info][gc,phases      ] GC(1453) Phase 2: Compute new object addresses 2.322ms
[50.375s][info][gc,phases,start] GC(1453) Phase 3: Adjust pointers
[50.381s][info][gc,phases      ] GC(1453) Phase 3: Adjust pointers 5.322ms
[50.381s][info][gc,phases,start] GC(1453) Phase 4: Move objects
[50.381s][info][gc,phases      ] GC(1453) Phase 4: Move objects 0.189ms
[50.381s][info][gc,heap        ] GC(1453) DefNew: 157044K(157248K)->154267K(157248K) Eden: 139776K(139776K)->139757K(139776K) From: 17268K(17472K)->14510K(17472K)
[50.381s][info][gc,heap        ] GC(1453) Tenured: 349376K(349568K)->349376K(349568K)
[50.381s][info][gc,metaspace   ] GC(1453) Metaspace: 30956K(31488K)->30956K(31488K) NonClass: 27710K(28032K)->27710K(28032K) Class: 3246K(3456K)->3246K(3456K)
[50.381s][info][gc             ] GC(1453) Pause Full (Allocation Failure) 494M->491M(494M) 16.274ms
[50.381s][info][gc,cpu         ] GC(1453) User=0.02s Sys=0.00s Real=0.01s
[50.383s][info][gc,start       ] GC(1454) Pause Full (Allocation Failure)
[50.383s][info][gc,phases,start] GC(1454) Phase 1: Mark live objects
[50.391s][info][gc,phases      ] GC(1454) Phase 1: Mark live objects 8.554ms
[50.391s][info][gc,phases,start] GC(1454) Phase 2: Compute new object addresses
[50.394s][info][gc,phases      ] GC(1454) Phase 2: Compute new object addresses 2.356ms
[50.394s][info][gc,phases,start] GC(1454) Phase 3: Adjust pointers
[50.400s][info][gc,phases      ] GC(1454) Phase 3: Adjust pointers 6.546ms
[50.400s][info][gc,phases,start] GC(1454) Phase 4: Move objects
[50.400s][info][gc,phases      ] GC(1454) Phase 4: Move objects 0.159ms
[50.401s][info][gc,heap        ] GC(1454) DefNew: 157206K(157248K)->154780K(157248K) Eden: 139775K(139776K)->139757K(139776K) From: 17430K(17472K)->15022K(17472K)
[50.401s][info][gc,heap        ] GC(1454) Tenured: 349376K(349568K)->349376K(349568K)
[50.401s][info][gc,metaspace   ] GC(1454) Metaspace: 30961K(31488K)->30961K(31488K) NonClass: 27714K(28032K)->27714K(28032K) Class: 3246K(3456K)->3246K(3456K)
[50.401s][info][gc             ] GC(1454) Pause Full (Allocation Failure) 494M->492M(494M) 18.041ms
[50.401s][info][gc,cpu         ] GC(1454) User=0.02s Sys=0.00s Real=0.02s
[50.401s][info][gc,start       ] GC(1455) Pause Full (Allocation Failure)
[50.402s][info][gc,phases,start] GC(1455) Phase 1: Mark live objects
[50.410s][info][gc,phases      ] GC(1455) Phase 1: Mark live objects 8.712ms
[50.410s][info][gc,phases,start] GC(1455) Phase 2: Compute new object addresses
[50.413s][info][gc,phases      ] GC(1455) Phase 2: Compute new object addresses 2.367ms
[50.413s][info][gc,phases,start] GC(1455) Phase 3: Adjust pointers
[50.421s][info][gc,phases      ] GC(1455) Phase 3: Adjust pointers 7.950ms
[50.421s][info][gc,phases,start] GC(1455) Phase 4: Move objects
[50.447s][info][gc,phases      ] GC(1455) Phase 4: Move objects 26.513ms
[50.447s][info][gc,heap        ] GC(1455) DefNew: 157173K(157248K)->155042K(157248K) Eden: 139776K(139776K)->139758K(139776K) From: 17397K(17472K)->15283K(17472K)
[50.448s][info][gc,heap        ] GC(1455) Tenured: 349376K(349568K)->348594K(349568K)
[50.448s][info][gc,metaspace   ] GC(1455) Metaspace: 30961K(31488K)->30961K(31488K) NonClass: 27714K(28032K)->27714K(28032K) Class: 3246K(3456K)->3246K(3456K)
[50.448s][info][gc             ] GC(1455) Pause Full (Allocation Failure) 494M->491M(494M) 46.050ms
[50.448s][info][gc,cpu         ] GC(1455) User=0.05s Sys=0.00s Real=0.05s
[50.460s][info][gc,start       ] GC(1456) Pause Full (Allocation Failure)
[50.460s][info][gc,phases,start] GC(1456) Phase 1: Mark live objects
[50.470s][info][gc,phases      ] GC(1456) Phase 1: Mark live objects 10.488ms
[50.470s][info][gc,phases,start] GC(1456) Phase 2: Compute new object addresses
[50.473s][info][gc,phases      ] GC(1456) Phase 2: Compute new object addresses 2.881ms
[50.473s][info][gc,phases,start] GC(1456) Phase 3: Adjust pointers
[50.480s][info][gc,phases      ] GC(1456) Phase 3: Adjust pointers 6.397ms
[50.480s][info][gc,phases,start] GC(1456) Phase 4: Move objects
[50.480s][info][gc,phases      ] GC(1456) Phase 4: Move objects 0.066ms
[50.480s][info][gc,heap        ] GC(1456) DefNew: 157247K(157248K)->153499K(157248K) Eden: 139776K(139776K)->139757K(139776K) From: 17471K(17472K)->13741K(17472K)
[50.480s][info][gc,heap        ] GC(1456) Tenured: 349567K(349568K)->349567K(349568K)
[50.480s][info][gc,metaspace   ] GC(1456) Metaspace: 30970K(31488K)->30970K(31488K) NonClass: 27722K(28032K)->27722K(28032K) Class: 3247K(3456K)->3247K(3456K)
[50.480s][info][gc             ] GC(1456) Pause Full (Allocation Failure) 494M->491M(494M) 20.292ms
[50.480s][info][gc,cpu         ] GC(1456) User=0.02s Sys=0.00s Real=0.02s
[50.486s][info][gc,start       ] GC(1457) Pause Full (Allocation Failure)
[50.486s][info][gc,phases,start] GC(1457) Phase 1: Mark live objects
[50.495s][info][gc,phases      ] GC(1457) Phase 1: Mark live objects 9.356ms
[50.495s][info][gc,phases,start] GC(1457) Phase 2: Compute new object addresses
[50.498s][info][gc,phases      ] GC(1457) Phase 2: Compute new object addresses 2.783ms
[50.498s][info][gc,phases,start] GC(1457) Phase 3: Adjust pointers
[50.504s][info][gc,phases      ] GC(1457) Phase 3: Adjust pointers 5.759ms
[50.504s][info][gc,phases,start] GC(1457) Phase 4: Move objects
[50.504s][info][gc,phases      ] GC(1457) Phase 4: Move objects 0.116ms
[50.504s][info][gc,heap        ] GC(1457) DefNew: 157059K(157248K)->153784K(157248K) Eden: 139776K(139776K)->139756K(139776K) From: 17283K(17472K)->14027K(17472K)
[50.504s][info][gc,heap        ] GC(1457) Tenured: 349567K(349568K)->349567K(349568K)
[50.504s][info][gc,metaspace   ] GC(1457) Metaspace: 30973K(31488K)->30973K(31488K) NonClass: 27725K(28032K)->27725K(28032K) Class: 3248K(3456K)->3248K(3456K)
[50.504s][info][gc             ] GC(1457) Pause Full (Allocation Failure) 494M->491M(494M) 18.378ms
[50.504s][info][gc,cpu         ] GC(1457) User=0.02s Sys=0.00s Real=0.02s
[50.506s][info][gc,start       ] GC(1458) Pause Full (Allocation Failure)
[50.506s][info][gc,phases,start] GC(1458) Phase 1: Mark live objects
[50.513s][info][gc,phases      ] GC(1458) Phase 1: Mark live objects 7.586ms
[50.513s][info][gc,phases,start] GC(1458) Phase 2: Compute new object addresses
[50.515s][info][gc,phases      ] GC(1458) Phase 2: Compute new object addresses 2.095ms
[50.516s][info][gc,phases,start] GC(1458) Phase 3: Adjust pointers
[50.520s][info][gc,phases      ] GC(1458) Phase 3: Adjust pointers 4.800ms
[50.520s][info][gc,phases,start] GC(1458) Phase 4: Move objects
[50.520s][info][gc,phases      ] GC(1458) Phase 4: Move objects 0.126ms
[50.521s][info][gc,heap        ] GC(1458) DefNew: 157015K(157248K)->154820K(157248K) Eden: 139776K(139776K)->139756K(139776K) From: 17239K(17472K)->15063K(17472K)
[50.521s][info][gc,heap        ] GC(1458) Tenured: 349567K(349568K)->349567K(349568K)
[50.521s][info][gc,metaspace   ] GC(1458) Metaspace: 30973K(31488K)->30973K(31488K) NonClass: 27725K(28032K)->27725K(28032K) Class: 3248K(3456K)->3248K(3456K)
[50.521s][info][gc             ] GC(1458) Pause Full (Allocation Failure) 494M->492M(494M) 14.904ms
[50.521s][info][gc,cpu         ] GC(1458) User=0.01s Sys=0.00s Real=0.01s
[50.522s][info][gc,start       ] GC(1459) Pause Full (Allocation Failure)
[50.522s][info][gc,phases,start] GC(1459) Phase 1: Mark live objects
[50.529s][info][gc,phases      ] GC(1459) Phase 1: Mark live objects 7.283ms
[50.530s][info][gc,phases,start] GC(1459) Phase 2: Compute new object addresses
[50.532s][info][gc,phases      ] GC(1459) Phase 2: Compute new object addresses 2.012ms
[50.532s][info][gc,phases,start] GC(1459) Phase 3: Adjust pointers
[50.537s][info][gc,phases      ] GC(1459) Phase 3: Adjust pointers 5.099ms
[50.537s][info][gc,phases,start] GC(1459) Phase 4: Move objects
[50.557s][info][gc,phases      ] GC(1459) Phase 4: Move objects 19.973ms
[50.557s][info][gc,heap        ] GC(1459) DefNew: 156740K(157248K)->154569K(157248K) Eden: 139776K(139776K)->139756K(139776K) From: 16964K(17472K)->14812K(17472K)
[50.557s][info][gc,heap        ] GC(1459) Tenured: 349567K(349568K)->348613K(349568K)
[50.557s][info][gc,metaspace   ] GC(1459) Metaspace: 30973K(31488K)->30973K(31488K) NonClass: 27725K(28032K)->27725K(28032K) Class: 3248K(3456K)->3248K(3456K)
[50.557s][info][gc             ] GC(1459) Pause Full (Allocation Failure) 494M->491M(494M) 34.804ms
[50.557s][info][gc,cpu         ] GC(1459) User=0.04s Sys=0.00s Real=0.04s
[50.558s][info][gc,start       ] GC(1460) Pause Full (Allocation Failure)
[50.558s][info][gc,phases,start] GC(1460) Phase 1: Mark live objects
[50.567s][info][gc,phases      ] GC(1460) Phase 1: Mark live objects 8.744ms
[50.567s][info][gc,phases,start] GC(1460) Phase 2: Compute new object addresses
[50.569s][info][gc,phases      ] GC(1460) Phase 2: Compute new object addresses 2.433ms
[50.569s][info][gc,phases,start] GC(1460) Phase 3: Adjust pointers
[50.575s][info][gc,phases      ] GC(1460) Phase 3: Adjust pointers 5.526ms
[50.575s][info][gc,phases,start] GC(1460) Phase 4: Move objects
[50.575s][info][gc,phases      ] GC(1460) Phase 4: Move objects 0.132ms
[50.575s][info][gc,heap        ] GC(1460) DefNew: 157222K(157248K)->154829K(157248K) Eden: 139776K(139776K)->139756K(139776K) From: 17446K(17472K)->15072K(17472K)
[50.575s][info][gc,heap        ] GC(1460) Tenured: 349125K(349568K)->349125K(349568K)
[50.575s][info][gc,metaspace   ] GC(1460) Metaspace: 30973K(31488K)->30973K(31488K) NonClass: 27725K(28032K)->27725K(28032K) Class: 3248K(3456K)->3248K(3456K)
[50.575s][info][gc             ] GC(1460) Pause Full (Allocation Failure) 494M->492M(494M) 17.186ms
[50.575s][info][gc,cpu         ] GC(1460) User=0.02s Sys=0.00s Real=0.01s
[50.577s][info][gc,start       ] GC(1461) Pause Full (Allocation Failure)
[50.577s][info][gc,phases,start] GC(1461) Phase 1: Mark live objects
[50.584s][info][gc,phases      ] GC(1461) Phase 1: Mark live objects 7.560ms
[50.584s][info][gc,phases,start] GC(1461) Phase 2: Compute new object addresses
[50.586s][info][gc,phases      ] GC(1461) Phase 2: Compute new object addresses 2.141ms
[50.587s][info][gc,phases,start] GC(1461) Phase 3: Adjust pointers
[50.591s][info][gc,phases      ] GC(1461) Phase 3: Adjust pointers 4.966ms
[50.592s][info][gc,phases,start] GC(1461) Phase 4: Move objects
[50.592s][info][gc,phases      ] GC(1461) Phase 4: Move objects 0.100ms
[50.592s][info][gc,heap        ] GC(1461) DefNew: 157005K(157248K)->154577K(157248K) Eden: 139776K(139776K)->139756K(139776K) From: 17229K(17472K)->14820K(17472K)
[50.592s][info][gc,heap        ] GC(1461) Tenured: 349381K(349568K)->349381K(349568K)
[50.592s][info][gc,metaspace   ] GC(1461) Metaspace: 30973K(31488K)->30973K(31488K) NonClass: 27725K(28032K)->27725K(28032K) Class: 3248K(3456K)->3248K(3456K)
[50.592s][info][gc             ] GC(1461) Pause Full (Allocation Failure) 494M->492M(494M) 15.102ms
[50.592s][info][gc,cpu         ] GC(1461) User=0.01s Sys=0.00s Real=0.01s
[50.601s][info][gc,start       ] GC(1462) Pause Full (Allocation Failure)
[50.601s][info][gc,phases,start] GC(1462) Phase 1: Mark live objects
[50.608s][info][gc,phases      ] GC(1462) Phase 1: Mark live objects 7.513ms
[50.608s][info][gc,phases,start] GC(1462) Phase 2: Compute new object addresses
[50.611s][info][gc,phases      ] GC(1462) Phase 2: Compute new object addresses 2.295ms
[50.611s][info][gc,phases,start] GC(1462) Phase 3: Adjust pointers
[50.616s][info][gc,phases      ] GC(1462) Phase 3: Adjust pointers 5.094ms
[50.616s][info][gc,phases,start] GC(1462) Phase 4: Move objects
[50.616s][info][gc,phases      ] GC(1462) Phase 4: Move objects 0.109ms
[50.616s][info][gc,heap        ] GC(1462) DefNew: 157087K(157248K)->153833K(157248K) Eden: 139776K(139776K)->139756K(139776K) From: 17311K(17472K)->14077K(17472K)
[50.616s][info][gc,heap        ] GC(1462) Tenured: 349381K(349568K)->349381K(349568K)
[50.616s][info][gc,metaspace   ] GC(1462) Metaspace: 30984K(31488K)->30984K(31488K) NonClass: 27734K(28032K)->27734K(28032K) Class: 3249K(3456K)->3249K(3456K)
[50.616s][info][gc             ] GC(1462) Pause Full (Allocation Failure) 494M->491M(494M) 15.386ms
[50.616s][info][gc,cpu         ] GC(1462) User=0.01s Sys=0.00s Real=0.02s
[50.618s][info][gc,start       ] GC(1463) Pause Full (Allocation Failure)
[50.618s][info][gc,phases,start] GC(1463) Phase 1: Mark live objects
[50.625s][info][gc,phases      ] GC(1463) Phase 1: Mark live objects 7.304ms
[50.625s][info][gc,phases,start] GC(1463) Phase 2: Compute new object addresses
[50.627s][info][gc,phases      ] GC(1463) Phase 2: Compute new object addresses 2.072ms
[50.627s][info][gc,phases,start] GC(1463) Phase 3: Adjust pointers
[50.633s][info][gc,phases      ] GC(1463) Phase 3: Adjust pointers 5.590ms
[50.633s][info][gc,phases,start] GC(1463) Phase 4: Move objects
[50.654s][info][gc,phases      ] GC(1463) Phase 4: Move objects 20.961ms
[50.654s][info][gc,heap        ] GC(1463) DefNew: 157086K(157248K)->154094K(157248K) Eden: 139776K(139776K)->139757K(139776K) From: 17310K(17472K)->14337K(17472K)
[50.654s][info][gc,heap        ] GC(1463) Tenured: 349381K(349568K)->348609K(349568K)
[50.654s][info][gc,metaspace   ] GC(1463) Metaspace: 30984K(31488K)->30984K(31488K) NonClass: 27734K(28032K)->27734K(28032K) Class: 3249K(3456K)->3249K(3456K)
[50.654s][info][gc             ] GC(1463) Pause Full (Allocation Failure) 494M->490M(494M) 36.353ms
[50.654s][info][gc,cpu         ] GC(1463) User=0.04s Sys=0.00s Real=0.03s
[50.658s][info][gc,start       ] GC(1464) Pause Full (Allocation Failure)
[50.658s][info][gc,phases,start] GC(1464) Phase 1: Mark live objects
[50.667s][info][gc,phases      ] GC(1464) Phase 1: Mark live objects 8.967ms
[50.667s][info][gc,phases,start] GC(1464) Phase 2: Compute new object addresses
[50.670s][info][gc,phases      ] GC(1464) Phase 2: Compute new object addresses 2.463ms
[50.670s][info][gc,phases,start] GC(1464) Phase 3: Adjust pointers
[50.675s][info][gc,phases      ] GC(1464) Phase 3: Adjust pointers 5.367ms
[50.675s][info][gc,phases,start] GC(1464) Phase 4: Move objects
[50.675s][info][gc,phases      ] GC(1464) Phase 4: Move objects 0.094ms
[50.675s][info][gc,heap        ] GC(1464) DefNew: 157041K(157248K)->154111K(157248K) Eden: 139776K(139776K)->139757K(139776K) From: 17265K(17472K)->14354K(17472K)
[50.675s][info][gc,heap        ] GC(1464) Tenured: 349378K(349568K)->349378K(349568K)
[50.675s][info][gc,metaspace   ] GC(1464) Metaspace: 30987K(31488K)->30987K(31488K) NonClass: 27737K(28032K)->27737K(28032K) Class: 3250K(3456K)->3250K(3456K)
[50.675s][info][gc             ] GC(1464) Pause Full (Allocation Failure) 494M->491M(494M) 17.249ms
[50.675s][info][gc,cpu         ] GC(1464) User=0.01s Sys=0.00s Real=0.01s
[50.676s][info][gc,start       ] GC(1465) Pause Full (Allocation Failure)
[50.676s][info][gc,phases,start] GC(1465) Phase 1: Mark live objects
[50.684s][info][gc,phases      ] GC(1465) Phase 1: Mark live objects 7.921ms
[50.684s][info][gc,phases,start] GC(1465) Phase 2: Compute new object addresses
[50.687s][info][gc,phases      ] GC(1465) Phase 2: Compute new object addresses 2.187ms
[50.687s][info][gc,phases,start] GC(1465) Phase 3: Adjust pointers
[50.692s][info][gc,phases      ] GC(1465) Phase 3: Adjust pointers 5.487ms
[50.692s][info][gc,phases,start] GC(1465) Phase 4: Move objects
[50.692s][info][gc,phases      ] GC(1465) Phase 4: Move objects 0.145ms
[50.692s][info][gc,heap        ] GC(1465) DefNew: 157022K(157248K)->154883K(157248K) Eden: 139776K(139776K)->139757K(139776K) From: 17246K(17472K)->15125K(17472K)
[50.692s][info][gc,heap        ] GC(1465) Tenured: 349378K(349568K)->349378K(349568K)
[50.692s][info][gc,metaspace   ] GC(1465) Metaspace: 30987K(31488K)->30987K(31488K) NonClass: 27737K(28032K)->27737K(28032K) Class: 3250K(3456K)->3250K(3456K)
[50.692s][info][gc             ] GC(1465) Pause Full (Allocation Failure) 494M->492M(494M) 16.075ms
[50.692s][info][gc,cpu         ] GC(1465) User=0.02s Sys=0.01s Real=0.01s
[50.696s][info][gc,start       ] GC(1466) Pause Full (Allocation Failure)
[50.696s][info][gc,phases,start] GC(1466) Phase 1: Mark live objects
[50.705s][info][gc,phases      ] GC(1466) Phase 1: Mark live objects 8.776ms
[50.705s][info][gc,phases,start] GC(1466) Phase 2: Compute new object addresses
[50.707s][info][gc,phases      ] GC(1466) Phase 2: Compute new object addresses 2.310ms
[50.707s][info][gc,phases,start] GC(1466) Phase 3: Adjust pointers
[50.713s][info][gc,phases      ] GC(1466) Phase 3: Adjust pointers 5.341ms
[50.713s][info][gc,phases,start] GC(1466) Phase 4: Move objects
[50.713s][info][gc,phases      ] GC(1466) Phase 4: Move objects 0.125ms
[50.713s][info][gc,heap        ] GC(1466) DefNew: 157248K(157248K)->154377K(157248K) Eden: 139776K(139776K)->139757K(139776K) From: 17472K(17472K)->14619K(17472K)
[50.713s][info][gc,heap        ] GC(1466) Tenured: 349431K(349568K)->349431K(349568K)
[50.713s][info][gc,metaspace   ] GC(1466) Metaspace: 30987K(31488K)->30987K(31488K) NonClass: 27737K(28032K)->27737K(28032K) Class: 3250K(3456K)->3250K(3456K)
[50.713s][info][gc             ] GC(1466) Pause Full (Allocation Failure) 494M->492M(494M) 16.892ms
[50.713s][info][gc,cpu         ] GC(1466) User=0.02s Sys=0.00s Real=0.01s
[50.714s][info][gc,start       ] GC(1467) Pause Full (Allocation Failure)
[50.714s][info][gc,phases,start] GC(1467) Phase 1: Mark live objects
[50.722s][info][gc,phases      ] GC(1467) Phase 1: Mark live objects 8.071ms
[50.722s][info][gc,phases,start] GC(1467) Phase 2: Compute new object addresses
[50.725s][info][gc,phases      ] GC(1467) Phase 2: Compute new object addresses 2.072ms
[50.725s][info][gc,phases,start] GC(1467) Phase 3: Adjust pointers
[50.730s][info][gc,phases      ] GC(1467) Phase 3: Adjust pointers 5.649ms
[50.730s][info][gc,phases,start] GC(1467) Phase 4: Move objects
[50.751s][info][gc,phases      ] GC(1467) Phase 4: Move objects 20.878ms
[50.751s][info][gc,heap        ] GC(1467) DefNew: 157027K(157248K)->154896K(157248K) Eden: 139776K(139776K)->139758K(139776K) From: 17251K(17472K)->15137K(17472K)
[50.751s][info][gc,heap        ] GC(1467) Tenured: 349431K(349568K)->348608K(349568K)
[50.751s][info][gc,metaspace   ] GC(1467) Metaspace: 30987K(31488K)->30987K(31488K) NonClass: 27737K(28032K)->27737K(28032K) Class: 3250K(3456K)->3250K(3456K)
[50.751s][info][gc             ] GC(1467) Pause Full (Allocation Failure) 494M->491M(494M) 37.083ms
[50.751s][info][gc,cpu         ] GC(1467) User=0.04s Sys=0.00s Real=0.04s
[50.757s][info][gc,start       ] GC(1468) Pause Full (Allocation Failure)
[50.757s][info][gc,phases,start] GC(1468) Phase 1: Mark live objects
[50.765s][info][gc,phases      ] GC(1468) Phase 1: Mark live objects 8.064ms
[50.765s][info][gc,phases,start] GC(1468) Phase 2: Compute new object addresses
[50.768s][info][gc,phases      ] GC(1468) Phase 2: Compute new object addresses 2.273ms
[50.768s][info][gc,phases,start] GC(1468) Phase 3: Adjust pointers
[50.773s][info][gc,phases      ] GC(1468) Phase 3: Adjust pointers 5.469ms
[50.773s][info][gc,phases,start] GC(1468) Phase 4: Move objects
[50.774s][info][gc,phases      ] GC(1468) Phase 4: Move objects 0.956ms
[50.774s][info][gc,heap        ] GC(1468) DefNew: 157242K(157248K)->153560K(157248K) Eden: 139776K(139776K)->139739K(139776K) From: 17466K(17472K)->13820K(17472K)
[50.774s][info][gc,heap        ] GC(1468) Tenured: 349120K(349568K)->349120K(349568K)
[50.774s][info][gc,metaspace   ] GC(1468) Metaspace: 30990K(31488K)->30990K(31488K) NonClass: 27739K(28032K)->27739K(28032K) Class: 3250K(3456K)->3250K(3456K)
[50.774s][info][gc             ] GC(1468) Pause Full (Allocation Failure) 494M->490M(494M) 17.071ms
[50.774s][info][gc,cpu         ] GC(1468) User=0.01s Sys=0.00s Real=0.01s
[50.778s][info][gc,start       ] GC(1469) Pause Full (Allocation Failure)
[50.778s][info][gc,phases,start] GC(1469) Phase 1: Mark live objects
[50.786s][info][gc,phases      ] GC(1469) Phase 1: Mark live objects 7.434ms
[50.786s][info][gc,phases,start] GC(1469) Phase 2: Compute new object addresses
[50.788s][info][gc,phases      ] GC(1469) Phase 2: Compute new object addresses 2.238ms
[50.788s][info][gc,phases,start] GC(1469) Phase 3: Adjust pointers
[50.793s][info][gc,phases      ] GC(1469) Phase 3: Adjust pointers 5.037ms
[50.793s][info][gc,phases,start] GC(1469) Phase 4: Move objects
[50.793s][info][gc,phases      ] GC(1469) Phase 4: Move objects 0.091ms
[50.793s][info][gc,heap        ] GC(1469) DefNew: 157081K(157248K)->154100K(157248K) Eden: 139776K(139776K)->139739K(139776K) From: 17305K(17472K)->14361K(17472K)
[50.793s][info][gc,heap        ] GC(1469) Tenured: 349120K(349568K)->349120K(349568K)
[50.793s][info][gc,metaspace   ] GC(1469) Metaspace: 30995K(31488K)->30995K(31488K) NonClass: 27744K(28032K)->27744K(28032K) Class: 3251K(3456K)->3251K(3456K)
[50.793s][info][gc             ] GC(1469) Pause Full (Allocation Failure) 494M->491M(494M) 15.161ms
[50.793s][info][gc,cpu         ] GC(1469) User=0.02s Sys=0.00s Real=0.01s
[50.799s][info][gc,start       ] GC(1470) Pause Full (Allocation Failure)
[50.799s][info][gc,phases,start] GC(1470) Phase 1: Mark live objects
[50.808s][info][gc,phases      ] GC(1470) Phase 1: Mark live objects 8.647ms
[50.808s][info][gc,phases,start] GC(1470) Phase 2: Compute new object addresses
[50.810s][info][gc,phases      ] GC(1470) Phase 2: Compute new object addresses 2.408ms
[50.810s][info][gc,phases,start] GC(1470) Phase 3: Adjust pointers
[50.816s][info][gc,phases      ] GC(1470) Phase 3: Adjust pointers 5.388ms
[50.816s][info][gc,phases,start] GC(1470) Phase 4: Move objects
[50.816s][info][gc,phases      ] GC(1470) Phase 4: Move objects 0.068ms
[50.816s][info][gc,heap        ] GC(1470) DefNew: 157248K(157248K)->153610K(157248K) Eden: 139776K(139776K)->139744K(139776K) From: 17472K(17472K)->13865K(17472K)
[50.816s][info][gc,heap        ] GC(1470) Tenured: 349383K(349568K)->349383K(349568K)
[50.816s][info][gc,metaspace   ] GC(1470) Metaspace: 30998K(31488K)->30998K(31488K) NonClass: 27746K(28032K)->27746K(28032K) Class: 3251K(3456K)->3251K(3456K)
[50.816s][info][gc             ] GC(1470) Pause Full (Allocation Failure) 494M->491M(494M) 16.844ms
[50.816s][info][gc,cpu         ] GC(1470) User=0.01s Sys=0.00s Real=0.02s
[50.817s][info][gc,start       ] GC(1471) Pause Full (Allocation Failure)
[50.817s][info][gc,phases,start] GC(1471) Phase 1: Mark live objects
[50.824s][info][gc,phases      ] GC(1471) Phase 1: Mark live objects 7.141ms
[50.824s][info][gc,phases,start] GC(1471) Phase 2: Compute new object addresses
[50.827s][info][gc,phases      ] GC(1471) Phase 2: Compute new object addresses 2.132ms
[50.827s][info][gc,phases,start] GC(1471) Phase 3: Adjust pointers
[50.832s][info][gc,phases      ] GC(1471) Phase 3: Adjust pointers 5.279ms
[50.832s][info][gc,phases,start] GC(1471) Phase 4: Move objects
[50.853s][info][gc,phases      ] GC(1471) Phase 4: Move objects 21.096ms
[50.853s][info][gc,heap        ] GC(1471) DefNew: 157038K(157248K)->154893K(157248K) Eden: 139775K(139776K)->139746K(139776K) From: 17262K(17472K)->15147K(17472K)
[50.853s][info][gc,heap        ] GC(1471) Tenured: 349383K(349568K)->348854K(349568K)
[50.853s][info][gc,metaspace   ] GC(1471) Metaspace: 30998K(31488K)->30998K(31488K) NonClass: 27746K(28032K)->27746K(28032K) Class: 3251K(3456K)->3251K(3456K)
[50.853s][info][gc             ] GC(1471) Pause Full (Allocation Failure) 494M->491M(494M) 36.044ms
[50.853s][info][gc,cpu         ] GC(1471) User=0.03s Sys=0.00s Real=0.03s
[50.854s][info][gc,start       ] GC(1472) Pause Full (Allocation Failure)
[50.854s][info][gc,phases,start] GC(1472) Phase 1: Mark live objects
[50.862s][info][gc,phases      ] GC(1472) Phase 1: Mark live objects 8.397ms
[50.863s][info][gc,phases,start] GC(1472) Phase 2: Compute new object addresses
[50.865s][info][gc,phases      ] GC(1472) Phase 2: Compute new object addresses 2.611ms
[50.865s][info][gc,phases,start] GC(1472) Phase 3: Adjust pointers
[50.871s][info][gc,phases      ] GC(1472) Phase 3: Adjust pointers 5.946ms
[50.871s][info][gc,phases,start] GC(1472) Phase 4: Move objects
[50.871s][info][gc,phases      ] GC(1472) Phase 4: Move objects 0.096ms
[50.871s][info][gc,heap        ] GC(1472) DefNew: 157009K(157248K)->154388K(157248K) Eden: 139776K(139776K)->139748K(139776K) From: 17233K(17472K)->14639K(17472K)
[50.871s][info][gc,heap        ] GC(1472) Tenured: 349366K(349568K)->349366K(349568K)
[50.871s][info][gc,metaspace   ] GC(1472) Metaspace: 30998K(31488K)->30998K(31488K) NonClass: 27746K(28032K)->27746K(28032K) Class: 3251K(3456K)->3251K(3456K)
[50.871s][info][gc             ] GC(1472) Pause Full (Allocation Failure) 494M->491M(494M) 17.436ms
[50.872s][info][gc,cpu         ] GC(1472) User=0.01s Sys=0.00s Real=0.02s
[50.879s][info][gc,start       ] GC(1473) Pause Full (Allocation Failure)
[50.879s][info][gc,phases,start] GC(1473) Phase 1: Mark live objects
[50.886s][info][gc,phases      ] GC(1473) Phase 1: Mark live objects 7.666ms
[50.886s][info][gc,phases,start] GC(1473) Phase 2: Compute new object addresses
[50.889s][info][gc,phases      ] GC(1473) Phase 2: Compute new object addresses 2.345ms
[50.889s][info][gc,phases,start] GC(1473) Phase 3: Adjust pointers
[50.894s][info][gc,phases      ] GC(1473) Phase 3: Adjust pointers 5.097ms
[50.894s][info][gc,phases,start] GC(1473) Phase 4: Move objects
[50.894s][info][gc,phases      ] GC(1473) Phase 4: Move objects 0.091ms
[50.894s][info][gc,heap        ] GC(1473) DefNew: 157180K(157248K)->154137K(157248K) Eden: 139776K(139776K)->139744K(139776K) From: 17404K(17472K)->14392K(17472K)
[50.894s][info][gc,heap        ] GC(1473) Tenured: 349366K(349568K)->349366K(349568K)
[50.894s][info][gc,metaspace   ] GC(1473) Metaspace: 31002K(31488K)->31002K(31488K) NonClass: 27749K(28032K)->27749K(28032K) Class: 3252K(3456K)->3252K(3456K)
[50.894s][info][gc             ] GC(1473) Pause Full (Allocation Failure) 494M->491M(494M) 15.525ms
[50.894s][info][gc,cpu         ] GC(1473) User=0.02s Sys=0.00s Real=0.01s
[50.899s][info][gc,start       ] GC(1474) Pause Full (Allocation Failure)
[50.899s][info][gc,phases,start] GC(1474) Phase 1: Mark live objects
[50.907s][info][gc,phases      ] GC(1474) Phase 1: Mark live objects 7.837ms
[50.907s][info][gc,phases,start] GC(1474) Phase 2: Compute new object addresses
[50.909s][info][gc,phases      ] GC(1474) Phase 2: Compute new object addresses 2.095ms
[50.909s][info][gc,phases,start] GC(1474) Phase 3: Adjust pointers
[50.914s][info][gc,phases      ] GC(1474) Phase 3: Adjust pointers 5.049ms
[50.914s][info][gc,phases,start] GC(1474) Phase 4: Move objects
[50.914s][info][gc,phases      ] GC(1474) Phase 4: Move objects 0.065ms
[50.914s][info][gc,heap        ] GC(1474) DefNew: 157247K(157248K)->153882K(157248K) Eden: 139776K(139776K)->139743K(139776K) From: 17471K(17472K)->14138K(17472K)
[50.914s][info][gc,heap        ] GC(1474) Tenured: 349532K(349568K)->349532K(349568K)
[50.914s][info][gc,metaspace   ] GC(1474) Metaspace: 31002K(31488K)->31002K(31488K) NonClass: 27749K(28032K)->27749K(28032K) Class: 3252K(3456K)->3252K(3456K)
[50.914s][info][gc             ] GC(1474) Pause Full (Allocation Failure) 494M->491M(494M) 15.363ms
[50.914s][info][gc,cpu         ] GC(1474) User=0.02s Sys=0.00s Real=0.01s
[50.918s][info][gc,start       ] GC(1475) Pause Full (Allocation Failure)
[50.918s][info][gc,phases,start] GC(1475) Phase 1: Mark live objects
[50.925s][info][gc,phases      ] GC(1475) Phase 1: Mark live objects 7.455ms
[50.925s][info][gc,phases,start] GC(1475) Phase 2: Compute new object addresses
[50.927s][info][gc,phases      ] GC(1475) Phase 2: Compute new object addresses 2.123ms
[50.927s][info][gc,phases,start] GC(1475) Phase 3: Adjust pointers
[50.933s][info][gc,phases      ] GC(1475) Phase 3: Adjust pointers 5.548ms
[50.933s][info][gc,phases,start] GC(1475) Phase 4: Move objects
[50.954s][info][gc,phases      ] GC(1475) Phase 4: Move objects 21.316ms
[50.955s][info][gc,heap        ] GC(1475) DefNew: 157248K(157248K)->154145K(157248K) Eden: 139776K(139776K)->139744K(139776K) From: 17472K(17472K)->14400K(17472K)
[50.955s][info][gc,heap        ] GC(1475) Tenured: 349567K(349568K)->348595K(349568K)
[50.955s][info][gc,metaspace   ] GC(1475) Metaspace: 31002K(31488K)->31002K(31488K) NonClass: 27749K(28032K)->27749K(28032K) Class: 3252K(3456K)->3252K(3456K)
[50.955s][info][gc             ] GC(1475) Pause Full (Allocation Failure) 494M->490M(494M) 36.838ms
[50.955s][info][gc,cpu         ] GC(1475) User=0.04s Sys=0.00s Real=0.03s
[50.956s][info][gc,start       ] GC(1476) Pause Full (Allocation Failure)
[50.956s][info][gc,phases,start] GC(1476) Phase 1: Mark live objects
[50.965s][info][gc,phases      ] GC(1476) Phase 1: Mark live objects 8.578ms
[50.965s][info][gc,phases,start] GC(1476) Phase 2: Compute new object addresses
[50.967s][info][gc,phases      ] GC(1476) Phase 2: Compute new object addresses 2.299ms
[50.967s][info][gc,phases,start] GC(1476) Phase 3: Adjust pointers
[50.973s][info][gc,phases      ] GC(1476) Phase 3: Adjust pointers 5.636ms
[50.973s][info][gc,phases,start] GC(1476) Phase 4: Move objects
[50.973s][info][gc,phases      ] GC(1476) Phase 4: Move objects 0.053ms
[50.973s][info][gc,heap        ] GC(1476) DefNew: 157082K(157248K)->153889K(157248K) Eden: 139776K(139776K)->139744K(139776K) From: 17306K(17472K)->14145K(17472K)
[50.973s][info][gc,heap        ] GC(1476) Tenured: 349364K(349568K)->349364K(349568K)
[50.973s][info][gc,metaspace   ] GC(1476) Metaspace: 31002K(31488K)->31002K(31488K) NonClass: 27749K(28032K)->27749K(28032K) Class: 3252K(3456K)->3252K(3456K)
[50.973s][info][gc             ] GC(1476) Pause Full (Allocation Failure) 494M->491M(494M) 16.948ms
[50.973s][info][gc,cpu         ] GC(1476) User=0.02s Sys=0.00s Real=0.01s
[50.975s][info][gc,start       ] GC(1477) Pause Full (Allocation Failure)
[50.975s][info][gc,phases,start] GC(1477) Phase 1: Mark live objects
[50.983s][info][gc,phases      ] GC(1477) Phase 1: Mark live objects 7.571ms
[50.983s][info][gc,phases,start] GC(1477) Phase 2: Compute new object addresses
[50.985s][info][gc,phases      ] GC(1477) Phase 2: Compute new object addresses 2.316ms
[50.985s][info][gc,phases,start] GC(1477) Phase 3: Adjust pointers
[50.990s][info][gc,phases      ] GC(1477) Phase 3: Adjust pointers 5.412ms
[50.990s][info][gc,phases,start] GC(1477) Phase 4: Move objects
[50.990s][info][gc,phases      ] GC(1477) Phase 4: Move objects 0.118ms
[50.991s][info][gc,heap        ] GC(1477) DefNew: 156948K(157248K)->154663K(157248K) Eden: 139776K(139776K)->139744K(139776K) From: 17172K(17472K)->14918K(17472K)
[50.991s][info][gc,heap        ] GC(1477) Tenured: 349364K(349568K)->349364K(349568K)
[50.991s][info][gc,metaspace   ] GC(1477) Metaspace: 31002K(31488K)->31002K(31488K) NonClass: 27749K(28032K)->27749K(28032K) Class: 3252K(3456K)->3252K(3456K)
[50.991s][info][gc             ] GC(1477) Pause Full (Allocation Failure) 494M->492M(494M) 15.755ms
[50.991s][info][gc,cpu         ] GC(1477) User=0.02s Sys=0.00s Real=0.02s
[50.994s][info][gc,start       ] GC(1478) Pause Full (Allocation Failure)
[50.994s][info][gc,phases,start] GC(1478) Phase 1: Mark live objects
[51.002s][info][gc,phases      ] GC(1478) Phase 1: Mark live objects 7.803ms
[51.002s][info][gc,phases,start] GC(1478) Phase 2: Compute new object addresses
[51.004s][info][gc,phases      ] GC(1478) Phase 2: Compute new object addresses 2.421ms
[51.004s][info][gc,phases,start] GC(1478) Phase 3: Adjust pointers
[51.010s][info][gc,phases      ] GC(1478) Phase 3: Adjust pointers 6.139ms
[51.011s][info][gc,phases,start] GC(1478) Phase 4: Move objects
[51.011s][info][gc,phases      ] GC(1478) Phase 4: Move objects 0.137ms
[51.011s][info][gc,heap        ] GC(1478) DefNew: 157113K(157248K)->155183K(157248K) Eden: 139776K(139776K)->139745K(139776K) From: 17337K(17472K)->15437K(17472K)
[51.011s][info][gc,heap        ] GC(1478) Tenured: 349364K(349568K)->349364K(349568K)
[51.011s][info][gc,metaspace   ] GC(1478) Metaspace: 31002K(31488K)->31002K(31488K) NonClass: 27749K(28032K)->27749K(28032K) Class: 3252K(3456K)->3252K(3456K)
[51.011s][info][gc             ] GC(1478) Pause Full (Allocation Failure) 494M->492M(494M) 16.861ms
[51.011s][info][gc,cpu         ] GC(1478) User=0.00s Sys=0.02s Real=0.02s
[51.011s][info][gc,start       ] GC(1479) Pause Full (Allocation Failure)
[51.011s][info][gc,phases,start] GC(1479) Phase 1: Mark live objects
[51.019s][info][gc,phases      ] GC(1479) Phase 1: Mark live objects 8.000ms
[51.019s][info][gc,phases,start] GC(1479) Phase 2: Compute new object addresses
[51.021s][info][gc,phases      ] GC(1479) Phase 2: Compute new object addresses 2.118ms
[51.022s][info][gc,phases,start] GC(1479) Phase 3: Adjust pointers
[51.027s][info][gc,phases      ] GC(1479) Phase 3: Adjust pointers 5.816ms
[51.027s][info][gc,phases,start] GC(1479) Phase 4: Move objects
[51.048s][info][gc,phases      ] GC(1479) Phase 4: Move objects 20.310ms
[51.048s][info][gc,heap        ] GC(1479) DefNew: 157025K(157248K)->155439K(157248K) Eden: 139776K(139776K)->139747K(139776K) From: 17249K(17472K)->15692K(17472K)
[51.048s][info][gc,heap        ] GC(1479) Tenured: 349364K(349568K)->348591K(349568K)
[51.048s][info][gc,metaspace   ] GC(1479) Metaspace: 31002K(31488K)->31002K(31488K) NonClass: 27749K(28032K)->27749K(28032K) Class: 3252K(3456K)->3252K(3456K)
[51.048s][info][gc             ] GC(1479) Pause Full (Allocation Failure) 494M->492M(494M) 36.691ms
[51.048s][info][gc,cpu         ] GC(1479) User=0.04s Sys=0.00s Real=0.04s
[51.051s][info][gc,start       ] GC(1480) Pause Full (Allocation Failure)
[51.051s][info][gc,phases,start] GC(1480) Phase 1: Mark live objects
[51.060s][info][gc,phases      ] GC(1480) Phase 1: Mark live objects 8.417ms
[51.060s][info][gc,phases,start] GC(1480) Phase 2: Compute new object addresses
[51.062s][info][gc,phases      ] GC(1480) Phase 2: Compute new object addresses 2.362ms
[51.062s][info][gc,phases,start] GC(1480) Phase 3: Adjust pointers
[51.068s][info][gc,phases      ] GC(1480) Phase 3: Adjust pointers 5.684ms
[51.068s][info][gc,phases,start] GC(1480) Phase 4: Move objects
[51.068s][info][gc,phases      ] GC(1480) Phase 4: Move objects 0.056ms
[51.068s][info][gc,heap        ] GC(1480) DefNew: 157026K(157248K)->153644K(157248K) Eden: 139776K(139776K)->139744K(139776K) From: 17250K(17472K)->13900K(17472K)
[51.068s][info][gc,heap        ] GC(1480) Tenured: 349360K(349568K)->349360K(349568K)
[51.068s][info][gc,metaspace   ] GC(1480) Metaspace: 31002K(31488K)->31002K(31488K) NonClass: 27749K(28032K)->27749K(28032K) Class: 3252K(3456K)->3252K(3456K)
[51.068s][info][gc             ] GC(1480) Pause Full (Allocation Failure) 494M->491M(494M) 16.883ms
[51.068s][info][gc,cpu         ] GC(1480) User=0.02s Sys=0.00s Real=0.02s
[51.072s][info][gc,start       ] GC(1481) Pause Full (Allocation Failure)
[51.072s][info][gc,phases,start] GC(1481) Phase 1: Mark live objects
[51.081s][info][gc,phases      ] GC(1481) Phase 1: Mark live objects 8.948ms
[51.081s][info][gc,phases,start] GC(1481) Phase 2: Compute new object addresses
[51.084s][info][gc,phases      ] GC(1481) Phase 2: Compute new object addresses 2.410ms
[51.084s][info][gc,phases,start] GC(1481) Phase 3: Adjust pointers
[51.091s][info][gc,phases      ] GC(1481) Phase 3: Adjust pointers 7.076ms
[51.091s][info][gc,phases,start] GC(1481) Phase 4: Move objects
[51.091s][info][gc,phases      ] GC(1481) Phase 4: Move objects 0.070ms
[51.091s][info][gc,heap        ] GC(1481) DefNew: 157134K(157248K)->153909K(157248K) Eden: 139775K(139776K)->139744K(139776K) From: 17358K(17472K)->14165K(17472K)
[51.091s][info][gc,heap        ] GC(1481) Tenured: 349360K(349568K)->349360K(349568K)
[51.091s][info][gc,metaspace   ] GC(1481) Metaspace: 31002K(31488K)->31002K(31488K) NonClass: 27749K(28032K)->27749K(28032K) Class: 3252K(3456K)->3252K(3456K)
[51.091s][info][gc             ] GC(1481) Pause Full (Allocation Failure) 494M->491M(494M) 18.911ms
[51.091s][info][gc,cpu         ] GC(1481) User=0.02s Sys=0.00s Real=0.02s
[51.096s][info][gc,start       ] GC(1482) Pause Full (Allocation Failure)
[51.096s][info][gc,phases,start] GC(1482) Phase 1: Mark live objects
[51.104s][info][gc,phases      ] GC(1482) Phase 1: Mark live objects 8.044ms
[51.104s][info][gc,phases,start] GC(1482) Phase 2: Compute new object addresses
[51.106s][info][gc,phases      ] GC(1482) Phase 2: Compute new object addresses 2.309ms
[51.106s][info][gc,phases,start] GC(1482) Phase 3: Adjust pointers
[51.112s][info][gc,phases      ] GC(1482) Phase 3: Adjust pointers 5.289ms
[51.112s][info][gc,phases,start] GC(1482) Phase 4: Move objects
[51.113s][info][gc,phases      ] GC(1482) Phase 4: Move objects 1.292ms
[51.113s][info][gc,heap        ] GC(1482) DefNew: 157247K(157248K)->153905K(157248K) Eden: 139776K(139776K)->139744K(139776K) From: 17471K(17472K)->14160K(17472K)
[51.113s][info][gc,heap        ] GC(1482) Tenured: 349553K(349568K)->349553K(349568K)
[51.113s][info][gc,metaspace   ] GC(1482) Metaspace: 31007K(31488K)->31007K(31488K) NonClass: 27755K(28032K)->27755K(28032K) Class: 3252K(3456K)->3252K(3456K)
[51.113s][info][gc             ] GC(1482) Pause Full (Allocation Failure) 494M->491M(494M) 17.347ms
[51.113s][info][gc,cpu         ] GC(1482) User=0.02s Sys=0.00s Real=0.01s
[51.117s][info][gc,start       ] GC(1483) Pause Full (Allocation Failure)
[51.117s][info][gc,phases,start] GC(1483) Phase 1: Mark live objects
[51.126s][info][gc,phases      ] GC(1483) Phase 1: Mark live objects 8.506ms
[51.126s][info][gc,phases,start] GC(1483) Phase 2: Compute new object addresses
[51.128s][info][gc,phases      ] GC(1483) Phase 2: Compute new object addresses 2.390ms
[51.128s][info][gc,phases,start] GC(1483) Phase 3: Adjust pointers
[51.135s][info][gc,phases      ] GC(1483) Phase 3: Adjust pointers 6.642ms
[51.135s][info][gc,phases,start] GC(1483) Phase 4: Move objects
[51.156s][info][gc,phases      ] GC(1483) Phase 4: Move objects 20.999ms
[51.156s][info][gc,heap        ] GC(1483) DefNew: 157187K(157248K)->154182K(157248K) Eden: 139776K(139776K)->139743K(139776K) From: 17411K(17472K)->14438K(17472K)
[51.157s][info][gc,heap        ] GC(1483) Tenured: 349553K(349568K)->348596K(349568K)
[51.157s][info][gc,metaspace   ] GC(1483) Metaspace: 31007K(31488K)->31007K(31488K) NonClass: 27755K(28032K)->27755K(28032K) Class: 3252K(3456K)->3252K(3456K)
[51.157s][info][gc             ] GC(1483) Pause Full (Allocation Failure) 494M->490M(494M) 39.414ms
[51.157s][info][gc,cpu         ] GC(1483) User=0.04s Sys=0.00s Real=0.04s
[51.161s][info][gc,start       ] GC(1484) Pause Full (Allocation Failure)
[51.161s][info][gc,phases,start] GC(1484) Phase 1: Mark live objects
[51.170s][info][gc,phases      ] GC(1484) Phase 1: Mark live objects 9.292ms
[51.170s][info][gc,phases,start] GC(1484) Phase 2: Compute new object addresses
[51.173s][info][gc,phases      ] GC(1484) Phase 2: Compute new object addresses 2.675ms
[51.173s][info][gc,phases,start] GC(1484) Phase 3: Adjust pointers
[51.179s][info][gc,phases      ] GC(1484) Phase 3: Adjust pointers 6.054ms
[51.179s][info][gc,phases,start] GC(1484) Phase 4: Move objects
[51.179s][info][gc,phases      ] GC(1484) Phase 4: Move objects 0.166ms
[51.180s][info][gc,heap        ] GC(1484) DefNew: 157210K(157248K)->153951K(157248K) Eden: 139776K(139776K)->139744K(139776K) From: 17434K(17472K)->14206K(17472K)
[51.180s][info][gc,heap        ] GC(1484) Tenured: 349364K(349568K)->349364K(349568K)
[51.180s][info][gc,metaspace   ] GC(1484) Metaspace: 31008K(31488K)->31008K(31488K) NonClass: 27755K(28032K)->27755K(28032K) Class: 3252K(3456K)->3252K(3456K)
[51.180s][info][gc             ] GC(1484) Pause Full (Allocation Failure) 494M->491M(494M) 18.603ms
[51.180s][info][gc,cpu         ] GC(1484) User=0.01s Sys=0.00s Real=0.02s
[51.181s][info][gc,start       ] GC(1485) Pause Full (Allocation Failure)
[51.181s][info][gc,phases,start] GC(1485) Phase 1: Mark live objects
[51.191s][info][gc,phases      ] GC(1485) Phase 1: Mark live objects 9.549ms
[51.191s][info][gc,phases,start] GC(1485) Phase 2: Compute new object addresses
[51.193s][info][gc,phases      ] GC(1485) Phase 2: Compute new object addresses 2.100ms
[51.193s][info][gc,phases,start] GC(1485) Phase 3: Adjust pointers
[51.198s][info][gc,phases      ] GC(1485) Phase 3: Adjust pointers 5.144ms
[51.198s][info][gc,phases,start] GC(1485) Phase 4: Move objects
[51.198s][info][gc,phases      ] GC(1485) Phase 4: Move objects 0.081ms
[51.198s][info][gc,heap        ] GC(1485) DefNew: 157164K(157248K)->154218K(157248K) Eden: 139776K(139776K)->139744K(139776K) From: 17388K(17472K)->14473K(17472K)
[51.198s][info][gc,heap        ] GC(1485) Tenured: 349364K(349568K)->349364K(349568K)
[51.198s][info][gc,metaspace   ] GC(1485) Metaspace: 31009K(31488K)->31009K(31488K) NonClass: 27756K(28032K)->27756K(28032K) Class: 3253K(3456K)->3253K(3456K)
[51.198s][info][gc             ] GC(1485) Pause Full (Allocation Failure) 494M->491M(494M) 17.182ms
[51.198s][info][gc,cpu         ] GC(1485) User=0.02s Sys=0.00s Real=0.02s
[51.199s][info][gc,start       ] GC(1486) Pause Full (Allocation Failure)
[51.199s][info][gc,phases,start] GC(1486) Phase 1: Mark live objects
[51.207s][info][gc,phases      ] GC(1486) Phase 1: Mark live objects 7.813ms
[51.207s][info][gc,phases,start] GC(1486) Phase 2: Compute new object addresses
[51.209s][info][gc,phases      ] GC(1486) Phase 2: Compute new object addresses 2.176ms
[51.209s][info][gc,phases,start] GC(1486) Phase 3: Adjust pointers
[51.214s][info][gc,phases      ] GC(1486) Phase 3: Adjust pointers 5.317ms
[51.214s][info][gc,phases,start] GC(1486) Phase 4: Move objects
[51.214s][info][gc,phases      ] GC(1486) Phase 4: Move objects 0.104ms
[51.215s][info][gc,heap        ] GC(1486) DefNew: 157090K(157248K)->154727K(157248K) Eden: 139776K(139776K)->139743K(139776K) From: 17314K(17472K)->14983K(17472K)
[51.215s][info][gc,heap        ] GC(1486) Tenured: 349364K(349568K)->349364K(349568K)
[51.215s][info][gc,metaspace   ] GC(1486) Metaspace: 31009K(31488K)->31009K(31488K) NonClass: 27756K(28032K)->27756K(28032K) Class: 3253K(3456K)->3253K(3456K)
[51.215s][info][gc             ] GC(1486) Pause Full (Allocation Failure) 494M->492M(494M) 15.751ms
[51.215s][info][gc,cpu         ] GC(1486) User=0.02s Sys=0.00s Real=0.01s
[51.220s][info][gc,start       ] GC(1487) Pause Full (Allocation Failure)
[51.220s][info][gc,phases,start] GC(1487) Phase 1: Mark live objects
[51.228s][info][gc,phases      ] GC(1487) Phase 1: Mark live objects 8.039ms
[51.228s][info][gc,phases,start] GC(1487) Phase 2: Compute new object addresses
[51.231s][info][gc,phases      ] GC(1487) Phase 2: Compute new object addresses 2.286ms
[51.231s][info][gc,phases,start] GC(1487) Phase 3: Adjust pointers
[51.237s][info][gc,phases      ] GC(1487) Phase 3: Adjust pointers 6.109ms
[51.237s][info][gc,phases,start] GC(1487) Phase 4: Move objects
[51.257s][info][gc,phases      ] GC(1487) Phase 4: Move objects 20.568ms
[51.258s][info][gc,heap        ] GC(1487) DefNew: 157084K(157248K)->154503K(157248K) Eden: 139776K(139776K)->139744K(139776K) From: 17308K(17472K)->14758K(17472K)
[51.258s][info][gc,heap        ] GC(1487) Tenured: 349364K(349568K)->348587K(349568K)
[51.258s][info][gc,metaspace   ] GC(1487) Metaspace: 31010K(31488K)->31010K(31488K) NonClass: 27757K(28032K)->27757K(28032K) Class: 3253K(3456K)->3253K(3456K)
[51.258s][info][gc             ] GC(1487) Pause Full (Allocation Failure) 494M->491M(494M) 37.384ms
[51.258s][info][gc,cpu         ] GC(1487) User=0.03s Sys=0.00s Real=0.04s
[51.263s][info][gc,start       ] GC(1488) Pause Full (Allocation Failure)
[51.263s][info][gc,phases,start] GC(1488) Phase 1: Mark live objects
[51.271s][info][gc,phases      ] GC(1488) Phase 1: Mark live objects 7.543ms
[51.271s][info][gc,phases,start] GC(1488) Phase 2: Compute new object addresses
[51.273s][info][gc,phases      ] GC(1488) Phase 2: Compute new object addresses 2.199ms
[51.273s][info][gc,phases,start] GC(1488) Phase 3: Adjust pointers
[51.278s][info][gc,phases      ] GC(1488) Phase 3: Adjust pointers 5.113ms
[51.278s][info][gc,phases,start] GC(1488) Phase 4: Move objects
[51.278s][info][gc,phases      ] GC(1488) Phase 4: Move objects 0.072ms
[51.278s][info][gc,heap        ] GC(1488) DefNew: 157131K(157248K)->154000K(157248K) Eden: 139776K(139776K)->139743K(139776K) From: 17355K(17472K)->14257K(17472K)
[51.278s][info][gc,heap        ] GC(1488) Tenured: 349356K(349568K)->349356K(349568K)
[51.278s][info][gc,metaspace   ] GC(1488) Metaspace: 31010K(31488K)->31010K(31488K) NonClass: 27757K(28032K)->27757K(28032K) Class: 3253K(3456K)->3253K(3456K)
[51.278s][info][gc             ] GC(1488) Pause Full (Allocation Failure) 494M->491M(494M) 15.237ms
[51.278s][info][gc,cpu         ] GC(1488) User=0.02s Sys=0.00s Real=0.02s
[51.280s][info][gc,start       ] GC(1489) Pause Full (Allocation Failure)
[51.280s][info][gc,phases,start] GC(1489) Phase 1: Mark live objects
[51.288s][info][gc,phases      ] GC(1489) Phase 1: Mark live objects 8.173ms
[51.288s][info][gc,phases,start] GC(1489) Phase 2: Compute new object addresses
[51.290s][info][gc,phases      ] GC(1489) Phase 2: Compute new object addresses 2.190ms
[51.290s][info][gc,phases,start] GC(1489) Phase 3: Adjust pointers
[51.296s][info][gc,phases      ] GC(1489) Phase 3: Adjust pointers 5.119ms
[51.296s][info][gc,phases,start] GC(1489) Phase 4: Move objects
[51.296s][info][gc,phases      ] GC(1489) Phase 4: Move objects 0.176ms
[51.296s][info][gc,heap        ] GC(1489) DefNew: 157011K(157248K)->154267K(157248K) Eden: 139776K(139776K)->139744K(139776K) From: 17235K(17472K)->14523K(17472K)
[51.296s][info][gc,heap        ] GC(1489) Tenured: 349356K(349568K)->349356K(349568K)
[51.296s][info][gc,metaspace   ] GC(1489) Metaspace: 31010K(31488K)->31010K(31488K) NonClass: 27757K(28032K)->27757K(28032K) Class: 3253K(3456K)->3253K(3456K)
[51.296s][info][gc             ] GC(1489) Pause Full (Allocation Failure) 494M->491M(494M) 16.037ms
[51.296s][info][gc,cpu         ] GC(1489) User=0.01s Sys=0.00s Real=0.02s
[51.298s][info][gc,start       ] GC(1490) Pause Full (Allocation Failure)
[51.298s][info][gc,phases,start] GC(1490) Phase 1: Mark live objects
[51.306s][info][gc,phases      ] GC(1490) Phase 1: Mark live objects 8.154ms
[51.306s][info][gc,phases,start] GC(1490) Phase 2: Compute new object addresses
[51.308s][info][gc,phases      ] GC(1490) Phase 2: Compute new object addresses 2.291ms
[51.308s][info][gc,phases,start] GC(1490) Phase 3: Adjust pointers
[51.313s][info][gc,phases      ] GC(1490) Phase 3: Adjust pointers 5.106ms
[51.313s][info][gc,phases,start] GC(1490) Phase 4: Move objects
[51.313s][info][gc,phases      ] GC(1490) Phase 4: Move objects 0.106ms
[51.314s][info][gc,heap        ] GC(1490) DefNew: 156767K(157248K)->154725K(157248K) Eden: 139776K(139776K)->139747K(139776K) From: 16991K(17472K)->14977K(17472K)
[51.314s][info][gc,heap        ] GC(1490) Tenured: 349356K(349568K)->349356K(349568K)
[51.314s][info][gc,metaspace   ] GC(1490) Metaspace: 31012K(31488K)->31012K(31488K) NonClass: 27758K(28032K)->27758K(28032K) Class: 3253K(3456K)->3253K(3456K)
[51.314s][info][gc             ] GC(1490) Pause Full (Allocation Failure) 494M->492M(494M) 16.000ms
[51.314s][info][gc,cpu         ] GC(1490) User=0.02s Sys=0.00s Real=0.01s
[51.314s][info][gc,start       ] GC(1491) Pause Full (Allocation Failure)
[51.314s][info][gc,phases,start] GC(1491) Phase 1: Mark live objects
[51.322s][info][gc,phases      ] GC(1491) Phase 1: Mark live objects 7.866ms
[51.322s][info][gc,phases,start] GC(1491) Phase 2: Compute new object addresses
[51.324s][info][gc,phases      ] GC(1491) Phase 2: Compute new object addresses 2.211ms
[51.324s][info][gc,phases,start] GC(1491) Phase 3: Adjust pointers
[51.330s][info][gc,phases      ] GC(1491) Phase 3: Adjust pointers 5.721ms
[51.330s][info][gc,phases,start] GC(1491) Phase 4: Move objects
[51.351s][info][gc,phases      ] GC(1491) Phase 4: Move objects 20.671ms
[51.351s][info][gc,heap        ] GC(1491) DefNew: 157092K(157248K)->155494K(157248K) Eden: 139776K(139776K)->139748K(139776K) From: 17316K(17472K)->15746K(17472K)
[51.351s][info][gc,heap        ] GC(1491) Tenured: 349356K(349568K)->348580K(349568K)
[51.351s][info][gc,metaspace   ] GC(1491) Metaspace: 31012K(31488K)->31012K(31488K) NonClass: 27758K(28032K)->27758K(28032K) Class: 3253K(3456K)->3253K(3456K)
[51.351s][info][gc             ] GC(1491) Pause Full (Allocation Failure) 494M->492M(494M) 36.867ms
[51.351s][info][gc,cpu         ] GC(1491) User=0.04s Sys=0.00s Real=0.04s
[51.353s][info][gc,start       ] GC(1492) Pause Full (Allocation Failure)
[51.353s][info][gc,phases,start] GC(1492) Phase 1: Mark live objects
[51.361s][info][gc,phases      ] GC(1492) Phase 1: Mark live objects 7.928ms
[51.361s][info][gc,phases,start] GC(1492) Phase 2: Compute new object addresses
[51.364s][info][gc,phases      ] GC(1492) Phase 2: Compute new object addresses 2.243ms
[51.364s][info][gc,phases,start] GC(1492) Phase 3: Adjust pointers
[51.369s][info][gc,phases      ] GC(1492) Phase 3: Adjust pointers 5.264ms
[51.369s][info][gc,phases,start] GC(1492) Phase 4: Move objects
[51.369s][info][gc,phases      ] GC(1492) Phase 4: Move objects 0.057ms
[51.369s][info][gc,heap        ] GC(1492) DefNew: 157244K(157248K)->153960K(157248K) Eden: 139775K(139776K)->139746K(139776K) From: 17468K(17472K)->14214K(17472K)
[51.369s][info][gc,heap        ] GC(1492) Tenured: 349348K(349568K)->349348K(349568K)
[51.369s][info][gc,metaspace   ] GC(1492) Metaspace: 31012K(31488K)->31012K(31488K) NonClass: 27758K(28032K)->27758K(28032K) Class: 3253K(3456K)->3253K(3456K)
[51.369s][info][gc             ] GC(1492) Pause Full (Allocation Failure) 494M->491M(494M) 15.829ms
[51.369s][info][gc,cpu         ] GC(1492) User=0.01s Sys=0.00s Real=0.02s
[51.377s][info][gc,start       ] GC(1493) Pause Full (Allocation Failure)
[51.377s][info][gc,phases,start] GC(1493) Phase 1: Mark live objects
[51.385s][info][gc,phases      ] GC(1493) Phase 1: Mark live objects 7.652ms
[51.385s][info][gc,phases,start] GC(1493) Phase 2: Compute new object addresses
[51.387s][info][gc,phases      ] GC(1493) Phase 2: Compute new object addresses 2.524ms
[51.387s][info][gc,phases,start] GC(1493) Phase 3: Adjust pointers
[51.393s][info][gc,phases      ] GC(1493) Phase 3: Adjust pointers 5.419ms
[51.393s][info][gc,phases,start] GC(1493) Phase 4: Move objects
[51.393s][info][gc,phases      ] GC(1493) Phase 4: Move objects 0.234ms
[51.393s][info][gc,heap        ] GC(1493) DefNew: 157078K(157248K)->153969K(157248K) Eden: 139776K(139776K)->139746K(139776K) From: 17302K(17472K)->14223K(17472K)
[51.393s][info][gc,heap        ] GC(1493) Tenured: 349348K(349568K)->349348K(349568K)
[51.393s][info][gc,metaspace   ] GC(1493) Metaspace: 31012K(31488K)->31012K(31488K) NonClass: 27758K(28032K)->27758K(28032K) Class: 3253K(3456K)->3253K(3456K)
[51.393s][info][gc             ] GC(1493) Pause Full (Allocation Failure) 494M->491M(494M) 16.196ms
[51.393s][info][gc,cpu         ] GC(1493) User=0.01s Sys=0.00s Real=0.01s
[51.395s][info][gc,start       ] GC(1494) Pause Full (Allocation Failure)
[51.395s][info][gc,phases,start] GC(1494) Phase 1: Mark live objects
[51.403s][info][gc,phases      ] GC(1494) Phase 1: Mark live objects 7.806ms
[51.403s][info][gc,phases,start] GC(1494) Phase 2: Compute new object addresses
[51.406s][info][gc,phases      ] GC(1494) Phase 2: Compute new object addresses 2.993ms
[51.406s][info][gc,phases,start] GC(1494) Phase 3: Adjust pointers
[51.411s][info][gc,phases      ] GC(1494) Phase 3: Adjust pointers 5.554ms
[51.411s][info][gc,phases,start] GC(1494) Phase 4: Move objects
[51.412s][info][gc,phases      ] GC(1494) Phase 4: Move objects 0.090ms
[51.412s][info][gc,heap        ] GC(1494) DefNew: 157247K(157248K)->154230K(157248K) Eden: 139776K(139776K)->139747K(139776K) From: 17471K(17472K)->14483K(17472K)
[51.412s][info][gc,heap        ] GC(1494) Tenured: 349348K(349568K)->349348K(349568K)
[51.412s][info][gc,metaspace   ] GC(1494) Metaspace: 31012K(31488K)->31012K(31488K) NonClass: 27758K(28032K)->27758K(28032K) Class: 3253K(3456K)->3253K(3456K)
[51.412s][info][gc             ] GC(1494) Pause Full (Allocation Failure) 494M->491M(494M) 16.851ms
[51.412s][info][gc,cpu         ] GC(1494) User=0.02s Sys=0.00s Real=0.02s
[51.412s][info][gc,start       ] GC(1495) Pause Full (Allocation Failure)
[51.412s][info][gc,phases,start] GC(1495) Phase 1: Mark live objects
[51.420s][info][gc,phases      ] GC(1495) Phase 1: Mark live objects 7.926ms
[51.420s][info][gc,phases,start] GC(1495) Phase 2: Compute new object addresses
[51.423s][info][gc,phases      ] GC(1495) Phase 2: Compute new object addresses 2.278ms
[51.423s][info][gc,phases,start] GC(1495) Phase 3: Adjust pointers
[51.428s][info][gc,phases      ] GC(1495) Phase 3: Adjust pointers 5.682ms
[51.429s][info][gc,phases,start] GC(1495) Phase 4: Move objects
[51.465s][info][gc,phases      ] GC(1495) Phase 4: Move objects 36.438ms
[51.465s][info][gc,heap        ] GC(1495) DefNew: 157127K(157248K)->154488K(157248K) Eden: 139776K(139776K)->139747K(139776K) From: 17351K(17472K)->14740K(17472K)
[51.465s][info][gc,heap        ] GC(1495) Tenured: 349348K(349568K)->349466K(349568K)
[51.465s][info][gc,metaspace   ] GC(1495) Metaspace: 31012K(31488K)->31012K(31488K) NonClass: 27758K(28032K)->27758K(28032K) Class: 3253K(3456K)->3253K(3456K)
[51.465s][info][gc             ] GC(1495) Pause Full (Allocation Failure) 494M->492M(494M) 52.830ms
[51.465s][info][gc,cpu         ] GC(1495) User=0.05s Sys=0.00s Real=0.06s
[51.467s][info][gc,start       ] GC(1496) Pause Full (Allocation Failure)
[51.467s][info][gc,phases,start] GC(1496) Phase 1: Mark live objects
[51.475s][info][gc,phases      ] GC(1496) Phase 1: Mark live objects 8.155ms
[51.475s][info][gc,phases,start] GC(1496) Phase 2: Compute new object addresses
[51.477s][info][gc,phases      ] GC(1496) Phase 2: Compute new object addresses 2.243ms
[51.477s][info][gc,phases,start] GC(1496) Phase 3: Adjust pointers
[51.483s][info][gc,phases      ] GC(1496) Phase 3: Adjust pointers 5.450ms
[51.483s][info][gc,phases,start] GC(1496) Phase 4: Move objects
[51.483s][info][gc,phases      ] GC(1496) Phase 4: Move objects 0.220ms
[51.483s][info][gc,heap        ] GC(1496) DefNew: 156913K(157248K)->154495K(157248K) Eden: 139776K(139776K)->139748K(139776K) From: 17137K(17472K)->14747K(17472K)
[51.483s][info][gc,heap        ] GC(1496) Tenured: 349466K(349568K)->349466K(349568K)
[51.483s][info][gc,metaspace   ] GC(1496) Metaspace: 31012K(31488K)->31012K(31488K) NonClass: 27758K(28032K)->27758K(28032K) Class: 3253K(3456K)->3253K(3456K)
[51.483s][info][gc             ] GC(1496) Pause Full (Allocation Failure) 494M->492M(494M) 16.418ms
[51.483s][info][gc,cpu         ] GC(1496) User=0.01s Sys=0.00s Real=0.01s
[51.486s][info][gc,start       ] GC(1497) Pause Full (Allocation Failure)
[51.486s][info][gc,phases,start] GC(1497) Phase 1: Mark live objects
[51.494s][info][gc,phases      ] GC(1497) Phase 1: Mark live objects 7.896ms
[51.494s][info][gc,phases,start] GC(1497) Phase 2: Compute new object addresses
[51.497s][info][gc,phases      ] GC(1497) Phase 2: Compute new object addresses 2.443ms
[51.497s][info][gc,phases,start] GC(1497) Phase 3: Adjust pointers
[51.502s][info][gc,phases      ] GC(1497) Phase 3: Adjust pointers 5.584ms
[51.502s][info][gc,phases,start] GC(1497) Phase 4: Move objects
[51.503s][info][gc,phases      ] GC(1497) Phase 4: Move objects 0.179ms
[51.503s][info][gc,heap        ] GC(1497) DefNew: 157152K(157248K)->153726K(157248K) Eden: 139776K(139776K)->139746K(139776K) From: 17376K(17472K)->13980K(17472K)
[51.503s][info][gc,heap        ] GC(1497) Tenured: 349466K(349568K)->349466K(349568K)
[51.503s][info][gc,metaspace   ] GC(1497) Metaspace: 31012K(31488K)->31012K(31488K) NonClass: 27758K(28032K)->27758K(28032K) Class: 3253K(3456K)->3253K(3456K)
[51.503s][info][gc             ] GC(1497) Pause Full (Allocation Failure) 494M->491M(494M) 16.503ms
[51.503s][info][gc,cpu         ] GC(1497) User=0.02s Sys=0.00s Real=0.01s
[51.510s][info][gc,start       ] GC(1498) Pause Full (Allocation Failure)
[51.510s][info][gc,phases,start] GC(1498) Phase 1: Mark live objects
[51.517s][info][gc,phases      ] GC(1498) Phase 1: Mark live objects 7.476ms
[51.517s][info][gc,phases,start] GC(1498) Phase 2: Compute new object addresses
[51.520s][info][gc,phases      ] GC(1498) Phase 2: Compute new object addresses 2.157ms
[51.520s][info][gc,phases,start] GC(1498) Phase 3: Adjust pointers
[51.524s][info][gc,phases      ] GC(1498) Phase 3: Adjust pointers 4.856ms
[51.525s][info][gc,phases,start] GC(1498) Phase 4: Move objects
[51.525s][info][gc,phases      ] GC(1498) Phase 4: Move objects 0.137ms
[51.525s][info][gc,heap        ] GC(1498) DefNew: 157079K(157248K)->153235K(157248K) Eden: 139775K(139776K)->139750K(139776K) From: 17303K(17472K)->13484K(17472K)
[51.525s][info][gc,heap        ] GC(1498) Tenured: 349466K(349568K)->349466K(349568K)
[51.525s][info][gc,metaspace   ] GC(1498) Metaspace: 31012K(31488K)->31012K(31488K) NonClass: 27758K(28032K)->27758K(28032K) Class: 3253K(3456K)->3253K(3456K)
[51.525s][info][gc             ] GC(1498) Pause Full (Allocation Failure) 494M->490M(494M) 14.926ms
[51.525s][info][gc,cpu         ] GC(1498) User=0.02s Sys=0.00s Real=0.02s
[51.526s][info][gc,start       ] GC(1499) Pause Full (Allocation Failure)
[51.526s][info][gc,phases,start] GC(1499) Phase 1: Mark live objects
[51.533s][info][gc,phases      ] GC(1499) Phase 1: Mark live objects 6.962ms
[51.533s][info][gc,phases,start] GC(1499) Phase 2: Compute new object addresses
[51.535s][info][gc,phases      ] GC(1499) Phase 2: Compute new object addresses 1.994ms
[51.535s][info][gc,phases,start] GC(1499) Phase 3: Adjust pointers
[51.540s][info][gc,phases      ] GC(1499) Phase 3: Adjust pointers 4.724ms
[51.540s][info][gc,phases,start] GC(1499) Phase 4: Move objects
[51.540s][info][gc,phases      ] GC(1499) Phase 4: Move objects 0.155ms
[51.540s][info][gc,heap        ] GC(1499) DefNew: 157248K(157248K)->153751K(157248K) Eden: 139776K(139776K)->139751K(139776K) From: 17472K(17472K)->13999K(17472K)
[51.540s][info][gc,heap        ] GC(1499) Tenured: 349470K(349568K)->349466K(349568K)
[51.540s][info][gc,metaspace   ] GC(1499) Metaspace: 31012K(31488K)->31012K(31488K) NonClass: 27758K(28032K)->27758K(28032K) Class: 3253K(3456K)->3253K(3456K)
[51.540s][info][gc             ] GC(1499) Pause Full (Allocation Failure) 494M->491M(494M) 14.115ms
[51.540s][info][gc,cpu         ] GC(1499) User=0.02s Sys=0.00s Real=0.01s
[51.541s][info][gc,start       ] GC(1500) Pause Full (Allocation Failure)
[51.541s][info][gc,phases,start] GC(1500) Phase 1: Mark live objects
[51.548s][info][gc,phases      ] GC(1500) Phase 1: Mark live objects 6.956ms
[51.548s][info][gc,phases,start] GC(1500) Phase 2: Compute new object addresses
[51.550s][info][gc,phases      ] GC(1500) Phase 2: Compute new object addresses 1.970ms
[51.550s][info][gc,phases,start] GC(1500) Phase 3: Adjust pointers
[51.555s][info][gc,phases      ] GC(1500) Phase 3: Adjust pointers 4.739ms
[51.555s][info][gc,phases,start] GC(1500) Phase 4: Move objects
[51.555s][info][gc,phases      ] GC(1500) Phase 4: Move objects 0.171ms
[51.555s][info][gc,heap        ] GC(1500) DefNew: 157152K(157248K)->154775K(157248K) Eden: 139776K(139776K)->139751K(139776K) From: 17376K(17472K)->15023K(17472K)
[51.555s][info][gc,heap        ] GC(1500) Tenured: 349466K(349568K)->349466K(349568K)
[51.555s][info][gc,metaspace   ] GC(1500) Metaspace: 31012K(31488K)->31012K(31488K) NonClass: 27758K(28032K)->27758K(28032K) Class: 3253K(3456K)->3253K(3456K)
[51.555s][info][gc             ] GC(1500) Pause Full (Allocation Failure) 494M->492M(494M) 14.136ms
[51.555s][info][gc,cpu         ] GC(1500) User=0.01s Sys=0.00s Real=0.01s
[51.558s][info][gc,start       ] GC(1501) Pause Full (Allocation Failure)
[51.558s][info][gc,phases,start] GC(1501) Phase 1: Mark live objects
[51.565s][info][gc,phases      ] GC(1501) Phase 1: Mark live objects 7.135ms
[51.566s][info][gc,phases,start] GC(1501) Phase 2: Compute new object addresses
[51.568s][info][gc,phases      ] GC(1501) Phase 2: Compute new object addresses 2.143ms
[51.568s][info][gc,phases,start] GC(1501) Phase 3: Adjust pointers
[51.573s][info][gc,phases      ] GC(1501) Phase 3: Adjust pointers 4.907ms
[51.573s][info][gc,phases,start] GC(1501) Phase 4: Move objects
[51.573s][info][gc,phases      ] GC(1501) Phase 4: Move objects 0.133ms
[51.573s][info][gc,heap        ] GC(1501) DefNew: 157142K(157248K)->154011K(157248K) Eden: 139776K(139776K)->139750K(139776K) From: 17366K(17472K)->14260K(17472K)
[51.573s][info][gc,heap        ] GC(1501) Tenured: 349466K(349568K)->349466K(349568K)
[51.573s][info][gc,metaspace   ] GC(1501) Metaspace: 31012K(31488K)->31012K(31488K) NonClass: 27758K(28032K)->27758K(28032K) Class: 3253K(3456K)->3253K(3456K)
[51.573s][info][gc             ] GC(1501) Pause Full (Allocation Failure) 494M->491M(494M) 14.631ms
[51.573s][info][gc,cpu         ] GC(1501) User=0.02s Sys=0.00s Real=0.01s
[51.577s][info][gc,start       ] GC(1502) Pause Full (Allocation Failure)
[51.577s][info][gc,phases,start] GC(1502) Phase 1: Mark live objects
[51.584s][info][gc,phases      ] GC(1502) Phase 1: Mark live objects 7.055ms
[51.584s][info][gc,phases,start] GC(1502) Phase 2: Compute new object addresses
[51.586s][info][gc,phases      ] GC(1502) Phase 2: Compute new object addresses 2.069ms
[51.586s][info][gc,phases,start] GC(1502) Phase 3: Adjust pointers
[51.591s][info][gc,phases      ] GC(1502) Phase 3: Adjust pointers 4.990ms
[51.591s][info][gc,phases,start] GC(1502) Phase 4: Move objects
[51.591s][info][gc,phases      ] GC(1502) Phase 4: Move objects 0.141ms
[51.592s][info][gc,heap        ] GC(1502) DefNew: 157202K(157248K)->153501K(157248K) Eden: 139775K(139776K)->139751K(139776K) From: 17426K(17472K)->13750K(17472K)
[51.592s][info][gc,heap        ] GC(1502) Tenured: 349466K(349568K)->349466K(349568K)
[51.592s][info][gc,metaspace   ] GC(1502) Metaspace: 31012K(31488K)->31012K(31488K) NonClass: 27758K(28032K)->27758K(28032K) Class: 3253K(3456K)->3253K(3456K)
[51.592s][info][gc             ] GC(1502) Pause Full (Allocation Failure) 494M->491M(494M) 14.572ms
[51.592s][info][gc,cpu         ] GC(1502) User=0.00s Sys=0.01s Real=0.01s
[51.594s][info][gc,start       ] GC(1503) Pause Full (Allocation Failure)
[51.594s][info][gc,phases,start] GC(1503) Phase 1: Mark live objects
[51.602s][info][gc,phases      ] GC(1503) Phase 1: Mark live objects 7.345ms
[51.602s][info][gc,phases,start] GC(1503) Phase 2: Compute new object addresses
[51.604s][info][gc,phases      ] GC(1503) Phase 2: Compute new object addresses 2.156ms
[51.604s][info][gc,phases,start] GC(1503) Phase 3: Adjust pointers
[51.609s][info][gc,phases      ] GC(1503) Phase 3: Adjust pointers 5.069ms
[51.609s][info][gc,phases,start] GC(1503) Phase 4: Move objects
[51.609s][info][gc,phases      ] GC(1503) Phase 4: Move objects 0.170ms
[51.609s][info][gc,heap        ] GC(1503) DefNew: 157118K(157248K)->154021K(157248K) Eden: 139776K(139776K)->139750K(139776K) From: 17342K(17472K)->14270K(17472K)
[51.609s][info][gc,heap        ] GC(1503) Tenured: 349466K(349568K)->349466K(349568K)
[51.609s][info][gc,metaspace   ] GC(1503) Metaspace: 31012K(31488K)->31012K(31488K) NonClass: 27758K(28032K)->27758K(28032K) Class: 3253K(3456K)->3253K(3456K)
[51.609s][info][gc             ] GC(1503) Pause Full (Allocation Failure) 494M->491M(494M) 15.050ms
[51.609s][info][gc,cpu         ] GC(1503) User=0.02s Sys=0.00s Real=0.02s
[51.613s][info][gc,start       ] GC(1504) Pause Full (Allocation Failure)
[51.613s][info][gc,phases,start] GC(1504) Phase 1: Mark live objects
[51.620s][info][gc,phases      ] GC(1504) Phase 1: Mark live objects 7.313ms
[51.621s][info][gc,phases,start] GC(1504) Phase 2: Compute new object addresses
[51.623s][info][gc,phases      ] GC(1504) Phase 2: Compute new object addresses 2.092ms
[51.623s][info][gc,phases,start] GC(1504) Phase 3: Adjust pointers
[51.627s][info][gc,phases      ] GC(1504) Phase 3: Adjust pointers 4.818ms
[51.627s][info][gc,phases,start] GC(1504) Phase 4: Move objects
[51.628s][info][gc,phases      ] GC(1504) Phase 4: Move objects 0.108ms
[51.628s][info][gc,heap        ] GC(1504) DefNew: 157012K(157248K)->153769K(157248K) Eden: 139776K(139776K)->139751K(139776K) From: 17236K(17472K)->14018K(17472K)
[51.628s][info][gc,heap        ] GC(1504) Tenured: 349466K(349568K)->349466K(349568K)
[51.628s][info][gc,metaspace   ] GC(1504) Metaspace: 31012K(31488K)->31012K(31488K) NonClass: 27758K(28032K)->27758K(28032K) Class: 3253K(3456K)->3253K(3456K)
[51.628s][info][gc             ] GC(1504) Pause Full (Allocation Failure) 494M->491M(494M) 14.619ms
[51.628s][info][gc,cpu         ] GC(1504) User=0.01s Sys=0.00s Real=0.02s
[51.630s][info][gc,start       ] GC(1505) Pause Full (Allocation Failure)
[51.630s][info][gc,phases,start] GC(1505) Phase 1: Mark live objects
[51.637s][info][gc,phases      ] GC(1505) Phase 1: Mark live objects 6.905ms
[51.637s][info][gc,phases,start] GC(1505) Phase 2: Compute new object addresses
[51.639s][info][gc,phases      ] GC(1505) Phase 2: Compute new object addresses 2.150ms
[51.640s][info][gc,phases,start] GC(1505) Phase 3: Adjust pointers
[51.645s][info][gc,phases      ] GC(1505) Phase 3: Adjust pointers 5.120ms
[51.645s][info][gc,phases,start] GC(1505) Phase 4: Move objects
[51.645s][info][gc,phases      ] GC(1505) Phase 4: Move objects 0.107ms
[51.645s][info][gc,heap        ] GC(1505) DefNew: 157159K(157248K)->153778K(157248K) Eden: 139776K(139776K)->139751K(139776K) From: 17383K(17472K)->14026K(17472K)
[51.645s][info][gc,heap        ] GC(1505) Tenured: 349466K(349568K)->349466K(349568K)
[51.645s][info][gc,metaspace   ] GC(1505) Metaspace: 31012K(31488K)->31012K(31488K) NonClass: 27758K(28032K)->27758K(28032K) Class: 3253K(3456K)->3253K(3456K)
[51.645s][info][gc             ] GC(1505) Pause Full (Allocation Failure) 494M->491M(494M) 14.567ms
[51.645s][info][gc,cpu         ] GC(1505) User=0.01s Sys=0.00s Real=0.02s
[51.648s][info][gc,start       ] GC(1506) Pause Full (Allocation Failure)
[51.648s][info][gc,phases,start] GC(1506) Phase 1: Mark live objects
[51.655s][info][gc,phases      ] GC(1506) Phase 1: Mark live objects 7.099ms
[51.655s][info][gc,phases,start] GC(1506) Phase 2: Compute new object addresses
[51.657s][info][gc,phases      ] GC(1506) Phase 2: Compute new object addresses 2.054ms
[51.657s][info][gc,phases,start] GC(1506) Phase 3: Adjust pointers
[51.662s][info][gc,phases      ] GC(1506) Phase 3: Adjust pointers 4.779ms
[51.662s][info][gc,phases,start] GC(1506) Phase 4: Move objects
[51.662s][info][gc,phases      ] GC(1506) Phase 4: Move objects 0.608ms
[51.663s][info][gc,heap        ] GC(1506) DefNew: 157157K(157248K)->153755K(157248K) Eden: 139776K(139776K)->139481K(139776K) From: 17381K(17472K)->14273K(17472K)
[51.663s][info][gc,heap        ] GC(1506) Tenured: 349466K(349568K)->349466K(349568K)
[51.663s][info][gc,metaspace   ] GC(1506) Metaspace: 31012K(31488K)->31012K(31488K) NonClass: 27758K(28032K)->27758K(28032K) Class: 3253K(3456K)->3253K(3456K)
[51.663s][info][gc             ] GC(1506) Pause Full (Allocation Failure) 494M->491M(494M) 14.845ms
[51.663s][info][gc,cpu         ] GC(1506) User=0.01s Sys=0.00s Real=0.01s
[51.665s][info][gc,start       ] GC(1507) Pause Full (Allocation Failure)
[51.665s][info][gc,phases,start] GC(1507) Phase 1: Mark live objects
[51.673s][info][gc,phases      ] GC(1507) Phase 1: Mark live objects 7.798ms
[51.673s][info][gc,phases,start] GC(1507) Phase 2: Compute new object addresses
[51.675s][info][gc,phases      ] GC(1507) Phase 2: Compute new object addresses 2.145ms
[51.675s][info][gc,phases,start] GC(1507) Phase 3: Adjust pointers
[51.680s][info][gc,phases      ] GC(1507) Phase 3: Adjust pointers 5.115ms
[51.680s][info][gc,phases,start] GC(1507) Phase 4: Move objects
[51.680s][info][gc,phases      ] GC(1507) Phase 4: Move objects 0.250ms
[51.681s][info][gc,heap        ] GC(1507) DefNew: 157073K(157248K)->153762K(157248K) Eden: 139776K(139776K)->139738K(139776K) From: 17297K(17472K)->14023K(17472K)
[51.681s][info][gc,heap        ] GC(1507) Tenured: 349466K(349568K)->349466K(349568K)
[51.681s][info][gc,metaspace   ] GC(1507) Metaspace: 31012K(31488K)->31012K(31488K) NonClass: 27758K(28032K)->27758K(28032K) Class: 3253K(3456K)->3253K(3456K)
[51.681s][info][gc             ] GC(1507) Pause Full (Allocation Failure) 494M->491M(494M) 15.755ms
[51.681s][info][gc,cpu         ] GC(1507) User=0.01s Sys=0.01s Real=0.01s
[51.684s][info][gc,start       ] GC(1508) Pause Full (Allocation Failure)
[51.684s][info][gc,phases,start] GC(1508) Phase 1: Mark live objects
[51.692s][info][gc,phases      ] GC(1508) Phase 1: Mark live objects 7.832ms
[51.692s][info][gc,phases,start] GC(1508) Phase 2: Compute new object addresses
[51.694s][info][gc,phases      ] GC(1508) Phase 2: Compute new object addresses 2.251ms
[51.694s][info][gc,phases,start] GC(1508) Phase 3: Adjust pointers
[51.700s][info][gc,phases      ] GC(1508) Phase 3: Adjust pointers 5.749ms
[51.700s][info][gc,phases,start] GC(1508) Phase 4: Move objects
[51.700s][info][gc,phases      ] GC(1508) Phase 4: Move objects 0.147ms
[51.700s][info][gc,heap        ] GC(1508) DefNew: 157206K(157248K)->153774K(157248K) Eden: 139776K(139776K)->139738K(139776K) From: 17430K(17472K)->14035K(17472K)
[51.700s][info][gc,heap        ] GC(1508) Tenured: 349466K(349568K)->349466K(349568K)
[51.700s][info][gc,metaspace   ] GC(1508) Metaspace: 31012K(31488K)->31012K(31488K) NonClass: 27758K(28032K)->27758K(28032K) Class: 3253K(3456K)->3253K(3456K)
[51.700s][info][gc             ] GC(1508) Pause Full (Allocation Failure) 494M->491M(494M) 16.350ms
[51.701s][info][gc,cpu         ] GC(1508) User=0.02s Sys=0.00s Real=0.01s
[51.705s][info][gc,start       ] GC(1509) Pause Full (Allocation Failure)
[51.705s][info][gc,phases,start] GC(1509) Phase 1: Mark live objects
[51.714s][info][gc,phases      ] GC(1509) Phase 1: Mark live objects 8.521ms
[51.714s][info][gc,phases,start] GC(1509) Phase 2: Compute new object addresses
[51.716s][info][gc,phases      ] GC(1509) Phase 2: Compute new object addresses 2.585ms
[51.716s][info][gc,phases,start] GC(1509) Phase 3: Adjust pointers
[51.722s][info][gc,phases      ] GC(1509) Phase 3: Adjust pointers 5.327ms
[51.722s][info][gc,phases,start] GC(1509) Phase 4: Move objects
[51.722s][info][gc,phases      ] GC(1509) Phase 4: Move objects 0.244ms
[51.722s][info][gc,heap        ] GC(1509) DefNew: 157069K(157248K)->153275K(157248K) Eden: 139776K(139776K)->139484K(139776K) From: 17293K(17472K)->13791K(17472K)
[51.722s][info][gc,heap        ] GC(1509) Tenured: 349466K(349568K)->349466K(349568K)
[51.722s][info][gc,metaspace   ] GC(1509) Metaspace: 31012K(31488K)->31012K(31488K) NonClass: 27758K(28032K)->27758K(28032K) Class: 3253K(3456K)->3253K(3456K)
[51.722s][info][gc             ] GC(1509) Pause Full (Allocation Failure) 494M->490M(494M) 17.057ms
[51.722s][info][gc,cpu         ] GC(1509) User=0.02s Sys=0.00s Real=0.01s
[51.726s][info][gc,start       ] GC(1510) Pause Full (Allocation Failure)
[51.726s][info][gc,phases,start] GC(1510) Phase 1: Mark live objects
[51.735s][info][gc,phases      ] GC(1510) Phase 1: Mark live objects 8.928ms
[51.735s][info][gc,phases,start] GC(1510) Phase 2: Compute new object addresses
[51.737s][info][gc,phases      ] GC(1510) Phase 2: Compute new object addresses 2.668ms
[51.738s][info][gc,phases,start] GC(1510) Phase 3: Adjust pointers
[51.743s][info][gc,phases      ] GC(1510) Phase 3: Adjust pointers 5.657ms
[51.743s][info][gc,phases,start] GC(1510) Phase 4: Move objects
[51.743s][info][gc,phases      ] GC(1510) Phase 4: Move objects 0.109ms
[51.743s][info][gc,heap        ] GC(1510) DefNew: 157239K(157248K)->153272K(157248K) Eden: 139776K(139776K)->139483K(139776K) From: 17463K(17472K)->13789K(17472K)
[51.744s][info][gc,heap        ] GC(1510) Tenured: 349466K(349568K)->349466K(349568K)
[51.744s][info][gc,metaspace   ] GC(1510) Metaspace: 31012K(31488K)->31012K(31488K) NonClass: 27758K(28032K)->27758K(28032K) Class: 3253K(3456K)->3253K(3456K)
[51.744s][info][gc             ] GC(1510) Pause Full (Allocation Failure) 494M->490M(494M) 17.808ms
[51.744s][info][gc,cpu         ] GC(1510) User=0.02s Sys=0.00s Real=0.01s
[51.749s][info][gc,start       ] GC(1511) Pause Full (Allocation Failure)
[51.749s][info][gc,phases,start] GC(1511) Phase 1: Mark live objects
[51.758s][info][gc,phases      ] GC(1511) Phase 1: Mark live objects 8.920ms
[51.758s][info][gc,phases,start] GC(1511) Phase 2: Compute new object addresses
[51.760s][info][gc,phases      ] GC(1511) Phase 2: Compute new object addresses 2.375ms
[51.760s][info][gc,phases,start] GC(1511) Phase 3: Adjust pointers
[51.766s][info][gc,phases      ] GC(1511) Phase 3: Adjust pointers 5.310ms
[51.766s][info][gc,phases,start] GC(1511) Phase 4: Move objects
[51.766s][info][gc,phases      ] GC(1511) Phase 4: Move objects 0.083ms
[51.766s][info][gc,heap        ] GC(1511) DefNew: 157013K(157248K)->153030K(157248K) Eden: 139776K(139776K)->139483K(139776K) From: 17237K(17472K)->13547K(17472K)
[51.766s][info][gc,heap        ] GC(1511) Tenured: 349466K(349568K)->349466K(349568K)
[51.766s][info][gc,metaspace   ] GC(1511) Metaspace: 31012K(31488K)->31012K(31488K) NonClass: 27758K(28032K)->27758K(28032K) Class: 3253K(3456K)->3253K(3456K)
[51.766s][info][gc             ] GC(1511) Pause Full (Allocation Failure) 494M->490M(494M) 17.059ms
[51.766s][info][gc,cpu         ] GC(1511) User=0.02s Sys=0.00s Real=0.02s
[51.767s][info][gc,start       ] GC(1512) Pause Full (Allocation Failure)
[51.767s][info][gc,phases,start] GC(1512) Phase 1: Mark live objects
[51.775s][info][gc,phases      ] GC(1512) Phase 1: Mark live objects 8.392ms
[51.775s][info][gc,phases,start] GC(1512) Phase 2: Compute new object addresses
[51.778s][info][gc,phases      ] GC(1512) Phase 2: Compute new object addresses 2.286ms
[51.778s][info][gc,phases,start] GC(1512) Phase 3: Adjust pointers
[51.783s][info][gc,phases      ] GC(1512) Phase 3: Adjust pointers 5.176ms
[51.783s][info][gc,phases,start] GC(1512) Phase 4: Move objects
[51.783s][info][gc,phases      ] GC(1512) Phase 4: Move objects 0.111ms
[51.783s][info][gc,heap        ] GC(1512) DefNew: 157225K(157248K)->153545K(157248K) Eden: 139775K(139776K)->139486K(139776K) From: 17449K(17472K)->14059K(17472K)
[51.783s][info][gc,heap        ] GC(1512) Tenured: 349466K(349568K)->349466K(349568K)
[51.783s][info][gc,metaspace   ] GC(1512) Metaspace: 31012K(31488K)->31012K(31488K) NonClass: 27758K(28032K)->27758K(28032K) Class: 3253K(3456K)->3253K(3456K)
[51.783s][info][gc             ] GC(1512) Pause Full (Allocation Failure) 494M->491M(494M) 16.304ms
[51.783s][info][gc,cpu         ] GC(1512) User=0.02s Sys=0.00s Real=0.01s
[51.789s][info][gc,start       ] GC(1513) Pause Full (Allocation Failure)
[51.789s][info][gc,phases,start] GC(1513) Phase 1: Mark live objects
[51.800s][info][gc,phases      ] GC(1513) Phase 1: Mark live objects 11.431ms
[51.800s][info][gc,phases,start] GC(1513) Phase 2: Compute new object addresses
[51.803s][info][gc,phases      ] GC(1513) Phase 2: Compute new object addresses 2.433ms
[51.803s][info][gc,phases,start] GC(1513) Phase 3: Adjust pointers
[51.808s][info][gc,phases      ] GC(1513) Phase 3: Adjust pointers 5.311ms
[51.808s][info][gc,phases,start] GC(1513) Phase 4: Move objects
[51.808s][info][gc,phases      ] GC(1513) Phase 4: Move objects 0.106ms
[51.808s][info][gc,heap        ] GC(1513) DefNew: 156998K(157248K)->153553K(157248K) Eden: 139776K(139776K)->139741K(139776K) From: 17222K(17472K)->13812K(17472K)
[51.808s][info][gc,heap        ] GC(1513) Tenured: 349466K(349568K)->349466K(349568K)
[51.808s][info][gc,metaspace   ] GC(1513) Metaspace: 31012K(31488K)->31012K(31488K) NonClass: 27758K(28032K)->27758K(28032K) Class: 3253K(3456K)->3253K(3456K)
[51.808s][info][gc             ] GC(1513) Pause Full (Allocation Failure) 494M->491M(494M) 19.622ms
[51.808s][info][gc,cpu         ] GC(1513) User=0.02s Sys=0.00s Real=0.02s
[51.812s][info][gc,start       ] GC(1514) Pause Full (Allocation Failure)
[51.812s][info][gc,phases,start] GC(1514) Phase 1: Mark live objects
[51.820s][info][gc,phases      ] GC(1514) Phase 1: Mark live objects 7.638ms
[51.820s][info][gc,phases,start] GC(1514) Phase 2: Compute new object addresses
[51.822s][info][gc,phases      ] GC(1514) Phase 2: Compute new object addresses 2.226ms
[51.822s][info][gc,phases,start] GC(1514) Phase 3: Adjust pointers
[51.827s][info][gc,phases      ] GC(1514) Phase 3: Adjust pointers 5.077ms
[51.827s][info][gc,phases,start] GC(1514) Phase 4: Move objects
[51.827s][info][gc,phases      ] GC(1514) Phase 4: Move objects 0.155ms
[51.828s][info][gc,heap        ] GC(1514) DefNew: 157077K(157248K)->152690K(157248K) Eden: 139776K(139776K)->139470K(139776K) From: 17301K(17472K)->13219K(17472K)
[51.828s][info][gc,heap        ] GC(1514) Tenured: 349466K(349568K)->349466K(349568K)
[51.828s][info][gc,metaspace   ] GC(1514) Metaspace: 31012K(31488K)->31012K(31488K) NonClass: 27758K(28032K)->27758K(28032K) Class: 3253K(3456K)->3253K(3456K)
[51.828s][info][gc             ] GC(1514) Pause Full (Allocation Failure) 494M->490M(494M) 15.425ms
[51.828s][info][gc,cpu         ] GC(1514) User=0.01s Sys=0.00s Real=0.02s
[51.829s][info][gc,start       ] GC(1515) Pause Full (Allocation Failure)
[51.829s][info][gc,phases,start] GC(1515) Phase 1: Mark live objects
[51.837s][info][gc,phases      ] GC(1515) Phase 1: Mark live objects 8.148ms
[51.837s][info][gc,phases,start] GC(1515) Phase 2: Compute new object addresses
[51.839s][info][gc,phases      ] GC(1515) Phase 2: Compute new object addresses 2.157ms
[51.839s][info][gc,phases,start] GC(1515) Phase 3: Adjust pointers
[51.845s][info][gc,phases      ] GC(1515) Phase 3: Adjust pointers 5.434ms
[51.845s][info][gc,phases,start] GC(1515) Phase 4: Move objects
[51.845s][info][gc,phases      ] GC(1515) Phase 4: Move objects 0.286ms
[51.845s][info][gc,heap        ] GC(1515) DefNew: 157192K(157248K)->154256K(157248K) Eden: 139776K(139776K)->139487K(139776K) From: 17416K(17472K)->14768K(17472K)
[51.845s][info][gc,heap        ] GC(1515) Tenured: 349466K(349568K)->349440K(349568K)
[51.845s][info][gc,metaspace   ] GC(1515) Metaspace: 31012K(31488K)->31012K(31488K) NonClass: 27758K(28032K)->27758K(28032K) Class: 3253K(3456K)->3253K(3456K)
[51.845s][info][gc             ] GC(1515) Pause Full (Allocation Failure) 494M->491M(494M) 16.409ms
[51.845s][info][gc,cpu         ] GC(1515) User=0.01s Sys=0.00s Real=0.02s
[51.850s][info][gc,start       ] GC(1516) Pause Full (Allocation Failure)
[51.850s][info][gc,phases,start] GC(1516) Phase 1: Mark live objects
[51.858s][info][gc,phases      ] GC(1516) Phase 1: Mark live objects 7.673ms
[51.858s][info][gc,phases,start] GC(1516) Phase 2: Compute new object addresses
[51.860s][info][gc,phases      ] GC(1516) Phase 2: Compute new object addresses 2.170ms
[51.860s][info][gc,phases,start] GC(1516) Phase 3: Adjust pointers
[51.865s][info][gc,phases      ] GC(1516) Phase 3: Adjust pointers 5.062ms
[51.865s][info][gc,phases,start] GC(1516) Phase 4: Move objects
[51.865s][info][gc,phases      ] GC(1516) Phase 4: Move objects 0.113ms
[51.865s][info][gc,heap        ] GC(1516) DefNew: 157111K(157248K)->152993K(157248K) Eden: 139776K(139776K)->139487K(139776K) From: 17335K(17472K)->13505K(17472K)
[51.865s][info][gc,heap        ] GC(1516) Tenured: 349440K(349568K)->349440K(349568K)
[51.865s][info][gc,metaspace   ] GC(1516) Metaspace: 31012K(31488K)->31012K(31488K) NonClass: 27758K(28032K)->27758K(28032K) Class: 3253K(3456K)->3253K(3456K)
[51.865s][info][gc             ] GC(1516) Pause Full (Allocation Failure) 494M->490M(494M) 15.371ms
[51.865s][info][gc,cpu         ] GC(1516) User=0.01s Sys=0.00s Real=0.02s
[51.868s][info][gc,start       ] GC(1517) Pause Full (Allocation Failure)
[51.868s][info][gc,phases,start] GC(1517) Phase 1: Mark live objects
[51.876s][info][gc,phases      ] GC(1517) Phase 1: Mark live objects 7.847ms
[51.876s][info][gc,phases,start] GC(1517) Phase 2: Compute new object addresses
[51.878s][info][gc,phases      ] GC(1517) Phase 2: Compute new object addresses 2.173ms
[51.878s][info][gc,phases,start] GC(1517) Phase 3: Adjust pointers
[51.883s][info][gc,phases      ] GC(1517) Phase 3: Adjust pointers 5.083ms
[51.883s][info][gc,phases,start] GC(1517) Phase 4: Move objects
[51.883s][info][gc,phases      ] GC(1517) Phase 4: Move objects 0.122ms
[51.883s][info][gc,heap        ] GC(1517) DefNew: 157165K(157248K)->153260K(157248K) Eden: 139776K(139776K)->139486K(139776K) From: 17389K(17472K)->13773K(17472K)
[51.883s][info][gc,heap        ] GC(1517) Tenured: 349440K(349568K)->349440K(349568K)
[51.883s][info][gc,metaspace   ] GC(1517) Metaspace: 31012K(31488K)->31012K(31488K) NonClass: 27758K(28032K)->27758K(28032K) Class: 3253K(3456K)->3253K(3456K)
[51.883s][info][gc             ] GC(1517) Pause Full (Allocation Failure) 494M->490M(494M) 15.569ms
[51.883s][info][gc,cpu         ] GC(1517) User=0.01s Sys=0.01s Real=0.01s
[51.888s][info][gc,start       ] GC(1518) Pause Full (Allocation Failure)
[51.888s][info][gc,phases,start] GC(1518) Phase 1: Mark live objects
[51.895s][info][gc,phases      ] GC(1518) Phase 1: Mark live objects 7.305ms
[51.895s][info][gc,phases,start] GC(1518) Phase 2: Compute new object addresses
[51.897s][info][gc,phases      ] GC(1518) Phase 2: Compute new object addresses 2.013ms
[51.897s][info][gc,phases,start] GC(1518) Phase 3: Adjust pointers
[51.902s][info][gc,phases      ] GC(1518) Phase 3: Adjust pointers 4.766ms
[51.902s][info][gc,phases,start] GC(1518) Phase 4: Move objects
[51.902s][info][gc,phases      ] GC(1518) Phase 4: Move objects 0.103ms
[51.902s][info][gc,heap        ] GC(1518) DefNew: 157105K(157248K)->153044K(157248K) Eden: 139776K(139776K)->139494K(139776K) From: 17329K(17472K)->13550K(17472K)
[51.902s][info][gc,heap        ] GC(1518) Tenured: 349440K(349568K)->349440K(349568K)
[51.902s][info][gc,metaspace   ] GC(1518) Metaspace: 31012K(31488K)->31012K(31488K) NonClass: 27758K(28032K)->27758K(28032K) Class: 3253K(3456K)->3253K(3456K)
[51.903s][info][gc             ] GC(1518) Pause Full (Allocation Failure) 494M->490M(494M) 14.517ms
[51.903s][info][gc,cpu         ] GC(1518) User=0.02s Sys=0.00s Real=0.01s
[51.905s][info][gc,start       ] GC(1519) Pause Full (Allocation Failure)
[51.905s][info][gc,phases,start] GC(1519) Phase 1: Mark live objects
[51.912s][info][gc,phases      ] GC(1519) Phase 1: Mark live objects 6.991ms
[51.912s][info][gc,phases,start] GC(1519) Phase 2: Compute new object addresses
[51.914s][info][gc,phases      ] GC(1519) Phase 2: Compute new object addresses 2.286ms
[51.914s][info][gc,phases,start] GC(1519) Phase 3: Adjust pointers
[51.919s][info][gc,phases      ] GC(1519) Phase 3: Adjust pointers 5.157ms
[51.919s][info][gc,phases,start] GC(1519) Phase 4: Move objects
[51.920s][info][gc,phases      ] GC(1519) Phase 4: Move objects 0.158ms
[51.920s][info][gc,heap        ] GC(1519) DefNew: 156937K(157248K)->153832K(157248K) Eden: 139776K(139776K)->139493K(139776K) From: 17161K(17472K)->14338K(17472K)
[51.920s][info][gc,heap        ] GC(1519) Tenured: 349440K(349568K)->349440K(349568K)
[51.920s][info][gc,metaspace   ] GC(1519) Metaspace: 31012K(31488K)->31012K(31488K) NonClass: 27758K(28032K)->27758K(28032K) Class: 3253K(3456K)->3253K(3456K)
[51.920s][info][gc             ] GC(1519) Pause Full (Allocation Failure) 494M->491M(494M) 14.933ms
[51.920s][info][gc,cpu         ] GC(1519) User=0.01s Sys=0.00s Real=0.01s
[51.922s][info][gc,start       ] GC(1520) Pause Full (Allocation Failure)
[51.922s][info][gc,phases,start] GC(1520) Phase 1: Mark live objects
[51.929s][info][gc,phases      ] GC(1520) Phase 1: Mark live objects 7.070ms
[51.929s][info][gc,phases,start] GC(1520) Phase 2: Compute new object addresses
[51.931s][info][gc,phases      ] GC(1520) Phase 2: Compute new object addresses 1.989ms
[51.931s][info][gc,phases,start] GC(1520) Phase 3: Adjust pointers
[51.936s][info][gc,phases      ] GC(1520) Phase 3: Adjust pointers 4.927ms
[51.936s][info][gc,phases,start] GC(1520) Phase 4: Move objects
[51.936s][info][gc,phases      ] GC(1520) Phase 4: Move objects 0.126ms
[51.936s][info][gc,heap        ] GC(1520) DefNew: 157111K(157248K)->153584K(157248K) Eden: 139776K(139776K)->139494K(139776K) From: 17335K(17472K)->14089K(17472K)
[51.936s][info][gc,heap        ] GC(1520) Tenured: 349440K(349568K)->349440K(349568K)
[51.936s][info][gc,metaspace   ] GC(1520) Metaspace: 31012K(31488K)->31012K(31488K) NonClass: 27758K(28032K)->27758K(28032K) Class: 3253K(3456K)->3253K(3456K)
[51.936s][info][gc             ] GC(1520) Pause Full (Allocation Failure) 494M->491M(494M) 14.397ms
[51.936s][info][gc,cpu         ] GC(1520) User=0.01s Sys=0.00s Real=0.02s
[51.942s][info][gc,start       ] GC(1521) Pause Full (Allocation Failure)
[51.942s][info][gc,phases,start] GC(1521) Phase 1: Mark live objects
[51.950s][info][gc,phases      ] GC(1521) Phase 1: Mark live objects 7.696ms
[51.950s][info][gc,phases,start] GC(1521) Phase 2: Compute new object addresses
[51.952s][info][gc,phases      ] GC(1521) Phase 2: Compute new object addresses 2.176ms
[51.952s][info][gc,phases,start] GC(1521) Phase 3: Adjust pointers
[51.957s][info][gc,phases      ] GC(1521) Phase 3: Adjust pointers 5.205ms
[51.957s][info][gc,phases,start] GC(1521) Phase 4: Move objects
[51.957s][info][gc,phases      ] GC(1521) Phase 4: Move objects 0.113ms
[51.957s][info][gc,heap        ] GC(1521) DefNew: 157247K(157248K)->153110K(157248K) Eden: 139776K(139776K)->139502K(139776K) From: 17471K(17472K)->13607K(17472K)
[51.957s][info][gc,heap        ] GC(1521) Tenured: 349457K(349568K)->349457K(349568K)
[51.957s][info][gc,metaspace   ] GC(1521) Metaspace: 31012K(31488K)->31012K(31488K) NonClass: 27758K(28032K)->27758K(28032K) Class: 3253K(3456K)->3253K(3456K)
[51.957s][info][gc             ] GC(1521) Pause Full (Allocation Failure) 494M->490M(494M) 15.503ms
[51.957s][info][gc,cpu         ] GC(1521) User=0.02s Sys=0.00s Real=0.02s
[51.962s][info][gc,start       ] GC(1522) Pause Full (Allocation Failure)
[51.962s][info][gc,phases,start] GC(1522) Phase 1: Mark live objects
[51.970s][info][gc,phases      ] GC(1522) Phase 1: Mark live objects 7.729ms
[51.970s][info][gc,phases,start] GC(1522) Phase 2: Compute new object addresses
[51.972s][info][gc,phases      ] GC(1522) Phase 2: Compute new object addresses 2.274ms
[51.973s][info][gc,phases,start] GC(1522) Phase 3: Adjust pointers
[51.978s][info][gc,phases      ] GC(1522) Phase 3: Adjust pointers 5.586ms
[51.978s][info][gc,phases,start] GC(1522) Phase 4: Move objects
[51.978s][info][gc,phases      ] GC(1522) Phase 4: Move objects 0.088ms
[51.978s][info][gc,heap        ] GC(1522) DefNew: 157029K(157248K)->152878K(157248K) Eden: 139776K(139776K)->139503K(139776K) From: 17253K(17472K)->13374K(17472K)
[51.978s][info][gc,heap        ] GC(1522) Tenured: 349457K(349568K)->349457K(349568K)
[51.978s][info][gc,metaspace   ] GC(1522) Metaspace: 31012K(31488K)->31012K(31488K) NonClass: 27758K(28032K)->27758K(28032K) Class: 3253K(3456K)->3253K(3456K)
[51.978s][info][gc             ] GC(1522) Pause Full (Allocation Failure) 494M->490M(494M) 16.036ms
[51.978s][info][gc,cpu         ] GC(1522) User=0.02s Sys=0.00s Real=0.02s
[51.981s][info][gc,start       ] GC(1523) Pause Full (Allocation Failure)
[51.981s][info][gc,phases,start] GC(1523) Phase 1: Mark live objects
[51.988s][info][gc,phases      ] GC(1523) Phase 1: Mark live objects 7.353ms
[51.988s][info][gc,phases,start] GC(1523) Phase 2: Compute new object addresses
[51.990s][info][gc,phases      ] GC(1523) Phase 2: Compute new object addresses 2.169ms
[51.990s][info][gc,phases,start] GC(1523) Phase 3: Adjust pointers
[51.995s][info][gc,phases      ] GC(1523) Phase 3: Adjust pointers 5.270ms
[51.995s][info][gc,phases,start] GC(1523) Phase 4: Move objects
[51.996s][info][gc,phases      ] GC(1523) Phase 4: Move objects 0.097ms
[51.996s][info][gc,heap        ] GC(1523) DefNew: 157190K(157248K)->152986K(157248K) Eden: 139776K(139776K)->139602K(139776K) From: 17414K(17472K)->13384K(17472K)
[51.996s][info][gc,heap        ] GC(1523) Tenured: 349457K(349568K)->349441K(349568K)
[51.996s][info][gc,metaspace   ] GC(1523) Metaspace: 31012K(31488K)->31012K(31488K) NonClass: 27758K(28032K)->27758K(28032K) Class: 3253K(3456K)->3253K(3456K)
[51.996s][info][gc             ] GC(1523) Pause Full (Allocation Failure) 494M->490M(494M) 15.196ms
[51.996s][info][gc,cpu         ] GC(1523) User=0.01s Sys=0.01s Real=0.01s
[51.998s][info][gc,start       ] GC(1524) Pause Full (Allocation Failure)
[51.998s][info][gc,phases,start] GC(1524) Phase 1: Mark live objects
[52.005s][info][gc,phases      ] GC(1524) Phase 1: Mark live objects 6.993ms
[52.005s][info][gc,phases,start] GC(1524) Phase 2: Compute new object addresses
[52.007s][info][gc,phases      ] GC(1524) Phase 2: Compute new object addresses 2.126ms
[52.007s][info][gc,phases,start] GC(1524) Phase 3: Adjust pointers
[52.012s][info][gc,phases      ] GC(1524) Phase 3: Adjust pointers 5.320ms
[52.012s][info][gc,phases,start] GC(1524) Phase 4: Move objects
[52.013s][info][gc,phases      ] GC(1524) Phase 4: Move objects 0.179ms
[52.013s][info][gc,heap        ] GC(1524) DefNew: 157208K(157248K)->153762K(157248K) Eden: 139776K(139776K)->139604K(139776K) From: 17432K(17472K)->14158K(17472K)
[52.013s][info][gc,heap        ] GC(1524) Tenured: 349441K(349568K)->349441K(349568K)
[52.013s][info][gc,metaspace   ] GC(1524) Metaspace: 31012K(31488K)->31012K(31488K) NonClass: 27758K(28032K)->27758K(28032K) Class: 3253K(3456K)->3253K(3456K)
[52.013s][info][gc             ] GC(1524) Pause Full (Allocation Failure) 494M->491M(494M) 14.953ms
[52.013s][info][gc,cpu         ] GC(1524) User=0.01s Sys=0.00s Real=0.01s
[52.014s][info][gc,start       ] GC(1525) Pause Full (Allocation Failure)
[52.014s][info][gc,phases,start] GC(1525) Phase 1: Mark live objects
[52.023s][info][gc,phases      ] GC(1525) Phase 1: Mark live objects 8.209ms
[52.023s][info][gc,phases,start] GC(1525) Phase 2: Compute new object addresses
[52.025s][info][gc,phases      ] GC(1525) Phase 2: Compute new object addresses 2.171ms
[52.025s][info][gc,phases,start] GC(1525) Phase 3: Adjust pointers
[52.030s][info][gc,phases      ] GC(1525) Phase 3: Adjust pointers 5.076ms
[52.030s][info][gc,phases,start] GC(1525) Phase 4: Move objects
[52.030s][info][gc,phases      ] GC(1525) Phase 4: Move objects 0.145ms
[52.030s][info][gc,heap        ] GC(1525) DefNew: 157138K(157248K)->154022K(157248K) Eden: 139776K(139776K)->139606K(139776K) From: 17362K(17472K)->14416K(17472K)
[52.030s][info][gc,heap        ] GC(1525) Tenured: 349441K(349568K)->349441K(349568K)
[52.030s][info][gc,metaspace   ] GC(1525) Metaspace: 31012K(31488K)->31012K(31488K) NonClass: 27758K(28032K)->27758K(28032K) Class: 3253K(3456K)->3253K(3456K)
[52.030s][info][gc             ] GC(1525) Pause Full (Allocation Failure) 494M->491M(494M) 15.933ms
[52.030s][info][gc,cpu         ] GC(1525) User=0.02s Sys=0.00s Real=0.02s
[52.031s][info][gc,start       ] GC(1526) Pause Full (Allocation Failure)
[52.031s][info][gc,phases,start] GC(1526) Phase 1: Mark live objects
[52.039s][info][gc,phases      ] GC(1526) Phase 1: Mark live objects 7.099ms
[52.039s][info][gc,phases,start] GC(1526) Phase 2: Compute new object addresses
[52.041s][info][gc,phases      ] GC(1526) Phase 2: Compute new object addresses 2.051ms
[52.041s][info][gc,phases,start] GC(1526) Phase 3: Adjust pointers
[52.046s][info][gc,phases      ] GC(1526) Phase 3: Adjust pointers 4.869ms
[52.046s][info][gc,phases,start] GC(1526) Phase 4: Move objects
[52.046s][info][gc,phases      ] GC(1526) Phase 4: Move objects 0.140ms
[52.046s][info][gc,heap        ] GC(1526) DefNew: 157085K(157248K)->154026K(157248K) Eden: 139776K(139776K)->139610K(139776K) From: 17309K(17472K)->14416K(17472K)
[52.046s][info][gc,heap        ] GC(1526) Tenured: 349441K(349568K)->349441K(349568K)
[52.046s][info][gc,metaspace   ] GC(1526) Metaspace: 31012K(31488K)->31012K(31488K) NonClass: 27758K(28032K)->27758K(28032K) Class: 3253K(3456K)->3253K(3456K)
[52.046s][info][gc             ] GC(1526) Pause Full (Allocation Failure) 494M->491M(494M) 14.472ms
[52.046s][info][gc,cpu         ] GC(1526) User=0.01s Sys=0.00s Real=0.02s
[52.046s][info][gc,start       ] GC(1527) Pause Full (Allocation Failure)
[52.047s][info][gc,phases,start] GC(1527) Phase 1: Mark live objects
[52.054s][info][gc,phases      ] GC(1527) Phase 1: Mark live objects 7.421ms
[52.054s][info][gc,phases,start] GC(1527) Phase 2: Compute new object addresses
[52.056s][info][gc,phases      ] GC(1527) Phase 2: Compute new object addresses 2.049ms
[52.056s][info][gc,phases,start] GC(1527) Phase 3: Adjust pointers
[52.061s][info][gc,phases      ] GC(1527) Phase 3: Adjust pointers 4.884ms
[52.061s][info][gc,phases,start] GC(1527) Phase 4: Move objects
[52.061s][info][gc,phases      ] GC(1527) Phase 4: Move objects 0.187ms
[52.061s][info][gc,heap        ] GC(1527) DefNew: 157029K(157248K)->154543K(157248K) Eden: 139776K(139776K)->139614K(139776K) From: 17253K(17472K)->14928K(17472K)
[52.061s][info][gc,heap        ] GC(1527) Tenured: 349441K(349568K)->349441K(349568K)
[52.061s][info][gc,metaspace   ] GC(1527) Metaspace: 31012K(31488K)->31012K(31488K) NonClass: 27758K(28032K)->27758K(28032K) Class: 3253K(3456K)->3253K(3456K)
[52.061s][info][gc             ] GC(1527) Pause Full (Allocation Failure) 494M->492M(494M) 14.863ms
[52.061s][info][gc,cpu         ] GC(1527) User=0.01s Sys=0.00s Real=0.01s
[52.062s][info][gc,start       ] GC(1528) Pause Full (Allocation Failure)
[52.062s][info][gc,phases,start] GC(1528) Phase 1: Mark live objects
[52.070s][info][gc,phases      ] GC(1528) Phase 1: Mark live objects 7.413ms
[52.070s][info][gc,phases,start] GC(1528) Phase 2: Compute new object addresses
[52.072s][info][gc,phases      ] GC(1528) Phase 2: Compute new object addresses 2.110ms
[52.072s][info][gc,phases,start] GC(1528) Phase 3: Adjust pointers
[52.077s][info][gc,phases      ] GC(1528) Phase 3: Adjust pointers 5.158ms
[52.077s][info][gc,phases,start] GC(1528) Phase 4: Move objects
[52.077s][info][gc,phases      ] GC(1528) Phase 4: Move objects 0.153ms
[52.078s][info][gc,heap        ] GC(1528) DefNew: 156799K(157248K)->154033K(157248K) Eden: 139775K(139776K)->139616K(139776K) From: 17023K(17472K)->14417K(17472K)
[52.078s][info][gc,heap        ] GC(1528) Tenured: 349441K(349568K)->349441K(349568K)
[52.078s][info][gc,metaspace   ] GC(1528) Metaspace: 31012K(31488K)->31012K(31488K) NonClass: 27758K(28032K)->27758K(28032K) Class: 3253K(3456K)->3253K(3456K)
[52.078s][info][gc             ] GC(1528) Pause Full (Allocation Failure) 494M->491M(494M) 15.122ms
[52.078s][info][gc,cpu         ] GC(1528) User=0.02s Sys=0.00s Real=0.02s
[52.080s][info][gc,start       ] GC(1529) Pause Full (Allocation Failure)
[52.081s][info][gc,phases,start] GC(1529) Phase 1: Mark live objects
[52.089s][info][gc,phases      ] GC(1529) Phase 1: Mark live objects 7.946ms
[52.089s][info][gc,phases,start] GC(1529) Phase 2: Compute new object addresses
[52.091s][info][gc,phases      ] GC(1529) Phase 2: Compute new object addresses 2.044ms
[52.091s][info][gc,phases,start] GC(1529) Phase 3: Adjust pointers
[52.095s][info][gc,phases      ] GC(1529) Phase 3: Adjust pointers 4.848ms
[52.095s][info][gc,phases,start] GC(1529) Phase 4: Move objects
[52.096s][info][gc,phases      ] GC(1529) Phase 4: Move objects 0.288ms
[52.096s][info][gc,heap        ] GC(1529) DefNew: 157247K(157248K)->153266K(157248K) Eden: 139776K(139776K)->139613K(139776K) From: 17471K(17472K)->13652K(17472K)
[52.096s][info][gc,heap        ] GC(1529) Tenured: 349495K(349568K)->349495K(349568K)
[52.096s][info][gc,metaspace   ] GC(1529) Metaspace: 31012K(31488K)->31012K(31488K) NonClass: 27758K(28032K)->27758K(28032K) Class: 3253K(3456K)->3253K(3456K)
[52.096s][info][gc             ] GC(1529) Pause Full (Allocation Failure) 494M->490M(494M) 15.564ms
[52.096s][info][gc,cpu         ] GC(1529) User=0.01s Sys=0.00s Real=0.02s
[52.102s][info][gc,start       ] GC(1530) Pause Full (Allocation Failure)
[52.102s][info][gc,phases,start] GC(1530) Phase 1: Mark live objects
[52.110s][info][gc,phases      ] GC(1530) Phase 1: Mark live objects 8.076ms
[52.110s][info][gc,phases,start] GC(1530) Phase 2: Compute new object addresses
[52.112s][info][gc,phases      ] GC(1530) Phase 2: Compute new object addresses 2.321ms
[52.112s][info][gc,phases,start] GC(1530) Phase 3: Adjust pointers
[52.118s][info][gc,phases      ] GC(1530) Phase 3: Adjust pointers 5.214ms
[52.118s][info][gc,phases,start] GC(1530) Phase 4: Move objects
[52.118s][info][gc,phases      ] GC(1530) Phase 4: Move objects 0.058ms
[52.118s][info][gc,heap        ] GC(1530) DefNew: 157138K(157248K)->152515K(157248K) Eden: 139776K(139776K)->139612K(139776K) From: 17362K(17472K)->12903K(17472K)
[52.118s][info][gc,heap        ] GC(1530) Tenured: 349495K(349568K)->349495K(349568K)
[52.118s][info][gc,metaspace   ] GC(1530) Metaspace: 31012K(31488K)->31012K(31488K) NonClass: 27758K(28032K)->27758K(28032K) Class: 3253K(3456K)->3253K(3456K)
[52.118s][info][gc             ] GC(1530) Pause Full (Allocation Failure) 494M->490M(494M) 15.990ms
[52.118s][info][gc,cpu         ] GC(1530) User=0.02s Sys=0.00s Real=0.02s
[52.121s][info][gc,start       ] GC(1531) Pause Full (Allocation Failure)
[52.121s][info][gc,phases,start] GC(1531) Phase 1: Mark live objects
[52.129s][info][gc,phases      ] GC(1531) Phase 1: Mark live objects 8.385ms
[52.129s][info][gc,phases,start] GC(1531) Phase 2: Compute new object addresses
[52.132s][info][gc,phases      ] GC(1531) Phase 2: Compute new object addresses 2.407ms
[52.132s][info][gc,phases,start] GC(1531) Phase 3: Adjust pointers
[52.138s][info][gc,phases      ] GC(1531) Phase 3: Adjust pointers 5.777ms
[52.138s][info][gc,phases,start] GC(1531) Phase 4: Move objects
[52.138s][info][gc,phases      ] GC(1531) Phase 4: Move objects 0.107ms
[52.138s][info][gc,heap        ] GC(1531) DefNew: 157086K(157248K)->153071K(157248K) Eden: 139776K(139776K)->139636K(139776K) From: 17310K(17472K)->13434K(17472K)
[52.138s][info][gc,heap        ] GC(1531) Tenured: 349495K(349568K)->349442K(349568K)
[52.138s][info][gc,metaspace   ] GC(1531) Metaspace: 31012K(31488K)->31012K(31488K) NonClass: 27758K(28032K)->27758K(28032K) Class: 3253K(3456K)->3253K(3456K)
[52.138s][info][gc             ] GC(1531) Pause Full (Allocation Failure) 494M->490M(494M) 17.077ms
[52.138s][info][gc,cpu         ] GC(1531) User=0.02s Sys=0.00s Real=0.02s
[52.142s][info][gc,start       ] GC(1532) Pause Full (Allocation Failure)
[52.142s][info][gc,phases,start] GC(1532) Phase 1: Mark live objects
[52.150s][info][gc,phases      ] GC(1532) Phase 1: Mark live objects 7.292ms
[52.150s][info][gc,phases,start] GC(1532) Phase 2: Compute new object addresses
[52.152s][info][gc,phases      ] GC(1532) Phase 2: Compute new object addresses 2.165ms
[52.152s][info][gc,phases,start] GC(1532) Phase 3: Adjust pointers
[52.157s][info][gc,phases      ] GC(1532) Phase 3: Adjust pointers 4.951ms
[52.157s][info][gc,phases,start] GC(1532) Phase 4: Move objects
[52.157s][info][gc,phases      ] GC(1532) Phase 4: Move objects 0.113ms
[52.157s][info][gc,heap        ] GC(1532) DefNew: 157189K(157248K)->153367K(157248K) Eden: 139776K(139776K)->139662K(139776K) From: 17413K(17472K)->13705K(17472K)
[52.157s][info][gc,heap        ] GC(1532) Tenured: 349442K(349568K)->349442K(349568K)
[52.157s][info][gc,metaspace   ] GC(1532) Metaspace: 31012K(31488K)->31012K(31488K) NonClass: 27758K(28032K)->27758K(28032K) Class: 3253K(3456K)->3253K(3456K)
[52.157s][info][gc             ] GC(1532) Pause Full (Allocation Failure) 494M->491M(494M) 14.863ms
[52.157s][info][gc,cpu         ] GC(1532) User=0.02s Sys=0.00s Real=0.02s
[52.165s][info][gc,start       ] GC(1533) Pause Full (Allocation Failure)
[52.165s][info][gc,phases,start] GC(1533) Phase 1: Mark live objects
[52.173s][info][gc,phases      ] GC(1533) Phase 1: Mark live objects 7.706ms
[52.173s][info][gc,phases,start] GC(1533) Phase 2: Compute new object addresses
[52.175s][info][gc,phases      ] GC(1533) Phase 2: Compute new object addresses 2.260ms
[52.175s][info][gc,phases,start] GC(1533) Phase 3: Adjust pointers
[52.180s][info][gc,phases      ] GC(1533) Phase 3: Adjust pointers 5.360ms
[52.180s][info][gc,phases,start] GC(1533) Phase 4: Move objects
[52.181s][info][gc,phases      ] GC(1533) Phase 4: Move objects 0.235ms
[52.181s][info][gc,heap        ] GC(1533) DefNew: 157085K(157248K)->154648K(157248K) Eden: 139776K(139776K)->139662K(139776K) From: 17309K(17472K)->14985K(17472K)
[52.181s][info][gc,heap        ] GC(1533) Tenured: 349442K(349568K)->349442K(349568K)
[52.181s][info][gc,metaspace   ] GC(1533) Metaspace: 31012K(31488K)->31012K(31488K) NonClass: 27758K(28032K)->27758K(28032K) Class: 3253K(3456K)->3253K(3456K)
[52.181s][info][gc             ] GC(1533) Pause Full (Allocation Failure) 494M->492M(494M) 15.933ms
[52.181s][info][gc,cpu         ] GC(1533) User=0.02s Sys=0.00s Real=0.01s
[52.181s][info][gc,start       ] GC(1534) Pause Full (Allocation Failure)
[52.182s][info][gc,phases,start] GC(1534) Phase 1: Mark live objects
[52.190s][info][gc,phases      ] GC(1534) Phase 1: Mark live objects 8.983ms
[52.191s][info][gc,phases,start] GC(1534) Phase 2: Compute new object addresses
[52.193s][info][gc,phases      ] GC(1534) Phase 2: Compute new object addresses 2.197ms
[52.193s][info][gc,phases,start] GC(1534) Phase 3: Adjust pointers
[52.198s][info][gc,phases      ] GC(1534) Phase 3: Adjust pointers 4.949ms
[52.198s][info][gc,phases,start] GC(1534) Phase 4: Move objects
[52.201s][info][gc,phases      ] GC(1534) Phase 4: Move objects 3.454ms
[52.201s][info][gc,heap        ] GC(1534) DefNew: 157092K(157248K)->154655K(157248K) Eden: 139776K(139776K)->139668K(139776K) From: 17316K(17472K)->14986K(17472K)
[52.201s][info][gc,heap        ] GC(1534) Tenured: 349442K(349568K)->349442K(349568K)
[52.201s][info][gc,metaspace   ] GC(1534) Metaspace: 31012K(31488K)->31012K(31488K) NonClass: 27758K(28032K)->27758K(28032K) Class: 3253K(3456K)->3253K(3456K)
[52.201s][info][gc             ] GC(1534) Pause Full (Allocation Failure) 494M->492M(494M) 19.925ms
[52.201s][info][gc,cpu         ] GC(1534) User=0.02s Sys=0.00s Real=0.02s
[52.205s][info][gc,start       ] GC(1535) Pause Full (Allocation Failure)
[52.205s][info][gc,phases,start] GC(1535) Phase 1: Mark live objects
[52.213s][info][gc,phases      ] GC(1535) Phase 1: Mark live objects 7.611ms
[52.213s][info][gc,phases,start] GC(1535) Phase 2: Compute new object addresses
[52.215s][info][gc,phases      ] GC(1535) Phase 2: Compute new object addresses 2.323ms
[52.215s][info][gc,phases,start] GC(1535) Phase 3: Adjust pointers
[52.220s][info][gc,phases      ] GC(1535) Phase 3: Adjust pointers 5.382ms
[52.220s][info][gc,phases,start] GC(1535) Phase 4: Move objects
[52.221s][info][gc,phases      ] GC(1535) Phase 4: Move objects 0.089ms
[52.221s][info][gc,heap        ] GC(1535) DefNew: 157136K(157248K)->153121K(157248K) Eden: 139776K(139776K)->139662K(139776K) From: 17360K(17472K)->13459K(17472K)
[52.221s][info][gc,heap        ] GC(1535) Tenured: 349442K(349568K)->349442K(349568K)
[52.221s][info][gc,metaspace   ] GC(1535) Metaspace: 31012K(31488K)->31012K(31488K) NonClass: 27759K(28032K)->27759K(28032K) Class: 3253K(3456K)->3253K(3456K)
[52.221s][info][gc             ] GC(1535) Pause Full (Allocation Failure) 494M->490M(494M) 15.728ms
[52.221s][info][gc,cpu         ] GC(1535) User=0.01s Sys=0.01s Real=0.01s
[52.224s][info][gc,start       ] GC(1536) Pause Full (Allocation Failure)
[52.224s][info][gc,phases,start] GC(1536) Phase 1: Mark live objects
[52.232s][info][gc,phases      ] GC(1536) Phase 1: Mark live objects 7.353ms
[52.232s][info][gc,phases,start] GC(1536) Phase 2: Compute new object addresses
[52.234s][info][gc,phases      ] GC(1536) Phase 2: Compute new object addresses 2.193ms
[52.234s][info][gc,phases,start] GC(1536) Phase 3: Adjust pointers
[52.239s][info][gc,phases      ] GC(1536) Phase 3: Adjust pointers 5.070ms
[52.239s][info][gc,phases,start] GC(1536) Phase 4: Move objects
[52.239s][info][gc,phases      ] GC(1536) Phase 4: Move objects 0.118ms
[52.239s][info][gc,heap        ] GC(1536) DefNew: 157164K(157248K)->153574K(157248K) Eden: 139776K(139776K)->139636K(139776K) From: 17388K(17472K)->13938K(17472K)
[52.239s][info][gc,heap        ] GC(1536) Tenured: 349442K(349568K)->349442K(349568K)
[52.239s][info][gc,metaspace   ] GC(1536) Metaspace: 31012K(31488K)->31012K(31488K) NonClass: 27759K(28032K)->27759K(28032K) Class: 3253K(3456K)->3253K(3456K)
[52.239s][info][gc             ] GC(1536) Pause Full (Allocation Failure) 494M->491M(494M) 15.043ms
[52.239s][info][gc,cpu         ] GC(1536) User=0.02s Sys=0.00s Real=0.01s
[52.241s][info][gc,start       ] GC(1537) Pause Full (Allocation Failure)
[52.241s][info][gc,phases,start] GC(1537) Phase 1: Mark live objects
[52.249s][info][gc,phases      ] GC(1537) Phase 1: Mark live objects 8.033ms
[52.249s][info][gc,phases,start] GC(1537) Phase 2: Compute new object addresses
[52.252s][info][gc,phases      ] GC(1537) Phase 2: Compute new object addresses 2.139ms
[52.252s][info][gc,phases,start] GC(1537) Phase 3: Adjust pointers
[52.257s][info][gc,phases      ] GC(1537) Phase 3: Adjust pointers 5.862ms
[52.257s][info][gc,phases,start] GC(1537) Phase 4: Move objects
[52.258s][info][gc,phases      ] GC(1537) Phase 4: Move objects 0.112ms
[52.258s][info][gc,heap        ] GC(1537) DefNew: 157206K(157248K)->153577K(157248K) Eden: 139776K(139776K)->139638K(139776K) From: 17430K(17472K)->13938K(17472K)
[52.258s][info][gc,heap        ] GC(1537) Tenured: 349442K(349568K)->349442K(349568K)
[52.258s][info][gc,metaspace   ] GC(1537) Metaspace: 31012K(31488K)->31012K(31488K) NonClass: 27759K(28032K)->27759K(28032K) Class: 3253K(3456K)->3253K(3456K)
[52.258s][info][gc             ] GC(1537) Pause Full (Allocation Failure) 494M->491M(494M) 16.483ms
[52.258s][info][gc,cpu         ] GC(1537) User=0.02s Sys=0.00s Real=0.02s
[52.258s][info][gc,start       ] GC(1538) Pause Full (Allocation Failure)
[52.258s][info][gc,phases,start] GC(1538) Phase 1: Mark live objects
[52.267s][info][gc,phases      ] GC(1538) Phase 1: Mark live objects 8.441ms
[52.267s][info][gc,phases,start] GC(1538) Phase 2: Compute new object addresses
[52.269s][info][gc,phases      ] GC(1538) Phase 2: Compute new object addresses 2.250ms
[52.269s][info][gc,phases,start] GC(1538) Phase 3: Adjust pointers
[52.275s][info][gc,phases      ] GC(1538) Phase 3: Adjust pointers 5.442ms
[52.275s][info][gc,phases,start] GC(1538) Phase 4: Move objects
[52.275s][info][gc,phases      ] GC(1538) Phase 4: Move objects 0.142ms
[52.275s][info][gc,heap        ] GC(1538) DefNew: 157072K(157248K)->154350K(157248K) Eden: 139776K(139776K)->139640K(139776K) From: 17296K(17472K)->14709K(17472K)
[52.275s][info][gc,heap        ] GC(1538) Tenured: 349442K(349568K)->349442K(349568K)
[52.275s][info][gc,metaspace   ] GC(1538) Metaspace: 31012K(31488K)->31012K(31488K) NonClass: 27759K(28032K)->27759K(28032K) Class: 3253K(3456K)->3253K(3456K)
[52.275s][info][gc             ] GC(1538) Pause Full (Allocation Failure) 494M->491M(494M) 16.658ms
[52.275s][info][gc,cpu         ] GC(1538) User=0.02s Sys=0.00s Real=0.01s
[52.278s][info][gc,start       ] GC(1539) Pause Full (Allocation Failure)
[52.278s][info][gc,phases,start] GC(1539) Phase 1: Mark live objects
[52.286s][info][gc,phases      ] GC(1539) Phase 1: Mark live objects 7.763ms
[52.286s][info][gc,phases,start] GC(1539) Phase 2: Compute new object addresses
[52.288s][info][gc,phases      ] GC(1539) Phase 2: Compute new object addresses 2.192ms
[52.288s][info][gc,phases,start] GC(1539) Phase 3: Adjust pointers
[52.293s][info][gc,phases      ] GC(1539) Phase 3: Adjust pointers 5.507ms
[52.293s][info][gc,phases,start] GC(1539) Phase 4: Move objects
[52.294s][info][gc,phases      ] GC(1539) Phase 4: Move objects 0.618ms
[52.294s][info][gc,heap        ] GC(1539) DefNew: 156777K(157248K)->153583K(157248K) Eden: 139776K(139776K)->139638K(139776K) From: 17001K(17472K)->13945K(17472K)
[52.294s][info][gc,heap        ] GC(1539) Tenured: 349442K(349568K)->349442K(349568K)
[52.294s][info][gc,metaspace   ] GC(1539) Metaspace: 31012K(31488K)->31012K(31488K) NonClass: 27759K(28032K)->27759K(28032K) Class: 3253K(3456K)->3253K(3456K)
[52.294s][info][gc             ] GC(1539) Pause Full (Allocation Failure) 494M->491M(494M) 16.514ms
[52.294s][info][gc,cpu         ] GC(1539) User=0.01s Sys=0.01s Real=0.01s
[52.299s][info][gc,start       ] GC(1540) Pause Full (Allocation Failure)
[52.299s][info][gc,phases,start] GC(1540) Phase 1: Mark live objects
[52.308s][info][gc,phases      ] GC(1540) Phase 1: Mark live objects 9.094ms
[52.308s][info][gc,phases,start] GC(1540) Phase 2: Compute new object addresses
[52.311s][info][gc,phases      ] GC(1540) Phase 2: Compute new object addresses 2.218ms
[52.311s][info][gc,phases,start] GC(1540) Phase 3: Adjust pointers
[52.316s][info][gc,phases      ] GC(1540) Phase 3: Adjust pointers 5.053ms
[52.316s][info][gc,phases,start] GC(1540) Phase 4: Move objects
[52.316s][info][gc,phases      ] GC(1540) Phase 4: Move objects 0.063ms
[52.316s][info][gc,heap        ] GC(1540) DefNew: 156999K(157248K)->152836K(157248K) Eden: 139776K(139776K)->139649K(139776K) From: 17223K(17472K)->13187K(17472K)
[52.316s][info][gc,heap        ] GC(1540) Tenured: 349442K(349568K)->349442K(349568K)
[52.316s][info][gc,metaspace   ] GC(1540) Metaspace: 31012K(31488K)->31012K(31488K) NonClass: 27759K(28032K)->27759K(28032K) Class: 3253K(3456K)->3253K(3456K)
[52.316s][info][gc             ] GC(1540) Pause Full (Allocation Failure) 494M->490M(494M) 16.808ms
[52.316s][info][gc,cpu         ] GC(1540) User=0.02s Sys=0.00s Real=0.02s
[52.316s][info][gc,start       ] GC(1541) Pause Full (Allocation Failure)
[52.316s][info][gc,phases,start] GC(1541) Phase 1: Mark live objects
[52.324s][info][gc,phases      ] GC(1541) Phase 1: Mark live objects 7.315ms
[52.324s][info][gc,phases,start] GC(1541) Phase 2: Compute new object addresses
[52.326s][info][gc,phases      ] GC(1541) Phase 2: Compute new object addresses 2.033ms
[52.326s][info][gc,phases,start] GC(1541) Phase 3: Adjust pointers
[52.331s][info][gc,phases      ] GC(1541) Phase 3: Adjust pointers 5.034ms
[52.331s][info][gc,phases,start] GC(1541) Phase 4: Move objects
[52.331s][info][gc,phases      ] GC(1541) Phase 4: Move objects 0.159ms
[52.331s][info][gc,heap        ] GC(1541) DefNew: 157089K(157248K)->154118K(157248K) Eden: 139776K(139776K)->139651K(139776K) From: 17313K(17472K)->14467K(17472K)
[52.331s][info][gc,heap        ] GC(1541) Tenured: 349442K(349568K)->349442K(349568K)
[52.331s][info][gc,metaspace   ] GC(1541) Metaspace: 31012K(31488K)->31012K(31488K) NonClass: 27759K(28032K)->27759K(28032K) Class: 3253K(3456K)->3253K(3456K)
[52.331s][info][gc             ] GC(1541) Pause Full (Allocation Failure) 494M->491M(494M) 14.858ms
[52.331s][info][gc,cpu         ] GC(1541) User=0.01s Sys=0.00s Real=0.01s
[52.334s][info][gc,start       ] GC(1542) Pause Full (Allocation Failure)
[52.334s][info][gc,phases,start] GC(1542) Phase 1: Mark live objects
[52.341s][info][gc,phases      ] GC(1542) Phase 1: Mark live objects 7.501ms
[52.341s][info][gc,phases,start] GC(1542) Phase 2: Compute new object addresses
[52.343s][info][gc,phases      ] GC(1542) Phase 2: Compute new object addresses 2.236ms
[52.344s][info][gc,phases,start] GC(1542) Phase 3: Adjust pointers
[52.349s][info][gc,phases      ] GC(1542) Phase 3: Adjust pointers 5.643ms
[52.349s][info][gc,phases,start] GC(1542) Phase 4: Move objects
[52.349s][info][gc,phases      ] GC(1542) Phase 4: Move objects 0.180ms
[52.350s][info][gc,heap        ] GC(1542) DefNew: 156794K(157248K)->154118K(157248K) Eden: 139776K(139776K)->139649K(139776K) From: 17018K(17472K)->14468K(17472K)
[52.350s][info][gc,heap        ] GC(1542) Tenured: 349442K(349568K)->349442K(349568K)
[52.350s][info][gc,metaspace   ] GC(1542) Metaspace: 31012K(31488K)->31012K(31488K) NonClass: 27759K(28032K)->27759K(28032K) Class: 3253K(3456K)->3253K(3456K)
[52.350s][info][gc             ] GC(1542) Pause Full (Allocation Failure) 494M->491M(494M) 15.895ms
[52.350s][info][gc,cpu         ] GC(1542) User=0.01s Sys=0.00s Real=0.02s
[52.350s][info][gc,start       ] GC(1543) Pause Full (Allocation Failure)
[52.350s][info][gc,phases,start] GC(1543) Phase 1: Mark live objects
[52.358s][info][gc,phases      ] GC(1543) Phase 1: Mark live objects 7.597ms
[52.358s][info][gc,phases,start] GC(1543) Phase 2: Compute new object addresses
[52.360s][info][gc,phases      ] GC(1543) Phase 2: Compute new object addresses 2.242ms
[52.360s][info][gc,phases,start] GC(1543) Phase 3: Adjust pointers
[52.365s][info][gc,phases      ] GC(1543) Phase 3: Adjust pointers 4.825ms
[52.365s][info][gc,phases,start] GC(1543) Phase 4: Move objects
[52.365s][info][gc,phases      ] GC(1543) Phase 4: Move objects 0.135ms
[52.365s][info][gc,heap        ] GC(1543) DefNew: 156822K(157248K)->155143K(157248K) Eden: 139776K(139776K)->139650K(139776K) From: 17046K(17472K)->15492K(17472K)
[52.365s][info][gc,heap        ] GC(1543) Tenured: 349442K(349568K)->349442K(349568K)
[52.365s][info][gc,metaspace   ] GC(1543) Metaspace: 31012K(31488K)->31012K(31488K) NonClass: 27759K(28032K)->27759K(28032K) Class: 3253K(3456K)->3253K(3456K)
[52.365s][info][gc             ] GC(1543) Pause Full (Allocation Failure) 494M->492M(494M) 15.127ms
[52.365s][info][gc,cpu         ] GC(1543) User=0.01s Sys=0.00s Real=0.02s
[52.368s][info][gc,start       ] GC(1544) Pause Full (Allocation Failure)
[52.368s][info][gc,phases,start] GC(1544) Phase 1: Mark live objects
[52.376s][info][gc,phases      ] GC(1544) Phase 1: Mark live objects 7.672ms
[52.376s][info][gc,phases,start] GC(1544) Phase 2: Compute new object addresses
[52.378s][info][gc,phases      ] GC(1544) Phase 2: Compute new object addresses 2.161ms
[52.378s][info][gc,phases,start] GC(1544) Phase 3: Adjust pointers
[52.383s][info][gc,phases      ] GC(1544) Phase 3: Adjust pointers 4.996ms
[52.383s][info][gc,phases,start] GC(1544) Phase 4: Move objects
[52.383s][info][gc,phases      ] GC(1544) Phase 4: Move objects 0.120ms
[52.383s][info][gc,heap        ] GC(1544) DefNew: 157247K(157248K)->153640K(157248K) Eden: 139775K(139776K)->139666K(139776K) From: 17471K(17472K)->13974K(17472K)
[52.383s][info][gc,heap        ] GC(1544) Tenured: 349557K(349568K)->349557K(349568K)
[52.383s][info][gc,metaspace   ] GC(1544) Metaspace: 31012K(31488K)->31012K(31488K) NonClass: 27759K(28032K)->27759K(28032K) Class: 3253K(3456K)->3253K(3456K)
[52.383s][info][gc             ] GC(1544) Pause Full (Allocation Failure) 494M->491M(494M) 15.265ms
[52.383s][info][gc,cpu         ] GC(1544) User=0.02s Sys=0.00s Real=0.01s
[52.388s][info][gc,start       ] GC(1545) Pause Full (Allocation Failure)
[52.388s][info][gc,phases,start] GC(1545) Phase 1: Mark live objects
[52.395s][info][gc,phases      ] GC(1545) Phase 1: Mark live objects 7.507ms
[52.395s][info][gc,phases,start] GC(1545) Phase 2: Compute new object addresses
[52.398s][info][gc,phases      ] GC(1545) Phase 2: Compute new object addresses 2.216ms
[52.398s][info][gc,phases,start] GC(1545) Phase 3: Adjust pointers
[52.403s][info][gc,phases      ] GC(1545) Phase 3: Adjust pointers 5.018ms
[52.403s][info][gc,phases,start] GC(1545) Phase 4: Move objects
[52.403s][info][gc,phases      ] GC(1545) Phase 4: Move objects 0.101ms
[52.403s][info][gc,heap        ] GC(1545) DefNew: 157247K(157248K)->152877K(157248K) Eden: 139776K(139776K)->139665K(139776K) From: 17471K(17472K)->13212K(17472K)
[52.403s][info][gc,heap        ] GC(1545) Tenured: 349567K(349568K)->349567K(349568K)
[52.403s][info][gc,metaspace   ] GC(1545) Metaspace: 31012K(31488K)->31012K(31488K) NonClass: 27759K(28032K)->27759K(28032K) Class: 3253K(3456K)->3253K(3456K)
[52.403s][info][gc             ] GC(1545) Pause Full (Allocation Failure) 494M->490M(494M) 15.185ms
[52.403s][info][gc,cpu         ] GC(1545) User=0.01s Sys=0.00s Real=0.01s
[52.405s][info][gc,start       ] GC(1546) Pause Full (Allocation Failure)
[52.405s][info][gc,phases,start] GC(1546) Phase 1: Mark live objects
[52.412s][info][gc,phases      ] GC(1546) Phase 1: Mark live objects 7.045ms
[52.412s][info][gc,phases,start] GC(1546) Phase 2: Compute new object addresses
[52.414s][info][gc,phases      ] GC(1546) Phase 2: Compute new object addresses 2.170ms
[52.414s][info][gc,phases,start] GC(1546) Phase 3: Adjust pointers
[52.419s][info][gc,phases      ] GC(1546) Phase 3: Adjust pointers 4.735ms
[52.419s][info][gc,phases,start] GC(1546) Phase 4: Move objects
[52.419s][info][gc,phases      ] GC(1546) Phase 4: Move objects 0.105ms
[52.419s][info][gc,heap        ] GC(1546) DefNew: 157007K(157248K)->153650K(157248K) Eden: 139776K(139776K)->139665K(139776K) From: 17231K(17472K)->13985K(17472K)
[52.419s][info][gc,heap        ] GC(1546) Tenured: 349567K(349568K)->349567K(349568K)
[52.419s][info][gc,metaspace   ] GC(1546) Metaspace: 31012K(31488K)->31012K(31488K) NonClass: 27759K(28032K)->27759K(28032K) Class: 3253K(3456K)->3253K(3456K)
[52.419s][info][gc             ] GC(1546) Pause Full (Allocation Failure) 494M->491M(494M) 14.338ms
[52.419s][info][gc,cpu         ] GC(1546) User=0.02s Sys=0.00s Real=0.01s
[52.423s][info][gc,start       ] GC(1547) Pause Full (Allocation Failure)
[52.423s][info][gc,phases,start] GC(1547) Phase 1: Mark live objects
[52.430s][info][gc,phases      ] GC(1547) Phase 1: Mark live objects 6.921ms
[52.430s][info][gc,phases,start] GC(1547) Phase 2: Compute new object addresses
[52.432s][info][gc,phases      ] GC(1547) Phase 2: Compute new object addresses 2.545ms
[52.432s][info][gc,phases,start] GC(1547) Phase 3: Adjust pointers
[52.437s][info][gc,phases      ] GC(1547) Phase 3: Adjust pointers 4.892ms
[52.437s][info][gc,phases,start] GC(1547) Phase 4: Move objects
[52.438s][info][gc,phases      ] GC(1547) Phase 4: Move objects 0.289ms
[52.438s][info][gc,heap        ] GC(1547) DefNew: 157203K(157248K)->153913K(157248K) Eden: 139776K(139776K)->139665K(139776K) From: 17427K(17472K)->14248K(17472K)
[52.438s][info][gc,heap        ] GC(1547) Tenured: 349567K(349568K)->349444K(349568K)
[52.438s][info][gc,metaspace   ] GC(1547) Metaspace: 31012K(31488K)->31012K(31488K) NonClass: 27759K(28032K)->27759K(28032K) Class: 3253K(3456K)->3253K(3456K)
[52.438s][info][gc             ] GC(1547) Pause Full (Allocation Failure) 494M->491M(494M) 14.962ms
[52.438s][info][gc,cpu         ] GC(1547) User=0.01s Sys=0.00s Real=0.02s
[52.439s][info][gc,start       ] GC(1548) Pause Full (Allocation Failure)
[52.439s][info][gc,phases,start] GC(1548) Phase 1: Mark live objects
[52.446s][info][gc,phases      ] GC(1548) Phase 1: Mark live objects 7.095ms
[52.446s][info][gc,phases,start] GC(1548) Phase 2: Compute new object addresses
[52.448s][info][gc,phases      ] GC(1548) Phase 2: Compute new object addresses 2.008ms
[52.448s][info][gc,phases,start] GC(1548) Phase 3: Adjust pointers
[52.453s][info][gc,phases      ] GC(1548) Phase 3: Adjust pointers 4.747ms
[52.453s][info][gc,phases,start] GC(1548) Phase 4: Move objects
[52.453s][info][gc,phases      ] GC(1548) Phase 4: Move objects 0.186ms
[52.453s][info][gc,heap        ] GC(1548) DefNew: 156981K(157248K)->154687K(157248K) Eden: 139776K(139776K)->139666K(139776K) From: 17205K(17472K)->15021K(17472K)
[52.453s][info][gc,heap        ] GC(1548) Tenured: 349444K(349568K)->349444K(349568K)
[52.453s][info][gc,metaspace   ] GC(1548) Metaspace: 31012K(31488K)->31012K(31488K) NonClass: 27759K(28032K)->27759K(28032K) Class: 3253K(3456K)->3253K(3456K)
[52.453s][info][gc             ] GC(1548) Pause Full (Allocation Failure) 494M->492M(494M) 14.307ms
[52.453s][info][gc,cpu         ] GC(1548) User=0.01s Sys=0.00s Real=0.01s
[52.454s][info][gc,start       ] GC(1549) Pause Full (Allocation Failure)
[52.454s][info][gc,phases,start] GC(1549) Phase 1: Mark live objects
[52.461s][info][gc,phases      ] GC(1549) Phase 1: Mark live objects 7.287ms
[52.461s][info][gc,phases,start] GC(1549) Phase 2: Compute new object addresses
[52.464s][info][gc,phases      ] GC(1549) Phase 2: Compute new object addresses 2.108ms
[52.464s][info][gc,phases,start] GC(1549) Phase 3: Adjust pointers
[52.469s][info][gc,phases      ] GC(1549) Phase 3: Adjust pointers 5.021ms
[52.469s][info][gc,phases,start] GC(1549) Phase 4: Move objects
[52.469s][info][gc,phases      ] GC(1549) Phase 4: Move objects 0.198ms
[52.469s][info][gc,heap        ] GC(1549) DefNew: 157153K(157248K)->155202K(157248K) Eden: 139776K(139776K)->139667K(139776K) From: 17377K(17472K)->15535K(17472K)
[52.469s][info][gc,heap        ] GC(1549) Tenured: 349444K(349568K)->349444K(349568K)
[52.469s][info][gc,metaspace   ] GC(1549) Metaspace: 31012K(31488K)->31012K(31488K) NonClass: 27759K(28032K)->27759K(28032K) Class: 3253K(3456K)->3253K(3456K)
[52.469s][info][gc             ] GC(1549) Pause Full (Allocation Failure) 494M->492M(494M) 14.932ms
[52.469s][info][gc,cpu         ] GC(1549) User=0.01s Sys=0.00s Real=0.02s
[52.471s][info][gc,start       ] GC(1550) Pause Full (Allocation Failure)
[52.471s][info][gc,phases,start] GC(1550) Phase 1: Mark live objects
[52.478s][info][gc,phases      ] GC(1550) Phase 1: Mark live objects 7.487ms
[52.478s][info][gc,phases,start] GC(1550) Phase 2: Compute new object addresses
[52.481s][info][gc,phases      ] GC(1550) Phase 2: Compute new object addresses 2.101ms
[52.481s][info][gc,phases,start] GC(1550) Phase 3: Adjust pointers
[52.486s][info][gc,phases      ] GC(1550) Phase 3: Adjust pointers 5.069ms
[52.486s][info][gc,phases,start] GC(1550) Phase 4: Move objects
[52.486s][info][gc,phases      ] GC(1550) Phase 4: Move objects 0.137ms
[52.486s][info][gc,heap        ] GC(1550) DefNew: 157031K(157248K)->153919K(157248K) Eden: 139776K(139776K)->139665K(139776K) From: 17255K(17472K)->14254K(17472K)
[52.486s][info][gc,heap        ] GC(1550) Tenured: 349444K(349568K)->349444K(349568K)
[52.486s][info][gc,metaspace   ] GC(1550) Metaspace: 31012K(31488K)->31012K(31488K) NonClass: 27759K(28032K)->27759K(28032K) Class: 3253K(3456K)->3253K(3456K)
[52.486s][info][gc             ] GC(1550) Pause Full (Allocation Failure) 494M->491M(494M) 15.101ms
[52.486s][info][gc,cpu         ] GC(1550) User=0.01s Sys=0.00s Real=0.02s
[52.487s][info][gc,start       ] GC(1551) Pause Full (Allocation Failure)
[52.487s][info][gc,phases,start] GC(1551) Phase 1: Mark live objects
[52.494s][info][gc,phases      ] GC(1551) Phase 1: Mark live objects 7.210ms
[52.494s][info][gc,phases,start] GC(1551) Phase 2: Compute new object addresses
[52.497s][info][gc,phases      ] GC(1551) Phase 2: Compute new object addresses 2.237ms
[52.497s][info][gc,phases,start] GC(1551) Phase 3: Adjust pointers
[52.502s][info][gc,phases      ] GC(1551) Phase 3: Adjust pointers 5.203ms
[52.502s][info][gc,phases,start] GC(1551) Phase 4: Move objects
[52.502s][info][gc,phases      ] GC(1551) Phase 4: Move objects 0.196ms
[52.502s][info][gc,heap        ] GC(1551) DefNew: 157203K(157248K)->154432K(157248K) Eden: 139776K(139776K)->139667K(139776K) From: 17427K(17472K)->14764K(17472K)
[52.502s][info][gc,heap        ] GC(1551) Tenured: 349444K(349568K)->349444K(349568K)
[52.502s][info][gc,metaspace   ] GC(1551) Metaspace: 31012K(31488K)->31012K(31488K) NonClass: 27759K(28032K)->27759K(28032K) Class: 3253K(3456K)->3253K(3456K)
[52.502s][info][gc             ] GC(1551) Pause Full (Allocation Failure) 494M->492M(494M) 15.166ms
[52.502s][info][gc,cpu         ] GC(1551) User=0.01s Sys=0.00s Real=0.01s
[52.504s][info][gc,start       ] GC(1552) Pause Full (Allocation Failure)
[52.504s][info][gc,phases,start] GC(1552) Phase 1: Mark live objects
[52.512s][info][gc,phases      ] GC(1552) Phase 1: Mark live objects 7.409ms
[52.512s][info][gc,phases,start] GC(1552) Phase 2: Compute new object addresses
[52.514s][info][gc,phases      ] GC(1552) Phase 2: Compute new object addresses 2.079ms
[52.514s][info][gc,phases,start] GC(1552) Phase 3: Adjust pointers
[52.519s][info][gc,phases      ] GC(1552) Phase 3: Adjust pointers 4.936ms
[52.519s][info][gc,phases,start] GC(1552) Phase 4: Move objects
[52.519s][info][gc,phases      ] GC(1552) Phase 4: Move objects 0.138ms
[52.519s][info][gc,heap        ] GC(1552) DefNew: 156743K(157248K)->153665K(157248K) Eden: 139776K(139776K)->139665K(139776K) From: 16967K(17472K)->13999K(17472K)
[52.519s][info][gc,heap        ] GC(1552) Tenured: 349444K(349568K)->349444K(349568K)
[52.519s][info][gc,metaspace   ] GC(1552) Metaspace: 31012K(31488K)->31012K(31488K) NonClass: 27759K(28032K)->27759K(28032K) Class: 3253K(3456K)->3253K(3456K)
[52.519s][info][gc             ] GC(1552) Pause Full (Allocation Failure) 494M->491M(494M) 14.843ms
[52.519s][info][gc,cpu         ] GC(1552) User=0.00s Sys=0.02s Real=0.01s
[52.519s][info][gc,start       ] GC(1553) Pause Full (Allocation Failure)
[52.519s][info][gc,phases,start] GC(1553) Phase 1: Mark live objects
[52.527s][info][gc,phases      ] GC(1553) Phase 1: Mark live objects 7.421ms
[52.527s][info][gc,phases,start] GC(1553) Phase 2: Compute new object addresses
[52.529s][info][gc,phases      ] GC(1553) Phase 2: Compute new object addresses 2.164ms
[52.529s][info][gc,phases,start] GC(1553) Phase 3: Adjust pointers
[52.534s][info][gc,phases      ] GC(1553) Phase 3: Adjust pointers 5.220ms
[52.534s][info][gc,phases,start] GC(1553) Phase 4: Move objects
[52.535s][info][gc,phases      ] GC(1553) Phase 4: Move objects 0.143ms
[52.535s][info][gc,heap        ] GC(1553) DefNew: 156870K(157248K)->154180K(157248K) Eden: 139776K(139776K)->139670K(139776K) From: 17094K(17472K)->14510K(17472K)
[52.535s][info][gc,heap        ] GC(1553) Tenured: 349444K(349568K)->349444K(349568K)
[52.535s][info][gc,metaspace   ] GC(1553) Metaspace: 31012K(31488K)->31012K(31488K) NonClass: 27759K(28032K)->27759K(28032K) Class: 3253K(3456K)->3253K(3456K)
[52.535s][info][gc             ] GC(1553) Pause Full (Allocation Failure) 494M->491M(494M) 15.313ms
[52.535s][info][gc,cpu         ] GC(1553) User=0.01s Sys=0.01s Real=0.01s
[52.537s][info][gc,start       ] GC(1554) Pause Full (Allocation Failure)
[52.537s][info][gc,phases,start] GC(1554) Phase 1: Mark live objects
[52.545s][info][gc,phases      ] GC(1554) Phase 1: Mark live objects 7.411ms
[52.545s][info][gc,phases,start] GC(1554) Phase 2: Compute new object addresses
[52.547s][info][gc,phases      ] GC(1554) Phase 2: Compute new object addresses 2.083ms
[52.547s][info][gc,phases,start] GC(1554) Phase 3: Adjust pointers
[52.552s][info][gc,phases      ] GC(1554) Phase 3: Adjust pointers 4.722ms
[52.552s][info][gc,phases,start] GC(1554) Phase 4: Move objects
[52.552s][info][gc,phases      ] GC(1554) Phase 4: Move objects 0.299ms
[52.552s][info][gc,heap        ] GC(1554) DefNew: 157248K(157248K)->153407K(157248K) Eden: 139776K(139776K)->139666K(139776K) From: 17472K(17472K)->13741K(17472K)
[52.552s][info][gc,heap        ] GC(1554) Tenured: 349567K(349568K)->349567K(349568K)
[52.552s][info][gc,metaspace   ] GC(1554) Metaspace: 31012K(31488K)->31012K(31488K) NonClass: 27759K(28032K)->27759K(28032K) Class: 3253K(3456K)->3253K(3456K)
[52.552s][info][gc             ] GC(1554) Pause Full (Allocation Failure) 494M->491M(494M) 14.813ms
[52.552s][info][gc,cpu         ] GC(1554) User=0.02s Sys=0.00s Real=0.01s
[52.555s][info][gc,start       ] GC(1555) Pause Full (Allocation Failure)
[52.555s][info][gc,phases,start] GC(1555) Phase 1: Mark live objects
[52.563s][info][gc,phases      ] GC(1555) Phase 1: Mark live objects 7.389ms
[52.563s][info][gc,phases,start] GC(1555) Phase 2: Compute new object addresses
[52.565s][info][gc,phases      ] GC(1555) Phase 2: Compute new object addresses 2.060ms
[52.565s][info][gc,phases,start] GC(1555) Phase 3: Adjust pointers
[52.570s][info][gc,phases      ] GC(1555) Phase 3: Adjust pointers 4.893ms
[52.570s][info][gc,phases,start] GC(1555) Phase 4: Move objects
[52.570s][info][gc,phases      ] GC(1555) Phase 4: Move objects 0.112ms
[52.570s][info][gc,heap        ] GC(1555) DefNew: 157141K(157248K)->153669K(157248K) Eden: 139776K(139776K)->139665K(139776K) From: 17365K(17472K)->14004K(17472K)
[52.570s][info][gc,heap        ] GC(1555) Tenured: 349567K(349568K)->349446K(349568K)
[52.570s][info][gc,metaspace   ] GC(1555) Metaspace: 31012K(31488K)->31012K(31488K) NonClass: 27759K(28032K)->27759K(28032K) Class: 3253K(3456K)->3253K(3456K)
[52.570s][info][gc             ] GC(1555) Pause Full (Allocation Failure) 494M->491M(494M) 14.779ms
[52.570s][info][gc,cpu         ] GC(1555) User=0.02s Sys=0.00s Real=0.02s
[52.574s][info][gc,start       ] GC(1556) Pause Full (Allocation Failure)
[52.574s][info][gc,phases,start] GC(1556) Phase 1: Mark live objects
[52.581s][info][gc,phases      ] GC(1556) Phase 1: Mark live objects 7.252ms
[52.581s][info][gc,phases,start] GC(1556) Phase 2: Compute new object addresses
[52.583s][info][gc,phases      ] GC(1556) Phase 2: Compute new object addresses 2.095ms
[52.583s][info][gc,phases,start] GC(1556) Phase 3: Adjust pointers
[52.588s][info][gc,phases      ] GC(1556) Phase 3: Adjust pointers 4.975ms
[52.588s][info][gc,phases,start] GC(1556) Phase 4: Move objects
[52.588s][info][gc,phases      ] GC(1556) Phase 4: Move objects 0.077ms
[52.588s][info][gc,heap        ] GC(1556) DefNew: 157013K(157248K)->153422K(157248K) Eden: 139776K(139776K)->139666K(139776K) From: 17237K(17472K)->13755K(17472K)
[52.588s][info][gc,heap        ] GC(1556) Tenured: 349446K(349568K)->349446K(349568K)
[52.588s][info][gc,metaspace   ] GC(1556) Metaspace: 31012K(31488K)->31012K(31488K) NonClass: 27759K(28032K)->27759K(28032K) Class: 3253K(3456K)->3253K(3456K)
[52.588s][info][gc             ] GC(1556) Pause Full (Allocation Failure) 494M->491M(494M) 14.703ms
[52.589s][info][gc,cpu         ] GC(1556) User=0.02s Sys=0.00s Real=0.02s
[52.594s][info][gc,start       ] GC(1557) Pause Full (Allocation Failure)
[52.594s][info][gc,phases,start] GC(1557) Phase 1: Mark live objects
[52.601s][info][gc,phases      ] GC(1557) Phase 1: Mark live objects 7.532ms
[52.601s][info][gc,phases,start] GC(1557) Phase 2: Compute new object addresses
[52.603s][info][gc,phases      ] GC(1557) Phase 2: Compute new object addresses 2.081ms
[52.603s][info][gc,phases,start] GC(1557) Phase 3: Adjust pointers
[52.609s][info][gc,phases      ] GC(1557) Phase 3: Adjust pointers 5.261ms
[52.609s][info][gc,phases,start] GC(1557) Phase 4: Move objects
[52.609s][info][gc,phases      ] GC(1557) Phase 4: Move objects 0.057ms
[52.609s][info][gc,heap        ] GC(1557) DefNew: 157142K(157248K)->152919K(157248K) Eden: 139776K(139776K)->139665K(139776K) From: 17366K(17472K)->13254K(17472K)
[52.609s][info][gc,heap        ] GC(1557) Tenured: 349446K(349568K)->349446K(349568K)
[52.609s][info][gc,metaspace   ] GC(1557) Metaspace: 31012K(31488K)->31012K(31488K) NonClass: 27759K(28032K)->27759K(28032K) Class: 3253K(3456K)->3253K(3456K)
[52.609s][info][gc             ] GC(1557) Pause Full (Allocation Failure) 494M->490M(494M) 15.241ms
[52.609s][info][gc,cpu         ] GC(1557) User=0.02s Sys=0.00s Real=0.02s
[52.609s][info][gc,start       ] GC(1558) Pause Full (Allocation Failure)
[52.609s][info][gc,phases,start] GC(1558) Phase 1: Mark live objects
[52.617s][info][gc,phases      ] GC(1558) Phase 1: Mark live objects 7.154ms
[52.617s][info][gc,phases,start] GC(1558) Phase 2: Compute new object addresses
[52.619s][info][gc,phases      ] GC(1558) Phase 2: Compute new object addresses 2.057ms
[52.619s][info][gc,phases,start] GC(1558) Phase 3: Adjust pointers
[52.624s][info][gc,phases      ] GC(1558) Phase 3: Adjust pointers 4.834ms
[52.624s][info][gc,phases,start] GC(1558) Phase 4: Move objects
[52.624s][info][gc,phases      ] GC(1558) Phase 4: Move objects 0.161ms
[52.624s][info][gc,heap        ] GC(1558) DefNew: 157157K(157248K)->154202K(157248K) Eden: 139776K(139776K)->139667K(139776K) From: 17381K(17472K)->14534K(17472K)
[52.624s][info][gc,heap        ] GC(1558) Tenured: 349446K(349568K)->349446K(349568K)
[52.624s][info][gc,metaspace   ] GC(1558) Metaspace: 31012K(31488K)->31012K(31488K) NonClass: 27759K(28032K)->27759K(28032K) Class: 3253K(3456K)->3253K(3456K)
[52.624s][info][gc             ] GC(1558) Pause Full (Allocation Failure) 494M->491M(494M) 14.512ms
[52.624s][info][gc,cpu         ] GC(1558) User=0.01s Sys=0.00s Real=0.02s
[52.625s][info][gc,start       ] GC(1559) Pause Full (Allocation Failure)
[52.625s][info][gc,phases,start] GC(1559) Phase 1: Mark live objects
[52.632s][info][gc,phases      ] GC(1559) Phase 1: Mark live objects 6.958ms
[52.632s][info][gc,phases,start] GC(1559) Phase 2: Compute new object addresses
[52.634s][info][gc,phases      ] GC(1559) Phase 2: Compute new object addresses 1.992ms
[52.634s][info][gc,phases,start] GC(1559) Phase 3: Adjust pointers
[52.639s][info][gc,phases      ] GC(1559) Phase 3: Adjust pointers 4.961ms
[52.639s][info][gc,phases,start] GC(1559) Phase 4: Move objects
[52.639s][info][gc,phases      ] GC(1559) Phase 4: Move objects 0.139ms
[52.639s][info][gc,heap        ] GC(1559) DefNew: 157200K(157248K)->154205K(157248K) Eden: 139776K(139776K)->139668K(139776K) From: 17424K(17472K)->14537K(17472K)
[52.639s][info][gc,heap        ] GC(1559) Tenured: 349446K(349568K)->349446K(349568K)
[52.639s][info][gc,metaspace   ] GC(1559) Metaspace: 31012K(31488K)->31012K(31488K) NonClass: 27759K(28032K)->27759K(28032K) Class: 3253K(3456K)->3253K(3456K)
[52.639s][info][gc             ] GC(1559) Pause Full (Allocation Failure) 494M->491M(494M) 14.330ms
[52.639s][info][gc,cpu         ] GC(1559) User=0.01s Sys=0.00s Real=0.01s
[52.640s][info][gc,start       ] GC(1560) Pause Full (Allocation Failure)
[52.640s][info][gc,phases,start] GC(1560) Phase 1: Mark live objects
[52.647s][info][gc,phases      ] GC(1560) Phase 1: Mark live objects 7.036ms
[52.647s][info][gc,phases,start] GC(1560) Phase 2: Compute new object addresses
[52.650s][info][gc,phases      ] GC(1560) Phase 2: Compute new object addresses 2.051ms
[52.650s][info][gc,phases,start] GC(1560) Phase 3: Adjust pointers
[52.655s][info][gc,phases      ] GC(1560) Phase 3: Adjust pointers 5.037ms
[52.655s][info][gc,phases,start] GC(1560) Phase 4: Move objects
[52.655s][info][gc,phases      ] GC(1560) Phase 4: Move objects 0.174ms
[52.655s][info][gc,heap        ] GC(1560) DefNew: 156948K(157248K)->154718K(157248K) Eden: 139776K(139776K)->139667K(139776K) From: 17172K(17472K)->15051K(17472K)
[52.655s][info][gc,heap        ] GC(1560) Tenured: 349446K(349568K)->349446K(349568K)
[52.655s][info][gc,metaspace   ] GC(1560) Metaspace: 31012K(31488K)->31012K(31488K) NonClass: 27759K(28032K)->27759K(28032K) Class: 3253K(3456K)->3253K(3456K)
[52.655s][info][gc             ] GC(1560) Pause Full (Allocation Failure) 494M->492M(494M) 14.613ms
[52.655s][info][gc,cpu         ] GC(1560) User=0.01s Sys=0.00s Real=0.01s
[52.656s][info][gc,start       ] GC(1561) Pause Full (Allocation Failure)
[52.656s][info][gc,phases,start] GC(1561) Phase 1: Mark live objects
[52.663s][info][gc,phases      ] GC(1561) Phase 1: Mark live objects 7.106ms
[52.663s][info][gc,phases,start] GC(1561) Phase 2: Compute new object addresses
[52.665s][info][gc,phases      ] GC(1561) Phase 2: Compute new object addresses 2.044ms
[52.665s][info][gc,phases,start] GC(1561) Phase 3: Adjust pointers
[52.670s][info][gc,phases      ] GC(1561) Phase 3: Adjust pointers 5.114ms
[52.670s][info][gc,phases,start] GC(1561) Phase 4: Move objects
[52.670s][info][gc,phases      ] GC(1561) Phase 4: Move objects 0.164ms
[52.670s][info][gc,heap        ] GC(1561) DefNew: 157132K(157248K)->154976K(157248K) Eden: 139776K(139776K)->139669K(139776K) From: 17356K(17472K)->15307K(17472K)
[52.670s][info][gc,heap        ] GC(1561) Tenured: 349446K(349568K)->349446K(349568K)
[52.670s][info][gc,metaspace   ] GC(1561) Metaspace: 31012K(31488K)->31012K(31488K) NonClass: 27759K(28032K)->27759K(28032K) Class: 3253K(3456K)->3253K(3456K)
[52.670s][info][gc             ] GC(1561) Pause Full (Allocation Failure) 494M->492M(494M) 14.771ms
[52.670s][info][gc,cpu         ] GC(1561) User=0.01s Sys=0.01s Real=0.02s
[52.673s][info][gc,start       ] GC(1562) Pause Full (Allocation Failure)
[52.673s][info][gc,phases,start] GC(1562) Phase 1: Mark live objects
[52.681s][info][gc,phases      ] GC(1562) Phase 1: Mark live objects 7.904ms
[52.681s][info][gc,phases,start] GC(1562) Phase 2: Compute new object addresses
[52.683s][info][gc,phases      ] GC(1562) Phase 2: Compute new object addresses 2.061ms
[52.683s][info][gc,phases,start] GC(1562) Phase 3: Adjust pointers
[52.688s][info][gc,phases      ] GC(1562) Phase 3: Adjust pointers 5.133ms
[52.688s][info][gc,phases,start] GC(1562) Phase 4: Move objects
[52.688s][info][gc,phases      ] GC(1562) Phase 4: Move objects 0.122ms
[52.689s][info][gc,heap        ] GC(1562) DefNew: 157248K(157248K)->153690K(157248K) Eden: 139776K(139776K)->139666K(139776K) From: 17472K(17472K)->14024K(17472K)
[52.689s][info][gc,heap        ] GC(1562) Tenured: 349568K(349568K)->349568K(349568K)
[52.689s][info][gc,metaspace   ] GC(1562) Metaspace: 31012K(31488K)->31012K(31488K) NonClass: 27759K(28032K)->27759K(28032K) Class: 3253K(3456K)->3253K(3456K)
[52.689s][info][gc             ] GC(1562) Pause Full (Allocation Failure) 494M->491M(494M) 15.503ms
[52.689s][info][gc,cpu         ] GC(1562) User=0.02s Sys=0.00s Real=0.02s
[52.692s][info][gc,start       ] GC(1563) Pause Full (Allocation Failure)
[52.692s][info][gc,phases,start] GC(1563) Phase 1: Mark live objects
[52.700s][info][gc,phases      ] GC(1563) Phase 1: Mark live objects 7.574ms
[52.700s][info][gc,phases,start] GC(1563) Phase 2: Compute new object addresses
[52.702s][info][gc,phases      ] GC(1563) Phase 2: Compute new object addresses 2.225ms
[52.702s][info][gc,phases,start] GC(1563) Phase 3: Adjust pointers
[52.708s][info][gc,phases      ] GC(1563) Phase 3: Adjust pointers 5.304ms
[52.708s][info][gc,phases,start] GC(1563) Phase 4: Move objects
[52.708s][info][gc,phases      ] GC(1563) Phase 4: Move objects 0.142ms
[52.708s][info][gc,heap        ] GC(1563) DefNew: 157247K(157248K)->153441K(157248K) Eden: 139776K(139776K)->139665K(139776K) From: 17471K(17472K)->13775K(17472K)
[52.708s][info][gc,heap        ] GC(1563) Tenured: 349568K(349568K)->349448K(349568K)
[52.708s][info][gc,metaspace   ] GC(1563) Metaspace: 31012K(31488K)->31012K(31488K) NonClass: 27759K(28032K)->27759K(28032K) Class: 3253K(3456K)->3253K(3456K)
[52.708s][info][gc             ] GC(1563) Pause Full (Allocation Failure) 494M->491M(494M) 15.553ms
[52.708s][info][gc,cpu         ] GC(1563) User=0.01s Sys=0.00s Real=0.02s
[52.711s][info][gc,start       ] GC(1564) Pause Full (Allocation Failure)
[52.711s][info][gc,phases,start] GC(1564) Phase 1: Mark live objects
[52.719s][info][gc,phases      ] GC(1564) Phase 1: Mark live objects 7.389ms
[52.719s][info][gc,phases,start] GC(1564) Phase 2: Compute new object addresses
[52.721s][info][gc,phases      ] GC(1564) Phase 2: Compute new object addresses 2.129ms
[52.721s][info][gc,phases,start] GC(1564) Phase 3: Adjust pointers
[52.726s][info][gc,phases      ] GC(1564) Phase 3: Adjust pointers 4.913ms
[52.726s][info][gc,phases,start] GC(1564) Phase 4: Move objects
[52.726s][info][gc,phases      ] GC(1564) Phase 4: Move objects 0.101ms
[52.726s][info][gc,heap        ] GC(1564) DefNew: 157198K(157248K)->153703K(157248K) Eden: 139776K(139776K)->139664K(139776K) From: 17422K(17472K)->14038K(17472K)
[52.726s][info][gc,heap        ] GC(1564) Tenured: 349448K(349568K)->349448K(349568K)
[52.726s][info][gc,metaspace   ] GC(1564) Metaspace: 31012K(31488K)->31012K(31488K) NonClass: 27759K(28032K)->27759K(28032K) Class: 3253K(3456K)->3253K(3456K)
[52.726s][info][gc             ] GC(1564) Pause Full (Allocation Failure) 494M->491M(494M) 14.898ms
[52.726s][info][gc,cpu         ] GC(1564) User=0.01s Sys=0.00s Real=0.02s
[52.729s][info][gc,start       ] GC(1565) Pause Full (Allocation Failure)
[52.729s][info][gc,phases,start] GC(1565) Phase 1: Mark live objects
[52.736s][info][gc,phases      ] GC(1565) Phase 1: Mark live objects 7.628ms
[52.736s][info][gc,phases,start] GC(1565) Phase 2: Compute new object addresses
[52.738s][info][gc,phases      ] GC(1565) Phase 2: Compute new object addresses 2.015ms
[52.738s][info][gc,phases,start] GC(1565) Phase 3: Adjust pointers
[52.743s][info][gc,phases      ] GC(1565) Phase 3: Adjust pointers 4.726ms
[52.743s][info][gc,phases,start] GC(1565) Phase 4: Move objects
[52.743s][info][gc,phases      ] GC(1565) Phase 4: Move objects 0.104ms
[52.743s][info][gc,heap        ] GC(1565) DefNew: 157183K(157248K)->153704K(157248K) Eden: 139776K(139776K)->139665K(139776K) From: 17407K(17472K)->14039K(17472K)
[52.743s][info][gc,heap        ] GC(1565) Tenured: 349448K(349568K)->349448K(349568K)
[52.743s][info][gc,metaspace   ] GC(1565) Metaspace: 31012K(31488K)->31012K(31488K) NonClass: 27759K(28032K)->27759K(28032K) Class: 3253K(3456K)->3253K(3456K)
[52.743s][info][gc             ] GC(1565) Pause Full (Allocation Failure) 494M->491M(494M) 14.752ms
[52.743s][info][gc,cpu         ] GC(1565) User=0.01s Sys=0.00s Real=0.01s
[52.744s][info][gc,start       ] GC(1566) Pause Full (Allocation Failure)
[52.744s][info][gc,phases,start] GC(1566) Phase 1: Mark live objects
[52.751s][info][gc,phases      ] GC(1566) Phase 1: Mark live objects 6.862ms
[52.751s][info][gc,phases,start] GC(1566) Phase 2: Compute new object addresses
[52.753s][info][gc,phases      ] GC(1566) Phase 2: Compute new object addresses 1.970ms
[52.753s][info][gc,phases,start] GC(1566) Phase 3: Adjust pointers
[52.758s][info][gc,phases      ] GC(1566) Phase 3: Adjust pointers 4.758ms
[52.758s][info][gc,phases,start] GC(1566) Phase 4: Move objects
[52.758s][info][gc,phases      ] GC(1566) Phase 4: Move objects 0.118ms
[52.758s][info][gc,heap        ] GC(1566) DefNew: 156962K(157248K)->154222K(157248K) Eden: 139776K(139776K)->139667K(139776K) From: 17186K(17472K)->14554K(17472K)
[52.758s][info][gc,heap        ] GC(1566) Tenured: 349448K(349568K)->349448K(349568K)
[52.758s][info][gc,metaspace   ] GC(1566) Metaspace: 31012K(31488K)->31012K(31488K) NonClass: 27759K(28032K)->27759K(28032K) Class: 3253K(3456K)->3253K(3456K)
[52.758s][info][gc             ] GC(1566) Pause Full (Allocation Failure) 494M->491M(494M) 13.999ms
[52.758s][info][gc,cpu         ] GC(1566) User=0.01s Sys=0.01s Real=0.01s
[52.761s][info][gc,start       ] GC(1567) Pause Full (Allocation Failure)
[52.761s][info][gc,phases,start] GC(1567) Phase 1: Mark live objects
[52.768s][info][gc,phases      ] GC(1567) Phase 1: Mark live objects 7.021ms
[52.768s][info][gc,phases,start] GC(1567) Phase 2: Compute new object addresses
[52.770s][info][gc,phases      ] GC(1567) Phase 2: Compute new object addresses 2.075ms
[52.770s][info][gc,phases,start] GC(1567) Phase 3: Adjust pointers
[52.775s][info][gc,phases      ] GC(1567) Phase 3: Adjust pointers 4.779ms
[52.775s][info][gc,phases,start] GC(1567) Phase 4: Move objects
[52.775s][info][gc,phases      ] GC(1567) Phase 4: Move objects 0.093ms
[52.775s][info][gc,heap        ] GC(1567) DefNew: 157247K(157248K)->153449K(157248K) Eden: 139776K(139776K)->139666K(139776K) From: 17471K(17472K)->13782K(17472K)
[52.775s][info][gc,heap        ] GC(1567) Tenured: 349568K(349568K)->349451K(349568K)
[52.775s][info][gc,metaspace   ] GC(1567) Metaspace: 31012K(31488K)->31012K(31488K) NonClass: 27759K(28032K)->27759K(28032K) Class: 3253K(3456K)->3253K(3456K)
[52.775s][info][gc             ] GC(1567) Pause Full (Allocation Failure) 494M->491M(494M) 14.260ms
[52.775s][info][gc,cpu         ] GC(1567) User=0.01s Sys=0.00s Real=0.01s
[52.779s][info][gc,start       ] GC(1568) Pause Full (Allocation Failure)
[52.779s][info][gc,phases,start] GC(1568) Phase 1: Mark live objects
[52.786s][info][gc,phases      ] GC(1568) Phase 1: Mark live objects 7.006ms
[52.786s][info][gc,phases,start] GC(1568) Phase 2: Compute new object addresses
[52.788s][info][gc,phases      ] GC(1568) Phase 2: Compute new object addresses 2.090ms
[52.788s][info][gc,phases,start] GC(1568) Phase 3: Adjust pointers
[52.793s][info][gc,phases      ] GC(1568) Phase 3: Adjust pointers 4.880ms
[52.793s][info][gc,phases,start] GC(1568) Phase 4: Move objects
[52.793s][info][gc,phases      ] GC(1568) Phase 4: Move objects 0.104ms
[52.793s][info][gc,heap        ] GC(1568) DefNew: 157222K(157248K)->153710K(157248K) Eden: 139776K(139776K)->139664K(139776K) From: 17446K(17472K)->14045K(17472K)
[52.793s][info][gc,heap        ] GC(1568) Tenured: 349451K(349568K)->349451K(349568K)
[52.793s][info][gc,metaspace   ] GC(1568) Metaspace: 31012K(31488K)->31012K(31488K) NonClass: 27759K(28032K)->27759K(28032K) Class: 3253K(3456K)->3253K(3456K)
[52.793s][info][gc             ] GC(1568) Pause Full (Allocation Failure) 494M->491M(494M) 14.359ms
[52.793s][info][gc,cpu         ] GC(1568) User=0.02s Sys=0.00s Real=0.01s
[52.796s][info][gc,start       ] GC(1569) Pause Full (Allocation Failure)
[52.796s][info][gc,phases,start] GC(1569) Phase 1: Mark live objects
[52.803s][info][gc,phases      ] GC(1569) Phase 1: Mark live objects 7.221ms
[52.803s][info][gc,phases,start] GC(1569) Phase 2: Compute new object addresses
[52.805s][info][gc,phases      ] GC(1569) Phase 2: Compute new object addresses 2.216ms
[52.805s][info][gc,phases,start] GC(1569) Phase 3: Adjust pointers
[52.811s][info][gc,phases      ] GC(1569) Phase 3: Adjust pointers 6.046ms
[52.811s][info][gc,phases,start] GC(1569) Phase 4: Move objects
[52.811s][info][gc,phases      ] GC(1569) Phase 4: Move objects 0.106ms
[52.812s][info][gc,heap        ] GC(1569) DefNew: 157175K(157248K)->153712K(157248K) Eden: 139776K(139776K)->139666K(139776K) From: 17399K(17472K)->14046K(17472K)
[52.812s][info][gc,heap        ] GC(1569) Tenured: 349451K(349568K)->349451K(349568K)
[52.812s][info][gc,metaspace   ] GC(1569) Metaspace: 31012K(31488K)->31012K(31488K) NonClass: 27759K(28032K)->27759K(28032K) Class: 3253K(3456K)->3253K(3456K)
[52.812s][info][gc             ] GC(1569) Pause Full (Allocation Failure) 494M->491M(494M) 15.944ms
[52.812s][info][gc,cpu         ] GC(1569) User=0.02s Sys=0.00s Real=0.02s
[52.813s][info][gc,start       ] GC(1570) Pause Full (Allocation Failure)
[52.813s][info][gc,phases,start] GC(1570) Phase 1: Mark live objects
[52.820s][info][gc,phases      ] GC(1570) Phase 1: Mark live objects 7.681ms
[52.820s][info][gc,phases,start] GC(1570) Phase 2: Compute new object addresses
[52.823s][info][gc,phases      ] GC(1570) Phase 2: Compute new object addresses 2.273ms
[52.823s][info][gc,phases,start] GC(1570) Phase 3: Adjust pointers
[52.828s][info][gc,phases      ] GC(1570) Phase 3: Adjust pointers 5.162ms
[52.828s][info][gc,phases,start] GC(1570) Phase 4: Move objects
[52.828s][info][gc,phases      ] GC(1570) Phase 4: Move objects 0.130ms
[52.828s][info][gc,heap        ] GC(1570) DefNew: 156974K(157248K)->154230K(157248K) Eden: 139776K(139776K)->139668K(139776K) From: 17198K(17472K)->14561K(17472K)
[52.828s][info][gc,heap        ] GC(1570) Tenured: 349451K(349568K)->349451K(349568K)
[52.828s][info][gc,metaspace   ] GC(1570) Metaspace: 31012K(31488K)->31012K(31488K) NonClass: 27759K(28032K)->27759K(28032K) Class: 3253K(3456K)->3253K(3456K)
[52.828s][info][gc             ] GC(1570) Pause Full (Allocation Failure) 494M->491M(494M) 15.570ms
[52.828s][info][gc,cpu         ] GC(1570) User=0.02s Sys=0.00s Real=0.02s
[52.830s][info][gc,start       ] GC(1571) Pause Full (Allocation Failure)
[52.830s][info][gc,phases,start] GC(1571) Phase 1: Mark live objects
[52.837s][info][gc,phases      ] GC(1571) Phase 1: Mark live objects 7.652ms
[52.838s][info][gc,phases,start] GC(1571) Phase 2: Compute new object addresses
[52.840s][info][gc,phases      ] GC(1571) Phase 2: Compute new object addresses 2.240ms
[52.840s][info][gc,phases,start] GC(1571) Phase 3: Adjust pointers
[52.845s][info][gc,phases      ] GC(1571) Phase 3: Adjust pointers 5.163ms
[52.845s][info][gc,phases,start] GC(1571) Phase 4: Move objects
[52.845s][info][gc,phases      ] GC(1571) Phase 4: Move objects 0.100ms
[52.845s][info][gc,heap        ] GC(1571) DefNew: 157248K(157248K)->153716K(157248K) Eden: 139776K(139776K)->139669K(139776K) From: 17472K(17472K)->14047K(17472K)
[52.845s][info][gc,heap        ] GC(1571) Tenured: 349469K(349568K)->349451K(349568K)
[52.845s][info][gc,metaspace   ] GC(1571) Metaspace: 31012K(31488K)->31012K(31488K) NonClass: 27759K(28032K)->27759K(28032K) Class: 3253K(3456K)->3253K(3456K)
[52.845s][info][gc             ] GC(1571) Pause Full (Allocation Failure) 494M->491M(494M) 15.506ms
[52.845s][info][gc,cpu         ] GC(1571) User=0.02s Sys=0.00s Real=0.02s
[52.849s][info][gc,start       ] GC(1572) Pause Full (Allocation Failure)
[52.849s][info][gc,phases,start] GC(1572) Phase 1: Mark live objects
[52.857s][info][gc,phases      ] GC(1572) Phase 1: Mark live objects 7.573ms
[52.857s][info][gc,phases,start] GC(1572) Phase 2: Compute new object addresses
[52.859s][info][gc,phases      ] GC(1572) Phase 2: Compute new object addresses 2.217ms
[52.859s][info][gc,phases,start] GC(1572) Phase 3: Adjust pointers
[52.864s][info][gc,phases      ] GC(1572) Phase 3: Adjust pointers 5.292ms
[52.864s][info][gc,phases,start] GC(1572) Phase 4: Move objects
[52.865s][info][gc,phases      ] GC(1572) Phase 4: Move objects 0.097ms
[52.865s][info][gc,heap        ] GC(1572) DefNew: 157248K(157248K)->153463K(157248K) Eden: 139776K(139776K)->139665K(139776K) From: 17472K(17472K)->13797K(17472K)
[52.865s][info][gc,heap        ] GC(1572) Tenured: 349482K(349568K)->349482K(349568K)
[52.865s][info][gc,metaspace   ] GC(1572) Metaspace: 31012K(31488K)->31012K(31488K) NonClass: 27759K(28032K)->27759K(28032K) Class: 3253K(3456K)->3253K(3456K)
[52.865s][info][gc             ] GC(1572) Pause Full (Allocation Failure) 494M->491M(494M) 15.528ms
[52.865s][info][gc,cpu         ] GC(1572) User=0.01s Sys=0.00s Real=0.02s
[52.868s][info][gc,start       ] GC(1573) Pause Full (Allocation Failure)
[52.868s][info][gc,phases,start] GC(1573) Phase 1: Mark live objects
[52.876s][info][gc,phases      ] GC(1573) Phase 1: Mark live objects 7.995ms
[52.876s][info][gc,phases,start] GC(1573) Phase 2: Compute new object addresses
[52.879s][info][gc,phases      ] GC(1573) Phase 2: Compute new object addresses 2.256ms
[52.879s][info][gc,phases,start] GC(1573) Phase 3: Adjust pointers
[52.884s][info][gc,phases      ] GC(1573) Phase 3: Adjust pointers 5.211ms
[52.884s][info][gc,phases,start] GC(1573) Phase 4: Move objects
[52.884s][info][gc,phases      ] GC(1573) Phase 4: Move objects 0.098ms
[52.884s][info][gc,heap        ] GC(1573) DefNew: 157245K(157248K)->153471K(157248K) Eden: 139776K(139776K)->139666K(139776K) From: 17469K(17472K)->13804K(17472K)
[52.884s][info][gc,heap        ] GC(1573) Tenured: 349482K(349568K)->349482K(349568K)
[52.884s][info][gc,metaspace   ] GC(1573) Metaspace: 31012K(31488K)->31012K(31488K) NonClass: 27759K(28032K)->27759K(28032K) Class: 3253K(3456K)->3253K(3456K)
[52.884s][info][gc             ] GC(1573) Pause Full (Allocation Failure) 494M->491M(494M) 16.045ms
[52.884s][info][gc,cpu         ] GC(1573) User=0.01s Sys=0.00s Real=0.02s
[52.885s][info][gc,start       ] GC(1574) Pause Full (Allocation Failure)
[52.885s][info][gc,phases,start] GC(1574) Phase 1: Mark live objects
[52.893s][info][gc,phases      ] GC(1574) Phase 1: Mark live objects 7.437ms
[52.893s][info][gc,phases,start] GC(1574) Phase 2: Compute new object addresses
[52.895s][info][gc,phases      ] GC(1574) Phase 2: Compute new object addresses 2.042ms
[52.895s][info][gc,phases,start] GC(1574) Phase 3: Adjust pointers
[52.900s][info][gc,phases      ] GC(1574) Phase 3: Adjust pointers 4.899ms
[52.900s][info][gc,phases,start] GC(1574) Phase 4: Move objects
[52.900s][info][gc,phases      ] GC(1574) Phase 4: Move objects 0.141ms
[52.900s][info][gc,heap        ] GC(1574) DefNew: 157248K(157248K)->154241K(157248K) Eden: 139776K(139776K)->139668K(139776K) From: 17472K(17472K)->14573K(17472K)
[52.900s][info][gc,heap        ] GC(1574) Tenured: 349485K(349568K)->349485K(349568K)
[52.900s][info][gc,metaspace   ] GC(1574) Metaspace: 31012K(31488K)->31012K(31488K) NonClass: 27759K(28032K)->27759K(28032K) Class: 3253K(3456K)->3253K(3456K)
[52.900s][info][gc             ] GC(1574) Pause Full (Allocation Failure) 494M->491M(494M) 14.819ms
[52.900s][info][gc,cpu         ] GC(1574) User=0.01s Sys=0.00s Real=0.01s
[52.901s][info][gc,start       ] GC(1575) Pause Full (Allocation Failure)
[52.901s][info][gc,phases,start] GC(1575) Phase 1: Mark live objects
[52.908s][info][gc,phases      ] GC(1575) Phase 1: Mark live objects 7.476ms
[52.908s][info][gc,phases,start] GC(1575) Phase 2: Compute new object addresses
[52.910s][info][gc,phases      ] GC(1575) Phase 2: Compute new object addresses 2.019ms
[52.910s][info][gc,phases,start] GC(1575) Phase 3: Adjust pointers
[52.915s][info][gc,phases      ] GC(1575) Phase 3: Adjust pointers 4.852ms
[52.915s][info][gc,phases,start] GC(1575) Phase 4: Move objects
[52.915s][info][gc,phases      ] GC(1575) Phase 4: Move objects 0.129ms
[52.916s][info][gc,heap        ] GC(1575) DefNew: 157175K(157248K)->154242K(157248K) Eden: 139776K(139776K)->139670K(139776K) From: 17399K(17472K)->14571K(17472K)
[52.916s][info][gc,heap        ] GC(1575) Tenured: 349485K(349568K)->349450K(349568K)
[52.916s][info][gc,metaspace   ] GC(1575) Metaspace: 31012K(31488K)->31012K(31488K) NonClass: 27759K(28032K)->27759K(28032K) Class: 3253K(3456K)->3253K(3456K)
[52.916s][info][gc             ] GC(1575) Pause Full (Allocation Failure) 494M->491M(494M) 14.793ms
[52.916s][info][gc,cpu         ] GC(1575) User=0.02s Sys=0.00s Real=0.01s
[52.918s][info][gc,start       ] GC(1576) Pause Full (Allocation Failure)
[52.918s][info][gc,phases,start] GC(1576) Phase 1: Mark live objects
[52.926s][info][gc,phases      ] GC(1576) Phase 1: Mark live objects 7.278ms
[52.926s][info][gc,phases,start] GC(1576) Phase 2: Compute new object addresses
[52.928s][info][gc,phases      ] GC(1576) Phase 2: Compute new object addresses 2.106ms
[52.928s][info][gc,phases,start] GC(1576) Phase 3: Adjust pointers
[52.933s][info][gc,phases      ] GC(1576) Phase 3: Adjust pointers 4.979ms
[52.933s][info][gc,phases,start] GC(1576) Phase 4: Move objects
[52.933s][info][gc,phases      ] GC(1576) Phase 4: Move objects 0.118ms
[52.933s][info][gc,heap        ] GC(1576) DefNew: 157153K(157248K)->153992K(157248K) Eden: 139776K(139776K)->139668K(139776K) From: 17377K(17472K)->14323K(17472K)
[52.933s][info][gc,heap        ] GC(1576) Tenured: 349450K(349568K)->349450K(349568K)
[52.933s][info][gc,metaspace   ] GC(1576) Metaspace: 31012K(31488K)->31012K(31488K) NonClass: 27759K(28032K)->27759K(28032K) Class: 3253K(3456K)->3253K(3456K)
[52.933s][info][gc             ] GC(1576) Pause Full (Allocation Failure) 494M->491M(494M) 14.789ms
[52.933s][info][gc,cpu         ] GC(1576) User=0.02s Sys=0.00s Real=0.01s
[52.936s][info][gc,start       ] GC(1577) Pause Full (Allocation Failure)
[52.936s][info][gc,phases,start] GC(1577) Phase 1: Mark live objects
[52.943s][info][gc,phases      ] GC(1577) Phase 1: Mark live objects 7.020ms
[52.943s][info][gc,phases,start] GC(1577) Phase 2: Compute new object addresses
[52.945s][info][gc,phases      ] GC(1577) Phase 2: Compute new object addresses 2.063ms
[52.945s][info][gc,phases,start] GC(1577) Phase 3: Adjust pointers
[52.950s][info][gc,phases      ] GC(1577) Phase 3: Adjust pointers 4.874ms
[52.950s][info][gc,phases,start] GC(1577) Phase 4: Move objects
[52.950s][info][gc,phases      ] GC(1577) Phase 4: Move objects 0.115ms
[52.950s][info][gc,heap        ] GC(1577) DefNew: 157248K(157248K)->153732K(157248K) Eden: 139776K(139776K)->139665K(139776K) From: 17472K(17472K)->14066K(17472K)
[52.950s][info][gc,heap        ] GC(1577) Tenured: 349567K(349568K)->349567K(349568K)
[52.950s][info][gc,metaspace   ] GC(1577) Metaspace: 31012K(31488K)->31012K(31488K) NonClass: 27759K(28032K)->27759K(28032K) Class: 3253K(3456K)->3253K(3456K)
[52.950s][info][gc             ] GC(1577) Pause Full (Allocation Failure) 494M->491M(494M) 14.376ms
[52.950s][info][gc,cpu         ] GC(1577) User=0.02s Sys=0.00s Real=0.02s
[52.954s][info][gc,start       ] GC(1578) Pause Full (Allocation Failure)
[52.954s][info][gc,phases,start] GC(1578) Phase 1: Mark live objects
[52.961s][info][gc,phases      ] GC(1578) Phase 1: Mark live objects 7.768ms
[52.961s][info][gc,phases,start] GC(1578) Phase 2: Compute new object addresses
[52.964s][info][gc,phases      ] GC(1578) Phase 2: Compute new object addresses 2.141ms
[52.964s][info][gc,phases,start] GC(1578) Phase 3: Adjust pointers
[52.969s][info][gc,phases      ] GC(1578) Phase 3: Adjust pointers 5.144ms
[52.969s][info][gc,phases,start] GC(1578) Phase 4: Move objects
[52.969s][info][gc,phases      ] GC(1578) Phase 4: Move objects 0.094ms
[52.969s][info][gc,heap        ] GC(1578) DefNew: 157247K(157248K)->153481K(157248K) Eden: 139776K(139776K)->139665K(139776K) From: 17471K(17472K)->13815K(17472K)
[52.969s][info][gc,heap        ] GC(1578) Tenured: 349567K(349568K)->349567K(349568K)
[52.969s][info][gc,metaspace   ] GC(1578) Metaspace: 31012K(31488K)->31012K(31488K) NonClass: 27759K(28032K)->27759K(28032K) Class: 3253K(3456K)->3253K(3456K)
[52.969s][info][gc             ] GC(1578) Pause Full (Allocation Failure) 494M->491M(494M) 15.453ms
[52.969s][info][gc,cpu         ] GC(1578) User=0.02s Sys=0.00s Real=0.02s
[52.972s][info][gc,start       ] GC(1579) Pause Full (Allocation Failure)
[52.973s][info][gc,phases,start] GC(1579) Phase 1: Mark live objects
[52.981s][info][gc,phases      ] GC(1579) Phase 1: Mark live objects 8.110ms
[52.981s][info][gc,phases,start] GC(1579) Phase 2: Compute new object addresses
[52.983s][info][gc,phases      ] GC(1579) Phase 2: Compute new object addresses 2.259ms
[52.983s][info][gc,phases,start] GC(1579) Phase 3: Adjust pointers
[52.988s][info][gc,phases      ] GC(1579) Phase 3: Adjust pointers 5.131ms
[52.988s][info][gc,phases,start] GC(1579) Phase 4: Move objects
[52.988s][info][gc,phases      ] GC(1579) Phase 4: Move objects 0.096ms
[52.988s][info][gc,heap        ] GC(1579) DefNew: 157037K(157248K)->153487K(157248K) Eden: 139776K(139776K)->139666K(139776K) From: 17261K(17472K)->13820K(17472K)
[52.988s][info][gc,heap        ] GC(1579) Tenured: 349567K(349568K)->349451K(349568K)
[52.988s][info][gc,metaspace   ] GC(1579) Metaspace: 31012K(31488K)->31012K(31488K) NonClass: 27759K(28032K)->27759K(28032K) Class: 3253K(3456K)->3253K(3456K)
[52.988s][info][gc             ] GC(1579) Pause Full (Allocation Failure) 494M->491M(494M) 15.910ms
[52.988s][info][gc,cpu         ] GC(1579) User=0.01s Sys=0.01s Real=0.02s
[52.993s][info][gc,start       ] GC(1580) Pause Full (Allocation Failure)
[52.993s][info][gc,phases,start] GC(1580) Phase 1: Mark live objects
[53.000s][info][gc,phases      ] GC(1580) Phase 1: Mark live objects 7.404ms
[53.000s][info][gc,phases,start] GC(1580) Phase 2: Compute new object addresses
[53.002s][info][gc,phases      ] GC(1580) Phase 2: Compute new object addresses 2.108ms
[53.002s][info][gc,phases,start] GC(1580) Phase 3: Adjust pointers
[53.007s][info][gc,phases      ] GC(1580) Phase 3: Adjust pointers 4.914ms
[53.007s][info][gc,phases,start] GC(1580) Phase 4: Move objects
[53.007s][info][gc,phases      ] GC(1580) Phase 4: Move objects 0.077ms
[53.008s][info][gc,heap        ] GC(1580) DefNew: 157123K(157248K)->153240K(157248K) Eden: 139776K(139776K)->139666K(139776K) From: 17347K(17472K)->13573K(17472K)
[53.008s][info][gc,heap        ] GC(1580) Tenured: 349451K(349568K)->349451K(349568K)
[53.008s][info][gc,metaspace   ] GC(1580) Metaspace: 31012K(31488K)->31012K(31488K) NonClass: 27759K(28032K)->27759K(28032K) Class: 3253K(3456K)->3253K(3456K)
[53.008s][info][gc             ] GC(1580) Pause Full (Allocation Failure) 494M->490M(494M) 14.802ms
[53.008s][info][gc,cpu         ] GC(1580) User=0.02s Sys=0.00s Real=0.02s
[53.008s][info][gc,start       ] GC(1581) Pause Full (Allocation Failure)
[53.008s][info][gc,phases,start] GC(1581) Phase 1: Mark live objects
[53.016s][info][gc,phases      ] GC(1581) Phase 1: Mark live objects 7.334ms
[53.016s][info][gc,phases,start] GC(1581) Phase 2: Compute new object addresses
[53.018s][info][gc,phases      ] GC(1581) Phase 2: Compute new object addresses 2.027ms
[53.018s][info][gc,phases,start] GC(1581) Phase 3: Adjust pointers
[53.023s][info][gc,phases      ] GC(1581) Phase 3: Adjust pointers 4.891ms
[53.023s][info][gc,phases,start] GC(1581) Phase 4: Move objects
[53.023s][info][gc,phases      ] GC(1581) Phase 4: Move objects 0.118ms
[53.023s][info][gc,heap        ] GC(1581) DefNew: 157227K(157248K)->154008K(157248K) Eden: 139776K(139776K)->139668K(139776K) From: 17451K(17472K)->14339K(17472K)
[53.023s][info][gc,heap        ] GC(1581) Tenured: 349451K(349568K)->349451K(349568K)
[53.023s][info][gc,metaspace   ] GC(1581) Metaspace: 31012K(31488K)->31012K(31488K) NonClass: 27759K(28032K)->27759K(28032K) Class: 3253K(3456K)->3253K(3456K)
[53.023s][info][gc             ] GC(1581) Pause Full (Allocation Failure) 494M->491M(494M) 14.678ms
[53.023s][info][gc,cpu         ] GC(1581) User=0.01s Sys=0.00s Real=0.01s
[53.025s][info][gc,start       ] GC(1582) Pause Full (Allocation Failure)
[53.025s][info][gc,phases,start] GC(1582) Phase 1: Mark live objects
[53.032s][info][gc,phases      ] GC(1582) Phase 1: Mark live objects 7.254ms
[53.032s][info][gc,phases,start] GC(1582) Phase 2: Compute new object addresses
[53.034s][info][gc,phases      ] GC(1582) Phase 2: Compute new object addresses 2.124ms
[53.034s][info][gc,phases,start] GC(1582) Phase 3: Adjust pointers
[53.039s][info][gc,phases      ] GC(1582) Phase 3: Adjust pointers 4.785ms
[53.039s][info][gc,phases,start] GC(1582) Phase 4: Move objects
[53.039s][info][gc,phases      ] GC(1582) Phase 4: Move objects 0.120ms
[53.039s][info][gc,heap        ] GC(1582) DefNew: 156838K(157248K)->153755K(157248K) Eden: 139776K(139776K)->139669K(139776K) From: 17062K(17472K)->14086K(17472K)
[53.039s][info][gc,heap        ] GC(1582) Tenured: 349451K(349568K)->349451K(349568K)
[53.039s][info][gc,metaspace   ] GC(1582) Metaspace: 31012K(31488K)->31012K(31488K) NonClass: 27759K(28032K)->27759K(28032K) Class: 3253K(3456K)->3253K(3456K)
[53.039s][info][gc             ] GC(1582) Pause Full (Allocation Failure) 494M->491M(494M) 14.586ms
[53.039s][info][gc,cpu         ] GC(1582) User=0.01s Sys=0.01s Real=0.01s
[53.042s][info][gc,start       ] GC(1583) Pause Full (Allocation Failure)
[53.042s][info][gc,phases,start] GC(1583) Phase 1: Mark live objects
[53.049s][info][gc,phases      ] GC(1583) Phase 1: Mark live objects 7.363ms
[53.049s][info][gc,phases,start] GC(1583) Phase 2: Compute new object addresses
[53.051s][info][gc,phases      ] GC(1583) Phase 2: Compute new object addresses 2.113ms
[53.051s][info][gc,phases,start] GC(1583) Phase 3: Adjust pointers
[53.057s][info][gc,phases      ] GC(1583) Phase 3: Adjust pointers 5.403ms
[53.057s][info][gc,phases,start] GC(1583) Phase 4: Move objects
[53.057s][info][gc,phases      ] GC(1583) Phase 4: Move objects 0.195ms
[53.057s][info][gc,heap        ] GC(1583) DefNew: 157226K(157248K)->154785K(157248K) Eden: 139776K(139776K)->139670K(139776K) From: 17450K(17472K)->15115K(17472K)
[53.057s][info][gc,heap        ] GC(1583) Tenured: 349451K(349568K)->349451K(349568K)
[53.057s][info][gc,metaspace   ] GC(1583) Metaspace: 31012K(31488K)->31012K(31488K) NonClass: 27759K(28032K)->27759K(28032K) Class: 3253K(3456K)->3253K(3456K)
[53.057s][info][gc             ] GC(1583) Pause Full (Allocation Failure) 494M->492M(494M) 15.392ms
[53.057s][info][gc,cpu         ] GC(1583) User=0.01s Sys=0.00s Real=0.02s
[53.057s][info][gc,start       ] GC(1584) Pause Full (Allocation Failure)
[53.057s][info][gc,phases,start] GC(1584) Phase 1: Mark live objects
[53.065s][info][gc,phases      ] GC(1584) Phase 1: Mark live objects 7.410ms
[53.065s][info][gc,phases,start] GC(1584) Phase 2: Compute new object addresses
[53.067s][info][gc,phases      ] GC(1584) Phase 2: Compute new object addresses 2.120ms
[53.067s][info][gc,phases,start] GC(1584) Phase 3: Adjust pointers
[53.072s][info][gc,phases      ] GC(1584) Phase 3: Adjust pointers 5.364ms
[53.073s][info][gc,phases,start] GC(1584) Phase 4: Move objects
[53.073s][info][gc,phases      ] GC(1584) Phase 4: Move objects 0.193ms
[53.073s][info][gc,heap        ] GC(1584) DefNew: 157222K(157248K)->155556K(157248K) Eden: 139776K(139776K)->139671K(139776K) From: 17446K(17472K)->15885K(17472K)
[53.073s][info][gc,heap        ] GC(1584) Tenured: 349451K(349568K)->349451K(349568K)
[53.073s][info][gc,metaspace   ] GC(1584) Metaspace: 31012K(31488K)->31012K(31488K) NonClass: 27759K(28032K)->27759K(28032K) Class: 3253K(3456K)->3253K(3456K)
[53.073s][info][gc             ] GC(1584) Pause Full (Allocation Failure) 494M->493M(494M) 15.427ms
[53.073s][info][gc,cpu         ] GC(1584) User=0.02s Sys=0.00s Real=0.01s
[53.074s][info][gc,start       ] GC(1585) Pause Full (Allocation Failure)
[53.074s][info][gc,phases,start] GC(1585) Phase 1: Mark live objects
[53.081s][info][gc,phases      ] GC(1585) Phase 1: Mark live objects 7.015ms
[53.081s][info][gc,phases,start] GC(1585) Phase 2: Compute new object addresses
[53.083s][info][gc,phases      ] GC(1585) Phase 2: Compute new object addresses 2.107ms
[53.083s][info][gc,phases,start] GC(1585) Phase 3: Adjust pointers
[53.088s][info][gc,phases      ] GC(1585) Phase 3: Adjust pointers 4.930ms
[53.088s][info][gc,phases,start] GC(1585) Phase 4: Move objects
[53.088s][info][gc,phases      ] GC(1585) Phase 4: Move objects 0.205ms
[53.088s][info][gc,heap        ] GC(1585) DefNew: 157223K(157248K)->155561K(157248K) Eden: 139776K(139776K)->139676K(139776K) From: 17447K(17472K)->15885K(17472K)
[53.088s][info][gc,heap        ] GC(1585) Tenured: 349451K(349568K)->349451K(349568K)
[53.088s][info][gc,metaspace   ] GC(1585) Metaspace: 31012K(31488K)->31012K(31488K) NonClass: 27759K(28032K)->27759K(28032K) Class: 3253K(3456K)->3253K(3456K)
[53.088s][info][gc             ] GC(1585) Pause Full (Allocation Failure) 494M->493M(494M) 14.575ms
[53.088s][info][gc,cpu         ] GC(1585) User=0.02s Sys=0.00s Real=0.02s
[53.090s][info][gc,start       ] GC(1586) Pause Full (Allocation Failure)
[53.090s][info][gc,phases,start] GC(1586) Phase 1: Mark live objects
[53.097s][info][gc,phases      ] GC(1586) Phase 1: Mark live objects 7.311ms
[53.097s][info][gc,phases,start] GC(1586) Phase 2: Compute new object addresses
[53.099s][info][gc,phases      ] GC(1586) Phase 2: Compute new object addresses 2.067ms
[53.099s][info][gc,phases,start] GC(1586) Phase 3: Adjust pointers
[53.104s][info][gc,phases      ] GC(1586) Phase 3: Adjust pointers 4.885ms
[53.104s][info][gc,phases,start] GC(1586) Phase 4: Move objects
[53.104s][info][gc,phases      ] GC(1586) Phase 4: Move objects 0.185ms
[53.104s][info][gc,heap        ] GC(1586) DefNew: 157026K(157248K)->154792K(157248K) Eden: 139775K(139776K)->139671K(139776K) From: 17250K(17472K)->15121K(17472K)
[53.104s][info][gc,heap        ] GC(1586) Tenured: 349451K(349568K)->349451K(349568K)
[53.104s][info][gc,metaspace   ] GC(1586) Metaspace: 31012K(31488K)->31012K(31488K) NonClass: 27759K(28032K)->27759K(28032K) Class: 3253K(3456K)->3253K(3456K)
[53.104s][info][gc             ] GC(1586) Pause Full (Allocation Failure) 494M->492M(494M) 14.797ms
[53.104s][info][gc,cpu         ] GC(1586) User=0.02s Sys=0.00s Real=0.02s
[53.105s][info][gc,start       ] GC(1587) Pause Full (Allocation Failure)
[53.105s][info][gc,phases,start] GC(1587) Phase 1: Mark live objects
[53.112s][info][gc,phases      ] GC(1587) Phase 1: Mark live objects 7.206ms
[53.112s][info][gc,phases,start] GC(1587) Phase 2: Compute new object addresses
[53.114s][info][gc,phases      ] GC(1587) Phase 2: Compute new object addresses 1.988ms
[53.114s][info][gc,phases,start] GC(1587) Phase 3: Adjust pointers
[53.119s][info][gc,phases      ] GC(1587) Phase 3: Adjust pointers 4.718ms
[53.119s][info][gc,phases,start] GC(1587) Phase 4: Move objects
[53.119s][info][gc,phases      ] GC(1587) Phase 4: Move objects 0.158ms
[53.119s][info][gc,heap        ] GC(1587) DefNew: 157007K(157248K)->154800K(157248K) Eden: 139776K(139776K)->139676K(139776K) From: 17231K(17472K)->15123K(17472K)
[53.119s][info][gc,heap        ] GC(1587) Tenured: 349451K(349568K)->349451K(349568K)
[53.119s][info][gc,metaspace   ] GC(1587) Metaspace: 31012K(31488K)->31012K(31488K) NonClass: 27759K(28032K)->27759K(28032K) Class: 3253K(3456K)->3253K(3456K)
[53.119s][info][gc             ] GC(1587) Pause Full (Allocation Failure) 494M->492M(494M) 14.374ms
[53.120s][info][gc,cpu         ] GC(1587) User=0.01s Sys=0.00s Real=0.01s
[53.122s][info][gc,start       ] GC(1588) Pause Full (Allocation Failure)
[53.122s][info][gc,phases,start] GC(1588) Phase 1: Mark live objects
[53.129s][info][gc,phases      ] GC(1588) Phase 1: Mark live objects 7.514ms
[53.129s][info][gc,phases,start] GC(1588) Phase 2: Compute new object addresses
[53.131s][info][gc,phases      ] GC(1588) Phase 2: Compute new object addresses 2.119ms
[53.131s][info][gc,phases,start] GC(1588) Phase 3: Adjust pointers
[53.136s][info][gc,phases      ] GC(1588) Phase 3: Adjust pointers 5.037ms
[53.136s][info][gc,phases,start] GC(1588) Phase 4: Move objects
[53.137s][info][gc,phases      ] GC(1588) Phase 4: Move objects 0.150ms
[53.137s][info][gc,heap        ] GC(1588) DefNew: 157175K(157248K)->154285K(157248K) Eden: 139776K(139776K)->139672K(139776K) From: 17399K(17472K)->14613K(17472K)
[53.137s][info][gc,heap        ] GC(1588) Tenured: 349451K(349568K)->349451K(349568K)
[53.137s][info][gc,metaspace   ] GC(1588) Metaspace: 31012K(31488K)->31012K(31488K) NonClass: 27759K(28032K)->27759K(28032K) Class: 3253K(3456K)->3253K(3456K)
[53.137s][info][gc             ] GC(1588) Pause Full (Allocation Failure) 494M->491M(494M) 15.167ms
[53.137s][info][gc,cpu         ] GC(1588) User=0.02s Sys=0.00s Real=0.02s
[53.139s][info][gc,start       ] GC(1589) Pause Full (Allocation Failure)
[53.139s][info][gc,phases,start] GC(1589) Phase 1: Mark live objects
[53.147s][info][gc,phases      ] GC(1589) Phase 1: Mark live objects 7.886ms
[53.147s][info][gc,phases,start] GC(1589) Phase 2: Compute new object addresses
[53.149s][info][gc,phases      ] GC(1589) Phase 2: Compute new object addresses 2.288ms
[53.149s][info][gc,phases,start] GC(1589) Phase 3: Adjust pointers
[53.154s][info][gc,phases      ] GC(1589) Phase 3: Adjust pointers 5.255ms
[53.155s][info][gc,phases,start] GC(1589) Phase 4: Move objects
[53.155s][info][gc,phases      ] GC(1589) Phase 4: Move objects 0.105ms
[53.155s][info][gc,heap        ] GC(1589) DefNew: 157247K(157248K)->153772K(157248K) Eden: 139775K(139776K)->139679K(139776K) From: 17472K(17472K)->14093K(17472K)
[53.155s][info][gc,heap        ] GC(1589) Tenured: 349567K(349568K)->349567K(349568K)
[53.155s][info][gc,metaspace   ] GC(1589) Metaspace: 31012K(31488K)->31012K(31488K) NonClass: 27759K(28032K)->27759K(28032K) Class: 3253K(3456K)->3253K(3456K)
[53.155s][info][gc             ] GC(1589) Pause Full (Allocation Failure) 494M->491M(494M) 15.869ms
[53.155s][info][gc,cpu         ] GC(1589) User=0.02s Sys=0.00s Real=0.01s
[53.158s][info][gc,start       ] GC(1590) Pause Full (Allocation Failure)
[53.158s][info][gc,phases,start] GC(1590) Phase 1: Mark live objects
[53.166s][info][gc,phases      ] GC(1590) Phase 1: Mark live objects 8.004ms
[53.167s][info][gc,phases,start] GC(1590) Phase 2: Compute new object addresses
[53.169s][info][gc,phases      ] GC(1590) Phase 2: Compute new object addresses 2.322ms
[53.169s][info][gc,phases,start] GC(1590) Phase 3: Adjust pointers
[53.175s][info][gc,phases      ] GC(1590) Phase 3: Adjust pointers 6.143ms
[53.175s][info][gc,phases,start] GC(1590) Phase 4: Move objects
[53.175s][info][gc,phases      ] GC(1590) Phase 4: Move objects 0.097ms
[53.175s][info][gc,heap        ] GC(1590) DefNew: 157247K(157248K)->153520K(157248K) Eden: 139775K(139776K)->139677K(139776K) From: 17471K(17472K)->13843K(17472K)
[53.175s][info][gc,heap        ] GC(1590) Tenured: 349567K(349568K)->349567K(349568K)
[53.175s][info][gc,metaspace   ] GC(1590) Metaspace: 31012K(31488K)->31012K(31488K) NonClass: 27759K(28032K)->27759K(28032K) Class: 3253K(3456K)->3253K(3456K)
[53.175s][info][gc             ] GC(1590) Pause Full (Allocation Failure) 494M->491M(494M) 16.921ms
[53.175s][info][gc,cpu         ] GC(1590) User=0.02s Sys=0.00s Real=0.01s
[53.181s][info][gc,start       ] GC(1591) Pause Full (Allocation Failure)
[53.181s][info][gc,phases,start] GC(1591) Phase 1: Mark live objects
[53.189s][info][gc,phases      ] GC(1591) Phase 1: Mark live objects 7.698ms
[53.189s][info][gc,phases,start] GC(1591) Phase 2: Compute new object addresses
[53.191s][info][gc,phases      ] GC(1591) Phase 2: Compute new object addresses 2.120ms
[53.191s][info][gc,phases,start] GC(1591) Phase 3: Adjust pointers
[53.196s][info][gc,phases      ] GC(1591) Phase 3: Adjust pointers 4.989ms
[53.196s][info][gc,phases,start] GC(1591) Phase 4: Move objects
[53.196s][info][gc,phases      ] GC(1591) Phase 4: Move objects 0.088ms
[53.196s][info][gc,heap        ] GC(1591) DefNew: 157247K(157248K)->153325K(157248K) Eden: 139776K(139776K)->139711K(139776K) From: 17471K(17472K)->13614K(17472K)
[53.196s][info][gc,heap        ] GC(1591) Tenured: 349567K(349568K)->349455K(349568K)
[53.196s][info][gc,metaspace   ] GC(1591) Metaspace: 31012K(31488K)->31012K(31488K) NonClass: 27759K(28032K)->27759K(28032K) Class: 3253K(3456K)->3253K(3456K)
[53.196s][info][gc             ] GC(1591) Pause Full (Allocation Failure) 494M->490M(494M) 15.180ms
[53.196s][info][gc,cpu         ] GC(1591) User=0.02s Sys=0.00s Real=0.02s
[53.198s][info][gc,start       ] GC(1592) Pause Full (Allocation Failure)
[53.198s][info][gc,phases,start] GC(1592) Phase 1: Mark live objects
[53.205s][info][gc,phases      ] GC(1592) Phase 1: Mark live objects 7.125ms
[53.205s][info][gc,phases,start] GC(1592) Phase 2: Compute new object addresses
[53.207s][info][gc,phases      ] GC(1592) Phase 2: Compute new object addresses 2.310ms
[53.208s][info][gc,phases,start] GC(1592) Phase 3: Adjust pointers
[53.213s][info][gc,phases      ] GC(1592) Phase 3: Adjust pointers 5.233ms
[53.213s][info][gc,phases,start] GC(1592) Phase 4: Move objects
[53.213s][info][gc,phases      ] GC(1592) Phase 4: Move objects 0.103ms
[53.213s][info][gc,heap        ] GC(1592) DefNew: 156841K(157248K)->153842K(157248K) Eden: 139776K(139776K)->139712K(139776K) From: 17065K(17472K)->14130K(17472K)
[53.213s][info][gc,heap        ] GC(1592) Tenured: 349455K(349568K)->349455K(349568K)
[53.213s][info][gc,metaspace   ] GC(1592) Metaspace: 31012K(31488K)->31012K(31488K) NonClass: 27759K(28032K)->27759K(28032K) Class: 3253K(3456K)->3253K(3456K)
[53.213s][info][gc             ] GC(1592) Pause Full (Allocation Failure) 494M->491M(494M) 15.112ms
[53.213s][info][gc,cpu         ] GC(1592) User=0.02s Sys=0.00s Real=0.01s
[53.216s][info][gc,start       ] GC(1593) Pause Full (Allocation Failure)
[53.216s][info][gc,phases,start] GC(1593) Phase 1: Mark live objects
[53.224s][info][gc,phases      ] GC(1593) Phase 1: Mark live objects 7.463ms
[53.224s][info][gc,phases,start] GC(1593) Phase 2: Compute new object addresses
[53.226s][info][gc,phases      ] GC(1593) Phase 2: Compute new object addresses 2.044ms
[53.226s][info][gc,phases,start] GC(1593) Phase 3: Adjust pointers
[53.231s][info][gc,phases      ] GC(1593) Phase 3: Adjust pointers 5.080ms
[53.231s][info][gc,phases,start] GC(1593) Phase 4: Move objects
[53.231s][info][gc,phases      ] GC(1593) Phase 4: Move objects 0.107ms
[53.231s][info][gc,heap        ] GC(1593) DefNew: 157037K(157248K)->153853K(157248K) Eden: 139776K(139776K)->139709K(139776K) From: 17261K(17472K)->14144K(17472K)
[53.231s][info][gc,heap        ] GC(1593) Tenured: 349455K(349568K)->349455K(349568K)
[53.231s][info][gc,metaspace   ] GC(1593) Metaspace: 31012K(31488K)->31012K(31488K) NonClass: 27759K(28032K)->27759K(28032K) Class: 3253K(3456K)->3253K(3456K)
[53.231s][info][gc             ] GC(1593) Pause Full (Allocation Failure) 494M->491M(494M) 14.997ms
[53.231s][info][gc,cpu         ] GC(1593) User=0.01s Sys=0.01s Real=0.01s
[53.234s][info][gc,start       ] GC(1594) Pause Full (Allocation Failure)
[53.234s][info][gc,phases,start] GC(1594) Phase 1: Mark live objects
[53.241s][info][gc,phases      ] GC(1594) Phase 1: Mark live objects 7.343ms
[53.241s][info][gc,phases,start] GC(1594) Phase 2: Compute new object addresses
[53.243s][info][gc,phases      ] GC(1594) Phase 2: Compute new object addresses 2.080ms
[53.243s][info][gc,phases,start] GC(1594) Phase 3: Adjust pointers
[53.248s][info][gc,phases      ] GC(1594) Phase 3: Adjust pointers 4.850ms
[53.248s][info][gc,phases,start] GC(1594) Phase 4: Move objects
[53.248s][info][gc,phases      ] GC(1594) Phase 4: Move objects 0.089ms
[53.249s][info][gc,heap        ] GC(1594) DefNew: 157248K(157248K)->153537K(157248K) Eden: 139776K(139776K)->139678K(139776K) From: 17472K(17472K)->13859K(17472K)
[53.249s][info][gc,heap        ] GC(1594) Tenured: 349490K(349568K)->349490K(349568K)
[53.249s][info][gc,metaspace   ] GC(1594) Metaspace: 31012K(31488K)->31012K(31488K) NonClass: 27759K(28032K)->27759K(28032K) Class: 3253K(3456K)->3253K(3456K)
[53.249s][info][gc             ] GC(1594) Pause Full (Allocation Failure) 494M->491M(494M) 14.657ms
[53.249s][info][gc,cpu         ] GC(1594) User=0.02s Sys=0.00s Real=0.02s
[53.250s][info][gc,start       ] GC(1595) Pause Full (Allocation Failure)
[53.250s][info][gc,phases,start] GC(1595) Phase 1: Mark live objects
[53.258s][info][gc,phases      ] GC(1595) Phase 1: Mark live objects 7.272ms
[53.258s][info][gc,phases,start] GC(1595) Phase 2: Compute new object addresses
[53.260s][info][gc,phases      ] GC(1595) Phase 2: Compute new object addresses 2.257ms
[53.260s][info][gc,phases,start] GC(1595) Phase 3: Adjust pointers
[53.265s][info][gc,phases      ] GC(1595) Phase 3: Adjust pointers 5.143ms
[53.265s][info][gc,phases,start] GC(1595) Phase 4: Move objects
[53.265s][info][gc,phases      ] GC(1595) Phase 4: Move objects 0.126ms
[53.265s][info][gc,heap        ] GC(1595) DefNew: 157146K(157248K)->154055K(157248K) Eden: 139776K(139776K)->139678K(139776K) From: 17370K(17472K)->14376K(17472K)
[53.265s][info][gc,heap        ] GC(1595) Tenured: 349490K(349568K)->349452K(349568K)
[53.265s][info][gc,metaspace   ] GC(1595) Metaspace: 31012K(31488K)->31012K(31488K) NonClass: 27759K(28032K)->27759K(28032K) Class: 3253K(3456K)->3253K(3456K)
[53.266s][info][gc             ] GC(1595) Pause Full (Allocation Failure) 494M->491M(494M) 15.112ms
[53.266s][info][gc,cpu         ] GC(1595) User=0.02s Sys=0.00s Real=0.02s
[53.269s][info][gc,start       ] GC(1596) Pause Full (Allocation Failure)
[53.269s][info][gc,phases,start] GC(1596) Phase 1: Mark live objects
[53.277s][info][gc,phases      ] GC(1596) Phase 1: Mark live objects 7.938ms
[53.277s][info][gc,phases,start] GC(1596) Phase 2: Compute new object addresses
[53.279s][info][gc,phases      ] GC(1596) Phase 2: Compute new object addresses 2.170ms
[53.279s][info][gc,phases,start] GC(1596) Phase 3: Adjust pointers
[53.285s][info][gc,phases      ] GC(1596) Phase 3: Adjust pointers 5.405ms
[53.285s][info][gc,phases,start] GC(1596) Phase 4: Move objects
[53.285s][info][gc,phases      ] GC(1596) Phase 4: Move objects 0.144ms
[53.285s][info][gc,heap        ] GC(1596) DefNew: 157248K(157248K)->153261K(157248K) Eden: 139776K(139776K)->139546K(139776K) From: 17472K(17472K)->13714K(17472K)
[53.285s][info][gc,heap        ] GC(1596) Tenured: 349530K(349568K)->349530K(349568K)
[53.285s][info][gc,metaspace   ] GC(1596) Metaspace: 31012K(31488K)->31012K(31488K) NonClass: 27759K(28032K)->27759K(28032K) Class: 3253K(3456K)->3253K(3456K)
[53.285s][info][gc             ] GC(1596) Pause Full (Allocation Failure) 494M->491M(494M) 15.985ms
[53.285s][info][gc,cpu         ] GC(1596) User=0.02s Sys=0.00s Real=0.02s
[53.286s][info][gc,start       ] GC(1597) Pause Full (Allocation Failure)
[53.286s][info][gc,phases,start] GC(1597) Phase 1: Mark live objects
[53.294s][info][gc,phases      ] GC(1597) Phase 1: Mark live objects 7.960ms
[53.294s][info][gc,phases,start] GC(1597) Phase 2: Compute new object addresses
[53.297s][info][gc,phases      ] GC(1597) Phase 2: Compute new object addresses 2.773ms
[53.297s][info][gc,phases,start] GC(1597) Phase 3: Adjust pointers
[53.302s][info][gc,phases      ] GC(1597) Phase 3: Adjust pointers 5.380ms
[53.302s][info][gc,phases,start] GC(1597) Phase 4: Move objects
[53.302s][info][gc,phases      ] GC(1597) Phase 4: Move objects 0.131ms
[53.302s][info][gc,heap        ] GC(1597) DefNew: 156867K(157248K)->154040K(157248K) Eden: 139776K(139776K)->139555K(139776K) From: 17091K(17472K)->14484K(17472K)
[53.302s][info][gc,heap        ] GC(1597) Tenured: 349530K(349568K)->349530K(349568K)
[53.302s][info][gc,metaspace   ] GC(1597) Metaspace: 31012K(31488K)->31012K(31488K) NonClass: 27759K(28032K)->27759K(28032K) Class: 3253K(3456K)->3253K(3456K)
[53.302s][info][gc             ] GC(1597) Pause Full (Allocation Failure) 494M->491M(494M) 16.634ms
[53.302s][info][gc,cpu         ] GC(1597) User=0.02s Sys=0.00s Real=0.01s
[53.303s][info][gc,start       ] GC(1598) Pause Full (Allocation Failure)
[53.303s][info][gc,phases,start] GC(1598) Phase 1: Mark live objects
[53.311s][info][gc,phases      ] GC(1598) Phase 1: Mark live objects 7.411ms
[53.311s][info][gc,phases,start] GC(1598) Phase 2: Compute new object addresses
[53.313s][info][gc,phases      ] GC(1598) Phase 2: Compute new object addresses 2.025ms
[53.313s][info][gc,phases,start] GC(1598) Phase 3: Adjust pointers
[53.317s][info][gc,phases      ] GC(1598) Phase 3: Adjust pointers 4.793ms
[53.317s][info][gc,phases,start] GC(1598) Phase 4: Move objects
[53.318s][info][gc,phases      ] GC(1598) Phase 4: Move objects 0.161ms
[53.318s][info][gc,heap        ] GC(1598) DefNew: 156832K(157248K)->154296K(157248K) Eden: 139776K(139776K)->139555K(139776K) From: 17056K(17472K)->14741K(17472K)
[53.318s][info][gc,heap        ] GC(1598) Tenured: 349530K(349568K)->349530K(349568K)
[53.318s][info][gc,metaspace   ] GC(1598) Metaspace: 31012K(31488K)->31012K(31488K) NonClass: 27759K(28032K)->27759K(28032K) Class: 3253K(3456K)->3253K(3456K)
[53.318s][info][gc             ] GC(1598) Pause Full (Allocation Failure) 494M->492M(494M) 14.711ms
[53.318s][info][gc,cpu         ] GC(1598) User=0.01s Sys=0.00s Real=0.02s
[53.318s][info][gc,start       ] GC(1599) Pause Full (Allocation Failure)
[53.318s][info][gc,phases,start] GC(1599) Phase 1: Mark live objects
[53.325s][info][gc,phases      ] GC(1599) Phase 1: Mark live objects 6.817ms
[53.325s][info][gc,phases,start] GC(1599) Phase 2: Compute new object addresses
[53.327s][info][gc,phases      ] GC(1599) Phase 2: Compute new object addresses 1.929ms
[53.327s][info][gc,phases,start] GC(1599) Phase 3: Adjust pointers
[53.332s][info][gc,phases      ] GC(1599) Phase 3: Adjust pointers 4.726ms
[53.332s][info][gc,phases,start] GC(1599) Phase 4: Move objects
[53.332s][info][gc,phases      ] GC(1599) Phase 4: Move objects 0.143ms
[53.332s][info][gc,heap        ] GC(1599) DefNew: 157090K(157248K)->154295K(157248K) Eden: 139776K(139776K)->139555K(139776K) From: 17314K(17472K)->14740K(17472K)
[53.332s][info][gc,heap        ] GC(1599) Tenured: 349530K(349568K)->349455K(349568K)
[53.332s][info][gc,metaspace   ] GC(1599) Metaspace: 31012K(31488K)->31012K(31488K) NonClass: 27759K(28032K)->27759K(28032K) Class: 3253K(3456K)->3253K(3456K)
[53.332s][info][gc             ] GC(1599) Pause Full (Allocation Failure) 494M->491M(494M) 13.933ms
[53.332s][info][gc,cpu         ] GC(1599) User=0.02s Sys=0.00s Real=0.01s
[53.333s][info][gc,start       ] GC(1600) Pause Full (Allocation Failure)
[53.333s][info][gc,phases,start] GC(1600) Phase 1: Mark live objects
[53.339s][info][gc,phases      ] GC(1600) Phase 1: Mark live objects 6.684ms
[53.339s][info][gc,phases,start] GC(1600) Phase 2: Compute new object addresses
[53.341s][info][gc,phases      ] GC(1600) Phase 2: Compute new object addresses 1.970ms
[53.341s][info][gc,phases,start] GC(1600) Phase 3: Adjust pointers
[53.346s][info][gc,phases      ] GC(1600) Phase 3: Adjust pointers 4.664ms
[53.346s][info][gc,phases,start] GC(1600) Phase 4: Move objects
[53.346s][info][gc,phases      ] GC(1600) Phase 4: Move objects 0.187ms
[53.346s][info][gc,heap        ] GC(1600) DefNew: 157079K(157248K)->155322K(157248K) Eden: 139776K(139776K)->139557K(139776K) From: 17303K(17472K)->15764K(17472K)
[53.346s][info][gc,heap        ] GC(1600) Tenured: 349455K(349568K)->349455K(349568K)
[53.346s][info][gc,metaspace   ] GC(1600) Metaspace: 31012K(31488K)->31012K(31488K) NonClass: 27759K(28032K)->27759K(28032K) Class: 3253K(3456K)->3253K(3456K)
[53.347s][info][gc             ] GC(1600) Pause Full (Allocation Failure) 494M->492M(494M) 13.792ms
[53.347s][info][gc,cpu         ] GC(1600) User=0.01s Sys=0.00s Real=0.02s
[53.347s][info][gc,start       ] GC(1601) Pause Full (Allocation Failure)
[53.347s][info][gc,phases,start] GC(1601) Phase 1: Mark live objects
[53.354s][info][gc,phases      ] GC(1601) Phase 1: Mark live objects 6.889ms
[53.354s][info][gc,phases,start] GC(1601) Phase 2: Compute new object addresses
[53.356s][info][gc,phases      ] GC(1601) Phase 2: Compute new object addresses 2.031ms
[53.356s][info][gc,phases,start] GC(1601) Phase 3: Adjust pointers
[53.361s][info][gc,phases      ] GC(1601) Phase 3: Adjust pointers 4.713ms
[53.361s][info][gc,phases,start] GC(1601) Phase 4: Move objects
[53.361s][info][gc,phases      ] GC(1601) Phase 4: Move objects 0.216ms
[53.361s][info][gc,heap        ] GC(1601) DefNew: 157107K(157248K)->155323K(157248K) Eden: 139776K(139776K)->139558K(139776K) From: 17331K(17472K)->15764K(17472K)
[53.361s][info][gc,heap        ] GC(1601) Tenured: 349455K(349568K)->349455K(349568K)
[53.361s][info][gc,metaspace   ] GC(1601) Metaspace: 31012K(31488K)->31012K(31488K) NonClass: 27759K(28032K)->27759K(28032K) Class: 3253K(3456K)->3253K(3456K)
[53.361s][info][gc             ] GC(1601) Pause Full (Allocation Failure) 494M->492M(494M) 14.175ms
[53.361s][info][gc,cpu         ] GC(1601) User=0.02s Sys=0.00s Real=0.01s
[53.362s][info][gc,start       ] GC(1602) Pause Full (Allocation Failure)
[53.362s][info][gc,phases,start] GC(1602) Phase 1: Mark live objects
[53.369s][info][gc,phases      ] GC(1602) Phase 1: Mark live objects 6.926ms
[53.369s][info][gc,phases,start] GC(1602) Phase 2: Compute new object addresses
[53.371s][info][gc,phases      ] GC(1602) Phase 2: Compute new object addresses 1.947ms
[53.371s][info][gc,phases,start] GC(1602) Phase 3: Adjust pointers
[53.375s][info][gc,phases      ] GC(1602) Phase 3: Adjust pointers 4.814ms
[53.375s][info][gc,phases,start] GC(1602) Phase 4: Move objects
[53.376s][info][gc,phases      ] GC(1602) Phase 4: Move objects 0.186ms
[53.376s][info][gc,heap        ] GC(1602) DefNew: 157079K(157248K)->155582K(157248K) Eden: 139775K(139776K)->139561K(139776K) From: 17303K(17472K)->16020K(17472K)
[53.376s][info][gc,heap        ] GC(1602) Tenured: 349455K(349568K)->349455K(349568K)
[53.376s][info][gc,metaspace   ] GC(1602) Metaspace: 31012K(31488K)->31012K(31488K) NonClass: 27759K(28032K)->27759K(28032K) Class: 3253K(3456K)->3253K(3456K)
[53.376s][info][gc             ] GC(1602) Pause Full (Allocation Failure) 494M->493M(494M) 14.169ms
[53.376s][info][gc,cpu         ] GC(1602) User=0.01s Sys=0.00s Real=0.02s
[53.377s][info][gc,start       ] GC(1603) Pause Full (Allocation Failure)
[53.377s][info][gc,phases,start] GC(1603) Phase 1: Mark live objects
[53.384s][info][gc,phases      ] GC(1603) Phase 1: Mark live objects 6.941ms
[53.384s][info][gc,phases,start] GC(1603) Phase 2: Compute new object addresses
[53.385s][info][gc,phases      ] GC(1603) Phase 2: Compute new object addresses 1.942ms
[53.386s][info][gc,phases,start] GC(1603) Phase 3: Adjust pointers
[53.391s][info][gc,phases      ] GC(1603) Phase 3: Adjust pointers 5.005ms
[53.391s][info][gc,phases,start] GC(1603) Phase 4: Move objects
[53.391s][info][gc,phases      ] GC(1603) Phase 4: Move objects 0.224ms
[53.391s][info][gc,heap        ] GC(1603) DefNew: 157077K(157248K)->155837K(157248K) Eden: 139776K(139776K)->139561K(139776K) From: 17301K(17472K)->16275K(17472K)
[53.391s][info][gc,heap        ] GC(1603) Tenured: 349455K(349568K)->349454K(349568K)
[53.391s][info][gc,metaspace   ] GC(1603) Metaspace: 31012K(31488K)->31012K(31488K) NonClass: 27759K(28032K)->27759K(28032K) Class: 3253K(3456K)->3253K(3456K)
[53.391s][info][gc             ] GC(1603) Pause Full (Allocation Failure) 494M->493M(494M) 14.406ms
[53.391s][info][gc,cpu         ] GC(1603) User=0.02s Sys=0.00s Real=0.01s
[53.391s][info][gc,start       ] GC(1604) Pause Full (Allocation Failure)
[53.391s][info][gc,phases,start] GC(1604) Phase 1: Mark live objects
[53.398s][info][gc,phases      ] GC(1604) Phase 1: Mark live objects 6.872ms
[53.398s][info][gc,phases,start] GC(1604) Phase 2: Compute new object addresses
[53.400s][info][gc,phases      ] GC(1604) Phase 2: Compute new object addresses 1.975ms
[53.400s][info][gc,phases,start] GC(1604) Phase 3: Adjust pointers
[53.405s][info][gc,phases      ] GC(1604) Phase 3: Adjust pointers 5.015ms
[53.405s][info][gc,phases,start] GC(1604) Phase 4: Move objects
[53.405s][info][gc,phases      ] GC(1604) Phase 4: Move objects 0.202ms
[53.406s][info][gc,heap        ] GC(1604) DefNew: 156965K(157248K)->156093K(157248K) Eden: 139665K(139776K)->139562K(139776K) From: 17300K(17472K)->16531K(17472K)
[53.406s][info][gc,heap        ] GC(1604) Tenured: 349454K(349568K)->349454K(349568K)
[53.406s][info][gc,metaspace   ] GC(1604) Metaspace: 31012K(31488K)->31012K(31488K) NonClass: 27759K(28032K)->27759K(28032K) Class: 3253K(3456K)->3253K(3456K)
[53.406s][info][gc             ] GC(1604) Pause Full (Allocation Failure) 494M->493M(494M) 14.393ms
[53.406s][info][gc,cpu         ] GC(1604) User=0.01s Sys=0.00s Real=0.02s
[53.406s][info][gc,start       ] GC(1605) Pause Full (Allocation Failure)
[53.406s][info][gc,phases,start] GC(1605) Phase 1: Mark live objects
[53.413s][info][gc,phases      ] GC(1605) Phase 1: Mark live objects 7.274ms
[53.413s][info][gc,phases,start] GC(1605) Phase 2: Compute new object addresses
[53.415s][info][gc,phases      ] GC(1605) Phase 2: Compute new object addresses 1.954ms
[53.415s][info][gc,phases,start] GC(1605) Phase 3: Adjust pointers
[53.420s][info][gc,phases      ] GC(1605) Phase 3: Adjust pointers 4.697ms
[53.420s][info][gc,phases,start] GC(1605) Phase 4: Move objects
[53.420s][info][gc,phases      ] GC(1605) Phase 4: Move objects 0.006ms
[53.420s][info][gc,heap        ] GC(1605) DefNew: 156697K(157248K)->156606K(157248K) Eden: 139654K(139776K)->139563K(139776K) From: 17043K(17472K)->17043K(17472K)
[53.420s][info][gc,heap        ] GC(1605) Tenured: 349454K(349568K)->349454K(349568K)
[53.420s][info][gc,metaspace   ] GC(1605) Metaspace: 31012K(31488K)->31012K(31488K) NonClass: 27759K(28032K)->27759K(28032K) Class: 3253K(3456K)->3253K(3456K)
[53.420s][info][gc             ] GC(1605) Pause Full (Allocation Failure) 494M->494M(494M) 14.192ms
[53.420s][info][gc,cpu         ] GC(1605) User=0.02s Sys=0.00s Real=0.01s
[53.420s][info][gc,start       ] GC(1606) Pause Full (Allocation Failure)
[53.420s][info][gc,phases,start] GC(1606) Phase 1: Mark live objects
[53.429s][info][gc,phases      ] GC(1606) Phase 1: Mark live objects 8.836ms
[53.429s][info][gc,phases,start] GC(1606) Phase 2: Compute new object addresses
[53.431s][info][gc,phases      ] GC(1606) Phase 2: Compute new object addresses 1.877ms
[53.431s][info][gc,phases,start] GC(1606) Phase 3: Adjust pointers
[53.436s][info][gc,phases      ] GC(1606) Phase 3: Adjust pointers 4.750ms
[53.436s][info][gc,phases,start] GC(1606) Phase 4: Move objects
[53.453s][info][gc,phases      ] GC(1606) Phase 4: Move objects 17.418ms
[53.453s][info][gc,heap        ] GC(1606) DefNew: 156606K(157248K)->156469K(157248K) Eden: 139563K(139776K)->139563K(139776K) From: 17043K(17472K)->16906K(17472K)
[53.453s][info][gc,heap        ] GC(1606) Tenured: 349454K(349568K)->349417K(349568K)
[53.453s][info][gc,metaspace   ] GC(1606) Metaspace: 31012K(31488K)->30948K(31488K) NonClass: 27759K(28032K)->27705K(28032K) Class: 3253K(3456K)->3243K(3456K)
[53.453s][info][gc             ] GC(1606) Pause Full (Allocation Failure) 494M->494M(494M) 33.279ms
[53.453s][info][gc,cpu         ] GC(1606) User=0.03s Sys=0.00s Real=0.03s
[53.454s][info][gc,start       ] GC(1607) Pause Full (Allocation Failure)
[53.454s][info][gc,phases,start] GC(1607) Phase 1: Mark live objects
[53.461s][info][gc,phases      ] GC(1607) Phase 1: Mark live objects 7.482ms
[53.462s][info][gc,phases,start] GC(1607) Phase 2: Compute new object addresses
[53.464s][info][gc,phases      ] GC(1607) Phase 2: Compute new object addresses 2.268ms
[53.464s][info][gc,phases,start] GC(1607) Phase 3: Adjust pointers
[53.469s][info][gc,phases      ] GC(1607) Phase 3: Adjust pointers 5.523ms
[53.469s][info][gc,phases,start] GC(1607) Phase 4: Move objects
[53.470s][info][gc,phases      ] GC(1607) Phase 4: Move objects 0.065ms
[53.470s][info][gc,heap        ] GC(1607) DefNew: 156995K(157248K)->156724K(157248K) Eden: 139577K(139776K)->139562K(139776K) From: 17418K(17472K)->17162K(17472K)
[53.470s][info][gc,heap        ] GC(1607) Tenured: 349417K(349568K)->349417K(349568K)
[53.470s][info][gc,metaspace   ] GC(1607) Metaspace: 30948K(31488K)->30948K(31488K) NonClass: 27705K(28032K)->27705K(28032K) Class: 3243K(3456K)->3243K(3456K)
[53.470s][info][gc             ] GC(1607) Pause Full (Allocation Failure) 494M->494M(494M) 15.705ms
[53.470s][info][gc,cpu         ] GC(1607) User=0.02s Sys=0.00s Real=0.02s
[53.470s][info][gc,start       ] GC(1608) Pause Full (Allocation Failure)
[53.470s][info][gc,phases,start] GC(1608) Phase 1: Mark live objects
[53.478s][info][gc,phases      ] GC(1608) Phase 1: Mark live objects 7.241ms
[53.478s][info][gc,phases,start] GC(1608) Phase 2: Compute new object addresses
[53.479s][info][gc,phases      ] GC(1608) Phase 2: Compute new object addresses 1.915ms
[53.479s][info][gc,phases,start] GC(1608) Phase 3: Adjust pointers
[53.484s][info][gc,phases      ] GC(1608) Phase 3: Adjust pointers 4.894ms
[53.484s][info][gc,phases,start] GC(1608) Phase 4: Move objects
[53.485s][info][gc,phases      ] GC(1608) Phase 4: Move objects 0.294ms
[53.485s][info][gc,heap        ] GC(1608) DefNew: 157070K(157248K)->156212K(157248K) Eden: 139652K(139776K)->139562K(139776K) From: 17418K(17472K)->16649K(17472K)
[53.485s][info][gc,heap        ] GC(1608) Tenured: 349417K(349568K)->349417K(349568K)
[53.485s][info][gc,metaspace   ] GC(1608) Metaspace: 30948K(31488K)->30948K(31488K) NonClass: 27705K(28032K)->27705K(28032K) Class: 3243K(3456K)->3243K(3456K)
[53.485s][info][gc             ] GC(1608) Pause Full (Allocation Failure) 494M->493M(494M) 14.646ms
[53.485s][info][gc,cpu         ] GC(1608) User=0.01s Sys=0.00s Real=0.02s
[53.485s][info][gc,start       ] GC(1609) Pause Full (Allocation Failure)
[53.486s][info][gc,phases,start] GC(1609) Phase 1: Mark live objects
[53.493s][info][gc,phases      ] GC(1609) Phase 1: Mark live objects 7.737ms
[53.493s][info][gc,phases,start] GC(1609) Phase 2: Compute new object addresses
[53.495s][info][gc,phases      ] GC(1609) Phase 2: Compute new object addresses 2.027ms
[53.495s][info][gc,phases,start] GC(1609) Phase 3: Adjust pointers
[53.501s][info][gc,phases      ] GC(1609) Phase 3: Adjust pointers 5.554ms
[53.501s][info][gc,phases,start] GC(1609) Phase 4: Move objects
[53.501s][info][gc,phases      ] GC(1609) Phase 4: Move objects 0.290ms
[53.501s][info][gc,heap        ] GC(1609) DefNew: 156769K(157248K)->156744K(157248K) Eden: 139607K(139776K)->139582K(139776K) From: 17161K(17472K)->17161K(17472K)
[53.501s][info][gc,heap        ] GC(1609) Tenured: 349417K(349568K)->349417K(349568K)
[53.501s][info][gc,metaspace   ] GC(1609) Metaspace: 30948K(31488K)->30948K(31488K) NonClass: 27705K(28032K)->27705K(28032K) Class: 3243K(3456K)->3243K(3456K)
[53.501s][info][gc             ] GC(1609) Pause Full (Allocation Failure) 494M->494M(494M) 15.942ms
[53.501s][info][gc,cpu         ] GC(1609) User=0.02s Sys=0.00s Real=0.01s
[53.501s][info][gc,start       ] GC(1610) Pause Full (Allocation Failure)
[53.501s][info][gc,phases,start] GC(1610) Phase 1: Mark live objects
[53.509s][info][gc,phases      ] GC(1610) Phase 1: Mark live objects 7.301ms
[53.509s][info][gc,phases,start] GC(1610) Phase 2: Compute new object addresses
[53.511s][info][gc,phases      ] GC(1610) Phase 2: Compute new object addresses 1.966ms
[53.511s][info][gc,phases,start] GC(1610) Phase 3: Adjust pointers
[53.516s][info][gc,phases      ] GC(1610) Phase 3: Adjust pointers 4.760ms
[53.516s][info][gc,phases,start] GC(1610) Phase 4: Move objects
[53.516s][info][gc,phases      ] GC(1610) Phase 4: Move objects 0.006ms
[53.516s][info][gc,heap        ] GC(1610) DefNew: 156744K(157248K)->156725K(157248K) Eden: 139582K(139776K)->139563K(139776K) From: 17161K(17472K)->17161K(17472K)
[53.516s][info][gc,heap        ] GC(1610) Tenured: 349417K(349568K)->349417K(349568K)
[53.516s][info][gc,metaspace   ] GC(1610) Metaspace: 30948K(31488K)->30948K(31488K) NonClass: 27705K(28032K)->27705K(28032K) Class: 3243K(3456K)->3243K(3456K)
[53.516s][info][gc             ] GC(1610) Pause Full (Allocation Failure) 494M->494M(494M) 14.352ms
[53.516s][info][gc,cpu         ] GC(1610) User=0.01s Sys=0.01s Real=0.02s
[53.516s][info][gc,start       ] GC(1611) Pause Full (Allocation Failure)
[53.516s][info][gc,phases,start] GC(1611) Phase 1: Mark live objects
[53.523s][info][gc,phases      ] GC(1611) Phase 1: Mark live objects 7.104ms
[53.523s][info][gc,phases,start] GC(1611) Phase 2: Compute new object addresses
[53.525s][info][gc,phases      ] GC(1611) Phase 2: Compute new object addresses 1.851ms
[53.525s][info][gc,phases,start] GC(1611) Phase 3: Adjust pointers
[53.530s][info][gc,phases      ] GC(1611) Phase 3: Adjust pointers 4.971ms
[53.530s][info][gc,phases,start] GC(1611) Phase 4: Move objects
[53.553s][info][gc,phases      ] GC(1611) Phase 4: Move objects 23.017ms
[53.554s][info][gc,heap        ] GC(1611) DefNew: 157015K(157248K)->156213K(157248K) Eden: 139597K(139776K)->139563K(139776K) From: 17417K(17472K)->16649K(17472K)
[53.554s][info][gc,heap        ] GC(1611) Tenured: 349417K(349568K)->349161K(349568K)
[53.554s][info][gc,metaspace   ] GC(1611) Metaspace: 30948K(31488K)->30948K(31488K) NonClass: 27705K(28032K)->27705K(28032K) Class: 3243K(3456K)->3243K(3456K)
[53.554s][info][gc             ] GC(1611) Pause Full (Allocation Failure) 494M->493M(494M) 37.343ms
[53.554s][info][gc,cpu         ] GC(1611) User=0.04s Sys=0.00s Real=0.03s
[53.555s][info][gc,start       ] GC(1612) Pause Full (Allocation Failure)
[53.555s][info][gc,phases,start] GC(1612) Phase 1: Mark live objects
[53.563s][info][gc,phases      ] GC(1612) Phase 1: Mark live objects 7.979ms
[53.563s][info][gc,phases,start] GC(1612) Phase 2: Compute new object addresses
[53.565s][info][gc,phases      ] GC(1612) Phase 2: Compute new object addresses 2.345ms
[53.565s][info][gc,phases,start] GC(1612) Phase 3: Adjust pointers
[53.570s][info][gc,phases      ] GC(1612) Phase 3: Adjust pointers 5.318ms
[53.570s][info][gc,phases,start] GC(1612) Phase 4: Move objects
[53.571s][info][gc,phases      ] GC(1612) Phase 4: Move objects 0.251ms
[53.571s][info][gc,heap        ] GC(1612) DefNew: 157206K(157248K)->157006K(157248K) Eden: 139776K(139776K)->139582K(139776K) From: 17430K(17472K)->17423K(17472K)
[53.571s][info][gc,heap        ] GC(1612) Tenured: 349417K(349568K)->349417K(349568K)
[53.571s][info][gc,metaspace   ] GC(1612) Metaspace: 30948K(31488K)->30948K(31488K) NonClass: 27705K(28032K)->27705K(28032K) Class: 3243K(3456K)->3243K(3456K)
[53.571s][info][gc             ] GC(1612) Pause Full (Allocation Failure) 494M->494M(494M) 16.218ms
[53.571s][info][gc,cpu         ] GC(1612) User=0.02s Sys=0.00s Real=0.02s
[53.571s][info][gc,start       ] GC(1613) Pause Full (Allocation Failure)
[53.571s][info][gc,phases,start] GC(1613) Phase 1: Mark live objects
[53.578s][info][gc,phases      ] GC(1613) Phase 1: Mark live objects 6.795ms
[53.578s][info][gc,phases,start] GC(1613) Phase 2: Compute new object addresses
[53.580s][info][gc,phases      ] GC(1613) Phase 2: Compute new object addresses 2.111ms
[53.580s][info][gc,phases,start] GC(1613) Phase 3: Adjust pointers
[53.585s][info][gc,phases      ] GC(1613) Phase 3: Adjust pointers 4.769ms
[53.585s][info][gc,phases,start] GC(1613) Phase 4: Move objects
[53.585s][info][gc,phases      ] GC(1613) Phase 4: Move objects 0.008ms
[53.585s][info][gc,heap        ] GC(1613) DefNew: 157006K(157248K)->157005K(157248K) Eden: 139582K(139776K)->139582K(139776K) From: 17423K(17472K)->17423K(17472K)
[53.585s][info][gc,heap        ] GC(1613) Tenured: 349417K(349568K)->349417K(349568K)
[53.585s][info][gc,metaspace   ] GC(1613) Metaspace: 30948K(31488K)->30948K(31488K) NonClass: 27705K(28032K)->27705K(28032K) Class: 3243K(3456K)->3243K(3456K)
[53.585s][info][gc             ] GC(1613) Pause Full (Allocation Failure) 494M->494M(494M) 13.974ms
[53.585s][info][gc,cpu         ] GC(1613) User=0.01s Sys=0.00s Real=0.02s
[53.585s][info][gc,start       ] GC(1614) Pause Full (Allocation Failure)
[53.585s][info][gc,phases,start] GC(1614) Phase 1: Mark live objects
[53.592s][info][gc,phases      ] GC(1614) Phase 1: Mark live objects 6.992ms
[53.592s][info][gc,phases,start] GC(1614) Phase 2: Compute new object addresses
[53.595s][info][gc,phases      ] GC(1614) Phase 2: Compute new object addresses 2.454ms
[53.595s][info][gc,phases,start] GC(1614) Phase 3: Adjust pointers
[53.600s][info][gc,phases      ] GC(1614) Phase 3: Adjust pointers 5.060ms
[53.600s][info][gc,phases,start] GC(1614) Phase 4: Move objects
[53.600s][info][gc,phases      ] GC(1614) Phase 4: Move objects 0.286ms
[53.601s][info][gc,heap        ] GC(1614) DefNew: 157215K(157248K)->155725K(157248K) Eden: 139776K(139776K)->139583K(139776K) From: 17439K(17472K)->16142K(17472K)
[53.601s][info][gc,heap        ] GC(1614) Tenured: 349417K(349568K)->349417K(349568K)
[53.601s][info][gc,metaspace   ] GC(1614) Metaspace: 30948K(31488K)->30948K(31488K) NonClass: 27705K(28032K)->27705K(28032K) Class: 3243K(3456K)->3243K(3456K)
[53.601s][info][gc             ] GC(1614) Pause Full (Allocation Failure) 494M->493M(494M) 15.136ms
[53.601s][info][gc,cpu         ] GC(1614) User=0.02s Sys=0.00s Real=0.01s
[53.601s][info][gc,start       ] GC(1615) Pause Full (Allocation Failure)
[53.601s][info][gc,phases,start] GC(1615) Phase 1: Mark live objects
[53.609s][info][gc,phases      ] GC(1615) Phase 1: Mark live objects 7.633ms
[53.609s][info][gc,phases,start] GC(1615) Phase 2: Compute new object addresses
[53.611s][info][gc,phases      ] GC(1615) Phase 2: Compute new object addresses 1.954ms
[53.611s][info][gc,phases,start] GC(1615) Phase 3: Adjust pointers
[53.616s][info][gc,phases      ] GC(1615) Phase 3: Adjust pointers 5.242ms
[53.616s][info][gc,phases,start] GC(1615) Phase 4: Move objects
[53.638s][info][gc,phases      ] GC(1615) Phase 4: Move objects 22.293ms
[53.638s][info][gc,heap        ] GC(1615) DefNew: 156942K(157248K)->155993K(157248K) Eden: 139776K(139776K)->139595K(139776K) From: 17166K(17472K)->16397K(17472K)
[53.638s][info][gc,heap        ] GC(1615) Tenured: 349417K(349568K)->349161K(349568K)
[53.638s][info][gc,metaspace   ] GC(1615) Metaspace: 30948K(31488K)->30948K(31488K) NonClass: 27705K(28032K)->27705K(28032K) Class: 3243K(3456K)->3243K(3456K)
[53.638s][info][gc             ] GC(1615) Pause Full (Allocation Failure) 494M->493M(494M) 37.521ms
[53.638s][info][gc,cpu         ] GC(1615) User=0.04s Sys=0.00s Real=0.04s
[53.639s][info][gc,start       ] GC(1616) Pause Full (Allocation Failure)
[53.639s][info][gc,phases,start] GC(1616) Phase 1: Mark live objects
[53.647s][info][gc,phases      ] GC(1616) Phase 1: Mark live objects 8.380ms
[53.647s][info][gc,phases,start] GC(1616) Phase 2: Compute new object addresses
[53.650s][info][gc,phases      ] GC(1616) Phase 2: Compute new object addresses 2.212ms
[53.650s][info][gc,phases,start] GC(1616) Phase 3: Adjust pointers
[53.655s][info][gc,phases      ] GC(1616) Phase 3: Adjust pointers 4.993ms
[53.655s][info][gc,phases,start] GC(1616) Phase 4: Move objects
[53.655s][info][gc,phases      ] GC(1616) Phase 4: Move objects 0.211ms
[53.655s][info][gc,heap        ] GC(1616) DefNew: 157198K(157248K)->155483K(157248K) Eden: 139776K(139776K)->139598K(139776K) From: 17422K(17472K)->15884K(17472K)
[53.655s][info][gc,heap        ] GC(1616) Tenured: 349417K(349568K)->349417K(349568K)
[53.655s][info][gc,metaspace   ] GC(1616) Metaspace: 30948K(31488K)->30948K(31488K) NonClass: 27705K(28032K)->27705K(28032K) Class: 3243K(3456K)->3243K(3456K)
[53.655s][info][gc             ] GC(1616) Pause Full (Allocation Failure) 494M->493M(494M) 16.122ms
[53.655s][info][gc,cpu         ] GC(1616) User=0.01s Sys=0.00s Real=0.01s
[53.656s][info][gc,start       ] GC(1617) Pause Full (Allocation Failure)
[53.656s][info][gc,phases,start] GC(1617) Phase 1: Mark live objects
[53.663s][info][gc,phases      ] GC(1617) Phase 1: Mark live objects 7.470ms
[53.663s][info][gc,phases,start] GC(1617) Phase 2: Compute new object addresses
[53.665s][info][gc,phases      ] GC(1617) Phase 2: Compute new object addresses 2.320ms
[53.666s][info][gc,phases,start] GC(1617) Phase 3: Adjust pointers
[53.671s][info][gc,phases      ] GC(1617) Phase 3: Adjust pointers 5.160ms
[53.671s][info][gc,phases,start] GC(1617) Phase 4: Move objects
[53.671s][info][gc,phases      ] GC(1617) Phase 4: Move objects 0.221ms
[53.671s][info][gc,heap        ] GC(1617) DefNew: 157215K(157248K)->155230K(157248K) Eden: 139776K(139776K)->139598K(139776K) From: 17439K(17472K)->15631K(17472K)
[53.671s][info][gc,heap        ] GC(1617) Tenured: 349417K(349568K)->349417K(349568K)
[53.671s][info][gc,metaspace   ] GC(1617) Metaspace: 30948K(31488K)->30948K(31488K) NonClass: 27705K(28032K)->27705K(28032K) Class: 3243K(3456K)->3243K(3456K)
[53.671s][info][gc             ] GC(1617) Pause Full (Allocation Failure) 494M->492M(494M) 15.474ms
[53.671s][info][gc,cpu         ] GC(1617) User=0.01s Sys=0.00s Real=0.02s
[53.672s][info][gc,start       ] GC(1618) Pause Full (Allocation Failure)
[53.672s][info][gc,phases,start] GC(1618) Phase 1: Mark live objects
[53.679s][info][gc,phases      ] GC(1618) Phase 1: Mark live objects 7.415ms
[53.679s][info][gc,phases,start] GC(1618) Phase 2: Compute new object addresses
[53.681s][info][gc,phases      ] GC(1618) Phase 2: Compute new object addresses 1.981ms
[53.681s][info][gc,phases,start] GC(1618) Phase 3: Adjust pointers
[53.686s][info][gc,phases      ] GC(1618) Phase 3: Adjust pointers 4.907ms
[53.686s][info][gc,phases,start] GC(1618) Phase 4: Move objects
[53.686s][info][gc,phases      ] GC(1618) Phase 4: Move objects 0.186ms
[53.686s][info][gc,heap        ] GC(1618) DefNew: 157214K(157248K)->155232K(157248K) Eden: 139776K(139776K)->139600K(139776K) From: 17438K(17472K)->15631K(17472K)
[53.686s][info][gc,heap        ] GC(1618) Tenured: 349417K(349568K)->349417K(349568K)
[53.686s][info][gc,metaspace   ] GC(1618) Metaspace: 30948K(31488K)->30948K(31488K) NonClass: 27705K(28032K)->27705K(28032K) Class: 3243K(3456K)->3243K(3456K)
[53.686s][info][gc             ] GC(1618) Pause Full (Allocation Failure) 494M->492M(494M) 14.798ms
[53.686s][info][gc,cpu         ] GC(1618) User=0.02s Sys=0.00s Real=0.02s
[53.687s][info][gc,start       ] GC(1619) Pause Full (Allocation Failure)
[53.687s][info][gc,phases,start] GC(1619) Phase 1: Mark live objects
[53.694s][info][gc,phases      ] GC(1619) Phase 1: Mark live objects 6.735ms
[53.694s][info][gc,phases,start] GC(1619) Phase 2: Compute new object addresses
[53.696s][info][gc,phases      ] GC(1619) Phase 2: Compute new object addresses 1.892ms
[53.696s][info][gc,phases,start] GC(1619) Phase 3: Adjust pointers
[53.700s][info][gc,phases      ] GC(1619) Phase 3: Adjust pointers 4.939ms
[53.700s][info][gc,phases,start] GC(1619) Phase 4: Move objects
[53.721s][info][gc,phases      ] GC(1619) Phase 4: Move objects 20.565ms
[53.721s][info][gc,heap        ] GC(1619) DefNew: 157200K(157248K)->155488K(157248K) Eden: 139776K(139776K)->139601K(139776K) From: 17424K(17472K)->15887K(17472K)
[53.721s][info][gc,heap        ] GC(1619) Tenured: 349417K(349568K)->349417K(349568K)
[53.721s][info][gc,metaspace   ] GC(1619) Metaspace: 30948K(31488K)->30948K(31488K) NonClass: 27705K(28032K)->27705K(28032K) Class: 3243K(3456K)->3243K(3456K)
[53.721s][info][gc             ] GC(1619) Pause Full (Allocation Failure) 494M->493M(494M) 34.524ms
[53.721s][info][gc,cpu         ] GC(1619) User=0.03s Sys=0.00s Real=0.03s
[53.722s][info][gc,start       ] GC(1620) Pause Full (Allocation Failure)
[53.722s][info][gc,phases,start] GC(1620) Phase 1: Mark live objects
[53.731s][info][gc,phases      ] GC(1620) Phase 1: Mark live objects 8.965ms
[53.731s][info][gc,phases,start] GC(1620) Phase 2: Compute new object addresses
[53.733s][info][gc,phases      ] GC(1620) Phase 2: Compute new object addresses 2.299ms
[53.733s][info][gc,phases,start] GC(1620) Phase 3: Adjust pointers
[53.738s][info][gc,phases      ] GC(1620) Phase 3: Adjust pointers 5.246ms
[53.738s][info][gc,phases,start] GC(1620) Phase 4: Move objects
[53.739s][info][gc,phases      ] GC(1620) Phase 4: Move objects 0.165ms
[53.739s][info][gc,heap        ] GC(1620) DefNew: 157200K(157248K)->154473K(157248K) Eden: 139776K(139776K)->139612K(139776K) From: 17424K(17472K)->14861K(17472K)
[53.739s][info][gc,heap        ] GC(1620) Tenured: 349417K(349568K)->349417K(349568K)
[53.739s][info][gc,metaspace   ] GC(1620) Metaspace: 30948K(31488K)->30948K(31488K) NonClass: 27705K(28032K)->27705K(28032K) Class: 3243K(3456K)->3243K(3456K)
[53.739s][info][gc             ] GC(1620) Pause Full (Allocation Failure) 494M->492M(494M) 17.026ms
[53.739s][info][gc,cpu         ] GC(1620) User=0.02s Sys=0.00s Real=0.02s
[53.739s][info][gc,start       ] GC(1621) Pause Full (Allocation Failure)
[53.739s][info][gc,phases,start] GC(1621) Phase 1: Mark live objects
[53.747s][info][gc,phases      ] GC(1621) Phase 1: Mark live objects 7.874ms
[53.747s][info][gc,phases,start] GC(1621) Phase 2: Compute new object addresses
[53.749s][info][gc,phases      ] GC(1621) Phase 2: Compute new object addresses 2.037ms
[53.749s][info][gc,phases,start] GC(1621) Phase 3: Adjust pointers
[53.754s][info][gc,phases      ] GC(1621) Phase 3: Adjust pointers 4.888ms
[53.754s][info][gc,phases,start] GC(1621) Phase 4: Move objects
[53.754s][info][gc,phases      ] GC(1621) Phase 4: Move objects 0.135ms
[53.755s][info][gc,heap        ] GC(1621) DefNew: 157237K(157248K)->154474K(157248K) Eden: 139776K(139776K)->139610K(139776K) From: 17461K(17472K)->14864K(17472K)
[53.755s][info][gc,heap        ] GC(1621) Tenured: 349417K(349568K)->349417K(349568K)
[53.755s][info][gc,metaspace   ] GC(1621) Metaspace: 30948K(31488K)->30948K(31488K) NonClass: 27705K(28032K)->27705K(28032K) Class: 3243K(3456K)->3243K(3456K)
[53.755s][info][gc             ] GC(1621) Pause Full (Allocation Failure) 494M->492M(494M) 15.227ms
[53.755s][info][gc,cpu         ] GC(1621) User=0.02s Sys=0.00s Real=0.01s
[53.756s][info][gc,start       ] GC(1622) Pause Full (Allocation Failure)
[53.756s][info][gc,phases,start] GC(1622) Phase 1: Mark live objects
[53.763s][info][gc,phases      ] GC(1622) Phase 1: Mark live objects 7.310ms
[53.763s][info][gc,phases,start] GC(1622) Phase 2: Compute new object addresses
[53.765s][info][gc,phases      ] GC(1622) Phase 2: Compute new object addresses 2.057ms
[53.765s][info][gc,phases,start] GC(1622) Phase 3: Adjust pointers
[53.770s][info][gc,phases      ] GC(1622) Phase 3: Adjust pointers 4.776ms
[53.770s][info][gc,phases,start] GC(1622) Phase 4: Move objects
[53.770s][info][gc,phases      ] GC(1622) Phase 4: Move objects 0.160ms
[53.770s][info][gc,heap        ] GC(1622) DefNew: 156767K(157248K)->153957K(157248K) Eden: 139776K(139776K)->139604K(139776K) From: 16991K(17472K)->14353K(17472K)
[53.770s][info][gc,heap        ] GC(1622) Tenured: 349417K(349568K)->349417K(349568K)
[53.770s][info][gc,metaspace   ] GC(1622) Metaspace: 30948K(31488K)->30948K(31488K) NonClass: 27705K(28032K)->27705K(28032K) Class: 3243K(3456K)->3243K(3456K)
[53.770s][info][gc             ] GC(1622) Pause Full (Allocation Failure) 494M->491M(494M) 14.595ms
[53.770s][info][gc,cpu         ] GC(1622) User=0.01s Sys=0.00s Real=0.02s
[53.771s][info][gc,start       ] GC(1623) Pause Full (Allocation Failure)
[53.771s][info][gc,phases,start] GC(1623) Phase 1: Mark live objects
[53.778s][info][gc,phases      ] GC(1623) Phase 1: Mark live objects 7.425ms
[53.778s][info][gc,phases,start] GC(1623) Phase 2: Compute new object addresses
[53.780s][info][gc,phases      ] GC(1623) Phase 2: Compute new object addresses 2.101ms
[53.780s][info][gc,phases,start] GC(1623) Phase 3: Adjust pointers
[53.786s][info][gc,phases      ] GC(1623) Phase 3: Adjust pointers 5.378ms
[53.786s][info][gc,phases,start] GC(1623) Phase 4: Move objects
[53.807s][info][gc,phases      ] GC(1623) Phase 4: Move objects 21.616ms
[53.808s][info][gc,heap        ] GC(1623) DefNew: 156951K(157248K)->154220K(157248K) Eden: 139776K(139776K)->139614K(139776K) From: 17175K(17472K)->14606K(17472K)
[53.808s][info][gc,heap        ] GC(1623) Tenured: 349417K(349568K)->348903K(349568K)
[53.808s][info][gc,metaspace   ] GC(1623) Metaspace: 30948K(31488K)->30948K(31488K) NonClass: 27705K(28032K)->27705K(28032K) Class: 3243K(3456K)->3243K(3456K)
[53.808s][info][gc             ] GC(1623) Pause Full (Allocation Failure) 494M->491M(494M) 37.033ms
[53.808s][info][gc,cpu         ] GC(1623) User=0.04s Sys=0.00s Real=0.04s
[53.812s][info][gc,start       ] GC(1624) Pause Full (Allocation Failure)
[53.812s][info][gc,phases,start] GC(1624) Phase 1: Mark live objects
[53.821s][info][gc,phases      ] GC(1624) Phase 1: Mark live objects 9.130ms
[53.821s][info][gc,phases,start] GC(1624) Phase 2: Compute new object addresses
[53.823s][info][gc,phases      ] GC(1624) Phase 2: Compute new object addresses 2.373ms
[53.823s][info][gc,phases,start] GC(1624) Phase 3: Adjust pointers
[53.829s][info][gc,phases      ] GC(1624) Phase 3: Adjust pointers 5.279ms
[53.829s][info][gc,phases,start] GC(1624) Phase 4: Move objects
[53.829s][info][gc,phases      ] GC(1624) Phase 4: Move objects 0.061ms
[53.829s][info][gc,heap        ] GC(1624) DefNew: 157247K(157248K)->152679K(157248K) Eden: 139776K(139776K)->139607K(139776K) From: 17471K(17472K)->13072K(17472K)
[53.829s][info][gc,heap        ] GC(1624) Tenured: 349568K(349568K)->349568K(349568K)
[53.829s][info][gc,metaspace   ] GC(1624) Metaspace: 30948K(31488K)->30948K(31488K) NonClass: 27705K(28032K)->27705K(28032K) Class: 3243K(3456K)->3243K(3456K)
[53.829s][info][gc             ] GC(1624) Pause Full (Allocation Failure) 494M->490M(494M) 17.173ms
[53.829s][info][gc,cpu         ] GC(1624) User=0.02s Sys=0.00s Real=0.02s
[53.830s][info][gc,start       ] GC(1625) Pause Full (Allocation Failure)
[53.830s][info][gc,phases,start] GC(1625) Phase 1: Mark live objects
[53.837s][info][gc,phases      ] GC(1625) Phase 1: Mark live objects 7.427ms
[53.837s][info][gc,phases,start] GC(1625) Phase 2: Compute new object addresses
[53.839s][info][gc,phases      ] GC(1625) Phase 2: Compute new object addresses 2.171ms
[53.839s][info][gc,phases,start] GC(1625) Phase 3: Adjust pointers
[53.844s][info][gc,phases      ] GC(1625) Phase 3: Adjust pointers 5.050ms
[53.844s][info][gc,phases,start] GC(1625) Phase 4: Move objects
[53.844s][info][gc,phases      ] GC(1625) Phase 4: Move objects 0.074ms
[53.845s][info][gc,heap        ] GC(1625) DefNew: 157006K(157248K)->153452K(157248K) Eden: 139776K(139776K)->139610K(139776K) From: 17230K(17472K)->13842K(17472K)
[53.845s][info][gc,heap        ] GC(1625) Tenured: 349568K(349568K)->349568K(349568K)
[53.845s][info][gc,metaspace   ] GC(1625) Metaspace: 30948K(31488K)->30948K(31488K) NonClass: 27705K(28032K)->27705K(28032K) Class: 3243K(3456K)->3243K(3456K)
[53.845s][info][gc             ] GC(1625) Pause Full (Allocation Failure) 494M->491M(494M) 15.037ms
[53.845s][info][gc,cpu         ] GC(1625) User=0.02s Sys=0.00s Real=0.02s
[53.845s][info][gc,start       ] GC(1626) Pause Full (Allocation Failure)
[53.846s][info][gc,phases,start] GC(1626) Phase 1: Mark live objects
[53.853s][info][gc,phases      ] GC(1626) Phase 1: Mark live objects 7.885ms
[53.853s][info][gc,phases,start] GC(1626) Phase 2: Compute new object addresses
[53.856s][info][gc,phases      ] GC(1626) Phase 2: Compute new object addresses 2.121ms
[53.856s][info][gc,phases,start] GC(1626) Phase 3: Adjust pointers
[53.861s][info][gc,phases      ] GC(1626) Phase 3: Adjust pointers 5.310ms
[53.861s][info][gc,phases,start] GC(1626) Phase 4: Move objects
[53.861s][info][gc,phases      ] GC(1626) Phase 4: Move objects 0.129ms
[53.861s][info][gc,heap        ] GC(1626) DefNew: 157002K(157248K)->153707K(157248K) Eden: 139776K(139776K)->139608K(139776K) From: 17226K(17472K)->14098K(17472K)
[53.861s][info][gc,heap        ] GC(1626) Tenured: 349568K(349568K)->349568K(349568K)
[53.861s][info][gc,metaspace   ] GC(1626) Metaspace: 30948K(31488K)->30948K(31488K) NonClass: 27705K(28032K)->27705K(28032K) Class: 3243K(3456K)->3243K(3456K)
[53.861s][info][gc             ] GC(1626) Pause Full (Allocation Failure) 494M->491M(494M) 15.796ms
[53.861s][info][gc,cpu         ] GC(1626) User=0.02s Sys=0.00s Real=0.01s
[53.869s][info][gc,start       ] GC(1627) Pause Full (Allocation Failure)
[53.869s][info][gc,phases,start] GC(1627) Phase 1: Mark live objects
[53.877s][info][gc,phases      ] GC(1627) Phase 1: Mark live objects 7.995ms
[53.877s][info][gc,phases,start] GC(1627) Phase 2: Compute new object addresses
[53.879s][info][gc,phases      ] GC(1627) Phase 2: Compute new object addresses 2.337ms
[53.879s][info][gc,phases,start] GC(1627) Phase 3: Adjust pointers
[53.885s][info][gc,phases      ] GC(1627) Phase 3: Adjust pointers 5.634ms
[53.885s][info][gc,phases,start] GC(1627) Phase 4: Move objects
[53.905s][info][gc,phases      ] GC(1627) Phase 4: Move objects 20.529ms
[53.905s][info][gc,heap        ] GC(1627) DefNew: 157227K(157248K)->152835K(157248K) Eden: 139776K(139776K)->139487K(139776K) From: 17451K(17472K)->13347K(17472K)
[53.906s][info][gc,heap        ] GC(1627) Tenured: 349568K(349568K)->348879K(349568K)
[53.906s][info][gc,metaspace   ] GC(1627) Metaspace: 30948K(31488K)->30948K(31488K) NonClass: 27705K(28032K)->27705K(28032K) Class: 3243K(3456K)->3243K(3456K)
[53.906s][info][gc             ] GC(1627) Pause Full (Allocation Failure) 494M->489M(494M) 37.002ms
[53.906s][info][gc,cpu         ] GC(1627) User=0.04s Sys=0.00s Real=0.04s
[53.909s][info][gc,start       ] GC(1628) Pause Full (Allocation Failure)
[53.909s][info][gc,phases,start] GC(1628) Phase 1: Mark live objects
[53.917s][info][gc,phases      ] GC(1628) Phase 1: Mark live objects 8.592ms
[53.917s][info][gc,phases,start] GC(1628) Phase 2: Compute new object addresses
[53.920s][info][gc,phases      ] GC(1628) Phase 2: Compute new object addresses 2.335ms
[53.920s][info][gc,phases,start] GC(1628) Phase 3: Adjust pointers
[53.925s][info][gc,phases      ] GC(1628) Phase 3: Adjust pointers 5.356ms
[53.925s][info][gc,phases,start] GC(1628) Phase 4: Move objects
[53.925s][info][gc,phases      ] GC(1628) Phase 4: Move objects 0.074ms
[53.925s][info][gc,heap        ] GC(1628) DefNew: 157024K(157248K)->152589K(157248K) Eden: 139776K(139776K)->139486K(139776K) From: 17248K(17472K)->13102K(17472K)
[53.925s][info][gc,heap        ] GC(1628) Tenured: 349135K(349568K)->349135K(349568K)
[53.925s][info][gc,metaspace   ] GC(1628) Metaspace: 30948K(31488K)->30948K(31488K) NonClass: 27705K(28032K)->27705K(28032K) Class: 3243K(3456K)->3243K(3456K)
[53.925s][info][gc             ] GC(1628) Pause Full (Allocation Failure) 494M->489M(494M) 16.669ms
[53.925s][info][gc,cpu         ] GC(1628) User=0.02s Sys=0.01s Real=0.02s
[53.928s][info][gc,start       ] GC(1629) Pause Full (Allocation Failure)
[53.928s][info][gc,phases,start] GC(1629) Phase 1: Mark live objects
[53.935s][info][gc,phases      ] GC(1629) Phase 1: Mark live objects 7.034ms
[53.936s][info][gc,phases,start] GC(1629) Phase 2: Compute new object addresses
[53.938s][info][gc,phases      ] GC(1629) Phase 2: Compute new object addresses 2.008ms
[53.938s][info][gc,phases,start] GC(1629) Phase 3: Adjust pointers
[53.942s][info][gc,phases      ] GC(1629) Phase 3: Adjust pointers 4.798ms
[53.942s][info][gc,phases,start] GC(1629) Phase 4: Move objects
[53.942s][info][gc,phases      ] GC(1629) Phase 4: Move objects 0.117ms
[53.943s][info][gc,heap        ] GC(1629) DefNew: 157247K(157248K)->153376K(157248K) Eden: 139775K(139776K)->139487K(139776K) From: 17471K(17472K)->13888K(17472K)
[53.943s][info][gc,heap        ] GC(1629) Tenured: 349397K(349568K)->349397K(349568K)
[53.943s][info][gc,metaspace   ] GC(1629) Metaspace: 30948K(31488K)->30948K(31488K) NonClass: 27705K(28032K)->27705K(28032K) Class: 3243K(3456K)->3243K(3456K)
[53.943s][info][gc             ] GC(1629) Pause Full (Allocation Failure) 494M->490M(494M) 14.274ms
[53.943s][info][gc,cpu         ] GC(1629) User=0.00s Sys=0.01s Real=0.01s
[53.943s][info][gc,start       ] GC(1630) Pause Full (Allocation Failure)
[53.943s][info][gc,phases,start] GC(1630) Phase 1: Mark live objects
[53.951s][info][gc,phases      ] GC(1630) Phase 1: Mark live objects 7.180ms
[53.951s][info][gc,phases,start] GC(1630) Phase 2: Compute new object addresses
[53.953s][info][gc,phases      ] GC(1630) Phase 2: Compute new object addresses 2.037ms
[53.953s][info][gc,phases,start] GC(1630) Phase 3: Adjust pointers
[53.958s][info][gc,phases      ] GC(1630) Phase 3: Adjust pointers 4.903ms
[53.958s][info][gc,phases,start] GC(1630) Phase 4: Move objects
[53.958s][info][gc,phases      ] GC(1630) Phase 4: Move objects 0.143ms
[53.958s][info][gc,heap        ] GC(1630) DefNew: 156756K(157248K)->153633K(157248K) Eden: 139775K(139776K)->139490K(139776K) From: 16980K(17472K)->14143K(17472K)
[53.958s][info][gc,heap        ] GC(1630) Tenured: 349397K(349568K)->349397K(349568K)
[53.958s][info][gc,metaspace   ] GC(1630) Metaspace: 30948K(31488K)->30948K(31488K) NonClass: 27705K(28032K)->27705K(28032K) Class: 3243K(3456K)->3243K(3456K)
[53.958s][info][gc             ] GC(1630) Pause Full (Allocation Failure) 494M->491M(494M) 14.609ms
[53.958s][info][gc,cpu         ] GC(1630) User=0.01s Sys=0.00s Real=0.02s
[53.959s][info][gc,start       ] GC(1631) Pause Full (Allocation Failure)
[53.959s][info][gc,phases,start] GC(1631) Phase 1: Mark live objects
[53.966s][info][gc,phases      ] GC(1631) Phase 1: Mark live objects 7.232ms
[53.966s][info][gc,phases,start] GC(1631) Phase 2: Compute new object addresses
[53.968s][info][gc,phases      ] GC(1631) Phase 2: Compute new object addresses 1.984ms
[53.968s][info][gc,phases,start] GC(1631) Phase 3: Adjust pointers
[53.973s][info][gc,phases      ] GC(1631) Phase 3: Adjust pointers 5.258ms
[53.973s][info][gc,phases,start] GC(1631) Phase 4: Move objects
[53.999s][info][gc,phases      ] GC(1631) Phase 4: Move objects 25.425ms
[53.999s][info][gc,heap        ] GC(1631) DefNew: 156992K(157248K)->154146K(157248K) Eden: 139776K(139776K)->139493K(139776K) From: 17216K(17472K)->14652K(17472K)
[53.999s][info][gc,heap        ] GC(1631) Tenured: 349397K(349568K)->348875K(349568K)
[53.999s][info][gc,metaspace   ] GC(1631) Metaspace: 30948K(31488K)->30948K(31488K) NonClass: 27705K(28032K)->27705K(28032K) Class: 3243K(3456K)->3243K(3456K)
[53.999s][info][gc             ] GC(1631) Pause Full (Allocation Failure) 494M->491M(494M) 40.349ms
[53.999s][info][gc,cpu         ] GC(1631) User=0.04s Sys=0.00s Real=0.04s
[54.007s][info][gc,start       ] GC(1632) Pause Full (Allocation Failure)
[54.007s][info][gc,phases,start] GC(1632) Phase 1: Mark live objects
[54.015s][info][gc,phases      ] GC(1632) Phase 1: Mark live objects 8.232ms
[54.015s][info][gc,phases,start] GC(1632) Phase 2: Compute new object addresses
[54.018s][info][gc,phases      ] GC(1632) Phase 2: Compute new object addresses 2.359ms
[54.018s][info][gc,phases,start] GC(1632) Phase 3: Adjust pointers
[54.023s][info][gc,phases      ] GC(1632) Phase 3: Adjust pointers 4.877ms
[54.023s][info][gc,phases,start] GC(1632) Phase 4: Move objects
[54.023s][info][gc,phases      ] GC(1632) Phase 4: Move objects 0.064ms
[54.023s][info][gc,heap        ] GC(1632) DefNew: 157247K(157248K)->152383K(157248K) Eden: 139775K(139776K)->139491K(139776K) From: 17472K(17472K)->12892K(17472K)
[54.023s][info][gc,heap        ] GC(1632) Tenured: 349449K(349568K)->349449K(349568K)
[54.023s][info][gc,metaspace   ] GC(1632) Metaspace: 30950K(31488K)->30950K(31488K) NonClass: 27706K(28032K)->27706K(28032K) Class: 3243K(3456K)->3243K(3456K)
[54.023s][info][gc             ] GC(1632) Pause Full (Allocation Failure) 494M->490M(494M) 15.844ms
[54.023s][info][gc,cpu         ] GC(1632) User=0.01s Sys=0.00s Real=0.01s
[54.026s][info][gc,start       ] GC(1633) Pause Full (Allocation Failure)
[54.026s][info][gc,phases,start] GC(1633) Phase 1: Mark live objects
[54.033s][info][gc,phases      ] GC(1633) Phase 1: Mark live objects 7.300ms
[54.033s][info][gc,phases,start] GC(1633) Phase 2: Compute new object addresses
[54.035s][info][gc,phases      ] GC(1633) Phase 2: Compute new object addresses 2.041ms
[54.035s][info][gc,phases,start] GC(1633) Phase 3: Adjust pointers
[54.040s][info][gc,phases      ] GC(1633) Phase 3: Adjust pointers 4.966ms
[54.040s][info][gc,phases,start] GC(1633) Phase 4: Move objects
[54.040s][info][gc,phases      ] GC(1633) Phase 4: Move objects 0.108ms
[54.040s][info][gc,heap        ] GC(1633) DefNew: 157039K(157248K)->152913K(157248K) Eden: 139776K(139776K)->139489K(139776K) From: 17263K(17472K)->13424K(17472K)
[54.040s][info][gc,heap        ] GC(1633) Tenured: 349449K(349568K)->349449K(349568K)
[54.040s][info][gc,metaspace   ] GC(1633) Metaspace: 30950K(31488K)->30950K(31488K) NonClass: 27706K(28032K)->27706K(28032K) Class: 3243K(3456K)->3243K(3456K)
[54.040s][info][gc             ] GC(1633) Pause Full (Allocation Failure) 494M->490M(494M) 14.789ms
[54.040s][info][gc,cpu         ] GC(1633) User=0.02s Sys=0.00s Real=0.01s
[54.044s][info][gc,start       ] GC(1634) Pause Full (Allocation Failure)
[54.044s][info][gc,phases,start] GC(1634) Phase 1: Mark live objects
[54.052s][info][gc,phases      ] GC(1634) Phase 1: Mark live objects 7.596ms
[54.052s][info][gc,phases,start] GC(1634) Phase 2: Compute new object addresses
[54.054s][info][gc,phases      ] GC(1634) Phase 2: Compute new object addresses 2.125ms
[54.054s][info][gc,phases,start] GC(1634) Phase 3: Adjust pointers
[54.059s][info][gc,phases      ] GC(1634) Phase 3: Adjust pointers 4.959ms
[54.059s][info][gc,phases,start] GC(1634) Phase 4: Move objects
[54.059s][info][gc,phases      ] GC(1634) Phase 4: Move objects 0.151ms
[54.060s][info][gc,heap        ] GC(1634) DefNew: 156957K(157248K)->153488K(157248K) Eden: 139776K(139776K)->139746K(139776K) From: 17181K(17472K)->13741K(17472K)
[54.060s][info][gc,heap        ] GC(1634) Tenured: 349449K(349568K)->349449K(349568K)
[54.060s][info][gc,metaspace   ] GC(1634) Metaspace: 30950K(31488K)->30950K(31488K) NonClass: 27706K(28032K)->27706K(28032K) Class: 3243K(3456K)->3243K(3456K)
[54.060s][info][gc             ] GC(1634) Pause Full (Allocation Failure) 494M->491M(494M) 15.163ms
[54.060s][info][gc,cpu         ] GC(1634) User=0.02s Sys=0.00s Real=0.01s
[54.069s][info][gc,start       ] GC(1635) Pause Full (Allocation Failure)
[54.069s][info][gc,phases,start] GC(1635) Phase 1: Mark live objects
[54.077s][info][gc,phases      ] GC(1635) Phase 1: Mark live objects 7.928ms
[54.077s][info][gc,phases,start] GC(1635) Phase 2: Compute new object addresses
[54.079s][info][gc,phases      ] GC(1635) Phase 2: Compute new object addresses 2.275ms
[54.079s][info][gc,phases,start] GC(1635) Phase 3: Adjust pointers
[54.085s][info][gc,phases      ] GC(1635) Phase 3: Adjust pointers 5.756ms
[54.085s][info][gc,phases,start] GC(1635) Phase 4: Move objects
[54.109s][info][gc,phases      ] GC(1635) Phase 4: Move objects 24.269ms
[54.109s][info][gc,heap        ] GC(1635) DefNew: 157238K(157248K)->152563K(157248K) Eden: 139776K(139776K)->139483K(139776K) From: 17462K(17472K)->13080K(17472K)
[54.109s][info][gc,heap        ] GC(1635) Tenured: 349449K(349568K)->348855K(349568K)
[54.109s][info][gc,metaspace   ] GC(1635) Metaspace: 30951K(31488K)->30951K(31488K) NonClass: 27708K(28032K)->27708K(28032K) Class: 3243K(3456K)->3243K(3456K)
[54.109s][info][gc             ] GC(1635) Pause Full (Allocation Failure) 494M->489M(494M) 40.713ms
[54.109s][info][gc,cpu         ] GC(1635) User=0.04s Sys=0.00s Real=0.04s
[54.112s][info][gc,start       ] GC(1636) Pause Full (Allocation Failure)
[54.113s][info][gc,phases,start] GC(1636) Phase 1: Mark live objects
[54.122s][info][gc,phases      ] GC(1636) Phase 1: Mark live objects 9.474ms
[54.122s][info][gc,phases,start] GC(1636) Phase 2: Compute new object addresses
[54.125s][info][gc,phases      ] GC(1636) Phase 2: Compute new object addresses 2.452ms
[54.125s][info][gc,phases,start] GC(1636) Phase 3: Adjust pointers
[54.130s][info][gc,phases      ] GC(1636) Phase 3: Adjust pointers 5.562ms
[54.130s][info][gc,phases,start] GC(1636) Phase 4: Move objects
[54.130s][info][gc,phases      ] GC(1636) Phase 4: Move objects 0.099ms
[54.130s][info][gc,heap        ] GC(1636) DefNew: 157248K(157248K)->152576K(157248K) Eden: 139776K(139776K)->139483K(139776K) From: 17472K(17472K)->13093K(17472K)
[54.130s][info][gc,heap        ] GC(1636) Tenured: 349373K(349568K)->349373K(349568K)
[54.130s][info][gc,metaspace   ] GC(1636) Metaspace: 30955K(31488K)->30955K(31488K) NonClass: 27711K(28032K)->27711K(28032K) Class: 3243K(3456K)->3243K(3456K)
[54.131s][info][gc             ] GC(1636) Pause Full (Allocation Failure) 494M->490M(494M) 18.032ms
[54.131s][info][gc,cpu         ] GC(1636) User=0.01s Sys=0.00s Real=0.02s
[54.132s][info][gc,start       ] GC(1637) Pause Full (Allocation Failure)
[54.132s][info][gc,phases,start] GC(1637) Phase 1: Mark live objects
[54.139s][info][gc,phases      ] GC(1637) Phase 1: Mark live objects 7.240ms
[54.139s][info][gc,phases,start] GC(1637) Phase 2: Compute new object addresses
[54.141s][info][gc,phases      ] GC(1637) Phase 2: Compute new object addresses 2.023ms
[54.141s][info][gc,phases,start] GC(1637) Phase 3: Adjust pointers
[54.146s][info][gc,phases      ] GC(1637) Phase 3: Adjust pointers 4.796ms
[54.146s][info][gc,phases,start] GC(1637) Phase 4: Move objects
[54.146s][info][gc,phases      ] GC(1637) Phase 4: Move objects 0.125ms
[54.146s][info][gc,heap        ] GC(1637) DefNew: 157028K(157248K)->153317K(157248K) Eden: 139776K(139776K)->139486K(139776K) From: 17252K(17472K)->13831K(17472K)
[54.146s][info][gc,heap        ] GC(1637) Tenured: 349373K(349568K)->349373K(349568K)
[54.146s][info][gc,metaspace   ] GC(1637) Metaspace: 30955K(31488K)->30955K(31488K) NonClass: 27711K(28032K)->27711K(28032K) Class: 3243K(3456K)->3243K(3456K)
[54.146s][info][gc             ] GC(1637) Pause Full (Allocation Failure) 494M->490M(494M) 14.494ms
[54.146s][info][gc,cpu         ] GC(1637) User=0.01s Sys=0.01s Real=0.02s
[54.153s][info][gc,start       ] GC(1638) Pause Full (Allocation Failure)
[54.153s][info][gc,phases,start] GC(1638) Phase 1: Mark live objects
[54.161s][info][gc,phases      ] GC(1638) Phase 1: Mark live objects 7.237ms
[54.161s][info][gc,phases,start] GC(1638) Phase 2: Compute new object addresses
[54.163s][info][gc,phases      ] GC(1638) Phase 2: Compute new object addresses 2.251ms
[54.163s][info][gc,phases,start] GC(1638) Phase 3: Adjust pointers
[54.168s][info][gc,phases      ] GC(1638) Phase 3: Adjust pointers 5.019ms
[54.168s][info][gc,phases,start] GC(1638) Phase 4: Move objects
[54.168s][info][gc,phases      ] GC(1638) Phase 4: Move objects 0.173ms
[54.168s][info][gc,heap        ] GC(1638) DefNew: 157128K(157248K)->153132K(157248K) Eden: 139776K(139776K)->139740K(139776K) From: 17352K(17472K)->13392K(17472K)
[54.168s][info][gc,heap        ] GC(1638) Tenured: 349373K(349568K)->349373K(349568K)
[54.168s][info][gc,metaspace   ] GC(1638) Metaspace: 30965K(31488K)->30965K(31488K) NonClass: 27720K(28032K)->27720K(28032K) Class: 3245K(3456K)->3245K(3456K)
[54.168s][info][gc             ] GC(1638) Pause Full (Allocation Failure) 494M->490M(494M) 14.996ms
[54.168s][info][gc,cpu         ] GC(1638) User=0.01s Sys=0.00s Real=0.02s
[54.174s][info][gc,start       ] GC(1639) Pause Full (Allocation Failure)
[54.174s][info][gc,phases,start] GC(1639) Phase 1: Mark live objects
[54.181s][info][gc,phases      ] GC(1639) Phase 1: Mark live objects 7.384ms
[54.181s][info][gc,phases,start] GC(1639) Phase 2: Compute new object addresses
[54.183s][info][gc,phases      ] GC(1639) Phase 2: Compute new object addresses 2.057ms
[54.183s][info][gc,phases,start] GC(1639) Phase 3: Adjust pointers
[54.189s][info][gc,phases      ] GC(1639) Phase 3: Adjust pointers 5.317ms
[54.189s][info][gc,phases,start] GC(1639) Phase 4: Move objects
[54.210s][info][gc,phases      ] GC(1639) Phase 4: Move objects 21.430ms
[54.210s][info][gc,heap        ] GC(1639) DefNew: 157026K(157248K)->152911K(157248K) Eden: 139776K(139776K)->139484K(139776K) From: 17250K(17472K)->13427K(17472K)
[54.210s][info][gc,heap        ] GC(1639) Tenured: 349373K(349568K)->348840K(349568K)
[54.210s][info][gc,metaspace   ] GC(1639) Metaspace: 30969K(31488K)->30969K(31488K) NonClass: 27723K(28032K)->27723K(28032K) Class: 3246K(3456K)->3246K(3456K)
[54.210s][info][gc             ] GC(1639) Pause Full (Allocation Failure) 494M->489M(494M) 36.617ms
[54.210s][info][gc,cpu         ] GC(1639) User=0.04s Sys=0.00s Real=0.04s
[54.214s][info][gc,start       ] GC(1640) Pause Full (Allocation Failure)
[54.214s][info][gc,phases,start] GC(1640) Phase 1: Mark live objects
[54.223s][info][gc,phases      ] GC(1640) Phase 1: Mark live objects 8.569ms
[54.223s][info][gc,phases,start] GC(1640) Phase 2: Compute new object addresses
[54.225s][info][gc,phases      ] GC(1640) Phase 2: Compute new object addresses 2.358ms
[54.225s][info][gc,phases,start] GC(1640) Phase 3: Adjust pointers
[54.232s][info][gc,phases      ] GC(1640) Phase 3: Adjust pointers 6.852ms
[54.232s][info][gc,phases,start] GC(1640) Phase 4: Move objects
[54.232s][info][gc,phases      ] GC(1640) Phase 4: Move objects 0.128ms
[54.232s][info][gc,heap        ] GC(1640) DefNew: 157115K(157248K)->152677K(157248K) Eden: 139776K(139776K)->139485K(139776K) From: 17339K(17472K)->13192K(17472K)
[54.232s][info][gc,heap        ] GC(1640) Tenured: 349352K(349568K)->349352K(349568K)
[54.232s][info][gc,metaspace   ] GC(1640) Metaspace: 30972K(31488K)->30972K(31488K) NonClass: 27725K(28032K)->27725K(28032K) Class: 3246K(3456K)->3246K(3456K)
[54.232s][info][gc             ] GC(1640) Pause Full (Allocation Failure) 494M->490M(494M) 18.287ms
[54.232s][info][gc,cpu         ] GC(1640) User=0.02s Sys=0.00s Real=0.02s
[54.240s][info][gc,start       ] GC(1641) Pause Full (Allocation Failure)
[54.240s][info][gc,phases,start] GC(1641) Phase 1: Mark live objects
[54.248s][info][gc,phases      ] GC(1641) Phase 1: Mark live objects 7.591ms
[54.248s][info][gc,phases,start] GC(1641) Phase 2: Compute new object addresses
[54.250s][info][gc,phases      ] GC(1641) Phase 2: Compute new object addresses 2.122ms
[54.250s][info][gc,phases,start] GC(1641) Phase 3: Adjust pointers
[54.255s][info][gc,phases      ] GC(1641) Phase 3: Adjust pointers 4.876ms
[54.255s][info][gc,phases,start] GC(1641) Phase 4: Move objects
[54.255s][info][gc,phases      ] GC(1641) Phase 4: Move objects 0.173ms
[54.255s][info][gc,heap        ] GC(1641) DefNew: 157115K(157248K)->153244K(157248K) Eden: 139775K(139776K)->139741K(139776K) From: 17339K(17472K)->13502K(17472K)
[54.255s][info][gc,heap        ] GC(1641) Tenured: 349352K(349568K)->349352K(349568K)
[54.255s][info][gc,metaspace   ] GC(1641) Metaspace: 30979K(31488K)->30979K(31488K) NonClass: 27731K(28032K)->27731K(28032K) Class: 3247K(3456K)->3247K(3456K)
[54.255s][info][gc             ] GC(1641) Pause Full (Allocation Failure) 494M->490M(494M) 15.078ms
[54.255s][info][gc,cpu         ] GC(1641) User=0.01s Sys=0.01s Real=0.01s
[54.257s][info][gc,start       ] GC(1642) Pause Full (Allocation Failure)
[54.258s][info][gc,phases,start] GC(1642) Phase 1: Mark live objects
[54.265s][info][gc,phases      ] GC(1642) Phase 1: Mark live objects 7.861ms
[54.265s][info][gc,phases,start] GC(1642) Phase 2: Compute new object addresses
[54.268s][info][gc,phases      ] GC(1642) Phase 2: Compute new object addresses 2.083ms
[54.268s][info][gc,phases,start] GC(1642) Phase 3: Adjust pointers
[54.273s][info][gc,phases      ] GC(1642) Phase 3: Adjust pointers 5.252ms
[54.273s][info][gc,phases,start] GC(1642) Phase 4: Move objects
[54.273s][info][gc,phases      ] GC(1642) Phase 4: Move objects 0.166ms
[54.273s][info][gc,heap        ] GC(1642) DefNew: 157083K(157248K)->153770K(157248K) Eden: 139776K(139776K)->139487K(139776K) From: 17307K(17472K)->14283K(17472K)
[54.273s][info][gc,heap        ] GC(1642) Tenured: 349352K(349568K)->349352K(349568K)
[54.273s][info][gc,metaspace   ] GC(1642) Metaspace: 30979K(31488K)->30979K(31488K) NonClass: 27731K(28032K)->27731K(28032K) Class: 3247K(3456K)->3247K(3456K)
[54.273s][info][gc             ] GC(1642) Pause Full (Allocation Failure) 494M->491M(494M) 15.707ms
[54.273s][info][gc,cpu         ] GC(1642) User=0.02s Sys=0.00s Real=0.01s
[54.275s][info][gc,start       ] GC(1643) Pause Full (Allocation Failure)
[54.276s][info][gc,phases,start] GC(1643) Phase 1: Mark live objects
[54.283s][info][gc,phases      ] GC(1643) Phase 1: Mark live objects 7.464ms
[54.283s][info][gc,phases,start] GC(1643) Phase 2: Compute new object addresses
[54.285s][info][gc,phases      ] GC(1643) Phase 2: Compute new object addresses 2.084ms
[54.285s][info][gc,phases,start] GC(1643) Phase 3: Adjust pointers
[54.291s][info][gc,phases      ] GC(1643) Phase 3: Adjust pointers 5.974ms
[54.291s][info][gc,phases,start] GC(1643) Phase 4: Move objects
[54.315s][info][gc,phases      ] GC(1643) Phase 4: Move objects 23.722ms
[54.315s][info][gc,heap        ] GC(1643) DefNew: 157120K(157248K)->154301K(157248K) Eden: 139776K(139776K)->139743K(139776K) From: 17344K(17472K)->14558K(17472K)
[54.315s][info][gc,heap        ] GC(1643) Tenured: 349352K(349568K)->348824K(349568K)
[54.315s][info][gc,metaspace   ] GC(1643) Metaspace: 30982K(31488K)->30982K(31488K) NonClass: 27734K(28032K)->27734K(28032K) Class: 3248K(3456K)->3248K(3456K)
[54.315s][info][gc             ] GC(1643) Pause Full (Allocation Failure) 494M->491M(494M) 39.691ms
[54.315s][info][gc,cpu         ] GC(1643) User=0.04s Sys=0.00s Real=0.04s
[54.323s][info][gc,start       ] GC(1644) Pause Full (Allocation Failure)
[54.323s][info][gc,phases,start] GC(1644) Phase 1: Mark live objects
[54.335s][info][gc,phases      ] GC(1644) Phase 1: Mark live objects 11.963ms
[54.335s][info][gc,phases,start] GC(1644) Phase 2: Compute new object addresses
[54.337s][info][gc,phases      ] GC(1644) Phase 2: Compute new object addresses 2.415ms
[54.337s][info][gc,phases,start] GC(1644) Phase 3: Adjust pointers
[54.343s][info][gc,phases      ] GC(1644) Phase 3: Adjust pointers 5.408ms
[54.343s][info][gc,phases,start] GC(1644) Phase 4: Move objects
[54.343s][info][gc,phases      ] GC(1644) Phase 4: Move objects 0.149ms
[54.343s][info][gc,heap        ] GC(1644) DefNew: 157247K(157248K)->152799K(157248K) Eden: 139776K(139776K)->139487K(139776K) From: 17471K(17472K)->13311K(17472K)
[54.343s][info][gc,heap        ] GC(1644) Tenured: 349165K(349568K)->349165K(349568K)
[54.343s][info][gc,metaspace   ] GC(1644) Metaspace: 30982K(31488K)->30982K(31488K) NonClass: 27734K(28032K)->27734K(28032K) Class: 3248K(3456K)->3248K(3456K)
[54.343s][info][gc             ] GC(1644) Pause Full (Allocation Failure) 494M->490M(494M) 20.248ms
[54.343s][info][gc,cpu         ] GC(1644) User=0.02s Sys=0.00s Real=0.02s
[54.348s][info][gc,start       ] GC(1645) Pause Full (Allocation Failure)
[54.348s][info][gc,phases,start] GC(1645) Phase 1: Mark live objects
[54.356s][info][gc,phases      ] GC(1645) Phase 1: Mark live objects 7.753ms
[54.356s][info][gc,phases,start] GC(1645) Phase 2: Compute new object addresses
[54.358s][info][gc,phases      ] GC(1645) Phase 2: Compute new object addresses 2.106ms
[54.358s][info][gc,phases,start] GC(1645) Phase 3: Adjust pointers
[54.363s][info][gc,phases      ] GC(1645) Phase 3: Adjust pointers 4.819ms
[54.363s][info][gc,phases,start] GC(1645) Phase 4: Move objects
[54.363s][info][gc,phases      ] GC(1645) Phase 4: Move objects 0.130ms
[54.363s][info][gc,heap        ] GC(1645) DefNew: 157188K(157248K)->153591K(157248K) Eden: 139776K(139776K)->139487K(139776K) From: 17412K(17472K)->14103K(17472K)
[54.363s][info][gc,heap        ] GC(1645) Tenured: 349165K(349568K)->349165K(349568K)
[54.363s][info][gc,metaspace   ] GC(1645) Metaspace: 30982K(31488K)->30982K(31488K) NonClass: 27734K(28032K)->27734K(28032K) Class: 3248K(3456K)->3248K(3456K)
[54.363s][info][gc             ] GC(1645) Pause Full (Allocation Failure) 494M->490M(494M) 15.109ms
[54.363s][info][gc,cpu         ] GC(1645) User=0.01s Sys=0.00s Real=0.01s
[54.368s][info][gc,start       ] GC(1646) Pause Full (Allocation Failure)
[54.368s][info][gc,phases,start] GC(1646) Phase 1: Mark live objects
[54.375s][info][gc,phases      ] GC(1646) Phase 1: Mark live objects 7.440ms
[54.375s][info][gc,phases,start] GC(1646) Phase 2: Compute new object addresses
[54.377s][info][gc,phases      ] GC(1646) Phase 2: Compute new object addresses 2.078ms
[54.377s][info][gc,phases,start] GC(1646) Phase 3: Adjust pointers
[54.383s][info][gc,phases      ] GC(1646) Phase 3: Adjust pointers 5.281ms
[54.383s][info][gc,phases,start] GC(1646) Phase 4: Move objects
[54.383s][info][gc,phases      ] GC(1646) Phase 4: Move objects 0.156ms
[54.383s][info][gc,heap        ] GC(1646) DefNew: 157247K(157248K)->152834K(157248K) Eden: 139776K(139776K)->139488K(139776K) From: 17471K(17472K)->13345K(17472K)
[54.383s][info][gc,heap        ] GC(1646) Tenured: 349539K(349568K)->349539K(349568K)
[54.383s][info][gc,metaspace   ] GC(1646) Metaspace: 30982K(31488K)->30982K(31488K) NonClass: 27734K(28032K)->27734K(28032K) Class: 3248K(3456K)->3248K(3456K)
[54.383s][info][gc             ] GC(1646) Pause Full (Allocation Failure) 494M->490M(494M) 15.295ms
[54.383s][info][gc,cpu         ] GC(1646) User=0.02s Sys=0.00s Real=0.01s
[54.385s][info][gc,start       ] GC(1647) Pause Full (Allocation Failure)
[54.385s][info][gc,phases,start] GC(1647) Phase 1: Mark live objects
[54.393s][info][gc,phases      ] GC(1647) Phase 1: Mark live objects 7.885ms
[54.393s][info][gc,phases,start] GC(1647) Phase 2: Compute new object addresses
[54.395s][info][gc,phases      ] GC(1647) Phase 2: Compute new object addresses 2.206ms
[54.395s][info][gc,phases,start] GC(1647) Phase 3: Adjust pointers
[54.400s][info][gc,phases      ] GC(1647) Phase 3: Adjust pointers 5.428ms
[54.400s][info][gc,phases,start] GC(1647) Phase 4: Move objects
[54.424s][info][gc,phases      ] GC(1647) Phase 4: Move objects 24.151ms
[54.425s][info][gc,heap        ] GC(1647) DefNew: 157092K(157248K)->153611K(157248K) Eden: 139776K(139776K)->139488K(139776K) From: 17316K(17472K)->14123K(17472K)
[54.425s][info][gc,heap        ] GC(1647) Tenured: 349539K(349568K)->348930K(349568K)
[54.425s][info][gc,metaspace   ] GC(1647) Metaspace: 30982K(31488K)->30982K(31488K) NonClass: 27734K(28032K)->27734K(28032K) Class: 3248K(3456K)->3248K(3456K)
[54.425s][info][gc             ] GC(1647) Pause Full (Allocation Failure) 494M->490M(494M) 40.100ms
[54.425s][info][gc,cpu         ] GC(1647) User=0.03s Sys=0.01s Real=0.04s
[54.430s][info][gc,start       ] GC(1648) Pause Full (Allocation Failure)
[54.431s][info][gc,phases,start] GC(1648) Phase 1: Mark live objects
[54.439s][info][gc,phases      ] GC(1648) Phase 1: Mark live objects 8.202ms
[54.439s][info][gc,phases,start] GC(1648) Phase 2: Compute new object addresses
[54.441s][info][gc,phases      ] GC(1648) Phase 2: Compute new object addresses 2.340ms
[54.441s][info][gc,phases,start] GC(1648) Phase 3: Adjust pointers
[54.446s][info][gc,phases      ] GC(1648) Phase 3: Adjust pointers 5.234ms
[54.446s][info][gc,phases,start] GC(1648) Phase 4: Move objects
[54.447s][info][gc,phases      ] GC(1648) Phase 4: Move objects 0.159ms
[54.447s][info][gc,heap        ] GC(1648) DefNew: 157115K(157248K)->152856K(157248K) Eden: 139776K(139776K)->139486K(139776K) From: 17339K(17472K)->13370K(17472K)
[54.447s][info][gc,heap        ] GC(1648) Tenured: 349442K(349568K)->349442K(349568K)
[54.447s][info][gc,metaspace   ] GC(1648) Metaspace: 30987K(31488K)->30987K(31488K) NonClass: 27738K(28032K)->27738K(28032K) Class: 3248K(3456K)->3248K(3456K)
[54.447s][info][gc             ] GC(1648) Pause Full (Allocation Failure) 494M->490M(494M) 16.264ms
[54.447s][info][gc,cpu         ] GC(1648) User=0.02s Sys=0.00s Real=0.02s
[54.450s][info][gc,start       ] GC(1649) Pause Full (Allocation Failure)
[54.450s][info][gc,phases,start] GC(1649) Phase 1: Mark live objects
[54.458s][info][gc,phases      ] GC(1649) Phase 1: Mark live objects 7.806ms
[54.458s][info][gc,phases,start] GC(1649) Phase 2: Compute new object addresses
[54.460s][info][gc,phases      ] GC(1649) Phase 2: Compute new object addresses 2.246ms
[54.461s][info][gc,phases,start] GC(1649) Phase 3: Adjust pointers
[54.466s][info][gc,phases      ] GC(1649) Phase 3: Adjust pointers 5.277ms
[54.466s][info][gc,phases,start] GC(1649) Phase 4: Move objects
[54.466s][info][gc,phases      ] GC(1649) Phase 4: Move objects 0.262ms
[54.466s][info][gc,heap        ] GC(1649) DefNew: 157131K(157248K)->153898K(157248K) Eden: 139776K(139776K)->139743K(139776K) From: 17355K(17472K)->14155K(17472K)
[54.466s][info][gc,heap        ] GC(1649) Tenured: 349442K(349568K)->349442K(349568K)
[54.466s][info][gc,metaspace   ] GC(1649) Metaspace: 30990K(31488K)->30990K(31488K) NonClass: 27741K(28032K)->27741K(28032K) Class: 3249K(3456K)->3249K(3456K)
[54.466s][info][gc             ] GC(1649) Pause Full (Allocation Failure) 494M->491M(494M) 15.973ms
[54.466s][info][gc,cpu         ] GC(1649) User=0.02s Sys=0.00s Real=0.02s
[54.469s][info][gc,start       ] GC(1650) Pause Full (Allocation Failure)
[54.469s][info][gc,phases,start] GC(1650) Phase 1: Mark live objects
[54.477s][info][gc,phases      ] GC(1650) Phase 1: Mark live objects 8.171ms
[54.477s][info][gc,phases,start] GC(1650) Phase 2: Compute new object addresses
[54.479s][info][gc,phases      ] GC(1650) Phase 2: Compute new object addresses 2.188ms
[54.479s][info][gc,phases,start] GC(1650) Phase 3: Adjust pointers
[54.485s][info][gc,phases      ] GC(1650) Phase 3: Adjust pointers 5.235ms
[54.485s][info][gc,phases,start] GC(1650) Phase 4: Move objects
[54.485s][info][gc,phases      ] GC(1650) Phase 4: Move objects 0.161ms
[54.485s][info][gc,heap        ] GC(1650) DefNew: 157008K(157248K)->153909K(157248K) Eden: 139776K(139776K)->139744K(139776K) From: 17232K(17472K)->14165K(17472K)
[54.485s][info][gc,heap        ] GC(1650) Tenured: 349442K(349568K)->349442K(349568K)
[54.485s][info][gc,metaspace   ] GC(1650) Metaspace: 30993K(31488K)->30993K(31488K) NonClass: 27744K(28032K)->27744K(28032K) Class: 3249K(3456K)->3249K(3456K)
[54.485s][info][gc             ] GC(1650) Pause Full (Allocation Failure) 494M->491M(494M) 16.149ms
[54.485s][info][gc,cpu         ] GC(1650) User=0.01s Sys=0.01s Real=0.02s
[54.491s][info][gc,start       ] GC(1651) Pause Full (Allocation Failure)
[54.491s][info][gc,phases,start] GC(1651) Phase 1: Mark live objects
[54.498s][info][gc,phases      ] GC(1651) Phase 1: Mark live objects 7.614ms
[54.498s][info][gc,phases,start] GC(1651) Phase 2: Compute new object addresses
[54.501s][info][gc,phases      ] GC(1651) Phase 2: Compute new object addresses 2.318ms
[54.501s][info][gc,phases,start] GC(1651) Phase 3: Adjust pointers
[54.506s][info][gc,phases      ] GC(1651) Phase 3: Adjust pointers 5.564ms
[54.506s][info][gc,phases,start] GC(1651) Phase 4: Move objects
[54.542s][info][gc,phases      ] GC(1651) Phase 4: Move objects 35.891ms
[54.542s][info][gc,heap        ] GC(1651) DefNew: 157248K(157248K)->151885K(157248K) Eden: 139776K(139776K)->139486K(139776K) From: 17472K(17472K)->12399K(17472K)
[54.542s][info][gc,heap        ] GC(1651) Tenured: 349496K(349568K)->349564K(349568K)
[54.542s][info][gc,metaspace   ] GC(1651) Metaspace: 30997K(31488K)->30997K(31488K) NonClass: 27746K(28032K)->27746K(28032K) Class: 3250K(3456K)->3250K(3456K)
[54.542s][info][gc             ] GC(1651) Pause Full (Allocation Failure) 494M->489M(494M) 51.835ms
[54.542s][info][gc,cpu         ] GC(1651) User=0.05s Sys=0.00s Real=0.05s
[54.546s][info][gc,start       ] GC(1652) Pause Full (Allocation Failure)
[54.546s][info][gc,phases,start] GC(1652) Phase 1: Mark live objects
[54.555s][info][gc,phases      ] GC(1652) Phase 1: Mark live objects 8.530ms
[54.555s][info][gc,phases,start] GC(1652) Phase 2: Compute new object addresses
[54.557s][info][gc,phases      ] GC(1652) Phase 2: Compute new object addresses 2.411ms
[54.557s][info][gc,phases,start] GC(1652) Phase 3: Adjust pointers
[54.563s][info][gc,phases      ] GC(1652) Phase 3: Adjust pointers 5.375ms
[54.563s][info][gc,phases,start] GC(1652) Phase 4: Move objects
[54.563s][info][gc,phases      ] GC(1652) Phase 4: Move objects 0.295ms
[54.563s][info][gc,heap        ] GC(1652) DefNew: 157204K(157248K)->152424K(157248K) Eden: 139775K(139776K)->139488K(139776K) From: 17428K(17472K)->12935K(17472K)
[54.563s][info][gc,heap        ] GC(1652) Tenured: 349564K(349568K)->349564K(349568K)
[54.563s][info][gc,metaspace   ] GC(1652) Metaspace: 31000K(31488K)->31000K(31488K) NonClass: 27749K(28032K)->27749K(28032K) Class: 3250K(3456K)->3250K(3456K)
[54.563s][info][gc             ] GC(1652) Pause Full (Allocation Failure) 494M->490M(494M) 16.932ms
[54.563s][info][gc,cpu         ] GC(1652) User=0.01s Sys=0.00s Real=0.01s
[54.567s][info][gc,start       ] GC(1653) Pause Full (Allocation Failure)
[54.567s][info][gc,phases,start] GC(1653) Phase 1: Mark live objects
[54.575s][info][gc,phases      ] GC(1653) Phase 1: Mark live objects 7.302ms
[54.575s][info][gc,phases,start] GC(1653) Phase 2: Compute new object addresses
[54.577s][info][gc,phases      ] GC(1653) Phase 2: Compute new object addresses 2.130ms
[54.577s][info][gc,phases,start] GC(1653) Phase 3: Adjust pointers
[54.582s][info][gc,phases      ] GC(1653) Phase 3: Adjust pointers 4.893ms
[54.582s][info][gc,phases,start] GC(1653) Phase 4: Move objects
[54.582s][info][gc,phases      ] GC(1653) Phase 4: Move objects 0.292ms
[54.582s][info][gc,heap        ] GC(1653) DefNew: 157248K(157248K)->152443K(157248K) Eden: 139776K(139776K)->139489K(139776K) From: 17472K(17472K)->12954K(17472K)
[54.582s][info][gc,heap        ] GC(1653) Tenured: 349568K(349568K)->349568K(349568K)
[54.582s][info][gc,metaspace   ] GC(1653) Metaspace: 31011K(31488K)->31011K(31488K) NonClass: 27759K(28032K)->27759K(28032K) Class: 3251K(3456K)->3251K(3456K)
[54.582s][info][gc             ] GC(1653) Pause Full (Allocation Failure) 494M->490M(494M) 14.921ms
[54.582s][info][gc,cpu         ] GC(1653) User=0.02s Sys=0.00s Real=0.01s
[54.586s][info][gc,start       ] GC(1654) Pause Full (Allocation Failure)
[54.586s][info][gc,phases,start] GC(1654) Phase 1: Mark live objects
[54.594s][info][gc,phases      ] GC(1654) Phase 1: Mark live objects 7.057ms
[54.594s][info][gc,phases,start] GC(1654) Phase 2: Compute new object addresses
[54.596s][info][gc,phases      ] GC(1654) Phase 2: Compute new object addresses 2.060ms
[54.596s][info][gc,phases,start] GC(1654) Phase 3: Adjust pointers
[54.601s][info][gc,phases      ] GC(1654) Phase 3: Adjust pointers 5.006ms
[54.601s][info][gc,phases,start] GC(1654) Phase 4: Move objects
[54.601s][info][gc,phases      ] GC(1654) Phase 4: Move objects 0.161ms
[54.601s][info][gc,heap        ] GC(1654) DefNew: 157022K(157248K)->153006K(157248K) Eden: 139776K(139776K)->139521K(139776K) From: 17246K(17472K)->13485K(17472K)
[54.601s][info][gc,heap        ] GC(1654) Tenured: 349568K(349568K)->349568K(349568K)
[54.601s][info][gc,metaspace   ] GC(1654) Metaspace: 31014K(31488K)->31014K(31488K) NonClass: 27762K(28032K)->27762K(28032K) Class: 3252K(3456K)->3252K(3456K)
[54.601s][info][gc             ] GC(1654) Pause Full (Allocation Failure) 494M->490M(494M) 14.586ms
[54.601s][info][gc,cpu         ] GC(1654) User=0.02s Sys=0.00s Real=0.01s
[54.602s][info][gc,start       ] GC(1655) Pause Full (Allocation Failure)
[54.602s][info][gc,phases,start] GC(1655) Phase 1: Mark live objects
[54.609s][info][gc,phases      ] GC(1655) Phase 1: Mark live objects 6.971ms
[54.609s][info][gc,phases,start] GC(1655) Phase 2: Compute new object addresses
[54.611s][info][gc,phases      ] GC(1655) Phase 2: Compute new object addresses 1.887ms
[54.611s][info][gc,phases,start] GC(1655) Phase 3: Adjust pointers
[54.616s][info][gc,phases      ] GC(1655) Phase 3: Adjust pointers 5.053ms
[54.616s][info][gc,phases,start] GC(1655) Phase 4: Move objects
[54.616s][info][gc,phases      ] GC(1655) Phase 4: Move objects 0.248ms
[54.616s][info][gc,heap        ] GC(1655) DefNew: 156867K(157248K)->153263K(157248K) Eden: 139776K(139776K)->139523K(139776K) From: 17091K(17472K)->13739K(17472K)
[54.616s][info][gc,heap        ] GC(1655) Tenured: 349568K(349568K)->349562K(349568K)
[54.616s][info][gc,metaspace   ] GC(1655) Metaspace: 31014K(31488K)->31014K(31488K) NonClass: 27762K(28032K)->27762K(28032K) Class: 3252K(3456K)->3252K(3456K)
[54.616s][info][gc             ] GC(1655) Pause Full (Allocation Failure) 494M->491M(494M) 14.499ms
[54.616s][info][gc,cpu         ] GC(1655) User=0.02s Sys=0.00s Real=0.02s
[54.617s][info][gc,start       ] GC(1656) Pause Full (Allocation Failure)
[54.617s][info][gc,phases,start] GC(1656) Phase 1: Mark live objects
[54.624s][info][gc,phases      ] GC(1656) Phase 1: Mark live objects 7.504ms
[54.624s][info][gc,phases,start] GC(1656) Phase 2: Compute new object addresses
[54.627s][info][gc,phases      ] GC(1656) Phase 2: Compute new object addresses 2.120ms
[54.627s][info][gc,phases,start] GC(1656) Phase 3: Adjust pointers
[54.632s][info][gc,phases      ] GC(1656) Phase 3: Adjust pointers 5.073ms
[54.632s][info][gc,phases,start] GC(1656) Phase 4: Move objects
[54.632s][info][gc,phases      ] GC(1656) Phase 4: Move objects 0.207ms
[54.632s][info][gc,heap        ] GC(1656) DefNew: 157134K(157248K)->154295K(157248K) Eden: 139776K(139776K)->139527K(139776K) From: 17358K(17472K)->14767K(17472K)
[54.632s][info][gc,heap        ] GC(1656) Tenured: 349562K(349568K)->349562K(349568K)
[54.632s][info][gc,metaspace   ] GC(1656) Metaspace: 31014K(31488K)->31014K(31488K) NonClass: 27762K(28032K)->27762K(28032K) Class: 3252K(3456K)->3252K(3456K)
[54.632s][info][gc             ] GC(1656) Pause Full (Allocation Failure) 494M->492M(494M) 15.276ms
[54.632s][info][gc,cpu         ] GC(1656) User=0.01s Sys=0.01s Real=0.01s
[54.633s][info][gc,start       ] GC(1657) Pause Full (Allocation Failure)
[54.633s][info][gc,phases,start] GC(1657) Phase 1: Mark live objects
[54.640s][info][gc,phases      ] GC(1657) Phase 1: Mark live objects 7.236ms
[54.640s][info][gc,phases,start] GC(1657) Phase 2: Compute new object addresses
[54.642s][info][gc,phases      ] GC(1657) Phase 2: Compute new object addresses 1.994ms
[54.642s][info][gc,phases,start] GC(1657) Phase 3: Adjust pointers
[54.647s][info][gc,phases      ] GC(1657) Phase 3: Adjust pointers 4.936ms
[54.647s][info][gc,phases,start] GC(1657) Phase 4: Move objects
[54.647s][info][gc,phases      ] GC(1657) Phase 4: Move objects 0.300ms
[54.647s][info][gc,heap        ] GC(1657) DefNew: 157110K(157248K)->154238K(157248K) Eden: 139776K(139776K)->139524K(139776K) From: 17334K(17472K)->14714K(17472K)
[54.647s][info][gc,heap        ] GC(1657) Tenured: 349562K(349568K)->349562K(349568K)
[54.647s][info][gc,metaspace   ] GC(1657) Metaspace: 31014K(31488K)->31014K(31488K) NonClass: 27762K(28032K)->27762K(28032K) Class: 3252K(3456K)->3252K(3456K)
[54.647s][info][gc             ] GC(1657) Pause Full (Allocation Failure) 494M->491M(494M) 14.769ms
[54.647s][info][gc,cpu         ] GC(1657) User=0.01s Sys=0.00s Real=0.02s
[54.650s][info][gc,start       ] GC(1658) Pause Full (Allocation Failure)
[54.650s][info][gc,phases,start] GC(1658) Phase 1: Mark live objects
[54.658s][info][gc,phases      ] GC(1658) Phase 1: Mark live objects 7.731ms
[54.658s][info][gc,phases,start] GC(1658) Phase 2: Compute new object addresses
[54.660s][info][gc,phases      ] GC(1658) Phase 2: Compute new object addresses 2.207ms
[54.660s][info][gc,phases,start] GC(1658) Phase 3: Adjust pointers
[54.666s][info][gc,phases      ] GC(1658) Phase 3: Adjust pointers 5.684ms
[54.666s][info][gc,phases,start] GC(1658) Phase 4: Move objects
[54.666s][info][gc,phases      ] GC(1658) Phase 4: Move objects 0.106ms
[54.666s][info][gc,heap        ] GC(1658) DefNew: 156797K(157248K)->152443K(157248K) Eden: 139776K(139776K)->139521K(139776K) From: 17021K(17472K)->12922K(17472K)
[54.666s][info][gc,heap        ] GC(1658) Tenured: 349562K(349568K)->349562K(349568K)
[54.666s][info][gc,metaspace   ] GC(1658) Metaspace: 31014K(31488K)->31014K(31488K) NonClass: 27762K(28032K)->27762K(28032K) Class: 3252K(3456K)->3252K(3456K)
[54.666s][info][gc             ] GC(1658) Pause Full (Allocation Failure) 494M->490M(494M) 16.077ms
[54.666s][info][gc,cpu         ] GC(1658) User=0.01s Sys=0.00s Real=0.02s
[54.667s][info][gc,start       ] GC(1659) Pause Full (Allocation Failure)
[54.667s][info][gc,phases,start] GC(1659) Phase 1: Mark live objects
[54.675s][info][gc,phases      ] GC(1659) Phase 1: Mark live objects 7.172ms
[54.675s][info][gc,phases,start] GC(1659) Phase 2: Compute new object addresses
[54.677s][info][gc,phases      ] GC(1659) Phase 2: Compute new object addresses 1.990ms
[54.677s][info][gc,phases,start] GC(1659) Phase 3: Adjust pointers
[54.682s][info][gc,phases      ] GC(1659) Phase 3: Adjust pointers 5.388ms
[54.682s][info][gc,phases,start] GC(1659) Phase 4: Move objects
[54.702s][info][gc,phases      ] GC(1659) Phase 4: Move objects 19.832ms
[54.702s][info][gc,heap        ] GC(1659) DefNew: 157183K(157248K)->152960K(157248K) Eden: 139776K(139776K)->139524K(139776K) From: 17407K(17472K)->13436K(17472K)
[54.702s][info][gc,heap        ] GC(1659) Tenured: 349562K(349568K)->349555K(349568K)
[54.702s][info][gc,metaspace   ] GC(1659) Metaspace: 31014K(31488K)->31014K(31488K) NonClass: 27762K(28032K)->27762K(28032K) Class: 3252K(3456K)->3252K(3456K)
[54.702s][info][gc             ] GC(1659) Pause Full (Allocation Failure) 494M->490M(494M) 34.820ms
[54.702s][info][gc,cpu         ] GC(1659) User=0.03s Sys=0.00s Real=0.03s
[54.703s][info][gc,start       ] GC(1660) Pause Full (Allocation Failure)
[54.703s][info][gc,phases,start] GC(1660) Phase 1: Mark live objects
[54.711s][info][gc,phases      ] GC(1660) Phase 1: Mark live objects 8.629ms
[54.711s][info][gc,phases,start] GC(1660) Phase 2: Compute new object addresses
[54.714s][info][gc,phases      ] GC(1660) Phase 2: Compute new object addresses 2.342ms
[54.714s][info][gc,phases,start] GC(1660) Phase 3: Adjust pointers
[54.719s][info][gc,phases      ] GC(1660) Phase 3: Adjust pointers 5.227ms
[54.719s][info][gc,phases,start] GC(1660) Phase 4: Move objects
[54.719s][info][gc,phases      ] GC(1660) Phase 4: Move objects 0.177ms
[54.719s][info][gc,heap        ] GC(1660) DefNew: 157068K(157248K)->153733K(157248K) Eden: 139776K(139776K)->139529K(139776K) From: 17292K(17472K)->14203K(17472K)
[54.719s][info][gc,heap        ] GC(1660) Tenured: 349555K(349568K)->349555K(349568K)
[54.719s][info][gc,metaspace   ] GC(1660) Metaspace: 31014K(31488K)->31014K(31488K) NonClass: 27762K(28032K)->27762K(28032K) Class: 3252K(3456K)->3252K(3456K)
[54.719s][info][gc             ] GC(1660) Pause Full (Allocation Failure) 494M->491M(494M) 16.715ms
[54.719s][info][gc,cpu         ] GC(1660) User=0.02s Sys=0.00s Real=0.02s
[54.721s][info][gc,start       ] GC(1661) Pause Full (Allocation Failure)
[54.721s][info][gc,phases,start] GC(1661) Phase 1: Mark live objects
[54.729s][info][gc,phases      ] GC(1661) Phase 1: Mark live objects 7.485ms
[54.729s][info][gc,phases,start] GC(1661) Phase 2: Compute new object addresses
[54.731s][info][gc,phases      ] GC(1661) Phase 2: Compute new object addresses 2.112ms
[54.731s][info][gc,phases,start] GC(1661) Phase 3: Adjust pointers
[54.736s][info][gc,phases      ] GC(1661) Phase 3: Adjust pointers 4.917ms
[54.736s][info][gc,phases,start] GC(1661) Phase 4: Move objects
[54.736s][info][gc,phases      ] GC(1661) Phase 4: Move objects 0.141ms
[54.736s][info][gc,heap        ] GC(1661) DefNew: 157232K(157248K)->152959K(157248K) Eden: 139776K(139776K)->139522K(139776K) From: 17456K(17472K)->13436K(17472K)
[54.736s][info][gc,heap        ] GC(1661) Tenured: 349555K(349568K)->349555K(349568K)
[54.736s][info][gc,metaspace   ] GC(1661) Metaspace: 31014K(31488K)->31014K(31488K) NonClass: 27762K(28032K)->27762K(28032K) Class: 3252K(3456K)->3252K(3456K)
[54.736s][info][gc             ] GC(1661) Pause Full (Allocation Failure) 494M->490M(494M) 14.971ms
[54.736s][info][gc,cpu         ] GC(1661) User=0.01s Sys=0.00s Real=0.02s
[54.739s][info][gc,start       ] GC(1662) Pause Full (Allocation Failure)
[54.739s][info][gc,phases,start] GC(1662) Phase 1: Mark live objects
[54.746s][info][gc,phases      ] GC(1662) Phase 1: Mark live objects 7.074ms
[54.746s][info][gc,phases,start] GC(1662) Phase 2: Compute new object addresses
[54.748s][info][gc,phases      ] GC(1662) Phase 2: Compute new object addresses 1.961ms
[54.748s][info][gc,phases,start] GC(1662) Phase 3: Adjust pointers
[54.753s][info][gc,phases      ] GC(1662) Phase 3: Adjust pointers 4.771ms
[54.753s][info][gc,phases,start] GC(1662) Phase 4: Move objects
[54.753s][info][gc,phases      ] GC(1662) Phase 4: Move objects 0.162ms
[54.753s][info][gc,heap        ] GC(1662) DefNew: 157130K(157248K)->153249K(157248K) Eden: 139776K(139776K)->139544K(139776K) From: 17354K(17472K)->13704K(17472K)
[54.753s][info][gc,heap        ] GC(1662) Tenured: 349555K(349568K)->349555K(349568K)
[54.753s][info][gc,metaspace   ] GC(1662) Metaspace: 31014K(31488K)->31014K(31488K) NonClass: 27762K(28032K)->27762K(28032K) Class: 3252K(3456K)->3252K(3456K)
[54.753s][info][gc             ] GC(1662) Pause Full (Allocation Failure) 494M->491M(494M) 14.276ms
[54.753s][info][gc,cpu         ] GC(1662) User=0.01s Sys=0.00s Real=0.01s
[54.754s][info][gc,start       ] GC(1663) Pause Full (Allocation Failure)
[54.754s][info][gc,phases,start] GC(1663) Phase 1: Mark live objects
[54.761s][info][gc,phases      ] GC(1663) Phase 1: Mark live objects 7.050ms
[54.761s][info][gc,phases,start] GC(1663) Phase 2: Compute new object addresses
[54.763s][info][gc,phases      ] GC(1663) Phase 2: Compute new object addresses 1.986ms
[54.763s][info][gc,phases,start] GC(1663) Phase 3: Adjust pointers
[54.768s][info][gc,phases      ] GC(1663) Phase 3: Adjust pointers 5.447ms
[54.768s][info][gc,phases,start] GC(1663) Phase 4: Move objects
[54.769s][info][gc,phases      ] GC(1663) Phase 4: Move objects 0.101ms
[54.769s][info][gc,heap        ] GC(1663) DefNew: 157089K(157248K)->154020K(157248K) Eden: 139776K(139776K)->139547K(139776K) From: 17313K(17472K)->14472K(17472K)
[54.769s][info][gc,heap        ] GC(1663) Tenured: 349555K(349568K)->349555K(349568K)
[54.769s][info][gc,metaspace   ] GC(1663) Metaspace: 31014K(31488K)->31014K(31488K) NonClass: 27762K(28032K)->27762K(28032K) Class: 3252K(3456K)->3252K(3456K)
[54.769s][info][gc             ] GC(1663) Pause Full (Allocation Failure) 494M->491M(494M) 14.879ms
[54.769s][info][gc,cpu         ] GC(1663) User=0.01s Sys=0.00s Real=0.02s
[54.771s][info][gc,start       ] GC(1664) Pause Full (Allocation Failure)
[54.771s][info][gc,phases,start] GC(1664) Phase 1: Mark live objects
[54.778s][info][gc,phases      ] GC(1664) Phase 1: Mark live objects 7.201ms
[54.778s][info][gc,phases,start] GC(1664) Phase 2: Compute new object addresses
[54.780s][info][gc,phases      ] GC(1664) Phase 2: Compute new object addresses 1.951ms
[54.780s][info][gc,phases,start] GC(1664) Phase 3: Adjust pointers
[54.785s][info][gc,phases      ] GC(1664) Phase 3: Adjust pointers 5.027ms
[54.785s][info][gc,phases,start] GC(1664) Phase 4: Move objects
[54.785s][info][gc,phases      ] GC(1664) Phase 4: Move objects 0.144ms
[54.785s][info][gc,heap        ] GC(1664) DefNew: 157248K(157248K)->152740K(157248K) Eden: 139776K(139776K)->139543K(139776K) From: 17472K(17472K)->13197K(17472K)
[54.785s][info][gc,heap        ] GC(1664) Tenured: 349567K(349568K)->349567K(349568K)
[54.785s][info][gc,metaspace   ] GC(1664) Metaspace: 31014K(31488K)->31014K(31488K) NonClass: 27762K(28032K)->27762K(28032K) Class: 3252K(3456K)->3252K(3456K)
[54.785s][info][gc             ] GC(1664) Pause Full (Allocation Failure) 494M->490M(494M) 14.654ms
[54.785s][info][gc,cpu         ] GC(1664) User=0.01s Sys=0.00s Real=0.02s
[54.786s][info][gc,start       ] GC(1665) Pause Full (Allocation Failure)
[54.786s][info][gc,phases,start] GC(1665) Phase 1: Mark live objects
[54.794s][info][gc,phases      ] GC(1665) Phase 1: Mark live objects 7.558ms
[54.794s][info][gc,phases,start] GC(1665) Phase 2: Compute new object addresses
[54.796s][info][gc,phases      ] GC(1665) Phase 2: Compute new object addresses 2.345ms
[54.796s][info][gc,phases,start] GC(1665) Phase 3: Adjust pointers
[54.802s][info][gc,phases      ] GC(1665) Phase 3: Adjust pointers 5.343ms
[54.802s][info][gc,phases,start] GC(1665) Phase 4: Move objects
[54.802s][info][gc,phases      ] GC(1665) Phase 4: Move objects 0.132ms
[54.802s][info][gc,heap        ] GC(1665) DefNew: 157134K(157248K)->153255K(157248K) Eden: 139776K(139776K)->139544K(139776K) From: 17358K(17472K)->13710K(17472K)
[54.802s][info][gc,heap        ] GC(1665) Tenured: 349567K(349568K)->349567K(349568K)
[54.802s][info][gc,metaspace   ] GC(1665) Metaspace: 31014K(31488K)->31014K(31488K) NonClass: 27762K(28032K)->27762K(28032K) Class: 3252K(3456K)->3252K(3456K)
[54.802s][info][gc             ] GC(1665) Pause Full (Allocation Failure) 494M->491M(494M) 15.747ms
[54.802s][info][gc,cpu         ] GC(1665) User=0.01s Sys=0.00s Real=0.01s
[54.805s][info][gc,start       ] GC(1666) Pause Full (Allocation Failure)
[54.805s][info][gc,phases,start] GC(1666) Phase 1: Mark live objects
[54.813s][info][gc,phases      ] GC(1666) Phase 1: Mark live objects 7.857ms
[54.813s][info][gc,phases,start] GC(1666) Phase 2: Compute new object addresses
[54.815s][info][gc,phases      ] GC(1666) Phase 2: Compute new object addresses 2.146ms
[54.815s][info][gc,phases,start] GC(1666) Phase 3: Adjust pointers
[54.820s][info][gc,phases      ] GC(1666) Phase 3: Adjust pointers 5.203ms
[54.820s][info][gc,phases,start] GC(1666) Phase 4: Move objects
[54.820s][info][gc,phases      ] GC(1666) Phase 4: Move objects 0.130ms
[54.821s][info][gc,heap        ] GC(1666) DefNew: 157109K(157248K)->153001K(157248K) Eden: 139776K(139776K)->139544K(139776K) From: 17333K(17472K)->13456K(17472K)
[54.821s][info][gc,heap        ] GC(1666) Tenured: 349567K(349568K)->349567K(349568K)
[54.821s][info][gc,metaspace   ] GC(1666) Metaspace: 31014K(31488K)->31014K(31488K) NonClass: 27762K(28032K)->27762K(28032K) Class: 3252K(3456K)->3252K(3456K)
[54.821s][info][gc             ] GC(1666) Pause Full (Allocation Failure) 494M->490M(494M) 15.662ms
[54.821s][info][gc,cpu         ] GC(1666) User=0.02s Sys=0.00s Real=0.01s
[54.822s][info][gc,start       ] GC(1667) Pause Full (Allocation Failure)
[54.822s][info][gc,phases,start] GC(1667) Phase 1: Mark live objects
[54.829s][info][gc,phases      ] GC(1667) Phase 1: Mark live objects 7.227ms
[54.830s][info][gc,phases,start] GC(1667) Phase 2: Compute new object addresses
[54.832s][info][gc,phases      ] GC(1667) Phase 2: Compute new object addresses 2.168ms
[54.832s][info][gc,phases,start] GC(1667) Phase 3: Adjust pointers
[54.837s][info][gc,phases      ] GC(1667) Phase 3: Adjust pointers 5.080ms
[54.837s][info][gc,phases,start] GC(1667) Phase 4: Move objects
[54.837s][info][gc,phases      ] GC(1667) Phase 4: Move objects 0.164ms
[54.837s][info][gc,heap        ] GC(1667) DefNew: 157245K(157248K)->153521K(157248K) Eden: 139776K(139776K)->139547K(139776K) From: 17469K(17472K)->13974K(17472K)
[54.837s][info][gc,heap        ] GC(1667) Tenured: 349567K(349568K)->349555K(349568K)
[54.837s][info][gc,metaspace   ] GC(1667) Metaspace: 31014K(31488K)->31014K(31488K) NonClass: 27762K(28032K)->27762K(28032K) Class: 3252K(3456K)->3252K(3456K)
[54.837s][info][gc             ] GC(1667) Pause Full (Allocation Failure) 494M->491M(494M) 14.967ms
[54.837s][info][gc,cpu         ] GC(1667) User=0.02s Sys=0.00s Real=0.02s
[54.838s][info][gc,start       ] GC(1668) Pause Full (Allocation Failure)
[54.838s][info][gc,phases,start] GC(1668) Phase 1: Mark live objects
[54.845s][info][gc,phases      ] GC(1668) Phase 1: Mark live objects 7.081ms
[54.845s][info][gc,phases,start] GC(1668) Phase 2: Compute new object addresses
[54.847s][info][gc,phases      ] GC(1668) Phase 2: Compute new object addresses 1.988ms
[54.847s][info][gc,phases,start] GC(1668) Phase 3: Adjust pointers
[54.852s][info][gc,phases      ] GC(1668) Phase 3: Adjust pointers 4.977ms
[54.852s][info][gc,phases,start] GC(1668) Phase 4: Move objects
[54.852s][info][gc,phases      ] GC(1668) Phase 4: Move objects 0.165ms
[54.852s][info][gc,heap        ] GC(1668) DefNew: 157110K(157248K)->153782K(157248K) Eden: 139776K(139776K)->139551K(139776K) From: 17334K(17472K)->14230K(17472K)
[54.852s][info][gc,heap        ] GC(1668) Tenured: 349555K(349568K)->349555K(349568K)
[54.852s][info][gc,metaspace   ] GC(1668) Metaspace: 31014K(31488K)->31014K(31488K) NonClass: 27762K(28032K)->27762K(28032K) Class: 3252K(3456K)->3252K(3456K)
[54.852s][info][gc             ] GC(1668) Pause Full (Allocation Failure) 494M->491M(494M) 14.522ms
[54.852s][info][gc,cpu         ] GC(1668) User=0.01s Sys=0.00s Real=0.01s
[54.856s][info][gc,start       ] GC(1669) Pause Full (Allocation Failure)
[54.856s][info][gc,phases,start] GC(1669) Phase 1: Mark live objects
[54.864s][info][gc,phases      ] GC(1669) Phase 1: Mark live objects 8.230ms
[54.864s][info][gc,phases,start] GC(1669) Phase 2: Compute new object addresses
[54.867s][info][gc,phases      ] GC(1669) Phase 2: Compute new object addresses 2.250ms
[54.867s][info][gc,phases,start] GC(1669) Phase 3: Adjust pointers
[54.872s][info][gc,phases      ] GC(1669) Phase 3: Adjust pointers 5.297ms
[54.872s][info][gc,phases,start] GC(1669) Phase 4: Move objects
[54.872s][info][gc,phases      ] GC(1669) Phase 4: Move objects 0.143ms
[54.872s][info][gc,heap        ] GC(1669) DefNew: 156984K(157248K)->153031K(157248K) Eden: 139776K(139776K)->139559K(139776K) From: 17208K(17472K)->13471K(17472K)
[54.872s][info][gc,heap        ] GC(1669) Tenured: 349555K(349568K)->349555K(349568K)
[54.872s][info][gc,metaspace   ] GC(1669) Metaspace: 31014K(31488K)->31014K(31488K) NonClass: 27762K(28032K)->27762K(28032K) Class: 3252K(3456K)->3252K(3456K)
[54.872s][info][gc             ] GC(1669) Pause Full (Allocation Failure) 494M->490M(494M) 16.311ms
[54.872s][info][gc,cpu         ] GC(1669) User=0.02s Sys=0.00s Real=0.01s
[54.873s][info][gc,start       ] GC(1670) Pause Full (Allocation Failure)
[54.873s][info][gc,phases,start] GC(1670) Phase 1: Mark live objects
[54.883s][info][gc,phases      ] GC(1670) Phase 1: Mark live objects 9.891ms
[54.883s][info][gc,phases,start] GC(1670) Phase 2: Compute new object addresses
[54.885s][info][gc,phases      ] GC(1670) Phase 2: Compute new object addresses 2.275ms
[54.885s][info][gc,phases,start] GC(1670) Phase 3: Adjust pointers
[54.891s][info][gc,phases      ] GC(1670) Phase 3: Adjust pointers 5.730ms
[54.891s][info][gc,phases,start] GC(1670) Phase 4: Move objects
[54.891s][info][gc,phases      ] GC(1670) Phase 4: Move objects 0.217ms
[54.892s][info][gc,heap        ] GC(1670) DefNew: 157122K(157248K)->153547K(157248K) Eden: 139776K(139776K)->139563K(139776K) From: 17346K(17472K)->13983K(17472K)
[54.892s][info][gc,heap        ] GC(1670) Tenured: 349555K(349568K)->349555K(349568K)
[54.892s][info][gc,metaspace   ] GC(1670) Metaspace: 31014K(31488K)->31014K(31488K) NonClass: 27762K(28032K)->27762K(28032K) Class: 3252K(3456K)->3252K(3456K)
[54.892s][info][gc             ] GC(1670) Pause Full (Allocation Failure) 494M->491M(494M) 18.583ms
[54.892s][info][gc,cpu         ] GC(1670) User=0.02s Sys=0.00s Real=0.02s
[54.894s][info][gc,start       ] GC(1671) Pause Full (Allocation Failure)
[54.894s][info][gc,phases,start] GC(1671) Phase 1: Mark live objects
[54.903s][info][gc,phases      ] GC(1671) Phase 1: Mark live objects 8.934ms
[54.903s][info][gc,phases,start] GC(1671) Phase 2: Compute new object addresses
[54.906s][info][gc,phases      ] GC(1671) Phase 2: Compute new object addresses 2.277ms
[54.906s][info][gc,phases,start] GC(1671) Phase 3: Adjust pointers
[54.912s][info][gc,phases      ] GC(1671) Phase 3: Adjust pointers 5.803ms
[54.912s][info][gc,phases,start] GC(1671) Phase 4: Move objects
[54.912s][info][gc,phases      ] GC(1671) Phase 4: Move objects 0.087ms
[54.912s][info][gc,heap        ] GC(1671) DefNew: 157103K(157248K)->152264K(157248K) Eden: 139776K(139776K)->139558K(139776K) From: 17327K(17472K)->12706K(17472K)
[54.912s][info][gc,heap        ] GC(1671) Tenured: 349555K(349568K)->349555K(349568K)
[54.912s][info][gc,metaspace   ] GC(1671) Metaspace: 31014K(31488K)->31014K(31488K) NonClass: 27762K(28032K)->27762K(28032K) Class: 3252K(3456K)->3252K(3456K)
[54.912s][info][gc             ] GC(1671) Pause Full (Allocation Failure) 494M->490M(494M) 17.513ms
[54.912s][info][gc,cpu         ] GC(1671) User=0.02s Sys=0.00s Real=0.02s
[54.914s][info][gc,start       ] GC(1672) Pause Full (Allocation Failure)
[54.914s][info][gc,phases,start] GC(1672) Phase 1: Mark live objects
[54.922s][info][gc,phases      ] GC(1672) Phase 1: Mark live objects 8.218ms
[54.922s][info][gc,phases,start] GC(1672) Phase 2: Compute new object addresses
[54.924s][info][gc,phases      ] GC(1672) Phase 2: Compute new object addresses 2.192ms
[54.924s][info][gc,phases,start] GC(1672) Phase 3: Adjust pointers
[54.930s][info][gc,phases      ] GC(1672) Phase 3: Adjust pointers 5.372ms
[54.930s][info][gc,phases,start] GC(1672) Phase 4: Move objects
[54.930s][info][gc,phases      ] GC(1672) Phase 4: Move objects 0.112ms
[54.930s][info][gc,heap        ] GC(1672) DefNew: 157006K(157248K)->152778K(157248K) Eden: 139776K(139776K)->139558K(139776K) From: 17230K(17472K)->13220K(17472K)
[54.930s][info][gc,heap        ] GC(1672) Tenured: 349555K(349568K)->349555K(349568K)
[54.930s][info][gc,metaspace   ] GC(1672) Metaspace: 31014K(31488K)->31014K(31488K) NonClass: 27762K(28032K)->27762K(28032K) Class: 3252K(3456K)->3252K(3456K)
[54.930s][info][gc             ] GC(1672) Pause Full (Allocation Failure) 494M->490M(494M) 16.245ms
[54.930s][info][gc,cpu         ] GC(1672) User=0.02s Sys=0.00s Real=0.02s
[54.931s][info][gc,start       ] GC(1673) Pause Full (Allocation Failure)
[54.931s][info][gc,phases,start] GC(1673) Phase 1: Mark live objects
[54.939s][info][gc,phases      ] GC(1673) Phase 1: Mark live objects 7.724ms
[54.939s][info][gc,phases,start] GC(1673) Phase 2: Compute new object addresses
[54.942s][info][gc,phases      ] GC(1673) Phase 2: Compute new object addresses 2.240ms
[54.942s][info][gc,phases,start] GC(1673) Phase 3: Adjust pointers
[54.947s][info][gc,phases      ] GC(1673) Phase 3: Adjust pointers 5.885ms
[54.947s][info][gc,phases,start] GC(1673) Phase 4: Move objects
[54.948s][info][gc,phases      ] GC(1673) Phase 4: Move objects 0.170ms
[54.948s][info][gc,heap        ] GC(1673) DefNew: 157242K(157248K)->153319K(157248K) Eden: 139776K(139776K)->139580K(139776K) From: 17466K(17472K)->13739K(17472K)
[54.948s][info][gc,heap        ] GC(1673) Tenured: 349555K(349568K)->349555K(349568K)
[54.948s][info][gc,metaspace   ] GC(1673) Metaspace: 31014K(31488K)->31014K(31488K) NonClass: 27762K(28032K)->27762K(28032K) Class: 3252K(3456K)->3252K(3456K)
[54.948s][info][gc             ] GC(1673) Pause Full (Allocation Failure) 494M->491M(494M) 16.389ms
[54.948s][info][gc,cpu         ] GC(1673) User=0.01s Sys=0.00s Real=0.02s
[54.951s][info][gc,start       ] GC(1674) Pause Full (Allocation Failure)
[54.951s][info][gc,phases,start] GC(1674) Phase 1: Mark live objects
[54.959s][info][gc,phases      ] GC(1674) Phase 1: Mark live objects 7.611ms
[54.959s][info][gc,phases,start] GC(1674) Phase 2: Compute new object addresses
[54.961s][info][gc,phases      ] GC(1674) Phase 2: Compute new object addresses 2.254ms
[54.961s][info][gc,phases,start] GC(1674) Phase 3: Adjust pointers
[54.967s][info][gc,phases      ] GC(1674) Phase 3: Adjust pointers 6.026ms
[54.967s][info][gc,phases,start] GC(1674) Phase 4: Move objects
[54.967s][info][gc,phases      ] GC(1674) Phase 4: Move objects 0.133ms
[54.967s][info][gc,heap        ] GC(1674) DefNew: 156888K(157248K)->153068K(157248K) Eden: 139776K(139776K)->139580K(139776K) From: 17112K(17472K)->13487K(17472K)
[54.967s][info][gc,heap        ] GC(1674) Tenured: 349555K(349568K)->349555K(349568K)
[54.967s][info][gc,metaspace   ] GC(1674) Metaspace: 31014K(31488K)->31014K(31488K) NonClass: 27762K(28032K)->27762K(28032K) Class: 3252K(3456K)->3252K(3456K)
[54.967s][info][gc             ] GC(1674) Pause Full (Allocation Failure) 494M->490M(494M) 16.379ms
[54.967s][info][gc,cpu         ] GC(1674) User=0.02s Sys=0.00s Real=0.02s
[54.968s][info][gc,start       ] GC(1675) Pause Full (Allocation Failure)
[54.968s][info][gc,phases,start] GC(1675) Phase 1: Mark live objects
[54.975s][info][gc,phases      ] GC(1675) Phase 1: Mark live objects 7.408ms
[54.975s][info][gc,phases,start] GC(1675) Phase 2: Compute new object addresses
[54.977s][info][gc,phases      ] GC(1675) Phase 2: Compute new object addresses 2.191ms
[54.977s][info][gc,phases,start] GC(1675) Phase 3: Adjust pointers
[54.983s][info][gc,phases      ] GC(1675) Phase 3: Adjust pointers 5.713ms
[54.983s][info][gc,phases,start] GC(1675) Phase 4: Move objects
[54.983s][info][gc,phases      ] GC(1675) Phase 4: Move objects 0.158ms
[54.983s][info][gc,heap        ] GC(1675) DefNew: 157112K(157248K)->154096K(157248K) Eden: 139776K(139776K)->139581K(139776K) From: 17336K(17472K)->14514K(17472K)
[54.983s][info][gc,heap        ] GC(1675) Tenured: 349555K(349568K)->349555K(349568K)
[54.983s][info][gc,metaspace   ] GC(1675) Metaspace: 31014K(31488K)->31014K(31488K) NonClass: 27762K(28032K)->27762K(28032K) Class: 3252K(3456K)->3252K(3456K)
[54.983s][info][gc             ] GC(1675) Pause Full (Allocation Failure) 494M->491M(494M) 15.814ms
[54.984s][info][gc,cpu         ] GC(1675) User=0.02s Sys=0.00s Real=0.01s
[54.987s][info][gc,start       ] GC(1676) Pause Full (Allocation Failure)
[54.987s][info][gc,phases,start] GC(1676) Phase 1: Mark live objects
[54.995s][info][gc,phases      ] GC(1676) Phase 1: Mark live objects 8.249ms
[54.995s][info][gc,phases,start] GC(1676) Phase 2: Compute new object addresses
[54.997s][info][gc,phases      ] GC(1676) Phase 2: Compute new object addresses 2.171ms
[54.997s][info][gc,phases,start] GC(1676) Phase 3: Adjust pointers
[55.002s][info][gc,phases      ] GC(1676) Phase 3: Adjust pointers 4.962ms
[55.002s][info][gc,phases,start] GC(1676) Phase 4: Move objects
[55.003s][info][gc,phases      ] GC(1676) Phase 4: Move objects 0.119ms
[55.003s][info][gc,heap        ] GC(1676) DefNew: 156913K(157248K)->152817K(157248K) Eden: 139776K(139776K)->139578K(139776K) From: 17137K(17472K)->13238K(17472K)
[55.003s][info][gc,heap        ] GC(1676) Tenured: 349555K(349568K)->349555K(349568K)
[55.003s][info][gc,metaspace   ] GC(1676) Metaspace: 31014K(31488K)->31014K(31488K) NonClass: 27762K(28032K)->27762K(28032K) Class: 3252K(3456K)->3252K(3456K)
[55.003s][info][gc             ] GC(1676) Pause Full (Allocation Failure) 494M->490M(494M) 15.836ms
[55.003s][info][gc,cpu         ] GC(1676) User=0.02s Sys=0.00s Real=0.01s
[55.003s][info][gc,start       ] GC(1677) Pause Full (Allocation Failure)
[55.003s][info][gc,phases,start] GC(1677) Phase 1: Mark live objects
[55.011s][info][gc,phases      ] GC(1677) Phase 1: Mark live objects 7.749ms
[55.011s][info][gc,phases,start] GC(1677) Phase 2: Compute new object addresses
[55.013s][info][gc,phases      ] GC(1677) Phase 2: Compute new object addresses 2.165ms
[55.013s][info][gc,phases,start] GC(1677) Phase 3: Adjust pointers
[55.018s][info][gc,phases      ] GC(1677) Phase 3: Adjust pointers 4.948ms
[55.018s][info][gc,phases,start] GC(1677) Phase 4: Move objects
[55.018s][info][gc,phases      ] GC(1677) Phase 4: Move objects 0.140ms
[55.019s][info][gc,heap        ] GC(1677) DefNew: 157135K(157248K)->153586K(157248K) Eden: 139776K(139776K)->139581K(139776K) From: 17359K(17472K)->14005K(17472K)
[55.019s][info][gc,heap        ] GC(1677) Tenured: 349555K(349568K)->349555K(349568K)
[55.019s][info][gc,metaspace   ] GC(1677) Metaspace: 31014K(31488K)->31014K(31488K) NonClass: 27762K(28032K)->27762K(28032K) Class: 3252K(3456K)->3252K(3456K)
[55.019s][info][gc             ] GC(1677) Pause Full (Allocation Failure) 494M->491M(494M) 15.356ms
[55.019s][info][gc,cpu         ] GC(1677) User=0.02s Sys=0.00s Real=0.02s
[55.022s][info][gc,start       ] GC(1678) Pause Full (Allocation Failure)
[55.022s][info][gc,phases,start] GC(1678) Phase 1: Mark live objects
[55.030s][info][gc,phases      ] GC(1678) Phase 1: Mark live objects 7.769ms
[55.030s][info][gc,phases,start] GC(1678) Phase 2: Compute new object addresses
[55.032s][info][gc,phases      ] GC(1678) Phase 2: Compute new object addresses 2.064ms
[55.032s][info][gc,phases,start] GC(1678) Phase 3: Adjust pointers
[55.037s][info][gc,phases      ] GC(1678) Phase 3: Adjust pointers 5.028ms
[55.037s][info][gc,phases,start] GC(1678) Phase 4: Move objects
[55.037s][info][gc,phases      ] GC(1678) Phase 4: Move objects 0.094ms
[55.037s][info][gc,heap        ] GC(1678) DefNew: 157222K(157248K)->152561K(157248K) Eden: 139776K(139776K)->139579K(139776K) From: 17446K(17472K)->12981K(17472K)
[55.037s][info][gc,heap        ] GC(1678) Tenured: 349555K(349568K)->349555K(349568K)
[55.037s][info][gc,metaspace   ] GC(1678) Metaspace: 31014K(31488K)->31014K(31488K) NonClass: 27762K(28032K)->27762K(28032K) Class: 3252K(3456K)->3252K(3456K)
[55.037s][info][gc             ] GC(1678) Pause Full (Allocation Failure) 494M->490M(494M) 15.237ms
[55.037s][info][gc,cpu         ] GC(1678) User=0.01s Sys=0.00s Real=0.02s
[55.040s][info][gc,start       ] GC(1679) Pause Full (Allocation Failure)
[55.040s][info][gc,phases,start] GC(1679) Phase 1: Mark live objects
[55.048s][info][gc,phases      ] GC(1679) Phase 1: Mark live objects 7.730ms
[55.048s][info][gc,phases,start] GC(1679) Phase 2: Compute new object addresses
[55.050s][info][gc,phases      ] GC(1679) Phase 2: Compute new object addresses 2.193ms
[55.050s][info][gc,phases,start] GC(1679) Phase 3: Adjust pointers
[55.056s][info][gc,phases      ] GC(1679) Phase 3: Adjust pointers 5.382ms
[55.056s][info][gc,phases,start] GC(1679) Phase 4: Move objects
[55.056s][info][gc,phases      ] GC(1679) Phase 4: Move objects 0.190ms
[55.056s][info][gc,heap        ] GC(1679) DefNew: 157187K(157248K)->153370K(157248K) Eden: 139775K(139776K)->139608K(139776K) From: 17411K(17472K)->13761K(17472K)
[55.056s][info][gc,heap        ] GC(1679) Tenured: 349555K(349568K)->349555K(349568K)
[55.056s][info][gc,metaspace   ] GC(1679) Metaspace: 31014K(31488K)->31014K(31488K) NonClass: 27762K(28032K)->27762K(28032K) Class: 3252K(3456K)->3252K(3456K)
[55.056s][info][gc             ] GC(1679) Pause Full (Allocation Failure) 494M->491M(494M) 15.828ms
[55.056s][info][gc,cpu         ] GC(1679) User=0.02s Sys=0.00s Real=0.02s
[55.058s][info][gc,start       ] GC(1680) Pause Full (Allocation Failure)
[55.058s][info][gc,phases,start] GC(1680) Phase 1: Mark live objects
[55.066s][info][gc,phases      ] GC(1680) Phase 1: Mark live objects 7.711ms
[55.066s][info][gc,phases,start] GC(1680) Phase 2: Compute new object addresses
[55.068s][info][gc,phases      ] GC(1680) Phase 2: Compute new object addresses 2.164ms
[55.068s][info][gc,phases,start] GC(1680) Phase 3: Adjust pointers
[55.073s][info][gc,phases      ] GC(1680) Phase 3: Adjust pointers 5.544ms
[55.073s][info][gc,phases,start] GC(1680) Phase 4: Move objects
[55.074s][info][gc,phases      ] GC(1680) Phase 4: Move objects 0.125ms
[55.074s][info][gc,heap        ] GC(1680) DefNew: 157080K(157248K)->153116K(157248K) Eden: 139776K(139776K)->139607K(139776K) From: 17304K(17472K)->13508K(17472K)
[55.074s][info][gc,heap        ] GC(1680) Tenured: 349555K(349568K)->349555K(349568K)
[55.074s][info][gc,metaspace   ] GC(1680) Metaspace: 31014K(31488K)->31014K(31488K) NonClass: 27762K(28032K)->27762K(28032K) Class: 3252K(3456K)->3252K(3456K)
[55.074s][info][gc             ] GC(1680) Pause Full (Allocation Failure) 494M->490M(494M) 15.839ms
[55.074s][info][gc,cpu         ] GC(1680) User=0.02s Sys=0.00s Real=0.01s
[55.077s][info][gc,start       ] GC(1681) Pause Full (Allocation Failure)
[55.077s][info][gc,phases,start] GC(1681) Phase 1: Mark live objects
[55.085s][info][gc,phases      ] GC(1681) Phase 1: Mark live objects 7.758ms
[55.085s][info][gc,phases,start] GC(1681) Phase 2: Compute new object addresses
[55.088s][info][gc,phases      ] GC(1681) Phase 2: Compute new object addresses 2.330ms
[55.088s][info][gc,phases,start] GC(1681) Phase 3: Adjust pointers
[55.093s][info][gc,phases      ] GC(1681) Phase 3: Adjust pointers 5.537ms
[55.093s][info][gc,phases,start] GC(1681) Phase 4: Move objects
[55.093s][info][gc,phases      ] GC(1681) Phase 4: Move objects 0.134ms
[55.093s][info][gc,heap        ] GC(1681) DefNew: 157248K(157248K)->152615K(157248K) Eden: 139776K(139776K)->139606K(139776K) From: 17472K(17472K)->13008K(17472K)
[55.094s][info][gc,heap        ] GC(1681) Tenured: 349567K(349568K)->349567K(349568K)
[55.094s][info][gc,metaspace   ] GC(1681) Metaspace: 31014K(31488K)->31014K(31488K) NonClass: 27762K(28032K)->27762K(28032K) Class: 3252K(3456K)->3252K(3456K)
[55.094s][info][gc             ] GC(1681) Pause Full (Allocation Failure) 494M->490M(494M) 16.130ms
[55.094s][info][gc,cpu         ] GC(1681) User=0.02s Sys=0.00s Real=0.01s
[55.094s][info][gc,start       ] GC(1682) Pause Full (Allocation Failure)
[55.094s][info][gc,phases,start] GC(1682) Phase 1: Mark live objects
[55.102s][info][gc,phases      ] GC(1682) Phase 1: Mark live objects 8.241ms
[55.103s][info][gc,phases,start] GC(1682) Phase 2: Compute new object addresses
[55.105s][info][gc,phases      ] GC(1682) Phase 2: Compute new object addresses 2.248ms
[55.105s][info][gc,phases,start] GC(1682) Phase 3: Adjust pointers
[55.110s][info][gc,phases      ] GC(1682) Phase 3: Adjust pointers 5.485ms
[55.110s][info][gc,phases,start] GC(1682) Phase 4: Move objects
[55.110s][info][gc,phases      ] GC(1682) Phase 4: Move objects 0.159ms
[55.111s][info][gc,heap        ] GC(1682) DefNew: 157165K(157248K)->153651K(157248K) Eden: 139776K(139776K)->139616K(139776K) From: 17389K(17472K)->14035K(17472K)
[55.111s][info][gc,heap        ] GC(1682) Tenured: 349567K(349568K)->349567K(349568K)
[55.111s][info][gc,metaspace   ] GC(1682) Metaspace: 31015K(31488K)->31015K(31488K) NonClass: 27762K(28032K)->27762K(28032K) Class: 3252K(3456K)->3252K(3456K)
[55.111s][info][gc             ] GC(1682) Pause Full (Allocation Failure) 494M->491M(494M) 16.505ms
[55.111s][info][gc,cpu         ] GC(1682) User=0.01s Sys=0.00s Real=0.02s
[55.115s][info][gc,start       ] GC(1683) Pause Full (Allocation Failure)
[55.115s][info][gc,phases,start] GC(1683) Phase 1: Mark live objects
[55.123s][info][gc,phases      ] GC(1683) Phase 1: Mark live objects 8.080ms
[55.123s][info][gc,phases,start] GC(1683) Phase 2: Compute new object addresses
[55.125s][info][gc,phases      ] GC(1683) Phase 2: Compute new object addresses 2.249ms
[55.125s][info][gc,phases,start] GC(1683) Phase 3: Adjust pointers
[55.131s][info][gc,phases      ] GC(1683) Phase 3: Adjust pointers 5.657ms
[55.131s][info][gc,phases,start] GC(1683) Phase 4: Move objects
[55.131s][info][gc,phases      ] GC(1683) Phase 4: Move objects 0.484ms
[55.131s][info][gc,heap        ] GC(1683) DefNew: 157207K(157248K)->153677K(157248K) Eden: 139776K(139776K)->139628K(139776K) From: 17431K(17472K)->14048K(17472K)
[55.131s][info][gc,heap        ] GC(1683) Tenured: 349567K(349568K)->349556K(349568K)
[55.131s][info][gc,metaspace   ] GC(1683) Metaspace: 31015K(31488K)->31015K(31488K) NonClass: 27763K(28032K)->27763K(28032K) Class: 3252K(3456K)->3252K(3456K)
[55.131s][info][gc             ] GC(1683) Pause Full (Allocation Failure) 494M->491M(494M) 16.857ms
[55.131s][info][gc,cpu         ] GC(1683) User=0.02s Sys=0.00s Real=0.02s
[55.135s][info][gc,start       ] GC(1684) Pause Full (Allocation Failure)
[55.135s][info][gc,phases,start] GC(1684) Phase 1: Mark live objects
[55.144s][info][gc,phases      ] GC(1684) Phase 1: Mark live objects 9.035ms
[55.144s][info][gc,phases,start] GC(1684) Phase 2: Compute new object addresses
[55.146s][info][gc,phases      ] GC(1684) Phase 2: Compute new object addresses 2.206ms
[55.146s][info][gc,phases,start] GC(1684) Phase 3: Adjust pointers
[55.151s][info][gc,phases      ] GC(1684) Phase 3: Adjust pointers 5.088ms
[55.151s][info][gc,phases,start] GC(1684) Phase 4: Move objects
[55.151s][info][gc,phases      ] GC(1684) Phase 4: Move objects 0.139ms
[55.151s][info][gc,heap        ] GC(1684) DefNew: 157197K(157248K)->152924K(157248K) Eden: 139776K(139776K)->139627K(139776K) From: 17421K(17472K)->13297K(17472K)
[55.151s][info][gc,heap        ] GC(1684) Tenured: 349556K(349568K)->349556K(349568K)
[55.151s][info][gc,metaspace   ] GC(1684) Metaspace: 31015K(31488K)->31015K(31488K) NonClass: 27763K(28032K)->27763K(28032K) Class: 3252K(3456K)->3252K(3456K)
[55.151s][info][gc             ] GC(1684) Pause Full (Allocation Failure) 494M->490M(494M) 16.764ms
[55.151s][info][gc,cpu         ] GC(1684) User=0.02s Sys=0.00s Real=0.02s
[55.155s][info][gc,start       ] GC(1685) Pause Full (Allocation Failure)
[55.155s][info][gc,phases,start] GC(1685) Phase 1: Mark live objects
[55.163s][info][gc,phases      ] GC(1685) Phase 1: Mark live objects 7.789ms
[55.163s][info][gc,phases,start] GC(1685) Phase 2: Compute new object addresses
[55.165s][info][gc,phases      ] GC(1685) Phase 2: Compute new object addresses 2.224ms
[55.165s][info][gc,phases,start] GC(1685) Phase 3: Adjust pointers
[55.171s][info][gc,phases      ] GC(1685) Phase 3: Adjust pointers 5.084ms
[55.171s][info][gc,phases,start] GC(1685) Phase 4: Move objects
[55.171s][info][gc,phases      ] GC(1685) Phase 4: Move objects 0.300ms
[55.171s][info][gc,heap        ] GC(1685) DefNew: 157152K(157248K)->152662K(157248K) Eden: 139776K(139776K)->139619K(139776K) From: 17376K(17472K)->13043K(17472K)
[55.171s][info][gc,heap        ] GC(1685) Tenured: 349556K(349568K)->349556K(349568K)
[55.171s][info][gc,metaspace   ] GC(1685) Metaspace: 31015K(31488K)->31015K(31488K) NonClass: 27763K(28032K)->27763K(28032K) Class: 3252K(3456K)->3252K(3456K)
[55.171s][info][gc             ] GC(1685) Pause Full (Allocation Failure) 494M->490M(494M) 15.724ms
[55.171s][info][gc,cpu         ] GC(1685) User=0.01s Sys=0.00s Real=0.02s
[55.173s][info][gc,start       ] GC(1686) Pause Full (Allocation Failure)
[55.173s][info][gc,phases,start] GC(1686) Phase 1: Mark live objects
[55.180s][info][gc,phases      ] GC(1686) Phase 1: Mark live objects 7.471ms
[55.180s][info][gc,phases,start] GC(1686) Phase 2: Compute new object addresses
[55.182s][info][gc,phases      ] GC(1686) Phase 2: Compute new object addresses 2.122ms
[55.182s][info][gc,phases,start] GC(1686) Phase 3: Adjust pointers
[55.188s][info][gc,phases      ] GC(1686) Phase 3: Adjust pointers 5.512ms
[55.188s][info][gc,phases,start] GC(1686) Phase 4: Move objects
[55.188s][info][gc,phases      ] GC(1686) Phase 4: Move objects 0.275ms
[55.188s][info][gc,heap        ] GC(1686) DefNew: 157078K(157248K)->153193K(157248K) Eden: 139776K(139776K)->139633K(139776K) From: 17302K(17472K)->13559K(17472K)
[55.189s][info][gc,heap        ] GC(1686) Tenured: 349556K(349568K)->349556K(349568K)
[55.189s][info][gc,metaspace   ] GC(1686) Metaspace: 31015K(31488K)->31015K(31488K) NonClass: 27763K(28032K)->27763K(28032K) Class: 3252K(3456K)->3252K(3456K)
[55.189s][info][gc             ] GC(1686) Pause Full (Allocation Failure) 494M->490M(494M) 15.799ms
[55.189s][info][gc,cpu         ] GC(1686) User=0.01s Sys=0.00s Real=0.02s
[55.190s][info][gc,start       ] GC(1687) Pause Full (Allocation Failure)
[55.190s][info][gc,phases,start] GC(1687) Phase 1: Mark live objects
[55.198s][info][gc,phases      ] GC(1687) Phase 1: Mark live objects 7.955ms
[55.198s][info][gc,phases,start] GC(1687) Phase 2: Compute new object addresses
[55.201s][info][gc,phases      ] GC(1687) Phase 2: Compute new object addresses 2.459ms
[55.201s][info][gc,phases,start] GC(1687) Phase 3: Adjust pointers
[55.206s][info][gc,phases      ] GC(1687) Phase 3: Adjust pointers 5.067ms
[55.206s][info][gc,phases,start] GC(1687) Phase 4: Move objects
[55.206s][info][gc,phases      ] GC(1687) Phase 4: Move objects 0.192ms
[55.206s][info][gc,heap        ] GC(1687) DefNew: 157051K(157248K)->153134K(157248K) Eden: 139776K(139776K)->139620K(139776K) From: 17275K(17472K)->13513K(17472K)
[55.206s][info][gc,heap        ] GC(1687) Tenured: 349556K(349568K)->349552K(349568K)
[55.206s][info][gc,metaspace   ] GC(1687) Metaspace: 31015K(31488K)->31015K(31488K) NonClass: 27763K(28032K)->27763K(28032K) Class: 3252K(3456K)->3252K(3456K)
[55.206s][info][gc             ] GC(1687) Pause Full (Allocation Failure) 494M->490M(494M) 15.984ms
[55.206s][info][gc,cpu         ] GC(1687) User=0.01s Sys=0.00s Real=0.02s
[55.207s][info][gc,start       ] GC(1688) Pause Full (Allocation Failure)
[55.207s][info][gc,phases,start] GC(1688) Phase 1: Mark live objects
[55.213s][info][gc,phases      ] GC(1688) Phase 1: Mark live objects 6.758ms
[55.214s][info][gc,phases,start] GC(1688) Phase 2: Compute new object addresses
[55.215s][info][gc,phases      ] GC(1688) Phase 2: Compute new object addresses 1.907ms
[55.215s][info][gc,phases,start] GC(1688) Phase 3: Adjust pointers
[55.220s][info][gc,phases      ] GC(1688) Phase 3: Adjust pointers 4.928ms
[55.220s][info][gc,phases,start] GC(1688) Phase 4: Move objects
[55.221s][info][gc,phases      ] GC(1688) Phase 4: Move objects 0.130ms
[55.221s][info][gc,heap        ] GC(1688) DefNew: 157167K(157248K)->153649K(157248K) Eden: 139776K(139776K)->139623K(139776K) From: 17391K(17472K)->14026K(17472K)
[55.221s][info][gc,heap        ] GC(1688) Tenured: 349552K(349568K)->349552K(349568K)
[55.221s][info][gc,metaspace   ] GC(1688) Metaspace: 31015K(31488K)->31015K(31488K) NonClass: 27763K(28032K)->27763K(28032K) Class: 3252K(3456K)->3252K(3456K)
[55.221s][info][gc             ] GC(1688) Pause Full (Allocation Failure) 494M->491M(494M) 14.025ms
[55.221s][info][gc,cpu         ] GC(1688) User=0.02s Sys=0.00s Real=0.01s
[55.226s][info][gc,start       ] GC(1689) Pause Full (Allocation Failure)
[55.226s][info][gc,phases,start] GC(1689) Phase 1: Mark live objects
[55.233s][info][gc,phases      ] GC(1689) Phase 1: Mark live objects 7.352ms
[55.233s][info][gc,phases,start] GC(1689) Phase 2: Compute new object addresses
[55.235s][info][gc,phases      ] GC(1689) Phase 2: Compute new object addresses 2.059ms
[55.235s][info][gc,phases,start] GC(1689) Phase 3: Adjust pointers
[55.240s][info][gc,phases      ] GC(1689) Phase 3: Adjust pointers 4.811ms
[55.240s][info][gc,phases,start] GC(1689) Phase 4: Move objects
[55.240s][info][gc,phases      ] GC(1689) Phase 4: Move objects 0.121ms
[55.240s][info][gc,heap        ] GC(1689) DefNew: 157187K(157248K)->152633K(157248K) Eden: 139776K(139776K)->139614K(139776K) From: 17411K(17472K)->13019K(17472K)
[55.240s][info][gc,heap        ] GC(1689) Tenured: 349552K(349568K)->349552K(349568K)
[55.240s][info][gc,metaspace   ] GC(1689) Metaspace: 31015K(31488K)->31015K(31488K) NonClass: 27763K(28032K)->27763K(28032K) Class: 3252K(3456K)->3252K(3456K)
[55.240s][info][gc             ] GC(1689) Pause Full (Allocation Failure) 494M->490M(494M) 14.669ms
[55.241s][info][gc,cpu         ] GC(1689) User=0.02s Sys=0.00s Real=0.01s
[55.243s][info][gc,start       ] GC(1690) Pause Full (Allocation Failure)
[55.243s][info][gc,phases,start] GC(1690) Phase 1: Mark live objects
[55.250s][info][gc,phases      ] GC(1690) Phase 1: Mark live objects 6.988ms
[55.250s][info][gc,phases,start] GC(1690) Phase 2: Compute new object addresses
[55.252s][info][gc,phases      ] GC(1690) Phase 2: Compute new object addresses 2.011ms
[55.252s][info][gc,phases,start] GC(1690) Phase 3: Adjust pointers
[55.257s][info][gc,phases      ] GC(1690) Phase 3: Adjust pointers 4.820ms
[55.257s][info][gc,phases,start] GC(1690) Phase 4: Move objects
[55.257s][info][gc,phases      ] GC(1690) Phase 4: Move objects 0.111ms
[55.257s][info][gc,heap        ] GC(1690) DefNew: 157185K(157248K)->152642K(157248K) Eden: 139776K(139776K)->139613K(139776K) From: 17409K(17472K)->13028K(17472K)
[55.257s][info][gc,heap        ] GC(1690) Tenured: 349552K(349568K)->349552K(349568K)
[55.257s][info][gc,metaspace   ] GC(1690) Metaspace: 31015K(31488K)->31015K(31488K) NonClass: 27763K(28032K)->27763K(28032K) Class: 3252K(3456K)->3252K(3456K)
[55.257s][info][gc             ] GC(1690) Pause Full (Allocation Failure) 494M->490M(494M) 14.201ms
[55.257s][info][gc,cpu         ] GC(1690) User=0.02s Sys=0.00s Real=0.02s
[55.258s][info][gc,start       ] GC(1691) Pause Full (Allocation Failure)
[55.258s][info][gc,phases,start] GC(1691) Phase 1: Mark live objects
[55.266s][info][gc,phases      ] GC(1691) Phase 1: Mark live objects 7.588ms
[55.266s][info][gc,phases,start] GC(1691) Phase 2: Compute new object addresses
[55.268s][info][gc,phases      ] GC(1691) Phase 2: Compute new object addresses 2.070ms
[55.268s][info][gc,phases,start] GC(1691) Phase 3: Adjust pointers
[55.273s][info][gc,phases      ] GC(1691) Phase 3: Adjust pointers 5.135ms
[55.273s][info][gc,phases,start] GC(1691) Phase 4: Move objects
[55.274s][info][gc,phases      ] GC(1691) Phase 4: Move objects 0.134ms
[55.274s][info][gc,heap        ] GC(1691) DefNew: 157247K(157248K)->152905K(157248K) Eden: 139776K(139776K)->139621K(139776K) From: 17471K(17472K)->13284K(17472K)
[55.274s][info][gc,heap        ] GC(1691) Tenured: 349567K(349568K)->349553K(349568K)
[55.274s][info][gc,metaspace   ] GC(1691) Metaspace: 31015K(31488K)->31015K(31488K) NonClass: 27763K(28032K)->27763K(28032K) Class: 3252K(3456K)->3252K(3456K)
[55.274s][info][gc             ] GC(1691) Pause Full (Allocation Failure) 494M->490M(494M) 15.250ms
[55.274s][info][gc,cpu         ] GC(1691) User=0.02s Sys=0.00s Real=0.01s
[55.276s][info][gc,start       ] GC(1692) Pause Full (Allocation Failure)
[55.276s][info][gc,phases,start] GC(1692) Phase 1: Mark live objects
[55.284s][info][gc,phases      ] GC(1692) Phase 1: Mark live objects 7.724ms
[55.284s][info][gc,phases,start] GC(1692) Phase 2: Compute new object addresses
[55.286s][info][gc,phases      ] GC(1692) Phase 2: Compute new object addresses 2.203ms
[55.286s][info][gc,phases,start] GC(1692) Phase 3: Adjust pointers
[55.292s][info][gc,phases      ] GC(1692) Phase 3: Adjust pointers 5.612ms
[55.292s][info][gc,phases,start] GC(1692) Phase 4: Move objects
[55.292s][info][gc,phases      ] GC(1692) Phase 4: Move objects 0.274ms
[55.292s][info][gc,heap        ] GC(1692) DefNew: 157206K(157248K)->152903K(157248K) Eden: 139776K(139776K)->139619K(139776K) From: 17430K(17472K)->13284K(17472K)
[55.292s][info][gc,heap        ] GC(1692) Tenured: 349553K(349568K)->349553K(349568K)
[55.292s][info][gc,metaspace   ] GC(1692) Metaspace: 31015K(31488K)->31015K(31488K) NonClass: 27763K(28032K)->27763K(28032K) Class: 3252K(3456K)->3252K(3456K)
[55.292s][info][gc             ] GC(1692) Pause Full (Allocation Failure) 494M->490M(494M) 16.261ms
[55.292s][info][gc,cpu         ] GC(1692) User=0.01s Sys=0.00s Real=0.01s
[55.296s][info][gc,start       ] GC(1693) Pause Full (Allocation Failure)
[55.296s][info][gc,phases,start] GC(1693) Phase 1: Mark live objects
[55.305s][info][gc,phases      ] GC(1693) Phase 1: Mark live objects 9.035ms
[55.305s][info][gc,phases,start] GC(1693) Phase 2: Compute new object addresses
[55.307s][info][gc,phases      ] GC(1693) Phase 2: Compute new object addresses 2.142ms
[55.307s][info][gc,phases,start] GC(1693) Phase 3: Adjust pointers
[55.312s][info][gc,phases      ] GC(1693) Phase 3: Adjust pointers 5.134ms
[55.313s][info][gc,phases,start] GC(1693) Phase 4: Move objects
[55.313s][info][gc,phases      ] GC(1693) Phase 4: Move objects 0.094ms
[55.313s][info][gc,heap        ] GC(1693) DefNew: 157248K(157248K)->152394K(157248K) Eden: 139776K(139776K)->139617K(139776K) From: 17472K(17472K)->12777K(17472K)
[55.313s][info][gc,heap        ] GC(1693) Tenured: 349568K(349568K)->349568K(349568K)
[55.313s][info][gc,metaspace   ] GC(1693) Metaspace: 31015K(31488K)->31015K(31488K) NonClass: 27763K(28032K)->27763K(28032K) Class: 3252K(3456K)->3252K(3456K)
[55.313s][info][gc             ] GC(1693) Pause Full (Allocation Failure) 494M->490M(494M) 16.723ms
[55.313s][info][gc,cpu         ] GC(1693) User=0.02s Sys=0.00s Real=0.01s
[55.315s][info][gc,start       ] GC(1694) Pause Full (Allocation Failure)
[55.315s][info][gc,phases,start] GC(1694) Phase 1: Mark live objects
[55.323s][info][gc,phases      ] GC(1694) Phase 1: Mark live objects 7.585ms
[55.323s][info][gc,phases,start] GC(1694) Phase 2: Compute new object addresses
[55.325s][info][gc,phases      ] GC(1694) Phase 2: Compute new object addresses 2.080ms
[55.325s][info][gc,phases,start] GC(1694) Phase 3: Adjust pointers
[55.330s][info][gc,phases      ] GC(1694) Phase 3: Adjust pointers 5.080ms
[55.330s][info][gc,phases,start] GC(1694) Phase 4: Move objects
[55.330s][info][gc,phases      ] GC(1694) Phase 4: Move objects 0.225ms
[55.331s][info][gc,heap        ] GC(1694) DefNew: 157145K(157248K)->153430K(157248K) Eden: 139776K(139776K)->139617K(139776K) From: 17369K(17472K)->13813K(17472K)
[55.331s][info][gc,heap        ] GC(1694) Tenured: 349568K(349568K)->349568K(349568K)
[55.331s][info][gc,metaspace   ] GC(1694) Metaspace: 31015K(31488K)->31015K(31488K) NonClass: 27763K(28032K)->27763K(28032K) Class: 3252K(3456K)->3252K(3456K)
[55.331s][info][gc             ] GC(1694) Pause Full (Allocation Failure) 494M->491M(494M) 15.304ms
[55.331s][info][gc,cpu         ] GC(1694) User=0.01s Sys=0.00s Real=0.02s
[55.333s][info][gc,start       ] GC(1695) Pause Full (Allocation Failure)
[55.333s][info][gc,phases,start] GC(1695) Phase 1: Mark live objects
[55.340s][info][gc,phases      ] GC(1695) Phase 1: Mark live objects 7.233ms
[55.340s][info][gc,phases,start] GC(1695) Phase 2: Compute new object addresses
[55.342s][info][gc,phases      ] GC(1695) Phase 2: Compute new object addresses 2.050ms
[55.342s][info][gc,phases,start] GC(1695) Phase 3: Adjust pointers
[55.347s][info][gc,phases      ] GC(1695) Phase 3: Adjust pointers 5.024ms
[55.347s][info][gc,phases,start] GC(1695) Phase 4: Move objects
[55.347s][info][gc,phases      ] GC(1695) Phase 4: Move objects 0.141ms
[55.347s][info][gc,heap        ] GC(1695) DefNew: 157080K(157248K)->153171K(157248K) Eden: 139776K(139776K)->139617K(139776K) From: 17304K(17472K)->13553K(17472K)
[55.347s][info][gc,heap        ] GC(1695) Tenured: 349568K(349568K)->349553K(349568K)
[55.347s][info][gc,metaspace   ] GC(1695) Metaspace: 31015K(31488K)->31015K(31488K) NonClass: 27763K(28032K)->27763K(28032K) Class: 3252K(3456K)->3252K(3456K)
[55.347s][info][gc             ] GC(1695) Pause Full (Allocation Failure) 494M->490M(494M) 14.750ms
[55.347s][info][gc,cpu         ] GC(1695) User=0.01s Sys=0.00s Real=0.02s
[55.348s][info][gc,start       ] GC(1696) Pause Full (Allocation Failure)
[55.348s][info][gc,phases,start] GC(1696) Phase 1: Mark live objects
[55.355s][info][gc,phases      ] GC(1696) Phase 1: Mark live objects 6.782ms
[55.355s][info][gc,phases,start] GC(1696) Phase 2: Compute new object addresses
[55.357s][info][gc,phases      ] GC(1696) Phase 2: Compute new object addresses 1.912ms
[55.357s][info][gc,phases,start] GC(1696) Phase 3: Adjust pointers
[55.361s][info][gc,phases      ] GC(1696) Phase 3: Adjust pointers 4.701ms
[55.361s][info][gc,phases,start] GC(1696) Phase 4: Move objects
[55.362s][info][gc,phases      ] GC(1696) Phase 4: Move objects 0.203ms
[55.362s][info][gc,heap        ] GC(1696) DefNew: 157177K(157248K)->154451K(157248K) Eden: 139776K(139776K)->139619K(139776K) From: 17401K(17472K)->14832K(17472K)
[55.362s][info][gc,heap        ] GC(1696) Tenured: 349553K(349568K)->349553K(349568K)
[55.362s][info][gc,metaspace   ] GC(1696) Metaspace: 31015K(31488K)->31015K(31488K) NonClass: 27763K(28032K)->27763K(28032K) Class: 3252K(3456K)->3252K(3456K)
[55.362s][info][gc             ] GC(1696) Pause Full (Allocation Failure) 494M->492M(494M) 13.900ms
[55.362s][info][gc,cpu         ] GC(1696) User=0.02s Sys=0.00s Real=0.01s
[55.365s][info][gc,start       ] GC(1697) Pause Full (Allocation Failure)
[55.365s][info][gc,phases,start] GC(1697) Phase 1: Mark live objects
[55.372s][info][gc,phases      ] GC(1697) Phase 1: Mark live objects 7.146ms
[55.372s][info][gc,phases,start] GC(1697) Phase 2: Compute new object addresses
[55.374s][info][gc,phases      ] GC(1697) Phase 2: Compute new object addresses 2.010ms
[55.374s][info][gc,phases,start] GC(1697) Phase 3: Adjust pointers
[55.379s][info][gc,phases      ] GC(1697) Phase 3: Adjust pointers 4.785ms
[55.379s][info][gc,phases,start] GC(1697) Phase 4: Move objects
[55.379s][info][gc,phases      ] GC(1697) Phase 4: Move objects 0.102ms
[55.379s][info][gc,heap        ] GC(1697) DefNew: 157248K(157248K)->152033K(157248K) Eden: 139776K(139776K)->139483K(139776K) From: 17472K(17472K)->12549K(17472K)
[55.379s][info][gc,heap        ] GC(1697) Tenured: 349567K(349568K)->349567K(349568K)
[55.379s][info][gc,metaspace   ] GC(1697) Metaspace: 31015K(31488K)->31015K(31488K) NonClass: 27763K(28032K)->27763K(28032K) Class: 3252K(3456K)->3252K(3456K)
[55.379s][info][gc             ] GC(1697) Pause Full (Allocation Failure) 494M->489M(494M) 14.345ms
[55.379s][info][gc,cpu         ] GC(1697) User=0.01s Sys=0.00s Real=0.01s
[55.382s][info][gc,start       ] GC(1698) Pause Full (Allocation Failure)
[55.382s][info][gc,phases,start] GC(1698) Phase 1: Mark live objects
[55.390s][info][gc,phases      ] GC(1698) Phase 1: Mark live objects 7.456ms
[55.390s][info][gc,phases,start] GC(1698) Phase 2: Compute new object addresses
[55.392s][info][gc,phases      ] GC(1698) Phase 2: Compute new object addresses 2.000ms
[55.392s][info][gc,phases,start] GC(1698) Phase 3: Adjust pointers
[55.396s][info][gc,phases      ] GC(1698) Phase 3: Adjust pointers 4.888ms
[55.396s][info][gc,phases,start] GC(1698) Phase 4: Move objects
[55.397s][info][gc,phases      ] GC(1698) Phase 4: Move objects 0.361ms
[55.397s][info][gc,heap        ] GC(1698) DefNew: 157247K(157248K)->152312K(157248K) Eden: 139776K(139776K)->139485K(139776K) From: 17471K(17472K)->12827K(17472K)
[55.397s][info][gc,heap        ] GC(1698) Tenured: 349567K(349568K)->349567K(349568K)
[55.397s][info][gc,metaspace   ] GC(1698) Metaspace: 31015K(31488K)->31015K(31488K) NonClass: 27763K(28032K)->27763K(28032K) Class: 3252K(3456K)->3252K(3456K)
[55.397s][info][gc             ] GC(1698) Pause Full (Allocation Failure) 494M->490M(494M) 14.997ms
[55.397s][info][gc,cpu         ] GC(1698) User=0.02s Sys=0.00s Real=0.02s
[55.398s][info][gc,start       ] GC(1699) Pause Full (Allocation Failure)
[55.398s][info][gc,phases,start] GC(1699) Phase 1: Mark live objects
[55.405s][info][gc,phases      ] GC(1699) Phase 1: Mark live objects 6.860ms
[55.405s][info][gc,phases,start] GC(1699) Phase 2: Compute new object addresses
[55.406s][info][gc,phases      ] GC(1699) Phase 2: Compute new object addresses 1.834ms
[55.406s][info][gc,phases,start] GC(1699) Phase 3: Adjust pointers
[55.411s][info][gc,phases      ] GC(1699) Phase 3: Adjust pointers 4.531ms
[55.411s][info][gc,phases,start] GC(1699) Phase 4: Move objects
[55.411s][info][gc,phases      ] GC(1699) Phase 4: Move objects 0.498ms
[55.412s][info][gc,heap        ] GC(1699) DefNew: 157018K(157248K)->153362K(157248K) Eden: 139776K(139776K)->139476K(139776K) From: 17242K(17472K)->13885K(17472K)
[55.412s][info][gc,heap        ] GC(1699) Tenured: 349567K(349568K)->349545K(349568K)
[55.412s][info][gc,metaspace   ] GC(1699) Metaspace: 31015K(31488K)->31015K(31488K) NonClass: 27763K(28032K)->27763K(28032K) Class: 3252K(3456K)->3252K(3456K)
[55.412s][info][gc             ] GC(1699) Pause Full (Allocation Failure) 494M->491M(494M) 14.040ms
[55.412s][info][gc,cpu         ] GC(1699) User=0.02s Sys=0.00s Real=0.01s
[55.417s][info][gc,start       ] GC(1700) Pause Full (Allocation Failure)
